2026-08-10 04:10:26 | team | sess_c1ed1e924d1e | INFO | Team workspace directory ensured at /srv/jwteam_clone/shared/run_current
2026-08-10 04:10:26 | team | sess_c1ed1e924d1e | INFO | AgentTeam manager initialized for jiuwen_team_sess_c1ed1e924d1e, member=team_leader
2026-08-10 04:10:26 | team | sess_c1ed1e924d1e | INFO | [team_leader] TeamPolicyRail static sections: section_names=['team_role', 'team_workflow', 'team_swarmflow', 'team_lifecycle', 'team_persona']
2026-08-10 04:10:27 | team | sess_c1ed1e924d1e | INFO | Session tables ready for session sess_c1ed1e924d1e
2026-08-10 04:10:27 | team | sess_c1ed1e924d1e | INFO | Team database initialized
2026-08-10 04:10:27 | team | default_trace_id | INFO | Team workspace directory ensured at /srv/jwteam_clone/shared/run_current
2026-08-10 04:10:27 | team | default_trace_id | INFO | AgentTeam manager initialized for jiuwen_team_sess_c1ed1e924d1e, member=verifier1
2026-08-10 04:10:27 | team | default_trace_id | INFO | [verifier1] TeamPolicyRail static sections: section_names=['team_role', 'team_persona']
2026-08-10 04:10:27 | team | sess_c1ed1e924d1e | INFO | [verifier1] invoke start, role=teammate
2026-08-10 04:10:27 | team | sess_c1ed1e924d1e | INFO | [verifier1] coordination starting
2026-08-10 04:10:27 | team | sess_c1ed1e924d1e | INFO | Session tables ready for session sess_c1ed1e924d1e
2026-08-10 04:10:27 | team | sess_c1ed1e924d1e | INFO | Workspace /srv/jwteam_clone/shared/run_current initialized as plain shared directory (version_control disabled)
2026-08-10 04:10:27 | team | sess_c1ed1e924d1e | INFO | EventBus[teammate] starting
2026-08-10 04:10:45 | team | sess_c1ed1e924d1e | INFO | [verifier1] HITT section refresh: human_agent_names=[]
2026-08-10 04:10:56 | team | sess_c1ed1e924d1e | INFO | [verifier1] processing 1 unread messages (steer=True)
2026-08-10 04:10:56 | team | sess_c1ed1e924d1e | INFO | Message 5e5063b4-832e-4cb4-bb1a-00df084b314c marked as read by verifier1
2026-08-10 04:11:02 | team | sess_c1ed1e924d1e | INFO | Message b399db86-5ba5-447b-9c15-228ea1b12d79 created
2026-08-10 04:11:11 | team | sess_c1ed1e924d1e | INFO | [verifier1] processing 1 unread messages (steer=True)
2026-08-10 04:11:11 | team | sess_c1ed1e924d1e | INFO | Message 26a6c0df-1453-4e59-bd97-627184d0abdc marked as read by verifier1
2026-08-10 04:11:22 | team | sess_c1ed1e924d1e | INFO | [verifier1] processing 1 unread messages (steer=True)
2026-08-10 04:11:22 | team | sess_c1ed1e924d1e | INFO | Message f654ef0a-56a3-4e3f-b369-a55abad3a31a marked as read by verifier1
2026-08-10 04:11:37 | team | sess_c1ed1e924d1e | INFO | Message e19655e5-7a9e-4573-871d-0e8eabd7ad0f created
2026-08-10 04:11:52 | team | sess_c1ed1e924d1e | INFO | [verifier1] processing 1 unread messages (steer=True)
2026-08-10 04:11:52 | team | sess_c1ed1e924d1e | INFO | Message 69da3b17-310b-4d7c-8890-b9f3bbc6232d marked as read by verifier1
2026-08-10 04:12:02 | team | sess_c1ed1e924d1e | INFO | Message f0585f9a-bd38-4ac3-9c3d-4d1091b56692 created
2026-08-10 04:14:47 | team | sess_c1ed1e924d1e | INFO | Message 7c03fdff-07b9-4e26-a00b-0c74f70a082b created
2026-08-10 04:14:56 | team | sess_c1ed1e924d1e | INFO | [verifier1] processing 1 unread messages (steer=True)
2026-08-10 04:14:56 | team | sess_c1ed1e924d1e | INFO | Message e207ae15-c7c2-4c3f-970b-7e0f20085fe7 marked as read by verifier1
2026-08-10 04:14:58 | team | sess_c1ed1e924d1e | INFO | [verifier1] processing 1 unread messages (steer=True)
2026-08-10 04:14:58 | team | sess_c1ed1e924d1e | INFO | Message 2ecd1f8e-20d5-4bfd-80d4-9d8ca14ec590 marked as read by verifier1
2026-08-10 04:15:07 | team | sess_c1ed1e924d1e | INFO | Message 463d3189-4e72-4042-8b08-e0dd73b1dc6c created
2026-08-10 04:15:14 | team | sess_c1ed1e924d1e | INFO | [verifier1] processing 1 unread messages (steer=True)
2026-08-10 04:15:14 | team | sess_c1ed1e924d1e | INFO | Message e0e7c712-111a-49fd-a1ce-153535c38754 marked as read by verifier1
2026-08-10 04:15:15 | team | sess_c1ed1e924d1e | INFO | Message 65e21693-6e26-4f7a-80c0-19d78ef63da3 created
2026-08-10 04:15:21 | team | sess_c1ed1e924d1e | INFO | Message ca1314cb-4d76-4e29-ad9e-655b2ca186d7 created
2026-08-10 04:15:22 | team | sess_c1ed1e924d1e | INFO | [verifier1] processing 1 unread messages (steer=True)
2026-08-10 04:15:22 | team | sess_c1ed1e924d1e | INFO | Message 24c46718-7042-4699-9beb-7dc430f3e9ca marked as read by verifier1
2026-08-10 04:15:33 | team | sess_c1ed1e924d1e | INFO | Message 2b4b74f7-ae94-41e6-ae37-765593fc4bb2 created
2026-08-10 04:18:31 | team | sess_c1ed1e924d1e | INFO | [verifier1] processing 1 unread messages (steer=True)
2026-08-10 04:18:31 | team | sess_c1ed1e924d1e | INFO | Message 80e2d239-dd87-4313-8591-e1295061197d marked as read by verifier1
2026-08-10 04:21:36 | team | sess_c1ed1e924d1e | INFO | [verifier1] processing 1 unread messages (steer=True)
2026-08-10 04:21:36 | team | sess_c1ed1e924d1e | INFO | Message 9901c404-aa33-400d-b732-aa720d533b4b marked as read by verifier1
2026-08-10 04:21:45 | team | sess_c1ed1e924d1e | INFO | Task verify claimed by member verifier1
2026-08-10 04:21:45 | team | sess_c1ed1e924d1e | INFO | Task verify claimed by member verifier1
2026-08-10 04:21:49 | team | sess_c1ed1e924d1e | INFO | [verifier1] processing 1 unread messages (steer=True)
2026-08-10 04:21:49 | team | sess_c1ed1e924d1e | INFO | Message ddf19ca7-7c70-4f76-837f-236869fdbdf7 marked as read by verifier1
2026-08-10 04:21:52 | team | sess_c1ed1e924d1e | INFO | Message 06266cca-3cde-44af-9138-594199b03ed5 created
2026-08-10 04:21:59 | team | sess_c1ed1e924d1e | INFO | [verifier1] processing 1 unread messages (steer=True)
2026-08-10 04:21:59 | team | sess_c1ed1e924d1e | INFO | Message ab8efa22-2590-46c0-9832-a7c336d0b395 marked as read by verifier1
2026-08-10 04:22:02 | team | sess_c1ed1e924d1e | INFO | [verifier1] processing 1 unread messages (steer=True)
2026-08-10 04:22:02 | team | sess_c1ed1e924d1e | INFO | Message fc8783e6-a906-4a5c-9d1a-06fc7afdf6b2 marked as read by verifier1
2026-08-10 04:22:05 | team | sess_c1ed1e924d1e | INFO | Message cf20ac2e-9a37-4097-86b4-f2c9c41981ec created
2026-08-10 04:22:15 | team | sess_c1ed1e924d1e | INFO | [verifier1] processing 1 unread messages (steer=True)
2026-08-10 04:22:15 | team | sess_c1ed1e924d1e | INFO | Message b883551c-af91-4399-84b9-57648db8b548 marked as read by verifier1
2026-08-10 04:22:21 | team | sess_c1ed1e924d1e | INFO | Message b9194e4b-f2ca-4248-8162-20774ffa1a2c created
2026-08-10 04:22:21 | team | sess_c1ed1e924d1e | INFO | Message 35f3fd22-ad6f-4b73-8d89-00f123ab33e3 created
2026-08-10 04:22:52 | team | sess_c1ed1e924d1e | INFO | [verifier1] processing 1 unread messages (steer=True)
2026-08-10 04:22:52 | team | sess_c1ed1e924d1e | INFO | Message 2ef6c4ff-b38d-4f66-909a-6ca0c9eca13c marked as read by verifier1
2026-08-10 04:22:56 | team | sess_c1ed1e924d1e | INFO | [verifier1] processing 1 unread messages (steer=True)
2026-08-10 04:22:56 | team | sess_c1ed1e924d1e | INFO | Message 71c6572b-3252-47c5-bfd4-5dac29989210 marked as read by verifier1
2026-08-10 04:22:57 | team | sess_c1ed1e924d1e | INFO | Message 2dc0acfc-0f03-42ca-9ea0-269ddafe9d32 created
2026-08-10 04:22:57 | team | sess_c1ed1e924d1e | INFO | Message 1f7d5886-231f-43b8-b7cf-40decd08dcdc created
2026-08-10 04:23:08 | team | sess_c1ed1e924d1e | INFO | [verifier1] processing 1 unread messages (steer=True)
2026-08-10 04:23:08 | team | sess_c1ed1e924d1e | INFO | Message f5ed20ee-e0f9-4dc3-b6d5-2f2671739642 marked as read by verifier1
2026-08-10 04:23:08 | team | sess_c1ed1e924d1e | INFO | [verifier1] processing 1 unread messages (steer=True)
2026-08-10 04:23:08 | team | sess_c1ed1e924d1e | INFO | Message 4911f73c-38d9-4425-aacf-78a3878b7374 marked as read by verifier1
2026-08-10 04:23:19 | team | sess_c1ed1e924d1e | INFO | Message e4b6f313-19ba-4dd3-a012-b3dbc33ced69 created
2026-08-10 04:23:19 | team | sess_c1ed1e924d1e | INFO | Message a4e453d7-4a43-4e30-9048-a59caf10b2fe created
2026-08-10 04:23:29 | team | sess_c1ed1e924d1e | INFO | [verifier1] processing 1 unread messages (steer=True)
2026-08-10 04:23:29 | team | sess_c1ed1e924d1e | INFO | Message f0bd235e-c94b-42a9-b854-acffce2524a7 marked as read by verifier1
2026-08-10 04:23:30 | team | sess_c1ed1e924d1e | INFO | [verifier1] processing 1 unread messages (steer=True)
2026-08-10 04:23:30 | team | sess_c1ed1e924d1e | INFO | Message 18486adc-d71f-4b4f-a908-3fa2d578104c marked as read by verifier1
2026-08-10 04:23:35 | team | sess_c1ed1e924d1e | INFO | [verifier1] processing 1 unread messages (steer=True)
2026-08-10 04:23:35 | team | sess_c1ed1e924d1e | INFO | Message 988514bc-85f9-4a07-b797-e12f33971cb7 marked as read by verifier1
2026-08-10 04:23:53 | team | sess_c1ed1e924d1e | INFO | Message 38fb4ce5-e822-413f-91a9-cb1104cf1afb created
2026-08-10 04:23:53 | team | sess_c1ed1e924d1e | INFO | Message 4861e9de-40e7-451d-ad48-b0dbac203c30 created
2026-08-10 04:24:00 | team | sess_c1ed1e924d1e | INFO | [verifier1] processing 1 unread messages (steer=True)
2026-08-10 04:24:00 | team | sess_c1ed1e924d1e | INFO | Message fab1351d-7b9b-4859-932e-992ea477c4f0 marked as read by verifier1
2026-08-10 04:24:04 | team | sess_c1ed1e924d1e | INFO | [verifier1] processing 1 unread messages (steer=True)
2026-08-10 04:24:04 | team | sess_c1ed1e924d1e | INFO | Message eafe6ce4-1c4e-412a-8401-4b080f1e1e5b marked as read by verifier1
2026-08-10 04:24:30 | team | sess_c1ed1e924d1e | INFO | Task verify completed at 1786332270365
2026-08-10 04:24:30 | team | sess_c1ed1e924d1e | INFO | Message 1825c92b-291b-4f30-aaee-752e0ec5fc88 created
2026-08-10 04:24:30 | team | sess_c1ed1e924d1e | INFO | Task verify completed
2026-08-10 04:24:44 | team | sess_c1ed1e924d1e | INFO | [verifier1] processing 1 unread messages (steer=True)
2026-08-10 04:24:44 | team | sess_c1ed1e924d1e | INFO | Message 9a9c5536-a789-4cb2-b87e-c7ba04490ae5 marked as read by verifier1
2026-08-10 04:24:55 | team | sess_c1ed1e924d1e | INFO | team jiuwen_team_sess_c1ed1e924d1e reported completed: 9 members, 3 tasks
2026-08-10 04:24:55 | team | sess_c1ed1e924d1e | INFO | [verifier1] received TEAM_STANDBY, pausing polls
2026-08-10 04:24:55 | team | sess_c1ed1e924d1e | INFO | EventBus[teammate] pausing polls
