2026-08-10 04:10:28 | team | sess_c1ed1e924d1e | INFO | Team workspace directory ensured at /srv/jwteam_clone/shared/run_current
2026-08-10 04:10:28 | team | sess_c1ed1e924d1e | INFO | AgentTeam manager initialized for jiuwen_team_sess_c1ed1e924d1e, member=team_leader
2026-08-10 04:10:28 | team | sess_c1ed1e924d1e | INFO | [team_leader] TeamPolicyRail static sections: section_names=['team_role', 'team_workflow', 'team_swarmflow', 'team_lifecycle', 'team_persona']
2026-08-10 04:10:29 | team | sess_c1ed1e924d1e | INFO | Session tables ready for session sess_c1ed1e924d1e
2026-08-10 04:10:29 | team | sess_c1ed1e924d1e | INFO | Team database initialized
2026-08-10 04:10:29 | team | default_trace_id | INFO | Team workspace directory ensured at /srv/jwteam_clone/shared/run_current
2026-08-10 04:10:29 | team | default_trace_id | INFO | AgentTeam manager initialized for jiuwen_team_sess_c1ed1e924d1e, member=fullstack1
2026-08-10 04:10:29 | team | default_trace_id | INFO | [fullstack1] TeamPolicyRail static sections: section_names=['team_role', 'team_persona']
2026-08-10 04:10:29 | team | sess_c1ed1e924d1e | INFO | [fullstack1] invoke start, role=teammate
2026-08-10 04:10:29 | team | sess_c1ed1e924d1e | INFO | [fullstack1] coordination starting
2026-08-10 04:10:29 | team | sess_c1ed1e924d1e | INFO | Session tables ready for session sess_c1ed1e924d1e
2026-08-10 04:10:29 | team | sess_c1ed1e924d1e | INFO | Workspace /srv/jwteam_clone/shared/run_current initialized as plain shared directory (version_control disabled)
2026-08-10 04:10:29 | team | sess_c1ed1e924d1e | INFO | EventBus[teammate] starting
2026-08-10 04:10:45 | team | sess_c1ed1e924d1e | INFO | [fullstack1] HITT section refresh: human_agent_names=[]
2026-08-10 04:10:56 | team | sess_c1ed1e924d1e | INFO | [fullstack1] processing 1 unread messages (steer=True)
2026-08-10 04:10:56 | team | sess_c1ed1e924d1e | INFO | Message 5e5063b4-832e-4cb4-bb1a-00df084b314c marked as read by fullstack1
2026-08-10 04:12:16 | team | sess_c1ed1e924d1e | INFO | Message 7803187e-2a0f-4b02-922f-5c7dff5cd3c0 created
2026-08-10 04:12:36 | team | sess_c1ed1e924d1e | INFO | [fullstack1] processing 1 unread messages (steer=True)
2026-08-10 04:12:36 | team | sess_c1ed1e924d1e | INFO | Message ef6e5733-3b5b-4a3d-9aa7-9a81bc1d2ed3 marked as read by fullstack1
2026-08-10 04:12:55 | team | sess_c1ed1e924d1e | INFO | Message b49899dc-875d-4c34-b74b-061ec062a2ed created
2026-08-10 04:13:51 | team | sess_c1ed1e924d1e | INFO | Message c19bacc5-a093-46a2-84f7-128d73b56f93 created
2026-08-10 04:13:59 | team | sess_c1ed1e924d1e | INFO | [fullstack1] processing 1 unread messages (steer=True)
2026-08-10 04:13:59 | team | sess_c1ed1e924d1e | INFO | Message 5720446f-043b-4e6c-a4dc-f755452f0508 marked as read by fullstack1
2026-08-10 04:14:01 | team | sess_c1ed1e924d1e | INFO | [fullstack1] processing 1 unread messages (steer=True)
2026-08-10 04:14:01 | team | sess_c1ed1e924d1e | INFO | Message b1721852-ab5d-454d-924a-1b3f25f64eb6 marked as read by fullstack1
2026-08-10 04:14:14 | team | sess_c1ed1e924d1e | INFO | Message e99c8316-65f7-4b35-a094-bb8b21cc7dca created
2026-08-10 04:14:14 | team | sess_c1ed1e924d1e | INFO | Message 4fb767da-a815-4892-8954-90ad2b74a80b created
2026-08-10 04:14:58 | team | sess_c1ed1e924d1e | INFO | Message 2ecd1f8e-20d5-4bfd-80d4-9d8ca14ec590 created
2026-08-10 04:14:58 | team | sess_c1ed1e924d1e | INFO | Message 7b9763b5-f7d6-4919-aea7-1a9a1787ebf1 created
2026-08-10 04:15:15 | team | sess_c1ed1e924d1e | INFO | [fullstack1] processing 1 unread messages (steer=True)
2026-08-10 04:15:15 | team | sess_c1ed1e924d1e | INFO | Message 65e21693-6e26-4f7a-80c0-19d78ef63da3 marked as read by fullstack1
2026-08-10 04:15:22 | team | sess_c1ed1e924d1e | INFO | Message 24c46718-7042-4699-9beb-7dc430f3e9ca created
2026-08-10 04:15:33 | team | sess_c1ed1e924d1e | INFO | [fullstack1] processing 1 unread messages (steer=True)
2026-08-10 04:15:33 | team | sess_c1ed1e924d1e | INFO | Message 2b4b74f7-ae94-41e6-ae37-765593fc4bb2 marked as read by fullstack1
2026-08-10 04:16:39 | team | sess_c1ed1e924d1e | INFO | Message 49167bec-b7e1-40c9-898d-ec1bb519856b created
2026-08-10 04:16:51 | team | sess_c1ed1e924d1e | INFO | [fullstack1] processing 1 unread messages (steer=True)
2026-08-10 04:16:51 | team | sess_c1ed1e924d1e | INFO | Message 7e444d27-0de0-48db-a9a5-c0b7c9aa72f5 marked as read by fullstack1
2026-08-10 04:17:04 | team | sess_c1ed1e924d1e | INFO | Message eaa950d6-9181-433e-9f80-a59edc0a83d9 created
2026-08-10 04:19:01 | team | sess_c1ed1e924d1e | INFO | Message 63b5bf5d-921c-466d-b1b9-687c22bd1262 created
2026-08-10 04:19:10 | team | sess_c1ed1e924d1e | INFO | Message b168220d-c0fd-4f6b-843d-1ea3a1cf8f55 created
2026-08-10 04:19:25 | team | sess_c1ed1e924d1e | INFO | [fullstack1] processing 1 unread messages (steer=True)
2026-08-10 04:19:25 | team | sess_c1ed1e924d1e | INFO | Message 3edfa74d-1701-4c7b-abd3-4303e7a30bf5 marked as read by fullstack1
2026-08-10 04:19:27 | team | sess_c1ed1e924d1e | INFO | [fullstack1] processing 1 unread messages (steer=True)
2026-08-10 04:19:27 | team | sess_c1ed1e924d1e | INFO | Message ce69d59e-9f8a-4a83-ae82-833d8cdd6ef7 marked as read by fullstack1
2026-08-10 04:19:43 | team | sess_c1ed1e924d1e | INFO | Message 67f7bb37-564d-472b-bfa5-42af80ed844a created
2026-08-10 04:19:54 | team | sess_c1ed1e924d1e | INFO | [fullstack1] processing 1 unread messages (steer=True)
2026-08-10 04:19:54 | team | sess_c1ed1e924d1e | INFO | Message 0a3f4b27-97d3-4391-bd45-98b3757d5665 marked as read by fullstack1
2026-08-10 04:19:57 | team | sess_c1ed1e924d1e | INFO | Message 2f00e12f-a7d4-4e2b-b3bc-49d6a33d48b5 created
2026-08-10 04:20:07 | team | sess_c1ed1e924d1e | INFO | Message c64b89cd-77fe-4ec9-b3ba-94b5df46b895 created
2026-08-10 04:20:15 | team | sess_c1ed1e924d1e | INFO | [fullstack1] processing 1 unread messages (steer=True)
2026-08-10 04:20:15 | team | sess_c1ed1e924d1e | INFO | Message 3fb02bab-a84e-4447-bc31-9f763f9d06fc marked as read by fullstack1
2026-08-10 04:21:49 | team | sess_c1ed1e924d1e | INFO | Message ddf19ca7-7c70-4f76-837f-236869fdbdf7 created
2026-08-10 04:22:05 | team | sess_c1ed1e924d1e | INFO | [fullstack1] processing 1 unread messages (steer=True)
2026-08-10 04:22:05 | team | sess_c1ed1e924d1e | INFO | Message cf20ac2e-9a37-4097-86b4-f2c9c41981ec marked as read by fullstack1
2026-08-10 04:22:15 | team | sess_c1ed1e924d1e | INFO | Message b883551c-af91-4399-84b9-57648db8b548 created
2026-08-10 04:22:57 | team | sess_c1ed1e924d1e | INFO | [fullstack1] processing 1 unread messages (steer=True)
2026-08-10 04:22:57 | team | sess_c1ed1e924d1e | INFO | Message 1f7d5886-231f-43b8-b7cf-40decd08dcdc marked as read by fullstack1
2026-08-10 04:23:08 | team | sess_c1ed1e924d1e | INFO | Message f5ed20ee-e0f9-4dc3-b6d5-2f2671739642 created
2026-08-10 04:23:53 | team | sess_c1ed1e924d1e | INFO | [fullstack1] processing 1 unread messages (steer=True)
2026-08-10 04:23:53 | team | sess_c1ed1e924d1e | INFO | Message 4861e9de-40e7-451d-ad48-b0dbac203c30 marked as read by fullstack1
2026-08-10 04:24:00 | team | sess_c1ed1e924d1e | INFO | Message fab1351d-7b9b-4859-932e-992ea477c4f0 created
2026-08-10 04:24:30 | team | sess_c1ed1e924d1e | INFO | task list drained for team jiuwen_team_sess_c1ed1e924d1e: 3 terminal task(s)
2026-08-10 04:24:44 | team | sess_c1ed1e924d1e | INFO | [fullstack1] processing 1 unread messages (steer=True)
2026-08-10 04:24:44 | team | sess_c1ed1e924d1e | INFO | Message 9a9c5536-a789-4cb2-b87e-c7ba04490ae5 marked as read by fullstack1
2026-08-10 04:24:55 | team | sess_c1ed1e924d1e | INFO | team jiuwen_team_sess_c1ed1e924d1e reported completed: 9 members, 3 tasks
2026-08-10 04:24:55 | team | sess_c1ed1e924d1e | INFO | [fullstack1] received TEAM_STANDBY, pausing polls
2026-08-10 04:24:55 | team | sess_c1ed1e924d1e | INFO | EventBus[teammate] pausing polls
