2026-08-10 04:10:28 | team | sess_c1ed1e924d1e | INFO | Team workspace directory ensured at /srv/jwteam_clone/shared/run_current
2026-08-10 04:10:28 | team | sess_c1ed1e924d1e | INFO | AgentTeam manager initialized for jiuwen_team_sess_c1ed1e924d1e, member=team_leader
2026-08-10 04:10:28 | team | sess_c1ed1e924d1e | INFO | [team_leader] TeamPolicyRail static sections: section_names=['team_role', 'team_workflow', 'team_swarmflow', 'team_lifecycle', 'team_persona']
2026-08-10 04:10:28 | team | sess_c1ed1e924d1e | INFO | Session tables ready for session sess_c1ed1e924d1e
2026-08-10 04:10:28 | team | sess_c1ed1e924d1e | INFO | Team database initialized
2026-08-10 04:10:28 | team | default_trace_id | INFO | Team workspace directory ensured at /srv/jwteam_clone/shared/run_current
2026-08-10 04:10:28 | team | default_trace_id | INFO | AgentTeam manager initialized for jiuwen_team_sess_c1ed1e924d1e, member=verifier2
2026-08-10 04:10:28 | team | default_trace_id | INFO | [verifier2] TeamPolicyRail static sections: section_names=['team_role', 'team_persona']
2026-08-10 04:10:28 | team | sess_c1ed1e924d1e | INFO | [verifier2] invoke start, role=teammate
2026-08-10 04:10:28 | team | sess_c1ed1e924d1e | INFO | [verifier2] coordination starting
2026-08-10 04:10:28 | team | sess_c1ed1e924d1e | INFO | Session tables ready for session sess_c1ed1e924d1e
2026-08-10 04:10:28 | team | sess_c1ed1e924d1e | INFO | Workspace /srv/jwteam_clone/shared/run_current initialized as plain shared directory (version_control disabled)
2026-08-10 04:10:28 | team | sess_c1ed1e924d1e | INFO | EventBus[teammate] starting
2026-08-10 04:10:46 | team | sess_c1ed1e924d1e | INFO | [verifier2] HITT section refresh: human_agent_names=[]
2026-08-10 04:10:56 | team | sess_c1ed1e924d1e | INFO | [verifier2] processing 1 unread messages (steer=True)
2026-08-10 04:10:56 | team | sess_c1ed1e924d1e | INFO | Message 5e5063b4-832e-4cb4-bb1a-00df084b314c marked as read by verifier2
2026-08-10 04:11:10 | team | sess_c1ed1e924d1e | INFO | Message b2d451f3-ab6b-4035-898c-f9108c9344c5 created
2026-08-10 04:11:22 | team | sess_c1ed1e924d1e | INFO | Message f654ef0a-56a3-4e3f-b369-a55abad3a31a created
2026-08-10 04:11:31 | team | sess_c1ed1e924d1e | INFO | [verifier2] processing 1 unread messages (steer=True)
2026-08-10 04:11:31 | team | sess_c1ed1e924d1e | INFO | Message ec1ddf87-9316-443c-83f0-31041add38cc marked as read by verifier2
2026-08-10 04:11:37 | team | sess_c1ed1e924d1e | INFO | [verifier2] processing 1 unread messages (steer=True)
2026-08-10 04:11:37 | team | sess_c1ed1e924d1e | INFO | Message e19655e5-7a9e-4573-871d-0e8eabd7ad0f marked as read by verifier2
2026-08-10 04:11:52 | team | sess_c1ed1e924d1e | INFO | Message 69da3b17-310b-4d7c-8890-b9f3bbc6232d created
2026-08-10 04:12:02 | team | sess_c1ed1e924d1e | INFO | [verifier2] processing 1 unread messages (steer=True)
2026-08-10 04:12:02 | team | sess_c1ed1e924d1e | INFO | Message f0585f9a-bd38-4ac3-9c3d-4d1091b56692 marked as read by verifier2
2026-08-10 04:14:47 | team | sess_c1ed1e924d1e | INFO | [verifier2] processing 1 unread messages (steer=True)
2026-08-10 04:14:47 | team | sess_c1ed1e924d1e | INFO | Message 7c03fdff-07b9-4e26-a00b-0c74f70a082b marked as read by verifier2
2026-08-10 04:14:56 | team | sess_c1ed1e924d1e | INFO | Message e207ae15-c7c2-4c3f-970b-7e0f20085fe7 created
2026-08-10 04:15:07 | team | sess_c1ed1e924d1e | INFO | [verifier2] processing 1 unread messages (steer=True)
2026-08-10 04:15:07 | team | sess_c1ed1e924d1e | INFO | Message 463d3189-4e72-4042-8b08-e0dd73b1dc6c marked as read by verifier2
2026-08-10 04:15:14 | team | sess_c1ed1e924d1e | INFO | Message e0e7c712-111a-49fd-a1ce-153535c38754 created
2026-08-10 04:15:21 | team | sess_c1ed1e924d1e | INFO | [verifier2] processing 1 unread messages (steer=True)
2026-08-10 04:15:21 | team | sess_c1ed1e924d1e | INFO | Message ca1314cb-4d76-4e29-ad9e-655b2ca186d7 marked as read by verifier2
2026-08-10 04:19:10 | team | sess_c1ed1e924d1e | INFO | [verifier2] processing 1 unread messages (steer=True)
2026-08-10 04:19:10 | team | sess_c1ed1e924d1e | INFO | Message b168220d-c0fd-4f6b-843d-1ea3a1cf8f55 marked as read by verifier2
2026-08-10 04:19:25 | team | sess_c1ed1e924d1e | INFO | Message 3edfa74d-1701-4c7b-abd3-4303e7a30bf5 created
2026-08-10 04:19:43 | team | sess_c1ed1e924d1e | INFO | [verifier2] processing 1 unread messages (steer=True)
2026-08-10 04:19:43 | team | sess_c1ed1e924d1e | INFO | Message 67f7bb37-564d-472b-bfa5-42af80ed844a marked as read by verifier2
2026-08-10 04:19:54 | team | sess_c1ed1e924d1e | INFO | Message 0a3f4b27-97d3-4391-bd45-98b3757d5665 created
2026-08-10 04:20:07 | team | sess_c1ed1e924d1e | INFO | [verifier2] processing 1 unread messages (steer=True)
2026-08-10 04:20:07 | team | sess_c1ed1e924d1e | INFO | Message c64b89cd-77fe-4ec9-b3ba-94b5df46b895 marked as read by verifier2
2026-08-10 04:20:15 | team | sess_c1ed1e924d1e | INFO | Message 3fb02bab-a84e-4447-bc31-9f763f9d06fc created
2026-08-10 04:21:52 | team | sess_c1ed1e924d1e | INFO | [verifier2] processing 1 unread messages (steer=True)
2026-08-10 04:21:52 | team | sess_c1ed1e924d1e | INFO | Message 06266cca-3cde-44af-9138-594199b03ed5 marked as read by verifier2
2026-08-10 04:22:19 | team | sess_c1ed1e924d1e | INFO | [verifier2] processing 1 unread messages (steer=True)
2026-08-10 04:22:19 | team | sess_c1ed1e924d1e | INFO | Message c0c9a0bb-0dd0-4cf2-9ca4-36774d5524d4 marked as read by verifier2
2026-08-10 04:22:57 | team | sess_c1ed1e924d1e | INFO | [verifier2] processing 1 unread messages (steer=True)
2026-08-10 04:22:57 | team | sess_c1ed1e924d1e | INFO | Message 2dc0acfc-0f03-42ca-9ea0-269ddafe9d32 marked as read by verifier2
2026-08-10 04:23:08 | team | sess_c1ed1e924d1e | INFO | Message 4911f73c-38d9-4425-aacf-78a3878b7374 created
2026-08-10 04:23:35 | team | sess_c1ed1e924d1e | INFO | Message 988514bc-85f9-4a07-b797-e12f33971cb7 created
2026-08-10 04:23:41 | team | sess_c1ed1e924d1e | INFO | Message 4a28e741-17d1-4e3d-8d65-0b41e3057718 created
2026-08-10 04:23:50 | team | sess_c1ed1e924d1e | INFO | [verifier2] processing 1 unread messages (steer=True)
2026-08-10 04:23:50 | team | sess_c1ed1e924d1e | INFO | Message c2338eed-5e0d-4b4e-9546-bad215e69e04 marked as read by verifier2
2026-08-10 04:23:53 | team | sess_c1ed1e924d1e | INFO | [verifier2] processing 1 unread messages (steer=True)
2026-08-10 04:23:53 | team | sess_c1ed1e924d1e | INFO | Message 38fb4ce5-e822-413f-91a9-cb1104cf1afb marked as read by verifier2
2026-08-10 04:24:04 | team | sess_c1ed1e924d1e | INFO | Message eafe6ce4-1c4e-412a-8401-4b080f1e1e5b created
2026-08-10 04:24:30 | team | sess_c1ed1e924d1e | INFO | task list drained for team jiuwen_team_sess_c1ed1e924d1e: 3 terminal task(s)
2026-08-10 04:24:44 | team | sess_c1ed1e924d1e | INFO | [verifier2] processing 1 unread messages (steer=True)
2026-08-10 04:24:44 | team | sess_c1ed1e924d1e | INFO | Message 9a9c5536-a789-4cb2-b87e-c7ba04490ae5 marked as read by verifier2
2026-08-10 04:24:55 | team | sess_c1ed1e924d1e | INFO | team jiuwen_team_sess_c1ed1e924d1e reported completed: 9 members, 3 tasks
2026-08-10 04:24:55 | team | sess_c1ed1e924d1e | INFO | [verifier2] received TEAM_STANDBY, pausing polls
2026-08-10 04:24:55 | team | sess_c1ed1e924d1e | INFO | EventBus[teammate] pausing polls
