2026-08-10 04:10:24 | team | sess_c1ed1e924d1e | INFO | Team workspace directory ensured at /srv/jwteam_clone/shared/run_current
2026-08-10 04:10:24 | team | sess_c1ed1e924d1e | INFO | AgentTeam manager initialized for jiuwen_team_sess_c1ed1e924d1e, member=team_leader
2026-08-10 04:10:24 | team | sess_c1ed1e924d1e | INFO | [team_leader] TeamPolicyRail static sections: section_names=['team_role', 'team_workflow', 'team_swarmflow', 'team_lifecycle', 'team_persona']
2026-08-10 04:10:24 | team | sess_c1ed1e924d1e | INFO | Session tables ready for session sess_c1ed1e924d1e
2026-08-10 04:10:24 | team | sess_c1ed1e924d1e | INFO | Team database initialized
2026-08-10 04:10:24 | team | default_trace_id | INFO | Team workspace directory ensured at /srv/jwteam_clone/shared/run_current
2026-08-10 04:10:24 | team | default_trace_id | INFO | AgentTeam manager initialized for jiuwen_team_sess_c1ed1e924d1e, member=executor1
2026-08-10 04:10:24 | team | default_trace_id | INFO | [executor1] TeamPolicyRail static sections: section_names=['team_role', 'team_persona']
2026-08-10 04:10:24 | team | sess_c1ed1e924d1e | INFO | [executor1] invoke start, role=teammate
2026-08-10 04:10:24 | team | sess_c1ed1e924d1e | INFO | [executor1] coordination starting
2026-08-10 04:10:24 | team | sess_c1ed1e924d1e | INFO | Session tables ready for session sess_c1ed1e924d1e
2026-08-10 04:10:24 | team | sess_c1ed1e924d1e | INFO | Workspace /srv/jwteam_clone/shared/run_current initialized as plain shared directory (version_control disabled)
2026-08-10 04:10:24 | team | sess_c1ed1e924d1e | INFO | EventBus[teammate] starting
2026-08-10 04:10:46 | team | sess_c1ed1e924d1e | INFO | [executor1] HITT section refresh: human_agent_names=[]
2026-08-10 04:10:56 | team | sess_c1ed1e924d1e | INFO | [executor1] processing 1 unread messages (steer=True)
2026-08-10 04:10:56 | team | sess_c1ed1e924d1e | INFO | Message 5e5063b4-832e-4cb4-bb1a-00df084b314c marked as read by executor1
2026-08-10 04:14:34 | team | sess_c1ed1e924d1e | INFO | [executor1] processing 1 unread messages (steer=True)
2026-08-10 04:14:34 | team | sess_c1ed1e924d1e | INFO | Message 39ba2070-cdd6-4d00-ab77-8931d67c9ea2 marked as read by executor1
2026-08-10 04:14:49 | team | sess_c1ed1e924d1e | INFO | [executor1] received TASK_CLAIMED for self, task_id=implement, human_agent=False
2026-08-10 04:14:58 | team | sess_c1ed1e924d1e | INFO | [executor1] processing 1 unread messages (steer=True)
2026-08-10 04:14:58 | team | sess_c1ed1e924d1e | INFO | Message 7b9763b5-f7d6-4919-aea7-1a9a1787ebf1 marked as read by executor1
2026-08-10 04:15:04 | team | sess_c1ed1e924d1e | INFO | [executor1] processing 1 unread messages (steer=True)
2026-08-10 04:15:04 | team | sess_c1ed1e924d1e | INFO | Message 4f8a7d17-f817-4747-8862-56bceaec3b23 marked as read by executor1
2026-08-10 04:15:27 | team | sess_c1ed1e924d1e | INFO | [executor1] processing 1 unread messages (steer=True)
2026-08-10 04:15:27 | team | sess_c1ed1e924d1e | INFO | Message bf95137f-9ce1-4f68-b7c8-f51cfdcc605f marked as read by executor1
2026-08-10 04:15:34 | team | sess_c1ed1e924d1e | INFO | [executor1] processing 1 unread messages (steer=True)
2026-08-10 04:15:34 | team | sess_c1ed1e924d1e | INFO | Message 4de74b48-07ab-4a96-9a03-944f9128d115 marked as read by executor1
2026-08-10 04:15:51 | team | sess_c1ed1e924d1e | INFO | Message 66e3f699-3269-4bd1-ab4f-d217195e3c88 created
2026-08-10 04:15:51 | team | sess_c1ed1e924d1e | INFO | Message 4a7dcbb1-b51e-48ad-aeec-26264cbe95ce created
2026-08-10 04:16:01 | team | sess_c1ed1e924d1e | INFO | [executor1] processing 1 unread messages (steer=True)
2026-08-10 04:16:01 | team | sess_c1ed1e924d1e | INFO | Message ec7268ed-89cb-435c-9227-fb45ff7c589c marked as read by executor1
2026-08-10 04:16:09 | team | sess_c1ed1e924d1e | INFO | Message 1d782806-19dc-4083-9242-c296e6bc5b17 created
2026-08-10 04:16:12 | team | sess_c1ed1e924d1e | INFO | [executor1] processing 1 unread messages (steer=True)
2026-08-10 04:16:12 | team | sess_c1ed1e924d1e | INFO | Message 39bfa523-ac52-4287-964f-81f2085a9f47 marked as read by executor1
2026-08-10 04:16:15 | team | sess_c1ed1e924d1e | INFO | [executor1] processing 1 unread messages (steer=True)
2026-08-10 04:16:15 | team | sess_c1ed1e924d1e | INFO | Message d0324c61-26db-405b-b61b-01e75f7c4af7 marked as read by executor1
2026-08-10 04:16:36 | team | sess_c1ed1e924d1e | INFO | [executor1] processing 1 unread messages (steer=True)
2026-08-10 04:16:36 | team | sess_c1ed1e924d1e | INFO | Message f29af86b-1c36-4ffd-8952-29e9ab9b9ead marked as read by executor1
2026-08-10 04:16:48 | team | sess_c1ed1e924d1e | INFO | Message 463e5a94-7b3b-4bfb-8545-8fbd1e109c5a created
2026-08-10 04:16:48 | team | sess_c1ed1e924d1e | INFO | Message 38d28d26-228d-43eb-bd96-5c0f2f32372c created
2026-08-10 04:16:56 | team | sess_c1ed1e924d1e | INFO | [executor1] processing 1 unread messages (steer=True)
2026-08-10 04:16:56 | team | sess_c1ed1e924d1e | INFO | Message 05089129-c4d3-4cf6-80e3-acc294c8b0e1 marked as read by executor1
2026-08-10 04:17:14 | team | sess_c1ed1e924d1e | INFO | [executor1] processing 1 unread messages (steer=True)
2026-08-10 04:17:14 | team | sess_c1ed1e924d1e | INFO | Message 5650d524-b83e-4436-adcd-8199488bc8ac marked as read by executor1
2026-08-10 04:17:19 | team | sess_c1ed1e924d1e | INFO | Message ea6cd0b2-6fa0-4587-82fa-f696bb20f9b5 created
2026-08-10 04:21:59 | team | sess_c1ed1e924d1e | INFO | Message ab8efa22-2590-46c0-9832-a7c336d0b395 created
2026-08-10 04:22:21 | team | sess_c1ed1e924d1e | INFO | [executor1] processing 1 unread messages (steer=True)
2026-08-10 04:22:21 | team | sess_c1ed1e924d1e | INFO | Message b9194e4b-f2ca-4248-8162-20774ffa1a2c marked as read by executor1
2026-08-10 04:22:52 | team | sess_c1ed1e924d1e | INFO | Message 2ef6c4ff-b38d-4f66-909a-6ca0c9eca13c created
2026-08-10 04:23:19 | team | sess_c1ed1e924d1e | INFO | [executor1] processing 1 unread messages (steer=True)
2026-08-10 04:23:19 | team | sess_c1ed1e924d1e | INFO | Message a4e453d7-4a43-4e30-9048-a59caf10b2fe marked as read by executor1
2026-08-10 04:23:30 | team | sess_c1ed1e924d1e | INFO | Message 18486adc-d71f-4b4f-a908-3fa2d578104c created
2026-08-10 04:24:30 | team | sess_c1ed1e924d1e | INFO | task list drained for team jiuwen_team_sess_c1ed1e924d1e: 3 terminal task(s)
2026-08-10 04:24:44 | team | sess_c1ed1e924d1e | INFO | [executor1] processing 1 unread messages (steer=True)
2026-08-10 04:24:44 | team | sess_c1ed1e924d1e | INFO | Message 9a9c5536-a789-4cb2-b87e-c7ba04490ae5 marked as read by executor1
2026-08-10 04:24:55 | team | sess_c1ed1e924d1e | INFO | team jiuwen_team_sess_c1ed1e924d1e reported completed: 9 members, 3 tasks
2026-08-10 04:24:55 | team | sess_c1ed1e924d1e | INFO | [executor1] received TEAM_STANDBY, pausing polls
2026-08-10 04:24:55 | team | sess_c1ed1e924d1e | INFO | EventBus[teammate] pausing polls
