2026-08-10 04:10:23 | team | sess_c1ed1e924d1e | INFO | Team workspace directory ensured at /srv/jwteam_clone/shared/run_current
2026-08-10 04:10:23 | team | sess_c1ed1e924d1e | INFO | AgentTeam manager initialized for jiuwen_team_sess_c1ed1e924d1e, member=team_leader
2026-08-10 04:10:23 | team | sess_c1ed1e924d1e | INFO | [team_leader] TeamPolicyRail static sections: section_names=['team_role', 'team_workflow', 'team_swarmflow', 'team_lifecycle', 'team_persona']
2026-08-10 04:10:23 | team | sess_c1ed1e924d1e | INFO | Session tables ready for session sess_c1ed1e924d1e
2026-08-10 04:10:23 | team | sess_c1ed1e924d1e | INFO | Team database initialized
2026-08-10 04:10:23 | team | default_trace_id | INFO | Team workspace directory ensured at /srv/jwteam_clone/shared/run_current
2026-08-10 04:10:23 | team | default_trace_id | INFO | AgentTeam manager initialized for jiuwen_team_sess_c1ed1e924d1e, member=planner2
2026-08-10 04:10:23 | team | default_trace_id | INFO | [planner2] TeamPolicyRail static sections: section_names=['team_role', 'team_persona']
2026-08-10 04:10:23 | team | sess_c1ed1e924d1e | INFO | [planner2] invoke start, role=teammate
2026-08-10 04:10:23 | team | sess_c1ed1e924d1e | INFO | [planner2] coordination starting
2026-08-10 04:10:23 | team | sess_c1ed1e924d1e | INFO | Session tables ready for session sess_c1ed1e924d1e
2026-08-10 04:10:23 | team | sess_c1ed1e924d1e | INFO | Workspace /srv/jwteam_clone/shared/run_current initialized as plain shared directory (version_control disabled)
2026-08-10 04:10:23 | team | sess_c1ed1e924d1e | INFO | EventBus[teammate] starting
2026-08-10 04:10:46 | team | sess_c1ed1e924d1e | INFO | [planner2] HITT section refresh: human_agent_names=[]
2026-08-10 04:10:52 | team | sess_c1ed1e924d1e | INFO | Task plan claimed by member planner2
2026-08-10 04:10:52 | team | sess_c1ed1e924d1e | INFO | Task plan claimed by member planner2
2026-08-10 04:10:56 | team | sess_c1ed1e924d1e | INFO | [planner2] processing 1 unread messages (steer=True)
2026-08-10 04:10:56 | team | sess_c1ed1e924d1e | INFO | Message 5e5063b4-832e-4cb4-bb1a-00df084b314c marked as read by planner2
2026-08-10 04:11:22 | team | sess_c1ed1e924d1e | INFO | Message 421b1c93-79c2-4abe-af9e-dbd5fba90a67 created
2026-08-10 04:11:31 | team | sess_c1ed1e924d1e | INFO | [planner2] processing 1 unread messages (steer=True)
2026-08-10 04:11:31 | team | sess_c1ed1e924d1e | INFO | Message a9bbb6e0-8c5f-4e2a-bc85-512d3fcfd085 marked as read by planner2
2026-08-10 04:11:49 | team | sess_c1ed1e924d1e | INFO | Message 3f378504-f25f-4eca-b6e5-a441de23a7c8 created
2026-08-10 04:11:49 | team | sess_c1ed1e924d1e | INFO | Message e8a04184-a59e-400c-89a6-5057adbeb87b created
2026-08-10 04:11:50 | team | sess_c1ed1e924d1e | INFO | [planner2] processing 1 unread messages (steer=True)
2026-08-10 04:11:50 | team | sess_c1ed1e924d1e | INFO | Message 77c18919-8e31-44bf-9004-86cc74f201bb marked as read by planner2
2026-08-10 04:12:01 | team | sess_c1ed1e924d1e | INFO | [planner2] processing 1 unread messages (steer=True)
2026-08-10 04:12:01 | team | sess_c1ed1e924d1e | INFO | Message 32c612c6-5b41-4d20-ad68-23d5a5ef95e5 marked as read by planner2
2026-08-10 04:12:06 | team | sess_c1ed1e924d1e | INFO | Message e6309fc0-88ef-4e81-9255-d3f4ef4af63d created
2026-08-10 04:12:15 | team | sess_c1ed1e924d1e | INFO | Message dcb681b0-1fae-4259-9ccd-7e5cbcb9a9c2 created
2026-08-10 04:12:16 | team | sess_c1ed1e924d1e | INFO | [planner2] processing 1 unread messages (steer=True)
2026-08-10 04:12:16 | team | sess_c1ed1e924d1e | INFO | Message 7803187e-2a0f-4b02-922f-5c7dff5cd3c0 marked as read by planner2
2026-08-10 04:12:36 | team | sess_c1ed1e924d1e | INFO | Message ef6e5733-3b5b-4a3d-9aa7-9a81bc1d2ed3 created
2026-08-10 04:12:37 | team | sess_c1ed1e924d1e | INFO | [planner2] processing 1 unread messages (steer=True)
2026-08-10 04:12:37 | team | sess_c1ed1e924d1e | INFO | Message 6a5b1c51-3011-4886-a2ef-b0c68afc055a marked as read by planner2
2026-08-10 04:12:49 | team | sess_c1ed1e924d1e | INFO | [planner2] processing 1 unread messages (steer=True)
2026-08-10 04:12:49 | team | sess_c1ed1e924d1e | INFO | Message 24151b12-7b47-4c77-bb75-e8f661fcf188 marked as read by planner2
2026-08-10 04:12:55 | team | sess_c1ed1e924d1e | INFO | [planner2] processing 1 unread messages (steer=True)
2026-08-10 04:12:55 | team | sess_c1ed1e924d1e | INFO | Message b49899dc-875d-4c34-b74b-061ec062a2ed marked as read by planner2
2026-08-10 04:13:35 | team | sess_c1ed1e924d1e | INFO | Message 1cd0617d-690f-4b51-8a83-aadb2ffabf32 created
2026-08-10 04:14:01 | team | sess_c1ed1e924d1e | INFO | Message 3062e8ac-18e6-407b-947c-18abe7f66209 created
2026-08-10 04:14:01 | team | sess_c1ed1e924d1e | INFO | Message b1721852-ab5d-454d-924a-1b3f25f64eb6 created
2026-08-10 04:14:14 | team | sess_c1ed1e924d1e | INFO | [planner2] processing 1 unread messages (steer=True)
2026-08-10 04:14:14 | team | sess_c1ed1e924d1e | INFO | Message 4fb767da-a815-4892-8954-90ad2b74a80b marked as read by planner2
2026-08-10 04:14:34 | team | sess_c1ed1e924d1e | INFO | Message 39ba2070-cdd6-4d00-ab77-8931d67c9ea2 created
2026-08-10 04:14:35 | team | sess_c1ed1e924d1e | INFO | [planner2] processing 1 unread messages (steer=True)
2026-08-10 04:14:35 | team | sess_c1ed1e924d1e | INFO | Message efd46ecd-59cc-4970-87aa-291d5b13ff74 marked as read by planner2
2026-08-10 04:14:41 | team | sess_c1ed1e924d1e | INFO | Task plan completed at 1786331681598
2026-08-10 04:14:41 | team | sess_c1ed1e924d1e | INFO | Resolved 1 dependencies for task plan
2026-08-10 04:14:41 | team | sess_c1ed1e924d1e | INFO | Task implement unblocked (all deps resolved)
2026-08-10 04:14:41 | team | sess_c1ed1e924d1e | INFO | Task plan completed
2026-08-10 04:14:41 | team | sess_c1ed1e924d1e | INFO | Unblocked 1 tasks
2026-08-10 04:14:51 | team | sess_c1ed1e924d1e | INFO | [planner2] processing 1 unread messages (steer=True)
2026-08-10 04:14:51 | team | sess_c1ed1e924d1e | INFO | Message 0a85cc27-4002-4b7c-923d-73986bb206ea marked as read by planner2
2026-08-10 04:14:59 | team | sess_c1ed1e924d1e | INFO | Message 3fe666d8-7106-41e2-9d28-eed61e6d246f created
2026-08-10 04:15:27 | team | sess_c1ed1e924d1e | INFO | Message bf95137f-9ce1-4f68-b7c8-f51cfdcc605f created
2026-08-10 04:15:34 | team | sess_c1ed1e924d1e | INFO | [planner2] processing 1 unread messages (steer=True)
2026-08-10 04:15:34 | team | sess_c1ed1e924d1e | INFO | Message bd4be208-dc93-4ed1-b947-b0549cf6f88e marked as read by planner2
2026-08-10 04:15:39 | team | sess_c1ed1e924d1e | INFO | Message 63267ce8-a5ad-4665-9679-e217e5e2759f created
2026-08-10 04:15:39 | team | sess_c1ed1e924d1e | INFO | Message c1086858-661a-46a5-a4be-c807e626d60d created
2026-08-10 04:15:45 | team | sess_c1ed1e924d1e | INFO | [planner2] processing 1 unread messages (steer=True)
2026-08-10 04:15:45 | team | sess_c1ed1e924d1e | INFO | Message 5edd336a-2777-46ab-80ef-2dfac12229c4 marked as read by planner2
2026-08-10 04:15:51 | team | sess_c1ed1e924d1e | INFO | [planner2] processing 1 unread messages (steer=True)
2026-08-10 04:15:51 | team | sess_c1ed1e924d1e | INFO | Message 4a7dcbb1-b51e-48ad-aeec-26264cbe95ce marked as read by planner2
2026-08-10 04:16:01 | team | sess_c1ed1e924d1e | INFO | Message ec7268ed-89cb-435c-9227-fb45ff7c589c created
2026-08-10 04:24:30 | team | sess_c1ed1e924d1e | INFO | task list drained for team jiuwen_team_sess_c1ed1e924d1e: 3 terminal task(s)
2026-08-10 04:24:44 | team | sess_c1ed1e924d1e | INFO | [planner2] processing 1 unread messages (steer=True)
2026-08-10 04:24:44 | team | sess_c1ed1e924d1e | INFO | Message 9a9c5536-a789-4cb2-b87e-c7ba04490ae5 marked as read by planner2
2026-08-10 04:24:55 | team | sess_c1ed1e924d1e | INFO | team jiuwen_team_sess_c1ed1e924d1e reported completed: 9 members, 3 tasks
2026-08-10 04:24:55 | team | sess_c1ed1e924d1e | INFO | [planner2] received TEAM_STANDBY, pausing polls
2026-08-10 04:24:55 | team | sess_c1ed1e924d1e | INFO | EventBus[teammate] pausing polls
