2026-08-10 04:10:26 | team | sess_c1ed1e924d1e | INFO | Team workspace directory ensured at /srv/jwteam_clone/shared/run_current
2026-08-10 04:10:26 | team | sess_c1ed1e924d1e | INFO | AgentTeam manager initialized for jiuwen_team_sess_c1ed1e924d1e, member=team_leader
2026-08-10 04:10:26 | team | sess_c1ed1e924d1e | INFO | [team_leader] TeamPolicyRail static sections: section_names=['team_role', 'team_workflow', 'team_swarmflow', 'team_lifecycle', 'team_persona']
2026-08-10 04:10:26 | team | sess_c1ed1e924d1e | INFO | Session tables ready for session sess_c1ed1e924d1e
2026-08-10 04:10:26 | team | sess_c1ed1e924d1e | INFO | Team database initialized
2026-08-10 04:10:26 | team | default_trace_id | INFO | Team workspace directory ensured at /srv/jwteam_clone/shared/run_current
2026-08-10 04:10:26 | team | default_trace_id | INFO | AgentTeam manager initialized for jiuwen_team_sess_c1ed1e924d1e, member=executor3
2026-08-10 04:10:26 | team | default_trace_id | INFO | [executor3] TeamPolicyRail static sections: section_names=['team_role', 'team_persona']
2026-08-10 04:10:26 | team | sess_c1ed1e924d1e | INFO | [executor3] invoke start, role=teammate
2026-08-10 04:10:26 | team | sess_c1ed1e924d1e | INFO | [executor3] coordination starting
2026-08-10 04:10:26 | team | sess_c1ed1e924d1e | INFO | Session tables ready for session sess_c1ed1e924d1e
2026-08-10 04:10:26 | team | sess_c1ed1e924d1e | INFO | Workspace /srv/jwteam_clone/shared/run_current initialized as plain shared directory (version_control disabled)
2026-08-10 04:10:26 | team | sess_c1ed1e924d1e | INFO | EventBus[teammate] starting
2026-08-10 04:10:45 | team | sess_c1ed1e924d1e | INFO | [executor3] HITT section refresh: human_agent_names=[]
2026-08-10 04:10:56 | team | sess_c1ed1e924d1e | INFO | [executor3] processing 1 unread messages (steer=True)
2026-08-10 04:10:56 | team | sess_c1ed1e924d1e | INFO | Message 5e5063b4-832e-4cb4-bb1a-00df084b314c marked as read by executor3
2026-08-10 04:16:25 | team | sess_c1ed1e924d1e | INFO | [executor3] received TASK_CLAIMED for self, task_id=implement, human_agent=False
2026-08-10 04:16:31 | team | sess_c1ed1e924d1e | INFO | [executor3] processing 1 unread messages (steer=True)
2026-08-10 04:16:31 | team | sess_c1ed1e924d1e | INFO | Message 18363634-3144-4157-b6d2-fe260e88b76a marked as read by executor3
2026-08-10 04:16:39 | team | sess_c1ed1e924d1e | INFO | [executor3] processing 1 unread messages (steer=True)
2026-08-10 04:16:39 | team | sess_c1ed1e924d1e | INFO | Message 49167bec-b7e1-40c9-898d-ec1bb519856b marked as read by executor3
2026-08-10 04:16:51 | team | sess_c1ed1e924d1e | INFO | Message 7e444d27-0de0-48db-a9a5-c0b7c9aa72f5 created
2026-08-10 04:17:04 | team | sess_c1ed1e924d1e | INFO | [executor3] processing 1 unread messages (steer=True)
2026-08-10 04:17:04 | team | sess_c1ed1e924d1e | INFO | Message eaa950d6-9181-433e-9f80-a59edc0a83d9 marked as read by executor3
2026-08-10 04:17:14 | team | sess_c1ed1e924d1e | INFO | [executor3] processing 1 unread messages (steer=True)
2026-08-10 04:17:14 | team | sess_c1ed1e924d1e | INFO | Message d9e75600-3f01-4d28-bee5-86ddcc6e6ade marked as read by executor3
2026-08-10 04:17:17 | team | sess_c1ed1e924d1e | INFO | Message 0ea55df5-b6d3-443e-952e-78d9e95075e2 created
2026-08-10 04:17:27 | team | sess_c1ed1e924d1e | INFO | Message f982e30e-88d3-4cb8-8c82-b3b349b747e6 created
2026-08-10 04:18:05 | team | sess_c1ed1e924d1e | INFO | [executor3] processing 1 unread messages (steer=True)
2026-08-10 04:18:05 | team | sess_c1ed1e924d1e | INFO | Message 9fd189bf-f7a9-402e-8e84-5faefa72ccab marked as read by executor3
2026-08-10 04:18:11 | team | sess_c1ed1e924d1e | INFO | [executor3] processing 1 unread messages (steer=True)
2026-08-10 04:18:11 | team | sess_c1ed1e924d1e | INFO | Message 8fdb4d88-6030-42df-9f59-bf6fc13075f3 marked as read by executor3
2026-08-10 04:18:38 | team | sess_c1ed1e924d1e | INFO | [executor3] processing 1 unread messages (steer=True)
2026-08-10 04:18:38 | team | sess_c1ed1e924d1e | INFO | Message 67b1eb54-8c3c-4fb1-8d9e-ef1079808392 marked as read by executor3
2026-08-10 04:19:00 | team | sess_c1ed1e924d1e | INFO | [executor3] processing 1 unread messages (steer=True)
2026-08-10 04:19:00 | team | sess_c1ed1e924d1e | INFO | Message 97dcd8f2-c8c8-4205-8f12-7b942bd2df34 marked as read by executor3
2026-08-10 04:19:14 | team | sess_c1ed1e924d1e | INFO | Message 9708cc44-8482-480f-89d1-fcd2edc626e4 created
2026-08-10 04:19:14 | team | sess_c1ed1e924d1e | INFO | Message 52ea3e83-a867-4385-b54e-64f3158e3f89 created
2026-08-10 04:19:19 | team | sess_c1ed1e924d1e | INFO | Message a6a7a25b-e4a9-412c-a046-c00cca52981e created
2026-08-10 04:19:46 | team | sess_c1ed1e924d1e | INFO | [executor3] processing 1 unread messages (steer=True)
2026-08-10 04:19:46 | team | sess_c1ed1e924d1e | INFO | Message 380314c3-2011-4164-ae26-3089cf2b65d2 marked as read by executor3
2026-08-10 04:19:52 | team | sess_c1ed1e924d1e | INFO | Message 569e7970-7066-4836-a0cc-770d5caa9200 created
2026-08-10 04:22:02 | team | sess_c1ed1e924d1e | INFO | Message fc8783e6-a906-4a5c-9d1a-06fc7afdf6b2 created
2026-08-10 04:22:08 | team | sess_c1ed1e924d1e | INFO | Message f9f57fe4-12e6-4910-899f-1e3184a8fbe3 created
2026-08-10 04:22:21 | team | sess_c1ed1e924d1e | INFO | [executor3] processing 1 unread messages (steer=True)
2026-08-10 04:22:21 | team | sess_c1ed1e924d1e | INFO | Message 35f3fd22-ad6f-4b73-8d89-00f123ab33e3 marked as read by executor3
2026-08-10 04:22:28 | team | sess_c1ed1e924d1e | INFO | [executor3] processing 1 unread messages (steer=True)
2026-08-10 04:22:28 | team | sess_c1ed1e924d1e | INFO | Message 37350ac2-5c3b-411e-b2f5-6f42e345847a marked as read by executor3
2026-08-10 04:22:56 | team | sess_c1ed1e924d1e | INFO | Message 71c6572b-3252-47c5-bfd4-5dac29989210 created
2026-08-10 04:22:56 | team | sess_c1ed1e924d1e | INFO | Message 279b7104-2ba1-433c-838a-c260f7e8929a created
2026-08-10 04:23:19 | team | sess_c1ed1e924d1e | INFO | [executor3] processing 1 unread messages (steer=True)
2026-08-10 04:23:19 | team | sess_c1ed1e924d1e | INFO | Message e4b6f313-19ba-4dd3-a012-b3dbc33ced69 marked as read by executor3
2026-08-10 04:23:29 | team | sess_c1ed1e924d1e | INFO | Message f0bd235e-c94b-42a9-b854-acffce2524a7 created
2026-08-10 04:23:35 | team | sess_c1ed1e924d1e | INFO | Message bec517fa-a75b-4be8-b5d7-54d5b3c50e7c created
2026-08-10 04:24:30 | team | sess_c1ed1e924d1e | INFO | task list drained for team jiuwen_team_sess_c1ed1e924d1e: 3 terminal task(s)
2026-08-10 04:24:44 | team | sess_c1ed1e924d1e | INFO | [executor3] processing 1 unread messages (steer=True)
2026-08-10 04:24:44 | team | sess_c1ed1e924d1e | INFO | Message 9a9c5536-a789-4cb2-b87e-c7ba04490ae5 marked as read by executor3
2026-08-10 04:24:55 | team | sess_c1ed1e924d1e | INFO | team jiuwen_team_sess_c1ed1e924d1e reported completed: 9 members, 3 tasks
2026-08-10 04:24:55 | team | sess_c1ed1e924d1e | INFO | [executor3] received TEAM_STANDBY, pausing polls
2026-08-10 04:24:55 | team | sess_c1ed1e924d1e | INFO | EventBus[teammate] pausing polls
