2026-08-10 04:10:24 | team | sess_c1ed1e924d1e | INFO | Team workspace directory ensured at /srv/jwteam_clone/shared/run_current
2026-08-10 04:10:24 | team | sess_c1ed1e924d1e | INFO | AgentTeam manager initialized for jiuwen_team_sess_c1ed1e924d1e, member=team_leader
2026-08-10 04:10:24 | team | sess_c1ed1e924d1e | INFO | [team_leader] TeamPolicyRail static sections: section_names=['team_role', 'team_workflow', 'team_swarmflow', 'team_lifecycle', 'team_persona']
2026-08-10 04:10:24 | team | sess_c1ed1e924d1e | INFO | Session tables ready for session sess_c1ed1e924d1e
2026-08-10 04:10:24 | team | sess_c1ed1e924d1e | INFO | Team database initialized
2026-08-10 04:10:24 | team | default_trace_id | INFO | Team workspace directory ensured at /srv/jwteam_clone/shared/run_current
2026-08-10 04:10:24 | team | default_trace_id | INFO | AgentTeam manager initialized for jiuwen_team_sess_c1ed1e924d1e, member=executor2
2026-08-10 04:10:24 | team | default_trace_id | INFO | [executor2] TeamPolicyRail static sections: section_names=['team_role', 'team_persona']
2026-08-10 04:10:25 | team | sess_c1ed1e924d1e | INFO | [executor2] invoke start, role=teammate
2026-08-10 04:10:25 | team | sess_c1ed1e924d1e | INFO | [executor2] coordination starting
2026-08-10 04:10:25 | team | sess_c1ed1e924d1e | INFO | Session tables ready for session sess_c1ed1e924d1e
2026-08-10 04:10:25 | team | sess_c1ed1e924d1e | INFO | Workspace /srv/jwteam_clone/shared/run_current initialized as plain shared directory (version_control disabled)
2026-08-10 04:10:25 | team | sess_c1ed1e924d1e | INFO | EventBus[teammate] starting
2026-08-10 04:10:46 | team | sess_c1ed1e924d1e | INFO | [executor2] HITT section refresh: human_agent_names=[]
2026-08-10 04:10:56 | team | sess_c1ed1e924d1e | INFO | [executor2] processing 1 unread messages (steer=True)
2026-08-10 04:10:56 | team | sess_c1ed1e924d1e | INFO | Message 5e5063b4-832e-4cb4-bb1a-00df084b314c marked as read by executor2
2026-08-10 04:11:17 | team | sess_c1ed1e924d1e | INFO | Message fe038ab1-476c-4329-9234-939d3b07fb49 created
2026-08-10 04:11:27 | team | sess_c1ed1e924d1e | INFO | [executor2] processing 1 unread messages (steer=True)
2026-08-10 04:11:27 | team | sess_c1ed1e924d1e | INFO | Message f7d66c69-b4c1-4547-b321-703a255aeed5 marked as read by executor2
2026-08-10 04:11:39 | team | sess_c1ed1e924d1e | INFO | Message 747d1569-c470-4312-a255-a5797509a972 created
2026-08-10 04:12:22 | team | sess_c1ed1e924d1e | INFO | Message 2d139947-4c0a-40cd-bc73-bab0ddbfd109 created
2026-08-10 04:18:22 | team | sess_c1ed1e924d1e | INFO | [executor2] processing 1 unread messages (steer=True)
2026-08-10 04:18:22 | team | sess_c1ed1e924d1e | INFO | Message 515e792d-3fb6-4ff3-b7d9-743881dd269f marked as read by executor2
2026-08-10 04:18:34 | team | sess_c1ed1e924d1e | INFO | Message 118ab351-b636-43ca-b180-5c221a77fd29 created
2026-08-10 04:18:46 | team | sess_c1ed1e924d1e | INFO | [executor2] received TASK_CLAIMED for self, task_id=implement, human_agent=False
2026-08-10 04:18:54 | team | sess_c1ed1e924d1e | INFO | [executor2] processing 1 unread messages (steer=True)
2026-08-10 04:18:54 | team | sess_c1ed1e924d1e | INFO | Message 3dbd0be2-1389-49cc-905b-463472df76fc marked as read by executor2
2026-08-10 04:19:01 | team | sess_c1ed1e924d1e | INFO | [executor2] processing 1 unread messages (steer=True)
2026-08-10 04:19:01 | team | sess_c1ed1e924d1e | INFO | Message 63b5bf5d-921c-466d-b1b9-687c22bd1262 marked as read by executor2
2026-08-10 04:19:04 | team | sess_c1ed1e924d1e | INFO | Message 3223b771-7e8b-4be1-90dc-a9df0b76785f created
2026-08-10 04:19:09 | team | sess_c1ed1e924d1e | INFO | [executor2] processing 1 unread messages (steer=True)
2026-08-10 04:19:09 | team | sess_c1ed1e924d1e | INFO | Message b6f3dbba-1611-45b8-83d8-c315bb2677e1 marked as read by executor2
2026-08-10 04:19:14 | team | sess_c1ed1e924d1e | INFO | [executor2] processing 1 unread messages (steer=True)
2026-08-10 04:19:14 | team | sess_c1ed1e924d1e | INFO | Message 52ea3e83-a867-4385-b54e-64f3158e3f89 marked as read by executor2
2026-08-10 04:19:27 | team | sess_c1ed1e924d1e | INFO | Message ce69d59e-9f8a-4a83-ae82-833d8cdd6ef7 created
2026-08-10 04:19:27 | team | sess_c1ed1e924d1e | INFO | Message 80a0df7b-3a4f-44a6-b678-3f9eac458068 created
2026-08-10 04:19:46 | team | sess_c1ed1e924d1e | INFO | Message 380314c3-2011-4164-ae26-3089cf2b65d2 created
2026-08-10 04:19:46 | team | sess_c1ed1e924d1e | INFO | Message 239667a2-2e1e-4a09-a155-851a61876ec2 created
2026-08-10 04:19:52 | team | sess_c1ed1e924d1e | INFO | [executor2] processing 1 unread messages (steer=True)
2026-08-10 04:19:52 | team | sess_c1ed1e924d1e | INFO | Message 569e7970-7066-4836-a0cc-770d5caa9200 marked as read by executor2
2026-08-10 04:19:57 | team | sess_c1ed1e924d1e | INFO | [executor2] processing 1 unread messages (steer=True)
2026-08-10 04:19:57 | team | sess_c1ed1e924d1e | INFO | Message 2f00e12f-a7d4-4e2b-b3bc-49d6a33d48b5 marked as read by executor2
2026-08-10 04:21:36 | team | sess_c1ed1e924d1e | INFO | Message 9901c404-aa33-400d-b732-aa720d533b4b created
2026-08-10 04:21:39 | team | sess_c1ed1e924d1e | INFO | Task implement completed at 1786332099431
2026-08-10 04:21:39 | team | sess_c1ed1e924d1e | INFO | Resolved 1 dependencies for task implement
2026-08-10 04:21:39 | team | sess_c1ed1e924d1e | INFO | Task verify unblocked (all deps resolved)
2026-08-10 04:21:39 | team | sess_c1ed1e924d1e | INFO | Task implement completed
2026-08-10 04:21:39 | team | sess_c1ed1e924d1e | INFO | Unblocked 1 tasks
2026-08-10 04:21:44 | team | sess_c1ed1e924d1e | INFO | Message e0ae88ae-8272-4277-8893-b8f45fda328d created
2026-08-10 04:22:09 | team | sess_c1ed1e924d1e | INFO | [executor2] processing 1 unread messages (steer=True)
2026-08-10 04:22:09 | team | sess_c1ed1e924d1e | INFO | Message 21b3139f-a59e-4cc6-88d3-c82f6421c5de marked as read by executor2
2026-08-10 04:24:30 | team | sess_c1ed1e924d1e | INFO | task list drained for team jiuwen_team_sess_c1ed1e924d1e: 3 terminal task(s)
2026-08-10 04:24:44 | team | sess_c1ed1e924d1e | INFO | [executor2] processing 1 unread messages (steer=True)
2026-08-10 04:24:44 | team | sess_c1ed1e924d1e | INFO | Message 9a9c5536-a789-4cb2-b87e-c7ba04490ae5 marked as read by executor2
2026-08-10 04:24:55 | team | sess_c1ed1e924d1e | INFO | team jiuwen_team_sess_c1ed1e924d1e reported completed: 9 members, 3 tasks
2026-08-10 04:24:55 | team | sess_c1ed1e924d1e | INFO | [executor2] received TEAM_STANDBY, pausing polls
2026-08-10 04:24:55 | team | sess_c1ed1e924d1e | INFO | EventBus[teammate] pausing polls
