2026-08-10 04:10:22 | team | sess_c1ed1e924d1e | INFO | Team workspace directory ensured at /srv/jwteam_clone/shared/run_current
2026-08-10 04:10:22 | team | sess_c1ed1e924d1e | INFO | AgentTeam manager initialized for jiuwen_team_sess_c1ed1e924d1e, member=team_leader
2026-08-10 04:10:22 | team | sess_c1ed1e924d1e | INFO | [team_leader] TeamPolicyRail static sections: section_names=['team_role', 'team_workflow', 'team_swarmflow', 'team_lifecycle', 'team_persona']
2026-08-10 04:10:22 | team | sess_c1ed1e924d1e | INFO | Session tables ready for session sess_c1ed1e924d1e
2026-08-10 04:10:22 | team | sess_c1ed1e924d1e | INFO | Team database initialized
2026-08-10 04:10:22 | team | default_trace_id | INFO | Team workspace directory ensured at /srv/jwteam_clone/shared/run_current
2026-08-10 04:10:22 | team | default_trace_id | INFO | AgentTeam manager initialized for jiuwen_team_sess_c1ed1e924d1e, member=planner1
2026-08-10 04:10:22 | team | default_trace_id | INFO | [planner1] TeamPolicyRail static sections: section_names=['team_role', 'team_persona']
2026-08-10 04:10:22 | team | sess_c1ed1e924d1e | INFO | [planner1] invoke start, role=teammate
2026-08-10 04:10:22 | team | sess_c1ed1e924d1e | INFO | [planner1] coordination starting
2026-08-10 04:10:22 | team | sess_c1ed1e924d1e | INFO | Session tables ready for session sess_c1ed1e924d1e
2026-08-10 04:10:22 | team | sess_c1ed1e924d1e | INFO | Workspace /srv/jwteam_clone/shared/run_current initialized as plain shared directory (version_control disabled)
2026-08-10 04:10:22 | team | sess_c1ed1e924d1e | INFO | EventBus[teammate] starting
2026-08-10 04:10:45 | team | sess_c1ed1e924d1e | INFO | [planner1] HITT section refresh: human_agent_names=[]
2026-08-10 04:10:56 | team | sess_c1ed1e924d1e | INFO | [planner1] processing 1 unread messages (steer=True)
2026-08-10 04:10:56 | team | sess_c1ed1e924d1e | INFO | Message 5e5063b4-832e-4cb4-bb1a-00df084b314c marked as read by planner1
2026-08-10 04:11:10 | team | sess_c1ed1e924d1e | INFO | [planner1] processing 1 unread messages (steer=True)
2026-08-10 04:11:10 | team | sess_c1ed1e924d1e | INFO | Message b2d451f3-ab6b-4035-898c-f9108c9344c5 marked as read by planner1
2026-08-10 04:11:22 | team | sess_c1ed1e924d1e | INFO | [planner1] processing 1 unread messages (steer=True)
2026-08-10 04:11:22 | team | sess_c1ed1e924d1e | INFO | Message 421b1c93-79c2-4abe-af9e-dbd5fba90a67 marked as read by planner1
2026-08-10 04:11:31 | team | sess_c1ed1e924d1e | INFO | Message a9bbb6e0-8c5f-4e2a-bc85-512d3fcfd085 created
2026-08-10 04:11:31 | team | sess_c1ed1e924d1e | INFO | Message ec1ddf87-9316-443c-83f0-31041add38cc created
2026-08-10 04:11:49 | team | sess_c1ed1e924d1e | INFO | [planner1] processing 1 unread messages (steer=True)
2026-08-10 04:11:49 | team | sess_c1ed1e924d1e | INFO | Message 3f378504-f25f-4eca-b6e5-a441de23a7c8 marked as read by planner1
2026-08-10 04:11:50 | team | sess_c1ed1e924d1e | INFO | Message 77c18919-8e31-44bf-9004-86cc74f201bb created
2026-08-10 04:12:06 | team | sess_c1ed1e924d1e | INFO | [planner1] processing 1 unread messages (steer=True)
2026-08-10 04:12:06 | team | sess_c1ed1e924d1e | INFO | Message e6309fc0-88ef-4e81-9255-d3f4ef4af63d marked as read by planner1
2026-08-10 04:12:15 | team | sess_c1ed1e924d1e | INFO | [planner1] processing 1 unread messages (steer=True)
2026-08-10 04:12:15 | team | sess_c1ed1e924d1e | INFO | Message dcb681b0-1fae-4259-9ccd-7e5cbcb9a9c2 marked as read by planner1
2026-08-10 04:12:37 | team | sess_c1ed1e924d1e | INFO | Message 6a5b1c51-3011-4886-a2ef-b0c68afc055a created
2026-08-10 04:12:49 | team | sess_c1ed1e924d1e | INFO | Message 24151b12-7b47-4c77-bb75-e8f661fcf188 created
2026-08-10 04:13:35 | team | sess_c1ed1e924d1e | INFO | [planner1] processing 1 unread messages (steer=True)
2026-08-10 04:13:35 | team | sess_c1ed1e924d1e | INFO | Message 1cd0617d-690f-4b51-8a83-aadb2ffabf32 marked as read by planner1
2026-08-10 04:14:01 | team | sess_c1ed1e924d1e | INFO | [planner1] processing 1 unread messages (steer=True)
2026-08-10 04:14:01 | team | sess_c1ed1e924d1e | INFO | Message 3062e8ac-18e6-407b-947c-18abe7f66209 marked as read by planner1
2026-08-10 04:14:35 | team | sess_c1ed1e924d1e | INFO | Message efd46ecd-59cc-4970-87aa-291d5b13ff74 created
2026-08-10 04:14:51 | team | sess_c1ed1e924d1e | INFO | Message 0a85cc27-4002-4b7c-923d-73986bb206ea created
2026-08-10 04:14:59 | team | sess_c1ed1e924d1e | INFO | [planner1] processing 1 unread messages (steer=True)
2026-08-10 04:14:59 | team | sess_c1ed1e924d1e | INFO | Message 3fe666d8-7106-41e2-9d28-eed61e6d246f marked as read by planner1
2026-08-10 04:15:34 | team | sess_c1ed1e924d1e | INFO | Message 4de74b48-07ab-4a96-9a03-944f9128d115 created
2026-08-10 04:15:34 | team | sess_c1ed1e924d1e | INFO | Message bd4be208-dc93-4ed1-b947-b0549cf6f88e created
2026-08-10 04:15:39 | team | sess_c1ed1e924d1e | INFO | [planner1] processing 1 unread messages (steer=True)
2026-08-10 04:15:39 | team | sess_c1ed1e924d1e | INFO | Message c1086858-661a-46a5-a4be-c807e626d60d marked as read by planner1
2026-08-10 04:15:45 | team | sess_c1ed1e924d1e | INFO | Message 5edd336a-2777-46ab-80ef-2dfac12229c4 created
2026-08-10 04:15:51 | team | sess_c1ed1e924d1e | INFO | [planner1] processing 1 unread messages (steer=True)
2026-08-10 04:15:51 | team | sess_c1ed1e924d1e | INFO | Message 66e3f699-3269-4bd1-ab4f-d217195e3c88 marked as read by planner1
2026-08-10 04:16:12 | team | sess_c1ed1e924d1e | INFO | Message 39bfa523-ac52-4287-964f-81f2085a9f47 created
2026-08-10 04:16:48 | team | sess_c1ed1e924d1e | INFO | [planner1] processing 1 unread messages (steer=True)
2026-08-10 04:16:48 | team | sess_c1ed1e924d1e | INFO | Message 463e5a94-7b3b-4bfb-8545-8fbd1e109c5a marked as read by planner1
2026-08-10 04:17:14 | team | sess_c1ed1e924d1e | INFO | Message 5650d524-b83e-4436-adcd-8199488bc8ac created
2026-08-10 04:17:14 | team | sess_c1ed1e924d1e | INFO | Message d9e75600-3f01-4d28-bee5-86ddcc6e6ade created
2026-08-10 04:17:19 | team | sess_c1ed1e924d1e | INFO | [planner1] processing 1 unread messages (steer=True)
2026-08-10 04:17:19 | team | sess_c1ed1e924d1e | INFO | Message ea6cd0b2-6fa0-4587-82fa-f696bb20f9b5 marked as read by planner1
2026-08-10 04:17:27 | team | sess_c1ed1e924d1e | INFO | [planner1] processing 1 unread messages (steer=True)
2026-08-10 04:17:27 | team | sess_c1ed1e924d1e | INFO | Message f982e30e-88d3-4cb8-8c82-b3b349b747e6 marked as read by planner1
2026-08-10 04:19:04 | team | sess_c1ed1e924d1e | INFO | [planner1] processing 1 unread messages (steer=True)
2026-08-10 04:19:04 | team | sess_c1ed1e924d1e | INFO | Message 3223b771-7e8b-4be1-90dc-a9df0b76785f marked as read by planner1
2026-08-10 04:19:09 | team | sess_c1ed1e924d1e | INFO | Message b6f3dbba-1611-45b8-83d8-c315bb2677e1 created
2026-08-10 04:19:46 | team | sess_c1ed1e924d1e | INFO | [planner1] processing 1 unread messages (steer=True)
2026-08-10 04:19:46 | team | sess_c1ed1e924d1e | INFO | Message 239667a2-2e1e-4a09-a155-851a61876ec2 marked as read by planner1
2026-08-10 04:24:30 | team | sess_c1ed1e924d1e | INFO | task list drained for team jiuwen_team_sess_c1ed1e924d1e: 3 terminal task(s)
2026-08-10 04:24:44 | team | sess_c1ed1e924d1e | INFO | [planner1] processing 1 unread messages (steer=True)
2026-08-10 04:24:44 | team | sess_c1ed1e924d1e | INFO | Message 9a9c5536-a789-4cb2-b87e-c7ba04490ae5 marked as read by planner1
2026-08-10 04:24:55 | team | sess_c1ed1e924d1e | INFO | team jiuwen_team_sess_c1ed1e924d1e reported completed: 9 members, 3 tasks
2026-08-10 04:24:55 | team | sess_c1ed1e924d1e | INFO | [planner1] received TEAM_STANDBY, pausing polls
2026-08-10 04:24:55 | team | sess_c1ed1e924d1e | INFO | EventBus[teammate] pausing polls
