2026-08-23 22:57:29 | team | sess_d2c5ee783831 | INFO | Team workspace directory ensured at /srv/jwteam_clone/shared/run_current
2026-08-23 22:57:29 | team | sess_d2c5ee783831 | INFO | AgentTeam manager initialized for jiuwen_team_sess_d2c5ee783831, member=team_leader
2026-08-23 22:57:29 | team | sess_d2c5ee783831 | INFO | [team_leader] TeamPolicyRail static sections: section_names=['team_role', 'team_workflow', 'team_swarmflow', 'team_lifecycle', 'team_persona']
2026-08-23 22:57:29 | team | sess_d2c5ee783831 | INFO | Session tables ready for session sess_d2c5ee783831
2026-08-23 22:57:29 | team | sess_d2c5ee783831 | INFO | Team database initialized
2026-08-23 22:57:29 | team | default_trace_id | INFO | Team workspace directory ensured at /srv/jwteam_clone/shared/run_current
2026-08-23 22:57:29 | team | default_trace_id | INFO | AgentTeam manager initialized for jiuwen_team_sess_d2c5ee783831, member=verifier2
2026-08-23 22:57:29 | team | default_trace_id | INFO | [verifier2] TeamPolicyRail static sections: section_names=['team_role', 'team_persona']
2026-08-23 22:57:29 | team | sess_d2c5ee783831 | INFO | [verifier2] invoke start, role=teammate
2026-08-23 22:57:29 | team | sess_d2c5ee783831 | INFO | [verifier2] coordination starting
2026-08-23 22:57:29 | team | sess_d2c5ee783831 | INFO | Session tables ready for session sess_d2c5ee783831
2026-08-23 22:57:29 | team | sess_d2c5ee783831 | INFO | Workspace /srv/jwteam_clone/shared/run_current initialized as plain shared directory (version_control disabled)
2026-08-23 22:57:29 | team | sess_d2c5ee783831 | INFO | EventBus[teammate] starting
2026-08-23 22:59:30 | team | sess_d2c5ee783831 | INFO | [verifier2] HITT section refresh: human_agent_names=[]
2026-08-23 22:59:45 | team | sess_d2c5ee783831 | INFO | [verifier2] processing 1 unread messages (steer=True)
2026-08-23 22:59:45 | team | sess_d2c5ee783831 | INFO | Message 86c8d503-e3ba-4cc4-88db-3943d3d77e6b marked as read by verifier2
2026-08-23 23:01:59 | team | sess_d2c5ee783831 | INFO | Message 31d5365f-3558-4058-8877-457a44602125 created
2026-08-23 23:04:37 | team | sess_d2c5ee783831 | INFO | [verifier2] processing 1 unread messages (steer=True)
2026-08-23 23:04:37 | team | sess_d2c5ee783831 | INFO | Message 37399e56-9751-4f39-aaf4-a45a3258b505 marked as read by verifier2
2026-08-23 23:05:27 | team | sess_d2c5ee783831 | INFO | Message c746caff-2c0a-4224-a88b-28150558b362 created
2026-08-23 23:10:37 | team | sess_d2c5ee783831 | INFO | [verifier2] processing 1 unread messages (steer=True)
2026-08-23 23:10:37 | team | sess_d2c5ee783831 | INFO | Message 23524214-66ad-455f-bb58-a0a9a0d3b475 marked as read by verifier2
