2026-08-23 22:57:30 | team | sess_d2c5ee783831 | INFO | Team workspace directory ensured at /srv/jwteam_clone/shared/run_current
2026-08-23 22:57:30 | team | sess_d2c5ee783831 | INFO | AgentTeam manager initialized for jiuwen_team_sess_d2c5ee783831, member=team_leader
2026-08-23 22:57:30 | team | sess_d2c5ee783831 | INFO | [team_leader] TeamPolicyRail static sections: section_names=['team_role', 'team_workflow', 'team_swarmflow', 'team_lifecycle', 'team_persona']
2026-08-23 22:57:31 | team | sess_d2c5ee783831 | INFO | Session tables ready for session sess_d2c5ee783831
2026-08-23 22:57:31 | team | sess_d2c5ee783831 | INFO | Team database initialized
2026-08-23 22:57:31 | team | default_trace_id | INFO | Team workspace directory ensured at /srv/jwteam_clone/shared/run_current
2026-08-23 22:57:31 | team | default_trace_id | INFO | AgentTeam manager initialized for jiuwen_team_sess_d2c5ee783831, member=fullstack1
2026-08-23 22:57:31 | team | default_trace_id | INFO | [fullstack1] TeamPolicyRail static sections: section_names=['team_role', 'team_persona']
2026-08-23 22:57:31 | team | sess_d2c5ee783831 | INFO | [fullstack1] invoke start, role=teammate
2026-08-23 22:57:31 | team | sess_d2c5ee783831 | INFO | [fullstack1] coordination starting
2026-08-23 22:57:31 | team | sess_d2c5ee783831 | INFO | Session tables ready for session sess_d2c5ee783831
2026-08-23 22:57:31 | team | sess_d2c5ee783831 | INFO | Workspace /srv/jwteam_clone/shared/run_current initialized as plain shared directory (version_control disabled)
2026-08-23 22:57:31 | team | sess_d2c5ee783831 | INFO | EventBus[teammate] starting
2026-08-23 22:59:30 | team | sess_d2c5ee783831 | INFO | [fullstack1] HITT section refresh: human_agent_names=[]
2026-08-23 22:59:45 | team | sess_d2c5ee783831 | INFO | [fullstack1] processing 1 unread messages (steer=True)
2026-08-23 22:59:45 | team | sess_d2c5ee783831 | INFO | Message 86c8d503-e3ba-4cc4-88db-3943d3d77e6b marked as read by fullstack1
2026-08-23 23:03:01 | team | sess_d2c5ee783831 | INFO | Message d96bb70f-4cc5-4b05-ade1-ea8f95db6940 created
2026-08-23 23:07:51 | team | sess_d2c5ee783831 | INFO | [fullstack1] processing 1 unread messages (steer=True)
2026-08-23 23:07:52 | team | sess_d2c5ee783831 | INFO | Message 976278b9-f44a-405a-9ced-018d0d8ad546 marked as read by fullstack1
2026-08-23 23:08:30 | team | sess_d2c5ee783831 | INFO | Message 872700da-ed13-449c-8cd1-82d3937c0104 created
