2026-08-23 22:57:27 | team | sess_d2c5ee783831 | INFO | Team workspace directory ensured at /srv/jwteam_clone/shared/run_current
2026-08-23 22:57:27 | team | sess_d2c5ee783831 | INFO | AgentTeam manager initialized for jiuwen_team_sess_d2c5ee783831, member=team_leader
2026-08-23 22:57:27 | team | sess_d2c5ee783831 | INFO | [team_leader] TeamPolicyRail static sections: section_names=['team_role', 'team_workflow', 'team_swarmflow', 'team_lifecycle', 'team_persona']
2026-08-23 22:57:27 | team | sess_d2c5ee783831 | INFO | Session tables ready for session sess_d2c5ee783831
2026-08-23 22:57:27 | team | sess_d2c5ee783831 | INFO | Team database initialized
2026-08-23 22:57:27 | team | default_trace_id | INFO | Team workspace directory ensured at /srv/jwteam_clone/shared/run_current
2026-08-23 22:57:27 | team | default_trace_id | INFO | AgentTeam manager initialized for jiuwen_team_sess_d2c5ee783831, member=executor3
2026-08-23 22:57:27 | team | default_trace_id | INFO | [executor3] TeamPolicyRail static sections: section_names=['team_role', 'team_persona']
2026-08-23 22:57:27 | team | sess_d2c5ee783831 | INFO | [executor3] invoke start, role=teammate
2026-08-23 22:57:27 | team | sess_d2c5ee783831 | INFO | [executor3] coordination starting
2026-08-23 22:57:27 | team | sess_d2c5ee783831 | INFO | Session tables ready for session sess_d2c5ee783831
2026-08-23 22:57:27 | team | sess_d2c5ee783831 | INFO | Workspace /srv/jwteam_clone/shared/run_current initialized as plain shared directory (version_control disabled)
2026-08-23 22:57:27 | team | sess_d2c5ee783831 | INFO | EventBus[teammate] starting
2026-08-23 22:59:30 | team | sess_d2c5ee783831 | INFO | [executor3] HITT section refresh: human_agent_names=[]
2026-08-23 22:59:45 | team | sess_d2c5ee783831 | INFO | [executor3] processing 1 unread messages (steer=True)
2026-08-23 22:59:45 | team | sess_d2c5ee783831 | INFO | Message 86c8d503-e3ba-4cc4-88db-3943d3d77e6b marked as read by executor3
2026-08-23 23:01:40 | team | sess_d2c5ee783831 | INFO | Message 7deaf744-07d2-4c31-9f36-3bf5c47c0b0c created
2026-08-23 23:01:52 | team | sess_d2c5ee783831 | INFO | [executor3] processing 1 unread messages (steer=True)
2026-08-23 23:01:53 | team | sess_d2c5ee783831 | INFO | Message 2a053400-72b7-491e-adb6-eab19765c74d marked as read by executor3
2026-08-23 23:02:28 | team | sess_d2c5ee783831 | INFO | Message 5d746e66-84a2-4af9-bd7b-a26e5e193630 created
