2026-08-23 22:57:23 | team | sess_d2c5ee783831 | INFO | Team workspace directory ensured at /srv/jwteam_clone/shared/run_current
2026-08-23 22:57:23 | team | sess_d2c5ee783831 | INFO | AgentTeam manager initialized for jiuwen_team_sess_d2c5ee783831, member=team_leader
2026-08-23 22:57:23 | team | sess_d2c5ee783831 | INFO | [team_leader] TeamPolicyRail static sections: section_names=['team_role', 'team_workflow', 'team_swarmflow', 'team_lifecycle', 'team_persona']
2026-08-23 22:57:23 | team | sess_d2c5ee783831 | INFO | Session tables ready for session sess_d2c5ee783831
2026-08-23 22:57:23 | team | sess_d2c5ee783831 | INFO | Team database initialized
2026-08-23 22:57:23 | team | default_trace_id | INFO | Team workspace directory ensured at /srv/jwteam_clone/shared/run_current
2026-08-23 22:57:23 | team | default_trace_id | INFO | AgentTeam manager initialized for jiuwen_team_sess_d2c5ee783831, member=planner1
2026-08-23 22:57:23 | team | default_trace_id | INFO | [planner1] TeamPolicyRail static sections: section_names=['team_role', 'team_persona']
2026-08-23 22:57:23 | team | sess_d2c5ee783831 | INFO | [planner1] invoke start, role=teammate
2026-08-23 22:57:23 | team | sess_d2c5ee783831 | INFO | [planner1] coordination starting
2026-08-23 22:57:23 | team | sess_d2c5ee783831 | INFO | Session tables ready for session sess_d2c5ee783831
2026-08-23 22:57:23 | team | sess_d2c5ee783831 | INFO | Workspace /srv/jwteam_clone/shared/run_current initialized as plain shared directory (version_control disabled)
2026-08-23 22:57:23 | team | sess_d2c5ee783831 | INFO | EventBus[teammate] starting
2026-08-23 22:59:30 | team | sess_d2c5ee783831 | INFO | [planner1] HITT section refresh: human_agent_names=[]
2026-08-23 22:59:45 | team | sess_d2c5ee783831 | INFO | [planner1] processing 1 unread messages (steer=True)
2026-08-23 22:59:45 | team | sess_d2c5ee783831 | INFO | Message 86c8d503-e3ba-4cc4-88db-3943d3d77e6b marked as read by planner1
2026-08-23 23:00:57 | team | sess_d2c5ee783831 | INFO | Message 1981676c-9132-4e29-ab82-f95e689bb437 created
2026-08-23 23:04:37 | team | sess_d2c5ee783831 | INFO | [planner1] processing 1 unread messages (steer=True)
2026-08-23 23:04:37 | team | sess_d2c5ee783831 | INFO | Message 4d96b004-5855-4b54-8bb9-5285bb7b1b54 marked as read by planner1
2026-08-23 23:05:02 | team | sess_d2c5ee783831 | INFO | Message 05a66c13-4cb9-4cde-b52f-18e47c2b6d6c created
2026-08-23 23:10:37 | team | sess_d2c5ee783831 | INFO | [planner1] processing 1 unread messages (steer=True)
2026-08-23 23:10:37 | team | sess_d2c5ee783831 | INFO | Message a69fa15d-e91f-46cd-9ec5-2e2bef4215f3 marked as read by planner1
