2026-08-23 22:57:26 | team | sess_d2c5ee783831 | INFO | Team workspace directory ensured at /srv/jwteam_clone/shared/run_current
2026-08-23 22:57:26 | team | sess_d2c5ee783831 | INFO | AgentTeam manager initialized for jiuwen_team_sess_d2c5ee783831, member=team_leader
2026-08-23 22:57:26 | team | sess_d2c5ee783831 | INFO | [team_leader] TeamPolicyRail static sections: section_names=['team_role', 'team_workflow', 'team_swarmflow', 'team_lifecycle', 'team_persona']
2026-08-23 22:57:26 | team | sess_d2c5ee783831 | INFO | Session tables ready for session sess_d2c5ee783831
2026-08-23 22:57:26 | team | sess_d2c5ee783831 | INFO | Team database initialized
2026-08-23 22:57:26 | team | default_trace_id | INFO | Team workspace directory ensured at /srv/jwteam_clone/shared/run_current
2026-08-23 22:57:26 | team | default_trace_id | INFO | AgentTeam manager initialized for jiuwen_team_sess_d2c5ee783831, member=executor2
2026-08-23 22:57:26 | team | default_trace_id | INFO | [executor2] TeamPolicyRail static sections: section_names=['team_role', 'team_persona']
2026-08-23 22:57:26 | team | sess_d2c5ee783831 | INFO | [executor2] invoke start, role=teammate
2026-08-23 22:57:26 | team | sess_d2c5ee783831 | INFO | [executor2] coordination starting
2026-08-23 22:57:26 | team | sess_d2c5ee783831 | INFO | Session tables ready for session sess_d2c5ee783831
2026-08-23 22:57:26 | team | sess_d2c5ee783831 | INFO | Workspace /srv/jwteam_clone/shared/run_current initialized as plain shared directory (version_control disabled)
2026-08-23 22:57:26 | team | sess_d2c5ee783831 | INFO | EventBus[teammate] starting
2026-08-23 22:59:30 | team | sess_d2c5ee783831 | INFO | [executor2] HITT section refresh: human_agent_names=[]
2026-08-23 22:59:45 | team | sess_d2c5ee783831 | INFO | [executor2] processing 1 unread messages (steer=True)
2026-08-23 22:59:45 | team | sess_d2c5ee783831 | INFO | Message 86c8d503-e3ba-4cc4-88db-3943d3d77e6b marked as read by executor2
2026-08-23 23:01:40 | team | sess_d2c5ee783831 | INFO | [executor2] processing 1 unread messages (steer=True)
2026-08-23 23:01:40 | team | sess_d2c5ee783831 | INFO | Message 7deaf744-07d2-4c31-9f36-3bf5c47c0b0c marked as read by executor2
2026-08-23 23:01:52 | team | sess_d2c5ee783831 | INFO | Message 2a053400-72b7-491e-adb6-eab19765c74d created
2026-08-23 23:02:29 | team | sess_d2c5ee783831 | INFO | [executor2] processing 1 unread messages (steer=True)
2026-08-23 23:02:29 | team | sess_d2c5ee783831 | INFO | Message 5d746e66-84a2-4af9-bd7b-a26e5e193630 marked as read by executor2
2026-08-23 23:02:45 | team | sess_d2c5ee783831 | INFO | [executor2] processing 1 unread messages (steer=True)
2026-08-23 23:02:45 | team | sess_d2c5ee783831 | INFO | Message be572cba-a51e-42e9-913c-05cba4f355a5 marked as read by executor2
2026-08-23 23:04:37 | team | sess_d2c5ee783831 | INFO | [executor2] processing 1 unread messages (steer=True)
2026-08-23 23:04:37 | team | sess_d2c5ee783831 | INFO | Message af9d46e7-8218-43fc-a3b9-1a07148ab2ab marked as read by executor2
2026-08-23 23:06:22 | team | sess_d2c5ee783831 | INFO | [executor2] processing 1 unread messages (steer=True)
2026-08-23 23:06:22 | team | sess_d2c5ee783831 | INFO | Message 80ea350d-df69-43a7-8c80-9f4b75f8dec5 marked as read by executor2
2026-08-23 23:07:40 | team | sess_d2c5ee783831 | INFO | Message 34abf9c2-570a-44b8-964d-4d5538437d8a created
2026-08-23 23:07:51 | team | sess_d2c5ee783831 | INFO | [executor2] processing 1 unread messages (steer=True)
2026-08-23 23:07:51 | team | sess_d2c5ee783831 | INFO | Message e939d759-143e-4d01-a853-c2ed0bc2ad14 marked as read by executor2
2026-08-23 23:08:52 | team | sess_d2c5ee783831 | INFO | Message 453327d7-3040-4678-b6a1-f81786751437 created
2026-08-23 23:10:37 | team | sess_d2c5ee783831 | INFO | [executor2] processing 1 unread messages (steer=True)
2026-08-23 23:10:37 | team | sess_d2c5ee783831 | INFO | Message 87c1e13f-80f1-4fb8-a159-01ebbbb8f2f7 marked as read by executor2
