2026-08-23 22:57:24 | team | sess_d2c5ee783831 | INFO | Team workspace directory ensured at /srv/jwteam_clone/shared/run_current
2026-08-23 22:57:24 | team | sess_d2c5ee783831 | INFO | AgentTeam manager initialized for jiuwen_team_sess_d2c5ee783831, member=team_leader
2026-08-23 22:57:24 | team | sess_d2c5ee783831 | INFO | [team_leader] TeamPolicyRail static sections: section_names=['team_role', 'team_workflow', 'team_swarmflow', 'team_lifecycle', 'team_persona']
2026-08-23 22:57:24 | team | sess_d2c5ee783831 | INFO | Session tables ready for session sess_d2c5ee783831
2026-08-23 22:57:24 | team | sess_d2c5ee783831 | INFO | Team database initialized
2026-08-23 22:57:24 | team | default_trace_id | INFO | Team workspace directory ensured at /srv/jwteam_clone/shared/run_current
2026-08-23 22:57:24 | team | default_trace_id | INFO | AgentTeam manager initialized for jiuwen_team_sess_d2c5ee783831, member=planner2
2026-08-23 22:57:24 | team | default_trace_id | INFO | [planner2] TeamPolicyRail static sections: section_names=['team_role', 'team_persona']
2026-08-23 22:57:24 | team | sess_d2c5ee783831 | INFO | [planner2] invoke start, role=teammate
2026-08-23 22:57:24 | team | sess_d2c5ee783831 | INFO | [planner2] coordination starting
2026-08-23 22:57:24 | team | sess_d2c5ee783831 | INFO | Session tables ready for session sess_d2c5ee783831
2026-08-23 22:57:24 | team | sess_d2c5ee783831 | INFO | Workspace /srv/jwteam_clone/shared/run_current initialized as plain shared directory (version_control disabled)
2026-08-23 22:57:24 | team | sess_d2c5ee783831 | INFO | EventBus[teammate] starting
2026-08-23 22:59:30 | team | sess_d2c5ee783831 | INFO | [planner2] HITT section refresh: human_agent_names=[]
2026-08-23 22:59:40 | team | sess_d2c5ee783831 | INFO | Task plan claimed by member planner2
2026-08-23 22:59:40 | team | sess_d2c5ee783831 | INFO | Task plan claimed by member planner2
2026-08-23 22:59:45 | team | sess_d2c5ee783831 | INFO | [planner2] processing 1 unread messages (steer=True)
2026-08-23 22:59:45 | team | sess_d2c5ee783831 | INFO | Message 86c8d503-e3ba-4cc4-88db-3943d3d77e6b marked as read by planner2
2026-08-23 23:00:57 | team | sess_d2c5ee783831 | INFO | [planner2] processing 1 unread messages (steer=True)
2026-08-23 23:00:57 | team | sess_d2c5ee783831 | INFO | Message 1981676c-9132-4e29-ab82-f95e689bb437 marked as read by planner2
2026-08-23 23:01:59 | team | sess_d2c5ee783831 | INFO | [planner2] processing 1 unread messages (steer=True)
2026-08-23 23:01:59 | team | sess_d2c5ee783831 | INFO | Message 31d5365f-3558-4058-8877-457a44602125 marked as read by planner2
2026-08-23 23:02:45 | team | sess_d2c5ee783831 | INFO | Message 1b426055-ab88-4c4d-99b3-fe5b4ab63380 created
2026-08-23 23:02:45 | team | sess_d2c5ee783831 | INFO | Message be572cba-a51e-42e9-913c-05cba4f355a5 created
2026-08-23 23:03:01 | team | sess_d2c5ee783831 | INFO | [planner2] processing 1 unread messages (steer=True)
2026-08-23 23:03:01 | team | sess_d2c5ee783831 | INFO | Message d96bb70f-4cc5-4b05-ade1-ea8f95db6940 marked as read by planner2
2026-08-23 23:04:37 | team | sess_d2c5ee783831 | INFO | Message 6f9fb40d-af7c-42d8-8e6d-85b2e4a75e7c created
2026-08-23 23:04:37 | team | sess_d2c5ee783831 | INFO | Message 37399e56-9751-4f39-aaf4-a45a3258b505 created
2026-08-23 23:04:37 | team | sess_d2c5ee783831 | INFO | Message 4d96b004-5855-4b54-8bb9-5285bb7b1b54 created
2026-08-23 23:04:37 | team | sess_d2c5ee783831 | INFO | Message af9d46e7-8218-43fc-a3b9-1a07148ab2ab created
2026-08-23 23:05:02 | team | sess_d2c5ee783831 | INFO | [planner2] processing 1 unread messages (steer=True)
2026-08-23 23:05:02 | team | sess_d2c5ee783831 | INFO | Message 05a66c13-4cb9-4cde-b52f-18e47c2b6d6c marked as read by planner2
2026-08-23 23:05:27 | team | sess_d2c5ee783831 | INFO | [planner2] processing 1 unread messages (steer=True)
2026-08-23 23:05:27 | team | sess_d2c5ee783831 | INFO | Message c746caff-2c0a-4224-a88b-28150558b362 marked as read by planner2
2026-08-23 23:06:21 | team | sess_d2c5ee783831 | INFO | [planner2] processing 1 unread messages (steer=True)
2026-08-23 23:06:21 | team | sess_d2c5ee783831 | INFO | Message 5cfc8cf9-1084-4b0d-acd7-591317c2a39f marked as read by planner2
2026-08-23 23:07:51 | team | sess_d2c5ee783831 | INFO | Message 3281ce61-12fe-4263-a413-6a94ceb27e1a created
2026-08-23 23:07:51 | team | sess_d2c5ee783831 | INFO | Message e939d759-143e-4d01-a853-c2ed0bc2ad14 created
2026-08-23 23:07:51 | team | sess_d2c5ee783831 | INFO | Message 976278b9-f44a-405a-9ced-018d0d8ad546 created
2026-08-23 23:07:54 | team | sess_d2c5ee783831 | INFO | [planner2] processing 1 unread messages (steer=True)
2026-08-23 23:07:54 | team | sess_d2c5ee783831 | INFO | Message 48c01864-dbde-46ee-9e9f-60ab1025e3d0 marked as read by planner2
2026-08-23 23:08:30 | team | sess_d2c5ee783831 | INFO | [planner2] processing 1 unread messages (steer=True)
2026-08-23 23:08:30 | team | sess_d2c5ee783831 | INFO | Message 872700da-ed13-449c-8cd1-82d3937c0104 marked as read by planner2
2026-08-23 23:08:42 | team | sess_d2c5ee783831 | INFO | [planner2] processing 1 unread messages (steer=True)
2026-08-23 23:08:42 | team | sess_d2c5ee783831 | INFO | Message a53b7074-fb55-405d-9038-5e68e86f0a6b marked as read by planner2
2026-08-23 23:08:52 | team | sess_d2c5ee783831 | INFO | [planner2] processing 1 unread messages (steer=True)
2026-08-23 23:08:52 | team | sess_d2c5ee783831 | INFO | Message 453327d7-3040-4678-b6a1-f81786751437 marked as read by planner2
2026-08-23 23:09:43 | team | sess_d2c5ee783831 | INFO | [planner2] processing 1 unread messages (steer=True)
2026-08-23 23:09:43 | team | sess_d2c5ee783831 | INFO | Message 339693ad-0f80-4816-9d29-aa10b6d5c6c7 marked as read by planner2
2026-08-23 23:09:54 | team | sess_d2c5ee783831 | INFO | [planner2] self-nudged stale claimed task plan
2026-08-23 23:10:37 | team | sess_d2c5ee783831 | INFO | Message 23524214-66ad-455f-bb58-a0a9a0d3b475 created
2026-08-23 23:10:37 | team | sess_d2c5ee783831 | INFO | Message 084bddd3-d9cd-49e3-8836-81e5951d9165 created
2026-08-23 23:10:37 | team | sess_d2c5ee783831 | INFO | Message 87c1e13f-80f1-4fb8-a159-01ebbbb8f2f7 created
2026-08-23 23:10:37 | team | sess_d2c5ee783831 | INFO | Message a69fa15d-e91f-46cd-9ec5-2e2bef4215f3 created
