2026-08-23 22:57:25 | team | sess_d2c5ee783831 | INFO | Team workspace directory ensured at /srv/jwteam_clone/shared/run_current
2026-08-23 22:57:25 | team | sess_d2c5ee783831 | INFO | AgentTeam manager initialized for jiuwen_team_sess_d2c5ee783831, member=team_leader
2026-08-23 22:57:25 | team | sess_d2c5ee783831 | INFO | [team_leader] TeamPolicyRail static sections: section_names=['team_role', 'team_workflow', 'team_swarmflow', 'team_lifecycle', 'team_persona']
2026-08-23 22:57:26 | team | sess_d2c5ee783831 | INFO | Session tables ready for session sess_d2c5ee783831
2026-08-23 22:57:26 | team | sess_d2c5ee783831 | INFO | Team database initialized
2026-08-23 22:57:26 | team | default_trace_id | INFO | Team workspace directory ensured at /srv/jwteam_clone/shared/run_current
2026-08-23 22:57:26 | team | default_trace_id | INFO | AgentTeam manager initialized for jiuwen_team_sess_d2c5ee783831, member=executor1
2026-08-23 22:57:26 | team | default_trace_id | INFO | [executor1] TeamPolicyRail static sections: section_names=['team_role', 'team_persona']
2026-08-23 22:57:26 | team | sess_d2c5ee783831 | INFO | [executor1] invoke start, role=teammate
2026-08-23 22:57:26 | team | sess_d2c5ee783831 | INFO | [executor1] coordination starting
2026-08-23 22:57:26 | team | sess_d2c5ee783831 | INFO | Session tables ready for session sess_d2c5ee783831
2026-08-23 22:57:26 | team | sess_d2c5ee783831 | INFO | Workspace /srv/jwteam_clone/shared/run_current initialized as plain shared directory (version_control disabled)
2026-08-23 22:57:26 | team | sess_d2c5ee783831 | INFO | EventBus[teammate] starting
2026-08-23 22:59:30 | team | sess_d2c5ee783831 | INFO | [executor1] HITT section refresh: human_agent_names=[]
2026-08-23 22:59:45 | team | sess_d2c5ee783831 | INFO | [executor1] processing 1 unread messages (steer=True)
2026-08-23 22:59:45 | team | sess_d2c5ee783831 | INFO | Message 86c8d503-e3ba-4cc4-88db-3943d3d77e6b marked as read by executor1
2026-08-23 23:02:45 | team | sess_d2c5ee783831 | INFO | [executor1] processing 1 unread messages (steer=True)
2026-08-23 23:02:45 | team | sess_d2c5ee783831 | INFO | Message 1b426055-ab88-4c4d-99b3-fe5b4ab63380 marked as read by executor1
2026-08-23 23:04:37 | team | sess_d2c5ee783831 | INFO | [executor1] processing 1 unread messages (steer=True)
2026-08-23 23:04:37 | team | sess_d2c5ee783831 | INFO | Message 6f9fb40d-af7c-42d8-8e6d-85b2e4a75e7c marked as read by executor1
2026-08-23 23:06:21 | team | sess_d2c5ee783831 | INFO | Message 5cfc8cf9-1084-4b0d-acd7-591317c2a39f created
2026-08-23 23:06:21 | team | sess_d2c5ee783831 | INFO | Message 80ea350d-df69-43a7-8c80-9f4b75f8dec5 created
2026-08-23 23:07:40 | team | sess_d2c5ee783831 | INFO | [executor1] processing 1 unread messages (steer=True)
2026-08-23 23:07:40 | team | sess_d2c5ee783831 | INFO | Message 34abf9c2-570a-44b8-964d-4d5538437d8a marked as read by executor1
2026-08-23 23:07:51 | team | sess_d2c5ee783831 | INFO | [executor1] processing 1 unread messages (steer=True)
2026-08-23 23:07:51 | team | sess_d2c5ee783831 | INFO | Message 3281ce61-12fe-4263-a413-6a94ceb27e1a marked as read by executor1
2026-08-23 23:07:54 | team | sess_d2c5ee783831 | INFO | Message 48c01864-dbde-46ee-9e9f-60ab1025e3d0 created
2026-08-23 23:08:26 | team | sess_d2c5ee783831 | INFO | Message 4216ddfd-a110-4293-8bc6-cf17dd075410 created
2026-08-23 23:08:46 | team | sess_d2c5ee783831 | INFO | [executor1] processing 1 unread messages (steer=True)
2026-08-23 23:08:46 | team | sess_d2c5ee783831 | INFO | Message 67c9d876-78b6-4a98-9541-359a67af80d5 marked as read by executor1
2026-08-23 23:10:37 | team | sess_d2c5ee783831 | INFO | [executor1] processing 1 unread messages (steer=True)
2026-08-23 23:10:37 | team | sess_d2c5ee783831 | INFO | Message 084bddd3-d9cd-49e3-8836-81e5951d9165 marked as read by executor1
