2026-08-08 20:18:14 | team | sess_eb427220d867 | INFO | Team workspace directory ensured at /srv/jwteam_clone/shared/run_current
2026-08-08 20:18:14 | team | sess_eb427220d867 | INFO | AgentTeam manager initialized for jiuwen_team_sess_eb427220d867, member=team_leader
2026-08-08 20:18:14 | team | sess_eb427220d867 | INFO | [team_leader] TeamPolicyRail static sections: section_names=['team_role', 'team_workflow', 'team_swarmflow', 'team_lifecycle', 'team_persona']
2026-08-08 20:18:14 | team | sess_eb427220d867 | INFO | Session tables ready for session sess_eb427220d867
2026-08-08 20:18:14 | team | sess_eb427220d867 | INFO | Team database initialized
2026-08-08 20:18:14 | team | default_trace_id | INFO | Team workspace directory ensured at /srv/jwteam_clone/shared/run_current
2026-08-08 20:18:14 | team | default_trace_id | INFO | AgentTeam manager initialized for jiuwen_team_sess_eb427220d867, member=planner2
2026-08-08 20:18:14 | team | default_trace_id | INFO | [planner2] TeamPolicyRail static sections: section_names=['team_role', 'team_persona']
2026-08-08 20:18:14 | team | sess_eb427220d867 | INFO | [planner2] invoke start, role=teammate
2026-08-08 20:18:14 | team | sess_eb427220d867 | INFO | [planner2] coordination starting
2026-08-08 20:18:14 | team | sess_eb427220d867 | INFO | Session tables ready for session sess_eb427220d867
2026-08-08 20:18:14 | team | sess_eb427220d867 | INFO | Workspace /srv/jwteam_clone/shared/run_current initialized as plain shared directory (version_control disabled)
2026-08-08 20:18:14 | team | sess_eb427220d867 | INFO | EventBus[teammate] starting
2026-08-08 20:18:27 | team | sess_eb427220d867 | INFO | [planner2] HITT section refresh: human_agent_names=[]
2026-08-08 20:18:35 | team | sess_eb427220d867 | INFO | Task plan claimed by member planner2
2026-08-08 20:18:35 | team | sess_eb427220d867 | INFO | Task plan claimed by member planner2
2026-08-08 20:18:37 | team | sess_eb427220d867 | INFO | [planner2] processing 1 unread messages (steer=True)
2026-08-08 20:18:37 | team | sess_eb427220d867 | INFO | Message a54fad4e-8cc2-47a5-8f4e-fa97c0bf7e9e marked as read by planner2
2026-08-08 20:19:11 | team | sess_eb427220d867 | INFO | [planner2] processing 1 unread messages (steer=True)
2026-08-08 20:19:11 | team | sess_eb427220d867 | INFO | Message e23b58b6-53d5-452d-a3c0-485e4d2499f0 marked as read by planner2
2026-08-08 20:19:38 | team | sess_eb427220d867 | INFO | Message 0ca0a496-c8d0-41f8-9350-bfef978fc518 created
2026-08-08 20:19:54 | team | sess_eb427220d867 | INFO | [planner2] processing 1 unread messages (steer=True)
2026-08-08 20:19:54 | team | sess_eb427220d867 | INFO | Message 81d5c27f-c27e-4632-9775-c8fb9b8c1591 marked as read by planner2
2026-08-08 20:19:58 | team | sess_eb427220d867 | INFO | Task plan completed at 1786216798882
2026-08-08 20:19:58 | team | sess_eb427220d867 | INFO | Resolved 1 dependencies for task plan
2026-08-08 20:19:58 | team | sess_eb427220d867 | INFO | Task implement unblocked (all deps resolved)
2026-08-08 20:19:58 | team | sess_eb427220d867 | INFO | Task plan completed
2026-08-08 20:19:58 | team | sess_eb427220d867 | INFO | Unblocked 1 tasks
2026-08-08 20:20:02 | team | sess_eb427220d867 | INFO | Message d72d7549-b71f-4979-a0f0-1dec6b76bb37 created
2026-08-08 20:20:47 | team | sess_eb427220d867 | INFO | [planner2] processing 1 unread messages (steer=True)
2026-08-08 20:20:47 | team | sess_eb427220d867 | INFO | Message 188b1d33-de23-4177-b8a1-bb092c4049d4 marked as read by planner2
2026-08-08 20:21:09 | team | sess_eb427220d867 | INFO | Message 697be4ad-f19f-4c22-a615-71853eeced29 created
2026-08-08 20:21:13 | team | sess_eb427220d867 | INFO | Message 4ac189d0-7a94-4dbc-9caa-9d78d986913a created
2026-08-08 20:24:58 | team | sess_eb427220d867 | INFO | task list drained for team jiuwen_team_sess_eb427220d867: 3 terminal task(s)
2026-08-08 20:25:15 | team | sess_eb427220d867 | INFO | [planner2] processing 1 unread messages (steer=True)
2026-08-08 20:25:16 | team | sess_eb427220d867 | INFO | Message 4f0f89c2-ba86-4400-93f6-6c941b1a24ed marked as read by planner2
2026-08-08 20:25:40 | team | sess_eb427220d867 | INFO | team jiuwen_team_sess_eb427220d867 reported completed: 9 members, 3 tasks
2026-08-08 20:25:41 | team | sess_eb427220d867 | INFO | [planner2] received TEAM_STANDBY, pausing polls
2026-08-08 20:25:41 | team | sess_eb427220d867 | INFO | EventBus[teammate] pausing polls
