2026-08-08 20:18:13 | team | sess_eb427220d867 | INFO | Team workspace directory ensured at /srv/jwteam_clone/shared/run_current
2026-08-08 20:18:13 | team | sess_eb427220d867 | INFO | AgentTeam manager initialized for jiuwen_team_sess_eb427220d867, member=team_leader
2026-08-08 20:18:13 | team | sess_eb427220d867 | INFO | [team_leader] TeamPolicyRail static sections: section_names=['team_role', 'team_workflow', 'team_swarmflow', 'team_lifecycle', 'team_persona']
2026-08-08 20:18:13 | team | sess_eb427220d867 | INFO | Session tables ready for session sess_eb427220d867
2026-08-08 20:18:13 | team | sess_eb427220d867 | INFO | Team database initialized
2026-08-08 20:18:13 | team | default_trace_id | INFO | Team workspace directory ensured at /srv/jwteam_clone/shared/run_current
2026-08-08 20:18:13 | team | default_trace_id | INFO | AgentTeam manager initialized for jiuwen_team_sess_eb427220d867, member=planner1
2026-08-08 20:18:13 | team | default_trace_id | INFO | [planner1] TeamPolicyRail static sections: section_names=['team_role', 'team_persona']
2026-08-08 20:18:13 | team | sess_eb427220d867 | INFO | [planner1] invoke start, role=teammate
2026-08-08 20:18:13 | team | sess_eb427220d867 | INFO | [planner1] coordination starting
2026-08-08 20:18:13 | team | sess_eb427220d867 | INFO | Session tables ready for session sess_eb427220d867
2026-08-08 20:18:13 | team | sess_eb427220d867 | INFO | Workspace /srv/jwteam_clone/shared/run_current initialized as plain shared directory (version_control disabled)
2026-08-08 20:18:13 | team | sess_eb427220d867 | INFO | EventBus[teammate] starting
2026-08-08 20:18:27 | team | sess_eb427220d867 | INFO | [planner1] HITT section refresh: human_agent_names=[]
2026-08-08 20:18:37 | team | sess_eb427220d867 | INFO | [planner1] processing 1 unread messages (steer=True)
2026-08-08 20:18:37 | team | sess_eb427220d867 | INFO | Message a54fad4e-8cc2-47a5-8f4e-fa97c0bf7e9e marked as read by planner1
2026-08-08 20:18:46 | team | sess_eb427220d867 | INFO | [planner1] processing 1 unread messages (steer=True)
2026-08-08 20:18:46 | team | sess_eb427220d867 | INFO | Message 2a6884d2-3f6b-4ca5-9a58-1d385a57e2ff marked as read by planner1
2026-08-08 20:19:11 | team | sess_eb427220d867 | INFO | Message fb3f0bc4-4f11-4d63-b9df-85c35fe7d1c1 created
2026-08-08 20:19:11 | team | sess_eb427220d867 | INFO | Message c63dc632-de07-4f46-a5ac-0f7d9ac0b23f created
2026-08-08 20:19:11 | team | sess_eb427220d867 | INFO | Message e23b58b6-53d5-452d-a3c0-485e4d2499f0 created
2026-08-08 20:19:26 | team | sess_eb427220d867 | INFO | [planner1] processing 1 unread messages (steer=True)
2026-08-08 20:19:26 | team | sess_eb427220d867 | INFO | Message 8f6343c2-9e11-459d-b85d-284ea58e7e17 marked as read by planner1
2026-08-08 20:19:32 | team | sess_eb427220d867 | INFO | Message 389bf521-6d47-4f87-92e9-36bc862b1b9b created
2026-08-08 20:20:12 | team | sess_eb427220d867 | INFO | Message 60ba0e79-cf61-4876-a399-9ddfaa3e1909 created
2026-08-08 20:20:19 | team | sess_eb427220d867 | INFO | [planner1] processing 1 unread messages (steer=True)
2026-08-08 20:20:19 | team | sess_eb427220d867 | INFO | Message 23a9039c-0d14-43f8-82de-65c99723a042 marked as read by planner1
2026-08-08 20:20:20 | team | sess_eb427220d867 | INFO | Message 6dda0dc4-364b-44ce-8bea-8fae949f8e4d created
2026-08-08 20:20:27 | team | sess_eb427220d867 | INFO | Message bfcc2eaf-a3ca-4037-a3f0-b7e18e50e70e created
2026-08-08 20:24:58 | team | sess_eb427220d867 | INFO | task list drained for team jiuwen_team_sess_eb427220d867: 3 terminal task(s)
2026-08-08 20:25:15 | team | sess_eb427220d867 | INFO | [planner1] processing 1 unread messages (steer=True)
2026-08-08 20:25:16 | team | sess_eb427220d867 | INFO | Message 4f0f89c2-ba86-4400-93f6-6c941b1a24ed marked as read by planner1
2026-08-08 20:25:40 | team | sess_eb427220d867 | INFO | team jiuwen_team_sess_eb427220d867 reported completed: 9 members, 3 tasks
2026-08-08 20:25:41 | team | sess_eb427220d867 | INFO | [planner1] received TEAM_STANDBY, pausing polls
2026-08-08 20:25:41 | team | sess_eb427220d867 | INFO | EventBus[teammate] pausing polls
