2026-08-08 20:18:17 | team | sess_eb427220d867 | INFO | Team workspace directory ensured at /srv/jwteam_clone/shared/run_current
2026-08-08 20:18:17 | team | sess_eb427220d867 | INFO | AgentTeam manager initialized for jiuwen_team_sess_eb427220d867, member=team_leader
2026-08-08 20:18:17 | team | sess_eb427220d867 | INFO | [team_leader] TeamPolicyRail static sections: section_names=['team_role', 'team_workflow', 'team_swarmflow', 'team_lifecycle', 'team_persona']
2026-08-08 20:18:17 | team | sess_eb427220d867 | INFO | Session tables ready for session sess_eb427220d867
2026-08-08 20:18:17 | team | sess_eb427220d867 | INFO | Team database initialized
2026-08-08 20:18:17 | team | default_trace_id | INFO | Team workspace directory ensured at /srv/jwteam_clone/shared/run_current
2026-08-08 20:18:17 | team | default_trace_id | INFO | AgentTeam manager initialized for jiuwen_team_sess_eb427220d867, member=verifier2
2026-08-08 20:18:17 | team | default_trace_id | INFO | [verifier2] TeamPolicyRail static sections: section_names=['team_role', 'team_persona']
2026-08-08 20:18:17 | team | sess_eb427220d867 | INFO | [verifier2] invoke start, role=teammate
2026-08-08 20:18:17 | team | sess_eb427220d867 | INFO | [verifier2] coordination starting
2026-08-08 20:18:17 | team | sess_eb427220d867 | INFO | Session tables ready for session sess_eb427220d867
2026-08-08 20:18:17 | team | sess_eb427220d867 | INFO | Workspace /srv/jwteam_clone/shared/run_current initialized as plain shared directory (version_control disabled)
2026-08-08 20:18:17 | team | sess_eb427220d867 | INFO | EventBus[teammate] starting
2026-08-08 20:18:27 | team | sess_eb427220d867 | INFO | [verifier2] HITT section refresh: human_agent_names=[]
2026-08-08 20:18:37 | team | sess_eb427220d867 | INFO | [verifier2] processing 1 unread messages (steer=True)
2026-08-08 20:18:37 | team | sess_eb427220d867 | INFO | Message a54fad4e-8cc2-47a5-8f4e-fa97c0bf7e9e marked as read by verifier2
2026-08-08 20:24:58 | team | sess_eb427220d867 | INFO | task list drained for team jiuwen_team_sess_eb427220d867: 3 terminal task(s)
2026-08-08 20:25:15 | team | sess_eb427220d867 | INFO | [verifier2] processing 1 unread messages (steer=True)
2026-08-08 20:25:15 | team | sess_eb427220d867 | INFO | Message 4f0f89c2-ba86-4400-93f6-6c941b1a24ed marked as read by verifier2
2026-08-08 20:25:40 | team | sess_eb427220d867 | INFO | team jiuwen_team_sess_eb427220d867 reported completed: 9 members, 3 tasks
2026-08-08 20:25:41 | team | sess_eb427220d867 | INFO | [verifier2] received TEAM_STANDBY, pausing polls
2026-08-08 20:25:41 | team | sess_eb427220d867 | INFO | EventBus[teammate] pausing polls
