2026-08-08 20:18:16 | team | sess_eb427220d867 | INFO | Team workspace directory ensured at /srv/jwteam_clone/shared/run_current
2026-08-08 20:18:16 | team | sess_eb427220d867 | INFO | AgentTeam manager initialized for jiuwen_team_sess_eb427220d867, member=team_leader
2026-08-08 20:18:16 | team | sess_eb427220d867 | INFO | [team_leader] TeamPolicyRail static sections: section_names=['team_role', 'team_workflow', 'team_swarmflow', 'team_lifecycle', 'team_persona']
2026-08-08 20:18:17 | team | sess_eb427220d867 | INFO | Session tables ready for session sess_eb427220d867
2026-08-08 20:18:17 | team | sess_eb427220d867 | INFO | Team database initialized
2026-08-08 20:18:17 | team | default_trace_id | INFO | Team workspace directory ensured at /srv/jwteam_clone/shared/run_current
2026-08-08 20:18:17 | team | default_trace_id | INFO | AgentTeam manager initialized for jiuwen_team_sess_eb427220d867, member=verifier1
2026-08-08 20:18:17 | team | default_trace_id | INFO | [verifier1] TeamPolicyRail static sections: section_names=['team_role', 'team_persona']
2026-08-08 20:18:17 | team | sess_eb427220d867 | INFO | [verifier1] invoke start, role=teammate
2026-08-08 20:18:17 | team | sess_eb427220d867 | INFO | [verifier1] coordination starting
2026-08-08 20:18:17 | team | sess_eb427220d867 | INFO | Session tables ready for session sess_eb427220d867
2026-08-08 20:18:17 | team | sess_eb427220d867 | INFO | Workspace /srv/jwteam_clone/shared/run_current initialized as plain shared directory (version_control disabled)
2026-08-08 20:18:17 | team | sess_eb427220d867 | INFO | EventBus[teammate] starting
2026-08-08 20:18:27 | team | sess_eb427220d867 | INFO | [verifier1] HITT section refresh: human_agent_names=[]
2026-08-08 20:18:37 | team | sess_eb427220d867 | INFO | [verifier1] processing 1 unread messages (steer=True)
2026-08-08 20:18:37 | team | sess_eb427220d867 | INFO | Message a54fad4e-8cc2-47a5-8f4e-fa97c0bf7e9e marked as read by verifier1
2026-08-08 20:18:46 | team | sess_eb427220d867 | INFO | Message 2a6884d2-3f6b-4ca5-9a58-1d385a57e2ff created
2026-08-08 20:19:11 | team | sess_eb427220d867 | INFO | [verifier1] processing 1 unread messages (steer=True)
2026-08-08 20:19:11 | team | sess_eb427220d867 | INFO | Message c63dc632-de07-4f46-a5ac-0f7d9ac0b23f marked as read by verifier1
2026-08-08 20:20:06 | team | sess_eb427220d867 | INFO | Message 75c12c60-394e-4956-9315-f870a2c1f5fc created
2026-08-08 20:23:21 | team | sess_eb427220d867 | INFO | [verifier1] received TASK_CLAIMED for self, task_id=verify, human_agent=False
2026-08-08 20:23:27 | team | sess_eb427220d867 | INFO | [verifier1] processing 1 unread messages (steer=True)
2026-08-08 20:23:27 | team | sess_eb427220d867 | INFO | Message a50dce8c-32a8-486f-9d33-5e090d07916f marked as read by verifier1
2026-08-08 20:24:58 | team | sess_eb427220d867 | INFO | Task verify completed at 1786217098458
2026-08-08 20:24:58 | team | sess_eb427220d867 | INFO | Message e1ea30cf-3681-4f7d-844a-be7483e5603f created
2026-08-08 20:24:58 | team | sess_eb427220d867 | INFO | Task verify completed
2026-08-08 20:24:58 | team | sess_eb427220d867 | INFO | Message 39b7ad14-2c6d-4edd-85d0-a867334408cb created
2026-08-08 20:25:15 | team | sess_eb427220d867 | INFO | [verifier1] processing 1 unread messages (steer=True)
2026-08-08 20:25:15 | team | sess_eb427220d867 | INFO | Message 4f0f89c2-ba86-4400-93f6-6c941b1a24ed marked as read by verifier1
2026-08-08 20:25:34 | team | sess_eb427220d867 | INFO | Message d9108e13-bd37-451c-ae36-9884446a299d created
2026-08-08 20:25:40 | team | sess_eb427220d867 | INFO | team jiuwen_team_sess_eb427220d867 reported completed: 9 members, 3 tasks
2026-08-08 20:25:41 | team | sess_eb427220d867 | INFO | [verifier1] received TEAM_STANDBY, pausing polls
2026-08-08 20:25:41 | team | sess_eb427220d867 | INFO | EventBus[teammate] pausing polls
