2026-08-08 20:18:15 | team | sess_eb427220d867 | INFO | Team workspace directory ensured at /srv/jwteam_clone/shared/run_current
2026-08-08 20:18:15 | team | sess_eb427220d867 | INFO | AgentTeam manager initialized for jiuwen_team_sess_eb427220d867, member=team_leader
2026-08-08 20:18:15 | team | sess_eb427220d867 | INFO | [team_leader] TeamPolicyRail static sections: section_names=['team_role', 'team_workflow', 'team_swarmflow', 'team_lifecycle', 'team_persona']
2026-08-08 20:18:15 | team | sess_eb427220d867 | INFO | Session tables ready for session sess_eb427220d867
2026-08-08 20:18:15 | team | sess_eb427220d867 | INFO | Team database initialized
2026-08-08 20:18:15 | team | default_trace_id | INFO | Team workspace directory ensured at /srv/jwteam_clone/shared/run_current
2026-08-08 20:18:15 | team | default_trace_id | INFO | AgentTeam manager initialized for jiuwen_team_sess_eb427220d867, member=executor1
2026-08-08 20:18:15 | team | default_trace_id | INFO | [executor1] TeamPolicyRail static sections: section_names=['team_role', 'team_persona']
2026-08-08 20:18:15 | team | sess_eb427220d867 | INFO | [executor1] invoke start, role=teammate
2026-08-08 20:18:15 | team | sess_eb427220d867 | INFO | [executor1] coordination starting
2026-08-08 20:18:15 | team | sess_eb427220d867 | INFO | Session tables ready for session sess_eb427220d867
2026-08-08 20:18:15 | team | sess_eb427220d867 | INFO | Workspace /srv/jwteam_clone/shared/run_current initialized as plain shared directory (version_control disabled)
2026-08-08 20:18:15 | team | sess_eb427220d867 | INFO | EventBus[teammate] starting
2026-08-08 20:18:27 | team | sess_eb427220d867 | INFO | [executor1] HITT section refresh: human_agent_names=[]
2026-08-08 20:18:37 | team | sess_eb427220d867 | INFO | [executor1] processing 1 unread messages (steer=True)
2026-08-08 20:18:37 | team | sess_eb427220d867 | INFO | Message a54fad4e-8cc2-47a5-8f4e-fa97c0bf7e9e marked as read by executor1
2026-08-08 20:19:38 | team | sess_eb427220d867 | INFO | [executor1] processing 1 unread messages (steer=True)
2026-08-08 20:19:38 | team | sess_eb427220d867 | INFO | Message 0ca0a496-c8d0-41f8-9350-bfef978fc518 marked as read by executor1
2026-08-08 20:19:54 | team | sess_eb427220d867 | INFO | Message 81d5c27f-c27e-4632-9775-c8fb9b8c1591 created
2026-08-08 20:20:02 | team | sess_eb427220d867 | INFO | [executor1] processing 1 unread messages (steer=True)
2026-08-08 20:20:02 | team | sess_eb427220d867 | INFO | Message d72d7549-b71f-4979-a0f0-1dec6b76bb37 marked as read by executor1
2026-08-08 20:20:06 | team | sess_eb427220d867 | INFO | [executor1] processing 1 unread messages (steer=True)
2026-08-08 20:20:06 | team | sess_eb427220d867 | INFO | Task implement claimed by member executor1
2026-08-08 20:20:06 | team | sess_eb427220d867 | INFO | Task implement claimed by member executor1
2026-08-08 20:20:06 | team | sess_eb427220d867 | INFO | Message 75c12c60-394e-4956-9315-f870a2c1f5fc marked as read by executor1
2026-08-08 20:20:19 | team | sess_eb427220d867 | INFO | [executor1] processing 1 unread messages (steer=True)
2026-08-08 20:20:19 | team | sess_eb427220d867 | INFO | Message 47afb277-bbcd-481a-830d-4bd25fa44fd6 marked as read by executor1
2026-08-08 20:20:20 | team | sess_eb427220d867 | INFO | [executor1] processing 1 unread messages (steer=True)
2026-08-08 20:20:20 | team | sess_eb427220d867 | INFO | Message 6dda0dc4-364b-44ce-8bea-8fae949f8e4d marked as read by executor1
2026-08-08 20:20:43 | team | sess_eb427220d867 | INFO | Message a34acfc7-3d64-4530-8225-a20511e9fb97 created
2026-08-08 20:20:53 | team | sess_eb427220d867 | INFO | [executor1] processing 1 unread messages (steer=True)
2026-08-08 20:20:53 | team | sess_eb427220d867 | INFO | Message e8854296-92df-4ae3-a5b9-e99bd0fe7ef7 marked as read by executor1
2026-08-08 20:24:58 | team | sess_eb427220d867 | INFO | task list drained for team jiuwen_team_sess_eb427220d867: 3 terminal task(s)
2026-08-08 20:25:15 | team | sess_eb427220d867 | INFO | [executor1] processing 1 unread messages (steer=True)
2026-08-08 20:25:15 | team | sess_eb427220d867 | INFO | Message 4f0f89c2-ba86-4400-93f6-6c941b1a24ed marked as read by executor1
2026-08-08 20:25:40 | team | sess_eb427220d867 | INFO | team jiuwen_team_sess_eb427220d867 reported completed: 9 members, 3 tasks
2026-08-08 20:25:41 | team | sess_eb427220d867 | INFO | [executor1] received TEAM_STANDBY, pausing polls
2026-08-08 20:25:41 | team | sess_eb427220d867 | INFO | EventBus[teammate] pausing polls
