2026-08-09 19:27:14 | team | sess_132ca5abf483 | INFO | Team workspace directory ensured at /srv/jwteam_clone/shared/run_current
2026-08-09 19:27:14 | team | sess_132ca5abf483 | INFO | AgentTeam manager initialized for jiuwen_team_sess_132ca5abf483, member=team_leader
2026-08-09 19:27:14 | team | sess_132ca5abf483 | INFO | [team_leader] TeamPolicyRail static sections: section_names=['team_role', 'team_workflow', 'team_swarmflow', 'team_lifecycle', 'team_persona']
2026-08-09 19:27:14 | team | sess_132ca5abf483 | INFO | Session tables ready for session sess_132ca5abf483
2026-08-09 19:27:14 | team | sess_132ca5abf483 | INFO | Team database initialized
2026-08-09 19:27:14 | team | default_trace_id | INFO | Team workspace directory ensured at /srv/jwteam_clone/shared/run_current
2026-08-09 19:27:14 | team | default_trace_id | INFO | AgentTeam manager initialized for jiuwen_team_sess_132ca5abf483, member=planner2
2026-08-09 19:27:14 | team | default_trace_id | INFO | [planner2] TeamPolicyRail static sections: section_names=['team_role', 'team_persona']
2026-08-09 19:27:14 | team | sess_132ca5abf483 | INFO | [planner2] invoke start, role=teammate
2026-08-09 19:27:14 | team | sess_132ca5abf483 | INFO | [planner2] coordination starting
2026-08-09 19:27:14 | team | sess_132ca5abf483 | INFO | Session tables ready for session sess_132ca5abf483
2026-08-09 19:27:14 | team | sess_132ca5abf483 | INFO | Workspace /srv/jwteam_clone/shared/run_current initialized as plain shared directory (version_control disabled)
2026-08-09 19:27:14 | team | sess_132ca5abf483 | INFO | EventBus[teammate] starting
2026-08-09 19:28:09 | team | sess_132ca5abf483 | INFO | [planner2] HITT section refresh: human_agent_names=[]
2026-08-09 19:28:22 | team | sess_132ca5abf483 | INFO | [planner2] processing 1 unread messages (steer=True)
2026-08-09 19:28:22 | team | sess_132ca5abf483 | INFO | Message 1ba2a090-0224-42b5-b361-34490c6ec1fa marked as read by planner2
2026-08-09 19:28:37 | team | sess_132ca5abf483 | INFO | Message ec568966-c6d3-414c-9196-9b0feee98dae created
2026-08-09 19:28:45 | team | sess_132ca5abf483 | INFO | Message 6611a4c6-71b3-47c0-b356-e1ea03c0010d created
2026-08-09 19:28:57 | team | sess_132ca5abf483 | INFO | Message 83926208-e3d5-4d56-9241-ce83bb02839e created
2026-08-09 19:28:59 | team | sess_132ca5abf483 | INFO | [planner2] processing 1 unread messages (steer=True)
2026-08-09 19:28:59 | team | sess_132ca5abf483 | INFO | Message 5b1aa260-f3c4-480d-a460-5993fca872b4 marked as read by planner2
2026-08-09 19:29:00 | team | sess_132ca5abf483 | INFO | [planner2] processing 1 unread messages (steer=True)
2026-08-09 19:29:00 | team | sess_132ca5abf483 | INFO | Message f6131d0f-894e-446f-a3cd-29e518b5876e marked as read by planner2
2026-08-09 19:29:12 | team | sess_132ca5abf483 | INFO | Message a287418c-f690-45ec-80b4-63e231849a80 created
2026-08-09 19:29:12 | team | sess_132ca5abf483 | INFO | Message aea7669e-74f3-4ec5-8f74-81852af33ba6 created
2026-08-09 19:29:59 | team | sess_132ca5abf483 | INFO | [planner2] processing 1 unread messages (steer=True)
2026-08-09 19:29:59 | team | sess_132ca5abf483 | INFO | Message fe215a5d-4a26-4684-ae83-1b8438da2a3b marked as read by planner2
2026-08-09 19:30:08 | team | sess_132ca5abf483 | INFO | Message 6c932b83-9563-4270-a33d-bc7b28f41b6a created
2026-08-09 19:32:36 | team | sess_132ca5abf483 | INFO | task list drained for team jiuwen_team_sess_132ca5abf483: 3 terminal task(s)
2026-08-09 19:32:49 | team | sess_132ca5abf483 | INFO | [planner2] processing 1 unread messages (steer=True)
2026-08-09 19:32:49 | team | sess_132ca5abf483 | INFO | Message cfddff34-ee47-4fbf-aab3-c6af4380d5bc marked as read by planner2
2026-08-09 19:33:02 | team | sess_132ca5abf483 | INFO | team jiuwen_team_sess_132ca5abf483 reported completed: 9 members, 3 tasks
2026-08-09 19:33:03 | team | sess_132ca5abf483 | INFO | [planner2] received TEAM_STANDBY, pausing polls
2026-08-09 19:33:03 | team | sess_132ca5abf483 | INFO | EventBus[teammate] pausing polls
