2026-08-09 19:27:13 | team | sess_132ca5abf483 | INFO | Team workspace directory ensured at /srv/jwteam_clone/shared/run_current
2026-08-09 19:27:13 | team | sess_132ca5abf483 | INFO | AgentTeam manager initialized for jiuwen_team_sess_132ca5abf483, member=team_leader
2026-08-09 19:27:13 | team | sess_132ca5abf483 | INFO | [team_leader] TeamPolicyRail static sections: section_names=['team_role', 'team_workflow', 'team_swarmflow', 'team_lifecycle', 'team_persona']
2026-08-09 19:27:13 | team | sess_132ca5abf483 | INFO | Session tables ready for session sess_132ca5abf483
2026-08-09 19:27:13 | team | sess_132ca5abf483 | INFO | Team database initialized
2026-08-09 19:27:13 | team | default_trace_id | INFO | Team workspace directory ensured at /srv/jwteam_clone/shared/run_current
2026-08-09 19:27:13 | team | default_trace_id | INFO | AgentTeam manager initialized for jiuwen_team_sess_132ca5abf483, member=planner1
2026-08-09 19:27:13 | team | default_trace_id | INFO | [planner1] TeamPolicyRail static sections: section_names=['team_role', 'team_persona']
2026-08-09 19:27:13 | team | sess_132ca5abf483 | INFO | [planner1] invoke start, role=teammate
2026-08-09 19:27:13 | team | sess_132ca5abf483 | INFO | [planner1] coordination starting
2026-08-09 19:27:13 | team | sess_132ca5abf483 | INFO | Session tables ready for session sess_132ca5abf483
2026-08-09 19:27:13 | team | sess_132ca5abf483 | INFO | Workspace /srv/jwteam_clone/shared/run_current initialized as plain shared directory (version_control disabled)
2026-08-09 19:27:13 | team | sess_132ca5abf483 | INFO | EventBus[teammate] starting
2026-08-09 19:28:09 | team | sess_132ca5abf483 | INFO | [planner1] HITT section refresh: human_agent_names=[]
2026-08-09 19:28:22 | team | sess_132ca5abf483 | INFO | [planner1] processing 1 unread messages (steer=True)
2026-08-09 19:28:22 | team | sess_132ca5abf483 | INFO | Message 1ba2a090-0224-42b5-b361-34490c6ec1fa marked as read by planner1
2026-08-09 19:28:23 | team | sess_132ca5abf483 | INFO | Task plan claimed by member planner1
2026-08-09 19:28:23 | team | sess_132ca5abf483 | INFO | Task plan claimed by member planner1
2026-08-09 19:28:37 | team | sess_132ca5abf483 | INFO | [planner1] processing 1 unread messages (steer=True)
2026-08-09 19:28:37 | team | sess_132ca5abf483 | INFO | Message ec568966-c6d3-414c-9196-9b0feee98dae marked as read by planner1
2026-08-09 19:28:59 | team | sess_132ca5abf483 | INFO | Message 5b1aa260-f3c4-480d-a460-5993fca872b4 created
2026-08-09 19:29:12 | team | sess_132ca5abf483 | INFO | [planner1] processing 1 unread messages (steer=True)
2026-08-09 19:29:12 | team | sess_132ca5abf483 | INFO | Message a287418c-f690-45ec-80b4-63e231849a80 marked as read by planner1
2026-08-09 19:29:44 | team | sess_132ca5abf483 | INFO | Message 11885448-785f-4244-b8d1-89544187bb60 created
2026-08-09 19:29:59 | team | sess_132ca5abf483 | INFO | Message fe215a5d-4a26-4684-ae83-1b8438da2a3b created
2026-08-09 19:30:02 | team | sess_132ca5abf483 | INFO | Task plan completed at 1786300202446
2026-08-09 19:30:02 | team | sess_132ca5abf483 | INFO | Resolved 1 dependencies for task plan
2026-08-09 19:30:02 | team | sess_132ca5abf483 | INFO | Task implement unblocked (all deps resolved)
2026-08-09 19:30:02 | team | sess_132ca5abf483 | INFO | Task plan completed
2026-08-09 19:30:02 | team | sess_132ca5abf483 | INFO | Unblocked 1 tasks
2026-08-09 19:30:08 | team | sess_132ca5abf483 | INFO | [planner1] processing 1 unread messages (steer=True)
2026-08-09 19:30:08 | team | sess_132ca5abf483 | INFO | Message 6c932b83-9563-4270-a33d-bc7b28f41b6a marked as read by planner1
2026-08-09 19:30:12 | team | sess_132ca5abf483 | INFO | Message d8158d30-2f1b-4367-bb0e-a2dec6a55e35 created
2026-08-09 19:32:36 | team | sess_132ca5abf483 | INFO | task list drained for team jiuwen_team_sess_132ca5abf483: 3 terminal task(s)
2026-08-09 19:32:49 | team | sess_132ca5abf483 | INFO | [planner1] processing 1 unread messages (steer=True)
2026-08-09 19:32:49 | team | sess_132ca5abf483 | INFO | Message cfddff34-ee47-4fbf-aab3-c6af4380d5bc marked as read by planner1
2026-08-09 19:33:02 | team | sess_132ca5abf483 | INFO | team jiuwen_team_sess_132ca5abf483 reported completed: 9 members, 3 tasks
2026-08-09 19:33:03 | team | sess_132ca5abf483 | INFO | [planner1] received TEAM_STANDBY, pausing polls
2026-08-09 19:33:03 | team | sess_132ca5abf483 | INFO | EventBus[teammate] pausing polls
