2026-08-09 19:27:18 | team | sess_132ca5abf483 | INFO | Team workspace directory ensured at /srv/jwteam_clone/shared/run_current
2026-08-09 19:27:18 | team | sess_132ca5abf483 | INFO | AgentTeam manager initialized for jiuwen_team_sess_132ca5abf483, member=team_leader
2026-08-09 19:27:18 | team | sess_132ca5abf483 | INFO | [team_leader] TeamPolicyRail static sections: section_names=['team_role', 'team_workflow', 'team_swarmflow', 'team_lifecycle', 'team_persona']
2026-08-09 19:27:18 | team | sess_132ca5abf483 | INFO | Session tables ready for session sess_132ca5abf483
2026-08-09 19:27:18 | team | sess_132ca5abf483 | INFO | Team database initialized
2026-08-09 19:27:18 | team | default_trace_id | INFO | Team workspace directory ensured at /srv/jwteam_clone/shared/run_current
2026-08-09 19:27:18 | team | default_trace_id | INFO | AgentTeam manager initialized for jiuwen_team_sess_132ca5abf483, member=verifier1
2026-08-09 19:27:18 | team | default_trace_id | INFO | [verifier1] TeamPolicyRail static sections: section_names=['team_role', 'team_persona']
2026-08-09 19:27:18 | team | sess_132ca5abf483 | INFO | [verifier1] invoke start, role=teammate
2026-08-09 19:27:18 | team | sess_132ca5abf483 | INFO | [verifier1] coordination starting
2026-08-09 19:27:18 | team | sess_132ca5abf483 | INFO | Session tables ready for session sess_132ca5abf483
2026-08-09 19:27:18 | team | sess_132ca5abf483 | INFO | Workspace /srv/jwteam_clone/shared/run_current initialized as plain shared directory (version_control disabled)
2026-08-09 19:27:18 | team | sess_132ca5abf483 | INFO | EventBus[teammate] starting
2026-08-09 19:28:09 | team | sess_132ca5abf483 | INFO | [verifier1] HITT section refresh: human_agent_names=[]
2026-08-09 19:28:22 | team | sess_132ca5abf483 | INFO | [verifier1] processing 1 unread messages (steer=True)
2026-08-09 19:28:22 | team | sess_132ca5abf483 | INFO | Message 1ba2a090-0224-42b5-b361-34490c6ec1fa marked as read by verifier1
2026-08-09 19:32:36 | team | sess_132ca5abf483 | INFO | task list drained for team jiuwen_team_sess_132ca5abf483: 3 terminal task(s)
2026-08-09 19:32:49 | team | sess_132ca5abf483 | INFO | [verifier1] processing 1 unread messages (steer=True)
2026-08-09 19:32:49 | team | sess_132ca5abf483 | INFO | Message cfddff34-ee47-4fbf-aab3-c6af4380d5bc marked as read by verifier1
2026-08-09 19:33:02 | team | sess_132ca5abf483 | INFO | team jiuwen_team_sess_132ca5abf483 reported completed: 9 members, 3 tasks
2026-08-09 19:33:03 | team | sess_132ca5abf483 | INFO | [verifier1] received TEAM_STANDBY, pausing polls
2026-08-09 19:33:03 | team | sess_132ca5abf483 | INFO | EventBus[teammate] pausing polls
