2026-08-08 21:28:50 | team | sess_4764442974cc | INFO | Team workspace directory ensured at /srv/jwteam_clone/shared/run_current
2026-08-08 21:28:50 | team | sess_4764442974cc | INFO | AgentTeam manager initialized for jiuwen_team_sess_4764442974cc, member=team_leader
2026-08-08 21:28:50 | team | sess_4764442974cc | INFO | [team_leader] TeamPolicyRail static sections: section_names=['team_role', 'team_workflow', 'team_swarmflow', 'team_lifecycle', 'team_persona']
2026-08-08 21:28:50 | team | sess_4764442974cc | INFO | Session tables ready for session sess_4764442974cc
2026-08-08 21:28:50 | team | sess_4764442974cc | INFO | Team database initialized
2026-08-08 21:28:50 | team | default_trace_id | INFO | Team workspace directory ensured at /srv/jwteam_clone/shared/run_current
2026-08-08 21:28:50 | team | default_trace_id | INFO | AgentTeam manager initialized for jiuwen_team_sess_4764442974cc, member=executor3
2026-08-08 21:28:50 | team | default_trace_id | INFO | [executor3] TeamPolicyRail static sections: section_names=['team_role', 'team_persona']
2026-08-08 21:28:50 | team | sess_4764442974cc | INFO | [executor3] invoke start, role=teammate
2026-08-08 21:28:50 | team | sess_4764442974cc | INFO | [executor3] coordination starting
2026-08-08 21:28:50 | team | sess_4764442974cc | INFO | Session tables ready for session sess_4764442974cc
2026-08-08 21:28:50 | team | sess_4764442974cc | INFO | Workspace /srv/jwteam_clone/shared/run_current initialized as plain shared directory (version_control disabled)
2026-08-08 21:28:50 | team | sess_4764442974cc | INFO | EventBus[teammate] starting
2026-08-08 21:29:06 | team | sess_4764442974cc | INFO | [executor3] HITT section refresh: human_agent_names=[]
2026-08-08 21:29:15 | team | sess_4764442974cc | INFO | [executor3] processing 1 unread messages (steer=True)
2026-08-08 21:29:15 | team | sess_4764442974cc | INFO | Message 050846ba-5a02-4f5d-83a4-141e2570c389 marked as read by executor3
2026-08-08 21:30:07 | team | sess_4764442974cc | INFO | Task implement claimed by member executor3
2026-08-08 21:30:07 | team | sess_4764442974cc | INFO | Task implement claimed by member executor3
2026-08-08 21:30:16 | team | sess_4764442974cc | INFO | [executor3] processing 1 unread messages (steer=True)
2026-08-08 21:30:16 | team | sess_4764442974cc | INFO | Message e30a5abe-12cd-4c4c-bd61-c1335375d77a marked as read by executor3
2026-08-08 21:30:34 | team | sess_4764442974cc | INFO | [executor3] processing 1 unread messages (steer=True)
2026-08-08 21:30:34 | team | sess_4764442974cc | INFO | Message 15b3f735-c45a-4f37-9260-db99e6fd0e24 marked as read by executor3
2026-08-08 21:30:34 | team | sess_4764442974cc | INFO | Task implement completed at 1786221034752
2026-08-08 21:30:34 | team | sess_4764442974cc | INFO | Message a78da54d-2670-4476-b103-ca148017eced created
2026-08-08 21:30:34 | team | sess_4764442974cc | INFO | Resolved 1 dependencies for task implement
2026-08-08 21:30:34 | team | sess_4764442974cc | INFO | Task verify unblocked (all deps resolved)
2026-08-08 21:30:34 | team | sess_4764442974cc | INFO | Task implement completed
2026-08-08 21:30:34 | team | sess_4764442974cc | INFO | Unblocked 1 tasks
2026-08-08 21:31:01 | team | sess_4764442974cc | INFO | [executor3] processing 1 unread messages (steer=True)
2026-08-08 21:31:01 | team | sess_4764442974cc | INFO | Message 3baecb36-c43a-4286-8aa1-25306a153eb0 marked as read by executor3
2026-08-08 21:31:31 | team | sess_4764442974cc | INFO | task list drained for team jiuwen_team_sess_4764442974cc: 3 terminal task(s)
2026-08-08 21:31:45 | team | sess_4764442974cc | INFO | [executor3] processing 1 unread messages (steer=True)
2026-08-08 21:31:45 | team | sess_4764442974cc | INFO | Message bc612c8e-8e55-44ec-a1ad-14b59d57f7bf marked as read by executor3
2026-08-08 21:31:56 | team | sess_4764442974cc | INFO | team jiuwen_team_sess_4764442974cc reported completed: 9 members, 3 tasks
2026-08-08 21:31:56 | team | sess_4764442974cc | INFO | [executor3] received TEAM_STANDBY, pausing polls
2026-08-08 21:31:56 | team | sess_4764442974cc | INFO | EventBus[teammate] pausing polls
