2026-08-08 21:28:52 | team | sess_4764442974cc | INFO | Team workspace directory ensured at /srv/jwteam_clone/shared/run_current
2026-08-08 21:28:52 | team | sess_4764442974cc | INFO | AgentTeam manager initialized for jiuwen_team_sess_4764442974cc, member=team_leader
2026-08-08 21:28:52 | team | sess_4764442974cc | INFO | [team_leader] TeamPolicyRail static sections: section_names=['team_role', 'team_workflow', 'team_swarmflow', 'team_lifecycle', 'team_persona']
2026-08-08 21:28:52 | team | sess_4764442974cc | INFO | Session tables ready for session sess_4764442974cc
2026-08-08 21:28:52 | team | sess_4764442974cc | INFO | Team database initialized
2026-08-08 21:28:52 | team | default_trace_id | INFO | Team workspace directory ensured at /srv/jwteam_clone/shared/run_current
2026-08-08 21:28:52 | team | default_trace_id | INFO | AgentTeam manager initialized for jiuwen_team_sess_4764442974cc, member=verifier2
2026-08-08 21:28:52 | team | default_trace_id | INFO | [verifier2] TeamPolicyRail static sections: section_names=['team_role', 'team_persona']
2026-08-08 21:28:52 | team | sess_4764442974cc | INFO | [verifier2] invoke start, role=teammate
2026-08-08 21:28:52 | team | sess_4764442974cc | INFO | [verifier2] coordination starting
2026-08-08 21:28:52 | team | sess_4764442974cc | INFO | Session tables ready for session sess_4764442974cc
2026-08-08 21:28:52 | team | sess_4764442974cc | INFO | Workspace /srv/jwteam_clone/shared/run_current initialized as plain shared directory (version_control disabled)
2026-08-08 21:28:52 | team | sess_4764442974cc | INFO | EventBus[teammate] starting
2026-08-08 21:29:06 | team | sess_4764442974cc | INFO | [verifier2] HITT section refresh: human_agent_names=[]
2026-08-08 21:29:15 | team | sess_4764442974cc | INFO | [verifier2] processing 1 unread messages (steer=True)
2026-08-08 21:29:15 | team | sess_4764442974cc | INFO | Message 050846ba-5a02-4f5d-83a4-141e2570c389 marked as read by verifier2
2026-08-08 21:29:37 | team | sess_4764442974cc | INFO | Message c0d8eb2f-3e3c-4dc3-b62d-3beae39be265 created
2026-08-08 21:29:42 | team | sess_4764442974cc | INFO | [verifier2] processing 1 unread messages (steer=True)
2026-08-08 21:29:42 | team | sess_4764442974cc | INFO | Message 5fb90062-163d-4e43-a9bd-dd5c8a697106 marked as read by verifier2
2026-08-08 21:30:44 | team | sess_4764442974cc | INFO | Task verify claimed by member verifier2
2026-08-08 21:30:44 | team | sess_4764442974cc | INFO | Task verify claimed by member verifier2
2026-08-08 21:31:01 | team | sess_4764442974cc | INFO | [verifier2] processing 1 unread messages (steer=True)
2026-08-08 21:31:01 | team | sess_4764442974cc | INFO | Message 751a54a6-88df-4526-a5bc-9594054ecea6 marked as read by verifier2
2026-08-08 21:31:14 | team | sess_4764442974cc | INFO | Message 75f10f05-2e8d-4c3e-892d-62dafa70ccb4 created
2026-08-08 21:31:21 | team | sess_4764442974cc | INFO | [verifier2] processing 1 unread messages (steer=True)
2026-08-08 21:31:21 | team | sess_4764442974cc | INFO | Message eee421f2-d8cd-426e-8834-cf3bbc39c35d marked as read by verifier2
2026-08-08 21:31:31 | team | sess_4764442974cc | INFO | Task verify completed at 1786221091631
2026-08-08 21:31:31 | team | sess_4764442974cc | INFO | Message 70f60ef2-f866-4e55-bef6-827338498772 created
2026-08-08 21:31:31 | team | sess_4764442974cc | INFO | Message 26bc887e-47eb-4074-8c25-71c1bc28d7e5 created
2026-08-08 21:31:31 | team | sess_4764442974cc | INFO | Task verify completed
2026-08-08 21:31:45 | team | sess_4764442974cc | INFO | [verifier2] processing 1 unread messages (steer=True)
2026-08-08 21:31:45 | team | sess_4764442974cc | INFO | Message bc612c8e-8e55-44ec-a1ad-14b59d57f7bf marked as read by verifier2
2026-08-08 21:31:56 | team | sess_4764442974cc | INFO | team jiuwen_team_sess_4764442974cc reported completed: 9 members, 3 tasks
2026-08-08 21:31:56 | team | sess_4764442974cc | INFO | [verifier2] received TEAM_STANDBY, pausing polls
2026-08-08 21:31:56 | team | sess_4764442974cc | INFO | EventBus[teammate] pausing polls
