2026-08-08 21:28:48 | team | sess_4764442974cc | INFO | Team workspace directory ensured at /srv/jwteam_clone/shared/run_current
2026-08-08 21:28:48 | team | sess_4764442974cc | INFO | AgentTeam manager initialized for jiuwen_team_sess_4764442974cc, member=team_leader
2026-08-08 21:28:48 | team | sess_4764442974cc | INFO | [team_leader] TeamPolicyRail static sections: section_names=['team_role', 'team_workflow', 'team_swarmflow', 'team_lifecycle', 'team_persona']
2026-08-08 21:28:48 | team | sess_4764442974cc | INFO | Session tables ready for session sess_4764442974cc
2026-08-08 21:28:48 | team | sess_4764442974cc | INFO | Team database initialized
2026-08-08 21:28:48 | team | default_trace_id | INFO | Team workspace directory ensured at /srv/jwteam_clone/shared/run_current
2026-08-08 21:28:48 | team | default_trace_id | INFO | AgentTeam manager initialized for jiuwen_team_sess_4764442974cc, member=executor1
2026-08-08 21:28:48 | team | default_trace_id | INFO | [executor1] TeamPolicyRail static sections: section_names=['team_role', 'team_persona']
2026-08-08 21:28:48 | team | sess_4764442974cc | INFO | [executor1] invoke start, role=teammate
2026-08-08 21:28:48 | team | sess_4764442974cc | INFO | [executor1] coordination starting
2026-08-08 21:28:48 | team | sess_4764442974cc | INFO | Session tables ready for session sess_4764442974cc
2026-08-08 21:28:48 | team | sess_4764442974cc | INFO | Workspace /srv/jwteam_clone/shared/run_current initialized as plain shared directory (version_control disabled)
2026-08-08 21:28:48 | team | sess_4764442974cc | INFO | EventBus[teammate] starting
2026-08-08 21:29:06 | team | sess_4764442974cc | INFO | [executor1] HITT section refresh: human_agent_names=[]
2026-08-08 21:29:15 | team | sess_4764442974cc | INFO | [executor1] processing 1 unread messages (steer=True)
2026-08-08 21:29:15 | team | sess_4764442974cc | INFO | Message 050846ba-5a02-4f5d-83a4-141e2570c389 marked as read by executor1
2026-08-08 21:29:53 | team | sess_4764442974cc | INFO | [executor1] processing 1 unread messages (steer=True)
2026-08-08 21:29:53 | team | sess_4764442974cc | INFO | Message d3bba6a2-837c-41e8-b79a-c01bace0cb65 marked as read by executor1
2026-08-08 21:30:07 | team | sess_4764442974cc | INFO | Message feac518a-9403-4162-bc57-78b5609958eb created
2026-08-08 21:30:16 | team | sess_4764442974cc | INFO | Message e30a5abe-12cd-4c4c-bd61-c1335375d77a created
2026-08-08 21:30:18 | team | sess_4764442974cc | INFO | [executor1] processing 1 unread messages (steer=True)
2026-08-08 21:30:18 | team | sess_4764442974cc | INFO | Message 5c3a1fd9-2b92-4870-9125-19d2948c8ac4 marked as read by executor1
2026-08-08 21:31:31 | team | sess_4764442974cc | INFO | task list drained for team jiuwen_team_sess_4764442974cc: 3 terminal task(s)
2026-08-08 21:31:45 | team | sess_4764442974cc | INFO | [executor1] processing 1 unread messages (steer=True)
2026-08-08 21:31:45 | team | sess_4764442974cc | INFO | Message bc612c8e-8e55-44ec-a1ad-14b59d57f7bf marked as read by executor1
2026-08-08 21:31:56 | team | sess_4764442974cc | INFO | team jiuwen_team_sess_4764442974cc reported completed: 9 members, 3 tasks
2026-08-08 21:31:56 | team | sess_4764442974cc | INFO | [executor1] received TEAM_STANDBY, pausing polls
2026-08-08 21:31:56 | team | sess_4764442974cc | INFO | EventBus[teammate] pausing polls
