2026-08-08 21:28:47 | team | sess_4764442974cc | INFO | Team workspace directory ensured at /srv/jwteam_clone/shared/run_current
2026-08-08 21:28:47 | team | sess_4764442974cc | INFO | AgentTeam manager initialized for jiuwen_team_sess_4764442974cc, member=team_leader
2026-08-08 21:28:47 | team | sess_4764442974cc | INFO | [team_leader] TeamPolicyRail static sections: section_names=['team_role', 'team_workflow', 'team_swarmflow', 'team_lifecycle', 'team_persona']
2026-08-08 21:28:47 | team | sess_4764442974cc | INFO | Session tables ready for session sess_4764442974cc
2026-08-08 21:28:47 | team | sess_4764442974cc | INFO | Team database initialized
2026-08-08 21:28:48 | team | default_trace_id | INFO | Team workspace directory ensured at /srv/jwteam_clone/shared/run_current
2026-08-08 21:28:48 | team | default_trace_id | INFO | AgentTeam manager initialized for jiuwen_team_sess_4764442974cc, member=planner2
2026-08-08 21:28:48 | team | default_trace_id | INFO | [planner2] TeamPolicyRail static sections: section_names=['team_role', 'team_persona']
2026-08-08 21:28:48 | team | sess_4764442974cc | INFO | [planner2] invoke start, role=teammate
2026-08-08 21:28:48 | team | sess_4764442974cc | INFO | [planner2] coordination starting
2026-08-08 21:28:48 | team | sess_4764442974cc | INFO | Session tables ready for session sess_4764442974cc
2026-08-08 21:28:48 | team | sess_4764442974cc | INFO | Workspace /srv/jwteam_clone/shared/run_current initialized as plain shared directory (version_control disabled)
2026-08-08 21:28:48 | team | sess_4764442974cc | INFO | EventBus[teammate] starting
2026-08-08 21:29:06 | team | sess_4764442974cc | INFO | [planner2] HITT section refresh: human_agent_names=[]
2026-08-08 21:29:15 | team | sess_4764442974cc | INFO | [planner2] processing 1 unread messages (steer=True)
2026-08-08 21:29:15 | team | sess_4764442974cc | INFO | Message 050846ba-5a02-4f5d-83a4-141e2570c389 marked as read by planner2
2026-08-08 21:31:31 | team | sess_4764442974cc | INFO | task list drained for team jiuwen_team_sess_4764442974cc: 3 terminal task(s)
2026-08-08 21:31:45 | team | sess_4764442974cc | INFO | [planner2] processing 1 unread messages (steer=True)
2026-08-08 21:31:45 | team | sess_4764442974cc | INFO | Message bc612c8e-8e55-44ec-a1ad-14b59d57f7bf marked as read by planner2
2026-08-08 21:31:56 | team | sess_4764442974cc | INFO | team jiuwen_team_sess_4764442974cc reported completed: 9 members, 3 tasks
2026-08-08 21:31:56 | team | sess_4764442974cc | INFO | [planner2] received TEAM_STANDBY, pausing polls
2026-08-08 21:31:56 | team | sess_4764442974cc | INFO | EventBus[teammate] pausing polls
