2026-08-08 21:28:51 | team | sess_4764442974cc | INFO | Team workspace directory ensured at /srv/jwteam_clone/shared/run_current
2026-08-08 21:28:51 | team | sess_4764442974cc | INFO | AgentTeam manager initialized for jiuwen_team_sess_4764442974cc, member=team_leader
2026-08-08 21:28:51 | team | sess_4764442974cc | INFO | [team_leader] TeamPolicyRail static sections: section_names=['team_role', 'team_workflow', 'team_swarmflow', 'team_lifecycle', 'team_persona']
2026-08-08 21:28:51 | team | sess_4764442974cc | INFO | Session tables ready for session sess_4764442974cc
2026-08-08 21:28:51 | team | sess_4764442974cc | INFO | Team database initialized
2026-08-08 21:28:51 | team | default_trace_id | INFO | Team workspace directory ensured at /srv/jwteam_clone/shared/run_current
2026-08-08 21:28:51 | team | default_trace_id | INFO | AgentTeam manager initialized for jiuwen_team_sess_4764442974cc, member=verifier1
2026-08-08 21:28:51 | team | default_trace_id | INFO | [verifier1] TeamPolicyRail static sections: section_names=['team_role', 'team_persona']
2026-08-08 21:28:51 | team | sess_4764442974cc | INFO | [verifier1] invoke start, role=teammate
2026-08-08 21:28:51 | team | sess_4764442974cc | INFO | [verifier1] coordination starting
2026-08-08 21:28:51 | team | sess_4764442974cc | INFO | Session tables ready for session sess_4764442974cc
2026-08-08 21:28:51 | team | sess_4764442974cc | INFO | Workspace /srv/jwteam_clone/shared/run_current initialized as plain shared directory (version_control disabled)
2026-08-08 21:28:51 | team | sess_4764442974cc | INFO | EventBus[teammate] starting
2026-08-08 21:29:06 | team | sess_4764442974cc | INFO | [verifier1] HITT section refresh: human_agent_names=[]
2026-08-08 21:29:15 | team | sess_4764442974cc | INFO | [verifier1] processing 1 unread messages (steer=True)
2026-08-08 21:29:15 | team | sess_4764442974cc | INFO | Message 050846ba-5a02-4f5d-83a4-141e2570c389 marked as read by verifier1
2026-08-08 21:29:50 | team | sess_4764442974cc | INFO | Message 7bd27205-1bd1-406b-82ed-17fa211b3476 created
2026-08-08 21:30:05 | team | sess_4764442974cc | INFO | [verifier1] processing 1 unread messages (steer=True)
2026-08-08 21:30:05 | team | sess_4764442974cc | INFO | Message 603cb84a-26af-4631-a578-78b77c103e97 marked as read by verifier1
2026-08-08 21:30:34 | team | sess_4764442974cc | INFO | [verifier1] processing 1 unread messages (steer=True)
2026-08-08 21:30:34 | team | sess_4764442974cc | INFO | Message a78da54d-2670-4476-b103-ca148017eced marked as read by verifier1
2026-08-08 21:31:01 | team | sess_4764442974cc | INFO | Message 3baecb36-c43a-4286-8aa1-25306a153eb0 created
2026-08-08 21:31:01 | team | sess_4764442974cc | INFO | Message 751a54a6-88df-4526-a5bc-9594054ecea6 created
2026-08-08 21:31:14 | team | sess_4764442974cc | INFO | [verifier1] processing 1 unread messages (steer=True)
2026-08-08 21:31:15 | team | sess_4764442974cc | INFO | Message 75f10f05-2e8d-4c3e-892d-62dafa70ccb4 marked as read by verifier1
2026-08-08 21:31:21 | team | sess_4764442974cc | INFO | Message eee421f2-d8cd-426e-8834-cf3bbc39c35d created
2026-08-08 21:31:31 | team | sess_4764442974cc | INFO | [verifier1] processing 1 unread messages (steer=True)
2026-08-08 21:31:31 | team | sess_4764442974cc | INFO | Message 70f60ef2-f866-4e55-bef6-827338498772 marked as read by verifier1
2026-08-08 21:31:31 | team | sess_4764442974cc | INFO | task list drained for team jiuwen_team_sess_4764442974cc: 3 terminal task(s)
2026-08-08 21:31:45 | team | sess_4764442974cc | INFO | [verifier1] processing 1 unread messages (steer=True)
2026-08-08 21:31:45 | team | sess_4764442974cc | INFO | Message bc612c8e-8e55-44ec-a1ad-14b59d57f7bf marked as read by verifier1
2026-08-08 21:31:56 | team | sess_4764442974cc | INFO | team jiuwen_team_sess_4764442974cc reported completed: 9 members, 3 tasks
2026-08-08 21:31:56 | team | sess_4764442974cc | INFO | [verifier1] received TEAM_STANDBY, pausing polls
2026-08-08 21:31:56 | team | sess_4764442974cc | INFO | EventBus[teammate] pausing polls
