2026-08-08 08:33:26 | team | sess_530947da74ba | INFO | Team workspace directory ensured at /srv/jwteam_clone/shared/run_current
2026-08-08 08:33:26 | team | sess_530947da74ba | INFO | AgentTeam manager initialized for jiuwen_team_sess_530947da74ba, member=team_leader
2026-08-08 08:33:26 | team | sess_530947da74ba | INFO | [team_leader] TeamPolicyRail static sections: section_names=['team_role', 'team_workflow', 'team_swarmflow', 'team_lifecycle', 'team_persona']
2026-08-08 08:33:26 | team | sess_530947da74ba | INFO | Session tables ready for session sess_530947da74ba
2026-08-08 08:33:26 | team | sess_530947da74ba | INFO | Team database initialized
2026-08-08 08:33:26 | team | default_trace_id | INFO | Team workspace directory ensured at /srv/jwteam_clone/shared/run_current
2026-08-08 08:33:26 | team | default_trace_id | INFO | AgentTeam manager initialized for jiuwen_team_sess_530947da74ba, member=executor1
2026-08-08 08:33:26 | team | default_trace_id | INFO | [executor1] TeamPolicyRail static sections: section_names=['team_role', 'team_persona']
2026-08-08 08:33:26 | team | sess_530947da74ba | INFO | [executor1] invoke start, role=teammate
2026-08-08 08:33:26 | team | sess_530947da74ba | INFO | [executor1] coordination starting
2026-08-08 08:33:26 | team | sess_530947da74ba | INFO | Session tables ready for session sess_530947da74ba
2026-08-08 08:33:27 | team | sess_530947da74ba | INFO | Workspace /srv/jwteam_clone/shared/run_current initialized as plain shared directory (version_control disabled)
2026-08-08 08:33:27 | team | sess_530947da74ba | INFO | EventBus[teammate] starting
2026-08-08 08:33:48 | team | sess_530947da74ba | INFO | [executor1] HITT section refresh: human_agent_names=[]
2026-08-08 08:34:01 | team | sess_530947da74ba | INFO | [executor1] processing 1 unread messages (steer=True)
2026-08-08 08:34:01 | team | sess_530947da74ba | INFO | Message 27b1494c-995d-4028-8aa8-3bfa823e5a14 marked as read by executor1
2026-08-08 08:35:05 | team | sess_530947da74ba | INFO | [executor1] processing 1 unread messages (steer=True)
2026-08-08 08:35:05 | team | sess_530947da74ba | INFO | Message eb62c864-588e-48f0-ab95-2e20821a6358 marked as read by executor1
2026-08-08 08:35:11 | team | sess_530947da74ba | INFO | Task p5-implement claimed by member executor1
2026-08-08 08:35:11 | team | sess_530947da74ba | INFO | Task p5-implement claimed by member executor1
2026-08-08 08:37:16 | team | sess_530947da74ba | INFO | Task p5-implement completed at 1786174636717
2026-08-08 08:37:16 | team | sess_530947da74ba | INFO | Resolved 1 dependencies for task p5-implement
2026-08-08 08:37:16 | team | sess_530947da74ba | INFO | Task p5-verify unblocked (all deps resolved)
2026-08-08 08:37:16 | team | sess_530947da74ba | INFO | Task p5-implement completed
2026-08-08 08:37:16 | team | sess_530947da74ba | INFO | Unblocked 1 tasks
2026-08-08 08:37:26 | team | sess_530947da74ba | INFO | Message 436ab978-51e8-4649-a0ed-2bfd44a4e4df created
2026-08-08 08:38:32 | team | sess_530947da74ba | INFO | task list drained for team jiuwen_team_sess_530947da74ba: 3 terminal task(s)
2026-08-08 08:38:44 | team | sess_530947da74ba | INFO | [executor1] processing 1 unread messages (steer=True)
2026-08-08 08:38:45 | team | sess_530947da74ba | INFO | Message 8e217f80-7ed3-4427-8f10-4ef51702a239 marked as read by executor1
2026-08-08 08:38:59 | team | sess_530947da74ba | INFO | team jiuwen_team_sess_530947da74ba reported completed: 9 members, 3 tasks
2026-08-08 08:38:59 | team | sess_530947da74ba | INFO | [executor1] received TEAM_STANDBY, pausing polls
2026-08-08 08:38:59 | team | sess_530947da74ba | INFO | EventBus[teammate] pausing polls
