2026-08-23 22:34:52 | team | sess_6d7475a50a87 | INFO | Team workspace directory ensured at /srv/jwteam_clone/shared/run_current
2026-08-23 22:34:52 | team | sess_6d7475a50a87 | INFO | AgentTeam manager initialized for jiuwen_team_sess_6d7475a50a87, member=team_leader
2026-08-23 22:34:52 | team | sess_6d7475a50a87 | INFO | [team_leader] TeamPolicyRail static sections: section_names=['team_role', 'team_workflow', 'team_swarmflow', 'team_lifecycle', 'team_persona']
2026-08-23 22:34:52 | team | sess_6d7475a50a87 | INFO | Session tables ready for session sess_6d7475a50a87
2026-08-23 22:34:52 | team | sess_6d7475a50a87 | INFO | Team database initialized
2026-08-23 22:34:52 | team | default_trace_id | INFO | Team workspace directory ensured at /srv/jwteam_clone/shared/run_current
2026-08-23 22:34:52 | team | default_trace_id | INFO | AgentTeam manager initialized for jiuwen_team_sess_6d7475a50a87, member=executor1
2026-08-23 22:34:52 | team | default_trace_id | INFO | [executor1] TeamPolicyRail static sections: section_names=['team_role', 'team_persona']
2026-08-23 22:34:52 | team | sess_6d7475a50a87 | INFO | [executor1] invoke start, role=teammate
2026-08-23 22:34:52 | team | sess_6d7475a50a87 | INFO | [executor1] coordination starting
2026-08-23 22:34:52 | team | sess_6d7475a50a87 | INFO | Session tables ready for session sess_6d7475a50a87
2026-08-23 22:34:52 | team | sess_6d7475a50a87 | INFO | Workspace /srv/jwteam_clone/shared/run_current initialized as plain shared directory (version_control disabled)
2026-08-23 22:34:52 | team | sess_6d7475a50a87 | INFO | EventBus[teammate] starting
2026-08-23 22:35:31 | team | sess_6d7475a50a87 | INFO | [executor1] HITT section refresh: human_agent_names=[]
2026-08-23 22:36:15 | team | sess_6d7475a50a87 | INFO | [executor1] processing 1 unread messages (steer=True)
2026-08-23 22:36:15 | team | sess_6d7475a50a87 | INFO | Message c404acd6-3276-4ca5-94d4-2d208c85b645 marked as read by executor1
2026-08-23 22:36:58 | team | sess_6d7475a50a87 | INFO | task list drained for team jiuwen_team_sess_6d7475a50a87: 3 terminal task(s)
2026-08-23 22:39:00 | team | sess_6d7475a50a87 | INFO | Message 57d8e07c-3010-47f8-a0e0-c15029801a5a created
2026-08-23 22:39:00 | team | sess_6d7475a50a87 | INFO | Message 5cafdacb-a79c-40c5-ab5a-2a94d4750ce5 created
2026-08-23 22:39:01 | team | sess_6d7475a50a87 | INFO | [executor1] received TASK_CLAIMED for self, task_id=impl, human_agent=False
2026-08-23 22:39:10 | team | sess_6d7475a50a87 | INFO | [executor1] processing 1 unread messages (steer=True)
2026-08-23 22:39:10 | team | sess_6d7475a50a87 | INFO | Message 0b5eecaa-7086-487b-9b35-8adc6e38f3a6 marked as read by executor1
2026-08-23 22:40:15 | team | sess_6d7475a50a87 | INFO | Task impl completed at 1787521215638
2026-08-23 22:40:15 | team | sess_6d7475a50a87 | INFO | Message 34c54bee-95bb-4e34-9edf-06790f8e2180 created
2026-08-23 22:40:15 | team | sess_6d7475a50a87 | INFO | Task impl completed
2026-08-23 22:41:13 | team | sess_6d7475a50a87 | INFO | [executor1] processing 1 unread messages (steer=True)
2026-08-23 22:41:13 | team | sess_6d7475a50a87 | INFO | Message e1ecae19-9aee-478f-b5d2-002beabc43b9 marked as read by executor1
2026-08-23 22:41:35 | team | sess_6d7475a50a87 | INFO | Message 128a29f2-9f2f-4f8d-a908-390f7c4d068b created
2026-08-23 22:41:59 | team | sess_6d7475a50a87 | INFO | task list drained for team jiuwen_team_sess_6d7475a50a87: 5 terminal task(s)
2026-08-23 22:42:14 | team | sess_6d7475a50a87 | INFO | [executor1] processing 1 unread messages (steer=True)
2026-08-23 22:42:14 | team | sess_6d7475a50a87 | INFO | Message 2ed41752-f96f-4d77-aa17-f4c8521a9ae3 marked as read by executor1
2026-08-23 22:42:14 | team | sess_6d7475a50a87 | INFO | [executor1] processing 1 unread messages (steer=True)
2026-08-23 22:42:14 | team | sess_6d7475a50a87 | INFO | Message 0a22b0e8-0c35-44c3-b3f9-0b5c33713b86 marked as read by executor1
2026-08-23 22:42:32 | team | sess_6d7475a50a87 | INFO | team jiuwen_team_sess_6d7475a50a87 reported completed: 9 members, 5 tasks
2026-08-23 22:42:32 | team | sess_6d7475a50a87 | INFO | [executor1] received TEAM_STANDBY, pausing polls
2026-08-23 22:42:32 | team | sess_6d7475a50a87 | INFO | EventBus[teammate] pausing polls
