2026-08-23 22:34:53 | team | sess_6d7475a50a87 | INFO | Team workspace directory ensured at /srv/jwteam_clone/shared/run_current
2026-08-23 22:34:53 | team | sess_6d7475a50a87 | INFO | AgentTeam manager initialized for jiuwen_team_sess_6d7475a50a87, member=team_leader
2026-08-23 22:34:53 | team | sess_6d7475a50a87 | INFO | [team_leader] TeamPolicyRail static sections: section_names=['team_role', 'team_workflow', 'team_swarmflow', 'team_lifecycle', 'team_persona']
2026-08-23 22:34:53 | team | sess_6d7475a50a87 | INFO | Session tables ready for session sess_6d7475a50a87
2026-08-23 22:34:53 | team | sess_6d7475a50a87 | INFO | Team database initialized
2026-08-23 22:34:53 | team | default_trace_id | INFO | Team workspace directory ensured at /srv/jwteam_clone/shared/run_current
2026-08-23 22:34:53 | team | default_trace_id | INFO | AgentTeam manager initialized for jiuwen_team_sess_6d7475a50a87, member=executor2
2026-08-23 22:34:53 | team | default_trace_id | INFO | [executor2] TeamPolicyRail static sections: section_names=['team_role', 'team_persona']
2026-08-23 22:34:53 | team | sess_6d7475a50a87 | INFO | [executor2] invoke start, role=teammate
2026-08-23 22:34:53 | team | sess_6d7475a50a87 | INFO | [executor2] coordination starting
2026-08-23 22:34:53 | team | sess_6d7475a50a87 | INFO | Session tables ready for session sess_6d7475a50a87
2026-08-23 22:34:53 | team | sess_6d7475a50a87 | INFO | Workspace /srv/jwteam_clone/shared/run_current initialized as plain shared directory (version_control disabled)
2026-08-23 22:34:53 | team | sess_6d7475a50a87 | INFO | EventBus[teammate] starting
2026-08-23 22:35:31 | team | sess_6d7475a50a87 | INFO | [executor2] HITT section refresh: human_agent_names=[]
2026-08-23 22:36:26 | team | sess_6d7475a50a87 | INFO | Task implement claimed by member executor2
2026-08-23 22:36:26 | team | sess_6d7475a50a87 | INFO | Task implement claimed by member executor2
2026-08-23 22:36:58 | team | sess_6d7475a50a87 | INFO | [executor2] processing 1 unread messages (steer=True)
2026-08-23 22:36:58 | team | sess_6d7475a50a87 | INFO | Message ae3d1515-40ac-4709-a34a-d5b69ed2afeb marked as read by executor2
2026-08-23 22:36:58 | team | sess_6d7475a50a87 | INFO | task list drained for team jiuwen_team_sess_6d7475a50a87: 3 terminal task(s)
2026-08-23 22:39:00 | team | sess_6d7475a50a87 | INFO | [executor2] processing 1 unread messages (steer=True)
2026-08-23 22:39:00 | team | sess_6d7475a50a87 | INFO | Message 5cafdacb-a79c-40c5-ab5a-2a94d4750ce5 marked as read by executor2
2026-08-23 22:41:13 | team | sess_6d7475a50a87 | INFO | Message e1ecae19-9aee-478f-b5d2-002beabc43b9 created
2026-08-23 22:41:13 | team | sess_6d7475a50a87 | INFO | Message 16919a57-bc8b-4993-8ca9-2467ed0630d7 created
2026-08-23 22:41:35 | team | sess_6d7475a50a87 | INFO | [executor2] processing 1 unread messages (steer=True)
2026-08-23 22:41:36 | team | sess_6d7475a50a87 | INFO | Message 128a29f2-9f2f-4f8d-a908-390f7c4d068b marked as read by executor2
2026-08-23 22:41:59 | team | sess_6d7475a50a87 | INFO | task list drained for team jiuwen_team_sess_6d7475a50a87: 5 terminal task(s)
2026-08-23 22:42:14 | team | sess_6d7475a50a87 | INFO | [executor2] processing 1 unread messages (steer=True)
2026-08-23 22:42:14 | team | sess_6d7475a50a87 | INFO | Message 2ed41752-f96f-4d77-aa17-f4c8521a9ae3 marked as read by executor2
2026-08-23 22:42:14 | team | sess_6d7475a50a87 | INFO | [executor2] processing 1 unread messages (steer=True)
2026-08-23 22:42:14 | team | sess_6d7475a50a87 | INFO | Message 5a2ad085-64cb-491e-aaca-a5817b44649a marked as read by executor2
2026-08-23 22:42:32 | team | sess_6d7475a50a87 | INFO | team jiuwen_team_sess_6d7475a50a87 reported completed: 9 members, 5 tasks
2026-08-23 22:42:32 | team | sess_6d7475a50a87 | INFO | [executor2] received TEAM_STANDBY, pausing polls
2026-08-23 22:42:32 | team | sess_6d7475a50a87 | INFO | EventBus[teammate] pausing polls
