2026-08-23 22:34:50 | team | sess_6d7475a50a87 | INFO | Team workspace directory ensured at /srv/jwteam_clone/shared/run_current
2026-08-23 22:34:50 | team | sess_6d7475a50a87 | INFO | AgentTeam manager initialized for jiuwen_team_sess_6d7475a50a87, member=team_leader
2026-08-23 22:34:50 | team | sess_6d7475a50a87 | INFO | [team_leader] TeamPolicyRail static sections: section_names=['team_role', 'team_workflow', 'team_swarmflow', 'team_lifecycle', 'team_persona']
2026-08-23 22:34:50 | team | sess_6d7475a50a87 | INFO | Session tables ready for session sess_6d7475a50a87
2026-08-23 22:34:50 | team | sess_6d7475a50a87 | INFO | Team database initialized
2026-08-23 22:34:50 | team | default_trace_id | INFO | Team workspace directory ensured at /srv/jwteam_clone/shared/run_current
2026-08-23 22:34:50 | team | default_trace_id | INFO | AgentTeam manager initialized for jiuwen_team_sess_6d7475a50a87, member=planner1
2026-08-23 22:34:50 | team | default_trace_id | INFO | [planner1] TeamPolicyRail static sections: section_names=['team_role', 'team_persona']
2026-08-23 22:34:50 | team | sess_6d7475a50a87 | INFO | [planner1] invoke start, role=teammate
2026-08-23 22:34:50 | team | sess_6d7475a50a87 | INFO | [planner1] coordination starting
2026-08-23 22:34:50 | team | sess_6d7475a50a87 | INFO | Session tables ready for session sess_6d7475a50a87
2026-08-23 22:34:50 | team | sess_6d7475a50a87 | INFO | Workspace /srv/jwteam_clone/shared/run_current initialized as plain shared directory (version_control disabled)
2026-08-23 22:34:50 | team | sess_6d7475a50a87 | INFO | EventBus[teammate] starting
2026-08-23 22:35:31 | team | sess_6d7475a50a87 | INFO | [planner1] HITT section refresh: human_agent_names=[]
2026-08-23 22:35:34 | team | sess_6d7475a50a87 | INFO | [planner1] received TASK_CLAIMED for self, task_id=plan, human_agent=False
2026-08-23 22:36:15 | team | sess_6d7475a50a87 | INFO | Message c404acd6-3276-4ca5-94d4-2d208c85b645 created
2026-08-23 22:36:17 | team | sess_6d7475a50a87 | INFO | Task plan completed at 1787520977899
2026-08-23 22:36:17 | team | sess_6d7475a50a87 | INFO | Resolved 1 dependencies for task plan
2026-08-23 22:36:17 | team | sess_6d7475a50a87 | INFO | Task implement unblocked (all deps resolved)
2026-08-23 22:36:17 | team | sess_6d7475a50a87 | INFO | Task plan completed
2026-08-23 22:36:17 | team | sess_6d7475a50a87 | INFO | Unblocked 1 tasks
2026-08-23 22:36:34 | team | sess_6d7475a50a87 | INFO | [planner1] processing 1 unread messages (steer=True)
2026-08-23 22:36:34 | team | sess_6d7475a50a87 | INFO | Message b6c772e0-0cbf-4243-9af9-801d81250d45 marked as read by planner1
2026-08-23 22:36:47 | team | sess_6d7475a50a87 | INFO | Message a12416c5-d70e-4096-a621-856a19ea0394 created
2026-08-23 22:36:58 | team | sess_6d7475a50a87 | INFO | task list drained for team jiuwen_team_sess_6d7475a50a87: 3 terminal task(s)
2026-08-23 22:39:00 | team | sess_6d7475a50a87 | INFO | [planner1] processing 1 unread messages (steer=True)
2026-08-23 22:39:00 | team | sess_6d7475a50a87 | INFO | Message 57d8e07c-3010-47f8-a0e0-c15029801a5a marked as read by planner1
2026-08-23 22:39:10 | team | sess_6d7475a50a87 | INFO | Message 0b5eecaa-7086-487b-9b35-8adc6e38f3a6 created
2026-08-23 22:41:59 | team | sess_6d7475a50a87 | INFO | task list drained for team jiuwen_team_sess_6d7475a50a87: 5 terminal task(s)
2026-08-23 22:42:14 | team | sess_6d7475a50a87 | INFO | [planner1] processing 1 unread messages (steer=True)
2026-08-23 22:42:14 | team | sess_6d7475a50a87 | INFO | Message 2ed41752-f96f-4d77-aa17-f4c8521a9ae3 marked as read by planner1
2026-08-23 22:42:32 | team | sess_6d7475a50a87 | INFO | team jiuwen_team_sess_6d7475a50a87 reported completed: 9 members, 5 tasks
2026-08-23 22:42:32 | team | sess_6d7475a50a87 | INFO | [planner1] received TEAM_STANDBY, pausing polls
2026-08-23 22:42:32 | team | sess_6d7475a50a87 | INFO | EventBus[teammate] pausing polls
