2026-08-23 22:34:55 | team | sess_6d7475a50a87 | INFO | Team workspace directory ensured at /srv/jwteam_clone/shared/run_current
2026-08-23 22:34:55 | team | sess_6d7475a50a87 | INFO | AgentTeam manager initialized for jiuwen_team_sess_6d7475a50a87, member=team_leader
2026-08-23 22:34:55 | team | sess_6d7475a50a87 | INFO | [team_leader] TeamPolicyRail static sections: section_names=['team_role', 'team_workflow', 'team_swarmflow', 'team_lifecycle', 'team_persona']
2026-08-23 22:34:55 | team | sess_6d7475a50a87 | INFO | Session tables ready for session sess_6d7475a50a87
2026-08-23 22:34:55 | team | sess_6d7475a50a87 | INFO | Team database initialized
2026-08-23 22:34:55 | team | default_trace_id | INFO | Team workspace directory ensured at /srv/jwteam_clone/shared/run_current
2026-08-23 22:34:55 | team | default_trace_id | INFO | AgentTeam manager initialized for jiuwen_team_sess_6d7475a50a87, member=verifier2
2026-08-23 22:34:55 | team | default_trace_id | INFO | [verifier2] TeamPolicyRail static sections: section_names=['team_role', 'team_persona']
2026-08-23 22:34:55 | team | sess_6d7475a50a87 | INFO | [verifier2] invoke start, role=teammate
2026-08-23 22:34:55 | team | sess_6d7475a50a87 | INFO | [verifier2] coordination starting
2026-08-23 22:34:55 | team | sess_6d7475a50a87 | INFO | Session tables ready for session sess_6d7475a50a87
2026-08-23 22:34:55 | team | sess_6d7475a50a87 | INFO | Workspace /srv/jwteam_clone/shared/run_current initialized as plain shared directory (version_control disabled)
2026-08-23 22:34:55 | team | sess_6d7475a50a87 | INFO | EventBus[teammate] starting
2026-08-23 22:35:31 | team | sess_6d7475a50a87 | INFO | [verifier2] HITT section refresh: human_agent_names=[]
2026-08-23 22:36:58 | team | sess_6d7475a50a87 | INFO | task list drained for team jiuwen_team_sess_6d7475a50a87: 3 terminal task(s)
2026-08-23 22:39:38 | team | sess_6d7475a50a87 | INFO | Message 652a9024-dece-4581-8072-51a9d7171cb3 created
2026-08-23 22:39:49 | team | sess_6d7475a50a87 | INFO | [verifier2] processing 1 unread messages (steer=True)
2026-08-23 22:39:49 | team | sess_6d7475a50a87 | INFO | Message c83e1ca7-d3da-4323-aeaf-81f5f2d3499e marked as read by verifier2
2026-08-23 22:40:04 | team | sess_6d7475a50a87 | INFO | Message 9324736e-9003-4cc7-8611-0ef53458bbcd created
2026-08-23 22:41:05 | team | sess_6d7475a50a87 | INFO | Message 4e30dc18-e89d-4a92-ada3-9834ed5a7a51 created
2026-08-23 22:41:59 | team | sess_6d7475a50a87 | INFO | task list drained for team jiuwen_team_sess_6d7475a50a87: 5 terminal task(s)
2026-08-23 22:42:14 | team | sess_6d7475a50a87 | INFO | [verifier2] processing 1 unread messages (steer=True)
2026-08-23 22:42:14 | team | sess_6d7475a50a87 | INFO | Message 2ed41752-f96f-4d77-aa17-f4c8521a9ae3 marked as read by verifier2
2026-08-23 22:42:14 | team | sess_6d7475a50a87 | INFO | [verifier2] processing 1 unread messages (steer=True)
2026-08-23 22:42:14 | team | sess_6d7475a50a87 | INFO | Message 5fe971f2-0f68-4fa5-867b-39ac52ffa57b marked as read by verifier2
2026-08-23 22:42:32 | team | sess_6d7475a50a87 | INFO | team jiuwen_team_sess_6d7475a50a87 reported completed: 9 members, 5 tasks
2026-08-23 22:42:32 | team | sess_6d7475a50a87 | INFO | [verifier2] received TEAM_STANDBY, pausing polls
2026-08-23 22:42:32 | team | sess_6d7475a50a87 | INFO | EventBus[teammate] pausing polls
