2026-08-23 16:06:27 | team | sess_07253cc36c2e | INFO | Team workspace directory ensured at /srv/jwteam_clone/shared/run_current
2026-08-23 16:06:27 | team | sess_07253cc36c2e | INFO | AgentTeam manager initialized for jiuwen_team_sess_07253cc36c2e, member=team_leader
2026-08-23 16:06:27 | team | sess_07253cc36c2e | INFO | [team_leader] TeamPolicyRail static sections: section_names=['team_role', 'team_workflow', 'team_swarmflow', 'team_lifecycle', 'team_persona']
2026-08-23 16:06:27 | team | sess_07253cc36c2e | INFO | Session tables ready for session sess_07253cc36c2e
2026-08-23 16:06:27 | team | sess_07253cc36c2e | INFO | Team database initialized
2026-08-23 16:06:27 | team | default_trace_id | INFO | Team workspace directory ensured at /srv/jwteam_clone/shared/run_current
2026-08-23 16:06:27 | team | default_trace_id | INFO | AgentTeam manager initialized for jiuwen_team_sess_07253cc36c2e, member=verifier2
2026-08-23 16:06:27 | team | default_trace_id | INFO | [verifier2] TeamPolicyRail static sections: section_names=['team_role', 'team_persona']
2026-08-23 16:06:28 | team | sess_07253cc36c2e | INFO | [verifier2] invoke start, role=teammate
2026-08-23 16:06:28 | team | sess_07253cc36c2e | INFO | [verifier2] coordination starting
2026-08-23 16:06:28 | team | sess_07253cc36c2e | INFO | Session tables ready for session sess_07253cc36c2e
2026-08-23 16:06:28 | team | sess_07253cc36c2e | INFO | Workspace /srv/jwteam_clone/shared/run_current initialized as plain shared directory (version_control disabled)
2026-08-23 16:06:28 | team | sess_07253cc36c2e | INFO | EventBus[teammate] starting
2026-08-23 16:09:54 | team | sess_07253cc36c2e | INFO | [verifier2] HITT section refresh: human_agent_names=[]
2026-08-23 16:12:10 | team | sess_07253cc36c2e | INFO | [verifier2] received TASK_CLAIMED for self, task_id=ver_spec6, human_agent=False
2026-08-23 16:13:23 | team | sess_07253cc36c2e | INFO | [verifier2] processing 1 unread messages (steer=True)
2026-08-23 16:13:23 | team | sess_07253cc36c2e | INFO | Message 2229b2b5-2de1-4691-ba81-b443dc54ea5a marked as read by verifier2
2026-08-23 16:13:29 | team | sess_07253cc36c2e | INFO | Message 6128ea8c-797f-4994-a138-8fb489a13593 created
2026-08-23 16:17:05 | team | sess_07253cc36c2e | INFO | [verifier2] processing 1 unread messages (steer=True)
2026-08-23 16:17:05 | team | sess_07253cc36c2e | INFO | Message 788b9bcb-3f96-4f7d-8a58-99039aced945 marked as read by verifier2
2026-08-23 16:17:17 | team | sess_07253cc36c2e | INFO | Message b322de49-6831-406d-b55e-dcc4b44674f9 created
2026-08-23 16:17:33 | team | sess_07253cc36c2e | INFO | [verifier2] processing 1 unread messages (steer=True)
2026-08-23 16:17:33 | team | sess_07253cc36c2e | INFO | Message 2d2b06be-8a94-44a2-9d89-95537fc2a397 marked as read by verifier2
2026-08-23 16:18:56 | team | sess_07253cc36c2e | INFO | Task ver_spec6 completed at 1787498336131
2026-08-23 16:18:56 | team | sess_07253cc36c2e | INFO | Task ver_spec6 completed
2026-08-23 16:19:04 | team | sess_07253cc36c2e | INFO | Message e7a02353-d498-43f4-b5c0-6ddbf7e590f5 created
2026-08-23 16:19:30 | team | sess_07253cc36c2e | INFO | team jiuwen_team_sess_07253cc36c2e reported completed: 9 members, 10 tasks
2026-08-23 16:19:30 | team | sess_07253cc36c2e | INFO | [verifier2] received TEAM_STANDBY, pausing polls
2026-08-23 16:19:30 | team | sess_07253cc36c2e | INFO | EventBus[teammate] pausing polls
