2026-08-23 16:06:23 | team | sess_07253cc36c2e | INFO | Team workspace directory ensured at /srv/jwteam_clone/shared/run_current
2026-08-23 16:06:23 | team | sess_07253cc36c2e | INFO | AgentTeam manager initialized for jiuwen_team_sess_07253cc36c2e, member=team_leader
2026-08-23 16:06:23 | team | sess_07253cc36c2e | INFO | [team_leader] TeamPolicyRail static sections: section_names=['team_role', 'team_workflow', 'team_swarmflow', 'team_lifecycle', 'team_persona']
2026-08-23 16:06:23 | team | sess_07253cc36c2e | INFO | Session tables ready for session sess_07253cc36c2e
2026-08-23 16:06:23 | team | sess_07253cc36c2e | INFO | Team database initialized
2026-08-23 16:06:23 | team | default_trace_id | INFO | Team workspace directory ensured at /srv/jwteam_clone/shared/run_current
2026-08-23 16:06:23 | team | default_trace_id | INFO | AgentTeam manager initialized for jiuwen_team_sess_07253cc36c2e, member=planner2
2026-08-23 16:06:23 | team | default_trace_id | INFO | [planner2] TeamPolicyRail static sections: section_names=['team_role', 'team_persona']
2026-08-23 16:06:23 | team | sess_07253cc36c2e | INFO | [planner2] invoke start, role=teammate
2026-08-23 16:06:23 | team | sess_07253cc36c2e | INFO | [planner2] coordination starting
2026-08-23 16:06:23 | team | sess_07253cc36c2e | INFO | Session tables ready for session sess_07253cc36c2e
2026-08-23 16:06:23 | team | sess_07253cc36c2e | INFO | Workspace /srv/jwteam_clone/shared/run_current initialized as plain shared directory (version_control disabled)
2026-08-23 16:06:23 | team | sess_07253cc36c2e | INFO | EventBus[teammate] starting
2026-08-23 16:09:54 | team | sess_07253cc36c2e | INFO | [planner2] HITT section refresh: human_agent_names=[]
2026-08-23 16:10:00 | team | sess_07253cc36c2e | INFO | [planner2] received TASK_CLAIMED for self, task_id=plan_spec6, human_agent=False
2026-08-23 16:12:18 | team | sess_07253cc36c2e | INFO | Message 23e21833-60c6-4b7f-9d32-dae7c989050a created
2026-08-23 16:12:22 | team | sess_07253cc36c2e | INFO | Task plan_spec6 completed at 1787497942358
2026-08-23 16:12:22 | team | sess_07253cc36c2e | INFO | Resolved 1 dependencies for task plan_spec6
2026-08-23 16:12:22 | team | sess_07253cc36c2e | INFO | Task plan_spec6 completed
2026-08-23 16:12:26 | team | sess_07253cc36c2e | INFO | Message 3e602eea-ec8d-4f6e-aa3b-ad3f56c4ba8a created
2026-08-23 16:18:56 | team | sess_07253cc36c2e | INFO | task list drained for team jiuwen_team_sess_07253cc36c2e: 10 terminal task(s)
2026-08-23 16:19:30 | team | sess_07253cc36c2e | INFO | team jiuwen_team_sess_07253cc36c2e reported completed: 9 members, 10 tasks
2026-08-23 16:19:30 | team | sess_07253cc36c2e | INFO | [planner2] received TEAM_STANDBY, pausing polls
2026-08-23 16:19:30 | team | sess_07253cc36c2e | INFO | EventBus[teammate] pausing polls
