2026-08-23 16:06:26 | team | sess_07253cc36c2e | INFO | Team workspace directory ensured at /srv/jwteam_clone/shared/run_current
2026-08-23 16:06:26 | team | sess_07253cc36c2e | INFO | AgentTeam manager initialized for jiuwen_team_sess_07253cc36c2e, member=team_leader
2026-08-23 16:06:26 | team | sess_07253cc36c2e | INFO | [team_leader] TeamPolicyRail static sections: section_names=['team_role', 'team_workflow', 'team_swarmflow', 'team_lifecycle', 'team_persona']
2026-08-23 16:06:26 | team | sess_07253cc36c2e | INFO | Session tables ready for session sess_07253cc36c2e
2026-08-23 16:06:26 | team | sess_07253cc36c2e | INFO | Team database initialized
2026-08-23 16:06:26 | team | default_trace_id | INFO | Team workspace directory ensured at /srv/jwteam_clone/shared/run_current
2026-08-23 16:06:26 | team | default_trace_id | INFO | AgentTeam manager initialized for jiuwen_team_sess_07253cc36c2e, member=executor3
2026-08-23 16:06:26 | team | default_trace_id | INFO | [executor3] TeamPolicyRail static sections: section_names=['team_role', 'team_persona']
2026-08-23 16:06:26 | team | sess_07253cc36c2e | INFO | [executor3] invoke start, role=teammate
2026-08-23 16:06:26 | team | sess_07253cc36c2e | INFO | [executor3] coordination starting
2026-08-23 16:06:26 | team | sess_07253cc36c2e | INFO | Session tables ready for session sess_07253cc36c2e
2026-08-23 16:06:26 | team | sess_07253cc36c2e | INFO | Workspace /srv/jwteam_clone/shared/run_current initialized as plain shared directory (version_control disabled)
2026-08-23 16:06:26 | team | sess_07253cc36c2e | INFO | EventBus[teammate] starting
2026-08-23 16:09:54 | team | sess_07253cc36c2e | INFO | [executor3] HITT section refresh: human_agent_names=[]
2026-08-23 16:12:10 | team | sess_07253cc36c2e | INFO | [executor3] received TASK_CLAIMED for self, task_id=impl_spec6, human_agent=False
2026-08-23 16:12:18 | team | sess_07253cc36c2e | INFO | [executor3] processing 1 unread messages (steer=True)
2026-08-23 16:12:18 | team | sess_07253cc36c2e | INFO | Message 23e21833-60c6-4b7f-9d32-dae7c989050a marked as read by executor3
2026-08-23 16:17:33 | team | sess_07253cc36c2e | INFO | Task impl_spec6 completed at 1787498253658
2026-08-23 16:17:33 | team | sess_07253cc36c2e | INFO | Message 2d2b06be-8a94-44a2-9d89-95537fc2a397 created
2026-08-23 16:17:33 | team | sess_07253cc36c2e | INFO | Task impl_spec6 completed
2026-08-23 16:18:56 | team | sess_07253cc36c2e | INFO | task list drained for team jiuwen_team_sess_07253cc36c2e: 10 terminal task(s)
2026-08-23 16:19:30 | team | sess_07253cc36c2e | INFO | team jiuwen_team_sess_07253cc36c2e reported completed: 9 members, 10 tasks
2026-08-23 16:19:30 | team | sess_07253cc36c2e | INFO | [executor3] received TEAM_STANDBY, pausing polls
2026-08-23 16:19:30 | team | sess_07253cc36c2e | INFO | EventBus[teammate] pausing polls
