2026-08-23 16:06:23 | team | sess_07253cc36c2e | INFO | Team workspace directory ensured at /srv/jwteam_clone/shared/run_current
2026-08-23 16:06:23 | team | sess_07253cc36c2e | INFO | AgentTeam manager initialized for jiuwen_team_sess_07253cc36c2e, member=team_leader
2026-08-23 16:06:23 | team | sess_07253cc36c2e | INFO | [team_leader] TeamPolicyRail static sections: section_names=['team_role', 'team_workflow', 'team_swarmflow', 'team_lifecycle', 'team_persona']
2026-08-23 16:06:23 | team | sess_07253cc36c2e | INFO | Session tables ready for session sess_07253cc36c2e
2026-08-23 16:06:23 | team | sess_07253cc36c2e | INFO | Team database initialized
2026-08-23 16:06:24 | team | default_trace_id | INFO | Team workspace directory ensured at /srv/jwteam_clone/shared/run_current
2026-08-23 16:06:24 | team | default_trace_id | INFO | AgentTeam manager initialized for jiuwen_team_sess_07253cc36c2e, member=executor1
2026-08-23 16:06:24 | team | default_trace_id | INFO | [executor1] TeamPolicyRail static sections: section_names=['team_role', 'team_persona']
2026-08-23 16:06:24 | team | sess_07253cc36c2e | INFO | [executor1] invoke start, role=teammate
2026-08-23 16:06:24 | team | sess_07253cc36c2e | INFO | [executor1] coordination starting
2026-08-23 16:06:24 | team | sess_07253cc36c2e | INFO | Session tables ready for session sess_07253cc36c2e
2026-08-23 16:06:24 | team | sess_07253cc36c2e | INFO | Workspace /srv/jwteam_clone/shared/run_current initialized as plain shared directory (version_control disabled)
2026-08-23 16:06:24 | team | sess_07253cc36c2e | INFO | EventBus[teammate] starting
2026-08-23 16:09:54 | team | sess_07253cc36c2e | INFO | [executor1] HITT section refresh: human_agent_names=[]
2026-08-23 16:11:45 | team | sess_07253cc36c2e | INFO | [executor1] processing 1 unread messages (steer=True)
2026-08-23 16:11:45 | team | sess_07253cc36c2e | INFO | Message 03de7c88-cfd5-4225-8608-8bb28e231539 marked as read by executor1
2026-08-23 16:12:10 | team | sess_07253cc36c2e | INFO | [executor1] received TASK_CLAIMED for self, task_id=impl_lh5, human_agent=False
2026-08-23 16:12:55 | team | sess_07253cc36c2e | INFO | [executor1] processing 1 unread messages (steer=True)
2026-08-23 16:12:55 | team | sess_07253cc36c2e | INFO | Message a2f0eba0-a3f2-455d-a49a-0969f08a2952 marked as read by executor1
2026-08-23 16:15:06 | team | sess_07253cc36c2e | INFO | Task impl_lh5 completed at 1787498106613
2026-08-23 16:15:06 | team | sess_07253cc36c2e | INFO | Message 34916c90-0be9-4d4e-bb9d-eafa390932ec created
2026-08-23 16:15:06 | team | sess_07253cc36c2e | INFO | Task impl_lh5 completed
2026-08-23 16:18:56 | team | sess_07253cc36c2e | INFO | task list drained for team jiuwen_team_sess_07253cc36c2e: 10 terminal task(s)
2026-08-23 16:19:30 | team | sess_07253cc36c2e | INFO | team jiuwen_team_sess_07253cc36c2e reported completed: 9 members, 10 tasks
2026-08-23 16:19:30 | team | sess_07253cc36c2e | INFO | [executor1] received TEAM_STANDBY, pausing polls
2026-08-23 16:19:30 | team | sess_07253cc36c2e | INFO | EventBus[teammate] pausing polls
