2026-08-08 15:40:31 | team | sess_2c1dc08402c0 | INFO | Team workspace directory ensured at /srv/jwteam_clone/shared/run_current
2026-08-08 15:40:31 | team | sess_2c1dc08402c0 | INFO | AgentTeam manager initialized for jiuwen_team_sess_2c1dc08402c0, member=team_leader
2026-08-08 15:40:31 | team | sess_2c1dc08402c0 | INFO | [team_leader] TeamPolicyRail static sections: section_names=['team_role', 'team_workflow', 'team_swarmflow', 'team_lifecycle', 'team_persona']
2026-08-08 15:40:31 | team | sess_2c1dc08402c0 | INFO | Session tables ready for session sess_2c1dc08402c0
2026-08-08 15:40:31 | team | sess_2c1dc08402c0 | INFO | Team database initialized
2026-08-08 15:40:31 | team | default_trace_id | INFO | Team workspace directory ensured at /srv/jwteam_clone/shared/run_current
2026-08-08 15:40:31 | team | default_trace_id | INFO | AgentTeam manager initialized for jiuwen_team_sess_2c1dc08402c0, member=planner2
2026-08-08 15:40:31 | team | default_trace_id | INFO | [planner2] TeamPolicyRail static sections: section_names=['team_role', 'team_persona']
2026-08-08 15:40:31 | team | sess_2c1dc08402c0 | INFO | [planner2] invoke start, role=teammate
2026-08-08 15:40:31 | team | sess_2c1dc08402c0 | INFO | [planner2] coordination starting
2026-08-08 15:40:31 | team | sess_2c1dc08402c0 | INFO | Session tables ready for session sess_2c1dc08402c0
2026-08-08 15:40:31 | team | sess_2c1dc08402c0 | INFO | Workspace /srv/jwteam_clone/shared/run_current initialized as plain shared directory (version_control disabled)
2026-08-08 15:40:31 | team | sess_2c1dc08402c0 | INFO | EventBus[teammate] starting
2026-08-08 15:43:36 | team | sess_2c1dc08402c0 | INFO | [planner2] HITT section refresh: human_agent_names=[]
2026-08-08 15:43:41 | team | sess_2c1dc08402c0 | INFO | Task test9_plan claimed by member planner2
2026-08-08 15:43:41 | team | sess_2c1dc08402c0 | INFO | Task test9_plan claimed by member planner2
2026-08-08 15:43:46 | team | sess_2c1dc08402c0 | INFO | [planner2] processing 1 unread messages (steer=True)
2026-08-08 15:43:46 | team | sess_2c1dc08402c0 | INFO | Message 8b74e49c-3f50-447d-866e-2682355a03c5 marked as read by planner2
2026-08-08 15:43:56 | team | sess_2c1dc08402c0 | INFO | [planner2] processing 1 unread messages (steer=True)
2026-08-08 15:43:56 | team | sess_2c1dc08402c0 | INFO | Message d5b47d59-0561-4f4d-8ca3-fc8c4ecc4d71 marked as read by planner2
2026-08-08 15:43:58 | team | sess_2c1dc08402c0 | INFO | [planner2] processing 1 unread messages (steer=True)
2026-08-08 15:43:58 | team | sess_2c1dc08402c0 | INFO | Message 16f0bfc8-ecfd-41f1-a7d7-069a25fabf52 marked as read by planner2
2026-08-08 15:44:21 | team | sess_2c1dc08402c0 | INFO | Message b0b13515-e0f8-4eb2-ae39-0a51f27ed3c5 created
2026-08-08 15:44:21 | team | sess_2c1dc08402c0 | INFO | Task ir2_plan claimed by member planner2
2026-08-08 15:44:21 | team | sess_2c1dc08402c0 | INFO | Task ir2_plan claimed by member planner2
2026-08-08 15:44:21 | team | sess_2c1dc08402c0 | INFO | [planner2] processing 1 unread messages (steer=True)
2026-08-08 15:44:22 | team | sess_2c1dc08402c0 | INFO | Message 093aecf0-deb5-4475-b6d1-384f32c7e0ce marked as read by planner2
2026-08-08 15:44:56 | team | sess_2c1dc08402c0 | INFO | Message 3d787f06-f62a-4ce9-b25f-7f5beab2a34f created
2026-08-08 15:45:02 | team | sess_2c1dc08402c0 | INFO | Task ir2_plan completed at 1786200302195
2026-08-08 15:45:02 | team | sess_2c1dc08402c0 | INFO | Message 7561c17a-2e84-487f-a3ae-6ce836e7fdd5 created
2026-08-08 15:45:02 | team | sess_2c1dc08402c0 | INFO | Resolved 1 dependencies for task ir2_plan
2026-08-08 15:45:02 | team | sess_2c1dc08402c0 | INFO | Task ir2_implement unblocked (all deps resolved)
2026-08-08 15:45:02 | team | sess_2c1dc08402c0 | INFO | Task ir2_plan completed
2026-08-08 15:45:02 | team | sess_2c1dc08402c0 | INFO | Unblocked 1 tasks
2026-08-08 15:45:07 | team | sess_2c1dc08402c0 | INFO | [planner2] processing 1 unread messages (steer=True)
2026-08-08 15:45:07 | team | sess_2c1dc08402c0 | INFO | Message 53cc9fae-676d-4c3f-bad3-82feefa8bf74 marked as read by planner2
2026-08-08 15:47:03 | team | sess_2c1dc08402c0 | INFO | task list drained for team jiuwen_team_sess_2c1dc08402c0: 6 terminal task(s)
2026-08-08 15:47:16 | team | sess_2c1dc08402c0 | INFO | [planner2] processing 1 unread messages (steer=True)
2026-08-08 15:47:16 | team | sess_2c1dc08402c0 | INFO | Message e7334ec0-5525-4eeb-bd24-12a61caa12aa marked as read by planner2
2026-08-08 15:47:53 | team | sess_2c1dc08402c0 | INFO | team jiuwen_team_sess_2c1dc08402c0 reported completed: 9 members, 6 tasks
2026-08-08 15:47:53 | team | sess_2c1dc08402c0 | INFO | [planner2] received TEAM_STANDBY, pausing polls
2026-08-08 15:47:53 | team | sess_2c1dc08402c0 | INFO | EventBus[teammate] pausing polls
