2026-08-08 15:40:37 | team | sess_2c1dc08402c0 | INFO | Team workspace directory ensured at /srv/jwteam_clone/shared/run_current
2026-08-08 15:40:37 | team | sess_2c1dc08402c0 | INFO | AgentTeam manager initialized for jiuwen_team_sess_2c1dc08402c0, member=team_leader
2026-08-08 15:40:37 | team | sess_2c1dc08402c0 | INFO | [team_leader] TeamPolicyRail static sections: section_names=['team_role', 'team_workflow', 'team_swarmflow', 'team_lifecycle', 'team_persona']
2026-08-08 15:40:37 | team | sess_2c1dc08402c0 | INFO | Session tables ready for session sess_2c1dc08402c0
2026-08-08 15:40:37 | team | sess_2c1dc08402c0 | INFO | Team database initialized
2026-08-08 15:40:37 | team | default_trace_id | INFO | Team workspace directory ensured at /srv/jwteam_clone/shared/run_current
2026-08-08 15:40:37 | team | default_trace_id | INFO | AgentTeam manager initialized for jiuwen_team_sess_2c1dc08402c0, member=fullstack1
2026-08-08 15:40:37 | team | default_trace_id | INFO | [fullstack1] TeamPolicyRail static sections: section_names=['team_role', 'team_persona']
2026-08-08 15:40:37 | team | sess_2c1dc08402c0 | INFO | [fullstack1] invoke start, role=teammate
2026-08-08 15:40:37 | team | sess_2c1dc08402c0 | INFO | [fullstack1] coordination starting
2026-08-08 15:40:37 | team | sess_2c1dc08402c0 | INFO | Session tables ready for session sess_2c1dc08402c0
2026-08-08 15:40:37 | team | sess_2c1dc08402c0 | INFO | Workspace /srv/jwteam_clone/shared/run_current initialized as plain shared directory (version_control disabled)
2026-08-08 15:40:37 | team | sess_2c1dc08402c0 | INFO | EventBus[teammate] starting
2026-08-08 15:43:36 | team | sess_2c1dc08402c0 | INFO | [fullstack1] HITT section refresh: human_agent_names=[]
2026-08-08 15:43:46 | team | sess_2c1dc08402c0 | INFO | [fullstack1] processing 1 unread messages (steer=True)
2026-08-08 15:43:46 | team | sess_2c1dc08402c0 | INFO | Message 8b74e49c-3f50-447d-866e-2682355a03c5 marked as read by fullstack1
2026-08-08 15:47:03 | team | sess_2c1dc08402c0 | INFO | task list drained for team jiuwen_team_sess_2c1dc08402c0: 6 terminal task(s)
2026-08-08 15:47:16 | team | sess_2c1dc08402c0 | INFO | [fullstack1] processing 1 unread messages (steer=True)
2026-08-08 15:47:16 | team | sess_2c1dc08402c0 | INFO | Message e7334ec0-5525-4eeb-bd24-12a61caa12aa marked as read by fullstack1
2026-08-08 15:47:53 | team | sess_2c1dc08402c0 | INFO | team jiuwen_team_sess_2c1dc08402c0 reported completed: 9 members, 6 tasks
2026-08-08 15:47:53 | team | sess_2c1dc08402c0 | INFO | [fullstack1] received TEAM_STANDBY, pausing polls
2026-08-08 15:47:53 | team | sess_2c1dc08402c0 | INFO | EventBus[teammate] pausing polls
