2026-08-08 15:40:36 | team | sess_2c1dc08402c0 | INFO | Team workspace directory ensured at /srv/jwteam_clone/shared/run_current
2026-08-08 15:40:36 | team | sess_2c1dc08402c0 | INFO | AgentTeam manager initialized for jiuwen_team_sess_2c1dc08402c0, member=team_leader
2026-08-08 15:40:36 | team | sess_2c1dc08402c0 | INFO | [team_leader] TeamPolicyRail static sections: section_names=['team_role', 'team_workflow', 'team_swarmflow', 'team_lifecycle', 'team_persona']
2026-08-08 15:40:36 | team | sess_2c1dc08402c0 | INFO | Session tables ready for session sess_2c1dc08402c0
2026-08-08 15:40:36 | team | sess_2c1dc08402c0 | INFO | Team database initialized
2026-08-08 15:40:36 | team | default_trace_id | INFO | Team workspace directory ensured at /srv/jwteam_clone/shared/run_current
2026-08-08 15:40:36 | team | default_trace_id | INFO | AgentTeam manager initialized for jiuwen_team_sess_2c1dc08402c0, member=verifier2
2026-08-08 15:40:36 | team | default_trace_id | INFO | [verifier2] TeamPolicyRail static sections: section_names=['team_role', 'team_persona']
2026-08-08 15:40:36 | team | sess_2c1dc08402c0 | INFO | [verifier2] invoke start, role=teammate
2026-08-08 15:40:36 | team | sess_2c1dc08402c0 | INFO | [verifier2] coordination starting
2026-08-08 15:40:36 | team | sess_2c1dc08402c0 | INFO | Session tables ready for session sess_2c1dc08402c0
2026-08-08 15:40:36 | team | sess_2c1dc08402c0 | INFO | Workspace /srv/jwteam_clone/shared/run_current initialized as plain shared directory (version_control disabled)
2026-08-08 15:40:36 | team | sess_2c1dc08402c0 | INFO | EventBus[teammate] starting
2026-08-08 15:43:36 | team | sess_2c1dc08402c0 | INFO | [verifier2] HITT section refresh: human_agent_names=[]
2026-08-08 15:43:46 | team | sess_2c1dc08402c0 | INFO | [verifier2] processing 1 unread messages (steer=True)
2026-08-08 15:43:46 | team | sess_2c1dc08402c0 | INFO | Message 8b74e49c-3f50-447d-866e-2682355a03c5 marked as read by verifier2
2026-08-08 15:44:28 | team | sess_2c1dc08402c0 | INFO | Message 6ec4d609-36eb-4833-a814-1cf1f05a5839 created
2026-08-08 15:44:41 | team | sess_2c1dc08402c0 | INFO | [verifier2] processing 1 unread messages (steer=True)
2026-08-08 15:44:41 | team | sess_2c1dc08402c0 | INFO | Message 5d50578b-b197-4e8f-be64-7d84e83e1f52 marked as read by verifier2
2026-08-08 15:44:46 | team | sess_2c1dc08402c0 | INFO | Message a2406235-7194-4859-bbd0-d12dfaea8504 created
2026-08-08 15:45:23 | team | sess_2c1dc08402c0 | INFO | [verifier2] processing 1 unread messages (steer=True)
2026-08-08 15:45:23 | team | sess_2c1dc08402c0 | INFO | Message 639a3a36-ed51-44f8-8341-21e86723e2a5 marked as read by verifier2
2026-08-08 15:45:33 | team | sess_2c1dc08402c0 | INFO | Task ir2_verify claimed by member verifier2
2026-08-08 15:45:33 | team | sess_2c1dc08402c0 | INFO | Task ir2_verify claimed by member verifier2
2026-08-08 15:46:23 | team | sess_2c1dc08402c0 | INFO | Task ir2_verify completed at 1786200383508
2026-08-08 15:46:23 | team | sess_2c1dc08402c0 | INFO | Task ir2_verify completed
2026-08-08 15:46:29 | team | sess_2c1dc08402c0 | INFO | Message 330304c2-9674-44b7-ae48-8c83032abf11 created
2026-08-08 15:46:35 | team | sess_2c1dc08402c0 | INFO | Message 45227c3f-e67d-4c23-a71e-5d3cb1964b53 created
2026-08-08 15:46:36 | team | sess_2c1dc08402c0 | INFO | [verifier2] processing 1 unread messages (steer=True)
2026-08-08 15:46:36 | team | sess_2c1dc08402c0 | INFO | Message 7a6dfceb-c3af-483b-b727-85478b17eaa1 marked as read by verifier2
2026-08-08 15:47:03 | team | sess_2c1dc08402c0 | INFO | task list drained for team jiuwen_team_sess_2c1dc08402c0: 6 terminal task(s)
2026-08-08 15:47:16 | team | sess_2c1dc08402c0 | INFO | [verifier2] processing 1 unread messages (steer=True)
2026-08-08 15:47:16 | team | sess_2c1dc08402c0 | INFO | Message e7334ec0-5525-4eeb-bd24-12a61caa12aa marked as read by verifier2
2026-08-08 15:47:53 | team | sess_2c1dc08402c0 | INFO | team jiuwen_team_sess_2c1dc08402c0 reported completed: 9 members, 6 tasks
2026-08-08 15:47:53 | team | sess_2c1dc08402c0 | INFO | [verifier2] received TEAM_STANDBY, pausing polls
2026-08-08 15:47:53 | team | sess_2c1dc08402c0 | INFO | EventBus[teammate] pausing polls
