2026-08-08 02:51:42 | team | sess_cd534fc7e659 | INFO | Team workspace directory ensured at /srv/jwteam_clone/shared/run_current
2026-08-08 02:51:42 | team | sess_cd534fc7e659 | INFO | AgentTeam manager initialized for jiuwen_team_sess_cd534fc7e659, member=team_leader
2026-08-08 02:51:42 | team | sess_cd534fc7e659 | INFO | [team_leader] TeamPolicyRail static sections: section_names=['team_role', 'team_workflow', 'team_swarmflow', 'team_lifecycle', 'team_persona']
2026-08-08 02:51:42 | team | sess_cd534fc7e659 | INFO | Session tables ready for session sess_cd534fc7e659
2026-08-08 02:51:42 | team | sess_cd534fc7e659 | INFO | Team database initialized
2026-08-08 02:51:42 | team | default_trace_id | INFO | Team workspace directory ensured at /srv/jwteam_clone/shared/run_current
2026-08-08 02:51:42 | team | default_trace_id | INFO | AgentTeam manager initialized for jiuwen_team_sess_cd534fc7e659, member=fullstack1
2026-08-08 02:51:42 | team | default_trace_id | INFO | [fullstack1] TeamPolicyRail static sections: section_names=['team_role', 'team_persona']
2026-08-08 02:51:42 | team | sess_cd534fc7e659 | INFO | [fullstack1] invoke start, role=teammate
2026-08-08 02:51:42 | team | sess_cd534fc7e659 | INFO | [fullstack1] coordination starting
2026-08-08 02:51:42 | team | sess_cd534fc7e659 | INFO | Session tables ready for session sess_cd534fc7e659
2026-08-08 02:51:42 | team | sess_cd534fc7e659 | INFO | Workspace /srv/jwteam_clone/shared/run_current initialized as plain shared directory (version_control disabled)
2026-08-08 02:51:42 | team | sess_cd534fc7e659 | INFO | EventBus[teammate] starting
2026-08-08 02:52:02 | team | sess_cd534fc7e659 | INFO | [fullstack1] HITT section refresh: human_agent_names=[]
2026-08-08 02:52:12 | team | sess_cd534fc7e659 | INFO | [fullstack1] processing 1 unread messages (steer=True)
2026-08-08 02:52:12 | team | sess_cd534fc7e659 | INFO | Message 75ef3d4a-681e-49e1-a3ce-fb58ec5fbcce marked as read by fullstack1
2026-08-08 02:54:18 | team | sess_cd534fc7e659 | INFO | task list drained for team jiuwen_team_sess_cd534fc7e659: 3 terminal task(s)
2026-08-08 02:54:31 | team | sess_cd534fc7e659 | INFO | [fullstack1] processing 1 unread messages (steer=True)
2026-08-08 02:54:31 | team | sess_cd534fc7e659 | INFO | Message bbaca570-9ade-4cc4-8574-40ca54a156bd marked as read by fullstack1
2026-08-08 02:54:44 | team | sess_cd534fc7e659 | INFO | team jiuwen_team_sess_cd534fc7e659 reported completed: 9 members, 3 tasks
2026-08-08 02:54:44 | team | sess_cd534fc7e659 | INFO | [fullstack1] received TEAM_STANDBY, pausing polls
2026-08-08 02:54:44 | team | sess_cd534fc7e659 | INFO | EventBus[teammate] pausing polls
