2026-08-08 02:51:36 | team | sess_cd534fc7e659 | INFO | Team workspace directory ensured at /srv/jwteam_clone/shared/run_current
2026-08-08 02:51:36 | team | sess_cd534fc7e659 | INFO | AgentTeam manager initialized for jiuwen_team_sess_cd534fc7e659, member=team_leader
2026-08-08 02:51:36 | team | sess_cd534fc7e659 | INFO | [team_leader] TeamPolicyRail static sections: section_names=['team_role', 'team_workflow', 'team_swarmflow', 'team_lifecycle', 'team_persona']
2026-08-08 02:51:36 | team | sess_cd534fc7e659 | INFO | Session tables ready for session sess_cd534fc7e659
2026-08-08 02:51:36 | team | sess_cd534fc7e659 | INFO | Team database initialized
2026-08-08 02:51:36 | team | default_trace_id | INFO | Team workspace directory ensured at /srv/jwteam_clone/shared/run_current
2026-08-08 02:51:36 | team | default_trace_id | INFO | AgentTeam manager initialized for jiuwen_team_sess_cd534fc7e659, member=planner1
2026-08-08 02:51:36 | team | default_trace_id | INFO | [planner1] TeamPolicyRail static sections: section_names=['team_role', 'team_persona']
2026-08-08 02:51:36 | team | sess_cd534fc7e659 | INFO | [planner1] invoke start, role=teammate
2026-08-08 02:51:36 | team | sess_cd534fc7e659 | INFO | [planner1] coordination starting
2026-08-08 02:51:36 | team | sess_cd534fc7e659 | INFO | Session tables ready for session sess_cd534fc7e659
2026-08-08 02:51:36 | team | sess_cd534fc7e659 | INFO | Workspace /srv/jwteam_clone/shared/run_current initialized as plain shared directory (version_control disabled)
2026-08-08 02:51:36 | team | sess_cd534fc7e659 | INFO | EventBus[teammate] starting
2026-08-08 02:52:02 | team | sess_cd534fc7e659 | INFO | [planner1] HITT section refresh: human_agent_names=[]
2026-08-08 02:52:12 | team | sess_cd534fc7e659 | INFO | Task plan claimed by member planner1
2026-08-08 02:52:12 | team | sess_cd534fc7e659 | INFO | Task plan claimed by member planner1
2026-08-08 02:52:12 | team | sess_cd534fc7e659 | INFO | [planner1] processing 1 unread messages (steer=True)
2026-08-08 02:52:12 | team | sess_cd534fc7e659 | INFO | Message 75ef3d4a-681e-49e1-a3ce-fb58ec5fbcce marked as read by planner1
2026-08-08 02:52:38 | team | sess_cd534fc7e659 | INFO | Message afa7fbf2-ce66-4afc-87db-c56120e2aa53 created
2026-08-08 02:52:45 | team | sess_cd534fc7e659 | INFO | Task plan completed at 1786153965910
2026-08-08 02:52:45 | team | sess_cd534fc7e659 | INFO | Message be135444-b704-43a8-93bd-89697f25e88b created
2026-08-08 02:52:45 | team | sess_cd534fc7e659 | INFO | Resolved 1 dependencies for task plan
2026-08-08 02:52:45 | team | sess_cd534fc7e659 | INFO | Task implement unblocked (all deps resolved)
2026-08-08 02:52:45 | team | sess_cd534fc7e659 | INFO | Task plan completed
2026-08-08 02:52:45 | team | sess_cd534fc7e659 | INFO | Unblocked 1 tasks
2026-08-08 02:52:54 | team | sess_cd534fc7e659 | INFO | [planner1] processing 1 unread messages (steer=True)
2026-08-08 02:52:54 | team | sess_cd534fc7e659 | INFO | Message 644203ae-2d49-4fdd-b755-25c8859485ac marked as read by planner1
2026-08-08 02:53:02 | team | sess_cd534fc7e659 | INFO | Message 47798b31-90b0-4b9c-847d-5bd5445519e6 created
2026-08-08 02:54:18 | team | sess_cd534fc7e659 | INFO | task list drained for team jiuwen_team_sess_cd534fc7e659: 3 terminal task(s)
2026-08-08 02:54:31 | team | sess_cd534fc7e659 | INFO | [planner1] processing 1 unread messages (steer=True)
2026-08-08 02:54:31 | team | sess_cd534fc7e659 | INFO | Message bbaca570-9ade-4cc4-8574-40ca54a156bd marked as read by planner1
2026-08-08 02:54:39 | team | sess_cd534fc7e659 | INFO | Message cbeb35db-4c01-43e4-830b-af19094b48bf created
2026-08-08 02:54:44 | team | sess_cd534fc7e659 | INFO | team jiuwen_team_sess_cd534fc7e659 reported completed: 9 members, 3 tasks
2026-08-08 02:54:44 | team | sess_cd534fc7e659 | INFO | [planner1] received TEAM_STANDBY, pausing polls
2026-08-08 02:54:44 | team | sess_cd534fc7e659 | INFO | EventBus[teammate] pausing polls
