2026-08-10 03:51:15 | team | sess_b90d2b913a56 | INFO | Team workspace directory ensured at /srv/jwteam_clone/shared/run_current
2026-08-10 03:51:15 | team | sess_b90d2b913a56 | INFO | AgentTeam manager initialized for jiuwen_team_sess_b90d2b913a56, member=team_leader
2026-08-10 03:51:15 | team | sess_b90d2b913a56 | INFO | [team_leader] TeamPolicyRail static sections: section_names=['team_role', 'team_workflow', 'team_swarmflow', 'team_lifecycle', 'team_persona']
2026-08-10 03:51:16 | team | sess_b90d2b913a56 | INFO | Session tables ready for session sess_b90d2b913a56
2026-08-10 03:51:16 | team | sess_b90d2b913a56 | INFO | Team database initialized
2026-08-10 03:51:16 | team | default_trace_id | INFO | Team workspace directory ensured at /srv/jwteam_clone/shared/run_current
2026-08-10 03:51:16 | team | default_trace_id | INFO | AgentTeam manager initialized for jiuwen_team_sess_b90d2b913a56, member=planner2
2026-08-10 03:51:16 | team | default_trace_id | INFO | [planner2] TeamPolicyRail static sections: section_names=['team_role', 'team_persona']
2026-08-10 03:51:16 | team | sess_b90d2b913a56 | INFO | [planner2] invoke start, role=teammate
2026-08-10 03:51:16 | team | sess_b90d2b913a56 | INFO | [planner2] coordination starting
2026-08-10 03:51:16 | team | sess_b90d2b913a56 | INFO | Session tables ready for session sess_b90d2b913a56
2026-08-10 03:51:16 | team | sess_b90d2b913a56 | INFO | Workspace /srv/jwteam_clone/shared/run_current initialized as plain shared directory (version_control disabled)
2026-08-10 03:51:16 | team | sess_b90d2b913a56 | INFO | EventBus[teammate] starting
2026-08-10 03:51:46 | team | sess_b90d2b913a56 | INFO | [planner2] HITT section refresh: human_agent_names=[]
2026-08-10 03:52:00 | team | sess_b90d2b913a56 | INFO | Task plan claimed by member planner2
2026-08-10 03:52:00 | team | sess_b90d2b913a56 | INFO | Task plan claimed by member planner2
2026-08-10 03:52:01 | team | sess_b90d2b913a56 | INFO | [planner2] processing 1 unread messages (steer=True)
2026-08-10 03:52:01 | team | sess_b90d2b913a56 | INFO | Message da77eaef-139d-4bdf-b31e-cb5385fe63ed marked as read by planner2
2026-08-10 03:52:21 | team | sess_b90d2b913a56 | INFO | [planner2] processing 1 unread messages (steer=True)
2026-08-10 03:52:21 | team | sess_b90d2b913a56 | INFO | Message 873a42ee-c734-4c88-8229-58d46c61b5b4 marked as read by planner2
2026-08-10 03:52:24 | team | sess_b90d2b913a56 | INFO | [planner2] processing 1 unread messages (steer=True)
2026-08-10 03:52:25 | team | sess_b90d2b913a56 | INFO | Message c74cb2a0-4292-4346-88ef-82b2ae62477f marked as read by planner2
2026-08-10 03:53:02 | team | sess_b90d2b913a56 | INFO | Message 55245a6e-bc6e-40cd-aa1b-d84612ef39af created
2026-08-10 03:53:20 | team | sess_b90d2b913a56 | INFO | Message f7187898-c718-48dc-b093-4a7c889b5a8c created
2026-08-10 03:53:20 | team | sess_b90d2b913a56 | INFO | Message 583b3194-32c0-465d-bf10-28507ab51ed8 created
2026-08-10 03:53:23 | team | sess_b90d2b913a56 | INFO | Task plan completed at 1786330403338
2026-08-10 03:53:23 | team | sess_b90d2b913a56 | INFO | Resolved 1 dependencies for task plan
2026-08-10 03:53:23 | team | sess_b90d2b913a56 | INFO | Task implement unblocked (all deps resolved)
2026-08-10 03:53:23 | team | sess_b90d2b913a56 | INFO | Task plan completed
2026-08-10 03:53:23 | team | sess_b90d2b913a56 | INFO | Unblocked 1 tasks
2026-08-10 03:53:40 | team | sess_b90d2b913a56 | INFO | Message af7f0305-da87-458d-9f38-ba4fd6df7512 created
2026-08-10 03:53:44 | team | sess_b90d2b913a56 | INFO | [planner2] processing 1 unread messages (steer=True)
2026-08-10 03:53:44 | team | sess_b90d2b913a56 | INFO | Message 8018f0f7-588b-4d41-a9b3-e15980c653c5 marked as read by planner2
2026-08-10 03:53:46 | team | sess_b90d2b913a56 | INFO | [planner2] processing 1 unread messages (steer=True)
2026-08-10 03:53:46 | team | sess_b90d2b913a56 | INFO | Message 75c908cc-6053-42e6-a009-3fab4e202f88 marked as read by planner2
2026-08-10 03:53:53 | team | sess_b90d2b913a56 | INFO | [planner2] processing 1 unread messages (steer=True)
2026-08-10 03:53:53 | team | sess_b90d2b913a56 | INFO | Message 95683de4-50c8-4ad1-8820-4e0133d5e1bf marked as read by planner2
2026-08-10 03:58:27 | team | sess_b90d2b913a56 | INFO | task list drained for team jiuwen_team_sess_b90d2b913a56: 3 terminal task(s)
2026-08-10 03:58:35 | team | sess_b90d2b913a56 | INFO | [planner2] processing 1 unread messages (steer=True)
2026-08-10 03:58:35 | team | sess_b90d2b913a56 | INFO | Message e16bf3eb-d224-4923-b4c5-befabfbebf1f marked as read by planner2
2026-08-10 03:59:14 | team | sess_b90d2b913a56 | INFO | team jiuwen_team_sess_b90d2b913a56 reported completed: 9 members, 3 tasks
2026-08-10 03:59:14 | team | sess_b90d2b913a56 | INFO | [planner2] received TEAM_STANDBY, pausing polls
2026-08-10 03:59:14 | team | sess_b90d2b913a56 | INFO | EventBus[teammate] pausing polls
