2026-08-10 03:51:15 | team | sess_b90d2b913a56 | INFO | Team workspace directory ensured at /srv/jwteam_clone/shared/run_current
2026-08-10 03:51:15 | team | sess_b90d2b913a56 | INFO | AgentTeam manager initialized for jiuwen_team_sess_b90d2b913a56, member=team_leader
2026-08-10 03:51:15 | team | sess_b90d2b913a56 | INFO | [team_leader] TeamPolicyRail static sections: section_names=['team_role', 'team_workflow', 'team_swarmflow', 'team_lifecycle', 'team_persona']
2026-08-10 03:51:15 | team | sess_b90d2b913a56 | INFO | Session tables ready for session sess_b90d2b913a56
2026-08-10 03:51:15 | team | sess_b90d2b913a56 | INFO | Team database initialized
2026-08-10 03:51:15 | team | default_trace_id | INFO | Team workspace directory ensured at /srv/jwteam_clone/shared/run_current
2026-08-10 03:51:15 | team | default_trace_id | INFO | AgentTeam manager initialized for jiuwen_team_sess_b90d2b913a56, member=planner1
2026-08-10 03:51:15 | team | default_trace_id | INFO | [planner1] TeamPolicyRail static sections: section_names=['team_role', 'team_persona']
2026-08-10 03:51:15 | team | sess_b90d2b913a56 | INFO | [planner1] invoke start, role=teammate
2026-08-10 03:51:15 | team | sess_b90d2b913a56 | INFO | [planner1] coordination starting
2026-08-10 03:51:15 | team | sess_b90d2b913a56 | INFO | Session tables ready for session sess_b90d2b913a56
2026-08-10 03:51:15 | team | sess_b90d2b913a56 | INFO | Workspace /srv/jwteam_clone/shared/run_current initialized as plain shared directory (version_control disabled)
2026-08-10 03:51:15 | team | sess_b90d2b913a56 | INFO | EventBus[teammate] starting
2026-08-10 03:51:46 | team | sess_b90d2b913a56 | INFO | [planner1] HITT section refresh: human_agent_names=[]
2026-08-10 03:52:01 | team | sess_b90d2b913a56 | INFO | [planner1] processing 1 unread messages (steer=True)
2026-08-10 03:52:01 | team | sess_b90d2b913a56 | INFO | Message da77eaef-139d-4bdf-b31e-cb5385fe63ed marked as read by planner1
2026-08-10 03:52:21 | team | sess_b90d2b913a56 | INFO | Message 873a42ee-c734-4c88-8229-58d46c61b5b4 created
2026-08-10 03:52:24 | team | sess_b90d2b913a56 | INFO | [planner1] processing 1 unread messages (steer=True)
2026-08-10 03:52:24 | team | sess_b90d2b913a56 | INFO | Message 77eece58-0a15-4391-bfd1-7db8431071f5 marked as read by planner1
2026-08-10 03:53:20 | team | sess_b90d2b913a56 | INFO | [planner1] processing 1 unread messages (steer=True)
2026-08-10 03:53:20 | team | sess_b90d2b913a56 | INFO | Message 583b3194-32c0-465d-bf10-28507ab51ed8 marked as read by planner1
2026-08-10 03:53:36 | team | sess_b90d2b913a56 | INFO | Message 767cd792-3d89-4b62-9c63-860d14f2d022 created
2026-08-10 03:53:53 | team | sess_b90d2b913a56 | INFO | Message 4613827d-f4a7-4cda-9f57-f9ca3eaded4e created
2026-08-10 03:53:53 | team | sess_b90d2b913a56 | INFO | Message 95683de4-50c8-4ad1-8820-4e0133d5e1bf created
2026-08-10 03:53:58 | team | sess_b90d2b913a56 | INFO | [planner1] processing 1 unread messages (steer=True)
2026-08-10 03:53:58 | team | sess_b90d2b913a56 | INFO | Message 147c4a7e-75fd-4434-96d0-68942810c146 marked as read by planner1
2026-08-10 03:57:12 | team | sess_b90d2b913a56 | INFO | Message d1256343-4fd3-4aad-957c-bf2255d10c2f created
2026-08-10 03:57:12 | team | sess_b90d2b913a56 | INFO | Message 98b5b8b7-936d-4eb4-b7ce-a111abeaf53b created
2026-08-10 03:57:20 | team | sess_b90d2b913a56 | INFO | [planner1] processing 1 unread messages (steer=True)
2026-08-10 03:57:20 | team | sess_b90d2b913a56 | INFO | Message 082547f9-5d71-421b-b16a-56c98f2fa390 marked as read by planner1
2026-08-10 03:58:27 | team | sess_b90d2b913a56 | INFO | task list drained for team jiuwen_team_sess_b90d2b913a56: 3 terminal task(s)
2026-08-10 03:58:35 | team | sess_b90d2b913a56 | INFO | [planner1] processing 1 unread messages (steer=True)
2026-08-10 03:58:35 | team | sess_b90d2b913a56 | INFO | Message e16bf3eb-d224-4923-b4c5-befabfbebf1f marked as read by planner1
2026-08-10 03:59:14 | team | sess_b90d2b913a56 | INFO | team jiuwen_team_sess_b90d2b913a56 reported completed: 9 members, 3 tasks
2026-08-10 03:59:14 | team | sess_b90d2b913a56 | INFO | [planner1] received TEAM_STANDBY, pausing polls
2026-08-10 03:59:14 | team | sess_b90d2b913a56 | INFO | EventBus[teammate] pausing polls
