2026-08-10 03:51:18 | team | sess_b90d2b913a56 | INFO | Team workspace directory ensured at /srv/jwteam_clone/shared/run_current
2026-08-10 03:51:18 | team | sess_b90d2b913a56 | INFO | AgentTeam manager initialized for jiuwen_team_sess_b90d2b913a56, member=team_leader
2026-08-10 03:51:18 | team | sess_b90d2b913a56 | INFO | [team_leader] TeamPolicyRail static sections: section_names=['team_role', 'team_workflow', 'team_swarmflow', 'team_lifecycle', 'team_persona']
2026-08-10 03:51:18 | team | sess_b90d2b913a56 | INFO | Session tables ready for session sess_b90d2b913a56
2026-08-10 03:51:18 | team | sess_b90d2b913a56 | INFO | Team database initialized
2026-08-10 03:51:18 | team | default_trace_id | INFO | Team workspace directory ensured at /srv/jwteam_clone/shared/run_current
2026-08-10 03:51:18 | team | default_trace_id | INFO | AgentTeam manager initialized for jiuwen_team_sess_b90d2b913a56, member=executor3
2026-08-10 03:51:18 | team | default_trace_id | INFO | [executor3] TeamPolicyRail static sections: section_names=['team_role', 'team_persona']
2026-08-10 03:51:18 | team | sess_b90d2b913a56 | INFO | [executor3] invoke start, role=teammate
2026-08-10 03:51:18 | team | sess_b90d2b913a56 | INFO | [executor3] coordination starting
2026-08-10 03:51:18 | team | sess_b90d2b913a56 | INFO | Session tables ready for session sess_b90d2b913a56
2026-08-10 03:51:18 | team | sess_b90d2b913a56 | INFO | Workspace /srv/jwteam_clone/shared/run_current initialized as plain shared directory (version_control disabled)
2026-08-10 03:51:18 | team | sess_b90d2b913a56 | INFO | EventBus[teammate] starting
2026-08-10 03:51:46 | team | sess_b90d2b913a56 | INFO | [executor3] HITT section refresh: human_agent_names=[]
2026-08-10 03:52:01 | team | sess_b90d2b913a56 | INFO | [executor3] processing 1 unread messages (steer=True)
2026-08-10 03:52:01 | team | sess_b90d2b913a56 | INFO | Message da77eaef-139d-4bdf-b31e-cb5385fe63ed marked as read by executor3
2026-08-10 03:53:02 | team | sess_b90d2b913a56 | INFO | [executor3] processing 1 unread messages (steer=True)
2026-08-10 03:53:02 | team | sess_b90d2b913a56 | INFO | Message 55245a6e-bc6e-40cd-aa1b-d84612ef39af marked as read by executor3
2026-08-10 03:53:29 | team | sess_b90d2b913a56 | INFO | Task implement claimed by member executor3
2026-08-10 03:53:29 | team | sess_b90d2b913a56 | INFO | Task implement claimed by member executor3
2026-08-10 03:53:36 | team | sess_b90d2b913a56 | INFO | [executor3] processing 1 unread messages (steer=True)
2026-08-10 03:53:36 | team | sess_b90d2b913a56 | INFO | Message 767cd792-3d89-4b62-9c63-860d14f2d022 marked as read by executor3
2026-08-10 03:53:44 | team | sess_b90d2b913a56 | INFO | [executor3] processing 1 unread messages (steer=True)
2026-08-10 03:53:44 | team | sess_b90d2b913a56 | INFO | Message 38b54a04-c20b-4cf2-929f-554c19166f78 marked as read by executor3
2026-08-10 03:56:58 | team | sess_b90d2b913a56 | INFO | Task implement completed at 1786330618477
2026-08-10 03:56:58 | team | sess_b90d2b913a56 | INFO | Message bd5f6c3f-b6ac-4d14-a768-8b9c7f3ad186 created
2026-08-10 03:56:58 | team | sess_b90d2b913a56 | INFO | Resolved 1 dependencies for task implement
2026-08-10 03:56:58 | team | sess_b90d2b913a56 | INFO | Task verify unblocked (all deps resolved)
2026-08-10 03:56:58 | team | sess_b90d2b913a56 | INFO | Task implement completed
2026-08-10 03:56:58 | team | sess_b90d2b913a56 | INFO | Unblocked 1 tasks
2026-08-10 03:57:06 | team | sess_b90d2b913a56 | INFO | Message 13611794-4dfc-4f4f-a929-a231cdf3e2ac created
2026-08-10 03:57:06 | team | sess_b90d2b913a56 | INFO | Message 1cced993-c60c-4ebc-bc5e-31869f690824 created
2026-08-10 03:57:11 | team | sess_b90d2b913a56 | INFO | [executor3] processing 1 unread messages (steer=True)
2026-08-10 03:57:11 | team | sess_b90d2b913a56 | INFO | Message 74f4b585-8d8b-40df-be41-10bd706ccede marked as read by executor3
2026-08-10 03:57:17 | team | sess_b90d2b913a56 | INFO | [executor3] processing 1 unread messages (steer=True)
2026-08-10 03:57:17 | team | sess_b90d2b913a56 | INFO | Message ffea6a76-6f52-494e-911f-031f65b19b9f marked as read by executor3
2026-08-10 03:58:27 | team | sess_b90d2b913a56 | INFO | task list drained for team jiuwen_team_sess_b90d2b913a56: 3 terminal task(s)
2026-08-10 03:58:35 | team | sess_b90d2b913a56 | INFO | [executor3] processing 1 unread messages (steer=True)
2026-08-10 03:58:35 | team | sess_b90d2b913a56 | INFO | Message e16bf3eb-d224-4923-b4c5-befabfbebf1f marked as read by executor3
2026-08-10 03:58:41 | team | sess_b90d2b913a56 | INFO | [executor3] processing 1 unread messages (steer=True)
2026-08-10 03:58:41 | team | sess_b90d2b913a56 | INFO | Message 0f5e7603-6a72-40b5-b855-ebab045d0462 marked as read by executor3
2026-08-10 03:59:14 | team | sess_b90d2b913a56 | INFO | team jiuwen_team_sess_b90d2b913a56 reported completed: 9 members, 3 tasks
2026-08-10 03:59:14 | team | sess_b90d2b913a56 | INFO | [executor3] received TEAM_STANDBY, pausing polls
2026-08-10 03:59:14 | team | sess_b90d2b913a56 | INFO | EventBus[teammate] pausing polls
