2026-08-10 03:51:20 | team | sess_b90d2b913a56 | INFO | Team workspace directory ensured at /srv/jwteam_clone/shared/run_current
2026-08-10 03:51:20 | team | sess_b90d2b913a56 | INFO | AgentTeam manager initialized for jiuwen_team_sess_b90d2b913a56, member=team_leader
2026-08-10 03:51:20 | team | sess_b90d2b913a56 | INFO | [team_leader] TeamPolicyRail static sections: section_names=['team_role', 'team_workflow', 'team_swarmflow', 'team_lifecycle', 'team_persona']
2026-08-10 03:51:20 | team | sess_b90d2b913a56 | INFO | Session tables ready for session sess_b90d2b913a56
2026-08-10 03:51:20 | team | sess_b90d2b913a56 | INFO | Team database initialized
2026-08-10 03:51:20 | team | default_trace_id | INFO | Team workspace directory ensured at /srv/jwteam_clone/shared/run_current
2026-08-10 03:51:20 | team | default_trace_id | INFO | AgentTeam manager initialized for jiuwen_team_sess_b90d2b913a56, member=fullstack1
2026-08-10 03:51:20 | team | default_trace_id | INFO | [fullstack1] TeamPolicyRail static sections: section_names=['team_role', 'team_persona']
2026-08-10 03:51:20 | team | sess_b90d2b913a56 | INFO | [fullstack1] invoke start, role=teammate
2026-08-10 03:51:20 | team | sess_b90d2b913a56 | INFO | [fullstack1] coordination starting
2026-08-10 03:51:20 | team | sess_b90d2b913a56 | INFO | Session tables ready for session sess_b90d2b913a56
2026-08-10 03:51:20 | team | sess_b90d2b913a56 | INFO | Workspace /srv/jwteam_clone/shared/run_current initialized as plain shared directory (version_control disabled)
2026-08-10 03:51:20 | team | sess_b90d2b913a56 | INFO | EventBus[teammate] starting
2026-08-10 03:51:46 | team | sess_b90d2b913a56 | INFO | [fullstack1] HITT section refresh: human_agent_names=[]
2026-08-10 03:52:01 | team | sess_b90d2b913a56 | INFO | [fullstack1] processing 1 unread messages (steer=True)
2026-08-10 03:52:01 | team | sess_b90d2b913a56 | INFO | Message da77eaef-139d-4bdf-b31e-cb5385fe63ed marked as read by fullstack1
2026-08-10 03:58:27 | team | sess_b90d2b913a56 | INFO | task list drained for team jiuwen_team_sess_b90d2b913a56: 3 terminal task(s)
2026-08-10 03:58:35 | team | sess_b90d2b913a56 | INFO | [fullstack1] processing 1 unread messages (steer=True)
2026-08-10 03:58:35 | team | sess_b90d2b913a56 | INFO | Message e16bf3eb-d224-4923-b4c5-befabfbebf1f marked as read by fullstack1
2026-08-10 03:59:14 | team | sess_b90d2b913a56 | INFO | team jiuwen_team_sess_b90d2b913a56 reported completed: 9 members, 3 tasks
2026-08-10 03:59:14 | team | sess_b90d2b913a56 | INFO | [fullstack1] received TEAM_STANDBY, pausing polls
2026-08-10 03:59:14 | team | sess_b90d2b913a56 | INFO | EventBus[teammate] pausing polls
