2026-08-10 03:51:19 | team | sess_b90d2b913a56 | INFO | Team workspace directory ensured at /srv/jwteam_clone/shared/run_current
2026-08-10 03:51:19 | team | sess_b90d2b913a56 | INFO | AgentTeam manager initialized for jiuwen_team_sess_b90d2b913a56, member=team_leader
2026-08-10 03:51:19 | team | sess_b90d2b913a56 | INFO | [team_leader] TeamPolicyRail static sections: section_names=['team_role', 'team_workflow', 'team_swarmflow', 'team_lifecycle', 'team_persona']
2026-08-10 03:51:19 | team | sess_b90d2b913a56 | INFO | Session tables ready for session sess_b90d2b913a56
2026-08-10 03:51:19 | team | sess_b90d2b913a56 | INFO | Team database initialized
2026-08-10 03:51:19 | team | default_trace_id | INFO | Team workspace directory ensured at /srv/jwteam_clone/shared/run_current
2026-08-10 03:51:19 | team | default_trace_id | INFO | AgentTeam manager initialized for jiuwen_team_sess_b90d2b913a56, member=verifier1
2026-08-10 03:51:19 | team | default_trace_id | INFO | [verifier1] TeamPolicyRail static sections: section_names=['team_role', 'team_persona']
2026-08-10 03:51:19 | team | sess_b90d2b913a56 | INFO | [verifier1] invoke start, role=teammate
2026-08-10 03:51:19 | team | sess_b90d2b913a56 | INFO | [verifier1] coordination starting
2026-08-10 03:51:19 | team | sess_b90d2b913a56 | INFO | Session tables ready for session sess_b90d2b913a56
2026-08-10 03:51:19 | team | sess_b90d2b913a56 | INFO | Workspace /srv/jwteam_clone/shared/run_current initialized as plain shared directory (version_control disabled)
2026-08-10 03:51:19 | team | sess_b90d2b913a56 | INFO | EventBus[teammate] starting
2026-08-10 03:51:46 | team | sess_b90d2b913a56 | INFO | [verifier1] HITT section refresh: human_agent_names=[]
2026-08-10 03:52:01 | team | sess_b90d2b913a56 | INFO | [verifier1] processing 1 unread messages (steer=True)
2026-08-10 03:52:01 | team | sess_b90d2b913a56 | INFO | Message da77eaef-139d-4bdf-b31e-cb5385fe63ed marked as read by verifier1
2026-08-10 03:56:58 | team | sess_b90d2b913a56 | INFO | [verifier1] processing 1 unread messages (steer=True)
2026-08-10 03:56:58 | team | sess_b90d2b913a56 | INFO | Message bd5f6c3f-b6ac-4d14-a768-8b9c7f3ad186 marked as read by verifier1
2026-08-10 03:57:02 | team | sess_b90d2b913a56 | INFO | [verifier1] received TASK_CLAIMED for self, task_id=verify, human_agent=False
2026-08-10 03:57:06 | team | sess_b90d2b913a56 | INFO | [verifier1] processing 1 unread messages (steer=True)
2026-08-10 03:57:06 | team | sess_b90d2b913a56 | INFO | Message cc319219-0875-47f7-9baa-dce81dedcc15 marked as read by verifier1
2026-08-10 03:57:12 | team | sess_b90d2b913a56 | INFO | [verifier1] processing 1 unread messages (steer=True)
2026-08-10 03:57:12 | team | sess_b90d2b913a56 | INFO | Message 98b5b8b7-936d-4eb4-b7ce-a111abeaf53b marked as read by verifier1
2026-08-10 03:57:50 | team | sess_b90d2b913a56 | INFO | [verifier1] processing 1 unread messages (steer=True)
2026-08-10 03:57:50 | team | sess_b90d2b913a56 | INFO | Message 9bd8045f-e60e-45fc-91d6-ef38a63e1fd4 marked as read by verifier1
2026-08-10 03:58:27 | team | sess_b90d2b913a56 | INFO | Task verify completed at 1786330707076
2026-08-10 03:58:27 | team | sess_b90d2b913a56 | INFO | Task verify completed
2026-08-10 03:58:35 | team | sess_b90d2b913a56 | INFO | [verifier1] processing 1 unread messages (steer=True)
2026-08-10 03:58:35 | team | sess_b90d2b913a56 | INFO | Message e16bf3eb-d224-4923-b4c5-befabfbebf1f marked as read by verifier1
2026-08-10 03:58:41 | team | sess_b90d2b913a56 | INFO | Message 4220a240-5db7-420c-b05e-65af15585acc created
2026-08-10 03:58:41 | team | sess_b90d2b913a56 | INFO | Message 8abab6d9-4131-4ff6-978b-05f0d75041cf created
2026-08-10 03:58:41 | team | sess_b90d2b913a56 | INFO | Message 0f5e7603-6a72-40b5-b855-ebab045d0462 created
2026-08-10 03:58:46 | team | sess_b90d2b913a56 | INFO | [verifier1] processing 1 unread messages (steer=True)
2026-08-10 03:58:46 | team | sess_b90d2b913a56 | INFO | Message 34c46e18-6745-487a-8ead-59401e031be4 marked as read by verifier1
2026-08-10 03:59:14 | team | sess_b90d2b913a56 | INFO | team jiuwen_team_sess_b90d2b913a56 reported completed: 9 members, 3 tasks
2026-08-10 03:59:14 | team | sess_b90d2b913a56 | INFO | [verifier1] received TEAM_STANDBY, pausing polls
2026-08-10 03:59:14 | team | sess_b90d2b913a56 | INFO | EventBus[teammate] pausing polls
