2026-08-23 17:43:17 | team | sess_9c3984f1c68d | INFO | Team workspace directory ensured at /srv/jwteam_clone/shared/run_current
2026-08-23 17:43:17 | team | sess_9c3984f1c68d | INFO | AgentTeam manager initialized for jiuwen_team_sess_9c3984f1c68d, member=team_leader
2026-08-23 17:43:17 | team | sess_9c3984f1c68d | INFO | [team_leader] TeamPolicyRail static sections: section_names=['team_role', 'team_workflow', 'team_swarmflow', 'team_lifecycle', 'team_persona']
2026-08-23 17:43:17 | team | sess_9c3984f1c68d | INFO | Session tables ready for session sess_9c3984f1c68d
2026-08-23 17:43:17 | team | sess_9c3984f1c68d | INFO | Team database initialized
2026-08-23 17:43:17 | team | default_trace_id | INFO | Team workspace directory ensured at /srv/jwteam_clone/shared/run_current
2026-08-23 17:43:17 | team | default_trace_id | INFO | AgentTeam manager initialized for jiuwen_team_sess_9c3984f1c68d, member=fullstack1
2026-08-23 17:43:17 | team | default_trace_id | INFO | [fullstack1] TeamPolicyRail static sections: section_names=['team_role', 'team_persona']
2026-08-23 17:43:17 | team | sess_9c3984f1c68d | INFO | [fullstack1] invoke start, role=teammate
2026-08-23 17:43:17 | team | sess_9c3984f1c68d | INFO | [fullstack1] coordination starting
2026-08-23 17:43:17 | team | sess_9c3984f1c68d | INFO | Session tables ready for session sess_9c3984f1c68d
2026-08-23 17:43:17 | team | sess_9c3984f1c68d | INFO | Workspace /srv/jwteam_clone/shared/run_current initialized as plain shared directory (version_control disabled)
2026-08-23 17:43:17 | team | sess_9c3984f1c68d | INFO | EventBus[teammate] starting
2026-08-23 17:48:15 | team | sess_9c3984f1c68d | INFO | [fullstack1] HITT section refresh: human_agent_names=[]
2026-08-23 17:49:32 | team | sess_9c3984f1c68d | INFO | Task plan_ir2 claimed by member fullstack1
2026-08-23 17:49:32 | team | sess_9c3984f1c68d | INFO | Task plan_ir2 claimed by member fullstack1
2026-08-23 17:50:54 | team | sess_9c3984f1c68d | INFO | [fullstack1] processing 1 unread messages (steer=True)
2026-08-23 17:50:54 | team | sess_9c3984f1c68d | INFO | Message 39f97670-b220-4a34-936d-4c09ef92cd50 marked as read by fullstack1
2026-08-23 17:51:24 | team | sess_9c3984f1c68d | INFO | Message 929e0cc7-e6e3-4e7a-a34b-67ee56092b04 created
2026-08-23 17:51:53 | team | sess_9c3984f1c68d | INFO | [fullstack1] processing 1 unread messages (steer=True)
2026-08-23 17:51:53 | team | sess_9c3984f1c68d | INFO | Message 98803cbb-0b04-4b9e-a51a-b2b415b7e7e9 marked as read by fullstack1
2026-08-23 17:51:58 | team | sess_9c3984f1c68d | INFO | Task plan_ir2 completed at 1787503918251
2026-08-23 17:51:58 | team | sess_9c3984f1c68d | INFO | Message 8a8025b8-79a5-492e-a016-c29b5be194d1 created
2026-08-23 17:51:58 | team | sess_9c3984f1c68d | INFO | Resolved 1 dependencies for task plan_ir2
2026-08-23 17:51:58 | team | sess_9c3984f1c68d | INFO | Task impl_ir2 unblocked (all deps resolved)
2026-08-23 17:51:58 | team | sess_9c3984f1c68d | INFO | Task plan_ir2 completed
2026-08-23 17:51:58 | team | sess_9c3984f1c68d | INFO | Unblocked 1 tasks
2026-08-23 17:52:09 | team | sess_9c3984f1c68d | INFO | Message ccf26ca9-ec64-4c73-8ca4-baf9cf2496c4 created
2026-08-23 17:52:20 | team | sess_9c3984f1c68d | INFO | [fullstack1] processing 1 unread messages (steer=True)
2026-08-23 17:52:20 | team | sess_9c3984f1c68d | INFO | Message 9fe68812-6495-4912-8225-4c20644d8795 marked as read by fullstack1
2026-08-23 17:52:23 | team | sess_9c3984f1c68d | INFO | Message b5993484-2584-41b2-90ca-c63b2177028a created
2026-08-23 17:53:29 | team | sess_9c3984f1c68d | INFO | [fullstack1] processing 1 unread messages (steer=True)
2026-08-23 17:53:29 | team | sess_9c3984f1c68d | INFO | Message e8ea658f-d3e4-4d66-b058-e346ac1ceb10 marked as read by fullstack1
2026-08-23 17:53:51 | team | sess_9c3984f1c68d | INFO | Message 7f9f583f-6705-4a37-b115-18803651c8f4 created
2026-08-23 17:55:36 | team | sess_9c3984f1c68d | INFO | task list drained for team jiuwen_team_sess_9c3984f1c68d: 6 terminal task(s)
2026-08-23 18:03:15 | team | sess_9c3984f1c68d | INFO | team jiuwen_team_sess_9c3984f1c68d reported completed: 9 members, 6 tasks
2026-08-23 18:03:16 | team | sess_9c3984f1c68d | INFO | [fullstack1] received TEAM_STANDBY, pausing polls
2026-08-23 18:03:16 | team | sess_9c3984f1c68d | INFO | EventBus[teammate] pausing polls
