2026-08-23 17:43:16 | team | sess_9c3984f1c68d | INFO | Team workspace directory ensured at /srv/jwteam_clone/shared/run_current
2026-08-23 17:43:16 | team | sess_9c3984f1c68d | INFO | AgentTeam manager initialized for jiuwen_team_sess_9c3984f1c68d, member=team_leader
2026-08-23 17:43:16 | team | sess_9c3984f1c68d | INFO | [team_leader] TeamPolicyRail static sections: section_names=['team_role', 'team_workflow', 'team_swarmflow', 'team_lifecycle', 'team_persona']
2026-08-23 17:43:16 | team | sess_9c3984f1c68d | INFO | Session tables ready for session sess_9c3984f1c68d
2026-08-23 17:43:16 | team | sess_9c3984f1c68d | INFO | Team database initialized
2026-08-23 17:43:16 | team | default_trace_id | INFO | Team workspace directory ensured at /srv/jwteam_clone/shared/run_current
2026-08-23 17:43:16 | team | default_trace_id | INFO | AgentTeam manager initialized for jiuwen_team_sess_9c3984f1c68d, member=verifier2
2026-08-23 17:43:16 | team | default_trace_id | INFO | [verifier2] TeamPolicyRail static sections: section_names=['team_role', 'team_persona']
2026-08-23 17:43:16 | team | sess_9c3984f1c68d | INFO | [verifier2] invoke start, role=teammate
2026-08-23 17:43:16 | team | sess_9c3984f1c68d | INFO | [verifier2] coordination starting
2026-08-23 17:43:16 | team | sess_9c3984f1c68d | INFO | Session tables ready for session sess_9c3984f1c68d
2026-08-23 17:43:16 | team | sess_9c3984f1c68d | INFO | Workspace /srv/jwteam_clone/shared/run_current initialized as plain shared directory (version_control disabled)
2026-08-23 17:43:16 | team | sess_9c3984f1c68d | INFO | EventBus[teammate] starting
2026-08-23 17:48:15 | team | sess_9c3984f1c68d | INFO | [verifier2] HITT section refresh: human_agent_names=[]
2026-08-23 17:52:38 | team | sess_9c3984f1c68d | INFO | [verifier2] processing 1 unread messages (steer=True)
2026-08-23 17:52:38 | team | sess_9c3984f1c68d | INFO | Message 30aa1649-767c-4a56-a36c-bafb04eb3f33 marked as read by verifier2
2026-08-23 17:52:42 | team | sess_9c3984f1c68d | INFO | Task verify_test9 claimed by member verifier2
2026-08-23 17:52:42 | team | sess_9c3984f1c68d | INFO | Task verify_test9 claimed by member verifier2
2026-08-23 17:54:38 | team | sess_9c3984f1c68d | INFO | [verifier2] processing 1 unread messages (steer=True)
2026-08-23 17:54:38 | team | sess_9c3984f1c68d | INFO | Message fe85413a-4262-4f2e-a3b5-b4589cbcf926 marked as read by verifier2
2026-08-23 17:55:35 | team | sess_9c3984f1c68d | INFO | Task verify_test9 completed at 1787504135882
2026-08-23 17:55:35 | team | sess_9c3984f1c68d | INFO | Message dbe2b620-0ab8-4489-84d3-d31e4654e733 created
2026-08-23 17:55:35 | team | sess_9c3984f1c68d | INFO | Task verify_test9 completed
2026-08-23 17:55:42 | team | sess_9c3984f1c68d | INFO | Message b28a1ea2-bb03-48f8-80bd-64f6e6960cb1 created
2026-08-23 18:03:15 | team | sess_9c3984f1c68d | INFO | team jiuwen_team_sess_9c3984f1c68d reported completed: 9 members, 6 tasks
2026-08-23 18:03:16 | team | sess_9c3984f1c68d | INFO | [verifier2] received TEAM_STANDBY, pausing polls
2026-08-23 18:03:16 | team | sess_9c3984f1c68d | INFO | EventBus[teammate] pausing polls
