2026-08-23 17:43:14 | team | sess_9c3984f1c68d | INFO | Team workspace directory ensured at /srv/jwteam_clone/shared/run_current
2026-08-23 17:43:14 | team | sess_9c3984f1c68d | INFO | AgentTeam manager initialized for jiuwen_team_sess_9c3984f1c68d, member=team_leader
2026-08-23 17:43:14 | team | sess_9c3984f1c68d | INFO | [team_leader] TeamPolicyRail static sections: section_names=['team_role', 'team_workflow', 'team_swarmflow', 'team_lifecycle', 'team_persona']
2026-08-23 17:43:14 | team | sess_9c3984f1c68d | INFO | Session tables ready for session sess_9c3984f1c68d
2026-08-23 17:43:14 | team | sess_9c3984f1c68d | INFO | Team database initialized
2026-08-23 17:43:14 | team | default_trace_id | INFO | Team workspace directory ensured at /srv/jwteam_clone/shared/run_current
2026-08-23 17:43:14 | team | default_trace_id | INFO | AgentTeam manager initialized for jiuwen_team_sess_9c3984f1c68d, member=executor3
2026-08-23 17:43:14 | team | default_trace_id | INFO | [executor3] TeamPolicyRail static sections: section_names=['team_role', 'team_persona']
2026-08-23 17:43:14 | team | sess_9c3984f1c68d | INFO | [executor3] invoke start, role=teammate
2026-08-23 17:43:14 | team | sess_9c3984f1c68d | INFO | [executor3] coordination starting
2026-08-23 17:43:14 | team | sess_9c3984f1c68d | INFO | Session tables ready for session sess_9c3984f1c68d
2026-08-23 17:43:14 | team | sess_9c3984f1c68d | INFO | Workspace /srv/jwteam_clone/shared/run_current initialized as plain shared directory (version_control disabled)
2026-08-23 17:43:14 | team | sess_9c3984f1c68d | INFO | EventBus[teammate] starting
2026-08-23 17:48:15 | team | sess_9c3984f1c68d | INFO | [executor3] HITT section refresh: human_agent_names=[]
2026-08-23 17:49:53 | team | sess_9c3984f1c68d | INFO | [executor3] processing 1 unread messages (steer=True)
2026-08-23 17:49:53 | team | sess_9c3984f1c68d | INFO | Message 3ac896cd-52fa-4bf2-9173-370a48e73834 marked as read by executor3
2026-08-23 17:52:07 | team | sess_9c3984f1c68d | INFO | Task impl_test9 claimed by member executor3
2026-08-23 17:52:07 | team | sess_9c3984f1c68d | INFO | Task impl_test9 claimed by member executor3
2026-08-23 17:52:38 | team | sess_9c3984f1c68d | INFO | Task impl_test9 completed at 1787503958632
2026-08-23 17:52:38 | team | sess_9c3984f1c68d | INFO | Message 30aa1649-767c-4a56-a36c-bafb04eb3f33 created
2026-08-23 17:52:38 | team | sess_9c3984f1c68d | INFO | Resolved 1 dependencies for task impl_test9
2026-08-23 17:52:38 | team | sess_9c3984f1c68d | INFO | Task verify_test9 unblocked (all deps resolved)
2026-08-23 17:52:38 | team | sess_9c3984f1c68d | INFO | Task impl_test9 completed
2026-08-23 17:52:38 | team | sess_9c3984f1c68d | INFO | Unblocked 1 tasks
2026-08-23 17:55:36 | team | sess_9c3984f1c68d | INFO | task list drained for team jiuwen_team_sess_9c3984f1c68d: 6 terminal task(s)
2026-08-23 18:03:15 | team | sess_9c3984f1c68d | INFO | team jiuwen_team_sess_9c3984f1c68d reported completed: 9 members, 6 tasks
2026-08-23 18:03:16 | team | sess_9c3984f1c68d | INFO | [executor3] received TEAM_STANDBY, pausing polls
2026-08-23 18:03:16 | team | sess_9c3984f1c68d | INFO | EventBus[teammate] pausing polls
