2026-08-23 17:43:15 | team | sess_9c3984f1c68d | INFO | Team workspace directory ensured at /srv/jwteam_clone/shared/run_current
2026-08-23 17:43:15 | team | sess_9c3984f1c68d | INFO | AgentTeam manager initialized for jiuwen_team_sess_9c3984f1c68d, member=team_leader
2026-08-23 17:43:15 | team | sess_9c3984f1c68d | INFO | [team_leader] TeamPolicyRail static sections: section_names=['team_role', 'team_workflow', 'team_swarmflow', 'team_lifecycle', 'team_persona']
2026-08-23 17:43:15 | team | sess_9c3984f1c68d | INFO | Session tables ready for session sess_9c3984f1c68d
2026-08-23 17:43:15 | team | sess_9c3984f1c68d | INFO | Team database initialized
2026-08-23 17:43:15 | team | default_trace_id | INFO | Team workspace directory ensured at /srv/jwteam_clone/shared/run_current
2026-08-23 17:43:15 | team | default_trace_id | INFO | AgentTeam manager initialized for jiuwen_team_sess_9c3984f1c68d, member=verifier1
2026-08-23 17:43:15 | team | default_trace_id | INFO | [verifier1] TeamPolicyRail static sections: section_names=['team_role', 'team_persona']
2026-08-23 17:43:15 | team | sess_9c3984f1c68d | INFO | [verifier1] invoke start, role=teammate
2026-08-23 17:43:15 | team | sess_9c3984f1c68d | INFO | [verifier1] coordination starting
2026-08-23 17:43:15 | team | sess_9c3984f1c68d | INFO | Session tables ready for session sess_9c3984f1c68d
2026-08-23 17:43:15 | team | sess_9c3984f1c68d | INFO | Workspace /srv/jwteam_clone/shared/run_current initialized as plain shared directory (version_control disabled)
2026-08-23 17:43:15 | team | sess_9c3984f1c68d | INFO | EventBus[teammate] starting
2026-08-23 17:48:15 | team | sess_9c3984f1c68d | INFO | [verifier1] HITT section refresh: human_agent_names=[]
2026-08-23 17:52:14 | team | sess_9c3984f1c68d | INFO | [verifier1] processing 1 unread messages (steer=True)
2026-08-23 17:52:14 | team | sess_9c3984f1c68d | INFO | Message a3d3298c-19a3-4d7d-a423-6b20c748e2cd marked as read by verifier1
2026-08-23 17:52:17 | team | sess_9c3984f1c68d | INFO | Task verify_ir2 claimed by member verifier1
2026-08-23 17:52:17 | team | sess_9c3984f1c68d | INFO | Task verify_ir2 claimed by member verifier1
2026-08-23 17:54:38 | team | sess_9c3984f1c68d | INFO | Task verify_ir2 completed at 1787504078400
2026-08-23 17:54:38 | team | sess_9c3984f1c68d | INFO | Message 60281b50-e975-454d-97d5-7ff257a3b22f created
2026-08-23 17:54:38 | team | sess_9c3984f1c68d | INFO | Task verify_ir2 completed
2026-08-23 17:54:38 | team | sess_9c3984f1c68d | INFO | Message ed6a457c-d61c-415a-a1d5-20cbe0e63152 created
2026-08-23 17:54:38 | team | sess_9c3984f1c68d | INFO | Message fe85413a-4262-4f2e-a3b5-b4589cbcf926 created
2026-08-23 17:55:35 | team | sess_9c3984f1c68d | INFO | [verifier1] processing 1 unread messages (steer=True)
2026-08-23 17:55:36 | team | sess_9c3984f1c68d | INFO | Message dbe2b620-0ab8-4489-84d3-d31e4654e733 marked as read by verifier1
2026-08-23 17:55:36 | team | sess_9c3984f1c68d | INFO | task list drained for team jiuwen_team_sess_9c3984f1c68d: 6 terminal task(s)
2026-08-23 18:03:15 | team | sess_9c3984f1c68d | INFO | team jiuwen_team_sess_9c3984f1c68d reported completed: 9 members, 6 tasks
2026-08-23 18:03:16 | team | sess_9c3984f1c68d | INFO | [verifier1] received TEAM_STANDBY, pausing polls
2026-08-23 18:03:16 | team | sess_9c3984f1c68d | INFO | EventBus[teammate] pausing polls
