2026-08-23 17:43:12 | team | sess_9c3984f1c68d | INFO | Team workspace directory ensured at /srv/jwteam_clone/shared/run_current
2026-08-23 17:43:12 | team | sess_9c3984f1c68d | INFO | AgentTeam manager initialized for jiuwen_team_sess_9c3984f1c68d, member=team_leader
2026-08-23 17:43:12 | team | sess_9c3984f1c68d | INFO | [team_leader] TeamPolicyRail static sections: section_names=['team_role', 'team_workflow', 'team_swarmflow', 'team_lifecycle', 'team_persona']
2026-08-23 17:43:12 | team | sess_9c3984f1c68d | INFO | Session tables ready for session sess_9c3984f1c68d
2026-08-23 17:43:12 | team | sess_9c3984f1c68d | INFO | Team database initialized
2026-08-23 17:43:12 | team | default_trace_id | INFO | Team workspace directory ensured at /srv/jwteam_clone/shared/run_current
2026-08-23 17:43:12 | team | default_trace_id | INFO | AgentTeam manager initialized for jiuwen_team_sess_9c3984f1c68d, member=executor1
2026-08-23 17:43:12 | team | default_trace_id | INFO | [executor1] TeamPolicyRail static sections: section_names=['team_role', 'team_persona']
2026-08-23 17:43:12 | team | sess_9c3984f1c68d | INFO | [executor1] invoke start, role=teammate
2026-08-23 17:43:12 | team | sess_9c3984f1c68d | INFO | [executor1] coordination starting
2026-08-23 17:43:12 | team | sess_9c3984f1c68d | INFO | Session tables ready for session sess_9c3984f1c68d
2026-08-23 17:43:12 | team | sess_9c3984f1c68d | INFO | Workspace /srv/jwteam_clone/shared/run_current initialized as plain shared directory (version_control disabled)
2026-08-23 17:43:12 | team | sess_9c3984f1c68d | INFO | EventBus[teammate] starting
2026-08-23 17:48:15 | team | sess_9c3984f1c68d | INFO | [executor1] HITT section refresh: human_agent_names=[]
2026-08-23 17:51:25 | team | sess_9c3984f1c68d | INFO | [executor1] processing 1 unread messages (steer=True)
2026-08-23 17:51:25 | team | sess_9c3984f1c68d | INFO | Message 929e0cc7-e6e3-4e7a-a34b-67ee56092b04 marked as read by executor1
2026-08-23 17:51:53 | team | sess_9c3984f1c68d | INFO | Message 98803cbb-0b04-4b9e-a51a-b2b415b7e7e9 created
2026-08-23 17:52:04 | team | sess_9c3984f1c68d | INFO | Task impl_ir2 claimed by member executor1
2026-08-23 17:52:04 | team | sess_9c3984f1c68d | INFO | Task impl_ir2 claimed by member executor1
2026-08-23 17:52:08 | team | sess_9c3984f1c68d | INFO | Task impl_ir2 completed at 1787503928171
2026-08-23 17:52:08 | team | sess_9c3984f1c68d | INFO | Resolved 1 dependencies for task impl_ir2
2026-08-23 17:52:08 | team | sess_9c3984f1c68d | INFO | Task verify_ir2 unblocked (all deps resolved)
2026-08-23 17:52:08 | team | sess_9c3984f1c68d | INFO | Task impl_ir2 completed
2026-08-23 17:52:08 | team | sess_9c3984f1c68d | INFO | Unblocked 1 tasks
2026-08-23 17:52:09 | team | sess_9c3984f1c68d | INFO | [executor1] processing 1 unread messages (steer=True)
2026-08-23 17:52:09 | team | sess_9c3984f1c68d | INFO | Message ccf26ca9-ec64-4c73-8ca4-baf9cf2496c4 marked as read by executor1
2026-08-23 17:52:14 | team | sess_9c3984f1c68d | INFO | Message a3d3298c-19a3-4d7d-a423-6b20c748e2cd created
2026-08-23 17:52:20 | team | sess_9c3984f1c68d | INFO | Message 9fe68812-6495-4912-8225-4c20644d8795 created
2026-08-23 17:53:29 | team | sess_9c3984f1c68d | INFO | [executor1] processing 1 unread messages (steer=True)
2026-08-23 17:53:29 | team | sess_9c3984f1c68d | INFO | Message 1b816ed0-98f9-4c5c-8c8f-4f1b29d56499 marked as read by executor1
2026-08-23 17:53:38 | team | sess_9c3984f1c68d | INFO | Message 94d857ea-fc3c-4f5c-9af5-004953ce21c9 created
2026-08-23 17:54:38 | team | sess_9c3984f1c68d | INFO | [executor1] processing 1 unread messages (steer=True)
2026-08-23 17:54:38 | team | sess_9c3984f1c68d | INFO | Message ed6a457c-d61c-415a-a1d5-20cbe0e63152 marked as read by executor1
2026-08-23 17:55:12 | team | sess_9c3984f1c68d | INFO | [executor1] processing 1 unread messages (steer=True)
2026-08-23 17:55:12 | team | sess_9c3984f1c68d | INFO | Message 4ea09313-b841-4be4-985d-93c78dd318aa marked as read by executor1
2026-08-23 17:55:36 | team | sess_9c3984f1c68d | INFO | task list drained for team jiuwen_team_sess_9c3984f1c68d: 6 terminal task(s)
2026-08-23 18:03:15 | team | sess_9c3984f1c68d | INFO | team jiuwen_team_sess_9c3984f1c68d reported completed: 9 members, 6 tasks
2026-08-23 18:03:16 | team | sess_9c3984f1c68d | INFO | [executor1] received TEAM_STANDBY, pausing polls
2026-08-23 18:03:16 | team | sess_9c3984f1c68d | INFO | EventBus[teammate] pausing polls
