2026-08-23 17:43:10 | team | sess_9c3984f1c68d | INFO | Team workspace directory ensured at /srv/jwteam_clone/shared/run_current
2026-08-23 17:43:10 | team | sess_9c3984f1c68d | INFO | AgentTeam manager initialized for jiuwen_team_sess_9c3984f1c68d, member=team_leader
2026-08-23 17:43:10 | team | sess_9c3984f1c68d | INFO | [team_leader] TeamPolicyRail static sections: section_names=['team_role', 'team_workflow', 'team_swarmflow', 'team_lifecycle', 'team_persona']
2026-08-23 17:43:10 | team | sess_9c3984f1c68d | INFO | Session tables ready for session sess_9c3984f1c68d
2026-08-23 17:43:10 | team | sess_9c3984f1c68d | INFO | Team database initialized
2026-08-23 17:43:10 | team | default_trace_id | INFO | Team workspace directory ensured at /srv/jwteam_clone/shared/run_current
2026-08-23 17:43:10 | team | default_trace_id | INFO | AgentTeam manager initialized for jiuwen_team_sess_9c3984f1c68d, member=planner1
2026-08-23 17:43:10 | team | default_trace_id | INFO | [planner1] TeamPolicyRail static sections: section_names=['team_role', 'team_persona']
2026-08-23 17:43:10 | team | sess_9c3984f1c68d | INFO | [planner1] invoke start, role=teammate
2026-08-23 17:43:10 | team | sess_9c3984f1c68d | INFO | [planner1] coordination starting
2026-08-23 17:43:10 | team | sess_9c3984f1c68d | INFO | Session tables ready for session sess_9c3984f1c68d
2026-08-23 17:43:10 | team | sess_9c3984f1c68d | INFO | Workspace /srv/jwteam_clone/shared/run_current initialized as plain shared directory (version_control disabled)
2026-08-23 17:43:10 | team | sess_9c3984f1c68d | INFO | EventBus[teammate] starting
2026-08-23 17:48:15 | team | sess_9c3984f1c68d | INFO | [planner1] HITT section refresh: human_agent_names=[]
2026-08-23 17:50:54 | team | sess_9c3984f1c68d | INFO | Message 39f97670-b220-4a34-936d-4c09ef92cd50 created
2026-08-23 17:51:58 | team | sess_9c3984f1c68d | INFO | [planner1] processing 1 unread messages (steer=True)
2026-08-23 17:51:58 | team | sess_9c3984f1c68d | INFO | Message 8a8025b8-79a5-492e-a016-c29b5be194d1 marked as read by planner1
2026-08-23 17:53:29 | team | sess_9c3984f1c68d | INFO | Message 1b816ed0-98f9-4c5c-8c8f-4f1b29d56499 created
2026-08-23 17:53:29 | team | sess_9c3984f1c68d | INFO | Message e8ea658f-d3e4-4d66-b058-e346ac1ceb10 created
2026-08-23 17:53:38 | team | sess_9c3984f1c68d | INFO | [planner1] processing 1 unread messages (steer=True)
2026-08-23 17:53:38 | team | sess_9c3984f1c68d | INFO | Message 94d857ea-fc3c-4f5c-9af5-004953ce21c9 marked as read by planner1
2026-08-23 17:53:51 | team | sess_9c3984f1c68d | INFO | [planner1] processing 1 unread messages (steer=True)
2026-08-23 17:53:51 | team | sess_9c3984f1c68d | INFO | Message 7f9f583f-6705-4a37-b115-18803651c8f4 marked as read by planner1
2026-08-23 17:55:12 | team | sess_9c3984f1c68d | INFO | Message 4ea09313-b841-4be4-985d-93c78dd318aa created
2026-08-23 17:55:36 | team | sess_9c3984f1c68d | INFO | task list drained for team jiuwen_team_sess_9c3984f1c68d: 6 terminal task(s)
2026-08-23 18:03:15 | team | sess_9c3984f1c68d | INFO | team jiuwen_team_sess_9c3984f1c68d reported completed: 9 members, 6 tasks
2026-08-23 18:03:16 | team | sess_9c3984f1c68d | INFO | [planner1] received TEAM_STANDBY, pausing polls
2026-08-23 18:03:16 | team | sess_9c3984f1c68d | INFO | EventBus[teammate] pausing polls
