2026-08-09 05:47:44 | team | sess_7b37fa6b6d5f | INFO | Team workspace directory ensured at /srv/jwteam_clone/shared/run_current
2026-08-09 05:47:44 | team | sess_7b37fa6b6d5f | INFO | AgentTeam manager initialized for jiuwen_team_sess_7b37fa6b6d5f, member=team_leader
2026-08-09 05:47:44 | team | sess_7b37fa6b6d5f | INFO | [team_leader] TeamPolicyRail static sections: section_names=['team_role', 'team_workflow', 'team_swarmflow', 'team_lifecycle', 'team_persona']
2026-08-09 05:47:44 | team | sess_7b37fa6b6d5f | INFO | Session tables ready for session sess_7b37fa6b6d5f
2026-08-09 05:47:44 | team | sess_7b37fa6b6d5f | INFO | Team database initialized
2026-08-09 05:47:44 | team | default_trace_id | INFO | Team workspace directory ensured at /srv/jwteam_clone/shared/run_current
2026-08-09 05:47:44 | team | default_trace_id | INFO | AgentTeam manager initialized for jiuwen_team_sess_7b37fa6b6d5f, member=verifier2
2026-08-09 05:47:44 | team | default_trace_id | INFO | [verifier2] TeamPolicyRail static sections: section_names=['team_role', 'team_persona']
2026-08-09 05:47:44 | team | sess_7b37fa6b6d5f | INFO | [verifier2] invoke start, role=teammate
2026-08-09 05:47:44 | team | sess_7b37fa6b6d5f | INFO | [verifier2] coordination starting
2026-08-09 05:47:44 | team | sess_7b37fa6b6d5f | INFO | Session tables ready for session sess_7b37fa6b6d5f
2026-08-09 05:47:44 | team | sess_7b37fa6b6d5f | INFO | Workspace /srv/jwteam_clone/shared/run_current initialized as plain shared directory (version_control disabled)
2026-08-09 05:47:44 | team | sess_7b37fa6b6d5f | INFO | EventBus[teammate] starting
2026-08-09 05:48:16 | team | sess_7b37fa6b6d5f | INFO | [verifier2] HITT section refresh: human_agent_names=[]
2026-08-09 05:48:30 | team | sess_7b37fa6b6d5f | INFO | [verifier2] processing 1 unread messages (steer=True)
2026-08-09 05:48:30 | team | sess_7b37fa6b6d5f | INFO | Message 22f4a06a-79a7-47f5-82fd-b5ab35a61c8f marked as read by verifier2
2026-08-09 05:49:12 | team | sess_7b37fa6b6d5f | INFO | Message b51e4cf1-3c55-4d47-9a8c-a71be080b5a7 created
2026-08-09 05:49:48 | team | sess_7b37fa6b6d5f | INFO | [verifier2] processing 1 unread messages (steer=True)
2026-08-09 05:49:48 | team | sess_7b37fa6b6d5f | INFO | Message d5034b17-d850-47a7-b2c3-16596a3c8a95 marked as read by verifier2
2026-08-09 05:49:53 | team | sess_7b37fa6b6d5f | INFO | [verifier2] processing 1 unread messages (steer=True)
2026-08-09 05:49:53 | team | sess_7b37fa6b6d5f | INFO | Message bc395daf-b390-469d-a15b-98f97b26aa35 marked as read by verifier2
2026-08-09 05:49:54 | team | sess_7b37fa6b6d5f | INFO | [verifier2] processing 1 unread messages (steer=True)
2026-08-09 05:49:54 | team | sess_7b37fa6b6d5f | INFO | Message 05512dad-0e6e-4726-ac50-1f3b001e8cfa marked as read by verifier2
2026-08-09 05:50:13 | team | sess_7b37fa6b6d5f | INFO | Message 8b0801bb-a5be-47e4-a1dd-54fdd636ac34 created
2026-08-09 05:50:13 | team | sess_7b37fa6b6d5f | INFO | Message 610a2811-0fd3-4503-afeb-39b8dfe172ce created
2026-08-09 05:50:17 | team | sess_7b37fa6b6d5f | INFO | [verifier2] processing 1 unread messages (steer=True)
2026-08-09 05:50:17 | team | sess_7b37fa6b6d5f | INFO | Message 6eb7dc47-35a7-4653-a333-3f4c24ea5417 marked as read by verifier2
2026-08-09 05:50:32 | team | sess_7b37fa6b6d5f | INFO | Message 12266dd6-0606-4423-91b9-12e2c6c67bc1 created
2026-08-09 05:50:32 | team | sess_7b37fa6b6d5f | INFO | Task task-verify-2 claimed by member verifier2
2026-08-09 05:50:32 | team | sess_7b37fa6b6d5f | INFO | Task task-verify-2 claimed by member verifier2
2026-08-09 05:50:41 | team | sess_7b37fa6b6d5f | INFO | Message 79577cf0-25eb-4a7a-afeb-ad3395c6f763 created
2026-08-09 05:51:18 | team | sess_7b37fa6b6d5f | INFO | [verifier2] processing 1 unread messages (steer=True)
2026-08-09 05:51:18 | team | sess_7b37fa6b6d5f | INFO | Message 36ba4df9-0ce4-4d0d-b138-1fb8a7dcb924 marked as read by verifier2
2026-08-09 05:52:11 | team | sess_7b37fa6b6d5f | INFO | Message 1072a698-d897-4ee6-8086-423529153892 created
2026-08-09 05:52:14 | team | sess_7b37fa6b6d5f | INFO | Task task-verify-2 completed at 1786251134428
2026-08-09 05:52:14 | team | sess_7b37fa6b6d5f | INFO | Task task-verify-2 completed
2026-08-09 05:52:44 | team | sess_7b37fa6b6d5f | INFO | task list drained for team jiuwen_team_sess_7b37fa6b6d5f: 6 terminal task(s)
2026-08-09 05:53:17 | team | sess_7b37fa6b6d5f | INFO | [verifier2] processing 1 unread messages (steer=True)
2026-08-09 05:53:17 | team | sess_7b37fa6b6d5f | INFO | Message 2dc7d7fa-9891-4fb0-bcb5-df8d04e74b51 marked as read by verifier2
2026-08-09 05:53:28 | team | sess_7b37fa6b6d5f | INFO | team jiuwen_team_sess_7b37fa6b6d5f reported completed: 9 members, 6 tasks
2026-08-09 05:53:28 | team | sess_7b37fa6b6d5f | INFO | [verifier2] received TEAM_STANDBY, pausing polls
2026-08-09 05:53:28 | team | sess_7b37fa6b6d5f | INFO | EventBus[teammate] pausing polls
