2026-08-09 05:47:41 | team | sess_7b37fa6b6d5f | INFO | Team workspace directory ensured at /srv/jwteam_clone/shared/run_current
2026-08-09 05:47:41 | team | sess_7b37fa6b6d5f | INFO | AgentTeam manager initialized for jiuwen_team_sess_7b37fa6b6d5f, member=team_leader
2026-08-09 05:47:41 | team | sess_7b37fa6b6d5f | INFO | [team_leader] TeamPolicyRail static sections: section_names=['team_role', 'team_workflow', 'team_swarmflow', 'team_lifecycle', 'team_persona']
2026-08-09 05:47:41 | team | sess_7b37fa6b6d5f | INFO | Session tables ready for session sess_7b37fa6b6d5f
2026-08-09 05:47:41 | team | sess_7b37fa6b6d5f | INFO | Team database initialized
2026-08-09 05:47:41 | team | default_trace_id | INFO | Team workspace directory ensured at /srv/jwteam_clone/shared/run_current
2026-08-09 05:47:41 | team | default_trace_id | INFO | AgentTeam manager initialized for jiuwen_team_sess_7b37fa6b6d5f, member=executor1
2026-08-09 05:47:41 | team | default_trace_id | INFO | [executor1] TeamPolicyRail static sections: section_names=['team_role', 'team_persona']
2026-08-09 05:47:41 | team | sess_7b37fa6b6d5f | INFO | [executor1] invoke start, role=teammate
2026-08-09 05:47:41 | team | sess_7b37fa6b6d5f | INFO | [executor1] coordination starting
2026-08-09 05:47:41 | team | sess_7b37fa6b6d5f | INFO | Session tables ready for session sess_7b37fa6b6d5f
2026-08-09 05:47:41 | team | sess_7b37fa6b6d5f | INFO | Workspace /srv/jwteam_clone/shared/run_current initialized as plain shared directory (version_control disabled)
2026-08-09 05:47:41 | team | sess_7b37fa6b6d5f | INFO | EventBus[teammate] starting
2026-08-09 05:48:16 | team | sess_7b37fa6b6d5f | INFO | [executor1] HITT section refresh: human_agent_names=[]
2026-08-09 05:48:30 | team | sess_7b37fa6b6d5f | INFO | [executor1] processing 1 unread messages (steer=True)
2026-08-09 05:48:30 | team | sess_7b37fa6b6d5f | INFO | Message 22f4a06a-79a7-47f5-82fd-b5ab35a61c8f marked as read by executor1
2026-08-09 05:49:12 | team | sess_7b37fa6b6d5f | INFO | [executor1] processing 1 unread messages (steer=True)
2026-08-09 05:49:12 | team | sess_7b37fa6b6d5f | INFO | Message 7fa77ffa-70a1-4bd5-8221-506ff3d1376b marked as read by executor1
2026-08-09 05:49:38 | team | sess_7b37fa6b6d5f | INFO | Task task-fix-circular claimed by member executor1
2026-08-09 05:49:38 | team | sess_7b37fa6b6d5f | INFO | Task task-fix-circular claimed by member executor1
2026-08-09 05:50:17 | team | sess_7b37fa6b6d5f | INFO | Task task-fix-circular completed at 1786251017761
2026-08-09 05:50:17 | team | sess_7b37fa6b6d5f | INFO | Message b5bdcdc6-9330-4a22-9e1f-0b2c48d2e5be created
2026-08-09 05:50:17 | team | sess_7b37fa6b6d5f | INFO | Message 6eb7dc47-35a7-4653-a333-3f4c24ea5417 created
2026-08-09 05:50:17 | team | sess_7b37fa6b6d5f | INFO | Resolved 2 dependencies for task task-fix-circular
2026-08-09 05:50:17 | team | sess_7b37fa6b6d5f | INFO | Task task-verify-1 unblocked (all deps resolved)
2026-08-09 05:50:17 | team | sess_7b37fa6b6d5f | INFO | Task task-verify-2 unblocked (all deps resolved)
2026-08-09 05:50:17 | team | sess_7b37fa6b6d5f | INFO | Task task-fix-circular completed
2026-08-09 05:50:17 | team | sess_7b37fa6b6d5f | INFO | Unblocked 2 tasks
2026-08-09 05:50:25 | team | sess_7b37fa6b6d5f | INFO | [executor1] processing 1 unread messages (steer=True)
2026-08-09 05:50:25 | team | sess_7b37fa6b6d5f | INFO | Message 7d7a7167-cdb6-406b-9100-c815197ae9f9 marked as read by executor1
2026-08-09 05:50:26 | team | sess_7b37fa6b6d5f | INFO | Message a58fd5c8-fcf0-42fc-9e47-10c83833e64e created
2026-08-09 05:50:32 | team | sess_7b37fa6b6d5f | INFO | [executor1] processing 1 unread messages (steer=True)
2026-08-09 05:50:32 | team | sess_7b37fa6b6d5f | INFO | Message 12266dd6-0606-4423-91b9-12e2c6c67bc1 marked as read by executor1
2026-08-09 05:52:44 | team | sess_7b37fa6b6d5f | INFO | task list drained for team jiuwen_team_sess_7b37fa6b6d5f: 6 terminal task(s)
2026-08-09 05:53:17 | team | sess_7b37fa6b6d5f | INFO | [executor1] processing 1 unread messages (steer=True)
2026-08-09 05:53:17 | team | sess_7b37fa6b6d5f | INFO | Message 2dc7d7fa-9891-4fb0-bcb5-df8d04e74b51 marked as read by executor1
2026-08-09 05:53:28 | team | sess_7b37fa6b6d5f | INFO | team jiuwen_team_sess_7b37fa6b6d5f reported completed: 9 members, 6 tasks
2026-08-09 05:53:28 | team | sess_7b37fa6b6d5f | INFO | [executor1] received TEAM_STANDBY, pausing polls
2026-08-09 05:53:28 | team | sess_7b37fa6b6d5f | INFO | EventBus[teammate] pausing polls
