2026-08-09 05:47:43 | team | sess_7b37fa6b6d5f | INFO | Team workspace directory ensured at /srv/jwteam_clone/shared/run_current
2026-08-09 05:47:43 | team | sess_7b37fa6b6d5f | INFO | AgentTeam manager initialized for jiuwen_team_sess_7b37fa6b6d5f, member=team_leader
2026-08-09 05:47:43 | team | sess_7b37fa6b6d5f | INFO | [team_leader] TeamPolicyRail static sections: section_names=['team_role', 'team_workflow', 'team_swarmflow', 'team_lifecycle', 'team_persona']
2026-08-09 05:47:43 | team | sess_7b37fa6b6d5f | INFO | Session tables ready for session sess_7b37fa6b6d5f
2026-08-09 05:47:43 | team | sess_7b37fa6b6d5f | INFO | Team database initialized
2026-08-09 05:47:43 | team | default_trace_id | INFO | Team workspace directory ensured at /srv/jwteam_clone/shared/run_current
2026-08-09 05:47:43 | team | default_trace_id | INFO | AgentTeam manager initialized for jiuwen_team_sess_7b37fa6b6d5f, member=verifier1
2026-08-09 05:47:44 | team | default_trace_id | INFO | [verifier1] TeamPolicyRail static sections: section_names=['team_role', 'team_persona']
2026-08-09 05:47:44 | team | sess_7b37fa6b6d5f | INFO | [verifier1] invoke start, role=teammate
2026-08-09 05:47:44 | team | sess_7b37fa6b6d5f | INFO | [verifier1] coordination starting
2026-08-09 05:47:44 | team | sess_7b37fa6b6d5f | INFO | Session tables ready for session sess_7b37fa6b6d5f
2026-08-09 05:47:44 | team | sess_7b37fa6b6d5f | INFO | Workspace /srv/jwteam_clone/shared/run_current initialized as plain shared directory (version_control disabled)
2026-08-09 05:47:44 | team | sess_7b37fa6b6d5f | INFO | EventBus[teammate] starting
2026-08-09 05:48:16 | team | sess_7b37fa6b6d5f | INFO | [verifier1] HITT section refresh: human_agent_names=[]
2026-08-09 05:48:30 | team | sess_7b37fa6b6d5f | INFO | [verifier1] processing 1 unread messages (steer=True)
2026-08-09 05:48:30 | team | sess_7b37fa6b6d5f | INFO | Message 22f4a06a-79a7-47f5-82fd-b5ab35a61c8f marked as read by verifier1
2026-08-09 05:49:00 | team | sess_7b37fa6b6d5f | INFO | Message 4a083966-c32f-4aeb-a403-8129ba30991d created
2026-08-09 05:49:29 | team | sess_7b37fa6b6d5f | INFO | [verifier1] processing 1 unread messages (steer=True)
2026-08-09 05:49:30 | team | sess_7b37fa6b6d5f | INFO | Message 435b3d4d-7cd6-40c3-807d-bbb132ad00e6 marked as read by verifier1
2026-08-09 05:49:53 | team | sess_7b37fa6b6d5f | INFO | [verifier1] processing 1 unread messages (steer=True)
2026-08-09 05:49:53 | team | sess_7b37fa6b6d5f | INFO | Message e7920fef-15ec-40d0-b6d3-21002a685818 marked as read by verifier1
2026-08-09 05:49:54 | team | sess_7b37fa6b6d5f | INFO | [verifier1] processing 1 unread messages (steer=True)
2026-08-09 05:49:54 | team | sess_7b37fa6b6d5f | INFO | Message 30feec42-ffc6-4a58-b6da-c46f32b4eeb6 marked as read by verifier1
2026-08-09 05:50:07 | team | sess_7b37fa6b6d5f | INFO | Message 5d1340fd-f5c7-4dea-8400-7974098bc5af created
2026-08-09 05:50:07 | team | sess_7b37fa6b6d5f | INFO | Message f211f276-393d-4178-91c5-a4956e1d85fe created
2026-08-09 05:50:17 | team | sess_7b37fa6b6d5f | INFO | [verifier1] processing 1 unread messages (steer=True)
2026-08-09 05:50:17 | team | sess_7b37fa6b6d5f | INFO | Message b5bdcdc6-9330-4a22-9e1f-0b2c48d2e5be marked as read by verifier1
2026-08-09 05:50:25 | team | sess_7b37fa6b6d5f | INFO | Message 7d7a7167-cdb6-406b-9100-c815197ae9f9 created
2026-08-09 05:50:25 | team | sess_7b37fa6b6d5f | INFO | Task task-verify-1 claimed by member verifier1
2026-08-09 05:50:25 | team | sess_7b37fa6b6d5f | INFO | Task task-verify-1 claimed by member verifier1
2026-08-09 05:51:09 | team | sess_7b37fa6b6d5f | INFO | Message 0c87837d-7cd5-4541-8245-9e5f3281fdff created
2026-08-09 05:51:46 | team | sess_7b37fa6b6d5f | INFO | [verifier1] processing 1 unread messages (steer=True)
2026-08-09 05:51:46 | team | sess_7b37fa6b6d5f | INFO | Message 0f6995dc-161d-4f52-b674-10fb31f26383 marked as read by verifier1
2026-08-09 05:52:37 | team | sess_7b37fa6b6d5f | INFO | Message a39ae0a6-0457-4f51-8bc8-67a539d805d1 created
2026-08-09 05:52:43 | team | sess_7b37fa6b6d5f | INFO | Task task-verify-1 completed at 1786251163990
2026-08-09 05:52:43 | team | sess_7b37fa6b6d5f | INFO | Task task-verify-1 completed
2026-08-09 05:53:17 | team | sess_7b37fa6b6d5f | INFO | [verifier1] processing 1 unread messages (steer=True)
2026-08-09 05:53:17 | team | sess_7b37fa6b6d5f | INFO | Message 2dc7d7fa-9891-4fb0-bcb5-df8d04e74b51 marked as read by verifier1
2026-08-09 05:53:28 | team | sess_7b37fa6b6d5f | INFO | team jiuwen_team_sess_7b37fa6b6d5f reported completed: 9 members, 6 tasks
2026-08-09 05:53:28 | team | sess_7b37fa6b6d5f | INFO | [verifier1] received TEAM_STANDBY, pausing polls
2026-08-09 05:53:28 | team | sess_7b37fa6b6d5f | INFO | EventBus[teammate] pausing polls
