2026-08-09 05:47:42 | team | sess_7b37fa6b6d5f | INFO | Team workspace directory ensured at /srv/jwteam_clone/shared/run_current
2026-08-09 05:47:42 | team | sess_7b37fa6b6d5f | INFO | AgentTeam manager initialized for jiuwen_team_sess_7b37fa6b6d5f, member=team_leader
2026-08-09 05:47:42 | team | sess_7b37fa6b6d5f | INFO | [team_leader] TeamPolicyRail static sections: section_names=['team_role', 'team_workflow', 'team_swarmflow', 'team_lifecycle', 'team_persona']
2026-08-09 05:47:43 | team | sess_7b37fa6b6d5f | INFO | Session tables ready for session sess_7b37fa6b6d5f
2026-08-09 05:47:43 | team | sess_7b37fa6b6d5f | INFO | Team database initialized
2026-08-09 05:47:43 | team | default_trace_id | INFO | Team workspace directory ensured at /srv/jwteam_clone/shared/run_current
2026-08-09 05:47:43 | team | default_trace_id | INFO | AgentTeam manager initialized for jiuwen_team_sess_7b37fa6b6d5f, member=executor3
2026-08-09 05:47:43 | team | default_trace_id | INFO | [executor3] TeamPolicyRail static sections: section_names=['team_role', 'team_persona']
2026-08-09 05:47:43 | team | sess_7b37fa6b6d5f | INFO | [executor3] invoke start, role=teammate
2026-08-09 05:47:43 | team | sess_7b37fa6b6d5f | INFO | [executor3] coordination starting
2026-08-09 05:47:43 | team | sess_7b37fa6b6d5f | INFO | Session tables ready for session sess_7b37fa6b6d5f
2026-08-09 05:47:43 | team | sess_7b37fa6b6d5f | INFO | Workspace /srv/jwteam_clone/shared/run_current initialized as plain shared directory (version_control disabled)
2026-08-09 05:47:43 | team | sess_7b37fa6b6d5f | INFO | EventBus[teammate] starting
2026-08-09 05:48:16 | team | sess_7b37fa6b6d5f | INFO | [executor3] HITT section refresh: human_agent_names=[]
2026-08-09 05:48:30 | team | sess_7b37fa6b6d5f | INFO | [executor3] processing 1 unread messages (steer=True)
2026-08-09 05:48:30 | team | sess_7b37fa6b6d5f | INFO | Message 22f4a06a-79a7-47f5-82fd-b5ab35a61c8f marked as read by executor3
2026-08-09 05:49:12 | team | sess_7b37fa6b6d5f | INFO | [executor3] processing 1 unread messages (steer=True)
2026-08-09 05:49:12 | team | sess_7b37fa6b6d5f | INFO | Message aa0d3eb1-af15-4924-9918-e75e79abd420 marked as read by executor3
2026-08-09 05:49:39 | team | sess_7b37fa6b6d5f | INFO | Task task-fix-import claimed by member executor3
2026-08-09 05:49:39 | team | sess_7b37fa6b6d5f | INFO | Task task-fix-import claimed by member executor3
2026-08-09 05:49:47 | team | sess_7b37fa6b6d5f | INFO | Task task-fix-import completed at 1786250987984
2026-08-09 05:49:47 | team | sess_7b37fa6b6d5f | INFO | Resolved 2 dependencies for task task-fix-import
2026-08-09 05:49:47 | team | sess_7b37fa6b6d5f | INFO | Task task-fix-import completed
2026-08-09 05:49:53 | team | sess_7b37fa6b6d5f | INFO | Message e7920fef-15ec-40d0-b6d3-21002a685818 created
2026-08-09 05:49:53 | team | sess_7b37fa6b6d5f | INFO | Message bc395daf-b390-469d-a15b-98f97b26aa35 created
2026-08-09 05:50:07 | team | sess_7b37fa6b6d5f | INFO | [executor3] processing 1 unread messages (steer=True)
2026-08-09 05:50:07 | team | sess_7b37fa6b6d5f | INFO | Message 5d1340fd-f5c7-4dea-8400-7974098bc5af marked as read by executor3
2026-08-09 05:50:13 | team | sess_7b37fa6b6d5f | INFO | [executor3] processing 1 unread messages (steer=True)
2026-08-09 05:50:13 | team | sess_7b37fa6b6d5f | INFO | Message 610a2811-0fd3-4503-afeb-39b8dfe172ce marked as read by executor3
2026-08-09 05:52:44 | team | sess_7b37fa6b6d5f | INFO | task list drained for team jiuwen_team_sess_7b37fa6b6d5f: 6 terminal task(s)
2026-08-09 05:53:17 | team | sess_7b37fa6b6d5f | INFO | [executor3] processing 1 unread messages (steer=True)
2026-08-09 05:53:17 | team | sess_7b37fa6b6d5f | INFO | Message 2dc7d7fa-9891-4fb0-bcb5-df8d04e74b51 marked as read by executor3
2026-08-09 05:53:28 | team | sess_7b37fa6b6d5f | INFO | team jiuwen_team_sess_7b37fa6b6d5f reported completed: 9 members, 6 tasks
2026-08-09 05:53:28 | team | sess_7b37fa6b6d5f | INFO | [executor3] received TEAM_STANDBY, pausing polls
2026-08-09 05:53:28 | team | sess_7b37fa6b6d5f | INFO | EventBus[teammate] pausing polls
