2026-08-09 05:47:42 | team | sess_7b37fa6b6d5f | INFO | Team workspace directory ensured at /srv/jwteam_clone/shared/run_current
2026-08-09 05:47:42 | team | sess_7b37fa6b6d5f | INFO | AgentTeam manager initialized for jiuwen_team_sess_7b37fa6b6d5f, member=team_leader
2026-08-09 05:47:42 | team | sess_7b37fa6b6d5f | INFO | [team_leader] TeamPolicyRail static sections: section_names=['team_role', 'team_workflow', 'team_swarmflow', 'team_lifecycle', 'team_persona']
2026-08-09 05:47:42 | team | sess_7b37fa6b6d5f | INFO | Session tables ready for session sess_7b37fa6b6d5f
2026-08-09 05:47:42 | team | sess_7b37fa6b6d5f | INFO | Team database initialized
2026-08-09 05:47:42 | team | default_trace_id | INFO | Team workspace directory ensured at /srv/jwteam_clone/shared/run_current
2026-08-09 05:47:42 | team | default_trace_id | INFO | AgentTeam manager initialized for jiuwen_team_sess_7b37fa6b6d5f, member=executor2
2026-08-09 05:47:42 | team | default_trace_id | INFO | [executor2] TeamPolicyRail static sections: section_names=['team_role', 'team_persona']
2026-08-09 05:47:42 | team | sess_7b37fa6b6d5f | INFO | [executor2] invoke start, role=teammate
2026-08-09 05:47:42 | team | sess_7b37fa6b6d5f | INFO | [executor2] coordination starting
2026-08-09 05:47:42 | team | sess_7b37fa6b6d5f | INFO | Session tables ready for session sess_7b37fa6b6d5f
2026-08-09 05:47:42 | team | sess_7b37fa6b6d5f | INFO | Workspace /srv/jwteam_clone/shared/run_current initialized as plain shared directory (version_control disabled)
2026-08-09 05:47:42 | team | sess_7b37fa6b6d5f | INFO | EventBus[teammate] starting
2026-08-09 05:48:16 | team | sess_7b37fa6b6d5f | INFO | [executor2] HITT section refresh: human_agent_names=[]
2026-08-09 05:48:30 | team | sess_7b37fa6b6d5f | INFO | [executor2] processing 1 unread messages (steer=True)
2026-08-09 05:48:30 | team | sess_7b37fa6b6d5f | INFO | Message 22f4a06a-79a7-47f5-82fd-b5ab35a61c8f marked as read by executor2
2026-08-09 05:49:12 | team | sess_7b37fa6b6d5f | INFO | [executor2] processing 1 unread messages (steer=True)
2026-08-09 05:49:12 | team | sess_7b37fa6b6d5f | INFO | Message 60f38429-f7ad-4ef6-8bea-4dc9e3abbfdf marked as read by executor2
2026-08-09 05:49:37 | team | sess_7b37fa6b6d5f | INFO | Task task-fix-pin claimed by member executor2
2026-08-09 05:49:37 | team | sess_7b37fa6b6d5f | INFO | Task task-fix-pin claimed by member executor2
2026-08-09 05:49:54 | team | sess_7b37fa6b6d5f | INFO | Task task-fix-pin completed at 1786250994248
2026-08-09 05:49:54 | team | sess_7b37fa6b6d5f | INFO | Message 30feec42-ffc6-4a58-b6da-c46f32b4eeb6 created
2026-08-09 05:49:54 | team | sess_7b37fa6b6d5f | INFO | Message 05512dad-0e6e-4726-ac50-1f3b001e8cfa created
2026-08-09 05:49:54 | team | sess_7b37fa6b6d5f | INFO | Resolved 2 dependencies for task task-fix-pin
2026-08-09 05:49:54 | team | sess_7b37fa6b6d5f | INFO | Task task-fix-pin completed
2026-08-09 05:50:02 | team | sess_7b37fa6b6d5f | INFO | Message 39de59f5-5fc2-43ab-8b31-06979673c40a created
2026-08-09 05:50:07 | team | sess_7b37fa6b6d5f | INFO | [executor2] processing 1 unread messages (steer=True)
2026-08-09 05:50:07 | team | sess_7b37fa6b6d5f | INFO | Message f211f276-393d-4178-91c5-a4956e1d85fe marked as read by executor2
2026-08-09 05:50:13 | team | sess_7b37fa6b6d5f | INFO | [executor2] processing 1 unread messages (steer=True)
2026-08-09 05:50:13 | team | sess_7b37fa6b6d5f | INFO | Message 8b0801bb-a5be-47e4-a1dd-54fdd636ac34 marked as read by executor2
2026-08-09 05:50:26 | team | sess_7b37fa6b6d5f | INFO | [executor2] processing 1 unread messages (steer=True)
2026-08-09 05:50:26 | team | sess_7b37fa6b6d5f | INFO | Message 2fb1a9d1-2d09-4d35-97dc-f57176214531 marked as read by executor2
2026-08-09 05:52:44 | team | sess_7b37fa6b6d5f | INFO | task list drained for team jiuwen_team_sess_7b37fa6b6d5f: 6 terminal task(s)
2026-08-09 05:53:17 | team | sess_7b37fa6b6d5f | INFO | [executor2] processing 1 unread messages (steer=True)
2026-08-09 05:53:17 | team | sess_7b37fa6b6d5f | INFO | Message 2dc7d7fa-9891-4fb0-bcb5-df8d04e74b51 marked as read by executor2
2026-08-09 05:53:28 | team | sess_7b37fa6b6d5f | INFO | team jiuwen_team_sess_7b37fa6b6d5f reported completed: 9 members, 6 tasks
2026-08-09 05:53:28 | team | sess_7b37fa6b6d5f | INFO | [executor2] received TEAM_STANDBY, pausing polls
2026-08-09 05:53:28 | team | sess_7b37fa6b6d5f | INFO | EventBus[teammate] pausing polls
