2026-08-09 05:47:39 | team | sess_7b37fa6b6d5f | INFO | Team workspace directory ensured at /srv/jwteam_clone/shared/run_current
2026-08-09 05:47:39 | team | sess_7b37fa6b6d5f | INFO | AgentTeam manager initialized for jiuwen_team_sess_7b37fa6b6d5f, member=team_leader
2026-08-09 05:47:39 | team | sess_7b37fa6b6d5f | INFO | [team_leader] TeamPolicyRail static sections: section_names=['team_role', 'team_workflow', 'team_swarmflow', 'team_lifecycle', 'team_persona']
2026-08-09 05:47:40 | team | sess_7b37fa6b6d5f | INFO | Session tables ready for session sess_7b37fa6b6d5f
2026-08-09 05:47:40 | team | sess_7b37fa6b6d5f | INFO | Team database initialized
2026-08-09 05:47:40 | team | default_trace_id | INFO | Team workspace directory ensured at /srv/jwteam_clone/shared/run_current
2026-08-09 05:47:40 | team | default_trace_id | INFO | AgentTeam manager initialized for jiuwen_team_sess_7b37fa6b6d5f, member=planner1
2026-08-09 05:47:40 | team | default_trace_id | INFO | [planner1] TeamPolicyRail static sections: section_names=['team_role', 'team_persona']
2026-08-09 05:47:40 | team | sess_7b37fa6b6d5f | INFO | [planner1] invoke start, role=teammate
2026-08-09 05:47:40 | team | sess_7b37fa6b6d5f | INFO | [planner1] coordination starting
2026-08-09 05:47:40 | team | sess_7b37fa6b6d5f | INFO | Session tables ready for session sess_7b37fa6b6d5f
2026-08-09 05:47:40 | team | sess_7b37fa6b6d5f | INFO | Workspace /srv/jwteam_clone/shared/run_current initialized as plain shared directory (version_control disabled)
2026-08-09 05:47:40 | team | sess_7b37fa6b6d5f | INFO | EventBus[teammate] starting
2026-08-09 05:48:16 | team | sess_7b37fa6b6d5f | INFO | [planner1] HITT section refresh: human_agent_names=[]
2026-08-09 05:48:30 | team | sess_7b37fa6b6d5f | INFO | [planner1] processing 1 unread messages (steer=True)
2026-08-09 05:48:30 | team | sess_7b37fa6b6d5f | INFO | Message 22f4a06a-79a7-47f5-82fd-b5ab35a61c8f marked as read by planner1
2026-08-09 05:48:51 | team | sess_7b37fa6b6d5f | INFO | Message 81738e76-bf18-47db-9be4-1e2f3f02db3d created
2026-08-09 05:49:29 | team | sess_7b37fa6b6d5f | INFO | [planner1] processing 1 unread messages (steer=True)
2026-08-09 05:49:29 | team | sess_7b37fa6b6d5f | INFO | Message e970efbb-8eb3-4bf3-a80f-a54633379eb4 marked as read by planner1
2026-08-09 05:49:51 | team | sess_7b37fa6b6d5f | INFO | Message 3088b65c-2699-4a54-b3aa-6f7907382917 created
2026-08-09 05:50:26 | team | sess_7b37fa6b6d5f | INFO | [planner1] processing 1 unread messages (steer=True)
2026-08-09 05:50:26 | team | sess_7b37fa6b6d5f | INFO | Message 32c447d8-d42c-4250-9de9-a596adfc1534 marked as read by planner1
2026-08-09 05:50:27 | team | sess_7b37fa6b6d5f | INFO | Message 00282ea3-a3c7-4eda-9dfe-96d0da91bc90 created
2026-08-09 05:52:44 | team | sess_7b37fa6b6d5f | INFO | task list drained for team jiuwen_team_sess_7b37fa6b6d5f: 6 terminal task(s)
2026-08-09 05:53:17 | team | sess_7b37fa6b6d5f | INFO | [planner1] processing 1 unread messages (steer=True)
2026-08-09 05:53:17 | team | sess_7b37fa6b6d5f | INFO | Message 2dc7d7fa-9891-4fb0-bcb5-df8d04e74b51 marked as read by planner1
2026-08-09 05:53:28 | team | sess_7b37fa6b6d5f | INFO | team jiuwen_team_sess_7b37fa6b6d5f reported completed: 9 members, 6 tasks
2026-08-09 05:53:28 | team | sess_7b37fa6b6d5f | INFO | [planner1] received TEAM_STANDBY, pausing polls
2026-08-09 05:53:28 | team | sess_7b37fa6b6d5f | INFO | EventBus[teammate] pausing polls
