2026-08-08 13:47:25 | team | sess_20982e24cd17 | INFO | Team workspace directory ensured at /srv/jwteam_clone/shared/run_current
2026-08-08 13:47:25 | team | sess_20982e24cd17 | INFO | AgentTeam manager initialized for jiuwen_team_sess_20982e24cd17, member=team_leader
2026-08-08 13:47:25 | team | sess_20982e24cd17 | INFO | [team_leader] TeamPolicyRail static sections: section_names=['team_role', 'team_workflow', 'team_swarmflow', 'team_lifecycle', 'team_persona']
2026-08-08 13:47:25 | team | sess_20982e24cd17 | INFO | Session tables ready for session sess_20982e24cd17
2026-08-08 13:47:25 | team | sess_20982e24cd17 | INFO | Team database initialized
2026-08-08 13:47:25 | team | default_trace_id | INFO | Team workspace directory ensured at /srv/jwteam_clone/shared/run_current
2026-08-08 13:47:25 | team | default_trace_id | INFO | AgentTeam manager initialized for jiuwen_team_sess_20982e24cd17, member=executor2
2026-08-08 13:47:25 | team | default_trace_id | INFO | [executor2] TeamPolicyRail static sections: section_names=['team_role', 'team_persona']
2026-08-08 13:47:25 | team | sess_20982e24cd17 | INFO | [executor2] invoke start, role=teammate
2026-08-08 13:47:25 | team | sess_20982e24cd17 | INFO | [executor2] coordination starting
2026-08-08 13:47:25 | team | sess_20982e24cd17 | INFO | Session tables ready for session sess_20982e24cd17
2026-08-08 13:47:25 | team | sess_20982e24cd17 | INFO | Workspace /srv/jwteam_clone/shared/run_current initialized as plain shared directory (version_control disabled)
2026-08-08 13:47:25 | team | sess_20982e24cd17 | INFO | EventBus[teammate] starting
2026-08-08 13:48:03 | team | sess_20982e24cd17 | INFO | [executor2] HITT section refresh: human_agent_names=[]
2026-08-08 13:48:16 | team | sess_20982e24cd17 | INFO | [executor2] processing 1 unread messages (steer=True)
2026-08-08 13:48:16 | team | sess_20982e24cd17 | INFO | Message 15275a82-afb6-4def-b2f3-34f0f945f01c marked as read by executor2
2026-08-08 13:49:46 | team | sess_20982e24cd17 | INFO | [executor2] processing 1 unread messages (steer=True)
2026-08-08 13:49:46 | team | sess_20982e24cd17 | INFO | Message b7c7f51b-7392-43b8-80d6-ce635aed36f4 marked as read by executor2
2026-08-08 13:49:55 | team | sess_20982e24cd17 | INFO | Message 3b04516e-bfe8-44ee-8b51-145ccfd4062b created
2026-08-08 13:49:55 | team | sess_20982e24cd17 | INFO | Task lh5_implement claimed by member executor2
2026-08-08 13:49:55 | team | sess_20982e24cd17 | INFO | Task lh5_implement claimed by member executor2
2026-08-08 13:52:34 | team | sess_20982e24cd17 | INFO | Message ef912e41-ccd5-429a-aca8-906f8920401d created
2026-08-08 13:52:34 | team | sess_20982e24cd17 | INFO | Task lh5_implement completed at 1786193554864
2026-08-08 13:52:34 | team | sess_20982e24cd17 | INFO | Resolved 1 dependencies for task lh5_implement
2026-08-08 13:52:34 | team | sess_20982e24cd17 | INFO | Task lh5_verify unblocked (all deps resolved)
2026-08-08 13:52:34 | team | sess_20982e24cd17 | INFO | Task lh5_implement completed
2026-08-08 13:52:34 | team | sess_20982e24cd17 | INFO | Unblocked 1 tasks
2026-08-08 13:54:28 | team | sess_20982e24cd17 | INFO | [executor2] processing 1 unread messages (steer=True)
2026-08-08 13:54:28 | team | sess_20982e24cd17 | INFO | Message bdc3e48a-e691-4f2d-a5ee-8354ac4ec14c marked as read by executor2
2026-08-08 13:54:28 | team | sess_20982e24cd17 | INFO | task list drained for team jiuwen_team_sess_20982e24cd17: 6 terminal task(s)
2026-08-08 13:54:44 | team | sess_20982e24cd17 | INFO | [executor2] processing 1 unread messages (steer=True)
2026-08-08 13:54:44 | team | sess_20982e24cd17 | INFO | Message 714c6c50-5fc4-4137-b779-932c82d175d5 marked as read by executor2
2026-08-08 13:55:21 | team | sess_20982e24cd17 | INFO | team jiuwen_team_sess_20982e24cd17 reported completed: 9 members, 6 tasks
2026-08-08 13:55:21 | team | sess_20982e24cd17 | INFO | [executor2] received TEAM_STANDBY, pausing polls
2026-08-08 13:55:21 | team | sess_20982e24cd17 | INFO | EventBus[teammate] pausing polls
