2026-08-10 01:55:54 | team | sess_f6ce9a3d642d | INFO | Team workspace directory ensured at /srv/jwteam_clone/shared/run_current
2026-08-10 01:55:54 | team | sess_f6ce9a3d642d | INFO | AgentTeam manager initialized for jiuwen_team_sess_f6ce9a3d642d, member=team_leader
2026-08-10 01:55:54 | team | sess_f6ce9a3d642d | INFO | [team_leader] TeamPolicyRail static sections: section_names=['team_role', 'team_workflow', 'team_swarmflow', 'team_lifecycle', 'team_persona']
2026-08-10 01:55:54 | team | sess_f6ce9a3d642d | INFO | Session tables ready for session sess_f6ce9a3d642d
2026-08-10 01:55:54 | team | sess_f6ce9a3d642d | INFO | Team database initialized
2026-08-10 01:55:54 | team | default_trace_id | INFO | Team workspace directory ensured at /srv/jwteam_clone/shared/run_current
2026-08-10 01:55:54 | team | default_trace_id | INFO | AgentTeam manager initialized for jiuwen_team_sess_f6ce9a3d642d, member=fullstack1
2026-08-10 01:55:54 | team | default_trace_id | INFO | [fullstack1] TeamPolicyRail static sections: section_names=['team_role', 'team_persona']
2026-08-10 01:55:54 | team | sess_f6ce9a3d642d | INFO | [fullstack1] invoke start, role=teammate
2026-08-10 01:55:54 | team | sess_f6ce9a3d642d | INFO | [fullstack1] coordination starting
2026-08-10 01:55:54 | team | sess_f6ce9a3d642d | INFO | Session tables ready for session sess_f6ce9a3d642d
2026-08-10 01:55:54 | team | sess_f6ce9a3d642d | INFO | Workspace /srv/jwteam_clone/shared/run_current initialized as plain shared directory (version_control disabled)
2026-08-10 01:55:54 | team | sess_f6ce9a3d642d | INFO | EventBus[teammate] starting
2026-08-10 01:56:17 | team | sess_f6ce9a3d642d | INFO | [fullstack1] HITT section refresh: human_agent_names=[]
2026-08-10 01:56:30 | team | sess_f6ce9a3d642d | INFO | [fullstack1] processing 1 unread messages (steer=True)
2026-08-10 01:56:30 | team | sess_f6ce9a3d642d | INFO | Message ffcecb8d-354c-4d28-a09e-c4ce6cc8058a marked as read by fullstack1
2026-08-10 02:02:35 | team | sess_f6ce9a3d642d | INFO | [fullstack1] processing 1 unread messages (steer=True)
2026-08-10 02:02:35 | team | sess_f6ce9a3d642d | INFO | Message 56174ba3-e908-40c0-a56f-e91a5f6fdd09 marked as read by fullstack1
2026-08-10 02:02:59 | team | sess_f6ce9a3d642d | INFO | task list drained for team jiuwen_team_sess_f6ce9a3d642d: 4 terminal task(s)
2026-08-10 02:03:12 | team | sess_f6ce9a3d642d | INFO | Message 7382fe36-20cb-4c90-bd98-e977aae75703 created
2026-08-10 02:03:12 | team | sess_f6ce9a3d642d | INFO | Message edf4390b-6d0a-4733-b722-e487a32ecff2 created
2026-08-10 02:03:14 | team | sess_f6ce9a3d642d | INFO | [fullstack1] processing 1 unread messages (steer=True)
2026-08-10 02:03:14 | team | sess_f6ce9a3d642d | INFO | Message 9ed1350f-d376-4da7-9c0b-e2a2d8857d50 marked as read by fullstack1
2026-08-10 02:03:20 | team | sess_f6ce9a3d642d | INFO | [fullstack1] processing 1 unread messages (steer=True)
2026-08-10 02:03:20 | team | sess_f6ce9a3d642d | INFO | Message 7699b33c-5f61-4556-989c-8c775f906ebc marked as read by fullstack1
2026-08-10 02:03:44 | team | sess_f6ce9a3d642d | INFO | team jiuwen_team_sess_f6ce9a3d642d reported completed: 9 members, 4 tasks
2026-08-10 02:03:44 | team | sess_f6ce9a3d642d | INFO | [fullstack1] received TEAM_STANDBY, pausing polls
2026-08-10 02:03:44 | team | sess_f6ce9a3d642d | INFO | EventBus[teammate] pausing polls
