2026-08-10 01:55:52 | team | sess_f6ce9a3d642d | INFO | Team workspace directory ensured at /srv/jwteam_clone/shared/run_current
2026-08-10 01:55:52 | team | sess_f6ce9a3d642d | INFO | AgentTeam manager initialized for jiuwen_team_sess_f6ce9a3d642d, member=team_leader
2026-08-10 01:55:52 | team | sess_f6ce9a3d642d | INFO | [team_leader] TeamPolicyRail static sections: section_names=['team_role', 'team_workflow', 'team_swarmflow', 'team_lifecycle', 'team_persona']
2026-08-10 01:55:53 | team | sess_f6ce9a3d642d | INFO | Session tables ready for session sess_f6ce9a3d642d
2026-08-10 01:55:53 | team | sess_f6ce9a3d642d | INFO | Team database initialized
2026-08-10 01:55:53 | team | default_trace_id | INFO | Team workspace directory ensured at /srv/jwteam_clone/shared/run_current
2026-08-10 01:55:53 | team | default_trace_id | INFO | AgentTeam manager initialized for jiuwen_team_sess_f6ce9a3d642d, member=verifier2
2026-08-10 01:55:53 | team | default_trace_id | INFO | [verifier2] TeamPolicyRail static sections: section_names=['team_role', 'team_persona']
2026-08-10 01:55:53 | team | sess_f6ce9a3d642d | INFO | [verifier2] invoke start, role=teammate
2026-08-10 01:55:53 | team | sess_f6ce9a3d642d | INFO | [verifier2] coordination starting
2026-08-10 01:55:53 | team | sess_f6ce9a3d642d | INFO | Session tables ready for session sess_f6ce9a3d642d
2026-08-10 01:55:53 | team | sess_f6ce9a3d642d | INFO | Workspace /srv/jwteam_clone/shared/run_current initialized as plain shared directory (version_control disabled)
2026-08-10 01:55:53 | team | sess_f6ce9a3d642d | INFO | EventBus[teammate] starting
2026-08-10 01:56:17 | team | sess_f6ce9a3d642d | INFO | [verifier2] HITT section refresh: human_agent_names=[]
2026-08-10 01:56:30 | team | sess_f6ce9a3d642d | INFO | [verifier2] processing 1 unread messages (steer=True)
2026-08-10 01:56:30 | team | sess_f6ce9a3d642d | INFO | Message ffcecb8d-354c-4d28-a09e-c4ce6cc8058a marked as read by verifier2
2026-08-10 01:59:52 | team | sess_f6ce9a3d642d | INFO | Task verify claimed by member verifier2
2026-08-10 01:59:52 | team | sess_f6ce9a3d642d | INFO | Task verify claimed by member verifier2
2026-08-10 02:00:09 | team | sess_f6ce9a3d642d | INFO | [verifier2] processing 1 unread messages (steer=True)
2026-08-10 02:00:09 | team | sess_f6ce9a3d642d | INFO | Message cf34a152-e310-42a4-b245-c21a805e0869 marked as read by verifier2
2026-08-10 02:00:15 | team | sess_f6ce9a3d642d | INFO | Message 5f60de71-f7a3-43dc-9612-eb8f620744d9 created
2026-08-10 02:00:15 | team | sess_f6ce9a3d642d | INFO | Message e1fce599-595a-437b-8775-f8a74723afa2 created
2026-08-10 02:00:15 | team | sess_f6ce9a3d642d | INFO | Message 397e2574-a615-4513-93e9-cb24bc117a6b created
2026-08-10 02:00:26 | team | sess_f6ce9a3d642d | INFO | [verifier2] processing 1 unread messages (steer=True)
2026-08-10 02:00:26 | team | sess_f6ce9a3d642d | INFO | Message 235fe7b5-aba6-4f77-a65c-0e4bbcb42975 marked as read by verifier2
2026-08-10 02:00:30 | team | sess_f6ce9a3d642d | INFO | [verifier2] processing 1 unread messages (steer=True)
2026-08-10 02:00:30 | team | sess_f6ce9a3d642d | INFO | Message 5b9e0445-e2c3-4b52-8928-3b580cba81a5 marked as read by verifier2
2026-08-10 02:00:32 | team | sess_f6ce9a3d642d | INFO | Message c681393d-8c48-44a7-86a8-fcba0eaf85d7 created
2026-08-10 02:00:33 | team | sess_f6ce9a3d642d | INFO | [verifier2] processing 1 unread messages (steer=True)
2026-08-10 02:00:33 | team | sess_f6ce9a3d642d | INFO | Message 851e6aac-4d4e-4023-a99b-6a177c1b1812 marked as read by verifier2
2026-08-10 02:00:48 | team | sess_f6ce9a3d642d | INFO | [verifier2] processing 1 unread messages (steer=True)
2026-08-10 02:00:48 | team | sess_f6ce9a3d642d | INFO | Message 6d26ce87-ab4d-454f-8d3d-74e8881eb7d5 marked as read by verifier2
2026-08-10 02:01:09 | team | sess_f6ce9a3d642d | INFO | [verifier2] processing 1 unread messages (steer=True)
2026-08-10 02:01:09 | team | sess_f6ce9a3d642d | INFO | Message d1279114-cadf-49fd-8be9-2070b280ee29 marked as read by verifier2
2026-08-10 02:01:52 | team | sess_f6ce9a3d642d | INFO | [verifier2] processing 1 unread messages (steer=True)
2026-08-10 02:01:52 | team | sess_f6ce9a3d642d | INFO | Message c9623950-443a-41f6-bab8-0a4df3e9cbcd marked as read by verifier2
2026-08-10 02:02:14 | team | sess_f6ce9a3d642d | INFO | Message 44a99fb8-3902-4ed6-b7ae-064b08428b19 created
2026-08-10 02:02:21 | team | sess_f6ce9a3d642d | INFO | Message 316a55fb-e541-468a-b07f-669bff8fe442 created
2026-08-10 02:02:29 | team | sess_f6ce9a3d642d | INFO | Message f962dd9d-b63b-407a-ac54-94fc212233f6 created
2026-08-10 02:02:35 | team | sess_f6ce9a3d642d | INFO | Message 56174ba3-e908-40c0-a56f-e91a5f6fdd09 created
2026-08-10 02:02:41 | team | sess_f6ce9a3d642d | INFO | [verifier2] processing 1 unread messages (steer=True)
2026-08-10 02:02:41 | team | sess_f6ce9a3d642d | INFO | Message f2b5457d-9b12-4800-a3bd-735eb35a5b83 marked as read by verifier2
2026-08-10 02:02:45 | team | sess_f6ce9a3d642d | INFO | Message af25a94f-13e7-444b-9578-6c77f59b1047 created
2026-08-10 02:02:53 | team | sess_f6ce9a3d642d | INFO | Message 4ab3ef4f-7e91-472b-97b2-2ad832b2dccd created
2026-08-10 02:02:59 | team | sess_f6ce9a3d642d | INFO | Task verify completed at 1786323779000
2026-08-10 02:02:59 | team | sess_f6ce9a3d642d | INFO | Task verify completed
2026-08-10 02:03:04 | team | sess_f6ce9a3d642d | INFO | [verifier2] processing 1 unread messages (steer=True)
2026-08-10 02:03:04 | team | sess_f6ce9a3d642d | INFO | Message 4af94df0-3b7a-4b55-abbb-1a8e86191ccc marked as read by verifier2
2026-08-10 02:03:12 | team | sess_f6ce9a3d642d | INFO | [verifier2] processing 1 unread messages (steer=True)
2026-08-10 02:03:12 | team | sess_f6ce9a3d642d | INFO | Message 7382fe36-20cb-4c90-bd98-e977aae75703 marked as read by verifier2
2026-08-10 02:03:14 | team | sess_f6ce9a3d642d | INFO | [verifier2] processing 1 unread messages (steer=True)
2026-08-10 02:03:14 | team | sess_f6ce9a3d642d | INFO | Message 9ed1350f-d376-4da7-9c0b-e2a2d8857d50 marked as read by verifier2
2026-08-10 02:03:25 | team | sess_f6ce9a3d642d | INFO | [verifier2] processing 1 unread messages (steer=True)
2026-08-10 02:03:25 | team | sess_f6ce9a3d642d | INFO | Message b78c9453-3065-4434-a8b5-b79c658a6e53 marked as read by verifier2
2026-08-10 02:03:44 | team | sess_f6ce9a3d642d | INFO | team jiuwen_team_sess_f6ce9a3d642d reported completed: 9 members, 4 tasks
2026-08-10 02:03:44 | team | sess_f6ce9a3d642d | INFO | [verifier2] received TEAM_STANDBY, pausing polls
2026-08-10 02:03:44 | team | sess_f6ce9a3d642d | INFO | EventBus[teammate] pausing polls
