2026-08-10 01:55:51 | team | sess_f6ce9a3d642d | INFO | Team workspace directory ensured at /srv/jwteam_clone/shared/run_current
2026-08-10 01:55:51 | team | sess_f6ce9a3d642d | INFO | AgentTeam manager initialized for jiuwen_team_sess_f6ce9a3d642d, member=team_leader
2026-08-10 01:55:51 | team | sess_f6ce9a3d642d | INFO | [team_leader] TeamPolicyRail static sections: section_names=['team_role', 'team_workflow', 'team_swarmflow', 'team_lifecycle', 'team_persona']
2026-08-10 01:55:51 | team | sess_f6ce9a3d642d | INFO | Session tables ready for session sess_f6ce9a3d642d
2026-08-10 01:55:51 | team | sess_f6ce9a3d642d | INFO | Team database initialized
2026-08-10 01:55:51 | team | default_trace_id | INFO | Team workspace directory ensured at /srv/jwteam_clone/shared/run_current
2026-08-10 01:55:51 | team | default_trace_id | INFO | AgentTeam manager initialized for jiuwen_team_sess_f6ce9a3d642d, member=executor3
2026-08-10 01:55:51 | team | default_trace_id | INFO | [executor3] TeamPolicyRail static sections: section_names=['team_role', 'team_persona']
2026-08-10 01:55:51 | team | sess_f6ce9a3d642d | INFO | [executor3] invoke start, role=teammate
2026-08-10 01:55:51 | team | sess_f6ce9a3d642d | INFO | [executor3] coordination starting
2026-08-10 01:55:51 | team | sess_f6ce9a3d642d | INFO | Session tables ready for session sess_f6ce9a3d642d
2026-08-10 01:55:51 | team | sess_f6ce9a3d642d | INFO | Workspace /srv/jwteam_clone/shared/run_current initialized as plain shared directory (version_control disabled)
2026-08-10 01:55:51 | team | sess_f6ce9a3d642d | INFO | EventBus[teammate] starting
2026-08-10 01:56:17 | team | sess_f6ce9a3d642d | INFO | [executor3] HITT section refresh: human_agent_names=[]
2026-08-10 01:56:30 | team | sess_f6ce9a3d642d | INFO | [executor3] processing 1 unread messages (steer=True)
2026-08-10 01:56:30 | team | sess_f6ce9a3d642d | INFO | Message ffcecb8d-354c-4d28-a09e-c4ce6cc8058a marked as read by executor3
2026-08-10 02:02:59 | team | sess_f6ce9a3d642d | INFO | task list drained for team jiuwen_team_sess_f6ce9a3d642d: 4 terminal task(s)
2026-08-10 02:03:14 | team | sess_f6ce9a3d642d | INFO | [executor3] processing 1 unread messages (steer=True)
2026-08-10 02:03:14 | team | sess_f6ce9a3d642d | INFO | Message 9ed1350f-d376-4da7-9c0b-e2a2d8857d50 marked as read by executor3
2026-08-10 02:03:44 | team | sess_f6ce9a3d642d | INFO | team jiuwen_team_sess_f6ce9a3d642d reported completed: 9 members, 4 tasks
2026-08-10 02:03:44 | team | sess_f6ce9a3d642d | INFO | [executor3] received TEAM_STANDBY, pausing polls
2026-08-10 02:03:44 | team | sess_f6ce9a3d642d | INFO | EventBus[teammate] pausing polls
