2026-08-10 01:55:50 | team | sess_f6ce9a3d642d | INFO | Team workspace directory ensured at /srv/jwteam_clone/shared/run_current
2026-08-10 01:55:50 | team | sess_f6ce9a3d642d | INFO | AgentTeam manager initialized for jiuwen_team_sess_f6ce9a3d642d, member=team_leader
2026-08-10 01:55:50 | team | sess_f6ce9a3d642d | INFO | [team_leader] TeamPolicyRail static sections: section_names=['team_role', 'team_workflow', 'team_swarmflow', 'team_lifecycle', 'team_persona']
2026-08-10 01:55:50 | team | sess_f6ce9a3d642d | INFO | Session tables ready for session sess_f6ce9a3d642d
2026-08-10 01:55:50 | team | sess_f6ce9a3d642d | INFO | Team database initialized
2026-08-10 01:55:50 | team | default_trace_id | INFO | Team workspace directory ensured at /srv/jwteam_clone/shared/run_current
2026-08-10 01:55:50 | team | default_trace_id | INFO | AgentTeam manager initialized for jiuwen_team_sess_f6ce9a3d642d, member=executor2
2026-08-10 01:55:50 | team | default_trace_id | INFO | [executor2] TeamPolicyRail static sections: section_names=['team_role', 'team_persona']
2026-08-10 01:55:50 | team | sess_f6ce9a3d642d | INFO | [executor2] invoke start, role=teammate
2026-08-10 01:55:50 | team | sess_f6ce9a3d642d | INFO | [executor2] coordination starting
2026-08-10 01:55:50 | team | sess_f6ce9a3d642d | INFO | Session tables ready for session sess_f6ce9a3d642d
2026-08-10 01:55:50 | team | sess_f6ce9a3d642d | INFO | Workspace /srv/jwteam_clone/shared/run_current initialized as plain shared directory (version_control disabled)
2026-08-10 01:55:50 | team | sess_f6ce9a3d642d | INFO | EventBus[teammate] starting
2026-08-10 01:56:17 | team | sess_f6ce9a3d642d | INFO | [executor2] HITT section refresh: human_agent_names=[]
2026-08-10 01:56:30 | team | sess_f6ce9a3d642d | INFO | [executor2] processing 1 unread messages (steer=True)
2026-08-10 01:56:30 | team | sess_f6ce9a3d642d | INFO | Message ffcecb8d-354c-4d28-a09e-c4ce6cc8058a marked as read by executor2
2026-08-10 01:58:05 | team | sess_f6ce9a3d642d | INFO | [executor2] processing 1 unread messages (steer=True)
2026-08-10 01:58:05 | team | sess_f6ce9a3d642d | INFO | Message f89c9ce7-79f4-4855-a4e7-a20f1096be14 marked as read by executor2
2026-08-10 01:58:24 | team | sess_f6ce9a3d642d | INFO | [executor2] processing 1 unread messages (steer=True)
2026-08-10 01:58:24 | team | sess_f6ce9a3d642d | INFO | Message 24127bc4-1fa2-4e15-96a3-692647bcd1e5 marked as read by executor2
2026-08-10 01:58:31 | team | sess_f6ce9a3d642d | INFO | Task impl-processor claimed by member executor2
2026-08-10 01:58:31 | team | sess_f6ce9a3d642d | INFO | Task impl-processor claimed by member executor2
2026-08-10 01:58:53 | team | sess_f6ce9a3d642d | INFO | Task impl-processor completed at 1786323533658
2026-08-10 01:58:53 | team | sess_f6ce9a3d642d | INFO | Resolved 1 dependencies for task impl-processor
2026-08-10 01:58:53 | team | sess_f6ce9a3d642d | INFO | Task impl-processor completed
2026-08-10 01:59:00 | team | sess_f6ce9a3d642d | INFO | Message 294e9559-2aec-48e2-9632-b5badb85de6e created
2026-08-10 02:00:15 | team | sess_f6ce9a3d642d | INFO | [executor2] processing 1 unread messages (steer=True)
2026-08-10 02:00:16 | team | sess_f6ce9a3d642d | INFO | Message 397e2574-a615-4513-93e9-cb24bc117a6b marked as read by executor2
2026-08-10 02:00:26 | team | sess_f6ce9a3d642d | INFO | Message 235fe7b5-aba6-4f77-a65c-0e4bbcb42975 created
2026-08-10 02:00:33 | team | sess_f6ce9a3d642d | INFO | [executor2] processing 1 unread messages (steer=True)
2026-08-10 02:00:33 | team | sess_f6ce9a3d642d | INFO | Message 58d53a3d-11f1-4b07-8cd6-cbd54f7e94a2 marked as read by executor2
2026-08-10 02:00:45 | team | sess_f6ce9a3d642d | INFO | Message 08e0325b-c5ea-40c4-a98c-6689b16b2f02 created
2026-08-10 02:01:16 | team | sess_f6ce9a3d642d | INFO | [executor2] processing 1 unread messages (steer=True)
2026-08-10 02:01:16 | team | sess_f6ce9a3d642d | INFO | Message 806e987c-797a-4705-ab2a-dbb82a509473 marked as read by executor2
2026-08-10 02:02:41 | team | sess_f6ce9a3d642d | INFO | [executor2] processing 1 unread messages (steer=True)
2026-08-10 02:02:41 | team | sess_f6ce9a3d642d | INFO | Message 4f7d3869-f681-4d68-9cab-7fe699ab9964 marked as read by executor2
2026-08-10 02:02:59 | team | sess_f6ce9a3d642d | INFO | task list drained for team jiuwen_team_sess_f6ce9a3d642d: 4 terminal task(s)
2026-08-10 02:03:14 | team | sess_f6ce9a3d642d | INFO | [executor2] processing 1 unread messages (steer=True)
2026-08-10 02:03:14 | team | sess_f6ce9a3d642d | INFO | Message 9ed1350f-d376-4da7-9c0b-e2a2d8857d50 marked as read by executor2
2026-08-10 02:03:44 | team | sess_f6ce9a3d642d | INFO | team jiuwen_team_sess_f6ce9a3d642d reported completed: 9 members, 4 tasks
2026-08-10 02:03:44 | team | sess_f6ce9a3d642d | INFO | [executor2] received TEAM_STANDBY, pausing polls
2026-08-10 02:03:44 | team | sess_f6ce9a3d642d | INFO | EventBus[teammate] pausing polls
