2026-08-10 01:55:48 | team | sess_f6ce9a3d642d | INFO | Team workspace directory ensured at /srv/jwteam_clone/shared/run_current
2026-08-10 01:55:48 | team | sess_f6ce9a3d642d | INFO | AgentTeam manager initialized for jiuwen_team_sess_f6ce9a3d642d, member=team_leader
2026-08-10 01:55:48 | team | sess_f6ce9a3d642d | INFO | [team_leader] TeamPolicyRail static sections: section_names=['team_role', 'team_workflow', 'team_swarmflow', 'team_lifecycle', 'team_persona']
2026-08-10 01:55:48 | team | sess_f6ce9a3d642d | INFO | Session tables ready for session sess_f6ce9a3d642d
2026-08-10 01:55:48 | team | sess_f6ce9a3d642d | INFO | Team database initialized
2026-08-10 01:55:48 | team | default_trace_id | INFO | Team workspace directory ensured at /srv/jwteam_clone/shared/run_current
2026-08-10 01:55:48 | team | default_trace_id | INFO | AgentTeam manager initialized for jiuwen_team_sess_f6ce9a3d642d, member=planner2
2026-08-10 01:55:48 | team | default_trace_id | INFO | [planner2] TeamPolicyRail static sections: section_names=['team_role', 'team_persona']
2026-08-10 01:55:49 | team | sess_f6ce9a3d642d | INFO | [planner2] invoke start, role=teammate
2026-08-10 01:55:49 | team | sess_f6ce9a3d642d | INFO | [planner2] coordination starting
2026-08-10 01:55:49 | team | sess_f6ce9a3d642d | INFO | Session tables ready for session sess_f6ce9a3d642d
2026-08-10 01:55:49 | team | sess_f6ce9a3d642d | INFO | Workspace /srv/jwteam_clone/shared/run_current initialized as plain shared directory (version_control disabled)
2026-08-10 01:55:49 | team | sess_f6ce9a3d642d | INFO | EventBus[teammate] starting
2026-08-10 01:56:17 | team | sess_f6ce9a3d642d | INFO | [planner2] HITT section refresh: human_agent_names=[]
2026-08-10 01:56:30 | team | sess_f6ce9a3d642d | INFO | [planner2] processing 1 unread messages (steer=True)
2026-08-10 01:56:30 | team | sess_f6ce9a3d642d | INFO | Message ffcecb8d-354c-4d28-a09e-c4ce6cc8058a marked as read by planner2
2026-08-10 01:56:44 | team | sess_f6ce9a3d642d | INFO | Message 877ab54a-a03b-456f-8cad-4444eec93eff created
2026-08-10 01:56:58 | team | sess_f6ce9a3d642d | INFO | [planner2] processing 1 unread messages (steer=True)
2026-08-10 01:56:58 | team | sess_f6ce9a3d642d | INFO | Message c1ff17c1-da29-48ca-956d-5936410f53db marked as read by planner2
2026-08-10 01:57:18 | team | sess_f6ce9a3d642d | INFO | Message 3dc82038-74f2-4c60-b50e-59dde43a1a7a created
2026-08-10 01:57:25 | team | sess_f6ce9a3d642d | INFO | Message d9cd3f51-8274-4b5a-966b-81fe6932f4bc created
2026-08-10 01:57:38 | team | sess_f6ce9a3d642d | INFO | [planner2] processing 1 unread messages (steer=True)
2026-08-10 01:57:38 | team | sess_f6ce9a3d642d | INFO | Message 336c94a7-b906-4acc-bfa2-f3e7c7814f15 marked as read by planner2
2026-08-10 01:58:01 | team | sess_f6ce9a3d642d | INFO | Message 09b8eb17-33be-446c-bd24-da30030f30e1 created
2026-08-10 01:58:05 | team | sess_f6ce9a3d642d | INFO | [planner2] processing 1 unread messages (steer=True)
2026-08-10 01:58:05 | team | sess_f6ce9a3d642d | INFO | Message 0a00ef9d-acab-4a64-ac1b-849ed3f78ae3 marked as read by planner2
2026-08-10 01:58:16 | team | sess_f6ce9a3d642d | INFO | [planner2] processing 1 unread messages (steer=True)
2026-08-10 01:58:16 | team | sess_f6ce9a3d642d | INFO | Message 6ac9d182-46d3-4c49-a465-b26e5ddc71b8 marked as read by planner2
2026-08-10 01:58:24 | team | sess_f6ce9a3d642d | INFO | Message ec5b6238-33a1-479b-a19d-5fa377f3e641 created
2026-08-10 01:58:24 | team | sess_f6ce9a3d642d | INFO | Message 24127bc4-1fa2-4e15-96a3-692647bcd1e5 created
2026-08-10 01:58:37 | team | sess_f6ce9a3d642d | INFO | Message cdf76827-a0d3-4d51-9dbb-ac0f19dd450c created
2026-08-10 01:58:37 | team | sess_f6ce9a3d642d | INFO | Message b5332ee0-d825-43da-b1e0-0869af6b3a3e created
2026-08-10 01:58:49 | team | sess_f6ce9a3d642d | INFO | [planner2] processing 1 unread messages (steer=True)
2026-08-10 01:58:49 | team | sess_f6ce9a3d642d | INFO | Message 1a23f8d4-00ca-4376-bd5c-da3f918bc7cc marked as read by planner2
2026-08-10 01:58:49 | team | sess_f6ce9a3d642d | INFO | Message 5b53a564-4f33-44bf-84b4-f96f4a8abb3d created
2026-08-10 01:59:59 | team | sess_f6ce9a3d642d | INFO | Message 79e6a136-aeb9-4787-b306-4d349e36a822 created
2026-08-10 02:00:20 | team | sess_f6ce9a3d642d | INFO | [planner2] processing 1 unread messages (steer=True)
2026-08-10 02:00:20 | team | sess_f6ce9a3d642d | INFO | Message 5828bb41-15d3-46ec-a13f-a19df61f1c96 marked as read by planner2
2026-08-10 02:00:35 | team | sess_f6ce9a3d642d | INFO | Message 1a3fed67-9c74-4c2b-8a58-09127a152032 created
2026-08-10 02:00:50 | team | sess_f6ce9a3d642d | INFO | [planner2] processing 1 unread messages (steer=True)
2026-08-10 02:00:51 | team | sess_f6ce9a3d642d | INFO | Message fd8b2ecb-71a4-4e6d-907f-6bcc36a2405d marked as read by planner2
2026-08-10 02:01:16 | team | sess_f6ce9a3d642d | INFO | [planner2] processing 1 unread messages (steer=True)
2026-08-10 02:01:16 | team | sess_f6ce9a3d642d | INFO | Message 317bb664-3a23-4500-83ef-e7de1919c1d8 marked as read by planner2
2026-08-10 02:02:59 | team | sess_f6ce9a3d642d | INFO | task list drained for team jiuwen_team_sess_f6ce9a3d642d: 4 terminal task(s)
2026-08-10 02:03:14 | team | sess_f6ce9a3d642d | INFO | [planner2] processing 1 unread messages (steer=True)
2026-08-10 02:03:14 | team | sess_f6ce9a3d642d | INFO | Message 9ed1350f-d376-4da7-9c0b-e2a2d8857d50 marked as read by planner2
2026-08-10 02:03:44 | team | sess_f6ce9a3d642d | INFO | team jiuwen_team_sess_f6ce9a3d642d reported completed: 9 members, 4 tasks
2026-08-10 02:03:44 | team | sess_f6ce9a3d642d | INFO | [planner2] received TEAM_STANDBY, pausing polls
2026-08-10 02:03:44 | team | sess_f6ce9a3d642d | INFO | EventBus[teammate] pausing polls
