2026-08-10 01:55:49 | team | sess_f6ce9a3d642d | INFO | Team workspace directory ensured at /srv/jwteam_clone/shared/run_current
2026-08-10 01:55:49 | team | sess_f6ce9a3d642d | INFO | AgentTeam manager initialized for jiuwen_team_sess_f6ce9a3d642d, member=team_leader
2026-08-10 01:55:49 | team | sess_f6ce9a3d642d | INFO | [team_leader] TeamPolicyRail static sections: section_names=['team_role', 'team_workflow', 'team_swarmflow', 'team_lifecycle', 'team_persona']
2026-08-10 01:55:49 | team | sess_f6ce9a3d642d | INFO | Session tables ready for session sess_f6ce9a3d642d
2026-08-10 01:55:49 | team | sess_f6ce9a3d642d | INFO | Team database initialized
2026-08-10 01:55:49 | team | default_trace_id | INFO | Team workspace directory ensured at /srv/jwteam_clone/shared/run_current
2026-08-10 01:55:49 | team | default_trace_id | INFO | AgentTeam manager initialized for jiuwen_team_sess_f6ce9a3d642d, member=executor1
2026-08-10 01:55:49 | team | default_trace_id | INFO | [executor1] TeamPolicyRail static sections: section_names=['team_role', 'team_persona']
2026-08-10 01:55:49 | team | sess_f6ce9a3d642d | INFO | [executor1] invoke start, role=teammate
2026-08-10 01:55:49 | team | sess_f6ce9a3d642d | INFO | [executor1] coordination starting
2026-08-10 01:55:49 | team | sess_f6ce9a3d642d | INFO | Session tables ready for session sess_f6ce9a3d642d
2026-08-10 01:55:49 | team | sess_f6ce9a3d642d | INFO | Workspace /srv/jwteam_clone/shared/run_current initialized as plain shared directory (version_control disabled)
2026-08-10 01:55:49 | team | sess_f6ce9a3d642d | INFO | EventBus[teammate] starting
2026-08-10 01:56:17 | team | sess_f6ce9a3d642d | INFO | [executor1] HITT section refresh: human_agent_names=[]
2026-08-10 01:56:30 | team | sess_f6ce9a3d642d | INFO | [executor1] processing 1 unread messages (steer=True)
2026-08-10 01:56:30 | team | sess_f6ce9a3d642d | INFO | Message ffcecb8d-354c-4d28-a09e-c4ce6cc8058a marked as read by executor1
2026-08-10 01:57:18 | team | sess_f6ce9a3d642d | INFO | [executor1] processing 1 unread messages (steer=True)
2026-08-10 01:57:18 | team | sess_f6ce9a3d642d | INFO | Message 3dc82038-74f2-4c60-b50e-59dde43a1a7a marked as read by executor1
2026-08-10 01:57:38 | team | sess_f6ce9a3d642d | INFO | Message 336c94a7-b906-4acc-bfa2-f3e7c7814f15 created
2026-08-10 01:58:05 | team | sess_f6ce9a3d642d | INFO | [executor1] processing 1 unread messages (steer=True)
2026-08-10 01:58:05 | team | sess_f6ce9a3d642d | INFO | Message 86ac93fe-5ae4-4537-ba1c-90fc452f817b marked as read by executor1
2026-08-10 01:58:24 | team | sess_f6ce9a3d642d | INFO | [executor1] processing 1 unread messages (steer=True)
2026-08-10 01:58:24 | team | sess_f6ce9a3d642d | INFO | Message ec5b6238-33a1-479b-a19d-5fa377f3e641 marked as read by executor1
2026-08-10 01:58:26 | team | sess_f6ce9a3d642d | INFO | Task impl-producer claimed by member executor1
2026-08-10 01:58:26 | team | sess_f6ce9a3d642d | INFO | Task impl-producer claimed by member executor1
2026-08-10 01:58:37 | team | sess_f6ce9a3d642d | INFO | [executor1] processing 1 unread messages (steer=True)
2026-08-10 01:58:37 | team | sess_f6ce9a3d642d | INFO | Message cdf76827-a0d3-4d51-9dbb-ac0f19dd450c marked as read by executor1
2026-08-10 01:59:44 | team | sess_f6ce9a3d642d | INFO | Task impl-producer completed at 1786323584074
2026-08-10 01:59:44 | team | sess_f6ce9a3d642d | INFO | Message 3367d3c9-8796-40e5-a943-cac8090d2844 created
2026-08-10 01:59:44 | team | sess_f6ce9a3d642d | INFO | Resolved 1 dependencies for task impl-producer
2026-08-10 01:59:44 | team | sess_f6ce9a3d642d | INFO | Task verify unblocked (all deps resolved)
2026-08-10 01:59:44 | team | sess_f6ce9a3d642d | INFO | Task impl-producer completed
2026-08-10 01:59:44 | team | sess_f6ce9a3d642d | INFO | Unblocked 1 tasks
2026-08-10 02:00:09 | team | sess_f6ce9a3d642d | INFO | [executor1] processing 1 unread messages (steer=True)
2026-08-10 02:00:09 | team | sess_f6ce9a3d642d | INFO | Message 96b09fc4-2736-4fe5-b71c-45cbd1d2d674 marked as read by executor1
2026-08-10 02:00:15 | team | sess_f6ce9a3d642d | INFO | [executor1] processing 1 unread messages (steer=True)
2026-08-10 02:00:15 | team | sess_f6ce9a3d642d | INFO | Message 5f60de71-f7a3-43dc-9612-eb8f620744d9 marked as read by executor1
2026-08-10 02:00:30 | team | sess_f6ce9a3d642d | INFO | Message 5b9e0445-e2c3-4b52-8928-3b580cba81a5 created
2026-08-10 02:00:33 | team | sess_f6ce9a3d642d | INFO | [executor1] processing 1 unread messages (steer=True)
2026-08-10 02:00:33 | team | sess_f6ce9a3d642d | INFO | Message e5aca68c-7fc9-454d-b335-e02f0d5dae00 marked as read by executor1
2026-08-10 02:00:46 | team | sess_f6ce9a3d642d | INFO | Message e92564c7-ccfb-4bc4-a88c-5bea8c15cd92 created
2026-08-10 02:01:16 | team | sess_f6ce9a3d642d | INFO | [executor1] processing 1 unread messages (steer=True)
2026-08-10 02:01:16 | team | sess_f6ce9a3d642d | INFO | Message 7ae98e75-1e61-41b2-8a70-dbb9bb526e6c marked as read by executor1
2026-08-10 02:02:29 | team | sess_f6ce9a3d642d | INFO | [executor1] processing 1 unread messages (steer=True)
2026-08-10 02:02:29 | team | sess_f6ce9a3d642d | INFO | Message f962dd9d-b63b-407a-ac54-94fc212233f6 marked as read by executor1
2026-08-10 02:02:59 | team | sess_f6ce9a3d642d | INFO | task list drained for team jiuwen_team_sess_f6ce9a3d642d: 4 terminal task(s)
2026-08-10 02:03:14 | team | sess_f6ce9a3d642d | INFO | [executor1] processing 1 unread messages (steer=True)
2026-08-10 02:03:14 | team | sess_f6ce9a3d642d | INFO | Message 9ed1350f-d376-4da7-9c0b-e2a2d8857d50 marked as read by executor1
2026-08-10 02:03:25 | team | sess_f6ce9a3d642d | INFO | Message b78c9453-3065-4434-a8b5-b79c658a6e53 created
2026-08-10 02:03:25 | team | sess_f6ce9a3d642d | INFO | Message 941b0c2c-82bf-4f8c-b347-0a36bc6ddd0b created
2026-08-10 02:03:32 | team | sess_f6ce9a3d642d | INFO | [executor1] processing 1 unread messages (steer=True)
2026-08-10 02:03:32 | team | sess_f6ce9a3d642d | INFO | Message ab6dcb9a-a0b1-458d-953e-1310fb0a1e67 marked as read by executor1
2026-08-10 02:03:44 | team | sess_f6ce9a3d642d | INFO | team jiuwen_team_sess_f6ce9a3d642d reported completed: 9 members, 4 tasks
2026-08-10 02:03:44 | team | sess_f6ce9a3d642d | INFO | [executor1] received TEAM_STANDBY, pausing polls
2026-08-10 02:03:44 | team | sess_f6ce9a3d642d | INFO | EventBus[teammate] pausing polls
