2026-08-10 01:55:47 | team | sess_f6ce9a3d642d | INFO | Team workspace directory ensured at /srv/jwteam_clone/shared/run_current
2026-08-10 01:55:47 | team | sess_f6ce9a3d642d | INFO | AgentTeam manager initialized for jiuwen_team_sess_f6ce9a3d642d, member=team_leader
2026-08-10 01:55:47 | team | sess_f6ce9a3d642d | INFO | [team_leader] TeamPolicyRail static sections: section_names=['team_role', 'team_workflow', 'team_swarmflow', 'team_lifecycle', 'team_persona']
2026-08-10 01:55:48 | team | sess_f6ce9a3d642d | INFO | Session tables ready for session sess_f6ce9a3d642d
2026-08-10 01:55:48 | team | sess_f6ce9a3d642d | INFO | Team database initialized
2026-08-10 01:55:48 | team | default_trace_id | INFO | Team workspace directory ensured at /srv/jwteam_clone/shared/run_current
2026-08-10 01:55:48 | team | default_trace_id | INFO | AgentTeam manager initialized for jiuwen_team_sess_f6ce9a3d642d, member=planner1
2026-08-10 01:55:48 | team | default_trace_id | INFO | [planner1] TeamPolicyRail static sections: section_names=['team_role', 'team_persona']
2026-08-10 01:55:48 | team | sess_f6ce9a3d642d | INFO | [planner1] invoke start, role=teammate
2026-08-10 01:55:48 | team | sess_f6ce9a3d642d | INFO | [planner1] coordination starting
2026-08-10 01:55:48 | team | sess_f6ce9a3d642d | INFO | Session tables ready for session sess_f6ce9a3d642d
2026-08-10 01:55:48 | team | sess_f6ce9a3d642d | INFO | Workspace /srv/jwteam_clone/shared/run_current initialized as plain shared directory (version_control disabled)
2026-08-10 01:55:48 | team | sess_f6ce9a3d642d | INFO | EventBus[teammate] starting
2026-08-10 01:56:17 | team | sess_f6ce9a3d642d | INFO | [planner1] HITT section refresh: human_agent_names=[]
2026-08-10 01:56:23 | team | sess_f6ce9a3d642d | INFO | Task plan claimed by member planner1
2026-08-10 01:56:23 | team | sess_f6ce9a3d642d | INFO | Task plan claimed by member planner1
2026-08-10 01:56:30 | team | sess_f6ce9a3d642d | INFO | [planner1] processing 1 unread messages (steer=True)
2026-08-10 01:56:30 | team | sess_f6ce9a3d642d | INFO | Message ffcecb8d-354c-4d28-a09e-c4ce6cc8058a marked as read by planner1
2026-08-10 01:56:44 | team | sess_f6ce9a3d642d | INFO | [planner1] processing 1 unread messages (steer=True)
2026-08-10 01:56:44 | team | sess_f6ce9a3d642d | INFO | Message 877ab54a-a03b-456f-8cad-4444eec93eff marked as read by planner1
2026-08-10 01:56:58 | team | sess_f6ce9a3d642d | INFO | Message c1ff17c1-da29-48ca-956d-5936410f53db created
2026-08-10 01:57:25 | team | sess_f6ce9a3d642d | INFO | [planner1] processing 1 unread messages (steer=True)
2026-08-10 01:57:25 | team | sess_f6ce9a3d642d | INFO | Message d9cd3f51-8274-4b5a-966b-81fe6932f4bc marked as read by planner1
2026-08-10 01:58:01 | team | sess_f6ce9a3d642d | INFO | [planner1] processing 1 unread messages (steer=True)
2026-08-10 01:58:01 | team | sess_f6ce9a3d642d | INFO | Message 09b8eb17-33be-446c-bd24-da30030f30e1 marked as read by planner1
2026-08-10 01:58:05 | team | sess_f6ce9a3d642d | INFO | Message 0a00ef9d-acab-4a64-ac1b-849ed3f78ae3 created
2026-08-10 01:58:05 | team | sess_f6ce9a3d642d | INFO | Message 86ac93fe-5ae4-4537-ba1c-90fc452f817b created
2026-08-10 01:58:05 | team | sess_f6ce9a3d642d | INFO | Message f89c9ce7-79f4-4855-a4e7-a20f1096be14 created
2026-08-10 01:58:16 | team | sess_f6ce9a3d642d | INFO | Message 6ac9d182-46d3-4c49-a465-b26e5ddc71b8 created
2026-08-10 01:58:21 | team | sess_f6ce9a3d642d | INFO | Task plan completed at 1786323501283
2026-08-10 01:58:21 | team | sess_f6ce9a3d642d | INFO | Resolved 2 dependencies for task plan
2026-08-10 01:58:21 | team | sess_f6ce9a3d642d | INFO | Task impl-processor unblocked (all deps resolved)
2026-08-10 01:58:21 | team | sess_f6ce9a3d642d | INFO | Task impl-producer unblocked (all deps resolved)
2026-08-10 01:58:21 | team | sess_f6ce9a3d642d | INFO | Task plan completed
2026-08-10 01:58:21 | team | sess_f6ce9a3d642d | INFO | Unblocked 2 tasks
2026-08-10 01:58:27 | team | sess_f6ce9a3d642d | INFO | Message 116db27b-29e5-4e63-9a46-bff47a2feb2f created
2026-08-10 01:58:37 | team | sess_f6ce9a3d642d | INFO | [planner1] processing 1 unread messages (steer=True)
2026-08-10 01:58:37 | team | sess_f6ce9a3d642d | INFO | Message b5332ee0-d825-43da-b1e0-0869af6b3a3e marked as read by planner1
2026-08-10 01:58:49 | team | sess_f6ce9a3d642d | INFO | Message 1a23f8d4-00ca-4376-bd5c-da3f918bc7cc created
2026-08-10 02:00:32 | team | sess_f6ce9a3d642d | INFO | [planner1] processing 1 unread messages (steer=True)
2026-08-10 02:00:32 | team | sess_f6ce9a3d642d | INFO | Message c681393d-8c48-44a7-86a8-fcba0eaf85d7 marked as read by planner1
2026-08-10 02:00:33 | team | sess_f6ce9a3d642d | INFO | [planner1] processing 1 unread messages (steer=True)
2026-08-10 02:00:33 | team | sess_f6ce9a3d642d | INFO | Message b3cb1002-e4f8-411f-9a80-2bf2a02083e7 marked as read by planner1
2026-08-10 02:00:48 | team | sess_f6ce9a3d642d | INFO | Message c362203b-31c6-40a3-89a7-b52c5f66ae98 created
2026-08-10 02:00:48 | team | sess_f6ce9a3d642d | INFO | Message 6d26ce87-ab4d-454f-8d3d-74e8881eb7d5 created
2026-08-10 02:01:16 | team | sess_f6ce9a3d642d | INFO | [planner1] processing 1 unread messages (steer=True)
2026-08-10 02:01:16 | team | sess_f6ce9a3d642d | INFO | Message 3dbc62b6-521d-4751-bfc5-79487df66127 marked as read by planner1
2026-08-10 02:02:59 | team | sess_f6ce9a3d642d | INFO | task list drained for team jiuwen_team_sess_f6ce9a3d642d: 4 terminal task(s)
2026-08-10 02:03:14 | team | sess_f6ce9a3d642d | INFO | [planner1] processing 1 unread messages (steer=True)
2026-08-10 02:03:14 | team | sess_f6ce9a3d642d | INFO | Message 9ed1350f-d376-4da7-9c0b-e2a2d8857d50 marked as read by planner1
2026-08-10 02:03:44 | team | sess_f6ce9a3d642d | INFO | team jiuwen_team_sess_f6ce9a3d642d reported completed: 9 members, 4 tasks
2026-08-10 02:03:44 | team | sess_f6ce9a3d642d | INFO | [planner1] received TEAM_STANDBY, pausing polls
2026-08-10 02:03:44 | team | sess_f6ce9a3d642d | INFO | EventBus[teammate] pausing polls
