2026-08-10 01:55:52 | team | sess_f6ce9a3d642d | INFO | Team workspace directory ensured at /srv/jwteam_clone/shared/run_current
2026-08-10 01:55:52 | team | sess_f6ce9a3d642d | INFO | AgentTeam manager initialized for jiuwen_team_sess_f6ce9a3d642d, member=team_leader
2026-08-10 01:55:52 | team | sess_f6ce9a3d642d | INFO | [team_leader] TeamPolicyRail static sections: section_names=['team_role', 'team_workflow', 'team_swarmflow', 'team_lifecycle', 'team_persona']
2026-08-10 01:55:52 | team | sess_f6ce9a3d642d | INFO | Session tables ready for session sess_f6ce9a3d642d
2026-08-10 01:55:52 | team | sess_f6ce9a3d642d | INFO | Team database initialized
2026-08-10 01:55:52 | team | default_trace_id | INFO | Team workspace directory ensured at /srv/jwteam_clone/shared/run_current
2026-08-10 01:55:52 | team | default_trace_id | INFO | AgentTeam manager initialized for jiuwen_team_sess_f6ce9a3d642d, member=verifier1
2026-08-10 01:55:52 | team | default_trace_id | INFO | [verifier1] TeamPolicyRail static sections: section_names=['team_role', 'team_persona']
2026-08-10 01:55:52 | team | sess_f6ce9a3d642d | INFO | [verifier1] invoke start, role=teammate
2026-08-10 01:55:52 | team | sess_f6ce9a3d642d | INFO | [verifier1] coordination starting
2026-08-10 01:55:52 | team | sess_f6ce9a3d642d | INFO | Session tables ready for session sess_f6ce9a3d642d
2026-08-10 01:55:52 | team | sess_f6ce9a3d642d | INFO | Workspace /srv/jwteam_clone/shared/run_current initialized as plain shared directory (version_control disabled)
2026-08-10 01:55:52 | team | sess_f6ce9a3d642d | INFO | EventBus[teammate] starting
2026-08-10 01:56:17 | team | sess_f6ce9a3d642d | INFO | [verifier1] HITT section refresh: human_agent_names=[]
2026-08-10 01:56:30 | team | sess_f6ce9a3d642d | INFO | [verifier1] processing 1 unread messages (steer=True)
2026-08-10 01:56:30 | team | sess_f6ce9a3d642d | INFO | Message ffcecb8d-354c-4d28-a09e-c4ce6cc8058a marked as read by verifier1
2026-08-10 01:59:00 | team | sess_f6ce9a3d642d | INFO | [verifier1] processing 1 unread messages (steer=True)
2026-08-10 01:59:00 | team | sess_f6ce9a3d642d | INFO | Message 294e9559-2aec-48e2-9632-b5badb85de6e marked as read by verifier1
2026-08-10 01:59:44 | team | sess_f6ce9a3d642d | INFO | [verifier1] processing 1 unread messages (steer=True)
2026-08-10 01:59:44 | team | sess_f6ce9a3d642d | INFO | Message 3367d3c9-8796-40e5-a943-cac8090d2844 marked as read by verifier1
2026-08-10 01:59:59 | team | sess_f6ce9a3d642d | INFO | [verifier1] processing 1 unread messages (steer=True)
2026-08-10 01:59:59 | team | sess_f6ce9a3d642d | INFO | Message 79e6a136-aeb9-4787-b306-4d349e36a822 marked as read by verifier1
2026-08-10 02:00:09 | team | sess_f6ce9a3d642d | INFO | Message cf34a152-e310-42a4-b245-c21a805e0869 created
2026-08-10 02:00:09 | team | sess_f6ce9a3d642d | INFO | Message 96b09fc4-2736-4fe5-b71c-45cbd1d2d674 created
2026-08-10 02:00:15 | team | sess_f6ce9a3d642d | INFO | [verifier1] processing 1 unread messages (steer=True)
2026-08-10 02:00:15 | team | sess_f6ce9a3d642d | INFO | Message e1fce599-595a-437b-8775-f8a74723afa2 marked as read by verifier1
2026-08-10 02:00:20 | team | sess_f6ce9a3d642d | INFO | Message 5828bb41-15d3-46ec-a13f-a19df61f1c96 created
2026-08-10 02:00:33 | team | sess_f6ce9a3d642d | INFO | Message b3cb1002-e4f8-411f-9a80-2bf2a02083e7 created
2026-08-10 02:00:33 | team | sess_f6ce9a3d642d | INFO | Message e5aca68c-7fc9-454d-b335-e02f0d5dae00 created
2026-08-10 02:00:33 | team | sess_f6ce9a3d642d | INFO | Message 851e6aac-4d4e-4023-a99b-6a177c1b1812 created
2026-08-10 02:00:33 | team | sess_f6ce9a3d642d | INFO | Message 58d53a3d-11f1-4b07-8cd6-cbd54f7e94a2 created
2026-08-10 02:00:35 | team | sess_f6ce9a3d642d | INFO | [verifier1] processing 1 unread messages (steer=True)
2026-08-10 02:00:35 | team | sess_f6ce9a3d642d | INFO | Message 1a3fed67-9c74-4c2b-8a58-09127a152032 marked as read by verifier1
2026-08-10 02:00:45 | team | sess_f6ce9a3d642d | INFO | [verifier1] processing 1 unread messages (steer=True)
2026-08-10 02:00:45 | team | sess_f6ce9a3d642d | INFO | Message 08e0325b-c5ea-40c4-a98c-6689b16b2f02 marked as read by verifier1
2026-08-10 02:00:46 | team | sess_f6ce9a3d642d | INFO | [verifier1] processing 1 unread messages (steer=True)
2026-08-10 02:00:46 | team | sess_f6ce9a3d642d | INFO | Message e92564c7-ccfb-4bc4-a88c-5bea8c15cd92 marked as read by verifier1
2026-08-10 02:00:48 | team | sess_f6ce9a3d642d | INFO | [verifier1] processing 1 unread messages (steer=True)
2026-08-10 02:00:48 | team | sess_f6ce9a3d642d | INFO | Message c362203b-31c6-40a3-89a7-b52c5f66ae98 marked as read by verifier1
2026-08-10 02:00:50 | team | sess_f6ce9a3d642d | INFO | Message fd8b2ecb-71a4-4e6d-907f-6bcc36a2405d created
2026-08-10 02:01:09 | team | sess_f6ce9a3d642d | INFO | Message d1279114-cadf-49fd-8be9-2070b280ee29 created
2026-08-10 02:01:16 | team | sess_f6ce9a3d642d | INFO | Message 7ae98e75-1e61-41b2-8a70-dbb9bb526e6c created
2026-08-10 02:01:16 | team | sess_f6ce9a3d642d | INFO | Message 317bb664-3a23-4500-83ef-e7de1919c1d8 created
2026-08-10 02:01:16 | team | sess_f6ce9a3d642d | INFO | Message 806e987c-797a-4705-ab2a-dbb82a509473 created
2026-08-10 02:01:16 | team | sess_f6ce9a3d642d | INFO | Message 3dbc62b6-521d-4751-bfc5-79487df66127 created
2026-08-10 02:01:52 | team | sess_f6ce9a3d642d | INFO | Message c9623950-443a-41f6-bab8-0a4df3e9cbcd created
2026-08-10 02:02:14 | team | sess_f6ce9a3d642d | INFO | [verifier1] processing 1 unread messages (steer=True)
2026-08-10 02:02:14 | team | sess_f6ce9a3d642d | INFO | Message 44a99fb8-3902-4ed6-b7ae-064b08428b19 marked as read by verifier1
2026-08-10 02:02:21 | team | sess_f6ce9a3d642d | INFO | [verifier1] processing 1 unread messages (steer=True)
2026-08-10 02:02:21 | team | sess_f6ce9a3d642d | INFO | Message 316a55fb-e541-468a-b07f-669bff8fe442 marked as read by verifier1
2026-08-10 02:02:41 | team | sess_f6ce9a3d642d | INFO | Message 4f7d3869-f681-4d68-9cab-7fe699ab9964 created
2026-08-10 02:02:41 | team | sess_f6ce9a3d642d | INFO | Message f2b5457d-9b12-4800-a3bd-735eb35a5b83 created
2026-08-10 02:02:49 | team | sess_f6ce9a3d642d | INFO | Message 4ebc4ef2-7054-4574-8dbf-9982aa1787e8 created
2026-08-10 02:02:53 | team | sess_f6ce9a3d642d | INFO | [verifier1] processing 1 unread messages (steer=True)
2026-08-10 02:02:53 | team | sess_f6ce9a3d642d | INFO | Message 4ab3ef4f-7e91-472b-97b2-2ad832b2dccd marked as read by verifier1
2026-08-10 02:02:59 | team | sess_f6ce9a3d642d | INFO | task list drained for team jiuwen_team_sess_f6ce9a3d642d: 4 terminal task(s)
2026-08-10 02:03:04 | team | sess_f6ce9a3d642d | INFO | Message 4af94df0-3b7a-4b55-abbb-1a8e86191ccc created
2026-08-10 02:03:14 | team | sess_f6ce9a3d642d | INFO | [verifier1] processing 1 unread messages (steer=True)
2026-08-10 02:03:14 | team | sess_f6ce9a3d642d | INFO | Message 9ed1350f-d376-4da7-9c0b-e2a2d8857d50 marked as read by verifier1
2026-08-10 02:03:44 | team | sess_f6ce9a3d642d | INFO | team jiuwen_team_sess_f6ce9a3d642d reported completed: 9 members, 4 tasks
2026-08-10 02:03:44 | team | sess_f6ce9a3d642d | INFO | [verifier1] received TEAM_STANDBY, pausing polls
2026-08-10 02:03:44 | team | sess_f6ce9a3d642d | INFO | EventBus[teammate] pausing polls
