2026-08-09 17:03:06 | team | sess_cf83ec4738eb | INFO | Team workspace directory ensured at /srv/jwteam_clone/shared/run_current
2026-08-09 17:03:06 | team | sess_cf83ec4738eb | INFO | AgentTeam manager initialized for jiuwen_team_sess_cf83ec4738eb, member=team_leader
2026-08-09 17:03:06 | team | sess_cf83ec4738eb | INFO | [team_leader] TeamPolicyRail static sections: section_names=['team_role', 'team_workflow', 'team_swarmflow', 'team_lifecycle', 'team_persona']
2026-08-09 17:03:06 | team | sess_cf83ec4738eb | INFO | Session tables ready for session sess_cf83ec4738eb
2026-08-09 17:03:06 | team | sess_cf83ec4738eb | INFO | Team database initialized
2026-08-09 17:03:06 | team | default_trace_id | INFO | Team workspace directory ensured at /srv/jwteam_clone/shared/run_current
2026-08-09 17:03:06 | team | default_trace_id | INFO | AgentTeam manager initialized for jiuwen_team_sess_cf83ec4738eb, member=verifier1
2026-08-09 17:03:06 | team | default_trace_id | INFO | [verifier1] TeamPolicyRail static sections: section_names=['team_role', 'team_persona']
2026-08-09 17:03:06 | team | sess_cf83ec4738eb | INFO | [verifier1] invoke start, role=teammate
2026-08-09 17:03:06 | team | sess_cf83ec4738eb | INFO | [verifier1] coordination starting
2026-08-09 17:03:06 | team | sess_cf83ec4738eb | INFO | Session tables ready for session sess_cf83ec4738eb
2026-08-09 17:03:06 | team | sess_cf83ec4738eb | INFO | Workspace /srv/jwteam_clone/shared/run_current initialized as plain shared directory (version_control disabled)
2026-08-09 17:03:06 | team | sess_cf83ec4738eb | INFO | EventBus[teammate] starting
2026-08-09 17:03:42 | team | sess_cf83ec4738eb | INFO | [verifier1] HITT section refresh: human_agent_names=[]
2026-08-09 17:03:53 | team | sess_cf83ec4738eb | INFO | [verifier1] processing 1 unread messages (steer=True)
2026-08-09 17:03:53 | team | sess_cf83ec4738eb | INFO | Message 6f128bdb-2232-4534-96da-4b2152449454 marked as read by verifier1
2026-08-09 17:04:06 | team | sess_cf83ec4738eb | INFO | Message 59d51a07-a9db-4bfe-a784-9c8179c08a45 created
2026-08-09 17:04:21 | team | sess_cf83ec4738eb | INFO | [verifier1] processing 1 unread messages (steer=True)
2026-08-09 17:04:21 | team | sess_cf83ec4738eb | INFO | Message 9639b5ce-e7d1-4a67-9927-ad1d7222c5ce marked as read by verifier1
2026-08-09 17:06:55 | team | sess_cf83ec4738eb | INFO | Task verify1 claimed by member verifier1
2026-08-09 17:06:55 | team | sess_cf83ec4738eb | INFO | Task verify1 claimed by member verifier1
2026-08-09 17:06:56 | team | sess_cf83ec4738eb | INFO | [verifier1] processing 1 unread messages (steer=True)
2026-08-09 17:06:56 | team | sess_cf83ec4738eb | INFO | Message bbf7b91c-1573-4437-baa6-6370d1cbd9a7 marked as read by verifier1
2026-08-09 17:06:56 | team | sess_cf83ec4738eb | INFO | [verifier1] processing 1 unread messages (steer=True)
2026-08-09 17:06:56 | team | sess_cf83ec4738eb | INFO | Message de034bad-10bd-4ecb-a33d-011097a8f7e7 marked as read by verifier1
2026-08-09 17:08:23 | team | sess_cf83ec4738eb | INFO | Task verify1 completed at 1786291703091
2026-08-09 17:08:23 | team | sess_cf83ec4738eb | INFO | Message bf30c39b-1611-4f7e-a5d5-214bf984fc97 created
2026-08-09 17:08:23 | team | sess_cf83ec4738eb | INFO | Task verify1 completed
2026-08-09 17:08:27 | team | sess_cf83ec4738eb | INFO | [verifier1] processing 1 unread messages (steer=True)
2026-08-09 17:08:27 | team | sess_cf83ec4738eb | INFO | Message 2712665f-2161-43b6-9f35-39bbc92248f7 marked as read by verifier1
2026-08-09 17:09:08 | team | sess_cf83ec4738eb | INFO | task list drained for team jiuwen_team_sess_cf83ec4738eb: 4 terminal task(s)
2026-08-09 17:09:54 | team | sess_cf83ec4738eb | INFO | team jiuwen_team_sess_cf83ec4738eb reported completed: 9 members, 4 tasks
2026-08-09 17:09:54 | team | sess_cf83ec4738eb | INFO | [verifier1] received TEAM_STANDBY, pausing polls
2026-08-09 17:09:54 | team | sess_cf83ec4738eb | INFO | EventBus[teammate] pausing polls
