2026-08-09 17:03:07 | team | sess_cf83ec4738eb | INFO | Team workspace directory ensured at /srv/jwteam_clone/shared/run_current
2026-08-09 17:03:07 | team | sess_cf83ec4738eb | INFO | AgentTeam manager initialized for jiuwen_team_sess_cf83ec4738eb, member=team_leader
2026-08-09 17:03:07 | team | sess_cf83ec4738eb | INFO | [team_leader] TeamPolicyRail static sections: section_names=['team_role', 'team_workflow', 'team_swarmflow', 'team_lifecycle', 'team_persona']
2026-08-09 17:03:07 | team | sess_cf83ec4738eb | INFO | Session tables ready for session sess_cf83ec4738eb
2026-08-09 17:03:07 | team | sess_cf83ec4738eb | INFO | Team database initialized
2026-08-09 17:03:07 | team | default_trace_id | INFO | Team workspace directory ensured at /srv/jwteam_clone/shared/run_current
2026-08-09 17:03:07 | team | default_trace_id | INFO | AgentTeam manager initialized for jiuwen_team_sess_cf83ec4738eb, member=verifier2
2026-08-09 17:03:07 | team | default_trace_id | INFO | [verifier2] TeamPolicyRail static sections: section_names=['team_role', 'team_persona']
2026-08-09 17:03:07 | team | sess_cf83ec4738eb | INFO | [verifier2] invoke start, role=teammate
2026-08-09 17:03:07 | team | sess_cf83ec4738eb | INFO | [verifier2] coordination starting
2026-08-09 17:03:07 | team | sess_cf83ec4738eb | INFO | Session tables ready for session sess_cf83ec4738eb
2026-08-09 17:03:07 | team | sess_cf83ec4738eb | INFO | Workspace /srv/jwteam_clone/shared/run_current initialized as plain shared directory (version_control disabled)
2026-08-09 17:03:07 | team | sess_cf83ec4738eb | INFO | EventBus[teammate] starting
2026-08-09 17:03:42 | team | sess_cf83ec4738eb | INFO | [verifier2] HITT section refresh: human_agent_names=[]
2026-08-09 17:03:53 | team | sess_cf83ec4738eb | INFO | [verifier2] processing 1 unread messages (steer=True)
2026-08-09 17:03:53 | team | sess_cf83ec4738eb | INFO | Message 6f128bdb-2232-4534-96da-4b2152449454 marked as read by verifier2
2026-08-09 17:04:33 | team | sess_cf83ec4738eb | INFO | Message b9e83027-6bc3-455f-a0b3-582c6a38020c created
2026-08-09 17:06:55 | team | sess_cf83ec4738eb | INFO | Task verify2 claimed by member verifier2
2026-08-09 17:06:55 | team | sess_cf83ec4738eb | INFO | Task verify2 claimed by member verifier2
2026-08-09 17:06:56 | team | sess_cf83ec4738eb | INFO | [verifier2] processing 1 unread messages (steer=True)
2026-08-09 17:06:56 | team | sess_cf83ec4738eb | INFO | Message 016446d4-4396-4d57-9768-cdfcf5be1f80 marked as read by verifier2
2026-08-09 17:06:56 | team | sess_cf83ec4738eb | INFO | [verifier2] processing 1 unread messages (steer=True)
2026-08-09 17:06:56 | team | sess_cf83ec4738eb | INFO | Message 1196e059-60e0-4fea-9a92-a37f02fab2d8 marked as read by verifier2
2026-08-09 17:09:08 | team | sess_cf83ec4738eb | INFO | Task verify2 completed at 1786291748324
2026-08-09 17:09:08 | team | sess_cf83ec4738eb | INFO | Task verify2 completed
2026-08-09 17:09:15 | team | sess_cf83ec4738eb | INFO | Message d4d2608a-114d-4509-9269-2cdce687a123 created
2026-08-09 17:09:30 | team | sess_cf83ec4738eb | INFO | [verifier2] processing 1 unread messages (steer=True)
2026-08-09 17:09:30 | team | sess_cf83ec4738eb | INFO | Message a732f836-5ff1-48ac-a975-24acac33bd10 marked as read by verifier2
2026-08-09 17:09:54 | team | sess_cf83ec4738eb | INFO | team jiuwen_team_sess_cf83ec4738eb reported completed: 9 members, 4 tasks
2026-08-09 17:09:54 | team | sess_cf83ec4738eb | INFO | [verifier2] received TEAM_STANDBY, pausing polls
2026-08-09 17:09:54 | team | sess_cf83ec4738eb | INFO | EventBus[teammate] pausing polls
