2026-08-09 17:03:04 | team | sess_cf83ec4738eb | INFO | Team workspace directory ensured at /srv/jwteam_clone/shared/run_current
2026-08-09 17:03:04 | team | sess_cf83ec4738eb | INFO | AgentTeam manager initialized for jiuwen_team_sess_cf83ec4738eb, member=team_leader
2026-08-09 17:03:04 | team | sess_cf83ec4738eb | INFO | [team_leader] TeamPolicyRail static sections: section_names=['team_role', 'team_workflow', 'team_swarmflow', 'team_lifecycle', 'team_persona']
2026-08-09 17:03:04 | team | sess_cf83ec4738eb | INFO | Session tables ready for session sess_cf83ec4738eb
2026-08-09 17:03:04 | team | sess_cf83ec4738eb | INFO | Team database initialized
2026-08-09 17:03:04 | team | default_trace_id | INFO | Team workspace directory ensured at /srv/jwteam_clone/shared/run_current
2026-08-09 17:03:04 | team | default_trace_id | INFO | AgentTeam manager initialized for jiuwen_team_sess_cf83ec4738eb, member=executor2
2026-08-09 17:03:04 | team | default_trace_id | INFO | [executor2] TeamPolicyRail static sections: section_names=['team_role', 'team_persona']
2026-08-09 17:03:04 | team | sess_cf83ec4738eb | INFO | [executor2] invoke start, role=teammate
2026-08-09 17:03:04 | team | sess_cf83ec4738eb | INFO | [executor2] coordination starting
2026-08-09 17:03:04 | team | sess_cf83ec4738eb | INFO | Session tables ready for session sess_cf83ec4738eb
2026-08-09 17:03:04 | team | sess_cf83ec4738eb | INFO | Workspace /srv/jwteam_clone/shared/run_current initialized as plain shared directory (version_control disabled)
2026-08-09 17:03:04 | team | sess_cf83ec4738eb | INFO | EventBus[teammate] starting
2026-08-09 17:03:42 | team | sess_cf83ec4738eb | INFO | [executor2] HITT section refresh: human_agent_names=[]
2026-08-09 17:03:53 | team | sess_cf83ec4738eb | INFO | [executor2] processing 1 unread messages (steer=True)
2026-08-09 17:03:53 | team | sess_cf83ec4738eb | INFO | Message 6f128bdb-2232-4534-96da-4b2152449454 marked as read by executor2
2026-08-09 17:04:04 | team | sess_cf83ec4738eb | INFO | Message 0e38656a-4e3c-490b-a551-f4fa5615433a created
2026-08-09 17:04:04 | team | sess_cf83ec4738eb | INFO | Message 745fe410-9758-4038-9f3c-d8419a762bec created
2026-08-09 17:04:04 | team | sess_cf83ec4738eb | INFO | Message fde69199-eb91-4b35-919f-0ef4c6d9598e created
2026-08-09 17:04:22 | team | sess_cf83ec4738eb | INFO | [executor2] processing 1 unread messages (steer=True)
2026-08-09 17:04:22 | team | sess_cf83ec4738eb | INFO | Message 36d96eae-1c18-4b30-bdf5-0cd3a90d5411 marked as read by executor2
2026-08-09 17:04:23 | team | sess_cf83ec4738eb | INFO | [executor2] processing 1 unread messages (steer=True)
2026-08-09 17:04:23 | team | sess_cf83ec4738eb | INFO | Message e1591df1-96ce-4fbc-b57d-a49523e38d57 marked as read by executor2
2026-08-09 17:04:30 | team | sess_cf83ec4738eb | INFO | Message 158bff43-4049-4cd8-9ae9-52ca319f747c created
2026-08-09 17:04:30 | team | sess_cf83ec4738eb | INFO | Message 7590a2c2-8632-4984-87f1-c914ec1f7a93 created
2026-08-09 17:04:52 | team | sess_cf83ec4738eb | INFO | Message 11a7f45f-b38e-42ac-96e8-3a8d50fb4dfd created
2026-08-09 17:06:56 | team | sess_cf83ec4738eb | INFO | Message 1196e059-60e0-4fea-9a92-a37f02fab2d8 created
2026-08-09 17:06:56 | team | sess_cf83ec4738eb | INFO | Message de034bad-10bd-4ecb-a33d-011097a8f7e7 created
2026-08-09 17:09:08 | team | sess_cf83ec4738eb | INFO | task list drained for team jiuwen_team_sess_cf83ec4738eb: 4 terminal task(s)
2026-08-09 17:09:54 | team | sess_cf83ec4738eb | INFO | team jiuwen_team_sess_cf83ec4738eb reported completed: 9 members, 4 tasks
2026-08-09 17:09:54 | team | sess_cf83ec4738eb | INFO | [executor2] received TEAM_STANDBY, pausing polls
2026-08-09 17:09:54 | team | sess_cf83ec4738eb | INFO | EventBus[teammate] pausing polls
