2026-08-09 17:03:07 | team | sess_cf83ec4738eb | INFO | Team workspace directory ensured at /srv/jwteam_clone/shared/run_current
2026-08-09 17:03:07 | team | sess_cf83ec4738eb | INFO | AgentTeam manager initialized for jiuwen_team_sess_cf83ec4738eb, member=team_leader
2026-08-09 17:03:07 | team | sess_cf83ec4738eb | INFO | [team_leader] TeamPolicyRail static sections: section_names=['team_role', 'team_workflow', 'team_swarmflow', 'team_lifecycle', 'team_persona']
2026-08-09 17:03:08 | team | sess_cf83ec4738eb | INFO | Session tables ready for session sess_cf83ec4738eb
2026-08-09 17:03:08 | team | sess_cf83ec4738eb | INFO | Team database initialized
2026-08-09 17:03:08 | team | default_trace_id | INFO | Team workspace directory ensured at /srv/jwteam_clone/shared/run_current
2026-08-09 17:03:08 | team | default_trace_id | INFO | AgentTeam manager initialized for jiuwen_team_sess_cf83ec4738eb, member=fullstack1
2026-08-09 17:03:08 | team | default_trace_id | INFO | [fullstack1] TeamPolicyRail static sections: section_names=['team_role', 'team_persona']
2026-08-09 17:03:08 | team | sess_cf83ec4738eb | INFO | [fullstack1] invoke start, role=teammate
2026-08-09 17:03:08 | team | sess_cf83ec4738eb | INFO | [fullstack1] coordination starting
2026-08-09 17:03:08 | team | sess_cf83ec4738eb | INFO | Session tables ready for session sess_cf83ec4738eb
2026-08-09 17:03:08 | team | sess_cf83ec4738eb | INFO | Workspace /srv/jwteam_clone/shared/run_current initialized as plain shared directory (version_control disabled)
2026-08-09 17:03:08 | team | sess_cf83ec4738eb | INFO | EventBus[teammate] starting
2026-08-09 17:03:42 | team | sess_cf83ec4738eb | INFO | [fullstack1] HITT section refresh: human_agent_names=[]
2026-08-09 17:03:53 | team | sess_cf83ec4738eb | INFO | [fullstack1] processing 1 unread messages (steer=True)
2026-08-09 17:03:53 | team | sess_cf83ec4738eb | INFO | Message 6f128bdb-2232-4534-96da-4b2152449454 marked as read by fullstack1
2026-08-09 17:04:27 | team | sess_cf83ec4738eb | INFO | Message 84cd6dd8-4848-47ef-931f-8867bca0bb96 created
2026-08-09 17:04:34 | team | sess_cf83ec4738eb | INFO | [fullstack1] processing 1 unread messages (steer=True)
2026-08-09 17:04:34 | team | sess_cf83ec4738eb | INFO | Message 3e2d7b01-531d-45e9-a55f-381edaff0ce3 marked as read by fullstack1
2026-08-09 17:09:08 | team | sess_cf83ec4738eb | INFO | task list drained for team jiuwen_team_sess_cf83ec4738eb: 4 terminal task(s)
2026-08-09 17:09:54 | team | sess_cf83ec4738eb | INFO | team jiuwen_team_sess_cf83ec4738eb reported completed: 9 members, 4 tasks
2026-08-09 17:09:54 | team | sess_cf83ec4738eb | INFO | [fullstack1] received TEAM_STANDBY, pausing polls
2026-08-09 17:09:54 | team | sess_cf83ec4738eb | INFO | EventBus[teammate] pausing polls
