2026-08-09 17:03:03 | team | sess_cf83ec4738eb | INFO | Team workspace directory ensured at /srv/jwteam_clone/shared/run_current
2026-08-09 17:03:03 | team | sess_cf83ec4738eb | INFO | AgentTeam manager initialized for jiuwen_team_sess_cf83ec4738eb, member=team_leader
2026-08-09 17:03:03 | team | sess_cf83ec4738eb | INFO | [team_leader] TeamPolicyRail static sections: section_names=['team_role', 'team_workflow', 'team_swarmflow', 'team_lifecycle', 'team_persona']
2026-08-09 17:03:03 | team | sess_cf83ec4738eb | INFO | Session tables ready for session sess_cf83ec4738eb
2026-08-09 17:03:03 | team | sess_cf83ec4738eb | INFO | Team database initialized
2026-08-09 17:03:04 | team | default_trace_id | INFO | Team workspace directory ensured at /srv/jwteam_clone/shared/run_current
2026-08-09 17:03:04 | team | default_trace_id | INFO | AgentTeam manager initialized for jiuwen_team_sess_cf83ec4738eb, member=executor1
2026-08-09 17:03:04 | team | default_trace_id | INFO | [executor1] TeamPolicyRail static sections: section_names=['team_role', 'team_persona']
2026-08-09 17:03:04 | team | sess_cf83ec4738eb | INFO | [executor1] invoke start, role=teammate
2026-08-09 17:03:04 | team | sess_cf83ec4738eb | INFO | [executor1] coordination starting
2026-08-09 17:03:04 | team | sess_cf83ec4738eb | INFO | Session tables ready for session sess_cf83ec4738eb
2026-08-09 17:03:04 | team | sess_cf83ec4738eb | INFO | Workspace /srv/jwteam_clone/shared/run_current initialized as plain shared directory (version_control disabled)
2026-08-09 17:03:04 | team | sess_cf83ec4738eb | INFO | EventBus[teammate] starting
2026-08-09 17:03:42 | team | sess_cf83ec4738eb | INFO | [executor1] HITT section refresh: human_agent_names=[]
2026-08-09 17:03:53 | team | sess_cf83ec4738eb | INFO | [executor1] processing 1 unread messages (steer=True)
2026-08-09 17:03:53 | team | sess_cf83ec4738eb | INFO | Message 6f128bdb-2232-4534-96da-4b2152449454 marked as read by executor1
2026-08-09 17:03:57 | team | sess_cf83ec4738eb | INFO | Message 1fe892e2-eee7-41b5-9a31-20bde3a166ba created
2026-08-09 17:03:57 | team | sess_cf83ec4738eb | INFO | Message edd7c3bc-a11c-441f-b3c2-061bf5e85efa created
2026-08-09 17:04:04 | team | sess_cf83ec4738eb | INFO | Message b68a595c-18b5-4458-bb5c-0391bab40679 created
2026-08-09 17:04:23 | team | sess_cf83ec4738eb | INFO | [executor1] processing 1 unread messages (steer=True)
2026-08-09 17:04:23 | team | sess_cf83ec4738eb | INFO | Message 0a6a6a4e-705d-4580-bdf9-63d6cbb74d6a marked as read by executor1
2026-08-09 17:04:39 | team | sess_cf83ec4738eb | INFO | [executor1] processing 1 unread messages (steer=True)
2026-08-09 17:04:39 | team | sess_cf83ec4738eb | INFO | Message 5ed223a7-9098-4f6c-aaad-6a06fd1ca351 marked as read by executor1
2026-08-09 17:04:52 | team | sess_cf83ec4738eb | INFO | [executor1] processing 1 unread messages (steer=True)
2026-08-09 17:04:52 | team | sess_cf83ec4738eb | INFO | Message 11a7f45f-b38e-42ac-96e8-3a8d50fb4dfd marked as read by executor1
2026-08-09 17:04:55 | team | sess_cf83ec4738eb | INFO | Task implement claimed by member executor1
2026-08-09 17:04:55 | team | sess_cf83ec4738eb | INFO | Task implement claimed by member executor1
2026-08-09 17:06:50 | team | sess_cf83ec4738eb | INFO | Task implement completed at 1786291610997
2026-08-09 17:06:51 | team | sess_cf83ec4738eb | INFO | Resolved 2 dependencies for task implement
2026-08-09 17:06:51 | team | sess_cf83ec4738eb | INFO | Task verify1 unblocked (all deps resolved)
2026-08-09 17:06:51 | team | sess_cf83ec4738eb | INFO | Task verify2 unblocked (all deps resolved)
2026-08-09 17:06:51 | team | sess_cf83ec4738eb | INFO | Task implement completed
2026-08-09 17:06:51 | team | sess_cf83ec4738eb | INFO | Unblocked 2 tasks
2026-08-09 17:06:56 | team | sess_cf83ec4738eb | INFO | Message bbf7b91c-1573-4437-baa6-6370d1cbd9a7 created
2026-08-09 17:06:56 | team | sess_cf83ec4738eb | INFO | Message 016446d4-4396-4d57-9768-cdfcf5be1f80 created
2026-08-09 17:07:05 | team | sess_cf83ec4738eb | INFO | Message b8c3e1ef-43b0-4149-b474-251b327b83ad created
2026-08-09 17:07:11 | team | sess_cf83ec4738eb | INFO | [executor1] processing 1 unread messages (steer=True)
2026-08-09 17:07:11 | team | sess_cf83ec4738eb | INFO | Message f0510e01-ce1b-4b79-ba1a-9f1631104f76 marked as read by executor1
2026-08-09 17:09:08 | team | sess_cf83ec4738eb | INFO | task list drained for team jiuwen_team_sess_cf83ec4738eb: 4 terminal task(s)
2026-08-09 17:09:54 | team | sess_cf83ec4738eb | INFO | team jiuwen_team_sess_cf83ec4738eb reported completed: 9 members, 4 tasks
2026-08-09 17:09:54 | team | sess_cf83ec4738eb | INFO | [executor1] received TEAM_STANDBY, pausing polls
2026-08-09 17:09:54 | team | sess_cf83ec4738eb | INFO | EventBus[teammate] pausing polls
