2026-08-09 17:03:03 | team | sess_cf83ec4738eb | INFO | Team workspace directory ensured at /srv/jwteam_clone/shared/run_current
2026-08-09 17:03:03 | team | sess_cf83ec4738eb | INFO | AgentTeam manager initialized for jiuwen_team_sess_cf83ec4738eb, member=team_leader
2026-08-09 17:03:03 | team | sess_cf83ec4738eb | INFO | [team_leader] TeamPolicyRail static sections: section_names=['team_role', 'team_workflow', 'team_swarmflow', 'team_lifecycle', 'team_persona']
2026-08-09 17:03:03 | team | sess_cf83ec4738eb | INFO | Session tables ready for session sess_cf83ec4738eb
2026-08-09 17:03:03 | team | sess_cf83ec4738eb | INFO | Team database initialized
2026-08-09 17:03:03 | team | default_trace_id | INFO | Team workspace directory ensured at /srv/jwteam_clone/shared/run_current
2026-08-09 17:03:03 | team | default_trace_id | INFO | AgentTeam manager initialized for jiuwen_team_sess_cf83ec4738eb, member=planner2
2026-08-09 17:03:03 | team | default_trace_id | INFO | [planner2] TeamPolicyRail static sections: section_names=['team_role', 'team_persona']
2026-08-09 17:03:03 | team | sess_cf83ec4738eb | INFO | [planner2] invoke start, role=teammate
2026-08-09 17:03:03 | team | sess_cf83ec4738eb | INFO | [planner2] coordination starting
2026-08-09 17:03:03 | team | sess_cf83ec4738eb | INFO | Session tables ready for session sess_cf83ec4738eb
2026-08-09 17:03:03 | team | sess_cf83ec4738eb | INFO | Workspace /srv/jwteam_clone/shared/run_current initialized as plain shared directory (version_control disabled)
2026-08-09 17:03:03 | team | sess_cf83ec4738eb | INFO | EventBus[teammate] starting
2026-08-09 17:03:42 | team | sess_cf83ec4738eb | INFO | [planner2] HITT section refresh: human_agent_names=[]
2026-08-09 17:03:52 | team | sess_cf83ec4738eb | INFO | Task plan claimed by member planner2
2026-08-09 17:03:52 | team | sess_cf83ec4738eb | INFO | Task plan claimed by member planner2
2026-08-09 17:03:53 | team | sess_cf83ec4738eb | INFO | [planner2] processing 1 unread messages (steer=True)
2026-08-09 17:03:53 | team | sess_cf83ec4738eb | INFO | Message 6f128bdb-2232-4534-96da-4b2152449454 marked as read by planner2
2026-08-09 17:03:57 | team | sess_cf83ec4738eb | INFO | [planner2] processing 1 unread messages (steer=True)
2026-08-09 17:03:57 | team | sess_cf83ec4738eb | INFO | Message edd7c3bc-a11c-441f-b3c2-061bf5e85efa marked as read by planner2
2026-08-09 17:04:04 | team | sess_cf83ec4738eb | INFO | [planner2] processing 1 unread messages (steer=True)
2026-08-09 17:04:04 | team | sess_cf83ec4738eb | INFO | Message b68a595c-18b5-4458-bb5c-0391bab40679 marked as read by planner2
2026-08-09 17:04:04 | team | sess_cf83ec4738eb | INFO | [planner2] processing 1 unread messages (steer=True)
2026-08-09 17:04:04 | team | sess_cf83ec4738eb | INFO | Message fde69199-eb91-4b35-919f-0ef4c6d9598e marked as read by planner2
2026-08-09 17:04:39 | team | sess_cf83ec4738eb | INFO | Message 5ed223a7-9098-4f6c-aaad-6a06fd1ca351 created
2026-08-09 17:04:45 | team | sess_cf83ec4738eb | INFO | Task plan completed at 1786291485398
2026-08-09 17:04:45 | team | sess_cf83ec4738eb | INFO | Message 9567ed1c-af60-45b4-9d9b-9866ee66e74d created
2026-08-09 17:04:45 | team | sess_cf83ec4738eb | INFO | Resolved 1 dependencies for task plan
2026-08-09 17:04:45 | team | sess_cf83ec4738eb | INFO | Task implement unblocked (all deps resolved)
2026-08-09 17:04:45 | team | sess_cf83ec4738eb | INFO | Task plan completed
2026-08-09 17:04:45 | team | sess_cf83ec4738eb | INFO | Unblocked 1 tasks
2026-08-09 17:04:52 | team | sess_cf83ec4738eb | INFO | [planner2] processing 1 unread messages (steer=True)
2026-08-09 17:04:53 | team | sess_cf83ec4738eb | INFO | Message 9166cae5-4848-4698-ba18-03a33d616886 marked as read by planner2
2026-08-09 17:09:08 | team | sess_cf83ec4738eb | INFO | task list drained for team jiuwen_team_sess_cf83ec4738eb: 4 terminal task(s)
2026-08-09 17:09:54 | team | sess_cf83ec4738eb | INFO | team jiuwen_team_sess_cf83ec4738eb reported completed: 9 members, 4 tasks
2026-08-09 17:09:54 | team | sess_cf83ec4738eb | INFO | [planner2] received TEAM_STANDBY, pausing polls
2026-08-09 17:09:54 | team | sess_cf83ec4738eb | INFO | EventBus[teammate] pausing polls
