2026-08-09 17:03:02 | team | sess_cf83ec4738eb | INFO | Team workspace directory ensured at /srv/jwteam_clone/shared/run_current
2026-08-09 17:03:02 | team | sess_cf83ec4738eb | INFO | AgentTeam manager initialized for jiuwen_team_sess_cf83ec4738eb, member=team_leader
2026-08-09 17:03:02 | team | sess_cf83ec4738eb | INFO | [team_leader] TeamPolicyRail static sections: section_names=['team_role', 'team_workflow', 'team_swarmflow', 'team_lifecycle', 'team_persona']
2026-08-09 17:03:02 | team | sess_cf83ec4738eb | INFO | Session tables ready for session sess_cf83ec4738eb
2026-08-09 17:03:02 | team | sess_cf83ec4738eb | INFO | Team database initialized
2026-08-09 17:03:02 | team | default_trace_id | INFO | Team workspace directory ensured at /srv/jwteam_clone/shared/run_current
2026-08-09 17:03:02 | team | default_trace_id | INFO | AgentTeam manager initialized for jiuwen_team_sess_cf83ec4738eb, member=planner1
2026-08-09 17:03:02 | team | default_trace_id | INFO | [planner1] TeamPolicyRail static sections: section_names=['team_role', 'team_persona']
2026-08-09 17:03:02 | team | sess_cf83ec4738eb | INFO | [planner1] invoke start, role=teammate
2026-08-09 17:03:02 | team | sess_cf83ec4738eb | INFO | [planner1] coordination starting
2026-08-09 17:03:02 | team | sess_cf83ec4738eb | INFO | Session tables ready for session sess_cf83ec4738eb
2026-08-09 17:03:02 | team | sess_cf83ec4738eb | INFO | Workspace /srv/jwteam_clone/shared/run_current initialized as plain shared directory (version_control disabled)
2026-08-09 17:03:02 | team | sess_cf83ec4738eb | INFO | EventBus[teammate] starting
2026-08-09 17:03:42 | team | sess_cf83ec4738eb | INFO | [planner1] HITT section refresh: human_agent_names=[]
2026-08-09 17:03:53 | team | sess_cf83ec4738eb | INFO | [planner1] processing 1 unread messages (steer=True)
2026-08-09 17:03:53 | team | sess_cf83ec4738eb | INFO | Message 6f128bdb-2232-4534-96da-4b2152449454 marked as read by planner1
2026-08-09 17:03:57 | team | sess_cf83ec4738eb | INFO | [planner1] processing 1 unread messages (steer=True)
2026-08-09 17:03:57 | team | sess_cf83ec4738eb | INFO | Message 1fe892e2-eee7-41b5-9a31-20bde3a166ba marked as read by planner1
2026-08-09 17:04:03 | team | sess_cf83ec4738eb | INFO | Message c23fd503-748c-45a7-b88f-060285e73227 created
2026-08-09 17:04:04 | team | sess_cf83ec4738eb | INFO | [planner1] processing 1 unread messages (steer=True)
2026-08-09 17:04:04 | team | sess_cf83ec4738eb | INFO | Message 0e38656a-4e3c-490b-a551-f4fa5615433a marked as read by planner1
2026-08-09 17:04:10 | team | sess_cf83ec4738eb | INFO | [planner1] processing 1 unread messages (steer=True)
2026-08-09 17:04:10 | team | sess_cf83ec4738eb | INFO | Message eaae6f13-5611-4f2a-814d-f838b4ebf5b2 marked as read by planner1
2026-08-09 17:04:23 | team | sess_cf83ec4738eb | INFO | Message e1591df1-96ce-4fbc-b57d-a49523e38d57 created
2026-08-09 17:04:23 | team | sess_cf83ec4738eb | INFO | Message 0a6a6a4e-705d-4580-bdf9-63d6cbb74d6a created
2026-08-09 17:04:23 | team | sess_cf83ec4738eb | INFO | Message 62e70fd7-1256-4386-8cdd-26ab75e64e51 created
2026-08-09 17:04:30 | team | sess_cf83ec4738eb | INFO | [planner1] processing 1 unread messages (steer=True)
2026-08-09 17:04:30 | team | sess_cf83ec4738eb | INFO | Message 7590a2c2-8632-4984-87f1-c914ec1f7a93 marked as read by planner1
2026-08-09 17:09:08 | team | sess_cf83ec4738eb | INFO | task list drained for team jiuwen_team_sess_cf83ec4738eb: 4 terminal task(s)
2026-08-09 17:09:54 | team | sess_cf83ec4738eb | INFO | team jiuwen_team_sess_cf83ec4738eb reported completed: 9 members, 4 tasks
2026-08-09 17:09:54 | team | sess_cf83ec4738eb | INFO | [planner1] received TEAM_STANDBY, pausing polls
2026-08-09 17:09:54 | team | sess_cf83ec4738eb | INFO | EventBus[teammate] pausing polls
