2026-08-09 15:35:22 | team | sess_9703c23b1e03 | INFO | Team workspace directory ensured at /srv/jwteam_clone/shared/run_current
2026-08-09 15:35:22 | team | sess_9703c23b1e03 | INFO | AgentTeam manager initialized for jiuwen_team_sess_9703c23b1e03, member=team_leader
2026-08-09 15:35:22 | team | sess_9703c23b1e03 | INFO | [team_leader] TeamPolicyRail static sections: section_names=['team_role', 'team_workflow', 'team_swarmflow', 'team_lifecycle', 'team_persona']
2026-08-09 15:35:22 | team | sess_9703c23b1e03 | INFO | Session tables ready for session sess_9703c23b1e03
2026-08-09 15:35:22 | team | sess_9703c23b1e03 | INFO | Team database initialized
2026-08-09 15:35:22 | team | default_trace_id | INFO | Team workspace directory ensured at /srv/jwteam_clone/shared/run_current
2026-08-09 15:35:22 | team | default_trace_id | INFO | AgentTeam manager initialized for jiuwen_team_sess_9703c23b1e03, member=planner2
2026-08-09 15:35:22 | team | default_trace_id | INFO | [planner2] TeamPolicyRail static sections: section_names=['team_role', 'team_persona']
2026-08-09 15:35:22 | team | sess_9703c23b1e03 | INFO | [planner2] invoke start, role=teammate
2026-08-09 15:35:22 | team | sess_9703c23b1e03 | INFO | [planner2] coordination starting
2026-08-09 15:35:22 | team | sess_9703c23b1e03 | INFO | Session tables ready for session sess_9703c23b1e03
2026-08-09 15:35:22 | team | sess_9703c23b1e03 | INFO | Workspace /srv/jwteam_clone/shared/run_current initialized as plain shared directory (version_control disabled)
2026-08-09 15:35:22 | team | sess_9703c23b1e03 | INFO | EventBus[teammate] starting
2026-08-09 15:35:49 | team | sess_9703c23b1e03 | INFO | [planner2] HITT section refresh: human_agent_names=[]
2026-08-09 15:36:00 | team | sess_9703c23b1e03 | INFO | [planner2] processing 1 unread messages (steer=True)
2026-08-09 15:36:00 | team | sess_9703c23b1e03 | INFO | Message 42f65263-9c6d-4352-813c-a8fbda3b530b marked as read by planner2
2026-08-09 15:36:09 | team | sess_9703c23b1e03 | INFO | [planner2] processing 1 unread messages (steer=True)
2026-08-09 15:36:09 | team | sess_9703c23b1e03 | INFO | Message d835ab61-c0fb-4947-ad7c-ea2f455c90c1 marked as read by planner2
2026-08-09 15:36:23 | team | sess_9703c23b1e03 | INFO | Message debedf4d-2264-4f76-b3b3-b353de531d14 created
2026-08-09 15:36:29 | team | sess_9703c23b1e03 | INFO | Message 4d51b0d5-91ae-485e-a325-fc6fb3fbbf4f created
2026-08-09 15:36:34 | team | sess_9703c23b1e03 | INFO | [planner2] processing 1 unread messages (steer=True)
2026-08-09 15:36:34 | team | sess_9703c23b1e03 | INFO | Message bb240ca4-ac03-4560-b165-5d0833767b22 marked as read by planner2
2026-08-09 15:37:05 | team | sess_9703c23b1e03 | INFO | [planner2] processing 1 unread messages (steer=True)
2026-08-09 15:37:05 | team | sess_9703c23b1e03 | INFO | Message 0730f8b2-b151-46ce-80b2-188cad2bb68e marked as read by planner2
2026-08-09 15:37:13 | team | sess_9703c23b1e03 | INFO | Message 8b765f38-88b4-4e41-88c1-d9b51a0fd52f created
2026-08-09 15:39:53 | team | sess_9703c23b1e03 | INFO | task list drained for team jiuwen_team_sess_9703c23b1e03: 3 terminal task(s)
2026-08-09 15:40:45 | team | sess_9703c23b1e03 | INFO | Message 48e2389f-d261-40d0-8c28-bfabd3ae932b created
2026-08-09 15:40:45 | team | sess_9703c23b1e03 | INFO | Message 34c9df29-5520-4eae-bd75-e0a1aca30f20 created
2026-08-09 15:41:10 | team | sess_9703c23b1e03 | INFO | [planner2] processing 1 unread messages (steer=True)
2026-08-09 15:41:10 | team | sess_9703c23b1e03 | INFO | Message 86b2a8fd-d9b9-4da8-b2b7-0cc8dfa845a5 marked as read by planner2
2026-08-09 15:41:21 | team | sess_9703c23b1e03 | INFO | Message 565ee209-06b7-40c0-a782-2bb0f8921d7a created
2026-08-09 15:41:21 | team | sess_9703c23b1e03 | INFO | Message f604d4cb-7d39-4ed2-9638-314d45637cb8 created
2026-08-09 15:41:30 | team | sess_9703c23b1e03 | INFO | [planner2] processing 1 unread messages (steer=True)
2026-08-09 15:41:30 | team | sess_9703c23b1e03 | INFO | Message d30581aa-a9b9-4667-ac59-abe65b1f62fe marked as read by planner2
2026-08-09 15:41:39 | team | sess_9703c23b1e03 | INFO | Message 5269b85d-ca65-48d6-929e-a317db0c9cd1 created
2026-08-09 15:41:45 | team | sess_9703c23b1e03 | INFO | [planner2] processing 1 unread messages (steer=True)
2026-08-09 15:41:45 | team | sess_9703c23b1e03 | INFO | Message 910032ba-ddd8-4090-98b6-a27600b46260 marked as read by planner2
2026-08-09 15:42:25 | team | sess_9703c23b1e03 | INFO | task list drained for team jiuwen_team_sess_9703c23b1e03: 4 terminal task(s)
2026-08-09 15:43:27 | team | sess_9703c23b1e03 | INFO | team jiuwen_team_sess_9703c23b1e03 reported completed: 9 members, 4 tasks
2026-08-09 15:43:27 | team | sess_9703c23b1e03 | INFO | [planner2] received TEAM_STANDBY, pausing polls
2026-08-09 15:43:27 | team | sess_9703c23b1e03 | INFO | EventBus[teammate] pausing polls
