2026-08-09 15:35:26 | team | sess_9703c23b1e03 | INFO | Team workspace directory ensured at /srv/jwteam_clone/shared/run_current
2026-08-09 15:35:26 | team | sess_9703c23b1e03 | INFO | AgentTeam manager initialized for jiuwen_team_sess_9703c23b1e03, member=team_leader
2026-08-09 15:35:26 | team | sess_9703c23b1e03 | INFO | [team_leader] TeamPolicyRail static sections: section_names=['team_role', 'team_workflow', 'team_swarmflow', 'team_lifecycle', 'team_persona']
2026-08-09 15:35:26 | team | sess_9703c23b1e03 | INFO | Session tables ready for session sess_9703c23b1e03
2026-08-09 15:35:26 | team | sess_9703c23b1e03 | INFO | Team database initialized
2026-08-09 15:35:26 | team | default_trace_id | INFO | Team workspace directory ensured at /srv/jwteam_clone/shared/run_current
2026-08-09 15:35:26 | team | default_trace_id | INFO | AgentTeam manager initialized for jiuwen_team_sess_9703c23b1e03, member=verifier1
2026-08-09 15:35:26 | team | default_trace_id | INFO | [verifier1] TeamPolicyRail static sections: section_names=['team_role', 'team_persona']
2026-08-09 15:35:26 | team | sess_9703c23b1e03 | INFO | [verifier1] invoke start, role=teammate
2026-08-09 15:35:26 | team | sess_9703c23b1e03 | INFO | [verifier1] coordination starting
2026-08-09 15:35:26 | team | sess_9703c23b1e03 | INFO | Session tables ready for session sess_9703c23b1e03
2026-08-09 15:35:26 | team | sess_9703c23b1e03 | INFO | Workspace /srv/jwteam_clone/shared/run_current initialized as plain shared directory (version_control disabled)
2026-08-09 15:35:26 | team | sess_9703c23b1e03 | INFO | EventBus[teammate] starting
2026-08-09 15:35:49 | team | sess_9703c23b1e03 | INFO | [verifier1] HITT section refresh: human_agent_names=[]
2026-08-09 15:36:00 | team | sess_9703c23b1e03 | INFO | [verifier1] processing 1 unread messages (steer=True)
2026-08-09 15:36:00 | team | sess_9703c23b1e03 | INFO | Message 42f65263-9c6d-4352-813c-a8fbda3b530b marked as read by verifier1
2026-08-09 15:38:21 | team | sess_9703c23b1e03 | INFO | Task verify claimed by member verifier1
2026-08-09 15:38:21 | team | sess_9703c23b1e03 | INFO | Task verify claimed by member verifier1
2026-08-09 15:38:22 | team | sess_9703c23b1e03 | INFO | [verifier1] processing 1 unread messages (steer=True)
2026-08-09 15:38:22 | team | sess_9703c23b1e03 | INFO | Message 892300bd-3d25-43ea-9d5c-b7b98a9113d1 marked as read by verifier1
2026-08-09 15:38:26 | team | sess_9703c23b1e03 | INFO | [verifier1] processing 1 unread messages (steer=True)
2026-08-09 15:38:26 | team | sess_9703c23b1e03 | INFO | Message fca16d2b-fd10-45ad-9789-fc49f214203f marked as read by verifier1
2026-08-09 15:39:53 | team | sess_9703c23b1e03 | INFO | Task verify completed at 1786286393246
2026-08-09 15:39:53 | team | sess_9703c23b1e03 | INFO | Message c08cfaf0-c921-4c0d-891d-85ac75aa8d94 created
2026-08-09 15:39:53 | team | sess_9703c23b1e03 | INFO | Task verify completed
2026-08-09 15:39:53 | team | sess_9703c23b1e03 | INFO | Message 1af3475b-13bc-41ae-8ba1-9de3ad9900ad created
2026-08-09 15:39:53 | team | sess_9703c23b1e03 | INFO | Message c9b765dd-d58c-4133-8974-73a067fa02c4 created
2026-08-09 15:39:59 | team | sess_9703c23b1e03 | INFO | [verifier1] processing 1 unread messages (steer=True)
2026-08-09 15:39:59 | team | sess_9703c23b1e03 | INFO | Message e3842025-5db3-4517-8374-b061082fca00 marked as read by verifier1
2026-08-09 15:40:35 | team | sess_9703c23b1e03 | INFO | [verifier1] processing 1 unread messages (steer=True)
2026-08-09 15:40:35 | team | sess_9703c23b1e03 | INFO | Message 43c8ab0d-5024-4a5c-a1ce-0149ed48d924 marked as read by verifier1
2026-08-09 15:40:42 | team | sess_9703c23b1e03 | INFO | Message 11e030b1-3777-48ed-bc57-ab9dcc6597f0 created
2026-08-09 15:41:21 | team | sess_9703c23b1e03 | INFO | [verifier1] processing 1 unread messages (steer=True)
2026-08-09 15:41:21 | team | sess_9703c23b1e03 | INFO | Message 6c018064-ea58-4da0-ba79-10a2e715fa86 marked as read by verifier1
2026-08-09 15:41:28 | team | sess_9703c23b1e03 | INFO | Message 58ab051b-1cfe-4705-9ec7-cfa0093983f9 created
2026-08-09 15:42:25 | team | sess_9703c23b1e03 | INFO | [verifier1] processing 1 unread messages (steer=True)
2026-08-09 15:42:25 | team | sess_9703c23b1e03 | INFO | Message 83309b9b-4280-48f1-be77-2c6a5fcd9e88 marked as read by verifier1
2026-08-09 15:42:25 | team | sess_9703c23b1e03 | INFO | task list drained for team jiuwen_team_sess_9703c23b1e03: 4 terminal task(s)
2026-08-09 15:43:00 | team | sess_9703c23b1e03 | INFO | Message e095db67-6b2a-4494-913b-053c4cceb9ae created
2026-08-09 15:43:00 | team | sess_9703c23b1e03 | INFO | Message a0fb92c9-7fa7-42e0-a294-c02528195b58 created
2026-08-09 15:43:27 | team | sess_9703c23b1e03 | INFO | team jiuwen_team_sess_9703c23b1e03 reported completed: 9 members, 4 tasks
2026-08-09 15:43:27 | team | sess_9703c23b1e03 | INFO | [verifier1] received TEAM_STANDBY, pausing polls
2026-08-09 15:43:27 | team | sess_9703c23b1e03 | INFO | EventBus[teammate] pausing polls
