2026-08-09 15:35:24 | team | sess_9703c23b1e03 | INFO | Team workspace directory ensured at /srv/jwteam_clone/shared/run_current
2026-08-09 15:35:24 | team | sess_9703c23b1e03 | INFO | AgentTeam manager initialized for jiuwen_team_sess_9703c23b1e03, member=team_leader
2026-08-09 15:35:24 | team | sess_9703c23b1e03 | INFO | [team_leader] TeamPolicyRail static sections: section_names=['team_role', 'team_workflow', 'team_swarmflow', 'team_lifecycle', 'team_persona']
2026-08-09 15:35:24 | team | sess_9703c23b1e03 | INFO | Session tables ready for session sess_9703c23b1e03
2026-08-09 15:35:24 | team | sess_9703c23b1e03 | INFO | Team database initialized
2026-08-09 15:35:24 | team | default_trace_id | INFO | Team workspace directory ensured at /srv/jwteam_clone/shared/run_current
2026-08-09 15:35:24 | team | default_trace_id | INFO | AgentTeam manager initialized for jiuwen_team_sess_9703c23b1e03, member=executor2
2026-08-09 15:35:24 | team | default_trace_id | INFO | [executor2] TeamPolicyRail static sections: section_names=['team_role', 'team_persona']
2026-08-09 15:35:24 | team | sess_9703c23b1e03 | INFO | [executor2] invoke start, role=teammate
2026-08-09 15:35:24 | team | sess_9703c23b1e03 | INFO | [executor2] coordination starting
2026-08-09 15:35:24 | team | sess_9703c23b1e03 | INFO | Session tables ready for session sess_9703c23b1e03
2026-08-09 15:35:24 | team | sess_9703c23b1e03 | INFO | Workspace /srv/jwteam_clone/shared/run_current initialized as plain shared directory (version_control disabled)
2026-08-09 15:35:24 | team | sess_9703c23b1e03 | INFO | EventBus[teammate] starting
2026-08-09 15:35:49 | team | sess_9703c23b1e03 | INFO | [executor2] HITT section refresh: human_agent_names=[]
2026-08-09 15:36:00 | team | sess_9703c23b1e03 | INFO | [executor2] processing 1 unread messages (steer=True)
2026-08-09 15:36:00 | team | sess_9703c23b1e03 | INFO | Message 42f65263-9c6d-4352-813c-a8fbda3b530b marked as read by executor2
2026-08-09 15:36:09 | team | sess_9703c23b1e03 | INFO | Message d835ab61-c0fb-4947-ad7c-ea2f455c90c1 created
2026-08-09 15:36:09 | team | sess_9703c23b1e03 | INFO | Message 8f904b39-8561-4e9b-81a2-328b72f13317 created
2026-08-09 15:36:29 | team | sess_9703c23b1e03 | INFO | [executor2] processing 1 unread messages (steer=True)
2026-08-09 15:36:29 | team | sess_9703c23b1e03 | INFO | Message 4d51b0d5-91ae-485e-a325-fc6fb3fbbf4f marked as read by executor2
2026-08-09 15:36:34 | team | sess_9703c23b1e03 | INFO | Message bb240ca4-ac03-4560-b165-5d0833767b22 created
2026-08-09 15:37:02 | team | sess_9703c23b1e03 | INFO | Message fe514ca4-c3f9-44c8-abb0-a6ac9ec1da22 created
2026-08-09 15:37:05 | team | sess_9703c23b1e03 | INFO | [executor2] processing 1 unread messages (steer=True)
2026-08-09 15:37:05 | team | sess_9703c23b1e03 | INFO | Message 7ea7047b-1e93-4bc0-aa67-feffefeef042 marked as read by executor2
2026-08-09 15:37:11 | team | sess_9703c23b1e03 | INFO | Message 177bac85-e77d-4dc8-b354-a971c4896dca created
2026-08-09 15:38:22 | team | sess_9703c23b1e03 | INFO | Message 892300bd-3d25-43ea-9d5c-b7b98a9113d1 created
2026-08-09 15:38:26 | team | sess_9703c23b1e03 | INFO | [executor2] processing 1 unread messages (steer=True)
2026-08-09 15:38:26 | team | sess_9703c23b1e03 | INFO | Message d939e0ba-faf2-4dbe-9826-db2c5c91b6c0 marked as read by executor2
2026-08-09 15:38:30 | team | sess_9703c23b1e03 | INFO | Message b422dd13-72e4-4874-b7cd-1d5215334ab8 created
2026-08-09 15:39:53 | team | sess_9703c23b1e03 | INFO | task list drained for team jiuwen_team_sess_9703c23b1e03: 3 terminal task(s)
2026-08-09 15:39:53 | team | sess_9703c23b1e03 | INFO | [executor2] processing 1 unread messages (steer=True)
2026-08-09 15:39:53 | team | sess_9703c23b1e03 | INFO | Message c9b765dd-d58c-4133-8974-73a067fa02c4 marked as read by executor2
2026-08-09 15:39:59 | team | sess_9703c23b1e03 | INFO | Message e3842025-5db3-4517-8374-b061082fca00 created
2026-08-09 15:40:12 | team | sess_9703c23b1e03 | INFO | Task fix claimed by member executor2
2026-08-09 15:40:12 | team | sess_9703c23b1e03 | INFO | Task fix claimed by member executor2
2026-08-09 15:40:30 | team | sess_9703c23b1e03 | INFO | [executor2] processing 1 unread messages (steer=True)
2026-08-09 15:40:30 | team | sess_9703c23b1e03 | INFO | Message 65cb06e1-e7a7-485c-ba40-f7c082602f62 marked as read by executor2
2026-08-09 15:40:40 | team | sess_9703c23b1e03 | INFO | Message e5421b31-8844-4eef-a772-564427c8269d created
2026-08-09 15:40:45 | team | sess_9703c23b1e03 | INFO | [executor2] processing 1 unread messages (steer=True)
2026-08-09 15:40:45 | team | sess_9703c23b1e03 | INFO | Message 34c9df29-5520-4eae-bd75-e0a1aca30f20 marked as read by executor2
2026-08-09 15:40:52 | team | sess_9703c23b1e03 | INFO | [executor2] processing 1 unread messages (steer=True)
2026-08-09 15:40:52 | team | sess_9703c23b1e03 | INFO | Message 4f08708f-75de-441b-9071-cae9079c8c63 marked as read by executor2
2026-08-09 15:41:21 | team | sess_9703c23b1e03 | INFO | [executor2] processing 1 unread messages (steer=True)
2026-08-09 15:41:21 | team | sess_9703c23b1e03 | INFO | Message 2cd1c092-6470-4f47-aa66-50f160c5f888 marked as read by executor2
2026-08-09 15:41:21 | team | sess_9703c23b1e03 | INFO | [executor2] processing 1 unread messages (steer=True)
2026-08-09 15:41:21 | team | sess_9703c23b1e03 | INFO | Message f604d4cb-7d39-4ed2-9638-314d45637cb8 marked as read by executor2
2026-08-09 15:41:21 | team | sess_9703c23b1e03 | INFO | [executor2] processing 1 unread messages (steer=True)
2026-08-09 15:41:21 | team | sess_9703c23b1e03 | INFO | Message 62f1e5db-29a6-4cf4-9582-189041e2d5db marked as read by executor2
2026-08-09 15:41:30 | team | sess_9703c23b1e03 | INFO | Message 142957c6-63c7-43c7-b8bd-ce2130b1df4f created
2026-08-09 15:41:30 | team | sess_9703c23b1e03 | INFO | Message d30581aa-a9b9-4667-ac59-abe65b1f62fe created
2026-08-09 15:41:36 | team | sess_9703c23b1e03 | INFO | Message 000f6361-8ba2-4beb-a8fc-2c51dec74923 created
2026-08-09 15:41:39 | team | sess_9703c23b1e03 | INFO | [executor2] processing 1 unread messages (steer=True)
2026-08-09 15:41:39 | team | sess_9703c23b1e03 | INFO | Message 5269b85d-ca65-48d6-929e-a317db0c9cd1 marked as read by executor2
2026-08-09 15:41:45 | team | sess_9703c23b1e03 | INFO | Message 910032ba-ddd8-4090-98b6-a27600b46260 created
2026-08-09 15:42:25 | team | sess_9703c23b1e03 | INFO | task list drained for team jiuwen_team_sess_9703c23b1e03: 4 terminal task(s)
2026-08-09 15:43:27 | team | sess_9703c23b1e03 | INFO | team jiuwen_team_sess_9703c23b1e03 reported completed: 9 members, 4 tasks
2026-08-09 15:43:27 | team | sess_9703c23b1e03 | INFO | [executor2] received TEAM_STANDBY, pausing polls
2026-08-09 15:43:27 | team | sess_9703c23b1e03 | INFO | EventBus[teammate] pausing polls
