2026-08-09 15:35:25 | team | sess_9703c23b1e03 | INFO | Team workspace directory ensured at /srv/jwteam_clone/shared/run_current
2026-08-09 15:35:25 | team | sess_9703c23b1e03 | INFO | AgentTeam manager initialized for jiuwen_team_sess_9703c23b1e03, member=team_leader
2026-08-09 15:35:25 | team | sess_9703c23b1e03 | INFO | [team_leader] TeamPolicyRail static sections: section_names=['team_role', 'team_workflow', 'team_swarmflow', 'team_lifecycle', 'team_persona']
2026-08-09 15:35:25 | team | sess_9703c23b1e03 | INFO | Session tables ready for session sess_9703c23b1e03
2026-08-09 15:35:25 | team | sess_9703c23b1e03 | INFO | Team database initialized
2026-08-09 15:35:25 | team | default_trace_id | INFO | Team workspace directory ensured at /srv/jwteam_clone/shared/run_current
2026-08-09 15:35:25 | team | default_trace_id | INFO | AgentTeam manager initialized for jiuwen_team_sess_9703c23b1e03, member=executor3
2026-08-09 15:35:25 | team | default_trace_id | INFO | [executor3] TeamPolicyRail static sections: section_names=['team_role', 'team_persona']
2026-08-09 15:35:25 | team | sess_9703c23b1e03 | INFO | [executor3] invoke start, role=teammate
2026-08-09 15:35:25 | team | sess_9703c23b1e03 | INFO | [executor3] coordination starting
2026-08-09 15:35:25 | team | sess_9703c23b1e03 | INFO | Session tables ready for session sess_9703c23b1e03
2026-08-09 15:35:25 | team | sess_9703c23b1e03 | INFO | Workspace /srv/jwteam_clone/shared/run_current initialized as plain shared directory (version_control disabled)
2026-08-09 15:35:25 | team | sess_9703c23b1e03 | INFO | EventBus[teammate] starting
2026-08-09 15:35:49 | team | sess_9703c23b1e03 | INFO | [executor3] HITT section refresh: human_agent_names=[]
2026-08-09 15:36:00 | team | sess_9703c23b1e03 | INFO | [executor3] processing 1 unread messages (steer=True)
2026-08-09 15:36:00 | team | sess_9703c23b1e03 | INFO | Message 42f65263-9c6d-4352-813c-a8fbda3b530b marked as read by executor3
2026-08-09 15:36:12 | team | sess_9703c23b1e03 | INFO | Message 2f0887c2-2a43-4740-bb15-20a1b8cc8902 created
2026-08-09 15:36:23 | team | sess_9703c23b1e03 | INFO | [executor3] processing 1 unread messages (steer=True)
2026-08-09 15:36:23 | team | sess_9703c23b1e03 | INFO | Message 96c620cd-726c-4aff-821d-7fd93ecb1fc6 marked as read by executor3
2026-08-09 15:36:28 | team | sess_9703c23b1e03 | INFO | Message ff21732c-4429-4fdd-b556-36614415cecc created
2026-08-09 15:39:53 | team | sess_9703c23b1e03 | INFO | task list drained for team jiuwen_team_sess_9703c23b1e03: 3 terminal task(s)
2026-08-09 15:42:25 | team | sess_9703c23b1e03 | INFO | task list drained for team jiuwen_team_sess_9703c23b1e03: 4 terminal task(s)
2026-08-09 15:43:27 | team | sess_9703c23b1e03 | INFO | team jiuwen_team_sess_9703c23b1e03 reported completed: 9 members, 4 tasks
2026-08-09 15:43:27 | team | sess_9703c23b1e03 | INFO | [executor3] received TEAM_STANDBY, pausing polls
2026-08-09 15:43:27 | team | sess_9703c23b1e03 | INFO | EventBus[teammate] pausing polls
