2026-08-09 15:35:27 | team | sess_9703c23b1e03 | INFO | Team workspace directory ensured at /srv/jwteam_clone/shared/run_current
2026-08-09 15:35:27 | team | sess_9703c23b1e03 | INFO | AgentTeam manager initialized for jiuwen_team_sess_9703c23b1e03, member=team_leader
2026-08-09 15:35:27 | team | sess_9703c23b1e03 | INFO | [team_leader] TeamPolicyRail static sections: section_names=['team_role', 'team_workflow', 'team_swarmflow', 'team_lifecycle', 'team_persona']
2026-08-09 15:35:27 | team | sess_9703c23b1e03 | INFO | Session tables ready for session sess_9703c23b1e03
2026-08-09 15:35:27 | team | sess_9703c23b1e03 | INFO | Team database initialized
2026-08-09 15:35:27 | team | default_trace_id | INFO | Team workspace directory ensured at /srv/jwteam_clone/shared/run_current
2026-08-09 15:35:27 | team | default_trace_id | INFO | AgentTeam manager initialized for jiuwen_team_sess_9703c23b1e03, member=fullstack1
2026-08-09 15:35:27 | team | default_trace_id | INFO | [fullstack1] TeamPolicyRail static sections: section_names=['team_role', 'team_persona']
2026-08-09 15:35:27 | team | sess_9703c23b1e03 | INFO | [fullstack1] invoke start, role=teammate
2026-08-09 15:35:27 | team | sess_9703c23b1e03 | INFO | [fullstack1] coordination starting
2026-08-09 15:35:27 | team | sess_9703c23b1e03 | INFO | Session tables ready for session sess_9703c23b1e03
2026-08-09 15:35:27 | team | sess_9703c23b1e03 | INFO | Workspace /srv/jwteam_clone/shared/run_current initialized as plain shared directory (version_control disabled)
2026-08-09 15:35:27 | team | sess_9703c23b1e03 | INFO | EventBus[teammate] starting
2026-08-09 15:35:49 | team | sess_9703c23b1e03 | INFO | [fullstack1] HITT section refresh: human_agent_names=[]
2026-08-09 15:36:00 | team | sess_9703c23b1e03 | INFO | [fullstack1] processing 1 unread messages (steer=True)
2026-08-09 15:36:00 | team | sess_9703c23b1e03 | INFO | Message 42f65263-9c6d-4352-813c-a8fbda3b530b marked as read by fullstack1
2026-08-09 15:36:25 | team | sess_9703c23b1e03 | INFO | Message 50c0a216-09c9-4dab-9528-5bcd015b0df0 created
2026-08-09 15:36:37 | team | sess_9703c23b1e03 | INFO | [fullstack1] processing 1 unread messages (steer=True)
2026-08-09 15:36:37 | team | sess_9703c23b1e03 | INFO | Message b3968c42-239a-4e4a-9a29-64d8e5ae0640 marked as read by fullstack1
2026-08-09 15:39:53 | team | sess_9703c23b1e03 | INFO | task list drained for team jiuwen_team_sess_9703c23b1e03: 3 terminal task(s)
2026-08-09 15:41:25 | team | sess_9703c23b1e03 | INFO | Task fix claimed by member fullstack1
2026-08-09 15:41:25 | team | sess_9703c23b1e03 | INFO | Task fix claimed by member fullstack1
2026-08-09 15:41:34 | team | sess_9703c23b1e03 | INFO | [fullstack1] processing 1 unread messages (steer=True)
2026-08-09 15:41:34 | team | sess_9703c23b1e03 | INFO | Message 7bc6a340-c8c4-45c2-a486-99f7d471a251 marked as read by fullstack1
2026-08-09 15:41:44 | team | sess_9703c23b1e03 | INFO | Message f4e6de52-0141-492a-9538-5bf7439a3259 created
2026-08-09 15:42:25 | team | sess_9703c23b1e03 | INFO | Task fix completed at 1786286545639
2026-08-09 15:42:25 | team | sess_9703c23b1e03 | INFO | Message 83309b9b-4280-48f1-be77-2c6a5fcd9e88 created
2026-08-09 15:42:25 | team | sess_9703c23b1e03 | INFO | Task fix completed
2026-08-09 15:43:00 | team | sess_9703c23b1e03 | INFO | [fullstack1] processing 1 unread messages (steer=True)
2026-08-09 15:43:00 | team | sess_9703c23b1e03 | INFO | Message e095db67-6b2a-4494-913b-053c4cceb9ae marked as read by fullstack1
2026-08-09 15:43:27 | team | sess_9703c23b1e03 | INFO | team jiuwen_team_sess_9703c23b1e03 reported completed: 9 members, 4 tasks
2026-08-09 15:43:27 | team | sess_9703c23b1e03 | INFO | [fullstack1] received TEAM_STANDBY, pausing polls
2026-08-09 15:43:27 | team | sess_9703c23b1e03 | INFO | EventBus[teammate] pausing polls
