2026-08-09 15:35:22 | team | sess_9703c23b1e03 | INFO | Team workspace directory ensured at /srv/jwteam_clone/shared/run_current
2026-08-09 15:35:22 | team | sess_9703c23b1e03 | INFO | AgentTeam manager initialized for jiuwen_team_sess_9703c23b1e03, member=team_leader
2026-08-09 15:35:22 | team | sess_9703c23b1e03 | INFO | [team_leader] TeamPolicyRail static sections: section_names=['team_role', 'team_workflow', 'team_swarmflow', 'team_lifecycle', 'team_persona']
2026-08-09 15:35:22 | team | sess_9703c23b1e03 | INFO | Session tables ready for session sess_9703c23b1e03
2026-08-09 15:35:22 | team | sess_9703c23b1e03 | INFO | Team database initialized
2026-08-09 15:35:22 | team | default_trace_id | INFO | Team workspace directory ensured at /srv/jwteam_clone/shared/run_current
2026-08-09 15:35:22 | team | default_trace_id | INFO | AgentTeam manager initialized for jiuwen_team_sess_9703c23b1e03, member=planner1
2026-08-09 15:35:22 | team | default_trace_id | INFO | [planner1] TeamPolicyRail static sections: section_names=['team_role', 'team_persona']
2026-08-09 15:35:22 | team | sess_9703c23b1e03 | INFO | [planner1] invoke start, role=teammate
2026-08-09 15:35:22 | team | sess_9703c23b1e03 | INFO | [planner1] coordination starting
2026-08-09 15:35:22 | team | sess_9703c23b1e03 | INFO | Session tables ready for session sess_9703c23b1e03
2026-08-09 15:35:22 | team | sess_9703c23b1e03 | INFO | Workspace /srv/jwteam_clone/shared/run_current initialized as plain shared directory (version_control disabled)
2026-08-09 15:35:22 | team | sess_9703c23b1e03 | INFO | EventBus[teammate] starting
2026-08-09 15:35:49 | team | sess_9703c23b1e03 | INFO | [planner1] HITT section refresh: human_agent_names=[]
2026-08-09 15:36:00 | team | sess_9703c23b1e03 | INFO | Task plan claimed by member planner1
2026-08-09 15:36:00 | team | sess_9703c23b1e03 | INFO | Task plan claimed by member planner1
2026-08-09 15:36:00 | team | sess_9703c23b1e03 | INFO | [planner1] processing 1 unread messages (steer=True)
2026-08-09 15:36:00 | team | sess_9703c23b1e03 | INFO | Message 42f65263-9c6d-4352-813c-a8fbda3b530b marked as read by planner1
2026-08-09 15:36:09 | team | sess_9703c23b1e03 | INFO | [planner1] processing 1 unread messages (steer=True)
2026-08-09 15:36:09 | team | sess_9703c23b1e03 | INFO | Message 8f904b39-8561-4e9b-81a2-328b72f13317 marked as read by planner1
2026-08-09 15:36:23 | team | sess_9703c23b1e03 | INFO | [planner1] processing 1 unread messages (steer=True)
2026-08-09 15:36:23 | team | sess_9703c23b1e03 | INFO | Message debedf4d-2264-4f76-b3b3-b353de531d14 marked as read by planner1
2026-08-09 15:36:42 | team | sess_9703c23b1e03 | INFO | Message a71590c0-6442-4e5c-84cc-5b11e0177a4f created
2026-08-09 15:36:52 | team | sess_9703c23b1e03 | INFO | Task plan completed at 1786286212535
2026-08-09 15:36:52 | team | sess_9703c23b1e03 | INFO | Resolved 1 dependencies for task plan
2026-08-09 15:36:52 | team | sess_9703c23b1e03 | INFO | Task implement unblocked (all deps resolved)
2026-08-09 15:36:52 | team | sess_9703c23b1e03 | INFO | Task plan completed
2026-08-09 15:36:52 | team | sess_9703c23b1e03 | INFO | Unblocked 1 tasks
2026-08-09 15:36:55 | team | sess_9703c23b1e03 | INFO | [planner1] processing 1 unread messages (steer=True)
2026-08-09 15:36:55 | team | sess_9703c23b1e03 | INFO | Message 095a3e77-5102-4f5c-895c-b805ed355f6b marked as read by planner1
2026-08-09 15:37:05 | team | sess_9703c23b1e03 | INFO | Message 0730f8b2-b151-46ce-80b2-188cad2bb68e created
2026-08-09 15:37:05 | team | sess_9703c23b1e03 | INFO | Message a547ada4-0a29-4ef1-86d7-27d71d0b3904 created
2026-08-09 15:37:05 | team | sess_9703c23b1e03 | INFO | Message 7ea7047b-1e93-4bc0-aa67-feffefeef042 created
2026-08-09 15:37:11 | team | sess_9703c23b1e03 | INFO | [planner1] processing 1 unread messages (steer=True)
2026-08-09 15:37:11 | team | sess_9703c23b1e03 | INFO | Message 177bac85-e77d-4dc8-b354-a971c4896dca marked as read by planner1
2026-08-09 15:37:11 | team | sess_9703c23b1e03 | INFO | Message 213482c4-5524-47ad-a073-9c9578ae625e created
2026-08-09 15:37:13 | team | sess_9703c23b1e03 | INFO | [planner1] processing 1 unread messages (steer=True)
2026-08-09 15:37:13 | team | sess_9703c23b1e03 | INFO | Message 8b765f38-88b4-4e41-88c1-d9b51a0fd52f marked as read by planner1
2026-08-09 15:37:13 | team | sess_9703c23b1e03 | INFO | [planner1] processing 1 unread messages (steer=True)
2026-08-09 15:37:13 | team | sess_9703c23b1e03 | INFO | Message 9cf326da-5541-4b3d-8127-3bec6acd012a marked as read by planner1
2026-08-09 15:38:26 | team | sess_9703c23b1e03 | INFO | [planner1] processing 1 unread messages (steer=True)
2026-08-09 15:38:26 | team | sess_9703c23b1e03 | INFO | Message e232bcd4-f093-41a7-aed6-63ccd9f95b2e marked as read by planner1
2026-08-09 15:39:53 | team | sess_9703c23b1e03 | INFO | task list drained for team jiuwen_team_sess_9703c23b1e03: 3 terminal task(s)
2026-08-09 15:42:25 | team | sess_9703c23b1e03 | INFO | task list drained for team jiuwen_team_sess_9703c23b1e03: 4 terminal task(s)
2026-08-09 15:43:27 | team | sess_9703c23b1e03 | INFO | team jiuwen_team_sess_9703c23b1e03 reported completed: 9 members, 4 tasks
2026-08-09 15:43:27 | team | sess_9703c23b1e03 | INFO | [planner1] received TEAM_STANDBY, pausing polls
2026-08-09 15:43:27 | team | sess_9703c23b1e03 | INFO | EventBus[teammate] pausing polls
