2026-08-09 15:35:23 | team | sess_9703c23b1e03 | INFO | Team workspace directory ensured at /srv/jwteam_clone/shared/run_current
2026-08-09 15:35:23 | team | sess_9703c23b1e03 | INFO | AgentTeam manager initialized for jiuwen_team_sess_9703c23b1e03, member=team_leader
2026-08-09 15:35:23 | team | sess_9703c23b1e03 | INFO | [team_leader] TeamPolicyRail static sections: section_names=['team_role', 'team_workflow', 'team_swarmflow', 'team_lifecycle', 'team_persona']
2026-08-09 15:35:23 | team | sess_9703c23b1e03 | INFO | Session tables ready for session sess_9703c23b1e03
2026-08-09 15:35:23 | team | sess_9703c23b1e03 | INFO | Team database initialized
2026-08-09 15:35:23 | team | default_trace_id | INFO | Team workspace directory ensured at /srv/jwteam_clone/shared/run_current
2026-08-09 15:35:23 | team | default_trace_id | INFO | AgentTeam manager initialized for jiuwen_team_sess_9703c23b1e03, member=executor1
2026-08-09 15:35:23 | team | default_trace_id | INFO | [executor1] TeamPolicyRail static sections: section_names=['team_role', 'team_persona']
2026-08-09 15:35:24 | team | sess_9703c23b1e03 | INFO | [executor1] invoke start, role=teammate
2026-08-09 15:35:24 | team | sess_9703c23b1e03 | INFO | [executor1] coordination starting
2026-08-09 15:35:24 | team | sess_9703c23b1e03 | INFO | Session tables ready for session sess_9703c23b1e03
2026-08-09 15:35:24 | team | sess_9703c23b1e03 | INFO | Workspace /srv/jwteam_clone/shared/run_current initialized as plain shared directory (version_control disabled)
2026-08-09 15:35:24 | team | sess_9703c23b1e03 | INFO | EventBus[teammate] starting
2026-08-09 15:35:49 | team | sess_9703c23b1e03 | INFO | [executor1] HITT section refresh: human_agent_names=[]
2026-08-09 15:36:00 | team | sess_9703c23b1e03 | INFO | [executor1] processing 1 unread messages (steer=True)
2026-08-09 15:36:00 | team | sess_9703c23b1e03 | INFO | Message 42f65263-9c6d-4352-813c-a8fbda3b530b marked as read by executor1
2026-08-09 15:36:42 | team | sess_9703c23b1e03 | INFO | [executor1] processing 1 unread messages (steer=True)
2026-08-09 15:36:43 | team | sess_9703c23b1e03 | INFO | Message a71590c0-6442-4e5c-84cc-5b11e0177a4f marked as read by executor1
2026-08-09 15:36:55 | team | sess_9703c23b1e03 | INFO | Message 095a3e77-5102-4f5c-895c-b805ed355f6b created
2026-08-09 15:37:02 | team | sess_9703c23b1e03 | INFO | Task implement claimed by member executor1
2026-08-09 15:37:02 | team | sess_9703c23b1e03 | INFO | Task implement claimed by member executor1
2026-08-09 15:37:02 | team | sess_9703c23b1e03 | INFO | [executor1] processing 1 unread messages (steer=True)
2026-08-09 15:37:02 | team | sess_9703c23b1e03 | INFO | Message fe514ca4-c3f9-44c8-abb0-a6ac9ec1da22 marked as read by executor1
2026-08-09 15:37:11 | team | sess_9703c23b1e03 | INFO | [executor1] processing 1 unread messages (steer=True)
2026-08-09 15:37:11 | team | sess_9703c23b1e03 | INFO | Message 213482c4-5524-47ad-a073-9c9578ae625e marked as read by executor1
2026-08-09 15:38:16 | team | sess_9703c23b1e03 | INFO | Task implement completed at 1786286296102
2026-08-09 15:38:16 | team | sess_9703c23b1e03 | INFO | Resolved 1 dependencies for task implement
2026-08-09 15:38:16 | team | sess_9703c23b1e03 | INFO | Task verify unblocked (all deps resolved)
2026-08-09 15:38:16 | team | sess_9703c23b1e03 | INFO | Task implement completed
2026-08-09 15:38:16 | team | sess_9703c23b1e03 | INFO | Unblocked 1 tasks
2026-08-09 15:38:26 | team | sess_9703c23b1e03 | INFO | Message d939e0ba-faf2-4dbe-9826-db2c5c91b6c0 created
2026-08-09 15:38:26 | team | sess_9703c23b1e03 | INFO | Message e232bcd4-f093-41a7-aed6-63ccd9f95b2e created
2026-08-09 15:38:26 | team | sess_9703c23b1e03 | INFO | Message fca16d2b-fd10-45ad-9789-fc49f214203f created
2026-08-09 15:38:30 | team | sess_9703c23b1e03 | INFO | [executor1] processing 1 unread messages (steer=True)
2026-08-09 15:38:31 | team | sess_9703c23b1e03 | INFO | Message b422dd13-72e4-4874-b7cd-1d5215334ab8 marked as read by executor1
2026-08-09 15:39:53 | team | sess_9703c23b1e03 | INFO | [executor1] processing 1 unread messages (steer=True)
2026-08-09 15:39:53 | team | sess_9703c23b1e03 | INFO | Message 1af3475b-13bc-41ae-8ba1-9de3ad9900ad marked as read by executor1
2026-08-09 15:39:53 | team | sess_9703c23b1e03 | INFO | task list drained for team jiuwen_team_sess_9703c23b1e03: 3 terminal task(s)
2026-08-09 15:40:30 | team | sess_9703c23b1e03 | INFO | Message 65cb06e1-e7a7-485c-ba40-f7c082602f62 created
2026-08-09 15:40:35 | team | sess_9703c23b1e03 | INFO | Message 43c8ab0d-5024-4a5c-a1ce-0149ed48d924 created
2026-08-09 15:40:40 | team | sess_9703c23b1e03 | INFO | [executor1] processing 1 unread messages (steer=True)
2026-08-09 15:40:40 | team | sess_9703c23b1e03 | INFO | Message e5421b31-8844-4eef-a772-564427c8269d marked as read by executor1
2026-08-09 15:40:42 | team | sess_9703c23b1e03 | INFO | [executor1] processing 1 unread messages (steer=True)
2026-08-09 15:40:42 | team | sess_9703c23b1e03 | INFO | Message 11e030b1-3777-48ed-bc57-ab9dcc6597f0 marked as read by executor1
2026-08-09 15:40:52 | team | sess_9703c23b1e03 | INFO | Message 4f08708f-75de-441b-9071-cae9079c8c63 created
2026-08-09 15:41:34 | team | sess_9703c23b1e03 | INFO | Message 7bc6a340-c8c4-45c2-a486-99f7d471a251 created
2026-08-09 15:41:44 | team | sess_9703c23b1e03 | INFO | [executor1] processing 1 unread messages (steer=True)
2026-08-09 15:41:44 | team | sess_9703c23b1e03 | INFO | Message f4e6de52-0141-492a-9538-5bf7439a3259 marked as read by executor1
2026-08-09 15:42:25 | team | sess_9703c23b1e03 | INFO | task list drained for team jiuwen_team_sess_9703c23b1e03: 4 terminal task(s)
2026-08-09 15:43:27 | team | sess_9703c23b1e03 | INFO | team jiuwen_team_sess_9703c23b1e03 reported completed: 9 members, 4 tasks
2026-08-09 15:43:27 | team | sess_9703c23b1e03 | INFO | [executor1] received TEAM_STANDBY, pausing polls
2026-08-09 15:43:27 | team | sess_9703c23b1e03 | INFO | EventBus[teammate] pausing polls
