2026-08-10 09:32:27 | team | sess_35f88d16be8f | INFO | Team workspace directory ensured at /srv/jwteam_clone/shared/run_current
2026-08-10 09:32:27 | team | sess_35f88d16be8f | INFO | AgentTeam manager initialized for jiuwen_team_sess_35f88d16be8f, member=team_leader
2026-08-10 09:32:27 | team | sess_35f88d16be8f | INFO | [team_leader] TeamPolicyRail static sections: section_names=['team_role', 'team_workflow', 'team_swarmflow', 'team_lifecycle', 'team_persona']
2026-08-10 09:32:27 | team | sess_35f88d16be8f | INFO | Session tables ready for session sess_35f88d16be8f
2026-08-10 09:32:27 | team | sess_35f88d16be8f | INFO | Team database initialized
2026-08-10 09:32:27 | team | default_trace_id | INFO | Team workspace directory ensured at /srv/jwteam_clone/shared/run_current
2026-08-10 09:32:27 | team | default_trace_id | INFO | AgentTeam manager initialized for jiuwen_team_sess_35f88d16be8f, member=executor1
2026-08-10 09:32:27 | team | default_trace_id | INFO | [executor1] TeamPolicyRail static sections: section_names=['team_role', 'team_persona']
2026-08-10 09:32:27 | team | sess_35f88d16be8f | INFO | [executor1] invoke start, role=teammate
2026-08-10 09:32:27 | team | sess_35f88d16be8f | INFO | [executor1] coordination starting
2026-08-10 09:32:27 | team | sess_35f88d16be8f | INFO | Session tables ready for session sess_35f88d16be8f
2026-08-10 09:32:27 | team | sess_35f88d16be8f | INFO | Workspace /srv/jwteam_clone/shared/run_current initialized as plain shared directory (version_control disabled)
2026-08-10 09:32:27 | team | sess_35f88d16be8f | INFO | EventBus[teammate] starting
2026-08-10 09:33:22 | team | sess_35f88d16be8f | INFO | [executor1] HITT section refresh: human_agent_names=[]
2026-08-10 09:33:32 | team | sess_35f88d16be8f | INFO | [executor1] processing 1 unread messages (steer=True)
2026-08-10 09:33:32 | team | sess_35f88d16be8f | INFO | Message 3958213e-e295-4add-9209-4602cc8823d6 marked as read by executor1
2026-08-10 09:33:54 | team | sess_35f88d16be8f | INFO | Message 788e0b4d-b83c-44e5-a0f4-c05c310b2490 created
2026-08-10 09:34:06 | team | sess_35f88d16be8f | INFO | [executor1] processing 1 unread messages (steer=True)
2026-08-10 09:34:06 | team | sess_35f88d16be8f | INFO | Message 4beb4711-e9eb-431a-9180-cd92f59faffa marked as read by executor1
2026-08-10 09:34:11 | team | sess_35f88d16be8f | INFO | Message 9519ac65-dfdc-4ca6-be7b-0afbd2644108 created
2026-08-10 09:34:41 | team | sess_35f88d16be8f | INFO | [executor1] processing 1 unread messages (steer=True)
2026-08-10 09:34:41 | team | sess_35f88d16be8f | INFO | Message be09b9e0-b2c4-40d8-8287-50c1f198480d marked as read by executor1
2026-08-10 09:34:53 | team | sess_35f88d16be8f | INFO | Message 3e1bc749-9d19-432b-80bf-0f1ec7dbed9c created
2026-08-10 09:34:53 | team | sess_35f88d16be8f | INFO | Task implement-error-mapping-fix claimed by member executor1
2026-08-10 09:34:53 | team | sess_35f88d16be8f | INFO | Task implement-error-mapping-fix claimed by member executor1
2026-08-10 09:35:21 | team | sess_35f88d16be8f | INFO | Task implement-error-mapping-fix completed at 1786350921544
2026-08-10 09:35:21 | team | sess_35f88d16be8f | INFO | Message 4a2832fb-d3e5-4e2b-814d-17f2e8badcc7 created
2026-08-10 09:35:21 | team | sess_35f88d16be8f | INFO | Resolved 1 dependencies for task implement-error-mapping-fix
2026-08-10 09:35:21 | team | sess_35f88d16be8f | INFO | Task verify-all unblocked (all deps resolved)
2026-08-10 09:35:21 | team | sess_35f88d16be8f | INFO | Task implement-error-mapping-fix completed
2026-08-10 09:35:21 | team | sess_35f88d16be8f | INFO | Unblocked 1 tasks
2026-08-10 09:35:33 | team | sess_35f88d16be8f | INFO | [executor1] processing 1 unread messages (steer=True)
2026-08-10 09:35:33 | team | sess_35f88d16be8f | INFO | Message 33de5277-5f75-45d7-b97e-76e1bca29737 marked as read by executor1
2026-08-10 09:35:40 | team | sess_35f88d16be8f | INFO | Message ff20ca2e-aaf0-43b3-93a0-a7faa288849f created
2026-08-10 09:36:17 | team | sess_35f88d16be8f | INFO | task list drained for team jiuwen_team_sess_35f88d16be8f: 5 terminal task(s)
2026-08-10 09:36:29 | team | sess_35f88d16be8f | INFO | [executor1] processing 1 unread messages (steer=True)
2026-08-10 09:36:29 | team | sess_35f88d16be8f | INFO | Message 220b0963-7298-47ae-9930-2ab892f26e71 marked as read by executor1
2026-08-10 09:36:50 | team | sess_35f88d16be8f | INFO | team jiuwen_team_sess_35f88d16be8f reported completed: 9 members, 5 tasks
2026-08-10 09:36:50 | team | sess_35f88d16be8f | INFO | [executor1] received TEAM_STANDBY, pausing polls
2026-08-10 09:36:50 | team | sess_35f88d16be8f | INFO | EventBus[teammate] pausing polls
