2026-08-10 09:32:28 | team | sess_35f88d16be8f | INFO | Team workspace directory ensured at /srv/jwteam_clone/shared/run_current
2026-08-10 09:32:28 | team | sess_35f88d16be8f | INFO | AgentTeam manager initialized for jiuwen_team_sess_35f88d16be8f, member=team_leader
2026-08-10 09:32:28 | team | sess_35f88d16be8f | INFO | [team_leader] TeamPolicyRail static sections: section_names=['team_role', 'team_workflow', 'team_swarmflow', 'team_lifecycle', 'team_persona']
2026-08-10 09:32:28 | team | sess_35f88d16be8f | INFO | Session tables ready for session sess_35f88d16be8f
2026-08-10 09:32:28 | team | sess_35f88d16be8f | INFO | Team database initialized
2026-08-10 09:32:28 | team | default_trace_id | INFO | Team workspace directory ensured at /srv/jwteam_clone/shared/run_current
2026-08-10 09:32:28 | team | default_trace_id | INFO | AgentTeam manager initialized for jiuwen_team_sess_35f88d16be8f, member=executor3
2026-08-10 09:32:28 | team | default_trace_id | INFO | [executor3] TeamPolicyRail static sections: section_names=['team_role', 'team_persona']
2026-08-10 09:32:28 | team | sess_35f88d16be8f | INFO | [executor3] invoke start, role=teammate
2026-08-10 09:32:28 | team | sess_35f88d16be8f | INFO | [executor3] coordination starting
2026-08-10 09:32:28 | team | sess_35f88d16be8f | INFO | Session tables ready for session sess_35f88d16be8f
2026-08-10 09:32:28 | team | sess_35f88d16be8f | INFO | Workspace /srv/jwteam_clone/shared/run_current initialized as plain shared directory (version_control disabled)
2026-08-10 09:32:28 | team | sess_35f88d16be8f | INFO | EventBus[teammate] starting
2026-08-10 09:33:21 | team | sess_35f88d16be8f | INFO | [executor3] HITT section refresh: human_agent_names=[]
2026-08-10 09:33:32 | team | sess_35f88d16be8f | INFO | [executor3] processing 1 unread messages (steer=True)
2026-08-10 09:33:32 | team | sess_35f88d16be8f | INFO | Message 3958213e-e295-4add-9209-4602cc8823d6 marked as read by executor3
2026-08-10 09:35:09 | team | sess_35f88d16be8f | INFO | Message 5b30859f-81fd-49e7-8278-f9b5e3f375eb created
2026-08-10 09:35:18 | team | sess_35f88d16be8f | INFO | [executor3] processing 1 unread messages (steer=True)
2026-08-10 09:35:18 | team | sess_35f88d16be8f | INFO | Message a9f9ed78-b606-4045-ae09-d5b7d97c6c46 marked as read by executor3
2026-08-10 09:36:17 | team | sess_35f88d16be8f | INFO | task list drained for team jiuwen_team_sess_35f88d16be8f: 5 terminal task(s)
2026-08-10 09:36:29 | team | sess_35f88d16be8f | INFO | [executor3] processing 1 unread messages (steer=True)
2026-08-10 09:36:29 | team | sess_35f88d16be8f | INFO | Message 220b0963-7298-47ae-9930-2ab892f26e71 marked as read by executor3
2026-08-10 09:36:50 | team | sess_35f88d16be8f | INFO | team jiuwen_team_sess_35f88d16be8f reported completed: 9 members, 5 tasks
2026-08-10 09:36:50 | team | sess_35f88d16be8f | INFO | [executor3] received TEAM_STANDBY, pausing polls
2026-08-10 09:36:50 | team | sess_35f88d16be8f | INFO | EventBus[teammate] pausing polls
