2026-08-10 09:32:24 | team | sess_35f88d16be8f | INFO | Team workspace directory ensured at /srv/jwteam_clone/shared/run_current
2026-08-10 09:32:24 | team | sess_35f88d16be8f | INFO | AgentTeam manager initialized for jiuwen_team_sess_35f88d16be8f, member=team_leader
2026-08-10 09:32:24 | team | sess_35f88d16be8f | INFO | [team_leader] TeamPolicyRail static sections: section_names=['team_role', 'team_workflow', 'team_swarmflow', 'team_lifecycle', 'team_persona']
2026-08-10 09:32:24 | team | sess_35f88d16be8f | INFO | Session tables ready for session sess_35f88d16be8f
2026-08-10 09:32:24 | team | sess_35f88d16be8f | INFO | Team database initialized
2026-08-10 09:32:24 | team | default_trace_id | INFO | Team workspace directory ensured at /srv/jwteam_clone/shared/run_current
2026-08-10 09:32:24 | team | default_trace_id | INFO | AgentTeam manager initialized for jiuwen_team_sess_35f88d16be8f, member=planner1
2026-08-10 09:32:24 | team | default_trace_id | INFO | [planner1] TeamPolicyRail static sections: section_names=['team_role', 'team_persona']
2026-08-10 09:32:24 | team | sess_35f88d16be8f | INFO | [planner1] invoke start, role=teammate
2026-08-10 09:32:24 | team | sess_35f88d16be8f | INFO | [planner1] coordination starting
2026-08-10 09:32:24 | team | sess_35f88d16be8f | INFO | Session tables ready for session sess_35f88d16be8f
2026-08-10 09:32:24 | team | sess_35f88d16be8f | INFO | Workspace /srv/jwteam_clone/shared/run_current initialized as plain shared directory (version_control disabled)
2026-08-10 09:32:24 | team | sess_35f88d16be8f | INFO | EventBus[teammate] starting
2026-08-10 09:33:22 | team | sess_35f88d16be8f | INFO | [planner1] HITT section refresh: human_agent_names=[]
2026-08-10 09:33:27 | team | sess_35f88d16be8f | INFO | Task plan-translation-fix claimed by member planner1
2026-08-10 09:33:27 | team | sess_35f88d16be8f | INFO | Task plan-translation-fix claimed by member planner1
2026-08-10 09:33:32 | team | sess_35f88d16be8f | INFO | [planner1] processing 1 unread messages (steer=True)
2026-08-10 09:33:32 | team | sess_35f88d16be8f | INFO | Message 3958213e-e295-4add-9209-4602cc8823d6 marked as read by planner1
2026-08-10 09:34:35 | team | sess_35f88d16be8f | INFO | Message 9bb5c533-aaf4-446b-bbb5-0d831cb67125 created
2026-08-10 09:34:38 | team | sess_35f88d16be8f | INFO | Task plan-translation-fix completed at 1786350878191
2026-08-10 09:34:38 | team | sess_35f88d16be8f | INFO | Resolved 1 dependencies for task plan-translation-fix
2026-08-10 09:34:38 | team | sess_35f88d16be8f | INFO | Task implement-translation-fix unblocked (all deps resolved)
2026-08-10 09:34:38 | team | sess_35f88d16be8f | INFO | Task plan-translation-fix completed
2026-08-10 09:34:38 | team | sess_35f88d16be8f | INFO | Unblocked 1 tasks
2026-08-10 09:34:46 | team | sess_35f88d16be8f | INFO | Message fc4b8b54-092a-47b5-963d-6efba28b8dac created
2026-08-10 09:34:59 | team | sess_35f88d16be8f | INFO | [planner1] processing 1 unread messages (steer=True)
2026-08-10 09:34:59 | team | sess_35f88d16be8f | INFO | Message cb5cd5d8-34db-406f-a562-0424bb173fd2 marked as read by planner1
2026-08-10 09:36:17 | team | sess_35f88d16be8f | INFO | task list drained for team jiuwen_team_sess_35f88d16be8f: 5 terminal task(s)
2026-08-10 09:36:29 | team | sess_35f88d16be8f | INFO | [planner1] processing 1 unread messages (steer=True)
2026-08-10 09:36:29 | team | sess_35f88d16be8f | INFO | Message 220b0963-7298-47ae-9930-2ab892f26e71 marked as read by planner1
2026-08-10 09:36:50 | team | sess_35f88d16be8f | INFO | team jiuwen_team_sess_35f88d16be8f reported completed: 9 members, 5 tasks
2026-08-10 09:36:50 | team | sess_35f88d16be8f | INFO | [planner1] received TEAM_STANDBY, pausing polls
2026-08-10 09:36:50 | team | sess_35f88d16be8f | INFO | EventBus[teammate] pausing polls
