2026-08-10 09:32:31 | team | sess_35f88d16be8f | INFO | Team workspace directory ensured at /srv/jwteam_clone/shared/run_current
2026-08-10 09:32:31 | team | sess_35f88d16be8f | INFO | AgentTeam manager initialized for jiuwen_team_sess_35f88d16be8f, member=team_leader
2026-08-10 09:32:31 | team | sess_35f88d16be8f | INFO | [team_leader] TeamPolicyRail static sections: section_names=['team_role', 'team_workflow', 'team_swarmflow', 'team_lifecycle', 'team_persona']
2026-08-10 09:32:31 | team | sess_35f88d16be8f | INFO | Session tables ready for session sess_35f88d16be8f
2026-08-10 09:32:31 | team | sess_35f88d16be8f | INFO | Team database initialized
2026-08-10 09:32:31 | team | default_trace_id | INFO | Team workspace directory ensured at /srv/jwteam_clone/shared/run_current
2026-08-10 09:32:31 | team | default_trace_id | INFO | AgentTeam manager initialized for jiuwen_team_sess_35f88d16be8f, member=fullstack1
2026-08-10 09:32:31 | team | default_trace_id | INFO | [fullstack1] TeamPolicyRail static sections: section_names=['team_role', 'team_persona']
2026-08-10 09:32:31 | team | sess_35f88d16be8f | INFO | [fullstack1] invoke start, role=teammate
2026-08-10 09:32:31 | team | sess_35f88d16be8f | INFO | [fullstack1] coordination starting
2026-08-10 09:32:31 | team | sess_35f88d16be8f | INFO | Session tables ready for session sess_35f88d16be8f
2026-08-10 09:32:31 | team | sess_35f88d16be8f | INFO | Workspace /srv/jwteam_clone/shared/run_current initialized as plain shared directory (version_control disabled)
2026-08-10 09:32:31 | team | sess_35f88d16be8f | INFO | EventBus[teammate] starting
2026-08-10 09:33:22 | team | sess_35f88d16be8f | INFO | [fullstack1] HITT section refresh: human_agent_names=[]
2026-08-10 09:33:32 | team | sess_35f88d16be8f | INFO | [fullstack1] processing 1 unread messages (steer=True)
2026-08-10 09:33:32 | team | sess_35f88d16be8f | INFO | Message 3958213e-e295-4add-9209-4602cc8823d6 marked as read by fullstack1
2026-08-10 09:35:44 | team | sess_35f88d16be8f | INFO | Message f0606e0c-b20a-4b46-8453-40939f6f2451 created
2026-08-10 09:36:09 | team | sess_35f88d16be8f | INFO | Message 924115b7-2e68-40f0-822c-ccb4ff410857 created
2026-08-10 09:36:10 | team | sess_35f88d16be8f | INFO | [fullstack1] processing 1 unread messages (steer=True)
2026-08-10 09:36:10 | team | sess_35f88d16be8f | INFO | Message 6c40b743-177a-4472-b96e-1b2f4c46fdfe marked as read by fullstack1
2026-08-10 09:36:17 | team | sess_35f88d16be8f | INFO | [fullstack1] processing 1 unread messages (steer=True)
2026-08-10 09:36:17 | team | sess_35f88d16be8f | INFO | Message bf01ff36-9db3-41f0-8578-f0a08c525593 marked as read by fullstack1
2026-08-10 09:36:17 | team | sess_35f88d16be8f | INFO | task list drained for team jiuwen_team_sess_35f88d16be8f: 5 terminal task(s)
2026-08-10 09:36:18 | team | sess_35f88d16be8f | INFO | Message 96c2a2dd-d423-4218-97ae-6b2c517ad60c created
2026-08-10 09:36:29 | team | sess_35f88d16be8f | INFO | [fullstack1] processing 1 unread messages (steer=True)
2026-08-10 09:36:29 | team | sess_35f88d16be8f | INFO | Message 220b0963-7298-47ae-9930-2ab892f26e71 marked as read by fullstack1
2026-08-10 09:36:29 | team | sess_35f88d16be8f | INFO | Message c2a36c88-8e92-4e04-a797-d26005aed229 created
2026-08-10 09:36:36 | team | sess_35f88d16be8f | INFO | [fullstack1] processing 1 unread messages (steer=True)
2026-08-10 09:36:36 | team | sess_35f88d16be8f | INFO | Message 64550922-de2c-4aae-94cc-9c78060b45b5 marked as read by fullstack1
2026-08-10 09:36:50 | team | sess_35f88d16be8f | INFO | team jiuwen_team_sess_35f88d16be8f reported completed: 9 members, 5 tasks
2026-08-10 09:36:50 | team | sess_35f88d16be8f | INFO | [fullstack1] received TEAM_STANDBY, pausing polls
2026-08-10 09:36:50 | team | sess_35f88d16be8f | INFO | EventBus[teammate] pausing polls
