2026-08-10 09:32:29 | team | sess_35f88d16be8f | INFO | Team workspace directory ensured at /srv/jwteam_clone/shared/run_current
2026-08-10 09:32:29 | team | sess_35f88d16be8f | INFO | AgentTeam manager initialized for jiuwen_team_sess_35f88d16be8f, member=team_leader
2026-08-10 09:32:29 | team | sess_35f88d16be8f | INFO | [team_leader] TeamPolicyRail static sections: section_names=['team_role', 'team_workflow', 'team_swarmflow', 'team_lifecycle', 'team_persona']
2026-08-10 09:32:29 | team | sess_35f88d16be8f | INFO | Session tables ready for session sess_35f88d16be8f
2026-08-10 09:32:29 | team | sess_35f88d16be8f | INFO | Team database initialized
2026-08-10 09:32:29 | team | default_trace_id | INFO | Team workspace directory ensured at /srv/jwteam_clone/shared/run_current
2026-08-10 09:32:29 | team | default_trace_id | INFO | AgentTeam manager initialized for jiuwen_team_sess_35f88d16be8f, member=verifier1
2026-08-10 09:32:29 | team | default_trace_id | INFO | [verifier1] TeamPolicyRail static sections: section_names=['team_role', 'team_persona']
2026-08-10 09:32:29 | team | sess_35f88d16be8f | INFO | [verifier1] invoke start, role=teammate
2026-08-10 09:32:29 | team | sess_35f88d16be8f | INFO | [verifier1] coordination starting
2026-08-10 09:32:29 | team | sess_35f88d16be8f | INFO | Session tables ready for session sess_35f88d16be8f
2026-08-10 09:32:29 | team | sess_35f88d16be8f | INFO | Workspace /srv/jwteam_clone/shared/run_current initialized as plain shared directory (version_control disabled)
2026-08-10 09:32:29 | team | sess_35f88d16be8f | INFO | EventBus[teammate] starting
2026-08-10 09:33:21 | team | sess_35f88d16be8f | INFO | [verifier1] HITT section refresh: human_agent_names=[]
2026-08-10 09:33:32 | team | sess_35f88d16be8f | INFO | [verifier1] processing 1 unread messages (steer=True)
2026-08-10 09:33:33 | team | sess_35f88d16be8f | INFO | Message 3958213e-e295-4add-9209-4602cc8823d6 marked as read by verifier1
2026-08-10 09:34:12 | team | sess_35f88d16be8f | INFO | Message 001d63fa-a423-472f-9486-9ce4a4c23b57 created
2026-08-10 09:34:17 | team | sess_35f88d16be8f | INFO | [verifier1] processing 1 unread messages (steer=True)
2026-08-10 09:34:17 | team | sess_35f88d16be8f | INFO | Message 371d01c1-972b-4d39-82f1-6cf3b65de2c0 marked as read by verifier1
2026-08-10 09:35:18 | team | sess_35f88d16be8f | INFO | [verifier1] processing 1 unread messages (steer=True)
2026-08-10 09:35:18 | team | sess_35f88d16be8f | INFO | Message f62993b3-7bcf-488a-8f42-9b7edd3dfcb5 marked as read by verifier1
2026-08-10 09:35:21 | team | sess_35f88d16be8f | INFO | [verifier1] processing 1 unread messages (steer=True)
2026-08-10 09:35:21 | team | sess_35f88d16be8f | INFO | Message 4a2832fb-d3e5-4e2b-814d-17f2e8badcc7 marked as read by verifier1
2026-08-10 09:35:33 | team | sess_35f88d16be8f | INFO | Message 33de5277-5f75-45d7-b97e-76e1bca29737 created
2026-08-10 09:35:33 | team | sess_35f88d16be8f | INFO | Message 0f312c33-50ef-4012-89fe-e7e38bca0179 created
2026-08-10 09:35:33 | team | sess_35f88d16be8f | INFO | Task verify-all claimed by member verifier1
2026-08-10 09:35:33 | team | sess_35f88d16be8f | INFO | Task verify-all claimed by member verifier1
2026-08-10 09:35:35 | team | sess_35f88d16be8f | INFO | [verifier1] processing 1 unread messages (steer=True)
2026-08-10 09:35:35 | team | sess_35f88d16be8f | INFO | Message 30a4e08f-4a84-4e77-8859-4eb514af4a51 marked as read by verifier1
2026-08-10 09:35:40 | team | sess_35f88d16be8f | INFO | [verifier1] processing 1 unread messages (steer=True)
2026-08-10 09:35:40 | team | sess_35f88d16be8f | INFO | Message ff20ca2e-aaf0-43b3-93a0-a7faa288849f marked as read by verifier1
2026-08-10 09:35:44 | team | sess_35f88d16be8f | INFO | [verifier1] processing 1 unread messages (steer=True)
2026-08-10 09:35:44 | team | sess_35f88d16be8f | INFO | Message f0606e0c-b20a-4b46-8453-40939f6f2451 marked as read by verifier1
2026-08-10 09:36:09 | team | sess_35f88d16be8f | INFO | [verifier1] processing 1 unread messages (steer=True)
2026-08-10 09:36:09 | team | sess_35f88d16be8f | INFO | Message 924115b7-2e68-40f0-822c-ccb4ff410857 marked as read by verifier1
2026-08-10 09:36:09 | team | sess_35f88d16be8f | INFO | Message eb050c2e-3338-4b0b-8e8a-48d38c171666 created
2026-08-10 09:36:09 | team | sess_35f88d16be8f | INFO | Message 6c40b743-177a-4472-b96e-1b2f4c46fdfe created
2026-08-10 09:36:15 | team | sess_35f88d16be8f | INFO | [verifier1] processing 1 unread messages (steer=True)
2026-08-10 09:36:15 | team | sess_35f88d16be8f | INFO | Message b8767c63-5db6-49ad-ae99-74b33c7ae02b marked as read by verifier1
2026-08-10 09:36:17 | team | sess_35f88d16be8f | INFO | Task verify-all completed at 1786350977497
2026-08-10 09:36:17 | team | sess_35f88d16be8f | INFO | Message bf01ff36-9db3-41f0-8578-f0a08c525593 created
2026-08-10 09:36:17 | team | sess_35f88d16be8f | INFO | Task verify-all completed
2026-08-10 09:36:26 | team | sess_35f88d16be8f | INFO | Message 9731b071-4e65-4a5b-a88c-364849053943 created
2026-08-10 09:36:29 | team | sess_35f88d16be8f | INFO | [verifier1] processing 1 unread messages (steer=True)
2026-08-10 09:36:29 | team | sess_35f88d16be8f | INFO | Message 220b0963-7298-47ae-9930-2ab892f26e71 marked as read by verifier1
2026-08-10 09:36:29 | team | sess_35f88d16be8f | INFO | [verifier1] processing 1 unread messages (steer=True)
2026-08-10 09:36:29 | team | sess_35f88d16be8f | INFO | Message c2a36c88-8e92-4e04-a797-d26005aed229 marked as read by verifier1
2026-08-10 09:36:36 | team | sess_35f88d16be8f | INFO | [verifier1] processing 1 unread messages (steer=True)
2026-08-10 09:36:36 | team | sess_35f88d16be8f | INFO | Message 1209a4dd-c24d-4d21-a358-89a5aa02b07f marked as read by verifier1
2026-08-10 09:36:50 | team | sess_35f88d16be8f | INFO | team jiuwen_team_sess_35f88d16be8f reported completed: 9 members, 5 tasks
2026-08-10 09:36:50 | team | sess_35f88d16be8f | INFO | [verifier1] received TEAM_STANDBY, pausing polls
2026-08-10 09:36:50 | team | sess_35f88d16be8f | INFO | EventBus[teammate] pausing polls
