2026-08-08 05:27:51 | team | sess_95be19f4a79e | INFO | Team workspace directory ensured at /srv/jwteam_clone/shared/run_current
2026-08-08 05:27:51 | team | sess_95be19f4a79e | INFO | AgentTeam manager initialized for jiuwen_team_sess_95be19f4a79e, member=team_leader
2026-08-08 05:27:51 | team | sess_95be19f4a79e | INFO | [team_leader] TeamPolicyRail static sections: section_names=['team_role', 'team_workflow', 'team_swarmflow', 'team_lifecycle', 'team_persona']
2026-08-08 05:27:51 | team | sess_95be19f4a79e | INFO | Session tables ready for session sess_95be19f4a79e
2026-08-08 05:27:51 | team | sess_95be19f4a79e | INFO | Team database initialized
2026-08-08 05:27:51 | team | default_trace_id | INFO | Team workspace directory ensured at /srv/jwteam_clone/shared/run_current
2026-08-08 05:27:51 | team | default_trace_id | INFO | AgentTeam manager initialized for jiuwen_team_sess_95be19f4a79e, member=fullstack1
2026-08-08 05:27:51 | team | default_trace_id | INFO | [fullstack1] TeamPolicyRail static sections: section_names=['team_role', 'team_persona']
2026-08-08 05:27:51 | team | sess_95be19f4a79e | INFO | [fullstack1] invoke start, role=teammate
2026-08-08 05:27:51 | team | sess_95be19f4a79e | INFO | [fullstack1] coordination starting
2026-08-08 05:27:51 | team | sess_95be19f4a79e | INFO | Session tables ready for session sess_95be19f4a79e
2026-08-08 05:27:51 | team | sess_95be19f4a79e | INFO | Workspace /srv/jwteam_clone/shared/run_current initialized as plain shared directory (version_control disabled)
2026-08-08 05:27:51 | team | sess_95be19f4a79e | INFO | EventBus[teammate] starting
2026-08-08 05:28:52 | team | sess_95be19f4a79e | INFO | [fullstack1] HITT section refresh: human_agent_names=[]
2026-08-08 05:29:03 | team | sess_95be19f4a79e | INFO | [fullstack1] processing 1 unread messages (steer=True)
2026-08-08 05:29:03 | team | sess_95be19f4a79e | INFO | Message 61dad26c-7529-4d69-9925-3708aa3f0a2f marked as read by fullstack1
2026-08-08 05:29:08 | team | sess_95be19f4a79e | INFO | Task spec5-plan claimed by member fullstack1
2026-08-08 05:29:08 | team | sess_95be19f4a79e | INFO | Task spec5-plan claimed by member fullstack1
2026-08-08 05:29:19 | team | sess_95be19f4a79e | INFO | [fullstack1] processing 1 unread messages (steer=True)
2026-08-08 05:29:19 | team | sess_95be19f4a79e | INFO | Message ccd6c04e-5c9c-4f46-8266-4c84baef3d71 marked as read by fullstack1
2026-08-08 05:29:33 | team | sess_95be19f4a79e | INFO | [fullstack1] processing 1 unread messages (steer=True)
2026-08-08 05:29:33 | team | sess_95be19f4a79e | INFO | Message d96f8235-f8b8-461c-b9b4-0eaf014942cd marked as read by fullstack1
2026-08-08 05:29:57 | team | sess_95be19f4a79e | INFO | Message da8f18bc-2bfc-46a1-883a-54ba7104eb1c created
2026-08-08 05:29:57 | team | sess_95be19f4a79e | INFO | Message 34030277-0e84-4037-96b6-b084b54d3eba created
2026-08-08 05:30:11 | team | sess_95be19f4a79e | INFO | [fullstack1] processing 1 unread messages (steer=True)
2026-08-08 05:30:11 | team | sess_95be19f4a79e | INFO | Message 4a7116bf-a788-404e-9c99-b0900fbd5ac2 marked as read by fullstack1
2026-08-08 05:30:13 | team | sess_95be19f4a79e | INFO | Message 92efdc9b-f6cb-4a9c-b93f-c6f614b1d2d4 created
2026-08-08 05:30:32 | team | sess_95be19f4a79e | INFO | [fullstack1] processing 1 unread messages (steer=True)
2026-08-08 05:30:32 | team | sess_95be19f4a79e | INFO | Message b022b252-60ac-4b07-b839-67178fdbd6ce marked as read by fullstack1
2026-08-08 05:35:59 | team | sess_95be19f4a79e | INFO | task list drained for team jiuwen_team_sess_95be19f4a79e: 6 terminal task(s)
2026-08-08 05:36:15 | team | sess_95be19f4a79e | INFO | [fullstack1] processing 1 unread messages (steer=True)
2026-08-08 05:36:15 | team | sess_95be19f4a79e | INFO | Message b973275c-51e2-42bc-92dc-bcb60ed52c6a marked as read by fullstack1
2026-08-08 05:36:24 | team | sess_95be19f4a79e | INFO | team jiuwen_team_sess_95be19f4a79e reported completed: 9 members, 6 tasks
2026-08-08 05:36:26 | team | sess_95be19f4a79e | INFO | [fullstack1] received TEAM_STANDBY, pausing polls
2026-08-08 05:36:26 | team | sess_95be19f4a79e | INFO | EventBus[teammate] pausing polls
