2026-08-08 05:27:44 | team | sess_95be19f4a79e | INFO | Team workspace directory ensured at /srv/jwteam_clone/shared/run_current
2026-08-08 05:27:44 | team | sess_95be19f4a79e | INFO | AgentTeam manager initialized for jiuwen_team_sess_95be19f4a79e, member=team_leader
2026-08-08 05:27:44 | team | sess_95be19f4a79e | INFO | [team_leader] TeamPolicyRail static sections: section_names=['team_role', 'team_workflow', 'team_swarmflow', 'team_lifecycle', 'team_persona']
2026-08-08 05:27:44 | team | sess_95be19f4a79e | INFO | Session tables ready for session sess_95be19f4a79e
2026-08-08 05:27:44 | team | sess_95be19f4a79e | INFO | Team database initialized
2026-08-08 05:27:44 | team | default_trace_id | INFO | Team workspace directory ensured at /srv/jwteam_clone/shared/run_current
2026-08-08 05:27:44 | team | default_trace_id | INFO | AgentTeam manager initialized for jiuwen_team_sess_95be19f4a79e, member=planner1
2026-08-08 05:27:44 | team | default_trace_id | INFO | [planner1] TeamPolicyRail static sections: section_names=['team_role', 'team_persona']
2026-08-08 05:27:44 | team | sess_95be19f4a79e | INFO | [planner1] invoke start, role=teammate
2026-08-08 05:27:44 | team | sess_95be19f4a79e | INFO | [planner1] coordination starting
2026-08-08 05:27:44 | team | sess_95be19f4a79e | INFO | Session tables ready for session sess_95be19f4a79e
2026-08-08 05:27:45 | team | sess_95be19f4a79e | INFO | Workspace /srv/jwteam_clone/shared/run_current initialized as plain shared directory (version_control disabled)
2026-08-08 05:27:45 | team | sess_95be19f4a79e | INFO | EventBus[teammate] starting
2026-08-08 05:28:51 | team | sess_95be19f4a79e | INFO | [planner1] HITT section refresh: human_agent_names=[]
2026-08-08 05:29:03 | team | sess_95be19f4a79e | INFO | [planner1] processing 1 unread messages (steer=True)
2026-08-08 05:29:03 | team | sess_95be19f4a79e | INFO | Message 61dad26c-7529-4d69-9925-3708aa3f0a2f marked as read by planner1
2026-08-08 05:29:18 | team | sess_95be19f4a79e | INFO | Message 596642c6-e3d4-4b90-bfe4-72cdbee4c945 created
2026-08-08 05:29:33 | team | sess_95be19f4a79e | INFO | Message 4abf187e-afdc-49a3-b9f0-d5a698fc78f6 created
2026-08-08 05:29:33 | team | sess_95be19f4a79e | INFO | Message d96f8235-f8b8-461c-b9b4-0eaf014942cd created
2026-08-08 05:29:36 | team | sess_95be19f4a79e | INFO | [planner1] processing 1 unread messages (steer=True)
2026-08-08 05:29:36 | team | sess_95be19f4a79e | INFO | Message 5311439d-d97f-4193-9469-ea5e37a8e232 marked as read by planner1
2026-08-08 05:29:52 | team | sess_95be19f4a79e | INFO | Task spec5-plan claimed by member planner1
2026-08-08 05:29:52 | team | sess_95be19f4a79e | INFO | Task spec5-plan claimed by member planner1
2026-08-08 05:29:57 | team | sess_95be19f4a79e | INFO | [planner1] processing 1 unread messages (steer=True)
2026-08-08 05:29:57 | team | sess_95be19f4a79e | INFO | Message da8f18bc-2bfc-46a1-883a-54ba7104eb1c marked as read by planner1
2026-08-08 05:29:59 | team | sess_95be19f4a79e | INFO | Message 14455c07-1ece-462a-a11e-a666a3cf3892 created
2026-08-08 05:30:13 | team | sess_95be19f4a79e | INFO | [planner1] processing 1 unread messages (steer=True)
2026-08-08 05:30:13 | team | sess_95be19f4a79e | INFO | Message 92efdc9b-f6cb-4a9c-b93f-c6f614b1d2d4 marked as read by planner1
2026-08-08 05:30:28 | team | sess_95be19f4a79e | INFO | [planner1] processing 1 unread messages (steer=True)
2026-08-08 05:30:28 | team | sess_95be19f4a79e | INFO | Message 870121f5-630b-4460-b0f9-5cb03470b881 marked as read by planner1
2026-08-08 05:30:32 | team | sess_95be19f4a79e | INFO | Message b022b252-60ac-4b07-b839-67178fdbd6ce created
2026-08-08 05:31:19 | team | sess_95be19f4a79e | INFO | Message 6f950f29-0978-443b-98d4-0c67934f2b04 created
2026-08-08 05:31:26 | team | sess_95be19f4a79e | INFO | Task spec5-plan completed at 1786163486596
2026-08-08 05:31:26 | team | sess_95be19f4a79e | INFO | Resolved 1 dependencies for task spec5-plan
2026-08-08 05:31:26 | team | sess_95be19f4a79e | INFO | Task spec5-implement unblocked (all deps resolved)
2026-08-08 05:31:26 | team | sess_95be19f4a79e | INFO | Task spec5-plan completed
2026-08-08 05:31:26 | team | sess_95be19f4a79e | INFO | Unblocked 1 tasks
2026-08-08 05:31:34 | team | sess_95be19f4a79e | INFO | Message 1e1f523c-fb76-4797-8b28-0eaa9c5d4825 created
2026-08-08 05:31:51 | team | sess_95be19f4a79e | INFO | [planner1] processing 1 unread messages (steer=True)
2026-08-08 05:31:51 | team | sess_95be19f4a79e | INFO | Message 8604c420-f182-471c-8647-cea34d9e5e73 marked as read by planner1
2026-08-08 05:32:18 | team | sess_95be19f4a79e | INFO | Message a5779176-86d3-46b8-97bc-9f441004119a created
2026-08-08 05:35:59 | team | sess_95be19f4a79e | INFO | task list drained for team jiuwen_team_sess_95be19f4a79e: 6 terminal task(s)
2026-08-08 05:36:15 | team | sess_95be19f4a79e | INFO | [planner1] processing 1 unread messages (steer=True)
2026-08-08 05:36:15 | team | sess_95be19f4a79e | INFO | Message b973275c-51e2-42bc-92dc-bcb60ed52c6a marked as read by planner1
2026-08-08 05:36:24 | team | sess_95be19f4a79e | INFO | team jiuwen_team_sess_95be19f4a79e reported completed: 9 members, 6 tasks
2026-08-08 05:36:26 | team | sess_95be19f4a79e | INFO | [planner1] received TEAM_STANDBY, pausing polls
2026-08-08 05:36:26 | team | sess_95be19f4a79e | INFO | EventBus[teammate] pausing polls
