2026-08-08 05:27:50 | team | sess_95be19f4a79e | INFO | Team workspace directory ensured at /srv/jwteam_clone/shared/run_current
2026-08-08 05:27:50 | team | sess_95be19f4a79e | INFO | AgentTeam manager initialized for jiuwen_team_sess_95be19f4a79e, member=team_leader
2026-08-08 05:27:50 | team | sess_95be19f4a79e | INFO | [team_leader] TeamPolicyRail static sections: section_names=['team_role', 'team_workflow', 'team_swarmflow', 'team_lifecycle', 'team_persona']
2026-08-08 05:27:50 | team | sess_95be19f4a79e | INFO | Session tables ready for session sess_95be19f4a79e
2026-08-08 05:27:50 | team | sess_95be19f4a79e | INFO | Team database initialized
2026-08-08 05:27:50 | team | default_trace_id | INFO | Team workspace directory ensured at /srv/jwteam_clone/shared/run_current
2026-08-08 05:27:50 | team | default_trace_id | INFO | AgentTeam manager initialized for jiuwen_team_sess_95be19f4a79e, member=verifier2
2026-08-08 05:27:50 | team | default_trace_id | INFO | [verifier2] TeamPolicyRail static sections: section_names=['team_role', 'team_persona']
2026-08-08 05:27:50 | team | sess_95be19f4a79e | INFO | [verifier2] invoke start, role=teammate
2026-08-08 05:27:50 | team | sess_95be19f4a79e | INFO | [verifier2] coordination starting
2026-08-08 05:27:50 | team | sess_95be19f4a79e | INFO | Session tables ready for session sess_95be19f4a79e
2026-08-08 05:27:50 | team | sess_95be19f4a79e | INFO | Workspace /srv/jwteam_clone/shared/run_current initialized as plain shared directory (version_control disabled)
2026-08-08 05:27:50 | team | sess_95be19f4a79e | INFO | EventBus[teammate] starting
2026-08-08 05:28:52 | team | sess_95be19f4a79e | INFO | [verifier2] HITT section refresh: human_agent_names=[]
2026-08-08 05:29:03 | team | sess_95be19f4a79e | INFO | [verifier2] processing 1 unread messages (steer=True)
2026-08-08 05:29:03 | team | sess_95be19f4a79e | INFO | Message 61dad26c-7529-4d69-9925-3708aa3f0a2f marked as read by verifier2
2026-08-08 05:33:32 | team | sess_95be19f4a79e | INFO | [verifier2] processing 1 unread messages (steer=True)
2026-08-08 05:33:32 | team | sess_95be19f4a79e | INFO | Message f4ab46e9-4a3a-45ff-9f62-fa67549b75b1 marked as read by verifier2
2026-08-08 05:33:37 | team | sess_95be19f4a79e | INFO | Task spec5-verify claimed by member verifier2
2026-08-08 05:33:37 | team | sess_95be19f4a79e | INFO | Task spec5-verify claimed by member verifier2
2026-08-08 05:35:59 | team | sess_95be19f4a79e | INFO | Task spec5-verify completed at 1786163759632
2026-08-08 05:35:59 | team | sess_95be19f4a79e | INFO | Task spec5-verify completed
2026-08-08 05:36:09 | team | sess_95be19f4a79e | INFO | Message 91af01ca-5f75-40a8-8cb7-f61d85e774cb created
2026-08-08 05:36:09 | team | sess_95be19f4a79e | INFO | Message 1abd17e2-564f-4294-a427-443af62f0119 created
2026-08-08 05:36:15 | team | sess_95be19f4a79e | INFO | [verifier2] processing 1 unread messages (steer=True)
2026-08-08 05:36:15 | team | sess_95be19f4a79e | INFO | Message b973275c-51e2-42bc-92dc-bcb60ed52c6a marked as read by verifier2
2026-08-08 05:36:24 | team | sess_95be19f4a79e | INFO | team jiuwen_team_sess_95be19f4a79e reported completed: 9 members, 6 tasks
2026-08-08 05:36:26 | team | sess_95be19f4a79e | INFO | [verifier2] received TEAM_STANDBY, pausing polls
2026-08-08 05:36:26 | team | sess_95be19f4a79e | INFO | EventBus[teammate] pausing polls
