2026-08-08 05:27:48 | team | sess_95be19f4a79e | INFO | Team workspace directory ensured at /srv/jwteam_clone/shared/run_current
2026-08-08 05:27:48 | team | sess_95be19f4a79e | INFO | AgentTeam manager initialized for jiuwen_team_sess_95be19f4a79e, member=team_leader
2026-08-08 05:27:48 | team | sess_95be19f4a79e | INFO | [team_leader] TeamPolicyRail static sections: section_names=['team_role', 'team_workflow', 'team_swarmflow', 'team_lifecycle', 'team_persona']
2026-08-08 05:27:48 | team | sess_95be19f4a79e | INFO | Session tables ready for session sess_95be19f4a79e
2026-08-08 05:27:48 | team | sess_95be19f4a79e | INFO | Team database initialized
2026-08-08 05:27:48 | team | default_trace_id | INFO | Team workspace directory ensured at /srv/jwteam_clone/shared/run_current
2026-08-08 05:27:48 | team | default_trace_id | INFO | AgentTeam manager initialized for jiuwen_team_sess_95be19f4a79e, member=executor3
2026-08-08 05:27:48 | team | default_trace_id | INFO | [executor3] TeamPolicyRail static sections: section_names=['team_role', 'team_persona']
2026-08-08 05:27:48 | team | sess_95be19f4a79e | INFO | [executor3] invoke start, role=teammate
2026-08-08 05:27:48 | team | sess_95be19f4a79e | INFO | [executor3] coordination starting
2026-08-08 05:27:48 | team | sess_95be19f4a79e | INFO | Session tables ready for session sess_95be19f4a79e
2026-08-08 05:27:48 | team | sess_95be19f4a79e | INFO | Workspace /srv/jwteam_clone/shared/run_current initialized as plain shared directory (version_control disabled)
2026-08-08 05:27:48 | team | sess_95be19f4a79e | INFO | EventBus[teammate] starting
2026-08-08 05:28:52 | team | sess_95be19f4a79e | INFO | [executor3] HITT section refresh: human_agent_names=[]
2026-08-08 05:29:03 | team | sess_95be19f4a79e | INFO | [executor3] processing 1 unread messages (steer=True)
2026-08-08 05:29:03 | team | sess_95be19f4a79e | INFO | Message 61dad26c-7529-4d69-9925-3708aa3f0a2f marked as read by executor3
2026-08-08 05:29:24 | team | sess_95be19f4a79e | INFO | Message 92f903f5-9a61-4715-a820-0d6977cb6c6f created
2026-08-08 05:29:47 | team | sess_95be19f4a79e | INFO | [executor3] processing 1 unread messages (steer=True)
2026-08-08 05:29:47 | team | sess_95be19f4a79e | INFO | Message aa13fb28-84ba-4d52-b51b-4b68790d24f2 marked as read by executor3
2026-08-08 05:31:32 | team | sess_95be19f4a79e | INFO | Task spec5-implement claimed by member executor3
2026-08-08 05:31:32 | team | sess_95be19f4a79e | INFO | Task spec5-implement claimed by member executor3
2026-08-08 05:31:50 | team | sess_95be19f4a79e | INFO | [executor3] processing 1 unread messages (steer=True)
2026-08-08 05:31:50 | team | sess_95be19f4a79e | INFO | Message ff669281-8724-4b6e-b013-2e21c2ea84e7 marked as read by executor3
2026-08-08 05:31:51 | team | sess_95be19f4a79e | INFO | Message 8604c420-f182-471c-8647-cea34d9e5e73 created
2026-08-08 05:31:57 | team | sess_95be19f4a79e | INFO | Message c4ab66bd-f6d1-4f18-b978-2746120d481a created
2026-08-08 05:32:17 | team | sess_95be19f4a79e | INFO | [executor3] processing 1 unread messages (steer=True)
2026-08-08 05:32:17 | team | sess_95be19f4a79e | INFO | Message a8387f6b-9c21-4c12-a74f-39e73862123d marked as read by executor3
2026-08-08 05:32:18 | team | sess_95be19f4a79e | INFO | [executor3] processing 1 unread messages (steer=True)
2026-08-08 05:32:18 | team | sess_95be19f4a79e | INFO | Message a5779176-86d3-46b8-97bc-9f441004119a marked as read by executor3
2026-08-08 05:33:32 | team | sess_95be19f4a79e | INFO | Message f4ab46e9-4a3a-45ff-9f62-fa67549b75b1 created
2026-08-08 05:33:35 | team | sess_95be19f4a79e | INFO | Task spec5-implement completed at 1786163615652
2026-08-08 05:33:35 | team | sess_95be19f4a79e | INFO | Resolved 1 dependencies for task spec5-implement
2026-08-08 05:33:35 | team | sess_95be19f4a79e | INFO | Task spec5-verify unblocked (all deps resolved)
2026-08-08 05:33:35 | team | sess_95be19f4a79e | INFO | Task spec5-implement completed
2026-08-08 05:33:35 | team | sess_95be19f4a79e | INFO | Unblocked 1 tasks
2026-08-08 05:35:59 | team | sess_95be19f4a79e | INFO | task list drained for team jiuwen_team_sess_95be19f4a79e: 6 terminal task(s)
2026-08-08 05:36:09 | team | sess_95be19f4a79e | INFO | [executor3] processing 1 unread messages (steer=True)
2026-08-08 05:36:09 | team | sess_95be19f4a79e | INFO | Message 1abd17e2-564f-4294-a427-443af62f0119 marked as read by executor3
2026-08-08 05:36:15 | team | sess_95be19f4a79e | INFO | [executor3] processing 1 unread messages (steer=True)
2026-08-08 05:36:15 | team | sess_95be19f4a79e | INFO | Message b973275c-51e2-42bc-92dc-bcb60ed52c6a marked as read by executor3
2026-08-08 05:36:24 | team | sess_95be19f4a79e | INFO | team jiuwen_team_sess_95be19f4a79e reported completed: 9 members, 6 tasks
2026-08-08 05:36:26 | team | sess_95be19f4a79e | INFO | [executor3] received TEAM_STANDBY, pausing polls
2026-08-08 05:36:26 | team | sess_95be19f4a79e | INFO | EventBus[teammate] pausing polls
