2026-08-08 05:27:47 | team | sess_95be19f4a79e | INFO | Team workspace directory ensured at /srv/jwteam_clone/shared/run_current
2026-08-08 05:27:47 | team | sess_95be19f4a79e | INFO | AgentTeam manager initialized for jiuwen_team_sess_95be19f4a79e, member=team_leader
2026-08-08 05:27:47 | team | sess_95be19f4a79e | INFO | [team_leader] TeamPolicyRail static sections: section_names=['team_role', 'team_workflow', 'team_swarmflow', 'team_lifecycle', 'team_persona']
2026-08-08 05:27:47 | team | sess_95be19f4a79e | INFO | Session tables ready for session sess_95be19f4a79e
2026-08-08 05:27:47 | team | sess_95be19f4a79e | INFO | Team database initialized
2026-08-08 05:27:47 | team | default_trace_id | INFO | Team workspace directory ensured at /srv/jwteam_clone/shared/run_current
2026-08-08 05:27:47 | team | default_trace_id | INFO | AgentTeam manager initialized for jiuwen_team_sess_95be19f4a79e, member=executor2
2026-08-08 05:27:47 | team | default_trace_id | INFO | [executor2] TeamPolicyRail static sections: section_names=['team_role', 'team_persona']
2026-08-08 05:27:47 | team | sess_95be19f4a79e | INFO | [executor2] invoke start, role=teammate
2026-08-08 05:27:47 | team | sess_95be19f4a79e | INFO | [executor2] coordination starting
2026-08-08 05:27:47 | team | sess_95be19f4a79e | INFO | Session tables ready for session sess_95be19f4a79e
2026-08-08 05:27:47 | team | sess_95be19f4a79e | INFO | Workspace /srv/jwteam_clone/shared/run_current initialized as plain shared directory (version_control disabled)
2026-08-08 05:27:47 | team | sess_95be19f4a79e | INFO | EventBus[teammate] starting
2026-08-08 05:28:52 | team | sess_95be19f4a79e | INFO | [executor2] HITT section refresh: human_agent_names=[]
2026-08-08 05:29:03 | team | sess_95be19f4a79e | INFO | Message 7528c9c9-5f2c-46c8-865c-95470a8d8526 created
2026-08-08 05:29:03 | team | sess_95be19f4a79e | INFO | [executor2] processing 1 unread messages (steer=True)
2026-08-08 05:29:03 | team | sess_95be19f4a79e | INFO | Message 61dad26c-7529-4d69-9925-3708aa3f0a2f marked as read by executor2
2026-08-08 05:29:19 | team | sess_95be19f4a79e | INFO | [executor2] processing 1 unread messages (steer=True)
2026-08-08 05:29:19 | team | sess_95be19f4a79e | INFO | Message 495771b5-45f8-4566-963a-9b73582502d1 marked as read by executor2
2026-08-08 05:29:30 | team | sess_95be19f4a79e | INFO | Message 554391c5-3679-498d-9cdc-fdb9382f5bae created
2026-08-08 05:29:47 | team | sess_95be19f4a79e | INFO | Message d75ce7e7-4434-4390-ac6d-8a31fcda5979 created
2026-08-08 05:30:02 | team | sess_95be19f4a79e | INFO | [executor2] processing 1 unread messages (steer=True)
2026-08-08 05:30:02 | team | sess_95be19f4a79e | INFO | Message a07f0e02-73d6-4620-98b4-7e723b2d7e6a marked as read by executor2
2026-08-08 05:30:06 | team | sess_95be19f4a79e | INFO | Message 2f34ecd8-2241-4b89-8897-e7998534d8eb created
2026-08-08 05:31:19 | team | sess_95be19f4a79e | INFO | [executor2] processing 1 unread messages (steer=True)
2026-08-08 05:31:19 | team | sess_95be19f4a79e | INFO | Message 6f950f29-0978-443b-98d4-0c67934f2b04 marked as read by executor2
2026-08-08 05:31:50 | team | sess_95be19f4a79e | INFO | Message ff669281-8724-4b6e-b013-2e21c2ea84e7 created
2026-08-08 05:31:57 | team | sess_95be19f4a79e | INFO | [executor2] processing 1 unread messages (steer=True)
2026-08-08 05:31:57 | team | sess_95be19f4a79e | INFO | Message c4ab66bd-f6d1-4f18-b978-2746120d481a marked as read by executor2
2026-08-08 05:32:17 | team | sess_95be19f4a79e | INFO | Message a8387f6b-9c21-4c12-a74f-39e73862123d created
2026-08-08 05:32:24 | team | sess_95be19f4a79e | INFO | Message e4238806-1cbe-418b-b97f-cdf401532f71 created
2026-08-08 05:35:59 | team | sess_95be19f4a79e | INFO | task list drained for team jiuwen_team_sess_95be19f4a79e: 6 terminal task(s)
2026-08-08 05:36:15 | team | sess_95be19f4a79e | INFO | [executor2] processing 1 unread messages (steer=True)
2026-08-08 05:36:15 | team | sess_95be19f4a79e | INFO | Message b973275c-51e2-42bc-92dc-bcb60ed52c6a marked as read by executor2
2026-08-08 05:36:24 | team | sess_95be19f4a79e | INFO | team jiuwen_team_sess_95be19f4a79e reported completed: 9 members, 6 tasks
2026-08-08 05:36:26 | team | sess_95be19f4a79e | INFO | [executor2] received TEAM_STANDBY, pausing polls
2026-08-08 05:36:26 | team | sess_95be19f4a79e | INFO | EventBus[teammate] pausing polls
