2026-08-08 05:27:45 | team | sess_95be19f4a79e | INFO | Team workspace directory ensured at /srv/jwteam_clone/shared/run_current
2026-08-08 05:27:45 | team | sess_95be19f4a79e | INFO | AgentTeam manager initialized for jiuwen_team_sess_95be19f4a79e, member=team_leader
2026-08-08 05:27:45 | team | sess_95be19f4a79e | INFO | [team_leader] TeamPolicyRail static sections: section_names=['team_role', 'team_workflow', 'team_swarmflow', 'team_lifecycle', 'team_persona']
2026-08-08 05:27:45 | team | sess_95be19f4a79e | INFO | Session tables ready for session sess_95be19f4a79e
2026-08-08 05:27:45 | team | sess_95be19f4a79e | INFO | Team database initialized
2026-08-08 05:27:45 | team | default_trace_id | INFO | Team workspace directory ensured at /srv/jwteam_clone/shared/run_current
2026-08-08 05:27:45 | team | default_trace_id | INFO | AgentTeam manager initialized for jiuwen_team_sess_95be19f4a79e, member=planner2
2026-08-08 05:27:45 | team | default_trace_id | INFO | [planner2] TeamPolicyRail static sections: section_names=['team_role', 'team_persona']
2026-08-08 05:27:45 | team | sess_95be19f4a79e | INFO | [planner2] invoke start, role=teammate
2026-08-08 05:27:45 | team | sess_95be19f4a79e | INFO | [planner2] coordination starting
2026-08-08 05:27:45 | team | sess_95be19f4a79e | INFO | Session tables ready for session sess_95be19f4a79e
2026-08-08 05:27:45 | team | sess_95be19f4a79e | INFO | Workspace /srv/jwteam_clone/shared/run_current initialized as plain shared directory (version_control disabled)
2026-08-08 05:27:45 | team | sess_95be19f4a79e | INFO | EventBus[teammate] starting
2026-08-08 05:28:52 | team | sess_95be19f4a79e | INFO | [planner2] HITT section refresh: human_agent_names=[]
2026-08-08 05:28:57 | team | sess_95be19f4a79e | INFO | Task multi4-plan claimed by member planner2
2026-08-08 05:28:57 | team | sess_95be19f4a79e | INFO | Task multi4-plan claimed by member planner2
2026-08-08 05:29:03 | team | sess_95be19f4a79e | INFO | [planner2] processing 1 unread messages (steer=True)
2026-08-08 05:29:03 | team | sess_95be19f4a79e | INFO | Message 61dad26c-7529-4d69-9925-3708aa3f0a2f marked as read by planner2
2026-08-08 05:29:33 | team | sess_95be19f4a79e | INFO | [planner2] processing 1 unread messages (steer=True)
2026-08-08 05:29:33 | team | sess_95be19f4a79e | INFO | Message 4abf187e-afdc-49a3-b9f0-d5a698fc78f6 marked as read by planner2
2026-08-08 05:30:13 | team | sess_95be19f4a79e | INFO | Message 3e59be30-0944-4e39-8d57-2cc221caeb1b created
2026-08-08 05:30:19 | team | sess_95be19f4a79e | INFO | [planner2] processing 1 unread messages (steer=True)
2026-08-08 05:30:19 | team | sess_95be19f4a79e | INFO | Message b7099f3e-4e94-4085-babd-83f027a090cf marked as read by planner2
2026-08-08 05:30:28 | team | sess_95be19f4a79e | INFO | Message 870121f5-630b-4460-b0f9-5cb03470b881 created
2026-08-08 05:30:28 | team | sess_95be19f4a79e | INFO | Task multi4-plan completed at 1786163428413
2026-08-08 05:30:28 | team | sess_95be19f4a79e | INFO | Resolved 1 dependencies for task multi4-plan
2026-08-08 05:30:28 | team | sess_95be19f4a79e | INFO | Task multi4-implement unblocked (all deps resolved)
2026-08-08 05:30:28 | team | sess_95be19f4a79e | INFO | Task multi4-plan completed
2026-08-08 05:30:28 | team | sess_95be19f4a79e | INFO | Unblocked 1 tasks
2026-08-08 05:35:59 | team | sess_95be19f4a79e | INFO | task list drained for team jiuwen_team_sess_95be19f4a79e: 6 terminal task(s)
2026-08-08 05:36:15 | team | sess_95be19f4a79e | INFO | [planner2] processing 1 unread messages (steer=True)
2026-08-08 05:36:15 | team | sess_95be19f4a79e | INFO | Message b973275c-51e2-42bc-92dc-bcb60ed52c6a marked as read by planner2
2026-08-08 05:36:24 | team | sess_95be19f4a79e | INFO | team jiuwen_team_sess_95be19f4a79e reported completed: 9 members, 6 tasks
2026-08-08 05:36:26 | team | sess_95be19f4a79e | INFO | [planner2] received TEAM_STANDBY, pausing polls
2026-08-08 05:36:26 | team | sess_95be19f4a79e | INFO | EventBus[teammate] pausing polls
