2026-08-23 15:11:43 | team | sess_8f893ef78062 | INFO | Team workspace directory ensured at /srv/jwteam_clone/shared/run_current
2026-08-23 15:11:43 | team | sess_8f893ef78062 | INFO | AgentTeam manager initialized for jiuwen_team_sess_8f893ef78062, member=team_leader
2026-08-23 15:11:43 | team | sess_8f893ef78062 | INFO | [team_leader] TeamPolicyRail static sections: section_names=['team_role', 'team_workflow', 'team_swarmflow', 'team_lifecycle', 'team_persona']
2026-08-23 15:11:43 | team | sess_8f893ef78062 | INFO | Session tables ready for session sess_8f893ef78062
2026-08-23 15:11:43 | team | sess_8f893ef78062 | INFO | Team database initialized
2026-08-23 15:11:43 | team | default_trace_id | INFO | Team workspace directory ensured at /srv/jwteam_clone/shared/run_current
2026-08-23 15:11:43 | team | default_trace_id | INFO | AgentTeam manager initialized for jiuwen_team_sess_8f893ef78062, member=planner1
2026-08-23 15:11:43 | team | default_trace_id | INFO | [planner1] TeamPolicyRail static sections: section_names=['team_role', 'team_persona']
2026-08-23 15:11:43 | team | sess_8f893ef78062 | INFO | [planner1] invoke start, role=teammate
2026-08-23 15:11:43 | team | sess_8f893ef78062 | INFO | [planner1] coordination starting
2026-08-23 15:11:43 | team | sess_8f893ef78062 | INFO | Session tables ready for session sess_8f893ef78062
2026-08-23 15:11:43 | team | sess_8f893ef78062 | INFO | Workspace /srv/jwteam_clone/shared/run_current initialized as plain shared directory (version_control disabled)
2026-08-23 15:11:43 | team | sess_8f893ef78062 | INFO | EventBus[teammate] starting
2026-08-23 15:19:24 | team | sess_8f893ef78062 | INFO | [planner1] HITT section refresh: human_agent_names=[]
2026-08-23 15:19:37 | team | sess_8f893ef78062 | INFO | Task ir2_plan claimed by member planner1
2026-08-23 15:19:37 | team | sess_8f893ef78062 | INFO | Task ir2_plan claimed by member planner1
2026-08-23 15:19:55 | team | sess_8f893ef78062 | INFO | [planner1] processing 1 unread messages (steer=True)
2026-08-23 15:19:55 | team | sess_8f893ef78062 | INFO | Message da757aa2-80ab-4dc4-96cc-ac6c6d8869b3 marked as read by planner1
2026-08-23 15:21:18 | team | sess_8f893ef78062 | INFO | Message 70837d95-3c46-4888-b0c7-36950fb22fbb created
2026-08-23 15:21:21 | team | sess_8f893ef78062 | INFO | Task ir2_plan completed at 1787494881225
2026-08-23 15:21:21 | team | sess_8f893ef78062 | INFO | Resolved 1 dependencies for task ir2_plan
2026-08-23 15:21:21 | team | sess_8f893ef78062 | INFO | Task ir2_implement unblocked (all deps resolved)
2026-08-23 15:21:21 | team | sess_8f893ef78062 | INFO | Task ir2_plan completed
2026-08-23 15:21:21 | team | sess_8f893ef78062 | INFO | Unblocked 1 tasks
2026-08-23 15:21:29 | team | sess_8f893ef78062 | INFO | Message 46249248-67cd-41b4-b7fe-f0878c96ebba created
2026-08-23 15:28:59 | team | sess_8f893ef78062 | INFO | task list drained for team jiuwen_team_sess_8f893ef78062: 6 terminal task(s)
