2026-08-23 15:11:46 | team | sess_8f893ef78062 | INFO | Team workspace directory ensured at /srv/jwteam_clone/shared/run_current
2026-08-23 15:11:46 | team | sess_8f893ef78062 | INFO | AgentTeam manager initialized for jiuwen_team_sess_8f893ef78062, member=team_leader
2026-08-23 15:11:46 | team | sess_8f893ef78062 | INFO | [team_leader] TeamPolicyRail static sections: section_names=['team_role', 'team_workflow', 'team_swarmflow', 'team_lifecycle', 'team_persona']
2026-08-23 15:11:47 | team | sess_8f893ef78062 | INFO | Session tables ready for session sess_8f893ef78062
2026-08-23 15:11:47 | team | sess_8f893ef78062 | INFO | Team database initialized
2026-08-23 15:11:47 | team | default_trace_id | INFO | Team workspace directory ensured at /srv/jwteam_clone/shared/run_current
2026-08-23 15:11:47 | team | default_trace_id | INFO | AgentTeam manager initialized for jiuwen_team_sess_8f893ef78062, member=executor3
2026-08-23 15:11:47 | team | default_trace_id | INFO | [executor3] TeamPolicyRail static sections: section_names=['team_role', 'team_persona']
2026-08-23 15:11:47 | team | sess_8f893ef78062 | INFO | [executor3] invoke start, role=teammate
2026-08-23 15:11:47 | team | sess_8f893ef78062 | INFO | [executor3] coordination starting
2026-08-23 15:11:47 | team | sess_8f893ef78062 | INFO | Session tables ready for session sess_8f893ef78062
2026-08-23 15:11:47 | team | sess_8f893ef78062 | INFO | Workspace /srv/jwteam_clone/shared/run_current initialized as plain shared directory (version_control disabled)
2026-08-23 15:11:47 | team | sess_8f893ef78062 | INFO | EventBus[teammate] starting
2026-08-23 15:19:24 | team | sess_8f893ef78062 | INFO | [executor3] HITT section refresh: human_agent_names=[]
2026-08-23 15:19:55 | team | sess_8f893ef78062 | INFO | [executor3] processing 1 unread messages (steer=True)
2026-08-23 15:19:55 | team | sess_8f893ef78062 | INFO | Message da757aa2-80ab-4dc4-96cc-ac6c6d8869b3 marked as read by executor3
2026-08-23 15:23:21 | team | sess_8f893ef78062 | INFO | [executor3] processing 1 unread messages (steer=True)
2026-08-23 15:23:21 | team | sess_8f893ef78062 | INFO | Message 62cc7c09-259d-48ee-8a3a-00b02db4004e marked as read by executor3
2026-08-23 15:23:48 | team | sess_8f893ef78062 | INFO | Message 31788480-7f9f-4848-9765-9d85994390b4 created
2026-08-23 15:25:35 | team | sess_8f893ef78062 | INFO | [executor3] processing 1 unread messages (steer=True)
2026-08-23 15:25:35 | team | sess_8f893ef78062 | INFO | Message f5f9870a-b1f3-40c6-a6ce-e78c6b907853 marked as read by executor3
2026-08-23 15:25:42 | team | sess_8f893ef78062 | INFO | Task api1_implement claimed by member executor3
2026-08-23 15:25:42 | team | sess_8f893ef78062 | INFO | Task api1_implement claimed by member executor3
2026-08-23 15:26:25 | team | sess_8f893ef78062 | INFO | Task api1_implement completed at 1787495185312
2026-08-23 15:26:25 | team | sess_8f893ef78062 | INFO | Message c760c001-8301-4bf5-b9cf-46b5c2ccbc06 created
2026-08-23 15:26:25 | team | sess_8f893ef78062 | INFO | Resolved 1 dependencies for task api1_implement
2026-08-23 15:26:25 | team | sess_8f893ef78062 | INFO | Task api1_verify unblocked (all deps resolved)
2026-08-23 15:26:25 | team | sess_8f893ef78062 | INFO | Task api1_implement completed
2026-08-23 15:26:25 | team | sess_8f893ef78062 | INFO | Unblocked 1 tasks
2026-08-23 15:28:59 | team | sess_8f893ef78062 | INFO | task list drained for team jiuwen_team_sess_8f893ef78062: 6 terminal task(s)
