2026-08-23 15:11:47 | team | sess_8f893ef78062 | INFO | Team workspace directory ensured at /srv/jwteam_clone/shared/run_current
2026-08-23 15:11:47 | team | sess_8f893ef78062 | INFO | AgentTeam manager initialized for jiuwen_team_sess_8f893ef78062, member=team_leader
2026-08-23 15:11:47 | team | sess_8f893ef78062 | INFO | [team_leader] TeamPolicyRail static sections: section_names=['team_role', 'team_workflow', 'team_swarmflow', 'team_lifecycle', 'team_persona']
2026-08-23 15:11:48 | team | sess_8f893ef78062 | INFO | Session tables ready for session sess_8f893ef78062
2026-08-23 15:11:48 | team | sess_8f893ef78062 | INFO | Team database initialized
2026-08-23 15:11:48 | team | default_trace_id | INFO | Team workspace directory ensured at /srv/jwteam_clone/shared/run_current
2026-08-23 15:11:48 | team | default_trace_id | INFO | AgentTeam manager initialized for jiuwen_team_sess_8f893ef78062, member=verifier1
2026-08-23 15:11:48 | team | default_trace_id | INFO | [verifier1] TeamPolicyRail static sections: section_names=['team_role', 'team_persona']
2026-08-23 15:11:48 | team | sess_8f893ef78062 | INFO | [verifier1] invoke start, role=teammate
2026-08-23 15:11:48 | team | sess_8f893ef78062 | INFO | [verifier1] coordination starting
2026-08-23 15:11:48 | team | sess_8f893ef78062 | INFO | Session tables ready for session sess_8f893ef78062
2026-08-23 15:11:48 | team | sess_8f893ef78062 | INFO | Workspace /srv/jwteam_clone/shared/run_current initialized as plain shared directory (version_control disabled)
2026-08-23 15:11:48 | team | sess_8f893ef78062 | INFO | EventBus[teammate] starting
2026-08-23 15:19:24 | team | sess_8f893ef78062 | INFO | [verifier1] HITT section refresh: human_agent_names=[]
2026-08-23 15:19:55 | team | sess_8f893ef78062 | INFO | [verifier1] processing 1 unread messages (steer=True)
2026-08-23 15:19:55 | team | sess_8f893ef78062 | INFO | Message da757aa2-80ab-4dc4-96cc-ac6c6d8869b3 marked as read by verifier1
2026-08-23 15:22:01 | team | sess_8f893ef78062 | INFO | [verifier1] processing 1 unread messages (steer=True)
2026-08-23 15:22:01 | team | sess_8f893ef78062 | INFO | Message 673a0ce9-8125-4c95-9ecc-491dfa18adbf marked as read by verifier1
2026-08-23 15:22:11 | team | sess_8f893ef78062 | INFO | Message fa9ee1d7-da21-4833-8496-e149bf3ba86b created
2026-08-23 15:22:34 | team | sess_8f893ef78062 | INFO | [verifier1] processing 1 unread messages (steer=True)
2026-08-23 15:22:34 | team | sess_8f893ef78062 | INFO | Message aee7ab9f-f3fd-4e5a-9520-999eb3a50417 marked as read by verifier1
2026-08-23 15:23:04 | team | sess_8f893ef78062 | INFO | Message f7eb4db0-dd25-488c-8086-fc522424b9ab created
2026-08-23 15:28:33 | team | sess_8f893ef78062 | INFO | [verifier1] processing 1 unread messages (steer=True)
2026-08-23 15:28:33 | team | sess_8f893ef78062 | INFO | Message fb98041e-1cde-4631-ab34-25dec62847f5 marked as read by verifier1
2026-08-23 15:28:45 | team | sess_8f893ef78062 | INFO | Task ir2_verify claimed by member verifier1
2026-08-23 15:28:45 | team | sess_8f893ef78062 | INFO | Task ir2_verify claimed by member verifier1
2026-08-23 15:28:59 | team | sess_8f893ef78062 | INFO | Task ir2_verify completed at 1787495339670
2026-08-23 15:28:59 | team | sess_8f893ef78062 | INFO | Task ir2_verify completed
2026-08-23 15:29:08 | team | sess_8f893ef78062 | INFO | Message 631a344f-cc4d-41f1-b68d-ef64ce1d1767 created
2026-08-23 15:29:08 | team | sess_8f893ef78062 | INFO | Message 175d0ace-43b0-4bd4-8202-c9d4e4ab92a8 created
