2026-08-23 15:11:44 | team | sess_8f893ef78062 | INFO | Team workspace directory ensured at /srv/jwteam_clone/shared/run_current
2026-08-23 15:11:44 | team | sess_8f893ef78062 | INFO | AgentTeam manager initialized for jiuwen_team_sess_8f893ef78062, member=team_leader
2026-08-23 15:11:44 | team | sess_8f893ef78062 | INFO | [team_leader] TeamPolicyRail static sections: section_names=['team_role', 'team_workflow', 'team_swarmflow', 'team_lifecycle', 'team_persona']
2026-08-23 15:11:44 | team | sess_8f893ef78062 | INFO | Session tables ready for session sess_8f893ef78062
2026-08-23 15:11:44 | team | sess_8f893ef78062 | INFO | Team database initialized
2026-08-23 15:11:44 | team | default_trace_id | INFO | Team workspace directory ensured at /srv/jwteam_clone/shared/run_current
2026-08-23 15:11:44 | team | default_trace_id | INFO | AgentTeam manager initialized for jiuwen_team_sess_8f893ef78062, member=planner2
2026-08-23 15:11:44 | team | default_trace_id | INFO | [planner2] TeamPolicyRail static sections: section_names=['team_role', 'team_persona']
2026-08-23 15:11:44 | team | sess_8f893ef78062 | INFO | [planner2] invoke start, role=teammate
2026-08-23 15:11:44 | team | sess_8f893ef78062 | INFO | [planner2] coordination starting
2026-08-23 15:11:44 | team | sess_8f893ef78062 | INFO | Session tables ready for session sess_8f893ef78062
2026-08-23 15:11:44 | team | sess_8f893ef78062 | INFO | Workspace /srv/jwteam_clone/shared/run_current initialized as plain shared directory (version_control disabled)
2026-08-23 15:11:44 | team | sess_8f893ef78062 | INFO | EventBus[teammate] starting
2026-08-23 15:19:24 | team | sess_8f893ef78062 | INFO | [planner2] HITT section refresh: human_agent_names=[]
2026-08-23 15:19:31 | team | sess_8f893ef78062 | INFO | Task api1_plan claimed by member planner2
2026-08-23 15:19:31 | team | sess_8f893ef78062 | INFO | Task api1_plan claimed by member planner2
2026-08-23 15:19:55 | team | sess_8f893ef78062 | INFO | [planner2] processing 1 unread messages (steer=True)
2026-08-23 15:19:55 | team | sess_8f893ef78062 | INFO | Message da757aa2-80ab-4dc4-96cc-ac6c6d8869b3 marked as read by planner2
2026-08-23 15:20:56 | team | sess_8f893ef78062 | INFO | [planner2] processing 1 unread messages (steer=True)
2026-08-23 15:20:56 | team | sess_8f893ef78062 | INFO | Message e6a67e28-cc9e-489d-93d8-103087fcaa4d marked as read by planner2
2026-08-23 15:23:21 | team | sess_8f893ef78062 | INFO | Message 62cc7c09-259d-48ee-8a3a-00b02db4004e created
2026-08-23 15:23:48 | team | sess_8f893ef78062 | INFO | [planner2] processing 1 unread messages (steer=True)
2026-08-23 15:23:48 | team | sess_8f893ef78062 | INFO | Message 31788480-7f9f-4848-9765-9d85994390b4 marked as read by planner2
2026-08-23 15:25:35 | team | sess_8f893ef78062 | INFO | Task api1_plan completed at 1787495135090
2026-08-23 15:25:35 | team | sess_8f893ef78062 | INFO | Resolved 1 dependencies for task api1_plan
2026-08-23 15:25:35 | team | sess_8f893ef78062 | INFO | Message f5f9870a-b1f3-40c6-a6ce-e78c6b907853 created
2026-08-23 15:25:35 | team | sess_8f893ef78062 | INFO | Task api1_implement unblocked (all deps resolved)
2026-08-23 15:25:35 | team | sess_8f893ef78062 | INFO | Task api1_plan completed
2026-08-23 15:25:35 | team | sess_8f893ef78062 | INFO | Unblocked 1 tasks
2026-08-23 15:25:47 | team | sess_8f893ef78062 | INFO | Message b1b9626d-1d70-4fbf-ba0b-3b19f2ed6df7 created
2026-08-23 15:28:59 | team | sess_8f893ef78062 | INFO | task list drained for team jiuwen_team_sess_8f893ef78062: 6 terminal task(s)
