2026-08-23 15:11:48 | team | sess_8f893ef78062 | INFO | Team workspace directory ensured at /srv/jwteam_clone/shared/run_current
2026-08-23 15:11:48 | team | sess_8f893ef78062 | INFO | AgentTeam manager initialized for jiuwen_team_sess_8f893ef78062, member=team_leader
2026-08-23 15:11:48 | team | sess_8f893ef78062 | INFO | [team_leader] TeamPolicyRail static sections: section_names=['team_role', 'team_workflow', 'team_swarmflow', 'team_lifecycle', 'team_persona']
2026-08-23 15:11:48 | team | sess_8f893ef78062 | INFO | Session tables ready for session sess_8f893ef78062
2026-08-23 15:11:48 | team | sess_8f893ef78062 | INFO | Team database initialized
2026-08-23 15:11:48 | team | default_trace_id | INFO | Team workspace directory ensured at /srv/jwteam_clone/shared/run_current
2026-08-23 15:11:48 | team | default_trace_id | INFO | AgentTeam manager initialized for jiuwen_team_sess_8f893ef78062, member=verifier2
2026-08-23 15:11:48 | team | default_trace_id | INFO | [verifier2] TeamPolicyRail static sections: section_names=['team_role', 'team_persona']
2026-08-23 15:11:48 | team | sess_8f893ef78062 | INFO | [verifier2] invoke start, role=teammate
2026-08-23 15:11:48 | team | sess_8f893ef78062 | INFO | [verifier2] coordination starting
2026-08-23 15:11:48 | team | sess_8f893ef78062 | INFO | Session tables ready for session sess_8f893ef78062
2026-08-23 15:11:48 | team | sess_8f893ef78062 | INFO | Workspace /srv/jwteam_clone/shared/run_current initialized as plain shared directory (version_control disabled)
2026-08-23 15:11:48 | team | sess_8f893ef78062 | INFO | EventBus[teammate] starting
2026-08-23 15:19:24 | team | sess_8f893ef78062 | INFO | [verifier2] HITT section refresh: human_agent_names=[]
2026-08-23 15:19:55 | team | sess_8f893ef78062 | INFO | [verifier2] processing 1 unread messages (steer=True)
2026-08-23 15:19:55 | team | sess_8f893ef78062 | INFO | Message da757aa2-80ab-4dc4-96cc-ac6c6d8869b3 marked as read by verifier2
2026-08-23 15:20:56 | team | sess_8f893ef78062 | INFO | Message e6a67e28-cc9e-489d-93d8-103087fcaa4d created
2026-08-23 15:22:01 | team | sess_8f893ef78062 | INFO | Message 673a0ce9-8125-4c95-9ecc-491dfa18adbf created
2026-08-23 15:22:11 | team | sess_8f893ef78062 | INFO | [verifier2] processing 1 unread messages (steer=True)
2026-08-23 15:22:11 | team | sess_8f893ef78062 | INFO | Message fa9ee1d7-da21-4833-8496-e149bf3ba86b marked as read by verifier2
2026-08-23 15:26:25 | team | sess_8f893ef78062 | INFO | [verifier2] processing 1 unread messages (steer=True)
2026-08-23 15:26:25 | team | sess_8f893ef78062 | INFO | Message c760c001-8301-4bf5-b9cf-46b5c2ccbc06 marked as read by verifier2
2026-08-23 15:26:42 | team | sess_8f893ef78062 | INFO | Task api1_verify claimed by member verifier2
2026-08-23 15:26:42 | team | sess_8f893ef78062 | INFO | Task api1_verify claimed by member verifier2
2026-08-23 15:28:33 | team | sess_8f893ef78062 | INFO | Task api1_verify completed at 1787495313315
2026-08-23 15:28:33 | team | sess_8f893ef78062 | INFO | Message fb98041e-1cde-4631-ab34-25dec62847f5 created
2026-08-23 15:28:33 | team | sess_8f893ef78062 | INFO | Resolved 1 dependencies for task api1_verify
2026-08-23 15:28:33 | team | sess_8f893ef78062 | INFO | Task ir2_verify unblocked (all deps resolved)
2026-08-23 15:28:33 | team | sess_8f893ef78062 | INFO | Task api1_verify completed
2026-08-23 15:28:33 | team | sess_8f893ef78062 | INFO | Unblocked 1 tasks
2026-08-23 15:28:50 | team | sess_8f893ef78062 | INFO | Message cb3e7de1-19d9-4345-836e-9c6479341108 created
2026-08-23 15:28:59 | team | sess_8f893ef78062 | INFO | task list drained for team jiuwen_team_sess_8f893ef78062: 6 terminal task(s)
2026-08-23 15:29:08 | team | sess_8f893ef78062 | INFO | [verifier2] processing 1 unread messages (steer=True)
2026-08-23 15:29:08 | team | sess_8f893ef78062 | INFO | Message 175d0ace-43b0-4bd4-8202-c9d4e4ab92a8 marked as read by verifier2
