2026-08-23 23:39:15 | team | sess_82ddcfa15cdd | INFO | Team workspace directory ensured at /srv/jwteam_clone/shared/run_current
2026-08-23 23:39:15 | team | sess_82ddcfa15cdd | INFO | AgentTeam manager initialized for jiuwen_team_sess_82ddcfa15cdd, member=team_leader
2026-08-23 23:39:15 | team | sess_82ddcfa15cdd | INFO | [team_leader] TeamPolicyRail static sections: section_names=['team_role', 'team_workflow', 'team_swarmflow', 'team_lifecycle', 'team_persona']
2026-08-23 23:39:15 | team | sess_82ddcfa15cdd | INFO | Session tables ready for session sess_82ddcfa15cdd
2026-08-23 23:39:15 | team | sess_82ddcfa15cdd | INFO | Team database initialized
2026-08-23 23:39:15 | team | default_trace_id | INFO | Team workspace directory ensured at /srv/jwteam_clone/shared/run_current
2026-08-23 23:39:15 | team | default_trace_id | INFO | AgentTeam manager initialized for jiuwen_team_sess_82ddcfa15cdd, member=verifier2
2026-08-23 23:39:15 | team | default_trace_id | INFO | [verifier2] TeamPolicyRail static sections: section_names=['team_role', 'team_persona']
2026-08-23 23:39:15 | team | sess_82ddcfa15cdd | INFO | [verifier2] invoke start, role=teammate
2026-08-23 23:39:15 | team | sess_82ddcfa15cdd | INFO | [verifier2] coordination starting
2026-08-23 23:39:15 | team | sess_82ddcfa15cdd | INFO | Session tables ready for session sess_82ddcfa15cdd
2026-08-23 23:39:15 | team | sess_82ddcfa15cdd | INFO | Workspace /srv/jwteam_clone/shared/run_current initialized as plain shared directory (version_control disabled)
2026-08-23 23:39:15 | team | sess_82ddcfa15cdd | INFO | EventBus[teammate] starting
2026-08-23 23:40:50 | team | sess_82ddcfa15cdd | INFO | [verifier2] HITT section refresh: human_agent_names=[]
2026-08-23 23:43:02 | team | sess_82ddcfa15cdd | INFO | task list drained for team jiuwen_team_sess_82ddcfa15cdd: 3 terminal task(s)
2026-08-23 23:45:10 | team | sess_82ddcfa15cdd | INFO | [verifier2] received TASK_CLAIMED for self, task_id=fix_verify, human_agent=False
2026-08-23 23:46:24 | team | sess_82ddcfa15cdd | INFO | [verifier2] processing 1 unread messages (steer=True)
2026-08-23 23:46:24 | team | sess_82ddcfa15cdd | INFO | Message ce16bfdf-e6cf-406e-9bca-d0af34a42204 marked as read by verifier2
2026-08-23 23:46:38 | team | sess_82ddcfa15cdd | INFO | Message 44761860-586f-40ab-8d81-e80cf8286d9a created
2026-08-23 23:48:44 | team | sess_82ddcfa15cdd | INFO | [verifier2] processing 1 unread messages (steer=True)
2026-08-23 23:48:44 | team | sess_82ddcfa15cdd | INFO | Message 6335bf93-78c0-456b-9e7f-8fa1a535b89c marked as read by verifier2
2026-08-23 23:50:32 | team | sess_82ddcfa15cdd | INFO | [verifier2] processing 1 unread messages (steer=True)
2026-08-23 23:50:32 | team | sess_82ddcfa15cdd | INFO | Message dab79ec9-04db-4b38-9e01-53504f78e2d4 marked as read by verifier2
2026-08-23 23:50:32 | team | sess_82ddcfa15cdd | INFO | task list drained for team jiuwen_team_sess_82ddcfa15cdd: 5 terminal task(s)
2026-08-23 23:50:53 | team | sess_82ddcfa15cdd | INFO | [verifier2] received TASK_CLAIMED for self, task_id=verify_final, human_agent=False
2026-08-23 23:51:03 | team | sess_82ddcfa15cdd | INFO | Message acc8203a-1fa3-46e9-96e2-19f3f48f2b0c created
