2026-08-23 23:39:09 | team | sess_82ddcfa15cdd | INFO | Team workspace directory ensured at /srv/jwteam_clone/shared/run_current
2026-08-23 23:39:09 | team | sess_82ddcfa15cdd | INFO | AgentTeam manager initialized for jiuwen_team_sess_82ddcfa15cdd, member=team_leader
2026-08-23 23:39:09 | team | sess_82ddcfa15cdd | INFO | [team_leader] TeamPolicyRail static sections: section_names=['team_role', 'team_workflow', 'team_swarmflow', 'team_lifecycle', 'team_persona']
2026-08-23 23:39:09 | team | sess_82ddcfa15cdd | INFO | Session tables ready for session sess_82ddcfa15cdd
2026-08-23 23:39:09 | team | sess_82ddcfa15cdd | INFO | Team database initialized
2026-08-23 23:39:09 | team | default_trace_id | INFO | Team workspace directory ensured at /srv/jwteam_clone/shared/run_current
2026-08-23 23:39:09 | team | default_trace_id | INFO | AgentTeam manager initialized for jiuwen_team_sess_82ddcfa15cdd, member=planner1
2026-08-23 23:39:09 | team | default_trace_id | INFO | [planner1] TeamPolicyRail static sections: section_names=['team_role', 'team_persona']
2026-08-23 23:39:09 | team | sess_82ddcfa15cdd | INFO | [planner1] invoke start, role=teammate
2026-08-23 23:39:09 | team | sess_82ddcfa15cdd | INFO | [planner1] coordination starting
2026-08-23 23:39:09 | team | sess_82ddcfa15cdd | INFO | Session tables ready for session sess_82ddcfa15cdd
2026-08-23 23:39:09 | team | sess_82ddcfa15cdd | INFO | Workspace /srv/jwteam_clone/shared/run_current initialized as plain shared directory (version_control disabled)
2026-08-23 23:39:09 | team | sess_82ddcfa15cdd | INFO | EventBus[teammate] starting
2026-08-23 23:40:50 | team | sess_82ddcfa15cdd | INFO | [planner1] HITT section refresh: human_agent_names=[]
2026-08-23 23:40:55 | team | sess_82ddcfa15cdd | INFO | Task plan claimed by member planner1
2026-08-23 23:40:55 | team | sess_82ddcfa15cdd | INFO | Task plan claimed by member planner1
2026-08-23 23:42:40 | team | sess_82ddcfa15cdd | INFO | Message 9e16779a-cc01-465f-8463-e04efe2cd889 created
2026-08-23 23:42:43 | team | sess_82ddcfa15cdd | INFO | Task plan completed at 1787524963258
2026-08-23 23:42:43 | team | sess_82ddcfa15cdd | INFO | Resolved 1 dependencies for task plan
2026-08-23 23:42:43 | team | sess_82ddcfa15cdd | INFO | Task implement unblocked (all deps resolved)
2026-08-23 23:42:43 | team | sess_82ddcfa15cdd | INFO | Task plan completed
2026-08-23 23:42:43 | team | sess_82ddcfa15cdd | INFO | Unblocked 1 tasks
2026-08-23 23:42:52 | team | sess_82ddcfa15cdd | INFO | Message 7536e9a9-d75a-4665-8795-616b8e3e00de created
2026-08-23 23:43:02 | team | sess_82ddcfa15cdd | INFO | task list drained for team jiuwen_team_sess_82ddcfa15cdd: 3 terminal task(s)
2026-08-23 23:46:37 | team | sess_82ddcfa15cdd | INFO | [planner1] processing 1 unread messages (steer=True)
2026-08-23 23:46:37 | team | sess_82ddcfa15cdd | INFO | Message 1c442d39-199a-44e8-a074-6918028ae1e2 marked as read by planner1
2026-08-23 23:47:11 | team | sess_82ddcfa15cdd | INFO | Message a7dcc66b-9dc3-4a75-bd63-7df8764ba2eb created
2026-08-23 23:50:32 | team | sess_82ddcfa15cdd | INFO | task list drained for team jiuwen_team_sess_82ddcfa15cdd: 5 terminal task(s)
