2026-08-23 23:39:12 | team | sess_82ddcfa15cdd | INFO | Team workspace directory ensured at /srv/jwteam_clone/shared/run_current
2026-08-23 23:39:12 | team | sess_82ddcfa15cdd | INFO | AgentTeam manager initialized for jiuwen_team_sess_82ddcfa15cdd, member=team_leader
2026-08-23 23:39:12 | team | sess_82ddcfa15cdd | INFO | [team_leader] TeamPolicyRail static sections: section_names=['team_role', 'team_workflow', 'team_swarmflow', 'team_lifecycle', 'team_persona']
2026-08-23 23:39:12 | team | sess_82ddcfa15cdd | INFO | Session tables ready for session sess_82ddcfa15cdd
2026-08-23 23:39:12 | team | sess_82ddcfa15cdd | INFO | Team database initialized
2026-08-23 23:39:12 | team | default_trace_id | INFO | Team workspace directory ensured at /srv/jwteam_clone/shared/run_current
2026-08-23 23:39:12 | team | default_trace_id | INFO | AgentTeam manager initialized for jiuwen_team_sess_82ddcfa15cdd, member=executor1
2026-08-23 23:39:12 | team | default_trace_id | INFO | [executor1] TeamPolicyRail static sections: section_names=['team_role', 'team_persona']
2026-08-23 23:39:12 | team | sess_82ddcfa15cdd | INFO | [executor1] invoke start, role=teammate
2026-08-23 23:39:12 | team | sess_82ddcfa15cdd | INFO | [executor1] coordination starting
2026-08-23 23:39:12 | team | sess_82ddcfa15cdd | INFO | Session tables ready for session sess_82ddcfa15cdd
2026-08-23 23:39:12 | team | sess_82ddcfa15cdd | INFO | Workspace /srv/jwteam_clone/shared/run_current initialized as plain shared directory (version_control disabled)
2026-08-23 23:39:12 | team | sess_82ddcfa15cdd | INFO | EventBus[teammate] starting
2026-08-23 23:40:50 | team | sess_82ddcfa15cdd | INFO | [executor1] HITT section refresh: human_agent_names=[]
2026-08-23 23:42:40 | team | sess_82ddcfa15cdd | INFO | [executor1] processing 1 unread messages (steer=True)
2026-08-23 23:42:40 | team | sess_82ddcfa15cdd | INFO | Message 9e16779a-cc01-465f-8463-e04efe2cd889 marked as read by executor1
2026-08-23 23:42:43 | team | sess_82ddcfa15cdd | INFO | Task implement claimed by member executor1
2026-08-23 23:42:43 | team | sess_82ddcfa15cdd | INFO | Task implement claimed by member executor1
2026-08-23 23:43:02 | team | sess_82ddcfa15cdd | INFO | [executor1] processing 1 unread messages (steer=True)
2026-08-23 23:43:02 | team | sess_82ddcfa15cdd | INFO | Message 5f79b94c-4aec-472f-b611-9b12288358e6 marked as read by executor1
2026-08-23 23:43:02 | team | sess_82ddcfa15cdd | INFO | task list drained for team jiuwen_team_sess_82ddcfa15cdd: 3 terminal task(s)
2026-08-23 23:45:10 | team | sess_82ddcfa15cdd | INFO | [executor1] received TASK_CLAIMED for self, task_id=fix_implement, human_agent=False
2026-08-23 23:45:29 | team | sess_82ddcfa15cdd | INFO | [executor1] processing 1 unread messages (steer=True)
2026-08-23 23:45:29 | team | sess_82ddcfa15cdd | INFO | Message c3348225-6cfa-4176-8e96-51d938eb7d82 marked as read by executor1
2026-08-23 23:46:37 | team | sess_82ddcfa15cdd | INFO | Message 1c442d39-199a-44e8-a074-6918028ae1e2 created
2026-08-23 23:47:11 | team | sess_82ddcfa15cdd | INFO | [executor1] processing 1 unread messages (steer=True)
2026-08-23 23:47:11 | team | sess_82ddcfa15cdd | INFO | Message a7dcc66b-9dc3-4a75-bd63-7df8764ba2eb marked as read by executor1
2026-08-23 23:50:32 | team | sess_82ddcfa15cdd | INFO | Task fix_implement completed at 1787525432552
2026-08-23 23:50:32 | team | sess_82ddcfa15cdd | INFO | Message dab79ec9-04db-4b38-9e01-53504f78e2d4 created
2026-08-23 23:50:32 | team | sess_82ddcfa15cdd | INFO | Task fix_implement completed
