2026-08-09 19:34:10 | team | sess_ed6de2aa55d1 | INFO | Team workspace directory ensured at /srv/jwteam_clone/shared/run_current
2026-08-09 19:34:10 | team | sess_ed6de2aa55d1 | INFO | AgentTeam manager initialized for jiuwen_team_sess_ed6de2aa55d1, member=team_leader
2026-08-09 19:34:10 | team | sess_ed6de2aa55d1 | INFO | [team_leader] TeamPolicyRail static sections: section_names=['team_role', 'team_workflow', 'team_swarmflow', 'team_lifecycle', 'team_persona']
2026-08-09 19:34:11 | team | sess_ed6de2aa55d1 | INFO | Session tables ready for session sess_ed6de2aa55d1
2026-08-09 19:34:11 | team | sess_ed6de2aa55d1 | INFO | Team database initialized
2026-08-09 19:34:11 | team | default_trace_id | INFO | Team workspace directory ensured at /srv/jwteam_clone/shared/run_current
2026-08-09 19:34:11 | team | default_trace_id | INFO | AgentTeam manager initialized for jiuwen_team_sess_ed6de2aa55d1, member=executor3
2026-08-09 19:34:11 | team | default_trace_id | INFO | [executor3] TeamPolicyRail static sections: section_names=['team_role', 'team_persona']
2026-08-09 19:34:11 | team | sess_ed6de2aa55d1 | INFO | [executor3] invoke start, role=teammate
2026-08-09 19:34:11 | team | sess_ed6de2aa55d1 | INFO | [executor3] coordination starting
2026-08-09 19:34:11 | team | sess_ed6de2aa55d1 | INFO | Session tables ready for session sess_ed6de2aa55d1
2026-08-09 19:34:11 | team | sess_ed6de2aa55d1 | INFO | Workspace /srv/jwteam_clone/shared/run_current initialized as plain shared directory (version_control disabled)
2026-08-09 19:34:11 | team | sess_ed6de2aa55d1 | INFO | EventBus[teammate] starting
2026-08-09 19:34:26 | team | sess_ed6de2aa55d1 | INFO | [executor3] HITT section refresh: human_agent_names=[]
2026-08-09 19:34:37 | team | sess_ed6de2aa55d1 | INFO | [executor3] processing 1 unread messages (steer=True)
2026-08-09 19:34:37 | team | sess_ed6de2aa55d1 | INFO | Message 0deacfd8-154a-4e0a-a4b9-a5dc8e010ede marked as read by executor3
2026-08-09 19:35:53 | team | sess_ed6de2aa55d1 | INFO | [executor3] processing 1 unread messages (steer=True)
2026-08-09 19:35:53 | team | sess_ed6de2aa55d1 | INFO | Message e45e3290-f146-4b16-9c82-6943dcc33b5c marked as read by executor3
2026-08-09 19:36:05 | team | sess_ed6de2aa55d1 | INFO | Message 6b35dc88-eac1-45f9-9648-cc0b74564f94 created
2026-08-09 19:36:56 | team | sess_ed6de2aa55d1 | INFO | [executor3] processing 1 unread messages (steer=True)
2026-08-09 19:36:56 | team | sess_ed6de2aa55d1 | INFO | Message f24887b0-b41f-4729-a073-354c4a63f5e3 marked as read by executor3
2026-08-09 19:37:03 | team | sess_ed6de2aa55d1 | INFO | Message 9639ff20-8289-4104-b0d1-10f26505e452 created
2026-08-09 19:37:21 | team | sess_ed6de2aa55d1 | INFO | [executor3] processing 1 unread messages (steer=True)
2026-08-09 19:37:21 | team | sess_ed6de2aa55d1 | INFO | Message 0549a601-c892-4922-b4ec-1a1394bb7fb1 marked as read by executor3
2026-08-09 19:37:36 | team | sess_ed6de2aa55d1 | INFO | Message 8b2ec782-e798-4849-8897-f1776b05f739 created
2026-08-09 19:49:29 | team | sess_ed6de2aa55d1 | INFO | task list drained for team jiuwen_team_sess_ed6de2aa55d1: 3 terminal task(s)
2026-08-09 19:49:50 | team | sess_ed6de2aa55d1 | INFO | [executor3] processing 1 unread messages (steer=True)
2026-08-09 19:49:50 | team | sess_ed6de2aa55d1 | INFO | Message 4c0ccda3-755d-46f3-8b7f-04c5af1537a9 marked as read by executor3
2026-08-09 19:50:49 | team | sess_ed6de2aa55d1 | INFO | team jiuwen_team_sess_ed6de2aa55d1 reported completed: 9 members, 3 tasks
2026-08-09 19:50:49 | team | sess_ed6de2aa55d1 | INFO | [executor3] received TEAM_STANDBY, pausing polls
2026-08-09 19:50:49 | team | sess_ed6de2aa55d1 | INFO | EventBus[teammate] pausing polls
