2026-08-09 19:34:13 | team | sess_ed6de2aa55d1 | INFO | Team workspace directory ensured at /srv/jwteam_clone/shared/run_current
2026-08-09 19:34:13 | team | sess_ed6de2aa55d1 | INFO | AgentTeam manager initialized for jiuwen_team_sess_ed6de2aa55d1, member=team_leader
2026-08-09 19:34:13 | team | sess_ed6de2aa55d1 | INFO | [team_leader] TeamPolicyRail static sections: section_names=['team_role', 'team_workflow', 'team_swarmflow', 'team_lifecycle', 'team_persona']
2026-08-09 19:34:13 | team | sess_ed6de2aa55d1 | INFO | Session tables ready for session sess_ed6de2aa55d1
2026-08-09 19:34:13 | team | sess_ed6de2aa55d1 | INFO | Team database initialized
2026-08-09 19:34:13 | team | default_trace_id | INFO | Team workspace directory ensured at /srv/jwteam_clone/shared/run_current
2026-08-09 19:34:13 | team | default_trace_id | INFO | AgentTeam manager initialized for jiuwen_team_sess_ed6de2aa55d1, member=verifier2
2026-08-09 19:34:13 | team | default_trace_id | INFO | [verifier2] TeamPolicyRail static sections: section_names=['team_role', 'team_persona']
2026-08-09 19:34:13 | team | sess_ed6de2aa55d1 | INFO | [verifier2] invoke start, role=teammate
2026-08-09 19:34:13 | team | sess_ed6de2aa55d1 | INFO | [verifier2] coordination starting
2026-08-09 19:34:13 | team | sess_ed6de2aa55d1 | INFO | Session tables ready for session sess_ed6de2aa55d1
2026-08-09 19:34:13 | team | sess_ed6de2aa55d1 | INFO | Workspace /srv/jwteam_clone/shared/run_current initialized as plain shared directory (version_control disabled)
2026-08-09 19:34:13 | team | sess_ed6de2aa55d1 | INFO | EventBus[teammate] starting
2026-08-09 19:34:27 | team | sess_ed6de2aa55d1 | INFO | [verifier2] HITT section refresh: human_agent_names=[]
2026-08-09 19:34:37 | team | sess_ed6de2aa55d1 | INFO | [verifier2] processing 1 unread messages (steer=True)
2026-08-09 19:34:37 | team | sess_ed6de2aa55d1 | INFO | Message 0deacfd8-154a-4e0a-a4b9-a5dc8e010ede marked as read by verifier2
2026-08-09 19:34:55 | team | sess_ed6de2aa55d1 | INFO | Message 2e350729-093b-440c-b508-00c31e964e72 created
2026-08-09 19:35:11 | team | sess_ed6de2aa55d1 | INFO | [verifier2] processing 1 unread messages (steer=True)
2026-08-09 19:35:11 | team | sess_ed6de2aa55d1 | INFO | Message b8419c99-a9a3-4020-b51a-c8d198b9bf87 marked as read by verifier2
2026-08-09 19:48:08 | team | sess_ed6de2aa55d1 | INFO | Message 7dfc0a54-d17f-4427-a224-1fe69e99daba created
2026-08-09 19:49:04 | team | sess_ed6de2aa55d1 | INFO | [verifier2] processing 1 unread messages (steer=True)
2026-08-09 19:49:04 | team | sess_ed6de2aa55d1 | INFO | Message 58c2c1af-b34a-456f-aabf-3a4e938361ea marked as read by verifier2
2026-08-09 19:49:29 | team | sess_ed6de2aa55d1 | INFO | task list drained for team jiuwen_team_sess_ed6de2aa55d1: 3 terminal task(s)
2026-08-09 19:49:47 | team | sess_ed6de2aa55d1 | INFO | Message 0d94e641-d791-4105-bcfc-380a9a7d24dd created
2026-08-09 19:49:50 | team | sess_ed6de2aa55d1 | INFO | [verifier2] processing 1 unread messages (steer=True)
2026-08-09 19:49:50 | team | sess_ed6de2aa55d1 | INFO | Message 4c0ccda3-755d-46f3-8b7f-04c5af1537a9 marked as read by verifier2
2026-08-09 19:49:53 | team | sess_ed6de2aa55d1 | INFO | [verifier2] processing 1 unread messages (steer=True)
2026-08-09 19:49:53 | team | sess_ed6de2aa55d1 | INFO | Message d5d8ba36-a786-45f3-a8ef-3ab84ad09cc0 marked as read by verifier2
2026-08-09 19:50:49 | team | sess_ed6de2aa55d1 | INFO | team jiuwen_team_sess_ed6de2aa55d1 reported completed: 9 members, 3 tasks
2026-08-09 19:50:49 | team | sess_ed6de2aa55d1 | INFO | [verifier2] received TEAM_STANDBY, pausing polls
2026-08-09 19:50:49 | team | sess_ed6de2aa55d1 | INFO | EventBus[teammate] pausing polls
