2026-08-09 19:34:06 | team | sess_ed6de2aa55d1 | INFO | Team workspace directory ensured at /srv/jwteam_clone/shared/run_current
2026-08-09 19:34:06 | team | sess_ed6de2aa55d1 | INFO | AgentTeam manager initialized for jiuwen_team_sess_ed6de2aa55d1, member=team_leader
2026-08-09 19:34:06 | team | sess_ed6de2aa55d1 | INFO | [team_leader] TeamPolicyRail static sections: section_names=['team_role', 'team_workflow', 'team_swarmflow', 'team_lifecycle', 'team_persona']
2026-08-09 19:34:06 | team | sess_ed6de2aa55d1 | INFO | Session tables ready for session sess_ed6de2aa55d1
2026-08-09 19:34:06 | team | sess_ed6de2aa55d1 | INFO | Team database initialized
2026-08-09 19:34:06 | team | default_trace_id | INFO | Team workspace directory ensured at /srv/jwteam_clone/shared/run_current
2026-08-09 19:34:06 | team | default_trace_id | INFO | AgentTeam manager initialized for jiuwen_team_sess_ed6de2aa55d1, member=planner1
2026-08-09 19:34:06 | team | default_trace_id | INFO | [planner1] TeamPolicyRail static sections: section_names=['team_role', 'team_persona']
2026-08-09 19:34:06 | team | sess_ed6de2aa55d1 | INFO | [planner1] invoke start, role=teammate
2026-08-09 19:34:06 | team | sess_ed6de2aa55d1 | INFO | [planner1] coordination starting
2026-08-09 19:34:06 | team | sess_ed6de2aa55d1 | INFO | Session tables ready for session sess_ed6de2aa55d1
2026-08-09 19:34:06 | team | sess_ed6de2aa55d1 | INFO | Workspace /srv/jwteam_clone/shared/run_current initialized as plain shared directory (version_control disabled)
2026-08-09 19:34:06 | team | sess_ed6de2aa55d1 | INFO | EventBus[teammate] starting
2026-08-09 19:34:27 | team | sess_ed6de2aa55d1 | INFO | [planner1] HITT section refresh: human_agent_names=[]
2026-08-09 19:34:37 | team | sess_ed6de2aa55d1 | INFO | [planner1] processing 1 unread messages (steer=True)
2026-08-09 19:34:37 | team | sess_ed6de2aa55d1 | INFO | Message 0deacfd8-154a-4e0a-a4b9-a5dc8e010ede marked as read by planner1
2026-08-09 19:34:42 | team | sess_ed6de2aa55d1 | INFO | [planner1] processing 1 unread messages (steer=True)
2026-08-09 19:34:42 | team | sess_ed6de2aa55d1 | INFO | Message af19d68f-4c9f-41ad-89ec-b474976d6244 marked as read by planner1
2026-08-09 19:34:55 | team | sess_ed6de2aa55d1 | INFO | Message 84898569-ebfb-4d73-9bb8-16395210ee83 created
2026-08-09 19:35:05 | team | sess_ed6de2aa55d1 | INFO | Message ef78b911-27b0-45b1-8fb0-b003bfc69a4f created
2026-08-09 19:35:35 | team | sess_ed6de2aa55d1 | INFO | [planner1] processing 1 unread messages (steer=True)
2026-08-09 19:35:35 | team | sess_ed6de2aa55d1 | INFO | Message c548b02e-3f0e-4c07-afa0-37c28b87e90f marked as read by planner1
2026-08-09 19:35:46 | team | sess_ed6de2aa55d1 | INFO | [planner1] processing 1 unread messages (steer=True)
2026-08-09 19:35:46 | team | sess_ed6de2aa55d1 | INFO | Message e58385d7-5104-45d0-b10d-d0fe843f602d marked as read by planner1
2026-08-09 19:35:52 | team | sess_ed6de2aa55d1 | INFO | Message 63e9ec1c-f59e-4e81-bd9f-f2a6ef8e2898 created
2026-08-09 19:36:03 | team | sess_ed6de2aa55d1 | INFO | Message 9e9fd7ad-d704-4d9c-93d5-189045acb61c created
2026-08-09 19:36:03 | team | sess_ed6de2aa55d1 | INFO | Message d5e93a50-6969-4fc0-adfb-1f82735cfbbf created
2026-08-09 19:36:09 | team | sess_ed6de2aa55d1 | INFO | [planner1] processing 1 unread messages (steer=True)
2026-08-09 19:36:09 | team | sess_ed6de2aa55d1 | INFO | Message 2da448d9-5b83-43db-b18e-f60bb3f07fe8 marked as read by planner1
2026-08-09 19:36:32 | team | sess_ed6de2aa55d1 | INFO | Message beaa90ca-0250-40ca-b898-792c7905c484 created
2026-08-09 19:36:32 | team | sess_ed6de2aa55d1 | INFO | Message 03cafa9c-513f-40ab-849c-61e3c1e8c038 created
2026-08-09 19:37:21 | team | sess_ed6de2aa55d1 | INFO | [planner1] processing 1 unread messages (steer=True)
2026-08-09 19:37:21 | team | sess_ed6de2aa55d1 | INFO | Message 0b261e82-ea6c-46a4-9dde-79c3cd74990b marked as read by planner1
2026-08-09 19:37:40 | team | sess_ed6de2aa55d1 | INFO | Message 9c8bf938-ced6-4cf6-af41-1a40ff0ecd96 created
2026-08-09 19:37:40 | team | sess_ed6de2aa55d1 | INFO | Message 4d66424f-7c17-4ab5-9216-fe863fb59fc2 created
2026-08-09 19:37:58 | team | sess_ed6de2aa55d1 | INFO | [planner1] processing 1 unread messages (steer=True)
2026-08-09 19:37:58 | team | sess_ed6de2aa55d1 | INFO | Message 74b2345c-ccd1-4293-9cbd-3b77d45a60e5 marked as read by planner1
2026-08-09 19:38:05 | team | sess_ed6de2aa55d1 | INFO | Message 75072ffb-3744-4a7b-adba-ccc2008dd892 created
2026-08-09 19:49:29 | team | sess_ed6de2aa55d1 | INFO | task list drained for team jiuwen_team_sess_ed6de2aa55d1: 3 terminal task(s)
2026-08-09 19:49:50 | team | sess_ed6de2aa55d1 | INFO | [planner1] processing 1 unread messages (steer=True)
2026-08-09 19:49:50 | team | sess_ed6de2aa55d1 | INFO | Message 4c0ccda3-755d-46f3-8b7f-04c5af1537a9 marked as read by planner1
2026-08-09 19:50:07 | team | sess_ed6de2aa55d1 | INFO | Message c70474a8-a9f2-49e9-b414-b13eaa03771c created
2026-08-09 19:50:07 | team | sess_ed6de2aa55d1 | INFO | Message 0c19fcbc-cc9b-44eb-96b0-169ec839798f created
2026-08-09 19:50:49 | team | sess_ed6de2aa55d1 | INFO | team jiuwen_team_sess_ed6de2aa55d1 reported completed: 9 members, 3 tasks
2026-08-09 19:50:49 | team | sess_ed6de2aa55d1 | INFO | [planner1] received TEAM_STANDBY, pausing polls
2026-08-09 19:50:49 | team | sess_ed6de2aa55d1 | INFO | EventBus[teammate] pausing polls
