2026-08-09 19:34:14 | team | sess_ed6de2aa55d1 | INFO | Team workspace directory ensured at /srv/jwteam_clone/shared/run_current
2026-08-09 19:34:14 | team | sess_ed6de2aa55d1 | INFO | AgentTeam manager initialized for jiuwen_team_sess_ed6de2aa55d1, member=team_leader
2026-08-09 19:34:14 | team | sess_ed6de2aa55d1 | INFO | [team_leader] TeamPolicyRail static sections: section_names=['team_role', 'team_workflow', 'team_swarmflow', 'team_lifecycle', 'team_persona']
2026-08-09 19:34:14 | team | sess_ed6de2aa55d1 | INFO | Session tables ready for session sess_ed6de2aa55d1
2026-08-09 19:34:14 | team | sess_ed6de2aa55d1 | INFO | Team database initialized
2026-08-09 19:34:14 | team | default_trace_id | INFO | Team workspace directory ensured at /srv/jwteam_clone/shared/run_current
2026-08-09 19:34:14 | team | default_trace_id | INFO | AgentTeam manager initialized for jiuwen_team_sess_ed6de2aa55d1, member=fullstack1
2026-08-09 19:34:14 | team | default_trace_id | INFO | [fullstack1] TeamPolicyRail static sections: section_names=['team_role', 'team_persona']
2026-08-09 19:34:14 | team | sess_ed6de2aa55d1 | INFO | [fullstack1] invoke start, role=teammate
2026-08-09 19:34:14 | team | sess_ed6de2aa55d1 | INFO | [fullstack1] coordination starting
2026-08-09 19:34:14 | team | sess_ed6de2aa55d1 | INFO | Session tables ready for session sess_ed6de2aa55d1
2026-08-09 19:34:14 | team | sess_ed6de2aa55d1 | INFO | Workspace /srv/jwteam_clone/shared/run_current initialized as plain shared directory (version_control disabled)
2026-08-09 19:34:14 | team | sess_ed6de2aa55d1 | INFO | EventBus[teammate] starting
2026-08-09 19:34:26 | team | sess_ed6de2aa55d1 | INFO | [fullstack1] HITT section refresh: human_agent_names=[]
2026-08-09 19:34:37 | team | sess_ed6de2aa55d1 | INFO | [fullstack1] processing 1 unread messages (steer=True)
2026-08-09 19:34:37 | team | sess_ed6de2aa55d1 | INFO | Message 0deacfd8-154a-4e0a-a4b9-a5dc8e010ede marked as read by fullstack1
2026-08-09 19:36:26 | team | sess_ed6de2aa55d1 | INFO | Task implement claimed by member fullstack1
2026-08-09 19:36:26 | team | sess_ed6de2aa55d1 | INFO | Task implement claimed by member fullstack1
2026-08-09 19:36:36 | team | sess_ed6de2aa55d1 | INFO | [fullstack1] processing 1 unread messages (steer=True)
2026-08-09 19:36:36 | team | sess_ed6de2aa55d1 | INFO | Message b1e7cabb-4849-4524-b569-bea6eaf62c00 marked as read by fullstack1
2026-08-09 19:36:49 | team | sess_ed6de2aa55d1 | INFO | [fullstack1] processing 1 unread messages (steer=True)
2026-08-09 19:36:49 | team | sess_ed6de2aa55d1 | INFO | Message 903de54e-325e-4b22-865a-cb0990738058 marked as read by fullstack1
2026-08-09 19:49:29 | team | sess_ed6de2aa55d1 | INFO | task list drained for team jiuwen_team_sess_ed6de2aa55d1: 3 terminal task(s)
2026-08-09 19:49:50 | team | sess_ed6de2aa55d1 | INFO | [fullstack1] processing 1 unread messages (steer=True)
2026-08-09 19:49:50 | team | sess_ed6de2aa55d1 | INFO | Message 4c0ccda3-755d-46f3-8b7f-04c5af1537a9 marked as read by fullstack1
2026-08-09 19:50:49 | team | sess_ed6de2aa55d1 | INFO | team jiuwen_team_sess_ed6de2aa55d1 reported completed: 9 members, 3 tasks
2026-08-09 19:50:49 | team | sess_ed6de2aa55d1 | INFO | [fullstack1] received TEAM_STANDBY, pausing polls
2026-08-09 19:50:49 | team | sess_ed6de2aa55d1 | INFO | EventBus[teammate] pausing polls
