2026-08-09 19:34:12 | team | sess_ed6de2aa55d1 | INFO | Team workspace directory ensured at /srv/jwteam_clone/shared/run_current
2026-08-09 19:34:12 | team | sess_ed6de2aa55d1 | INFO | AgentTeam manager initialized for jiuwen_team_sess_ed6de2aa55d1, member=team_leader
2026-08-09 19:34:12 | team | sess_ed6de2aa55d1 | INFO | [team_leader] TeamPolicyRail static sections: section_names=['team_role', 'team_workflow', 'team_swarmflow', 'team_lifecycle', 'team_persona']
2026-08-09 19:34:12 | team | sess_ed6de2aa55d1 | INFO | Session tables ready for session sess_ed6de2aa55d1
2026-08-09 19:34:12 | team | sess_ed6de2aa55d1 | INFO | Team database initialized
2026-08-09 19:34:12 | team | default_trace_id | INFO | Team workspace directory ensured at /srv/jwteam_clone/shared/run_current
2026-08-09 19:34:12 | team | default_trace_id | INFO | AgentTeam manager initialized for jiuwen_team_sess_ed6de2aa55d1, member=verifier1
2026-08-09 19:34:12 | team | default_trace_id | INFO | [verifier1] TeamPolicyRail static sections: section_names=['team_role', 'team_persona']
2026-08-09 19:34:12 | team | sess_ed6de2aa55d1 | INFO | [verifier1] invoke start, role=teammate
2026-08-09 19:34:12 | team | sess_ed6de2aa55d1 | INFO | [verifier1] coordination starting
2026-08-09 19:34:12 | team | sess_ed6de2aa55d1 | INFO | Session tables ready for session sess_ed6de2aa55d1
2026-08-09 19:34:12 | team | sess_ed6de2aa55d1 | INFO | Workspace /srv/jwteam_clone/shared/run_current initialized as plain shared directory (version_control disabled)
2026-08-09 19:34:12 | team | sess_ed6de2aa55d1 | INFO | EventBus[teammate] starting
2026-08-09 19:34:26 | team | sess_ed6de2aa55d1 | INFO | [verifier1] HITT section refresh: human_agent_names=[]
2026-08-09 19:34:37 | team | sess_ed6de2aa55d1 | INFO | [verifier1] processing 1 unread messages (steer=True)
2026-08-09 19:34:37 | team | sess_ed6de2aa55d1 | INFO | Message 0deacfd8-154a-4e0a-a4b9-a5dc8e010ede marked as read by verifier1
2026-08-09 19:35:04 | team | sess_ed6de2aa55d1 | INFO | Message 57f199de-3306-4252-a53b-01125accfc43 created
2026-08-09 19:35:46 | team | sess_ed6de2aa55d1 | INFO | [verifier1] processing 1 unread messages (steer=True)
2026-08-09 19:35:46 | team | sess_ed6de2aa55d1 | INFO | Message cd506006-332e-4636-9160-aaac853dbd10 marked as read by verifier1
2026-08-09 19:47:50 | team | sess_ed6de2aa55d1 | INFO | [verifier1] processing 1 unread messages (steer=True)
2026-08-09 19:47:50 | team | sess_ed6de2aa55d1 | INFO | Message 9defb29e-58cc-40e8-a9e8-193b2fd512da marked as read by verifier1
2026-08-09 19:47:56 | team | sess_ed6de2aa55d1 | INFO | Task verify claimed by member verifier1
2026-08-09 19:47:56 | team | sess_ed6de2aa55d1 | INFO | Task verify claimed by member verifier1
2026-08-09 19:48:08 | team | sess_ed6de2aa55d1 | INFO | [verifier1] processing 1 unread messages (steer=True)
2026-08-09 19:48:08 | team | sess_ed6de2aa55d1 | INFO | Message 7dfc0a54-d17f-4427-a224-1fe69e99daba marked as read by verifier1
2026-08-09 19:48:32 | team | sess_ed6de2aa55d1 | INFO | [verifier1] processing 1 unread messages (steer=True)
2026-08-09 19:48:32 | team | sess_ed6de2aa55d1 | INFO | Message c2f39d24-9c80-4c4f-8a54-c1d58e0c8c39 marked as read by verifier1
2026-08-09 19:49:04 | team | sess_ed6de2aa55d1 | INFO | Message 0db42978-45ce-40a2-aa28-9f0246923b34 created
2026-08-09 19:49:04 | team | sess_ed6de2aa55d1 | INFO | Message 58c2c1af-b34a-456f-aabf-3a4e938361ea created
2026-08-09 19:49:12 | team | sess_ed6de2aa55d1 | INFO | [verifier1] processing 1 unread messages (steer=True)
2026-08-09 19:49:12 | team | sess_ed6de2aa55d1 | INFO | Message d0922f75-e287-4d15-a616-67cc1d0f00b3 marked as read by verifier1
2026-08-09 19:49:29 | team | sess_ed6de2aa55d1 | INFO | Task verify completed at 1786301369059
2026-08-09 19:49:29 | team | sess_ed6de2aa55d1 | INFO | Message f467d3a1-e341-4f4f-8325-fd4627f31e06 created
2026-08-09 19:49:29 | team | sess_ed6de2aa55d1 | INFO | Message 25e4db24-c9ee-4507-8ba4-c4d83b5be38b created
2026-08-09 19:49:29 | team | sess_ed6de2aa55d1 | INFO | Task verify completed
2026-08-09 19:49:47 | team | sess_ed6de2aa55d1 | INFO | [verifier1] processing 1 unread messages (steer=True)
2026-08-09 19:49:47 | team | sess_ed6de2aa55d1 | INFO | Message 0d94e641-d791-4105-bcfc-380a9a7d24dd marked as read by verifier1
2026-08-09 19:49:50 | team | sess_ed6de2aa55d1 | INFO | [verifier1] processing 1 unread messages (steer=True)
2026-08-09 19:49:50 | team | sess_ed6de2aa55d1 | INFO | Message 4c0ccda3-755d-46f3-8b7f-04c5af1537a9 marked as read by verifier1
2026-08-09 19:49:53 | team | sess_ed6de2aa55d1 | INFO | Message d5d8ba36-a786-45f3-a8ef-3ab84ad09cc0 created
2026-08-09 19:50:49 | team | sess_ed6de2aa55d1 | INFO | team jiuwen_team_sess_ed6de2aa55d1 reported completed: 9 members, 3 tasks
2026-08-09 19:50:49 | team | sess_ed6de2aa55d1 | INFO | [verifier1] received TEAM_STANDBY, pausing polls
2026-08-09 19:50:49 | team | sess_ed6de2aa55d1 | INFO | EventBus[teammate] pausing polls
