2026-08-09 19:34:08 | team | sess_ed6de2aa55d1 | INFO | Team workspace directory ensured at /srv/jwteam_clone/shared/run_current
2026-08-09 19:34:08 | team | sess_ed6de2aa55d1 | INFO | AgentTeam manager initialized for jiuwen_team_sess_ed6de2aa55d1, member=team_leader
2026-08-09 19:34:08 | team | sess_ed6de2aa55d1 | INFO | [team_leader] TeamPolicyRail static sections: section_names=['team_role', 'team_workflow', 'team_swarmflow', 'team_lifecycle', 'team_persona']
2026-08-09 19:34:08 | team | sess_ed6de2aa55d1 | INFO | Session tables ready for session sess_ed6de2aa55d1
2026-08-09 19:34:08 | team | sess_ed6de2aa55d1 | INFO | Team database initialized
2026-08-09 19:34:08 | team | default_trace_id | INFO | Team workspace directory ensured at /srv/jwteam_clone/shared/run_current
2026-08-09 19:34:08 | team | default_trace_id | INFO | AgentTeam manager initialized for jiuwen_team_sess_ed6de2aa55d1, member=executor1
2026-08-09 19:34:08 | team | default_trace_id | INFO | [executor1] TeamPolicyRail static sections: section_names=['team_role', 'team_persona']
2026-08-09 19:34:09 | team | sess_ed6de2aa55d1 | INFO | [executor1] invoke start, role=teammate
2026-08-09 19:34:09 | team | sess_ed6de2aa55d1 | INFO | [executor1] coordination starting
2026-08-09 19:34:09 | team | sess_ed6de2aa55d1 | INFO | Session tables ready for session sess_ed6de2aa55d1
2026-08-09 19:34:09 | team | sess_ed6de2aa55d1 | INFO | Workspace /srv/jwteam_clone/shared/run_current initialized as plain shared directory (version_control disabled)
2026-08-09 19:34:09 | team | sess_ed6de2aa55d1 | INFO | EventBus[teammate] starting
2026-08-09 19:34:27 | team | sess_ed6de2aa55d1 | INFO | [executor1] HITT section refresh: human_agent_names=[]
2026-08-09 19:34:37 | team | sess_ed6de2aa55d1 | INFO | [executor1] processing 1 unread messages (steer=True)
2026-08-09 19:34:37 | team | sess_ed6de2aa55d1 | INFO | Message 0deacfd8-154a-4e0a-a4b9-a5dc8e010ede marked as read by executor1
2026-08-09 19:36:43 | team | sess_ed6de2aa55d1 | INFO | Task implement claimed by member executor1
2026-08-09 19:36:43 | team | sess_ed6de2aa55d1 | INFO | Task implement claimed by member executor1
2026-08-09 19:37:03 | team | sess_ed6de2aa55d1 | INFO | [executor1] processing 1 unread messages (steer=True)
2026-08-09 19:37:03 | team | sess_ed6de2aa55d1 | INFO | Message 9639ff20-8289-4104-b0d1-10f26505e452 marked as read by executor1
2026-08-09 19:37:14 | team | sess_ed6de2aa55d1 | INFO | [executor1] processing 1 unread messages (steer=True)
2026-08-09 19:37:14 | team | sess_ed6de2aa55d1 | INFO | Message 634444df-dbc6-4f74-a765-5259e926d8a3 marked as read by executor1
2026-08-09 19:37:21 | team | sess_ed6de2aa55d1 | INFO | [executor1] processing 1 unread messages (steer=True)
2026-08-09 19:37:21 | team | sess_ed6de2aa55d1 | INFO | Message bcf9e404-eed0-490c-ab0c-5ae13fef1c55 marked as read by executor1
2026-08-09 19:37:21 | team | sess_ed6de2aa55d1 | INFO | Message 0549a601-c892-4922-b4ec-1a1394bb7fb1 created
2026-08-09 19:37:36 | team | sess_ed6de2aa55d1 | INFO | [executor1] processing 1 unread messages (steer=True)
2026-08-09 19:37:36 | team | sess_ed6de2aa55d1 | INFO | Message 8b2ec782-e798-4849-8897-f1776b05f739 marked as read by executor1
2026-08-09 19:46:49 | team | sess_ed6de2aa55d1 | INFO | [executor1] processing 1 unread messages (steer=True)
2026-08-09 19:46:49 | team | sess_ed6de2aa55d1 | INFO | Message 4c1dc929-585f-4919-a28b-d6bfb293b541 marked as read by executor1
2026-08-09 19:47:09 | team | sess_ed6de2aa55d1 | INFO | [executor1] self-nudged stale claimed task implement
2026-08-09 19:47:50 | team | sess_ed6de2aa55d1 | INFO | Message 9defb29e-58cc-40e8-a9e8-193b2fd512da created
2026-08-09 19:47:54 | team | sess_ed6de2aa55d1 | INFO | Task implement completed at 1786301274966
2026-08-09 19:47:54 | team | sess_ed6de2aa55d1 | INFO | Resolved 1 dependencies for task implement
2026-08-09 19:47:54 | team | sess_ed6de2aa55d1 | INFO | Task verify unblocked (all deps resolved)
2026-08-09 19:47:54 | team | sess_ed6de2aa55d1 | INFO | Task implement completed
2026-08-09 19:47:54 | team | sess_ed6de2aa55d1 | INFO | Unblocked 1 tasks
2026-08-09 19:48:00 | team | sess_ed6de2aa55d1 | INFO | Message a0a62a87-95a2-45fb-994b-eede4958b397 created
2026-08-09 19:48:12 | team | sess_ed6de2aa55d1 | INFO | [executor1] processing 1 unread messages (steer=True)
2026-08-09 19:48:12 | team | sess_ed6de2aa55d1 | INFO | Message 48e4cbbd-4bbf-4684-b038-04ffe5b986d4 marked as read by executor1
2026-08-09 19:49:29 | team | sess_ed6de2aa55d1 | INFO | task list drained for team jiuwen_team_sess_ed6de2aa55d1: 3 terminal task(s)
2026-08-09 19:49:50 | team | sess_ed6de2aa55d1 | INFO | [executor1] processing 1 unread messages (steer=True)
2026-08-09 19:49:50 | team | sess_ed6de2aa55d1 | INFO | Message 4c0ccda3-755d-46f3-8b7f-04c5af1537a9 marked as read by executor1
2026-08-09 19:50:49 | team | sess_ed6de2aa55d1 | INFO | team jiuwen_team_sess_ed6de2aa55d1 reported completed: 9 members, 3 tasks
2026-08-09 19:50:49 | team | sess_ed6de2aa55d1 | INFO | [executor1] received TEAM_STANDBY, pausing polls
2026-08-09 19:50:49 | team | sess_ed6de2aa55d1 | INFO | EventBus[teammate] pausing polls
