2026-08-09 19:34:10 | team | sess_ed6de2aa55d1 | INFO | Team workspace directory ensured at /srv/jwteam_clone/shared/run_current
2026-08-09 19:34:10 | team | sess_ed6de2aa55d1 | INFO | AgentTeam manager initialized for jiuwen_team_sess_ed6de2aa55d1, member=team_leader
2026-08-09 19:34:10 | team | sess_ed6de2aa55d1 | INFO | [team_leader] TeamPolicyRail static sections: section_names=['team_role', 'team_workflow', 'team_swarmflow', 'team_lifecycle', 'team_persona']
2026-08-09 19:34:10 | team | sess_ed6de2aa55d1 | INFO | Session tables ready for session sess_ed6de2aa55d1
2026-08-09 19:34:10 | team | sess_ed6de2aa55d1 | INFO | Team database initialized
2026-08-09 19:34:10 | team | default_trace_id | INFO | Team workspace directory ensured at /srv/jwteam_clone/shared/run_current
2026-08-09 19:34:10 | team | default_trace_id | INFO | AgentTeam manager initialized for jiuwen_team_sess_ed6de2aa55d1, member=executor2
2026-08-09 19:34:10 | team | default_trace_id | INFO | [executor2] TeamPolicyRail static sections: section_names=['team_role', 'team_persona']
2026-08-09 19:34:10 | team | sess_ed6de2aa55d1 | INFO | [executor2] invoke start, role=teammate
2026-08-09 19:34:10 | team | sess_ed6de2aa55d1 | INFO | [executor2] coordination starting
2026-08-09 19:34:10 | team | sess_ed6de2aa55d1 | INFO | Session tables ready for session sess_ed6de2aa55d1
2026-08-09 19:34:10 | team | sess_ed6de2aa55d1 | INFO | Workspace /srv/jwteam_clone/shared/run_current initialized as plain shared directory (version_control disabled)
2026-08-09 19:34:10 | team | sess_ed6de2aa55d1 | INFO | EventBus[teammate] starting
2026-08-09 19:34:26 | team | sess_ed6de2aa55d1 | INFO | [executor2] HITT section refresh: human_agent_names=[]
2026-08-09 19:34:37 | team | sess_ed6de2aa55d1 | INFO | [executor2] processing 1 unread messages (steer=True)
2026-08-09 19:34:37 | team | sess_ed6de2aa55d1 | INFO | Message 0deacfd8-154a-4e0a-a4b9-a5dc8e010ede marked as read by executor2
2026-08-09 19:34:42 | team | sess_ed6de2aa55d1 | INFO | Message af19d68f-4c9f-41ad-89ec-b474976d6244 created
2026-08-09 19:34:42 | team | sess_ed6de2aa55d1 | INFO | Message 4108b98f-dec2-456b-9452-0dd9be59020b created
2026-08-09 19:35:05 | team | sess_ed6de2aa55d1 | INFO | [executor2] processing 1 unread messages (steer=True)
2026-08-09 19:35:05 | team | sess_ed6de2aa55d1 | INFO | Message ef78b911-27b0-45b1-8fb0-b003bfc69a4f marked as read by executor2
2026-08-09 19:35:35 | team | sess_ed6de2aa55d1 | INFO | Message c548b02e-3f0e-4c07-afa0-37c28b87e90f created
2026-08-09 19:36:03 | team | sess_ed6de2aa55d1 | INFO | [executor2] processing 1 unread messages (steer=True)
2026-08-09 19:36:03 | team | sess_ed6de2aa55d1 | INFO | Message d5e93a50-6969-4fc0-adfb-1f82735cfbbf marked as read by executor2
2026-08-09 19:36:21 | team | sess_ed6de2aa55d1 | INFO | Message 109bddde-33c1-44e7-b20f-849e644123e0 created
2026-08-09 19:36:32 | team | sess_ed6de2aa55d1 | INFO | [executor2] processing 1 unread messages (steer=True)
2026-08-09 19:36:32 | team | sess_ed6de2aa55d1 | INFO | Message beaa90ca-0250-40ca-b898-792c7905c484 marked as read by executor2
2026-08-09 19:37:14 | team | sess_ed6de2aa55d1 | INFO | Message 634444df-dbc6-4f74-a765-5259e926d8a3 created
2026-08-09 19:48:32 | team | sess_ed6de2aa55d1 | INFO | Message c2f39d24-9c80-4c4f-8a54-c1d58e0c8c39 created
2026-08-09 19:49:04 | team | sess_ed6de2aa55d1 | INFO | [executor2] processing 1 unread messages (steer=True)
2026-08-09 19:49:04 | team | sess_ed6de2aa55d1 | INFO | Message 0db42978-45ce-40a2-aa28-9f0246923b34 marked as read by executor2
2026-08-09 19:49:12 | team | sess_ed6de2aa55d1 | INFO | Message d0922f75-e287-4d15-a616-67cc1d0f00b3 created
2026-08-09 19:49:29 | team | sess_ed6de2aa55d1 | INFO | [executor2] processing 1 unread messages (steer=True)
2026-08-09 19:49:29 | team | sess_ed6de2aa55d1 | INFO | Message f467d3a1-e341-4f4f-8325-fd4627f31e06 marked as read by executor2
2026-08-09 19:49:29 | team | sess_ed6de2aa55d1 | INFO | task list drained for team jiuwen_team_sess_ed6de2aa55d1: 3 terminal task(s)
2026-08-09 19:49:50 | team | sess_ed6de2aa55d1 | INFO | [executor2] processing 1 unread messages (steer=True)
2026-08-09 19:49:50 | team | sess_ed6de2aa55d1 | INFO | Message 4c0ccda3-755d-46f3-8b7f-04c5af1537a9 marked as read by executor2
2026-08-09 19:50:49 | team | sess_ed6de2aa55d1 | INFO | team jiuwen_team_sess_ed6de2aa55d1 reported completed: 9 members, 3 tasks
2026-08-09 19:50:49 | team | sess_ed6de2aa55d1 | INFO | [executor2] received TEAM_STANDBY, pausing polls
2026-08-09 19:50:49 | team | sess_ed6de2aa55d1 | INFO | EventBus[teammate] pausing polls
