2026-08-09 19:34:07 | team | sess_ed6de2aa55d1 | INFO | Team workspace directory ensured at /srv/jwteam_clone/shared/run_current
2026-08-09 19:34:07 | team | sess_ed6de2aa55d1 | INFO | AgentTeam manager initialized for jiuwen_team_sess_ed6de2aa55d1, member=team_leader
2026-08-09 19:34:07 | team | sess_ed6de2aa55d1 | INFO | [team_leader] TeamPolicyRail static sections: section_names=['team_role', 'team_workflow', 'team_swarmflow', 'team_lifecycle', 'team_persona']
2026-08-09 19:34:07 | team | sess_ed6de2aa55d1 | INFO | Session tables ready for session sess_ed6de2aa55d1
2026-08-09 19:34:07 | team | sess_ed6de2aa55d1 | INFO | Team database initialized
2026-08-09 19:34:07 | team | default_trace_id | INFO | Team workspace directory ensured at /srv/jwteam_clone/shared/run_current
2026-08-09 19:34:07 | team | default_trace_id | INFO | AgentTeam manager initialized for jiuwen_team_sess_ed6de2aa55d1, member=planner2
2026-08-09 19:34:07 | team | default_trace_id | INFO | [planner2] TeamPolicyRail static sections: section_names=['team_role', 'team_persona']
2026-08-09 19:34:07 | team | sess_ed6de2aa55d1 | INFO | [planner2] invoke start, role=teammate
2026-08-09 19:34:07 | team | sess_ed6de2aa55d1 | INFO | [planner2] coordination starting
2026-08-09 19:34:07 | team | sess_ed6de2aa55d1 | INFO | Session tables ready for session sess_ed6de2aa55d1
2026-08-09 19:34:07 | team | sess_ed6de2aa55d1 | INFO | Workspace /srv/jwteam_clone/shared/run_current initialized as plain shared directory (version_control disabled)
2026-08-09 19:34:07 | team | sess_ed6de2aa55d1 | INFO | EventBus[teammate] starting
2026-08-09 19:34:26 | team | sess_ed6de2aa55d1 | INFO | [planner2] HITT section refresh: human_agent_names=[]
2026-08-09 19:34:34 | team | sess_ed6de2aa55d1 | INFO | Task plan claimed by member planner2
2026-08-09 19:34:34 | team | sess_ed6de2aa55d1 | INFO | Task plan claimed by member planner2
2026-08-09 19:34:37 | team | sess_ed6de2aa55d1 | INFO | [planner2] processing 1 unread messages (steer=True)
2026-08-09 19:34:37 | team | sess_ed6de2aa55d1 | INFO | Message 0deacfd8-154a-4e0a-a4b9-a5dc8e010ede marked as read by planner2
2026-08-09 19:34:42 | team | sess_ed6de2aa55d1 | INFO | [planner2] processing 1 unread messages (steer=True)
2026-08-09 19:34:42 | team | sess_ed6de2aa55d1 | INFO | Message 4108b98f-dec2-456b-9452-0dd9be59020b marked as read by planner2
2026-08-09 19:35:52 | team | sess_ed6de2aa55d1 | INFO | [planner2] processing 1 unread messages (steer=True)
2026-08-09 19:35:52 | team | sess_ed6de2aa55d1 | INFO | Message 63e9ec1c-f59e-4e81-bd9f-f2a6ef8e2898 marked as read by planner2
2026-08-09 19:35:53 | team | sess_ed6de2aa55d1 | INFO | Message e45e3290-f146-4b16-9c82-6943dcc33b5c created
2026-08-09 19:36:05 | team | sess_ed6de2aa55d1 | INFO | [planner2] processing 1 unread messages (steer=True)
2026-08-09 19:36:05 | team | sess_ed6de2aa55d1 | INFO | Message 6b35dc88-eac1-45f9-9648-cc0b74564f94 marked as read by planner2
2026-08-09 19:36:09 | team | sess_ed6de2aa55d1 | INFO | Task plan completed at 1786300569187
2026-08-09 19:36:09 | team | sess_ed6de2aa55d1 | INFO | Message 2da448d9-5b83-43db-b18e-f60bb3f07fe8 created
2026-08-09 19:36:09 | team | sess_ed6de2aa55d1 | INFO | Resolved 1 dependencies for task plan
2026-08-09 19:36:09 | team | sess_ed6de2aa55d1 | INFO | Task implement unblocked (all deps resolved)
2026-08-09 19:36:09 | team | sess_ed6de2aa55d1 | INFO | Task plan completed
2026-08-09 19:36:09 | team | sess_ed6de2aa55d1 | INFO | Unblocked 1 tasks
2026-08-09 19:36:21 | team | sess_ed6de2aa55d1 | INFO | [planner2] processing 1 unread messages (steer=True)
2026-08-09 19:36:21 | team | sess_ed6de2aa55d1 | INFO | Message 109bddde-33c1-44e7-b20f-849e644123e0 marked as read by planner2
2026-08-09 19:36:32 | team | sess_ed6de2aa55d1 | INFO | [planner2] processing 1 unread messages (steer=True)
2026-08-09 19:36:32 | team | sess_ed6de2aa55d1 | INFO | Message 03cafa9c-513f-40ab-849c-61e3c1e8c038 marked as read by planner2
2026-08-09 19:36:56 | team | sess_ed6de2aa55d1 | INFO | Message f24887b0-b41f-4729-a073-354c4a63f5e3 created
2026-08-09 19:37:21 | team | sess_ed6de2aa55d1 | INFO | Message bcf9e404-eed0-490c-ab0c-5ae13fef1c55 created
2026-08-09 19:37:21 | team | sess_ed6de2aa55d1 | INFO | Message 0b261e82-ea6c-46a4-9dde-79c3cd74990b created
2026-08-09 19:37:40 | team | sess_ed6de2aa55d1 | INFO | [planner2] processing 1 unread messages (steer=True)
2026-08-09 19:37:40 | team | sess_ed6de2aa55d1 | INFO | Message 9c8bf938-ced6-4cf6-af41-1a40ff0ecd96 marked as read by planner2
2026-08-09 19:49:29 | team | sess_ed6de2aa55d1 | INFO | task list drained for team jiuwen_team_sess_ed6de2aa55d1: 3 terminal task(s)
2026-08-09 19:49:50 | team | sess_ed6de2aa55d1 | INFO | [planner2] processing 1 unread messages (steer=True)
2026-08-09 19:49:50 | team | sess_ed6de2aa55d1 | INFO | Message 4c0ccda3-755d-46f3-8b7f-04c5af1537a9 marked as read by planner2
2026-08-09 19:50:07 | team | sess_ed6de2aa55d1 | INFO | [planner2] processing 1 unread messages (steer=True)
2026-08-09 19:50:07 | team | sess_ed6de2aa55d1 | INFO | Message 0c19fcbc-cc9b-44eb-96b0-169ec839798f marked as read by planner2
2026-08-09 19:50:49 | team | sess_ed6de2aa55d1 | INFO | team jiuwen_team_sess_ed6de2aa55d1 reported completed: 9 members, 3 tasks
2026-08-09 19:50:49 | team | sess_ed6de2aa55d1 | INFO | [planner2] received TEAM_STANDBY, pausing polls
2026-08-09 19:50:49 | team | sess_ed6de2aa55d1 | INFO | EventBus[teammate] pausing polls
