2026-08-23 22:43:27 | team | sess_7dc36b9b3e80 | INFO | Team workspace directory ensured at /srv/jwteam_clone/shared/run_current
2026-08-23 22:43:27 | team | sess_7dc36b9b3e80 | INFO | AgentTeam manager initialized for jiuwen_team_sess_7dc36b9b3e80, member=team_leader
2026-08-23 22:43:27 | team | sess_7dc36b9b3e80 | INFO | [team_leader] TeamPolicyRail static sections: section_names=['team_role', 'team_workflow', 'team_swarmflow', 'team_lifecycle', 'team_persona']
2026-08-23 22:43:27 | team | sess_7dc36b9b3e80 | INFO | Session tables ready for session sess_7dc36b9b3e80
2026-08-23 22:43:27 | team | sess_7dc36b9b3e80 | INFO | Team database initialized
2026-08-23 22:43:27 | team | default_trace_id | INFO | Team workspace directory ensured at /srv/jwteam_clone/shared/run_current
2026-08-23 22:43:27 | team | default_trace_id | INFO | AgentTeam manager initialized for jiuwen_team_sess_7dc36b9b3e80, member=fullstack1
2026-08-23 22:43:27 | team | default_trace_id | INFO | [fullstack1] TeamPolicyRail static sections: section_names=['team_role', 'team_persona']
2026-08-23 22:43:27 | team | sess_7dc36b9b3e80 | INFO | [fullstack1] invoke start, role=teammate
2026-08-23 22:43:27 | team | sess_7dc36b9b3e80 | INFO | [fullstack1] coordination starting
2026-08-23 22:43:27 | team | sess_7dc36b9b3e80 | INFO | Session tables ready for session sess_7dc36b9b3e80
2026-08-23 22:43:27 | team | sess_7dc36b9b3e80 | INFO | Workspace /srv/jwteam_clone/shared/run_current initialized as plain shared directory (version_control disabled)
2026-08-23 22:43:27 | team | sess_7dc36b9b3e80 | INFO | EventBus[teammate] starting
2026-08-23 22:43:59 | team | sess_7dc36b9b3e80 | INFO | [fullstack1] HITT section refresh: human_agent_names=[]
2026-08-23 22:45:53 | team | sess_7dc36b9b3e80 | INFO | Task implement claimed by member fullstack1
2026-08-23 22:45:53 | team | sess_7dc36b9b3e80 | INFO | Task implement claimed by member fullstack1
2026-08-23 22:46:13 | team | sess_7dc36b9b3e80 | INFO | [fullstack1] processing 1 unread messages (steer=True)
2026-08-23 22:46:13 | team | sess_7dc36b9b3e80 | INFO | Message 07e1ad8e-c79f-4001-aa15-ba2fe34e733b marked as read by fullstack1
2026-08-23 22:46:29 | team | sess_7dc36b9b3e80 | INFO | [fullstack1] processing 1 unread messages (steer=True)
2026-08-23 22:46:29 | team | sess_7dc36b9b3e80 | INFO | Message 48d58090-b206-4ffa-aedd-8f3183d6357d marked as read by fullstack1
2026-08-23 22:46:31 | team | sess_7dc36b9b3e80 | INFO | [fullstack1] processing 1 unread messages (steer=True)
2026-08-23 22:46:31 | team | sess_7dc36b9b3e80 | INFO | Message 833e76bd-6a22-4ab4-a6c0-b70c55936126 marked as read by fullstack1
2026-08-23 22:46:32 | team | sess_7dc36b9b3e80 | INFO | [fullstack1] processing 1 unread messages (steer=True)
2026-08-23 22:46:32 | team | sess_7dc36b9b3e80 | INFO | Message 709f0911-6c89-479f-b086-3578133c905a marked as read by fullstack1
2026-08-23 22:46:47 | team | sess_7dc36b9b3e80 | INFO | [fullstack1] processing 1 unread messages (steer=True)
2026-08-23 22:46:47 | team | sess_7dc36b9b3e80 | INFO | Message 31e2764f-599a-41f3-85c7-64b778b95571 marked as read by fullstack1
2026-08-23 22:46:54 | team | sess_7dc36b9b3e80 | INFO | [fullstack1] processing 1 unread messages (steer=True)
2026-08-23 22:46:54 | team | sess_7dc36b9b3e80 | INFO | Message c2ac71d7-e607-462a-80c7-44d12e67c2ef marked as read by fullstack1
2026-08-23 22:48:50 | team | sess_7dc36b9b3e80 | INFO | Task implement completed at 1787521730454
2026-08-23 22:48:50 | team | sess_7dc36b9b3e80 | INFO | Message 54cbc87b-0de3-4881-86bf-a8d466b9258a created
2026-08-23 22:48:50 | team | sess_7dc36b9b3e80 | INFO | Message cf8569aa-758a-4d2e-80fb-353293ca71e6 created
2026-08-23 22:48:50 | team | sess_7dc36b9b3e80 | INFO | Resolved 1 dependencies for task implement
2026-08-23 22:48:50 | team | sess_7dc36b9b3e80 | INFO | Task verify unblocked (all deps resolved)
2026-08-23 22:48:50 | team | sess_7dc36b9b3e80 | INFO | Task implement completed
2026-08-23 22:48:50 | team | sess_7dc36b9b3e80 | INFO | Unblocked 1 tasks
