2026-08-23 22:43:23 | team | sess_7dc36b9b3e80 | INFO | Team workspace directory ensured at /srv/jwteam_clone/shared/run_current
2026-08-23 22:43:23 | team | sess_7dc36b9b3e80 | INFO | AgentTeam manager initialized for jiuwen_team_sess_7dc36b9b3e80, member=team_leader
2026-08-23 22:43:23 | team | sess_7dc36b9b3e80 | INFO | [team_leader] TeamPolicyRail static sections: section_names=['team_role', 'team_workflow', 'team_swarmflow', 'team_lifecycle', 'team_persona']
2026-08-23 22:43:24 | team | sess_7dc36b9b3e80 | INFO | Session tables ready for session sess_7dc36b9b3e80
2026-08-23 22:43:24 | team | sess_7dc36b9b3e80 | INFO | Team database initialized
2026-08-23 22:43:24 | team | default_trace_id | INFO | Team workspace directory ensured at /srv/jwteam_clone/shared/run_current
2026-08-23 22:43:24 | team | default_trace_id | INFO | AgentTeam manager initialized for jiuwen_team_sess_7dc36b9b3e80, member=executor2
2026-08-23 22:43:24 | team | default_trace_id | INFO | [executor2] TeamPolicyRail static sections: section_names=['team_role', 'team_persona']
2026-08-23 22:43:24 | team | sess_7dc36b9b3e80 | INFO | [executor2] invoke start, role=teammate
2026-08-23 22:43:24 | team | sess_7dc36b9b3e80 | INFO | [executor2] coordination starting
2026-08-23 22:43:24 | team | sess_7dc36b9b3e80 | INFO | Session tables ready for session sess_7dc36b9b3e80
2026-08-23 22:43:24 | team | sess_7dc36b9b3e80 | INFO | Workspace /srv/jwteam_clone/shared/run_current initialized as plain shared directory (version_control disabled)
2026-08-23 22:43:24 | team | sess_7dc36b9b3e80 | INFO | EventBus[teammate] starting
2026-08-23 22:43:59 | team | sess_7dc36b9b3e80 | INFO | [executor2] HITT section refresh: human_agent_names=[]
2026-08-23 22:44:53 | team | sess_7dc36b9b3e80 | INFO | [executor2] processing 1 unread messages (steer=True)
2026-08-23 22:44:53 | team | sess_7dc36b9b3e80 | INFO | Message 576bad44-7ed4-4390-9222-7cebc1a185ab marked as read by executor2
2026-08-23 22:45:34 | team | sess_7dc36b9b3e80 | INFO | [executor2] processing 1 unread messages (steer=True)
2026-08-23 22:45:34 | team | sess_7dc36b9b3e80 | INFO | Message ced6ce7a-5344-442b-a956-a9094661b256 marked as read by executor2
2026-08-23 22:46:25 | team | sess_7dc36b9b3e80 | INFO | Message a97d8922-9d36-471d-b64b-037612f10489 created
2026-08-23 22:46:47 | team | sess_7dc36b9b3e80 | INFO | Message 31e2764f-599a-41f3-85c7-64b778b95571 created
2026-08-23 22:46:54 | team | sess_7dc36b9b3e80 | INFO | [executor2] processing 1 unread messages (steer=True)
2026-08-23 22:46:54 | team | sess_7dc36b9b3e80 | INFO | Message bdc90d55-2e45-422e-a578-c329793b7d28 marked as read by executor2
2026-08-23 22:47:08 | team | sess_7dc36b9b3e80 | INFO | Message 77c731af-00fa-4868-9d16-de4efd1744fd created
2026-08-23 22:47:48 | team | sess_7dc36b9b3e80 | INFO | [executor2] processing 1 unread messages (steer=True)
2026-08-23 22:47:48 | team | sess_7dc36b9b3e80 | INFO | Message b01289fb-b15e-459b-8fc7-07b37df0a3e7 marked as read by executor2
2026-08-23 22:47:53 | team | sess_7dc36b9b3e80 | INFO | Message fab2e711-5d47-41da-840b-b99fd1c22f6b created
