2026-08-23 22:43:21 | team | sess_7dc36b9b3e80 | INFO | Team workspace directory ensured at /srv/jwteam_clone/shared/run_current
2026-08-23 22:43:21 | team | sess_7dc36b9b3e80 | INFO | AgentTeam manager initialized for jiuwen_team_sess_7dc36b9b3e80, member=team_leader
2026-08-23 22:43:21 | team | sess_7dc36b9b3e80 | INFO | [team_leader] TeamPolicyRail static sections: section_names=['team_role', 'team_workflow', 'team_swarmflow', 'team_lifecycle', 'team_persona']
2026-08-23 22:43:21 | team | sess_7dc36b9b3e80 | INFO | Session tables ready for session sess_7dc36b9b3e80
2026-08-23 22:43:21 | team | sess_7dc36b9b3e80 | INFO | Team database initialized
2026-08-23 22:43:21 | team | default_trace_id | INFO | Team workspace directory ensured at /srv/jwteam_clone/shared/run_current
2026-08-23 22:43:21 | team | default_trace_id | INFO | AgentTeam manager initialized for jiuwen_team_sess_7dc36b9b3e80, member=planner2
2026-08-23 22:43:21 | team | default_trace_id | INFO | [planner2] TeamPolicyRail static sections: section_names=['team_role', 'team_persona']
2026-08-23 22:43:22 | team | sess_7dc36b9b3e80 | INFO | [planner2] invoke start, role=teammate
2026-08-23 22:43:22 | team | sess_7dc36b9b3e80 | INFO | [planner2] coordination starting
2026-08-23 22:43:22 | team | sess_7dc36b9b3e80 | INFO | Session tables ready for session sess_7dc36b9b3e80
2026-08-23 22:43:22 | team | sess_7dc36b9b3e80 | INFO | Workspace /srv/jwteam_clone/shared/run_current initialized as plain shared directory (version_control disabled)
2026-08-23 22:43:22 | team | sess_7dc36b9b3e80 | INFO | EventBus[teammate] starting
2026-08-23 22:43:59 | team | sess_7dc36b9b3e80 | INFO | [planner2] HITT section refresh: human_agent_names=[]
2026-08-23 22:44:19 | team | sess_7dc36b9b3e80 | INFO | Task plan claimed by member planner2
2026-08-23 22:44:19 | team | sess_7dc36b9b3e80 | INFO | Task plan claimed by member planner2
2026-08-23 22:44:53 | team | sess_7dc36b9b3e80 | INFO | Message 576bad44-7ed4-4390-9222-7cebc1a185ab created
2026-08-23 22:44:55 | team | sess_7dc36b9b3e80 | INFO | Task plan completed at 1787521495573
2026-08-23 22:44:55 | team | sess_7dc36b9b3e80 | INFO | Resolved 1 dependencies for task plan
2026-08-23 22:44:55 | team | sess_7dc36b9b3e80 | INFO | Task implement unblocked (all deps resolved)
2026-08-23 22:44:55 | team | sess_7dc36b9b3e80 | INFO | Task plan completed
2026-08-23 22:44:55 | team | sess_7dc36b9b3e80 | INFO | Unblocked 1 tasks
2026-08-23 22:44:59 | team | sess_7dc36b9b3e80 | INFO | Message ae85b53c-ec7b-4915-a30b-ee8f5d66d114 created
2026-08-23 22:45:30 | team | sess_7dc36b9b3e80 | INFO | Message eb640813-cf81-44a2-9792-169d39639495 created
2026-08-23 22:45:34 | team | sess_7dc36b9b3e80 | INFO | [planner2] processing 1 unread messages (steer=True)
2026-08-23 22:45:34 | team | sess_7dc36b9b3e80 | INFO | Message 31773dd2-0889-4e4a-b50d-a7bbede2c573 marked as read by planner2
2026-08-23 22:45:43 | team | sess_7dc36b9b3e80 | INFO | Message b55842ae-c280-46df-abdf-dbbbc8251878 created
2026-08-23 22:45:56 | team | sess_7dc36b9b3e80 | INFO | [planner2] processing 1 unread messages (steer=True)
2026-08-23 22:45:56 | team | sess_7dc36b9b3e80 | INFO | Message a2fc3228-ecf5-4d65-be91-0b1cf408fb30 marked as read by planner2
2026-08-23 22:46:03 | team | sess_7dc36b9b3e80 | INFO | [planner2] processing 1 unread messages (steer=True)
2026-08-23 22:46:03 | team | sess_7dc36b9b3e80 | INFO | Message 2003490f-9490-4785-bb10-e35c0e2a2815 marked as read by planner2
2026-08-23 22:46:13 | team | sess_7dc36b9b3e80 | INFO | Message 07e1ad8e-c79f-4001-aa15-ba2fe34e733b created
2026-08-23 22:46:29 | team | sess_7dc36b9b3e80 | INFO | Message 48d58090-b206-4ffa-aedd-8f3183d6357d created
2026-08-23 22:46:29 | team | sess_7dc36b9b3e80 | INFO | Message 0269c4b5-3fe2-4188-98be-38c95a1d6cd1 created
2026-08-23 22:46:31 | team | sess_7dc36b9b3e80 | INFO | [planner2] processing 1 unread messages (steer=True)
2026-08-23 22:46:31 | team | sess_7dc36b9b3e80 | INFO | Message 9eb96d11-1cbc-423d-894b-2fd32e101afc marked as read by planner2
2026-08-23 22:46:39 | team | sess_7dc36b9b3e80 | INFO | Message 952f0c05-8b97-4bca-a27b-2c241009b887 created
2026-08-23 22:46:41 | team | sess_7dc36b9b3e80 | INFO | [planner2] processing 1 unread messages (steer=True)
2026-08-23 22:46:41 | team | sess_7dc36b9b3e80 | INFO | Message 189093be-7ad9-4077-a8b9-2a51ccf47ae4 marked as read by planner2
2026-08-23 22:47:48 | team | sess_7dc36b9b3e80 | INFO | [planner2] processing 1 unread messages (steer=True)
2026-08-23 22:47:48 | team | sess_7dc36b9b3e80 | INFO | Message 2d52de69-0671-479d-bb0f-3c1077a05809 marked as read by planner2
2026-08-23 22:47:54 | team | sess_7dc36b9b3e80 | INFO | Message 34ca347d-756d-4e5b-95be-a29713fe1af0 created
2026-08-23 22:48:11 | team | sess_7dc36b9b3e80 | INFO | [planner2] processing 1 unread messages (steer=True)
2026-08-23 22:48:11 | team | sess_7dc36b9b3e80 | INFO | Message 16f3a91f-25df-4c16-b0bc-bd22183bc437 marked as read by planner2
