2026-08-23 22:43:25 | team | sess_7dc36b9b3e80 | INFO | Team workspace directory ensured at /srv/jwteam_clone/shared/run_current
2026-08-23 22:43:25 | team | sess_7dc36b9b3e80 | INFO | AgentTeam manager initialized for jiuwen_team_sess_7dc36b9b3e80, member=team_leader
2026-08-23 22:43:25 | team | sess_7dc36b9b3e80 | INFO | [team_leader] TeamPolicyRail static sections: section_names=['team_role', 'team_workflow', 'team_swarmflow', 'team_lifecycle', 'team_persona']
2026-08-23 22:43:25 | team | sess_7dc36b9b3e80 | INFO | Session tables ready for session sess_7dc36b9b3e80
2026-08-23 22:43:25 | team | sess_7dc36b9b3e80 | INFO | Team database initialized
2026-08-23 22:43:25 | team | default_trace_id | INFO | Team workspace directory ensured at /srv/jwteam_clone/shared/run_current
2026-08-23 22:43:25 | team | default_trace_id | INFO | AgentTeam manager initialized for jiuwen_team_sess_7dc36b9b3e80, member=verifier1
2026-08-23 22:43:25 | team | default_trace_id | INFO | [verifier1] TeamPolicyRail static sections: section_names=['team_role', 'team_persona']
2026-08-23 22:43:25 | team | sess_7dc36b9b3e80 | INFO | [verifier1] invoke start, role=teammate
2026-08-23 22:43:25 | team | sess_7dc36b9b3e80 | INFO | [verifier1] coordination starting
2026-08-23 22:43:25 | team | sess_7dc36b9b3e80 | INFO | Session tables ready for session sess_7dc36b9b3e80
2026-08-23 22:43:25 | team | sess_7dc36b9b3e80 | INFO | Workspace /srv/jwteam_clone/shared/run_current initialized as plain shared directory (version_control disabled)
2026-08-23 22:43:25 | team | sess_7dc36b9b3e80 | INFO | EventBus[teammate] starting
2026-08-23 22:43:59 | team | sess_7dc36b9b3e80 | INFO | [verifier1] HITT section refresh: human_agent_names=[]
2026-08-23 22:46:03 | team | sess_7dc36b9b3e80 | INFO | Message 2003490f-9490-4785-bb10-e35c0e2a2815 created
2026-08-23 22:46:29 | team | sess_7dc36b9b3e80 | INFO | [verifier1] processing 1 unread messages (steer=True)
2026-08-23 22:46:29 | team | sess_7dc36b9b3e80 | INFO | Message 0269c4b5-3fe2-4188-98be-38c95a1d6cd1 marked as read by verifier1
2026-08-23 22:46:41 | team | sess_7dc36b9b3e80 | INFO | Message 189093be-7ad9-4077-a8b9-2a51ccf47ae4 created
2026-08-23 22:48:50 | team | sess_7dc36b9b3e80 | INFO | [verifier1] processing 1 unread messages (steer=True)
2026-08-23 22:48:50 | team | sess_7dc36b9b3e80 | INFO | Message 54cbc87b-0de3-4881-86bf-a8d466b9258a marked as read by verifier1
2026-08-23 22:49:29 | team | sess_7dc36b9b3e80 | INFO | [verifier1] processing 1 unread messages (steer=True)
2026-08-23 22:49:29 | team | sess_7dc36b9b3e80 | INFO | Message 234a4c06-2365-403d-aa37-9521efa2d59f marked as read by verifier1
2026-08-23 22:50:33 | team | sess_7dc36b9b3e80 | INFO | Message 79650010-17de-4d5e-ab79-49d29be4f367 created
