2026-08-23 22:43:20 | team | sess_7dc36b9b3e80 | INFO | Team workspace directory ensured at /srv/jwteam_clone/shared/run_current
2026-08-23 22:43:20 | team | sess_7dc36b9b3e80 | INFO | AgentTeam manager initialized for jiuwen_team_sess_7dc36b9b3e80, member=team_leader
2026-08-23 22:43:20 | team | sess_7dc36b9b3e80 | INFO | [team_leader] TeamPolicyRail static sections: section_names=['team_role', 'team_workflow', 'team_swarmflow', 'team_lifecycle', 'team_persona']
2026-08-23 22:43:20 | team | sess_7dc36b9b3e80 | INFO | Session tables ready for session sess_7dc36b9b3e80
2026-08-23 22:43:20 | team | sess_7dc36b9b3e80 | INFO | Team database initialized
2026-08-23 22:43:20 | team | default_trace_id | INFO | Team workspace directory ensured at /srv/jwteam_clone/shared/run_current
2026-08-23 22:43:20 | team | default_trace_id | INFO | AgentTeam manager initialized for jiuwen_team_sess_7dc36b9b3e80, member=planner1
2026-08-23 22:43:20 | team | default_trace_id | INFO | [planner1] TeamPolicyRail static sections: section_names=['team_role', 'team_persona']
2026-08-23 22:43:20 | team | sess_7dc36b9b3e80 | INFO | [planner1] invoke start, role=teammate
2026-08-23 22:43:20 | team | sess_7dc36b9b3e80 | INFO | [planner1] coordination starting
2026-08-23 22:43:20 | team | sess_7dc36b9b3e80 | INFO | Session tables ready for session sess_7dc36b9b3e80
2026-08-23 22:43:20 | team | sess_7dc36b9b3e80 | INFO | Workspace /srv/jwteam_clone/shared/run_current initialized as plain shared directory (version_control disabled)
2026-08-23 22:43:20 | team | sess_7dc36b9b3e80 | INFO | EventBus[teammate] starting
2026-08-23 22:43:59 | team | sess_7dc36b9b3e80 | INFO | [planner1] HITT section refresh: human_agent_names=[]
2026-08-23 22:45:34 | team | sess_7dc36b9b3e80 | INFO | Message ced6ce7a-5344-442b-a956-a9094661b256 created
2026-08-23 22:45:34 | team | sess_7dc36b9b3e80 | INFO | Message 31773dd2-0889-4e4a-b50d-a7bbede2c573 created
2026-08-23 22:45:43 | team | sess_7dc36b9b3e80 | INFO | [planner1] processing 1 unread messages (steer=True)
2026-08-23 22:45:43 | team | sess_7dc36b9b3e80 | INFO | Message b55842ae-c280-46df-abdf-dbbbc8251878 marked as read by planner1
2026-08-23 22:45:46 | team | sess_7dc36b9b3e80 | INFO | Message 69b2a822-aaf0-4327-96f8-425d306610b5 created
2026-08-23 22:45:56 | team | sess_7dc36b9b3e80 | INFO | Message a2fc3228-ecf5-4d65-be91-0b1cf408fb30 created
2026-08-23 22:46:31 | team | sess_7dc36b9b3e80 | INFO | [planner1] processing 1 unread messages (steer=True)
2026-08-23 22:46:31 | team | sess_7dc36b9b3e80 | INFO | Message bc804865-d36d-474c-8fc1-a0a2da35a5a0 marked as read by planner1
2026-08-23 22:46:32 | team | sess_7dc36b9b3e80 | INFO | Message 709f0911-6c89-479f-b086-3578133c905a created
2026-08-23 22:46:38 | team | sess_7dc36b9b3e80 | INFO | Message 3c575712-418d-42c0-b926-9b44f4953895 created
