2026-08-23 22:43:24 | team | sess_7dc36b9b3e80 | INFO | Team workspace directory ensured at /srv/jwteam_clone/shared/run_current
2026-08-23 22:43:24 | team | sess_7dc36b9b3e80 | INFO | AgentTeam manager initialized for jiuwen_team_sess_7dc36b9b3e80, member=team_leader
2026-08-23 22:43:24 | team | sess_7dc36b9b3e80 | INFO | [team_leader] TeamPolicyRail static sections: section_names=['team_role', 'team_workflow', 'team_swarmflow', 'team_lifecycle', 'team_persona']
2026-08-23 22:43:24 | team | sess_7dc36b9b3e80 | INFO | Session tables ready for session sess_7dc36b9b3e80
2026-08-23 22:43:24 | team | sess_7dc36b9b3e80 | INFO | Team database initialized
2026-08-23 22:43:24 | team | default_trace_id | INFO | Team workspace directory ensured at /srv/jwteam_clone/shared/run_current
2026-08-23 22:43:24 | team | default_trace_id | INFO | AgentTeam manager initialized for jiuwen_team_sess_7dc36b9b3e80, member=executor3
2026-08-23 22:43:24 | team | default_trace_id | INFO | [executor3] TeamPolicyRail static sections: section_names=['team_role', 'team_persona']
2026-08-23 22:43:24 | team | sess_7dc36b9b3e80 | INFO | [executor3] invoke start, role=teammate
2026-08-23 22:43:24 | team | sess_7dc36b9b3e80 | INFO | [executor3] coordination starting
2026-08-23 22:43:24 | team | sess_7dc36b9b3e80 | INFO | Session tables ready for session sess_7dc36b9b3e80
2026-08-23 22:43:24 | team | sess_7dc36b9b3e80 | INFO | Workspace /srv/jwteam_clone/shared/run_current initialized as plain shared directory (version_control disabled)
2026-08-23 22:43:24 | team | sess_7dc36b9b3e80 | INFO | EventBus[teammate] starting
2026-08-23 22:43:59 | team | sess_7dc36b9b3e80 | INFO | [executor3] HITT section refresh: human_agent_names=[]
2026-08-23 22:45:10 | team | sess_7dc36b9b3e80 | INFO | Task implement claimed by member executor3
2026-08-23 22:45:10 | team | sess_7dc36b9b3e80 | INFO | Task implement claimed by member executor3
2026-08-23 22:45:30 | team | sess_7dc36b9b3e80 | INFO | [executor3] processing 1 unread messages (steer=True)
2026-08-23 22:45:30 | team | sess_7dc36b9b3e80 | INFO | Message eb640813-cf81-44a2-9792-169d39639495 marked as read by executor3
2026-08-23 22:45:46 | team | sess_7dc36b9b3e80 | INFO | [executor3] processing 1 unread messages (steer=True)
2026-08-23 22:45:46 | team | sess_7dc36b9b3e80 | INFO | Message 69b2a822-aaf0-4327-96f8-425d306610b5 marked as read by executor3
2026-08-23 22:45:48 | team | sess_7dc36b9b3e80 | INFO | [executor3] processing 1 unread messages (steer=True)
2026-08-23 22:45:48 | team | sess_7dc36b9b3e80 | INFO | Message 8ea7cdb2-ae67-4f4e-bf89-968c0aff6731 marked as read by executor3
2026-08-23 22:46:25 | team | sess_7dc36b9b3e80 | INFO | [executor3] processing 1 unread messages (steer=True)
2026-08-23 22:46:25 | team | sess_7dc36b9b3e80 | INFO | Message a97d8922-9d36-471d-b64b-037612f10489 marked as read by executor3
2026-08-23 22:46:31 | team | sess_7dc36b9b3e80 | INFO | Message 833e76bd-6a22-4ab4-a6c0-b70c55936126 created
2026-08-23 22:46:31 | team | sess_7dc36b9b3e80 | INFO | Message cb9ebf5f-e52b-4405-9d06-2f37b2b7a3fa created
2026-08-23 22:46:31 | team | sess_7dc36b9b3e80 | INFO | Message bc804865-d36d-474c-8fc1-a0a2da35a5a0 created
2026-08-23 22:46:31 | team | sess_7dc36b9b3e80 | INFO | Message 9eb96d11-1cbc-423d-894b-2fd32e101afc created
2026-08-23 22:46:38 | team | sess_7dc36b9b3e80 | INFO | [executor3] processing 1 unread messages (steer=True)
2026-08-23 22:46:38 | team | sess_7dc36b9b3e80 | INFO | Message 3c575712-418d-42c0-b926-9b44f4953895 marked as read by executor3
2026-08-23 22:46:39 | team | sess_7dc36b9b3e80 | INFO | [executor3] processing 1 unread messages (steer=True)
2026-08-23 22:46:39 | team | sess_7dc36b9b3e80 | INFO | Message 952f0c05-8b97-4bca-a27b-2c241009b887 marked as read by executor3
2026-08-23 22:46:54 | team | sess_7dc36b9b3e80 | INFO | Message c2ac71d7-e607-462a-80c7-44d12e67c2ef created
2026-08-23 22:46:54 | team | sess_7dc36b9b3e80 | INFO | Message bdc90d55-2e45-422e-a578-c329793b7d28 created
2026-08-23 22:47:08 | team | sess_7dc36b9b3e80 | INFO | [executor3] processing 1 unread messages (steer=True)
2026-08-23 22:47:08 | team | sess_7dc36b9b3e80 | INFO | Message 77c731af-00fa-4868-9d16-de4efd1744fd marked as read by executor3
