2026-08-09 23:20:14 | team | sess_08b30e7e7512 | INFO | Team workspace directory ensured at /srv/jwteam_clone/shared/run_current
2026-08-09 23:20:14 | team | sess_08b30e7e7512 | INFO | AgentTeam manager initialized for jiuwen_team_sess_08b30e7e7512, member=team_leader
2026-08-09 23:20:14 | team | sess_08b30e7e7512 | INFO | [team_leader] TeamPolicyRail static sections: section_names=['team_role', 'team_workflow', 'team_swarmflow', 'team_lifecycle', 'team_persona']
2026-08-09 23:20:14 | team | sess_08b30e7e7512 | INFO | Session tables ready for session sess_08b30e7e7512
2026-08-09 23:20:14 | team | sess_08b30e7e7512 | INFO | Team database initialized
2026-08-09 23:20:14 | team | default_trace_id | INFO | Team workspace directory ensured at /srv/jwteam_clone/shared/run_current
2026-08-09 23:20:14 | team | default_trace_id | INFO | AgentTeam manager initialized for jiuwen_team_sess_08b30e7e7512, member=verifier1
2026-08-09 23:20:14 | team | default_trace_id | INFO | [verifier1] TeamPolicyRail static sections: section_names=['team_role', 'team_persona']
2026-08-09 23:20:14 | team | sess_08b30e7e7512 | INFO | [verifier1] invoke start, role=teammate
2026-08-09 23:20:14 | team | sess_08b30e7e7512 | INFO | [verifier1] coordination starting
2026-08-09 23:20:14 | team | sess_08b30e7e7512 | INFO | Session tables ready for session sess_08b30e7e7512
2026-08-09 23:20:14 | team | sess_08b30e7e7512 | INFO | Workspace /srv/jwteam_clone/shared/run_current initialized as plain shared directory (version_control disabled)
2026-08-09 23:20:14 | team | sess_08b30e7e7512 | INFO | EventBus[teammate] starting
2026-08-09 23:21:04 | team | sess_08b30e7e7512 | INFO | [verifier1] HITT section refresh: human_agent_names=[]
2026-08-09 23:21:17 | team | sess_08b30e7e7512 | INFO | [verifier1] processing 1 unread messages (steer=True)
2026-08-09 23:21:17 | team | sess_08b30e7e7512 | INFO | Message b5c88d29-c34a-467f-9cb8-dff427263ac7 marked as read by verifier1
2026-08-09 23:21:28 | team | sess_08b30e7e7512 | INFO | Message 78be7399-6baa-4489-855f-e992c40db643 created
2026-08-09 23:22:00 | team | sess_08b30e7e7512 | INFO | Message 3bf2d9c0-2b4c-49ed-a240-ad3404e7e695 created
2026-08-09 23:22:34 | team | sess_08b30e7e7512 | INFO | [verifier1] processing 1 unread messages (steer=True)
2026-08-09 23:22:34 | team | sess_08b30e7e7512 | INFO | Message 9bff0ec4-eb58-4344-8766-57db4ec0cfb1 marked as read by verifier1
2026-08-09 23:22:38 | team | sess_08b30e7e7512 | INFO | Message 4d9d7958-cedf-419b-83f2-642520d344d8 created
2026-08-09 23:27:40 | team | sess_08b30e7e7512 | INFO | [verifier1] processing 1 unread messages (steer=True)
2026-08-09 23:27:40 | team | sess_08b30e7e7512 | INFO | Message 91d7f4db-9708-4b47-9104-4bb71c6f2cb7 marked as read by verifier1
2026-08-09 23:27:47 | team | sess_08b30e7e7512 | INFO | Message 3d5a3a01-7b59-4056-8adf-84c5788bb27f created
2026-08-09 23:27:47 | team | sess_08b30e7e7512 | INFO | Task verify-1 claimed by member verifier1
2026-08-09 23:27:47 | team | sess_08b30e7e7512 | INFO | Task verify-1 claimed by member verifier1
2026-08-09 23:29:02 | team | sess_08b30e7e7512 | INFO | Message 22202a28-a3e1-4758-8ad4-7eb297ef46a0 created
2026-08-09 23:29:08 | team | sess_08b30e7e7512 | INFO | Task verify-1 completed at 1786314548847
2026-08-09 23:29:08 | team | sess_08b30e7e7512 | INFO | Message 94ec6a93-e218-4121-bdf9-9676b13b0cac created
2026-08-09 23:29:08 | team | sess_08b30e7e7512 | INFO | Task verify-1 completed
2026-08-09 23:29:17 | team | sess_08b30e7e7512 | INFO | [verifier1] processing 1 unread messages (steer=True)
2026-08-09 23:29:17 | team | sess_08b30e7e7512 | INFO | Message 009db15b-51f0-4810-8044-97c7a006c543 marked as read by verifier1
2026-08-09 23:29:23 | team | sess_08b30e7e7512 | INFO | Message 9b55c44e-d638-40ca-9e20-3743064feda9 created
2026-08-09 23:29:35 | team | sess_08b30e7e7512 | INFO | [verifier1] processing 1 unread messages (steer=True)
2026-08-09 23:29:35 | team | sess_08b30e7e7512 | INFO | Message 989cc16a-f1df-462c-9420-5591e2d95372 marked as read by verifier1
2026-08-09 23:30:01 | team | sess_08b30e7e7512 | INFO | Message f116332b-7674-42ef-b9e3-4a9f6002051f created
2026-08-09 23:30:19 | team | sess_08b30e7e7512 | INFO | Message 669f64a0-5aa2-4b73-b73c-7abf17e2ed04 created
2026-08-09 23:30:46 | team | sess_08b30e7e7512 | INFO | [verifier1] received TASK_CLAIMED for self, task_id=reverify-1, human_agent=False
2026-08-09 23:31:21 | team | sess_08b30e7e7512 | INFO | Task reverify-1 completed at 1786314681782
2026-08-09 23:31:21 | team | sess_08b30e7e7512 | INFO | Task reverify-1 completed
2026-08-09 23:31:27 | team | sess_08b30e7e7512 | INFO | Message 1435ba82-0ec4-4fae-854a-3718c4655ade created
2026-08-09 23:31:27 | team | sess_08b30e7e7512 | INFO | Message 873ae52c-3a15-4132-a691-b2e44f9879e6 created
2026-08-09 23:31:40 | team | sess_08b30e7e7512 | INFO | [verifier1] processing 1 unread messages (steer=True)
2026-08-09 23:31:40 | team | sess_08b30e7e7512 | INFO | Message 6c23e2b9-5921-410c-9d4f-7c32c75bf5d1 marked as read by verifier1
2026-08-09 23:31:56 | team | sess_08b30e7e7512 | INFO | team jiuwen_team_sess_08b30e7e7512 reported completed: 9 members, 9 tasks
2026-08-09 23:31:56 | team | sess_08b30e7e7512 | INFO | [verifier1] received TEAM_STANDBY, pausing polls
2026-08-09 23:31:56 | team | sess_08b30e7e7512 | INFO | EventBus[teammate] pausing polls
