2026-08-09 23:20:12 | team | sess_08b30e7e7512 | INFO | Team workspace directory ensured at /srv/jwteam_clone/shared/run_current
2026-08-09 23:20:12 | team | sess_08b30e7e7512 | INFO | AgentTeam manager initialized for jiuwen_team_sess_08b30e7e7512, member=team_leader
2026-08-09 23:20:12 | team | sess_08b30e7e7512 | INFO | [team_leader] TeamPolicyRail static sections: section_names=['team_role', 'team_workflow', 'team_swarmflow', 'team_lifecycle', 'team_persona']
2026-08-09 23:20:12 | team | sess_08b30e7e7512 | INFO | Session tables ready for session sess_08b30e7e7512
2026-08-09 23:20:12 | team | sess_08b30e7e7512 | INFO | Team database initialized
2026-08-09 23:20:12 | team | default_trace_id | INFO | Team workspace directory ensured at /srv/jwteam_clone/shared/run_current
2026-08-09 23:20:12 | team | default_trace_id | INFO | AgentTeam manager initialized for jiuwen_team_sess_08b30e7e7512, member=executor2
2026-08-09 23:20:12 | team | default_trace_id | INFO | [executor2] TeamPolicyRail static sections: section_names=['team_role', 'team_persona']
2026-08-09 23:20:12 | team | sess_08b30e7e7512 | INFO | [executor2] invoke start, role=teammate
2026-08-09 23:20:12 | team | sess_08b30e7e7512 | INFO | [executor2] coordination starting
2026-08-09 23:20:12 | team | sess_08b30e7e7512 | INFO | Session tables ready for session sess_08b30e7e7512
2026-08-09 23:20:12 | team | sess_08b30e7e7512 | INFO | Workspace /srv/jwteam_clone/shared/run_current initialized as plain shared directory (version_control disabled)
2026-08-09 23:20:12 | team | sess_08b30e7e7512 | INFO | EventBus[teammate] starting
2026-08-09 23:21:04 | team | sess_08b30e7e7512 | INFO | [executor2] HITT section refresh: human_agent_names=[]
2026-08-09 23:21:11 | team | sess_08b30e7e7512 | INFO | Task plan claimed by member executor2
2026-08-09 23:21:11 | team | sess_08b30e7e7512 | INFO | Task plan claimed by member executor2
2026-08-09 23:21:17 | team | sess_08b30e7e7512 | INFO | [executor2] processing 1 unread messages (steer=True)
2026-08-09 23:21:17 | team | sess_08b30e7e7512 | INFO | Message b5c88d29-c34a-467f-9cb8-dff427263ac7 marked as read by executor2
2026-08-09 23:21:37 | team | sess_08b30e7e7512 | INFO | [executor2] processing 1 unread messages (steer=True)
2026-08-09 23:21:37 | team | sess_08b30e7e7512 | INFO | Message d5c57d2e-2bd7-48fd-bf4d-19079d199ef5 marked as read by executor2
2026-08-09 23:21:37 | team | sess_08b30e7e7512 | INFO | [executor2] processing 1 unread messages (steer=True)
2026-08-09 23:21:37 | team | sess_08b30e7e7512 | INFO | Message 7d11c227-0803-4421-a057-801a6fa6d7e1 marked as read by executor2
2026-08-09 23:21:48 | team | sess_08b30e7e7512 | INFO | Message 53f7cd35-5030-47b1-b59a-fcf3b214989a created
2026-08-09 23:21:48 | team | sess_08b30e7e7512 | INFO | Task review-tests claimed by member executor2
2026-08-09 23:21:48 | team | sess_08b30e7e7512 | INFO | Task review-tests claimed by member executor2
2026-08-09 23:21:48 | team | sess_08b30e7e7512 | INFO | Message 82cc5d5d-93c7-449d-a4c6-ec23649bc89c created
2026-08-09 23:22:02 | team | sess_08b30e7e7512 | INFO | [executor2] processing 1 unread messages (steer=True)
2026-08-09 23:22:02 | team | sess_08b30e7e7512 | INFO | Message c26720fa-20df-440f-8cc2-c17a08f2c145 marked as read by executor2
2026-08-09 23:22:21 | team | sess_08b30e7e7512 | INFO | Message 9c16a706-9c7c-4a13-93c4-3413f0ae524f created
2026-08-09 23:22:35 | team | sess_08b30e7e7512 | INFO | [executor2] processing 1 unread messages (steer=True)
2026-08-09 23:22:35 | team | sess_08b30e7e7512 | INFO | Message ef1cefee-db6f-4282-b1bc-de261869589a marked as read by executor2
2026-08-09 23:22:40 | team | sess_08b30e7e7512 | INFO | [executor2] processing 1 unread messages (steer=True)
2026-08-09 23:22:40 | team | sess_08b30e7e7512 | INFO | Message 601718a7-089d-45ab-86c0-19370bbbbb8e marked as read by executor2
2026-08-09 23:22:44 | team | sess_08b30e7e7512 | INFO | [executor2] processing 1 unread messages (steer=True)
2026-08-09 23:22:44 | team | sess_08b30e7e7512 | INFO | Message 0625e864-db68-425b-b9ac-197e9d510a00 marked as read by executor2
2026-08-09 23:22:47 | team | sess_08b30e7e7512 | INFO | [executor2] processing 1 unread messages (steer=True)
2026-08-09 23:22:47 | team | sess_08b30e7e7512 | INFO | Message 8769d338-6706-4041-9a32-98d4b21e272d marked as read by executor2
2026-08-09 23:23:08 | team | sess_08b30e7e7512 | INFO | Message c7dd5cdf-48be-4d06-b1e1-f6c0a1898db5 created
2026-08-09 23:23:08 | team | sess_08b30e7e7512 | INFO | Message 2674edfc-6fb2-45c5-b7bb-8614ee21bb75 created
2026-08-09 23:23:13 | team | sess_08b30e7e7512 | INFO | [executor2] processing 1 unread messages (steer=True)
2026-08-09 23:23:13 | team | sess_08b30e7e7512 | INFO | Message a7112bd4-f683-4f2a-80a5-7c1e44e74181 marked as read by executor2
2026-08-09 23:23:16 | team | sess_08b30e7e7512 | INFO | [executor2] processing 1 unread messages (steer=True)
2026-08-09 23:23:16 | team | sess_08b30e7e7512 | INFO | Message 8d85fbde-d526-4917-9c1a-c16210c5185b marked as read by executor2
2026-08-09 23:23:18 | team | sess_08b30e7e7512 | INFO | [executor2] processing 1 unread messages (steer=True)
2026-08-09 23:23:18 | team | sess_08b30e7e7512 | INFO | Message 76535a1d-0b21-49a2-ac92-bf78c6c7ec21 marked as read by executor2
2026-08-09 23:23:20 | team | sess_08b30e7e7512 | INFO | Message 161c1c37-0322-4048-a290-086c64af169b created
2026-08-09 23:23:28 | team | sess_08b30e7e7512 | INFO | Message 5b9202b5-620b-42f6-9a42-45308f0aa69f created
2026-08-09 23:23:28 | team | sess_08b30e7e7512 | INFO | Message a9a2c162-e085-46b9-b81a-ffcae16df714 created
2026-08-09 23:23:28 | team | sess_08b30e7e7512 | INFO | Message 47443533-68eb-45ea-8913-476342621b60 created
2026-08-09 23:23:33 | team | sess_08b30e7e7512 | INFO | Task review-tests completed at 1786314213827
2026-08-09 23:23:33 | team | sess_08b30e7e7512 | INFO | Resolved 1 dependencies for task review-tests
2026-08-09 23:23:33 | team | sess_08b30e7e7512 | INFO | Task implement unblocked (all deps resolved)
2026-08-09 23:23:33 | team | sess_08b30e7e7512 | INFO | Task review-tests completed
2026-08-09 23:23:33 | team | sess_08b30e7e7512 | INFO | Unblocked 1 tasks
2026-08-09 23:23:37 | team | sess_08b30e7e7512 | INFO | [executor2] processing 1 unread messages (steer=True)
2026-08-09 23:23:37 | team | sess_08b30e7e7512 | INFO | Message befaa305-76f8-450e-bf49-6852085bc99f marked as read by executor2
2026-08-09 23:23:41 | team | sess_08b30e7e7512 | INFO | [executor2] processing 1 unread messages (steer=True)
2026-08-09 23:23:41 | team | sess_08b30e7e7512 | INFO | Message b885cc18-9131-4ac0-8fde-5dd2e1754d1f marked as read by executor2
2026-08-09 23:23:48 | team | sess_08b30e7e7512 | INFO | Message 845cdafd-9774-4c90-a738-f11279a9bf66 created
2026-08-09 23:23:48 | team | sess_08b30e7e7512 | INFO | Message 089c362c-c6cb-4e12-a4aa-4bcf528910bd created
2026-08-09 23:23:53 | team | sess_08b30e7e7512 | INFO | Message 9854d908-23c2-4e9e-98bd-26b7a6f477a3 created
2026-08-09 23:23:58 | team | sess_08b30e7e7512 | INFO | [executor2] processing 1 unread messages (steer=True)
2026-08-09 23:23:58 | team | sess_08b30e7e7512 | INFO | Message 02cd7637-db85-4912-8c0f-8191b9747810 marked as read by executor2
2026-08-09 23:29:08 | team | sess_08b30e7e7512 | INFO | task list drained for team jiuwen_team_sess_08b30e7e7512: 6 terminal task(s)
2026-08-09 23:30:20 | team | sess_08b30e7e7512 | INFO | Message cdf78467-99a3-4914-87bd-4e051c60e443 created
2026-08-09 23:30:44 | team | sess_08b30e7e7512 | INFO | [executor2] processing 1 unread messages (steer=True)
2026-08-09 23:30:44 | team | sess_08b30e7e7512 | INFO | Message 9e5d87e4-68ee-4b3c-bcd8-29f47a941c58 marked as read by executor2
2026-08-09 23:30:51 | team | sess_08b30e7e7512 | INFO | Message 5d4ced63-d380-4c1d-a06f-22d7cb90bdbe created
2026-08-09 23:30:58 | team | sess_08b30e7e7512 | INFO | [executor2] processing 1 unread messages (steer=True)
2026-08-09 23:30:58 | team | sess_08b30e7e7512 | INFO | Message c4b59f6b-9296-4268-8738-fe9d05552f0f marked as read by executor2
2026-08-09 23:31:21 | team | sess_08b30e7e7512 | INFO | task list drained for team jiuwen_team_sess_08b30e7e7512: 9 terminal task(s)
2026-08-09 23:31:40 | team | sess_08b30e7e7512 | INFO | [executor2] processing 1 unread messages (steer=True)
2026-08-09 23:31:40 | team | sess_08b30e7e7512 | INFO | Message 6c23e2b9-5921-410c-9d4f-7c32c75bf5d1 marked as read by executor2
2026-08-09 23:31:56 | team | sess_08b30e7e7512 | INFO | team jiuwen_team_sess_08b30e7e7512 reported completed: 9 members, 9 tasks
2026-08-09 23:31:56 | team | sess_08b30e7e7512 | INFO | [executor2] received TEAM_STANDBY, pausing polls
2026-08-09 23:31:56 | team | sess_08b30e7e7512 | INFO | EventBus[teammate] pausing polls
