2026-08-09 23:20:15 | team | sess_08b30e7e7512 | INFO | Team workspace directory ensured at /srv/jwteam_clone/shared/run_current
2026-08-09 23:20:15 | team | sess_08b30e7e7512 | INFO | AgentTeam manager initialized for jiuwen_team_sess_08b30e7e7512, member=team_leader
2026-08-09 23:20:15 | team | sess_08b30e7e7512 | INFO | [team_leader] TeamPolicyRail static sections: section_names=['team_role', 'team_workflow', 'team_swarmflow', 'team_lifecycle', 'team_persona']
2026-08-09 23:20:15 | team | sess_08b30e7e7512 | INFO | Session tables ready for session sess_08b30e7e7512
2026-08-09 23:20:15 | team | sess_08b30e7e7512 | INFO | Team database initialized
2026-08-09 23:20:15 | team | default_trace_id | INFO | Team workspace directory ensured at /srv/jwteam_clone/shared/run_current
2026-08-09 23:20:15 | team | default_trace_id | INFO | AgentTeam manager initialized for jiuwen_team_sess_08b30e7e7512, member=fullstack1
2026-08-09 23:20:15 | team | default_trace_id | INFO | [fullstack1] TeamPolicyRail static sections: section_names=['team_role', 'team_persona']
2026-08-09 23:20:15 | team | sess_08b30e7e7512 | INFO | [fullstack1] invoke start, role=teammate
2026-08-09 23:20:15 | team | sess_08b30e7e7512 | INFO | [fullstack1] coordination starting
2026-08-09 23:20:15 | team | sess_08b30e7e7512 | INFO | Session tables ready for session sess_08b30e7e7512
2026-08-09 23:20:15 | team | sess_08b30e7e7512 | INFO | Workspace /srv/jwteam_clone/shared/run_current initialized as plain shared directory (version_control disabled)
2026-08-09 23:20:15 | team | sess_08b30e7e7512 | INFO | EventBus[teammate] starting
2026-08-09 23:21:04 | team | sess_08b30e7e7512 | INFO | [fullstack1] HITT section refresh: human_agent_names=[]
2026-08-09 23:21:17 | team | sess_08b30e7e7512 | INFO | [fullstack1] processing 1 unread messages (steer=True)
2026-08-09 23:21:17 | team | sess_08b30e7e7512 | INFO | Message b5c88d29-c34a-467f-9cb8-dff427263ac7 marked as read by fullstack1
2026-08-09 23:21:26 | team | sess_08b30e7e7512 | INFO | Message 796e0719-64b0-4d5c-a2a5-94e7930ab5e0 created
2026-08-09 23:23:41 | team | sess_08b30e7e7512 | INFO | Task implement claimed by member fullstack1
2026-08-09 23:23:41 | team | sess_08b30e7e7512 | INFO | Task implement claimed by member fullstack1
2026-08-09 23:23:52 | team | sess_08b30e7e7512 | INFO | [fullstack1] processing 1 unread messages (steer=True)
2026-08-09 23:23:52 | team | sess_08b30e7e7512 | INFO | Message 152ca8b8-983e-439b-89fc-bf37a49f9058 marked as read by fullstack1
2026-08-09 23:24:31 | team | sess_08b30e7e7512 | INFO | Message a7e9d78c-47b6-4de5-828a-58a1ae25d77d created
2026-08-09 23:24:37 | team | sess_08b30e7e7512 | INFO | [fullstack1] processing 1 unread messages (steer=True)
2026-08-09 23:24:37 | team | sess_08b30e7e7512 | INFO | Message 9e201243-4d62-490c-8d98-219686386b95 marked as read by fullstack1
2026-08-09 23:27:40 | team | sess_08b30e7e7512 | INFO | Message ef82a97c-c493-4699-9826-6f990c96c13b created
2026-08-09 23:27:40 | team | sess_08b30e7e7512 | INFO | Message 91d7f4db-9708-4b47-9104-4bb71c6f2cb7 created
2026-08-09 23:27:44 | team | sess_08b30e7e7512 | INFO | Task implement completed at 1786314464148
2026-08-09 23:27:44 | team | sess_08b30e7e7512 | INFO | Resolved 2 dependencies for task implement
2026-08-09 23:27:44 | team | sess_08b30e7e7512 | INFO | Task verify-1 unblocked (all deps resolved)
2026-08-09 23:27:44 | team | sess_08b30e7e7512 | INFO | Task verify-2 unblocked (all deps resolved)
2026-08-09 23:27:44 | team | sess_08b30e7e7512 | INFO | Task implement completed
2026-08-09 23:27:44 | team | sess_08b30e7e7512 | INFO | Unblocked 2 tasks
2026-08-09 23:27:47 | team | sess_08b30e7e7512 | INFO | [fullstack1] processing 1 unread messages (steer=True)
2026-08-09 23:27:47 | team | sess_08b30e7e7512 | INFO | Message 3d5a3a01-7b59-4056-8adf-84c5788bb27f marked as read by fullstack1
2026-08-09 23:28:45 | team | sess_08b30e7e7512 | INFO | [fullstack1] processing 1 unread messages (steer=True)
2026-08-09 23:28:45 | team | sess_08b30e7e7512 | INFO | Message 185bec49-43b4-4b3a-b568-65ac9920270f marked as read by fullstack1
2026-08-09 23:29:02 | team | sess_08b30e7e7512 | INFO | [fullstack1] processing 1 unread messages (steer=True)
2026-08-09 23:29:02 | team | sess_08b30e7e7512 | INFO | Message 22202a28-a3e1-4758-8ad4-7eb297ef46a0 marked as read by fullstack1
2026-08-09 23:29:08 | team | sess_08b30e7e7512 | INFO | task list drained for team jiuwen_team_sess_08b30e7e7512: 6 terminal task(s)
2026-08-09 23:29:34 | team | sess_08b30e7e7512 | INFO | Message 798d9db0-949e-41bf-8f23-8a9c37c46e12 created
2026-08-09 23:29:34 | team | sess_08b30e7e7512 | INFO | Message 989cc16a-f1df-462c-9420-5591e2d95372 created
2026-08-09 23:29:56 | team | sess_08b30e7e7512 | INFO | Message 0b15b022-7dd9-4cc1-82a3-294a0a0654b4 created
2026-08-09 23:30:01 | team | sess_08b30e7e7512 | INFO | [fullstack1] processing 1 unread messages (steer=True)
2026-08-09 23:30:01 | team | sess_08b30e7e7512 | INFO | Message f116332b-7674-42ef-b9e3-4a9f6002051f marked as read by fullstack1
2026-08-09 23:30:01 | team | sess_08b30e7e7512 | INFO | [fullstack1] received TASK_CLAIMED for self, task_id=fix-v3-v6, human_agent=False
2026-08-09 23:30:09 | team | sess_08b30e7e7512 | INFO | [fullstack1] processing 1 unread messages (steer=True)
2026-08-09 23:30:09 | team | sess_08b30e7e7512 | INFO | Message 15692187-7d99-4302-98ea-6d253b27e7ec marked as read by fullstack1
2026-08-09 23:30:13 | team | sess_08b30e7e7512 | INFO | [fullstack1] processing 1 unread messages (steer=True)
2026-08-09 23:30:13 | team | sess_08b30e7e7512 | INFO | Message d4ffab42-7ffd-4bb4-a21d-0b6ab48b01d4 marked as read by fullstack1
2026-08-09 23:30:30 | team | sess_08b30e7e7512 | INFO | [fullstack1] processing 1 unread messages (steer=True)
2026-08-09 23:30:30 | team | sess_08b30e7e7512 | INFO | Message b9ef3e4c-48ca-408d-90e0-82e8f213c511 marked as read by fullstack1
2026-08-09 23:30:34 | team | sess_08b30e7e7512 | INFO | Task fix-v3-v6 completed at 1786314634014
2026-08-09 23:30:34 | team | sess_08b30e7e7512 | INFO | Message 24eac196-0fd7-468c-9b4b-4cb192a344f9 created
2026-08-09 23:30:34 | team | sess_08b30e7e7512 | INFO | Resolved 2 dependencies for task fix-v3-v6
2026-08-09 23:30:34 | team | sess_08b30e7e7512 | INFO | Task reverify-1 unblocked (all deps resolved)
2026-08-09 23:30:34 | team | sess_08b30e7e7512 | INFO | Task reverify-2 unblocked (all deps resolved)
2026-08-09 23:30:34 | team | sess_08b30e7e7512 | INFO | Task fix-v3-v6 completed
2026-08-09 23:30:34 | team | sess_08b30e7e7512 | INFO | Unblocked 2 tasks
2026-08-09 23:30:44 | team | sess_08b30e7e7512 | INFO | Message 08b5b06b-03cd-4e13-a68e-2d5e64a14143 created
2026-08-09 23:31:05 | team | sess_08b30e7e7512 | INFO | [fullstack1] processing 1 unread messages (steer=True)
2026-08-09 23:31:05 | team | sess_08b30e7e7512 | INFO | Message 4dd336e5-1b99-48cf-8f41-4190821d701c marked as read by fullstack1
2026-08-09 23:31:21 | team | sess_08b30e7e7512 | INFO | task list drained for team jiuwen_team_sess_08b30e7e7512: 9 terminal task(s)
2026-08-09 23:31:27 | team | sess_08b30e7e7512 | INFO | [fullstack1] processing 1 unread messages (steer=True)
2026-08-09 23:31:27 | team | sess_08b30e7e7512 | INFO | Message 1435ba82-0ec4-4fae-854a-3718c4655ade marked as read by fullstack1
2026-08-09 23:31:40 | team | sess_08b30e7e7512 | INFO | [fullstack1] processing 1 unread messages (steer=True)
2026-08-09 23:31:40 | team | sess_08b30e7e7512 | INFO | Message 6c23e2b9-5921-410c-9d4f-7c32c75bf5d1 marked as read by fullstack1
2026-08-09 23:31:56 | team | sess_08b30e7e7512 | INFO | team jiuwen_team_sess_08b30e7e7512 reported completed: 9 members, 9 tasks
2026-08-09 23:31:56 | team | sess_08b30e7e7512 | INFO | [fullstack1] received TEAM_STANDBY, pausing polls
2026-08-09 23:31:56 | team | sess_08b30e7e7512 | INFO | EventBus[teammate] pausing polls
