2026-08-09 23:20:10 | team | sess_08b30e7e7512 | INFO | Team workspace directory ensured at /srv/jwteam_clone/shared/run_current
2026-08-09 23:20:10 | team | sess_08b30e7e7512 | INFO | AgentTeam manager initialized for jiuwen_team_sess_08b30e7e7512, member=team_leader
2026-08-09 23:20:10 | team | sess_08b30e7e7512 | INFO | [team_leader] TeamPolicyRail static sections: section_names=['team_role', 'team_workflow', 'team_swarmflow', 'team_lifecycle', 'team_persona']
2026-08-09 23:20:10 | team | sess_08b30e7e7512 | INFO | Session tables ready for session sess_08b30e7e7512
2026-08-09 23:20:10 | team | sess_08b30e7e7512 | INFO | Team database initialized
2026-08-09 23:20:10 | team | default_trace_id | INFO | Team workspace directory ensured at /srv/jwteam_clone/shared/run_current
2026-08-09 23:20:10 | team | default_trace_id | INFO | AgentTeam manager initialized for jiuwen_team_sess_08b30e7e7512, member=executor1
2026-08-09 23:20:10 | team | default_trace_id | INFO | [executor1] TeamPolicyRail static sections: section_names=['team_role', 'team_persona']
2026-08-09 23:20:10 | team | sess_08b30e7e7512 | INFO | [executor1] invoke start, role=teammate
2026-08-09 23:20:10 | team | sess_08b30e7e7512 | INFO | [executor1] coordination starting
2026-08-09 23:20:11 | team | sess_08b30e7e7512 | INFO | Session tables ready for session sess_08b30e7e7512
2026-08-09 23:20:11 | team | sess_08b30e7e7512 | INFO | Workspace /srv/jwteam_clone/shared/run_current initialized as plain shared directory (version_control disabled)
2026-08-09 23:20:11 | team | sess_08b30e7e7512 | INFO | EventBus[teammate] starting
2026-08-09 23:21:03 | team | sess_08b30e7e7512 | INFO | [executor1] HITT section refresh: human_agent_names=[]
2026-08-09 23:21:17 | team | sess_08b30e7e7512 | INFO | [executor1] processing 1 unread messages (steer=True)
2026-08-09 23:21:17 | team | sess_08b30e7e7512 | INFO | Message b5c88d29-c34a-467f-9cb8-dff427263ac7 marked as read by executor1
2026-08-09 23:21:47 | team | sess_08b30e7e7512 | INFO | [executor1] processing 1 unread messages (steer=True)
2026-08-09 23:21:47 | team | sess_08b30e7e7512 | INFO | Message cf5afc92-ab0a-4abb-97b5-0f939d4a3649 marked as read by executor1
2026-08-09 23:22:02 | team | sess_08b30e7e7512 | INFO | Message c26720fa-20df-440f-8cc2-c17a08f2c145 created
2026-08-09 23:22:02 | team | sess_08b30e7e7512 | INFO | Message f14187fc-1c88-4e4a-a1b0-e2ab16095161 created
2026-08-09 23:22:08 | team | sess_08b30e7e7512 | INFO | [executor1] processing 1 unread messages (steer=True)
2026-08-09 23:22:08 | team | sess_08b30e7e7512 | INFO | Message 29b4c7d4-3066-42c2-8bf6-f930fdb54e0f marked as read by executor1
2026-08-09 23:22:18 | team | sess_08b30e7e7512 | INFO | [executor1] processing 1 unread messages (steer=True)
2026-08-09 23:22:18 | team | sess_08b30e7e7512 | INFO | Message 6c17bdec-b398-42ff-85df-97b60961e409 marked as read by executor1
2026-08-09 23:22:21 | team | sess_08b30e7e7512 | INFO | [executor1] processing 1 unread messages (steer=True)
2026-08-09 23:22:21 | team | sess_08b30e7e7512 | INFO | Message 9c16a706-9c7c-4a13-93c4-3413f0ae524f marked as read by executor1
2026-08-09 23:22:40 | team | sess_08b30e7e7512 | INFO | Message 4bd9c4fc-321b-4929-bc84-71de62b2500b created
2026-08-09 23:22:40 | team | sess_08b30e7e7512 | INFO | Message 601718a7-089d-45ab-86c0-19370bbbbb8e created
2026-08-09 23:22:47 | team | sess_08b30e7e7512 | INFO | Message 8769d338-6706-4041-9a32-98d4b21e272d created
2026-08-09 23:23:01 | team | sess_08b30e7e7512 | INFO | [executor1] processing 1 unread messages (steer=True)
2026-08-09 23:23:01 | team | sess_08b30e7e7512 | INFO | Message 4962f132-09b1-4ccc-bdf4-902c3a39c1ab marked as read by executor1
2026-08-09 23:23:08 | team | sess_08b30e7e7512 | INFO | [executor1] processing 1 unread messages (steer=True)
2026-08-09 23:23:08 | team | sess_08b30e7e7512 | INFO | Message 2674edfc-6fb2-45c5-b7bb-8614ee21bb75 marked as read by executor1
2026-08-09 23:23:08 | team | sess_08b30e7e7512 | INFO | Message e5d8c03e-36c2-496d-b9fb-f25f40a51545 created
2026-08-09 23:23:16 | team | sess_08b30e7e7512 | INFO | Message 8d85fbde-d526-4917-9c1a-c16210c5185b created
2026-08-09 23:23:25 | team | sess_08b30e7e7512 | INFO | [executor1] processing 1 unread messages (steer=True)
2026-08-09 23:23:25 | team | sess_08b30e7e7512 | INFO | Message d3dc87b1-00cc-4af0-ba32-3ec49e74f4b7 marked as read by executor1
2026-08-09 23:23:28 | team | sess_08b30e7e7512 | INFO | [executor1] processing 1 unread messages (steer=True)
2026-08-09 23:23:28 | team | sess_08b30e7e7512 | INFO | Message 5b9202b5-620b-42f6-9a42-45308f0aa69f marked as read by executor1
2026-08-09 23:29:08 | team | sess_08b30e7e7512 | INFO | task list drained for team jiuwen_team_sess_08b30e7e7512: 6 terminal task(s)
2026-08-09 23:31:21 | team | sess_08b30e7e7512 | INFO | task list drained for team jiuwen_team_sess_08b30e7e7512: 9 terminal task(s)
2026-08-09 23:31:40 | team | sess_08b30e7e7512 | INFO | [executor1] processing 1 unread messages (steer=True)
2026-08-09 23:31:40 | team | sess_08b30e7e7512 | INFO | Message 6c23e2b9-5921-410c-9d4f-7c32c75bf5d1 marked as read by executor1
2026-08-09 23:31:56 | team | sess_08b30e7e7512 | INFO | team jiuwen_team_sess_08b30e7e7512 reported completed: 9 members, 9 tasks
2026-08-09 23:31:56 | team | sess_08b30e7e7512 | INFO | [executor1] received TEAM_STANDBY, pausing polls
2026-08-09 23:31:56 | team | sess_08b30e7e7512 | INFO | EventBus[teammate] pausing polls
