2026-08-09 23:20:08 | team | sess_08b30e7e7512 | INFO | Team workspace directory ensured at /srv/jwteam_clone/shared/run_current
2026-08-09 23:20:08 | team | sess_08b30e7e7512 | INFO | AgentTeam manager initialized for jiuwen_team_sess_08b30e7e7512, member=team_leader
2026-08-09 23:20:08 | team | sess_08b30e7e7512 | INFO | [team_leader] TeamPolicyRail static sections: section_names=['team_role', 'team_workflow', 'team_swarmflow', 'team_lifecycle', 'team_persona']
2026-08-09 23:20:08 | team | sess_08b30e7e7512 | INFO | Session tables ready for session sess_08b30e7e7512
2026-08-09 23:20:08 | team | sess_08b30e7e7512 | INFO | Team database initialized
2026-08-09 23:20:08 | team | default_trace_id | INFO | Team workspace directory ensured at /srv/jwteam_clone/shared/run_current
2026-08-09 23:20:08 | team | default_trace_id | INFO | AgentTeam manager initialized for jiuwen_team_sess_08b30e7e7512, member=planner1
2026-08-09 23:20:08 | team | default_trace_id | INFO | [planner1] TeamPolicyRail static sections: section_names=['team_role', 'team_persona']
2026-08-09 23:20:08 | team | sess_08b30e7e7512 | INFO | [planner1] invoke start, role=teammate
2026-08-09 23:20:08 | team | sess_08b30e7e7512 | INFO | [planner1] coordination starting
2026-08-09 23:20:08 | team | sess_08b30e7e7512 | INFO | Session tables ready for session sess_08b30e7e7512
2026-08-09 23:20:08 | team | sess_08b30e7e7512 | INFO | Workspace /srv/jwteam_clone/shared/run_current initialized as plain shared directory (version_control disabled)
2026-08-09 23:20:09 | team | sess_08b30e7e7512 | INFO | EventBus[teammate] starting
2026-08-09 23:21:04 | team | sess_08b30e7e7512 | INFO | [planner1] HITT section refresh: human_agent_names=[]
2026-08-09 23:21:17 | team | sess_08b30e7e7512 | INFO | [planner1] processing 1 unread messages (steer=True)
2026-08-09 23:21:17 | team | sess_08b30e7e7512 | INFO | Message b5c88d29-c34a-467f-9cb8-dff427263ac7 marked as read by planner1
2026-08-09 23:21:33 | team | sess_08b30e7e7512 | INFO | [planner1] processing 1 unread messages (steer=True)
2026-08-09 23:21:33 | team | sess_08b30e7e7512 | INFO | Message d6111355-aae3-4c85-9e27-09feb1dc3ad2 marked as read by planner1
2026-08-09 23:21:37 | team | sess_08b30e7e7512 | INFO | Message d5c57d2e-2bd7-48fd-bf4d-19079d199ef5 created
2026-08-09 23:21:44 | team | sess_08b30e7e7512 | INFO | Message c4ae7967-b23a-465f-819b-2258681134fd created
2026-08-09 23:21:48 | team | sess_08b30e7e7512 | INFO | [planner1] processing 1 unread messages (steer=True)
2026-08-09 23:21:48 | team | sess_08b30e7e7512 | INFO | Message 53f7cd35-5030-47b1-b59a-fcf3b214989a marked as read by planner1
2026-08-09 23:22:14 | team | sess_08b30e7e7512 | INFO | [planner1] processing 1 unread messages (steer=True)
2026-08-09 23:22:14 | team | sess_08b30e7e7512 | INFO | Message 2afa4a2a-4811-4c20-af8d-d6688f30a7b5 marked as read by planner1
2026-08-09 23:22:18 | team | sess_08b30e7e7512 | INFO | Message f7039e66-15f5-4ed0-8941-fae97ebab7aa created
2026-08-09 23:22:18 | team | sess_08b30e7e7512 | INFO | Message 6c17bdec-b398-42ff-85df-97b60961e409 created
2026-08-09 23:22:25 | team | sess_08b30e7e7512 | INFO | [planner1] processing 1 unread messages (steer=True)
2026-08-09 23:22:25 | team | sess_08b30e7e7512 | INFO | Message 2c0805a9-75c2-41bb-96ab-e5ca0666d6fb marked as read by planner1
2026-08-09 23:22:34 | team | sess_08b30e7e7512 | INFO | [planner1] processing 1 unread messages (steer=True)
2026-08-09 23:22:34 | team | sess_08b30e7e7512 | INFO | Message 906d9f50-e808-4209-a39d-2bcbab7e15bd marked as read by planner1
2026-08-09 23:22:35 | team | sess_08b30e7e7512 | INFO | Message 68f92955-3f80-4020-9e82-dde9f6e9a2b1 created
2026-08-09 23:22:35 | team | sess_08b30e7e7512 | INFO | Message ef1cefee-db6f-4282-b1bc-de261869589a created
2026-08-09 23:29:08 | team | sess_08b30e7e7512 | INFO | task list drained for team jiuwen_team_sess_08b30e7e7512: 6 terminal task(s)
2026-08-09 23:31:21 | team | sess_08b30e7e7512 | INFO | task list drained for team jiuwen_team_sess_08b30e7e7512: 9 terminal task(s)
2026-08-09 23:31:40 | team | sess_08b30e7e7512 | INFO | [planner1] processing 1 unread messages (steer=True)
2026-08-09 23:31:40 | team | sess_08b30e7e7512 | INFO | Message 6c23e2b9-5921-410c-9d4f-7c32c75bf5d1 marked as read by planner1
2026-08-09 23:31:48 | team | sess_08b30e7e7512 | INFO | Message a0d00a24-48e5-4966-9553-cc48c1503793 created
2026-08-09 23:31:56 | team | sess_08b30e7e7512 | INFO | team jiuwen_team_sess_08b30e7e7512 reported completed: 9 members, 9 tasks
2026-08-09 23:31:56 | team | sess_08b30e7e7512 | INFO | [planner1] received TEAM_STANDBY, pausing polls
2026-08-09 23:31:56 | team | sess_08b30e7e7512 | INFO | EventBus[teammate] pausing polls
