2026-08-09 23:20:13 | team | sess_08b30e7e7512 | INFO | Team workspace directory ensured at /srv/jwteam_clone/shared/run_current
2026-08-09 23:20:13 | team | sess_08b30e7e7512 | INFO | AgentTeam manager initialized for jiuwen_team_sess_08b30e7e7512, member=team_leader
2026-08-09 23:20:13 | team | sess_08b30e7e7512 | INFO | [team_leader] TeamPolicyRail static sections: section_names=['team_role', 'team_workflow', 'team_swarmflow', 'team_lifecycle', 'team_persona']
2026-08-09 23:20:13 | team | sess_08b30e7e7512 | INFO | Session tables ready for session sess_08b30e7e7512
2026-08-09 23:20:13 | team | sess_08b30e7e7512 | INFO | Team database initialized
2026-08-09 23:20:13 | team | default_trace_id | INFO | Team workspace directory ensured at /srv/jwteam_clone/shared/run_current
2026-08-09 23:20:13 | team | default_trace_id | INFO | AgentTeam manager initialized for jiuwen_team_sess_08b30e7e7512, member=executor3
2026-08-09 23:20:13 | team | default_trace_id | INFO | [executor3] TeamPolicyRail static sections: section_names=['team_role', 'team_persona']
2026-08-09 23:20:13 | team | sess_08b30e7e7512 | INFO | [executor3] invoke start, role=teammate
2026-08-09 23:20:13 | team | sess_08b30e7e7512 | INFO | [executor3] coordination starting
2026-08-09 23:20:13 | team | sess_08b30e7e7512 | INFO | Session tables ready for session sess_08b30e7e7512
2026-08-09 23:20:13 | team | sess_08b30e7e7512 | INFO | Workspace /srv/jwteam_clone/shared/run_current initialized as plain shared directory (version_control disabled)
2026-08-09 23:20:13 | team | sess_08b30e7e7512 | INFO | EventBus[teammate] starting
2026-08-09 23:21:04 | team | sess_08b30e7e7512 | INFO | [executor3] HITT section refresh: human_agent_names=[]
2026-08-09 23:21:17 | team | sess_08b30e7e7512 | INFO | [executor3] processing 1 unread messages (steer=True)
2026-08-09 23:21:17 | team | sess_08b30e7e7512 | INFO | Message b5c88d29-c34a-467f-9cb8-dff427263ac7 marked as read by executor3
2026-08-09 23:21:33 | team | sess_08b30e7e7512 | INFO | Message 61b0fc91-5c8b-4c90-bd11-abed5532c0a7 created
2026-08-09 23:22:18 | team | sess_08b30e7e7512 | INFO | [executor3] processing 1 unread messages (steer=True)
2026-08-09 23:22:18 | team | sess_08b30e7e7512 | INFO | Message f7039e66-15f5-4ed0-8941-fae97ebab7aa marked as read by executor3
2026-08-09 23:22:25 | team | sess_08b30e7e7512 | INFO | Message 2c0805a9-75c2-41bb-96ab-e5ca0666d6fb created
2026-08-09 23:22:40 | team | sess_08b30e7e7512 | INFO | [executor3] processing 1 unread messages (steer=True)
2026-08-09 23:22:40 | team | sess_08b30e7e7512 | INFO | Message 4bd9c4fc-321b-4929-bc84-71de62b2500b marked as read by executor3
2026-08-09 23:23:01 | team | sess_08b30e7e7512 | INFO | Message 4962f132-09b1-4ccc-bdf4-902c3a39c1ab created
2026-08-09 23:23:09 | team | sess_08b30e7e7512 | INFO | [executor3] processing 1 unread messages (steer=True)
2026-08-09 23:23:09 | team | sess_08b30e7e7512 | INFO | Message e5d8c03e-36c2-496d-b9fb-f25f40a51545 marked as read by executor3
2026-08-09 23:23:09 | team | sess_08b30e7e7512 | INFO | [executor3] processing 1 unread messages (steer=True)
2026-08-09 23:23:09 | team | sess_08b30e7e7512 | INFO | Message 57986989-d768-4503-b0df-5d5366c2e5f9 marked as read by executor3
2026-08-09 23:23:13 | team | sess_08b30e7e7512 | INFO | Message a7112bd4-f683-4f2a-80a5-7c1e44e74181 created
2026-08-09 23:23:18 | team | sess_08b30e7e7512 | INFO | [executor3] processing 1 unread messages (steer=True)
2026-08-09 23:23:18 | team | sess_08b30e7e7512 | INFO | Message a85dddac-8a9e-45e0-a906-cf4a2be2f2d7 marked as read by executor3
2026-08-09 23:23:20 | team | sess_08b30e7e7512 | INFO | [executor3] processing 1 unread messages (steer=True)
2026-08-09 23:23:20 | team | sess_08b30e7e7512 | INFO | Message 161c1c37-0322-4048-a290-086c64af169b marked as read by executor3
2026-08-09 23:23:25 | team | sess_08b30e7e7512 | INFO | Message d3dc87b1-00cc-4af0-ba32-3ec49e74f4b7 created
2026-08-09 23:23:28 | team | sess_08b30e7e7512 | INFO | [executor3] processing 1 unread messages (steer=True)
2026-08-09 23:23:28 | team | sess_08b30e7e7512 | INFO | Message a9a2c162-e085-46b9-b81a-ffcae16df714 marked as read by executor3
2026-08-09 23:23:37 | team | sess_08b30e7e7512 | INFO | Message befaa305-76f8-450e-bf49-6852085bc99f created
2026-08-09 23:23:40 | team | sess_08b30e7e7512 | INFO | [executor3] processing 1 unread messages (steer=True)
2026-08-09 23:23:40 | team | sess_08b30e7e7512 | INFO | Message edf50b0d-f062-458b-ba8b-3edfd4cb13bd marked as read by executor3
2026-08-09 23:23:48 | team | sess_08b30e7e7512 | INFO | [executor3] processing 1 unread messages (steer=True)
2026-08-09 23:23:48 | team | sess_08b30e7e7512 | INFO | Message 089c362c-c6cb-4e12-a4aa-4bcf528910bd marked as read by executor3
2026-08-09 23:23:52 | team | sess_08b30e7e7512 | INFO | Message 152ca8b8-983e-439b-89fc-bf37a49f9058 created
2026-08-09 23:23:52 | team | sess_08b30e7e7512 | INFO | Message d5bedb83-fcef-4b2e-915a-4706d2a9bdd6 created
2026-08-09 23:23:57 | team | sess_08b30e7e7512 | INFO | Message 02cd7637-db85-4912-8c0f-8191b9747810 created
2026-08-09 23:23:58 | team | sess_08b30e7e7512 | INFO | [executor3] processing 1 unread messages (steer=True)
2026-08-09 23:23:58 | team | sess_08b30e7e7512 | INFO | Message baaa66b7-f697-4fb3-b6ea-0c721b6c4238 marked as read by executor3
2026-08-09 23:24:08 | team | sess_08b30e7e7512 | INFO | Message 293c6654-714a-48c7-b02d-02f8b37c0698 created
2026-08-09 23:24:12 | team | sess_08b30e7e7512 | INFO | [executor3] processing 1 unread messages (steer=True)
2026-08-09 23:24:13 | team | sess_08b30e7e7512 | INFO | Message 72b0b083-2e34-4cd5-8f28-f0abd716cd12 marked as read by executor3
2026-08-09 23:24:18 | team | sess_08b30e7e7512 | INFO | Message 35392257-3678-4af0-b460-356fa5450bc8 created
2026-08-09 23:24:31 | team | sess_08b30e7e7512 | INFO | [executor3] processing 1 unread messages (steer=True)
2026-08-09 23:24:31 | team | sess_08b30e7e7512 | INFO | Message a7e9d78c-47b6-4de5-828a-58a1ae25d77d marked as read by executor3
2026-08-09 23:24:37 | team | sess_08b30e7e7512 | INFO | Message 9e201243-4d62-490c-8d98-219686386b95 created
2026-08-09 23:29:08 | team | sess_08b30e7e7512 | INFO | task list drained for team jiuwen_team_sess_08b30e7e7512: 6 terminal task(s)
2026-08-09 23:29:54 | team | sess_08b30e7e7512 | INFO | Message 25110840-ba2c-476a-a273-f1c895351475 created
2026-08-09 23:30:13 | team | sess_08b30e7e7512 | INFO | [executor3] processing 1 unread messages (steer=True)
2026-08-09 23:30:13 | team | sess_08b30e7e7512 | INFO | Message 80ff3233-399b-448c-a9d1-9d3acf4b71ff marked as read by executor3
2026-08-09 23:30:20 | team | sess_08b30e7e7512 | INFO | [executor3] processing 1 unread messages (steer=True)
2026-08-09 23:30:20 | team | sess_08b30e7e7512 | INFO | Message cdf78467-99a3-4914-87bd-4e051c60e443 marked as read by executor3
2026-08-09 23:30:30 | team | sess_08b30e7e7512 | INFO | Message 5ad829de-098f-4e4a-9831-15cc6c42085f created
2026-08-09 23:30:44 | team | sess_08b30e7e7512 | INFO | Message 9e5d87e4-68ee-4b3c-bcd8-29f47a941c58 created
2026-08-09 23:30:51 | team | sess_08b30e7e7512 | INFO | [executor3] processing 1 unread messages (steer=True)
2026-08-09 23:30:51 | team | sess_08b30e7e7512 | INFO | Message 5d4ced63-d380-4c1d-a06f-22d7cb90bdbe marked as read by executor3
2026-08-09 23:30:58 | team | sess_08b30e7e7512 | INFO | Message c4b59f6b-9296-4268-8738-fe9d05552f0f created
2026-08-09 23:31:21 | team | sess_08b30e7e7512 | INFO | task list drained for team jiuwen_team_sess_08b30e7e7512: 9 terminal task(s)
2026-08-09 23:31:40 | team | sess_08b30e7e7512 | INFO | [executor3] processing 1 unread messages (steer=True)
2026-08-09 23:31:40 | team | sess_08b30e7e7512 | INFO | Message 6c23e2b9-5921-410c-9d4f-7c32c75bf5d1 marked as read by executor3
2026-08-09 23:31:56 | team | sess_08b30e7e7512 | INFO | team jiuwen_team_sess_08b30e7e7512 reported completed: 9 members, 9 tasks
2026-08-09 23:31:56 | team | sess_08b30e7e7512 | INFO | [executor3] received TEAM_STANDBY, pausing polls
2026-08-09 23:31:56 | team | sess_08b30e7e7512 | INFO | EventBus[teammate] pausing polls
