2026-08-09 23:20:09 | team | sess_08b30e7e7512 | INFO | Team workspace directory ensured at /srv/jwteam_clone/shared/run_current
2026-08-09 23:20:09 | team | sess_08b30e7e7512 | INFO | AgentTeam manager initialized for jiuwen_team_sess_08b30e7e7512, member=team_leader
2026-08-09 23:20:09 | team | sess_08b30e7e7512 | INFO | [team_leader] TeamPolicyRail static sections: section_names=['team_role', 'team_workflow', 'team_swarmflow', 'team_lifecycle', 'team_persona']
2026-08-09 23:20:09 | team | sess_08b30e7e7512 | INFO | Session tables ready for session sess_08b30e7e7512
2026-08-09 23:20:09 | team | sess_08b30e7e7512 | INFO | Team database initialized
2026-08-09 23:20:09 | team | default_trace_id | INFO | Team workspace directory ensured at /srv/jwteam_clone/shared/run_current
2026-08-09 23:20:09 | team | default_trace_id | INFO | AgentTeam manager initialized for jiuwen_team_sess_08b30e7e7512, member=planner2
2026-08-09 23:20:09 | team | default_trace_id | INFO | [planner2] TeamPolicyRail static sections: section_names=['team_role', 'team_persona']
2026-08-09 23:20:09 | team | sess_08b30e7e7512 | INFO | [planner2] invoke start, role=teammate
2026-08-09 23:20:09 | team | sess_08b30e7e7512 | INFO | [planner2] coordination starting
2026-08-09 23:20:09 | team | sess_08b30e7e7512 | INFO | Session tables ready for session sess_08b30e7e7512
2026-08-09 23:20:09 | team | sess_08b30e7e7512 | INFO | Workspace /srv/jwteam_clone/shared/run_current initialized as plain shared directory (version_control disabled)
2026-08-09 23:20:09 | team | sess_08b30e7e7512 | INFO | EventBus[teammate] starting
2026-08-09 23:21:04 | team | sess_08b30e7e7512 | INFO | [planner2] HITT section refresh: human_agent_names=[]
2026-08-09 23:21:17 | team | sess_08b30e7e7512 | INFO | [planner2] processing 1 unread messages (steer=True)
2026-08-09 23:21:17 | team | sess_08b30e7e7512 | INFO | Message b5c88d29-c34a-467f-9cb8-dff427263ac7 marked as read by planner2
2026-08-09 23:21:28 | team | sess_08b30e7e7512 | INFO | Message 14bbf508-e6b8-47bc-9a18-0bd24ad23c6e created
2026-08-09 23:21:33 | team | sess_08b30e7e7512 | INFO | [planner2] processing 1 unread messages (steer=True)
2026-08-09 23:21:33 | team | sess_08b30e7e7512 | INFO | Message 019e8822-d85b-4fec-919a-3a088026feb2 marked as read by planner2
2026-08-09 23:22:03 | team | sess_08b30e7e7512 | INFO | Message d38a1f35-2f33-4bbf-9c4b-20d86ff52f4b created
2026-08-09 23:22:09 | team | sess_08b30e7e7512 | INFO | Task plan-v2 claimed by member planner2
2026-08-09 23:22:09 | team | sess_08b30e7e7512 | INFO | Task plan-v2 claimed by member planner2
2026-08-09 23:22:34 | team | sess_08b30e7e7512 | INFO | [planner2] processing 1 unread messages (steer=True)
2026-08-09 23:22:34 | team | sess_08b30e7e7512 | INFO | Message b3ce2f4c-4397-4229-b1f4-18af0965d258 marked as read by planner2
2026-08-09 23:22:35 | team | sess_08b30e7e7512 | INFO | [planner2] processing 1 unread messages (steer=True)
2026-08-09 23:22:35 | team | sess_08b30e7e7512 | INFO | Message 68f92955-3f80-4020-9e82-dde9f6e9a2b1 marked as read by planner2
2026-08-09 23:22:44 | team | sess_08b30e7e7512 | INFO | Message 0625e864-db68-425b-b9ac-197e9d510a00 created
2026-08-09 23:23:08 | team | sess_08b30e7e7512 | INFO | [planner2] processing 1 unread messages (steer=True)
2026-08-09 23:23:08 | team | sess_08b30e7e7512 | INFO | Message c7dd5cdf-48be-4d06-b1e1-f6c0a1898db5 marked as read by planner2
2026-08-09 23:23:09 | team | sess_08b30e7e7512 | INFO | Message 57986989-d768-4503-b0df-5d5366c2e5f9 created
2026-08-09 23:23:18 | team | sess_08b30e7e7512 | INFO | Message a85dddac-8a9e-45e0-a906-cf4a2be2f2d7 created
2026-08-09 23:23:18 | team | sess_08b30e7e7512 | INFO | Message 76535a1d-0b21-49a2-ac92-bf78c6c7ec21 created
2026-08-09 23:23:26 | team | sess_08b30e7e7512 | INFO | Task plan-v2 completed at 1786314206112
2026-08-09 23:23:26 | team | sess_08b30e7e7512 | INFO | Task plan-v2 completed
2026-08-09 23:23:28 | team | sess_08b30e7e7512 | INFO | [planner2] processing 1 unread messages (steer=True)
2026-08-09 23:23:28 | team | sess_08b30e7e7512 | INFO | Message 47443533-68eb-45ea-8913-476342621b60 marked as read by planner2
2026-08-09 23:23:31 | team | sess_08b30e7e7512 | INFO | Message 0c0ce50b-0869-4991-b3d0-1208aad01e8d created
2026-08-09 23:23:41 | team | sess_08b30e7e7512 | INFO | Message b885cc18-9131-4ac0-8fde-5dd2e1754d1f created
2026-08-09 23:23:53 | team | sess_08b30e7e7512 | INFO | [planner2] processing 1 unread messages (steer=True)
2026-08-09 23:23:53 | team | sess_08b30e7e7512 | INFO | Message 9854d908-23c2-4e9e-98bd-26b7a6f477a3 marked as read by planner2
2026-08-09 23:29:08 | team | sess_08b30e7e7512 | INFO | task list drained for team jiuwen_team_sess_08b30e7e7512: 6 terminal task(s)
2026-08-09 23:29:40 | team | sess_08b30e7e7512 | INFO | Task fix-v3-v6 claimed by member planner2
2026-08-09 23:29:40 | team | sess_08b30e7e7512 | INFO | Task fix-v3-v6 claimed by member planner2
2026-08-09 23:29:49 | team | sess_08b30e7e7512 | INFO | [planner2] processing 1 unread messages (steer=True)
2026-08-09 23:29:49 | team | sess_08b30e7e7512 | INFO | Message 5a14cf8f-8947-4a88-9c7d-2db440be99e8 marked as read by planner2
2026-08-09 23:29:54 | team | sess_08b30e7e7512 | INFO | [planner2] processing 1 unread messages (steer=True)
2026-08-09 23:29:54 | team | sess_08b30e7e7512 | INFO | Message 25110840-ba2c-476a-a273-f1c895351475 marked as read by planner2
2026-08-09 23:29:56 | team | sess_08b30e7e7512 | INFO | [planner2] processing 1 unread messages (steer=True)
2026-08-09 23:29:56 | team | sess_08b30e7e7512 | INFO | Message 0b15b022-7dd9-4cc1-82a3-294a0a0654b4 marked as read by planner2
2026-08-09 23:30:01 | team | sess_08b30e7e7512 | INFO | [planner2] processing 1 unread messages (steer=True)
2026-08-09 23:30:01 | team | sess_08b30e7e7512 | INFO | Message eed553bb-cea3-4374-b7d2-69c9d3ff0d35 marked as read by planner2
2026-08-09 23:30:13 | team | sess_08b30e7e7512 | INFO | Message d4ffab42-7ffd-4bb4-a21d-0b6ab48b01d4 created
2026-08-09 23:30:13 | team | sess_08b30e7e7512 | INFO | Message 3444cd08-8e48-44aa-81d9-93d7c01b74f2 created
2026-08-09 23:30:13 | team | sess_08b30e7e7512 | INFO | Message 80ff3233-399b-448c-a9d1-9d3acf4b71ff created
2026-08-09 23:30:22 | team | sess_08b30e7e7512 | INFO | Message be3c7e93-5484-4abb-a54f-1301e95a43f2 created
2026-08-09 23:30:30 | team | sess_08b30e7e7512 | INFO | [planner2] processing 1 unread messages (steer=True)
2026-08-09 23:30:30 | team | sess_08b30e7e7512 | INFO | Message 5ad829de-098f-4e4a-9831-15cc6c42085f marked as read by planner2
2026-08-09 23:31:21 | team | sess_08b30e7e7512 | INFO | task list drained for team jiuwen_team_sess_08b30e7e7512: 9 terminal task(s)
2026-08-09 23:31:40 | team | sess_08b30e7e7512 | INFO | [planner2] processing 1 unread messages (steer=True)
2026-08-09 23:31:40 | team | sess_08b30e7e7512 | INFO | Message 6c23e2b9-5921-410c-9d4f-7c32c75bf5d1 marked as read by planner2
2026-08-09 23:31:56 | team | sess_08b30e7e7512 | INFO | team jiuwen_team_sess_08b30e7e7512 reported completed: 9 members, 9 tasks
2026-08-09 23:31:56 | team | sess_08b30e7e7512 | INFO | [planner2] received TEAM_STANDBY, pausing polls
2026-08-09 23:31:56 | team | sess_08b30e7e7512 | INFO | EventBus[teammate] pausing polls
