2026-08-09 23:20:15 | team | sess_08b30e7e7512 | INFO | Team workspace directory ensured at /srv/jwteam_clone/shared/run_current
2026-08-09 23:20:15 | team | sess_08b30e7e7512 | INFO | AgentTeam manager initialized for jiuwen_team_sess_08b30e7e7512, member=team_leader
2026-08-09 23:20:15 | team | sess_08b30e7e7512 | INFO | [team_leader] TeamPolicyRail static sections: section_names=['team_role', 'team_workflow', 'team_swarmflow', 'team_lifecycle', 'team_persona']
2026-08-09 23:20:15 | team | sess_08b30e7e7512 | INFO | Session tables ready for session sess_08b30e7e7512
2026-08-09 23:20:15 | team | sess_08b30e7e7512 | INFO | Team database initialized
2026-08-09 23:20:15 | team | default_trace_id | INFO | Team workspace directory ensured at /srv/jwteam_clone/shared/run_current
2026-08-09 23:20:15 | team | default_trace_id | INFO | AgentTeam manager initialized for jiuwen_team_sess_08b30e7e7512, member=verifier2
2026-08-09 23:20:15 | team | default_trace_id | INFO | [verifier2] TeamPolicyRail static sections: section_names=['team_role', 'team_persona']
2026-08-09 23:20:15 | team | sess_08b30e7e7512 | INFO | [verifier2] invoke start, role=teammate
2026-08-09 23:20:15 | team | sess_08b30e7e7512 | INFO | [verifier2] coordination starting
2026-08-09 23:20:15 | team | sess_08b30e7e7512 | INFO | Session tables ready for session sess_08b30e7e7512
2026-08-09 23:20:15 | team | sess_08b30e7e7512 | INFO | Workspace /srv/jwteam_clone/shared/run_current initialized as plain shared directory (version_control disabled)
2026-08-09 23:20:15 | team | sess_08b30e7e7512 | INFO | EventBus[teammate] starting
2026-08-09 23:21:04 | team | sess_08b30e7e7512 | INFO | [verifier2] HITT section refresh: human_agent_names=[]
2026-08-09 23:21:17 | team | sess_08b30e7e7512 | INFO | [verifier2] processing 1 unread messages (steer=True)
2026-08-09 23:21:17 | team | sess_08b30e7e7512 | INFO | Message b5c88d29-c34a-467f-9cb8-dff427263ac7 marked as read by verifier2
2026-08-09 23:21:33 | team | sess_08b30e7e7512 | INFO | Message 019e8822-d85b-4fec-919a-3a088026feb2 created
2026-08-09 23:21:33 | team | sess_08b30e7e7512 | INFO | Message d6111355-aae3-4c85-9e27-09feb1dc3ad2 created
2026-08-09 23:21:47 | team | sess_08b30e7e7512 | INFO | Message cf5afc92-ab0a-4abb-97b5-0f939d4a3649 created
2026-08-09 23:22:02 | team | sess_08b30e7e7512 | INFO | [verifier2] processing 1 unread messages (steer=True)
2026-08-09 23:22:02 | team | sess_08b30e7e7512 | INFO | Message f14187fc-1c88-4e4a-a1b0-e2ab16095161 marked as read by verifier2
2026-08-09 23:22:08 | team | sess_08b30e7e7512 | INFO | Message 29b4c7d4-3066-42c2-8bf6-f930fdb54e0f created
2026-08-09 23:22:14 | team | sess_08b30e7e7512 | INFO | Message 2afa4a2a-4811-4c20-af8d-d6688f30a7b5 created
2026-08-09 23:23:40 | team | sess_08b30e7e7512 | INFO | Message edf50b0d-f062-458b-ba8b-3edfd4cb13bd created
2026-08-09 23:23:52 | team | sess_08b30e7e7512 | INFO | [verifier2] processing 1 unread messages (steer=True)
2026-08-09 23:23:52 | team | sess_08b30e7e7512 | INFO | Message d5bedb83-fcef-4b2e-915a-4706d2a9bdd6 marked as read by verifier2
2026-08-09 23:23:58 | team | sess_08b30e7e7512 | INFO | Message baaa66b7-f697-4fb3-b6ea-0c721b6c4238 created
2026-08-09 23:24:08 | team | sess_08b30e7e7512 | INFO | [verifier2] processing 1 unread messages (steer=True)
2026-08-09 23:24:08 | team | sess_08b30e7e7512 | INFO | Message 293c6654-714a-48c7-b02d-02f8b37c0698 marked as read by verifier2
2026-08-09 23:24:12 | team | sess_08b30e7e7512 | INFO | Message 72b0b083-2e34-4cd5-8f28-f0abd716cd12 created
2026-08-09 23:24:18 | team | sess_08b30e7e7512 | INFO | [verifier2] processing 1 unread messages (steer=True)
2026-08-09 23:24:18 | team | sess_08b30e7e7512 | INFO | Message 35392257-3678-4af0-b460-356fa5450bc8 marked as read by verifier2
2026-08-09 23:27:40 | team | sess_08b30e7e7512 | INFO | [verifier2] processing 1 unread messages (steer=True)
2026-08-09 23:27:40 | team | sess_08b30e7e7512 | INFO | Message ef82a97c-c493-4699-9826-6f990c96c13b marked as read by verifier2
2026-08-09 23:27:47 | team | sess_08b30e7e7512 | INFO | Task verify-2 claimed by member verifier2
2026-08-09 23:27:47 | team | sess_08b30e7e7512 | INFO | Task verify-2 claimed by member verifier2
2026-08-09 23:28:45 | team | sess_08b30e7e7512 | INFO | Task verify-2 completed at 1786314525384
2026-08-09 23:28:45 | team | sess_08b30e7e7512 | INFO | Message 185bec49-43b4-4b3a-b568-65ac9920270f created
2026-08-09 23:28:45 | team | sess_08b30e7e7512 | INFO | Task verify-2 completed
2026-08-09 23:28:51 | team | sess_08b30e7e7512 | INFO | Message d2954cf4-162d-4d1f-a2d8-04bfb9a5f43c created
2026-08-09 23:29:00 | team | sess_08b30e7e7512 | INFO | [verifier2] processing 1 unread messages (steer=True)
2026-08-09 23:29:00 | team | sess_08b30e7e7512 | INFO | Message 717c2407-08dd-4faa-abf3-1c1c647f93c6 marked as read by verifier2
2026-08-09 23:29:05 | team | sess_08b30e7e7512 | INFO | Message ea1ad6e2-630f-447e-b74b-a4fca31dafb7 created
2026-08-09 23:29:08 | team | sess_08b30e7e7512 | INFO | task list drained for team jiuwen_team_sess_08b30e7e7512: 6 terminal task(s)
2026-08-09 23:29:35 | team | sess_08b30e7e7512 | INFO | [verifier2] processing 1 unread messages (steer=True)
2026-08-09 23:29:35 | team | sess_08b30e7e7512 | INFO | Message 798d9db0-949e-41bf-8f23-8a9c37c46e12 marked as read by verifier2
2026-08-09 23:30:09 | team | sess_08b30e7e7512 | INFO | Message 15692187-7d99-4302-98ea-6d253b27e7ec created
2026-08-09 23:30:09 | team | sess_08b30e7e7512 | INFO | Message 79a33185-5014-4c55-92b1-3539e29d4aba created
2026-08-09 23:30:34 | team | sess_08b30e7e7512 | INFO | [verifier2] processing 1 unread messages (steer=True)
2026-08-09 23:30:34 | team | sess_08b30e7e7512 | INFO | Message 24eac196-0fd7-468c-9b4b-4cb192a344f9 marked as read by verifier2
2026-08-09 23:30:39 | team | sess_08b30e7e7512 | INFO | Task reverify-2 claimed by member verifier2
2026-08-09 23:30:39 | team | sess_08b30e7e7512 | INFO | Task reverify-2 claimed by member verifier2
2026-08-09 23:31:05 | team | sess_08b30e7e7512 | INFO | Task reverify-2 completed at 1786314665117
2026-08-09 23:31:05 | team | sess_08b30e7e7512 | INFO | Message 4dd336e5-1b99-48cf-8f41-4190821d701c created
2026-08-09 23:31:05 | team | sess_08b30e7e7512 | INFO | Message be10f84b-12be-448e-b431-29208e611d4b created
2026-08-09 23:31:05 | team | sess_08b30e7e7512 | INFO | Task reverify-2 completed
2026-08-09 23:31:21 | team | sess_08b30e7e7512 | INFO | task list drained for team jiuwen_team_sess_08b30e7e7512: 9 terminal task(s)
2026-08-09 23:31:40 | team | sess_08b30e7e7512 | INFO | [verifier2] processing 1 unread messages (steer=True)
2026-08-09 23:31:40 | team | sess_08b30e7e7512 | INFO | Message 6c23e2b9-5921-410c-9d4f-7c32c75bf5d1 marked as read by verifier2
2026-08-09 23:31:56 | team | sess_08b30e7e7512 | INFO | team jiuwen_team_sess_08b30e7e7512 reported completed: 9 members, 9 tasks
2026-08-09 23:31:56 | team | sess_08b30e7e7512 | INFO | [verifier2] received TEAM_STANDBY, pausing polls
2026-08-09 23:31:56 | team | sess_08b30e7e7512 | INFO | EventBus[teammate] pausing polls
