2026-08-08 12:30:04 | team | sess_70d568f66923 | INFO | Team workspace directory ensured at /srv/jwteam_clone/shared/run_current
2026-08-08 12:30:04 | team | sess_70d568f66923 | INFO | AgentTeam manager initialized for jiuwen_team_sess_70d568f66923, member=team_leader
2026-08-08 12:30:04 | team | sess_70d568f66923 | INFO | [team_leader] TeamPolicyRail static sections: section_names=['team_role', 'team_workflow', 'team_swarmflow', 'team_lifecycle', 'team_persona']
2026-08-08 12:30:04 | team | sess_70d568f66923 | INFO | Session tables ready for session sess_70d568f66923
2026-08-08 12:30:04 | team | sess_70d568f66923 | INFO | Team database initialized
2026-08-08 12:30:04 | team | default_trace_id | INFO | Team workspace directory ensured at /srv/jwteam_clone/shared/run_current
2026-08-08 12:30:04 | team | default_trace_id | INFO | AgentTeam manager initialized for jiuwen_team_sess_70d568f66923, member=fullstack1
2026-08-08 12:30:04 | team | default_trace_id | INFO | [fullstack1] TeamPolicyRail static sections: section_names=['team_role', 'team_persona']
2026-08-08 12:30:04 | team | sess_70d568f66923 | INFO | [fullstack1] invoke start, role=teammate
2026-08-08 12:30:04 | team | sess_70d568f66923 | INFO | [fullstack1] coordination starting
2026-08-08 12:30:04 | team | sess_70d568f66923 | INFO | Session tables ready for session sess_70d568f66923
2026-08-08 12:30:04 | team | sess_70d568f66923 | INFO | Workspace /srv/jwteam_clone/shared/run_current initialized as plain shared directory (version_control disabled)
2026-08-08 12:30:04 | team | sess_70d568f66923 | INFO | EventBus[teammate] starting
2026-08-08 12:30:53 | team | sess_70d568f66923 | INFO | [fullstack1] HITT section refresh: human_agent_names=[]
2026-08-08 12:31:08 | team | sess_70d568f66923 | INFO | [fullstack1] processing 1 unread messages (steer=True)
2026-08-08 12:31:08 | team | sess_70d568f66923 | INFO | Message 2a953b55-e847-4c27-8c37-5916ca25bc57 marked as read by fullstack1
2026-08-08 12:31:22 | team | sess_70d568f66923 | INFO | Message 0335f198-5e0a-465e-bb24-9a37e89cb4a2 created
2026-08-08 12:33:50 | team | sess_70d568f66923 | INFO | Task impl-bug12 claimed by member fullstack1
2026-08-08 12:33:50 | team | sess_70d568f66923 | INFO | Task impl-bug12 claimed by member fullstack1
2026-08-08 12:35:06 | team | sess_70d568f66923 | INFO | [fullstack1] processing 1 unread messages (steer=True)
2026-08-08 12:35:06 | team | sess_70d568f66923 | INFO | Message bf10ec29-f073-4806-9239-2cab3107ed02 marked as read by fullstack1
2026-08-08 12:35:20 | team | sess_70d568f66923 | INFO | Message a44fae02-6ae3-4e7b-bc1f-0067ccb5b4c2 created
2026-08-08 12:35:40 | team | sess_70d568f66923 | INFO | [fullstack1] processing 1 unread messages (steer=True)
2026-08-08 12:35:40 | team | sess_70d568f66923 | INFO | Message 57fdad82-b977-455b-bcde-48da4ea768a7 marked as read by fullstack1
2026-08-08 12:35:42 | team | sess_70d568f66923 | INFO | [fullstack1] processing 1 unread messages (steer=True)
2026-08-08 12:35:42 | team | sess_70d568f66923 | INFO | Message 91885ee5-f331-4943-8480-c2558ae138ba marked as read by fullstack1
2026-08-08 12:36:05 | team | sess_70d568f66923 | INFO | Message 6fd6eea3-1a08-4a63-98ee-c1678329ace3 created
2026-08-08 12:36:10 | team | sess_70d568f66923 | INFO | [fullstack1] processing 1 unread messages (steer=True)
2026-08-08 12:36:10 | team | sess_70d568f66923 | INFO | Message 0b0bc16e-60ec-4c91-a623-9aea47687308 marked as read by fullstack1
2026-08-08 12:36:12 | team | sess_70d568f66923 | INFO | Message 130b249b-01a9-44c6-ad91-757f59d92b07 created
2026-08-08 12:36:13 | team | sess_70d568f66923 | INFO | [fullstack1] processing 1 unread messages (steer=True)
2026-08-08 12:36:13 | team | sess_70d568f66923 | INFO | Message c8a09f91-532f-46a3-ac36-5150bbd58d5b marked as read by fullstack1
2026-08-08 12:38:20 | team | sess_70d568f66923 | INFO | task list drained for team jiuwen_team_sess_70d568f66923: 5 terminal task(s)
2026-08-08 12:38:34 | team | sess_70d568f66923 | INFO | [fullstack1] processing 1 unread messages (steer=True)
2026-08-08 12:38:34 | team | sess_70d568f66923 | INFO | Message 580e3ca9-4f76-426d-925a-d4b1306778bf marked as read by fullstack1
2026-08-08 12:39:20 | team | sess_70d568f66923 | INFO | team jiuwen_team_sess_70d568f66923 reported completed: 9 members, 5 tasks
2026-08-08 12:39:20 | team | sess_70d568f66923 | INFO | [fullstack1] received TEAM_STANDBY, pausing polls
2026-08-08 12:39:20 | team | sess_70d568f66923 | INFO | EventBus[teammate] pausing polls
