2026-08-08 12:30:02 | team | sess_70d568f66923 | INFO | Team workspace directory ensured at /srv/jwteam_clone/shared/run_current
2026-08-08 12:30:02 | team | sess_70d568f66923 | INFO | AgentTeam manager initialized for jiuwen_team_sess_70d568f66923, member=team_leader
2026-08-08 12:30:02 | team | sess_70d568f66923 | INFO | [team_leader] TeamPolicyRail static sections: section_names=['team_role', 'team_workflow', 'team_swarmflow', 'team_lifecycle', 'team_persona']
2026-08-08 12:30:02 | team | sess_70d568f66923 | INFO | Session tables ready for session sess_70d568f66923
2026-08-08 12:30:02 | team | sess_70d568f66923 | INFO | Team database initialized
2026-08-08 12:30:02 | team | default_trace_id | INFO | Team workspace directory ensured at /srv/jwteam_clone/shared/run_current
2026-08-08 12:30:02 | team | default_trace_id | INFO | AgentTeam manager initialized for jiuwen_team_sess_70d568f66923, member=verifier1
2026-08-08 12:30:02 | team | default_trace_id | INFO | [verifier1] TeamPolicyRail static sections: section_names=['team_role', 'team_persona']
2026-08-08 12:30:02 | team | sess_70d568f66923 | INFO | [verifier1] invoke start, role=teammate
2026-08-08 12:30:02 | team | sess_70d568f66923 | INFO | [verifier1] coordination starting
2026-08-08 12:30:02 | team | sess_70d568f66923 | INFO | Session tables ready for session sess_70d568f66923
2026-08-08 12:30:02 | team | sess_70d568f66923 | INFO | Workspace /srv/jwteam_clone/shared/run_current initialized as plain shared directory (version_control disabled)
2026-08-08 12:30:02 | team | sess_70d568f66923 | INFO | EventBus[teammate] starting
2026-08-08 12:30:53 | team | sess_70d568f66923 | INFO | [verifier1] HITT section refresh: human_agent_names=[]
2026-08-08 12:31:08 | team | sess_70d568f66923 | INFO | [verifier1] processing 1 unread messages (steer=True)
2026-08-08 12:31:08 | team | sess_70d568f66923 | INFO | Message 2a953b55-e847-4c27-8c37-5916ca25bc57 marked as read by verifier1
2026-08-08 12:35:30 | team | sess_70d568f66923 | INFO | [verifier1] processing 1 unread messages (steer=True)
2026-08-08 12:35:30 | team | sess_70d568f66923 | INFO | Message 10996ef2-f08f-48b2-84a2-7af942073231 marked as read by verifier1
2026-08-08 12:35:36 | team | sess_70d568f66923 | INFO | Message c9c80c61-fa42-4f16-b224-7ec73866315b created
2026-08-08 12:35:58 | team | sess_70d568f66923 | INFO | [verifier1] processing 1 unread messages (steer=True)
2026-08-08 12:35:58 | team | sess_70d568f66923 | INFO | Message b55d4813-71b2-404b-9436-4d80e7f79b8d marked as read by verifier1
2026-08-08 12:36:01 | team | sess_70d568f66923 | INFO | Task verify1 claimed by member verifier1
2026-08-08 12:36:01 | team | sess_70d568f66923 | INFO | Task verify1 claimed by member verifier1
2026-08-08 12:38:20 | team | sess_70d568f66923 | INFO | Task verify1 completed at 1786189100718
2026-08-08 12:38:20 | team | sess_70d568f66923 | INFO | Task verify1 completed
2026-08-08 12:38:30 | team | sess_70d568f66923 | INFO | Message 505aadb4-052c-418f-9057-33863ae671d6 created
2026-08-08 12:38:34 | team | sess_70d568f66923 | INFO | [verifier1] processing 1 unread messages (steer=True)
2026-08-08 12:38:34 | team | sess_70d568f66923 | INFO | Message 580e3ca9-4f76-426d-925a-d4b1306778bf marked as read by verifier1
2026-08-08 12:38:41 | team | sess_70d568f66923 | INFO | [verifier1] processing 1 unread messages (steer=True)
2026-08-08 12:38:41 | team | sess_70d568f66923 | INFO | Message 14f74cc9-3eab-4d5f-a386-21ebef59fcae marked as read by verifier1
2026-08-08 12:39:20 | team | sess_70d568f66923 | INFO | team jiuwen_team_sess_70d568f66923 reported completed: 9 members, 5 tasks
2026-08-08 12:39:20 | team | sess_70d568f66923 | INFO | [verifier1] received TEAM_STANDBY, pausing polls
2026-08-08 12:39:20 | team | sess_70d568f66923 | INFO | EventBus[teammate] pausing polls
