2026-08-08 12:30:00 | team | sess_70d568f66923 | INFO | Team workspace directory ensured at /srv/jwteam_clone/shared/run_current
2026-08-08 12:30:00 | team | sess_70d568f66923 | INFO | AgentTeam manager initialized for jiuwen_team_sess_70d568f66923, member=team_leader
2026-08-08 12:30:00 | team | sess_70d568f66923 | INFO | [team_leader] TeamPolicyRail static sections: section_names=['team_role', 'team_workflow', 'team_swarmflow', 'team_lifecycle', 'team_persona']
2026-08-08 12:30:00 | team | sess_70d568f66923 | INFO | Session tables ready for session sess_70d568f66923
2026-08-08 12:30:00 | team | sess_70d568f66923 | INFO | Team database initialized
2026-08-08 12:30:00 | team | default_trace_id | INFO | Team workspace directory ensured at /srv/jwteam_clone/shared/run_current
2026-08-08 12:30:00 | team | default_trace_id | INFO | AgentTeam manager initialized for jiuwen_team_sess_70d568f66923, member=executor2
2026-08-08 12:30:00 | team | default_trace_id | INFO | [executor2] TeamPolicyRail static sections: section_names=['team_role', 'team_persona']
2026-08-08 12:30:00 | team | sess_70d568f66923 | INFO | [executor2] invoke start, role=teammate
2026-08-08 12:30:00 | team | sess_70d568f66923 | INFO | [executor2] coordination starting
2026-08-08 12:30:00 | team | sess_70d568f66923 | INFO | Session tables ready for session sess_70d568f66923
2026-08-08 12:30:00 | team | sess_70d568f66923 | INFO | Workspace /srv/jwteam_clone/shared/run_current initialized as plain shared directory (version_control disabled)
2026-08-08 12:30:00 | team | sess_70d568f66923 | INFO | EventBus[teammate] starting
2026-08-08 12:30:54 | team | sess_70d568f66923 | INFO | [executor2] HITT section refresh: human_agent_names=[]
2026-08-08 12:31:08 | team | sess_70d568f66923 | INFO | [executor2] processing 1 unread messages (steer=True)
2026-08-08 12:31:08 | team | sess_70d568f66923 | INFO | Message 2a953b55-e847-4c27-8c37-5916ca25bc57 marked as read by executor2
2026-08-08 12:33:16 | team | sess_70d568f66923 | INFO | [executor2] processing 1 unread messages (steer=True)
2026-08-08 12:33:16 | team | sess_70d568f66923 | INFO | Message 534ad542-3fba-4d5b-a809-d5f87e58e767 marked as read by executor2
2026-08-08 12:33:49 | team | sess_70d568f66923 | INFO | Task impl-bug3 claimed by member executor2
2026-08-08 12:33:49 | team | sess_70d568f66923 | INFO | Task impl-bug3 claimed by member executor2
2026-08-08 12:35:30 | team | sess_70d568f66923 | INFO | Task impl-bug3 completed at 1786188930138
2026-08-08 12:35:30 | team | sess_70d568f66923 | INFO | Message 10996ef2-f08f-48b2-84a2-7af942073231 created
2026-08-08 12:35:30 | team | sess_70d568f66923 | INFO | Resolved 2 dependencies for task impl-bug3
2026-08-08 12:35:30 | team | sess_70d568f66923 | INFO | Task impl-bug3 completed
2026-08-08 12:35:30 | team | sess_70d568f66923 | INFO | Message e4bb5e6a-c9d0-46d2-b17e-dd7c05596dd6 created
2026-08-08 12:35:36 | team | sess_70d568f66923 | INFO | [executor2] processing 1 unread messages (steer=True)
2026-08-08 12:35:36 | team | sess_70d568f66923 | INFO | Message c9c80c61-fa42-4f16-b224-7ec73866315b marked as read by executor2
2026-08-08 12:35:37 | team | sess_70d568f66923 | INFO | [executor2] processing 1 unread messages (steer=True)
2026-08-08 12:35:37 | team | sess_70d568f66923 | INFO | Message 28aa6745-5572-44c2-8390-e069c7049f26 marked as read by executor2
2026-08-08 12:38:20 | team | sess_70d568f66923 | INFO | task list drained for team jiuwen_team_sess_70d568f66923: 5 terminal task(s)
2026-08-08 12:38:34 | team | sess_70d568f66923 | INFO | [executor2] processing 1 unread messages (steer=True)
2026-08-08 12:38:34 | team | sess_70d568f66923 | INFO | Message 580e3ca9-4f76-426d-925a-d4b1306778bf marked as read by executor2
2026-08-08 12:39:20 | team | sess_70d568f66923 | INFO | team jiuwen_team_sess_70d568f66923 reported completed: 9 members, 5 tasks
2026-08-08 12:39:20 | team | sess_70d568f66923 | INFO | [executor2] received TEAM_STANDBY, pausing polls
2026-08-08 12:39:20 | team | sess_70d568f66923 | INFO | EventBus[teammate] pausing polls
