2026-08-08 12:29:57 | team | sess_70d568f66923 | INFO | Team workspace directory ensured at /srv/jwteam_clone/shared/run_current
2026-08-08 12:29:57 | team | sess_70d568f66923 | INFO | AgentTeam manager initialized for jiuwen_team_sess_70d568f66923, member=team_leader
2026-08-08 12:29:57 | team | sess_70d568f66923 | INFO | [team_leader] TeamPolicyRail static sections: section_names=['team_role', 'team_workflow', 'team_swarmflow', 'team_lifecycle', 'team_persona']
2026-08-08 12:29:57 | team | sess_70d568f66923 | INFO | Session tables ready for session sess_70d568f66923
2026-08-08 12:29:57 | team | sess_70d568f66923 | INFO | Team database initialized
2026-08-08 12:29:57 | team | default_trace_id | INFO | Team workspace directory ensured at /srv/jwteam_clone/shared/run_current
2026-08-08 12:29:57 | team | default_trace_id | INFO | AgentTeam manager initialized for jiuwen_team_sess_70d568f66923, member=planner1
2026-08-08 12:29:57 | team | default_trace_id | INFO | [planner1] TeamPolicyRail static sections: section_names=['team_role', 'team_persona']
2026-08-08 12:29:57 | team | sess_70d568f66923 | INFO | [planner1] invoke start, role=teammate
2026-08-08 12:29:57 | team | sess_70d568f66923 | INFO | [planner1] coordination starting
2026-08-08 12:29:57 | team | sess_70d568f66923 | INFO | Session tables ready for session sess_70d568f66923
2026-08-08 12:29:57 | team | sess_70d568f66923 | INFO | Workspace /srv/jwteam_clone/shared/run_current initialized as plain shared directory (version_control disabled)
2026-08-08 12:29:57 | team | sess_70d568f66923 | INFO | EventBus[teammate] starting
2026-08-08 12:30:54 | team | sess_70d568f66923 | INFO | [planner1] HITT section refresh: human_agent_names=[]
2026-08-08 12:31:04 | team | sess_70d568f66923 | INFO | Task plan claimed by member planner1
2026-08-08 12:31:04 | team | sess_70d568f66923 | INFO | Task plan claimed by member planner1
2026-08-08 12:31:08 | team | sess_70d568f66923 | INFO | [planner1] processing 1 unread messages (steer=True)
2026-08-08 12:31:08 | team | sess_70d568f66923 | INFO | Message 2a953b55-e847-4c27-8c37-5916ca25bc57 marked as read by planner1
2026-08-08 12:31:26 | team | sess_70d568f66923 | INFO | [planner1] processing 1 unread messages (steer=True)
2026-08-08 12:31:26 | team | sess_70d568f66923 | INFO | Message 8879d0cd-1177-499b-a629-108d5209ff09 marked as read by planner1
2026-08-08 12:31:47 | team | sess_70d568f66923 | INFO | Message e457304b-1e0b-47d7-ba05-46cd588af7d1 created
2026-08-08 12:31:52 | team | sess_70d568f66923 | INFO | [planner1] processing 1 unread messages (steer=True)
2026-08-08 12:31:52 | team | sess_70d568f66923 | INFO | Message b127e3c2-6e17-4d76-be7f-71093aa56c21 marked as read by planner1
2026-08-08 12:32:46 | team | sess_70d568f66923 | INFO | Message 6a980fa6-edae-4e3e-a9bf-bd3db18ac7e5 created
2026-08-08 12:33:16 | team | sess_70d568f66923 | INFO | Message 534ad542-3fba-4d5b-a809-d5f87e58e767 created
2026-08-08 12:33:30 | team | sess_70d568f66923 | INFO | Message 1557f100-e224-47f8-a039-9c7cf645788f created
2026-08-08 12:33:33 | team | sess_70d568f66923 | INFO | Task plan completed at 1786188813961
2026-08-08 12:33:33 | team | sess_70d568f66923 | INFO | Resolved 2 dependencies for task plan
2026-08-08 12:33:33 | team | sess_70d568f66923 | INFO | Task impl-bug12 unblocked (all deps resolved)
2026-08-08 12:33:33 | team | sess_70d568f66923 | INFO | Task impl-bug3 unblocked (all deps resolved)
2026-08-08 12:33:33 | team | sess_70d568f66923 | INFO | Task plan completed
2026-08-08 12:33:33 | team | sess_70d568f66923 | INFO | Unblocked 2 tasks
2026-08-08 12:38:20 | team | sess_70d568f66923 | INFO | task list drained for team jiuwen_team_sess_70d568f66923: 5 terminal task(s)
2026-08-08 12:38:34 | team | sess_70d568f66923 | INFO | [planner1] processing 1 unread messages (steer=True)
2026-08-08 12:38:34 | team | sess_70d568f66923 | INFO | Message 580e3ca9-4f76-426d-925a-d4b1306778bf marked as read by planner1
2026-08-08 12:39:20 | team | sess_70d568f66923 | INFO | team jiuwen_team_sess_70d568f66923 reported completed: 9 members, 5 tasks
2026-08-08 12:39:20 | team | sess_70d568f66923 | INFO | [planner1] received TEAM_STANDBY, pausing polls
2026-08-08 12:39:20 | team | sess_70d568f66923 | INFO | EventBus[teammate] pausing polls
