2026-08-08 12:29:59 | team | sess_70d568f66923 | INFO | Team workspace directory ensured at /srv/jwteam_clone/shared/run_current
2026-08-08 12:29:59 | team | sess_70d568f66923 | INFO | AgentTeam manager initialized for jiuwen_team_sess_70d568f66923, member=team_leader
2026-08-08 12:29:59 | team | sess_70d568f66923 | INFO | [team_leader] TeamPolicyRail static sections: section_names=['team_role', 'team_workflow', 'team_swarmflow', 'team_lifecycle', 'team_persona']
2026-08-08 12:29:59 | team | sess_70d568f66923 | INFO | Session tables ready for session sess_70d568f66923
2026-08-08 12:29:59 | team | sess_70d568f66923 | INFO | Team database initialized
2026-08-08 12:29:59 | team | default_trace_id | INFO | Team workspace directory ensured at /srv/jwteam_clone/shared/run_current
2026-08-08 12:29:59 | team | default_trace_id | INFO | AgentTeam manager initialized for jiuwen_team_sess_70d568f66923, member=executor1
2026-08-08 12:29:59 | team | default_trace_id | INFO | [executor1] TeamPolicyRail static sections: section_names=['team_role', 'team_persona']
2026-08-08 12:29:59 | team | sess_70d568f66923 | INFO | [executor1] invoke start, role=teammate
2026-08-08 12:29:59 | team | sess_70d568f66923 | INFO | [executor1] coordination starting
2026-08-08 12:29:59 | team | sess_70d568f66923 | INFO | Session tables ready for session sess_70d568f66923
2026-08-08 12:29:59 | team | sess_70d568f66923 | INFO | Workspace /srv/jwteam_clone/shared/run_current initialized as plain shared directory (version_control disabled)
2026-08-08 12:29:59 | team | sess_70d568f66923 | INFO | EventBus[teammate] starting
2026-08-08 12:30:53 | team | sess_70d568f66923 | INFO | [executor1] HITT section refresh: human_agent_names=[]
2026-08-08 12:31:08 | team | sess_70d568f66923 | INFO | [executor1] processing 1 unread messages (steer=True)
2026-08-08 12:31:08 | team | sess_70d568f66923 | INFO | Message 2a953b55-e847-4c27-8c37-5916ca25bc57 marked as read by executor1
2026-08-08 12:32:46 | team | sess_70d568f66923 | INFO | [executor1] processing 1 unread messages (steer=True)
2026-08-08 12:32:47 | team | sess_70d568f66923 | INFO | Message 6a980fa6-edae-4e3e-a9bf-bd3db18ac7e5 marked as read by executor1
2026-08-08 12:35:06 | team | sess_70d568f66923 | INFO | Message bf10ec29-f073-4806-9239-2cab3107ed02 created
2026-08-08 12:35:20 | team | sess_70d568f66923 | INFO | [executor1] processing 1 unread messages (steer=True)
2026-08-08 12:35:20 | team | sess_70d568f66923 | INFO | Message a44fae02-6ae3-4e7b-bc1f-0067ccb5b4c2 marked as read by executor1
2026-08-08 12:35:25 | team | sess_70d568f66923 | INFO | Message 6748d4c3-7973-485b-80c2-e60cc02fa336 created
2026-08-08 12:35:40 | team | sess_70d568f66923 | INFO | Message 57fdad82-b977-455b-bcde-48da4ea768a7 created
2026-08-08 12:35:47 | team | sess_70d568f66923 | INFO | Task impl-bug12 claimed by member executor1
2026-08-08 12:35:47 | team | sess_70d568f66923 | INFO | Task impl-bug12 claimed by member executor1
2026-08-08 12:35:50 | team | sess_70d568f66923 | INFO | Task impl-bug12 completed at 1786188950754
2026-08-08 12:35:50 | team | sess_70d568f66923 | INFO | Resolved 2 dependencies for task impl-bug12
2026-08-08 12:35:50 | team | sess_70d568f66923 | INFO | Task verify1 unblocked (all deps resolved)
2026-08-08 12:35:50 | team | sess_70d568f66923 | INFO | Task verify2 unblocked (all deps resolved)
2026-08-08 12:35:50 | team | sess_70d568f66923 | INFO | Task impl-bug12 completed
2026-08-08 12:35:50 | team | sess_70d568f66923 | INFO | Unblocked 2 tasks
2026-08-08 12:35:58 | team | sess_70d568f66923 | INFO | Message b55d4813-71b2-404b-9436-4d80e7f79b8d created
2026-08-08 12:36:05 | team | sess_70d568f66923 | INFO | [executor1] processing 1 unread messages (steer=True)
2026-08-08 12:36:05 | team | sess_70d568f66923 | INFO | Message 6fd6eea3-1a08-4a63-98ee-c1678329ace3 marked as read by executor1
2026-08-08 12:36:06 | team | sess_70d568f66923 | INFO | Message 4b732257-65a3-4709-885a-e279202afe09 created
2026-08-08 12:36:10 | team | sess_70d568f66923 | INFO | [executor1] processing 1 unread messages (steer=True)
2026-08-08 12:36:10 | team | sess_70d568f66923 | INFO | Message b97d8cb3-f898-4b57-bc94-7a5dec5379aa marked as read by executor1
2026-08-08 12:36:13 | team | sess_70d568f66923 | INFO | Message c8a09f91-532f-46a3-ac36-5150bbd58d5b created
2026-08-08 12:36:14 | team | sess_70d568f66923 | INFO | [executor1] processing 1 unread messages (steer=True)
2026-08-08 12:36:14 | team | sess_70d568f66923 | INFO | Message d450b2e4-4306-4095-84e1-d4917a045fa8 marked as read by executor1
2026-08-08 12:36:23 | team | sess_70d568f66923 | INFO | Message b81a6237-cb6c-419b-9015-a1d3e40f2350 created
2026-08-08 12:38:20 | team | sess_70d568f66923 | INFO | task list drained for team jiuwen_team_sess_70d568f66923: 5 terminal task(s)
2026-08-08 12:38:34 | team | sess_70d568f66923 | INFO | [executor1] processing 1 unread messages (steer=True)
2026-08-08 12:38:34 | team | sess_70d568f66923 | INFO | Message 580e3ca9-4f76-426d-925a-d4b1306778bf marked as read by executor1
2026-08-08 12:39:20 | team | sess_70d568f66923 | INFO | team jiuwen_team_sess_70d568f66923 reported completed: 9 members, 5 tasks
2026-08-08 12:39:20 | team | sess_70d568f66923 | INFO | [executor1] received TEAM_STANDBY, pausing polls
2026-08-08 12:39:20 | team | sess_70d568f66923 | INFO | EventBus[teammate] pausing polls
