2026-08-08 12:29:57 | team | sess_70d568f66923 | INFO | Team workspace directory ensured at /srv/jwteam_clone/shared/run_current
2026-08-08 12:29:57 | team | sess_70d568f66923 | INFO | AgentTeam manager initialized for jiuwen_team_sess_70d568f66923, member=team_leader
2026-08-08 12:29:57 | team | sess_70d568f66923 | INFO | [team_leader] TeamPolicyRail static sections: section_names=['team_role', 'team_workflow', 'team_swarmflow', 'team_lifecycle', 'team_persona']
2026-08-08 12:29:58 | team | sess_70d568f66923 | INFO | Session tables ready for session sess_70d568f66923
2026-08-08 12:29:58 | team | sess_70d568f66923 | INFO | Team database initialized
2026-08-08 12:29:58 | team | default_trace_id | INFO | Team workspace directory ensured at /srv/jwteam_clone/shared/run_current
2026-08-08 12:29:58 | team | default_trace_id | INFO | AgentTeam manager initialized for jiuwen_team_sess_70d568f66923, member=planner2
2026-08-08 12:29:58 | team | default_trace_id | INFO | [planner2] TeamPolicyRail static sections: section_names=['team_role', 'team_persona']
2026-08-08 12:29:58 | team | sess_70d568f66923 | INFO | [planner2] invoke start, role=teammate
2026-08-08 12:29:58 | team | sess_70d568f66923 | INFO | [planner2] coordination starting
2026-08-08 12:29:58 | team | sess_70d568f66923 | INFO | Session tables ready for session sess_70d568f66923
2026-08-08 12:29:58 | team | sess_70d568f66923 | INFO | Workspace /srv/jwteam_clone/shared/run_current initialized as plain shared directory (version_control disabled)
2026-08-08 12:29:58 | team | sess_70d568f66923 | INFO | EventBus[teammate] starting
2026-08-08 12:30:53 | team | sess_70d568f66923 | INFO | [planner2] HITT section refresh: human_agent_names=[]
2026-08-08 12:31:08 | team | sess_70d568f66923 | INFO | [planner2] processing 1 unread messages (steer=True)
2026-08-08 12:31:08 | team | sess_70d568f66923 | INFO | Message 2a953b55-e847-4c27-8c37-5916ca25bc57 marked as read by planner2
2026-08-08 12:31:26 | team | sess_70d568f66923 | INFO | Message 8879d0cd-1177-499b-a629-108d5209ff09 created
2026-08-08 12:31:47 | team | sess_70d568f66923 | INFO | [planner2] processing 1 unread messages (steer=True)
2026-08-08 12:31:47 | team | sess_70d568f66923 | INFO | Message e457304b-1e0b-47d7-ba05-46cd588af7d1 marked as read by planner2
2026-08-08 12:31:52 | team | sess_70d568f66923 | INFO | Message b127e3c2-6e17-4d76-be7f-71093aa56c21 created
2026-08-08 12:38:20 | team | sess_70d568f66923 | INFO | task list drained for team jiuwen_team_sess_70d568f66923: 5 terminal task(s)
2026-08-08 12:38:34 | team | sess_70d568f66923 | INFO | [planner2] processing 1 unread messages (steer=True)
2026-08-08 12:38:34 | team | sess_70d568f66923 | INFO | Message 580e3ca9-4f76-426d-925a-d4b1306778bf marked as read by planner2
2026-08-08 12:39:20 | team | sess_70d568f66923 | INFO | team jiuwen_team_sess_70d568f66923 reported completed: 9 members, 5 tasks
2026-08-08 12:39:20 | team | sess_70d568f66923 | INFO | [planner2] received TEAM_STANDBY, pausing polls
2026-08-08 12:39:20 | team | sess_70d568f66923 | INFO | EventBus[teammate] pausing polls
