2026-08-10 08:33:47 | team | sess_cbdda405a404 | INFO | Team workspace directory ensured at /srv/jwteam_clone/shared/run_current
2026-08-10 08:33:47 | team | sess_cbdda405a404 | INFO | AgentTeam manager initialized for jiuwen_team_sess_cbdda405a404, member=team_leader
2026-08-10 08:33:47 | team | sess_cbdda405a404 | INFO | [team_leader] TeamPolicyRail static sections: section_names=['team_role', 'team_workflow', 'team_swarmflow', 'team_lifecycle', 'team_persona']
2026-08-10 08:33:47 | team | sess_cbdda405a404 | INFO | Session tables ready for session sess_cbdda405a404
2026-08-10 08:33:47 | team | sess_cbdda405a404 | INFO | Team database initialized
2026-08-10 08:33:47 | team | default_trace_id | INFO | Team workspace directory ensured at /srv/jwteam_clone/shared/run_current
2026-08-10 08:33:47 | team | default_trace_id | INFO | AgentTeam manager initialized for jiuwen_team_sess_cbdda405a404, member=executor1
2026-08-10 08:33:47 | team | default_trace_id | INFO | [executor1] TeamPolicyRail static sections: section_names=['team_role', 'team_persona']
2026-08-10 08:33:47 | team | sess_cbdda405a404 | INFO | [executor1] invoke start, role=teammate
2026-08-10 08:33:47 | team | sess_cbdda405a404 | INFO | [executor1] coordination starting
2026-08-10 08:33:47 | team | sess_cbdda405a404 | INFO | Session tables ready for session sess_cbdda405a404
2026-08-10 08:33:47 | team | sess_cbdda405a404 | INFO | Workspace /srv/jwteam_clone/shared/run_current initialized as plain shared directory (version_control disabled)
2026-08-10 08:33:47 | team | sess_cbdda405a404 | INFO | EventBus[teammate] starting
2026-08-10 08:34:51 | team | sess_cbdda405a404 | INFO | [executor1] HITT section refresh: human_agent_names=[]
2026-08-10 08:35:05 | team | sess_cbdda405a404 | INFO | [executor1] processing 1 unread messages (steer=True)
2026-08-10 08:35:05 | team | sess_cbdda405a404 | INFO | Message bae13779-3c32-4c8e-9d64-ce815d7f354b marked as read by executor1
2026-08-10 08:35:47 | team | sess_cbdda405a404 | INFO | [executor1] processing 1 unread messages (steer=True)
2026-08-10 08:35:47 | team | sess_cbdda405a404 | INFO | Message 3e99a45d-b0e4-4cd8-b4aa-5613d1d7823f marked as read by executor1
2026-08-10 08:36:59 | team | sess_cbdda405a404 | INFO | Message fba809f7-56c3-4e16-8c13-0e28ab3abb0d created
2026-08-10 08:36:59 | team | sess_cbdda405a404 | INFO | Message f63fb6f6-f907-4ac0-b91d-f4c56fc8417f created
2026-08-10 08:36:59 | team | sess_cbdda405a404 | INFO | Message 74ad1743-adf3-46e6-9ebf-43a41321d52b created
2026-08-10 08:37:05 | team | sess_cbdda405a404 | INFO | Task impl_steps_1_2 claimed by member executor1
2026-08-10 08:37:05 | team | sess_cbdda405a404 | INFO | Task impl_steps_1_2 claimed by member executor1
2026-08-10 08:37:08 | team | sess_cbdda405a404 | INFO | Task impl_steps_1_2 completed at 1786347428457
2026-08-10 08:37:08 | team | sess_cbdda405a404 | INFO | Resolved 2 dependencies for task impl_steps_1_2
2026-08-10 08:37:08 | team | sess_cbdda405a404 | INFO | Task impl_steps_1_2 completed
2026-08-10 08:37:12 | team | sess_cbdda405a404 | INFO | [executor1] processing 1 unread messages (steer=True)
2026-08-10 08:37:12 | team | sess_cbdda405a404 | INFO | Message 88f73ed2-4f16-4b17-b057-7102785ee441 marked as read by executor1
2026-08-10 08:37:17 | team | sess_cbdda405a404 | INFO | [executor1] processing 1 unread messages (steer=True)
2026-08-10 08:37:17 | team | sess_cbdda405a404 | INFO | Message 0e77efc2-7c10-47b0-a1bf-c50cd68b975b marked as read by executor1
2026-08-10 08:37:31 | team | sess_cbdda405a404 | INFO | [executor1] processing 1 unread messages (steer=True)
2026-08-10 08:37:31 | team | sess_cbdda405a404 | INFO | Message 0f65cd53-ae2c-436b-9ab9-44e445dc69e1 marked as read by executor1
2026-08-10 08:37:35 | team | sess_cbdda405a404 | INFO | Message ecc46942-5bf5-4cfc-b736-d3f7cbb13923 created
2026-08-10 08:37:46 | team | sess_cbdda405a404 | INFO | Message 489566a6-5fc5-4fca-ac72-98e0caf61705 created
2026-08-10 08:38:15 | team | sess_cbdda405a404 | INFO | [executor1] processing 1 unread messages (steer=True)
2026-08-10 08:38:15 | team | sess_cbdda405a404 | INFO | Message 13acc287-94a5-44d7-98dc-02b417f1afc1 marked as read by executor1
2026-08-10 08:38:24 | team | sess_cbdda405a404 | INFO | Message 17cd77ca-cbc9-4e76-941a-fe5cf3f44321 created
2026-08-10 08:40:46 | team | sess_cbdda405a404 | INFO | task list drained for team jiuwen_team_sess_cbdda405a404: 6 terminal task(s)
2026-08-10 08:41:01 | team | sess_cbdda405a404 | INFO | [executor1] processing 1 unread messages (steer=True)
2026-08-10 08:41:01 | team | sess_cbdda405a404 | INFO | Message a1931a56-da32-4f03-ab78-fabbe89d3522 marked as read by executor1
2026-08-10 08:42:35 | team | sess_cbdda405a404 | INFO | team jiuwen_team_sess_cbdda405a404 reported completed: 9 members, 6 tasks
2026-08-10 08:42:36 | team | sess_cbdda405a404 | INFO | [executor1] received TEAM_STANDBY, pausing polls
2026-08-10 08:42:36 | team | sess_cbdda405a404 | INFO | EventBus[teammate] pausing polls
