2026-08-10 08:33:48 | team | sess_cbdda405a404 | INFO | Team workspace directory ensured at /srv/jwteam_clone/shared/run_current
2026-08-10 08:33:48 | team | sess_cbdda405a404 | INFO | AgentTeam manager initialized for jiuwen_team_sess_cbdda405a404, member=team_leader
2026-08-10 08:33:48 | team | sess_cbdda405a404 | INFO | [team_leader] TeamPolicyRail static sections: section_names=['team_role', 'team_workflow', 'team_swarmflow', 'team_lifecycle', 'team_persona']
2026-08-10 08:33:48 | team | sess_cbdda405a404 | INFO | Session tables ready for session sess_cbdda405a404
2026-08-10 08:33:48 | team | sess_cbdda405a404 | INFO | Team database initialized
2026-08-10 08:33:48 | team | default_trace_id | INFO | Team workspace directory ensured at /srv/jwteam_clone/shared/run_current
2026-08-10 08:33:48 | team | default_trace_id | INFO | AgentTeam manager initialized for jiuwen_team_sess_cbdda405a404, member=executor2
2026-08-10 08:33:48 | team | default_trace_id | INFO | [executor2] TeamPolicyRail static sections: section_names=['team_role', 'team_persona']
2026-08-10 08:33:48 | team | sess_cbdda405a404 | INFO | [executor2] invoke start, role=teammate
2026-08-10 08:33:48 | team | sess_cbdda405a404 | INFO | [executor2] coordination starting
2026-08-10 08:33:48 | team | sess_cbdda405a404 | INFO | Session tables ready for session sess_cbdda405a404
2026-08-10 08:33:48 | team | sess_cbdda405a404 | INFO | Workspace /srv/jwteam_clone/shared/run_current initialized as plain shared directory (version_control disabled)
2026-08-10 08:33:48 | team | sess_cbdda405a404 | INFO | EventBus[teammate] starting
2026-08-10 08:34:51 | team | sess_cbdda405a404 | INFO | [executor2] HITT section refresh: human_agent_names=[]
2026-08-10 08:35:05 | team | sess_cbdda405a404 | INFO | [executor2] processing 1 unread messages (steer=True)
2026-08-10 08:35:05 | team | sess_cbdda405a404 | INFO | Message bae13779-3c32-4c8e-9d64-ce815d7f354b marked as read by executor2
2026-08-10 08:36:27 | team | sess_cbdda405a404 | INFO | [executor2] processing 1 unread messages (steer=True)
2026-08-10 08:36:27 | team | sess_cbdda405a404 | INFO | Message 73cef0e3-e658-4604-9da2-4038d150de35 marked as read by executor2
2026-08-10 08:36:50 | team | sess_cbdda405a404 | INFO | Message 6daccb29-cf10-4eee-9148-5af8655beb27 created
2026-08-10 08:36:54 | team | sess_cbdda405a404 | INFO | Task impl_steps_3_4 claimed by member executor2
2026-08-10 08:36:54 | team | sess_cbdda405a404 | INFO | Task impl_steps_3_4 claimed by member executor2
2026-08-10 08:37:06 | team | sess_cbdda405a404 | INFO | [executor2] processing 1 unread messages (steer=True)
2026-08-10 08:37:06 | team | sess_cbdda405a404 | INFO | Message cb8b88b7-bb76-49aa-8df9-1e000e9be19c marked as read by executor2
2026-08-10 08:38:59 | team | sess_cbdda405a404 | INFO | Task impl_steps_3_4 completed at 1786347539617
2026-08-10 08:38:59 | team | sess_cbdda405a404 | INFO | Resolved 2 dependencies for task impl_steps_3_4
2026-08-10 08:38:59 | team | sess_cbdda405a404 | INFO | Task verify_data unblocked (all deps resolved)
2026-08-10 08:38:59 | team | sess_cbdda405a404 | INFO | Task verify_qa unblocked (all deps resolved)
2026-08-10 08:38:59 | team | sess_cbdda405a404 | INFO | Task impl_steps_3_4 completed
2026-08-10 08:38:59 | team | sess_cbdda405a404 | INFO | Unblocked 2 tasks
2026-08-10 08:39:10 | team | sess_cbdda405a404 | INFO | Message 6ffce8c4-6871-4aa4-9083-55321b095666 created
2026-08-10 08:39:10 | team | sess_cbdda405a404 | INFO | Message d6aa9626-e121-4f5c-bc16-0a8873c70e76 created
2026-08-10 08:40:36 | team | sess_cbdda405a404 | INFO | [executor2] processing 1 unread messages (steer=True)
2026-08-10 08:40:36 | team | sess_cbdda405a404 | INFO | Message ce0e6bd4-7832-4947-bceb-a96f69e5366b marked as read by executor2
2026-08-10 08:40:46 | team | sess_cbdda405a404 | INFO | task list drained for team jiuwen_team_sess_cbdda405a404: 6 terminal task(s)
2026-08-10 08:40:47 | team | sess_cbdda405a404 | INFO | Message 41b0179c-7407-4b56-9fa2-3a06296773cc created
2026-08-10 08:40:56 | team | sess_cbdda405a404 | INFO | [executor2] processing 1 unread messages (steer=True)
2026-08-10 08:40:56 | team | sess_cbdda405a404 | INFO | Message 59397ad8-df92-49bc-8a3f-c7c6e412c9ab marked as read by executor2
2026-08-10 08:41:01 | team | sess_cbdda405a404 | INFO | [executor2] processing 1 unread messages (steer=True)
2026-08-10 08:41:01 | team | sess_cbdda405a404 | INFO | Message a1931a56-da32-4f03-ab78-fabbe89d3522 marked as read by executor2
2026-08-10 08:41:17 | team | sess_cbdda405a404 | INFO | Message dc62e125-1713-4017-95d0-052898897c04 created
2026-08-10 08:41:17 | team | sess_cbdda405a404 | INFO | Message b6c46341-ba59-44ce-87bb-bd57167a359b created
2026-08-10 08:41:29 | team | sess_cbdda405a404 | INFO | [executor2] processing 1 unread messages (steer=True)
2026-08-10 08:41:29 | team | sess_cbdda405a404 | INFO | Message dc960fe0-d1b7-4308-86ed-c554d44f387e marked as read by executor2
2026-08-10 08:42:12 | team | sess_cbdda405a404 | INFO | [executor2] processing 1 unread messages (steer=True)
2026-08-10 08:42:12 | team | sess_cbdda405a404 | INFO | Message 0c807146-91d7-41f2-8985-0b8853f8296b marked as read by executor2
2026-08-10 08:42:35 | team | sess_cbdda405a404 | INFO | team jiuwen_team_sess_cbdda405a404 reported completed: 9 members, 6 tasks
2026-08-10 08:42:36 | team | sess_cbdda405a404 | INFO | [executor2] received TEAM_STANDBY, pausing polls
2026-08-10 08:42:36 | team | sess_cbdda405a404 | INFO | EventBus[teammate] pausing polls
