2026-08-10 08:33:50 | team | sess_cbdda405a404 | INFO | Team workspace directory ensured at /srv/jwteam_clone/shared/run_current
2026-08-10 08:33:50 | team | sess_cbdda405a404 | INFO | AgentTeam manager initialized for jiuwen_team_sess_cbdda405a404, member=team_leader
2026-08-10 08:33:50 | team | sess_cbdda405a404 | INFO | [team_leader] TeamPolicyRail static sections: section_names=['team_role', 'team_workflow', 'team_swarmflow', 'team_lifecycle', 'team_persona']
2026-08-10 08:33:50 | team | sess_cbdda405a404 | INFO | Session tables ready for session sess_cbdda405a404
2026-08-10 08:33:50 | team | sess_cbdda405a404 | INFO | Team database initialized
2026-08-10 08:33:50 | team | default_trace_id | INFO | Team workspace directory ensured at /srv/jwteam_clone/shared/run_current
2026-08-10 08:33:50 | team | default_trace_id | INFO | AgentTeam manager initialized for jiuwen_team_sess_cbdda405a404, member=verifier2
2026-08-10 08:33:50 | team | default_trace_id | INFO | [verifier2] TeamPolicyRail static sections: section_names=['team_role', 'team_persona']
2026-08-10 08:33:50 | team | sess_cbdda405a404 | INFO | [verifier2] invoke start, role=teammate
2026-08-10 08:33:50 | team | sess_cbdda405a404 | INFO | [verifier2] coordination starting
2026-08-10 08:33:50 | team | sess_cbdda405a404 | INFO | Session tables ready for session sess_cbdda405a404
2026-08-10 08:33:50 | team | sess_cbdda405a404 | INFO | Workspace /srv/jwteam_clone/shared/run_current initialized as plain shared directory (version_control disabled)
2026-08-10 08:33:50 | team | sess_cbdda405a404 | INFO | EventBus[teammate] starting
2026-08-10 08:34:51 | team | sess_cbdda405a404 | INFO | [verifier2] HITT section refresh: human_agent_names=[]
2026-08-10 08:35:05 | team | sess_cbdda405a404 | INFO | [verifier2] processing 1 unread messages (steer=True)
2026-08-10 08:35:05 | team | sess_cbdda405a404 | INFO | Message bae13779-3c32-4c8e-9d64-ce815d7f354b marked as read by verifier2
2026-08-10 08:35:33 | team | sess_cbdda405a404 | INFO | Message 2fcf4de6-e8e6-411b-b07d-6e8a4904c040 created
2026-08-10 08:35:48 | team | sess_cbdda405a404 | INFO | [verifier2] processing 1 unread messages (steer=True)
2026-08-10 08:35:48 | team | sess_cbdda405a404 | INFO | Message 56682161-b5eb-47d1-86e9-e416e5917fd1 marked as read by verifier2
2026-08-10 08:35:55 | team | sess_cbdda405a404 | INFO | Message 3ca3f6cf-de4a-4938-a0e3-75e018473aa6 created
2026-08-10 08:36:59 | team | sess_cbdda405a404 | INFO | [verifier2] processing 1 unread messages (steer=True)
2026-08-10 08:36:59 | team | sess_cbdda405a404 | INFO | Message fba809f7-56c3-4e16-8c13-0e28ab3abb0d marked as read by verifier2
2026-08-10 08:37:17 | team | sess_cbdda405a404 | INFO | Message 0e77efc2-7c10-47b0-a1bf-c50cd68b975b created
2026-08-10 08:37:31 | team | sess_cbdda405a404 | INFO | [verifier2] processing 1 unread messages (steer=True)
2026-08-10 08:37:32 | team | sess_cbdda405a404 | INFO | Message f238e0dd-540a-4e40-bc77-5b2de17c6aff marked as read by verifier2
2026-08-10 08:37:35 | team | sess_cbdda405a404 | INFO | [verifier2] processing 1 unread messages (steer=True)
2026-08-10 08:37:36 | team | sess_cbdda405a404 | INFO | Message ecc46942-5bf5-4cfc-b736-d3f7cbb13923 marked as read by verifier2
2026-08-10 08:37:49 | team | sess_cbdda405a404 | INFO | Message 5e6b8415-2f90-437d-a552-fe0699c851dd created
2026-08-10 08:37:58 | team | sess_cbdda405a404 | INFO | [verifier2] processing 1 unread messages (steer=True)
2026-08-10 08:37:58 | team | sess_cbdda405a404 | INFO | Message dbd9d708-35e5-40fe-b191-2274ebf9bf3c marked as read by verifier2
2026-08-10 08:38:03 | team | sess_cbdda405a404 | INFO | [verifier2] processing 1 unread messages (steer=True)
2026-08-10 08:38:03 | team | sess_cbdda405a404 | INFO | Message 794b8041-45df-4728-bb21-0c97ded25af3 marked as read by verifier2
2026-08-10 08:38:15 | team | sess_cbdda405a404 | INFO | Message 13acc287-94a5-44d7-98dc-02b417f1afc1 created
2026-08-10 08:38:24 | team | sess_cbdda405a404 | INFO | [verifier2] processing 1 unread messages (steer=True)
2026-08-10 08:38:24 | team | sess_cbdda405a404 | INFO | Message 17cd77ca-cbc9-4e76-941a-fe5cf3f44321 marked as read by verifier2
2026-08-10 08:38:24 | team | sess_cbdda405a404 | INFO | Message 822b040e-108d-4bfe-b0a8-61e93f9870ce created
2026-08-10 08:39:05 | team | sess_cbdda405a404 | INFO | Message d3f6ca27-53be-43e3-8536-a23ac082d35d created
2026-08-10 08:39:10 | team | sess_cbdda405a404 | INFO | [verifier2] processing 1 unread messages (steer=True)
2026-08-10 08:39:10 | team | sess_cbdda405a404 | INFO | Message 6ffce8c4-6871-4aa4-9083-55321b095666 marked as read by verifier2
2026-08-10 08:39:14 | team | sess_cbdda405a404 | INFO | Task verify_data claimed by member verifier2
2026-08-10 08:39:14 | team | sess_cbdda405a404 | INFO | Task verify_data claimed by member verifier2
2026-08-10 08:40:23 | team | sess_cbdda405a404 | INFO | Task verify_data completed at 1786347623487
2026-08-10 08:40:23 | team | sess_cbdda405a404 | INFO | Task verify_data completed
2026-08-10 08:40:31 | team | sess_cbdda405a404 | INFO | Message df339ca7-5120-42bd-83a0-14da8cb59593 created
2026-08-10 08:40:36 | team | sess_cbdda405a404 | INFO | Message ce0e6bd4-7832-4947-bceb-a96f69e5366b created
2026-08-10 08:40:46 | team | sess_cbdda405a404 | INFO | task list drained for team jiuwen_team_sess_cbdda405a404: 6 terminal task(s)
2026-08-10 08:40:47 | team | sess_cbdda405a404 | INFO | [verifier2] processing 1 unread messages (steer=True)
2026-08-10 08:40:47 | team | sess_cbdda405a404 | INFO | Message 41b0179c-7407-4b56-9fa2-3a06296773cc marked as read by verifier2
2026-08-10 08:40:56 | team | sess_cbdda405a404 | INFO | Message 59397ad8-df92-49bc-8a3f-c7c6e412c9ab created
2026-08-10 08:41:01 | team | sess_cbdda405a404 | INFO | [verifier2] processing 1 unread messages (steer=True)
2026-08-10 08:41:01 | team | sess_cbdda405a404 | INFO | Message a1931a56-da32-4f03-ab78-fabbe89d3522 marked as read by verifier2
2026-08-10 08:41:17 | team | sess_cbdda405a404 | INFO | [verifier2] processing 1 unread messages (steer=True)
2026-08-10 08:41:17 | team | sess_cbdda405a404 | INFO | Message dc62e125-1713-4017-95d0-052898897c04 marked as read by verifier2
2026-08-10 08:42:12 | team | sess_cbdda405a404 | INFO | Message 0c807146-91d7-41f2-8985-0b8853f8296b created
2026-08-10 08:42:35 | team | sess_cbdda405a404 | INFO | team jiuwen_team_sess_cbdda405a404 reported completed: 9 members, 6 tasks
2026-08-10 08:42:36 | team | sess_cbdda405a404 | INFO | [verifier2] received TEAM_STANDBY, pausing polls
2026-08-10 08:42:36 | team | sess_cbdda405a404 | INFO | EventBus[teammate] pausing polls
