2026-08-10 08:33:49 | team | sess_cbdda405a404 | INFO | Team workspace directory ensured at /srv/jwteam_clone/shared/run_current
2026-08-10 08:33:49 | team | sess_cbdda405a404 | INFO | AgentTeam manager initialized for jiuwen_team_sess_cbdda405a404, member=team_leader
2026-08-10 08:33:49 | team | sess_cbdda405a404 | INFO | [team_leader] TeamPolicyRail static sections: section_names=['team_role', 'team_workflow', 'team_swarmflow', 'team_lifecycle', 'team_persona']
2026-08-10 08:33:49 | team | sess_cbdda405a404 | INFO | Session tables ready for session sess_cbdda405a404
2026-08-10 08:33:49 | team | sess_cbdda405a404 | INFO | Team database initialized
2026-08-10 08:33:49 | team | default_trace_id | INFO | Team workspace directory ensured at /srv/jwteam_clone/shared/run_current
2026-08-10 08:33:49 | team | default_trace_id | INFO | AgentTeam manager initialized for jiuwen_team_sess_cbdda405a404, member=executor3
2026-08-10 08:33:49 | team | default_trace_id | INFO | [executor3] TeamPolicyRail static sections: section_names=['team_role', 'team_persona']
2026-08-10 08:33:49 | team | sess_cbdda405a404 | INFO | [executor3] invoke start, role=teammate
2026-08-10 08:33:49 | team | sess_cbdda405a404 | INFO | [executor3] coordination starting
2026-08-10 08:33:49 | team | sess_cbdda405a404 | INFO | Session tables ready for session sess_cbdda405a404
2026-08-10 08:33:49 | team | sess_cbdda405a404 | INFO | Workspace /srv/jwteam_clone/shared/run_current initialized as plain shared directory (version_control disabled)
2026-08-10 08:33:49 | team | sess_cbdda405a404 | INFO | EventBus[teammate] starting
2026-08-10 08:34:51 | team | sess_cbdda405a404 | INFO | [executor3] HITT section refresh: human_agent_names=[]
2026-08-10 08:35:05 | team | sess_cbdda405a404 | INFO | [executor3] processing 1 unread messages (steer=True)
2026-08-10 08:35:05 | team | sess_cbdda405a404 | INFO | Message bae13779-3c32-4c8e-9d64-ce815d7f354b marked as read by executor3
2026-08-10 08:36:45 | team | sess_cbdda405a404 | INFO | [executor3] processing 1 unread messages (steer=True)
2026-08-10 08:36:46 | team | sess_cbdda405a404 | INFO | Message 79e3d71e-27e2-4238-b391-f3f647537294 marked as read by executor3
2026-08-10 08:36:51 | team | sess_cbdda405a404 | INFO | Task impl_steps_5_6 claimed by member executor3
2026-08-10 08:36:51 | team | sess_cbdda405a404 | INFO | Task impl_steps_5_6 claimed by member executor3
2026-08-10 08:38:03 | team | sess_cbdda405a404 | INFO | Task impl_steps_5_6 completed at 1786347483505
2026-08-10 08:38:03 | team | sess_cbdda405a404 | INFO | Message 6278c915-facc-4a51-8ccd-9755aab8d7fe created
2026-08-10 08:38:03 | team | sess_cbdda405a404 | INFO | Resolved 2 dependencies for task impl_steps_5_6
2026-08-10 08:38:03 | team | sess_cbdda405a404 | INFO | Task impl_steps_5_6 completed
2026-08-10 08:38:03 | team | sess_cbdda405a404 | INFO | Message 794b8041-45df-4728-bb21-0c97ded25af3 created
2026-08-10 08:38:17 | team | sess_cbdda405a404 | INFO | [executor3] processing 1 unread messages (steer=True)
2026-08-10 08:38:17 | team | sess_cbdda405a404 | INFO | Message 974e5293-5932-4676-9aee-20c5b2668ea8 marked as read by executor3
2026-08-10 08:39:05 | team | sess_cbdda405a404 | INFO | [executor3] processing 1 unread messages (steer=True)
2026-08-10 08:39:05 | team | sess_cbdda405a404 | INFO | Message d3f6ca27-53be-43e3-8536-a23ac082d35d marked as read by executor3
2026-08-10 08:40:46 | team | sess_cbdda405a404 | INFO | task list drained for team jiuwen_team_sess_cbdda405a404: 6 terminal task(s)
2026-08-10 08:41:01 | team | sess_cbdda405a404 | INFO | [executor3] processing 1 unread messages (steer=True)
2026-08-10 08:41:01 | team | sess_cbdda405a404 | INFO | Message a1931a56-da32-4f03-ab78-fabbe89d3522 marked as read by executor3
2026-08-10 08:42:35 | team | sess_cbdda405a404 | INFO | team jiuwen_team_sess_cbdda405a404 reported completed: 9 members, 6 tasks
2026-08-10 08:42:36 | team | sess_cbdda405a404 | INFO | [executor3] received TEAM_STANDBY, pausing polls
2026-08-10 08:42:36 | team | sess_cbdda405a404 | INFO | EventBus[teammate] pausing polls
