2026-08-10 08:33:45 | team | sess_cbdda405a404 | INFO | Team workspace directory ensured at /srv/jwteam_clone/shared/run_current
2026-08-10 08:33:45 | team | sess_cbdda405a404 | INFO | AgentTeam manager initialized for jiuwen_team_sess_cbdda405a404, member=team_leader
2026-08-10 08:33:45 | team | sess_cbdda405a404 | INFO | [team_leader] TeamPolicyRail static sections: section_names=['team_role', 'team_workflow', 'team_swarmflow', 'team_lifecycle', 'team_persona']
2026-08-10 08:33:45 | team | sess_cbdda405a404 | INFO | Session tables ready for session sess_cbdda405a404
2026-08-10 08:33:45 | team | sess_cbdda405a404 | INFO | Team database initialized
2026-08-10 08:33:45 | team | default_trace_id | INFO | Team workspace directory ensured at /srv/jwteam_clone/shared/run_current
2026-08-10 08:33:45 | team | default_trace_id | INFO | AgentTeam manager initialized for jiuwen_team_sess_cbdda405a404, member=planner1
2026-08-10 08:33:45 | team | default_trace_id | INFO | [planner1] TeamPolicyRail static sections: section_names=['team_role', 'team_persona']
2026-08-10 08:33:45 | team | sess_cbdda405a404 | INFO | [planner1] invoke start, role=teammate
2026-08-10 08:33:45 | team | sess_cbdda405a404 | INFO | [planner1] coordination starting
2026-08-10 08:33:45 | team | sess_cbdda405a404 | INFO | Session tables ready for session sess_cbdda405a404
2026-08-10 08:33:45 | team | sess_cbdda405a404 | INFO | Workspace /srv/jwteam_clone/shared/run_current initialized as plain shared directory (version_control disabled)
2026-08-10 08:33:45 | team | sess_cbdda405a404 | INFO | EventBus[teammate] starting
2026-08-10 08:34:51 | team | sess_cbdda405a404 | INFO | [planner1] HITT section refresh: human_agent_names=[]
2026-08-10 08:35:05 | team | sess_cbdda405a404 | INFO | [planner1] processing 1 unread messages (steer=True)
2026-08-10 08:35:05 | team | sess_cbdda405a404 | INFO | Message bae13779-3c32-4c8e-9d64-ce815d7f354b marked as read by planner1
2026-08-10 08:35:54 | team | sess_cbdda405a404 | INFO | Message 70b491ce-7254-4cf4-ba13-ea7853904e15 created
2026-08-10 08:36:13 | team | sess_cbdda405a404 | INFO | [planner1] processing 1 unread messages (steer=True)
2026-08-10 08:36:13 | team | sess_cbdda405a404 | INFO | Message 671719d7-83d7-4fdc-b81c-45ad0ab38539 marked as read by planner1
2026-08-10 08:40:46 | team | sess_cbdda405a404 | INFO | task list drained for team jiuwen_team_sess_cbdda405a404: 6 terminal task(s)
2026-08-10 08:41:01 | team | sess_cbdda405a404 | INFO | [planner1] processing 1 unread messages (steer=True)
2026-08-10 08:41:01 | team | sess_cbdda405a404 | INFO | Message a1931a56-da32-4f03-ab78-fabbe89d3522 marked as read by planner1
2026-08-10 08:42:35 | team | sess_cbdda405a404 | INFO | team jiuwen_team_sess_cbdda405a404 reported completed: 9 members, 6 tasks
2026-08-10 08:42:36 | team | sess_cbdda405a404 | INFO | [planner1] received TEAM_STANDBY, pausing polls
2026-08-10 08:42:36 | team | sess_cbdda405a404 | INFO | EventBus[teammate] pausing polls
