2026-08-10 08:33:50 | team | sess_cbdda405a404 | INFO | Team workspace directory ensured at /srv/jwteam_clone/shared/run_current
2026-08-10 08:33:50 | team | sess_cbdda405a404 | INFO | AgentTeam manager initialized for jiuwen_team_sess_cbdda405a404, member=team_leader
2026-08-10 08:33:50 | team | sess_cbdda405a404 | INFO | [team_leader] TeamPolicyRail static sections: section_names=['team_role', 'team_workflow', 'team_swarmflow', 'team_lifecycle', 'team_persona']
2026-08-10 08:33:50 | team | sess_cbdda405a404 | INFO | Session tables ready for session sess_cbdda405a404
2026-08-10 08:33:50 | team | sess_cbdda405a404 | INFO | Team database initialized
2026-08-10 08:33:50 | team | default_trace_id | INFO | Team workspace directory ensured at /srv/jwteam_clone/shared/run_current
2026-08-10 08:33:50 | team | default_trace_id | INFO | AgentTeam manager initialized for jiuwen_team_sess_cbdda405a404, member=verifier1
2026-08-10 08:33:50 | team | default_trace_id | INFO | [verifier1] TeamPolicyRail static sections: section_names=['team_role', 'team_persona']
2026-08-10 08:33:50 | team | sess_cbdda405a404 | INFO | [verifier1] invoke start, role=teammate
2026-08-10 08:33:50 | team | sess_cbdda405a404 | INFO | [verifier1] coordination starting
2026-08-10 08:33:50 | team | sess_cbdda405a404 | INFO | Session tables ready for session sess_cbdda405a404
2026-08-10 08:33:50 | team | sess_cbdda405a404 | INFO | Workspace /srv/jwteam_clone/shared/run_current initialized as plain shared directory (version_control disabled)
2026-08-10 08:33:50 | team | sess_cbdda405a404 | INFO | EventBus[teammate] starting
2026-08-10 08:34:51 | team | sess_cbdda405a404 | INFO | [verifier1] HITT section refresh: human_agent_names=[]
2026-08-10 08:35:05 | team | sess_cbdda405a404 | INFO | [verifier1] processing 1 unread messages (steer=True)
2026-08-10 08:35:05 | team | sess_cbdda405a404 | INFO | Message bae13779-3c32-4c8e-9d64-ce815d7f354b marked as read by verifier1
2026-08-10 08:36:59 | team | sess_cbdda405a404 | INFO | [verifier1] processing 1 unread messages (steer=True)
2026-08-10 08:36:59 | team | sess_cbdda405a404 | INFO | Message f63fb6f6-f907-4ac0-b91d-f4c56fc8417f marked as read by verifier1
2026-08-10 08:37:31 | team | sess_cbdda405a404 | INFO | Message f238e0dd-540a-4e40-bc77-5b2de17c6aff created
2026-08-10 08:37:31 | team | sess_cbdda405a404 | INFO | Message 0f65cd53-ae2c-436b-9ab9-44e445dc69e1 created
2026-08-10 08:37:46 | team | sess_cbdda405a404 | INFO | [verifier1] processing 1 unread messages (steer=True)
2026-08-10 08:37:46 | team | sess_cbdda405a404 | INFO | Message 489566a6-5fc5-4fca-ac72-98e0caf61705 marked as read by verifier1
2026-08-10 08:37:49 | team | sess_cbdda405a404 | INFO | [verifier1] processing 1 unread messages (steer=True)
2026-08-10 08:37:49 | team | sess_cbdda405a404 | INFO | Message 5e6b8415-2f90-437d-a552-fe0699c851dd marked as read by verifier1
2026-08-10 08:37:58 | team | sess_cbdda405a404 | INFO | Message dbd9d708-35e5-40fe-b191-2274ebf9bf3c created
2026-08-10 08:38:03 | team | sess_cbdda405a404 | INFO | [verifier1] processing 1 unread messages (steer=True)
2026-08-10 08:38:03 | team | sess_cbdda405a404 | INFO | Message 6278c915-facc-4a51-8ccd-9755aab8d7fe marked as read by verifier1
2026-08-10 08:38:17 | team | sess_cbdda405a404 | INFO | Message 974e5293-5932-4676-9aee-20c5b2668ea8 created
2026-08-10 08:38:24 | team | sess_cbdda405a404 | INFO | [verifier1] processing 1 unread messages (steer=True)
2026-08-10 08:38:24 | team | sess_cbdda405a404 | INFO | Message 822b040e-108d-4bfe-b0a8-61e93f9870ce marked as read by verifier1
2026-08-10 08:39:05 | team | sess_cbdda405a404 | INFO | Task verify_qa claimed by member verifier1
2026-08-10 08:39:05 | team | sess_cbdda405a404 | INFO | Task verify_qa claimed by member verifier1
2026-08-10 08:39:10 | team | sess_cbdda405a404 | INFO | [verifier1] processing 1 unread messages (steer=True)
2026-08-10 08:39:10 | team | sess_cbdda405a404 | INFO | Message d6aa9626-e121-4f5c-bc16-0a8873c70e76 marked as read by verifier1
2026-08-10 08:40:45 | team | sess_cbdda405a404 | INFO | Task verify_qa completed at 1786347645980
2026-08-10 08:40:45 | team | sess_cbdda405a404 | INFO | Task verify_qa completed
2026-08-10 08:40:53 | team | sess_cbdda405a404 | INFO | Message 4e36e035-e632-4309-84cc-474277069a29 created
2026-08-10 08:41:01 | team | sess_cbdda405a404 | INFO | [verifier1] processing 1 unread messages (steer=True)
2026-08-10 08:41:01 | team | sess_cbdda405a404 | INFO | Message a1931a56-da32-4f03-ab78-fabbe89d3522 marked as read by verifier1
2026-08-10 08:41:17 | team | sess_cbdda405a404 | INFO | [verifier1] processing 1 unread messages (steer=True)
2026-08-10 08:41:17 | team | sess_cbdda405a404 | INFO | Message b6c46341-ba59-44ce-87bb-bd57167a359b marked as read by verifier1
2026-08-10 08:41:29 | team | sess_cbdda405a404 | INFO | Message dc960fe0-d1b7-4308-86ed-c554d44f387e created
2026-08-10 08:42:35 | team | sess_cbdda405a404 | INFO | team jiuwen_team_sess_cbdda405a404 reported completed: 9 members, 6 tasks
2026-08-10 08:42:36 | team | sess_cbdda405a404 | INFO | [verifier1] received TEAM_STANDBY, pausing polls
2026-08-10 08:42:36 | team | sess_cbdda405a404 | INFO | EventBus[teammate] pausing polls
