2026-08-10 08:33:46 | team | sess_cbdda405a404 | INFO | Team workspace directory ensured at /srv/jwteam_clone/shared/run_current
2026-08-10 08:33:46 | team | sess_cbdda405a404 | INFO | AgentTeam manager initialized for jiuwen_team_sess_cbdda405a404, member=team_leader
2026-08-10 08:33:46 | team | sess_cbdda405a404 | INFO | [team_leader] TeamPolicyRail static sections: section_names=['team_role', 'team_workflow', 'team_swarmflow', 'team_lifecycle', 'team_persona']
2026-08-10 08:33:46 | team | sess_cbdda405a404 | INFO | Session tables ready for session sess_cbdda405a404
2026-08-10 08:33:46 | team | sess_cbdda405a404 | INFO | Team database initialized
2026-08-10 08:33:46 | team | default_trace_id | INFO | Team workspace directory ensured at /srv/jwteam_clone/shared/run_current
2026-08-10 08:33:46 | team | default_trace_id | INFO | AgentTeam manager initialized for jiuwen_team_sess_cbdda405a404, member=planner2
2026-08-10 08:33:46 | team | default_trace_id | INFO | [planner2] TeamPolicyRail static sections: section_names=['team_role', 'team_persona']
2026-08-10 08:33:46 | team | sess_cbdda405a404 | INFO | [planner2] invoke start, role=teammate
2026-08-10 08:33:46 | team | sess_cbdda405a404 | INFO | [planner2] coordination starting
2026-08-10 08:33:46 | team | sess_cbdda405a404 | INFO | Session tables ready for session sess_cbdda405a404
2026-08-10 08:33:46 | team | sess_cbdda405a404 | INFO | Workspace /srv/jwteam_clone/shared/run_current initialized as plain shared directory (version_control disabled)
2026-08-10 08:33:46 | team | sess_cbdda405a404 | INFO | EventBus[teammate] starting
2026-08-10 08:34:51 | team | sess_cbdda405a404 | INFO | [planner2] HITT section refresh: human_agent_names=[]
2026-08-10 08:34:56 | team | sess_cbdda405a404 | INFO | Task plan claimed by member planner2
2026-08-10 08:34:56 | team | sess_cbdda405a404 | INFO | Task plan claimed by member planner2
2026-08-10 08:35:05 | team | sess_cbdda405a404 | INFO | [planner2] processing 1 unread messages (steer=True)
2026-08-10 08:35:05 | team | sess_cbdda405a404 | INFO | Message bae13779-3c32-4c8e-9d64-ce815d7f354b marked as read by planner2
2026-08-10 08:35:47 | team | sess_cbdda405a404 | INFO | Message 3e99a45d-b0e4-4cd8-b4aa-5613d1d7823f created
2026-08-10 08:35:54 | team | sess_cbdda405a404 | INFO | [planner2] processing 1 unread messages (steer=True)
2026-08-10 08:35:54 | team | sess_cbdda405a404 | INFO | Message 70b491ce-7254-4cf4-ba13-ea7853904e15 marked as read by planner2
2026-08-10 08:36:13 | team | sess_cbdda405a404 | INFO | Message 671719d7-83d7-4fdc-b81c-45ad0ab38539 created
2026-08-10 08:36:27 | team | sess_cbdda405a404 | INFO | Message 73cef0e3-e658-4604-9da2-4038d150de35 created
2026-08-10 08:36:45 | team | sess_cbdda405a404 | INFO | Message 79e3d71e-27e2-4238-b391-f3f647537294 created
2026-08-10 08:36:49 | team | sess_cbdda405a404 | INFO | Task plan completed at 1786347409809
2026-08-10 08:36:49 | team | sess_cbdda405a404 | INFO | Resolved 3 dependencies for task plan
2026-08-10 08:36:49 | team | sess_cbdda405a404 | INFO | Task impl_steps_1_2 unblocked (all deps resolved)
2026-08-10 08:36:49 | team | sess_cbdda405a404 | INFO | Task impl_steps_3_4 unblocked (all deps resolved)
2026-08-10 08:36:49 | team | sess_cbdda405a404 | INFO | Task impl_steps_5_6 unblocked (all deps resolved)
2026-08-10 08:36:49 | team | sess_cbdda405a404 | INFO | Task plan completed
2026-08-10 08:36:49 | team | sess_cbdda405a404 | INFO | Unblocked 3 tasks
2026-08-10 08:36:50 | team | sess_cbdda405a404 | INFO | [planner2] processing 1 unread messages (steer=True)
2026-08-10 08:36:50 | team | sess_cbdda405a404 | INFO | Message 6daccb29-cf10-4eee-9148-5af8655beb27 marked as read by planner2
2026-08-10 08:36:58 | team | sess_cbdda405a404 | INFO | Message e3423649-6e50-4084-b8c8-acbbc433c5c5 created
2026-08-10 08:36:59 | team | sess_cbdda405a404 | INFO | [planner2] processing 1 unread messages (steer=True)
2026-08-10 08:36:59 | team | sess_cbdda405a404 | INFO | Message 74ad1743-adf3-46e6-9ebf-43a41321d52b marked as read by planner2
2026-08-10 08:37:06 | team | sess_cbdda405a404 | INFO | Message cb8b88b7-bb76-49aa-8df9-1e000e9be19c created
2026-08-10 08:37:12 | team | sess_cbdda405a404 | INFO | Message 88f73ed2-4f16-4b17-b057-7102785ee441 created
2026-08-10 08:40:46 | team | sess_cbdda405a404 | INFO | task list drained for team jiuwen_team_sess_cbdda405a404: 6 terminal task(s)
2026-08-10 08:41:01 | team | sess_cbdda405a404 | INFO | [planner2] processing 1 unread messages (steer=True)
2026-08-10 08:41:01 | team | sess_cbdda405a404 | INFO | Message a1931a56-da32-4f03-ab78-fabbe89d3522 marked as read by planner2
2026-08-10 08:42:35 | team | sess_cbdda405a404 | INFO | team jiuwen_team_sess_cbdda405a404 reported completed: 9 members, 6 tasks
2026-08-10 08:42:36 | team | sess_cbdda405a404 | INFO | [planner2] received TEAM_STANDBY, pausing polls
2026-08-10 08:42:36 | team | sess_cbdda405a404 | INFO | EventBus[teammate] pausing polls
