2026-08-09 09:11:17 | team | sess_cf7edecef7ac | INFO | Team workspace directory ensured at /srv/jwteam_clone/shared/run_current
2026-08-09 09:11:17 | team | sess_cf7edecef7ac | INFO | AgentTeam manager initialized for jiuwen_team_sess_cf7edecef7ac, member=team_leader
2026-08-09 09:11:17 | team | sess_cf7edecef7ac | INFO | [team_leader] TeamPolicyRail static sections: section_names=['team_role', 'team_workflow', 'team_swarmflow', 'team_lifecycle', 'team_persona']
2026-08-09 09:11:17 | team | sess_cf7edecef7ac | INFO | Session tables ready for session sess_cf7edecef7ac
2026-08-09 09:11:17 | team | sess_cf7edecef7ac | INFO | Team database initialized
2026-08-09 09:11:17 | team | default_trace_id | INFO | Team workspace directory ensured at /srv/jwteam_clone/shared/run_current
2026-08-09 09:11:17 | team | default_trace_id | INFO | AgentTeam manager initialized for jiuwen_team_sess_cf7edecef7ac, member=planner1
2026-08-09 09:11:17 | team | default_trace_id | INFO | [planner1] TeamPolicyRail static sections: section_names=['team_role', 'team_persona']
2026-08-09 09:11:17 | team | sess_cf7edecef7ac | INFO | [planner1] invoke start, role=teammate
2026-08-09 09:11:17 | team | sess_cf7edecef7ac | INFO | [planner1] coordination starting
2026-08-09 09:11:17 | team | sess_cf7edecef7ac | INFO | Session tables ready for session sess_cf7edecef7ac
2026-08-09 09:11:17 | team | sess_cf7edecef7ac | INFO | Workspace /srv/jwteam_clone/shared/run_current initialized as plain shared directory (version_control disabled)
2026-08-09 09:11:17 | team | sess_cf7edecef7ac | INFO | EventBus[teammate] starting
2026-08-09 09:11:52 | team | sess_cf7edecef7ac | INFO | [planner1] HITT section refresh: human_agent_names=[]
2026-08-09 09:11:57 | team | sess_cf7edecef7ac | INFO | Task plan claimed by member planner1
2026-08-09 09:11:57 | team | sess_cf7edecef7ac | INFO | Task plan claimed by member planner1
2026-08-09 09:12:09 | team | sess_cf7edecef7ac | INFO | [planner1] processing 1 unread messages (steer=True)
2026-08-09 09:12:09 | team | sess_cf7edecef7ac | INFO | Message a06ea940-bc98-4d68-a486-1517ddcd99a3 marked as read by planner1
2026-08-09 09:12:25 | team | sess_cf7edecef7ac | INFO | Message ce9d8c92-5780-418a-8ef9-89043fb34696 created
2026-08-09 09:12:25 | team | sess_cf7edecef7ac | INFO | Message fda56e71-a781-4d58-a0fd-d5c41aaceefa created
2026-08-09 09:12:32 | team | sess_cf7edecef7ac | INFO | Task plan completed at 1786263152454
2026-08-09 09:12:32 | team | sess_cf7edecef7ac | INFO | Message 5735e42e-2b43-414a-84d8-90472d63eade created
2026-08-09 09:12:32 | team | sess_cf7edecef7ac | INFO | Resolved 2 dependencies for task plan
2026-08-09 09:12:32 | team | sess_cf7edecef7ac | INFO | Task implement-zone-a unblocked (all deps resolved)
2026-08-09 09:12:32 | team | sess_cf7edecef7ac | INFO | Task implement-zone-b unblocked (all deps resolved)
2026-08-09 09:12:32 | team | sess_cf7edecef7ac | INFO | Task plan completed
2026-08-09 09:12:32 | team | sess_cf7edecef7ac | INFO | Unblocked 2 tasks
2026-08-09 09:12:47 | team | sess_cf7edecef7ac | INFO | [planner1] processing 1 unread messages (steer=True)
2026-08-09 09:12:47 | team | sess_cf7edecef7ac | INFO | Message b60607d7-9171-48a8-8dfb-cb2a6eb15440 marked as read by planner1
2026-08-09 09:13:59 | team | sess_cf7edecef7ac | INFO | task list drained for team jiuwen_team_sess_cf7edecef7ac: 4 terminal task(s)
2026-08-09 09:14:11 | team | sess_cf7edecef7ac | INFO | [planner1] processing 1 unread messages (steer=True)
2026-08-09 09:14:12 | team | sess_cf7edecef7ac | INFO | Message 2b2a1340-c3a4-4fde-b6e1-2be6a4cfb4ca marked as read by planner1
2026-08-09 09:14:25 | team | sess_cf7edecef7ac | INFO | team jiuwen_team_sess_cf7edecef7ac reported completed: 9 members, 4 tasks
2026-08-09 09:14:25 | team | sess_cf7edecef7ac | INFO | [planner1] received TEAM_STANDBY, pausing polls
2026-08-09 09:14:25 | team | sess_cf7edecef7ac | INFO | EventBus[teammate] pausing polls
