2026-08-09 09:11:20 | team | sess_cf7edecef7ac | INFO | Team workspace directory ensured at /srv/jwteam_clone/shared/run_current
2026-08-09 09:11:20 | team | sess_cf7edecef7ac | INFO | AgentTeam manager initialized for jiuwen_team_sess_cf7edecef7ac, member=team_leader
2026-08-09 09:11:20 | team | sess_cf7edecef7ac | INFO | [team_leader] TeamPolicyRail static sections: section_names=['team_role', 'team_workflow', 'team_swarmflow', 'team_lifecycle', 'team_persona']
2026-08-09 09:11:20 | team | sess_cf7edecef7ac | INFO | Session tables ready for session sess_cf7edecef7ac
2026-08-09 09:11:20 | team | sess_cf7edecef7ac | INFO | Team database initialized
2026-08-09 09:11:20 | team | default_trace_id | INFO | Team workspace directory ensured at /srv/jwteam_clone/shared/run_current
2026-08-09 09:11:20 | team | default_trace_id | INFO | AgentTeam manager initialized for jiuwen_team_sess_cf7edecef7ac, member=executor2
2026-08-09 09:11:20 | team | default_trace_id | INFO | [executor2] TeamPolicyRail static sections: section_names=['team_role', 'team_persona']
2026-08-09 09:11:20 | team | sess_cf7edecef7ac | INFO | [executor2] invoke start, role=teammate
2026-08-09 09:11:20 | team | sess_cf7edecef7ac | INFO | [executor2] coordination starting
2026-08-09 09:11:20 | team | sess_cf7edecef7ac | INFO | Session tables ready for session sess_cf7edecef7ac
2026-08-09 09:11:20 | team | sess_cf7edecef7ac | INFO | Workspace /srv/jwteam_clone/shared/run_current initialized as plain shared directory (version_control disabled)
2026-08-09 09:11:20 | team | sess_cf7edecef7ac | INFO | EventBus[teammate] starting
2026-08-09 09:11:52 | team | sess_cf7edecef7ac | INFO | [executor2] HITT section refresh: human_agent_names=[]
2026-08-09 09:12:09 | team | sess_cf7edecef7ac | INFO | [executor2] processing 1 unread messages (steer=True)
2026-08-09 09:12:09 | team | sess_cf7edecef7ac | INFO | Message a06ea940-bc98-4d68-a486-1517ddcd99a3 marked as read by executor2
2026-08-09 09:12:50 | team | sess_cf7edecef7ac | INFO | Message dd16e6a1-dcc2-4d51-9ae6-8e0f788a0721 created
2026-08-09 09:13:14 | team | sess_cf7edecef7ac | INFO | [executor2] processing 1 unread messages (steer=True)
2026-08-09 09:13:14 | team | sess_cf7edecef7ac | INFO | Message 34c39932-124b-4225-a751-60b4ad0d25fe marked as read by executor2
2026-08-09 09:13:31 | team | sess_cf7edecef7ac | INFO | Message 8d0b41c2-b4c4-4c91-9fb7-8d437b8d786d created
2026-08-09 09:13:59 | team | sess_cf7edecef7ac | INFO | task list drained for team jiuwen_team_sess_cf7edecef7ac: 4 terminal task(s)
2026-08-09 09:14:11 | team | sess_cf7edecef7ac | INFO | [executor2] processing 1 unread messages (steer=True)
2026-08-09 09:14:12 | team | sess_cf7edecef7ac | INFO | Message 2b2a1340-c3a4-4fde-b6e1-2be6a4cfb4ca marked as read by executor2
2026-08-09 09:14:25 | team | sess_cf7edecef7ac | INFO | team jiuwen_team_sess_cf7edecef7ac reported completed: 9 members, 4 tasks
2026-08-09 09:14:25 | team | sess_cf7edecef7ac | INFO | [executor2] received TEAM_STANDBY, pausing polls
2026-08-09 09:14:25 | team | sess_cf7edecef7ac | INFO | EventBus[teammate] pausing polls
