2026-08-09 09:11:22 | team | sess_cf7edecef7ac | INFO | Team workspace directory ensured at /srv/jwteam_clone/shared/run_current
2026-08-09 09:11:22 | team | sess_cf7edecef7ac | INFO | AgentTeam manager initialized for jiuwen_team_sess_cf7edecef7ac, member=team_leader
2026-08-09 09:11:22 | team | sess_cf7edecef7ac | INFO | [team_leader] TeamPolicyRail static sections: section_names=['team_role', 'team_workflow', 'team_swarmflow', 'team_lifecycle', 'team_persona']
2026-08-09 09:11:22 | team | sess_cf7edecef7ac | INFO | Session tables ready for session sess_cf7edecef7ac
2026-08-09 09:11:22 | team | sess_cf7edecef7ac | INFO | Team database initialized
2026-08-09 09:11:22 | team | default_trace_id | INFO | Team workspace directory ensured at /srv/jwteam_clone/shared/run_current
2026-08-09 09:11:22 | team | default_trace_id | INFO | AgentTeam manager initialized for jiuwen_team_sess_cf7edecef7ac, member=verifier1
2026-08-09 09:11:22 | team | default_trace_id | INFO | [verifier1] TeamPolicyRail static sections: section_names=['team_role', 'team_persona']
2026-08-09 09:11:22 | team | sess_cf7edecef7ac | INFO | [verifier1] invoke start, role=teammate
2026-08-09 09:11:22 | team | sess_cf7edecef7ac | INFO | [verifier1] coordination starting
2026-08-09 09:11:22 | team | sess_cf7edecef7ac | INFO | Session tables ready for session sess_cf7edecef7ac
2026-08-09 09:11:22 | team | sess_cf7edecef7ac | INFO | Workspace /srv/jwteam_clone/shared/run_current initialized as plain shared directory (version_control disabled)
2026-08-09 09:11:22 | team | sess_cf7edecef7ac | INFO | EventBus[teammate] starting
2026-08-09 09:11:52 | team | sess_cf7edecef7ac | INFO | [verifier1] HITT section refresh: human_agent_names=[]
2026-08-09 09:12:09 | team | sess_cf7edecef7ac | INFO | [verifier1] processing 1 unread messages (steer=True)
2026-08-09 09:12:09 | team | sess_cf7edecef7ac | INFO | Message a06ea940-bc98-4d68-a486-1517ddcd99a3 marked as read by verifier1
2026-08-09 09:13:01 | team | sess_cf7edecef7ac | INFO | [verifier1] processing 1 unread messages (steer=True)
2026-08-09 09:13:01 | team | sess_cf7edecef7ac | INFO | Message 81bf6e2a-6cf5-4cc7-9bad-b4325e7aafc4 marked as read by verifier1
2026-08-09 09:13:20 | team | sess_cf7edecef7ac | INFO | [verifier1] processing 1 unread messages (steer=True)
2026-08-09 09:13:20 | team | sess_cf7edecef7ac | INFO | Message 2d78df46-c437-407f-ab57-b4370a27c8ad marked as read by verifier1
2026-08-09 09:13:22 | team | sess_cf7edecef7ac | INFO | Task verify claimed by member verifier1
2026-08-09 09:13:22 | team | sess_cf7edecef7ac | INFO | Task verify claimed by member verifier1
2026-08-09 09:13:59 | team | sess_cf7edecef7ac | INFO | Task verify completed at 1786263239828
2026-08-09 09:13:59 | team | sess_cf7edecef7ac | INFO | Task verify completed
2026-08-09 09:14:06 | team | sess_cf7edecef7ac | INFO | Message 1d31c3b7-3efc-4830-adad-f01f0d6b4223 created
2026-08-09 09:14:11 | team | sess_cf7edecef7ac | INFO | [verifier1] processing 1 unread messages (steer=True)
2026-08-09 09:14:11 | team | sess_cf7edecef7ac | INFO | Message 2b2a1340-c3a4-4fde-b6e1-2be6a4cfb4ca marked as read by verifier1
2026-08-09 09:14:25 | team | sess_cf7edecef7ac | INFO | team jiuwen_team_sess_cf7edecef7ac reported completed: 9 members, 4 tasks
2026-08-09 09:14:25 | team | sess_cf7edecef7ac | INFO | [verifier1] received TEAM_STANDBY, pausing polls
2026-08-09 09:14:25 | team | sess_cf7edecef7ac | INFO | EventBus[teammate] pausing polls
