2026-08-09 23:55:45 | team | sess_0cb6c64120df | INFO | Team workspace directory ensured at /srv/jwteam_clone/shared/run_current
2026-08-09 23:55:45 | team | sess_0cb6c64120df | INFO | AgentTeam manager initialized for jiuwen_team_sess_0cb6c64120df, member=team_leader
2026-08-09 23:55:45 | team | sess_0cb6c64120df | INFO | [team_leader] TeamPolicyRail static sections: section_names=['team_role', 'team_workflow', 'team_swarmflow', 'team_lifecycle', 'team_persona']
2026-08-09 23:55:45 | team | sess_0cb6c64120df | INFO | Session tables ready for session sess_0cb6c64120df
2026-08-09 23:55:45 | team | sess_0cb6c64120df | INFO | Team database initialized
2026-08-09 23:55:45 | team | default_trace_id | INFO | Team workspace directory ensured at /srv/jwteam_clone/shared/run_current
2026-08-09 23:55:45 | team | default_trace_id | INFO | AgentTeam manager initialized for jiuwen_team_sess_0cb6c64120df, member=verifier1
2026-08-09 23:55:45 | team | default_trace_id | INFO | [verifier1] TeamPolicyRail static sections: section_names=['team_role', 'team_persona']
2026-08-09 23:55:45 | team | sess_0cb6c64120df | INFO | [verifier1] invoke start, role=teammate
2026-08-09 23:55:45 | team | sess_0cb6c64120df | INFO | [verifier1] coordination starting
2026-08-09 23:55:45 | team | sess_0cb6c64120df | INFO | Session tables ready for session sess_0cb6c64120df
2026-08-09 23:55:45 | team | sess_0cb6c64120df | INFO | Workspace /srv/jwteam_clone/shared/run_current initialized as plain shared directory (version_control disabled)
2026-08-09 23:55:45 | team | sess_0cb6c64120df | INFO | EventBus[teammate] starting
2026-08-09 23:57:16 | team | sess_0cb6c64120df | INFO | [verifier1] HITT section refresh: human_agent_names=[]
2026-08-09 23:58:54 | team | sess_0cb6c64120df | INFO | [verifier1] processing 1 unread messages (steer=True)
2026-08-09 23:58:54 | team | sess_0cb6c64120df | INFO | Message b91c8b1d-5c2a-45bd-b70d-385f78987282 marked as read by verifier1
2026-08-09 23:59:06 | team | sess_0cb6c64120df | INFO | Message 5fca8482-c67d-4f62-a876-821644b3d420 created
2026-08-09 23:59:32 | team | sess_0cb6c64120df | INFO | Task verify_versions claimed by member verifier1
2026-08-09 23:59:32 | team | sess_0cb6c64120df | INFO | Task verify_versions claimed by member verifier1
2026-08-09 23:59:32 | team | sess_0cb6c64120df | INFO | [verifier1] processing 1 unread messages (steer=True)
2026-08-09 23:59:32 | team | sess_0cb6c64120df | INFO | Message 28cab743-7e0b-4a83-accb-ad070b5e1e81 marked as read by verifier1
2026-08-10 00:00:03 | team | sess_0cb6c64120df | INFO | Message f73225e5-a4b5-47cd-b994-fa4f308e52ac created
2026-08-10 00:00:06 | team | sess_0cb6c64120df | INFO | Task verify_versions completed at 1786316406747
2026-08-10 00:00:06 | team | sess_0cb6c64120df | INFO | Task verify_versions completed
2026-08-10 00:00:35 | team | sess_0cb6c64120df | INFO | task list drained for team jiuwen_team_sess_0cb6c64120df: 6 terminal task(s)
2026-08-10 00:00:52 | team | sess_0cb6c64120df | INFO | [verifier1] processing 1 unread messages (steer=True)
2026-08-10 00:00:52 | team | sess_0cb6c64120df | INFO | Message 9ca48cec-f623-48bf-97de-4070dbdf4805 marked as read by verifier1
2026-08-10 00:01:08 | team | sess_0cb6c64120df | INFO | team jiuwen_team_sess_0cb6c64120df reported completed: 9 members, 6 tasks
2026-08-10 00:01:08 | team | sess_0cb6c64120df | INFO | [verifier1] received TEAM_STANDBY, pausing polls
2026-08-10 00:01:08 | team | sess_0cb6c64120df | INFO | EventBus[teammate] pausing polls
