2026-08-09 23:55:40 | team | sess_0cb6c64120df | INFO | Team workspace directory ensured at /srv/jwteam_clone/shared/run_current
2026-08-09 23:55:40 | team | sess_0cb6c64120df | INFO | AgentTeam manager initialized for jiuwen_team_sess_0cb6c64120df, member=team_leader
2026-08-09 23:55:40 | team | sess_0cb6c64120df | INFO | [team_leader] TeamPolicyRail static sections: section_names=['team_role', 'team_workflow', 'team_swarmflow', 'team_lifecycle', 'team_persona']
2026-08-09 23:55:40 | team | sess_0cb6c64120df | INFO | Session tables ready for session sess_0cb6c64120df
2026-08-09 23:55:40 | team | sess_0cb6c64120df | INFO | Team database initialized
2026-08-09 23:55:40 | team | default_trace_id | INFO | Team workspace directory ensured at /srv/jwteam_clone/shared/run_current
2026-08-09 23:55:40 | team | default_trace_id | INFO | AgentTeam manager initialized for jiuwen_team_sess_0cb6c64120df, member=planner1
2026-08-09 23:55:40 | team | default_trace_id | INFO | [planner1] TeamPolicyRail static sections: section_names=['team_role', 'team_persona']
2026-08-09 23:55:40 | team | sess_0cb6c64120df | INFO | [planner1] invoke start, role=teammate
2026-08-09 23:55:40 | team | sess_0cb6c64120df | INFO | [planner1] coordination starting
2026-08-09 23:55:40 | team | sess_0cb6c64120df | INFO | Session tables ready for session sess_0cb6c64120df
2026-08-09 23:55:40 | team | sess_0cb6c64120df | INFO | Workspace /srv/jwteam_clone/shared/run_current initialized as plain shared directory (version_control disabled)
2026-08-09 23:55:40 | team | sess_0cb6c64120df | INFO | EventBus[teammate] starting
2026-08-09 23:57:16 | team | sess_0cb6c64120df | INFO | [planner1] HITT section refresh: human_agent_names=[]
2026-08-09 23:57:49 | team | sess_0cb6c64120df | INFO | Message 14c28b53-5538-4c8e-ab81-39689734ac47 created
2026-08-09 23:58:03 | team | sess_0cb6c64120df | INFO | Message 4e33d997-1100-4390-8830-b2931bcd80dd created
2026-08-09 23:58:07 | team | sess_0cb6c64120df | INFO | [planner1] processing 1 unread messages (steer=True)
2026-08-09 23:58:07 | team | sess_0cb6c64120df | INFO | Message 3f4df055-ec50-42ea-b482-20d16d881b0c marked as read by planner1
2026-08-09 23:58:14 | team | sess_0cb6c64120df | INFO | [planner1] processing 1 unread messages (steer=True)
2026-08-09 23:58:14 | team | sess_0cb6c64120df | INFO | Message 7a7078e8-1980-4d53-85c8-4dda23b8ccf7 marked as read by planner1
2026-08-09 23:58:31 | team | sess_0cb6c64120df | INFO | Message a6c8a428-c923-4f02-a068-c47b5d494133 created
2026-08-09 23:58:40 | team | sess_0cb6c64120df | INFO | [planner1] processing 1 unread messages (steer=True)
2026-08-09 23:58:40 | team | sess_0cb6c64120df | INFO | Message 7240b7a2-8b11-43ac-b0db-e17319e5e04a marked as read by planner1
2026-08-09 23:58:40 | team | sess_0cb6c64120df | INFO | Message f0541b72-32e2-4b14-895b-0625c8bec0e1 created
2026-08-09 23:58:47 | team | sess_0cb6c64120df | INFO | Message e416c797-f038-4f76-969c-e0095904d6cb created
2026-08-09 23:58:55 | team | sess_0cb6c64120df | INFO | [planner1] processing 1 unread messages (steer=True)
2026-08-09 23:58:55 | team | sess_0cb6c64120df | INFO | Message bec3d1be-f7d5-4b28-ab08-b219fe408969 marked as read by planner1
2026-08-09 23:59:13 | team | sess_0cb6c64120df | INFO | Message 7a037ac6-f776-4fd9-8200-5e80e8aa0b4c created
2026-08-09 23:59:23 | team | sess_0cb6c64120df | INFO | Message 0bb41177-f9fb-479f-b049-2dcf2c8f7df3 created
2026-08-09 23:59:39 | team | sess_0cb6c64120df | INFO | Message 638d81ab-5aac-4bcd-ab10-636b7d0e6946 created
2026-08-10 00:00:00 | team | sess_0cb6c64120df | INFO | [planner1] processing 1 unread messages (steer=True)
2026-08-10 00:00:00 | team | sess_0cb6c64120df | INFO | Message 875cbd49-74f1-44ca-b83b-b2ee1155e871 marked as read by planner1
2026-08-10 00:00:09 | team | sess_0cb6c64120df | INFO | Message 4fcc5b03-3ee9-4916-90db-4a73d8547cbe created
2026-08-10 00:00:35 | team | sess_0cb6c64120df | INFO | task list drained for team jiuwen_team_sess_0cb6c64120df: 6 terminal task(s)
2026-08-10 00:00:52 | team | sess_0cb6c64120df | INFO | [planner1] processing 1 unread messages (steer=True)
2026-08-10 00:00:52 | team | sess_0cb6c64120df | INFO | Message 9ca48cec-f623-48bf-97de-4070dbdf4805 marked as read by planner1
2026-08-10 00:01:08 | team | sess_0cb6c64120df | INFO | team jiuwen_team_sess_0cb6c64120df reported completed: 9 members, 6 tasks
2026-08-10 00:01:08 | team | sess_0cb6c64120df | INFO | [planner1] received TEAM_STANDBY, pausing polls
2026-08-10 00:01:08 | team | sess_0cb6c64120df | INFO | EventBus[teammate] pausing polls
