2026-08-09 23:55:42 | team | sess_0cb6c64120df | INFO | Team workspace directory ensured at /srv/jwteam_clone/shared/run_current
2026-08-09 23:55:42 | team | sess_0cb6c64120df | INFO | AgentTeam manager initialized for jiuwen_team_sess_0cb6c64120df, member=team_leader
2026-08-09 23:55:42 | team | sess_0cb6c64120df | INFO | [team_leader] TeamPolicyRail static sections: section_names=['team_role', 'team_workflow', 'team_swarmflow', 'team_lifecycle', 'team_persona']
2026-08-09 23:55:42 | team | sess_0cb6c64120df | INFO | Session tables ready for session sess_0cb6c64120df
2026-08-09 23:55:42 | team | sess_0cb6c64120df | INFO | Team database initialized
2026-08-09 23:55:42 | team | default_trace_id | INFO | Team workspace directory ensured at /srv/jwteam_clone/shared/run_current
2026-08-09 23:55:42 | team | default_trace_id | INFO | AgentTeam manager initialized for jiuwen_team_sess_0cb6c64120df, member=executor1
2026-08-09 23:55:42 | team | default_trace_id | INFO | [executor1] TeamPolicyRail static sections: section_names=['team_role', 'team_persona']
2026-08-09 23:55:42 | team | sess_0cb6c64120df | INFO | [executor1] invoke start, role=teammate
2026-08-09 23:55:42 | team | sess_0cb6c64120df | INFO | [executor1] coordination starting
2026-08-09 23:55:42 | team | sess_0cb6c64120df | INFO | Session tables ready for session sess_0cb6c64120df
2026-08-09 23:55:42 | team | sess_0cb6c64120df | INFO | Workspace /srv/jwteam_clone/shared/run_current initialized as plain shared directory (version_control disabled)
2026-08-09 23:55:42 | team | sess_0cb6c64120df | INFO | EventBus[teammate] starting
2026-08-09 23:57:16 | team | sess_0cb6c64120df | INFO | [executor1] HITT section refresh: human_agent_names=[]
2026-08-09 23:57:47 | team | sess_0cb6c64120df | INFO | [executor1] processing 1 unread messages (steer=True)
2026-08-09 23:57:47 | team | sess_0cb6c64120df | INFO | Message 4c55563b-3777-48ed-a086-4af9ee287ae0 marked as read by executor1
2026-08-09 23:57:59 | team | sess_0cb6c64120df | INFO | Message 06acc89f-9b3c-4161-9df9-8dc591bbf4a9 created
2026-08-09 23:58:26 | team | sess_0cb6c64120df | INFO | [executor1] processing 1 unread messages (steer=True)
2026-08-09 23:58:27 | team | sess_0cb6c64120df | INFO | Message fac4362a-5c52-46e7-8a46-8ef9c426e16b marked as read by executor1
2026-08-09 23:58:32 | team | sess_0cb6c64120df | INFO | Task implement_zone_a claimed by member executor1
2026-08-09 23:58:32 | team | sess_0cb6c64120df | INFO | Task implement_zone_a claimed by member executor1
2026-08-09 23:58:54 | team | sess_0cb6c64120df | INFO | Task implement_zone_a completed at 1786316334250
2026-08-09 23:58:54 | team | sess_0cb6c64120df | INFO | Resolved 2 dependencies for task implement_zone_a
2026-08-09 23:58:54 | team | sess_0cb6c64120df | INFO | Task implement_zone_a completed
2026-08-09 23:58:54 | team | sess_0cb6c64120df | INFO | Message f38a2d76-77a4-493b-9a91-8b0f2503603a created
2026-08-09 23:58:54 | team | sess_0cb6c64120df | INFO | Message b91c8b1d-5c2a-45bd-b70d-385f78987282 created
2026-08-09 23:59:06 | team | sess_0cb6c64120df | INFO | [executor1] processing 1 unread messages (steer=True)
2026-08-09 23:59:06 | team | sess_0cb6c64120df | INFO | Message 5fca8482-c67d-4f62-a876-821644b3d420 marked as read by executor1
2026-08-09 23:59:13 | team | sess_0cb6c64120df | INFO | [executor1] processing 1 unread messages (steer=True)
2026-08-09 23:59:13 | team | sess_0cb6c64120df | INFO | Message 3914b640-d03d-422b-9311-de87a3ab85ea marked as read by executor1
2026-08-10 00:00:35 | team | sess_0cb6c64120df | INFO | task list drained for team jiuwen_team_sess_0cb6c64120df: 6 terminal task(s)
2026-08-10 00:00:52 | team | sess_0cb6c64120df | INFO | [executor1] processing 1 unread messages (steer=True)
2026-08-10 00:00:52 | team | sess_0cb6c64120df | INFO | Message 9ca48cec-f623-48bf-97de-4070dbdf4805 marked as read by executor1
2026-08-10 00:01:08 | team | sess_0cb6c64120df | INFO | team jiuwen_team_sess_0cb6c64120df reported completed: 9 members, 6 tasks
2026-08-10 00:01:08 | team | sess_0cb6c64120df | INFO | [executor1] received TEAM_STANDBY, pausing polls
2026-08-10 00:01:08 | team | sess_0cb6c64120df | INFO | EventBus[teammate] pausing polls
