2026-08-09 23:55:46 | team | sess_0cb6c64120df | INFO | Team workspace directory ensured at /srv/jwteam_clone/shared/run_current
2026-08-09 23:55:46 | team | sess_0cb6c64120df | INFO | AgentTeam manager initialized for jiuwen_team_sess_0cb6c64120df, member=team_leader
2026-08-09 23:55:46 | team | sess_0cb6c64120df | INFO | [team_leader] TeamPolicyRail static sections: section_names=['team_role', 'team_workflow', 'team_swarmflow', 'team_lifecycle', 'team_persona']
2026-08-09 23:55:46 | team | sess_0cb6c64120df | INFO | Session tables ready for session sess_0cb6c64120df
2026-08-09 23:55:46 | team | sess_0cb6c64120df | INFO | Team database initialized
2026-08-09 23:55:46 | team | default_trace_id | INFO | Team workspace directory ensured at /srv/jwteam_clone/shared/run_current
2026-08-09 23:55:46 | team | default_trace_id | INFO | AgentTeam manager initialized for jiuwen_team_sess_0cb6c64120df, member=verifier2
2026-08-09 23:55:46 | team | default_trace_id | INFO | [verifier2] TeamPolicyRail static sections: section_names=['team_role', 'team_persona']
2026-08-09 23:55:46 | team | sess_0cb6c64120df | INFO | [verifier2] invoke start, role=teammate
2026-08-09 23:55:46 | team | sess_0cb6c64120df | INFO | [verifier2] coordination starting
2026-08-09 23:55:46 | team | sess_0cb6c64120df | INFO | Session tables ready for session sess_0cb6c64120df
2026-08-09 23:55:46 | team | sess_0cb6c64120df | INFO | Workspace /srv/jwteam_clone/shared/run_current initialized as plain shared directory (version_control disabled)
2026-08-09 23:55:46 | team | sess_0cb6c64120df | INFO | EventBus[teammate] starting
2026-08-09 23:57:16 | team | sess_0cb6c64120df | INFO | [verifier2] HITT section refresh: human_agent_names=[]
2026-08-09 23:58:54 | team | sess_0cb6c64120df | INFO | [verifier2] processing 1 unread messages (steer=True)
2026-08-09 23:58:54 | team | sess_0cb6c64120df | INFO | Message f38a2d76-77a4-493b-9a91-8b0f2503603a marked as read by verifier2
2026-08-09 23:59:13 | team | sess_0cb6c64120df | INFO | Message 3914b640-d03d-422b-9311-de87a3ab85ea created
2026-08-09 23:59:32 | team | sess_0cb6c64120df | INFO | [verifier2] processing 1 unread messages (steer=True)
2026-08-09 23:59:32 | team | sess_0cb6c64120df | INFO | Message 33ad8ed1-4fd8-4069-8ee1-8f1fbe85fe55 marked as read by verifier2
2026-08-09 23:59:35 | team | sess_0cb6c64120df | INFO | Task verify_imports claimed by member verifier2
2026-08-09 23:59:35 | team | sess_0cb6c64120df | INFO | Task verify_imports claimed by member verifier2
2026-08-09 23:59:39 | team | sess_0cb6c64120df | INFO | [verifier2] processing 1 unread messages (steer=True)
2026-08-09 23:59:39 | team | sess_0cb6c64120df | INFO | Message 638d81ab-5aac-4bcd-ab10-636b7d0e6946 marked as read by verifier2
2026-08-10 00:00:00 | team | sess_0cb6c64120df | INFO | Message a9032002-52b0-4cff-aeef-a3aee473633e created
2026-08-10 00:00:00 | team | sess_0cb6c64120df | INFO | Message 875cbd49-74f1-44ca-b83b-b2ee1155e871 created
2026-08-10 00:00:03 | team | sess_0cb6c64120df | INFO | [verifier2] processing 1 unread messages (steer=True)
2026-08-10 00:00:03 | team | sess_0cb6c64120df | INFO | Message f73225e5-a4b5-47cd-b994-fa4f308e52ac marked as read by verifier2
2026-08-10 00:00:09 | team | sess_0cb6c64120df | INFO | [verifier2] processing 1 unread messages (steer=True)
2026-08-10 00:00:09 | team | sess_0cb6c64120df | INFO | Message 4fcc5b03-3ee9-4916-90db-4a73d8547cbe marked as read by verifier2
2026-08-10 00:00:35 | team | sess_0cb6c64120df | INFO | Task verify_imports completed at 1786316435832
2026-08-10 00:00:35 | team | sess_0cb6c64120df | INFO | Task verify_imports completed
2026-08-10 00:00:42 | team | sess_0cb6c64120df | INFO | Message 2f834159-511e-4cfa-896a-4ae7245ef37c created
2026-08-10 00:00:52 | team | sess_0cb6c64120df | INFO | [verifier2] processing 1 unread messages (steer=True)
2026-08-10 00:00:52 | team | sess_0cb6c64120df | INFO | Message 9ca48cec-f623-48bf-97de-4070dbdf4805 marked as read by verifier2
2026-08-10 00:01:08 | team | sess_0cb6c64120df | INFO | team jiuwen_team_sess_0cb6c64120df reported completed: 9 members, 6 tasks
2026-08-10 00:01:08 | team | sess_0cb6c64120df | INFO | [verifier2] received TEAM_STANDBY, pausing polls
2026-08-10 00:01:08 | team | sess_0cb6c64120df | INFO | EventBus[teammate] pausing polls
