2026-08-09 23:55:44 | team | sess_0cb6c64120df | INFO | Team workspace directory ensured at /srv/jwteam_clone/shared/run_current
2026-08-09 23:55:44 | team | sess_0cb6c64120df | INFO | AgentTeam manager initialized for jiuwen_team_sess_0cb6c64120df, member=team_leader
2026-08-09 23:55:44 | team | sess_0cb6c64120df | INFO | [team_leader] TeamPolicyRail static sections: section_names=['team_role', 'team_workflow', 'team_swarmflow', 'team_lifecycle', 'team_persona']
2026-08-09 23:55:44 | team | sess_0cb6c64120df | INFO | Session tables ready for session sess_0cb6c64120df
2026-08-09 23:55:44 | team | sess_0cb6c64120df | INFO | Team database initialized
2026-08-09 23:55:44 | team | default_trace_id | INFO | Team workspace directory ensured at /srv/jwteam_clone/shared/run_current
2026-08-09 23:55:44 | team | default_trace_id | INFO | AgentTeam manager initialized for jiuwen_team_sess_0cb6c64120df, member=executor3
2026-08-09 23:55:44 | team | default_trace_id | INFO | [executor3] TeamPolicyRail static sections: section_names=['team_role', 'team_persona']
2026-08-09 23:55:44 | team | sess_0cb6c64120df | INFO | [executor3] invoke start, role=teammate
2026-08-09 23:55:44 | team | sess_0cb6c64120df | INFO | [executor3] coordination starting
2026-08-09 23:55:44 | team | sess_0cb6c64120df | INFO | Session tables ready for session sess_0cb6c64120df
2026-08-09 23:55:44 | team | sess_0cb6c64120df | INFO | Workspace /srv/jwteam_clone/shared/run_current initialized as plain shared directory (version_control disabled)
2026-08-09 23:55:44 | team | sess_0cb6c64120df | INFO | EventBus[teammate] starting
2026-08-09 23:57:16 | team | sess_0cb6c64120df | INFO | [executor3] HITT section refresh: human_agent_names=[]
2026-08-09 23:58:50 | team | sess_0cb6c64120df | INFO | [executor3] processing 1 unread messages (steer=True)
2026-08-09 23:58:50 | team | sess_0cb6c64120df | INFO | Message 45a678e2-b988-46af-83c5-af49e042cd20 marked as read by executor3
2026-08-09 23:59:01 | team | sess_0cb6c64120df | INFO | Message 26975d85-63e5-4cf3-9742-15092b2dc2a4 created
2026-08-09 23:59:04 | team | sess_0cb6c64120df | INFO | Task implement_zone_b claimed by member executor3
2026-08-09 23:59:04 | team | sess_0cb6c64120df | INFO | Task implement_zone_b claimed by member executor3
2026-08-09 23:59:07 | team | sess_0cb6c64120df | INFO | [executor3] processing 1 unread messages (steer=True)
2026-08-09 23:59:07 | team | sess_0cb6c64120df | INFO | Message 036b8aba-0e7a-4fd6-9370-cca716b51a0a marked as read by executor3
2026-08-09 23:59:26 | team | sess_0cb6c64120df | INFO | Task implement_zone_b completed at 1786316366387
2026-08-09 23:59:26 | team | sess_0cb6c64120df | INFO | Resolved 2 dependencies for task implement_zone_b
2026-08-09 23:59:26 | team | sess_0cb6c64120df | INFO | Task verify_imports unblocked (all deps resolved)
2026-08-09 23:59:26 | team | sess_0cb6c64120df | INFO | Task verify_versions unblocked (all deps resolved)
2026-08-09 23:59:26 | team | sess_0cb6c64120df | INFO | Task implement_zone_b completed
2026-08-09 23:59:26 | team | sess_0cb6c64120df | INFO | Unblocked 2 tasks
2026-08-09 23:59:32 | team | sess_0cb6c64120df | INFO | Message 33ad8ed1-4fd8-4069-8ee1-8f1fbe85fe55 created
2026-08-09 23:59:32 | team | sess_0cb6c64120df | INFO | Message 28cab743-7e0b-4a83-accb-ad070b5e1e81 created
2026-08-10 00:00:00 | team | sess_0cb6c64120df | INFO | [executor3] processing 1 unread messages (steer=True)
2026-08-10 00:00:00 | team | sess_0cb6c64120df | INFO | Message a9032002-52b0-4cff-aeef-a3aee473633e marked as read by executor3
2026-08-10 00:00:35 | team | sess_0cb6c64120df | INFO | task list drained for team jiuwen_team_sess_0cb6c64120df: 6 terminal task(s)
2026-08-10 00:00:52 | team | sess_0cb6c64120df | INFO | [executor3] processing 1 unread messages (steer=True)
2026-08-10 00:00:52 | team | sess_0cb6c64120df | INFO | Message 9ca48cec-f623-48bf-97de-4070dbdf4805 marked as read by executor3
2026-08-10 00:01:08 | team | sess_0cb6c64120df | INFO | team jiuwen_team_sess_0cb6c64120df reported completed: 9 members, 6 tasks
2026-08-10 00:01:08 | team | sess_0cb6c64120df | INFO | [executor3] received TEAM_STANDBY, pausing polls
2026-08-10 00:01:08 | team | sess_0cb6c64120df | INFO | EventBus[teammate] pausing polls
