2026-08-09 23:55:41 | team | sess_0cb6c64120df | INFO | Team workspace directory ensured at /srv/jwteam_clone/shared/run_current
2026-08-09 23:55:41 | team | sess_0cb6c64120df | INFO | AgentTeam manager initialized for jiuwen_team_sess_0cb6c64120df, member=team_leader
2026-08-09 23:55:41 | team | sess_0cb6c64120df | INFO | [team_leader] TeamPolicyRail static sections: section_names=['team_role', 'team_workflow', 'team_swarmflow', 'team_lifecycle', 'team_persona']
2026-08-09 23:55:41 | team | sess_0cb6c64120df | INFO | Session tables ready for session sess_0cb6c64120df
2026-08-09 23:55:41 | team | sess_0cb6c64120df | INFO | Team database initialized
2026-08-09 23:55:41 | team | default_trace_id | INFO | Team workspace directory ensured at /srv/jwteam_clone/shared/run_current
2026-08-09 23:55:41 | team | default_trace_id | INFO | AgentTeam manager initialized for jiuwen_team_sess_0cb6c64120df, member=planner2
2026-08-09 23:55:41 | team | default_trace_id | INFO | [planner2] TeamPolicyRail static sections: section_names=['team_role', 'team_persona']
2026-08-09 23:55:41 | team | sess_0cb6c64120df | INFO | [planner2] invoke start, role=teammate
2026-08-09 23:55:41 | team | sess_0cb6c64120df | INFO | [planner2] coordination starting
2026-08-09 23:55:41 | team | sess_0cb6c64120df | INFO | Session tables ready for session sess_0cb6c64120df
2026-08-09 23:55:41 | team | sess_0cb6c64120df | INFO | Workspace /srv/jwteam_clone/shared/run_current initialized as plain shared directory (version_control disabled)
2026-08-09 23:55:41 | team | sess_0cb6c64120df | INFO | EventBus[teammate] starting
2026-08-09 23:57:16 | team | sess_0cb6c64120df | INFO | [planner2] HITT section refresh: human_agent_names=[]
2026-08-09 23:57:21 | team | sess_0cb6c64120df | INFO | Task plan_circular_fix claimed by member planner2
2026-08-09 23:57:21 | team | sess_0cb6c64120df | INFO | Task plan_circular_fix claimed by member planner2
2026-08-09 23:57:47 | team | sess_0cb6c64120df | INFO | Message c1e092e2-2a4d-4ee4-85c3-4fd13c3faebe created
2026-08-09 23:57:47 | team | sess_0cb6c64120df | INFO | Message 4c55563b-3777-48ed-a086-4af9ee287ae0 created
2026-08-09 23:57:49 | team | sess_0cb6c64120df | INFO | [planner2] processing 1 unread messages (steer=True)
2026-08-09 23:57:49 | team | sess_0cb6c64120df | INFO | Message 14c28b53-5538-4c8e-ab81-39689734ac47 marked as read by planner2
2026-08-09 23:57:59 | team | sess_0cb6c64120df | INFO | [planner2] processing 1 unread messages (steer=True)
2026-08-09 23:57:59 | team | sess_0cb6c64120df | INFO | Message 5fe3a3f5-9d2d-4ce7-83fa-3a3d7e5295c3 marked as read by planner2
2026-08-09 23:58:00 | team | sess_0cb6c64120df | INFO | [planner2] processing 1 unread messages (steer=True)
2026-08-09 23:58:00 | team | sess_0cb6c64120df | INFO | Message 06acc89f-9b3c-4161-9df9-8dc591bbf4a9 marked as read by planner2
2026-08-09 23:58:07 | team | sess_0cb6c64120df | INFO | Message 3f4df055-ec50-42ea-b482-20d16d881b0c created
2026-08-09 23:58:26 | team | sess_0cb6c64120df | INFO | Message fac4362a-5c52-46e7-8a46-8ef9c426e16b created
2026-08-09 23:58:31 | team | sess_0cb6c64120df | INFO | [planner2] processing 1 unread messages (steer=True)
2026-08-09 23:58:31 | team | sess_0cb6c64120df | INFO | Message a6c8a428-c923-4f02-a068-c47b5d494133 marked as read by planner2
2026-08-09 23:58:31 | team | sess_0cb6c64120df | INFO | Task plan_circular_fix completed at 1786316311461
2026-08-09 23:58:31 | team | sess_0cb6c64120df | INFO | Resolved 1 dependencies for task plan_circular_fix
2026-08-09 23:58:31 | team | sess_0cb6c64120df | INFO | Task implement_zone_a unblocked (all deps resolved)
2026-08-09 23:58:31 | team | sess_0cb6c64120df | INFO | Task plan_circular_fix completed
2026-08-09 23:58:31 | team | sess_0cb6c64120df | INFO | Unblocked 1 tasks
2026-08-09 23:58:40 | team | sess_0cb6c64120df | INFO | Message 7240b7a2-8b11-43ac-b0db-e17319e5e04a created
2026-08-09 23:58:47 | team | sess_0cb6c64120df | INFO | [planner2] processing 1 unread messages (steer=True)
2026-08-09 23:58:47 | team | sess_0cb6c64120df | INFO | Message e416c797-f038-4f76-969c-e0095904d6cb marked as read by planner2
2026-08-09 23:58:47 | team | sess_0cb6c64120df | INFO | Message 9498fca0-7736-45cb-8e21-55c4265a117c created
2026-08-10 00:00:35 | team | sess_0cb6c64120df | INFO | task list drained for team jiuwen_team_sess_0cb6c64120df: 6 terminal task(s)
2026-08-10 00:00:52 | team | sess_0cb6c64120df | INFO | [planner2] processing 1 unread messages (steer=True)
2026-08-10 00:00:52 | team | sess_0cb6c64120df | INFO | Message 9ca48cec-f623-48bf-97de-4070dbdf4805 marked as read by planner2
2026-08-10 00:00:59 | team | sess_0cb6c64120df | INFO | Message 73cbfb01-f73a-4b44-8957-56f67f34fd51 created
2026-08-10 00:01:08 | team | sess_0cb6c64120df | INFO | team jiuwen_team_sess_0cb6c64120df reported completed: 9 members, 6 tasks
2026-08-10 00:01:08 | team | sess_0cb6c64120df | INFO | [planner2] received TEAM_STANDBY, pausing polls
2026-08-10 00:01:08 | team | sess_0cb6c64120df | INFO | EventBus[teammate] pausing polls
