2026-08-09 23:55:47 | team | sess_0cb6c64120df | INFO | Team workspace directory ensured at /srv/jwteam_clone/shared/run_current
2026-08-09 23:55:47 | team | sess_0cb6c64120df | INFO | AgentTeam manager initialized for jiuwen_team_sess_0cb6c64120df, member=team_leader
2026-08-09 23:55:47 | team | sess_0cb6c64120df | INFO | [team_leader] TeamPolicyRail static sections: section_names=['team_role', 'team_workflow', 'team_swarmflow', 'team_lifecycle', 'team_persona']
2026-08-09 23:55:47 | team | sess_0cb6c64120df | INFO | Session tables ready for session sess_0cb6c64120df
2026-08-09 23:55:47 | team | sess_0cb6c64120df | INFO | Team database initialized
2026-08-09 23:55:47 | team | default_trace_id | INFO | Team workspace directory ensured at /srv/jwteam_clone/shared/run_current
2026-08-09 23:55:47 | team | default_trace_id | INFO | AgentTeam manager initialized for jiuwen_team_sess_0cb6c64120df, member=fullstack1
2026-08-09 23:55:47 | team | default_trace_id | INFO | [fullstack1] TeamPolicyRail static sections: section_names=['team_role', 'team_persona']
2026-08-09 23:55:47 | team | sess_0cb6c64120df | INFO | [fullstack1] invoke start, role=teammate
2026-08-09 23:55:47 | team | sess_0cb6c64120df | INFO | [fullstack1] coordination starting
2026-08-09 23:55:47 | team | sess_0cb6c64120df | INFO | Session tables ready for session sess_0cb6c64120df
2026-08-09 23:55:47 | team | sess_0cb6c64120df | INFO | Workspace /srv/jwteam_clone/shared/run_current initialized as plain shared directory (version_control disabled)
2026-08-09 23:55:47 | team | sess_0cb6c64120df | INFO | EventBus[teammate] starting
2026-08-09 23:57:16 | team | sess_0cb6c64120df | INFO | [fullstack1] HITT section refresh: human_agent_names=[]
2026-08-09 23:57:29 | team | sess_0cb6c64120df | INFO | Task plan_dep_fixes claimed by member fullstack1
2026-08-09 23:57:29 | team | sess_0cb6c64120df | INFO | Task plan_dep_fixes claimed by member fullstack1
2026-08-09 23:57:42 | team | sess_0cb6c64120df | INFO | [fullstack1] processing 1 unread messages (steer=True)
2026-08-09 23:57:42 | team | sess_0cb6c64120df | INFO | Message 3355ff66-f2bc-44fd-b9af-0c8fbb4f2b80 marked as read by fullstack1
2026-08-09 23:57:47 | team | sess_0cb6c64120df | INFO | [fullstack1] processing 1 unread messages (steer=True)
2026-08-09 23:57:47 | team | sess_0cb6c64120df | INFO | Message c1e092e2-2a4d-4ee4-85c3-4fd13c3faebe marked as read by fullstack1
2026-08-09 23:57:59 | team | sess_0cb6c64120df | INFO | Message 5fe3a3f5-9d2d-4ce7-83fa-3a3d7e5295c3 created
2026-08-09 23:57:59 | team | sess_0cb6c64120df | INFO | Task plan_dep_fixes claimed by member fullstack1
2026-08-09 23:57:59 | team | sess_0cb6c64120df | INFO | Task plan_dep_fixes claimed by member fullstack1
2026-08-09 23:58:03 | team | sess_0cb6c64120df | INFO | [fullstack1] processing 1 unread messages (steer=True)
2026-08-09 23:58:03 | team | sess_0cb6c64120df | INFO | Message 4e33d997-1100-4390-8830-b2931bcd80dd marked as read by fullstack1
2026-08-09 23:58:14 | team | sess_0cb6c64120df | INFO | Message 7a7078e8-1980-4d53-85c8-4dda23b8ccf7 created
2026-08-09 23:58:40 | team | sess_0cb6c64120df | INFO | [fullstack1] processing 1 unread messages (steer=True)
2026-08-09 23:58:40 | team | sess_0cb6c64120df | INFO | Message f0541b72-32e2-4b14-895b-0625c8bec0e1 marked as read by fullstack1
2026-08-09 23:58:50 | team | sess_0cb6c64120df | INFO | Message 45a678e2-b988-46af-83c5-af49e042cd20 created
2026-08-09 23:58:55 | team | sess_0cb6c64120df | INFO | Task plan_dep_fixes completed at 1786316335717
2026-08-09 23:58:55 | team | sess_0cb6c64120df | INFO | Message bec3d1be-f7d5-4b28-ab08-b219fe408969 created
2026-08-09 23:58:55 | team | sess_0cb6c64120df | INFO | Resolved 1 dependencies for task plan_dep_fixes
2026-08-09 23:58:55 | team | sess_0cb6c64120df | INFO | Task implement_zone_b unblocked (all deps resolved)
2026-08-09 23:58:55 | team | sess_0cb6c64120df | INFO | Task plan_dep_fixes completed
2026-08-09 23:58:55 | team | sess_0cb6c64120df | INFO | Unblocked 1 tasks
2026-08-09 23:59:01 | team | sess_0cb6c64120df | INFO | [fullstack1] processing 1 unread messages (steer=True)
2026-08-09 23:59:01 | team | sess_0cb6c64120df | INFO | Message 26975d85-63e5-4cf3-9742-15092b2dc2a4 marked as read by fullstack1
2026-08-09 23:59:07 | team | sess_0cb6c64120df | INFO | Message 036b8aba-0e7a-4fd6-9370-cca716b51a0a created
2026-08-09 23:59:13 | team | sess_0cb6c64120df | INFO | [fullstack1] processing 1 unread messages (steer=True)
2026-08-09 23:59:13 | team | sess_0cb6c64120df | INFO | Message 7a037ac6-f776-4fd9-8200-5e80e8aa0b4c marked as read by fullstack1
2026-08-10 00:00:35 | team | sess_0cb6c64120df | INFO | task list drained for team jiuwen_team_sess_0cb6c64120df: 6 terminal task(s)
2026-08-10 00:00:52 | team | sess_0cb6c64120df | INFO | [fullstack1] processing 1 unread messages (steer=True)
2026-08-10 00:00:52 | team | sess_0cb6c64120df | INFO | Message 9ca48cec-f623-48bf-97de-4070dbdf4805 marked as read by fullstack1
2026-08-10 00:01:08 | team | sess_0cb6c64120df | INFO | team jiuwen_team_sess_0cb6c64120df reported completed: 9 members, 6 tasks
2026-08-10 00:01:08 | team | sess_0cb6c64120df | INFO | [fullstack1] received TEAM_STANDBY, pausing polls
2026-08-10 00:01:08 | team | sess_0cb6c64120df | INFO | EventBus[teammate] pausing polls
