2026-08-23 16:20:23 | team | sess_146cbf97a8be | INFO | Team workspace directory ensured at /srv/jwteam_clone/shared/run_current
2026-08-23 16:20:23 | team | sess_146cbf97a8be | INFO | AgentTeam manager initialized for jiuwen_team_sess_146cbf97a8be, member=team_leader
2026-08-23 16:20:23 | team | sess_146cbf97a8be | INFO | [team_leader] TeamPolicyRail static sections: section_names=['team_role', 'team_workflow', 'team_swarmflow', 'team_lifecycle', 'team_persona']
2026-08-23 16:20:23 | team | sess_146cbf97a8be | INFO | Session tables ready for session sess_146cbf97a8be
2026-08-23 16:20:23 | team | sess_146cbf97a8be | INFO | Team database initialized
2026-08-23 16:20:23 | team | default_trace_id | INFO | Team workspace directory ensured at /srv/jwteam_clone/shared/run_current
2026-08-23 16:20:23 | team | default_trace_id | INFO | AgentTeam manager initialized for jiuwen_team_sess_146cbf97a8be, member=planner1
2026-08-23 16:20:23 | team | default_trace_id | INFO | [planner1] TeamPolicyRail static sections: section_names=['team_role', 'team_persona']
2026-08-23 16:20:23 | team | sess_146cbf97a8be | INFO | [planner1] invoke start, role=teammate
2026-08-23 16:20:23 | team | sess_146cbf97a8be | INFO | [planner1] coordination starting
2026-08-23 16:20:23 | team | sess_146cbf97a8be | INFO | Session tables ready for session sess_146cbf97a8be
2026-08-23 16:20:23 | team | sess_146cbf97a8be | INFO | Workspace /srv/jwteam_clone/shared/run_current initialized as plain shared directory (version_control disabled)
2026-08-23 16:20:23 | team | sess_146cbf97a8be | INFO | EventBus[teammate] starting
2026-08-23 16:22:48 | team | sess_146cbf97a8be | INFO | [planner1] HITT section refresh: human_agent_names=[]
2026-08-23 16:22:57 | team | sess_146cbf97a8be | INFO | [planner1] received TASK_CLAIMED for self, task_id=cross3_plan, human_agent=False
2026-08-23 16:23:45 | team | sess_146cbf97a8be | INFO | Message 519db289-522c-4fc3-8d3d-1d34bbd01c18 created
2026-08-23 16:23:48 | team | sess_146cbf97a8be | INFO | Task cross3_plan completed at 1787498628497
2026-08-23 16:23:48 | team | sess_146cbf97a8be | INFO | Resolved 1 dependencies for task cross3_plan
2026-08-23 16:23:48 | team | sess_146cbf97a8be | INFO | Task cross3_implement unblocked (all deps resolved)
2026-08-23 16:23:48 | team | sess_146cbf97a8be | INFO | Task cross3_plan completed
2026-08-23 16:23:48 | team | sess_146cbf97a8be | INFO | Unblocked 1 tasks
2026-08-23 16:24:03 | team | sess_146cbf97a8be | INFO | Message 69409871-dd2a-483d-b831-7b56bb7c4e61 created
2026-08-23 16:29:01 | team | sess_146cbf97a8be | INFO | task list drained for team jiuwen_team_sess_146cbf97a8be: 6 terminal task(s)
2026-08-23 16:29:13 | team | sess_146cbf97a8be | INFO | [planner1] processing 1 unread messages (steer=True)
2026-08-23 16:29:14 | team | sess_146cbf97a8be | INFO | Message 30cea41d-b27c-4f31-a644-7c462c92168b marked as read by planner1
2026-08-23 16:29:28 | team | sess_146cbf97a8be | INFO | team jiuwen_team_sess_146cbf97a8be reported completed: 9 members, 6 tasks
2026-08-23 16:29:28 | team | sess_146cbf97a8be | INFO | [planner1] received TEAM_STANDBY, pausing polls
2026-08-23 16:29:28 | team | sess_146cbf97a8be | INFO | EventBus[teammate] pausing polls
