2026-08-23 16:20:26 | team | sess_146cbf97a8be | INFO | Team workspace directory ensured at /srv/jwteam_clone/shared/run_current
2026-08-23 16:20:26 | team | sess_146cbf97a8be | INFO | AgentTeam manager initialized for jiuwen_team_sess_146cbf97a8be, member=team_leader
2026-08-23 16:20:26 | team | sess_146cbf97a8be | INFO | [team_leader] TeamPolicyRail static sections: section_names=['team_role', 'team_workflow', 'team_swarmflow', 'team_lifecycle', 'team_persona']
2026-08-23 16:20:26 | team | sess_146cbf97a8be | INFO | Session tables ready for session sess_146cbf97a8be
2026-08-23 16:20:26 | team | sess_146cbf97a8be | INFO | Team database initialized
2026-08-23 16:20:26 | team | default_trace_id | INFO | Team workspace directory ensured at /srv/jwteam_clone/shared/run_current
2026-08-23 16:20:26 | team | default_trace_id | INFO | AgentTeam manager initialized for jiuwen_team_sess_146cbf97a8be, member=executor2
2026-08-23 16:20:26 | team | default_trace_id | INFO | [executor2] TeamPolicyRail static sections: section_names=['team_role', 'team_persona']
2026-08-23 16:20:26 | team | sess_146cbf97a8be | INFO | [executor2] invoke start, role=teammate
2026-08-23 16:20:26 | team | sess_146cbf97a8be | INFO | [executor2] coordination starting
2026-08-23 16:20:26 | team | sess_146cbf97a8be | INFO | Session tables ready for session sess_146cbf97a8be
2026-08-23 16:20:26 | team | sess_146cbf97a8be | INFO | Workspace /srv/jwteam_clone/shared/run_current initialized as plain shared directory (version_control disabled)
2026-08-23 16:20:26 | team | sess_146cbf97a8be | INFO | EventBus[teammate] starting
2026-08-23 16:22:48 | team | sess_146cbf97a8be | INFO | [executor2] HITT section refresh: human_agent_names=[]
2026-08-23 16:23:45 | team | sess_146cbf97a8be | INFO | [executor2] processing 1 unread messages (steer=True)
2026-08-23 16:23:45 | team | sess_146cbf97a8be | INFO | Message 519db289-522c-4fc3-8d3d-1d34bbd01c18 marked as read by executor2
2026-08-23 16:23:50 | team | sess_146cbf97a8be | INFO | Task cross3_implement claimed by member executor2
2026-08-23 16:23:50 | team | sess_146cbf97a8be | INFO | Task cross3_implement claimed by member executor2
2026-08-23 16:25:36 | team | sess_146cbf97a8be | INFO | Task cross3_implement completed at 1787498736955
2026-08-23 16:25:36 | team | sess_146cbf97a8be | INFO | Message b0968e6d-2348-4875-a039-5bb1e6c9837f created
2026-08-23 16:25:36 | team | sess_146cbf97a8be | INFO | Resolved 1 dependencies for task cross3_implement
2026-08-23 16:25:36 | team | sess_146cbf97a8be | INFO | Task cross3_verify unblocked (all deps resolved)
2026-08-23 16:25:36 | team | sess_146cbf97a8be | INFO | Task cross3_implement completed
2026-08-23 16:25:36 | team | sess_146cbf97a8be | INFO | Unblocked 1 tasks
2026-08-23 16:27:28 | team | sess_146cbf97a8be | INFO | [executor2] processing 1 unread messages (steer=True)
2026-08-23 16:27:28 | team | sess_146cbf97a8be | INFO | Message 4bb0d4b9-a5bc-480b-8270-4fc05f7e827c marked as read by executor2
2026-08-23 16:29:01 | team | sess_146cbf97a8be | INFO | task list drained for team jiuwen_team_sess_146cbf97a8be: 6 terminal task(s)
2026-08-23 16:29:13 | team | sess_146cbf97a8be | INFO | [executor2] processing 1 unread messages (steer=True)
2026-08-23 16:29:14 | team | sess_146cbf97a8be | INFO | Message 30cea41d-b27c-4f31-a644-7c462c92168b marked as read by executor2
2026-08-23 16:29:28 | team | sess_146cbf97a8be | INFO | team jiuwen_team_sess_146cbf97a8be reported completed: 9 members, 6 tasks
2026-08-23 16:29:28 | team | sess_146cbf97a8be | INFO | [executor2] received TEAM_STANDBY, pausing polls
2026-08-23 16:29:28 | team | sess_146cbf97a8be | INFO | EventBus[teammate] pausing polls
