2026-08-23 16:20:29 | team | sess_146cbf97a8be | INFO | Team workspace directory ensured at /srv/jwteam_clone/shared/run_current
2026-08-23 16:20:29 | team | sess_146cbf97a8be | INFO | AgentTeam manager initialized for jiuwen_team_sess_146cbf97a8be, member=team_leader
2026-08-23 16:20:29 | team | sess_146cbf97a8be | INFO | [team_leader] TeamPolicyRail static sections: section_names=['team_role', 'team_workflow', 'team_swarmflow', 'team_lifecycle', 'team_persona']
2026-08-23 16:20:29 | team | sess_146cbf97a8be | INFO | Session tables ready for session sess_146cbf97a8be
2026-08-23 16:20:29 | team | sess_146cbf97a8be | INFO | Team database initialized
2026-08-23 16:20:29 | team | default_trace_id | INFO | Team workspace directory ensured at /srv/jwteam_clone/shared/run_current
2026-08-23 16:20:29 | team | default_trace_id | INFO | AgentTeam manager initialized for jiuwen_team_sess_146cbf97a8be, member=verifier2
2026-08-23 16:20:29 | team | default_trace_id | INFO | [verifier2] TeamPolicyRail static sections: section_names=['team_role', 'team_persona']
2026-08-23 16:20:29 | team | sess_146cbf97a8be | INFO | [verifier2] invoke start, role=teammate
2026-08-23 16:20:29 | team | sess_146cbf97a8be | INFO | [verifier2] coordination starting
2026-08-23 16:20:29 | team | sess_146cbf97a8be | INFO | Session tables ready for session sess_146cbf97a8be
2026-08-23 16:20:29 | team | sess_146cbf97a8be | INFO | Workspace /srv/jwteam_clone/shared/run_current initialized as plain shared directory (version_control disabled)
2026-08-23 16:20:29 | team | sess_146cbf97a8be | INFO | EventBus[teammate] starting
2026-08-23 16:22:48 | team | sess_146cbf97a8be | INFO | [verifier2] HITT section refresh: human_agent_names=[]
2026-08-23 16:27:33 | team | sess_146cbf97a8be | INFO | [verifier2] processing 1 unread messages (steer=True)
2026-08-23 16:27:33 | team | sess_146cbf97a8be | INFO | Message 6a076c29-00bc-4801-b61f-2d66ec05520a marked as read by verifier2
2026-08-23 16:27:37 | team | sess_146cbf97a8be | INFO | Task test9_verify claimed by member verifier2
2026-08-23 16:27:37 | team | sess_146cbf97a8be | INFO | Task test9_verify claimed by member verifier2
2026-08-23 16:29:01 | team | sess_146cbf97a8be | INFO | Task test9_verify completed at 1787498941771
2026-08-23 16:29:01 | team | sess_146cbf97a8be | INFO | Task test9_verify completed
2026-08-23 16:29:12 | team | sess_146cbf97a8be | INFO | Message 23fe6030-2be4-40df-a4b2-d3e27c014b15 created
2026-08-23 16:29:12 | team | sess_146cbf97a8be | INFO | Message 93fb3721-6633-47c5-87d3-571094b62d1a created
2026-08-23 16:29:13 | team | sess_146cbf97a8be | INFO | [verifier2] processing 1 unread messages (steer=True)
2026-08-23 16:29:13 | team | sess_146cbf97a8be | INFO | Message 30cea41d-b27c-4f31-a644-7c462c92168b marked as read by verifier2
2026-08-23 16:29:28 | team | sess_146cbf97a8be | INFO | team jiuwen_team_sess_146cbf97a8be reported completed: 9 members, 6 tasks
2026-08-23 16:29:28 | team | sess_146cbf97a8be | INFO | [verifier2] received TEAM_STANDBY, pausing polls
2026-08-23 16:29:28 | team | sess_146cbf97a8be | INFO | EventBus[teammate] pausing polls
