2026-08-08 12:23:49 | team | sess_bea98c96201b | INFO | Team workspace directory ensured at /srv/jwteam_clone/shared/run_current
2026-08-08 12:23:49 | team | sess_bea98c96201b | INFO | AgentTeam manager initialized for jiuwen_team_sess_bea98c96201b, member=team_leader
2026-08-08 12:23:49 | team | sess_bea98c96201b | INFO | [team_leader] TeamPolicyRail static sections: section_names=['team_role', 'team_workflow', 'team_swarmflow', 'team_lifecycle', 'team_persona']
2026-08-08 12:23:49 | team | sess_bea98c96201b | INFO | Session tables ready for session sess_bea98c96201b
2026-08-08 12:23:49 | team | sess_bea98c96201b | INFO | Team database initialized
2026-08-08 12:23:49 | team | default_trace_id | INFO | Team workspace directory ensured at /srv/jwteam_clone/shared/run_current
2026-08-08 12:23:49 | team | default_trace_id | INFO | AgentTeam manager initialized for jiuwen_team_sess_bea98c96201b, member=verifier1
2026-08-08 12:23:49 | team | default_trace_id | INFO | [verifier1] TeamPolicyRail static sections: section_names=['team_role', 'team_persona']
2026-08-08 12:23:49 | team | sess_bea98c96201b | INFO | [verifier1] invoke start, role=teammate
2026-08-08 12:23:49 | team | sess_bea98c96201b | INFO | [verifier1] coordination starting
2026-08-08 12:23:49 | team | sess_bea98c96201b | INFO | Session tables ready for session sess_bea98c96201b
2026-08-08 12:23:49 | team | sess_bea98c96201b | INFO | Workspace /srv/jwteam_clone/shared/run_current initialized as plain shared directory (version_control disabled)
2026-08-08 12:23:49 | team | sess_bea98c96201b | INFO | EventBus[teammate] starting
2026-08-08 12:24:32 | team | sess_bea98c96201b | INFO | [verifier1] HITT section refresh: human_agent_names=[]
2026-08-08 12:24:45 | team | sess_bea98c96201b | INFO | [verifier1] processing 1 unread messages (steer=True)
2026-08-08 12:24:45 | team | sess_bea98c96201b | INFO | Message 2c9acaa6-1c9e-4111-a457-cafa77ec56ec marked as read by verifier1
2026-08-08 12:25:57 | team | sess_bea98c96201b | INFO | [verifier1] processing 1 unread messages (steer=True)
2026-08-08 12:25:57 | team | sess_bea98c96201b | INFO | Message 240b805d-0525-4947-9218-febe31405970 marked as read by verifier1
2026-08-08 12:26:01 | team | sess_bea98c96201b | INFO | Message 9f233a78-f248-40a1-8706-1e7908ac14ae created
2026-08-08 12:26:04 | team | sess_bea98c96201b | INFO | [verifier1] processing 1 unread messages (steer=True)
2026-08-08 12:26:04 | team | sess_bea98c96201b | INFO | Message a4960069-e6e2-4ef6-93ff-0f09526d7c8c marked as read by verifier1
2026-08-08 12:26:11 | team | sess_bea98c96201b | INFO | Message 6481b192-2b9c-42dd-82c1-ec9dd051c181 created
2026-08-08 12:26:18 | team | sess_bea98c96201b | INFO | [verifier1] processing 1 unread messages (steer=True)
2026-08-08 12:26:18 | team | sess_bea98c96201b | INFO | Message cc5d3d7f-52c7-44d5-941b-b87bf80f1702 marked as read by verifier1
2026-08-08 12:26:24 | team | sess_bea98c96201b | INFO | Message 92bccb61-21b7-426d-8bf5-c9dd239c2182 created
2026-08-08 12:26:24 | team | sess_bea98c96201b | INFO | Task verify claimed by member verifier1
2026-08-08 12:26:24 | team | sess_bea98c96201b | INFO | Task verify claimed by member verifier1
2026-08-08 12:27:35 | team | sess_bea98c96201b | INFO | Task verify completed at 1786188455569
2026-08-08 12:27:35 | team | sess_bea98c96201b | INFO | Task verify completed
2026-08-08 12:27:42 | team | sess_bea98c96201b | INFO | Message b106df02-459a-4a9a-9436-4f848878ce5e created
2026-08-08 12:27:46 | team | sess_bea98c96201b | INFO | [verifier1] processing 1 unread messages (steer=True)
2026-08-08 12:27:46 | team | sess_bea98c96201b | INFO | Message 2c5e3b7c-366a-4f04-aebf-e73111f1de2e marked as read by verifier1
2026-08-08 12:29:05 | team | sess_bea98c96201b | INFO | team jiuwen_team_sess_bea98c96201b reported completed: 9 members, 5 tasks
2026-08-08 12:29:05 | team | sess_bea98c96201b | INFO | [verifier1] received TEAM_STANDBY, pausing polls
2026-08-08 12:29:05 | team | sess_bea98c96201b | INFO | EventBus[teammate] pausing polls
