2026-08-08 12:23:44 | team | sess_bea98c96201b | INFO | Team workspace directory ensured at /srv/jwteam_clone/shared/run_current
2026-08-08 12:23:44 | team | sess_bea98c96201b | INFO | AgentTeam manager initialized for jiuwen_team_sess_bea98c96201b, member=team_leader
2026-08-08 12:23:44 | team | sess_bea98c96201b | INFO | [team_leader] TeamPolicyRail static sections: section_names=['team_role', 'team_workflow', 'team_swarmflow', 'team_lifecycle', 'team_persona']
2026-08-08 12:23:44 | team | sess_bea98c96201b | INFO | Session tables ready for session sess_bea98c96201b
2026-08-08 12:23:44 | team | sess_bea98c96201b | INFO | Team database initialized
2026-08-08 12:23:45 | team | default_trace_id | INFO | Team workspace directory ensured at /srv/jwteam_clone/shared/run_current
2026-08-08 12:23:45 | team | default_trace_id | INFO | AgentTeam manager initialized for jiuwen_team_sess_bea98c96201b, member=planner1
2026-08-08 12:23:45 | team | default_trace_id | INFO | [planner1] TeamPolicyRail static sections: section_names=['team_role', 'team_persona']
2026-08-08 12:23:45 | team | sess_bea98c96201b | INFO | [planner1] invoke start, role=teammate
2026-08-08 12:23:45 | team | sess_bea98c96201b | INFO | [planner1] coordination starting
2026-08-08 12:23:45 | team | sess_bea98c96201b | INFO | Session tables ready for session sess_bea98c96201b
2026-08-08 12:23:45 | team | sess_bea98c96201b | INFO | Workspace /srv/jwteam_clone/shared/run_current initialized as plain shared directory (version_control disabled)
2026-08-08 12:23:45 | team | sess_bea98c96201b | INFO | EventBus[teammate] starting
2026-08-08 12:24:32 | team | sess_bea98c96201b | INFO | [planner1] HITT section refresh: human_agent_names=[]
2026-08-08 12:24:45 | team | sess_bea98c96201b | INFO | [planner1] processing 1 unread messages (steer=True)
2026-08-08 12:24:45 | team | sess_bea98c96201b | INFO | Message 2c9acaa6-1c9e-4111-a457-cafa77ec56ec marked as read by planner1
2026-08-08 12:24:52 | team | sess_bea98c96201b | INFO | [planner1] processing 1 unread messages (steer=True)
2026-08-08 12:24:52 | team | sess_bea98c96201b | INFO | Message 58263a3a-fa4b-4146-ad48-977254190abb marked as read by planner1
2026-08-08 12:24:57 | team | sess_bea98c96201b | INFO | [planner1] processing 1 unread messages (steer=True)
2026-08-08 12:24:57 | team | sess_bea98c96201b | INFO | Message f38105cf-18fd-4371-9c00-0e505e7dc0ad marked as read by planner1
2026-08-08 12:25:01 | team | sess_bea98c96201b | INFO | Message 4cdb1c5b-a639-40df-9f71-051f59f9fbc0 created
2026-08-08 12:25:01 | team | sess_bea98c96201b | INFO | Message a22588ce-5869-462d-b786-a3e924fd1f6a created
2026-08-08 12:25:15 | team | sess_bea98c96201b | INFO | [planner1] processing 1 unread messages (steer=True)
2026-08-08 12:25:15 | team | sess_bea98c96201b | INFO | Message b7f8ffdc-bf1d-4209-a90d-501d934ba83d marked as read by planner1
2026-08-08 12:25:15 | team | sess_bea98c96201b | INFO | [planner1] processing 1 unread messages (steer=True)
2026-08-08 12:25:15 | team | sess_bea98c96201b | INFO | Message 65acc802-e67e-43d2-bc7d-31a5dca60bbf marked as read by planner1
2026-08-08 12:25:36 | team | sess_bea98c96201b | INFO | Message fc778d01-6c99-4446-ad24-354cb8e939fb created
2026-08-08 12:25:36 | team | sess_bea98c96201b | INFO | Message 1cbd7a5c-c62f-4536-a047-3f2dede0c2f1 created
2026-08-08 12:25:36 | team | sess_bea98c96201b | INFO | Message 58c13555-1e97-456f-933d-25a14ad2da52 created
2026-08-08 12:25:49 | team | sess_bea98c96201b | INFO | Message 8a8dc8ff-e01b-4a32-9d8e-7357c3e96414 created
2026-08-08 12:25:49 | team | sess_bea98c96201b | INFO | Message e29de264-aa21-45b3-8eb9-cb1608bc123a created
2026-08-08 12:26:01 | team | sess_bea98c96201b | INFO | [planner1] processing 1 unread messages (steer=True)
2026-08-08 12:26:01 | team | sess_bea98c96201b | INFO | Message 69fc5906-a116-42af-b9b2-f47438849457 marked as read by planner1
2026-08-08 12:27:35 | team | sess_bea98c96201b | INFO | task list drained for team jiuwen_team_sess_bea98c96201b: 5 terminal task(s)
2026-08-08 12:27:46 | team | sess_bea98c96201b | INFO | [planner1] processing 1 unread messages (steer=True)
2026-08-08 12:27:46 | team | sess_bea98c96201b | INFO | Message 2c5e3b7c-366a-4f04-aebf-e73111f1de2e marked as read by planner1
2026-08-08 12:29:05 | team | sess_bea98c96201b | INFO | team jiuwen_team_sess_bea98c96201b reported completed: 9 members, 5 tasks
2026-08-08 12:29:05 | team | sess_bea98c96201b | INFO | [planner1] received TEAM_STANDBY, pausing polls
2026-08-08 12:29:05 | team | sess_bea98c96201b | INFO | EventBus[teammate] pausing polls
