2026-08-08 12:23:45 | team | sess_bea98c96201b | INFO | Team workspace directory ensured at /srv/jwteam_clone/shared/run_current
2026-08-08 12:23:45 | team | sess_bea98c96201b | INFO | AgentTeam manager initialized for jiuwen_team_sess_bea98c96201b, member=team_leader
2026-08-08 12:23:45 | team | sess_bea98c96201b | INFO | [team_leader] TeamPolicyRail static sections: section_names=['team_role', 'team_workflow', 'team_swarmflow', 'team_lifecycle', 'team_persona']
2026-08-08 12:23:45 | team | sess_bea98c96201b | INFO | Session tables ready for session sess_bea98c96201b
2026-08-08 12:23:45 | team | sess_bea98c96201b | INFO | Team database initialized
2026-08-08 12:23:45 | team | default_trace_id | INFO | Team workspace directory ensured at /srv/jwteam_clone/shared/run_current
2026-08-08 12:23:45 | team | default_trace_id | INFO | AgentTeam manager initialized for jiuwen_team_sess_bea98c96201b, member=planner2
2026-08-08 12:23:45 | team | default_trace_id | INFO | [planner2] TeamPolicyRail static sections: section_names=['team_role', 'team_persona']
2026-08-08 12:23:45 | team | sess_bea98c96201b | INFO | [planner2] invoke start, role=teammate
2026-08-08 12:23:45 | team | sess_bea98c96201b | INFO | [planner2] coordination starting
2026-08-08 12:23:45 | team | sess_bea98c96201b | INFO | Session tables ready for session sess_bea98c96201b
2026-08-08 12:23:45 | team | sess_bea98c96201b | INFO | Workspace /srv/jwteam_clone/shared/run_current initialized as plain shared directory (version_control disabled)
2026-08-08 12:23:45 | team | sess_bea98c96201b | INFO | EventBus[teammate] starting
2026-08-08 12:24:32 | team | sess_bea98c96201b | INFO | [planner2] HITT section refresh: human_agent_names=[]
2026-08-08 12:24:44 | team | sess_bea98c96201b | INFO | Task plan claimed by member planner2
2026-08-08 12:24:44 | team | sess_bea98c96201b | INFO | Task plan claimed by member planner2
2026-08-08 12:24:45 | team | sess_bea98c96201b | INFO | [planner2] processing 1 unread messages (steer=True)
2026-08-08 12:24:45 | team | sess_bea98c96201b | INFO | Message 2c9acaa6-1c9e-4111-a457-cafa77ec56ec marked as read by planner2
2026-08-08 12:25:01 | team | sess_bea98c96201b | INFO | [planner2] processing 1 unread messages (steer=True)
2026-08-08 12:25:01 | team | sess_bea98c96201b | INFO | Message a22588ce-5869-462d-b786-a3e924fd1f6a marked as read by planner2
2026-08-08 12:25:05 | team | sess_bea98c96201b | INFO | Message a395a71d-df67-4637-a47c-ab075eddfde3 created
2026-08-08 12:25:15 | team | sess_bea98c96201b | INFO | [planner2] processing 1 unread messages (steer=True)
2026-08-08 12:25:15 | team | sess_bea98c96201b | INFO | Message 741b7662-8ace-4104-b567-54e9442370d0 marked as read by planner2
2026-08-08 12:25:15 | team | sess_bea98c96201b | INFO | Task plan completed at 1786188315854
2026-08-08 12:25:15 | team | sess_bea98c96201b | INFO | Message 65acc802-e67e-43d2-bc7d-31a5dca60bbf created
2026-08-08 12:25:15 | team | sess_bea98c96201b | INFO | Resolved 3 dependencies for task plan
2026-08-08 12:25:15 | team | sess_bea98c96201b | INFO | Task impl-bug1 unblocked (all deps resolved)
2026-08-08 12:25:15 | team | sess_bea98c96201b | INFO | Task impl-bug2 unblocked (all deps resolved)
2026-08-08 12:25:15 | team | sess_bea98c96201b | INFO | Task impl-bug3 unblocked (all deps resolved)
2026-08-08 12:25:15 | team | sess_bea98c96201b | INFO | Task plan completed
2026-08-08 12:25:15 | team | sess_bea98c96201b | INFO | Unblocked 3 tasks
2026-08-08 12:25:32 | team | sess_bea98c96201b | INFO | Message e291a010-1bae-42d9-82b1-18c3d8f81bef created
2026-08-08 12:25:49 | team | sess_bea98c96201b | INFO | [planner2] processing 1 unread messages (steer=True)
2026-08-08 12:25:49 | team | sess_bea98c96201b | INFO | Message 8a8dc8ff-e01b-4a32-9d8e-7357c3e96414 marked as read by planner2
2026-08-08 12:25:52 | team | sess_bea98c96201b | INFO | [planner2] processing 1 unread messages (steer=True)
2026-08-08 12:25:52 | team | sess_bea98c96201b | INFO | Message 0b58a888-0ce0-4fc7-8b5a-838c97de8bbc marked as read by planner2
2026-08-08 12:26:01 | team | sess_bea98c96201b | INFO | [planner2] processing 1 unread messages (steer=True)
2026-08-08 12:26:01 | team | sess_bea98c96201b | INFO | Message 377b7475-adb9-48b5-9378-8e24e0217d68 marked as read by planner2
2026-08-08 12:27:35 | team | sess_bea98c96201b | INFO | task list drained for team jiuwen_team_sess_bea98c96201b: 5 terminal task(s)
2026-08-08 12:27:46 | team | sess_bea98c96201b | INFO | [planner2] processing 1 unread messages (steer=True)
2026-08-08 12:27:46 | team | sess_bea98c96201b | INFO | Message 2c5e3b7c-366a-4f04-aebf-e73111f1de2e marked as read by planner2
2026-08-08 12:29:05 | team | sess_bea98c96201b | INFO | team jiuwen_team_sess_bea98c96201b reported completed: 9 members, 5 tasks
2026-08-08 12:29:05 | team | sess_bea98c96201b | INFO | [planner2] received TEAM_STANDBY, pausing polls
2026-08-08 12:29:05 | team | sess_bea98c96201b | INFO | EventBus[teammate] pausing polls
