2026-08-08 12:23:46 | team | sess_bea98c96201b | INFO | Team workspace directory ensured at /srv/jwteam_clone/shared/run_current
2026-08-08 12:23:46 | team | sess_bea98c96201b | INFO | AgentTeam manager initialized for jiuwen_team_sess_bea98c96201b, member=team_leader
2026-08-08 12:23:46 | team | sess_bea98c96201b | INFO | [team_leader] TeamPolicyRail static sections: section_names=['team_role', 'team_workflow', 'team_swarmflow', 'team_lifecycle', 'team_persona']
2026-08-08 12:23:46 | team | sess_bea98c96201b | INFO | Session tables ready for session sess_bea98c96201b
2026-08-08 12:23:46 | team | sess_bea98c96201b | INFO | Team database initialized
2026-08-08 12:23:46 | team | default_trace_id | INFO | Team workspace directory ensured at /srv/jwteam_clone/shared/run_current
2026-08-08 12:23:46 | team | default_trace_id | INFO | AgentTeam manager initialized for jiuwen_team_sess_bea98c96201b, member=executor1
2026-08-08 12:23:46 | team | default_trace_id | INFO | [executor1] TeamPolicyRail static sections: section_names=['team_role', 'team_persona']
2026-08-08 12:23:46 | team | sess_bea98c96201b | INFO | [executor1] invoke start, role=teammate
2026-08-08 12:23:46 | team | sess_bea98c96201b | INFO | [executor1] coordination starting
2026-08-08 12:23:46 | team | sess_bea98c96201b | INFO | Session tables ready for session sess_bea98c96201b
2026-08-08 12:23:46 | team | sess_bea98c96201b | INFO | Workspace /srv/jwteam_clone/shared/run_current initialized as plain shared directory (version_control disabled)
2026-08-08 12:23:46 | team | sess_bea98c96201b | INFO | EventBus[teammate] starting
2026-08-08 12:24:32 | team | sess_bea98c96201b | INFO | [executor1] HITT section refresh: human_agent_names=[]
2026-08-08 12:24:45 | team | sess_bea98c96201b | INFO | [executor1] processing 1 unread messages (steer=True)
2026-08-08 12:24:45 | team | sess_bea98c96201b | INFO | Message 2c9acaa6-1c9e-4111-a457-cafa77ec56ec marked as read by executor1
2026-08-08 12:24:52 | team | sess_bea98c96201b | INFO | Message 58263a3a-fa4b-4146-ad48-977254190abb created
2026-08-08 12:25:23 | team | sess_bea98c96201b | INFO | Task impl-bug1 claimed by member executor1
2026-08-08 12:25:23 | team | sess_bea98c96201b | INFO | Task impl-bug1 claimed by member executor1
2026-08-08 12:25:36 | team | sess_bea98c96201b | INFO | [executor1] processing 1 unread messages (steer=True)
2026-08-08 12:25:36 | team | sess_bea98c96201b | INFO | Message 1cbd7a5c-c62f-4536-a047-3f2dede0c2f1 marked as read by executor1
2026-08-08 12:26:04 | team | sess_bea98c96201b | INFO | Task impl-bug1 completed at 1786188364565
2026-08-08 12:26:04 | team | sess_bea98c96201b | INFO | Message a4960069-e6e2-4ef6-93ff-0f09526d7c8c created
2026-08-08 12:26:04 | team | sess_bea98c96201b | INFO | Resolved 1 dependencies for task impl-bug1
2026-08-08 12:26:04 | team | sess_bea98c96201b | INFO | Task impl-bug1 completed
2026-08-08 12:26:11 | team | sess_bea98c96201b | INFO | [executor1] processing 1 unread messages (steer=True)
2026-08-08 12:26:11 | team | sess_bea98c96201b | INFO | Message 6481b192-2b9c-42dd-82c1-ec9dd051c181 marked as read by executor1
2026-08-08 12:27:35 | team | sess_bea98c96201b | INFO | task list drained for team jiuwen_team_sess_bea98c96201b: 5 terminal task(s)
2026-08-08 12:27:46 | team | sess_bea98c96201b | INFO | [executor1] processing 1 unread messages (steer=True)
2026-08-08 12:27:46 | team | sess_bea98c96201b | INFO | Message 2c5e3b7c-366a-4f04-aebf-e73111f1de2e marked as read by executor1
2026-08-08 12:29:05 | team | sess_bea98c96201b | INFO | team jiuwen_team_sess_bea98c96201b reported completed: 9 members, 5 tasks
2026-08-08 12:29:05 | team | sess_bea98c96201b | INFO | [executor1] received TEAM_STANDBY, pausing polls
2026-08-08 12:29:05 | team | sess_bea98c96201b | INFO | EventBus[teammate] pausing polls
