2026-08-08 12:23:48 | team | sess_bea98c96201b | INFO | Team workspace directory ensured at /srv/jwteam_clone/shared/run_current
2026-08-08 12:23:48 | team | sess_bea98c96201b | INFO | AgentTeam manager initialized for jiuwen_team_sess_bea98c96201b, member=team_leader
2026-08-08 12:23:48 | team | sess_bea98c96201b | INFO | [team_leader] TeamPolicyRail static sections: section_names=['team_role', 'team_workflow', 'team_swarmflow', 'team_lifecycle', 'team_persona']
2026-08-08 12:23:48 | team | sess_bea98c96201b | INFO | Session tables ready for session sess_bea98c96201b
2026-08-08 12:23:48 | team | sess_bea98c96201b | INFO | Team database initialized
2026-08-08 12:23:48 | team | default_trace_id | INFO | Team workspace directory ensured at /srv/jwteam_clone/shared/run_current
2026-08-08 12:23:48 | team | default_trace_id | INFO | AgentTeam manager initialized for jiuwen_team_sess_bea98c96201b, member=executor3
2026-08-08 12:23:48 | team | default_trace_id | INFO | [executor3] TeamPolicyRail static sections: section_names=['team_role', 'team_persona']
2026-08-08 12:23:48 | team | sess_bea98c96201b | INFO | [executor3] invoke start, role=teammate
2026-08-08 12:23:48 | team | sess_bea98c96201b | INFO | [executor3] coordination starting
2026-08-08 12:23:48 | team | sess_bea98c96201b | INFO | Session tables ready for session sess_bea98c96201b
2026-08-08 12:23:48 | team | sess_bea98c96201b | INFO | Workspace /srv/jwteam_clone/shared/run_current initialized as plain shared directory (version_control disabled)
2026-08-08 12:23:48 | team | sess_bea98c96201b | INFO | EventBus[teammate] starting
2026-08-08 12:24:32 | team | sess_bea98c96201b | INFO | [executor3] HITT section refresh: human_agent_names=[]
2026-08-08 12:24:45 | team | sess_bea98c96201b | INFO | [executor3] processing 1 unread messages (steer=True)
2026-08-08 12:24:45 | team | sess_bea98c96201b | INFO | Message 2c9acaa6-1c9e-4111-a457-cafa77ec56ec marked as read by executor3
2026-08-08 12:24:57 | team | sess_bea98c96201b | INFO | Message f38105cf-18fd-4371-9c00-0e505e7dc0ad created
2026-08-08 12:25:22 | team | sess_bea98c96201b | INFO | Task impl-bug3 claimed by member executor3
2026-08-08 12:25:22 | team | sess_bea98c96201b | INFO | Task impl-bug3 claimed by member executor3
2026-08-08 12:25:36 | team | sess_bea98c96201b | INFO | [executor3] processing 1 unread messages (steer=True)
2026-08-08 12:25:36 | team | sess_bea98c96201b | INFO | Message 58c13555-1e97-456f-933d-25a14ad2da52 marked as read by executor3
2026-08-08 12:26:18 | team | sess_bea98c96201b | INFO | Task impl-bug3 completed at 1786188378418
2026-08-08 12:26:18 | team | sess_bea98c96201b | INFO | Message cc5d3d7f-52c7-44d5-941b-b87bf80f1702 created
2026-08-08 12:26:18 | team | sess_bea98c96201b | INFO | Resolved 1 dependencies for task impl-bug3
2026-08-08 12:26:18 | team | sess_bea98c96201b | INFO | Task verify unblocked (all deps resolved)
2026-08-08 12:26:18 | team | sess_bea98c96201b | INFO | Task impl-bug3 completed
2026-08-08 12:26:18 | team | sess_bea98c96201b | INFO | Unblocked 1 tasks
2026-08-08 12:26:24 | team | sess_bea98c96201b | INFO | [executor3] processing 1 unread messages (steer=True)
2026-08-08 12:26:24 | team | sess_bea98c96201b | INFO | Message 92bccb61-21b7-426d-8bf5-c9dd239c2182 marked as read by executor3
2026-08-08 12:27:35 | team | sess_bea98c96201b | INFO | task list drained for team jiuwen_team_sess_bea98c96201b: 5 terminal task(s)
2026-08-08 12:27:46 | team | sess_bea98c96201b | INFO | [executor3] processing 1 unread messages (steer=True)
2026-08-08 12:27:46 | team | sess_bea98c96201b | INFO | Message 2c5e3b7c-366a-4f04-aebf-e73111f1de2e marked as read by executor3
2026-08-08 12:29:05 | team | sess_bea98c96201b | INFO | team jiuwen_team_sess_bea98c96201b reported completed: 9 members, 5 tasks
2026-08-08 12:29:05 | team | sess_bea98c96201b | INFO | [executor3] received TEAM_STANDBY, pausing polls
2026-08-08 12:29:05 | team | sess_bea98c96201b | INFO | EventBus[teammate] pausing polls
