2026-08-09 08:14:20 | team | sess_ac25788146ae | INFO | Team workspace directory ensured at /srv/jwteam_clone/shared/run_current
2026-08-09 08:14:20 | team | sess_ac25788146ae | INFO | AgentTeam manager initialized for jiuwen_team_sess_ac25788146ae, member=team_leader
2026-08-09 08:14:20 | team | sess_ac25788146ae | INFO | [team_leader] TeamPolicyRail static sections: section_names=['team_role', 'team_workflow', 'team_swarmflow', 'team_lifecycle', 'team_persona']
2026-08-09 08:14:21 | team | sess_ac25788146ae | INFO | Session tables ready for session sess_ac25788146ae
2026-08-09 08:14:21 | team | sess_ac25788146ae | INFO | Team database initialized
2026-08-09 08:14:21 | team | default_trace_id | INFO | Team workspace directory ensured at /srv/jwteam_clone/shared/run_current
2026-08-09 08:14:21 | team | default_trace_id | INFO | AgentTeam manager initialized for jiuwen_team_sess_ac25788146ae, member=executor2
2026-08-09 08:14:21 | team | default_trace_id | INFO | [executor2] TeamPolicyRail static sections: section_names=['team_role', 'team_persona']
2026-08-09 08:14:21 | team | sess_ac25788146ae | INFO | [executor2] invoke start, role=teammate
2026-08-09 08:14:21 | team | sess_ac25788146ae | INFO | [executor2] coordination starting
2026-08-09 08:14:21 | team | sess_ac25788146ae | INFO | Session tables ready for session sess_ac25788146ae
2026-08-09 08:14:21 | team | sess_ac25788146ae | INFO | Workspace /srv/jwteam_clone/shared/run_current initialized as plain shared directory (version_control disabled)
2026-08-09 08:14:21 | team | sess_ac25788146ae | INFO | EventBus[teammate] starting
2026-08-09 08:15:04 | team | sess_ac25788146ae | INFO | [executor2] HITT section refresh: human_agent_names=[]
2026-08-09 08:15:37 | team | sess_ac25788146ae | INFO | [executor2] processing 1 unread messages (steer=True)
2026-08-09 08:15:37 | team | sess_ac25788146ae | INFO | Message a8deffb3-7a81-4b33-b959-976ea7a99297 marked as read by executor2
2026-08-09 08:17:27 | team | sess_ac25788146ae | INFO | Task implement-zone-a claimed by member executor2
2026-08-09 08:17:27 | team | sess_ac25788146ae | INFO | Task implement-zone-a claimed by member executor2
2026-08-09 08:17:44 | team | sess_ac25788146ae | INFO | [executor2] processing 1 unread messages (steer=True)
2026-08-09 08:17:44 | team | sess_ac25788146ae | INFO | Message ce93558c-5c4a-4bdc-a7ac-ca41813c1248 marked as read by executor2
2026-08-09 08:17:46 | team | sess_ac25788146ae | INFO | [executor2] processing 1 unread messages (steer=True)
2026-08-09 08:17:46 | team | sess_ac25788146ae | INFO | Message 7890725c-4f88-4712-b574-22954da93e16 marked as read by executor2
2026-08-09 08:17:50 | team | sess_ac25788146ae | INFO | [executor2] processing 1 unread messages (steer=True)
2026-08-09 08:17:50 | team | sess_ac25788146ae | INFO | Message c9dacde0-3683-4abd-b739-ea816a983efe marked as read by executor2
2026-08-09 08:17:55 | team | sess_ac25788146ae | INFO | Message 3590b56a-d380-465a-9c69-bb4afbea5a4b created
2026-08-09 08:18:17 | team | sess_ac25788146ae | INFO | [executor2] processing 1 unread messages (steer=True)
2026-08-09 08:18:17 | team | sess_ac25788146ae | INFO | Message a507302a-83d5-4d03-8f5d-664df80b9b06 marked as read by executor2
2026-08-09 08:18:29 | team | sess_ac25788146ae | INFO | [executor2] processing 1 unread messages (steer=True)
2026-08-09 08:18:29 | team | sess_ac25788146ae | INFO | Message ea1986fa-9c2c-4935-b051-8c6d041c09e8 marked as read by executor2
2026-08-09 08:18:53 | team | sess_ac25788146ae | INFO | Message f182899d-de60-4216-9054-221cc11b40b7 created
2026-08-09 08:19:04 | team | sess_ac25788146ae | INFO | [executor2] processing 1 unread messages (steer=True)
2026-08-09 08:19:04 | team | sess_ac25788146ae | INFO | Message a09b110c-8dfc-410c-9185-46606016fe47 marked as read by executor2
2026-08-09 08:19:08 | team | sess_ac25788146ae | INFO | Message 23e11348-6007-4b48-8da3-3f4c1e2a21d9 created
2026-08-09 08:19:32 | team | sess_ac25788146ae | INFO | Message 3f05773b-9ad5-446f-860b-52a78bdd7400 created
2026-08-09 08:19:38 | team | sess_ac25788146ae | INFO | Task implement-zone-a completed at 1786259978887
2026-08-09 08:19:38 | team | sess_ac25788146ae | INFO | Resolved 1 dependencies for task implement-zone-a
2026-08-09 08:19:38 | team | sess_ac25788146ae | INFO | Task implement-zone-a completed
2026-08-09 08:19:45 | team | sess_ac25788146ae | INFO | Message a785d10b-36ea-402e-a508-2fad373c5364 created
2026-08-09 08:19:48 | team | sess_ac25788146ae | INFO | [executor2] processing 1 unread messages (steer=True)
2026-08-09 08:19:48 | team | sess_ac25788146ae | INFO | Message 7dc06f37-5a62-4d00-a947-21a0f8f97909 marked as read by executor2
2026-08-09 08:21:45 | team | sess_ac25788146ae | INFO | task list drained for team jiuwen_team_sess_ac25788146ae: 4 terminal task(s)
2026-08-09 08:22:08 | team | sess_ac25788146ae | INFO | [executor2] processing 1 unread messages (steer=True)
2026-08-09 08:22:08 | team | sess_ac25788146ae | INFO | Message 43c5c3ac-03ce-4a76-9a3e-11a4dabfd2ca marked as read by executor2
2026-08-09 08:22:17 | team | sess_ac25788146ae | INFO | team jiuwen_team_sess_ac25788146ae reported completed: 9 members, 4 tasks
2026-08-09 08:22:18 | team | sess_ac25788146ae | INFO | [executor2] received TEAM_STANDBY, pausing polls
2026-08-09 08:22:18 | team | sess_ac25788146ae | INFO | EventBus[teammate] pausing polls
