2026-08-09 08:14:18 | team | sess_ac25788146ae | INFO | Team workspace directory ensured at /srv/jwteam_clone/shared/run_current
2026-08-09 08:14:18 | team | sess_ac25788146ae | INFO | AgentTeam manager initialized for jiuwen_team_sess_ac25788146ae, member=team_leader
2026-08-09 08:14:18 | team | sess_ac25788146ae | INFO | [team_leader] TeamPolicyRail static sections: section_names=['team_role', 'team_workflow', 'team_swarmflow', 'team_lifecycle', 'team_persona']
2026-08-09 08:14:18 | team | sess_ac25788146ae | INFO | Session tables ready for session sess_ac25788146ae
2026-08-09 08:14:18 | team | sess_ac25788146ae | INFO | Team database initialized
2026-08-09 08:14:18 | team | default_trace_id | INFO | Team workspace directory ensured at /srv/jwteam_clone/shared/run_current
2026-08-09 08:14:18 | team | default_trace_id | INFO | AgentTeam manager initialized for jiuwen_team_sess_ac25788146ae, member=planner2
2026-08-09 08:14:18 | team | default_trace_id | INFO | [planner2] TeamPolicyRail static sections: section_names=['team_role', 'team_persona']
2026-08-09 08:14:18 | team | sess_ac25788146ae | INFO | [planner2] invoke start, role=teammate
2026-08-09 08:14:18 | team | sess_ac25788146ae | INFO | [planner2] coordination starting
2026-08-09 08:14:18 | team | sess_ac25788146ae | INFO | Session tables ready for session sess_ac25788146ae
2026-08-09 08:14:18 | team | sess_ac25788146ae | INFO | Workspace /srv/jwteam_clone/shared/run_current initialized as plain shared directory (version_control disabled)
2026-08-09 08:14:18 | team | sess_ac25788146ae | INFO | EventBus[teammate] starting
2026-08-09 08:15:05 | team | sess_ac25788146ae | INFO | [planner2] HITT section refresh: human_agent_names=[]
2026-08-09 08:15:25 | team | sess_ac25788146ae | INFO | Message aad7a853-33f5-4610-9697-12f0d30f2153 created
2026-08-09 08:15:37 | team | sess_ac25788146ae | INFO | [planner2] processing 1 unread messages (steer=True)
2026-08-09 08:15:37 | team | sess_ac25788146ae | INFO | Message a8deffb3-7a81-4b33-b959-976ea7a99297 marked as read by planner2
2026-08-09 08:15:37 | team | sess_ac25788146ae | INFO | [planner2] processing 1 unread messages (steer=True)
2026-08-09 08:15:37 | team | sess_ac25788146ae | INFO | Message 2ee5dc73-6b0e-4ad3-8c3e-46396e773f67 marked as read by planner2
2026-08-09 08:15:46 | team | sess_ac25788146ae | INFO | Message 6367bdae-062b-4982-b482-fe3b692f8641 created
2026-08-09 08:21:45 | team | sess_ac25788146ae | INFO | task list drained for team jiuwen_team_sess_ac25788146ae: 4 terminal task(s)
2026-08-09 08:22:08 | team | sess_ac25788146ae | INFO | [planner2] processing 1 unread messages (steer=True)
2026-08-09 08:22:08 | team | sess_ac25788146ae | INFO | Message 43c5c3ac-03ce-4a76-9a3e-11a4dabfd2ca marked as read by planner2
2026-08-09 08:22:17 | team | sess_ac25788146ae | INFO | team jiuwen_team_sess_ac25788146ae reported completed: 9 members, 4 tasks
2026-08-09 08:22:18 | team | sess_ac25788146ae | INFO | [planner2] received TEAM_STANDBY, pausing polls
2026-08-09 08:22:18 | team | sess_ac25788146ae | INFO | EventBus[teammate] pausing polls
