2026-08-09 08:14:23 | team | sess_ac25788146ae | INFO | Team workspace directory ensured at /srv/jwteam_clone/shared/run_current
2026-08-09 08:14:23 | team | sess_ac25788146ae | INFO | AgentTeam manager initialized for jiuwen_team_sess_ac25788146ae, member=team_leader
2026-08-09 08:14:23 | team | sess_ac25788146ae | INFO | [team_leader] TeamPolicyRail static sections: section_names=['team_role', 'team_workflow', 'team_swarmflow', 'team_lifecycle', 'team_persona']
2026-08-09 08:14:23 | team | sess_ac25788146ae | INFO | Session tables ready for session sess_ac25788146ae
2026-08-09 08:14:23 | team | sess_ac25788146ae | INFO | Team database initialized
2026-08-09 08:14:23 | team | default_trace_id | INFO | Team workspace directory ensured at /srv/jwteam_clone/shared/run_current
2026-08-09 08:14:23 | team | default_trace_id | INFO | AgentTeam manager initialized for jiuwen_team_sess_ac25788146ae, member=verifier1
2026-08-09 08:14:23 | team | default_trace_id | INFO | [verifier1] TeamPolicyRail static sections: section_names=['team_role', 'team_persona']
2026-08-09 08:14:23 | team | sess_ac25788146ae | INFO | [verifier1] invoke start, role=teammate
2026-08-09 08:14:23 | team | sess_ac25788146ae | INFO | [verifier1] coordination starting
2026-08-09 08:14:23 | team | sess_ac25788146ae | INFO | Session tables ready for session sess_ac25788146ae
2026-08-09 08:14:23 | team | sess_ac25788146ae | INFO | Workspace /srv/jwteam_clone/shared/run_current initialized as plain shared directory (version_control disabled)
2026-08-09 08:14:23 | team | sess_ac25788146ae | INFO | EventBus[teammate] starting
2026-08-09 08:15:05 | team | sess_ac25788146ae | INFO | [verifier1] HITT section refresh: human_agent_names=[]
2026-08-09 08:15:37 | team | sess_ac25788146ae | INFO | [verifier1] processing 1 unread messages (steer=True)
2026-08-09 08:15:37 | team | sess_ac25788146ae | INFO | Message a8deffb3-7a81-4b33-b959-976ea7a99297 marked as read by verifier1
2026-08-09 08:19:27 | team | sess_ac25788146ae | INFO | [verifier1] processing 1 unread messages (steer=True)
2026-08-09 08:19:27 | team | sess_ac25788146ae | INFO | Message 7be55f52-b6d8-4bf8-81eb-758d7fae885c marked as read by verifier1
2026-08-09 08:19:43 | team | sess_ac25788146ae | INFO | Message 5090f969-c7ec-4473-9d22-657c0508b2a4 created
2026-08-09 08:20:05 | team | sess_ac25788146ae | INFO | [verifier1] processing 1 unread messages (steer=True)
2026-08-09 08:20:06 | team | sess_ac25788146ae | INFO | Message 8e4e8d5d-ce36-4acb-9434-37fec4287f39 marked as read by verifier1
2026-08-09 08:20:52 | team | sess_ac25788146ae | INFO | Message 376ddb8a-9d8e-4b64-b3ff-9959e8f42ef2 created
2026-08-09 08:20:56 | team | sess_ac25788146ae | INFO | [verifier1] processing 1 unread messages (steer=True)
2026-08-09 08:20:56 | team | sess_ac25788146ae | INFO | Message ae760e36-3d13-4fe9-82f9-df8325ccc7ee marked as read by verifier1
2026-08-09 08:20:59 | team | sess_ac25788146ae | INFO | Message 1d82410f-55d3-47e2-b118-918be093a498 created
2026-08-09 08:21:45 | team | sess_ac25788146ae | INFO | task list drained for team jiuwen_team_sess_ac25788146ae: 4 terminal task(s)
2026-08-09 08:22:08 | team | sess_ac25788146ae | INFO | [verifier1] processing 1 unread messages (steer=True)
2026-08-09 08:22:08 | team | sess_ac25788146ae | INFO | Message 43c5c3ac-03ce-4a76-9a3e-11a4dabfd2ca marked as read by verifier1
2026-08-09 08:22:17 | team | sess_ac25788146ae | INFO | team jiuwen_team_sess_ac25788146ae reported completed: 9 members, 4 tasks
2026-08-09 08:22:18 | team | sess_ac25788146ae | INFO | [verifier1] received TEAM_STANDBY, pausing polls
2026-08-09 08:22:18 | team | sess_ac25788146ae | INFO | EventBus[teammate] pausing polls
