2026-08-09 08:14:24 | team | sess_ac25788146ae | INFO | Team workspace directory ensured at /srv/jwteam_clone/shared/run_current
2026-08-09 08:14:24 | team | sess_ac25788146ae | INFO | AgentTeam manager initialized for jiuwen_team_sess_ac25788146ae, member=team_leader
2026-08-09 08:14:24 | team | sess_ac25788146ae | INFO | [team_leader] TeamPolicyRail static sections: section_names=['team_role', 'team_workflow', 'team_swarmflow', 'team_lifecycle', 'team_persona']
2026-08-09 08:14:24 | team | sess_ac25788146ae | INFO | Session tables ready for session sess_ac25788146ae
2026-08-09 08:14:24 | team | sess_ac25788146ae | INFO | Team database initialized
2026-08-09 08:14:24 | team | default_trace_id | INFO | Team workspace directory ensured at /srv/jwteam_clone/shared/run_current
2026-08-09 08:14:24 | team | default_trace_id | INFO | AgentTeam manager initialized for jiuwen_team_sess_ac25788146ae, member=verifier2
2026-08-09 08:14:24 | team | default_trace_id | INFO | [verifier2] TeamPolicyRail static sections: section_names=['team_role', 'team_persona']
2026-08-09 08:14:24 | team | sess_ac25788146ae | INFO | [verifier2] invoke start, role=teammate
2026-08-09 08:14:24 | team | sess_ac25788146ae | INFO | [verifier2] coordination starting
2026-08-09 08:14:24 | team | sess_ac25788146ae | INFO | Session tables ready for session sess_ac25788146ae
2026-08-09 08:14:24 | team | sess_ac25788146ae | INFO | Workspace /srv/jwteam_clone/shared/run_current initialized as plain shared directory (version_control disabled)
2026-08-09 08:14:24 | team | sess_ac25788146ae | INFO | EventBus[teammate] starting
2026-08-09 08:15:04 | team | sess_ac25788146ae | INFO | [verifier2] HITT section refresh: human_agent_names=[]
2026-08-09 08:15:37 | team | sess_ac25788146ae | INFO | [verifier2] processing 1 unread messages (steer=True)
2026-08-09 08:15:37 | team | sess_ac25788146ae | INFO | Message a8deffb3-7a81-4b33-b959-976ea7a99297 marked as read by verifier2
2026-08-09 08:15:47 | team | sess_ac25788146ae | INFO | Message de4af3fb-d493-4604-9d8f-2fd9257cda93 created
2026-08-09 08:16:24 | team | sess_ac25788146ae | INFO | [verifier2] processing 1 unread messages (steer=True)
2026-08-09 08:16:24 | team | sess_ac25788146ae | INFO | Message d1f3ec95-5fd4-4fa6-af28-e17a2d4392d0 marked as read by verifier2
2026-08-09 08:16:29 | team | sess_ac25788146ae | INFO | Message f7b7a119-9174-4a29-8806-5d04b69290d6 created
2026-08-09 08:20:25 | team | sess_ac25788146ae | INFO | Task verify claimed by member verifier2
2026-08-09 08:20:25 | team | sess_ac25788146ae | INFO | Task verify claimed by member verifier2
2026-08-09 08:20:59 | team | sess_ac25788146ae | INFO | [verifier2] processing 1 unread messages (steer=True)
2026-08-09 08:20:59 | team | sess_ac25788146ae | INFO | Message 1d82410f-55d3-47e2-b118-918be093a498 marked as read by verifier2
2026-08-09 08:21:45 | team | sess_ac25788146ae | INFO | Task verify completed at 1786260105743
2026-08-09 08:21:45 | team | sess_ac25788146ae | INFO | Message 0ffa2368-3b77-4b23-a2bb-0931ede591ed created
2026-08-09 08:21:45 | team | sess_ac25788146ae | INFO | Task verify completed
2026-08-09 08:22:08 | team | sess_ac25788146ae | INFO | [verifier2] processing 1 unread messages (steer=True)
2026-08-09 08:22:08 | team | sess_ac25788146ae | INFO | Message 43c5c3ac-03ce-4a76-9a3e-11a4dabfd2ca marked as read by verifier2
2026-08-09 08:22:17 | team | sess_ac25788146ae | INFO | team jiuwen_team_sess_ac25788146ae reported completed: 9 members, 4 tasks
2026-08-09 08:22:18 | team | sess_ac25788146ae | INFO | [verifier2] received TEAM_STANDBY, pausing polls
2026-08-09 08:22:18 | team | sess_ac25788146ae | INFO | EventBus[teammate] pausing polls
