2026-08-09 08:14:22 | team | sess_ac25788146ae | INFO | Team workspace directory ensured at /srv/jwteam_clone/shared/run_current
2026-08-09 08:14:22 | team | sess_ac25788146ae | INFO | AgentTeam manager initialized for jiuwen_team_sess_ac25788146ae, member=team_leader
2026-08-09 08:14:22 | team | sess_ac25788146ae | INFO | [team_leader] TeamPolicyRail static sections: section_names=['team_role', 'team_workflow', 'team_swarmflow', 'team_lifecycle', 'team_persona']
2026-08-09 08:14:22 | team | sess_ac25788146ae | INFO | Session tables ready for session sess_ac25788146ae
2026-08-09 08:14:22 | team | sess_ac25788146ae | INFO | Team database initialized
2026-08-09 08:14:22 | team | default_trace_id | INFO | Team workspace directory ensured at /srv/jwteam_clone/shared/run_current
2026-08-09 08:14:22 | team | default_trace_id | INFO | AgentTeam manager initialized for jiuwen_team_sess_ac25788146ae, member=executor3
2026-08-09 08:14:22 | team | default_trace_id | INFO | [executor3] TeamPolicyRail static sections: section_names=['team_role', 'team_persona']
2026-08-09 08:14:22 | team | sess_ac25788146ae | INFO | [executor3] invoke start, role=teammate
2026-08-09 08:14:22 | team | sess_ac25788146ae | INFO | [executor3] coordination starting
2026-08-09 08:14:22 | team | sess_ac25788146ae | INFO | Session tables ready for session sess_ac25788146ae
2026-08-09 08:14:22 | team | sess_ac25788146ae | INFO | Workspace /srv/jwteam_clone/shared/run_current initialized as plain shared directory (version_control disabled)
2026-08-09 08:14:22 | team | sess_ac25788146ae | INFO | EventBus[teammate] starting
2026-08-09 08:15:05 | team | sess_ac25788146ae | INFO | [executor3] HITT section refresh: human_agent_names=[]
2026-08-09 08:15:37 | team | sess_ac25788146ae | INFO | [executor3] processing 1 unread messages (steer=True)
2026-08-09 08:15:37 | team | sess_ac25788146ae | INFO | Message a8deffb3-7a81-4b33-b959-976ea7a99297 marked as read by executor3
2026-08-09 08:15:44 | team | sess_ac25788146ae | INFO | Message d78885d9-6036-4b85-b5e4-bd00b1d834aa created
2026-08-09 08:17:06 | team | sess_ac25788146ae | INFO | [executor3] processing 1 unread messages (steer=True)
2026-08-09 08:17:06 | team | sess_ac25788146ae | INFO | Message 4f877166-4845-43ef-84e5-ec58ea72fb5e marked as read by executor3
2026-08-09 08:17:12 | team | sess_ac25788146ae | INFO | Message 8897cccc-bda8-4d6e-874e-fbcebe6f227e created
2026-08-09 08:17:27 | team | sess_ac25788146ae | INFO | Message 6080b3b2-4eda-4a75-befb-a4dcb4267211 created
2026-08-09 08:17:39 | team | sess_ac25788146ae | INFO | Message 020f231e-f948-4fff-a81f-27c96cc8e7ad created
2026-08-09 08:17:39 | team | sess_ac25788146ae | INFO | Message 966fc134-7dd5-485e-a7b0-02fdab5042c7 created
2026-08-09 08:17:46 | team | sess_ac25788146ae | INFO | [executor3] processing 1 unread messages (steer=True)
2026-08-09 08:17:46 | team | sess_ac25788146ae | INFO | Message 88e4bfb0-d885-4b79-a879-dbfd3e7551d8 marked as read by executor3
2026-08-09 08:17:50 | team | sess_ac25788146ae | INFO | Message c9dacde0-3683-4abd-b739-ea816a983efe created
2026-08-09 08:17:53 | team | sess_ac25788146ae | INFO | [executor3] processing 1 unread messages (steer=True)
2026-08-09 08:17:53 | team | sess_ac25788146ae | INFO | Message ee079663-290f-4725-aa84-4e3330b768d3 marked as read by executor3
2026-08-09 08:17:58 | team | sess_ac25788146ae | INFO | [executor3] processing 1 unread messages (steer=True)
2026-08-09 08:17:58 | team | sess_ac25788146ae | INFO | Message 1c79879d-1136-4ad7-ac82-1c154174f126 marked as read by executor3
2026-08-09 08:18:14 | team | sess_ac25788146ae | INFO | Message 19ea837c-b848-4426-9999-816968ca7db2 created
2026-08-09 08:18:15 | team | sess_ac25788146ae | INFO | [executor3] processing 1 unread messages (steer=True)
2026-08-09 08:18:15 | team | sess_ac25788146ae | INFO | Message a81163f0-8061-4377-9a75-a0d104e04075 marked as read by executor3
2026-08-09 08:18:22 | team | sess_ac25788146ae | INFO | Message f62c284d-eaec-4dee-8a75-71f640de08f7 created
2026-08-09 08:18:22 | team | sess_ac25788146ae | INFO | Message 8b444509-2d7f-4dfd-874d-eb4bfe134061 created
2026-08-09 08:18:39 | team | sess_ac25788146ae | INFO | Message 1e560c5c-9f07-4dd4-9aed-58748136a993 created
2026-08-09 08:18:44 | team | sess_ac25788146ae | INFO | Message 98a101e9-60d6-482f-b0bd-a23596ab580b created
2026-08-09 08:18:53 | team | sess_ac25788146ae | INFO | [executor3] processing 1 unread messages (steer=True)
2026-08-09 08:18:53 | team | sess_ac25788146ae | INFO | Message f182899d-de60-4216-9054-221cc11b40b7 marked as read by executor3
2026-08-09 08:19:04 | team | sess_ac25788146ae | INFO | Message a09b110c-8dfc-410c-9185-46606016fe47 created
2026-08-09 08:19:04 | team | sess_ac25788146ae | INFO | Message 92661c35-ea13-46e2-97c5-0eb96a7abc57 created
2026-08-09 08:19:34 | team | sess_ac25788146ae | INFO | [executor3] processing 1 unread messages (steer=True)
2026-08-09 08:19:34 | team | sess_ac25788146ae | INFO | Message 070a9760-8755-42b9-9060-7309e3a719b7 marked as read by executor3
2026-08-09 08:21:45 | team | sess_ac25788146ae | INFO | task list drained for team jiuwen_team_sess_ac25788146ae: 4 terminal task(s)
2026-08-09 08:22:08 | team | sess_ac25788146ae | INFO | [executor3] processing 1 unread messages (steer=True)
2026-08-09 08:22:08 | team | sess_ac25788146ae | INFO | Message 43c5c3ac-03ce-4a76-9a3e-11a4dabfd2ca marked as read by executor3
2026-08-09 08:22:17 | team | sess_ac25788146ae | INFO | team jiuwen_team_sess_ac25788146ae reported completed: 9 members, 4 tasks
2026-08-09 08:22:18 | team | sess_ac25788146ae | INFO | [executor3] received TEAM_STANDBY, pausing polls
2026-08-09 08:22:18 | team | sess_ac25788146ae | INFO | EventBus[teammate] pausing polls
