2026-08-09 08:14:20 | team | sess_ac25788146ae | INFO | Team workspace directory ensured at /srv/jwteam_clone/shared/run_current
2026-08-09 08:14:20 | team | sess_ac25788146ae | INFO | AgentTeam manager initialized for jiuwen_team_sess_ac25788146ae, member=team_leader
2026-08-09 08:14:20 | team | sess_ac25788146ae | INFO | [team_leader] TeamPolicyRail static sections: section_names=['team_role', 'team_workflow', 'team_swarmflow', 'team_lifecycle', 'team_persona']
2026-08-09 08:14:20 | team | sess_ac25788146ae | INFO | Session tables ready for session sess_ac25788146ae
2026-08-09 08:14:20 | team | sess_ac25788146ae | INFO | Team database initialized
2026-08-09 08:14:20 | team | default_trace_id | INFO | Team workspace directory ensured at /srv/jwteam_clone/shared/run_current
2026-08-09 08:14:20 | team | default_trace_id | INFO | AgentTeam manager initialized for jiuwen_team_sess_ac25788146ae, member=executor1
2026-08-09 08:14:20 | team | default_trace_id | INFO | [executor1] TeamPolicyRail static sections: section_names=['team_role', 'team_persona']
2026-08-09 08:14:20 | team | sess_ac25788146ae | INFO | [executor1] invoke start, role=teammate
2026-08-09 08:14:20 | team | sess_ac25788146ae | INFO | [executor1] coordination starting
2026-08-09 08:14:20 | team | sess_ac25788146ae | INFO | Session tables ready for session sess_ac25788146ae
2026-08-09 08:14:20 | team | sess_ac25788146ae | INFO | Workspace /srv/jwteam_clone/shared/run_current initialized as plain shared directory (version_control disabled)
2026-08-09 08:14:20 | team | sess_ac25788146ae | INFO | EventBus[teammate] starting
2026-08-09 08:15:05 | team | sess_ac25788146ae | INFO | [executor1] HITT section refresh: human_agent_names=[]
2026-08-09 08:15:37 | team | sess_ac25788146ae | INFO | [executor1] processing 1 unread messages (steer=True)
2026-08-09 08:15:37 | team | sess_ac25788146ae | INFO | Message a8deffb3-7a81-4b33-b959-976ea7a99297 marked as read by executor1
2026-08-09 08:16:21 | team | sess_ac25788146ae | INFO | [executor1] processing 1 unread messages (steer=True)
2026-08-09 08:16:21 | team | sess_ac25788146ae | INFO | Message 8b709149-d3c2-46bb-9127-b101cfc99820 marked as read by executor1
2026-08-09 08:17:27 | team | sess_ac25788146ae | INFO | [executor1] processing 1 unread messages (steer=True)
2026-08-09 08:17:27 | team | sess_ac25788146ae | INFO | Message 6080b3b2-4eda-4a75-befb-a4dcb4267211 marked as read by executor1
2026-08-09 08:17:46 | team | sess_ac25788146ae | INFO | [executor1] processing 1 unread messages (steer=True)
2026-08-09 08:17:46 | team | sess_ac25788146ae | INFO | Message 8d802524-c8d6-431e-aa7c-9b90cb7a25c3 marked as read by executor1
2026-08-09 08:18:15 | team | sess_ac25788146ae | INFO | Message a81163f0-8061-4377-9a75-a0d104e04075 created
2026-08-09 08:18:29 | team | sess_ac25788146ae | INFO | Message ea1986fa-9c2c-4935-b051-8c6d041c09e8 created
2026-08-09 08:18:37 | team | sess_ac25788146ae | INFO | Message c42e33fc-76ab-44e5-9eab-4ac7d3151c9e created
2026-08-09 08:18:44 | team | sess_ac25788146ae | INFO | [executor1] processing 1 unread messages (steer=True)
2026-08-09 08:18:44 | team | sess_ac25788146ae | INFO | Message 98a101e9-60d6-482f-b0bd-a23596ab580b marked as read by executor1
2026-08-09 08:19:08 | team | sess_ac25788146ae | INFO | [executor1] processing 1 unread messages (steer=True)
2026-08-09 08:19:08 | team | sess_ac25788146ae | INFO | Message 23e11348-6007-4b48-8da3-3f4c1e2a21d9 marked as read by executor1
2026-08-09 08:21:45 | team | sess_ac25788146ae | INFO | task list drained for team jiuwen_team_sess_ac25788146ae: 4 terminal task(s)
2026-08-09 08:22:08 | team | sess_ac25788146ae | INFO | [executor1] processing 1 unread messages (steer=True)
2026-08-09 08:22:08 | team | sess_ac25788146ae | INFO | Message 43c5c3ac-03ce-4a76-9a3e-11a4dabfd2ca marked as read by executor1
2026-08-09 08:22:17 | team | sess_ac25788146ae | INFO | team jiuwen_team_sess_ac25788146ae reported completed: 9 members, 4 tasks
2026-08-09 08:22:18 | team | sess_ac25788146ae | INFO | [executor1] received TEAM_STANDBY, pausing polls
2026-08-09 08:22:18 | team | sess_ac25788146ae | INFO | EventBus[teammate] pausing polls
