2026-08-09 08:14:25 | team | sess_ac25788146ae | INFO | Team workspace directory ensured at /srv/jwteam_clone/shared/run_current
2026-08-09 08:14:25 | team | sess_ac25788146ae | INFO | AgentTeam manager initialized for jiuwen_team_sess_ac25788146ae, member=team_leader
2026-08-09 08:14:25 | team | sess_ac25788146ae | INFO | [team_leader] TeamPolicyRail static sections: section_names=['team_role', 'team_workflow', 'team_swarmflow', 'team_lifecycle', 'team_persona']
2026-08-09 08:14:25 | team | sess_ac25788146ae | INFO | Session tables ready for session sess_ac25788146ae
2026-08-09 08:14:25 | team | sess_ac25788146ae | INFO | Team database initialized
2026-08-09 08:14:25 | team | default_trace_id | INFO | Team workspace directory ensured at /srv/jwteam_clone/shared/run_current
2026-08-09 08:14:25 | team | default_trace_id | INFO | AgentTeam manager initialized for jiuwen_team_sess_ac25788146ae, member=fullstack1
2026-08-09 08:14:25 | team | default_trace_id | INFO | [fullstack1] TeamPolicyRail static sections: section_names=['team_role', 'team_persona']
2026-08-09 08:14:25 | team | sess_ac25788146ae | INFO | [fullstack1] invoke start, role=teammate
2026-08-09 08:14:25 | team | sess_ac25788146ae | INFO | [fullstack1] coordination starting
2026-08-09 08:14:25 | team | sess_ac25788146ae | INFO | Session tables ready for session sess_ac25788146ae
2026-08-09 08:14:25 | team | sess_ac25788146ae | INFO | Workspace /srv/jwteam_clone/shared/run_current initialized as plain shared directory (version_control disabled)
2026-08-09 08:14:25 | team | sess_ac25788146ae | INFO | EventBus[teammate] starting
2026-08-09 08:15:04 | team | sess_ac25788146ae | INFO | [fullstack1] HITT section refresh: human_agent_names=[]
2026-08-09 08:15:37 | team | sess_ac25788146ae | INFO | [fullstack1] processing 1 unread messages (steer=True)
2026-08-09 08:15:37 | team | sess_ac25788146ae | INFO | Message a8deffb3-7a81-4b33-b959-976ea7a99297 marked as read by fullstack1
2026-08-09 08:17:23 | team | sess_ac25788146ae | INFO | Task implement-zone-b claimed by member fullstack1
2026-08-09 08:17:23 | team | sess_ac25788146ae | INFO | Task implement-zone-b claimed by member fullstack1
2026-08-09 08:17:39 | team | sess_ac25788146ae | INFO | [fullstack1] processing 1 unread messages (steer=True)
2026-08-09 08:17:39 | team | sess_ac25788146ae | INFO | Message 020f231e-f948-4fff-a81f-27c96cc8e7ad marked as read by fullstack1
2026-08-09 08:17:44 | team | sess_ac25788146ae | INFO | Message ce93558c-5c4a-4bdc-a7ac-ca41813c1248 created
2026-08-09 08:17:44 | team | sess_ac25788146ae | INFO | Message 0652539f-fdfb-483c-957f-9f204ec933e6 created
2026-08-09 08:17:46 | team | sess_ac25788146ae | INFO | [fullstack1] processing 1 unread messages (steer=True)
2026-08-09 08:17:46 | team | sess_ac25788146ae | INFO | Message f283ff60-9040-4f41-8064-c402411002c7 marked as read by fullstack1
2026-08-09 08:17:53 | team | sess_ac25788146ae | INFO | Message ee079663-290f-4725-aa84-4e3330b768d3 created
2026-08-09 08:17:57 | team | sess_ac25788146ae | INFO | Message ee4a1353-1390-4478-91e0-8845c84ad45c created
2026-08-09 08:18:04 | team | sess_ac25788146ae | INFO | [fullstack1] processing 1 unread messages (steer=True)
2026-08-09 08:18:04 | team | sess_ac25788146ae | INFO | Message eb69e79f-0cfe-46be-91d4-ca8c368d220e marked as read by fullstack1
2026-08-09 08:18:14 | team | sess_ac25788146ae | INFO | [fullstack1] processing 1 unread messages (steer=True)
2026-08-09 08:18:14 | team | sess_ac25788146ae | INFO | Message 19ea837c-b848-4426-9999-816968ca7db2 marked as read by fullstack1
2026-08-09 08:18:17 | team | sess_ac25788146ae | INFO | [fullstack1] processing 1 unread messages (steer=True)
2026-08-09 08:18:17 | team | sess_ac25788146ae | INFO | Message c0db6728-ef2c-423d-9a3e-10b8faf6e42f marked as read by fullstack1
2026-08-09 08:18:22 | team | sess_ac25788146ae | INFO | [fullstack1] processing 1 unread messages (steer=True)
2026-08-09 08:18:22 | team | sess_ac25788146ae | INFO | Message f62c284d-eaec-4dee-8a75-71f640de08f7 marked as read by fullstack1
2026-08-09 08:18:39 | team | sess_ac25788146ae | INFO | [fullstack1] processing 1 unread messages (steer=True)
2026-08-09 08:18:39 | team | sess_ac25788146ae | INFO | Message 1e560c5c-9f07-4dd4-9aed-58748136a993 marked as read by fullstack1
2026-08-09 08:19:04 | team | sess_ac25788146ae | INFO | [fullstack1] processing 1 unread messages (steer=True)
2026-08-09 08:19:04 | team | sess_ac25788146ae | INFO | Message 92661c35-ea13-46e2-97c5-0eb96a7abc57 marked as read by fullstack1
2026-08-09 08:19:27 | team | sess_ac25788146ae | INFO | Message 7be55f52-b6d8-4bf8-81eb-758d7fae885c created
2026-08-09 08:19:32 | team | sess_ac25788146ae | INFO | [fullstack1] processing 1 unread messages (steer=True)
2026-08-09 08:19:32 | team | sess_ac25788146ae | INFO | Message 3f05773b-9ad5-446f-860b-52a78bdd7400 marked as read by fullstack1
2026-08-09 08:19:34 | team | sess_ac25788146ae | INFO | Message 070a9760-8755-42b9-9060-7309e3a719b7 created
2026-08-09 08:19:43 | team | sess_ac25788146ae | INFO | [fullstack1] processing 1 unread messages (steer=True)
2026-08-09 08:19:43 | team | sess_ac25788146ae | INFO | Message 5090f969-c7ec-4473-9d22-657c0508b2a4 marked as read by fullstack1
2026-08-09 08:19:48 | team | sess_ac25788146ae | INFO | Message 7dc06f37-5a62-4d00-a947-21a0f8f97909 created
2026-08-09 08:20:05 | team | sess_ac25788146ae | INFO | Message 8e4e8d5d-ce36-4acb-9434-37fec4287f39 created
2026-08-09 08:20:17 | team | sess_ac25788146ae | INFO | Task implement-zone-b completed at 1786260017259
2026-08-09 08:20:17 | team | sess_ac25788146ae | INFO | Resolved 1 dependencies for task implement-zone-b
2026-08-09 08:20:17 | team | sess_ac25788146ae | INFO | Task verify unblocked (all deps resolved)
2026-08-09 08:20:17 | team | sess_ac25788146ae | INFO | Task implement-zone-b completed
2026-08-09 08:20:17 | team | sess_ac25788146ae | INFO | Unblocked 1 tasks
2026-08-09 08:20:25 | team | sess_ac25788146ae | INFO | Message d6493393-de8e-4dd8-bef9-16c3ed542968 created
2026-08-09 08:20:52 | team | sess_ac25788146ae | INFO | [fullstack1] processing 1 unread messages (steer=True)
2026-08-09 08:20:52 | team | sess_ac25788146ae | INFO | Message 376ddb8a-9d8e-4b64-b3ff-9959e8f42ef2 marked as read by fullstack1
2026-08-09 08:20:56 | team | sess_ac25788146ae | INFO | Message ae760e36-3d13-4fe9-82f9-df8325ccc7ee created
2026-08-09 08:21:45 | team | sess_ac25788146ae | INFO | task list drained for team jiuwen_team_sess_ac25788146ae: 4 terminal task(s)
2026-08-09 08:22:08 | team | sess_ac25788146ae | INFO | [fullstack1] processing 1 unread messages (steer=True)
2026-08-09 08:22:08 | team | sess_ac25788146ae | INFO | Message 43c5c3ac-03ce-4a76-9a3e-11a4dabfd2ca marked as read by fullstack1
2026-08-09 08:22:17 | team | sess_ac25788146ae | INFO | team jiuwen_team_sess_ac25788146ae reported completed: 9 members, 4 tasks
2026-08-09 08:22:18 | team | sess_ac25788146ae | INFO | [fullstack1] received TEAM_STANDBY, pausing polls
2026-08-09 08:22:18 | team | sess_ac25788146ae | INFO | EventBus[teammate] pausing polls
