2026-08-09 08:14:17 | team | sess_ac25788146ae | INFO | Team workspace directory ensured at /srv/jwteam_clone/shared/run_current
2026-08-09 08:14:17 | team | sess_ac25788146ae | INFO | AgentTeam manager initialized for jiuwen_team_sess_ac25788146ae, member=team_leader
2026-08-09 08:14:17 | team | sess_ac25788146ae | INFO | [team_leader] TeamPolicyRail static sections: section_names=['team_role', 'team_workflow', 'team_swarmflow', 'team_lifecycle', 'team_persona']
2026-08-09 08:14:17 | team | sess_ac25788146ae | INFO | Session tables ready for session sess_ac25788146ae
2026-08-09 08:14:17 | team | sess_ac25788146ae | INFO | Team database initialized
2026-08-09 08:14:18 | team | default_trace_id | INFO | Team workspace directory ensured at /srv/jwteam_clone/shared/run_current
2026-08-09 08:14:18 | team | default_trace_id | INFO | AgentTeam manager initialized for jiuwen_team_sess_ac25788146ae, member=planner1
2026-08-09 08:14:18 | team | default_trace_id | INFO | [planner1] TeamPolicyRail static sections: section_names=['team_role', 'team_persona']
2026-08-09 08:14:18 | team | sess_ac25788146ae | INFO | [planner1] invoke start, role=teammate
2026-08-09 08:14:18 | team | sess_ac25788146ae | INFO | [planner1] coordination starting
2026-08-09 08:14:18 | team | sess_ac25788146ae | INFO | Session tables ready for session sess_ac25788146ae
2026-08-09 08:14:18 | team | sess_ac25788146ae | INFO | Workspace /srv/jwteam_clone/shared/run_current initialized as plain shared directory (version_control disabled)
2026-08-09 08:14:18 | team | sess_ac25788146ae | INFO | EventBus[teammate] starting
2026-08-09 08:15:05 | team | sess_ac25788146ae | INFO | [planner1] HITT section refresh: human_agent_names=[]
2026-08-09 08:15:10 | team | sess_ac25788146ae | INFO | Task plan claimed by member planner1
2026-08-09 08:15:10 | team | sess_ac25788146ae | INFO | Task plan claimed by member planner1
2026-08-09 08:15:37 | team | sess_ac25788146ae | INFO | [planner1] processing 1 unread messages (steer=True)
2026-08-09 08:15:37 | team | sess_ac25788146ae | INFO | Message a8deffb3-7a81-4b33-b959-976ea7a99297 marked as read by planner1
2026-08-09 08:16:21 | team | sess_ac25788146ae | INFO | Message 8b709149-d3c2-46bb-9127-b101cfc99820 created
2026-08-09 08:17:06 | team | sess_ac25788146ae | INFO | Message 4f877166-4845-43ef-84e5-ec58ea72fb5e created
2026-08-09 08:17:12 | team | sess_ac25788146ae | INFO | [planner1] processing 1 unread messages (steer=True)
2026-08-09 08:17:12 | team | sess_ac25788146ae | INFO | Message 8897cccc-bda8-4d6e-874e-fbcebe6f227e marked as read by planner1
2026-08-09 08:17:15 | team | sess_ac25788146ae | INFO | Task plan completed at 1786259835800
2026-08-09 08:17:15 | team | sess_ac25788146ae | INFO | Message 463cad4c-4017-4a33-af27-1f51754125e7 created
2026-08-09 08:17:15 | team | sess_ac25788146ae | INFO | Resolved 2 dependencies for task plan
2026-08-09 08:17:15 | team | sess_ac25788146ae | INFO | Task implement-zone-a unblocked (all deps resolved)
2026-08-09 08:17:15 | team | sess_ac25788146ae | INFO | Task implement-zone-b unblocked (all deps resolved)
2026-08-09 08:17:15 | team | sess_ac25788146ae | INFO | Task plan completed
2026-08-09 08:17:15 | team | sess_ac25788146ae | INFO | Unblocked 2 tasks
2026-08-09 08:17:44 | team | sess_ac25788146ae | INFO | [planner1] processing 1 unread messages (steer=True)
2026-08-09 08:17:44 | team | sess_ac25788146ae | INFO | Message 0652539f-fdfb-483c-957f-9f204ec933e6 marked as read by planner1
2026-08-09 08:18:04 | team | sess_ac25788146ae | INFO | Message eb69e79f-0cfe-46be-91d4-ca8c368d220e created
2026-08-09 08:21:45 | team | sess_ac25788146ae | INFO | task list drained for team jiuwen_team_sess_ac25788146ae: 4 terminal task(s)
2026-08-09 08:22:08 | team | sess_ac25788146ae | INFO | [planner1] processing 1 unread messages (steer=True)
2026-08-09 08:22:08 | team | sess_ac25788146ae | INFO | Message 43c5c3ac-03ce-4a76-9a3e-11a4dabfd2ca marked as read by planner1
2026-08-09 08:22:17 | team | sess_ac25788146ae | INFO | team jiuwen_team_sess_ac25788146ae reported completed: 9 members, 4 tasks
2026-08-09 08:22:18 | team | sess_ac25788146ae | INFO | [planner1] received TEAM_STANDBY, pausing polls
2026-08-09 08:22:18 | team | sess_ac25788146ae | INFO | EventBus[teammate] pausing polls
