2026-08-09 22:19:05 | team | sess_1b7149aef7d6 | INFO | Team workspace directory ensured at /srv/jwteam_clone/shared/run_current
2026-08-09 22:19:05 | team | sess_1b7149aef7d6 | INFO | AgentTeam manager initialized for jiuwen_team_sess_1b7149aef7d6, member=team_leader
2026-08-09 22:19:05 | team | sess_1b7149aef7d6 | INFO | [team_leader] TeamPolicyRail static sections: section_names=['team_role', 'team_workflow', 'team_swarmflow', 'team_lifecycle', 'team_persona']
2026-08-09 22:19:05 | team | sess_1b7149aef7d6 | INFO | Session tables ready for session sess_1b7149aef7d6
2026-08-09 22:19:05 | team | sess_1b7149aef7d6 | INFO | Team database initialized
2026-08-09 22:19:05 | team | default_trace_id | INFO | Team workspace directory ensured at /srv/jwteam_clone/shared/run_current
2026-08-09 22:19:05 | team | default_trace_id | INFO | AgentTeam manager initialized for jiuwen_team_sess_1b7149aef7d6, member=fullstack1
2026-08-09 22:19:05 | team | default_trace_id | INFO | [fullstack1] TeamPolicyRail static sections: section_names=['team_role', 'team_persona']
2026-08-09 22:19:05 | team | sess_1b7149aef7d6 | INFO | [fullstack1] invoke start, role=teammate
2026-08-09 22:19:05 | team | sess_1b7149aef7d6 | INFO | [fullstack1] coordination starting
2026-08-09 22:19:05 | team | sess_1b7149aef7d6 | INFO | Session tables ready for session sess_1b7149aef7d6
2026-08-09 22:19:05 | team | sess_1b7149aef7d6 | INFO | Workspace /srv/jwteam_clone/shared/run_current initialized as plain shared directory (version_control disabled)
2026-08-09 22:19:05 | team | sess_1b7149aef7d6 | INFO | EventBus[teammate] starting
2026-08-09 22:19:25 | team | sess_1b7149aef7d6 | INFO | [fullstack1] HITT section refresh: human_agent_names=[]
2026-08-09 22:19:39 | team | sess_1b7149aef7d6 | INFO | [fullstack1] processing 1 unread messages (steer=True)
2026-08-09 22:19:39 | team | sess_1b7149aef7d6 | INFO | Message b17ba290-c5ca-4906-ad53-8d15295c593c marked as read by fullstack1
2026-08-09 22:23:10 | team | sess_1b7149aef7d6 | INFO | Message 8d4fe346-012d-4747-96e4-b6a4813c2eb4 created
2026-08-09 22:23:27 | team | sess_1b7149aef7d6 | INFO | [fullstack1] processing 1 unread messages (steer=True)
2026-08-09 22:23:27 | team | sess_1b7149aef7d6 | INFO | Message 5d6470e0-a9d0-473a-ba5a-92b4ee10a8ae marked as read by fullstack1
2026-08-09 22:23:40 | team | sess_1b7149aef7d6 | INFO | Message c422af5e-1c94-411a-871d-7d8856875209 created
2026-08-09 22:23:49 | team | sess_1b7149aef7d6 | INFO | [fullstack1] processing 1 unread messages (steer=True)
2026-08-09 22:23:49 | team | sess_1b7149aef7d6 | INFO | Message bd44563b-b193-4c88-ba19-a649e01064bd marked as read by fullstack1
2026-08-09 22:24:18 | team | sess_1b7149aef7d6 | INFO | Message 9adecfa7-c315-412c-b5e2-2a3e109dcf6a created
2026-08-09 22:24:27 | team | sess_1b7149aef7d6 | INFO | [fullstack1] processing 1 unread messages (steer=True)
2026-08-09 22:24:27 | team | sess_1b7149aef7d6 | INFO | Message a90ee764-7cfb-4f49-ac42-ba4e620d3070 marked as read by fullstack1
2026-08-09 22:24:28 | team | sess_1b7149aef7d6 | INFO | Message 4683d1b4-0ed4-4556-b8e6-a10164623034 created
2026-08-09 22:24:36 | team | sess_1b7149aef7d6 | INFO | Message a336bea1-6978-4ce2-a4ae-aceaf36def35 created
2026-08-09 22:24:36 | team | sess_1b7149aef7d6 | INFO | [fullstack1] processing 1 unread messages (steer=True)
2026-08-09 22:24:36 | team | sess_1b7149aef7d6 | INFO | Message 7e45ea7b-b536-4971-89c3-d6d0139b9586 marked as read by fullstack1
2026-08-09 22:25:55 | team | sess_1b7149aef7d6 | INFO | task list drained for team jiuwen_team_sess_1b7149aef7d6: 4 terminal task(s)
2026-08-09 22:26:12 | team | sess_1b7149aef7d6 | INFO | [fullstack1] processing 1 unread messages (steer=True)
2026-08-09 22:26:12 | team | sess_1b7149aef7d6 | INFO | Message d9d96d4a-550b-4fd8-9353-6f8651544da8 marked as read by fullstack1
2026-08-09 22:26:32 | team | sess_1b7149aef7d6 | INFO | team jiuwen_team_sess_1b7149aef7d6 reported completed: 9 members, 4 tasks
2026-08-09 22:26:32 | team | sess_1b7149aef7d6 | INFO | [fullstack1] received TEAM_STANDBY, pausing polls
2026-08-09 22:26:32 | team | sess_1b7149aef7d6 | INFO | EventBus[teammate] pausing polls
