2026-08-09 22:18:58 | team | sess_1b7149aef7d6 | INFO | Team workspace directory ensured at /srv/jwteam_clone/shared/run_current
2026-08-09 22:18:58 | team | sess_1b7149aef7d6 | INFO | AgentTeam manager initialized for jiuwen_team_sess_1b7149aef7d6, member=team_leader
2026-08-09 22:18:58 | team | sess_1b7149aef7d6 | INFO | [team_leader] TeamPolicyRail static sections: section_names=['team_role', 'team_workflow', 'team_swarmflow', 'team_lifecycle', 'team_persona']
2026-08-09 22:18:58 | team | sess_1b7149aef7d6 | INFO | Session tables ready for session sess_1b7149aef7d6
2026-08-09 22:18:58 | team | sess_1b7149aef7d6 | INFO | Team database initialized
2026-08-09 22:18:58 | team | default_trace_id | INFO | Team workspace directory ensured at /srv/jwteam_clone/shared/run_current
2026-08-09 22:18:58 | team | default_trace_id | INFO | AgentTeam manager initialized for jiuwen_team_sess_1b7149aef7d6, member=planner1
2026-08-09 22:18:58 | team | default_trace_id | INFO | [planner1] TeamPolicyRail static sections: section_names=['team_role', 'team_persona']
2026-08-09 22:18:58 | team | sess_1b7149aef7d6 | INFO | [planner1] invoke start, role=teammate
2026-08-09 22:18:58 | team | sess_1b7149aef7d6 | INFO | [planner1] coordination starting
2026-08-09 22:18:58 | team | sess_1b7149aef7d6 | INFO | Session tables ready for session sess_1b7149aef7d6
2026-08-09 22:18:58 | team | sess_1b7149aef7d6 | INFO | Workspace /srv/jwteam_clone/shared/run_current initialized as plain shared directory (version_control disabled)
2026-08-09 22:18:58 | team | sess_1b7149aef7d6 | INFO | EventBus[teammate] starting
2026-08-09 22:19:25 | team | sess_1b7149aef7d6 | INFO | [planner1] HITT section refresh: human_agent_names=[]
2026-08-09 22:19:39 | team | sess_1b7149aef7d6 | INFO | [planner1] processing 1 unread messages (steer=True)
2026-08-09 22:19:39 | team | sess_1b7149aef7d6 | INFO | Message b17ba290-c5ca-4906-ad53-8d15295c593c marked as read by planner1
2026-08-09 22:19:48 | team | sess_1b7149aef7d6 | INFO | [planner1] processing 1 unread messages (steer=True)
2026-08-09 22:19:48 | team | sess_1b7149aef7d6 | INFO | Message e89b5711-dd72-4191-bfd1-b72e290abd67 marked as read by planner1
2026-08-09 22:19:53 | team | sess_1b7149aef7d6 | INFO | Message 4470cd4a-a5eb-40fc-be80-e99774fcc0af created
2026-08-09 22:20:05 | team | sess_1b7149aef7d6 | INFO | Message c11e861d-d7a6-4c9a-84e9-b4f57aa062d7 created
2026-08-09 22:20:14 | team | sess_1b7149aef7d6 | INFO | [planner1] processing 1 unread messages (steer=True)
2026-08-09 22:20:14 | team | sess_1b7149aef7d6 | INFO | Message 425fadfc-9ad4-478e-9d53-d9b7b1e323ff marked as read by planner1
2026-08-09 22:20:18 | team | sess_1b7149aef7d6 | INFO | Message d47f4d39-5b56-4c14-aa0b-6c07044ab120 created
2026-08-09 22:20:37 | team | sess_1b7149aef7d6 | INFO | Message 0cf410d3-f6dd-483c-968f-b796c131abe9 created
2026-08-09 22:20:49 | team | sess_1b7149aef7d6 | INFO | [planner1] processing 1 unread messages (steer=True)
2026-08-09 22:20:49 | team | sess_1b7149aef7d6 | INFO | Message 652c8448-c495-4657-9d42-d05571055fdf marked as read by planner1
2026-08-09 22:21:01 | team | sess_1b7149aef7d6 | INFO | [planner1] processing 1 unread messages (steer=True)
2026-08-09 22:21:01 | team | sess_1b7149aef7d6 | INFO | Message fcddbd18-e788-498c-a9eb-09476a69ae93 marked as read by planner1
2026-08-09 22:21:10 | team | sess_1b7149aef7d6 | INFO | Message 3f5e0144-ea31-4288-992e-9a1902369e12 created
2026-08-09 22:21:33 | team | sess_1b7149aef7d6 | INFO | Message cff8cd2a-98bc-4214-988b-68a4fb87a782 created
2026-08-09 22:21:33 | team | sess_1b7149aef7d6 | INFO | Message bc20c563-37dd-43dc-84c1-5f0a152f31c2 created
2026-08-09 22:21:43 | team | sess_1b7149aef7d6 | INFO | Message 9f37e374-3ee5-4941-8157-3f83ce91d308 created
2026-08-09 22:22:12 | team | sess_1b7149aef7d6 | INFO | [planner1] processing 1 unread messages (steer=True)
2026-08-09 22:22:12 | team | sess_1b7149aef7d6 | INFO | Message 6df3a86c-56c2-4fc2-9600-1ee5886ef92f marked as read by planner1
2026-08-09 22:22:23 | team | sess_1b7149aef7d6 | INFO | Message 7d7cf13e-0c52-4967-bd78-a5991a1f6bde created
2026-08-09 22:22:25 | team | sess_1b7149aef7d6 | INFO | [planner1] processing 1 unread messages (steer=True)
2026-08-09 22:22:25 | team | sess_1b7149aef7d6 | INFO | Message 73f3af41-6cef-4108-a4e6-9d1a7c1305c1 marked as read by planner1
2026-08-09 22:22:56 | team | sess_1b7149aef7d6 | INFO | [planner1] processing 1 unread messages (steer=True)
2026-08-09 22:22:56 | team | sess_1b7149aef7d6 | INFO | Message 4b8a765e-7878-4b8e-bc58-bda3369c4a1b marked as read by planner1
2026-08-09 22:25:55 | team | sess_1b7149aef7d6 | INFO | task list drained for team jiuwen_team_sess_1b7149aef7d6: 4 terminal task(s)
2026-08-09 22:26:12 | team | sess_1b7149aef7d6 | INFO | [planner1] processing 1 unread messages (steer=True)
2026-08-09 22:26:13 | team | sess_1b7149aef7d6 | INFO | Message d9d96d4a-550b-4fd8-9353-6f8651544da8 marked as read by planner1
2026-08-09 22:26:32 | team | sess_1b7149aef7d6 | INFO | team jiuwen_team_sess_1b7149aef7d6 reported completed: 9 members, 4 tasks
2026-08-09 22:26:32 | team | sess_1b7149aef7d6 | INFO | [planner1] received TEAM_STANDBY, pausing polls
2026-08-09 22:26:32 | team | sess_1b7149aef7d6 | INFO | EventBus[teammate] pausing polls
