2026-08-09 22:19:00 | team | sess_1b7149aef7d6 | INFO | Team workspace directory ensured at /srv/jwteam_clone/shared/run_current
2026-08-09 22:19:00 | team | sess_1b7149aef7d6 | INFO | AgentTeam manager initialized for jiuwen_team_sess_1b7149aef7d6, member=team_leader
2026-08-09 22:19:00 | team | sess_1b7149aef7d6 | INFO | [team_leader] TeamPolicyRail static sections: section_names=['team_role', 'team_workflow', 'team_swarmflow', 'team_lifecycle', 'team_persona']
2026-08-09 22:19:00 | team | sess_1b7149aef7d6 | INFO | Session tables ready for session sess_1b7149aef7d6
2026-08-09 22:19:00 | team | sess_1b7149aef7d6 | INFO | Team database initialized
2026-08-09 22:19:00 | team | default_trace_id | INFO | Team workspace directory ensured at /srv/jwteam_clone/shared/run_current
2026-08-09 22:19:00 | team | default_trace_id | INFO | AgentTeam manager initialized for jiuwen_team_sess_1b7149aef7d6, member=executor1
2026-08-09 22:19:00 | team | default_trace_id | INFO | [executor1] TeamPolicyRail static sections: section_names=['team_role', 'team_persona']
2026-08-09 22:19:00 | team | sess_1b7149aef7d6 | INFO | [executor1] invoke start, role=teammate
2026-08-09 22:19:00 | team | sess_1b7149aef7d6 | INFO | [executor1] coordination starting
2026-08-09 22:19:00 | team | sess_1b7149aef7d6 | INFO | Session tables ready for session sess_1b7149aef7d6
2026-08-09 22:19:00 | team | sess_1b7149aef7d6 | INFO | Workspace /srv/jwteam_clone/shared/run_current initialized as plain shared directory (version_control disabled)
2026-08-09 22:19:00 | team | sess_1b7149aef7d6 | INFO | EventBus[teammate] starting
2026-08-09 22:19:25 | team | sess_1b7149aef7d6 | INFO | [executor1] HITT section refresh: human_agent_names=[]
2026-08-09 22:19:39 | team | sess_1b7149aef7d6 | INFO | [executor1] processing 1 unread messages (steer=True)
2026-08-09 22:19:39 | team | sess_1b7149aef7d6 | INFO | Message b17ba290-c5ca-4906-ad53-8d15295c593c marked as read by executor1
2026-08-09 22:21:10 | team | sess_1b7149aef7d6 | INFO | [executor1] processing 1 unread messages (steer=True)
2026-08-09 22:21:10 | team | sess_1b7149aef7d6 | INFO | Message 3f5e0144-ea31-4288-992e-9a1902369e12 marked as read by executor1
2026-08-09 22:21:33 | team | sess_1b7149aef7d6 | INFO | [executor1] processing 1 unread messages (steer=True)
2026-08-09 22:21:33 | team | sess_1b7149aef7d6 | INFO | Message bc20c563-37dd-43dc-84c1-5f0a152f31c2 marked as read by executor1
2026-08-09 22:22:17 | team | sess_1b7149aef7d6 | INFO | Message 2358cfc8-2e20-4693-b873-0e9c24f623e2 created
2026-08-09 22:22:25 | team | sess_1b7149aef7d6 | INFO | Message 73f3af41-6cef-4108-a4e6-9d1a7c1305c1 created
2026-08-09 22:22:56 | team | sess_1b7149aef7d6 | INFO | [executor1] processing 1 unread messages (steer=True)
2026-08-09 22:22:56 | team | sess_1b7149aef7d6 | INFO | Message 314d6d86-cdbd-4f3c-9d69-af638a6cf934 marked as read by executor1
2026-08-09 22:25:55 | team | sess_1b7149aef7d6 | INFO | task list drained for team jiuwen_team_sess_1b7149aef7d6: 4 terminal task(s)
2026-08-09 22:26:12 | team | sess_1b7149aef7d6 | INFO | [executor1] processing 1 unread messages (steer=True)
2026-08-09 22:26:13 | team | sess_1b7149aef7d6 | INFO | Message d9d96d4a-550b-4fd8-9353-6f8651544da8 marked as read by executor1
2026-08-09 22:26:32 | team | sess_1b7149aef7d6 | INFO | team jiuwen_team_sess_1b7149aef7d6 reported completed: 9 members, 4 tasks
2026-08-09 22:26:32 | team | sess_1b7149aef7d6 | INFO | [executor1] received TEAM_STANDBY, pausing polls
2026-08-09 22:26:32 | team | sess_1b7149aef7d6 | INFO | EventBus[teammate] pausing polls
