2026-08-09 22:19:04 | team | sess_1b7149aef7d6 | INFO | Team workspace directory ensured at /srv/jwteam_clone/shared/run_current
2026-08-09 22:19:04 | team | sess_1b7149aef7d6 | INFO | AgentTeam manager initialized for jiuwen_team_sess_1b7149aef7d6, member=team_leader
2026-08-09 22:19:04 | team | sess_1b7149aef7d6 | INFO | [team_leader] TeamPolicyRail static sections: section_names=['team_role', 'team_workflow', 'team_swarmflow', 'team_lifecycle', 'team_persona']
2026-08-09 22:19:04 | team | sess_1b7149aef7d6 | INFO | Session tables ready for session sess_1b7149aef7d6
2026-08-09 22:19:04 | team | sess_1b7149aef7d6 | INFO | Team database initialized
2026-08-09 22:19:04 | team | default_trace_id | INFO | Team workspace directory ensured at /srv/jwteam_clone/shared/run_current
2026-08-09 22:19:04 | team | default_trace_id | INFO | AgentTeam manager initialized for jiuwen_team_sess_1b7149aef7d6, member=verifier2
2026-08-09 22:19:04 | team | default_trace_id | INFO | [verifier2] TeamPolicyRail static sections: section_names=['team_role', 'team_persona']
2026-08-09 22:19:04 | team | sess_1b7149aef7d6 | INFO | [verifier2] invoke start, role=teammate
2026-08-09 22:19:04 | team | sess_1b7149aef7d6 | INFO | [verifier2] coordination starting
2026-08-09 22:19:04 | team | sess_1b7149aef7d6 | INFO | Session tables ready for session sess_1b7149aef7d6
2026-08-09 22:19:04 | team | sess_1b7149aef7d6 | INFO | Workspace /srv/jwteam_clone/shared/run_current initialized as plain shared directory (version_control disabled)
2026-08-09 22:19:04 | team | sess_1b7149aef7d6 | INFO | EventBus[teammate] starting
2026-08-09 22:19:25 | team | sess_1b7149aef7d6 | INFO | [verifier2] HITT section refresh: human_agent_names=[]
2026-08-09 22:19:39 | team | sess_1b7149aef7d6 | INFO | [verifier2] processing 1 unread messages (steer=True)
2026-08-09 22:19:39 | team | sess_1b7149aef7d6 | INFO | Message b17ba290-c5ca-4906-ad53-8d15295c593c marked as read by verifier2
2026-08-09 22:23:36 | team | sess_1b7149aef7d6 | INFO | Message fa9d78b5-6d65-42c7-aa00-3400cbf76a1a created
2026-08-09 22:25:23 | team | sess_1b7149aef7d6 | INFO | [verifier2] processing 1 unread messages (steer=True)
2026-08-09 22:25:24 | team | sess_1b7149aef7d6 | INFO | Message 5aa82ca8-908c-4868-8731-f694a844e3b2 marked as read by verifier2
2026-08-09 22:25:47 | team | sess_1b7149aef7d6 | INFO | Message 6f8218df-e8d9-46e0-90fb-4917dbc696f9 created
2026-08-09 22:25:55 | team | sess_1b7149aef7d6 | INFO | task list drained for team jiuwen_team_sess_1b7149aef7d6: 4 terminal task(s)
2026-08-09 22:26:05 | team | sess_1b7149aef7d6 | INFO | Message 9c3f1083-e915-4ac2-8b4d-2fb9f0080391 created
2026-08-09 22:26:05 | team | sess_1b7149aef7d6 | INFO | [verifier2] processing 1 unread messages (steer=True)
2026-08-09 22:26:05 | team | sess_1b7149aef7d6 | INFO | Message 5ddefd42-b0dc-4168-a590-3211f3ee36d7 marked as read by verifier2
2026-08-09 22:26:10 | team | sess_1b7149aef7d6 | INFO | [verifier2] processing 1 unread messages (steer=True)
2026-08-09 22:26:10 | team | sess_1b7149aef7d6 | INFO | Message d13c77f2-1163-4081-bb6b-54986fed4a39 marked as read by verifier2
2026-08-09 22:26:12 | team | sess_1b7149aef7d6 | INFO | [verifier2] processing 1 unread messages (steer=True)
2026-08-09 22:26:12 | team | sess_1b7149aef7d6 | INFO | Message d9d96d4a-550b-4fd8-9353-6f8651544da8 marked as read by verifier2
2026-08-09 22:26:15 | team | sess_1b7149aef7d6 | INFO | Message 405d286d-1fbb-4134-8f6b-9e87f67fc083 created
2026-08-09 22:26:32 | team | sess_1b7149aef7d6 | INFO | team jiuwen_team_sess_1b7149aef7d6 reported completed: 9 members, 4 tasks
2026-08-09 22:26:32 | team | sess_1b7149aef7d6 | INFO | [verifier2] received TEAM_STANDBY, pausing polls
2026-08-09 22:26:32 | team | sess_1b7149aef7d6 | INFO | EventBus[teammate] pausing polls
