2026-08-09 22:19:03 | team | sess_1b7149aef7d6 | INFO | Team workspace directory ensured at /srv/jwteam_clone/shared/run_current
2026-08-09 22:19:03 | team | sess_1b7149aef7d6 | INFO | AgentTeam manager initialized for jiuwen_team_sess_1b7149aef7d6, member=team_leader
2026-08-09 22:19:03 | team | sess_1b7149aef7d6 | INFO | [team_leader] TeamPolicyRail static sections: section_names=['team_role', 'team_workflow', 'team_swarmflow', 'team_lifecycle', 'team_persona']
2026-08-09 22:19:03 | team | sess_1b7149aef7d6 | INFO | Session tables ready for session sess_1b7149aef7d6
2026-08-09 22:19:03 | team | sess_1b7149aef7d6 | INFO | Team database initialized
2026-08-09 22:19:03 | team | default_trace_id | INFO | Team workspace directory ensured at /srv/jwteam_clone/shared/run_current
2026-08-09 22:19:03 | team | default_trace_id | INFO | AgentTeam manager initialized for jiuwen_team_sess_1b7149aef7d6, member=verifier1
2026-08-09 22:19:03 | team | default_trace_id | INFO | [verifier1] TeamPolicyRail static sections: section_names=['team_role', 'team_persona']
2026-08-09 22:19:03 | team | sess_1b7149aef7d6 | INFO | [verifier1] invoke start, role=teammate
2026-08-09 22:19:03 | team | sess_1b7149aef7d6 | INFO | [verifier1] coordination starting
2026-08-09 22:19:03 | team | sess_1b7149aef7d6 | INFO | Session tables ready for session sess_1b7149aef7d6
2026-08-09 22:19:03 | team | sess_1b7149aef7d6 | INFO | Workspace /srv/jwteam_clone/shared/run_current initialized as plain shared directory (version_control disabled)
2026-08-09 22:19:03 | team | sess_1b7149aef7d6 | INFO | EventBus[teammate] starting
2026-08-09 22:19:25 | team | sess_1b7149aef7d6 | INFO | [verifier1] HITT section refresh: human_agent_names=[]
2026-08-09 22:19:39 | team | sess_1b7149aef7d6 | INFO | [verifier1] processing 1 unread messages (steer=True)
2026-08-09 22:19:39 | team | sess_1b7149aef7d6 | INFO | Message b17ba290-c5ca-4906-ad53-8d15295c593c marked as read by verifier1
2026-08-09 22:20:03 | team | sess_1b7149aef7d6 | INFO | Message 8895f6ef-4ca6-4b28-b977-9eab62036d13 created
2026-08-09 22:22:56 | team | sess_1b7149aef7d6 | INFO | [verifier1] processing 1 unread messages (steer=True)
2026-08-09 22:22:56 | team | sess_1b7149aef7d6 | INFO | Message ee17c0fb-aeff-43fc-924d-fb6279a6278a marked as read by verifier1
2026-08-09 22:23:11 | team | sess_1b7149aef7d6 | INFO | Message 3dc27c26-883f-4063-bd63-e8081ce6585a created
2026-08-09 22:23:21 | team | sess_1b7149aef7d6 | INFO | Task verify claimed by member verifier1
2026-08-09 22:23:21 | team | sess_1b7149aef7d6 | INFO | Task verify claimed by member verifier1
2026-08-09 22:23:27 | team | sess_1b7149aef7d6 | INFO | [verifier1] processing 1 unread messages (steer=True)
2026-08-09 22:23:27 | team | sess_1b7149aef7d6 | INFO | Message 4adcae99-0132-45ca-9254-805f345b249c marked as read by verifier1
2026-08-09 22:23:36 | team | sess_1b7149aef7d6 | INFO | [verifier1] processing 1 unread messages (steer=True)
2026-08-09 22:23:36 | team | sess_1b7149aef7d6 | INFO | Message fa9d78b5-6d65-42c7-aa00-3400cbf76a1a marked as read by verifier1
2026-08-09 22:25:23 | team | sess_1b7149aef7d6 | INFO | Message 5aa82ca8-908c-4868-8731-f694a844e3b2 created
2026-08-09 22:25:47 | team | sess_1b7149aef7d6 | INFO | [verifier1] processing 1 unread messages (steer=True)
2026-08-09 22:25:47 | team | sess_1b7149aef7d6 | INFO | Message 6f8218df-e8d9-46e0-90fb-4917dbc696f9 marked as read by verifier1
2026-08-09 22:25:55 | team | sess_1b7149aef7d6 | INFO | Task verify completed at 1786310755562
2026-08-09 22:25:55 | team | sess_1b7149aef7d6 | INFO | Message 0e2afd32-f4b2-44b8-92f5-36cfb20d3aee created
2026-08-09 22:25:55 | team | sess_1b7149aef7d6 | INFO | Task verify completed
2026-08-09 22:26:05 | team | sess_1b7149aef7d6 | INFO | [verifier1] processing 1 unread messages (steer=True)
2026-08-09 22:26:05 | team | sess_1b7149aef7d6 | INFO | Message 9c3f1083-e915-4ac2-8b4d-2fb9f0080391 marked as read by verifier1
2026-08-09 22:26:05 | team | sess_1b7149aef7d6 | INFO | Message 5ddefd42-b0dc-4168-a590-3211f3ee36d7 created
2026-08-09 22:26:10 | team | sess_1b7149aef7d6 | INFO | Message d13c77f2-1163-4081-bb6b-54986fed4a39 created
2026-08-09 22:26:12 | team | sess_1b7149aef7d6 | INFO | [verifier1] processing 1 unread messages (steer=True)
2026-08-09 22:26:12 | team | sess_1b7149aef7d6 | INFO | Message d9d96d4a-550b-4fd8-9353-6f8651544da8 marked as read by verifier1
2026-08-09 22:26:32 | team | sess_1b7149aef7d6 | INFO | team jiuwen_team_sess_1b7149aef7d6 reported completed: 9 members, 4 tasks
2026-08-09 22:26:32 | team | sess_1b7149aef7d6 | INFO | [verifier1] received TEAM_STANDBY, pausing polls
2026-08-09 22:26:32 | team | sess_1b7149aef7d6 | INFO | EventBus[teammate] pausing polls
