2026-08-09 22:19:01 | team | sess_1b7149aef7d6 | INFO | Team workspace directory ensured at /srv/jwteam_clone/shared/run_current
2026-08-09 22:19:01 | team | sess_1b7149aef7d6 | INFO | AgentTeam manager initialized for jiuwen_team_sess_1b7149aef7d6, member=team_leader
2026-08-09 22:19:01 | team | sess_1b7149aef7d6 | INFO | [team_leader] TeamPolicyRail static sections: section_names=['team_role', 'team_workflow', 'team_swarmflow', 'team_lifecycle', 'team_persona']
2026-08-09 22:19:01 | team | sess_1b7149aef7d6 | INFO | Session tables ready for session sess_1b7149aef7d6
2026-08-09 22:19:01 | team | sess_1b7149aef7d6 | INFO | Team database initialized
2026-08-09 22:19:01 | team | default_trace_id | INFO | Team workspace directory ensured at /srv/jwteam_clone/shared/run_current
2026-08-09 22:19:01 | team | default_trace_id | INFO | AgentTeam manager initialized for jiuwen_team_sess_1b7149aef7d6, member=executor2
2026-08-09 22:19:01 | team | default_trace_id | INFO | [executor2] TeamPolicyRail static sections: section_names=['team_role', 'team_persona']
2026-08-09 22:19:01 | team | sess_1b7149aef7d6 | INFO | [executor2] invoke start, role=teammate
2026-08-09 22:19:01 | team | sess_1b7149aef7d6 | INFO | [executor2] coordination starting
2026-08-09 22:19:01 | team | sess_1b7149aef7d6 | INFO | Session tables ready for session sess_1b7149aef7d6
2026-08-09 22:19:01 | team | sess_1b7149aef7d6 | INFO | Workspace /srv/jwteam_clone/shared/run_current initialized as plain shared directory (version_control disabled)
2026-08-09 22:19:01 | team | sess_1b7149aef7d6 | INFO | EventBus[teammate] starting
2026-08-09 22:19:25 | team | sess_1b7149aef7d6 | INFO | [executor2] HITT section refresh: human_agent_names=[]
2026-08-09 22:19:39 | team | sess_1b7149aef7d6 | INFO | [executor2] processing 1 unread messages (steer=True)
2026-08-09 22:19:39 | team | sess_1b7149aef7d6 | INFO | Message b17ba290-c5ca-4906-ad53-8d15295c593c marked as read by executor2
2026-08-09 22:19:48 | team | sess_1b7149aef7d6 | INFO | Message e89b5711-dd72-4191-bfd1-b72e290abd67 created
2026-08-09 22:19:48 | team | sess_1b7149aef7d6 | INFO | Message 363ebddb-8fa8-4b95-a410-827a1a2bfdca created
2026-08-09 22:20:05 | team | sess_1b7149aef7d6 | INFO | [executor2] processing 1 unread messages (steer=True)
2026-08-09 22:20:05 | team | sess_1b7149aef7d6 | INFO | Message c11e861d-d7a6-4c9a-84e9-b4f57aa062d7 marked as read by executor2
2026-08-09 22:22:03 | team | sess_1b7149aef7d6 | INFO | Task implement-zone-a claimed by member executor2
2026-08-09 22:22:03 | team | sess_1b7149aef7d6 | INFO | Task implement-zone-a claimed by member executor2
2026-08-09 22:22:12 | team | sess_1b7149aef7d6 | INFO | Message 6df3a86c-56c2-4fc2-9600-1ee5886ef92f created
2026-08-09 22:22:17 | team | sess_1b7149aef7d6 | INFO | [executor2] processing 1 unread messages (steer=True)
2026-08-09 22:22:17 | team | sess_1b7149aef7d6 | INFO | Message 2358cfc8-2e20-4693-b873-0e9c24f623e2 marked as read by executor2
2026-08-09 22:22:23 | team | sess_1b7149aef7d6 | INFO | [executor2] processing 1 unread messages (steer=True)
2026-08-09 22:22:23 | team | sess_1b7149aef7d6 | INFO | Message 7d7cf13e-0c52-4967-bd78-a5991a1f6bde marked as read by executor2
2026-08-09 22:22:56 | team | sess_1b7149aef7d6 | INFO | Task implement-zone-a completed at 1786310576383
2026-08-09 22:22:56 | team | sess_1b7149aef7d6 | INFO | Message 4b8a765e-7878-4b8e-bc58-bda3369c4a1b created
2026-08-09 22:22:56 | team | sess_1b7149aef7d6 | INFO | Message 314d6d86-cdbd-4f3c-9d69-af638a6cf934 created
2026-08-09 22:22:56 | team | sess_1b7149aef7d6 | INFO | Resolved 1 dependencies for task implement-zone-a
2026-08-09 22:22:56 | team | sess_1b7149aef7d6 | INFO | Task implement-zone-a completed
2026-08-09 22:22:56 | team | sess_1b7149aef7d6 | INFO | Message ee17c0fb-aeff-43fc-924d-fb6279a6278a created
2026-08-09 22:23:12 | team | sess_1b7149aef7d6 | INFO | [executor2] processing 1 unread messages (steer=True)
2026-08-09 22:23:12 | team | sess_1b7149aef7d6 | INFO | Message 3dc27c26-883f-4063-bd63-e8081ce6585a marked as read by executor2
2026-08-09 22:25:55 | team | sess_1b7149aef7d6 | INFO | task list drained for team jiuwen_team_sess_1b7149aef7d6: 4 terminal task(s)
2026-08-09 22:26:12 | team | sess_1b7149aef7d6 | INFO | [executor2] processing 1 unread messages (steer=True)
2026-08-09 22:26:13 | team | sess_1b7149aef7d6 | INFO | Message d9d96d4a-550b-4fd8-9353-6f8651544da8 marked as read by executor2
2026-08-09 22:26:32 | team | sess_1b7149aef7d6 | INFO | team jiuwen_team_sess_1b7149aef7d6 reported completed: 9 members, 4 tasks
2026-08-09 22:26:32 | team | sess_1b7149aef7d6 | INFO | [executor2] received TEAM_STANDBY, pausing polls
2026-08-09 22:26:32 | team | sess_1b7149aef7d6 | INFO | EventBus[teammate] pausing polls
