2026-08-09 22:18:59 | team | sess_1b7149aef7d6 | INFO | Team workspace directory ensured at /srv/jwteam_clone/shared/run_current
2026-08-09 22:18:59 | team | sess_1b7149aef7d6 | INFO | AgentTeam manager initialized for jiuwen_team_sess_1b7149aef7d6, member=team_leader
2026-08-09 22:18:59 | team | sess_1b7149aef7d6 | INFO | [team_leader] TeamPolicyRail static sections: section_names=['team_role', 'team_workflow', 'team_swarmflow', 'team_lifecycle', 'team_persona']
2026-08-09 22:18:59 | team | sess_1b7149aef7d6 | INFO | Session tables ready for session sess_1b7149aef7d6
2026-08-09 22:18:59 | team | sess_1b7149aef7d6 | INFO | Team database initialized
2026-08-09 22:18:59 | team | default_trace_id | INFO | Team workspace directory ensured at /srv/jwteam_clone/shared/run_current
2026-08-09 22:18:59 | team | default_trace_id | INFO | AgentTeam manager initialized for jiuwen_team_sess_1b7149aef7d6, member=planner2
2026-08-09 22:18:59 | team | default_trace_id | INFO | [planner2] TeamPolicyRail static sections: section_names=['team_role', 'team_persona']
2026-08-09 22:18:59 | team | sess_1b7149aef7d6 | INFO | [planner2] invoke start, role=teammate
2026-08-09 22:18:59 | team | sess_1b7149aef7d6 | INFO | [planner2] coordination starting
2026-08-09 22:18:59 | team | sess_1b7149aef7d6 | INFO | Session tables ready for session sess_1b7149aef7d6
2026-08-09 22:18:59 | team | sess_1b7149aef7d6 | INFO | Workspace /srv/jwteam_clone/shared/run_current initialized as plain shared directory (version_control disabled)
2026-08-09 22:18:59 | team | sess_1b7149aef7d6 | INFO | EventBus[teammate] starting
2026-08-09 22:19:25 | team | sess_1b7149aef7d6 | INFO | [planner2] HITT section refresh: human_agent_names=[]
2026-08-09 22:19:36 | team | sess_1b7149aef7d6 | INFO | Task plan claimed by member planner2
2026-08-09 22:19:36 | team | sess_1b7149aef7d6 | INFO | Task plan claimed by member planner2
2026-08-09 22:19:39 | team | sess_1b7149aef7d6 | INFO | [planner2] processing 1 unread messages (steer=True)
2026-08-09 22:19:39 | team | sess_1b7149aef7d6 | INFO | Message b17ba290-c5ca-4906-ad53-8d15295c593c marked as read by planner2
2026-08-09 22:19:48 | team | sess_1b7149aef7d6 | INFO | [planner2] processing 1 unread messages (steer=True)
2026-08-09 22:19:48 | team | sess_1b7149aef7d6 | INFO | Message 363ebddb-8fa8-4b95-a410-827a1a2bfdca marked as read by planner2
2026-08-09 22:19:53 | team | sess_1b7149aef7d6 | INFO | [planner2] processing 1 unread messages (steer=True)
2026-08-09 22:19:53 | team | sess_1b7149aef7d6 | INFO | Message 4470cd4a-a5eb-40fc-be80-e99774fcc0af marked as read by planner2
2026-08-09 22:20:14 | team | sess_1b7149aef7d6 | INFO | Message 425fadfc-9ad4-478e-9d53-d9b7b1e323ff created
2026-08-09 22:20:18 | team | sess_1b7149aef7d6 | INFO | [planner2] processing 1 unread messages (steer=True)
2026-08-09 22:20:18 | team | sess_1b7149aef7d6 | INFO | Message d47f4d39-5b56-4c14-aa0b-6c07044ab120 marked as read by planner2
2026-08-09 22:20:37 | team | sess_1b7149aef7d6 | INFO | [planner2] processing 1 unread messages (steer=True)
2026-08-09 22:20:37 | team | sess_1b7149aef7d6 | INFO | Message 0cf410d3-f6dd-483c-968f-b796c131abe9 marked as read by planner2
2026-08-09 22:20:49 | team | sess_1b7149aef7d6 | INFO | Message 652c8448-c495-4657-9d42-d05571055fdf created
2026-08-09 22:21:01 | team | sess_1b7149aef7d6 | INFO | Message fcddbd18-e788-498c-a9eb-09476a69ae93 created
2026-08-09 22:21:33 | team | sess_1b7149aef7d6 | INFO | [planner2] processing 1 unread messages (steer=True)
2026-08-09 22:21:33 | team | sess_1b7149aef7d6 | INFO | Message cff8cd2a-98bc-4214-988b-68a4fb87a782 marked as read by planner2
2026-08-09 22:21:44 | team | sess_1b7149aef7d6 | INFO | Message 718dbc11-8031-4858-b020-4b5b1cfea209 created
2026-08-09 22:21:57 | team | sess_1b7149aef7d6 | INFO | Task plan completed at 1786310517778
2026-08-09 22:21:57 | team | sess_1b7149aef7d6 | INFO | Resolved 2 dependencies for task plan
2026-08-09 22:21:57 | team | sess_1b7149aef7d6 | INFO | Task implement-zone-a unblocked (all deps resolved)
2026-08-09 22:21:57 | team | sess_1b7149aef7d6 | INFO | Task implement-zone-b unblocked (all deps resolved)
2026-08-09 22:21:57 | team | sess_1b7149aef7d6 | INFO | Task plan completed
2026-08-09 22:21:57 | team | sess_1b7149aef7d6 | INFO | Unblocked 2 tasks
2026-08-09 22:22:03 | team | sess_1b7149aef7d6 | INFO | [planner2] processing 1 unread messages (steer=True)
2026-08-09 22:22:03 | team | sess_1b7149aef7d6 | INFO | Message d0b4e1a6-843e-4878-97dc-80d62b33953e marked as read by planner2
2026-08-09 22:22:04 | team | sess_1b7149aef7d6 | INFO | Message b63695b1-1182-4936-99fb-c99b4605608c created
2026-08-09 22:22:13 | team | sess_1b7149aef7d6 | INFO | Message 06ae99ee-c84d-4b73-a69f-e619997f4e55 created
2026-08-09 22:25:55 | team | sess_1b7149aef7d6 | INFO | task list drained for team jiuwen_team_sess_1b7149aef7d6: 4 terminal task(s)
2026-08-09 22:26:12 | team | sess_1b7149aef7d6 | INFO | [planner2] processing 1 unread messages (steer=True)
2026-08-09 22:26:13 | team | sess_1b7149aef7d6 | INFO | Message d9d96d4a-550b-4fd8-9353-6f8651544da8 marked as read by planner2
2026-08-09 22:26:32 | team | sess_1b7149aef7d6 | INFO | team jiuwen_team_sess_1b7149aef7d6 reported completed: 9 members, 4 tasks
2026-08-09 22:26:32 | team | sess_1b7149aef7d6 | INFO | [planner2] received TEAM_STANDBY, pausing polls
2026-08-09 22:26:32 | team | sess_1b7149aef7d6 | INFO | EventBus[teammate] pausing polls
