2026-08-09 07:42:43 | team | sess_eb85f9fa832f | INFO | Team workspace directory ensured at /srv/jwteam_clone/shared/run_current
2026-08-09 07:42:43 | team | sess_eb85f9fa832f | INFO | AgentTeam manager initialized for jiuwen_team_sess_eb85f9fa832f, member=team_leader
2026-08-09 07:42:43 | team | sess_eb85f9fa832f | INFO | [team_leader] TeamPolicyRail static sections: section_names=['team_role', 'team_workflow', 'team_swarmflow', 'team_lifecycle', 'team_persona']
2026-08-09 07:42:43 | team | sess_eb85f9fa832f | INFO | Session tables ready for session sess_eb85f9fa832f
2026-08-09 07:42:43 | team | sess_eb85f9fa832f | INFO | Team database initialized
2026-08-09 07:42:43 | team | default_trace_id | INFO | Team workspace directory ensured at /srv/jwteam_clone/shared/run_current
2026-08-09 07:42:43 | team | default_trace_id | INFO | AgentTeam manager initialized for jiuwen_team_sess_eb85f9fa832f, member=fullstack1
2026-08-09 07:42:43 | team | default_trace_id | INFO | [fullstack1] TeamPolicyRail static sections: section_names=['team_role', 'team_persona']
2026-08-09 07:42:43 | team | sess_eb85f9fa832f | INFO | [fullstack1] invoke start, role=teammate
2026-08-09 07:42:43 | team | sess_eb85f9fa832f | INFO | [fullstack1] coordination starting
2026-08-09 07:42:43 | team | sess_eb85f9fa832f | INFO | Session tables ready for session sess_eb85f9fa832f
2026-08-09 07:42:43 | team | sess_eb85f9fa832f | INFO | Workspace /srv/jwteam_clone/shared/run_current initialized as plain shared directory (version_control disabled)
2026-08-09 07:42:43 | team | sess_eb85f9fa832f | INFO | EventBus[teammate] starting
2026-08-09 07:43:32 | team | sess_eb85f9fa832f | INFO | [fullstack1] HITT section refresh: human_agent_names=[]
2026-08-09 07:43:43 | team | sess_eb85f9fa832f | INFO | [fullstack1] processing 1 unread messages (steer=True)
2026-08-09 07:43:43 | team | sess_eb85f9fa832f | INFO | Message cb19967b-b2a4-4b81-bac4-5cd0ee2f0596 marked as read by fullstack1
2026-08-09 07:44:37 | team | sess_eb85f9fa832f | INFO | Message 50bf9429-efb8-4b68-a6b4-51dfc71c76f9 created
2026-08-09 07:46:15 | team | sess_eb85f9fa832f | INFO | Task verify-all claimed by member fullstack1
2026-08-09 07:46:15 | team | sess_eb85f9fa832f | INFO | Task verify-all claimed by member fullstack1
2026-08-09 07:46:20 | team | sess_eb85f9fa832f | INFO | [fullstack1] processing 1 unread messages (steer=True)
2026-08-09 07:46:20 | team | sess_eb85f9fa832f | INFO | Message 50dc6c0a-9d03-408e-9b77-a538be5dfd99 marked as read by fullstack1
2026-08-09 07:46:53 | team | sess_eb85f9fa832f | INFO | [fullstack1] processing 1 unread messages (steer=True)
2026-08-09 07:46:53 | team | sess_eb85f9fa832f | INFO | Message 9efd1451-e1d4-4adb-9320-271f5737b195 marked as read by fullstack1
2026-08-09 07:46:58 | team | sess_eb85f9fa832f | INFO | Message e2254cd3-9b9a-4ee7-9792-c7a5d0931b31 created
2026-08-09 07:47:07 | team | sess_eb85f9fa832f | INFO | [fullstack1] processing 1 unread messages (steer=True)
2026-08-09 07:47:07 | team | sess_eb85f9fa832f | INFO | Message 92f8ec3a-dc9a-47e2-a4a6-2744af0acc42 marked as read by fullstack1
2026-08-09 07:47:32 | team | sess_eb85f9fa832f | INFO | task list drained for team jiuwen_team_sess_eb85f9fa832f: 4 terminal task(s)
2026-08-09 07:47:44 | team | sess_eb85f9fa832f | INFO | [fullstack1] processing 1 unread messages (steer=True)
2026-08-09 07:47:45 | team | sess_eb85f9fa832f | INFO | Message 50da9448-8ebb-4014-b5a8-ca9bf41340a8 marked as read by fullstack1
2026-08-09 07:47:56 | team | sess_eb85f9fa832f | INFO | team jiuwen_team_sess_eb85f9fa832f reported completed: 9 members, 4 tasks
2026-08-09 07:47:56 | team | sess_eb85f9fa832f | INFO | [fullstack1] received TEAM_STANDBY, pausing polls
2026-08-09 07:47:56 | team | sess_eb85f9fa832f | INFO | EventBus[teammate] pausing polls
