2026-08-09 07:42:40 | team | sess_eb85f9fa832f | INFO | Team workspace directory ensured at /srv/jwteam_clone/shared/run_current
2026-08-09 07:42:40 | team | sess_eb85f9fa832f | INFO | AgentTeam manager initialized for jiuwen_team_sess_eb85f9fa832f, member=team_leader
2026-08-09 07:42:40 | team | sess_eb85f9fa832f | INFO | [team_leader] TeamPolicyRail static sections: section_names=['team_role', 'team_workflow', 'team_swarmflow', 'team_lifecycle', 'team_persona']
2026-08-09 07:42:40 | team | sess_eb85f9fa832f | INFO | Session tables ready for session sess_eb85f9fa832f
2026-08-09 07:42:40 | team | sess_eb85f9fa832f | INFO | Team database initialized
2026-08-09 07:42:40 | team | default_trace_id | INFO | Team workspace directory ensured at /srv/jwteam_clone/shared/run_current
2026-08-09 07:42:40 | team | default_trace_id | INFO | AgentTeam manager initialized for jiuwen_team_sess_eb85f9fa832f, member=executor3
2026-08-09 07:42:40 | team | default_trace_id | INFO | [executor3] TeamPolicyRail static sections: section_names=['team_role', 'team_persona']
2026-08-09 07:42:41 | team | sess_eb85f9fa832f | INFO | [executor3] invoke start, role=teammate
2026-08-09 07:42:41 | team | sess_eb85f9fa832f | INFO | [executor3] coordination starting
2026-08-09 07:42:41 | team | sess_eb85f9fa832f | INFO | Session tables ready for session sess_eb85f9fa832f
2026-08-09 07:42:41 | team | sess_eb85f9fa832f | INFO | Workspace /srv/jwteam_clone/shared/run_current initialized as plain shared directory (version_control disabled)
2026-08-09 07:42:41 | team | sess_eb85f9fa832f | INFO | EventBus[teammate] starting
2026-08-09 07:43:32 | team | sess_eb85f9fa832f | INFO | [executor3] HITT section refresh: human_agent_names=[]
2026-08-09 07:43:43 | team | sess_eb85f9fa832f | INFO | [executor3] processing 1 unread messages (steer=True)
2026-08-09 07:43:43 | team | sess_eb85f9fa832f | INFO | Message cb19967b-b2a4-4b81-bac4-5cd0ee2f0596 marked as read by executor3
2026-08-09 07:44:38 | team | sess_eb85f9fa832f | INFO | [executor3] processing 1 unread messages (steer=True)
2026-08-09 07:44:38 | team | sess_eb85f9fa832f | INFO | Message 82551780-a721-43ac-a2f9-c9b9a8ead46d marked as read by executor3
2026-08-09 07:44:54 | team | sess_eb85f9fa832f | INFO | Task impl-errors claimed by member executor3
2026-08-09 07:44:54 | team | sess_eb85f9fa832f | INFO | Task impl-errors claimed by member executor3
2026-08-09 07:44:58 | team | sess_eb85f9fa832f | INFO | [executor3] processing 1 unread messages (steer=True)
2026-08-09 07:44:58 | team | sess_eb85f9fa832f | INFO | Message fc1ffc35-f933-4422-9adc-02e58945ceab marked as read by executor3
2026-08-09 07:45:08 | team | sess_eb85f9fa832f | INFO | Message 44750f4b-4185-4c7a-a8aa-7e518e14a07f created
2026-08-09 07:45:13 | team | sess_eb85f9fa832f | INFO | Task impl-errors completed at 1786257913336
2026-08-09 07:45:13 | team | sess_eb85f9fa832f | INFO | Resolved 1 dependencies for task impl-errors
2026-08-09 07:45:13 | team | sess_eb85f9fa832f | INFO | Task impl-errors completed
2026-08-09 07:45:18 | team | sess_eb85f9fa832f | INFO | Message 4f444646-8b23-421a-9b3a-d57a0208e5e4 created
2026-08-09 07:45:28 | team | sess_eb85f9fa832f | INFO | [executor3] processing 1 unread messages (steer=True)
2026-08-09 07:45:28 | team | sess_eb85f9fa832f | INFO | Message 5468fc49-7140-4abd-8afd-a2cdb2d114e3 marked as read by executor3
2026-08-09 07:47:32 | team | sess_eb85f9fa832f | INFO | task list drained for team jiuwen_team_sess_eb85f9fa832f: 4 terminal task(s)
2026-08-09 07:47:44 | team | sess_eb85f9fa832f | INFO | [executor3] processing 1 unread messages (steer=True)
2026-08-09 07:47:44 | team | sess_eb85f9fa832f | INFO | Message 50da9448-8ebb-4014-b5a8-ca9bf41340a8 marked as read by executor3
2026-08-09 07:47:56 | team | sess_eb85f9fa832f | INFO | team jiuwen_team_sess_eb85f9fa832f reported completed: 9 members, 4 tasks
2026-08-09 07:47:56 | team | sess_eb85f9fa832f | INFO | [executor3] received TEAM_STANDBY, pausing polls
2026-08-09 07:47:56 | team | sess_eb85f9fa832f | INFO | EventBus[teammate] pausing polls
