2026-08-09 07:42:40 | team | sess_eb85f9fa832f | INFO | Team workspace directory ensured at /srv/jwteam_clone/shared/run_current
2026-08-09 07:42:40 | team | sess_eb85f9fa832f | INFO | AgentTeam manager initialized for jiuwen_team_sess_eb85f9fa832f, member=team_leader
2026-08-09 07:42:40 | team | sess_eb85f9fa832f | INFO | [team_leader] TeamPolicyRail static sections: section_names=['team_role', 'team_workflow', 'team_swarmflow', 'team_lifecycle', 'team_persona']
2026-08-09 07:42:40 | team | sess_eb85f9fa832f | INFO | Session tables ready for session sess_eb85f9fa832f
2026-08-09 07:42:40 | team | sess_eb85f9fa832f | INFO | Team database initialized
2026-08-09 07:42:40 | team | default_trace_id | INFO | Team workspace directory ensured at /srv/jwteam_clone/shared/run_current
2026-08-09 07:42:40 | team | default_trace_id | INFO | AgentTeam manager initialized for jiuwen_team_sess_eb85f9fa832f, member=executor2
2026-08-09 07:42:40 | team | default_trace_id | INFO | [executor2] TeamPolicyRail static sections: section_names=['team_role', 'team_persona']
2026-08-09 07:42:40 | team | sess_eb85f9fa832f | INFO | [executor2] invoke start, role=teammate
2026-08-09 07:42:40 | team | sess_eb85f9fa832f | INFO | [executor2] coordination starting
2026-08-09 07:42:40 | team | sess_eb85f9fa832f | INFO | Session tables ready for session sess_eb85f9fa832f
2026-08-09 07:42:40 | team | sess_eb85f9fa832f | INFO | Workspace /srv/jwteam_clone/shared/run_current initialized as plain shared directory (version_control disabled)
2026-08-09 07:42:40 | team | sess_eb85f9fa832f | INFO | EventBus[teammate] starting
2026-08-09 07:43:32 | team | sess_eb85f9fa832f | INFO | [executor2] HITT section refresh: human_agent_names=[]
2026-08-09 07:43:43 | team | sess_eb85f9fa832f | INFO | [executor2] processing 1 unread messages (steer=True)
2026-08-09 07:43:43 | team | sess_eb85f9fa832f | INFO | Message cb19967b-b2a4-4b81-bac4-5cd0ee2f0596 marked as read by executor2
2026-08-09 07:43:53 | team | sess_eb85f9fa832f | INFO | Message ffdf58fc-3270-4384-b311-17918be245e6 created
2026-08-09 07:47:32 | team | sess_eb85f9fa832f | INFO | task list drained for team jiuwen_team_sess_eb85f9fa832f: 4 terminal task(s)
2026-08-09 07:47:44 | team | sess_eb85f9fa832f | INFO | [executor2] processing 1 unread messages (steer=True)
2026-08-09 07:47:44 | team | sess_eb85f9fa832f | INFO | Message 50da9448-8ebb-4014-b5a8-ca9bf41340a8 marked as read by executor2
2026-08-09 07:47:56 | team | sess_eb85f9fa832f | INFO | team jiuwen_team_sess_eb85f9fa832f reported completed: 9 members, 4 tasks
2026-08-09 07:47:56 | team | sess_eb85f9fa832f | INFO | [executor2] received TEAM_STANDBY, pausing polls
2026-08-09 07:47:56 | team | sess_eb85f9fa832f | INFO | EventBus[teammate] pausing polls
