2026-08-09 07:42:39 | team | sess_eb85f9fa832f | INFO | Team workspace directory ensured at /srv/jwteam_clone/shared/run_current
2026-08-09 07:42:39 | team | sess_eb85f9fa832f | INFO | AgentTeam manager initialized for jiuwen_team_sess_eb85f9fa832f, member=team_leader
2026-08-09 07:42:39 | team | sess_eb85f9fa832f | INFO | [team_leader] TeamPolicyRail static sections: section_names=['team_role', 'team_workflow', 'team_swarmflow', 'team_lifecycle', 'team_persona']
2026-08-09 07:42:39 | team | sess_eb85f9fa832f | INFO | Session tables ready for session sess_eb85f9fa832f
2026-08-09 07:42:39 | team | sess_eb85f9fa832f | INFO | Team database initialized
2026-08-09 07:42:39 | team | default_trace_id | INFO | Team workspace directory ensured at /srv/jwteam_clone/shared/run_current
2026-08-09 07:42:39 | team | default_trace_id | INFO | AgentTeam manager initialized for jiuwen_team_sess_eb85f9fa832f, member=executor1
2026-08-09 07:42:39 | team | default_trace_id | INFO | [executor1] TeamPolicyRail static sections: section_names=['team_role', 'team_persona']
2026-08-09 07:42:39 | team | sess_eb85f9fa832f | INFO | [executor1] invoke start, role=teammate
2026-08-09 07:42:39 | team | sess_eb85f9fa832f | INFO | [executor1] coordination starting
2026-08-09 07:42:39 | team | sess_eb85f9fa832f | INFO | Session tables ready for session sess_eb85f9fa832f
2026-08-09 07:42:39 | team | sess_eb85f9fa832f | INFO | Workspace /srv/jwteam_clone/shared/run_current initialized as plain shared directory (version_control disabled)
2026-08-09 07:42:39 | team | sess_eb85f9fa832f | INFO | EventBus[teammate] starting
2026-08-09 07:43:32 | team | sess_eb85f9fa832f | INFO | [executor1] HITT section refresh: human_agent_names=[]
2026-08-09 07:43:43 | team | sess_eb85f9fa832f | INFO | [executor1] processing 1 unread messages (steer=True)
2026-08-09 07:43:43 | team | sess_eb85f9fa832f | INFO | Message cb19967b-b2a4-4b81-bac4-5cd0ee2f0596 marked as read by executor1
2026-08-09 07:44:38 | team | sess_eb85f9fa832f | INFO | [executor1] processing 1 unread messages (steer=True)
2026-08-09 07:44:38 | team | sess_eb85f9fa832f | INFO | Message a67d99c3-dcbd-41b2-9caf-02c74d6d9463 marked as read by executor1
2026-08-09 07:44:58 | team | sess_eb85f9fa832f | INFO | Message fc1ffc35-f933-4422-9adc-02e58945ceab created
2026-08-09 07:44:58 | team | sess_eb85f9fa832f | INFO | Task impl-translator claimed by member executor1
2026-08-09 07:44:58 | team | sess_eb85f9fa832f | INFO | Task impl-translator claimed by member executor1
2026-08-09 07:45:08 | team | sess_eb85f9fa832f | INFO | [executor1] processing 1 unread messages (steer=True)
2026-08-09 07:45:08 | team | sess_eb85f9fa832f | INFO | Message 44750f4b-4185-4c7a-a8aa-7e518e14a07f marked as read by executor1
2026-08-09 07:46:08 | team | sess_eb85f9fa832f | INFO | Task impl-translator completed at 1786257968118
2026-08-09 07:46:08 | team | sess_eb85f9fa832f | INFO | Message eb5238a5-53af-4382-af55-ba1557a1472b created
2026-08-09 07:46:08 | team | sess_eb85f9fa832f | INFO | Resolved 1 dependencies for task impl-translator
2026-08-09 07:46:08 | team | sess_eb85f9fa832f | INFO | Task verify-all unblocked (all deps resolved)
2026-08-09 07:46:08 | team | sess_eb85f9fa832f | INFO | Task impl-translator completed
2026-08-09 07:46:08 | team | sess_eb85f9fa832f | INFO | Unblocked 1 tasks
2026-08-09 07:46:15 | team | sess_eb85f9fa832f | INFO | [executor1] processing 1 unread messages (steer=True)
2026-08-09 07:46:15 | team | sess_eb85f9fa832f | INFO | Message ddf30fb0-ba0d-468b-b9ca-32ddc3972518 marked as read by executor1
2026-08-09 07:47:32 | team | sess_eb85f9fa832f | INFO | task list drained for team jiuwen_team_sess_eb85f9fa832f: 4 terminal task(s)
2026-08-09 07:47:44 | team | sess_eb85f9fa832f | INFO | [executor1] processing 1 unread messages (steer=True)
2026-08-09 07:47:44 | team | sess_eb85f9fa832f | INFO | Message 50da9448-8ebb-4014-b5a8-ca9bf41340a8 marked as read by executor1
2026-08-09 07:47:56 | team | sess_eb85f9fa832f | INFO | team jiuwen_team_sess_eb85f9fa832f reported completed: 9 members, 4 tasks
2026-08-09 07:47:56 | team | sess_eb85f9fa832f | INFO | [executor1] received TEAM_STANDBY, pausing polls
2026-08-09 07:47:56 | team | sess_eb85f9fa832f | INFO | EventBus[teammate] pausing polls
