2026-08-09 07:42:37 | team | sess_eb85f9fa832f | INFO | Team workspace directory ensured at /srv/jwteam_clone/shared/run_current
2026-08-09 07:42:37 | team | sess_eb85f9fa832f | INFO | AgentTeam manager initialized for jiuwen_team_sess_eb85f9fa832f, member=team_leader
2026-08-09 07:42:37 | team | sess_eb85f9fa832f | INFO | [team_leader] TeamPolicyRail static sections: section_names=['team_role', 'team_workflow', 'team_swarmflow', 'team_lifecycle', 'team_persona']
2026-08-09 07:42:37 | team | sess_eb85f9fa832f | INFO | Session tables ready for session sess_eb85f9fa832f
2026-08-09 07:42:37 | team | sess_eb85f9fa832f | INFO | Team database initialized
2026-08-09 07:42:37 | team | default_trace_id | INFO | Team workspace directory ensured at /srv/jwteam_clone/shared/run_current
2026-08-09 07:42:37 | team | default_trace_id | INFO | AgentTeam manager initialized for jiuwen_team_sess_eb85f9fa832f, member=planner1
2026-08-09 07:42:37 | team | default_trace_id | INFO | [planner1] TeamPolicyRail static sections: section_names=['team_role', 'team_persona']
2026-08-09 07:42:37 | team | sess_eb85f9fa832f | INFO | [planner1] invoke start, role=teammate
2026-08-09 07:42:37 | team | sess_eb85f9fa832f | INFO | [planner1] coordination starting
2026-08-09 07:42:37 | team | sess_eb85f9fa832f | INFO | Session tables ready for session sess_eb85f9fa832f
2026-08-09 07:42:37 | team | sess_eb85f9fa832f | INFO | Workspace /srv/jwteam_clone/shared/run_current initialized as plain shared directory (version_control disabled)
2026-08-09 07:42:37 | team | sess_eb85f9fa832f | INFO | EventBus[teammate] starting
2026-08-09 07:43:32 | team | sess_eb85f9fa832f | INFO | [planner1] HITT section refresh: human_agent_names=[]
2026-08-09 07:43:37 | team | sess_eb85f9fa832f | INFO | Task plan-all claimed by member planner1
2026-08-09 07:43:37 | team | sess_eb85f9fa832f | INFO | Task plan-all claimed by member planner1
2026-08-09 07:43:43 | team | sess_eb85f9fa832f | INFO | [planner1] processing 1 unread messages (steer=True)
2026-08-09 07:43:43 | team | sess_eb85f9fa832f | INFO | Message cb19967b-b2a4-4b81-bac4-5cd0ee2f0596 marked as read by planner1
2026-08-09 07:43:55 | team | sess_eb85f9fa832f | INFO | [planner1] processing 1 unread messages (steer=True)
2026-08-09 07:43:55 | team | sess_eb85f9fa832f | INFO | Message 8b01c9d9-a39b-4e1a-ae25-3cf318c0e46d marked as read by planner1
2026-08-09 07:44:38 | team | sess_eb85f9fa832f | INFO | Message a67d99c3-dcbd-41b2-9caf-02c74d6d9463 created
2026-08-09 07:44:38 | team | sess_eb85f9fa832f | INFO | Message 82551780-a721-43ac-a2f9-c9b9a8ead46d created
2026-08-09 07:44:45 | team | sess_eb85f9fa832f | INFO | Task plan-all completed at 1786257885054
2026-08-09 07:44:45 | team | sess_eb85f9fa832f | INFO | Message d0d5a86f-4f54-49dd-9d5a-be53dc5e437a created
2026-08-09 07:44:45 | team | sess_eb85f9fa832f | INFO | Resolved 2 dependencies for task plan-all
2026-08-09 07:44:45 | team | sess_eb85f9fa832f | INFO | Task impl-errors unblocked (all deps resolved)
2026-08-09 07:44:45 | team | sess_eb85f9fa832f | INFO | Task impl-translator unblocked (all deps resolved)
2026-08-09 07:44:45 | team | sess_eb85f9fa832f | INFO | Task plan-all completed
2026-08-09 07:44:45 | team | sess_eb85f9fa832f | INFO | Unblocked 2 tasks
2026-08-09 07:47:32 | team | sess_eb85f9fa832f | INFO | task list drained for team jiuwen_team_sess_eb85f9fa832f: 4 terminal task(s)
2026-08-09 07:47:44 | team | sess_eb85f9fa832f | INFO | [planner1] processing 1 unread messages (steer=True)
2026-08-09 07:47:45 | team | sess_eb85f9fa832f | INFO | Message 50da9448-8ebb-4014-b5a8-ca9bf41340a8 marked as read by planner1
2026-08-09 07:47:49 | team | sess_eb85f9fa832f | INFO | Message 40d519bf-e3cc-4fcd-b71e-5a235fa45ac6 created
2026-08-09 07:47:56 | team | sess_eb85f9fa832f | INFO | team jiuwen_team_sess_eb85f9fa832f reported completed: 9 members, 4 tasks
2026-08-09 07:47:56 | team | sess_eb85f9fa832f | INFO | [planner1] received TEAM_STANDBY, pausing polls
2026-08-09 07:47:56 | team | sess_eb85f9fa832f | INFO | EventBus[teammate] pausing polls
