2026-08-09 07:42:41 | team | sess_eb85f9fa832f | INFO | Team workspace directory ensured at /srv/jwteam_clone/shared/run_current
2026-08-09 07:42:41 | team | sess_eb85f9fa832f | INFO | AgentTeam manager initialized for jiuwen_team_sess_eb85f9fa832f, member=team_leader
2026-08-09 07:42:41 | team | sess_eb85f9fa832f | INFO | [team_leader] TeamPolicyRail static sections: section_names=['team_role', 'team_workflow', 'team_swarmflow', 'team_lifecycle', 'team_persona']
2026-08-09 07:42:41 | team | sess_eb85f9fa832f | INFO | Session tables ready for session sess_eb85f9fa832f
2026-08-09 07:42:41 | team | sess_eb85f9fa832f | INFO | Team database initialized
2026-08-09 07:42:41 | team | default_trace_id | INFO | Team workspace directory ensured at /srv/jwteam_clone/shared/run_current
2026-08-09 07:42:41 | team | default_trace_id | INFO | AgentTeam manager initialized for jiuwen_team_sess_eb85f9fa832f, member=verifier1
2026-08-09 07:42:41 | team | default_trace_id | INFO | [verifier1] TeamPolicyRail static sections: section_names=['team_role', 'team_persona']
2026-08-09 07:42:41 | team | sess_eb85f9fa832f | INFO | [verifier1] invoke start, role=teammate
2026-08-09 07:42:41 | team | sess_eb85f9fa832f | INFO | [verifier1] coordination starting
2026-08-09 07:42:41 | team | sess_eb85f9fa832f | INFO | Session tables ready for session sess_eb85f9fa832f
2026-08-09 07:42:41 | team | sess_eb85f9fa832f | INFO | Workspace /srv/jwteam_clone/shared/run_current initialized as plain shared directory (version_control disabled)
2026-08-09 07:42:41 | team | sess_eb85f9fa832f | INFO | EventBus[teammate] starting
2026-08-09 07:43:32 | team | sess_eb85f9fa832f | INFO | [verifier1] HITT section refresh: human_agent_names=[]
2026-08-09 07:43:43 | team | sess_eb85f9fa832f | INFO | [verifier1] processing 1 unread messages (steer=True)
2026-08-09 07:43:43 | team | sess_eb85f9fa832f | INFO | Message cb19967b-b2a4-4b81-bac4-5cd0ee2f0596 marked as read by verifier1
2026-08-09 07:43:56 | team | sess_eb85f9fa832f | INFO | Message 87ab001d-0f60-4698-9428-de264f166016 created
2026-08-09 07:45:18 | team | sess_eb85f9fa832f | INFO | [verifier1] processing 1 unread messages (steer=True)
2026-08-09 07:45:18 | team | sess_eb85f9fa832f | INFO | Message 4f444646-8b23-421a-9b3a-d57a0208e5e4 marked as read by verifier1
2026-08-09 07:45:28 | team | sess_eb85f9fa832f | INFO | Message 5468fc49-7140-4abd-8afd-a2cdb2d114e3 created
2026-08-09 07:46:08 | team | sess_eb85f9fa832f | INFO | [verifier1] processing 1 unread messages (steer=True)
2026-08-09 07:46:08 | team | sess_eb85f9fa832f | INFO | Message eb5238a5-53af-4382-af55-ba1557a1472b marked as read by verifier1
2026-08-09 07:46:15 | team | sess_eb85f9fa832f | INFO | Message ddf30fb0-ba0d-468b-b9ca-32ddc3972518 created
2026-08-09 07:46:29 | team | sess_eb85f9fa832f | INFO | Task verify-all claimed by member verifier1
2026-08-09 07:46:29 | team | sess_eb85f9fa832f | INFO | Task verify-all claimed by member verifier1
2026-08-09 07:47:02 | team | sess_eb85f9fa832f | INFO | [verifier1] processing 1 unread messages (steer=True)
2026-08-09 07:47:02 | team | sess_eb85f9fa832f | INFO | Message 96fcc829-9e63-493c-be71-8cb34ff722c9 marked as read by verifier1
2026-08-09 07:47:14 | team | sess_eb85f9fa832f | INFO | Message 28ae1a27-7816-48b1-a452-3b99812f4f33 created
2026-08-09 07:47:19 | team | sess_eb85f9fa832f | INFO | [verifier1] processing 1 unread messages (steer=True)
2026-08-09 07:47:19 | team | sess_eb85f9fa832f | INFO | Message 12d06442-86ae-46bc-bbf8-a0303924ec41 marked as read by verifier1
2026-08-09 07:47:32 | team | sess_eb85f9fa832f | INFO | Task verify-all completed at 1786258052503
2026-08-09 07:47:32 | team | sess_eb85f9fa832f | INFO | Message 21affc2f-5fd6-462d-9b94-804f91510e6b created
2026-08-09 07:47:32 | team | sess_eb85f9fa832f | INFO | Message a02b510e-1222-4568-a5a7-eb6029120fa6 created
2026-08-09 07:47:32 | team | sess_eb85f9fa832f | INFO | Task verify-all completed
2026-08-09 07:47:36 | team | sess_eb85f9fa832f | INFO | [verifier1] processing 1 unread messages (steer=True)
2026-08-09 07:47:36 | team | sess_eb85f9fa832f | INFO | Message 4c4cce33-a594-4efa-9d27-5fec1d71c1a8 marked as read by verifier1
2026-08-09 07:47:44 | team | sess_eb85f9fa832f | INFO | [verifier1] processing 1 unread messages (steer=True)
2026-08-09 07:47:44 | team | sess_eb85f9fa832f | INFO | Message 50da9448-8ebb-4014-b5a8-ca9bf41340a8 marked as read by verifier1
2026-08-09 07:47:56 | team | sess_eb85f9fa832f | INFO | team jiuwen_team_sess_eb85f9fa832f reported completed: 9 members, 4 tasks
2026-08-09 07:47:56 | team | sess_eb85f9fa832f | INFO | [verifier1] received TEAM_STANDBY, pausing polls
2026-08-09 07:47:56 | team | sess_eb85f9fa832f | INFO | EventBus[teammate] pausing polls
