2026-08-08 13:11:04 | team | sess_4a64705fde14 | INFO | Team workspace directory ensured at /srv/jwteam_clone/shared/run_current
2026-08-08 13:11:04 | team | sess_4a64705fde14 | INFO | AgentTeam manager initialized for jiuwen_team_sess_4a64705fde14, member=team_leader
2026-08-08 13:11:04 | team | sess_4a64705fde14 | INFO | [team_leader] TeamPolicyRail static sections: section_names=['team_role', 'team_workflow', 'team_swarmflow', 'team_lifecycle', 'team_persona']
2026-08-08 13:11:04 | team | sess_4a64705fde14 | INFO | Session tables ready for session sess_4a64705fde14
2026-08-08 13:11:04 | team | sess_4a64705fde14 | INFO | Team database initialized
2026-08-08 13:11:04 | team | default_trace_id | INFO | Team workspace directory ensured at /srv/jwteam_clone/shared/run_current
2026-08-08 13:11:04 | team | default_trace_id | INFO | AgentTeam manager initialized for jiuwen_team_sess_4a64705fde14, member=verifier2
2026-08-08 13:11:04 | team | default_trace_id | INFO | [verifier2] TeamPolicyRail static sections: section_names=['team_role', 'team_persona']
2026-08-08 13:11:04 | team | sess_4a64705fde14 | INFO | [verifier2] invoke start, role=teammate
2026-08-08 13:11:04 | team | sess_4a64705fde14 | INFO | [verifier2] coordination starting
2026-08-08 13:11:04 | team | sess_4a64705fde14 | INFO | Session tables ready for session sess_4a64705fde14
2026-08-08 13:11:04 | team | sess_4a64705fde14 | INFO | Workspace /srv/jwteam_clone/shared/run_current initialized as plain shared directory (version_control disabled)
2026-08-08 13:11:04 | team | sess_4a64705fde14 | INFO | EventBus[teammate] starting
2026-08-08 13:11:52 | team | sess_4a64705fde14 | INFO | [verifier2] HITT section refresh: human_agent_names=[]
2026-08-08 13:12:04 | team | sess_4a64705fde14 | INFO | [verifier2] processing 1 unread messages (steer=True)
2026-08-08 13:12:04 | team | sess_4a64705fde14 | INFO | Message 906383bc-4bff-4104-b41e-e22f9a39501a marked as read by verifier2
2026-08-08 13:12:28 | team | sess_4a64705fde14 | INFO | Message ad9f50a9-549f-4d4e-a5b4-93a4d73e6f0e created
2026-08-08 13:14:39 | team | sess_4a64705fde14 | INFO | [verifier2] processing 1 unread messages (steer=True)
2026-08-08 13:14:39 | team | sess_4a64705fde14 | INFO | Message 3c634e32-f552-4ad5-bce3-d7c42232771d marked as read by verifier2
2026-08-08 13:15:59 | team | sess_4a64705fde14 | INFO | [verifier2] processing 1 unread messages (steer=True)
2026-08-08 13:15:59 | team | sess_4a64705fde14 | INFO | Message 0538aa55-aa08-42cc-ae34-ba579c74b929 marked as read by verifier2
2026-08-08 13:16:05 | team | sess_4a64705fde14 | INFO | Task spec5_verify_v2 claimed by member verifier2
2026-08-08 13:16:05 | team | sess_4a64705fde14 | INFO | Task spec5_verify_v2 claimed by member verifier2
2026-08-08 13:17:13 | team | sess_4a64705fde14 | INFO | Message 1de9d2c5-8777-4347-bc45-3912e37b8dc2 created
2026-08-08 13:17:16 | team | sess_4a64705fde14 | INFO | Task spec5_verify_v2 completed at 1786191436593
2026-08-08 13:17:16 | team | sess_4a64705fde14 | INFO | Task spec5_verify_v2 completed
2026-08-08 13:17:34 | team | sess_4a64705fde14 | INFO | [verifier2] processing 1 unread messages (steer=True)
2026-08-08 13:17:34 | team | sess_4a64705fde14 | INFO | Message d7566685-dbeb-4f4b-b2e5-6ed083defd1c marked as read by verifier2
2026-08-08 13:17:51 | team | sess_4a64705fde14 | INFO | task list drained for team jiuwen_team_sess_4a64705fde14: 8 terminal task(s)
2026-08-08 13:18:19 | team | sess_4a64705fde14 | INFO | [verifier2] processing 1 unread messages (steer=True)
2026-08-08 13:18:19 | team | sess_4a64705fde14 | INFO | Message 0a90b6d2-a6f4-4a72-bfc3-9aa49b08b379 marked as read by verifier2
2026-08-08 13:18:28 | team | sess_4a64705fde14 | INFO | team jiuwen_team_sess_4a64705fde14 reported completed: 9 members, 8 tasks
2026-08-08 13:18:29 | team | sess_4a64705fde14 | INFO | [verifier2] received TEAM_STANDBY, pausing polls
2026-08-08 13:18:29 | team | sess_4a64705fde14 | INFO | EventBus[teammate] pausing polls
