2026-08-08 13:11:01 | team | sess_4a64705fde14 | INFO | Team workspace directory ensured at /srv/jwteam_clone/shared/run_current
2026-08-08 13:11:01 | team | sess_4a64705fde14 | INFO | AgentTeam manager initialized for jiuwen_team_sess_4a64705fde14, member=team_leader
2026-08-08 13:11:01 | team | sess_4a64705fde14 | INFO | [team_leader] TeamPolicyRail static sections: section_names=['team_role', 'team_workflow', 'team_swarmflow', 'team_lifecycle', 'team_persona']
2026-08-08 13:11:01 | team | sess_4a64705fde14 | INFO | Session tables ready for session sess_4a64705fde14
2026-08-08 13:11:01 | team | sess_4a64705fde14 | INFO | Team database initialized
2026-08-08 13:11:01 | team | default_trace_id | INFO | Team workspace directory ensured at /srv/jwteam_clone/shared/run_current
2026-08-08 13:11:01 | team | default_trace_id | INFO | AgentTeam manager initialized for jiuwen_team_sess_4a64705fde14, member=executor2
2026-08-08 13:11:01 | team | default_trace_id | INFO | [executor2] TeamPolicyRail static sections: section_names=['team_role', 'team_persona']
2026-08-08 13:11:01 | team | sess_4a64705fde14 | INFO | [executor2] invoke start, role=teammate
2026-08-08 13:11:01 | team | sess_4a64705fde14 | INFO | [executor2] coordination starting
2026-08-08 13:11:01 | team | sess_4a64705fde14 | INFO | Session tables ready for session sess_4a64705fde14
2026-08-08 13:11:01 | team | sess_4a64705fde14 | INFO | Workspace /srv/jwteam_clone/shared/run_current initialized as plain shared directory (version_control disabled)
2026-08-08 13:11:01 | team | sess_4a64705fde14 | INFO | EventBus[teammate] starting
2026-08-08 13:11:52 | team | sess_4a64705fde14 | INFO | [executor2] HITT section refresh: human_agent_names=[]
2026-08-08 13:12:04 | team | sess_4a64705fde14 | INFO | [executor2] processing 1 unread messages (steer=True)
2026-08-08 13:12:04 | team | sess_4a64705fde14 | INFO | Message 906383bc-4bff-4104-b41e-e22f9a39501a marked as read by executor2
2026-08-08 13:12:44 | team | sess_4a64705fde14 | INFO | Task spec5_implement claimed by member executor2
2026-08-08 13:12:44 | team | sess_4a64705fde14 | INFO | Task spec5_implement claimed by member executor2
2026-08-08 13:13:26 | team | sess_4a64705fde14 | INFO | [executor2] processing 1 unread messages (steer=True)
2026-08-08 13:13:26 | team | sess_4a64705fde14 | INFO | Message a8b27d75-8b3d-47ed-83b2-330795ab7903 marked as read by executor2
2026-08-08 13:13:27 | team | sess_4a64705fde14 | INFO | [executor2] processing 1 unread messages (steer=True)
2026-08-08 13:13:27 | team | sess_4a64705fde14 | INFO | Message 7ce6bdcb-cf4d-4e3b-a50b-cf68db404704 marked as read by executor2
2026-08-08 13:13:32 | team | sess_4a64705fde14 | INFO | Message 48c9ce85-6e85-45cc-a20b-2e5caa2562f3 created
2026-08-08 13:13:47 | team | sess_4a64705fde14 | INFO | [executor2] processing 1 unread messages (steer=True)
2026-08-08 13:13:47 | team | sess_4a64705fde14 | INFO | Message 87f65e2b-2871-4ef1-afd4-6aa21272162b marked as read by executor2
2026-08-08 13:13:54 | team | sess_4a64705fde14 | INFO | [executor2] processing 1 unread messages (steer=True)
2026-08-08 13:13:54 | team | sess_4a64705fde14 | INFO | Message 85f5b8a8-64a7-4876-88bd-d3c6a6ce398e marked as read by executor2
2026-08-08 13:14:13 | team | sess_4a64705fde14 | INFO | [executor2] processing 1 unread messages (steer=True)
2026-08-08 13:14:13 | team | sess_4a64705fde14 | INFO | Message 3ea63996-6e08-4494-98f6-9dc88aaa81f3 marked as read by executor2
2026-08-08 13:14:39 | team | sess_4a64705fde14 | INFO | Task spec5_implement completed at 1786191279011
2026-08-08 13:14:39 | team | sess_4a64705fde14 | INFO | Message 3c634e32-f552-4ad5-bce3-d7c42232771d created
2026-08-08 13:14:39 | team | sess_4a64705fde14 | INFO | Resolved 1 dependencies for task spec5_implement
2026-08-08 13:14:39 | team | sess_4a64705fde14 | INFO | Task spec5_verify unblocked (all deps resolved)
2026-08-08 13:14:39 | team | sess_4a64705fde14 | INFO | Task spec5_implement completed
2026-08-08 13:14:39 | team | sess_4a64705fde14 | INFO | Unblocked 1 tasks
2026-08-08 13:17:51 | team | sess_4a64705fde14 | INFO | task list drained for team jiuwen_team_sess_4a64705fde14: 8 terminal task(s)
2026-08-08 13:18:19 | team | sess_4a64705fde14 | INFO | [executor2] processing 1 unread messages (steer=True)
2026-08-08 13:18:19 | team | sess_4a64705fde14 | INFO | Message 0a90b6d2-a6f4-4a72-bfc3-9aa49b08b379 marked as read by executor2
2026-08-08 13:18:28 | team | sess_4a64705fde14 | INFO | team jiuwen_team_sess_4a64705fde14 reported completed: 9 members, 8 tasks
2026-08-08 13:18:29 | team | sess_4a64705fde14 | INFO | [executor2] received TEAM_STANDBY, pausing polls
2026-08-08 13:18:29 | team | sess_4a64705fde14 | INFO | EventBus[teammate] pausing polls
