2026-08-08 13:10:58 | team | sess_4a64705fde14 | INFO | Team workspace directory ensured at /srv/jwteam_clone/shared/run_current
2026-08-08 13:10:58 | team | sess_4a64705fde14 | INFO | AgentTeam manager initialized for jiuwen_team_sess_4a64705fde14, member=team_leader
2026-08-08 13:10:58 | team | sess_4a64705fde14 | INFO | [team_leader] TeamPolicyRail static sections: section_names=['team_role', 'team_workflow', 'team_swarmflow', 'team_lifecycle', 'team_persona']
2026-08-08 13:10:58 | team | sess_4a64705fde14 | INFO | Session tables ready for session sess_4a64705fde14
2026-08-08 13:10:58 | team | sess_4a64705fde14 | INFO | Team database initialized
2026-08-08 13:10:58 | team | default_trace_id | INFO | Team workspace directory ensured at /srv/jwteam_clone/shared/run_current
2026-08-08 13:10:58 | team | default_trace_id | INFO | AgentTeam manager initialized for jiuwen_team_sess_4a64705fde14, member=planner1
2026-08-08 13:10:58 | team | default_trace_id | INFO | [planner1] TeamPolicyRail static sections: section_names=['team_role', 'team_persona']
2026-08-08 13:10:58 | team | sess_4a64705fde14 | INFO | [planner1] invoke start, role=teammate
2026-08-08 13:10:58 | team | sess_4a64705fde14 | INFO | [planner1] coordination starting
2026-08-08 13:10:58 | team | sess_4a64705fde14 | INFO | Session tables ready for session sess_4a64705fde14
2026-08-08 13:10:58 | team | sess_4a64705fde14 | INFO | Workspace /srv/jwteam_clone/shared/run_current initialized as plain shared directory (version_control disabled)
2026-08-08 13:10:58 | team | sess_4a64705fde14 | INFO | EventBus[teammate] starting
2026-08-08 13:11:52 | team | sess_4a64705fde14 | INFO | [planner1] HITT section refresh: human_agent_names=[]
2026-08-08 13:11:58 | team | sess_4a64705fde14 | INFO | Task cr4_plan claimed by member planner1
2026-08-08 13:11:58 | team | sess_4a64705fde14 | INFO | Task cr4_plan claimed by member planner1
2026-08-08 13:12:04 | team | sess_4a64705fde14 | INFO | [planner1] processing 1 unread messages (steer=True)
2026-08-08 13:12:04 | team | sess_4a64705fde14 | INFO | Message 906383bc-4bff-4104-b41e-e22f9a39501a marked as read by planner1
2026-08-08 13:12:42 | team | sess_4a64705fde14 | INFO | Message fcc7ca61-0ecd-4813-91aa-52c1aec1cf27 created
2026-08-08 13:12:50 | team | sess_4a64705fde14 | INFO | Task cr4_plan completed at 1786191170757
2026-08-08 13:12:50 | team | sess_4a64705fde14 | INFO | Resolved 1 dependencies for task cr4_plan
2026-08-08 13:12:50 | team | sess_4a64705fde14 | INFO | Message 04dcf3df-dd58-4822-9be4-f3ada1de1d99 created
2026-08-08 13:12:50 | team | sess_4a64705fde14 | INFO | Task cr4_implement unblocked (all deps resolved)
2026-08-08 13:12:50 | team | sess_4a64705fde14 | INFO | Task cr4_plan completed
2026-08-08 13:12:50 | team | sess_4a64705fde14 | INFO | Unblocked 1 tasks
2026-08-08 13:13:26 | team | sess_4a64705fde14 | INFO | Task spec5_plan_v2 claimed by member planner1
2026-08-08 13:13:26 | team | sess_4a64705fde14 | INFO | Task spec5_plan_v2 claimed by member planner1
2026-08-08 13:13:40 | team | sess_4a64705fde14 | INFO | [planner1] processing 1 unread messages (steer=True)
2026-08-08 13:13:40 | team | sess_4a64705fde14 | INFO | Message ae7f1432-0b88-4bfd-b1d4-fb386a22f076 marked as read by planner1
2026-08-08 13:13:54 | team | sess_4a64705fde14 | INFO | Message 85f5b8a8-64a7-4876-88bd-d3c6a6ce398e created
2026-08-08 13:14:03 | team | sess_4a64705fde14 | INFO | Task spec5_plan_v2 completed at 1786191243200
2026-08-08 13:14:03 | team | sess_4a64705fde14 | INFO | Message 88717c7c-f7df-41bd-8c1c-77c25d9862b7 created
2026-08-08 13:14:03 | team | sess_4a64705fde14 | INFO | Task spec5_plan_v2 completed
2026-08-08 13:17:51 | team | sess_4a64705fde14 | INFO | task list drained for team jiuwen_team_sess_4a64705fde14: 8 terminal task(s)
2026-08-08 13:18:19 | team | sess_4a64705fde14 | INFO | [planner1] processing 1 unread messages (steer=True)
2026-08-08 13:18:19 | team | sess_4a64705fde14 | INFO | Message 0a90b6d2-a6f4-4a72-bfc3-9aa49b08b379 marked as read by planner1
2026-08-08 13:18:28 | team | sess_4a64705fde14 | INFO | team jiuwen_team_sess_4a64705fde14 reported completed: 9 members, 8 tasks
2026-08-08 13:18:29 | team | sess_4a64705fde14 | INFO | [planner1] received TEAM_STANDBY, pausing polls
2026-08-08 13:18:29 | team | sess_4a64705fde14 | INFO | EventBus[teammate] pausing polls
