2026-08-08 13:11:05 | team | sess_4a64705fde14 | INFO | Team workspace directory ensured at /srv/jwteam_clone/shared/run_current
2026-08-08 13:11:05 | team | sess_4a64705fde14 | INFO | AgentTeam manager initialized for jiuwen_team_sess_4a64705fde14, member=team_leader
2026-08-08 13:11:05 | team | sess_4a64705fde14 | INFO | [team_leader] TeamPolicyRail static sections: section_names=['team_role', 'team_workflow', 'team_swarmflow', 'team_lifecycle', 'team_persona']
2026-08-08 13:11:05 | team | sess_4a64705fde14 | INFO | Session tables ready for session sess_4a64705fde14
2026-08-08 13:11:05 | team | sess_4a64705fde14 | INFO | Team database initialized
2026-08-08 13:11:05 | team | default_trace_id | INFO | Team workspace directory ensured at /srv/jwteam_clone/shared/run_current
2026-08-08 13:11:05 | team | default_trace_id | INFO | AgentTeam manager initialized for jiuwen_team_sess_4a64705fde14, member=fullstack1
2026-08-08 13:11:05 | team | default_trace_id | INFO | [fullstack1] TeamPolicyRail static sections: section_names=['team_role', 'team_persona']
2026-08-08 13:11:05 | team | sess_4a64705fde14 | INFO | [fullstack1] invoke start, role=teammate
2026-08-08 13:11:05 | team | sess_4a64705fde14 | INFO | [fullstack1] coordination starting
2026-08-08 13:11:05 | team | sess_4a64705fde14 | INFO | Session tables ready for session sess_4a64705fde14
2026-08-08 13:11:05 | team | sess_4a64705fde14 | INFO | Workspace /srv/jwteam_clone/shared/run_current initialized as plain shared directory (version_control disabled)
2026-08-08 13:11:05 | team | sess_4a64705fde14 | INFO | EventBus[teammate] starting
2026-08-08 13:11:52 | team | sess_4a64705fde14 | INFO | [fullstack1] HITT section refresh: human_agent_names=[]
2026-08-08 13:12:04 | team | sess_4a64705fde14 | INFO | [fullstack1] processing 1 unread messages (steer=True)
2026-08-08 13:12:04 | team | sess_4a64705fde14 | INFO | Message 906383bc-4bff-4104-b41e-e22f9a39501a marked as read by fullstack1
2026-08-08 13:12:10 | team | sess_4a64705fde14 | INFO | Task spec5_plan claimed by member fullstack1
2026-08-08 13:12:10 | team | sess_4a64705fde14 | INFO | Task spec5_plan claimed by member fullstack1
2026-08-08 13:12:27 | team | sess_4a64705fde14 | INFO | [fullstack1] processing 1 unread messages (steer=True)
2026-08-08 13:12:27 | team | sess_4a64705fde14 | INFO | Message ba1fe19b-cb5a-4908-bc16-b83787616fb0 marked as read by fullstack1
2026-08-08 13:12:38 | team | sess_4a64705fde14 | INFO | Task spec5_plan completed at 1786191158788
2026-08-08 13:12:38 | team | sess_4a64705fde14 | INFO | Message 439b311e-4cfe-412e-a860-150c9e6460e4 created
2026-08-08 13:12:38 | team | sess_4a64705fde14 | INFO | Resolved 1 dependencies for task spec5_plan
2026-08-08 13:12:38 | team | sess_4a64705fde14 | INFO | Task spec5_implement unblocked (all deps resolved)
2026-08-08 13:12:38 | team | sess_4a64705fde14 | INFO | Task spec5_plan completed
2026-08-08 13:12:38 | team | sess_4a64705fde14 | INFO | Unblocked 1 tasks
2026-08-08 13:12:51 | team | sess_4a64705fde14 | INFO | Message ee1a4ae7-3266-4de9-baca-dbd2de5b4bfe created
2026-08-08 13:12:51 | team | sess_4a64705fde14 | INFO | Message 84dee5a2-af2e-4ba1-8291-420dbb2bac14 created
2026-08-08 13:12:55 | team | sess_4a64705fde14 | INFO | [fullstack1] processing 1 unread messages (steer=True)
2026-08-08 13:12:55 | team | sess_4a64705fde14 | INFO | Message a22dfc44-e767-4e50-8f62-564ec8ed144b marked as read by fullstack1
2026-08-08 13:13:11 | team | sess_4a64705fde14 | INFO | Message 29bdce23-8e9a-4978-b01e-f19d7fb0f0b5 created
2026-08-08 13:14:46 | team | sess_4a64705fde14 | INFO | Task spec5_verify claimed by member fullstack1
2026-08-08 13:14:46 | team | sess_4a64705fde14 | INFO | Task spec5_verify claimed by member fullstack1
2026-08-08 13:15:01 | team | sess_4a64705fde14 | INFO | [fullstack1] processing 1 unread messages (steer=True)
2026-08-08 13:15:01 | team | sess_4a64705fde14 | INFO | Message a2cbe4b5-fc57-4bbb-a2b2-78b6f1ec95d5 marked as read by fullstack1
2026-08-08 13:15:25 | team | sess_4a64705fde14 | INFO | Task spec5_verify completed at 1786191325529
2026-08-08 13:15:25 | team | sess_4a64705fde14 | INFO | Message 84c1f36e-9064-4222-9f7b-e55c36b7232e created
2026-08-08 13:15:25 | team | sess_4a64705fde14 | INFO | Task spec5_verify completed
2026-08-08 13:17:51 | team | sess_4a64705fde14 | INFO | task list drained for team jiuwen_team_sess_4a64705fde14: 8 terminal task(s)
2026-08-08 13:18:19 | team | sess_4a64705fde14 | INFO | [fullstack1] processing 1 unread messages (steer=True)
2026-08-08 13:18:19 | team | sess_4a64705fde14 | INFO | Message 0a90b6d2-a6f4-4a72-bfc3-9aa49b08b379 marked as read by fullstack1
2026-08-08 13:18:28 | team | sess_4a64705fde14 | INFO | team jiuwen_team_sess_4a64705fde14 reported completed: 9 members, 8 tasks
2026-08-08 13:18:29 | team | sess_4a64705fde14 | INFO | [fullstack1] received TEAM_STANDBY, pausing polls
2026-08-08 13:18:29 | team | sess_4a64705fde14 | INFO | EventBus[teammate] pausing polls
