2026-08-08 13:10:59 | team | sess_4a64705fde14 | INFO | Team workspace directory ensured at /srv/jwteam_clone/shared/run_current
2026-08-08 13:10:59 | team | sess_4a64705fde14 | INFO | AgentTeam manager initialized for jiuwen_team_sess_4a64705fde14, member=team_leader
2026-08-08 13:10:59 | team | sess_4a64705fde14 | INFO | [team_leader] TeamPolicyRail static sections: section_names=['team_role', 'team_workflow', 'team_swarmflow', 'team_lifecycle', 'team_persona']
2026-08-08 13:10:59 | team | sess_4a64705fde14 | INFO | Session tables ready for session sess_4a64705fde14
2026-08-08 13:10:59 | team | sess_4a64705fde14 | INFO | Team database initialized
2026-08-08 13:10:59 | team | default_trace_id | INFO | Team workspace directory ensured at /srv/jwteam_clone/shared/run_current
2026-08-08 13:10:59 | team | default_trace_id | INFO | AgentTeam manager initialized for jiuwen_team_sess_4a64705fde14, member=planner2
2026-08-08 13:10:59 | team | default_trace_id | INFO | [planner2] TeamPolicyRail static sections: section_names=['team_role', 'team_persona']
2026-08-08 13:11:00 | team | sess_4a64705fde14 | INFO | [planner2] invoke start, role=teammate
2026-08-08 13:11:00 | team | sess_4a64705fde14 | INFO | [planner2] coordination starting
2026-08-08 13:11:00 | team | sess_4a64705fde14 | INFO | Session tables ready for session sess_4a64705fde14
2026-08-08 13:11:00 | team | sess_4a64705fde14 | INFO | Workspace /srv/jwteam_clone/shared/run_current initialized as plain shared directory (version_control disabled)
2026-08-08 13:11:00 | team | sess_4a64705fde14 | INFO | EventBus[teammate] starting
2026-08-08 13:11:52 | team | sess_4a64705fde14 | INFO | [planner2] HITT section refresh: human_agent_names=[]
2026-08-08 13:12:04 | team | sess_4a64705fde14 | INFO | [planner2] processing 1 unread messages (steer=True)
2026-08-08 13:12:04 | team | sess_4a64705fde14 | INFO | Message 906383bc-4bff-4104-b41e-e22f9a39501a marked as read by planner2
2026-08-08 13:12:27 | team | sess_4a64705fde14 | INFO | Message ba1fe19b-cb5a-4908-bc16-b83787616fb0 created
2026-08-08 13:12:27 | team | sess_4a64705fde14 | INFO | Message 5cb7dae4-0d85-4393-934a-909889114a6f created
2026-08-08 13:12:38 | team | sess_4a64705fde14 | INFO | [planner2] processing 1 unread messages (steer=True)
2026-08-08 13:12:38 | team | sess_4a64705fde14 | INFO | Message 439b311e-4cfe-412e-a860-150c9e6460e4 marked as read by planner2
2026-08-08 13:12:51 | team | sess_4a64705fde14 | INFO | [planner2] processing 1 unread messages (steer=True)
2026-08-08 13:12:51 | team | sess_4a64705fde14 | INFO | Message ee1a4ae7-3266-4de9-baca-dbd2de5b4bfe marked as read by planner2
2026-08-08 13:13:26 | team | sess_4a64705fde14 | INFO | Message a8b27d75-8b3d-47ed-83b2-330795ab7903 created
2026-08-08 13:13:32 | team | sess_4a64705fde14 | INFO | [planner2] processing 1 unread messages (steer=True)
2026-08-08 13:13:32 | team | sess_4a64705fde14 | INFO | Message 48c9ce85-6e85-45cc-a20b-2e5caa2562f3 marked as read by planner2
2026-08-08 13:13:47 | team | sess_4a64705fde14 | INFO | Message b25c4303-d045-46aa-b046-aacfa44bb2ed created
2026-08-08 13:13:47 | team | sess_4a64705fde14 | INFO | Message 87f65e2b-2871-4ef1-afd4-6aa21272162b created
2026-08-08 13:13:48 | team | sess_4a64705fde14 | INFO | [planner2] processing 1 unread messages (steer=True)
2026-08-08 13:13:48 | team | sess_4a64705fde14 | INFO | Message dec15b7c-9c7a-48fd-b79b-531f177e4585 marked as read by planner2
2026-08-08 13:14:13 | team | sess_4a64705fde14 | INFO | [planner2] processing 1 unread messages (steer=True)
2026-08-08 13:14:13 | team | sess_4a64705fde14 | INFO | Message 66082226-1078-4791-bc09-60818397724e marked as read by planner2
2026-08-08 13:14:18 | team | sess_4a64705fde14 | INFO | Message 48d72b6d-abc3-4667-9b93-cd3527621c52 created
2026-08-08 13:14:51 | team | sess_4a64705fde14 | INFO | Message 539be253-71db-456e-9e46-fa0bf1f0e1e2 created
2026-08-08 13:17:51 | team | sess_4a64705fde14 | INFO | task list drained for team jiuwen_team_sess_4a64705fde14: 8 terminal task(s)
2026-08-08 13:18:19 | team | sess_4a64705fde14 | INFO | [planner2] processing 1 unread messages (steer=True)
2026-08-08 13:18:19 | team | sess_4a64705fde14 | INFO | Message 0a90b6d2-a6f4-4a72-bfc3-9aa49b08b379 marked as read by planner2
2026-08-08 13:18:28 | team | sess_4a64705fde14 | INFO | team jiuwen_team_sess_4a64705fde14 reported completed: 9 members, 8 tasks
2026-08-08 13:18:29 | team | sess_4a64705fde14 | INFO | [planner2] received TEAM_STANDBY, pausing polls
2026-08-08 13:18:29 | team | sess_4a64705fde14 | INFO | EventBus[teammate] pausing polls
