2026-08-08 13:11:03 | team | sess_4a64705fde14 | INFO | Team workspace directory ensured at /srv/jwteam_clone/shared/run_current
2026-08-08 13:11:03 | team | sess_4a64705fde14 | INFO | AgentTeam manager initialized for jiuwen_team_sess_4a64705fde14, member=team_leader
2026-08-08 13:11:03 | team | sess_4a64705fde14 | INFO | [team_leader] TeamPolicyRail static sections: section_names=['team_role', 'team_workflow', 'team_swarmflow', 'team_lifecycle', 'team_persona']
2026-08-08 13:11:03 | team | sess_4a64705fde14 | INFO | Session tables ready for session sess_4a64705fde14
2026-08-08 13:11:03 | team | sess_4a64705fde14 | INFO | Team database initialized
2026-08-08 13:11:03 | team | default_trace_id | INFO | Team workspace directory ensured at /srv/jwteam_clone/shared/run_current
2026-08-08 13:11:03 | team | default_trace_id | INFO | AgentTeam manager initialized for jiuwen_team_sess_4a64705fde14, member=verifier1
2026-08-08 13:11:03 | team | default_trace_id | INFO | [verifier1] TeamPolicyRail static sections: section_names=['team_role', 'team_persona']
2026-08-08 13:11:03 | team | sess_4a64705fde14 | INFO | [verifier1] invoke start, role=teammate
2026-08-08 13:11:03 | team | sess_4a64705fde14 | INFO | [verifier1] coordination starting
2026-08-08 13:11:03 | team | sess_4a64705fde14 | INFO | Session tables ready for session sess_4a64705fde14
2026-08-08 13:11:03 | team | sess_4a64705fde14 | INFO | Workspace /srv/jwteam_clone/shared/run_current initialized as plain shared directory (version_control disabled)
2026-08-08 13:11:03 | team | sess_4a64705fde14 | INFO | EventBus[teammate] starting
2026-08-08 13:11:52 | team | sess_4a64705fde14 | INFO | [verifier1] HITT section refresh: human_agent_names=[]
2026-08-08 13:12:04 | team | sess_4a64705fde14 | INFO | [verifier1] processing 1 unread messages (steer=True)
2026-08-08 13:12:04 | team | sess_4a64705fde14 | INFO | Message 906383bc-4bff-4104-b41e-e22f9a39501a marked as read by verifier1
2026-08-08 13:12:19 | team | sess_4a64705fde14 | INFO | Message 4be8e05a-e4f0-449d-b783-e47200ae9eb6 created
2026-08-08 13:12:55 | team | sess_4a64705fde14 | INFO | [verifier1] processing 1 unread messages (steer=True)
2026-08-08 13:12:55 | team | sess_4a64705fde14 | INFO | Message cf140e74-c608-4ceb-be68-620daba6db9e marked as read by verifier1
2026-08-08 13:16:12 | team | sess_4a64705fde14 | INFO | [verifier1] processing 1 unread messages (steer=True)
2026-08-08 13:16:12 | team | sess_4a64705fde14 | INFO | Message d725f25f-5cfd-44e5-9a5a-8cc69a37d833 marked as read by verifier1
2026-08-08 13:16:19 | team | sess_4a64705fde14 | INFO | Task cr4_verify claimed by member verifier1
2026-08-08 13:16:19 | team | sess_4a64705fde14 | INFO | Task cr4_verify claimed by member verifier1
2026-08-08 13:17:48 | team | sess_4a64705fde14 | INFO | Message b052652e-1df3-45e6-9f28-acd467d8ddc7 created
2026-08-08 13:17:48 | team | sess_4a64705fde14 | INFO | Message 9c0717b4-c1be-4874-bb27-31687d7e2569 created
2026-08-08 13:17:51 | team | sess_4a64705fde14 | INFO | Task cr4_verify completed at 1786191471720
2026-08-08 13:17:51 | team | sess_4a64705fde14 | INFO | Task cr4_verify completed
2026-08-08 13:18:19 | team | sess_4a64705fde14 | INFO | [verifier1] processing 1 unread messages (steer=True)
2026-08-08 13:18:19 | team | sess_4a64705fde14 | INFO | Message 0a90b6d2-a6f4-4a72-bfc3-9aa49b08b379 marked as read by verifier1
2026-08-08 13:18:28 | team | sess_4a64705fde14 | INFO | team jiuwen_team_sess_4a64705fde14 reported completed: 9 members, 8 tasks
2026-08-08 13:18:29 | team | sess_4a64705fde14 | INFO | [verifier1] received TEAM_STANDBY, pausing polls
2026-08-08 13:18:29 | team | sess_4a64705fde14 | INFO | EventBus[teammate] pausing polls
