2026-08-09 16:41:56 | team | sess_c1e84cae9051 | INFO | Team workspace directory ensured at /srv/jwteam_clone/shared/run_current
2026-08-09 16:41:56 | team | sess_c1e84cae9051 | INFO | AgentTeam manager initialized for jiuwen_team_sess_c1e84cae9051, member=team_leader
2026-08-09 16:41:56 | team | sess_c1e84cae9051 | INFO | [team_leader] TeamPolicyRail static sections: section_names=['team_role', 'team_workflow', 'team_swarmflow', 'team_lifecycle', 'team_persona']
2026-08-09 16:41:57 | team | sess_c1e84cae9051 | INFO | Session tables ready for session sess_c1e84cae9051
2026-08-09 16:41:57 | team | sess_c1e84cae9051 | INFO | Team database initialized
2026-08-09 16:41:57 | team | default_trace_id | INFO | Team workspace directory ensured at /srv/jwteam_clone/shared/run_current
2026-08-09 16:41:57 | team | default_trace_id | INFO | AgentTeam manager initialized for jiuwen_team_sess_c1e84cae9051, member=planner1
2026-08-09 16:41:57 | team | default_trace_id | INFO | [planner1] TeamPolicyRail static sections: section_names=['team_role', 'team_persona']
2026-08-09 16:41:57 | team | sess_c1e84cae9051 | INFO | [planner1] invoke start, role=teammate
2026-08-09 16:41:57 | team | sess_c1e84cae9051 | INFO | [planner1] coordination starting
2026-08-09 16:41:57 | team | sess_c1e84cae9051 | INFO | Session tables ready for session sess_c1e84cae9051
2026-08-09 16:41:57 | team | sess_c1e84cae9051 | INFO | Workspace /srv/jwteam_clone/shared/run_current initialized as plain shared directory (version_control disabled)
2026-08-09 16:41:57 | team | sess_c1e84cae9051 | INFO | EventBus[teammate] starting
2026-08-09 16:42:20 | team | sess_c1e84cae9051 | INFO | [planner1] HITT section refresh: human_agent_names=[]
2026-08-09 16:42:26 | team | sess_c1e84cae9051 | INFO | Task plan claimed by member planner1
2026-08-09 16:42:26 | team | sess_c1e84cae9051 | INFO | Task plan claimed by member planner1
2026-08-09 16:42:28 | team | sess_c1e84cae9051 | INFO | [planner1] processing 1 unread messages (steer=True)
2026-08-09 16:42:28 | team | sess_c1e84cae9051 | INFO | Message 61518128-b68d-4796-869d-81dd5651da8a marked as read by planner1
2026-08-09 16:43:25 | team | sess_c1e84cae9051 | INFO | Message 7ebe2155-0638-41b2-9b96-1eb72ccafa81 created
2026-08-09 16:43:30 | team | sess_c1e84cae9051 | INFO | [planner1] processing 1 unread messages (steer=True)
2026-08-09 16:43:30 | team | sess_c1e84cae9051 | INFO | Message 1ecb4432-81dd-4204-bc59-a612126a3535 marked as read by planner1
2026-08-09 16:43:42 | team | sess_c1e84cae9051 | INFO | Message c98f5726-a2fa-435f-816c-3c36a0d01026 created
2026-08-09 16:43:47 | team | sess_c1e84cae9051 | INFO | Task plan completed at 1786290227989
2026-08-09 16:43:47 | team | sess_c1e84cae9051 | INFO | Resolved 1 dependencies for task plan
2026-08-09 16:43:47 | team | sess_c1e84cae9051 | INFO | Task implement unblocked (all deps resolved)
2026-08-09 16:43:47 | team | sess_c1e84cae9051 | INFO | Task plan completed
2026-08-09 16:43:48 | team | sess_c1e84cae9051 | INFO | Unblocked 1 tasks
2026-08-09 16:43:53 | team | sess_c1e84cae9051 | INFO | Message aaed3484-fd05-45df-a67b-e860f6a6e886 created
2026-08-09 16:43:59 | team | sess_c1e84cae9051 | INFO | [planner1] processing 1 unread messages (steer=True)
2026-08-09 16:43:59 | team | sess_c1e84cae9051 | INFO | Message dd589184-d58c-4855-82b0-ac19aa53a118 marked as read by planner1
2026-08-09 16:45:50 | team | sess_c1e84cae9051 | INFO | task list drained for team jiuwen_team_sess_c1e84cae9051: 3 terminal task(s)
2026-08-09 16:46:03 | team | sess_c1e84cae9051 | INFO | [planner1] processing 1 unread messages (steer=True)
2026-08-09 16:46:03 | team | sess_c1e84cae9051 | INFO | Message 571d9ea0-6aea-4430-89a6-bd9bd94da754 marked as read by planner1
2026-08-09 16:46:11 | team | sess_c1e84cae9051 | INFO | team jiuwen_team_sess_c1e84cae9051 reported completed: 9 members, 3 tasks
2026-08-09 16:46:11 | team | sess_c1e84cae9051 | INFO | [planner1] received TEAM_STANDBY, pausing polls
2026-08-09 16:46:11 | team | sess_c1e84cae9051 | INFO | EventBus[teammate] pausing polls
