2026-08-09 16:42:03 | team | sess_c1e84cae9051 | INFO | Team workspace directory ensured at /srv/jwteam_clone/shared/run_current
2026-08-09 16:42:03 | team | sess_c1e84cae9051 | INFO | AgentTeam manager initialized for jiuwen_team_sess_c1e84cae9051, member=team_leader
2026-08-09 16:42:03 | team | sess_c1e84cae9051 | INFO | [team_leader] TeamPolicyRail static sections: section_names=['team_role', 'team_workflow', 'team_swarmflow', 'team_lifecycle', 'team_persona']
2026-08-09 16:42:03 | team | sess_c1e84cae9051 | INFO | Session tables ready for session sess_c1e84cae9051
2026-08-09 16:42:03 | team | sess_c1e84cae9051 | INFO | Team database initialized
2026-08-09 16:42:03 | team | default_trace_id | INFO | Team workspace directory ensured at /srv/jwteam_clone/shared/run_current
2026-08-09 16:42:03 | team | default_trace_id | INFO | AgentTeam manager initialized for jiuwen_team_sess_c1e84cae9051, member=verifier2
2026-08-09 16:42:03 | team | default_trace_id | INFO | [verifier2] TeamPolicyRail static sections: section_names=['team_role', 'team_persona']
2026-08-09 16:42:03 | team | sess_c1e84cae9051 | INFO | [verifier2] invoke start, role=teammate
2026-08-09 16:42:03 | team | sess_c1e84cae9051 | INFO | [verifier2] coordination starting
2026-08-09 16:42:03 | team | sess_c1e84cae9051 | INFO | Session tables ready for session sess_c1e84cae9051
2026-08-09 16:42:03 | team | sess_c1e84cae9051 | INFO | Workspace /srv/jwteam_clone/shared/run_current initialized as plain shared directory (version_control disabled)
2026-08-09 16:42:03 | team | sess_c1e84cae9051 | INFO | EventBus[teammate] starting
2026-08-09 16:42:19 | team | sess_c1e84cae9051 | INFO | [verifier2] HITT section refresh: human_agent_names=[]
2026-08-09 16:42:28 | team | sess_c1e84cae9051 | INFO | [verifier2] processing 1 unread messages (steer=True)
2026-08-09 16:42:28 | team | sess_c1e84cae9051 | INFO | Message 61518128-b68d-4796-869d-81dd5651da8a marked as read by verifier2
2026-08-09 16:45:50 | team | sess_c1e84cae9051 | INFO | task list drained for team jiuwen_team_sess_c1e84cae9051: 3 terminal task(s)
2026-08-09 16:46:03 | team | sess_c1e84cae9051 | INFO | [verifier2] processing 1 unread messages (steer=True)
2026-08-09 16:46:03 | team | sess_c1e84cae9051 | INFO | Message 571d9ea0-6aea-4430-89a6-bd9bd94da754 marked as read by verifier2
2026-08-09 16:46:11 | team | sess_c1e84cae9051 | INFO | team jiuwen_team_sess_c1e84cae9051 reported completed: 9 members, 3 tasks
2026-08-09 16:46:11 | team | sess_c1e84cae9051 | INFO | [verifier2] received TEAM_STANDBY, pausing polls
2026-08-09 16:46:11 | team | sess_c1e84cae9051 | INFO | EventBus[teammate] pausing polls
