2026-08-09 16:42:02 | team | sess_c1e84cae9051 | INFO | Team workspace directory ensured at /srv/jwteam_clone/shared/run_current
2026-08-09 16:42:02 | team | sess_c1e84cae9051 | INFO | AgentTeam manager initialized for jiuwen_team_sess_c1e84cae9051, member=team_leader
2026-08-09 16:42:02 | team | sess_c1e84cae9051 | INFO | [team_leader] TeamPolicyRail static sections: section_names=['team_role', 'team_workflow', 'team_swarmflow', 'team_lifecycle', 'team_persona']
2026-08-09 16:42:02 | team | sess_c1e84cae9051 | INFO | Session tables ready for session sess_c1e84cae9051
2026-08-09 16:42:02 | team | sess_c1e84cae9051 | INFO | Team database initialized
2026-08-09 16:42:02 | team | default_trace_id | INFO | Team workspace directory ensured at /srv/jwteam_clone/shared/run_current
2026-08-09 16:42:02 | team | default_trace_id | INFO | AgentTeam manager initialized for jiuwen_team_sess_c1e84cae9051, member=verifier1
2026-08-09 16:42:02 | team | default_trace_id | INFO | [verifier1] TeamPolicyRail static sections: section_names=['team_role', 'team_persona']
2026-08-09 16:42:02 | team | sess_c1e84cae9051 | INFO | [verifier1] invoke start, role=teammate
2026-08-09 16:42:02 | team | sess_c1e84cae9051 | INFO | [verifier1] coordination starting
2026-08-09 16:42:02 | team | sess_c1e84cae9051 | INFO | Session tables ready for session sess_c1e84cae9051
2026-08-09 16:42:02 | team | sess_c1e84cae9051 | INFO | Workspace /srv/jwteam_clone/shared/run_current initialized as plain shared directory (version_control disabled)
2026-08-09 16:42:02 | team | sess_c1e84cae9051 | INFO | EventBus[teammate] starting
2026-08-09 16:42:20 | team | sess_c1e84cae9051 | INFO | [verifier1] HITT section refresh: human_agent_names=[]
2026-08-09 16:42:28 | team | sess_c1e84cae9051 | INFO | [verifier1] processing 1 unread messages (steer=True)
2026-08-09 16:42:28 | team | sess_c1e84cae9051 | INFO | Message 61518128-b68d-4796-869d-81dd5651da8a marked as read by verifier1
2026-08-09 16:42:40 | team | sess_c1e84cae9051 | INFO | Message afcee24c-be99-4755-bc69-499d868f4f24 created
2026-08-09 16:42:49 | team | sess_c1e84cae9051 | INFO | [verifier1] processing 1 unread messages (steer=True)
2026-08-09 16:42:49 | team | sess_c1e84cae9051 | INFO | Message 14cae147-ec07-44be-b3c2-58ed505f8403 marked as read by verifier1
2026-08-09 16:44:39 | team | sess_c1e84cae9051 | INFO | [verifier1] processing 1 unread messages (steer=True)
2026-08-09 16:44:39 | team | sess_c1e84cae9051 | INFO | Message 66328062-b7ed-4e14-93c5-2ae1f5444733 marked as read by verifier1
2026-08-09 16:44:47 | team | sess_c1e84cae9051 | INFO | Task verify claimed by member verifier1
2026-08-09 16:44:47 | team | sess_c1e84cae9051 | INFO | Task verify claimed by member verifier1
2026-08-09 16:45:50 | team | sess_c1e84cae9051 | INFO | Task verify completed at 1786290350806
2026-08-09 16:45:50 | team | sess_c1e84cae9051 | INFO | Message f5ea3770-dc20-4b34-ac9d-2de1dcf21ea0 created
2026-08-09 16:45:50 | team | sess_c1e84cae9051 | INFO | Message 047ff740-ba59-4886-8d89-52d11112f313 created
2026-08-09 16:45:50 | team | sess_c1e84cae9051 | INFO | Task verify completed
2026-08-09 16:45:58 | team | sess_c1e84cae9051 | INFO | [verifier1] processing 1 unread messages (steer=True)
2026-08-09 16:45:58 | team | sess_c1e84cae9051 | INFO | Message 3eee1821-c5b3-4cf9-a36b-aaf1925cca65 marked as read by verifier1
2026-08-09 16:46:03 | team | sess_c1e84cae9051 | INFO | [verifier1] processing 1 unread messages (steer=True)
2026-08-09 16:46:03 | team | sess_c1e84cae9051 | INFO | Message 571d9ea0-6aea-4430-89a6-bd9bd94da754 marked as read by verifier1
2026-08-09 16:46:11 | team | sess_c1e84cae9051 | INFO | team jiuwen_team_sess_c1e84cae9051 reported completed: 9 members, 3 tasks
2026-08-09 16:46:11 | team | sess_c1e84cae9051 | INFO | [verifier1] received TEAM_STANDBY, pausing polls
2026-08-09 16:46:11 | team | sess_c1e84cae9051 | INFO | EventBus[teammate] pausing polls
