2026-08-09 07:52:09 | team | sess_f078446a66f3 | INFO | Team workspace directory ensured at /srv/jwteam_clone/shared/run_current
2026-08-09 07:52:09 | team | sess_f078446a66f3 | INFO | AgentTeam manager initialized for jiuwen_team_sess_f078446a66f3, member=team_leader
2026-08-09 07:52:09 | team | sess_f078446a66f3 | INFO | [team_leader] TeamPolicyRail static sections: section_names=['team_role', 'team_workflow', 'team_swarmflow', 'team_lifecycle', 'team_persona']
2026-08-09 07:52:09 | team | sess_f078446a66f3 | INFO | Session tables ready for session sess_f078446a66f3
2026-08-09 07:52:09 | team | sess_f078446a66f3 | INFO | Team database initialized
2026-08-09 07:52:09 | team | default_trace_id | INFO | Team workspace directory ensured at /srv/jwteam_clone/shared/run_current
2026-08-09 07:52:09 | team | default_trace_id | INFO | AgentTeam manager initialized for jiuwen_team_sess_f078446a66f3, member=executor3
2026-08-09 07:52:09 | team | default_trace_id | INFO | [executor3] TeamPolicyRail static sections: section_names=['team_role', 'team_persona']
2026-08-09 07:52:09 | team | sess_f078446a66f3 | INFO | [executor3] invoke start, role=teammate
2026-08-09 07:52:09 | team | sess_f078446a66f3 | INFO | [executor3] coordination starting
2026-08-09 07:52:09 | team | sess_f078446a66f3 | INFO | Session tables ready for session sess_f078446a66f3
2026-08-09 07:52:09 | team | sess_f078446a66f3 | INFO | Workspace /srv/jwteam_clone/shared/run_current initialized as plain shared directory (version_control disabled)
2026-08-09 07:52:09 | team | sess_f078446a66f3 | INFO | EventBus[teammate] starting
2026-08-09 07:52:30 | team | sess_f078446a66f3 | INFO | [executor3] HITT section refresh: human_agent_names=[]
2026-08-09 07:52:40 | team | sess_f078446a66f3 | INFO | [executor3] processing 1 unread messages (steer=True)
2026-08-09 07:52:40 | team | sess_f078446a66f3 | INFO | Message dc1611ce-aa3e-41ad-9f81-5e02a672b66c marked as read by executor3
2026-08-09 07:52:56 | team | sess_f078446a66f3 | INFO | [executor3] processing 1 unread messages (steer=True)
2026-08-09 07:52:56 | team | sess_f078446a66f3 | INFO | Message 22e72ee2-8626-4f7a-966f-52d5925afd7b marked as read by executor3
2026-08-09 07:53:04 | team | sess_f078446a66f3 | INFO | Message 17f92d64-40ff-4737-9659-254d07d20b49 created
2026-08-09 07:53:12 | team | sess_f078446a66f3 | INFO | [executor3] processing 1 unread messages (steer=True)
2026-08-09 07:53:12 | team | sess_f078446a66f3 | INFO | Message 454b2894-a6f4-48a2-8e60-26d4853d33a8 marked as read by executor3
2026-08-09 07:54:23 | team | sess_f078446a66f3 | INFO | [executor3] processing 1 unread messages (steer=True)
2026-08-09 07:54:23 | team | sess_f078446a66f3 | INFO | Message e4b680d5-8535-495c-af3e-80268062d0ed marked as read by executor3
2026-08-09 07:54:42 | team | sess_f078446a66f3 | INFO | Task implement_zone_b claimed by member executor3
2026-08-09 07:54:42 | team | sess_f078446a66f3 | INFO | Task implement_zone_b claimed by member executor3
2026-08-09 07:54:58 | team | sess_f078446a66f3 | INFO | [executor3] processing 1 unread messages (steer=True)
2026-08-09 07:54:58 | team | sess_f078446a66f3 | INFO | Message a7fd06e6-0342-41d0-93d7-5134ae8de31d marked as read by executor3
2026-08-09 07:55:40 | team | sess_f078446a66f3 | INFO | Message 6cd541ab-3a42-4e6f-8bd7-c046153125ce created
2026-08-09 07:55:44 | team | sess_f078446a66f3 | INFO | Task implement_zone_b completed at 1786258544854
2026-08-09 07:55:44 | team | sess_f078446a66f3 | INFO | Resolved 1 dependencies for task implement_zone_b
2026-08-09 07:55:44 | team | sess_f078446a66f3 | INFO | Task verify unblocked (all deps resolved)
2026-08-09 07:55:44 | team | sess_f078446a66f3 | INFO | Task implement_zone_b completed
2026-08-09 07:55:44 | team | sess_f078446a66f3 | INFO | Unblocked 1 tasks
2026-08-09 07:55:51 | team | sess_f078446a66f3 | INFO | Message 5ac58e96-d5f4-4a95-8f7a-8f1bd2304280 created
2026-08-09 07:56:04 | team | sess_f078446a66f3 | INFO | [executor3] processing 1 unread messages (steer=True)
2026-08-09 07:56:04 | team | sess_f078446a66f3 | INFO | Message 1c3e8d31-aaa2-4224-a3e6-e6bf2af57a2d marked as read by executor3
2026-08-09 07:56:20 | team | sess_f078446a66f3 | INFO | [executor3] processing 1 unread messages (steer=True)
2026-08-09 07:56:20 | team | sess_f078446a66f3 | INFO | Message b3feec40-1aa6-4014-8a2e-068637b22041 marked as read by executor3
2026-08-09 07:57:06 | team | sess_f078446a66f3 | INFO | task list drained for team jiuwen_team_sess_f078446a66f3: 4 terminal task(s)
2026-08-09 07:58:34 | team | sess_f078446a66f3 | INFO | team jiuwen_team_sess_f078446a66f3 reported completed: 9 members, 4 tasks
2026-08-09 07:58:34 | team | sess_f078446a66f3 | INFO | [executor3] received TEAM_STANDBY, pausing polls
2026-08-09 07:58:34 | team | sess_f078446a66f3 | INFO | EventBus[teammate] pausing polls
