2026-08-09 07:52:11 | team | sess_f078446a66f3 | INFO | Team workspace directory ensured at /srv/jwteam_clone/shared/run_current
2026-08-09 07:52:11 | team | sess_f078446a66f3 | INFO | AgentTeam manager initialized for jiuwen_team_sess_f078446a66f3, member=team_leader
2026-08-09 07:52:11 | team | sess_f078446a66f3 | INFO | [team_leader] TeamPolicyRail static sections: section_names=['team_role', 'team_workflow', 'team_swarmflow', 'team_lifecycle', 'team_persona']
2026-08-09 07:52:12 | team | sess_f078446a66f3 | INFO | Session tables ready for session sess_f078446a66f3
2026-08-09 07:52:12 | team | sess_f078446a66f3 | INFO | Team database initialized
2026-08-09 07:52:12 | team | default_trace_id | INFO | Team workspace directory ensured at /srv/jwteam_clone/shared/run_current
2026-08-09 07:52:12 | team | default_trace_id | INFO | AgentTeam manager initialized for jiuwen_team_sess_f078446a66f3, member=fullstack1
2026-08-09 07:52:12 | team | default_trace_id | INFO | [fullstack1] TeamPolicyRail static sections: section_names=['team_role', 'team_persona']
2026-08-09 07:52:12 | team | sess_f078446a66f3 | INFO | [fullstack1] invoke start, role=teammate
2026-08-09 07:52:12 | team | sess_f078446a66f3 | INFO | [fullstack1] coordination starting
2026-08-09 07:52:12 | team | sess_f078446a66f3 | INFO | Session tables ready for session sess_f078446a66f3
2026-08-09 07:52:12 | team | sess_f078446a66f3 | INFO | Workspace /srv/jwteam_clone/shared/run_current initialized as plain shared directory (version_control disabled)
2026-08-09 07:52:12 | team | sess_f078446a66f3 | INFO | EventBus[teammate] starting
2026-08-09 07:52:30 | team | sess_f078446a66f3 | INFO | [fullstack1] HITT section refresh: human_agent_names=[]
2026-08-09 07:52:40 | team | sess_f078446a66f3 | INFO | [fullstack1] processing 1 unread messages (steer=True)
2026-08-09 07:52:40 | team | sess_f078446a66f3 | INFO | Message dc1611ce-aa3e-41ad-9f81-5e02a672b66c marked as read by fullstack1
2026-08-09 07:54:58 | team | sess_f078446a66f3 | INFO | Message a7fd06e6-0342-41d0-93d7-5134ae8de31d created
2026-08-09 07:55:40 | team | sess_f078446a66f3 | INFO | [fullstack1] processing 1 unread messages (steer=True)
2026-08-09 07:55:40 | team | sess_f078446a66f3 | INFO | Message 6cd541ab-3a42-4e6f-8bd7-c046153125ce marked as read by fullstack1
2026-08-09 07:56:20 | team | sess_f078446a66f3 | INFO | Message b3feec40-1aa6-4014-8a2e-068637b22041 created
2026-08-09 07:57:06 | team | sess_f078446a66f3 | INFO | task list drained for team jiuwen_team_sess_f078446a66f3: 4 terminal task(s)
2026-08-09 07:58:34 | team | sess_f078446a66f3 | INFO | team jiuwen_team_sess_f078446a66f3 reported completed: 9 members, 4 tasks
2026-08-09 07:58:34 | team | sess_f078446a66f3 | INFO | [fullstack1] received TEAM_STANDBY, pausing polls
2026-08-09 07:58:34 | team | sess_f078446a66f3 | INFO | EventBus[teammate] pausing polls
