2026-08-09 07:52:06 | team | sess_f078446a66f3 | INFO | Team workspace directory ensured at /srv/jwteam_clone/shared/run_current
2026-08-09 07:52:06 | team | sess_f078446a66f3 | INFO | AgentTeam manager initialized for jiuwen_team_sess_f078446a66f3, member=team_leader
2026-08-09 07:52:06 | team | sess_f078446a66f3 | INFO | [team_leader] TeamPolicyRail static sections: section_names=['team_role', 'team_workflow', 'team_swarmflow', 'team_lifecycle', 'team_persona']
2026-08-09 07:52:06 | team | sess_f078446a66f3 | INFO | Session tables ready for session sess_f078446a66f3
2026-08-09 07:52:06 | team | sess_f078446a66f3 | INFO | Team database initialized
2026-08-09 07:52:06 | team | default_trace_id | INFO | Team workspace directory ensured at /srv/jwteam_clone/shared/run_current
2026-08-09 07:52:06 | team | default_trace_id | INFO | AgentTeam manager initialized for jiuwen_team_sess_f078446a66f3, member=planner1
2026-08-09 07:52:06 | team | default_trace_id | INFO | [planner1] TeamPolicyRail static sections: section_names=['team_role', 'team_persona']
2026-08-09 07:52:06 | team | sess_f078446a66f3 | INFO | [planner1] invoke start, role=teammate
2026-08-09 07:52:06 | team | sess_f078446a66f3 | INFO | [planner1] coordination starting
2026-08-09 07:52:06 | team | sess_f078446a66f3 | INFO | Session tables ready for session sess_f078446a66f3
2026-08-09 07:52:06 | team | sess_f078446a66f3 | INFO | Workspace /srv/jwteam_clone/shared/run_current initialized as plain shared directory (version_control disabled)
2026-08-09 07:52:06 | team | sess_f078446a66f3 | INFO | EventBus[teammate] starting
2026-08-09 07:52:30 | team | sess_f078446a66f3 | INFO | [planner1] HITT section refresh: human_agent_names=[]
2026-08-09 07:52:38 | team | sess_f078446a66f3 | INFO | Task plan claimed by member planner1
2026-08-09 07:52:38 | team | sess_f078446a66f3 | INFO | Task plan claimed by member planner1
2026-08-09 07:52:40 | team | sess_f078446a66f3 | INFO | [planner1] processing 1 unread messages (steer=True)
2026-08-09 07:52:40 | team | sess_f078446a66f3 | INFO | Message dc1611ce-aa3e-41ad-9f81-5e02a672b66c marked as read by planner1
2026-08-09 07:52:56 | team | sess_f078446a66f3 | INFO | Message 22e72ee2-8626-4f7a-966f-52d5925afd7b created
2026-08-09 07:52:56 | team | sess_f078446a66f3 | INFO | Message 8327527c-6702-4d04-8953-a429e9ec70a0 created
2026-08-09 07:53:04 | team | sess_f078446a66f3 | INFO | [planner1] processing 1 unread messages (steer=True)
2026-08-09 07:53:04 | team | sess_f078446a66f3 | INFO | Message 17f92d64-40ff-4737-9659-254d07d20b49 marked as read by planner1
2026-08-09 07:53:06 | team | sess_f078446a66f3 | INFO | [planner1] processing 1 unread messages (steer=True)
2026-08-09 07:53:06 | team | sess_f078446a66f3 | INFO | Message a67ec1c5-f0ac-4287-8eb9-01e56a482c68 marked as read by planner1
2026-08-09 07:53:12 | team | sess_f078446a66f3 | INFO | Message 454b2894-a6f4-48a2-8e60-26d4853d33a8 created
2026-08-09 07:54:23 | team | sess_f078446a66f3 | INFO | Message e4b680d5-8535-495c-af3e-80268062d0ed created
2026-08-09 07:54:23 | team | sess_f078446a66f3 | INFO | Message 3c1dff76-e6d4-4069-877b-c24cdfab9736 created
2026-08-09 07:54:33 | team | sess_f078446a66f3 | INFO | Task plan completed at 1786258473041
2026-08-09 07:54:33 | team | sess_f078446a66f3 | INFO | Message 1824287b-8775-4ea8-9452-f2d44e2eef6b created
2026-08-09 07:54:33 | team | sess_f078446a66f3 | INFO | Resolved 2 dependencies for task plan
2026-08-09 07:54:33 | team | sess_f078446a66f3 | INFO | Task implement_zone_a unblocked (all deps resolved)
2026-08-09 07:54:33 | team | sess_f078446a66f3 | INFO | Task implement_zone_b unblocked (all deps resolved)
2026-08-09 07:54:33 | team | sess_f078446a66f3 | INFO | Task plan completed
2026-08-09 07:54:33 | team | sess_f078446a66f3 | INFO | Unblocked 2 tasks
2026-08-09 07:57:06 | team | sess_f078446a66f3 | INFO | task list drained for team jiuwen_team_sess_f078446a66f3: 4 terminal task(s)
2026-08-09 07:58:34 | team | sess_f078446a66f3 | INFO | team jiuwen_team_sess_f078446a66f3 reported completed: 9 members, 4 tasks
2026-08-09 07:58:34 | team | sess_f078446a66f3 | INFO | [planner1] received TEAM_STANDBY, pausing polls
2026-08-09 07:58:34 | team | sess_f078446a66f3 | INFO | EventBus[teammate] pausing polls
