2026-08-09 07:52:07 | team | sess_f078446a66f3 | INFO | Team workspace directory ensured at /srv/jwteam_clone/shared/run_current
2026-08-09 07:52:07 | team | sess_f078446a66f3 | INFO | AgentTeam manager initialized for jiuwen_team_sess_f078446a66f3, member=team_leader
2026-08-09 07:52:07 | team | sess_f078446a66f3 | INFO | [team_leader] TeamPolicyRail static sections: section_names=['team_role', 'team_workflow', 'team_swarmflow', 'team_lifecycle', 'team_persona']
2026-08-09 07:52:07 | team | sess_f078446a66f3 | INFO | Session tables ready for session sess_f078446a66f3
2026-08-09 07:52:07 | team | sess_f078446a66f3 | INFO | Team database initialized
2026-08-09 07:52:07 | team | default_trace_id | INFO | Team workspace directory ensured at /srv/jwteam_clone/shared/run_current
2026-08-09 07:52:07 | team | default_trace_id | INFO | AgentTeam manager initialized for jiuwen_team_sess_f078446a66f3, member=executor1
2026-08-09 07:52:07 | team | default_trace_id | INFO | [executor1] TeamPolicyRail static sections: section_names=['team_role', 'team_persona']
2026-08-09 07:52:07 | team | sess_f078446a66f3 | INFO | [executor1] invoke start, role=teammate
2026-08-09 07:52:07 | team | sess_f078446a66f3 | INFO | [executor1] coordination starting
2026-08-09 07:52:07 | team | sess_f078446a66f3 | INFO | Session tables ready for session sess_f078446a66f3
2026-08-09 07:52:07 | team | sess_f078446a66f3 | INFO | Workspace /srv/jwteam_clone/shared/run_current initialized as plain shared directory (version_control disabled)
2026-08-09 07:52:07 | team | sess_f078446a66f3 | INFO | EventBus[teammate] starting
2026-08-09 07:52:30 | team | sess_f078446a66f3 | INFO | [executor1] HITT section refresh: human_agent_names=[]
2026-08-09 07:52:40 | team | sess_f078446a66f3 | INFO | [executor1] processing 1 unread messages (steer=True)
2026-08-09 07:52:40 | team | sess_f078446a66f3 | INFO | Message dc1611ce-aa3e-41ad-9f81-5e02a672b66c marked as read by executor1
2026-08-09 07:52:56 | team | sess_f078446a66f3 | INFO | [executor1] processing 1 unread messages (steer=True)
2026-08-09 07:52:56 | team | sess_f078446a66f3 | INFO | Message 8327527c-6702-4d04-8953-a429e9ec70a0 marked as read by executor1
2026-08-09 07:53:06 | team | sess_f078446a66f3 | INFO | Message a67ec1c5-f0ac-4287-8eb9-01e56a482c68 created
2026-08-09 07:54:23 | team | sess_f078446a66f3 | INFO | [executor1] processing 1 unread messages (steer=True)
2026-08-09 07:54:23 | team | sess_f078446a66f3 | INFO | Message 3c1dff76-e6d4-4069-877b-c24cdfab9736 marked as read by executor1
2026-08-09 07:54:37 | team | sess_f078446a66f3 | INFO | Task implement_zone_a claimed by member executor1
2026-08-09 07:54:37 | team | sess_f078446a66f3 | INFO | Task implement_zone_a claimed by member executor1
2026-08-09 07:54:54 | team | sess_f078446a66f3 | INFO | Task implement_zone_a completed at 1786258494293
2026-08-09 07:54:54 | team | sess_f078446a66f3 | INFO | Resolved 1 dependencies for task implement_zone_a
2026-08-09 07:54:54 | team | sess_f078446a66f3 | INFO | Task implement_zone_a completed
2026-08-09 07:54:55 | team | sess_f078446a66f3 | INFO | [executor1] processing 1 unread messages (steer=True)
2026-08-09 07:54:55 | team | sess_f078446a66f3 | INFO | Message c84987b3-1f4f-4f92-a017-f315d976d43d marked as read by executor1
2026-08-09 07:55:00 | team | sess_f078446a66f3 | INFO | Message 5d298437-eb98-4940-bdf4-399a85b275ac created
2026-08-09 07:55:05 | team | sess_f078446a66f3 | INFO | [executor1] processing 1 unread messages (steer=True)
2026-08-09 07:55:05 | team | sess_f078446a66f3 | INFO | Message 79f2bc19-7391-4af6-a1df-747f384b2fd7 marked as read by executor1
2026-08-09 07:55:06 | team | sess_f078446a66f3 | INFO | Message 14f7db10-7070-44b8-afef-4d4446636651 created
2026-08-09 07:57:06 | team | sess_f078446a66f3 | INFO | task list drained for team jiuwen_team_sess_f078446a66f3: 4 terminal task(s)
2026-08-09 07:58:34 | team | sess_f078446a66f3 | INFO | team jiuwen_team_sess_f078446a66f3 reported completed: 9 members, 4 tasks
2026-08-09 07:58:34 | team | sess_f078446a66f3 | INFO | [executor1] received TEAM_STANDBY, pausing polls
2026-08-09 07:58:34 | team | sess_f078446a66f3 | INFO | EventBus[teammate] pausing polls
