2026-08-09 07:52:10 | team | sess_f078446a66f3 | INFO | Team workspace directory ensured at /srv/jwteam_clone/shared/run_current
2026-08-09 07:52:10 | team | sess_f078446a66f3 | INFO | AgentTeam manager initialized for jiuwen_team_sess_f078446a66f3, member=team_leader
2026-08-09 07:52:10 | team | sess_f078446a66f3 | INFO | [team_leader] TeamPolicyRail static sections: section_names=['team_role', 'team_workflow', 'team_swarmflow', 'team_lifecycle', 'team_persona']
2026-08-09 07:52:10 | team | sess_f078446a66f3 | INFO | Session tables ready for session sess_f078446a66f3
2026-08-09 07:52:10 | team | sess_f078446a66f3 | INFO | Team database initialized
2026-08-09 07:52:10 | team | default_trace_id | INFO | Team workspace directory ensured at /srv/jwteam_clone/shared/run_current
2026-08-09 07:52:10 | team | default_trace_id | INFO | AgentTeam manager initialized for jiuwen_team_sess_f078446a66f3, member=verifier1
2026-08-09 07:52:10 | team | default_trace_id | INFO | [verifier1] TeamPolicyRail static sections: section_names=['team_role', 'team_persona']
2026-08-09 07:52:10 | team | sess_f078446a66f3 | INFO | [verifier1] invoke start, role=teammate
2026-08-09 07:52:10 | team | sess_f078446a66f3 | INFO | [verifier1] coordination starting
2026-08-09 07:52:10 | team | sess_f078446a66f3 | INFO | Session tables ready for session sess_f078446a66f3
2026-08-09 07:52:10 | team | sess_f078446a66f3 | INFO | Workspace /srv/jwteam_clone/shared/run_current initialized as plain shared directory (version_control disabled)
2026-08-09 07:52:10 | team | sess_f078446a66f3 | INFO | EventBus[teammate] starting
2026-08-09 07:52:30 | team | sess_f078446a66f3 | INFO | [verifier1] HITT section refresh: human_agent_names=[]
2026-08-09 07:52:40 | team | sess_f078446a66f3 | INFO | [verifier1] processing 1 unread messages (steer=True)
2026-08-09 07:52:40 | team | sess_f078446a66f3 | INFO | Message dc1611ce-aa3e-41ad-9f81-5e02a672b66c marked as read by verifier1
2026-08-09 07:52:50 | team | sess_f078446a66f3 | INFO | Message 4781d354-6817-4d9c-b5d5-c1883287b069 created
2026-08-09 07:55:00 | team | sess_f078446a66f3 | INFO | [verifier1] processing 1 unread messages (steer=True)
2026-08-09 07:55:00 | team | sess_f078446a66f3 | INFO | Message 5d298437-eb98-4940-bdf4-399a85b275ac marked as read by verifier1
2026-08-09 07:55:05 | team | sess_f078446a66f3 | INFO | Message 79f2bc19-7391-4af6-a1df-747f384b2fd7 created
2026-08-09 07:55:51 | team | sess_f078446a66f3 | INFO | [verifier1] processing 1 unread messages (steer=True)
2026-08-09 07:55:51 | team | sess_f078446a66f3 | INFO | Message 5ac58e96-d5f4-4a95-8f7a-8f1bd2304280 marked as read by verifier1
2026-08-09 07:56:04 | team | sess_f078446a66f3 | INFO | Message 1c3e8d31-aaa2-4224-a3e6-e6bf2af57a2d created
2026-08-09 07:57:06 | team | sess_f078446a66f3 | INFO | task list drained for team jiuwen_team_sess_f078446a66f3: 4 terminal task(s)
2026-08-09 07:58:10 | team | sess_f078446a66f3 | INFO | Message 5b752567-49a0-4e4d-8934-46e4508237b6 created
2026-08-09 07:58:16 | team | sess_f078446a66f3 | INFO | [verifier1] processing 1 unread messages (steer=True)
2026-08-09 07:58:16 | team | sess_f078446a66f3 | INFO | Message 5019a53c-b71b-44aa-8c0e-c1b6aa1f7c6a marked as read by verifier1
2026-08-09 07:58:34 | team | sess_f078446a66f3 | INFO | team jiuwen_team_sess_f078446a66f3 reported completed: 9 members, 4 tasks
2026-08-09 07:58:34 | team | sess_f078446a66f3 | INFO | [verifier1] received TEAM_STANDBY, pausing polls
2026-08-09 07:58:34 | team | sess_f078446a66f3 | INFO | EventBus[teammate] pausing polls
