2026-08-09 07:52:06 | team | sess_f078446a66f3 | INFO | Team workspace directory ensured at /srv/jwteam_clone/shared/run_current
2026-08-09 07:52:06 | team | sess_f078446a66f3 | INFO | AgentTeam manager initialized for jiuwen_team_sess_f078446a66f3, member=team_leader
2026-08-09 07:52:06 | team | sess_f078446a66f3 | INFO | [team_leader] TeamPolicyRail static sections: section_names=['team_role', 'team_workflow', 'team_swarmflow', 'team_lifecycle', 'team_persona']
2026-08-09 07:52:06 | team | sess_f078446a66f3 | INFO | Session tables ready for session sess_f078446a66f3
2026-08-09 07:52:06 | team | sess_f078446a66f3 | INFO | Team database initialized
2026-08-09 07:52:06 | team | default_trace_id | INFO | Team workspace directory ensured at /srv/jwteam_clone/shared/run_current
2026-08-09 07:52:06 | team | default_trace_id | INFO | AgentTeam manager initialized for jiuwen_team_sess_f078446a66f3, member=planner2
2026-08-09 07:52:06 | team | default_trace_id | INFO | [planner2] TeamPolicyRail static sections: section_names=['team_role', 'team_persona']
2026-08-09 07:52:06 | team | sess_f078446a66f3 | INFO | [planner2] invoke start, role=teammate
2026-08-09 07:52:06 | team | sess_f078446a66f3 | INFO | [planner2] coordination starting
2026-08-09 07:52:06 | team | sess_f078446a66f3 | INFO | Session tables ready for session sess_f078446a66f3
2026-08-09 07:52:06 | team | sess_f078446a66f3 | INFO | Workspace /srv/jwteam_clone/shared/run_current initialized as plain shared directory (version_control disabled)
2026-08-09 07:52:06 | team | sess_f078446a66f3 | INFO | EventBus[teammate] starting
2026-08-09 07:52:30 | team | sess_f078446a66f3 | INFO | [planner2] HITT section refresh: human_agent_names=[]
2026-08-09 07:52:40 | team | sess_f078446a66f3 | INFO | [planner2] processing 1 unread messages (steer=True)
2026-08-09 07:52:40 | team | sess_f078446a66f3 | INFO | Message dc1611ce-aa3e-41ad-9f81-5e02a672b66c marked as read by planner2
2026-08-09 07:52:53 | team | sess_f078446a66f3 | INFO | Message 6b229586-42fb-4d53-a9be-f8f2a5be2533 created
2026-08-09 07:57:06 | team | sess_f078446a66f3 | INFO | task list drained for team jiuwen_team_sess_f078446a66f3: 4 terminal task(s)
2026-08-09 07:58:34 | team | sess_f078446a66f3 | INFO | team jiuwen_team_sess_f078446a66f3 reported completed: 9 members, 4 tasks
2026-08-09 07:58:34 | team | sess_f078446a66f3 | INFO | [planner2] received TEAM_STANDBY, pausing polls
2026-08-09 07:58:34 | team | sess_f078446a66f3 | INFO | EventBus[teammate] pausing polls
