2026-08-10 04:26:12 | team | sess_783e55d9b6fc | INFO | Team workspace directory ensured at /srv/jwteam_clone/shared/run_current
2026-08-10 04:26:12 | team | sess_783e55d9b6fc | INFO | AgentTeam manager initialized for jiuwen_team_sess_783e55d9b6fc, member=team_leader
2026-08-10 04:26:12 | team | sess_783e55d9b6fc | INFO | [team_leader] TeamPolicyRail static sections: section_names=['team_role', 'team_workflow', 'team_swarmflow', 'team_lifecycle', 'team_persona']
2026-08-10 04:26:12 | team | sess_783e55d9b6fc | INFO | Session tables ready for session sess_783e55d9b6fc
2026-08-10 04:26:12 | team | sess_783e55d9b6fc | INFO | Team database initialized
2026-08-10 04:26:12 | team | default_trace_id | INFO | Team workspace directory ensured at /srv/jwteam_clone/shared/run_current
2026-08-10 04:26:12 | team | default_trace_id | INFO | AgentTeam manager initialized for jiuwen_team_sess_783e55d9b6fc, member=planner1
2026-08-10 04:26:12 | team | default_trace_id | INFO | [planner1] TeamPolicyRail static sections: section_names=['team_role', 'team_persona']
2026-08-10 04:26:12 | team | sess_783e55d9b6fc | INFO | [planner1] invoke start, role=teammate
2026-08-10 04:26:12 | team | sess_783e55d9b6fc | INFO | [planner1] coordination starting
2026-08-10 04:26:12 | team | sess_783e55d9b6fc | INFO | Session tables ready for session sess_783e55d9b6fc
2026-08-10 04:26:12 | team | sess_783e55d9b6fc | INFO | Workspace /srv/jwteam_clone/shared/run_current initialized as plain shared directory (version_control disabled)
2026-08-10 04:26:12 | team | sess_783e55d9b6fc | INFO | EventBus[teammate] starting
2026-08-10 04:26:33 | team | sess_783e55d9b6fc | INFO | [planner1] HITT section refresh: human_agent_names=[]
2026-08-10 04:26:42 | team | sess_783e55d9b6fc | INFO | [planner1] processing 1 unread messages (steer=True)
2026-08-10 04:26:42 | team | sess_783e55d9b6fc | INFO | Message d12faa69-06e9-4e07-95a3-f1095dc529ef marked as read by planner1
2026-08-10 04:26:56 | team | sess_783e55d9b6fc | INFO | Message b827994f-bb1a-4c73-8d6f-554b7f5c998b created
2026-08-10 04:26:58 | team | sess_783e55d9b6fc | INFO | [planner1] processing 1 unread messages (steer=True)
2026-08-10 04:26:58 | team | sess_783e55d9b6fc | INFO | Message 7945314f-d7fb-4af1-8c76-c7a0efa87119 marked as read by planner1
2026-08-10 04:27:12 | team | sess_783e55d9b6fc | INFO | [planner1] processing 1 unread messages (steer=True)
2026-08-10 04:27:12 | team | sess_783e55d9b6fc | INFO | Message 84607104-cb16-4484-9347-536ccb93e091 marked as read by planner1
2026-08-10 04:27:17 | team | sess_783e55d9b6fc | INFO | Message 1db1d6b6-afa7-4a7e-ae68-3cf2045fb303 created
2026-08-10 04:27:28 | team | sess_783e55d9b6fc | INFO | [planner1] processing 1 unread messages (steer=True)
2026-08-10 04:27:28 | team | sess_783e55d9b6fc | INFO | Message ce8a5374-8ec3-4b2f-a4fe-d7e61db072c3 marked as read by planner1
2026-08-10 04:27:34 | team | sess_783e55d9b6fc | INFO | Message fe0f7c88-5f26-49ee-abfe-5b1c65d61e5d created
2026-08-10 04:27:47 | team | sess_783e55d9b6fc | INFO | [planner1] processing 1 unread messages (steer=True)
2026-08-10 04:27:47 | team | sess_783e55d9b6fc | INFO | Message 75309f69-5531-47b5-a986-c70753ecfb1a marked as read by planner1
2026-08-10 04:27:48 | team | sess_783e55d9b6fc | INFO | Message 7b735b24-d169-4d48-bb59-217a7dcad5b7 created
2026-08-10 04:27:58 | team | sess_783e55d9b6fc | INFO | Message 84c7fe54-2212-4fc0-8685-9672c75de46a created
2026-08-10 04:27:58 | team | sess_783e55d9b6fc | INFO | Message a9df5eff-94be-4ca0-9baa-303b4b80a35b created
2026-08-10 04:28:02 | team | sess_783e55d9b6fc | INFO | Task plan claimed by member planner1
2026-08-10 04:28:02 | team | sess_783e55d9b6fc | INFO | Task plan claimed by member planner1
2026-08-10 04:28:04 | team | sess_783e55d9b6fc | INFO | [planner1] processing 1 unread messages (steer=True)
2026-08-10 04:28:04 | team | sess_783e55d9b6fc | INFO | Message dedc9be7-39e8-4f8c-821e-0b71b51709c6 marked as read by planner1
2026-08-10 04:28:05 | team | sess_783e55d9b6fc | INFO | [planner1] processing 1 unread messages (steer=True)
2026-08-10 04:28:05 | team | sess_783e55d9b6fc | INFO | Message c7f7e4f1-c14a-4853-b91d-c8b2bad1092d marked as read by planner1
2026-08-10 04:28:13 | team | sess_783e55d9b6fc | INFO | [planner1] processing 1 unread messages (steer=True)
2026-08-10 04:28:13 | team | sess_783e55d9b6fc | INFO | Message 499c1171-6573-45fe-ae6a-a2269f39b787 marked as read by planner1
2026-08-10 04:28:53 | team | sess_783e55d9b6fc | INFO | Message 881527e8-1e67-4375-9892-7e8d72014aed created
2026-08-10 04:28:53 | team | sess_783e55d9b6fc | INFO | Message 867ae73a-f174-494a-9489-68a1ad0971bf created
2026-08-10 04:29:01 | team | sess_783e55d9b6fc | INFO | [planner1] processing 1 unread messages (steer=True)
2026-08-10 04:29:01 | team | sess_783e55d9b6fc | INFO | Message af31dcfb-3d66-47e9-af44-334608eb21e7 marked as read by planner1
2026-08-10 04:29:06 | team | sess_783e55d9b6fc | INFO | Task plan completed at 1786332546533
2026-08-10 04:29:06 | team | sess_783e55d9b6fc | INFO | Message faf372a9-bb01-4c58-bc1a-beb757634617 created
2026-08-10 04:29:06 | team | sess_783e55d9b6fc | INFO | Resolved 1 dependencies for task plan
2026-08-10 04:29:06 | team | sess_783e55d9b6fc | INFO | Task implement unblocked (all deps resolved)
2026-08-10 04:29:06 | team | sess_783e55d9b6fc | INFO | Task plan completed
2026-08-10 04:29:06 | team | sess_783e55d9b6fc | INFO | Unblocked 1 tasks
2026-08-10 04:29:06 | team | sess_783e55d9b6fc | INFO | Message 2120471c-4e11-4c9b-a4c1-2d00f94574ba created
2026-08-10 04:29:06 | team | sess_783e55d9b6fc | INFO | Message cc5a6564-719e-4eaf-a6ee-3b2f4672ec0f created
2026-08-10 04:29:07 | team | sess_783e55d9b6fc | INFO | [planner1] processing 1 unread messages (steer=True)
2026-08-10 04:29:07 | team | sess_783e55d9b6fc | INFO | Message de8ddaba-8b97-4f86-90b4-b66fafc80d6e marked as read by planner1
2026-08-10 04:29:12 | team | sess_783e55d9b6fc | INFO | [planner1] processing 1 unread messages (steer=True)
2026-08-10 04:29:12 | team | sess_783e55d9b6fc | INFO | Message 2ead4605-3a50-4c54-b16e-2627a2379047 marked as read by planner1
2026-08-10 04:29:20 | team | sess_783e55d9b6fc | INFO | Message 373a6cc1-26a6-47e2-93a7-cb1ae19de8d6 created
2026-08-10 04:29:29 | team | sess_783e55d9b6fc | INFO | Message f044f452-9da8-4d16-88b5-722fbcaa2d2b created
2026-08-10 04:29:29 | team | sess_783e55d9b6fc | INFO | Message 5109350a-9db8-4fef-b2fa-c43c6c0d9345 created
2026-08-10 04:30:09 | team | sess_783e55d9b6fc | INFO | [planner1] processing 1 unread messages (steer=True)
2026-08-10 04:30:09 | team | sess_783e55d9b6fc | INFO | Message 33ea11a5-32aa-41a8-a6ea-1bdf1e1aab7a marked as read by planner1
2026-08-10 04:30:20 | team | sess_783e55d9b6fc | INFO | Message 6fbb1255-5aa3-459e-a4c2-948f396bb3c8 created
2026-08-10 04:30:28 | team | sess_783e55d9b6fc | INFO | [planner1] processing 1 unread messages (steer=True)
2026-08-10 04:30:28 | team | sess_783e55d9b6fc | INFO | Message fc9f12d7-ebea-46ee-9844-4ee695d1b302 marked as read by planner1
2026-08-10 04:30:35 | team | sess_783e55d9b6fc | INFO | Message 90f71bff-3cb7-4136-830d-9ecd4f29a667 created
2026-08-10 04:32:52 | team | sess_783e55d9b6fc | INFO | task list drained for team jiuwen_team_sess_783e55d9b6fc: 3 terminal task(s)
2026-08-10 04:33:06 | team | sess_783e55d9b6fc | INFO | [planner1] processing 1 unread messages (steer=True)
2026-08-10 04:33:06 | team | sess_783e55d9b6fc | INFO | Message 9f57adb6-e878-413e-969a-1306b692ad87 marked as read by planner1
2026-08-10 04:33:34 | team | sess_783e55d9b6fc | INFO | team jiuwen_team_sess_783e55d9b6fc reported completed: 9 members, 3 tasks
2026-08-10 04:33:34 | team | sess_783e55d9b6fc | INFO | [planner1] received TEAM_STANDBY, pausing polls
2026-08-10 04:33:34 | team | sess_783e55d9b6fc | INFO | EventBus[teammate] pausing polls
