2026-08-10 04:26:13 | team | sess_783e55d9b6fc | INFO | Team workspace directory ensured at /srv/jwteam_clone/shared/run_current
2026-08-10 04:26:13 | team | sess_783e55d9b6fc | INFO | AgentTeam manager initialized for jiuwen_team_sess_783e55d9b6fc, member=team_leader
2026-08-10 04:26:13 | team | sess_783e55d9b6fc | INFO | [team_leader] TeamPolicyRail static sections: section_names=['team_role', 'team_workflow', 'team_swarmflow', 'team_lifecycle', 'team_persona']
2026-08-10 04:26:13 | team | sess_783e55d9b6fc | INFO | Session tables ready for session sess_783e55d9b6fc
2026-08-10 04:26:13 | team | sess_783e55d9b6fc | INFO | Team database initialized
2026-08-10 04:26:13 | team | default_trace_id | INFO | Team workspace directory ensured at /srv/jwteam_clone/shared/run_current
2026-08-10 04:26:13 | team | default_trace_id | INFO | AgentTeam manager initialized for jiuwen_team_sess_783e55d9b6fc, member=planner2
2026-08-10 04:26:13 | team | default_trace_id | INFO | [planner2] TeamPolicyRail static sections: section_names=['team_role', 'team_persona']
2026-08-10 04:26:13 | team | sess_783e55d9b6fc | INFO | [planner2] invoke start, role=teammate
2026-08-10 04:26:13 | team | sess_783e55d9b6fc | INFO | [planner2] coordination starting
2026-08-10 04:26:13 | team | sess_783e55d9b6fc | INFO | Session tables ready for session sess_783e55d9b6fc
2026-08-10 04:26:13 | team | sess_783e55d9b6fc | INFO | Workspace /srv/jwteam_clone/shared/run_current initialized as plain shared directory (version_control disabled)
2026-08-10 04:26:13 | team | sess_783e55d9b6fc | INFO | EventBus[teammate] starting
2026-08-10 04:26:32 | team | sess_783e55d9b6fc | INFO | [planner2] HITT section refresh: human_agent_names=[]
2026-08-10 04:26:42 | team | sess_783e55d9b6fc | INFO | [planner2] processing 1 unread messages (steer=True)
2026-08-10 04:26:42 | team | sess_783e55d9b6fc | INFO | Message d12faa69-06e9-4e07-95a3-f1095dc529ef marked as read by planner2
2026-08-10 04:26:43 | team | sess_783e55d9b6fc | INFO | Task plan claimed by member planner2
2026-08-10 04:26:43 | team | sess_783e55d9b6fc | INFO | Task plan claimed by member planner2
2026-08-10 04:26:56 | team | sess_783e55d9b6fc | INFO | [planner2] processing 1 unread messages (steer=True)
2026-08-10 04:26:56 | team | sess_783e55d9b6fc | INFO | Message b827994f-bb1a-4c73-8d6f-554b7f5c998b marked as read by planner2
2026-08-10 04:27:12 | team | sess_783e55d9b6fc | INFO | Message 84607104-cb16-4484-9347-536ccb93e091 created
2026-08-10 04:27:28 | team | sess_783e55d9b6fc | INFO | Message ce8a5374-8ec3-4b2f-a4fe-d7e61db072c3 created
2026-08-10 04:27:28 | team | sess_783e55d9b6fc | INFO | Message 99be7319-32ae-4b5a-a00b-26b4c545cfba created
2026-08-10 04:27:34 | team | sess_783e55d9b6fc | INFO | [planner2] processing 1 unread messages (steer=True)
2026-08-10 04:27:34 | team | sess_783e55d9b6fc | INFO | Message fe0f7c88-5f26-49ee-abfe-5b1c65d61e5d marked as read by planner2
2026-08-10 04:27:47 | team | sess_783e55d9b6fc | INFO | Message 75309f69-5531-47b5-a986-c70753ecfb1a created
2026-08-10 04:27:48 | team | sess_783e55d9b6fc | INFO | [planner2] processing 1 unread messages (steer=True)
2026-08-10 04:27:48 | team | sess_783e55d9b6fc | INFO | Message 7b735b24-d169-4d48-bb59-217a7dcad5b7 marked as read by planner2
2026-08-10 04:27:56 | team | sess_783e55d9b6fc | INFO | [planner2] processing 1 unread messages (steer=True)
2026-08-10 04:27:56 | team | sess_783e55d9b6fc | INFO | Message 0794cbae-cbd1-4e58-80cc-63fb49e930ff marked as read by planner2
2026-08-10 04:27:58 | team | sess_783e55d9b6fc | INFO | [planner2] processing 1 unread messages (steer=True)
2026-08-10 04:27:58 | team | sess_783e55d9b6fc | INFO | Message 84c7fe54-2212-4fc0-8685-9672c75de46a marked as read by planner2
2026-08-10 04:28:01 | team | sess_783e55d9b6fc | INFO | [planner2] processing 1 unread messages (steer=True)
2026-08-10 04:28:01 | team | sess_783e55d9b6fc | INFO | Message dd73084c-96c8-4110-b592-350dd2081148 marked as read by planner2
2026-08-10 04:28:13 | team | sess_783e55d9b6fc | INFO | Message 71c544a0-4f52-49ae-a66e-2c5942145fce created
2026-08-10 04:28:13 | team | sess_783e55d9b6fc | INFO | Message 499c1171-6573-45fe-ae6a-a2269f39b787 created
2026-08-10 04:28:53 | team | sess_783e55d9b6fc | INFO | [planner2] processing 1 unread messages (steer=True)
2026-08-10 04:28:53 | team | sess_783e55d9b6fc | INFO | Message 867ae73a-f174-494a-9489-68a1ad0971bf marked as read by planner2
2026-08-10 04:29:01 | team | sess_783e55d9b6fc | INFO | Message af31dcfb-3d66-47e9-af44-334608eb21e7 created
2026-08-10 04:29:06 | team | sess_783e55d9b6fc | INFO | [planner2] processing 1 unread messages (steer=True)
2026-08-10 04:29:06 | team | sess_783e55d9b6fc | INFO | Message cc5a6564-719e-4eaf-a6ee-3b2f4672ec0f marked as read by planner2
2026-08-10 04:29:20 | team | sess_783e55d9b6fc | INFO | [planner2] processing 1 unread messages (steer=True)
2026-08-10 04:29:20 | team | sess_783e55d9b6fc | INFO | Message 373a6cc1-26a6-47e2-93a7-cb1ae19de8d6 marked as read by planner2
2026-08-10 04:29:54 | team | sess_783e55d9b6fc | INFO | Message 8883e6d4-f835-43e4-abe1-b3b9621c3346 created
2026-08-10 04:30:09 | team | sess_783e55d9b6fc | INFO | Message 33ea11a5-32aa-41a8-a6ea-1bdf1e1aab7a created
2026-08-10 04:30:20 | team | sess_783e55d9b6fc | INFO | [planner2] processing 1 unread messages (steer=True)
2026-08-10 04:30:20 | team | sess_783e55d9b6fc | INFO | Message 6fbb1255-5aa3-459e-a4c2-948f396bb3c8 marked as read by planner2
2026-08-10 04:30:24 | team | sess_783e55d9b6fc | INFO | [planner2] processing 1 unread messages (steer=True)
2026-08-10 04:30:24 | team | sess_783e55d9b6fc | INFO | Message bb47828c-b2fd-4262-a1b7-3aaf9fe876ac marked as read by planner2
2026-08-10 04:30:28 | team | sess_783e55d9b6fc | INFO | Message fc9f12d7-ebea-46ee-9844-4ee695d1b302 created
2026-08-10 04:30:33 | team | sess_783e55d9b6fc | INFO | Message a1733738-b7e5-4223-a42f-6a83582f0207 created
2026-08-10 04:30:35 | team | sess_783e55d9b6fc | INFO | [planner2] processing 1 unread messages (steer=True)
2026-08-10 04:30:35 | team | sess_783e55d9b6fc | INFO | Message 90f71bff-3cb7-4136-830d-9ecd4f29a667 marked as read by planner2
2026-08-10 04:32:52 | team | sess_783e55d9b6fc | INFO | task list drained for team jiuwen_team_sess_783e55d9b6fc: 3 terminal task(s)
2026-08-10 04:33:06 | team | sess_783e55d9b6fc | INFO | [planner2] processing 1 unread messages (steer=True)
2026-08-10 04:33:06 | team | sess_783e55d9b6fc | INFO | Message 9f57adb6-e878-413e-969a-1306b692ad87 marked as read by planner2
2026-08-10 04:33:34 | team | sess_783e55d9b6fc | INFO | team jiuwen_team_sess_783e55d9b6fc reported completed: 9 members, 3 tasks
2026-08-10 04:33:34 | team | sess_783e55d9b6fc | INFO | [planner2] received TEAM_STANDBY, pausing polls
2026-08-10 04:33:34 | team | sess_783e55d9b6fc | INFO | EventBus[teammate] pausing polls
