2026-08-10 04:26:15 | team | sess_783e55d9b6fc | INFO | Team workspace directory ensured at /srv/jwteam_clone/shared/run_current
2026-08-10 04:26:15 | team | sess_783e55d9b6fc | INFO | AgentTeam manager initialized for jiuwen_team_sess_783e55d9b6fc, member=team_leader
2026-08-10 04:26:15 | team | sess_783e55d9b6fc | INFO | [team_leader] TeamPolicyRail static sections: section_names=['team_role', 'team_workflow', 'team_swarmflow', 'team_lifecycle', 'team_persona']
2026-08-10 04:26:16 | team | sess_783e55d9b6fc | INFO | Session tables ready for session sess_783e55d9b6fc
2026-08-10 04:26:16 | team | sess_783e55d9b6fc | INFO | Team database initialized
2026-08-10 04:26:16 | team | default_trace_id | INFO | Team workspace directory ensured at /srv/jwteam_clone/shared/run_current
2026-08-10 04:26:16 | team | default_trace_id | INFO | AgentTeam manager initialized for jiuwen_team_sess_783e55d9b6fc, member=executor3
2026-08-10 04:26:16 | team | default_trace_id | INFO | [executor3] TeamPolicyRail static sections: section_names=['team_role', 'team_persona']
2026-08-10 04:26:16 | team | sess_783e55d9b6fc | INFO | [executor3] invoke start, role=teammate
2026-08-10 04:26:16 | team | sess_783e55d9b6fc | INFO | [executor3] coordination starting
2026-08-10 04:26:16 | team | sess_783e55d9b6fc | INFO | Session tables ready for session sess_783e55d9b6fc
2026-08-10 04:26:16 | team | sess_783e55d9b6fc | INFO | Workspace /srv/jwteam_clone/shared/run_current initialized as plain shared directory (version_control disabled)
2026-08-10 04:26:16 | team | sess_783e55d9b6fc | INFO | EventBus[teammate] starting
2026-08-10 04:26:32 | team | sess_783e55d9b6fc | INFO | [executor3] HITT section refresh: human_agent_names=[]
2026-08-10 04:26:42 | team | sess_783e55d9b6fc | INFO | [executor3] processing 1 unread messages (steer=True)
2026-08-10 04:26:42 | team | sess_783e55d9b6fc | INFO | Message d12faa69-06e9-4e07-95a3-f1095dc529ef marked as read by executor3
2026-08-10 04:26:58 | team | sess_783e55d9b6fc | INFO | Message 7945314f-d7fb-4af1-8c76-c7a0efa87119 created
2026-08-10 04:27:17 | team | sess_783e55d9b6fc | INFO | [executor3] processing 1 unread messages (steer=True)
2026-08-10 04:27:17 | team | sess_783e55d9b6fc | INFO | Message 1db1d6b6-afa7-4a7e-ae68-3cf2045fb303 marked as read by executor3
2026-08-10 04:28:04 | team | sess_783e55d9b6fc | INFO | Message dedc9be7-39e8-4f8c-821e-0b71b51709c6 created
2026-08-10 04:29:06 | team | sess_783e55d9b6fc | INFO | [executor3] processing 1 unread messages (steer=True)
2026-08-10 04:29:06 | team | sess_783e55d9b6fc | INFO | Message faf372a9-bb01-4c58-bc1a-beb757634617 marked as read by executor3
2026-08-10 04:30:23 | team | sess_783e55d9b6fc | INFO | Message ee9e0925-1d58-481c-9d9a-a6ad8f940db9 created
2026-08-10 04:32:52 | team | sess_783e55d9b6fc | INFO | task list drained for team jiuwen_team_sess_783e55d9b6fc: 3 terminal task(s)
2026-08-10 04:33:06 | team | sess_783e55d9b6fc | INFO | [executor3] processing 1 unread messages (steer=True)
2026-08-10 04:33:06 | team | sess_783e55d9b6fc | INFO | Message 9f57adb6-e878-413e-969a-1306b692ad87 marked as read by executor3
2026-08-10 04:33:34 | team | sess_783e55d9b6fc | INFO | team jiuwen_team_sess_783e55d9b6fc reported completed: 9 members, 3 tasks
2026-08-10 04:33:34 | team | sess_783e55d9b6fc | INFO | [executor3] received TEAM_STANDBY, pausing polls
2026-08-10 04:33:34 | team | sess_783e55d9b6fc | INFO | EventBus[teammate] pausing polls
