2026-08-10 04:26:13 | team | sess_783e55d9b6fc | INFO | Team workspace directory ensured at /srv/jwteam_clone/shared/run_current
2026-08-10 04:26:13 | team | sess_783e55d9b6fc | INFO | AgentTeam manager initialized for jiuwen_team_sess_783e55d9b6fc, member=team_leader
2026-08-10 04:26:13 | team | sess_783e55d9b6fc | INFO | [team_leader] TeamPolicyRail static sections: section_names=['team_role', 'team_workflow', 'team_swarmflow', 'team_lifecycle', 'team_persona']
2026-08-10 04:26:14 | team | sess_783e55d9b6fc | INFO | Session tables ready for session sess_783e55d9b6fc
2026-08-10 04:26:14 | team | sess_783e55d9b6fc | INFO | Team database initialized
2026-08-10 04:26:14 | team | default_trace_id | INFO | Team workspace directory ensured at /srv/jwteam_clone/shared/run_current
2026-08-10 04:26:14 | team | default_trace_id | INFO | AgentTeam manager initialized for jiuwen_team_sess_783e55d9b6fc, member=executor1
2026-08-10 04:26:14 | team | default_trace_id | INFO | [executor1] TeamPolicyRail static sections: section_names=['team_role', 'team_persona']
2026-08-10 04:26:14 | team | sess_783e55d9b6fc | INFO | [executor1] invoke start, role=teammate
2026-08-10 04:26:14 | team | sess_783e55d9b6fc | INFO | [executor1] coordination starting
2026-08-10 04:26:14 | team | sess_783e55d9b6fc | INFO | Session tables ready for session sess_783e55d9b6fc
2026-08-10 04:26:14 | team | sess_783e55d9b6fc | INFO | Workspace /srv/jwteam_clone/shared/run_current initialized as plain shared directory (version_control disabled)
2026-08-10 04:26:14 | team | sess_783e55d9b6fc | INFO | EventBus[teammate] starting
2026-08-10 04:26:32 | team | sess_783e55d9b6fc | INFO | [executor1] HITT section refresh: human_agent_names=[]
2026-08-10 04:26:42 | team | sess_783e55d9b6fc | INFO | [executor1] processing 1 unread messages (steer=True)
2026-08-10 04:26:42 | team | sess_783e55d9b6fc | INFO | Message d12faa69-06e9-4e07-95a3-f1095dc529ef marked as read by executor1
2026-08-10 04:26:50 | team | sess_783e55d9b6fc | INFO | Message d0d65a4b-728f-4e78-a703-9998712a754a created
2026-08-10 04:28:53 | team | sess_783e55d9b6fc | INFO | [executor1] processing 1 unread messages (steer=True)
2026-08-10 04:28:53 | team | sess_783e55d9b6fc | INFO | Message 881527e8-1e67-4375-9892-7e8d72014aed marked as read by executor1
2026-08-10 04:29:07 | team | sess_783e55d9b6fc | INFO | Message de8ddaba-8b97-4f86-90b4-b66fafc80d6e created
2026-08-10 04:29:11 | team | sess_783e55d9b6fc | INFO | Task implement claimed by member executor1
2026-08-10 04:29:11 | team | sess_783e55d9b6fc | INFO | Task implement claimed by member executor1
2026-08-10 04:29:14 | team | sess_783e55d9b6fc | INFO | [executor1] processing 1 unread messages (steer=True)
2026-08-10 04:29:15 | team | sess_783e55d9b6fc | INFO | Message 9c5e17ab-ca47-415b-938a-4a999c814267 marked as read by executor1
2026-08-10 04:29:24 | team | sess_783e55d9b6fc | INFO | Message d7f78ffa-2a9a-4314-a8d7-15988679d388 created
2026-08-10 04:29:29 | team | sess_783e55d9b6fc | INFO | [executor1] processing 1 unread messages (steer=True)
2026-08-10 04:29:29 | team | sess_783e55d9b6fc | INFO | Message f044f452-9da8-4d16-88b5-722fbcaa2d2b marked as read by executor1
2026-08-10 04:29:54 | team | sess_783e55d9b6fc | INFO | [executor1] processing 1 unread messages (steer=True)
2026-08-10 04:29:54 | team | sess_783e55d9b6fc | INFO | Message 8883e6d4-f835-43e4-abe1-b3b9621c3346 marked as read by executor1
2026-08-10 04:30:15 | team | sess_783e55d9b6fc | INFO | Task implement completed at 1786332615020
2026-08-10 04:30:15 | team | sess_783e55d9b6fc | INFO | Resolved 1 dependencies for task implement
2026-08-10 04:30:15 | team | sess_783e55d9b6fc | INFO | Task verify unblocked (all deps resolved)
2026-08-10 04:30:15 | team | sess_783e55d9b6fc | INFO | Task implement completed
2026-08-10 04:30:15 | team | sess_783e55d9b6fc | INFO | Unblocked 1 tasks
2026-08-10 04:30:24 | team | sess_783e55d9b6fc | INFO | Message bb47828c-b2fd-4262-a1b7-3aaf9fe876ac created
2026-08-10 04:30:24 | team | sess_783e55d9b6fc | INFO | Message 97579b5e-0959-4964-9e07-bcbcfd1d03ec created
2026-08-10 04:30:33 | team | sess_783e55d9b6fc | INFO | [executor1] processing 1 unread messages (steer=True)
2026-08-10 04:30:33 | team | sess_783e55d9b6fc | INFO | Message a1733738-b7e5-4223-a42f-6a83582f0207 marked as read by executor1
2026-08-10 04:30:41 | team | sess_783e55d9b6fc | INFO | [executor1] processing 1 unread messages (steer=True)
2026-08-10 04:30:41 | team | sess_783e55d9b6fc | INFO | Message 57f0e906-b85b-48bf-8af7-e3026aee74df marked as read by executor1
2026-08-10 04:30:54 | team | sess_783e55d9b6fc | INFO | Message 4f402c23-9445-4407-bcbf-529883e1ed7c created
2026-08-10 04:30:54 | team | sess_783e55d9b6fc | INFO | [executor1] processing 1 unread messages (steer=True)
2026-08-10 04:30:54 | team | sess_783e55d9b6fc | INFO | Message 58263db8-08c9-4d75-878c-9a1d09193ac0 marked as read by executor1
2026-08-10 04:31:02 | team | sess_783e55d9b6fc | INFO | Message f3536b52-08a1-4bfb-b560-cd6cfee19cf9 created
2026-08-10 04:32:26 | team | sess_783e55d9b6fc | INFO | [executor1] processing 1 unread messages (steer=True)
2026-08-10 04:32:26 | team | sess_783e55d9b6fc | INFO | Message 35838976-fa50-411b-830e-91b64c331b31 marked as read by executor1
2026-08-10 04:32:52 | team | sess_783e55d9b6fc | INFO | task list drained for team jiuwen_team_sess_783e55d9b6fc: 3 terminal task(s)
2026-08-10 04:33:06 | team | sess_783e55d9b6fc | INFO | [executor1] processing 1 unread messages (steer=True)
2026-08-10 04:33:06 | team | sess_783e55d9b6fc | INFO | Message 9f57adb6-e878-413e-969a-1306b692ad87 marked as read by executor1
2026-08-10 04:33:34 | team | sess_783e55d9b6fc | INFO | team jiuwen_team_sess_783e55d9b6fc reported completed: 9 members, 3 tasks
2026-08-10 04:33:34 | team | sess_783e55d9b6fc | INFO | [executor1] received TEAM_STANDBY, pausing polls
2026-08-10 04:33:34 | team | sess_783e55d9b6fc | INFO | EventBus[teammate] pausing polls
