2026-08-10 04:26:16 | team | sess_783e55d9b6fc | INFO | Team workspace directory ensured at /srv/jwteam_clone/shared/run_current
2026-08-10 04:26:16 | team | sess_783e55d9b6fc | INFO | AgentTeam manager initialized for jiuwen_team_sess_783e55d9b6fc, member=team_leader
2026-08-10 04:26:16 | team | sess_783e55d9b6fc | INFO | [team_leader] TeamPolicyRail static sections: section_names=['team_role', 'team_workflow', 'team_swarmflow', 'team_lifecycle', 'team_persona']
2026-08-10 04:26:16 | team | sess_783e55d9b6fc | INFO | Session tables ready for session sess_783e55d9b6fc
2026-08-10 04:26:16 | team | sess_783e55d9b6fc | INFO | Team database initialized
2026-08-10 04:26:16 | team | default_trace_id | INFO | Team workspace directory ensured at /srv/jwteam_clone/shared/run_current
2026-08-10 04:26:16 | team | default_trace_id | INFO | AgentTeam manager initialized for jiuwen_team_sess_783e55d9b6fc, member=verifier1
2026-08-10 04:26:16 | team | default_trace_id | INFO | [verifier1] TeamPolicyRail static sections: section_names=['team_role', 'team_persona']
2026-08-10 04:26:17 | team | sess_783e55d9b6fc | INFO | [verifier1] invoke start, role=teammate
2026-08-10 04:26:17 | team | sess_783e55d9b6fc | INFO | [verifier1] coordination starting
2026-08-10 04:26:17 | team | sess_783e55d9b6fc | INFO | Session tables ready for session sess_783e55d9b6fc
2026-08-10 04:26:17 | team | sess_783e55d9b6fc | INFO | Workspace /srv/jwteam_clone/shared/run_current initialized as plain shared directory (version_control disabled)
2026-08-10 04:26:17 | team | sess_783e55d9b6fc | INFO | EventBus[teammate] starting
2026-08-10 04:26:33 | team | sess_783e55d9b6fc | INFO | [verifier1] HITT section refresh: human_agent_names=[]
2026-08-10 04:26:42 | team | sess_783e55d9b6fc | INFO | [verifier1] processing 1 unread messages (steer=True)
2026-08-10 04:26:42 | team | sess_783e55d9b6fc | INFO | Message d12faa69-06e9-4e07-95a3-f1095dc529ef marked as read by verifier1
2026-08-10 04:27:14 | team | sess_783e55d9b6fc | INFO | Message 5a5e653d-47c5-49e9-9887-f1ec298c2d73 created
2026-08-10 04:27:56 | team | sess_783e55d9b6fc | INFO | [verifier1] processing 1 unread messages (steer=True)
2026-08-10 04:27:56 | team | sess_783e55d9b6fc | INFO | Message e6058441-f737-4bfd-b68d-8223c74b6885 marked as read by verifier1
2026-08-10 04:28:15 | team | sess_783e55d9b6fc | INFO | Message bee9bb0e-8fec-4a8a-b0e8-33707640e223 created
2026-08-10 04:28:28 | team | sess_783e55d9b6fc | INFO | [verifier1] processing 1 unread messages (steer=True)
2026-08-10 04:28:28 | team | sess_783e55d9b6fc | INFO | Message 927d3f2f-e524-4b19-8122-44166b534fe2 marked as read by verifier1
2026-08-10 04:30:20 | team | sess_783e55d9b6fc | INFO | [verifier1] processing 1 unread messages (steer=True)
2026-08-10 04:30:20 | team | sess_783e55d9b6fc | INFO | Message e6b9b122-c272-4788-9e42-1f0a3785d1e5 marked as read by verifier1
2026-08-10 04:30:21 | team | sess_783e55d9b6fc | INFO | Task verify claimed by member verifier1
2026-08-10 04:30:21 | team | sess_783e55d9b6fc | INFO | Task verify claimed by member verifier1
2026-08-10 04:30:23 | team | sess_783e55d9b6fc | INFO | [verifier1] processing 1 unread messages (steer=True)
2026-08-10 04:30:23 | team | sess_783e55d9b6fc | INFO | Message ee9e0925-1d58-481c-9d9a-a6ad8f940db9 marked as read by verifier1
2026-08-10 04:30:24 | team | sess_783e55d9b6fc | INFO | [verifier1] processing 1 unread messages (steer=True)
2026-08-10 04:30:24 | team | sess_783e55d9b6fc | INFO | Message 97579b5e-0959-4964-9e07-bcbcfd1d03ec marked as read by verifier1
2026-08-10 04:30:40 | team | sess_783e55d9b6fc | INFO | Message 57f0e906-b85b-48bf-8af7-e3026aee74df created
2026-08-10 04:30:40 | team | sess_783e55d9b6fc | INFO | Message 15d12cf6-5802-456f-b2af-4a1a13774a6e created
2026-08-10 04:30:54 | team | sess_783e55d9b6fc | INFO | [verifier1] processing 1 unread messages (steer=True)
2026-08-10 04:30:54 | team | sess_783e55d9b6fc | INFO | Message 4f402c23-9445-4407-bcbf-529883e1ed7c marked as read by verifier1
2026-08-10 04:30:59 | team | sess_783e55d9b6fc | INFO | [verifier1] processing 1 unread messages (steer=True)
2026-08-10 04:30:59 | team | sess_783e55d9b6fc | INFO | Message f996b440-3d45-4d6b-b90f-55c9a037df32 marked as read by verifier1
2026-08-10 04:32:21 | team | sess_783e55d9b6fc | INFO | Message 742e4a04-6cae-4525-a567-f3c49b0a561b created
2026-08-10 04:32:26 | team | sess_783e55d9b6fc | INFO | Message 35838976-fa50-411b-830e-91b64c331b31 created
2026-08-10 04:32:48 | team | sess_783e55d9b6fc | INFO | [verifier1] processing 1 unread messages (steer=True)
2026-08-10 04:32:48 | team | sess_783e55d9b6fc | INFO | Message 5e5eada3-bb55-4290-b78b-18a2561fbe0f marked as read by verifier1
2026-08-10 04:32:52 | team | sess_783e55d9b6fc | INFO | Task verify completed at 1786332772434
2026-08-10 04:32:52 | team | sess_783e55d9b6fc | INFO | Task verify completed
2026-08-10 04:32:56 | team | sess_783e55d9b6fc | INFO | Message 5e5494f2-e931-4cd9-80e9-37d615b5d29c created
2026-08-10 04:33:06 | team | sess_783e55d9b6fc | INFO | [verifier1] processing 1 unread messages (steer=True)
2026-08-10 04:33:06 | team | sess_783e55d9b6fc | INFO | Message 9f57adb6-e878-413e-969a-1306b692ad87 marked as read by verifier1
2026-08-10 04:33:34 | team | sess_783e55d9b6fc | INFO | team jiuwen_team_sess_783e55d9b6fc reported completed: 9 members, 3 tasks
2026-08-10 04:33:34 | team | sess_783e55d9b6fc | INFO | [verifier1] received TEAM_STANDBY, pausing polls
2026-08-10 04:33:34 | team | sess_783e55d9b6fc | INFO | EventBus[teammate] pausing polls
