2026-08-10 04:26:15 | team | sess_783e55d9b6fc | INFO | Team workspace directory ensured at /srv/jwteam_clone/shared/run_current
2026-08-10 04:26:15 | team | sess_783e55d9b6fc | INFO | AgentTeam manager initialized for jiuwen_team_sess_783e55d9b6fc, member=team_leader
2026-08-10 04:26:15 | team | sess_783e55d9b6fc | INFO | [team_leader] TeamPolicyRail static sections: section_names=['team_role', 'team_workflow', 'team_swarmflow', 'team_lifecycle', 'team_persona']
2026-08-10 04:26:15 | team | sess_783e55d9b6fc | INFO | Session tables ready for session sess_783e55d9b6fc
2026-08-10 04:26:15 | team | sess_783e55d9b6fc | INFO | Team database initialized
2026-08-10 04:26:15 | team | default_trace_id | INFO | Team workspace directory ensured at /srv/jwteam_clone/shared/run_current
2026-08-10 04:26:15 | team | default_trace_id | INFO | AgentTeam manager initialized for jiuwen_team_sess_783e55d9b6fc, member=executor2
2026-08-10 04:26:15 | team | default_trace_id | INFO | [executor2] TeamPolicyRail static sections: section_names=['team_role', 'team_persona']
2026-08-10 04:26:15 | team | sess_783e55d9b6fc | INFO | [executor2] invoke start, role=teammate
2026-08-10 04:26:15 | team | sess_783e55d9b6fc | INFO | [executor2] coordination starting
2026-08-10 04:26:15 | team | sess_783e55d9b6fc | INFO | Session tables ready for session sess_783e55d9b6fc
2026-08-10 04:26:15 | team | sess_783e55d9b6fc | INFO | Workspace /srv/jwteam_clone/shared/run_current initialized as plain shared directory (version_control disabled)
2026-08-10 04:26:15 | team | sess_783e55d9b6fc | INFO | EventBus[teammate] starting
2026-08-10 04:26:33 | team | sess_783e55d9b6fc | INFO | [executor2] HITT section refresh: human_agent_names=[]
2026-08-10 04:26:42 | team | sess_783e55d9b6fc | INFO | [executor2] processing 1 unread messages (steer=True)
2026-08-10 04:26:42 | team | sess_783e55d9b6fc | INFO | Message d12faa69-06e9-4e07-95a3-f1095dc529ef marked as read by executor2
2026-08-10 04:29:14 | team | sess_783e55d9b6fc | INFO | Message 9c5e17ab-ca47-415b-938a-4a999c814267 created
2026-08-10 04:29:24 | team | sess_783e55d9b6fc | INFO | [executor2] processing 1 unread messages (steer=True)
2026-08-10 04:29:24 | team | sess_783e55d9b6fc | INFO | Message d7f78ffa-2a9a-4314-a8d7-15988679d388 marked as read by executor2
2026-08-10 04:30:20 | team | sess_783e55d9b6fc | INFO | Message e6b9b122-c272-4788-9e42-1f0a3785d1e5 created
2026-08-10 04:30:35 | team | sess_783e55d9b6fc | INFO | [executor2] processing 1 unread messages (steer=True)
2026-08-10 04:30:35 | team | sess_783e55d9b6fc | INFO | Message ec3f19a8-4732-494c-871b-75b8a03315af marked as read by executor2
2026-08-10 04:30:39 | team | sess_783e55d9b6fc | INFO | Message e19c5d5f-d243-4195-9b87-3d227f3d3988 created
2026-08-10 04:32:52 | team | sess_783e55d9b6fc | INFO | task list drained for team jiuwen_team_sess_783e55d9b6fc: 3 terminal task(s)
2026-08-10 04:33:06 | team | sess_783e55d9b6fc | INFO | [executor2] processing 1 unread messages (steer=True)
2026-08-10 04:33:06 | team | sess_783e55d9b6fc | INFO | Message 9f57adb6-e878-413e-969a-1306b692ad87 marked as read by executor2
2026-08-10 04:33:34 | team | sess_783e55d9b6fc | INFO | team jiuwen_team_sess_783e55d9b6fc reported completed: 9 members, 3 tasks
2026-08-10 04:33:34 | team | sess_783e55d9b6fc | INFO | [executor2] received TEAM_STANDBY, pausing polls
2026-08-10 04:33:34 | team | sess_783e55d9b6fc | INFO | EventBus[teammate] pausing polls
