2026-08-08 11:49:44 | team | sess_8a92b30811a0 | INFO | Team workspace directory ensured at /srv/jwteam_clone/shared/run_current
2026-08-08 11:49:44 | team | sess_8a92b30811a0 | INFO | AgentTeam manager initialized for jiuwen_team_sess_8a92b30811a0, member=team_leader
2026-08-08 11:49:44 | team | sess_8a92b30811a0 | INFO | [team_leader] TeamPolicyRail static sections: section_names=['team_role', 'team_workflow', 'team_swarmflow', 'team_lifecycle', 'team_persona']
2026-08-08 11:49:44 | team | sess_8a92b30811a0 | INFO | Session tables ready for session sess_8a92b30811a0
2026-08-08 11:49:44 | team | sess_8a92b30811a0 | INFO | Team database initialized
2026-08-08 11:49:44 | team | default_trace_id | INFO | Team workspace directory ensured at /srv/jwteam_clone/shared/run_current
2026-08-08 11:49:44 | team | default_trace_id | INFO | AgentTeam manager initialized for jiuwen_team_sess_8a92b30811a0, member=verifier1
2026-08-08 11:49:44 | team | default_trace_id | INFO | [verifier1] TeamPolicyRail static sections: section_names=['team_role', 'team_persona']
2026-08-08 11:49:44 | team | sess_8a92b30811a0 | INFO | [verifier1] invoke start, role=teammate
2026-08-08 11:49:44 | team | sess_8a92b30811a0 | INFO | [verifier1] coordination starting
2026-08-08 11:49:44 | team | sess_8a92b30811a0 | INFO | Session tables ready for session sess_8a92b30811a0
2026-08-08 11:49:44 | team | sess_8a92b30811a0 | INFO | Workspace /srv/jwteam_clone/shared/run_current initialized as plain shared directory (version_control disabled)
2026-08-08 11:49:44 | team | sess_8a92b30811a0 | INFO | EventBus[teammate] starting
2026-08-08 11:50:01 | team | sess_8a92b30811a0 | INFO | [verifier1] HITT section refresh: human_agent_names=[]
2026-08-08 11:50:10 | team | sess_8a92b30811a0 | INFO | [verifier1] processing 1 unread messages (steer=True)
2026-08-08 11:50:10 | team | sess_8a92b30811a0 | INFO | Message d3ff100a-19e4-4421-a77f-8ad1fcfc2b1b marked as read by verifier1
2026-08-08 11:50:48 | team | sess_8a92b30811a0 | INFO | Message 284c2917-19d9-4121-ab68-79f271e307bb created
2026-08-08 11:50:54 | team | sess_8a92b30811a0 | INFO | [verifier1] processing 1 unread messages (steer=True)
2026-08-08 11:50:54 | team | sess_8a92b30811a0 | INFO | Message 20b4b77b-ac7a-4521-960d-f2d07aecee38 marked as read by verifier1
2026-08-08 11:51:51 | team | sess_8a92b30811a0 | INFO | [verifier1] processing 1 unread messages (steer=True)
2026-08-08 11:51:51 | team | sess_8a92b30811a0 | INFO | Message 5daa55cc-08b9-4887-b0e6-c0c9efb64f9d marked as read by verifier1
2026-08-08 11:51:55 | team | sess_8a92b30811a0 | INFO | [verifier1] received TASK_CLAIMED for self, task_id=verify, human_agent=False
2026-08-08 11:53:17 | team | sess_8a92b30811a0 | INFO | Task verify completed at 1786186397661
2026-08-08 11:53:17 | team | sess_8a92b30811a0 | INFO | Message b9f2ae12-955a-46b4-b6af-782d0234f00e created
2026-08-08 11:53:17 | team | sess_8a92b30811a0 | INFO | Task verify completed
2026-08-08 11:53:23 | team | sess_8a92b30811a0 | INFO | [verifier1] processing 1 unread messages (steer=True)
2026-08-08 11:53:23 | team | sess_8a92b30811a0 | INFO | Message 81936f38-8786-4ab0-b978-618be561ecd0 marked as read by verifier1
2026-08-08 11:53:32 | team | sess_8a92b30811a0 | INFO | [verifier1] processing 1 unread messages (steer=True)
2026-08-08 11:53:32 | team | sess_8a92b30811a0 | INFO | Message f160494d-6ef3-4a91-b1d8-151d1bbb8396 marked as read by verifier1
2026-08-08 11:53:43 | team | sess_8a92b30811a0 | INFO | team jiuwen_team_sess_8a92b30811a0 reported completed: 9 members, 3 tasks
2026-08-08 11:53:44 | team | sess_8a92b30811a0 | INFO | [verifier1] received TEAM_STANDBY, pausing polls
2026-08-08 11:53:44 | team | sess_8a92b30811a0 | INFO | EventBus[teammate] pausing polls
