2026-08-08 11:49:40 | team | sess_8a92b30811a0 | INFO | Team workspace directory ensured at /srv/jwteam_clone/shared/run_current
2026-08-08 11:49:40 | team | sess_8a92b30811a0 | INFO | AgentTeam manager initialized for jiuwen_team_sess_8a92b30811a0, member=team_leader
2026-08-08 11:49:40 | team | sess_8a92b30811a0 | INFO | [team_leader] TeamPolicyRail static sections: section_names=['team_role', 'team_workflow', 'team_swarmflow', 'team_lifecycle', 'team_persona']
2026-08-08 11:49:40 | team | sess_8a92b30811a0 | INFO | Session tables ready for session sess_8a92b30811a0
2026-08-08 11:49:40 | team | sess_8a92b30811a0 | INFO | Team database initialized
2026-08-08 11:49:40 | team | default_trace_id | INFO | Team workspace directory ensured at /srv/jwteam_clone/shared/run_current
2026-08-08 11:49:40 | team | default_trace_id | INFO | AgentTeam manager initialized for jiuwen_team_sess_8a92b30811a0, member=planner2
2026-08-08 11:49:40 | team | default_trace_id | INFO | [planner2] TeamPolicyRail static sections: section_names=['team_role', 'team_persona']
2026-08-08 11:49:40 | team | sess_8a92b30811a0 | INFO | [planner2] invoke start, role=teammate
2026-08-08 11:49:40 | team | sess_8a92b30811a0 | INFO | [planner2] coordination starting
2026-08-08 11:49:40 | team | sess_8a92b30811a0 | INFO | Session tables ready for session sess_8a92b30811a0
2026-08-08 11:49:40 | team | sess_8a92b30811a0 | INFO | Workspace /srv/jwteam_clone/shared/run_current initialized as plain shared directory (version_control disabled)
2026-08-08 11:49:40 | team | sess_8a92b30811a0 | INFO | EventBus[teammate] starting
2026-08-08 11:50:01 | team | sess_8a92b30811a0 | INFO | [planner2] HITT section refresh: human_agent_names=[]
2026-08-08 11:50:10 | team | sess_8a92b30811a0 | INFO | [planner2] processing 1 unread messages (steer=True)
2026-08-08 11:50:10 | team | sess_8a92b30811a0 | INFO | Message d3ff100a-19e4-4421-a77f-8ad1fcfc2b1b marked as read by planner2
2026-08-08 11:50:17 | team | sess_8a92b30811a0 | INFO | Task plan claimed by member planner2
2026-08-08 11:50:17 | team | sess_8a92b30811a0 | INFO | Task plan claimed by member planner2
2026-08-08 11:50:41 | team | sess_8a92b30811a0 | INFO | [planner2] processing 1 unread messages (steer=True)
2026-08-08 11:50:41 | team | sess_8a92b30811a0 | INFO | Message 1fec34bd-eeb7-42d5-afc8-2f1d10075d78 marked as read by planner2
2026-08-08 11:50:49 | team | sess_8a92b30811a0 | INFO | Message f5b81d3e-abbd-4cdf-958c-5efd4f40c178 created
2026-08-08 11:50:56 | team | sess_8a92b30811a0 | INFO | Message 62cd896e-2d12-45fc-beb4-b69ccfb587e0 created
2026-08-08 11:50:59 | team | sess_8a92b30811a0 | INFO | Task plan completed at 1786186259649
2026-08-08 11:50:59 | team | sess_8a92b30811a0 | INFO | Resolved 1 dependencies for task plan
2026-08-08 11:50:59 | team | sess_8a92b30811a0 | INFO | Task implement unblocked (all deps resolved)
2026-08-08 11:50:59 | team | sess_8a92b30811a0 | INFO | Task plan completed
2026-08-08 11:50:59 | team | sess_8a92b30811a0 | INFO | Unblocked 1 tasks
2026-08-08 11:51:06 | team | sess_8a92b30811a0 | INFO | Message b4dd2ac6-9d56-49c7-b7ca-3e18cb3d8084 created
2026-08-08 11:51:11 | team | sess_8a92b30811a0 | INFO | [planner2] processing 1 unread messages (steer=True)
2026-08-08 11:51:11 | team | sess_8a92b30811a0 | INFO | Message 81aca379-36fb-4b33-b4a6-a43451708077 marked as read by planner2
2026-08-08 11:51:17 | team | sess_8a92b30811a0 | INFO | [planner2] processing 1 unread messages (steer=True)
2026-08-08 11:51:17 | team | sess_8a92b30811a0 | INFO | Message 4c73d98e-4681-4078-b37a-928d81866184 marked as read by planner2
2026-08-08 11:53:17 | team | sess_8a92b30811a0 | INFO | task list drained for team jiuwen_team_sess_8a92b30811a0: 3 terminal task(s)
2026-08-08 11:53:32 | team | sess_8a92b30811a0 | INFO | [planner2] processing 1 unread messages (steer=True)
2026-08-08 11:53:32 | team | sess_8a92b30811a0 | INFO | Message f160494d-6ef3-4a91-b1d8-151d1bbb8396 marked as read by planner2
2026-08-08 11:53:43 | team | sess_8a92b30811a0 | INFO | team jiuwen_team_sess_8a92b30811a0 reported completed: 9 members, 3 tasks
2026-08-08 11:53:44 | team | sess_8a92b30811a0 | INFO | [planner2] received TEAM_STANDBY, pausing polls
2026-08-08 11:53:44 | team | sess_8a92b30811a0 | INFO | EventBus[teammate] pausing polls
