2026-08-08 11:49:45 | team | sess_8a92b30811a0 | INFO | Team workspace directory ensured at /srv/jwteam_clone/shared/run_current
2026-08-08 11:49:45 | team | sess_8a92b30811a0 | INFO | AgentTeam manager initialized for jiuwen_team_sess_8a92b30811a0, member=team_leader
2026-08-08 11:49:45 | team | sess_8a92b30811a0 | INFO | [team_leader] TeamPolicyRail static sections: section_names=['team_role', 'team_workflow', 'team_swarmflow', 'team_lifecycle', 'team_persona']
2026-08-08 11:49:45 | team | sess_8a92b30811a0 | INFO | Session tables ready for session sess_8a92b30811a0
2026-08-08 11:49:45 | team | sess_8a92b30811a0 | INFO | Team database initialized
2026-08-08 11:49:45 | team | default_trace_id | INFO | Team workspace directory ensured at /srv/jwteam_clone/shared/run_current
2026-08-08 11:49:45 | team | default_trace_id | INFO | AgentTeam manager initialized for jiuwen_team_sess_8a92b30811a0, member=verifier2
2026-08-08 11:49:45 | team | default_trace_id | INFO | [verifier2] TeamPolicyRail static sections: section_names=['team_role', 'team_persona']
2026-08-08 11:49:45 | team | sess_8a92b30811a0 | INFO | [verifier2] invoke start, role=teammate
2026-08-08 11:49:45 | team | sess_8a92b30811a0 | INFO | [verifier2] coordination starting
2026-08-08 11:49:45 | team | sess_8a92b30811a0 | INFO | Session tables ready for session sess_8a92b30811a0
2026-08-08 11:49:45 | team | sess_8a92b30811a0 | INFO | Workspace /srv/jwteam_clone/shared/run_current initialized as plain shared directory (version_control disabled)
2026-08-08 11:49:45 | team | sess_8a92b30811a0 | INFO | EventBus[teammate] starting
2026-08-08 11:50:01 | team | sess_8a92b30811a0 | INFO | [verifier2] HITT section refresh: human_agent_names=[]
2026-08-08 11:50:10 | team | sess_8a92b30811a0 | INFO | [verifier2] processing 1 unread messages (steer=True)
2026-08-08 11:50:10 | team | sess_8a92b30811a0 | INFO | Message d3ff100a-19e4-4421-a77f-8ad1fcfc2b1b marked as read by verifier2
2026-08-08 11:50:22 | team | sess_8a92b30811a0 | INFO | Message 641162c1-5944-4557-b57e-64e049379dbb created
2026-08-08 11:50:40 | team | sess_8a92b30811a0 | INFO | [verifier2] processing 1 unread messages (steer=True)
2026-08-08 11:50:40 | team | sess_8a92b30811a0 | INFO | Message 72cda84a-b58c-4e0d-945e-709369018eee marked as read by verifier2
2026-08-08 11:53:17 | team | sess_8a92b30811a0 | INFO | task list drained for team jiuwen_team_sess_8a92b30811a0: 3 terminal task(s)
2026-08-08 11:53:32 | team | sess_8a92b30811a0 | INFO | [verifier2] processing 1 unread messages (steer=True)
2026-08-08 11:53:32 | team | sess_8a92b30811a0 | INFO | Message f160494d-6ef3-4a91-b1d8-151d1bbb8396 marked as read by verifier2
2026-08-08 11:53:43 | team | sess_8a92b30811a0 | INFO | team jiuwen_team_sess_8a92b30811a0 reported completed: 9 members, 3 tasks
2026-08-08 11:53:44 | team | sess_8a92b30811a0 | INFO | [verifier2] received TEAM_STANDBY, pausing polls
2026-08-08 11:53:44 | team | sess_8a92b30811a0 | INFO | EventBus[teammate] pausing polls
