2026-08-08 11:49:39 | team | sess_8a92b30811a0 | INFO | Team workspace directory ensured at /srv/jwteam_clone/shared/run_current
2026-08-08 11:49:39 | team | sess_8a92b30811a0 | INFO | AgentTeam manager initialized for jiuwen_team_sess_8a92b30811a0, member=team_leader
2026-08-08 11:49:39 | team | sess_8a92b30811a0 | INFO | [team_leader] TeamPolicyRail static sections: section_names=['team_role', 'team_workflow', 'team_swarmflow', 'team_lifecycle', 'team_persona']
2026-08-08 11:49:39 | team | sess_8a92b30811a0 | INFO | Session tables ready for session sess_8a92b30811a0
2026-08-08 11:49:39 | team | sess_8a92b30811a0 | INFO | Team database initialized
2026-08-08 11:49:39 | team | default_trace_id | INFO | Team workspace directory ensured at /srv/jwteam_clone/shared/run_current
2026-08-08 11:49:39 | team | default_trace_id | INFO | AgentTeam manager initialized for jiuwen_team_sess_8a92b30811a0, member=planner1
2026-08-08 11:49:39 | team | default_trace_id | INFO | [planner1] TeamPolicyRail static sections: section_names=['team_role', 'team_persona']
2026-08-08 11:49:39 | team | sess_8a92b30811a0 | INFO | [planner1] invoke start, role=teammate
2026-08-08 11:49:39 | team | sess_8a92b30811a0 | INFO | [planner1] coordination starting
2026-08-08 11:49:39 | team | sess_8a92b30811a0 | INFO | Session tables ready for session sess_8a92b30811a0
2026-08-08 11:49:39 | team | sess_8a92b30811a0 | INFO | Workspace /srv/jwteam_clone/shared/run_current initialized as plain shared directory (version_control disabled)
2026-08-08 11:49:39 | team | sess_8a92b30811a0 | INFO | EventBus[teammate] starting
2026-08-08 11:50:01 | team | sess_8a92b30811a0 | INFO | [planner1] HITT section refresh: human_agent_names=[]
2026-08-08 11:50:10 | team | sess_8a92b30811a0 | INFO | [planner1] processing 1 unread messages (steer=True)
2026-08-08 11:50:10 | team | sess_8a92b30811a0 | INFO | Message d3ff100a-19e4-4421-a77f-8ad1fcfc2b1b marked as read by planner1
2026-08-08 11:50:41 | team | sess_8a92b30811a0 | INFO | Message 1fec34bd-eeb7-42d5-afc8-2f1d10075d78 created
2026-08-08 11:50:56 | team | sess_8a92b30811a0 | INFO | [planner1] processing 1 unread messages (steer=True)
2026-08-08 11:50:56 | team | sess_8a92b30811a0 | INFO | Message 62cd896e-2d12-45fc-beb4-b69ccfb587e0 marked as read by planner1
2026-08-08 11:51:00 | team | sess_8a92b30811a0 | INFO | Message a0c15d31-5fed-4a25-8827-eea838382efb created
2026-08-08 11:51:11 | team | sess_8a92b30811a0 | INFO | Message 0c8500f0-7eb8-4886-9094-28fed00dc988 created
2026-08-08 11:51:11 | team | sess_8a92b30811a0 | INFO | Message 81aca379-36fb-4b33-b4a6-a43451708077 created
2026-08-08 11:51:17 | team | sess_8a92b30811a0 | INFO | [planner1] processing 1 unread messages (steer=True)
2026-08-08 11:51:17 | team | sess_8a92b30811a0 | INFO | Message 33ff7713-dfcd-4c6b-8757-bdecb3b0b8fc marked as read by planner1
2026-08-08 11:53:17 | team | sess_8a92b30811a0 | INFO | task list drained for team jiuwen_team_sess_8a92b30811a0: 3 terminal task(s)
2026-08-08 11:53:32 | team | sess_8a92b30811a0 | INFO | [planner1] processing 1 unread messages (steer=True)
2026-08-08 11:53:32 | team | sess_8a92b30811a0 | INFO | Message f160494d-6ef3-4a91-b1d8-151d1bbb8396 marked as read by planner1
2026-08-08 11:53:43 | team | sess_8a92b30811a0 | INFO | team jiuwen_team_sess_8a92b30811a0 reported completed: 9 members, 3 tasks
2026-08-08 11:53:44 | team | sess_8a92b30811a0 | INFO | [planner1] received TEAM_STANDBY, pausing polls
2026-08-08 11:53:44 | team | sess_8a92b30811a0 | INFO | EventBus[teammate] pausing polls
