2026-08-10 04:00:49 | team | sess_b744a482cb17 | INFO | Team workspace directory ensured at /srv/jwteam_clone/shared/run_current
2026-08-10 04:00:49 | team | sess_b744a482cb17 | INFO | AgentTeam manager initialized for jiuwen_team_sess_b744a482cb17, member=team_leader
2026-08-10 04:00:49 | team | sess_b744a482cb17 | INFO | [team_leader] TeamPolicyRail static sections: section_names=['team_role', 'team_workflow', 'team_swarmflow', 'team_lifecycle', 'team_persona']
2026-08-10 04:00:49 | team | sess_b744a482cb17 | INFO | Session tables ready for session sess_b744a482cb17
2026-08-10 04:00:49 | team | sess_b744a482cb17 | INFO | Team database initialized
2026-08-10 04:00:49 | team | default_trace_id | INFO | Team workspace directory ensured at /srv/jwteam_clone/shared/run_current
2026-08-10 04:00:49 | team | default_trace_id | INFO | AgentTeam manager initialized for jiuwen_team_sess_b744a482cb17, member=planner1
2026-08-10 04:00:49 | team | default_trace_id | INFO | [planner1] TeamPolicyRail static sections: section_names=['team_role', 'team_persona']
2026-08-10 04:00:49 | team | sess_b744a482cb17 | INFO | [planner1] invoke start, role=teammate
2026-08-10 04:00:49 | team | sess_b744a482cb17 | INFO | [planner1] coordination starting
2026-08-10 04:00:49 | team | sess_b744a482cb17 | INFO | Session tables ready for session sess_b744a482cb17
2026-08-10 04:00:49 | team | sess_b744a482cb17 | INFO | Workspace /srv/jwteam_clone/shared/run_current initialized as plain shared directory (version_control disabled)
2026-08-10 04:00:49 | team | sess_b744a482cb17 | INFO | EventBus[teammate] starting
2026-08-10 04:01:23 | team | sess_b744a482cb17 | INFO | [planner1] HITT section refresh: human_agent_names=[]
2026-08-10 04:01:29 | team | sess_b744a482cb17 | INFO | Task plan_translation claimed by member planner1
2026-08-10 04:01:29 | team | sess_b744a482cb17 | INFO | Task plan_translation claimed by member planner1
2026-08-10 04:01:36 | team | sess_b744a482cb17 | INFO | [planner1] processing 1 unread messages (steer=True)
2026-08-10 04:01:36 | team | sess_b744a482cb17 | INFO | Message 224d8a63-1e03-449b-a9bb-f7a7041692ce marked as read by planner1
2026-08-10 04:01:50 | team | sess_b744a482cb17 | INFO | Message 8f8bbe12-94d7-4239-8008-0d55c1c475b9 created
2026-08-10 04:02:52 | team | sess_b744a482cb17 | INFO | [planner1] processing 1 unread messages (steer=True)
2026-08-10 04:02:52 | team | sess_b744a482cb17 | INFO | Message 4477c50e-ad76-4a8c-adcc-a74792e019ff marked as read by planner1
2026-08-10 04:02:55 | team | sess_b744a482cb17 | INFO | Message c6d91de2-aa98-4d5b-a98c-11848ea659d5 created
2026-08-10 04:03:06 | team | sess_b744a482cb17 | INFO | Message d9da4aa6-d602-469c-b5e2-3038cc776e34 created
2026-08-10 04:03:12 | team | sess_b744a482cb17 | INFO | Message 2296155a-7def-4f4f-97eb-835abd2cd069 created
2026-08-10 04:03:20 | team | sess_b744a482cb17 | INFO | [planner1] processing 1 unread messages (steer=True)
2026-08-10 04:03:20 | team | sess_b744a482cb17 | INFO | Message 96fb5bd5-14a8-4cc3-894e-5d9799d2f272 marked as read by planner1
2026-08-10 04:03:33 | team | sess_b744a482cb17 | INFO | [planner1] processing 1 unread messages (steer=True)
2026-08-10 04:03:33 | team | sess_b744a482cb17 | INFO | Message 8df4d32c-3d45-4751-9934-9c24c7803fec marked as read by planner1
2026-08-10 04:03:59 | team | sess_b744a482cb17 | INFO | Message 8aa0532d-4574-4ae4-98e1-362b29608863 created
2026-08-10 04:04:58 | team | sess_b744a482cb17 | INFO | Message dc992540-0cc8-44f4-a288-aa6ef91f2e7d created
2026-08-10 04:05:02 | team | sess_b744a482cb17 | INFO | Task plan_translation completed at 1786331102234
2026-08-10 04:05:02 | team | sess_b744a482cb17 | INFO | Resolved 1 dependencies for task plan_translation
2026-08-10 04:05:02 | team | sess_b744a482cb17 | INFO | Task impl_translation unblocked (all deps resolved)
2026-08-10 04:05:02 | team | sess_b744a482cb17 | INFO | Task plan_translation completed
2026-08-10 04:05:02 | team | sess_b744a482cb17 | INFO | Unblocked 1 tasks
2026-08-10 04:05:10 | team | sess_b744a482cb17 | INFO | Message 15832a1a-4159-4b62-931b-3111715a350d created
2026-08-10 04:05:58 | team | sess_b744a482cb17 | INFO | [planner1] processing 1 unread messages (steer=True)
2026-08-10 04:05:58 | team | sess_b744a482cb17 | INFO | Message 62f829f4-de7f-4228-b85f-9ef4792217b8 marked as read by planner1
2026-08-10 04:08:11 | team | sess_b744a482cb17 | INFO | task list drained for team jiuwen_team_sess_b744a482cb17: 5 terminal task(s)
2026-08-10 04:08:36 | team | sess_b744a482cb17 | INFO | [planner1] processing 1 unread messages (steer=True)
2026-08-10 04:08:36 | team | sess_b744a482cb17 | INFO | Message 45ff3943-ea51-4f73-8c1d-cc89c4db41a2 marked as read by planner1
2026-08-10 04:09:01 | team | sess_b744a482cb17 | INFO | team jiuwen_team_sess_b744a482cb17 reported completed: 9 members, 5 tasks
2026-08-10 04:09:01 | team | sess_b744a482cb17 | INFO | [planner1] received TEAM_STANDBY, pausing polls
2026-08-10 04:09:01 | team | sess_b744a482cb17 | INFO | EventBus[teammate] pausing polls
