2026-08-10 04:00:57 | team | sess_b744a482cb17 | INFO | Team workspace directory ensured at /srv/jwteam_clone/shared/run_current
2026-08-10 04:00:57 | team | sess_b744a482cb17 | INFO | AgentTeam manager initialized for jiuwen_team_sess_b744a482cb17, member=team_leader
2026-08-10 04:00:57 | team | sess_b744a482cb17 | INFO | [team_leader] TeamPolicyRail static sections: section_names=['team_role', 'team_workflow', 'team_swarmflow', 'team_lifecycle', 'team_persona']
2026-08-10 04:00:57 | team | sess_b744a482cb17 | INFO | Session tables ready for session sess_b744a482cb17
2026-08-10 04:00:57 | team | sess_b744a482cb17 | INFO | Team database initialized
2026-08-10 04:00:57 | team | default_trace_id | INFO | Team workspace directory ensured at /srv/jwteam_clone/shared/run_current
2026-08-10 04:00:57 | team | default_trace_id | INFO | AgentTeam manager initialized for jiuwen_team_sess_b744a482cb17, member=fullstack1
2026-08-10 04:00:57 | team | default_trace_id | INFO | [fullstack1] TeamPolicyRail static sections: section_names=['team_role', 'team_persona']
2026-08-10 04:00:57 | team | sess_b744a482cb17 | INFO | [fullstack1] invoke start, role=teammate
2026-08-10 04:00:57 | team | sess_b744a482cb17 | INFO | [fullstack1] coordination starting
2026-08-10 04:00:57 | team | sess_b744a482cb17 | INFO | Session tables ready for session sess_b744a482cb17
2026-08-10 04:00:57 | team | sess_b744a482cb17 | INFO | Workspace /srv/jwteam_clone/shared/run_current initialized as plain shared directory (version_control disabled)
2026-08-10 04:00:57 | team | sess_b744a482cb17 | INFO | EventBus[teammate] starting
2026-08-10 04:01:22 | team | sess_b744a482cb17 | INFO | [fullstack1] HITT section refresh: human_agent_names=[]
2026-08-10 04:01:36 | team | sess_b744a482cb17 | INFO | [fullstack1] processing 1 unread messages (steer=True)
2026-08-10 04:01:36 | team | sess_b744a482cb17 | INFO | Message 224d8a63-1e03-449b-a9bb-f7a7041692ce marked as read by fullstack1
2026-08-10 04:02:38 | team | sess_b744a482cb17 | INFO | Message f6e1e0bb-f080-4fd8-b233-255546b1ee9a created
2026-08-10 04:02:55 | team | sess_b744a482cb17 | INFO | [fullstack1] processing 1 unread messages (steer=True)
2026-08-10 04:02:55 | team | sess_b744a482cb17 | INFO | Message c6d91de2-aa98-4d5b-a98c-11848ea659d5 marked as read by fullstack1
2026-08-10 04:03:20 | team | sess_b744a482cb17 | INFO | Message 96fb5bd5-14a8-4cc3-894e-5d9799d2f272 created
2026-08-10 04:03:59 | team | sess_b744a482cb17 | INFO | [fullstack1] processing 1 unread messages (steer=True)
2026-08-10 04:03:59 | team | sess_b744a482cb17 | INFO | Message 8aa0532d-4574-4ae4-98e1-362b29608863 marked as read by fullstack1
2026-08-10 04:05:30 | team | sess_b744a482cb17 | INFO | [fullstack1] processing 1 unread messages (steer=True)
2026-08-10 04:05:30 | team | sess_b744a482cb17 | INFO | Message fec96290-4d18-4a33-864c-ec6cc5909843 marked as read by fullstack1
2026-08-10 04:06:02 | team | sess_b744a482cb17 | INFO | Message 61e4cbbf-6593-46e3-9b22-82ca7cc88cad created
2026-08-10 04:06:09 | team | sess_b744a482cb17 | INFO | Message 8bc5775a-0eb5-4036-9196-32fbbcaae33a created
2026-08-10 04:06:22 | team | sess_b744a482cb17 | INFO | [fullstack1] processing 1 unread messages (steer=True)
2026-08-10 04:06:22 | team | sess_b744a482cb17 | INFO | Message 492eb90a-ad15-4997-9172-8e23fc2c4235 marked as read by fullstack1
2026-08-10 04:06:36 | team | sess_b744a482cb17 | INFO | Message 469822d2-6d82-4d4a-89b0-a92552939c83 created
2026-08-10 04:06:45 | team | sess_b744a482cb17 | INFO | [fullstack1] processing 1 unread messages (steer=True)
2026-08-10 04:06:45 | team | sess_b744a482cb17 | INFO | Message 687d0936-c221-4bcb-be8f-7e15d5f18b44 marked as read by fullstack1
2026-08-10 04:06:47 | team | sess_b744a482cb17 | INFO | [fullstack1] processing 1 unread messages (steer=True)
2026-08-10 04:06:47 | team | sess_b744a482cb17 | INFO | Message 1f0a695f-0a30-4d43-a88d-830386652c0d marked as read by fullstack1
2026-08-10 04:07:13 | team | sess_b744a482cb17 | INFO | Message 599b9ce5-5395-43ed-a75c-9622a701daca created
2026-08-10 04:08:11 | team | sess_b744a482cb17 | INFO | task list drained for team jiuwen_team_sess_b744a482cb17: 5 terminal task(s)
2026-08-10 04:08:36 | team | sess_b744a482cb17 | INFO | [fullstack1] processing 1 unread messages (steer=True)
2026-08-10 04:08:36 | team | sess_b744a482cb17 | INFO | Message 45ff3943-ea51-4f73-8c1d-cc89c4db41a2 marked as read by fullstack1
2026-08-10 04:09:01 | team | sess_b744a482cb17 | INFO | team jiuwen_team_sess_b744a482cb17 reported completed: 9 members, 5 tasks
2026-08-10 04:09:01 | team | sess_b744a482cb17 | INFO | [fullstack1] received TEAM_STANDBY, pausing polls
2026-08-10 04:09:01 | team | sess_b744a482cb17 | INFO | EventBus[teammate] pausing polls
