2026-08-10 04:00:52 | team | sess_b744a482cb17 | INFO | Team workspace directory ensured at /srv/jwteam_clone/shared/run_current
2026-08-10 04:00:52 | team | sess_b744a482cb17 | INFO | AgentTeam manager initialized for jiuwen_team_sess_b744a482cb17, member=team_leader
2026-08-10 04:00:52 | team | sess_b744a482cb17 | INFO | [team_leader] TeamPolicyRail static sections: section_names=['team_role', 'team_workflow', 'team_swarmflow', 'team_lifecycle', 'team_persona']
2026-08-10 04:00:53 | team | sess_b744a482cb17 | INFO | Session tables ready for session sess_b744a482cb17
2026-08-10 04:00:53 | team | sess_b744a482cb17 | INFO | Team database initialized
2026-08-10 04:00:53 | team | default_trace_id | INFO | Team workspace directory ensured at /srv/jwteam_clone/shared/run_current
2026-08-10 04:00:53 | team | default_trace_id | INFO | AgentTeam manager initialized for jiuwen_team_sess_b744a482cb17, member=executor2
2026-08-10 04:00:53 | team | default_trace_id | INFO | [executor2] TeamPolicyRail static sections: section_names=['team_role', 'team_persona']
2026-08-10 04:00:53 | team | sess_b744a482cb17 | INFO | [executor2] invoke start, role=teammate
2026-08-10 04:00:53 | team | sess_b744a482cb17 | INFO | [executor2] coordination starting
2026-08-10 04:00:53 | team | sess_b744a482cb17 | INFO | Session tables ready for session sess_b744a482cb17
2026-08-10 04:00:53 | team | sess_b744a482cb17 | INFO | Workspace /srv/jwteam_clone/shared/run_current initialized as plain shared directory (version_control disabled)
2026-08-10 04:00:53 | team | sess_b744a482cb17 | INFO | EventBus[teammate] starting
2026-08-10 04:01:22 | team | sess_b744a482cb17 | INFO | [executor2] HITT section refresh: human_agent_names=[]
2026-08-10 04:01:36 | team | sess_b744a482cb17 | INFO | [executor2] processing 1 unread messages (steer=True)
2026-08-10 04:01:36 | team | sess_b744a482cb17 | INFO | Message 224d8a63-1e03-449b-a9bb-f7a7041692ce marked as read by executor2
2026-08-10 04:01:50 | team | sess_b744a482cb17 | INFO | [executor2] processing 1 unread messages (steer=True)
2026-08-10 04:01:50 | team | sess_b744a482cb17 | INFO | Message 8f8bbe12-94d7-4239-8008-0d55c1c475b9 marked as read by executor2
2026-08-10 04:02:52 | team | sess_b744a482cb17 | INFO | Message 4477c50e-ad76-4a8c-adcc-a74792e019ff created
2026-08-10 04:03:12 | team | sess_b744a482cb17 | INFO | [executor2] processing 1 unread messages (steer=True)
2026-08-10 04:03:12 | team | sess_b744a482cb17 | INFO | Message 2296155a-7def-4f4f-97eb-835abd2cd069 marked as read by executor2
2026-08-10 04:04:58 | team | sess_b744a482cb17 | INFO | [executor2] processing 1 unread messages (steer=True)
2026-08-10 04:04:58 | team | sess_b744a482cb17 | INFO | Message dc992540-0cc8-44f4-a288-aa6ef91f2e7d marked as read by executor2
2026-08-10 04:05:07 | team | sess_b744a482cb17 | INFO | Task impl_translation claimed by member executor2
2026-08-10 04:05:07 | team | sess_b744a482cb17 | INFO | Task impl_translation claimed by member executor2
2026-08-10 04:05:28 | team | sess_b744a482cb17 | INFO | Message 33fad424-16a5-4a6e-841e-141c2b37a5dd created
2026-08-10 04:05:50 | team | sess_b744a482cb17 | INFO | [executor2] processing 1 unread messages (steer=True)
2026-08-10 04:05:50 | team | sess_b744a482cb17 | INFO | Message 4045fe27-0025-4398-90bd-1165d5355c24 marked as read by executor2
2026-08-10 04:06:01 | team | sess_b744a482cb17 | INFO | Message f89ec836-e1d7-4f14-9f37-cfee85df616e created
2026-08-10 04:06:36 | team | sess_b744a482cb17 | INFO | [executor2] processing 1 unread messages (steer=True)
2026-08-10 04:06:36 | team | sess_b744a482cb17 | INFO | Message 469822d2-6d82-4d4a-89b0-a92552939c83 marked as read by executor2
2026-08-10 04:06:45 | team | sess_b744a482cb17 | INFO | [executor2] processing 1 unread messages (steer=True)
2026-08-10 04:06:45 | team | sess_b744a482cb17 | INFO | Message d1377c36-21d5-4c6f-baff-5b30d6562598 marked as read by executor2
2026-08-10 04:06:47 | team | sess_b744a482cb17 | INFO | Message 1f0a695f-0a30-4d43-a88d-830386652c0d created
2026-08-10 04:06:54 | team | sess_b744a482cb17 | INFO | Task impl_translation completed at 1786331214851
2026-08-10 04:06:54 | team | sess_b744a482cb17 | INFO | Message d24b3e04-201c-406d-9c37-8a2600818a0b created
2026-08-10 04:06:54 | team | sess_b744a482cb17 | INFO | Resolved 1 dependencies for task impl_translation
2026-08-10 04:06:54 | team | sess_b744a482cb17 | INFO | Task impl_translation completed
2026-08-10 04:07:13 | team | sess_b744a482cb17 | INFO | [executor2] processing 1 unread messages (steer=True)
2026-08-10 04:07:13 | team | sess_b744a482cb17 | INFO | Message 599b9ce5-5395-43ed-a75c-9622a701daca marked as read by executor2
2026-08-10 04:08:11 | team | sess_b744a482cb17 | INFO | task list drained for team jiuwen_team_sess_b744a482cb17: 5 terminal task(s)
2026-08-10 04:08:36 | team | sess_b744a482cb17 | INFO | [executor2] processing 1 unread messages (steer=True)
2026-08-10 04:08:36 | team | sess_b744a482cb17 | INFO | Message 45ff3943-ea51-4f73-8c1d-cc89c4db41a2 marked as read by executor2
2026-08-10 04:09:01 | team | sess_b744a482cb17 | INFO | team jiuwen_team_sess_b744a482cb17 reported completed: 9 members, 5 tasks
2026-08-10 04:09:01 | team | sess_b744a482cb17 | INFO | [executor2] received TEAM_STANDBY, pausing polls
2026-08-10 04:09:01 | team | sess_b744a482cb17 | INFO | EventBus[teammate] pausing polls
