2026-08-10 04:00:52 | team | sess_b744a482cb17 | INFO | Team workspace directory ensured at /srv/jwteam_clone/shared/run_current
2026-08-10 04:00:52 | team | sess_b744a482cb17 | INFO | AgentTeam manager initialized for jiuwen_team_sess_b744a482cb17, member=team_leader
2026-08-10 04:00:52 | team | sess_b744a482cb17 | INFO | [team_leader] TeamPolicyRail static sections: section_names=['team_role', 'team_workflow', 'team_swarmflow', 'team_lifecycle', 'team_persona']
2026-08-10 04:00:52 | team | sess_b744a482cb17 | INFO | Session tables ready for session sess_b744a482cb17
2026-08-10 04:00:52 | team | sess_b744a482cb17 | INFO | Team database initialized
2026-08-10 04:00:52 | team | default_trace_id | INFO | Team workspace directory ensured at /srv/jwteam_clone/shared/run_current
2026-08-10 04:00:52 | team | default_trace_id | INFO | AgentTeam manager initialized for jiuwen_team_sess_b744a482cb17, member=executor1
2026-08-10 04:00:52 | team | default_trace_id | INFO | [executor1] TeamPolicyRail static sections: section_names=['team_role', 'team_persona']
2026-08-10 04:00:52 | team | sess_b744a482cb17 | INFO | [executor1] invoke start, role=teammate
2026-08-10 04:00:52 | team | sess_b744a482cb17 | INFO | [executor1] coordination starting
2026-08-10 04:00:52 | team | sess_b744a482cb17 | INFO | Session tables ready for session sess_b744a482cb17
2026-08-10 04:00:52 | team | sess_b744a482cb17 | INFO | Workspace /srv/jwteam_clone/shared/run_current initialized as plain shared directory (version_control disabled)
2026-08-10 04:00:52 | team | sess_b744a482cb17 | INFO | EventBus[teammate] starting
2026-08-10 04:01:22 | team | sess_b744a482cb17 | INFO | [executor1] HITT section refresh: human_agent_names=[]
2026-08-10 04:01:36 | team | sess_b744a482cb17 | INFO | [executor1] processing 1 unread messages (steer=True)
2026-08-10 04:01:36 | team | sess_b744a482cb17 | INFO | Message 224d8a63-1e03-449b-a9bb-f7a7041692ce marked as read by executor1
2026-08-10 04:02:27 | team | sess_b744a482cb17 | INFO | [executor1] processing 1 unread messages (steer=True)
2026-08-10 04:02:27 | team | sess_b744a482cb17 | INFO | Message 4824e8c1-9be9-46ea-8856-24daf181ef5f marked as read by executor1
2026-08-10 04:02:37 | team | sess_b744a482cb17 | INFO | Task impl_errors claimed by member executor1
2026-08-10 04:02:37 | team | sess_b744a482cb17 | INFO | Task impl_errors claimed by member executor1
2026-08-10 04:04:14 | team | sess_b744a482cb17 | INFO | Message 2976f563-4739-478f-a8de-915fad15bdf1 created
2026-08-10 04:05:19 | team | sess_b744a482cb17 | INFO | Message 82679744-1dd3-4b3b-b09f-5877f8365f34 created
2026-08-10 04:05:30 | team | sess_b744a482cb17 | INFO | Message fec96290-4d18-4a33-864c-ec6cc5909843 created
2026-08-10 04:05:50 | team | sess_b744a482cb17 | INFO | [executor1] processing 1 unread messages (steer=True)
2026-08-10 04:05:50 | team | sess_b744a482cb17 | INFO | Message ec63e991-003e-48a7-899c-2a199c335ff3 marked as read by executor1
2026-08-10 04:06:09 | team | sess_b744a482cb17 | INFO | [executor1] processing 1 unread messages (steer=True)
2026-08-10 04:06:09 | team | sess_b744a482cb17 | INFO | Message 8bc5775a-0eb5-4036-9196-32fbbcaae33a marked as read by executor1
2026-08-10 04:06:14 | team | sess_b744a482cb17 | INFO | Message 6cc9dd42-0437-4389-8179-dbaca01dd80c created
2026-08-10 04:06:22 | team | sess_b744a482cb17 | INFO | Message 492eb90a-ad15-4997-9172-8e23fc2c4235 created
2026-08-10 04:06:45 | team | sess_b744a482cb17 | INFO | [executor1] processing 1 unread messages (steer=True)
2026-08-10 04:06:45 | team | sess_b744a482cb17 | INFO | Message dfed92a7-57bf-4870-9103-4f2b210cb2f9 marked as read by executor1
2026-08-10 04:06:56 | team | sess_b744a482cb17 | INFO | Task impl_errors completed at 1786331216502
2026-08-10 04:06:56 | team | sess_b744a482cb17 | INFO | Message 8bb65a02-9eb0-45f0-962f-594b52041a88 created
2026-08-10 04:06:56 | team | sess_b744a482cb17 | INFO | Resolved 1 dependencies for task impl_errors
2026-08-10 04:06:56 | team | sess_b744a482cb17 | INFO | Task verify unblocked (all deps resolved)
2026-08-10 04:06:56 | team | sess_b744a482cb17 | INFO | Task impl_errors completed
2026-08-10 04:06:56 | team | sess_b744a482cb17 | INFO | Unblocked 1 tasks
2026-08-10 04:08:11 | team | sess_b744a482cb17 | INFO | task list drained for team jiuwen_team_sess_b744a482cb17: 5 terminal task(s)
2026-08-10 04:08:36 | team | sess_b744a482cb17 | INFO | [executor1] processing 1 unread messages (steer=True)
2026-08-10 04:08:36 | team | sess_b744a482cb17 | INFO | Message 45ff3943-ea51-4f73-8c1d-cc89c4db41a2 marked as read by executor1
2026-08-10 04:09:01 | team | sess_b744a482cb17 | INFO | team jiuwen_team_sess_b744a482cb17 reported completed: 9 members, 5 tasks
2026-08-10 04:09:01 | team | sess_b744a482cb17 | INFO | [executor1] received TEAM_STANDBY, pausing polls
2026-08-10 04:09:01 | team | sess_b744a482cb17 | INFO | EventBus[teammate] pausing polls
