2026-08-10 04:00:56 | team | sess_b744a482cb17 | INFO | Team workspace directory ensured at /srv/jwteam_clone/shared/run_current
2026-08-10 04:00:56 | team | sess_b744a482cb17 | INFO | AgentTeam manager initialized for jiuwen_team_sess_b744a482cb17, member=team_leader
2026-08-10 04:00:56 | team | sess_b744a482cb17 | INFO | [team_leader] TeamPolicyRail static sections: section_names=['team_role', 'team_workflow', 'team_swarmflow', 'team_lifecycle', 'team_persona']
2026-08-10 04:00:56 | team | sess_b744a482cb17 | INFO | Session tables ready for session sess_b744a482cb17
2026-08-10 04:00:56 | team | sess_b744a482cb17 | INFO | Team database initialized
2026-08-10 04:00:56 | team | default_trace_id | INFO | Team workspace directory ensured at /srv/jwteam_clone/shared/run_current
2026-08-10 04:00:56 | team | default_trace_id | INFO | AgentTeam manager initialized for jiuwen_team_sess_b744a482cb17, member=verifier2
2026-08-10 04:00:56 | team | default_trace_id | INFO | [verifier2] TeamPolicyRail static sections: section_names=['team_role', 'team_persona']
2026-08-10 04:00:56 | team | sess_b744a482cb17 | INFO | [verifier2] invoke start, role=teammate
2026-08-10 04:00:56 | team | sess_b744a482cb17 | INFO | [verifier2] coordination starting
2026-08-10 04:00:56 | team | sess_b744a482cb17 | INFO | Session tables ready for session sess_b744a482cb17
2026-08-10 04:00:56 | team | sess_b744a482cb17 | INFO | Workspace /srv/jwteam_clone/shared/run_current initialized as plain shared directory (version_control disabled)
2026-08-10 04:00:56 | team | sess_b744a482cb17 | INFO | EventBus[teammate] starting
2026-08-10 04:01:22 | team | sess_b744a482cb17 | INFO | [verifier2] HITT section refresh: human_agent_names=[]
2026-08-10 04:01:36 | team | sess_b744a482cb17 | INFO | [verifier2] processing 1 unread messages (steer=True)
2026-08-10 04:01:36 | team | sess_b744a482cb17 | INFO | Message 224d8a63-1e03-449b-a9bb-f7a7041692ce marked as read by verifier2
2026-08-10 04:08:11 | team | sess_b744a482cb17 | INFO | task list drained for team jiuwen_team_sess_b744a482cb17: 5 terminal task(s)
2026-08-10 04:08:36 | team | sess_b744a482cb17 | INFO | [verifier2] processing 1 unread messages (steer=True)
2026-08-10 04:08:36 | team | sess_b744a482cb17 | INFO | Message 45ff3943-ea51-4f73-8c1d-cc89c4db41a2 marked as read by verifier2
2026-08-10 04:09:01 | team | sess_b744a482cb17 | INFO | team jiuwen_team_sess_b744a482cb17 reported completed: 9 members, 5 tasks
2026-08-10 04:09:01 | team | sess_b744a482cb17 | INFO | [verifier2] received TEAM_STANDBY, pausing polls
2026-08-10 04:09:01 | team | sess_b744a482cb17 | INFO | EventBus[teammate] pausing polls
