2026-08-10 04:00:55 | team | sess_b744a482cb17 | INFO | Team workspace directory ensured at /srv/jwteam_clone/shared/run_current
2026-08-10 04:00:55 | team | sess_b744a482cb17 | INFO | AgentTeam manager initialized for jiuwen_team_sess_b744a482cb17, member=team_leader
2026-08-10 04:00:55 | team | sess_b744a482cb17 | INFO | [team_leader] TeamPolicyRail static sections: section_names=['team_role', 'team_workflow', 'team_swarmflow', 'team_lifecycle', 'team_persona']
2026-08-10 04:00:55 | team | sess_b744a482cb17 | INFO | Session tables ready for session sess_b744a482cb17
2026-08-10 04:00:55 | team | sess_b744a482cb17 | INFO | Team database initialized
2026-08-10 04:00:55 | team | default_trace_id | INFO | Team workspace directory ensured at /srv/jwteam_clone/shared/run_current
2026-08-10 04:00:55 | team | default_trace_id | INFO | AgentTeam manager initialized for jiuwen_team_sess_b744a482cb17, member=verifier1
2026-08-10 04:00:55 | team | default_trace_id | INFO | [verifier1] TeamPolicyRail static sections: section_names=['team_role', 'team_persona']
2026-08-10 04:00:55 | team | sess_b744a482cb17 | INFO | [verifier1] invoke start, role=teammate
2026-08-10 04:00:55 | team | sess_b744a482cb17 | INFO | [verifier1] coordination starting
2026-08-10 04:00:55 | team | sess_b744a482cb17 | INFO | Session tables ready for session sess_b744a482cb17
2026-08-10 04:00:55 | team | sess_b744a482cb17 | INFO | Workspace /srv/jwteam_clone/shared/run_current initialized as plain shared directory (version_control disabled)
2026-08-10 04:00:55 | team | sess_b744a482cb17 | INFO | EventBus[teammate] starting
2026-08-10 04:01:22 | team | sess_b744a482cb17 | INFO | [verifier1] HITT section refresh: human_agent_names=[]
2026-08-10 04:01:36 | team | sess_b744a482cb17 | INFO | [verifier1] processing 1 unread messages (steer=True)
2026-08-10 04:01:36 | team | sess_b744a482cb17 | INFO | Message 224d8a63-1e03-449b-a9bb-f7a7041692ce marked as read by verifier1
2026-08-10 04:02:33 | team | sess_b744a482cb17 | INFO | Message e707ff6d-bab3-42d7-8cef-d544b45b41b0 created
2026-08-10 04:06:54 | team | sess_b744a482cb17 | INFO | [verifier1] processing 1 unread messages (steer=True)
2026-08-10 04:06:55 | team | sess_b744a482cb17 | INFO | Message d24b3e04-201c-406d-9c37-8a2600818a0b marked as read by verifier1
2026-08-10 04:06:56 | team | sess_b744a482cb17 | INFO | [verifier1] processing 1 unread messages (steer=True)
2026-08-10 04:06:56 | team | sess_b744a482cb17 | INFO | Message 8bb65a02-9eb0-45f0-962f-594b52041a88 marked as read by verifier1
2026-08-10 04:07:04 | team | sess_b744a482cb17 | INFO | Task verify claimed by member verifier1
2026-08-10 04:07:04 | team | sess_b744a482cb17 | INFO | Task verify claimed by member verifier1
2026-08-10 04:08:11 | team | sess_b744a482cb17 | INFO | Task verify completed at 1786331291087
2026-08-10 04:08:11 | team | sess_b744a482cb17 | INFO | Message c271aa44-598d-4096-a72a-f460c9833af3 created
2026-08-10 04:08:11 | team | sess_b744a482cb17 | INFO | Task verify completed
2026-08-10 04:08:36 | team | sess_b744a482cb17 | INFO | [verifier1] processing 1 unread messages (steer=True)
2026-08-10 04:08:36 | team | sess_b744a482cb17 | INFO | Message 45ff3943-ea51-4f73-8c1d-cc89c4db41a2 marked as read by verifier1
2026-08-10 04:09:01 | team | sess_b744a482cb17 | INFO | team jiuwen_team_sess_b744a482cb17 reported completed: 9 members, 5 tasks
2026-08-10 04:09:01 | team | sess_b744a482cb17 | INFO | [verifier1] received TEAM_STANDBY, pausing polls
2026-08-10 04:09:01 | team | sess_b744a482cb17 | INFO | EventBus[teammate] pausing polls
