2026-08-10 02:48:07 | team | sess_d36f93f0abcc | INFO | Team workspace directory ensured at /srv/jwteam_clone/shared/run_current
2026-08-10 02:48:07 | team | sess_d36f93f0abcc | INFO | AgentTeam manager initialized for jiuwen_team_sess_d36f93f0abcc, member=team_leader
2026-08-10 02:48:07 | team | sess_d36f93f0abcc | INFO | [team_leader] TeamPolicyRail static sections: section_names=['team_role', 'team_workflow', 'team_swarmflow', 'team_lifecycle', 'team_persona']
2026-08-10 02:48:07 | team | sess_d36f93f0abcc | INFO | Session tables ready for session sess_d36f93f0abcc
2026-08-10 02:48:07 | team | sess_d36f93f0abcc | INFO | Team database initialized
2026-08-10 02:48:07 | team | default_trace_id | INFO | Team workspace directory ensured at /srv/jwteam_clone/shared/run_current
2026-08-10 02:48:07 | team | default_trace_id | INFO | AgentTeam manager initialized for jiuwen_team_sess_d36f93f0abcc, member=fullstack1
2026-08-10 02:48:07 | team | default_trace_id | INFO | [fullstack1] TeamPolicyRail static sections: section_names=['team_role', 'team_persona']
2026-08-10 02:48:07 | team | sess_d36f93f0abcc | INFO | [fullstack1] invoke start, role=teammate
2026-08-10 02:48:07 | team | sess_d36f93f0abcc | INFO | [fullstack1] coordination starting
2026-08-10 02:48:07 | team | sess_d36f93f0abcc | INFO | Session tables ready for session sess_d36f93f0abcc
2026-08-10 02:48:07 | team | sess_d36f93f0abcc | INFO | Workspace /srv/jwteam_clone/shared/run_current initialized as plain shared directory (version_control disabled)
2026-08-10 02:48:07 | team | sess_d36f93f0abcc | INFO | EventBus[teammate] starting
2026-08-10 02:49:00 | team | sess_d36f93f0abcc | INFO | [fullstack1] HITT section refresh: human_agent_names=[]
2026-08-10 02:49:13 | team | sess_d36f93f0abcc | INFO | [fullstack1] processing 1 unread messages (steer=True)
2026-08-10 02:49:13 | team | sess_d36f93f0abcc | INFO | Message f7c6bf7c-372a-4b2f-baaa-3e92e7a01705 marked as read by fullstack1
2026-08-10 02:49:47 | team | sess_d36f93f0abcc | INFO | [fullstack1] processing 1 unread messages (steer=True)
2026-08-10 02:49:47 | team | sess_d36f93f0abcc | INFO | Message ec602a29-422c-4142-b8ca-2580b420222e marked as read by fullstack1
2026-08-10 02:51:05 | team | sess_d36f93f0abcc | INFO | Message 72357680-0e6c-4d83-ad00-2358c67861cb created
2026-08-10 02:51:05 | team | sess_d36f93f0abcc | INFO | Message ec2a645e-4c5c-4f0d-8e8b-fca506170ec7 created
2026-08-10 02:51:21 | team | sess_d36f93f0abcc | INFO | Message a02c4154-bbb1-4b30-bdaf-dcca1598db05 created
2026-08-10 02:51:42 | team | sess_d36f93f0abcc | INFO | [fullstack1] processing 1 unread messages (steer=True)
2026-08-10 02:51:42 | team | sess_d36f93f0abcc | INFO | Message e146eb9c-c541-4527-be26-b9dd9e016c0f marked as read by fullstack1
2026-08-10 02:52:43 | team | sess_d36f93f0abcc | INFO | [fullstack1] processing 1 unread messages (steer=True)
2026-08-10 02:52:43 | team | sess_d36f93f0abcc | INFO | Message 1035cfd5-476e-4005-9a4e-8ad633865633 marked as read by fullstack1
2026-08-10 02:52:46 | team | sess_d36f93f0abcc | INFO | [fullstack1] processing 1 unread messages (steer=True)
2026-08-10 02:52:46 | team | sess_d36f93f0abcc | INFO | Message 96136231-4367-40d8-bb73-23857b702883 marked as read by fullstack1
2026-08-10 03:04:04 | team | sess_d36f93f0abcc | INFO | task list drained for team jiuwen_team_sess_d36f93f0abcc: 5 terminal task(s)
2026-08-10 03:04:19 | team | sess_d36f93f0abcc | INFO | [fullstack1] processing 1 unread messages (steer=True)
2026-08-10 03:04:19 | team | sess_d36f93f0abcc | INFO | Message 1cdb24a2-84d1-48a1-b8ee-9b5d00d25c2d marked as read by fullstack1
2026-08-10 03:04:36 | team | sess_d36f93f0abcc | INFO | team jiuwen_team_sess_d36f93f0abcc reported completed: 9 members, 5 tasks
2026-08-10 03:04:36 | team | sess_d36f93f0abcc | INFO | [fullstack1] received TEAM_STANDBY, pausing polls
2026-08-10 03:04:36 | team | sess_d36f93f0abcc | INFO | EventBus[teammate] pausing polls
