2026-08-10 02:47:59 | team | sess_d36f93f0abcc | INFO | Team workspace directory ensured at /srv/jwteam_clone/shared/run_current
2026-08-10 02:47:59 | team | sess_d36f93f0abcc | INFO | AgentTeam manager initialized for jiuwen_team_sess_d36f93f0abcc, member=team_leader
2026-08-10 02:47:59 | team | sess_d36f93f0abcc | INFO | [team_leader] TeamPolicyRail static sections: section_names=['team_role', 'team_workflow', 'team_swarmflow', 'team_lifecycle', 'team_persona']
2026-08-10 02:47:59 | team | sess_d36f93f0abcc | INFO | Session tables ready for session sess_d36f93f0abcc
2026-08-10 02:47:59 | team | sess_d36f93f0abcc | INFO | Team database initialized
2026-08-10 02:47:59 | team | default_trace_id | INFO | Team workspace directory ensured at /srv/jwteam_clone/shared/run_current
2026-08-10 02:47:59 | team | default_trace_id | INFO | AgentTeam manager initialized for jiuwen_team_sess_d36f93f0abcc, member=planner1
2026-08-10 02:47:59 | team | default_trace_id | INFO | [planner1] TeamPolicyRail static sections: section_names=['team_role', 'team_persona']
2026-08-10 02:47:59 | team | sess_d36f93f0abcc | INFO | [planner1] invoke start, role=teammate
2026-08-10 02:47:59 | team | sess_d36f93f0abcc | INFO | [planner1] coordination starting
2026-08-10 02:47:59 | team | sess_d36f93f0abcc | INFO | Session tables ready for session sess_d36f93f0abcc
2026-08-10 02:47:59 | team | sess_d36f93f0abcc | INFO | Workspace /srv/jwteam_clone/shared/run_current initialized as plain shared directory (version_control disabled)
2026-08-10 02:47:59 | team | sess_d36f93f0abcc | INFO | EventBus[teammate] starting
2026-08-10 02:49:00 | team | sess_d36f93f0abcc | INFO | [planner1] HITT section refresh: human_agent_names=[]
2026-08-10 02:49:13 | team | sess_d36f93f0abcc | INFO | [planner1] processing 1 unread messages (steer=True)
2026-08-10 02:49:13 | team | sess_d36f93f0abcc | INFO | Message f7c6bf7c-372a-4b2f-baaa-3e92e7a01705 marked as read by planner1
2026-08-10 02:49:13 | team | sess_d36f93f0abcc | INFO | Task plan_schema claimed by member planner1
2026-08-10 02:49:13 | team | sess_d36f93f0abcc | INFO | Task plan_schema claimed by member planner1
2026-08-10 02:49:41 | team | sess_d36f93f0abcc | INFO | [planner1] processing 1 unread messages (steer=True)
2026-08-10 02:49:41 | team | sess_d36f93f0abcc | INFO | Message c9ac6822-aec0-418e-9c6f-b06ccaf1ea1c marked as read by planner1
2026-08-10 02:49:47 | team | sess_d36f93f0abcc | INFO | Message ec602a29-422c-4142-b8ca-2580b420222e created
2026-08-10 02:49:55 | team | sess_d36f93f0abcc | INFO | Message 86ae678d-01ab-44ce-a5f4-f1e77d190a77 created
2026-08-10 02:50:04 | team | sess_d36f93f0abcc | INFO | Message 95ea5144-2771-4f6a-9ef3-592ac1bc7fea created
2026-08-10 02:50:45 | team | sess_d36f93f0abcc | INFO | [planner1] processing 1 unread messages (steer=True)
2026-08-10 02:50:45 | team | sess_d36f93f0abcc | INFO | Message 3e466952-9587-47db-9d3a-5ec43f5a007f marked as read by planner1
2026-08-10 02:51:02 | team | sess_d36f93f0abcc | INFO | Message e25e342d-a1ff-48d3-aaaf-d40234a4c884 created
2026-08-10 02:51:02 | team | sess_d36f93f0abcc | INFO | Message 6b939169-553a-42d5-af48-1367800f4f80 created
2026-08-10 02:51:05 | team | sess_d36f93f0abcc | INFO | [planner1] processing 1 unread messages (steer=True)
2026-08-10 02:51:05 | team | sess_d36f93f0abcc | INFO | Message ec2a645e-4c5c-4f0d-8e8b-fca506170ec7 marked as read by planner1
2026-08-10 02:51:16 | team | sess_d36f93f0abcc | INFO | [planner1] processing 1 unread messages (steer=True)
2026-08-10 02:51:16 | team | sess_d36f93f0abcc | INFO | Message 757559f3-1f3d-4f3c-87ea-ee892e680f4e marked as read by planner1
2026-08-10 02:52:14 | team | sess_d36f93f0abcc | INFO | [planner1] processing 1 unread messages (steer=True)
2026-08-10 02:52:14 | team | sess_d36f93f0abcc | INFO | Message 03285d69-8e7e-45e7-84b4-be9c0ca492eb marked as read by planner1
2026-08-10 02:52:22 | team | sess_d36f93f0abcc | INFO | Message ec70152b-1c8b-4ce3-910c-e4b89eb73e4e created
2026-08-10 02:52:37 | team | sess_d36f93f0abcc | INFO | [planner1] processing 1 unread messages (steer=True)
2026-08-10 02:52:37 | team | sess_d36f93f0abcc | INFO | Message 4055ef64-096f-4db7-b760-1d450735d62a marked as read by planner1
2026-08-10 02:52:43 | team | sess_d36f93f0abcc | INFO | Message 18e759ed-60cc-4b83-bda9-90b2fbfc9d6d created
2026-08-10 02:52:43 | team | sess_d36f93f0abcc | INFO | Message b0661aff-01db-49b4-9228-79d094d87fa3 created
2026-08-10 02:52:43 | team | sess_d36f93f0abcc | INFO | Message 1035cfd5-476e-4005-9a4e-8ad633865633 created
2026-08-10 02:52:49 | team | sess_d36f93f0abcc | INFO | Task plan_schema completed at 1786326769099
2026-08-10 02:52:49 | team | sess_d36f93f0abcc | INFO | Message cee233eb-45d6-4d40-b0fd-2019d4303477 created
2026-08-10 02:52:49 | team | sess_d36f93f0abcc | INFO | Resolved 1 dependencies for task plan_schema
2026-08-10 02:52:49 | team | sess_d36f93f0abcc | INFO | Task plan_schema completed
2026-08-10 03:04:04 | team | sess_d36f93f0abcc | INFO | task list drained for team jiuwen_team_sess_d36f93f0abcc: 5 terminal task(s)
2026-08-10 03:04:19 | team | sess_d36f93f0abcc | INFO | [planner1] processing 1 unread messages (steer=True)
2026-08-10 03:04:19 | team | sess_d36f93f0abcc | INFO | Message 1cdb24a2-84d1-48a1-b8ee-9b5d00d25c2d marked as read by planner1
2026-08-10 03:04:36 | team | sess_d36f93f0abcc | INFO | team jiuwen_team_sess_d36f93f0abcc reported completed: 9 members, 5 tasks
2026-08-10 03:04:36 | team | sess_d36f93f0abcc | INFO | [planner1] received TEAM_STANDBY, pausing polls
2026-08-10 03:04:36 | team | sess_d36f93f0abcc | INFO | EventBus[teammate] pausing polls
