2026-08-10 02:48:04 | team | sess_d36f93f0abcc | INFO | Team workspace directory ensured at /srv/jwteam_clone/shared/run_current
2026-08-10 02:48:04 | team | sess_d36f93f0abcc | INFO | AgentTeam manager initialized for jiuwen_team_sess_d36f93f0abcc, member=team_leader
2026-08-10 02:48:04 | team | sess_d36f93f0abcc | INFO | [team_leader] TeamPolicyRail static sections: section_names=['team_role', 'team_workflow', 'team_swarmflow', 'team_lifecycle', 'team_persona']
2026-08-10 02:48:04 | team | sess_d36f93f0abcc | INFO | Session tables ready for session sess_d36f93f0abcc
2026-08-10 02:48:04 | team | sess_d36f93f0abcc | INFO | Team database initialized
2026-08-10 02:48:04 | team | default_trace_id | INFO | Team workspace directory ensured at /srv/jwteam_clone/shared/run_current
2026-08-10 02:48:04 | team | default_trace_id | INFO | AgentTeam manager initialized for jiuwen_team_sess_d36f93f0abcc, member=executor3
2026-08-10 02:48:04 | team | default_trace_id | INFO | [executor3] TeamPolicyRail static sections: section_names=['team_role', 'team_persona']
2026-08-10 02:48:04 | team | sess_d36f93f0abcc | INFO | [executor3] invoke start, role=teammate
2026-08-10 02:48:04 | team | sess_d36f93f0abcc | INFO | [executor3] coordination starting
2026-08-10 02:48:04 | team | sess_d36f93f0abcc | INFO | Session tables ready for session sess_d36f93f0abcc
2026-08-10 02:48:04 | team | sess_d36f93f0abcc | INFO | Workspace /srv/jwteam_clone/shared/run_current initialized as plain shared directory (version_control disabled)
2026-08-10 02:48:04 | team | sess_d36f93f0abcc | INFO | EventBus[teammate] starting
2026-08-10 02:49:00 | team | sess_d36f93f0abcc | INFO | [executor3] HITT section refresh: human_agent_names=[]
2026-08-10 02:49:13 | team | sess_d36f93f0abcc | INFO | [executor3] processing 1 unread messages (steer=True)
2026-08-10 02:49:13 | team | sess_d36f93f0abcc | INFO | Message f7c6bf7c-372a-4b2f-baaa-3e92e7a01705 marked as read by executor3
2026-08-10 02:50:37 | team | sess_d36f93f0abcc | INFO | Message 54dd25dd-93e7-464a-a300-61208a4227a8 created
2026-08-10 02:50:37 | team | sess_d36f93f0abcc | INFO | Message 6e79ce22-5b0c-48e3-8454-df70cf285318 created
2026-08-10 02:51:05 | team | sess_d36f93f0abcc | INFO | Message ce15ae58-7cdc-4493-885d-3aa0e1b2b63d created
2026-08-10 02:51:07 | team | sess_d36f93f0abcc | INFO | [executor3] processing 1 unread messages (steer=True)
2026-08-10 02:51:07 | team | sess_d36f93f0abcc | INFO | Message 9edffcab-c50f-49f5-accd-51d54fa6c018 marked as read by executor3
2026-08-10 02:51:31 | team | sess_d36f93f0abcc | INFO | [executor3] processing 1 unread messages (steer=True)
2026-08-10 02:51:31 | team | sess_d36f93f0abcc | INFO | Message fdb72b1c-b3f1-47e6-8896-ce66d4347934 marked as read by executor3
2026-08-10 02:52:34 | team | sess_d36f93f0abcc | INFO | [executor3] processing 1 unread messages (steer=True)
2026-08-10 02:52:34 | team | sess_d36f93f0abcc | INFO | Message 50ecaa65-f3c3-47ea-bc62-4885531c96a3 marked as read by executor3
2026-08-10 02:52:37 | team | sess_d36f93f0abcc | INFO | [executor3] processing 1 unread messages (steer=True)
2026-08-10 02:52:37 | team | sess_d36f93f0abcc | INFO | Message 4b1cf55e-53b4-47e7-85e8-bea47108242e marked as read by executor3
2026-08-10 02:52:39 | team | sess_d36f93f0abcc | INFO | Message 71fb5f9d-b88b-48ff-bebb-3bbd02b0049a created
2026-08-10 02:53:25 | team | sess_d36f93f0abcc | INFO | Message 799d7dfc-07bf-426f-8d0d-77d6bc3f0d6f created
2026-08-10 02:53:25 | team | sess_d36f93f0abcc | INFO | Message 71932287-c7a6-48d3-85f7-316d0fc43b5b created
2026-08-10 02:55:30 | team | sess_d36f93f0abcc | INFO | [executor3] processing 1 unread messages (steer=True)
2026-08-10 02:55:30 | team | sess_d36f93f0abcc | INFO | Message 10de81e5-46e9-4ecf-9243-62f9b74cfb13 marked as read by executor3
2026-08-10 02:55:45 | team | sess_d36f93f0abcc | INFO | Message 9b6eb943-9d2f-4705-aa30-6ef68ee07219 created
2026-08-10 03:00:33 | team | sess_d36f93f0abcc | INFO | Message a3b62b8e-32ab-4b13-84bf-65d3e645ea45 created
2026-08-10 03:00:41 | team | sess_d36f93f0abcc | INFO | Message 95341464-50b5-4197-9a89-a26240e132ff created
2026-08-10 03:00:45 | team | sess_d36f93f0abcc | INFO | [executor3] processing 1 unread messages (steer=True)
2026-08-10 03:00:45 | team | sess_d36f93f0abcc | INFO | Message c9e383b5-a3a1-4dcb-8b35-41f6ceca724c marked as read by executor3
2026-08-10 03:01:31 | team | sess_d36f93f0abcc | INFO | [executor3] processing 1 unread messages (steer=True)
2026-08-10 03:01:31 | team | sess_d36f93f0abcc | INFO | Message a7923fd2-cd65-4d79-9de9-50e457fb0e4e marked as read by executor3
2026-08-10 03:02:46 | team | sess_d36f93f0abcc | INFO | Message c78b7a9a-ca0c-4514-93d2-23dfa0fa4a9b created
2026-08-10 03:02:47 | team | sess_d36f93f0abcc | INFO | Message 88ff2f7c-31d2-4b39-ae49-b503c0cae1d7 created
2026-08-10 03:03:11 | team | sess_d36f93f0abcc | INFO | [executor3] processing 1 unread messages (steer=True)
2026-08-10 03:03:12 | team | sess_d36f93f0abcc | INFO | Message 198605df-1471-4bd6-b828-d9b69a80d82f marked as read by executor3
2026-08-10 03:03:22 | team | sess_d36f93f0abcc | INFO | Message 143534cd-8f8f-4ea7-8dff-1b38fcff6aba created
2026-08-10 03:04:04 | team | sess_d36f93f0abcc | INFO | task list drained for team jiuwen_team_sess_d36f93f0abcc: 5 terminal task(s)
2026-08-10 03:04:19 | team | sess_d36f93f0abcc | INFO | [executor3] processing 1 unread messages (steer=True)
2026-08-10 03:04:19 | team | sess_d36f93f0abcc | INFO | Message 1cdb24a2-84d1-48a1-b8ee-9b5d00d25c2d marked as read by executor3
2026-08-10 03:04:36 | team | sess_d36f93f0abcc | INFO | team jiuwen_team_sess_d36f93f0abcc reported completed: 9 members, 5 tasks
2026-08-10 03:04:36 | team | sess_d36f93f0abcc | INFO | [executor3] received TEAM_STANDBY, pausing polls
2026-08-10 03:04:36 | team | sess_d36f93f0abcc | INFO | EventBus[teammate] pausing polls
