2026-08-10 02:48:06 | team | sess_d36f93f0abcc | INFO | Team workspace directory ensured at /srv/jwteam_clone/shared/run_current
2026-08-10 02:48:06 | team | sess_d36f93f0abcc | INFO | AgentTeam manager initialized for jiuwen_team_sess_d36f93f0abcc, member=team_leader
2026-08-10 02:48:06 | team | sess_d36f93f0abcc | INFO | [team_leader] TeamPolicyRail static sections: section_names=['team_role', 'team_workflow', 'team_swarmflow', 'team_lifecycle', 'team_persona']
2026-08-10 02:48:06 | team | sess_d36f93f0abcc | INFO | Session tables ready for session sess_d36f93f0abcc
2026-08-10 02:48:06 | team | sess_d36f93f0abcc | INFO | Team database initialized
2026-08-10 02:48:06 | team | default_trace_id | INFO | Team workspace directory ensured at /srv/jwteam_clone/shared/run_current
2026-08-10 02:48:06 | team | default_trace_id | INFO | AgentTeam manager initialized for jiuwen_team_sess_d36f93f0abcc, member=verifier2
2026-08-10 02:48:06 | team | default_trace_id | INFO | [verifier2] TeamPolicyRail static sections: section_names=['team_role', 'team_persona']
2026-08-10 02:48:06 | team | sess_d36f93f0abcc | INFO | [verifier2] invoke start, role=teammate
2026-08-10 02:48:06 | team | sess_d36f93f0abcc | INFO | [verifier2] coordination starting
2026-08-10 02:48:06 | team | sess_d36f93f0abcc | INFO | Session tables ready for session sess_d36f93f0abcc
2026-08-10 02:48:06 | team | sess_d36f93f0abcc | INFO | Workspace /srv/jwteam_clone/shared/run_current initialized as plain shared directory (version_control disabled)
2026-08-10 02:48:06 | team | sess_d36f93f0abcc | INFO | EventBus[teammate] starting
2026-08-10 02:49:00 | team | sess_d36f93f0abcc | INFO | [verifier2] HITT section refresh: human_agent_names=[]
2026-08-10 02:49:13 | team | sess_d36f93f0abcc | INFO | [verifier2] processing 1 unread messages (steer=True)
2026-08-10 02:49:13 | team | sess_d36f93f0abcc | INFO | Message f7c6bf7c-372a-4b2f-baaa-3e92e7a01705 marked as read by verifier2
2026-08-10 02:49:54 | team | sess_d36f93f0abcc | INFO | Message 50f4c713-7306-44f7-9813-f63d3bdb8d5f created
2026-08-10 02:50:03 | team | sess_d36f93f0abcc | INFO | Message b065be43-a568-483b-aa0a-cbd7387ea8d5 created
2026-08-10 02:50:11 | team | sess_d36f93f0abcc | INFO | [verifier2] processing 1 unread messages (steer=True)
2026-08-10 02:50:11 | team | sess_d36f93f0abcc | INFO | Message f167f51c-527b-4734-a012-1746998d68bb marked as read by verifier2
2026-08-10 02:50:29 | team | sess_d36f93f0abcc | INFO | [verifier2] processing 1 unread messages (steer=True)
2026-08-10 02:50:29 | team | sess_d36f93f0abcc | INFO | Message 4c53c950-3fba-47fd-a958-b4b9a55a9d96 marked as read by verifier2
2026-08-10 02:50:58 | team | sess_d36f93f0abcc | INFO | Message 7de186a1-9c25-4ab6-b009-7b7515734132 created
2026-08-10 02:50:58 | team | sess_d36f93f0abcc | INFO | Message c8515767-e521-48cf-95d2-4bf3130618f7 created
2026-08-10 02:51:31 | team | sess_d36f93f0abcc | INFO | [verifier2] processing 1 unread messages (steer=True)
2026-08-10 02:51:32 | team | sess_d36f93f0abcc | INFO | Message ef409bd0-8e27-481d-94e2-58c4483b8250 marked as read by verifier2
2026-08-10 02:52:39 | team | sess_d36f93f0abcc | INFO | [verifier2] processing 1 unread messages (steer=True)
2026-08-10 02:52:39 | team | sess_d36f93f0abcc | INFO | Message 71fb5f9d-b88b-48ff-bebb-3bbd02b0049a marked as read by verifier2
2026-08-10 02:57:49 | team | sess_d36f93f0abcc | INFO | Task verify_integration claimed by member verifier2
2026-08-10 02:57:49 | team | sess_d36f93f0abcc | INFO | Task verify_integration claimed by member verifier2
2026-08-10 02:58:00 | team | sess_d36f93f0abcc | INFO | [verifier2] processing 1 unread messages (steer=True)
2026-08-10 02:58:00 | team | sess_d36f93f0abcc | INFO | Message ba212faf-9ce1-46d3-8384-675e28c4d0c0 marked as read by verifier2
2026-08-10 03:00:41 | team | sess_d36f93f0abcc | INFO | [verifier2] processing 1 unread messages (steer=True)
2026-08-10 03:00:41 | team | sess_d36f93f0abcc | INFO | Message 95341464-50b5-4197-9a89-a26240e132ff marked as read by verifier2
2026-08-10 03:00:45 | team | sess_d36f93f0abcc | INFO | Message c9e383b5-a3a1-4dcb-8b35-41f6ceca724c created
2026-08-10 03:00:50 | team | sess_d36f93f0abcc | INFO | [verifier2] processing 1 unread messages (steer=True)
2026-08-10 03:00:50 | team | sess_d36f93f0abcc | INFO | Message 4b01e59c-fd13-47e7-b975-b7d48425c1f2 marked as read by verifier2
2026-08-10 03:01:31 | team | sess_d36f93f0abcc | INFO | Message a7923fd2-cd65-4d79-9de9-50e457fb0e4e created
2026-08-10 03:01:51 | team | sess_d36f93f0abcc | INFO | Message 7c5ca7c8-3f40-43b9-ac77-f8a5de6502cd created
2026-08-10 03:01:56 | team | sess_d36f93f0abcc | INFO | Task verify_integration completed at 1786327316615
2026-08-10 03:01:56 | team | sess_d36f93f0abcc | INFO | Resolved 1 dependencies for task verify_integration
2026-08-10 03:01:56 | team | sess_d36f93f0abcc | INFO | Task verify unblocked (all deps resolved)
2026-08-10 03:01:56 | team | sess_d36f93f0abcc | INFO | Task verify_integration completed
2026-08-10 03:01:56 | team | sess_d36f93f0abcc | INFO | Unblocked 1 tasks
2026-08-10 03:02:04 | team | sess_d36f93f0abcc | INFO | Message c9d34c97-77ff-4122-8c72-01014ad54986 created
2026-08-10 03:02:47 | team | sess_d36f93f0abcc | INFO | [verifier2] processing 1 unread messages (steer=True)
2026-08-10 03:02:47 | team | sess_d36f93f0abcc | INFO | Message 88ff2f7c-31d2-4b39-ae49-b503c0cae1d7 marked as read by verifier2
2026-08-10 03:03:11 | team | sess_d36f93f0abcc | INFO | Message 3cab34c5-ed18-40e0-a957-d70b5ba50457 created
2026-08-10 03:03:11 | team | sess_d36f93f0abcc | INFO | Message 198605df-1471-4bd6-b828-d9b69a80d82f created
2026-08-10 03:03:22 | team | sess_d36f93f0abcc | INFO | [verifier2] processing 1 unread messages (steer=True)
2026-08-10 03:03:22 | team | sess_d36f93f0abcc | INFO | Message 143534cd-8f8f-4ea7-8dff-1b38fcff6aba marked as read by verifier2
2026-08-10 03:03:30 | team | sess_d36f93f0abcc | INFO | [verifier2] processing 1 unread messages (steer=True)
2026-08-10 03:03:30 | team | sess_d36f93f0abcc | INFO | Message 006b410d-d52a-4e37-9c08-075191fd59f3 marked as read by verifier2
2026-08-10 03:04:04 | team | sess_d36f93f0abcc | INFO | task list drained for team jiuwen_team_sess_d36f93f0abcc: 5 terminal task(s)
2026-08-10 03:04:19 | team | sess_d36f93f0abcc | INFO | [verifier2] processing 1 unread messages (steer=True)
2026-08-10 03:04:19 | team | sess_d36f93f0abcc | INFO | Message 1cdb24a2-84d1-48a1-b8ee-9b5d00d25c2d marked as read by verifier2
2026-08-10 03:04:36 | team | sess_d36f93f0abcc | INFO | team jiuwen_team_sess_d36f93f0abcc reported completed: 9 members, 5 tasks
2026-08-10 03:04:36 | team | sess_d36f93f0abcc | INFO | [verifier2] received TEAM_STANDBY, pausing polls
2026-08-10 03:04:36 | team | sess_d36f93f0abcc | INFO | EventBus[teammate] pausing polls
