2026-08-10 02:48:01 | team | sess_d36f93f0abcc | INFO | Team workspace directory ensured at /srv/jwteam_clone/shared/run_current
2026-08-10 02:48:01 | team | sess_d36f93f0abcc | INFO | AgentTeam manager initialized for jiuwen_team_sess_d36f93f0abcc, member=team_leader
2026-08-10 02:48:01 | team | sess_d36f93f0abcc | INFO | [team_leader] TeamPolicyRail static sections: section_names=['team_role', 'team_workflow', 'team_swarmflow', 'team_lifecycle', 'team_persona']
2026-08-10 02:48:01 | team | sess_d36f93f0abcc | INFO | Session tables ready for session sess_d36f93f0abcc
2026-08-10 02:48:01 | team | sess_d36f93f0abcc | INFO | Team database initialized
2026-08-10 02:48:01 | team | default_trace_id | INFO | Team workspace directory ensured at /srv/jwteam_clone/shared/run_current
2026-08-10 02:48:01 | team | default_trace_id | INFO | AgentTeam manager initialized for jiuwen_team_sess_d36f93f0abcc, member=executor1
2026-08-10 02:48:01 | team | default_trace_id | INFO | [executor1] TeamPolicyRail static sections: section_names=['team_role', 'team_persona']
2026-08-10 02:48:02 | team | sess_d36f93f0abcc | INFO | [executor1] invoke start, role=teammate
2026-08-10 02:48:02 | team | sess_d36f93f0abcc | INFO | [executor1] coordination starting
2026-08-10 02:48:02 | team | sess_d36f93f0abcc | INFO | Session tables ready for session sess_d36f93f0abcc
2026-08-10 02:48:02 | team | sess_d36f93f0abcc | INFO | Workspace /srv/jwteam_clone/shared/run_current initialized as plain shared directory (version_control disabled)
2026-08-10 02:48:02 | team | sess_d36f93f0abcc | INFO | EventBus[teammate] starting
2026-08-10 02:49:00 | team | sess_d36f93f0abcc | INFO | [executor1] HITT section refresh: human_agent_names=[]
2026-08-10 02:49:13 | team | sess_d36f93f0abcc | INFO | [executor1] processing 1 unread messages (steer=True)
2026-08-10 02:49:13 | team | sess_d36f93f0abcc | INFO | Message f7c6bf7c-372a-4b2f-baaa-3e92e7a01705 marked as read by executor1
2026-08-10 02:50:37 | team | sess_d36f93f0abcc | INFO | [executor1] processing 1 unread messages (steer=True)
2026-08-10 02:50:37 | team | sess_d36f93f0abcc | INFO | Message 54dd25dd-93e7-464a-a300-61208a4227a8 marked as read by executor1
2026-08-10 02:51:07 | team | sess_d36f93f0abcc | INFO | Message 9edffcab-c50f-49f5-accd-51d54fa6c018 created
2026-08-10 02:51:38 | team | sess_d36f93f0abcc | INFO | [executor1] processing 1 unread messages (steer=True)
2026-08-10 02:51:38 | team | sess_d36f93f0abcc | INFO | Message d94389a6-0960-496b-8a52-de4656c396d3 marked as read by executor1
2026-08-10 02:51:52 | team | sess_d36f93f0abcc | INFO | Message f788ab49-c2ff-47c7-b22f-89ae535dd3d8 created
2026-08-10 02:52:22 | team | sess_d36f93f0abcc | INFO | [executor1] processing 1 unread messages (steer=True)
2026-08-10 02:52:22 | team | sess_d36f93f0abcc | INFO | Message ec70152b-1c8b-4ce3-910c-e4b89eb73e4e marked as read by executor1
2026-08-10 02:52:37 | team | sess_d36f93f0abcc | INFO | Message 4b1cf55e-53b4-47e7-85e8-bea47108242e created
2026-08-10 02:52:37 | team | sess_d36f93f0abcc | INFO | Message 4055ef64-096f-4db7-b760-1d450735d62a created
2026-08-10 02:52:49 | team | sess_d36f93f0abcc | INFO | [executor1] processing 1 unread messages (steer=True)
2026-08-10 02:52:49 | team | sess_d36f93f0abcc | INFO | Message cee233eb-45d6-4d40-b0fd-2019d4303477 marked as read by executor1
2026-08-10 02:53:10 | team | sess_d36f93f0abcc | INFO | Task implement claimed by member executor1
2026-08-10 02:53:10 | team | sess_d36f93f0abcc | INFO | Task implement claimed by member executor1
2026-08-10 02:53:25 | team | sess_d36f93f0abcc | INFO | [executor1] processing 1 unread messages (steer=True)
2026-08-10 02:53:26 | team | sess_d36f93f0abcc | INFO | Message 799d7dfc-07bf-426f-8d0d-77d6bc3f0d6f marked as read by executor1
2026-08-10 02:53:27 | team | sess_d36f93f0abcc | INFO | [executor1] processing 1 unread messages (steer=True)
2026-08-10 02:53:27 | team | sess_d36f93f0abcc | INFO | Message 6ffd786d-c578-4475-aa2f-5f1f485e235b marked as read by executor1
2026-08-10 02:55:30 | team | sess_d36f93f0abcc | INFO | Message b1e016c7-fa55-40da-9a75-c7a2118a0409 created
2026-08-10 02:55:30 | team | sess_d36f93f0abcc | INFO | Message 10de81e5-46e9-4ecf-9243-62f9b74cfb13 created
2026-08-10 02:55:39 | team | sess_d36f93f0abcc | INFO | [executor1] processing 1 unread messages (steer=True)
2026-08-10 02:55:39 | team | sess_d36f93f0abcc | INFO | Message 74d2764b-de46-484d-8181-847dd2c3978a marked as read by executor1
2026-08-10 02:55:45 | team | sess_d36f93f0abcc | INFO | [executor1] processing 1 unread messages (steer=True)
2026-08-10 02:55:45 | team | sess_d36f93f0abcc | INFO | Message 9b6eb943-9d2f-4705-aa30-6ef68ee07219 marked as read by executor1
2026-08-10 02:57:42 | team | sess_d36f93f0abcc | INFO | Task implement completed at 1786327062359
2026-08-10 02:57:42 | team | sess_d36f93f0abcc | INFO | Resolved 2 dependencies for task implement
2026-08-10 02:57:42 | team | sess_d36f93f0abcc | INFO | Task verify_integration unblocked (all deps resolved)
2026-08-10 02:57:42 | team | sess_d36f93f0abcc | INFO | Task implement completed
2026-08-10 02:57:42 | team | sess_d36f93f0abcc | INFO | Unblocked 1 tasks
2026-08-10 02:57:58 | team | sess_d36f93f0abcc | INFO | Message c2fae2e9-bffd-40c9-a137-b140bc01cc55 created
2026-08-10 02:59:45 | team | sess_d36f93f0abcc | INFO | [executor1] processing 1 unread messages (steer=True)
2026-08-10 02:59:45 | team | sess_d36f93f0abcc | INFO | Message ffddbedd-8fd2-472d-aa90-1ceb88a93f8c marked as read by executor1
2026-08-10 03:02:20 | team | sess_d36f93f0abcc | INFO | [executor1] processing 1 unread messages (steer=True)
2026-08-10 03:02:20 | team | sess_d36f93f0abcc | INFO | Message ceba7ff5-fee8-4e2d-a634-1f68f2d6b542 marked as read by executor1
2026-08-10 03:02:45 | team | sess_d36f93f0abcc | INFO | [executor1] processing 1 unread messages (steer=True)
2026-08-10 03:02:45 | team | sess_d36f93f0abcc | INFO | Message 822edcdd-c594-4a68-9485-5986d5d995cb marked as read by executor1
2026-08-10 03:02:55 | team | sess_d36f93f0abcc | INFO | Message b9e0da26-088c-4eb9-a0a4-c5739fd4b42e created
2026-08-10 03:03:03 | team | sess_d36f93f0abcc | INFO | [executor1] processing 1 unread messages (steer=True)
2026-08-10 03:03:03 | team | sess_d36f93f0abcc | INFO | Message 3a25aaf2-4ae6-4187-b3f7-29f89a22906d marked as read by executor1
2026-08-10 03:03:30 | team | sess_d36f93f0abcc | INFO | Message 96255a24-0ec6-406c-b3bf-2495498fcc92 created
2026-08-10 03:03:30 | team | sess_d36f93f0abcc | INFO | Message 006b410d-d52a-4e37-9c08-075191fd59f3 created
2026-08-10 03:03:30 | team | sess_d36f93f0abcc | INFO | Message 0956cf64-5cf1-4d7d-b853-4e0568722982 created
2026-08-10 03:03:36 | team | sess_d36f93f0abcc | INFO | [executor1] processing 1 unread messages (steer=True)
2026-08-10 03:03:36 | team | sess_d36f93f0abcc | INFO | Message 5e235a12-c1c0-41e9-99fd-e23eb68bbf4e marked as read by executor1
2026-08-10 03:04:04 | team | sess_d36f93f0abcc | INFO | [executor1] processing 1 unread messages (steer=True)
2026-08-10 03:04:04 | team | sess_d36f93f0abcc | INFO | Message 905a041a-7f8d-4fe0-9317-8a940e5ab2c0 marked as read by executor1
2026-08-10 03:04:04 | team | sess_d36f93f0abcc | INFO | task list drained for team jiuwen_team_sess_d36f93f0abcc: 5 terminal task(s)
2026-08-10 03:04:19 | team | sess_d36f93f0abcc | INFO | [executor1] processing 1 unread messages (steer=True)
2026-08-10 03:04:19 | team | sess_d36f93f0abcc | INFO | Message 1cdb24a2-84d1-48a1-b8ee-9b5d00d25c2d marked as read by executor1
2026-08-10 03:04:36 | team | sess_d36f93f0abcc | INFO | team jiuwen_team_sess_d36f93f0abcc reported completed: 9 members, 5 tasks
2026-08-10 03:04:36 | team | sess_d36f93f0abcc | INFO | [executor1] received TEAM_STANDBY, pausing polls
2026-08-10 03:04:36 | team | sess_d36f93f0abcc | INFO | EventBus[teammate] pausing polls
