2026-08-10 02:48:00 | team | sess_d36f93f0abcc | INFO | Team workspace directory ensured at /srv/jwteam_clone/shared/run_current
2026-08-10 02:48:00 | team | sess_d36f93f0abcc | INFO | AgentTeam manager initialized for jiuwen_team_sess_d36f93f0abcc, member=team_leader
2026-08-10 02:48:00 | team | sess_d36f93f0abcc | INFO | [team_leader] TeamPolicyRail static sections: section_names=['team_role', 'team_workflow', 'team_swarmflow', 'team_lifecycle', 'team_persona']
2026-08-10 02:48:00 | team | sess_d36f93f0abcc | INFO | Session tables ready for session sess_d36f93f0abcc
2026-08-10 02:48:00 | team | sess_d36f93f0abcc | INFO | Team database initialized
2026-08-10 02:48:00 | team | default_trace_id | INFO | Team workspace directory ensured at /srv/jwteam_clone/shared/run_current
2026-08-10 02:48:00 | team | default_trace_id | INFO | AgentTeam manager initialized for jiuwen_team_sess_d36f93f0abcc, member=planner2
2026-08-10 02:48:00 | team | default_trace_id | INFO | [planner2] TeamPolicyRail static sections: section_names=['team_role', 'team_persona']
2026-08-10 02:48:00 | team | sess_d36f93f0abcc | INFO | [planner2] invoke start, role=teammate
2026-08-10 02:48:00 | team | sess_d36f93f0abcc | INFO | [planner2] coordination starting
2026-08-10 02:48:00 | team | sess_d36f93f0abcc | INFO | Session tables ready for session sess_d36f93f0abcc
2026-08-10 02:48:00 | team | sess_d36f93f0abcc | INFO | Workspace /srv/jwteam_clone/shared/run_current initialized as plain shared directory (version_control disabled)
2026-08-10 02:48:00 | team | sess_d36f93f0abcc | INFO | EventBus[teammate] starting
2026-08-10 02:49:00 | team | sess_d36f93f0abcc | INFO | [planner2] HITT section refresh: human_agent_names=[]
2026-08-10 02:49:13 | team | sess_d36f93f0abcc | INFO | [planner2] processing 1 unread messages (steer=True)
2026-08-10 02:49:13 | team | sess_d36f93f0abcc | INFO | Message f7c6bf7c-372a-4b2f-baaa-3e92e7a01705 marked as read by planner2
2026-08-10 02:49:20 | team | sess_d36f93f0abcc | INFO | Task plan_pipeline claimed by member planner2
2026-08-10 02:49:20 | team | sess_d36f93f0abcc | INFO | Task plan_pipeline claimed by member planner2
2026-08-10 02:49:41 | team | sess_d36f93f0abcc | INFO | [planner2] processing 1 unread messages (steer=True)
2026-08-10 02:49:41 | team | sess_d36f93f0abcc | INFO | Message 7c75c363-6c50-4682-9576-a3734863bfa3 marked as read by planner2
2026-08-10 02:50:37 | team | sess_d36f93f0abcc | INFO | [planner2] processing 1 unread messages (steer=True)
2026-08-10 02:50:37 | team | sess_d36f93f0abcc | INFO | Message 6e79ce22-5b0c-48e3-8454-df70cf285318 marked as read by planner2
2026-08-10 02:51:02 | team | sess_d36f93f0abcc | INFO | [planner2] processing 1 unread messages (steer=True)
2026-08-10 02:51:02 | team | sess_d36f93f0abcc | INFO | Message e25e342d-a1ff-48d3-aaaf-d40234a4c884 marked as read by planner2
2026-08-10 02:51:21 | team | sess_d36f93f0abcc | INFO | [planner2] processing 1 unread messages (steer=True)
2026-08-10 02:51:21 | team | sess_d36f93f0abcc | INFO | Message a02c4154-bbb1-4b30-bdaf-dcca1598db05 marked as read by planner2
2026-08-10 02:51:38 | team | sess_d36f93f0abcc | INFO | Message d94389a6-0960-496b-8a52-de4656c396d3 created
2026-08-10 02:51:42 | team | sess_d36f93f0abcc | INFO | [planner2] processing 1 unread messages (steer=True)
2026-08-10 02:51:42 | team | sess_d36f93f0abcc | INFO | Message bc44165d-cb6c-4b96-84b8-81e969e4a72b marked as read by planner2
2026-08-10 02:51:52 | team | sess_d36f93f0abcc | INFO | [planner2] processing 1 unread messages (steer=True)
2026-08-10 02:51:52 | team | sess_d36f93f0abcc | INFO | Message f788ab49-c2ff-47c7-b22f-89ae535dd3d8 marked as read by planner2
2026-08-10 02:52:14 | team | sess_d36f93f0abcc | INFO | Message 03285d69-8e7e-45e7-84b4-be9c0ca492eb created
2026-08-10 02:52:34 | team | sess_d36f93f0abcc | INFO | Message 50ecaa65-f3c3-47ea-bc62-4885531c96a3 created
2026-08-10 02:52:43 | team | sess_d36f93f0abcc | INFO | [planner2] processing 1 unread messages (steer=True)
2026-08-10 02:52:43 | team | sess_d36f93f0abcc | INFO | Message b0661aff-01db-49b4-9228-79d094d87fa3 marked as read by planner2
2026-08-10 02:52:46 | team | sess_d36f93f0abcc | INFO | Message 96136231-4367-40d8-bb73-23857b702883 created
2026-08-10 02:52:46 | team | sess_d36f93f0abcc | INFO | Message 97b62a32-d0cd-402a-a06e-c733e4eedaa8 created
2026-08-10 02:52:52 | team | sess_d36f93f0abcc | INFO | Task plan_pipeline completed at 1786326772844
2026-08-10 02:52:52 | team | sess_d36f93f0abcc | INFO | Resolved 1 dependencies for task plan_pipeline
2026-08-10 02:52:52 | team | sess_d36f93f0abcc | INFO | Task implement unblocked (all deps resolved)
2026-08-10 02:52:52 | team | sess_d36f93f0abcc | INFO | Task plan_pipeline completed
2026-08-10 02:52:52 | team | sess_d36f93f0abcc | INFO | Unblocked 1 tasks
2026-08-10 02:52:54 | team | sess_d36f93f0abcc | INFO | [planner2] processing 1 unread messages (steer=True)
2026-08-10 02:52:54 | team | sess_d36f93f0abcc | INFO | Message 3978a798-709a-4efe-8262-0e410d962224 marked as read by planner2
2026-08-10 02:53:11 | team | sess_d36f93f0abcc | INFO | Message 0fe629d6-54a5-4b63-8cff-a1a87e41cd72 created
2026-08-10 02:53:25 | team | sess_d36f93f0abcc | INFO | [planner2] processing 1 unread messages (steer=True)
2026-08-10 02:53:26 | team | sess_d36f93f0abcc | INFO | Message 71932287-c7a6-48d3-85f7-316d0fc43b5b marked as read by planner2
2026-08-10 03:04:04 | team | sess_d36f93f0abcc | INFO | task list drained for team jiuwen_team_sess_d36f93f0abcc: 5 terminal task(s)
2026-08-10 03:04:19 | team | sess_d36f93f0abcc | INFO | [planner2] processing 1 unread messages (steer=True)
2026-08-10 03:04:19 | team | sess_d36f93f0abcc | INFO | Message 1cdb24a2-84d1-48a1-b8ee-9b5d00d25c2d marked as read by planner2
2026-08-10 03:04:36 | team | sess_d36f93f0abcc | INFO | team jiuwen_team_sess_d36f93f0abcc reported completed: 9 members, 5 tasks
2026-08-10 03:04:36 | team | sess_d36f93f0abcc | INFO | [planner2] received TEAM_STANDBY, pausing polls
2026-08-10 03:04:36 | team | sess_d36f93f0abcc | INFO | EventBus[teammate] pausing polls
