2026-08-10 02:48:05 | team | sess_d36f93f0abcc | INFO | Team workspace directory ensured at /srv/jwteam_clone/shared/run_current
2026-08-10 02:48:05 | team | sess_d36f93f0abcc | INFO | AgentTeam manager initialized for jiuwen_team_sess_d36f93f0abcc, member=team_leader
2026-08-10 02:48:05 | team | sess_d36f93f0abcc | INFO | [team_leader] TeamPolicyRail static sections: section_names=['team_role', 'team_workflow', 'team_swarmflow', 'team_lifecycle', 'team_persona']
2026-08-10 02:48:05 | team | sess_d36f93f0abcc | INFO | Session tables ready for session sess_d36f93f0abcc
2026-08-10 02:48:05 | team | sess_d36f93f0abcc | INFO | Team database initialized
2026-08-10 02:48:05 | team | default_trace_id | INFO | Team workspace directory ensured at /srv/jwteam_clone/shared/run_current
2026-08-10 02:48:05 | team | default_trace_id | INFO | AgentTeam manager initialized for jiuwen_team_sess_d36f93f0abcc, member=verifier1
2026-08-10 02:48:05 | team | default_trace_id | INFO | [verifier1] TeamPolicyRail static sections: section_names=['team_role', 'team_persona']
2026-08-10 02:48:05 | team | sess_d36f93f0abcc | INFO | [verifier1] invoke start, role=teammate
2026-08-10 02:48:05 | team | sess_d36f93f0abcc | INFO | [verifier1] coordination starting
2026-08-10 02:48:05 | team | sess_d36f93f0abcc | INFO | Session tables ready for session sess_d36f93f0abcc
2026-08-10 02:48:05 | team | sess_d36f93f0abcc | INFO | Workspace /srv/jwteam_clone/shared/run_current initialized as plain shared directory (version_control disabled)
2026-08-10 02:48:05 | team | sess_d36f93f0abcc | INFO | EventBus[teammate] starting
2026-08-10 02:49:00 | team | sess_d36f93f0abcc | INFO | [verifier1] HITT section refresh: human_agent_names=[]
2026-08-10 02:49:13 | team | sess_d36f93f0abcc | INFO | [verifier1] processing 1 unread messages (steer=True)
2026-08-10 02:49:13 | team | sess_d36f93f0abcc | INFO | Message f7c6bf7c-372a-4b2f-baaa-3e92e7a01705 marked as read by verifier1
2026-08-10 02:49:41 | team | sess_d36f93f0abcc | INFO | Message 7c75c363-6c50-4682-9576-a3734863bfa3 created
2026-08-10 02:49:41 | team | sess_d36f93f0abcc | INFO | Message c9ac6822-aec0-418e-9c6f-b06ccaf1ea1c created
2026-08-10 02:49:55 | team | sess_d36f93f0abcc | INFO | [verifier1] processing 1 unread messages (steer=True)
2026-08-10 02:49:55 | team | sess_d36f93f0abcc | INFO | Message 86ae678d-01ab-44ce-a5f4-f1e77d190a77 marked as read by verifier1
2026-08-10 02:50:03 | team | sess_d36f93f0abcc | INFO | [verifier1] processing 1 unread messages (steer=True)
2026-08-10 02:50:03 | team | sess_d36f93f0abcc | INFO | Message b065be43-a568-483b-aa0a-cbd7387ea8d5 marked as read by verifier1
2026-08-10 02:50:11 | team | sess_d36f93f0abcc | INFO | Message 2509aa0c-461f-4180-ab17-b6afd2073182 created
2026-08-10 02:50:29 | team | sess_d36f93f0abcc | INFO | Message 4c53c950-3fba-47fd-a958-b4b9a55a9d96 created
2026-08-10 02:50:45 | team | sess_d36f93f0abcc | INFO | [verifier1] processing 1 unread messages (steer=True)
2026-08-10 02:50:45 | team | sess_d36f93f0abcc | INFO | Message b0ecf873-fc80-47be-8e31-164ed0c9062f marked as read by verifier1
2026-08-10 02:50:56 | team | sess_d36f93f0abcc | INFO | Message c1106edc-4f61-4dd3-87d7-4fccf164bba0 created
2026-08-10 02:50:58 | team | sess_d36f93f0abcc | INFO | [verifier1] processing 1 unread messages (steer=True)
2026-08-10 02:50:58 | team | sess_d36f93f0abcc | INFO | Message c8515767-e521-48cf-95d2-4bf3130618f7 marked as read by verifier1
2026-08-10 02:51:05 | team | sess_d36f93f0abcc | INFO | [verifier1] processing 1 unread messages (steer=True)
2026-08-10 02:51:05 | team | sess_d36f93f0abcc | INFO | Message ce15ae58-7cdc-4493-885d-3aa0e1b2b63d marked as read by verifier1
2026-08-10 02:51:31 | team | sess_d36f93f0abcc | INFO | Message ef409bd0-8e27-481d-94e2-58c4483b8250 created
2026-08-10 02:51:31 | team | sess_d36f93f0abcc | INFO | Message fdb72b1c-b3f1-47e6-8896-ce66d4347934 created
2026-08-10 02:52:46 | team | sess_d36f93f0abcc | INFO | [verifier1] processing 1 unread messages (steer=True)
2026-08-10 02:52:46 | team | sess_d36f93f0abcc | INFO | Message 97b62a32-d0cd-402a-a06e-c733e4eedaa8 marked as read by verifier1
2026-08-10 02:52:54 | team | sess_d36f93f0abcc | INFO | Message 3978a798-709a-4efe-8262-0e410d962224 created
2026-08-10 02:57:58 | team | sess_d36f93f0abcc | INFO | [verifier1] processing 1 unread messages (steer=True)
2026-08-10 02:57:58 | team | sess_d36f93f0abcc | INFO | Message c2fae2e9-bffd-40c9-a137-b140bc01cc55 marked as read by verifier1
2026-08-10 02:58:00 | team | sess_d36f93f0abcc | INFO | Message ba212faf-9ce1-46d3-8384-675e28c4d0c0 created
2026-08-10 02:59:45 | team | sess_d36f93f0abcc | INFO | Message ffddbedd-8fd2-472d-aa90-1ceb88a93f8c created
2026-08-10 03:00:33 | team | sess_d36f93f0abcc | INFO | [verifier1] processing 1 unread messages (steer=True)
2026-08-10 03:00:34 | team | sess_d36f93f0abcc | INFO | Message a3b62b8e-32ab-4b13-84bf-65d3e645ea45 marked as read by verifier1
2026-08-10 03:00:50 | team | sess_d36f93f0abcc | INFO | Message 4b01e59c-fd13-47e7-b975-b7d48425c1f2 created
2026-08-10 03:01:51 | team | sess_d36f93f0abcc | INFO | [verifier1] processing 1 unread messages (steer=True)
2026-08-10 03:01:51 | team | sess_d36f93f0abcc | INFO | Message 7c5ca7c8-3f40-43b9-ac77-f8a5de6502cd marked as read by verifier1
2026-08-10 03:02:11 | team | sess_d36f93f0abcc | INFO | [verifier1] processing 1 unread messages (steer=True)
2026-08-10 03:02:11 | team | sess_d36f93f0abcc | INFO | Message 2ff68c37-7b27-46a2-a0ac-e163f55e09f0 marked as read by verifier1
2026-08-10 03:02:17 | team | sess_d36f93f0abcc | INFO | [verifier1] processing 1 unread messages (steer=True)
2026-08-10 03:02:17 | team | sess_d36f93f0abcc | INFO | Message 8ea41815-86de-4c8e-94fd-5bad5bd29b71 marked as read by verifier1
2026-08-10 03:02:18 | team | sess_d36f93f0abcc | INFO | Task verify claimed by member verifier1
2026-08-10 03:02:18 | team | sess_d36f93f0abcc | INFO | Task verify claimed by member verifier1
2026-08-10 03:02:46 | team | sess_d36f93f0abcc | INFO | [verifier1] processing 1 unread messages (steer=True)
2026-08-10 03:02:47 | team | sess_d36f93f0abcc | INFO | Message c78b7a9a-ca0c-4514-93d2-23dfa0fa4a9b marked as read by verifier1
2026-08-10 03:03:11 | team | sess_d36f93f0abcc | INFO | [verifier1] processing 1 unread messages (steer=True)
2026-08-10 03:03:11 | team | sess_d36f93f0abcc | INFO | Message 3cab34c5-ed18-40e0-a957-d70b5ba50457 marked as read by verifier1
2026-08-10 03:03:30 | team | sess_d36f93f0abcc | INFO | [verifier1] processing 1 unread messages (steer=True)
2026-08-10 03:03:30 | team | sess_d36f93f0abcc | INFO | Message 0956cf64-5cf1-4d7d-b853-4e0568722982 marked as read by verifier1
2026-08-10 03:04:04 | team | sess_d36f93f0abcc | INFO | Task verify completed at 1786327444860
2026-08-10 03:04:04 | team | sess_d36f93f0abcc | INFO | Message 905a041a-7f8d-4fe0-9317-8a940e5ab2c0 created
2026-08-10 03:04:04 | team | sess_d36f93f0abcc | INFO | Task verify completed
2026-08-10 03:04:13 | team | sess_d36f93f0abcc | INFO | Message 744259d1-7751-499f-a414-5c19c6b0c5f9 created
2026-08-10 03:04:19 | team | sess_d36f93f0abcc | INFO | [verifier1] processing 1 unread messages (steer=True)
2026-08-10 03:04:19 | team | sess_d36f93f0abcc | INFO | Message 1cdb24a2-84d1-48a1-b8ee-9b5d00d25c2d marked as read by verifier1
2026-08-10 03:04:36 | team | sess_d36f93f0abcc | INFO | team jiuwen_team_sess_d36f93f0abcc reported completed: 9 members, 5 tasks
2026-08-10 03:04:36 | team | sess_d36f93f0abcc | INFO | [verifier1] received TEAM_STANDBY, pausing polls
2026-08-10 03:04:36 | team | sess_d36f93f0abcc | INFO | EventBus[teammate] pausing polls
