2026-08-10 02:48:03 | team | sess_d36f93f0abcc | INFO | Team workspace directory ensured at /srv/jwteam_clone/shared/run_current
2026-08-10 02:48:03 | team | sess_d36f93f0abcc | INFO | AgentTeam manager initialized for jiuwen_team_sess_d36f93f0abcc, member=team_leader
2026-08-10 02:48:03 | team | sess_d36f93f0abcc | INFO | [team_leader] TeamPolicyRail static sections: section_names=['team_role', 'team_workflow', 'team_swarmflow', 'team_lifecycle', 'team_persona']
2026-08-10 02:48:03 | team | sess_d36f93f0abcc | INFO | Session tables ready for session sess_d36f93f0abcc
2026-08-10 02:48:03 | team | sess_d36f93f0abcc | INFO | Team database initialized
2026-08-10 02:48:03 | team | default_trace_id | INFO | Team workspace directory ensured at /srv/jwteam_clone/shared/run_current
2026-08-10 02:48:03 | team | default_trace_id | INFO | AgentTeam manager initialized for jiuwen_team_sess_d36f93f0abcc, member=executor2
2026-08-10 02:48:03 | team | default_trace_id | INFO | [executor2] TeamPolicyRail static sections: section_names=['team_role', 'team_persona']
2026-08-10 02:48:03 | team | sess_d36f93f0abcc | INFO | [executor2] invoke start, role=teammate
2026-08-10 02:48:03 | team | sess_d36f93f0abcc | INFO | [executor2] coordination starting
2026-08-10 02:48:03 | team | sess_d36f93f0abcc | INFO | Session tables ready for session sess_d36f93f0abcc
2026-08-10 02:48:03 | team | sess_d36f93f0abcc | INFO | Workspace /srv/jwteam_clone/shared/run_current initialized as plain shared directory (version_control disabled)
2026-08-10 02:48:03 | team | sess_d36f93f0abcc | INFO | EventBus[teammate] starting
2026-08-10 02:49:00 | team | sess_d36f93f0abcc | INFO | [executor2] HITT section refresh: human_agent_names=[]
2026-08-10 02:49:13 | team | sess_d36f93f0abcc | INFO | [executor2] processing 1 unread messages (steer=True)
2026-08-10 02:49:13 | team | sess_d36f93f0abcc | INFO | Message f7c6bf7c-372a-4b2f-baaa-3e92e7a01705 marked as read by executor2
2026-08-10 02:53:27 | team | sess_d36f93f0abcc | INFO | Message 6ffd786d-c578-4475-aa2f-5f1f485e235b created
2026-08-10 02:55:30 | team | sess_d36f93f0abcc | INFO | [executor2] processing 1 unread messages (steer=True)
2026-08-10 02:55:30 | team | sess_d36f93f0abcc | INFO | Message b1e016c7-fa55-40da-9a75-c7a2118a0409 marked as read by executor2
2026-08-10 02:55:39 | team | sess_d36f93f0abcc | INFO | Message 74d2764b-de46-484d-8181-847dd2c3978a created
2026-08-10 03:02:17 | team | sess_d36f93f0abcc | INFO | Message e479948a-e124-4323-8641-3b1661afa508 created
2026-08-10 03:02:17 | team | sess_d36f93f0abcc | INFO | Message 8ea41815-86de-4c8e-94fd-5bad5bd29b71 created
2026-08-10 03:02:30 | team | sess_d36f93f0abcc | INFO | [executor2] processing 1 unread messages (steer=True)
2026-08-10 03:02:30 | team | sess_d36f93f0abcc | INFO | Message b3c8d843-e588-4780-9a20-e94e99a37dce marked as read by executor2
2026-08-10 03:02:40 | team | sess_d36f93f0abcc | INFO | Message db97223c-4cee-400c-9114-094b30000b8c created
2026-08-10 03:02:45 | team | sess_d36f93f0abcc | INFO | Message 822edcdd-c594-4a68-9485-5986d5d995cb created
2026-08-10 03:02:47 | team | sess_d36f93f0abcc | INFO | [executor2] processing 1 unread messages (steer=True)
2026-08-10 03:02:47 | team | sess_d36f93f0abcc | INFO | Message a19f2f02-f0a3-4fce-92c4-98747bc17d0c marked as read by executor2
2026-08-10 03:02:55 | team | sess_d36f93f0abcc | INFO | Message 7792121f-0a33-4b63-a6db-536ca3693057 created
2026-08-10 03:02:55 | team | sess_d36f93f0abcc | INFO | [executor2] processing 1 unread messages (steer=True)
2026-08-10 03:02:55 | team | sess_d36f93f0abcc | INFO | Message b9e0da26-088c-4eb9-a0a4-c5739fd4b42e marked as read by executor2
2026-08-10 03:03:03 | team | sess_d36f93f0abcc | INFO | Message 3a25aaf2-4ae6-4187-b3f7-29f89a22906d created
2026-08-10 03:04:04 | team | sess_d36f93f0abcc | INFO | task list drained for team jiuwen_team_sess_d36f93f0abcc: 5 terminal task(s)
2026-08-10 03:04:19 | team | sess_d36f93f0abcc | INFO | [executor2] processing 1 unread messages (steer=True)
2026-08-10 03:04:19 | team | sess_d36f93f0abcc | INFO | Message 1cdb24a2-84d1-48a1-b8ee-9b5d00d25c2d marked as read by executor2
2026-08-10 03:04:36 | team | sess_d36f93f0abcc | INFO | team jiuwen_team_sess_d36f93f0abcc reported completed: 9 members, 5 tasks
2026-08-10 03:04:36 | team | sess_d36f93f0abcc | INFO | [executor2] received TEAM_STANDBY, pausing polls
2026-08-10 03:04:36 | team | sess_d36f93f0abcc | INFO | EventBus[teammate] pausing polls
