2026-08-08 08:06:24 | team | sess_465de93a0aa0 | INFO | Team workspace directory ensured at /srv/jwteam_clone/shared/run_current
2026-08-08 08:06:24 | team | sess_465de93a0aa0 | INFO | AgentTeam manager initialized for jiuwen_team_sess_465de93a0aa0, member=team_leader
2026-08-08 08:06:24 | team | sess_465de93a0aa0 | INFO | [team_leader] TeamPolicyRail static sections: section_names=['team_role', 'team_workflow', 'team_swarmflow', 'team_lifecycle', 'team_persona']
2026-08-08 08:06:24 | team | sess_465de93a0aa0 | INFO | Session tables ready for session sess_465de93a0aa0
2026-08-08 08:06:24 | team | sess_465de93a0aa0 | INFO | Team database initialized
2026-08-08 08:06:24 | team | default_trace_id | INFO | Team workspace directory ensured at /srv/jwteam_clone/shared/run_current
2026-08-08 08:06:24 | team | default_trace_id | INFO | AgentTeam manager initialized for jiuwen_team_sess_465de93a0aa0, member=planner2
2026-08-08 08:06:24 | team | default_trace_id | INFO | [planner2] TeamPolicyRail static sections: section_names=['team_role', 'team_persona']
2026-08-08 08:06:24 | team | sess_465de93a0aa0 | INFO | [planner2] invoke start, role=teammate
2026-08-08 08:06:24 | team | sess_465de93a0aa0 | INFO | [planner2] coordination starting
2026-08-08 08:06:24 | team | sess_465de93a0aa0 | INFO | Session tables ready for session sess_465de93a0aa0
2026-08-08 08:06:24 | team | sess_465de93a0aa0 | INFO | Workspace /srv/jwteam_clone/shared/run_current initialized as plain shared directory (version_control disabled)
2026-08-08 08:06:24 | team | sess_465de93a0aa0 | INFO | EventBus[teammate] starting
2026-08-08 08:07:34 | team | sess_465de93a0aa0 | INFO | [planner2] HITT section refresh: human_agent_names=[]
2026-08-08 08:07:41 | team | sess_465de93a0aa0 | INFO | Task plan claimed by member planner2
2026-08-08 08:07:41 | team | sess_465de93a0aa0 | INFO | Task plan claimed by member planner2
2026-08-08 08:07:48 | team | sess_465de93a0aa0 | INFO | [planner2] processing 1 unread messages (steer=True)
2026-08-08 08:07:48 | team | sess_465de93a0aa0 | INFO | Message add63065-114a-43df-a13f-7f967af08a95 marked as read by planner2
2026-08-08 08:08:10 | team | sess_465de93a0aa0 | INFO | [planner2] processing 1 unread messages (steer=True)
2026-08-08 08:08:10 | team | sess_465de93a0aa0 | INFO | Message 8c19fd7e-02d0-422e-bfec-e010d87fe841 marked as read by planner2
2026-08-08 08:09:05 | team | sess_465de93a0aa0 | INFO | Message 91f10637-5384-42c9-9535-6e18ba2d32c3 created
2026-08-08 08:09:05 | team | sess_465de93a0aa0 | INFO | Message 2e70e811-b740-4801-817f-de6307016344 created
2026-08-08 08:09:11 | team | sess_465de93a0aa0 | INFO | Task plan completed at 1786172951907
2026-08-08 08:09:11 | team | sess_465de93a0aa0 | INFO | Message bc0ca963-b355-4d63-8446-8b63ff97eb7d created
2026-08-08 08:09:11 | team | sess_465de93a0aa0 | INFO | Resolved 2 dependencies for task plan
2026-08-08 08:09:11 | team | sess_465de93a0aa0 | INFO | Task impl_steps_1_3 unblocked (all deps resolved)
2026-08-08 08:09:11 | team | sess_465de93a0aa0 | INFO | Task impl_steps_4_6 unblocked (all deps resolved)
2026-08-08 08:09:11 | team | sess_465de93a0aa0 | INFO | Task plan completed
2026-08-08 08:09:11 | team | sess_465de93a0aa0 | INFO | Unblocked 2 tasks
2026-08-08 08:09:30 | team | sess_465de93a0aa0 | INFO | [planner2] processing 1 unread messages (steer=True)
2026-08-08 08:09:30 | team | sess_465de93a0aa0 | INFO | Message a368d3f4-0e0d-4d90-b7d3-7cfa4409e328 marked as read by planner2
2026-08-08 08:16:22 | team | sess_465de93a0aa0 | INFO | task list drained for team jiuwen_team_sess_465de93a0aa0: 6 terminal task(s)
2026-08-08 08:16:45 | team | sess_465de93a0aa0 | INFO | [planner2] processing 1 unread messages (steer=True)
2026-08-08 08:16:45 | team | sess_465de93a0aa0 | INFO | Message 808383d9-1a6b-4e16-81ad-845f6b5df83a marked as read by planner2
2026-08-08 08:17:14 | team | sess_465de93a0aa0 | INFO | team jiuwen_team_sess_465de93a0aa0 reported completed: 9 members, 6 tasks
2026-08-08 08:17:15 | team | sess_465de93a0aa0 | INFO | [planner2] received TEAM_STANDBY, pausing polls
2026-08-08 08:17:15 | team | sess_465de93a0aa0 | INFO | EventBus[teammate] pausing polls
