2026-08-08 08:06:29 | team | sess_465de93a0aa0 | INFO | Team workspace directory ensured at /srv/jwteam_clone/shared/run_current
2026-08-08 08:06:29 | team | sess_465de93a0aa0 | INFO | AgentTeam manager initialized for jiuwen_team_sess_465de93a0aa0, member=team_leader
2026-08-08 08:06:29 | team | sess_465de93a0aa0 | INFO | [team_leader] TeamPolicyRail static sections: section_names=['team_role', 'team_workflow', 'team_swarmflow', 'team_lifecycle', 'team_persona']
2026-08-08 08:06:29 | team | sess_465de93a0aa0 | INFO | Session tables ready for session sess_465de93a0aa0
2026-08-08 08:06:29 | team | sess_465de93a0aa0 | INFO | Team database initialized
2026-08-08 08:06:29 | team | default_trace_id | INFO | Team workspace directory ensured at /srv/jwteam_clone/shared/run_current
2026-08-08 08:06:29 | team | default_trace_id | INFO | AgentTeam manager initialized for jiuwen_team_sess_465de93a0aa0, member=verifier2
2026-08-08 08:06:29 | team | default_trace_id | INFO | [verifier2] TeamPolicyRail static sections: section_names=['team_role', 'team_persona']
2026-08-08 08:06:29 | team | sess_465de93a0aa0 | INFO | [verifier2] invoke start, role=teammate
2026-08-08 08:06:29 | team | sess_465de93a0aa0 | INFO | [verifier2] coordination starting
2026-08-08 08:06:29 | team | sess_465de93a0aa0 | INFO | Session tables ready for session sess_465de93a0aa0
2026-08-08 08:06:29 | team | sess_465de93a0aa0 | INFO | Workspace /srv/jwteam_clone/shared/run_current initialized as plain shared directory (version_control disabled)
2026-08-08 08:06:29 | team | sess_465de93a0aa0 | INFO | EventBus[teammate] starting
2026-08-08 08:07:35 | team | sess_465de93a0aa0 | INFO | [verifier2] HITT section refresh: human_agent_names=[]
2026-08-08 08:07:48 | team | sess_465de93a0aa0 | INFO | [verifier2] processing 1 unread messages (steer=True)
2026-08-08 08:07:48 | team | sess_465de93a0aa0 | INFO | Message add63065-114a-43df-a13f-7f967af08a95 marked as read by verifier2
2026-08-08 08:14:11 | team | sess_465de93a0aa0 | INFO | [verifier2] processing 1 unread messages (steer=True)
2026-08-08 08:14:11 | team | sess_465de93a0aa0 | INFO | Message 6e7e2bdc-870b-40e5-89d5-2810d86eb427 marked as read by verifier2
2026-08-08 08:14:18 | team | sess_465de93a0aa0 | INFO | Task verify_v2 claimed by member verifier2
2026-08-08 08:14:18 | team | sess_465de93a0aa0 | INFO | Task verify_v2 claimed by member verifier2
2026-08-08 08:15:55 | team | sess_465de93a0aa0 | INFO | Task verify_v2 completed at 1786173355627
2026-08-08 08:15:55 | team | sess_465de93a0aa0 | INFO | Task verify_v2 completed
2026-08-08 08:16:04 | team | sess_465de93a0aa0 | INFO | Message a79a23ab-64a2-49b4-9bd2-c555656a7974 created
2026-08-08 08:16:22 | team | sess_465de93a0aa0 | INFO | task list drained for team jiuwen_team_sess_465de93a0aa0: 6 terminal task(s)
2026-08-08 08:16:45 | team | sess_465de93a0aa0 | INFO | [verifier2] processing 1 unread messages (steer=True)
2026-08-08 08:16:45 | team | sess_465de93a0aa0 | INFO | Message 808383d9-1a6b-4e16-81ad-845f6b5df83a marked as read by verifier2
2026-08-08 08:17:14 | team | sess_465de93a0aa0 | INFO | team jiuwen_team_sess_465de93a0aa0 reported completed: 9 members, 6 tasks
2026-08-08 08:17:15 | team | sess_465de93a0aa0 | INFO | [verifier2] received TEAM_STANDBY, pausing polls
2026-08-08 08:17:15 | team | sess_465de93a0aa0 | INFO | EventBus[teammate] pausing polls
