2026-08-08 08:06:23 | team | sess_465de93a0aa0 | INFO | Team workspace directory ensured at /srv/jwteam_clone/shared/run_current
2026-08-08 08:06:23 | team | sess_465de93a0aa0 | INFO | AgentTeam manager initialized for jiuwen_team_sess_465de93a0aa0, member=team_leader
2026-08-08 08:06:23 | team | sess_465de93a0aa0 | INFO | [team_leader] TeamPolicyRail static sections: section_names=['team_role', 'team_workflow', 'team_swarmflow', 'team_lifecycle', 'team_persona']
2026-08-08 08:06:23 | team | sess_465de93a0aa0 | INFO | Session tables ready for session sess_465de93a0aa0
2026-08-08 08:06:23 | team | sess_465de93a0aa0 | INFO | Team database initialized
2026-08-08 08:06:23 | team | default_trace_id | INFO | Team workspace directory ensured at /srv/jwteam_clone/shared/run_current
2026-08-08 08:06:23 | team | default_trace_id | INFO | AgentTeam manager initialized for jiuwen_team_sess_465de93a0aa0, member=planner1
2026-08-08 08:06:23 | team | default_trace_id | INFO | [planner1] TeamPolicyRail static sections: section_names=['team_role', 'team_persona']
2026-08-08 08:06:23 | team | sess_465de93a0aa0 | INFO | [planner1] invoke start, role=teammate
2026-08-08 08:06:23 | team | sess_465de93a0aa0 | INFO | [planner1] coordination starting
2026-08-08 08:06:23 | team | sess_465de93a0aa0 | INFO | Session tables ready for session sess_465de93a0aa0
2026-08-08 08:06:23 | team | sess_465de93a0aa0 | INFO | Workspace /srv/jwteam_clone/shared/run_current initialized as plain shared directory (version_control disabled)
2026-08-08 08:06:23 | team | sess_465de93a0aa0 | INFO | EventBus[teammate] starting
2026-08-08 08:07:34 | team | sess_465de93a0aa0 | INFO | [planner1] HITT section refresh: human_agent_names=[]
2026-08-08 08:07:48 | team | sess_465de93a0aa0 | INFO | [planner1] processing 1 unread messages (steer=True)
2026-08-08 08:07:48 | team | sess_465de93a0aa0 | INFO | Message add63065-114a-43df-a13f-7f967af08a95 marked as read by planner1
2026-08-08 08:08:10 | team | sess_465de93a0aa0 | INFO | Message 8c19fd7e-02d0-422e-bfec-e010d87fe841 created
2026-08-08 08:08:16 | team | sess_465de93a0aa0 | INFO | Message 612af047-0804-4420-b9e1-4ae0e26a111e created
2026-08-08 08:09:11 | team | sess_465de93a0aa0 | INFO | [planner1] processing 1 unread messages (steer=True)
2026-08-08 08:09:12 | team | sess_465de93a0aa0 | INFO | Message bc0ca963-b355-4d63-8446-8b63ff97eb7d marked as read by planner1
2026-08-08 08:09:30 | team | sess_465de93a0aa0 | INFO | Message a368d3f4-0e0d-4d90-b7d3-7cfa4409e328 created
2026-08-08 08:09:30 | team | sess_465de93a0aa0 | INFO | Message 8532c5e8-cc84-4a9a-b1ed-eb9612b72dce created
2026-08-08 08:16:22 | team | sess_465de93a0aa0 | INFO | task list drained for team jiuwen_team_sess_465de93a0aa0: 6 terminal task(s)
2026-08-08 08:16:45 | team | sess_465de93a0aa0 | INFO | [planner1] processing 1 unread messages (steer=True)
2026-08-08 08:16:45 | team | sess_465de93a0aa0 | INFO | Message 808383d9-1a6b-4e16-81ad-845f6b5df83a marked as read by planner1
2026-08-08 08:17:14 | team | sess_465de93a0aa0 | INFO | team jiuwen_team_sess_465de93a0aa0 reported completed: 9 members, 6 tasks
2026-08-08 08:17:15 | team | sess_465de93a0aa0 | INFO | [planner1] received TEAM_STANDBY, pausing polls
2026-08-08 08:17:15 | team | sess_465de93a0aa0 | INFO | EventBus[teammate] pausing polls
