2026-08-08 08:06:27 | team | sess_465de93a0aa0 | INFO | Team workspace directory ensured at /srv/jwteam_clone/shared/run_current
2026-08-08 08:06:27 | team | sess_465de93a0aa0 | INFO | AgentTeam manager initialized for jiuwen_team_sess_465de93a0aa0, member=team_leader
2026-08-08 08:06:27 | team | sess_465de93a0aa0 | INFO | [team_leader] TeamPolicyRail static sections: section_names=['team_role', 'team_workflow', 'team_swarmflow', 'team_lifecycle', 'team_persona']
2026-08-08 08:06:27 | team | sess_465de93a0aa0 | INFO | Session tables ready for session sess_465de93a0aa0
2026-08-08 08:06:27 | team | sess_465de93a0aa0 | INFO | Team database initialized
2026-08-08 08:06:27 | team | default_trace_id | INFO | Team workspace directory ensured at /srv/jwteam_clone/shared/run_current
2026-08-08 08:06:27 | team | default_trace_id | INFO | AgentTeam manager initialized for jiuwen_team_sess_465de93a0aa0, member=executor3
2026-08-08 08:06:27 | team | default_trace_id | INFO | [executor3] TeamPolicyRail static sections: section_names=['team_role', 'team_persona']
2026-08-08 08:06:27 | team | sess_465de93a0aa0 | INFO | [executor3] invoke start, role=teammate
2026-08-08 08:06:27 | team | sess_465de93a0aa0 | INFO | [executor3] coordination starting
2026-08-08 08:06:27 | team | sess_465de93a0aa0 | INFO | Session tables ready for session sess_465de93a0aa0
2026-08-08 08:06:27 | team | sess_465de93a0aa0 | INFO | Workspace /srv/jwteam_clone/shared/run_current initialized as plain shared directory (version_control disabled)
2026-08-08 08:06:27 | team | sess_465de93a0aa0 | INFO | EventBus[teammate] starting
2026-08-08 08:07:35 | team | sess_465de93a0aa0 | INFO | [executor3] HITT section refresh: human_agent_names=[]
2026-08-08 08:07:48 | team | sess_465de93a0aa0 | INFO | [executor3] processing 1 unread messages (steer=True)
2026-08-08 08:07:48 | team | sess_465de93a0aa0 | INFO | Message add63065-114a-43df-a13f-7f967af08a95 marked as read by executor3
2026-08-08 08:08:05 | team | sess_465de93a0aa0 | INFO | Message ac86d538-36ca-4f13-914f-40e3a7b12c95 created
2026-08-08 08:12:08 | team | sess_465de93a0aa0 | INFO | [executor3] processing 1 unread messages (steer=True)
2026-08-08 08:12:08 | team | sess_465de93a0aa0 | INFO | Message 82252fff-0ff4-48bd-ad80-cdb2976af59a marked as read by executor3
2026-08-08 08:12:21 | team | sess_465de93a0aa0 | INFO | Message 798303e8-1e43-4274-8869-a5735a6cc0d4 created
2026-08-08 08:12:30 | team | sess_465de93a0aa0 | INFO | [executor3] processing 1 unread messages (steer=True)
2026-08-08 08:12:30 | team | sess_465de93a0aa0 | INFO | Message b6918713-6a9c-47b9-ba21-476dc6edeb0d marked as read by executor3
2026-08-08 08:12:40 | team | sess_465de93a0aa0 | INFO | Message 1043108d-6d55-4928-a75b-0f8ae4dadb30 created
2026-08-08 08:12:46 | team | sess_465de93a0aa0 | INFO | Message c2bfddd5-8d83-4341-a2d3-cefdb679022d created
2026-08-08 08:12:51 | team | sess_465de93a0aa0 | INFO | [executor3] processing 1 unread messages (steer=True)
2026-08-08 08:12:51 | team | sess_465de93a0aa0 | INFO | Message ae981f5d-c70b-423d-baea-e3fe991cd9b2 marked as read by executor3
2026-08-08 08:12:57 | team | sess_465de93a0aa0 | INFO | Message 83b29aae-a11c-480e-a4bc-61dd9b26d2a9 created
2026-08-08 08:16:22 | team | sess_465de93a0aa0 | INFO | task list drained for team jiuwen_team_sess_465de93a0aa0: 6 terminal task(s)
2026-08-08 08:16:45 | team | sess_465de93a0aa0 | INFO | [executor3] processing 1 unread messages (steer=True)
2026-08-08 08:16:45 | team | sess_465de93a0aa0 | INFO | Message 808383d9-1a6b-4e16-81ad-845f6b5df83a marked as read by executor3
2026-08-08 08:17:14 | team | sess_465de93a0aa0 | INFO | team jiuwen_team_sess_465de93a0aa0 reported completed: 9 members, 6 tasks
2026-08-08 08:17:15 | team | sess_465de93a0aa0 | INFO | [executor3] received TEAM_STANDBY, pausing polls
2026-08-08 08:17:15 | team | sess_465de93a0aa0 | INFO | EventBus[teammate] pausing polls
