2026-08-08 08:06:26 | team | sess_465de93a0aa0 | INFO | Team workspace directory ensured at /srv/jwteam_clone/shared/run_current
2026-08-08 08:06:26 | team | sess_465de93a0aa0 | INFO | AgentTeam manager initialized for jiuwen_team_sess_465de93a0aa0, member=team_leader
2026-08-08 08:06:26 | team | sess_465de93a0aa0 | INFO | [team_leader] TeamPolicyRail static sections: section_names=['team_role', 'team_workflow', 'team_swarmflow', 'team_lifecycle', 'team_persona']
2026-08-08 08:06:26 | team | sess_465de93a0aa0 | INFO | Session tables ready for session sess_465de93a0aa0
2026-08-08 08:06:26 | team | sess_465de93a0aa0 | INFO | Team database initialized
2026-08-08 08:06:26 | team | default_trace_id | INFO | Team workspace directory ensured at /srv/jwteam_clone/shared/run_current
2026-08-08 08:06:26 | team | default_trace_id | INFO | AgentTeam manager initialized for jiuwen_team_sess_465de93a0aa0, member=executor2
2026-08-08 08:06:26 | team | default_trace_id | INFO | [executor2] TeamPolicyRail static sections: section_names=['team_role', 'team_persona']
2026-08-08 08:06:26 | team | sess_465de93a0aa0 | INFO | [executor2] invoke start, role=teammate
2026-08-08 08:06:26 | team | sess_465de93a0aa0 | INFO | [executor2] coordination starting
2026-08-08 08:06:26 | team | sess_465de93a0aa0 | INFO | Session tables ready for session sess_465de93a0aa0
2026-08-08 08:06:26 | team | sess_465de93a0aa0 | INFO | Workspace /srv/jwteam_clone/shared/run_current initialized as plain shared directory (version_control disabled)
2026-08-08 08:06:26 | team | sess_465de93a0aa0 | INFO | EventBus[teammate] starting
2026-08-08 08:07:35 | team | sess_465de93a0aa0 | INFO | [executor2] HITT section refresh: human_agent_names=[]
2026-08-08 08:07:48 | team | sess_465de93a0aa0 | INFO | [executor2] processing 1 unread messages (steer=True)
2026-08-08 08:07:48 | team | sess_465de93a0aa0 | INFO | Message add63065-114a-43df-a13f-7f967af08a95 marked as read by executor2
2026-08-08 08:09:05 | team | sess_465de93a0aa0 | INFO | [executor2] processing 1 unread messages (steer=True)
2026-08-08 08:09:05 | team | sess_465de93a0aa0 | INFO | Message 2e70e811-b740-4801-817f-de6307016344 marked as read by executor2
2026-08-08 08:09:28 | team | sess_465de93a0aa0 | INFO | Task impl_steps_4_6 claimed by member executor2
2026-08-08 08:09:28 | team | sess_465de93a0aa0 | INFO | Task impl_steps_4_6 claimed by member executor2
2026-08-08 08:10:27 | team | sess_465de93a0aa0 | INFO | Message 39cd05c2-7971-498e-8592-ae03eebab8a4 created
2026-08-08 08:10:49 | team | sess_465de93a0aa0 | INFO | [executor2] processing 1 unread messages (steer=True)
2026-08-08 08:10:49 | team | sess_465de93a0aa0 | INFO | Message c90cc975-085a-4dfb-8334-a45653a0fe48 marked as read by executor2
2026-08-08 08:12:21 | team | sess_465de93a0aa0 | INFO | Task impl_steps_4_6 completed at 1786173141693
2026-08-08 08:12:21 | team | sess_465de93a0aa0 | INFO | Resolved 1 dependencies for task impl_steps_4_6
2026-08-08 08:12:21 | team | sess_465de93a0aa0 | INFO | Task run_migration unblocked (all deps resolved)
2026-08-08 08:12:21 | team | sess_465de93a0aa0 | INFO | Task impl_steps_4_6 completed
2026-08-08 08:12:21 | team | sess_465de93a0aa0 | INFO | Unblocked 1 tasks
2026-08-08 08:12:30 | team | sess_465de93a0aa0 | INFO | Message b6918713-6a9c-47b9-ba21-476dc6edeb0d created
2026-08-08 08:12:46 | team | sess_465de93a0aa0 | INFO | [executor2] processing 1 unread messages (steer=True)
2026-08-08 08:12:46 | team | sess_465de93a0aa0 | INFO | Message c2bfddd5-8d83-4341-a2d3-cefdb679022d marked as read by executor2
2026-08-08 08:16:22 | team | sess_465de93a0aa0 | INFO | task list drained for team jiuwen_team_sess_465de93a0aa0: 6 terminal task(s)
2026-08-08 08:16:45 | team | sess_465de93a0aa0 | INFO | [executor2] processing 1 unread messages (steer=True)
2026-08-08 08:16:45 | team | sess_465de93a0aa0 | INFO | Message 808383d9-1a6b-4e16-81ad-845f6b5df83a marked as read by executor2
2026-08-08 08:17:14 | team | sess_465de93a0aa0 | INFO | team jiuwen_team_sess_465de93a0aa0 reported completed: 9 members, 6 tasks
2026-08-08 08:17:15 | team | sess_465de93a0aa0 | INFO | [executor2] received TEAM_STANDBY, pausing polls
2026-08-08 08:17:15 | team | sess_465de93a0aa0 | INFO | EventBus[teammate] pausing polls
