2026-08-08 04:30:18 | team | sess_91d73330a4d8 | INFO | Team workspace directory ensured at /srv/jwteam_clone/shared/run_current
2026-08-08 04:30:18 | team | sess_91d73330a4d8 | INFO | AgentTeam manager initialized for jiuwen_team_sess_91d73330a4d8, member=team_leader
2026-08-08 04:30:18 | team | sess_91d73330a4d8 | INFO | [team_leader] TeamPolicyRail static sections: section_names=['team_role', 'team_workflow', 'team_swarmflow', 'team_lifecycle', 'team_persona']
2026-08-08 04:30:18 | team | sess_91d73330a4d8 | INFO | Session tables ready for session sess_91d73330a4d8
2026-08-08 04:30:18 | team | sess_91d73330a4d8 | INFO | Team database initialized
2026-08-08 04:30:18 | team | default_trace_id | INFO | Team workspace directory ensured at /srv/jwteam_clone/shared/run_current
2026-08-08 04:30:18 | team | default_trace_id | INFO | AgentTeam manager initialized for jiuwen_team_sess_91d73330a4d8, member=verifier1
2026-08-08 04:30:18 | team | default_trace_id | INFO | [verifier1] TeamPolicyRail static sections: section_names=['team_role', 'team_persona']
2026-08-08 04:30:18 | team | sess_91d73330a4d8 | INFO | [verifier1] invoke start, role=teammate
2026-08-08 04:30:18 | team | sess_91d73330a4d8 | INFO | [verifier1] coordination starting
2026-08-08 04:30:18 | team | sess_91d73330a4d8 | INFO | Session tables ready for session sess_91d73330a4d8
2026-08-08 04:30:18 | team | sess_91d73330a4d8 | INFO | Workspace /srv/jwteam_clone/shared/run_current initialized as plain shared directory (version_control disabled)
2026-08-08 04:30:18 | team | sess_91d73330a4d8 | INFO | EventBus[teammate] starting
2026-08-08 04:30:48 | team | sess_91d73330a4d8 | INFO | [verifier1] HITT section refresh: human_agent_names=[]
2026-08-08 04:31:01 | team | sess_91d73330a4d8 | INFO | [verifier1] processing 1 unread messages (steer=True)
2026-08-08 04:31:01 | team | sess_91d73330a4d8 | INFO | Message a5e0329e-0258-4132-b522-402b44214e0d marked as read by verifier1
2026-08-08 04:32:41 | team | sess_91d73330a4d8 | INFO | [verifier1] processing 1 unread messages (steer=True)
2026-08-08 04:32:41 | team | sess_91d73330a4d8 | INFO | Message 9bfcf027-5905-4b07-bd30-317edd01419c marked as read by verifier1
2026-08-08 04:32:47 | team | sess_91d73330a4d8 | INFO | Task api1_verify claimed by member verifier1
2026-08-08 04:32:47 | team | sess_91d73330a4d8 | INFO | Task api1_verify claimed by member verifier1
2026-08-08 04:34:35 | team | sess_91d73330a4d8 | INFO | Message c8d383c8-1313-49e0-9689-2025e31e6a50 created
2026-08-08 04:35:23 | team | sess_91d73330a4d8 | INFO | [verifier1] processing 1 unread messages (steer=True)
2026-08-08 04:35:23 | team | sess_91d73330a4d8 | INFO | Message 8370b143-4832-4939-8ded-f992e9c3596e marked as read by verifier1
2026-08-08 04:35:28 | team | sess_91d73330a4d8 | INFO | Task api1_verify completed at 1786160128006
2026-08-08 04:35:28 | team | sess_91d73330a4d8 | INFO | Task api1_verify completed
2026-08-08 04:35:42 | team | sess_91d73330a4d8 | INFO | [verifier1] processing 1 unread messages (steer=True)
2026-08-08 04:35:42 | team | sess_91d73330a4d8 | INFO | Message 95039d32-4551-43df-9047-595cd03aa7cb marked as read by verifier1
2026-08-08 04:36:20 | team | sess_91d73330a4d8 | INFO | team jiuwen_team_sess_91d73330a4d8 reported completed: 9 members, 6 tasks
2026-08-08 04:36:20 | team | sess_91d73330a4d8 | INFO | [verifier1] received TEAM_STANDBY, pausing polls
2026-08-08 04:36:20 | team | sess_91d73330a4d8 | INFO | EventBus[teammate] pausing polls
