2026-08-08 04:30:19 | team | sess_91d73330a4d8 | INFO | Team workspace directory ensured at /srv/jwteam_clone/shared/run_current
2026-08-08 04:30:19 | team | sess_91d73330a4d8 | INFO | AgentTeam manager initialized for jiuwen_team_sess_91d73330a4d8, member=team_leader
2026-08-08 04:30:19 | team | sess_91d73330a4d8 | INFO | [team_leader] TeamPolicyRail static sections: section_names=['team_role', 'team_workflow', 'team_swarmflow', 'team_lifecycle', 'team_persona']
2026-08-08 04:30:19 | team | sess_91d73330a4d8 | INFO | Session tables ready for session sess_91d73330a4d8
2026-08-08 04:30:19 | team | sess_91d73330a4d8 | INFO | Team database initialized
2026-08-08 04:30:19 | team | default_trace_id | INFO | Team workspace directory ensured at /srv/jwteam_clone/shared/run_current
2026-08-08 04:30:19 | team | default_trace_id | INFO | AgentTeam manager initialized for jiuwen_team_sess_91d73330a4d8, member=verifier2
2026-08-08 04:30:19 | team | default_trace_id | INFO | [verifier2] TeamPolicyRail static sections: section_names=['team_role', 'team_persona']
2026-08-08 04:30:19 | team | sess_91d73330a4d8 | INFO | [verifier2] invoke start, role=teammate
2026-08-08 04:30:19 | team | sess_91d73330a4d8 | INFO | [verifier2] coordination starting
2026-08-08 04:30:19 | team | sess_91d73330a4d8 | INFO | Session tables ready for session sess_91d73330a4d8
2026-08-08 04:30:19 | team | sess_91d73330a4d8 | INFO | Workspace /srv/jwteam_clone/shared/run_current initialized as plain shared directory (version_control disabled)
2026-08-08 04:30:19 | team | sess_91d73330a4d8 | INFO | EventBus[teammate] starting
2026-08-08 04:30:48 | team | sess_91d73330a4d8 | INFO | [verifier2] HITT section refresh: human_agent_names=[]
2026-08-08 04:31:01 | team | sess_91d73330a4d8 | INFO | [verifier2] processing 1 unread messages (steer=True)
2026-08-08 04:31:01 | team | sess_91d73330a4d8 | INFO | Message a5e0329e-0258-4132-b522-402b44214e0d marked as read by verifier2
2026-08-08 04:32:02 | team | sess_91d73330a4d8 | INFO | [verifier2] processing 1 unread messages (steer=True)
2026-08-08 04:32:02 | team | sess_91d73330a4d8 | INFO | Message 02d70d29-bd2a-4c0f-9d56-2f86b213851c marked as read by verifier2
2026-08-08 04:32:43 | team | sess_91d73330a4d8 | INFO | Message 94e085a6-e91f-4971-ae4e-e9ef21a2c442 created
2026-08-08 04:32:57 | team | sess_91d73330a4d8 | INFO | [verifier2] processing 1 unread messages (steer=True)
2026-08-08 04:32:57 | team | sess_91d73330a4d8 | INFO | Message e8660ae6-c91d-44de-9458-631bf88913bd marked as read by verifier2
2026-08-08 04:33:10 | team | sess_91d73330a4d8 | INFO | Message ae510c0e-3e2f-49d2-9683-0c6696d3ad17 created
2026-08-08 04:35:28 | team | sess_91d73330a4d8 | INFO | task list drained for team jiuwen_team_sess_91d73330a4d8: 6 terminal task(s)
2026-08-08 04:35:42 | team | sess_91d73330a4d8 | INFO | [verifier2] processing 1 unread messages (steer=True)
2026-08-08 04:35:42 | team | sess_91d73330a4d8 | INFO | Message 95039d32-4551-43df-9047-595cd03aa7cb marked as read by verifier2
2026-08-08 04:36:20 | team | sess_91d73330a4d8 | INFO | team jiuwen_team_sess_91d73330a4d8 reported completed: 9 members, 6 tasks
2026-08-08 04:36:20 | team | sess_91d73330a4d8 | INFO | [verifier2] received TEAM_STANDBY, pausing polls
2026-08-08 04:36:20 | team | sess_91d73330a4d8 | INFO | EventBus[teammate] pausing polls
