2026-08-08 04:30:16 | team | sess_91d73330a4d8 | INFO | Team workspace directory ensured at /srv/jwteam_clone/shared/run_current
2026-08-08 04:30:16 | team | sess_91d73330a4d8 | INFO | AgentTeam manager initialized for jiuwen_team_sess_91d73330a4d8, member=team_leader
2026-08-08 04:30:16 | team | sess_91d73330a4d8 | INFO | [team_leader] TeamPolicyRail static sections: section_names=['team_role', 'team_workflow', 'team_swarmflow', 'team_lifecycle', 'team_persona']
2026-08-08 04:30:16 | team | sess_91d73330a4d8 | INFO | Session tables ready for session sess_91d73330a4d8
2026-08-08 04:30:16 | team | sess_91d73330a4d8 | INFO | Team database initialized
2026-08-08 04:30:16 | team | default_trace_id | INFO | Team workspace directory ensured at /srv/jwteam_clone/shared/run_current
2026-08-08 04:30:16 | team | default_trace_id | INFO | AgentTeam manager initialized for jiuwen_team_sess_91d73330a4d8, member=executor2
2026-08-08 04:30:16 | team | default_trace_id | INFO | [executor2] TeamPolicyRail static sections: section_names=['team_role', 'team_persona']
2026-08-08 04:30:16 | team | sess_91d73330a4d8 | INFO | [executor2] invoke start, role=teammate
2026-08-08 04:30:16 | team | sess_91d73330a4d8 | INFO | [executor2] coordination starting
2026-08-08 04:30:16 | team | sess_91d73330a4d8 | INFO | Session tables ready for session sess_91d73330a4d8
2026-08-08 04:30:16 | team | sess_91d73330a4d8 | INFO | Workspace /srv/jwteam_clone/shared/run_current initialized as plain shared directory (version_control disabled)
2026-08-08 04:30:16 | team | sess_91d73330a4d8 | INFO | EventBus[teammate] starting
2026-08-08 04:30:48 | team | sess_91d73330a4d8 | INFO | [executor2] HITT section refresh: human_agent_names=[]
2026-08-08 04:31:01 | team | sess_91d73330a4d8 | INFO | [executor2] processing 1 unread messages (steer=True)
2026-08-08 04:31:01 | team | sess_91d73330a4d8 | INFO | Message a5e0329e-0258-4132-b522-402b44214e0d marked as read by executor2
2026-08-08 04:31:23 | team | sess_91d73330a4d8 | INFO | Message 875c7018-0685-4cd3-8815-b92384e0aba9 created
2026-08-08 04:31:30 | team | sess_91d73330a4d8 | INFO | [executor2] processing 1 unread messages (steer=True)
2026-08-08 04:31:30 | team | sess_91d73330a4d8 | INFO | Message 16a18090-1f9f-424e-9bf7-15e76cb723f7 marked as read by executor2
2026-08-08 04:32:02 | team | sess_91d73330a4d8 | INFO | Message 02d70d29-bd2a-4c0f-9d56-2f86b213851c created
2026-08-08 04:32:12 | team | sess_91d73330a4d8 | INFO | Task ir2_implement claimed by member executor2
2026-08-08 04:32:12 | team | sess_91d73330a4d8 | INFO | Task ir2_implement claimed by member executor2
2026-08-08 04:32:17 | team | sess_91d73330a4d8 | INFO | Task ir2_implement completed at 1786159937429
2026-08-08 04:32:17 | team | sess_91d73330a4d8 | INFO | Resolved 1 dependencies for task ir2_implement
2026-08-08 04:32:17 | team | sess_91d73330a4d8 | INFO | Task ir2_verify unblocked (all deps resolved)
2026-08-08 04:32:17 | team | sess_91d73330a4d8 | INFO | Task ir2_implement completed
2026-08-08 04:32:17 | team | sess_91d73330a4d8 | INFO | Unblocked 1 tasks
2026-08-08 04:32:27 | team | sess_91d73330a4d8 | INFO | Message bd94c980-11ff-4623-9e30-c580ae19de7e created
2026-08-08 04:35:28 | team | sess_91d73330a4d8 | INFO | task list drained for team jiuwen_team_sess_91d73330a4d8: 6 terminal task(s)
2026-08-08 04:35:42 | team | sess_91d73330a4d8 | INFO | [executor2] processing 1 unread messages (steer=True)
2026-08-08 04:35:42 | team | sess_91d73330a4d8 | INFO | Message 95039d32-4551-43df-9047-595cd03aa7cb marked as read by executor2
2026-08-08 04:36:20 | team | sess_91d73330a4d8 | INFO | team jiuwen_team_sess_91d73330a4d8 reported completed: 9 members, 6 tasks
2026-08-08 04:36:20 | team | sess_91d73330a4d8 | INFO | [executor2] received TEAM_STANDBY, pausing polls
2026-08-08 04:36:20 | team | sess_91d73330a4d8 | INFO | EventBus[teammate] pausing polls
