2026-08-08 12:19:05 | team | sess_bcec6b5c4a54 | INFO | Team workspace directory ensured at /srv/jwteam_clone/shared/run_current
2026-08-08 12:19:05 | team | sess_bcec6b5c4a54 | INFO | AgentTeam manager initialized for jiuwen_team_sess_bcec6b5c4a54, member=team_leader
2026-08-08 12:19:05 | team | sess_bcec6b5c4a54 | INFO | [team_leader] TeamPolicyRail static sections: section_names=['team_role', 'team_workflow', 'team_swarmflow', 'team_lifecycle', 'team_persona']
2026-08-08 12:19:05 | team | sess_bcec6b5c4a54 | INFO | Session tables ready for session sess_bcec6b5c4a54
2026-08-08 12:19:05 | team | sess_bcec6b5c4a54 | INFO | Team database initialized
2026-08-08 12:19:05 | team | default_trace_id | INFO | Team workspace directory ensured at /srv/jwteam_clone/shared/run_current
2026-08-08 12:19:05 | team | default_trace_id | INFO | AgentTeam manager initialized for jiuwen_team_sess_bcec6b5c4a54, member=fullstack1
2026-08-08 12:19:05 | team | default_trace_id | INFO | [fullstack1] TeamPolicyRail static sections: section_names=['team_role', 'team_persona']
2026-08-08 12:19:05 | team | sess_bcec6b5c4a54 | INFO | [fullstack1] invoke start, role=teammate
2026-08-08 12:19:05 | team | sess_bcec6b5c4a54 | INFO | [fullstack1] coordination starting
2026-08-08 12:19:05 | team | sess_bcec6b5c4a54 | INFO | Session tables ready for session sess_bcec6b5c4a54
2026-08-08 12:19:05 | team | sess_bcec6b5c4a54 | INFO | Workspace /srv/jwteam_clone/shared/run_current initialized as plain shared directory (version_control disabled)
2026-08-08 12:19:05 | team | sess_bcec6b5c4a54 | INFO | EventBus[teammate] starting
2026-08-08 12:19:24 | team | sess_bcec6b5c4a54 | INFO | [fullstack1] HITT section refresh: human_agent_names=[]
2026-08-08 12:19:34 | team | sess_bcec6b5c4a54 | INFO | [fullstack1] processing 1 unread messages (steer=True)
2026-08-08 12:19:34 | team | sess_bcec6b5c4a54 | INFO | Message 40b3efa7-3d5f-4e56-b063-d1c99019569c marked as read by fullstack1
2026-08-08 12:19:49 | team | sess_bcec6b5c4a54 | INFO | Message f73b32b0-c193-47aa-8bf4-6c0bb5b9d711 created
2026-08-08 12:20:23 | team | sess_bcec6b5c4a54 | INFO | Task implement claimed by member fullstack1
2026-08-08 12:20:23 | team | sess_bcec6b5c4a54 | INFO | Task implement claimed by member fullstack1
2026-08-08 12:20:42 | team | sess_bcec6b5c4a54 | INFO | [fullstack1] processing 1 unread messages (steer=True)
2026-08-08 12:20:42 | team | sess_bcec6b5c4a54 | INFO | Message 5b0649e3-b7e8-4df6-a099-42de6a99e3e0 marked as read by fullstack1
2026-08-08 12:20:42 | team | sess_bcec6b5c4a54 | INFO | [fullstack1] processing 1 unread messages (steer=True)
2026-08-08 12:20:42 | team | sess_bcec6b5c4a54 | INFO | Message 3417e148-1991-4659-9e74-61aa7e46e4d7 marked as read by fullstack1
2026-08-08 12:20:52 | team | sess_bcec6b5c4a54 | INFO | [fullstack1] processing 1 unread messages (steer=True)
2026-08-08 12:20:52 | team | sess_bcec6b5c4a54 | INFO | Message fd7df8ba-2940-422f-be56-dfadaabfa6c4 marked as read by fullstack1
2026-08-08 12:21:17 | team | sess_bcec6b5c4a54 | INFO | Message 86ef6ff0-92ec-4501-8986-e8e6b6e8b89b created
2026-08-08 12:21:19 | team | sess_bcec6b5c4a54 | INFO | Task implement completed at 1786188079651
2026-08-08 12:21:19 | team | sess_bcec6b5c4a54 | INFO | Resolved 1 dependencies for task implement
2026-08-08 12:21:19 | team | sess_bcec6b5c4a54 | INFO | Task verify unblocked (all deps resolved)
2026-08-08 12:21:19 | team | sess_bcec6b5c4a54 | INFO | Task implement completed
2026-08-08 12:21:19 | team | sess_bcec6b5c4a54 | INFO | Unblocked 1 tasks
2026-08-08 12:21:25 | team | sess_bcec6b5c4a54 | INFO | Message 569ce290-e6f0-4b9c-b973-232cea4f53ba created
2026-08-08 12:22:21 | team | sess_bcec6b5c4a54 | INFO | task list drained for team jiuwen_team_sess_bcec6b5c4a54: 3 terminal task(s)
2026-08-08 12:22:33 | team | sess_bcec6b5c4a54 | INFO | [fullstack1] processing 1 unread messages (steer=True)
2026-08-08 12:22:33 | team | sess_bcec6b5c4a54 | INFO | Message 03047635-ebbb-45a6-9322-2f0b6f36c9b1 marked as read by fullstack1
2026-08-08 12:22:50 | team | sess_bcec6b5c4a54 | INFO | team jiuwen_team_sess_bcec6b5c4a54 reported completed: 9 members, 3 tasks
2026-08-08 12:22:50 | team | sess_bcec6b5c4a54 | INFO | [fullstack1] received TEAM_STANDBY, pausing polls
2026-08-08 12:22:50 | team | sess_bcec6b5c4a54 | INFO | EventBus[teammate] pausing polls
