2026-08-10 04:47:10 | team | sess_67707cbcd383 | INFO | Team workspace directory ensured at /srv/jwteam_clone/shared/run_current
2026-08-10 04:47:10 | team | sess_67707cbcd383 | INFO | AgentTeam manager initialized for jiuwen_team_sess_67707cbcd383, member=team_leader
2026-08-10 04:47:10 | team | sess_67707cbcd383 | INFO | [team_leader] TeamPolicyRail static sections: section_names=['team_role', 'team_workflow', 'team_swarmflow', 'team_lifecycle', 'team_persona']
2026-08-10 04:47:10 | team | sess_67707cbcd383 | INFO | Session tables ready for session sess_67707cbcd383
2026-08-10 04:47:10 | team | sess_67707cbcd383 | INFO | Team database initialized
2026-08-10 04:47:10 | team | default_trace_id | INFO | Team workspace directory ensured at /srv/jwteam_clone/shared/run_current
2026-08-10 04:47:10 | team | default_trace_id | INFO | AgentTeam manager initialized for jiuwen_team_sess_67707cbcd383, member=planner2
2026-08-10 04:47:10 | team | default_trace_id | INFO | [planner2] TeamPolicyRail static sections: section_names=['team_role', 'team_persona']
2026-08-10 04:47:10 | team | sess_67707cbcd383 | INFO | [planner2] invoke start, role=teammate
2026-08-10 04:47:10 | team | sess_67707cbcd383 | INFO | [planner2] coordination starting
2026-08-10 04:47:10 | team | sess_67707cbcd383 | INFO | Session tables ready for session sess_67707cbcd383
2026-08-10 04:47:10 | team | sess_67707cbcd383 | INFO | Workspace /srv/jwteam_clone/shared/run_current initialized as plain shared directory (version_control disabled)
2026-08-10 04:47:10 | team | sess_67707cbcd383 | INFO | EventBus[teammate] starting
2026-08-10 04:48:03 | team | sess_67707cbcd383 | INFO | [planner2] HITT section refresh: human_agent_names=[]
2026-08-10 04:48:13 | team | sess_67707cbcd383 | INFO | Task plan claimed by member planner2
2026-08-10 04:48:13 | team | sess_67707cbcd383 | INFO | Task plan claimed by member planner2
2026-08-10 04:48:17 | team | sess_67707cbcd383 | INFO | [planner2] processing 1 unread messages (steer=True)
2026-08-10 04:48:17 | team | sess_67707cbcd383 | INFO | Message 4a4c394e-da98-480a-9472-0e3a3d457de2 marked as read by planner2
2026-08-10 04:48:39 | team | sess_67707cbcd383 | INFO | [planner2] processing 1 unread messages (steer=True)
2026-08-10 04:48:39 | team | sess_67707cbcd383 | INFO | Message 06e97f7f-ab4a-4c4c-be69-11339e9d6961 marked as read by planner2
2026-08-10 04:48:40 | team | sess_67707cbcd383 | INFO | [planner2] processing 1 unread messages (steer=True)
2026-08-10 04:48:40 | team | sess_67707cbcd383 | INFO | Message fef4dd97-8d44-41b0-86cc-e9e8de7f81eb marked as read by planner2
2026-08-10 04:49:03 | team | sess_67707cbcd383 | INFO | Message c1c3fd73-a2cc-4697-b3a6-c29be4f995cc created
2026-08-10 04:49:03 | team | sess_67707cbcd383 | INFO | Message 66a3e56d-edc3-4b4f-bf56-a765fae62815 created
2026-08-10 04:49:12 | team | sess_67707cbcd383 | INFO | [planner2] processing 1 unread messages (steer=True)
2026-08-10 04:49:12 | team | sess_67707cbcd383 | INFO | Message dffae0e9-b4d1-4476-ad19-7cfa1208441d marked as read by planner2
2026-08-10 04:49:27 | team | sess_67707cbcd383 | INFO | [planner2] processing 1 unread messages (steer=True)
2026-08-10 04:49:27 | team | sess_67707cbcd383 | INFO | Message 6283e3ef-8966-4786-bbb5-455d93af4e41 marked as read by planner2
2026-08-10 04:49:51 | team | sess_67707cbcd383 | INFO | Message c5590a01-1e84-4331-bfe1-e07938923945 created
2026-08-10 04:50:09 | team | sess_67707cbcd383 | INFO | Message 0c091fd5-b461-48ea-bbeb-ab91aa933767 created
2026-08-10 04:50:09 | team | sess_67707cbcd383 | INFO | Message 58e59435-698e-4bb4-8905-72c1a2a97a31 created
2026-08-10 04:50:14 | team | sess_67707cbcd383 | INFO | Task plan completed at 1786333814331
2026-08-10 04:50:14 | team | sess_67707cbcd383 | INFO | Resolved 1 dependencies for task plan
2026-08-10 04:50:14 | team | sess_67707cbcd383 | INFO | Task implement unblocked (all deps resolved)
2026-08-10 04:50:14 | team | sess_67707cbcd383 | INFO | Task plan completed
2026-08-10 04:50:14 | team | sess_67707cbcd383 | INFO | Unblocked 1 tasks
2026-08-10 04:51:23 | team | sess_67707cbcd383 | INFO | [planner2] processing 1 unread messages (steer=True)
2026-08-10 04:51:23 | team | sess_67707cbcd383 | INFO | Message bf5066fe-a94b-4fa6-bbc4-692272dfcf05 marked as read by planner2
2026-08-10 04:51:30 | team | sess_67707cbcd383 | INFO | Message a968c734-9b19-4de6-a20d-9e0f8a0afdf3 created
2026-08-10 04:58:22 | team | sess_67707cbcd383 | INFO | task list drained for team jiuwen_team_sess_67707cbcd383: 4 terminal task(s)
2026-08-10 04:58:37 | team | sess_67707cbcd383 | INFO | [planner2] processing 1 unread messages (steer=True)
2026-08-10 04:58:37 | team | sess_67707cbcd383 | INFO | Message 78201615-348f-41d6-87c3-284f1ade65e6 marked as read by planner2
2026-08-10 04:58:43 | team | sess_67707cbcd383 | INFO | Message c776a231-d305-49bf-a1d9-bc31f926d538 created
2026-08-10 04:58:56 | team | sess_67707cbcd383 | INFO | team jiuwen_team_sess_67707cbcd383 reported completed: 9 members, 4 tasks
2026-08-10 04:58:56 | team | sess_67707cbcd383 | INFO | [planner2] received TEAM_STANDBY, pausing polls
2026-08-10 04:58:56 | team | sess_67707cbcd383 | INFO | EventBus[teammate] pausing polls
