2026-08-10 04:47:13 | team | sess_67707cbcd383 | INFO | Team workspace directory ensured at /srv/jwteam_clone/shared/run_current
2026-08-10 04:47:13 | team | sess_67707cbcd383 | INFO | AgentTeam manager initialized for jiuwen_team_sess_67707cbcd383, member=team_leader
2026-08-10 04:47:13 | team | sess_67707cbcd383 | INFO | [team_leader] TeamPolicyRail static sections: section_names=['team_role', 'team_workflow', 'team_swarmflow', 'team_lifecycle', 'team_persona']
2026-08-10 04:47:13 | team | sess_67707cbcd383 | INFO | Session tables ready for session sess_67707cbcd383
2026-08-10 04:47:13 | team | sess_67707cbcd383 | INFO | Team database initialized
2026-08-10 04:47:13 | team | default_trace_id | INFO | Team workspace directory ensured at /srv/jwteam_clone/shared/run_current
2026-08-10 04:47:13 | team | default_trace_id | INFO | AgentTeam manager initialized for jiuwen_team_sess_67707cbcd383, member=executor3
2026-08-10 04:47:13 | team | default_trace_id | INFO | [executor3] TeamPolicyRail static sections: section_names=['team_role', 'team_persona']
2026-08-10 04:47:13 | team | sess_67707cbcd383 | INFO | [executor3] invoke start, role=teammate
2026-08-10 04:47:13 | team | sess_67707cbcd383 | INFO | [executor3] coordination starting
2026-08-10 04:47:13 | team | sess_67707cbcd383 | INFO | Session tables ready for session sess_67707cbcd383
2026-08-10 04:47:13 | team | sess_67707cbcd383 | INFO | Workspace /srv/jwteam_clone/shared/run_current initialized as plain shared directory (version_control disabled)
2026-08-10 04:47:13 | team | sess_67707cbcd383 | INFO | EventBus[teammate] starting
2026-08-10 04:48:03 | team | sess_67707cbcd383 | INFO | [executor3] HITT section refresh: human_agent_names=[]
2026-08-10 04:48:17 | team | sess_67707cbcd383 | INFO | [executor3] processing 1 unread messages (steer=True)
2026-08-10 04:48:17 | team | sess_67707cbcd383 | INFO | Message 4a4c394e-da98-480a-9472-0e3a3d457de2 marked as read by executor3
2026-08-10 04:48:40 | team | sess_67707cbcd383 | INFO | Message 0a9af205-666f-42a5-8357-d8efae1bcfc6 created
2026-08-10 04:48:40 | team | sess_67707cbcd383 | INFO | Message fef4dd97-8d44-41b0-86cc-e9e8de7f81eb created
2026-08-10 04:49:03 | team | sess_67707cbcd383 | INFO | [executor3] processing 1 unread messages (steer=True)
2026-08-10 04:49:03 | team | sess_67707cbcd383 | INFO | Message 66a3e56d-edc3-4b4f-bf56-a765fae62815 marked as read by executor3
2026-08-10 04:49:33 | team | sess_67707cbcd383 | INFO | [executor3] processing 1 unread messages (steer=True)
2026-08-10 04:49:33 | team | sess_67707cbcd383 | INFO | Message 528fef42-176d-48aa-ae82-b08cd64bc050 marked as read by executor3
2026-08-10 04:52:32 | team | sess_67707cbcd383 | INFO | Message 9bf30b33-bae3-44f9-b760-68156bd8f1dc created
2026-08-10 04:54:26 | team | sess_67707cbcd383 | INFO | Message fd99bbeb-86ad-46c9-af9c-9a5f6ec42466 created
2026-08-10 04:58:22 | team | sess_67707cbcd383 | INFO | task list drained for team jiuwen_team_sess_67707cbcd383: 4 terminal task(s)
2026-08-10 04:58:37 | team | sess_67707cbcd383 | INFO | [executor3] processing 1 unread messages (steer=True)
2026-08-10 04:58:37 | team | sess_67707cbcd383 | INFO | Message 78201615-348f-41d6-87c3-284f1ade65e6 marked as read by executor3
2026-08-10 04:58:56 | team | sess_67707cbcd383 | INFO | team jiuwen_team_sess_67707cbcd383 reported completed: 9 members, 4 tasks
2026-08-10 04:58:56 | team | sess_67707cbcd383 | INFO | [executor3] received TEAM_STANDBY, pausing polls
2026-08-10 04:58:56 | team | sess_67707cbcd383 | INFO | EventBus[teammate] pausing polls
