2026-08-10 04:47:15 | team | sess_67707cbcd383 | INFO | Team workspace directory ensured at /srv/jwteam_clone/shared/run_current
2026-08-10 04:47:15 | team | sess_67707cbcd383 | INFO | AgentTeam manager initialized for jiuwen_team_sess_67707cbcd383, member=team_leader
2026-08-10 04:47:15 | team | sess_67707cbcd383 | INFO | [team_leader] TeamPolicyRail static sections: section_names=['team_role', 'team_workflow', 'team_swarmflow', 'team_lifecycle', 'team_persona']
2026-08-10 04:47:15 | team | sess_67707cbcd383 | INFO | Session tables ready for session sess_67707cbcd383
2026-08-10 04:47:15 | team | sess_67707cbcd383 | INFO | Team database initialized
2026-08-10 04:47:15 | team | default_trace_id | INFO | Team workspace directory ensured at /srv/jwteam_clone/shared/run_current
2026-08-10 04:47:15 | team | default_trace_id | INFO | AgentTeam manager initialized for jiuwen_team_sess_67707cbcd383, member=verifier2
2026-08-10 04:47:15 | team | default_trace_id | INFO | [verifier2] TeamPolicyRail static sections: section_names=['team_role', 'team_persona']
2026-08-10 04:47:15 | team | sess_67707cbcd383 | INFO | [verifier2] invoke start, role=teammate
2026-08-10 04:47:15 | team | sess_67707cbcd383 | INFO | [verifier2] coordination starting
2026-08-10 04:47:15 | team | sess_67707cbcd383 | INFO | Session tables ready for session sess_67707cbcd383
2026-08-10 04:47:15 | team | sess_67707cbcd383 | INFO | Workspace /srv/jwteam_clone/shared/run_current initialized as plain shared directory (version_control disabled)
2026-08-10 04:47:15 | team | sess_67707cbcd383 | INFO | EventBus[teammate] starting
2026-08-10 04:48:03 | team | sess_67707cbcd383 | INFO | [verifier2] HITT section refresh: human_agent_names=[]
2026-08-10 04:48:17 | team | sess_67707cbcd383 | INFO | [verifier2] processing 1 unread messages (steer=True)
2026-08-10 04:48:17 | team | sess_67707cbcd383 | INFO | Message 4a4c394e-da98-480a-9472-0e3a3d457de2 marked as read by verifier2
2026-08-10 04:49:26 | team | sess_67707cbcd383 | INFO | Message 2db1b44d-3b9b-410c-8346-7eaaa31f3a7d created
2026-08-10 04:52:27 | team | sess_67707cbcd383 | INFO | [verifier2] processing 1 unread messages (steer=True)
2026-08-10 04:52:27 | team | sess_67707cbcd383 | INFO | Message b410a94e-087c-40a3-bab6-93a1551a7da0 marked as read by verifier2
2026-08-10 04:52:43 | team | sess_67707cbcd383 | INFO | Message 1fdce43e-56c8-4634-a1aa-0e8944bd2693 created
2026-08-10 04:54:13 | team | sess_67707cbcd383 | INFO | [verifier2] processing 1 unread messages (steer=True)
2026-08-10 04:54:13 | team | sess_67707cbcd383 | INFO | Message aa06cf80-24a9-4647-a9ed-5e93db442958 marked as read by verifier2
2026-08-10 04:54:21 | team | sess_67707cbcd383 | INFO | [verifier2] received TASK_CLAIMED for self, task_id=verify_final, human_agent=False
2026-08-10 04:54:26 | team | sess_67707cbcd383 | INFO | [verifier2] processing 1 unread messages (steer=True)
2026-08-10 04:54:26 | team | sess_67707cbcd383 | INFO | Message fd99bbeb-86ad-46c9-af9c-9a5f6ec42466 marked as read by verifier2
2026-08-10 04:54:26 | team | sess_67707cbcd383 | INFO | [verifier2] processing 1 unread messages (steer=True)
2026-08-10 04:54:26 | team | sess_67707cbcd383 | INFO | Message 7931b39a-76bf-4409-9608-cf3f96599664 marked as read by verifier2
2026-08-10 04:54:53 | team | sess_67707cbcd383 | INFO | Message 063b155f-5f93-4c4f-bebe-275e5e3d2f0e created
2026-08-10 04:54:53 | team | sess_67707cbcd383 | INFO | Message 66868873-ef9e-45d1-92db-87b3af51a7d2 created
2026-08-10 04:55:03 | team | sess_67707cbcd383 | INFO | Message 2b1c2595-7e4e-4c74-863b-9b525fcc5ccd created
2026-08-10 04:55:11 | team | sess_67707cbcd383 | INFO | [verifier2] processing 1 unread messages (steer=True)
2026-08-10 04:55:11 | team | sess_67707cbcd383 | INFO | Message 342ad011-232a-47f2-b5e7-09c586888390 marked as read by verifier2
2026-08-10 04:55:17 | team | sess_67707cbcd383 | INFO | [verifier2] processing 1 unread messages (steer=True)
2026-08-10 04:55:17 | team | sess_67707cbcd383 | INFO | Message 4cf8ef42-6b17-4d27-a5e5-7f0474f57fa7 marked as read by verifier2
2026-08-10 04:55:29 | team | sess_67707cbcd383 | INFO | Message 6eb96a4b-1496-4d68-9515-bd42fe8d541e created
2026-08-10 04:56:59 | team | sess_67707cbcd383 | INFO | Message 185d09f9-bd8a-4b0b-a0ad-64c24ae77f43 created
2026-08-10 04:57:06 | team | sess_67707cbcd383 | INFO | Message 62adeb81-4bb2-4913-ae2c-b87e0e0736f6 created
2026-08-10 04:57:14 | team | sess_67707cbcd383 | INFO | [verifier2] processing 1 unread messages (steer=True)
2026-08-10 04:57:14 | team | sess_67707cbcd383 | INFO | Message 7655fc2c-6a36-42cb-832c-8d926782ddbe marked as read by verifier2
2026-08-10 04:57:38 | team | sess_67707cbcd383 | INFO | Message 6bc9cccc-25f7-4000-95e1-1ad399f15640 created
2026-08-10 04:58:16 | team | sess_67707cbcd383 | INFO | [verifier2] processing 1 unread messages (steer=True)
2026-08-10 04:58:16 | team | sess_67707cbcd383 | INFO | Message 3c6361f6-0203-42f0-a5ea-3120b8268a85 marked as read by verifier2
2026-08-10 04:58:22 | team | sess_67707cbcd383 | INFO | Task verify_final completed at 1786334302468
2026-08-10 04:58:22 | team | sess_67707cbcd383 | INFO | Message 96fa88c2-86b2-4d25-8a9f-6d4cd3b28594 created
2026-08-10 04:58:22 | team | sess_67707cbcd383 | INFO | Task verify_final completed
2026-08-10 04:58:31 | team | sess_67707cbcd383 | INFO | Message 4ab6ef36-4e3e-4936-989b-9e9dd29bab5d created
2026-08-10 04:58:37 | team | sess_67707cbcd383 | INFO | [verifier2] processing 1 unread messages (steer=True)
2026-08-10 04:58:37 | team | sess_67707cbcd383 | INFO | Message 78201615-348f-41d6-87c3-284f1ade65e6 marked as read by verifier2
2026-08-10 04:58:56 | team | sess_67707cbcd383 | INFO | team jiuwen_team_sess_67707cbcd383 reported completed: 9 members, 4 tasks
2026-08-10 04:58:56 | team | sess_67707cbcd383 | INFO | [verifier2] received TEAM_STANDBY, pausing polls
2026-08-10 04:58:56 | team | sess_67707cbcd383 | INFO | EventBus[teammate] pausing polls
