2026-08-10 04:47:14 | team | sess_67707cbcd383 | INFO | Team workspace directory ensured at /srv/jwteam_clone/shared/run_current
2026-08-10 04:47:14 | team | sess_67707cbcd383 | INFO | AgentTeam manager initialized for jiuwen_team_sess_67707cbcd383, member=team_leader
2026-08-10 04:47:14 | team | sess_67707cbcd383 | INFO | [team_leader] TeamPolicyRail static sections: section_names=['team_role', 'team_workflow', 'team_swarmflow', 'team_lifecycle', 'team_persona']
2026-08-10 04:47:14 | team | sess_67707cbcd383 | INFO | Session tables ready for session sess_67707cbcd383
2026-08-10 04:47:14 | team | sess_67707cbcd383 | INFO | Team database initialized
2026-08-10 04:47:14 | team | default_trace_id | INFO | Team workspace directory ensured at /srv/jwteam_clone/shared/run_current
2026-08-10 04:47:14 | team | default_trace_id | INFO | AgentTeam manager initialized for jiuwen_team_sess_67707cbcd383, member=verifier1
2026-08-10 04:47:14 | team | default_trace_id | INFO | [verifier1] TeamPolicyRail static sections: section_names=['team_role', 'team_persona']
2026-08-10 04:47:14 | team | sess_67707cbcd383 | INFO | [verifier1] invoke start, role=teammate
2026-08-10 04:47:14 | team | sess_67707cbcd383 | INFO | [verifier1] coordination starting
2026-08-10 04:47:14 | team | sess_67707cbcd383 | INFO | Session tables ready for session sess_67707cbcd383
2026-08-10 04:47:14 | team | sess_67707cbcd383 | INFO | Workspace /srv/jwteam_clone/shared/run_current initialized as plain shared directory (version_control disabled)
2026-08-10 04:47:14 | team | sess_67707cbcd383 | INFO | EventBus[teammate] starting
2026-08-10 04:48:03 | team | sess_67707cbcd383 | INFO | [verifier1] HITT section refresh: human_agent_names=[]
2026-08-10 04:48:17 | team | sess_67707cbcd383 | INFO | [verifier1] processing 1 unread messages (steer=True)
2026-08-10 04:48:17 | team | sess_67707cbcd383 | INFO | Message 4a4c394e-da98-480a-9472-0e3a3d457de2 marked as read by verifier1
2026-08-10 04:49:12 | team | sess_67707cbcd383 | INFO | Message dffae0e9-b4d1-4476-ad19-7cfa1208441d created
2026-08-10 04:50:09 | team | sess_67707cbcd383 | INFO | [verifier1] processing 1 unread messages (steer=True)
2026-08-10 04:50:09 | team | sess_67707cbcd383 | INFO | Message 0c091fd5-b461-48ea-bbeb-ab91aa933767 marked as read by verifier1
2026-08-10 04:52:26 | team | sess_67707cbcd383 | INFO | Task verify_security claimed by member verifier1
2026-08-10 04:52:26 | team | sess_67707cbcd383 | INFO | Task verify_security claimed by member verifier1
2026-08-10 04:52:27 | team | sess_67707cbcd383 | INFO | [verifier1] processing 1 unread messages (steer=True)
2026-08-10 04:52:27 | team | sess_67707cbcd383 | INFO | Message e889e7f3-ac95-43f5-baa9-aab43219fb88 marked as read by verifier1
2026-08-10 04:52:32 | team | sess_67707cbcd383 | INFO | [verifier1] processing 1 unread messages (steer=True)
2026-08-10 04:52:32 | team | sess_67707cbcd383 | INFO | Message 9bf30b33-bae3-44f9-b760-68156bd8f1dc marked as read by verifier1
2026-08-10 04:52:32 | team | sess_67707cbcd383 | INFO | [verifier1] processing 1 unread messages (steer=True)
2026-08-10 04:52:32 | team | sess_67707cbcd383 | INFO | Message 8232cacf-b36c-4970-975b-077fa33118bf marked as read by verifier1
2026-08-10 04:53:01 | team | sess_67707cbcd383 | INFO | Message 259adc7e-e9c8-4c8b-b6bc-5c3f354dca36 created
2026-08-10 04:53:20 | team | sess_67707cbcd383 | INFO | [verifier1] processing 1 unread messages (steer=True)
2026-08-10 04:53:20 | team | sess_67707cbcd383 | INFO | Message 93915dc0-b20a-4211-a626-98337c2a1b29 marked as read by verifier1
2026-08-10 04:54:13 | team | sess_67707cbcd383 | INFO | Message aa06cf80-24a9-4647-a9ed-5e93db442958 created
2026-08-10 04:54:17 | team | sess_67707cbcd383 | INFO | Task verify_security completed at 1786334057724
2026-08-10 04:54:17 | team | sess_67707cbcd383 | INFO | Resolved 1 dependencies for task verify_security
2026-08-10 04:54:17 | team | sess_67707cbcd383 | INFO | Task verify_final unblocked (all deps resolved)
2026-08-10 04:54:17 | team | sess_67707cbcd383 | INFO | Task verify_security completed
2026-08-10 04:54:17 | team | sess_67707cbcd383 | INFO | Unblocked 1 tasks
2026-08-10 04:54:23 | team | sess_67707cbcd383 | INFO | Message 093b783f-80c7-4d41-b4f0-edc38653b558 created
2026-08-10 04:55:03 | team | sess_67707cbcd383 | INFO | [verifier1] processing 1 unread messages (steer=True)
2026-08-10 04:55:04 | team | sess_67707cbcd383 | INFO | Message 2b1c2595-7e4e-4c74-863b-9b525fcc5ccd marked as read by verifier1
2026-08-10 04:58:22 | team | sess_67707cbcd383 | INFO | task list drained for team jiuwen_team_sess_67707cbcd383: 4 terminal task(s)
2026-08-10 04:58:37 | team | sess_67707cbcd383 | INFO | [verifier1] processing 1 unread messages (steer=True)
2026-08-10 04:58:37 | team | sess_67707cbcd383 | INFO | Message 78201615-348f-41d6-87c3-284f1ade65e6 marked as read by verifier1
2026-08-10 04:58:56 | team | sess_67707cbcd383 | INFO | team jiuwen_team_sess_67707cbcd383 reported completed: 9 members, 4 tasks
2026-08-10 04:58:56 | team | sess_67707cbcd383 | INFO | [verifier1] received TEAM_STANDBY, pausing polls
2026-08-10 04:58:56 | team | sess_67707cbcd383 | INFO | EventBus[teammate] pausing polls
