2026-08-10 04:47:12 | team | sess_67707cbcd383 | INFO | Team workspace directory ensured at /srv/jwteam_clone/shared/run_current
2026-08-10 04:47:12 | team | sess_67707cbcd383 | INFO | AgentTeam manager initialized for jiuwen_team_sess_67707cbcd383, member=team_leader
2026-08-10 04:47:12 | team | sess_67707cbcd383 | INFO | [team_leader] TeamPolicyRail static sections: section_names=['team_role', 'team_workflow', 'team_swarmflow', 'team_lifecycle', 'team_persona']
2026-08-10 04:47:12 | team | sess_67707cbcd383 | INFO | Session tables ready for session sess_67707cbcd383
2026-08-10 04:47:12 | team | sess_67707cbcd383 | INFO | Team database initialized
2026-08-10 04:47:12 | team | default_trace_id | INFO | Team workspace directory ensured at /srv/jwteam_clone/shared/run_current
2026-08-10 04:47:12 | team | default_trace_id | INFO | AgentTeam manager initialized for jiuwen_team_sess_67707cbcd383, member=executor2
2026-08-10 04:47:12 | team | default_trace_id | INFO | [executor2] TeamPolicyRail static sections: section_names=['team_role', 'team_persona']
2026-08-10 04:47:12 | team | sess_67707cbcd383 | INFO | [executor2] invoke start, role=teammate
2026-08-10 04:47:12 | team | sess_67707cbcd383 | INFO | [executor2] coordination starting
2026-08-10 04:47:12 | team | sess_67707cbcd383 | INFO | Session tables ready for session sess_67707cbcd383
2026-08-10 04:47:12 | team | sess_67707cbcd383 | INFO | Workspace /srv/jwteam_clone/shared/run_current initialized as plain shared directory (version_control disabled)
2026-08-10 04:47:12 | team | sess_67707cbcd383 | INFO | EventBus[teammate] starting
2026-08-10 04:48:03 | team | sess_67707cbcd383 | INFO | [executor2] HITT section refresh: human_agent_names=[]
2026-08-10 04:48:17 | team | sess_67707cbcd383 | INFO | [executor2] processing 1 unread messages (steer=True)
2026-08-10 04:48:17 | team | sess_67707cbcd383 | INFO | Message 4a4c394e-da98-480a-9472-0e3a3d457de2 marked as read by executor2
2026-08-10 04:50:22 | team | sess_67707cbcd383 | INFO | Task implement claimed by member executor2
2026-08-10 04:50:22 | team | sess_67707cbcd383 | INFO | Task implement claimed by member executor2
2026-08-10 04:50:25 | team | sess_67707cbcd383 | INFO | [executor2] processing 1 unread messages (steer=True)
2026-08-10 04:50:25 | team | sess_67707cbcd383 | INFO | Message 4cd2560a-3d95-4906-b9d2-12dfeb90ab44 marked as read by executor2
2026-08-10 04:50:38 | team | sess_67707cbcd383 | INFO | [executor2] processing 1 unread messages (steer=True)
2026-08-10 04:50:38 | team | sess_67707cbcd383 | INFO | Message b66ba924-77fe-4b86-9f56-46c5fa33b799 marked as read by executor2
2026-08-10 04:51:03 | team | sess_67707cbcd383 | INFO | Message 113e5a4d-5cd5-4d7f-9db2-65ffdc3acfcf created
2026-08-10 04:51:03 | team | sess_67707cbcd383 | INFO | Message 851899f9-6a14-43a6-8219-f103e11f2192 created
2026-08-10 04:51:16 | team | sess_67707cbcd383 | INFO | [executor2] processing 1 unread messages (steer=True)
2026-08-10 04:51:16 | team | sess_67707cbcd383 | INFO | Message 14eb7209-b369-4b86-84c5-6d9018aa6893 marked as read by executor2
2026-08-10 04:51:35 | team | sess_67707cbcd383 | INFO | Message 95c5d67f-9f8a-4f4d-8ad2-b1a8e0c33e60 created
2026-08-10 04:58:22 | team | sess_67707cbcd383 | INFO | task list drained for team jiuwen_team_sess_67707cbcd383: 4 terminal task(s)
2026-08-10 04:58:37 | team | sess_67707cbcd383 | INFO | [executor2] processing 1 unread messages (steer=True)
2026-08-10 04:58:37 | team | sess_67707cbcd383 | INFO | Message 78201615-348f-41d6-87c3-284f1ade65e6 marked as read by executor2
2026-08-10 04:58:56 | team | sess_67707cbcd383 | INFO | team jiuwen_team_sess_67707cbcd383 reported completed: 9 members, 4 tasks
2026-08-10 04:58:56 | team | sess_67707cbcd383 | INFO | [executor2] received TEAM_STANDBY, pausing polls
2026-08-10 04:58:56 | team | sess_67707cbcd383 | INFO | EventBus[teammate] pausing polls
