2026-08-10 04:47:09 | team | sess_67707cbcd383 | INFO | Team workspace directory ensured at /srv/jwteam_clone/shared/run_current
2026-08-10 04:47:09 | team | sess_67707cbcd383 | INFO | AgentTeam manager initialized for jiuwen_team_sess_67707cbcd383, member=team_leader
2026-08-10 04:47:09 | team | sess_67707cbcd383 | INFO | [team_leader] TeamPolicyRail static sections: section_names=['team_role', 'team_workflow', 'team_swarmflow', 'team_lifecycle', 'team_persona']
2026-08-10 04:47:10 | team | sess_67707cbcd383 | INFO | Session tables ready for session sess_67707cbcd383
2026-08-10 04:47:10 | team | sess_67707cbcd383 | INFO | Team database initialized
2026-08-10 04:47:10 | team | default_trace_id | INFO | Team workspace directory ensured at /srv/jwteam_clone/shared/run_current
2026-08-10 04:47:10 | team | default_trace_id | INFO | AgentTeam manager initialized for jiuwen_team_sess_67707cbcd383, member=planner1
2026-08-10 04:47:10 | team | default_trace_id | INFO | [planner1] TeamPolicyRail static sections: section_names=['team_role', 'team_persona']
2026-08-10 04:47:10 | team | sess_67707cbcd383 | INFO | [planner1] invoke start, role=teammate
2026-08-10 04:47:10 | team | sess_67707cbcd383 | INFO | [planner1] coordination starting
2026-08-10 04:47:10 | team | sess_67707cbcd383 | INFO | Session tables ready for session sess_67707cbcd383
2026-08-10 04:47:10 | team | sess_67707cbcd383 | INFO | Workspace /srv/jwteam_clone/shared/run_current initialized as plain shared directory (version_control disabled)
2026-08-10 04:47:10 | team | sess_67707cbcd383 | INFO | EventBus[teammate] starting
2026-08-10 04:48:03 | team | sess_67707cbcd383 | INFO | [planner1] HITT section refresh: human_agent_names=[]
2026-08-10 04:48:17 | team | sess_67707cbcd383 | INFO | [planner1] processing 1 unread messages (steer=True)
2026-08-10 04:48:17 | team | sess_67707cbcd383 | INFO | Message 4a4c394e-da98-480a-9472-0e3a3d457de2 marked as read by planner1
2026-08-10 04:48:39 | team | sess_67707cbcd383 | INFO | Message 06e97f7f-ab4a-4c4c-be69-11339e9d6961 created
2026-08-10 04:48:40 | team | sess_67707cbcd383 | INFO | [planner1] processing 1 unread messages (steer=True)
2026-08-10 04:48:40 | team | sess_67707cbcd383 | INFO | Message 0a9af205-666f-42a5-8357-d8efae1bcfc6 marked as read by planner1
2026-08-10 04:49:03 | team | sess_67707cbcd383 | INFO | [planner1] processing 1 unread messages (steer=True)
2026-08-10 04:49:03 | team | sess_67707cbcd383 | INFO | Message c1c3fd73-a2cc-4697-b3a6-c29be4f995cc marked as read by planner1
2026-08-10 04:49:27 | team | sess_67707cbcd383 | INFO | Message 6283e3ef-8966-4786-bbb5-455d93af4e41 created
2026-08-10 04:49:33 | team | sess_67707cbcd383 | INFO | Message 528fef42-176d-48aa-ae82-b08cd64bc050 created
2026-08-10 04:50:09 | team | sess_67707cbcd383 | INFO | [planner1] processing 1 unread messages (steer=True)
2026-08-10 04:50:09 | team | sess_67707cbcd383 | INFO | Message 58e59435-698e-4bb4-8905-72c1a2a97a31 marked as read by planner1
2026-08-10 04:51:02 | team | sess_67707cbcd383 | INFO | Message 8ede5fa2-478d-4ab3-85f5-13f43f4ee12c created
2026-08-10 04:51:16 | team | sess_67707cbcd383 | INFO | Message 14eb7209-b369-4b86-84c5-6d9018aa6893 created
2026-08-10 04:51:22 | team | sess_67707cbcd383 | INFO | Message bf5066fe-a94b-4fa6-bbc4-692272dfcf05 created
2026-08-10 04:51:30 | team | sess_67707cbcd383 | INFO | [planner1] processing 1 unread messages (steer=True)
2026-08-10 04:51:30 | team | sess_67707cbcd383 | INFO | Message a968c734-9b19-4de6-a20d-9e0f8a0afdf3 marked as read by planner1
2026-08-10 04:51:35 | team | sess_67707cbcd383 | INFO | [planner1] processing 1 unread messages (steer=True)
2026-08-10 04:51:35 | team | sess_67707cbcd383 | INFO | Message 95c5d67f-9f8a-4f4d-8ad2-b1a8e0c33e60 marked as read by planner1
2026-08-10 04:52:32 | team | sess_67707cbcd383 | INFO | Message 8232cacf-b36c-4970-975b-077fa33118bf created
2026-08-10 04:54:26 | team | sess_67707cbcd383 | INFO | Message 7931b39a-76bf-4409-9608-cf3f96599664 created
2026-08-10 04:54:53 | team | sess_67707cbcd383 | INFO | [planner1] processing 1 unread messages (steer=True)
2026-08-10 04:54:53 | team | sess_67707cbcd383 | INFO | Message 063b155f-5f93-4c4f-bebe-275e5e3d2f0e marked as read by planner1
2026-08-10 04:55:17 | team | sess_67707cbcd383 | INFO | Message 4cf8ef42-6b17-4d27-a5e5-7f0474f57fa7 created
2026-08-10 04:57:06 | team | sess_67707cbcd383 | INFO | [planner1] processing 1 unread messages (steer=True)
2026-08-10 04:57:06 | team | sess_67707cbcd383 | INFO | Message 62adeb81-4bb2-4913-ae2c-b87e0e0736f6 marked as read by planner1
2026-08-10 04:57:14 | team | sess_67707cbcd383 | INFO | Message 7655fc2c-6a36-42cb-832c-8d926782ddbe created
2026-08-10 04:58:22 | team | sess_67707cbcd383 | INFO | task list drained for team jiuwen_team_sess_67707cbcd383: 4 terminal task(s)
2026-08-10 04:58:37 | team | sess_67707cbcd383 | INFO | [planner1] processing 1 unread messages (steer=True)
2026-08-10 04:58:37 | team | sess_67707cbcd383 | INFO | Message 78201615-348f-41d6-87c3-284f1ade65e6 marked as read by planner1
2026-08-10 04:58:56 | team | sess_67707cbcd383 | INFO | team jiuwen_team_sess_67707cbcd383 reported completed: 9 members, 4 tasks
2026-08-10 04:58:56 | team | sess_67707cbcd383 | INFO | [planner1] received TEAM_STANDBY, pausing polls
2026-08-10 04:58:56 | team | sess_67707cbcd383 | INFO | EventBus[teammate] pausing polls
