2026-08-10 04:47:16 | team | sess_67707cbcd383 | INFO | Team workspace directory ensured at /srv/jwteam_clone/shared/run_current
2026-08-10 04:47:16 | team | sess_67707cbcd383 | INFO | AgentTeam manager initialized for jiuwen_team_sess_67707cbcd383, member=team_leader
2026-08-10 04:47:16 | team | sess_67707cbcd383 | INFO | [team_leader] TeamPolicyRail static sections: section_names=['team_role', 'team_workflow', 'team_swarmflow', 'team_lifecycle', 'team_persona']
2026-08-10 04:47:16 | team | sess_67707cbcd383 | INFO | Session tables ready for session sess_67707cbcd383
2026-08-10 04:47:16 | team | sess_67707cbcd383 | INFO | Team database initialized
2026-08-10 04:47:16 | team | default_trace_id | INFO | Team workspace directory ensured at /srv/jwteam_clone/shared/run_current
2026-08-10 04:47:16 | team | default_trace_id | INFO | AgentTeam manager initialized for jiuwen_team_sess_67707cbcd383, member=fullstack1
2026-08-10 04:47:16 | team | default_trace_id | INFO | [fullstack1] TeamPolicyRail static sections: section_names=['team_role', 'team_persona']
2026-08-10 04:47:16 | team | sess_67707cbcd383 | INFO | [fullstack1] invoke start, role=teammate
2026-08-10 04:47:16 | team | sess_67707cbcd383 | INFO | [fullstack1] coordination starting
2026-08-10 04:47:16 | team | sess_67707cbcd383 | INFO | Session tables ready for session sess_67707cbcd383
2026-08-10 04:47:16 | team | sess_67707cbcd383 | INFO | Workspace /srv/jwteam_clone/shared/run_current initialized as plain shared directory (version_control disabled)
2026-08-10 04:47:16 | team | sess_67707cbcd383 | INFO | EventBus[teammate] starting
2026-08-10 04:48:03 | team | sess_67707cbcd383 | INFO | [fullstack1] HITT section refresh: human_agent_names=[]
2026-08-10 04:48:17 | team | sess_67707cbcd383 | INFO | [fullstack1] processing 1 unread messages (steer=True)
2026-08-10 04:48:17 | team | sess_67707cbcd383 | INFO | Message 4a4c394e-da98-480a-9472-0e3a3d457de2 marked as read by fullstack1
2026-08-10 04:57:38 | team | sess_67707cbcd383 | INFO | [fullstack1] processing 1 unread messages (steer=True)
2026-08-10 04:57:38 | team | sess_67707cbcd383 | INFO | Message 6bc9cccc-25f7-4000-95e1-1ad399f15640 marked as read by fullstack1
2026-08-10 04:58:16 | team | sess_67707cbcd383 | INFO | Message 3c6361f6-0203-42f0-a5ea-3120b8268a85 created
2026-08-10 04:58:22 | team | sess_67707cbcd383 | INFO | [fullstack1] processing 1 unread messages (steer=True)
2026-08-10 04:58:22 | team | sess_67707cbcd383 | INFO | Message 96fa88c2-86b2-4d25-8a9f-6d4cd3b28594 marked as read by fullstack1
2026-08-10 04:58:22 | team | sess_67707cbcd383 | INFO | task list drained for team jiuwen_team_sess_67707cbcd383: 4 terminal task(s)
2026-08-10 04:58:37 | team | sess_67707cbcd383 | INFO | [fullstack1] processing 1 unread messages (steer=True)
2026-08-10 04:58:37 | team | sess_67707cbcd383 | INFO | Message 78201615-348f-41d6-87c3-284f1ade65e6 marked as read by fullstack1
2026-08-10 04:58:56 | team | sess_67707cbcd383 | INFO | team jiuwen_team_sess_67707cbcd383 reported completed: 9 members, 4 tasks
2026-08-10 04:58:56 | team | sess_67707cbcd383 | INFO | [fullstack1] received TEAM_STANDBY, pausing polls
2026-08-10 04:58:56 | team | sess_67707cbcd383 | INFO | EventBus[teammate] pausing polls
