2026-08-10 04:47:11 | team | sess_67707cbcd383 | INFO | Team workspace directory ensured at /srv/jwteam_clone/shared/run_current
2026-08-10 04:47:11 | team | sess_67707cbcd383 | INFO | AgentTeam manager initialized for jiuwen_team_sess_67707cbcd383, member=team_leader
2026-08-10 04:47:11 | team | sess_67707cbcd383 | INFO | [team_leader] TeamPolicyRail static sections: section_names=['team_role', 'team_workflow', 'team_swarmflow', 'team_lifecycle', 'team_persona']
2026-08-10 04:47:11 | team | sess_67707cbcd383 | INFO | Session tables ready for session sess_67707cbcd383
2026-08-10 04:47:11 | team | sess_67707cbcd383 | INFO | Team database initialized
2026-08-10 04:47:11 | team | default_trace_id | INFO | Team workspace directory ensured at /srv/jwteam_clone/shared/run_current
2026-08-10 04:47:11 | team | default_trace_id | INFO | AgentTeam manager initialized for jiuwen_team_sess_67707cbcd383, member=executor1
2026-08-10 04:47:11 | team | default_trace_id | INFO | [executor1] TeamPolicyRail static sections: section_names=['team_role', 'team_persona']
2026-08-10 04:47:11 | team | sess_67707cbcd383 | INFO | [executor1] invoke start, role=teammate
2026-08-10 04:47:11 | team | sess_67707cbcd383 | INFO | [executor1] coordination starting
2026-08-10 04:47:11 | team | sess_67707cbcd383 | INFO | Session tables ready for session sess_67707cbcd383
2026-08-10 04:47:11 | team | sess_67707cbcd383 | INFO | Workspace /srv/jwteam_clone/shared/run_current initialized as plain shared directory (version_control disabled)
2026-08-10 04:47:11 | team | sess_67707cbcd383 | INFO | EventBus[teammate] starting
2026-08-10 04:48:03 | team | sess_67707cbcd383 | INFO | [executor1] HITT section refresh: human_agent_names=[]
2026-08-10 04:48:17 | team | sess_67707cbcd383 | INFO | [executor1] processing 1 unread messages (steer=True)
2026-08-10 04:48:17 | team | sess_67707cbcd383 | INFO | Message 4a4c394e-da98-480a-9472-0e3a3d457de2 marked as read by executor1
2026-08-10 04:48:53 | team | sess_67707cbcd383 | INFO | Message d47b8d46-7727-4fa6-b053-da7194c14af3 created
2026-08-10 04:49:51 | team | sess_67707cbcd383 | INFO | [executor1] processing 1 unread messages (steer=True)
2026-08-10 04:49:51 | team | sess_67707cbcd383 | INFO | Message c5590a01-1e84-4331-bfe1-e07938923945 marked as read by executor1
2026-08-10 04:50:38 | team | sess_67707cbcd383 | INFO | Message b66ba924-77fe-4b86-9f56-46c5fa33b799 created
2026-08-10 04:51:02 | team | sess_67707cbcd383 | INFO | [executor1] processing 1 unread messages (steer=True)
2026-08-10 04:51:02 | team | sess_67707cbcd383 | INFO | Message 8ede5fa2-478d-4ab3-85f5-13f43f4ee12c marked as read by executor1
2026-08-10 04:51:03 | team | sess_67707cbcd383 | INFO | [executor1] processing 1 unread messages (steer=True)
2026-08-10 04:51:03 | team | sess_67707cbcd383 | INFO | Message 851899f9-6a14-43a6-8219-f103e11f2192 marked as read by executor1
2026-08-10 04:51:17 | team | sess_67707cbcd383 | INFO | Task implement claimed by member executor1
2026-08-10 04:51:17 | team | sess_67707cbcd383 | INFO | Task implement claimed by member executor1
2026-08-10 04:51:20 | team | sess_67707cbcd383 | INFO | [executor1] processing 1 unread messages (steer=True)
2026-08-10 04:51:20 | team | sess_67707cbcd383 | INFO | Message 5ab101a7-b530-4489-856c-e1ff12e4d485 marked as read by executor1
2026-08-10 04:52:18 | team | sess_67707cbcd383 | INFO | Task implement completed at 1786333938873
2026-08-10 04:52:18 | team | sess_67707cbcd383 | INFO | Message 72ee0edb-281f-43e5-816f-1a94091fe265 created
2026-08-10 04:52:18 | team | sess_67707cbcd383 | INFO | Resolved 2 dependencies for task implement
2026-08-10 04:52:18 | team | sess_67707cbcd383 | INFO | Task verify_security unblocked (all deps resolved)
2026-08-10 04:52:18 | team | sess_67707cbcd383 | INFO | Task implement completed
2026-08-10 04:52:18 | team | sess_67707cbcd383 | INFO | Unblocked 1 tasks
2026-08-10 04:52:27 | team | sess_67707cbcd383 | INFO | Message e889e7f3-ac95-43f5-baa9-aab43219fb88 created
2026-08-10 04:52:27 | team | sess_67707cbcd383 | INFO | Message b410a94e-087c-40a3-bab6-93a1551a7da0 created
2026-08-10 04:52:43 | team | sess_67707cbcd383 | INFO | [executor1] processing 1 unread messages (steer=True)
2026-08-10 04:52:43 | team | sess_67707cbcd383 | INFO | Message 1fdce43e-56c8-4634-a1aa-0e8944bd2693 marked as read by executor1
2026-08-10 04:53:01 | team | sess_67707cbcd383 | INFO | [executor1] processing 1 unread messages (steer=True)
2026-08-10 04:53:01 | team | sess_67707cbcd383 | INFO | Message 259adc7e-e9c8-4c8b-b6bc-5c3f354dca36 marked as read by executor1
2026-08-10 04:53:20 | team | sess_67707cbcd383 | INFO | Message 93915dc0-b20a-4211-a626-98337c2a1b29 created
2026-08-10 04:54:53 | team | sess_67707cbcd383 | INFO | [executor1] processing 1 unread messages (steer=True)
2026-08-10 04:54:53 | team | sess_67707cbcd383 | INFO | Message 66868873-ef9e-45d1-92db-87b3af51a7d2 marked as read by executor1
2026-08-10 04:55:11 | team | sess_67707cbcd383 | INFO | Message 342ad011-232a-47f2-b5e7-09c586888390 created
2026-08-10 04:55:29 | team | sess_67707cbcd383 | INFO | [executor1] processing 1 unread messages (steer=True)
2026-08-10 04:55:29 | team | sess_67707cbcd383 | INFO | Message 6eb96a4b-1496-4d68-9515-bd42fe8d541e marked as read by executor1
2026-08-10 04:56:59 | team | sess_67707cbcd383 | INFO | [executor1] processing 1 unread messages (steer=True)
2026-08-10 04:56:59 | team | sess_67707cbcd383 | INFO | Message 185d09f9-bd8a-4b0b-a0ad-64c24ae77f43 marked as read by executor1
2026-08-10 04:58:22 | team | sess_67707cbcd383 | INFO | task list drained for team jiuwen_team_sess_67707cbcd383: 4 terminal task(s)
2026-08-10 04:58:37 | team | sess_67707cbcd383 | INFO | [executor1] processing 1 unread messages (steer=True)
2026-08-10 04:58:37 | team | sess_67707cbcd383 | INFO | Message 78201615-348f-41d6-87c3-284f1ade65e6 marked as read by executor1
2026-08-10 04:58:56 | team | sess_67707cbcd383 | INFO | team jiuwen_team_sess_67707cbcd383 reported completed: 9 members, 4 tasks
2026-08-10 04:58:56 | team | sess_67707cbcd383 | INFO | [executor1] received TEAM_STANDBY, pausing polls
2026-08-10 04:58:56 | team | sess_67707cbcd383 | INFO | EventBus[teammate] pausing polls
