2026-08-23 23:53:44 | team | sess_eb24d5186038 | INFO | Team workspace directory ensured at /srv/jwteam_clone/shared/run_current
2026-08-23 23:53:44 | team | sess_eb24d5186038 | INFO | AgentTeam manager initialized for jiuwen_team_sess_eb24d5186038, member=team_leader
2026-08-23 23:53:44 | team | sess_eb24d5186038 | INFO | [team_leader] TeamPolicyRail static sections: section_names=['team_role', 'team_workflow', 'team_swarmflow', 'team_lifecycle', 'team_persona']
2026-08-23 23:53:45 | team | sess_eb24d5186038 | INFO | Session tables ready for session sess_eb24d5186038
2026-08-23 23:53:45 | team | sess_eb24d5186038 | INFO | Team database initialized
2026-08-23 23:53:45 | team | default_trace_id | INFO | Team workspace directory ensured at /srv/jwteam_clone/shared/run_current
2026-08-23 23:53:45 | team | default_trace_id | INFO | AgentTeam manager initialized for jiuwen_team_sess_eb24d5186038, member=planner2
2026-08-23 23:53:45 | team | default_trace_id | INFO | [planner2] TeamPolicyRail static sections: section_names=['team_role', 'team_persona']
2026-08-23 23:53:45 | team | sess_eb24d5186038 | INFO | [planner2] invoke start, role=teammate
2026-08-23 23:53:45 | team | sess_eb24d5186038 | INFO | [planner2] coordination starting
2026-08-23 23:53:45 | team | sess_eb24d5186038 | INFO | Session tables ready for session sess_eb24d5186038
2026-08-23 23:53:45 | team | sess_eb24d5186038 | INFO | Workspace /srv/jwteam_clone/shared/run_current initialized as plain shared directory (version_control disabled)
2026-08-23 23:53:45 | team | sess_eb24d5186038 | INFO | EventBus[teammate] starting
2026-08-23 23:54:29 | team | sess_eb24d5186038 | INFO | [planner2] HITT section refresh: human_agent_names=[]
2026-08-23 23:55:48 | team | sess_eb24d5186038 | INFO | Message bf3dfc2d-3bae-48b7-aae4-017d65ab1e82 created
2026-08-23 23:56:08 | team | sess_eb24d5186038 | INFO | [planner2] processing 1 unread messages (steer=True)
2026-08-23 23:56:08 | team | sess_eb24d5186038 | INFO | Message 955c3c7b-5516-46ff-b577-28eeaf07663c marked as read by planner2
2026-08-24 00:00:10 | team | sess_eb24d5186038 | INFO | task list drained for team jiuwen_team_sess_eb24d5186038: 3 terminal task(s)
2026-08-24 00:00:22 | team | sess_eb24d5186038 | INFO | [planner2] processing 1 unread messages (steer=True)
2026-08-24 00:00:22 | team | sess_eb24d5186038 | INFO | Message 18d8b734-ffc6-495d-b756-627c42d19389 marked as read by planner2
2026-08-24 00:00:48 | team | sess_eb24d5186038 | INFO | team jiuwen_team_sess_eb24d5186038 reported completed: 9 members, 3 tasks
2026-08-24 00:00:48 | team | sess_eb24d5186038 | INFO | [planner2] received TEAM_STANDBY, pausing polls
2026-08-24 00:00:48 | team | sess_eb24d5186038 | INFO | EventBus[teammate] pausing polls
