2026-08-23 23:53:50 | team | sess_eb24d5186038 | INFO | Team workspace directory ensured at /srv/jwteam_clone/shared/run_current
2026-08-23 23:53:50 | team | sess_eb24d5186038 | INFO | AgentTeam manager initialized for jiuwen_team_sess_eb24d5186038, member=team_leader
2026-08-23 23:53:50 | team | sess_eb24d5186038 | INFO | [team_leader] TeamPolicyRail static sections: section_names=['team_role', 'team_workflow', 'team_swarmflow', 'team_lifecycle', 'team_persona']
2026-08-23 23:53:50 | team | sess_eb24d5186038 | INFO | Session tables ready for session sess_eb24d5186038
2026-08-23 23:53:50 | team | sess_eb24d5186038 | INFO | Team database initialized
2026-08-23 23:53:50 | team | default_trace_id | INFO | Team workspace directory ensured at /srv/jwteam_clone/shared/run_current
2026-08-23 23:53:50 | team | default_trace_id | INFO | AgentTeam manager initialized for jiuwen_team_sess_eb24d5186038, member=verifier2
2026-08-23 23:53:50 | team | default_trace_id | INFO | [verifier2] TeamPolicyRail static sections: section_names=['team_role', 'team_persona']
2026-08-23 23:53:50 | team | sess_eb24d5186038 | INFO | [verifier2] invoke start, role=teammate
2026-08-23 23:53:50 | team | sess_eb24d5186038 | INFO | [verifier2] coordination starting
2026-08-23 23:53:50 | team | sess_eb24d5186038 | INFO | Session tables ready for session sess_eb24d5186038
2026-08-23 23:53:50 | team | sess_eb24d5186038 | INFO | Workspace /srv/jwteam_clone/shared/run_current initialized as plain shared directory (version_control disabled)
2026-08-23 23:53:50 | team | sess_eb24d5186038 | INFO | EventBus[teammate] starting
2026-08-23 23:54:29 | team | sess_eb24d5186038 | INFO | [verifier2] HITT section refresh: human_agent_names=[]
2026-08-23 23:57:57 | team | sess_eb24d5186038 | INFO | Task verify claimed by member verifier2
2026-08-23 23:57:57 | team | sess_eb24d5186038 | INFO | Task verify claimed by member verifier2
2026-08-23 23:57:58 | team | sess_eb24d5186038 | INFO | [verifier2] processing 1 unread messages (steer=True)
2026-08-23 23:57:58 | team | sess_eb24d5186038 | INFO | Message 960a6e26-0445-44c9-a428-3eb331a91df0 marked as read by verifier2
2026-08-23 23:59:30 | team | sess_eb24d5186038 | INFO | Message 6dea4976-4f39-4b07-b33c-d22d1c5f225a created
2026-08-23 23:59:37 | team | sess_eb24d5186038 | INFO | [verifier2] processing 1 unread messages (steer=True)
2026-08-23 23:59:37 | team | sess_eb24d5186038 | INFO | Message 37f4fca9-0e1a-4de4-9644-3833984ff207 marked as read by verifier2
2026-08-24 00:00:10 | team | sess_eb24d5186038 | INFO | task list drained for team jiuwen_team_sess_eb24d5186038: 3 terminal task(s)
2026-08-24 00:00:22 | team | sess_eb24d5186038 | INFO | [verifier2] processing 1 unread messages (steer=True)
2026-08-24 00:00:22 | team | sess_eb24d5186038 | INFO | Message 18d8b734-ffc6-495d-b756-627c42d19389 marked as read by verifier2
2026-08-24 00:00:48 | team | sess_eb24d5186038 | INFO | team jiuwen_team_sess_eb24d5186038 reported completed: 9 members, 3 tasks
2026-08-24 00:00:48 | team | sess_eb24d5186038 | INFO | [verifier2] received TEAM_STANDBY, pausing polls
2026-08-24 00:00:48 | team | sess_eb24d5186038 | INFO | EventBus[teammate] pausing polls
