2026-08-23 23:53:45 | team | sess_eb24d5186038 | INFO | Team workspace directory ensured at /srv/jwteam_clone/shared/run_current
2026-08-23 23:53:45 | team | sess_eb24d5186038 | INFO | AgentTeam manager initialized for jiuwen_team_sess_eb24d5186038, member=team_leader
2026-08-23 23:53:45 | team | sess_eb24d5186038 | INFO | [team_leader] TeamPolicyRail static sections: section_names=['team_role', 'team_workflow', 'team_swarmflow', 'team_lifecycle', 'team_persona']
2026-08-23 23:53:45 | team | sess_eb24d5186038 | INFO | Session tables ready for session sess_eb24d5186038
2026-08-23 23:53:45 | team | sess_eb24d5186038 | INFO | Team database initialized
2026-08-23 23:53:45 | team | default_trace_id | INFO | Team workspace directory ensured at /srv/jwteam_clone/shared/run_current
2026-08-23 23:53:45 | team | default_trace_id | INFO | AgentTeam manager initialized for jiuwen_team_sess_eb24d5186038, member=executor1
2026-08-23 23:53:45 | team | default_trace_id | INFO | [executor1] TeamPolicyRail static sections: section_names=['team_role', 'team_persona']
2026-08-23 23:53:45 | team | sess_eb24d5186038 | INFO | [executor1] invoke start, role=teammate
2026-08-23 23:53:45 | team | sess_eb24d5186038 | INFO | [executor1] coordination starting
2026-08-23 23:53:45 | team | sess_eb24d5186038 | INFO | Session tables ready for session sess_eb24d5186038
2026-08-23 23:53:45 | team | sess_eb24d5186038 | INFO | Workspace /srv/jwteam_clone/shared/run_current initialized as plain shared directory (version_control disabled)
2026-08-23 23:53:45 | team | sess_eb24d5186038 | INFO | EventBus[teammate] starting
2026-08-23 23:54:29 | team | sess_eb24d5186038 | INFO | [executor1] HITT section refresh: human_agent_names=[]
2026-08-23 23:55:42 | team | sess_eb24d5186038 | INFO | [executor1] processing 1 unread messages (steer=True)
2026-08-23 23:55:43 | team | sess_eb24d5186038 | INFO | Message d64b9d23-0297-4dae-9bef-ac2eee76108e marked as read by executor1
2026-08-23 23:55:49 | team | sess_eb24d5186038 | INFO | Task implement claimed by member executor1
2026-08-23 23:55:49 | team | sess_eb24d5186038 | INFO | Task implement claimed by member executor1
2026-08-23 23:56:08 | team | sess_eb24d5186038 | INFO | [executor1] processing 1 unread messages (steer=True)
2026-08-23 23:56:08 | team | sess_eb24d5186038 | INFO | Message b90ab45b-df18-4498-abad-dbb3f8f0aa3f marked as read by executor1
2026-08-23 23:56:43 | team | sess_eb24d5186038 | INFO | [executor1] processing 1 unread messages (steer=True)
2026-08-23 23:56:43 | team | sess_eb24d5186038 | INFO | Message 4e6596eb-5392-42a3-8419-43e8e44601e0 marked as read by executor1
2026-08-23 23:57:54 | team | sess_eb24d5186038 | INFO | Task implement completed at 1787525874218
2026-08-23 23:57:54 | team | sess_eb24d5186038 | INFO | Resolved 1 dependencies for task implement
2026-08-23 23:57:54 | team | sess_eb24d5186038 | INFO | Task verify unblocked (all deps resolved)
2026-08-23 23:57:54 | team | sess_eb24d5186038 | INFO | Task implement completed
2026-08-23 23:57:54 | team | sess_eb24d5186038 | INFO | Unblocked 1 tasks
2026-08-23 23:58:07 | team | sess_eb24d5186038 | INFO | Message 38c3f99a-5532-452b-a62c-1463c3999774 created
2026-08-23 23:58:07 | team | sess_eb24d5186038 | INFO | Message d00f8c38-4b2e-459f-8084-cc2dbfb1ce29 created
2026-08-23 23:58:07 | team | sess_eb24d5186038 | INFO | Message 0be5f67e-784c-41e4-8261-dcae81ce0a72 created
2026-08-23 23:58:33 | team | sess_eb24d5186038 | INFO | [executor1] processing 1 unread messages (steer=True)
2026-08-23 23:58:33 | team | sess_eb24d5186038 | INFO | Message b213bb35-2d79-4d50-9205-c603fd39ce35 marked as read by executor1
2026-08-23 23:58:57 | team | sess_eb24d5186038 | INFO | Message 497f4642-791f-4a1e-b752-3886a1df405e created
2026-08-24 00:00:10 | team | sess_eb24d5186038 | INFO | task list drained for team jiuwen_team_sess_eb24d5186038: 3 terminal task(s)
2026-08-24 00:00:22 | team | sess_eb24d5186038 | INFO | [executor1] processing 1 unread messages (steer=True)
2026-08-24 00:00:22 | team | sess_eb24d5186038 | INFO | Message 18d8b734-ffc6-495d-b756-627c42d19389 marked as read by executor1
2026-08-24 00:00:31 | team | sess_eb24d5186038 | INFO | [executor1] processing 1 unread messages (steer=True)
2026-08-24 00:00:31 | team | sess_eb24d5186038 | INFO | Message 7d439ef0-faba-424c-a573-410209f3edba marked as read by executor1
2026-08-24 00:00:48 | team | sess_eb24d5186038 | INFO | team jiuwen_team_sess_eb24d5186038 reported completed: 9 members, 3 tasks
2026-08-24 00:00:48 | team | sess_eb24d5186038 | INFO | [executor1] received TEAM_STANDBY, pausing polls
2026-08-24 00:00:48 | team | sess_eb24d5186038 | INFO | EventBus[teammate] pausing polls
