2026-08-23 23:53:49 | team | sess_eb24d5186038 | INFO | Team workspace directory ensured at /srv/jwteam_clone/shared/run_current
2026-08-23 23:53:49 | team | sess_eb24d5186038 | INFO | AgentTeam manager initialized for jiuwen_team_sess_eb24d5186038, member=team_leader
2026-08-23 23:53:49 | team | sess_eb24d5186038 | INFO | [team_leader] TeamPolicyRail static sections: section_names=['team_role', 'team_workflow', 'team_swarmflow', 'team_lifecycle', 'team_persona']
2026-08-23 23:53:49 | team | sess_eb24d5186038 | INFO | Session tables ready for session sess_eb24d5186038
2026-08-23 23:53:49 | team | sess_eb24d5186038 | INFO | Team database initialized
2026-08-23 23:53:49 | team | default_trace_id | INFO | Team workspace directory ensured at /srv/jwteam_clone/shared/run_current
2026-08-23 23:53:49 | team | default_trace_id | INFO | AgentTeam manager initialized for jiuwen_team_sess_eb24d5186038, member=verifier1
2026-08-23 23:53:49 | team | default_trace_id | INFO | [verifier1] TeamPolicyRail static sections: section_names=['team_role', 'team_persona']
2026-08-23 23:53:49 | team | sess_eb24d5186038 | INFO | [verifier1] invoke start, role=teammate
2026-08-23 23:53:49 | team | sess_eb24d5186038 | INFO | [verifier1] coordination starting
2026-08-23 23:53:49 | team | sess_eb24d5186038 | INFO | Session tables ready for session sess_eb24d5186038
2026-08-23 23:53:49 | team | sess_eb24d5186038 | INFO | Workspace /srv/jwteam_clone/shared/run_current initialized as plain shared directory (version_control disabled)
2026-08-23 23:53:49 | team | sess_eb24d5186038 | INFO | EventBus[teammate] starting
2026-08-23 23:54:29 | team | sess_eb24d5186038 | INFO | [verifier1] HITT section refresh: human_agent_names=[]
2026-08-23 23:58:07 | team | sess_eb24d5186038 | INFO | [verifier1] processing 1 unread messages (steer=True)
2026-08-23 23:58:07 | team | sess_eb24d5186038 | INFO | Message d00f8c38-4b2e-459f-8084-cc2dbfb1ce29 marked as read by verifier1
2026-08-23 23:59:17 | team | sess_eb24d5186038 | INFO | Task verify claimed by member verifier1
2026-08-23 23:59:17 | team | sess_eb24d5186038 | INFO | Task verify claimed by member verifier1
2026-08-24 00:00:10 | team | sess_eb24d5186038 | INFO | Task verify completed at 1787526010099
2026-08-24 00:00:10 | team | sess_eb24d5186038 | INFO | Task verify completed
2026-08-24 00:00:22 | team | sess_eb24d5186038 | INFO | [verifier1] processing 1 unread messages (steer=True)
2026-08-24 00:00:22 | team | sess_eb24d5186038 | INFO | Message 18d8b734-ffc6-495d-b756-627c42d19389 marked as read by verifier1
2026-08-24 00:00:31 | team | sess_eb24d5186038 | INFO | Message 4efebce5-153b-4846-b343-a00c684c6e24 created
2026-08-24 00:00:31 | team | sess_eb24d5186038 | INFO | Message 7d439ef0-faba-424c-a573-410209f3edba created
2026-08-24 00:00:48 | team | sess_eb24d5186038 | INFO | team jiuwen_team_sess_eb24d5186038 reported completed: 9 members, 3 tasks
2026-08-24 00:00:48 | team | sess_eb24d5186038 | INFO | [verifier1] received TEAM_STANDBY, pausing polls
2026-08-24 00:00:48 | team | sess_eb24d5186038 | INFO | EventBus[teammate] pausing polls
