2026-08-08 02:43:43 | team | sess_50915eb26d5b | INFO | Team workspace directory ensured at /srv/jwteam_clone/shared/run_current
2026-08-08 02:43:43 | team | sess_50915eb26d5b | INFO | AgentTeam manager initialized for jiuwen_team_sess_50915eb26d5b, member=team_leader
2026-08-08 02:43:43 | team | sess_50915eb26d5b | INFO | [team_leader] TeamPolicyRail static sections: section_names=['team_role', 'team_workflow', 'team_swarmflow', 'team_lifecycle', 'team_persona']
2026-08-08 02:43:43 | team | sess_50915eb26d5b | INFO | Session tables ready for session sess_50915eb26d5b
2026-08-08 02:43:43 | team | sess_50915eb26d5b | INFO | Team database initialized
2026-08-08 02:43:43 | team | default_trace_id | INFO | Team workspace directory ensured at /srv/jwteam_clone/shared/run_current
2026-08-08 02:43:43 | team | default_trace_id | INFO | AgentTeam manager initialized for jiuwen_team_sess_50915eb26d5b, member=verifier1
2026-08-08 02:43:43 | team | default_trace_id | INFO | [verifier1] TeamPolicyRail static sections: section_names=['team_role', 'team_persona']
2026-08-08 02:43:44 | team | sess_50915eb26d5b | INFO | [verifier1] invoke start, role=teammate
2026-08-08 02:43:44 | team | sess_50915eb26d5b | INFO | [verifier1] coordination starting
2026-08-08 02:43:44 | team | sess_50915eb26d5b | INFO | Session tables ready for session sess_50915eb26d5b
2026-08-08 02:43:44 | team | sess_50915eb26d5b | INFO | Workspace /srv/jwteam_clone/shared/run_current initialized as plain shared directory (version_control disabled)
2026-08-08 02:43:44 | team | sess_50915eb26d5b | INFO | EventBus[teammate] starting
2026-08-08 02:44:16 | team | sess_50915eb26d5b | INFO | [verifier1] HITT section refresh: human_agent_names=[]
2026-08-08 02:44:27 | team | sess_50915eb26d5b | INFO | [verifier1] processing 1 unread messages (steer=True)
2026-08-08 02:44:27 | team | sess_50915eb26d5b | INFO | Message 8b98eb60-1843-4c96-b584-c068c718e243 marked as read by verifier1
2026-08-08 02:44:36 | team | sess_50915eb26d5b | INFO | [verifier1] processing 1 unread messages (steer=True)
2026-08-08 02:44:36 | team | sess_50915eb26d5b | INFO | Message 92ca25e1-7a3d-468b-a476-b6bfbe28d496 marked as read by verifier1
2026-08-08 02:47:17 | team | sess_50915eb26d5b | INFO | [verifier1] processing 1 unread messages (steer=True)
2026-08-08 02:47:17 | team | sess_50915eb26d5b | INFO | Message 803aa42f-7c88-4238-bd2c-a1b59c55fc30 marked as read by verifier1
2026-08-08 02:47:22 | team | sess_50915eb26d5b | INFO | Task verify1 claimed by member verifier1
2026-08-08 02:47:22 | team | sess_50915eb26d5b | INFO | Task verify1 claimed by member verifier1
2026-08-08 02:47:23 | team | sess_50915eb26d5b | INFO | [verifier1] processing 1 unread messages (steer=True)
2026-08-08 02:47:23 | team | sess_50915eb26d5b | INFO | Message 1899c226-7478-417f-b17d-30ae386ae2a9 marked as read by verifier1
2026-08-08 02:50:26 | team | sess_50915eb26d5b | INFO | Task verify1 completed at 1786153826410
2026-08-08 02:50:26 | team | sess_50915eb26d5b | INFO | Task verify1 completed
2026-08-08 02:50:33 | team | sess_50915eb26d5b | INFO | Message 89bcb6a2-f1b5-4700-ad17-8c68002ad641 created
2026-08-08 02:50:42 | team | sess_50915eb26d5b | INFO | team jiuwen_team_sess_50915eb26d5b reported completed: 9 members, 4 tasks
2026-08-08 02:50:43 | team | sess_50915eb26d5b | INFO | [verifier1] received TEAM_STANDBY, pausing polls
2026-08-08 02:50:43 | team | sess_50915eb26d5b | INFO | EventBus[teammate] pausing polls
