2026-08-08 02:43:40 | team | sess_50915eb26d5b | INFO | Team workspace directory ensured at /srv/jwteam_clone/shared/run_current
2026-08-08 02:43:40 | team | sess_50915eb26d5b | INFO | AgentTeam manager initialized for jiuwen_team_sess_50915eb26d5b, member=team_leader
2026-08-08 02:43:40 | team | sess_50915eb26d5b | INFO | [team_leader] TeamPolicyRail static sections: section_names=['team_role', 'team_workflow', 'team_swarmflow', 'team_lifecycle', 'team_persona']
2026-08-08 02:43:40 | team | sess_50915eb26d5b | INFO | Session tables ready for session sess_50915eb26d5b
2026-08-08 02:43:40 | team | sess_50915eb26d5b | INFO | Team database initialized
2026-08-08 02:43:40 | team | default_trace_id | INFO | Team workspace directory ensured at /srv/jwteam_clone/shared/run_current
2026-08-08 02:43:40 | team | default_trace_id | INFO | AgentTeam manager initialized for jiuwen_team_sess_50915eb26d5b, member=planner2
2026-08-08 02:43:40 | team | default_trace_id | INFO | [planner2] TeamPolicyRail static sections: section_names=['team_role', 'team_persona']
2026-08-08 02:43:40 | team | sess_50915eb26d5b | INFO | [planner2] invoke start, role=teammate
2026-08-08 02:43:40 | team | sess_50915eb26d5b | INFO | [planner2] coordination starting
2026-08-08 02:43:40 | team | sess_50915eb26d5b | INFO | Session tables ready for session sess_50915eb26d5b
2026-08-08 02:43:40 | team | sess_50915eb26d5b | INFO | Workspace /srv/jwteam_clone/shared/run_current initialized as plain shared directory (version_control disabled)
2026-08-08 02:43:40 | team | sess_50915eb26d5b | INFO | EventBus[teammate] starting
2026-08-08 02:44:16 | team | sess_50915eb26d5b | INFO | [planner2] HITT section refresh: human_agent_names=[]
2026-08-08 02:44:25 | team | sess_50915eb26d5b | INFO | Task plan claimed by member planner2
2026-08-08 02:44:25 | team | sess_50915eb26d5b | INFO | Task plan claimed by member planner2
2026-08-08 02:44:27 | team | sess_50915eb26d5b | INFO | [planner2] processing 1 unread messages (steer=True)
2026-08-08 02:44:27 | team | sess_50915eb26d5b | INFO | Message 8b98eb60-1843-4c96-b584-c068c718e243 marked as read by planner2
2026-08-08 02:44:36 | team | sess_50915eb26d5b | INFO | [planner2] processing 1 unread messages (steer=True)
2026-08-08 02:44:36 | team | sess_50915eb26d5b | INFO | Message 92ca25e1-7a3d-468b-a476-b6bfbe28d496 marked as read by planner2
2026-08-08 02:44:42 | team | sess_50915eb26d5b | INFO | Message d0d1d79b-5181-4155-8c0c-fe68126a4738 created
2026-08-08 02:44:50 | team | sess_50915eb26d5b | INFO | Message 2010c575-b05a-4676-a494-a4afd02bbc2e created
2026-08-08 02:44:53 | team | sess_50915eb26d5b | INFO | [planner2] processing 1 unread messages (steer=True)
2026-08-08 02:44:53 | team | sess_50915eb26d5b | INFO | Message d02367f9-d9c2-404d-85ce-4cc38f6b9854 marked as read by planner2
2026-08-08 02:44:54 | team | sess_50915eb26d5b | INFO | [planner2] processing 1 unread messages (steer=True)
2026-08-08 02:44:54 | team | sess_50915eb26d5b | INFO | Message 21ddc324-e574-4a6f-a74c-778fb11a5f24 marked as read by planner2
2026-08-08 02:44:56 | team | sess_50915eb26d5b | INFO | [planner2] processing 1 unread messages (steer=True)
2026-08-08 02:44:56 | team | sess_50915eb26d5b | INFO | Message b20171d7-1919-4430-811d-35eebee52472 marked as read by planner2
2026-08-08 02:45:35 | team | sess_50915eb26d5b | INFO | Message 59fc8231-e562-4277-a655-ce4c598c8c3c created
2026-08-08 02:45:48 | team | sess_50915eb26d5b | INFO | Task plan completed at 1786153548318
2026-08-08 02:45:48 | team | sess_50915eb26d5b | INFO | Message c0db4b74-20e0-4f42-b5e3-ea5341408d99 created
2026-08-08 02:45:48 | team | sess_50915eb26d5b | INFO | Resolved 1 dependencies for task plan
2026-08-08 02:45:48 | team | sess_50915eb26d5b | INFO | Task implement unblocked (all deps resolved)
2026-08-08 02:45:48 | team | sess_50915eb26d5b | INFO | Task plan completed
2026-08-08 02:45:48 | team | sess_50915eb26d5b | INFO | Unblocked 1 tasks
2026-08-08 02:45:48 | team | sess_50915eb26d5b | INFO | Message 0edf17da-216c-4ee5-ad0b-b9e263d9022b created
2026-08-08 02:46:02 | team | sess_50915eb26d5b | INFO | [planner2] processing 1 unread messages (steer=True)
2026-08-08 02:46:02 | team | sess_50915eb26d5b | INFO | Message 9a107955-ef7f-4a7b-a8ec-d092d02254d7 marked as read by planner2
2026-08-08 02:46:04 | team | sess_50915eb26d5b | INFO | [planner2] processing 1 unread messages (steer=True)
2026-08-08 02:46:04 | team | sess_50915eb26d5b | INFO | Message 511b7e4f-b472-4c62-82d3-6a22eaac74c2 marked as read by planner2
2026-08-08 02:46:33 | team | sess_50915eb26d5b | INFO | Message deddf0a8-bf05-4174-84ce-f59eb0122dfe created
2026-08-08 02:46:33 | team | sess_50915eb26d5b | INFO | Message 5bbeb3e9-c7d2-4d24-83a2-d0dc4b4fb91e created
2026-08-08 02:46:40 | team | sess_50915eb26d5b | INFO | [planner2] processing 1 unread messages (steer=True)
2026-08-08 02:46:40 | team | sess_50915eb26d5b | INFO | Message b27fe1fc-55f9-484d-8a4c-cb523777e254 marked as read by planner2
2026-08-08 02:50:26 | team | sess_50915eb26d5b | INFO | task list drained for team jiuwen_team_sess_50915eb26d5b: 4 terminal task(s)
2026-08-08 02:50:42 | team | sess_50915eb26d5b | INFO | team jiuwen_team_sess_50915eb26d5b reported completed: 9 members, 4 tasks
2026-08-08 02:50:43 | team | sess_50915eb26d5b | INFO | [planner2] received TEAM_STANDBY, pausing polls
2026-08-08 02:50:43 | team | sess_50915eb26d5b | INFO | EventBus[teammate] pausing polls
