2026-08-08 02:43:39 | team | sess_50915eb26d5b | INFO | Team workspace directory ensured at /srv/jwteam_clone/shared/run_current
2026-08-08 02:43:39 | team | sess_50915eb26d5b | INFO | AgentTeam manager initialized for jiuwen_team_sess_50915eb26d5b, member=team_leader
2026-08-08 02:43:39 | team | sess_50915eb26d5b | INFO | [team_leader] TeamPolicyRail static sections: section_names=['team_role', 'team_workflow', 'team_swarmflow', 'team_lifecycle', 'team_persona']
2026-08-08 02:43:39 | team | sess_50915eb26d5b | INFO | Session tables ready for session sess_50915eb26d5b
2026-08-08 02:43:39 | team | sess_50915eb26d5b | INFO | Team database initialized
2026-08-08 02:43:39 | team | default_trace_id | INFO | Team workspace directory ensured at /srv/jwteam_clone/shared/run_current
2026-08-08 02:43:39 | team | default_trace_id | INFO | AgentTeam manager initialized for jiuwen_team_sess_50915eb26d5b, member=planner1
2026-08-08 02:43:39 | team | default_trace_id | INFO | [planner1] TeamPolicyRail static sections: section_names=['team_role', 'team_persona']
2026-08-08 02:43:39 | team | sess_50915eb26d5b | INFO | [planner1] invoke start, role=teammate
2026-08-08 02:43:39 | team | sess_50915eb26d5b | INFO | [planner1] coordination starting
2026-08-08 02:43:39 | team | sess_50915eb26d5b | INFO | Session tables ready for session sess_50915eb26d5b
2026-08-08 02:43:39 | team | sess_50915eb26d5b | INFO | Workspace /srv/jwteam_clone/shared/run_current initialized as plain shared directory (version_control disabled)
2026-08-08 02:43:39 | team | sess_50915eb26d5b | INFO | EventBus[teammate] starting
2026-08-08 02:44:16 | team | sess_50915eb26d5b | INFO | [planner1] HITT section refresh: human_agent_names=[]
2026-08-08 02:44:27 | team | sess_50915eb26d5b | INFO | [planner1] processing 1 unread messages (steer=True)
2026-08-08 02:44:27 | team | sess_50915eb26d5b | INFO | Message 8b98eb60-1843-4c96-b584-c068c718e243 marked as read by planner1
2026-08-08 02:44:36 | team | sess_50915eb26d5b | INFO | [planner1] processing 1 unread messages (steer=True)
2026-08-08 02:44:36 | team | sess_50915eb26d5b | INFO | Message 92ca25e1-7a3d-468b-a476-b6bfbe28d496 marked as read by planner1
2026-08-08 02:44:41 | team | sess_50915eb26d5b | INFO | Message 72ffc5e0-8126-4be7-a932-3ffacc389772 created
2026-08-08 02:44:42 | team | sess_50915eb26d5b | INFO | [planner1] processing 1 unread messages (steer=True)
2026-08-08 02:44:42 | team | sess_50915eb26d5b | INFO | Message e33b0e65-b766-4cfd-a2a9-fcfa2c8365d2 marked as read by planner1
2026-08-08 02:44:53 | team | sess_50915eb26d5b | INFO | [planner1] processing 1 unread messages (steer=True)
2026-08-08 02:44:53 | team | sess_50915eb26d5b | INFO | Message 22e5b834-c534-4cc9-af4e-06425b2992c4 marked as read by planner1
2026-08-08 02:44:54 | team | sess_50915eb26d5b | INFO | Message 21ddc324-e574-4a6f-a74c-778fb11a5f24 created
2026-08-08 02:44:54 | team | sess_50915eb26d5b | INFO | Message be7b71b6-9dec-4b8c-aafe-0291440e235f created
2026-08-08 02:45:00 | team | sess_50915eb26d5b | INFO | Message 542d6e9e-abe2-4c64-80d4-a6c7b9e6d180 created
2026-08-08 02:45:00 | team | sess_50915eb26d5b | INFO | Message 5e7c4052-0958-4e1a-9989-fd1833fff011 created
2026-08-08 02:45:04 | team | sess_50915eb26d5b | INFO | [planner1] processing 1 unread messages (steer=True)
2026-08-08 02:45:04 | team | sess_50915eb26d5b | INFO | Message 7cb3daef-bc3d-4ab7-9135-ef856bbe7e4b marked as read by planner1
2026-08-08 02:45:10 | team | sess_50915eb26d5b | INFO | Message e90b9e78-66e4-4e5f-bd51-b5a35d126ebf created
2026-08-08 02:45:14 | team | sess_50915eb26d5b | INFO | [planner1] processing 1 unread messages (steer=True)
2026-08-08 02:45:14 | team | sess_50915eb26d5b | INFO | Message 8f70fafc-d66b-44ae-a1d7-6c29fa72bed8 marked as read by planner1
2026-08-08 02:45:48 | team | sess_50915eb26d5b | INFO | [planner1] processing 1 unread messages (steer=True)
2026-08-08 02:45:48 | team | sess_50915eb26d5b | INFO | Message c0db4b74-20e0-4f42-b5e3-ea5341408d99 marked as read by planner1
2026-08-08 02:46:04 | team | sess_50915eb26d5b | INFO | Message 511b7e4f-b472-4c62-82d3-6a22eaac74c2 created
2026-08-08 02:46:33 | team | sess_50915eb26d5b | INFO | [planner1] processing 1 unread messages (steer=True)
2026-08-08 02:46:33 | team | sess_50915eb26d5b | INFO | Message deddf0a8-bf05-4174-84ce-f59eb0122dfe marked as read by planner1
2026-08-08 02:46:40 | team | sess_50915eb26d5b | INFO | Message b27fe1fc-55f9-484d-8a4c-cb523777e254 created
2026-08-08 02:50:26 | team | sess_50915eb26d5b | INFO | task list drained for team jiuwen_team_sess_50915eb26d5b: 4 terminal task(s)
2026-08-08 02:50:42 | team | sess_50915eb26d5b | INFO | team jiuwen_team_sess_50915eb26d5b reported completed: 9 members, 4 tasks
2026-08-08 02:50:43 | team | sess_50915eb26d5b | INFO | [planner1] received TEAM_STANDBY, pausing polls
2026-08-08 02:50:43 | team | sess_50915eb26d5b | INFO | EventBus[teammate] pausing polls
