2026-08-08 02:43:44 | team | sess_50915eb26d5b | INFO | Team workspace directory ensured at /srv/jwteam_clone/shared/run_current
2026-08-08 02:43:44 | team | sess_50915eb26d5b | INFO | AgentTeam manager initialized for jiuwen_team_sess_50915eb26d5b, member=team_leader
2026-08-08 02:43:44 | team | sess_50915eb26d5b | INFO | [team_leader] TeamPolicyRail static sections: section_names=['team_role', 'team_workflow', 'team_swarmflow', 'team_lifecycle', 'team_persona']
2026-08-08 02:43:45 | team | sess_50915eb26d5b | INFO | Session tables ready for session sess_50915eb26d5b
2026-08-08 02:43:45 | team | sess_50915eb26d5b | INFO | Team database initialized
2026-08-08 02:43:45 | team | default_trace_id | INFO | Team workspace directory ensured at /srv/jwteam_clone/shared/run_current
2026-08-08 02:43:45 | team | default_trace_id | INFO | AgentTeam manager initialized for jiuwen_team_sess_50915eb26d5b, member=verifier2
2026-08-08 02:43:45 | team | default_trace_id | INFO | [verifier2] TeamPolicyRail static sections: section_names=['team_role', 'team_persona']
2026-08-08 02:43:45 | team | sess_50915eb26d5b | INFO | [verifier2] invoke start, role=teammate
2026-08-08 02:43:45 | team | sess_50915eb26d5b | INFO | [verifier2] coordination starting
2026-08-08 02:43:45 | team | sess_50915eb26d5b | INFO | Session tables ready for session sess_50915eb26d5b
2026-08-08 02:43:45 | team | sess_50915eb26d5b | INFO | Workspace /srv/jwteam_clone/shared/run_current initialized as plain shared directory (version_control disabled)
2026-08-08 02:43:45 | team | sess_50915eb26d5b | INFO | EventBus[teammate] starting
2026-08-08 02:44:15 | team | sess_50915eb26d5b | INFO | [verifier2] HITT section refresh: human_agent_names=[]
2026-08-08 02:44:27 | team | sess_50915eb26d5b | INFO | [verifier2] processing 1 unread messages (steer=True)
2026-08-08 02:44:27 | team | sess_50915eb26d5b | INFO | Message 8b98eb60-1843-4c96-b584-c068c718e243 marked as read by verifier2
2026-08-08 02:44:36 | team | sess_50915eb26d5b | INFO | [verifier2] processing 1 unread messages (steer=True)
2026-08-08 02:44:36 | team | sess_50915eb26d5b | INFO | Message 92ca25e1-7a3d-468b-a476-b6bfbe28d496 marked as read by verifier2
2026-08-08 02:47:18 | team | sess_50915eb26d5b | INFO | [verifier2] processing 1 unread messages (steer=True)
2026-08-08 02:47:18 | team | sess_50915eb26d5b | INFO | Message ed4e29f2-8a37-493c-90e1-ede48693daf8 marked as read by verifier2
2026-08-08 02:47:22 | team | sess_50915eb26d5b | INFO | Task verify2 claimed by member verifier2
2026-08-08 02:47:22 | team | sess_50915eb26d5b | INFO | Task verify2 claimed by member verifier2
2026-08-08 02:47:23 | team | sess_50915eb26d5b | INFO | [verifier2] processing 1 unread messages (steer=True)
2026-08-08 02:47:23 | team | sess_50915eb26d5b | INFO | Message 972772a4-cfbc-4068-86bc-f76d40eb818d marked as read by verifier2
2026-08-08 02:48:18 | team | sess_50915eb26d5b | INFO | Task verify2 completed at 1786153698779
2026-08-08 02:48:18 | team | sess_50915eb26d5b | INFO | Message 87444745-76f2-4b8a-9fd9-e242bb371b3c created
2026-08-08 02:48:18 | team | sess_50915eb26d5b | INFO | Task verify2 completed
2026-08-08 02:50:26 | team | sess_50915eb26d5b | INFO | task list drained for team jiuwen_team_sess_50915eb26d5b: 4 terminal task(s)
2026-08-08 02:50:42 | team | sess_50915eb26d5b | INFO | team jiuwen_team_sess_50915eb26d5b reported completed: 9 members, 4 tasks
2026-08-08 02:50:43 | team | sess_50915eb26d5b | INFO | [verifier2] received TEAM_STANDBY, pausing polls
2026-08-08 02:50:43 | team | sess_50915eb26d5b | INFO | EventBus[teammate] pausing polls
