2026-08-08 02:43:41 | team | sess_50915eb26d5b | INFO | Team workspace directory ensured at /srv/jwteam_clone/shared/run_current
2026-08-08 02:43:41 | team | sess_50915eb26d5b | INFO | AgentTeam manager initialized for jiuwen_team_sess_50915eb26d5b, member=team_leader
2026-08-08 02:43:41 | team | sess_50915eb26d5b | INFO | [team_leader] TeamPolicyRail static sections: section_names=['team_role', 'team_workflow', 'team_swarmflow', 'team_lifecycle', 'team_persona']
2026-08-08 02:43:41 | team | sess_50915eb26d5b | INFO | Session tables ready for session sess_50915eb26d5b
2026-08-08 02:43:41 | team | sess_50915eb26d5b | INFO | Team database initialized
2026-08-08 02:43:41 | team | default_trace_id | INFO | Team workspace directory ensured at /srv/jwteam_clone/shared/run_current
2026-08-08 02:43:41 | team | default_trace_id | INFO | AgentTeam manager initialized for jiuwen_team_sess_50915eb26d5b, member=executor1
2026-08-08 02:43:41 | team | default_trace_id | INFO | [executor1] TeamPolicyRail static sections: section_names=['team_role', 'team_persona']
2026-08-08 02:43:41 | team | sess_50915eb26d5b | INFO | [executor1] invoke start, role=teammate
2026-08-08 02:43:41 | team | sess_50915eb26d5b | INFO | [executor1] coordination starting
2026-08-08 02:43:41 | team | sess_50915eb26d5b | INFO | Session tables ready for session sess_50915eb26d5b
2026-08-08 02:43:41 | team | sess_50915eb26d5b | INFO | Workspace /srv/jwteam_clone/shared/run_current initialized as plain shared directory (version_control disabled)
2026-08-08 02:43:41 | team | sess_50915eb26d5b | INFO | EventBus[teammate] starting
2026-08-08 02:44:16 | team | sess_50915eb26d5b | INFO | [executor1] HITT section refresh: human_agent_names=[]
2026-08-08 02:44:27 | team | sess_50915eb26d5b | INFO | [executor1] processing 1 unread messages (steer=True)
2026-08-08 02:44:27 | team | sess_50915eb26d5b | INFO | Message 8b98eb60-1843-4c96-b584-c068c718e243 marked as read by executor1
2026-08-08 02:44:36 | team | sess_50915eb26d5b | INFO | Message 92ca25e1-7a3d-468b-a476-b6bfbe28d496 created
2026-08-08 02:44:49 | team | sess_50915eb26d5b | INFO | [executor1] processing 1 unread messages (steer=True)
2026-08-08 02:44:49 | team | sess_50915eb26d5b | INFO | Message 5a11886b-c49c-422b-a612-56f31bd115ad marked as read by executor1
2026-08-08 02:44:50 | team | sess_50915eb26d5b | INFO | [executor1] processing 1 unread messages (steer=True)
2026-08-08 02:44:50 | team | sess_50915eb26d5b | INFO | Message 2010c575-b05a-4676-a494-a4afd02bbc2e marked as read by executor1
2026-08-08 02:44:52 | team | sess_50915eb26d5b | INFO | Message 96895b2d-950d-4f36-b0e0-2fd68c41a3ca created
2026-08-08 02:44:53 | team | sess_50915eb26d5b | INFO | [executor1] processing 1 unread messages (steer=True)
2026-08-08 02:44:53 | team | sess_50915eb26d5b | INFO | Message 82a87f50-87b6-41e6-9136-ef5880a9476b marked as read by executor1
2026-08-08 02:44:54 | team | sess_50915eb26d5b | INFO | [executor1] processing 1 unread messages (steer=True)
2026-08-08 02:44:54 | team | sess_50915eb26d5b | INFO | Message be7b71b6-9dec-4b8c-aafe-0291440e235f marked as read by executor1
2026-08-08 02:44:56 | team | sess_50915eb26d5b | INFO | Message b20171d7-1919-4430-811d-35eebee52472 created
2026-08-08 02:45:00 | team | sess_50915eb26d5b | INFO | Message fd51c5c3-2355-4c4f-9f98-b9de2c225bf2 created
2026-08-08 02:45:03 | team | sess_50915eb26d5b | INFO | Message 7cb3daef-bc3d-4ab7-9135-ef856bbe7e4b created
2026-08-08 02:45:10 | team | sess_50915eb26d5b | INFO | [executor1] processing 1 unread messages (steer=True)
2026-08-08 02:45:10 | team | sess_50915eb26d5b | INFO | Message e90b9e78-66e4-4e5f-bd51-b5a35d126ebf marked as read by executor1
2026-08-08 02:45:14 | team | sess_50915eb26d5b | INFO | Message 8f70fafc-d66b-44ae-a1d7-6c29fa72bed8 created
2026-08-08 02:45:35 | team | sess_50915eb26d5b | INFO | [executor1] processing 1 unread messages (steer=True)
2026-08-08 02:45:36 | team | sess_50915eb26d5b | INFO | Message 59fc8231-e562-4277-a655-ce4c598c8c3c marked as read by executor1
2026-08-08 02:46:02 | team | sess_50915eb26d5b | INFO | [executor1] received TASK_CLAIMED for self, task_id=implement, human_agent=False
2026-08-08 02:46:02 | team | sess_50915eb26d5b | INFO | Message 9a107955-ef7f-4a7b-a8ec-d092d02254d7 created
2026-08-08 02:46:03 | team | sess_50915eb26d5b | INFO | [executor1] processing 1 unread messages (steer=True)
2026-08-08 02:46:03 | team | sess_50915eb26d5b | INFO | Message 0107c91b-5ccf-4757-a55e-aa806a9a5903 marked as read by executor1
2026-08-08 02:46:07 | team | sess_50915eb26d5b | INFO | [executor1] processing 1 unread messages (steer=True)
2026-08-08 02:46:07 | team | sess_50915eb26d5b | INFO | Message f27c1a44-9f1f-43f1-bbc2-b8a56bac0fed marked as read by executor1
2026-08-08 02:46:15 | team | sess_50915eb26d5b | INFO | Message 87080861-5448-4dbd-b339-9b2289e74614 created
2026-08-08 02:46:15 | team | sess_50915eb26d5b | INFO | Message a44dd35b-27bc-479e-a327-7ebfd2d5dde0 created
2026-08-08 02:46:33 | team | sess_50915eb26d5b | INFO | [executor1] processing 1 unread messages (steer=True)
2026-08-08 02:46:33 | team | sess_50915eb26d5b | INFO | Message 5bbeb3e9-c7d2-4d24-83a2-d0dc4b4fb91e marked as read by executor1
2026-08-08 02:47:17 | team | sess_50915eb26d5b | INFO | Task implement completed at 1786153637832
2026-08-08 02:47:17 | team | sess_50915eb26d5b | INFO | Message 803aa42f-7c88-4238-bd2c-a1b59c55fc30 created
2026-08-08 02:47:17 | team | sess_50915eb26d5b | INFO | Resolved 2 dependencies for task implement
2026-08-08 02:47:17 | team | sess_50915eb26d5b | INFO | Task verify1 unblocked (all deps resolved)
2026-08-08 02:47:17 | team | sess_50915eb26d5b | INFO | Task verify2 unblocked (all deps resolved)
2026-08-08 02:47:17 | team | sess_50915eb26d5b | INFO | Task implement completed
2026-08-08 02:47:17 | team | sess_50915eb26d5b | INFO | Unblocked 2 tasks
2026-08-08 02:47:17 | team | sess_50915eb26d5b | INFO | Message ed4e29f2-8a37-493c-90e1-ede48693daf8 created
2026-08-08 02:47:22 | team | sess_50915eb26d5b | INFO | Message 5ad2ae63-7dfd-4231-82cf-e6ff56f5437a created
2026-08-08 02:50:26 | team | sess_50915eb26d5b | INFO | task list drained for team jiuwen_team_sess_50915eb26d5b: 4 terminal task(s)
2026-08-08 02:50:42 | team | sess_50915eb26d5b | INFO | team jiuwen_team_sess_50915eb26d5b reported completed: 9 members, 4 tasks
2026-08-08 02:50:43 | team | sess_50915eb26d5b | INFO | [executor1] received TEAM_STANDBY, pausing polls
2026-08-08 02:50:43 | team | sess_50915eb26d5b | INFO | EventBus[teammate] pausing polls
