2026-08-08 02:43:42 | team | sess_50915eb26d5b | INFO | Team workspace directory ensured at /srv/jwteam_clone/shared/run_current
2026-08-08 02:43:42 | team | sess_50915eb26d5b | INFO | AgentTeam manager initialized for jiuwen_team_sess_50915eb26d5b, member=team_leader
2026-08-08 02:43:42 | team | sess_50915eb26d5b | INFO | [team_leader] TeamPolicyRail static sections: section_names=['team_role', 'team_workflow', 'team_swarmflow', 'team_lifecycle', 'team_persona']
2026-08-08 02:43:43 | team | sess_50915eb26d5b | INFO | Session tables ready for session sess_50915eb26d5b
2026-08-08 02:43:43 | team | sess_50915eb26d5b | INFO | Team database initialized
2026-08-08 02:43:43 | team | default_trace_id | INFO | Team workspace directory ensured at /srv/jwteam_clone/shared/run_current
2026-08-08 02:43:43 | team | default_trace_id | INFO | AgentTeam manager initialized for jiuwen_team_sess_50915eb26d5b, member=executor3
2026-08-08 02:43:43 | team | default_trace_id | INFO | [executor3] TeamPolicyRail static sections: section_names=['team_role', 'team_persona']
2026-08-08 02:43:43 | team | sess_50915eb26d5b | INFO | [executor3] invoke start, role=teammate
2026-08-08 02:43:43 | team | sess_50915eb26d5b | INFO | [executor3] coordination starting
2026-08-08 02:43:43 | team | sess_50915eb26d5b | INFO | Session tables ready for session sess_50915eb26d5b
2026-08-08 02:43:43 | team | sess_50915eb26d5b | INFO | Workspace /srv/jwteam_clone/shared/run_current initialized as plain shared directory (version_control disabled)
2026-08-08 02:43:43 | team | sess_50915eb26d5b | INFO | EventBus[teammate] starting
2026-08-08 02:44:15 | team | sess_50915eb26d5b | INFO | [executor3] HITT section refresh: human_agent_names=[]
2026-08-08 02:44:27 | team | sess_50915eb26d5b | INFO | [executor3] processing 1 unread messages (steer=True)
2026-08-08 02:44:27 | team | sess_50915eb26d5b | INFO | Message 8b98eb60-1843-4c96-b584-c068c718e243 marked as read by executor3
2026-08-08 02:44:36 | team | sess_50915eb26d5b | INFO | [executor3] processing 1 unread messages (steer=True)
2026-08-08 02:44:36 | team | sess_50915eb26d5b | INFO | Message 92ca25e1-7a3d-468b-a476-b6bfbe28d496 marked as read by executor3
2026-08-08 02:44:42 | team | sess_50915eb26d5b | INFO | Message e33b0e65-b766-4cfd-a2a9-fcfa2c8365d2 created
2026-08-08 02:45:00 | team | sess_50915eb26d5b | INFO | [executor3] processing 1 unread messages (steer=True)
2026-08-08 02:45:00 | team | sess_50915eb26d5b | INFO | Message 5e7c4052-0958-4e1a-9989-fd1833fff011 marked as read by executor3
2026-08-08 02:46:03 | team | sess_50915eb26d5b | INFO | Message 0107c91b-5ccf-4757-a55e-aa806a9a5903 created
2026-08-08 02:46:15 | team | sess_50915eb26d5b | INFO | [executor3] processing 1 unread messages (steer=True)
2026-08-08 02:46:15 | team | sess_50915eb26d5b | INFO | Message 87080861-5448-4dbd-b339-9b2289e74614 marked as read by executor3
2026-08-08 02:47:23 | team | sess_50915eb26d5b | INFO | Message 1899c226-7478-417f-b17d-30ae386ae2a9 created
2026-08-08 02:47:23 | team | sess_50915eb26d5b | INFO | Message 972772a4-cfbc-4068-86bc-f76d40eb818d created
2026-08-08 02:50:26 | team | sess_50915eb26d5b | INFO | task list drained for team jiuwen_team_sess_50915eb26d5b: 4 terminal task(s)
2026-08-08 02:50:42 | team | sess_50915eb26d5b | INFO | team jiuwen_team_sess_50915eb26d5b reported completed: 9 members, 4 tasks
2026-08-08 02:50:43 | team | sess_50915eb26d5b | INFO | [executor3] received TEAM_STANDBY, pausing polls
2026-08-08 02:50:43 | team | sess_50915eb26d5b | INFO | EventBus[teammate] pausing polls
