2026-08-08 13:56:44 | team | sess_2f86a2072016 | INFO | Team workspace directory ensured at /srv/jwteam_clone/shared/run_current
2026-08-08 13:56:44 | team | sess_2f86a2072016 | INFO | AgentTeam manager initialized for jiuwen_team_sess_2f86a2072016, member=team_leader
2026-08-08 13:56:44 | team | sess_2f86a2072016 | INFO | [team_leader] TeamPolicyRail static sections: section_names=['team_role', 'team_workflow', 'team_swarmflow', 'team_lifecycle', 'team_persona']
2026-08-08 13:56:44 | team | sess_2f86a2072016 | INFO | Session tables ready for session sess_2f86a2072016
2026-08-08 13:56:44 | team | sess_2f86a2072016 | INFO | Team database initialized
2026-08-08 13:56:44 | team | default_trace_id | INFO | Team workspace directory ensured at /srv/jwteam_clone/shared/run_current
2026-08-08 13:56:44 | team | default_trace_id | INFO | AgentTeam manager initialized for jiuwen_team_sess_2f86a2072016, member=executor2
2026-08-08 13:56:44 | team | default_trace_id | INFO | [executor2] TeamPolicyRail static sections: section_names=['team_role', 'team_persona']
2026-08-08 13:56:44 | team | sess_2f86a2072016 | INFO | [executor2] invoke start, role=teammate
2026-08-08 13:56:44 | team | sess_2f86a2072016 | INFO | [executor2] coordination starting
2026-08-08 13:56:44 | team | sess_2f86a2072016 | INFO | Session tables ready for session sess_2f86a2072016
2026-08-08 13:56:44 | team | sess_2f86a2072016 | INFO | Workspace /srv/jwteam_clone/shared/run_current initialized as plain shared directory (version_control disabled)
2026-08-08 13:56:44 | team | sess_2f86a2072016 | INFO | EventBus[teammate] starting
2026-08-08 13:57:09 | team | sess_2f86a2072016 | INFO | [executor2] HITT section refresh: human_agent_names=[]
2026-08-08 13:57:29 | team | sess_2f86a2072016 | INFO | [executor2] processing 1 unread messages (steer=True)
2026-08-08 13:57:29 | team | sess_2f86a2072016 | INFO | Message 693ccc56-ac71-417f-81a9-8949dbb0c24f marked as read by executor2
2026-08-08 13:57:39 | team | sess_2f86a2072016 | INFO | Message ed8dc907-658e-45ae-9b9f-d80f424fd140 created
2026-08-08 13:58:05 | team | sess_2f86a2072016 | INFO | [executor2] processing 1 unread messages (steer=True)
2026-08-08 13:58:05 | team | sess_2f86a2072016 | INFO | Message 50769235-8ad0-4f8f-a39d-68b52137a418 marked as read by executor2
2026-08-08 13:58:19 | team | sess_2f86a2072016 | INFO | [executor2] processing 1 unread messages (steer=True)
2026-08-08 13:58:19 | team | sess_2f86a2072016 | INFO | Message 3ce984d9-0afe-42c6-8d92-06022160c884 marked as read by executor2
2026-08-08 13:58:22 | team | sess_2f86a2072016 | INFO | Task test9-implement claimed by member executor2
2026-08-08 13:58:22 | team | sess_2f86a2072016 | INFO | Task test9-implement claimed by member executor2
2026-08-08 14:00:11 | team | sess_2f86a2072016 | INFO | Message e66059bd-5b0c-4e8d-aa94-78d610517f2f created
2026-08-08 14:00:14 | team | sess_2f86a2072016 | INFO | Task test9-implement completed at 1786194014928
2026-08-08 14:00:14 | team | sess_2f86a2072016 | INFO | Resolved 1 dependencies for task test9-implement
2026-08-08 14:00:14 | team | sess_2f86a2072016 | INFO | Task test9-verify unblocked (all deps resolved)
2026-08-08 14:00:14 | team | sess_2f86a2072016 | INFO | Task test9-implement completed
2026-08-08 14:00:14 | team | sess_2f86a2072016 | INFO | Unblocked 1 tasks
2026-08-08 14:03:52 | team | sess_2f86a2072016 | INFO | task list drained for team jiuwen_team_sess_2f86a2072016: 6 terminal task(s)
2026-08-08 14:04:11 | team | sess_2f86a2072016 | INFO | [executor2] processing 1 unread messages (steer=True)
2026-08-08 14:04:11 | team | sess_2f86a2072016 | INFO | Message f7402b0a-ccee-41f5-a623-2611ab941f4b marked as read by executor2
2026-08-08 14:04:22 | team | sess_2f86a2072016 | INFO | team jiuwen_team_sess_2f86a2072016 reported completed: 9 members, 6 tasks
2026-08-08 14:04:23 | team | sess_2f86a2072016 | INFO | [executor2] received TEAM_STANDBY, pausing polls
2026-08-08 14:04:23 | team | sess_2f86a2072016 | INFO | EventBus[teammate] pausing polls
