2026-08-08 13:04:34 | team | sess_30744b46b388 | INFO | Team workspace directory ensured at /srv/jwteam_clone/shared/run_current
2026-08-08 13:04:34 | team | sess_30744b46b388 | INFO | AgentTeam manager initialized for jiuwen_team_sess_30744b46b388, member=team_leader
2026-08-08 13:04:34 | team | sess_30744b46b388 | INFO | [team_leader] TeamPolicyRail static sections: section_names=['team_role', 'team_workflow', 'team_swarmflow', 'team_lifecycle', 'team_persona']
2026-08-08 13:04:34 | team | sess_30744b46b388 | INFO | Session tables ready for session sess_30744b46b388
2026-08-08 13:04:34 | team | sess_30744b46b388 | INFO | Team database initialized
2026-08-08 13:04:34 | team | default_trace_id | INFO | Team workspace directory ensured at /srv/jwteam_clone/shared/run_current
2026-08-08 13:04:34 | team | default_trace_id | INFO | AgentTeam manager initialized for jiuwen_team_sess_30744b46b388, member=planner1
2026-08-08 13:04:34 | team | default_trace_id | INFO | [planner1] TeamPolicyRail static sections: section_names=['team_role', 'team_persona']
2026-08-08 13:04:34 | team | sess_30744b46b388 | INFO | [planner1] invoke start, role=teammate
2026-08-08 13:04:34 | team | sess_30744b46b388 | INFO | [planner1] coordination starting
2026-08-08 13:04:34 | team | sess_30744b46b388 | INFO | Session tables ready for session sess_30744b46b388
2026-08-08 13:04:34 | team | sess_30744b46b388 | INFO | Workspace /srv/jwteam_clone/shared/run_current initialized as plain shared directory (version_control disabled)
2026-08-08 13:04:34 | team | sess_30744b46b388 | INFO | EventBus[teammate] starting
2026-08-08 13:05:03 | team | sess_30744b46b388 | INFO | [planner1] HITT section refresh: human_agent_names=[]
2026-08-08 13:05:18 | team | sess_30744b46b388 | INFO | [planner1] processing 1 unread messages (steer=True)
2026-08-08 13:05:18 | team | sess_30744b46b388 | INFO | Message c542e2b4-1b82-46b6-8def-0513a0c3acab marked as read by planner1
2026-08-08 13:05:39 | team | sess_30744b46b388 | INFO | Message 37fa9ffc-f8cc-4bab-8edd-9dba96d8493c created
2026-08-08 13:05:59 | team | sess_30744b46b388 | INFO | [planner1] processing 1 unread messages (steer=True)
2026-08-08 13:05:59 | team | sess_30744b46b388 | INFO | Message 2e81e3f9-595b-4488-a1c0-163165e589ab marked as read by planner1
2026-08-08 13:06:03 | team | sess_30744b46b388 | INFO | Message cb39c857-e66b-453e-b4aa-f04641dc0ca3 created
2026-08-08 13:09:44 | team | sess_30744b46b388 | INFO | task list drained for team jiuwen_team_sess_30744b46b388: 3 terminal task(s)
2026-08-08 13:10:02 | team | sess_30744b46b388 | INFO | team jiuwen_team_sess_30744b46b388 reported completed: 9 members, 3 tasks
2026-08-08 13:10:03 | team | sess_30744b46b388 | INFO | [planner1] received TEAM_STANDBY, pausing polls
2026-08-08 13:10:03 | team | sess_30744b46b388 | INFO | EventBus[teammate] pausing polls
