2026-08-08 13:04:37 | team | sess_30744b46b388 | INFO | Team workspace directory ensured at /srv/jwteam_clone/shared/run_current
2026-08-08 13:04:37 | team | sess_30744b46b388 | INFO | AgentTeam manager initialized for jiuwen_team_sess_30744b46b388, member=team_leader
2026-08-08 13:04:37 | team | sess_30744b46b388 | INFO | [team_leader] TeamPolicyRail static sections: section_names=['team_role', 'team_workflow', 'team_swarmflow', 'team_lifecycle', 'team_persona']
2026-08-08 13:04:37 | team | sess_30744b46b388 | INFO | Session tables ready for session sess_30744b46b388
2026-08-08 13:04:37 | team | sess_30744b46b388 | INFO | Team database initialized
2026-08-08 13:04:37 | team | default_trace_id | INFO | Team workspace directory ensured at /srv/jwteam_clone/shared/run_current
2026-08-08 13:04:37 | team | default_trace_id | INFO | AgentTeam manager initialized for jiuwen_team_sess_30744b46b388, member=executor1
2026-08-08 13:04:37 | team | default_trace_id | INFO | [executor1] TeamPolicyRail static sections: section_names=['team_role', 'team_persona']
2026-08-08 13:04:37 | team | sess_30744b46b388 | INFO | [executor1] invoke start, role=teammate
2026-08-08 13:04:37 | team | sess_30744b46b388 | INFO | [executor1] coordination starting
2026-08-08 13:04:37 | team | sess_30744b46b388 | INFO | Session tables ready for session sess_30744b46b388
2026-08-08 13:04:37 | team | sess_30744b46b388 | INFO | Workspace /srv/jwteam_clone/shared/run_current initialized as plain shared directory (version_control disabled)
2026-08-08 13:04:37 | team | sess_30744b46b388 | INFO | EventBus[teammate] starting
2026-08-08 13:05:04 | team | sess_30744b46b388 | INFO | [executor1] HITT section refresh: human_agent_names=[]
2026-08-08 13:05:18 | team | sess_30744b46b388 | INFO | [executor1] processing 1 unread messages (steer=True)
2026-08-08 13:05:18 | team | sess_30744b46b388 | INFO | Message c542e2b4-1b82-46b6-8def-0513a0c3acab marked as read by executor1
2026-08-08 13:06:35 | team | sess_30744b46b388 | INFO | [executor1] processing 1 unread messages (steer=True)
2026-08-08 13:06:35 | team | sess_30744b46b388 | INFO | Message 5ea0d3e5-942d-454c-9450-04d10ef34e1f marked as read by executor1
2026-08-08 13:06:45 | team | sess_30744b46b388 | INFO | [executor1] received TASK_CLAIMED for self, task_id=implement, human_agent=False
2026-08-08 13:07:15 | team | sess_30744b46b388 | INFO | Message bad70c39-2f57-4ecb-9b57-1d18edd97fe4 created
2026-08-08 13:07:33 | team | sess_30744b46b388 | INFO | [executor1] processing 1 unread messages (steer=True)
2026-08-08 13:07:33 | team | sess_30744b46b388 | INFO | Message 45c4823c-1d5c-4a09-9d7c-e7d005bd0d33 marked as read by executor1
2026-08-08 13:08:43 | team | sess_30744b46b388 | INFO | Message 7f930e35-a78e-4a00-b757-17302bd62204 created
2026-08-08 13:08:46 | team | sess_30744b46b388 | INFO | Task implement completed at 1786190926416
2026-08-08 13:08:46 | team | sess_30744b46b388 | INFO | Resolved 1 dependencies for task implement
2026-08-08 13:08:46 | team | sess_30744b46b388 | INFO | Task verify unblocked (all deps resolved)
2026-08-08 13:08:46 | team | sess_30744b46b388 | INFO | Task implement completed
2026-08-08 13:08:46 | team | sess_30744b46b388 | INFO | Unblocked 1 tasks
2026-08-08 13:08:54 | team | sess_30744b46b388 | INFO | Message be692198-bb6f-4719-b715-c05020b4b7a5 created
2026-08-08 13:09:44 | team | sess_30744b46b388 | INFO | task list drained for team jiuwen_team_sess_30744b46b388: 3 terminal task(s)
2026-08-08 13:10:02 | team | sess_30744b46b388 | INFO | team jiuwen_team_sess_30744b46b388 reported completed: 9 members, 3 tasks
2026-08-08 13:10:03 | team | sess_30744b46b388 | INFO | [executor1] received TEAM_STANDBY, pausing polls
2026-08-08 13:10:03 | team | sess_30744b46b388 | INFO | EventBus[teammate] pausing polls
