2026-08-08 05:37:36 | team | sess_8ed4f878a730 | INFO | Team workspace directory ensured at /srv/jwteam_clone/shared/run_current
2026-08-08 05:37:36 | team | sess_8ed4f878a730 | INFO | AgentTeam manager initialized for jiuwen_team_sess_8ed4f878a730, member=team_leader
2026-08-08 05:37:36 | team | sess_8ed4f878a730 | INFO | [team_leader] TeamPolicyRail static sections: section_names=['team_role', 'team_workflow', 'team_swarmflow', 'team_lifecycle', 'team_persona']
2026-08-08 05:37:36 | team | sess_8ed4f878a730 | INFO | Session tables ready for session sess_8ed4f878a730
2026-08-08 05:37:36 | team | sess_8ed4f878a730 | INFO | Team database initialized
2026-08-08 05:37:36 | team | default_trace_id | INFO | Team workspace directory ensured at /srv/jwteam_clone/shared/run_current
2026-08-08 05:37:36 | team | default_trace_id | INFO | AgentTeam manager initialized for jiuwen_team_sess_8ed4f878a730, member=planner2
2026-08-08 05:37:36 | team | default_trace_id | INFO | [planner2] TeamPolicyRail static sections: section_names=['team_role', 'team_persona']
2026-08-08 05:37:36 | team | sess_8ed4f878a730 | INFO | [planner2] invoke start, role=teammate
2026-08-08 05:37:36 | team | sess_8ed4f878a730 | INFO | [planner2] coordination starting
2026-08-08 05:37:36 | team | sess_8ed4f878a730 | INFO | Session tables ready for session sess_8ed4f878a730
2026-08-08 05:37:37 | team | sess_8ed4f878a730 | INFO | Workspace /srv/jwteam_clone/shared/run_current initialized as plain shared directory (version_control disabled)
2026-08-08 05:37:37 | team | sess_8ed4f878a730 | INFO | EventBus[teammate] starting
2026-08-08 05:38:02 | team | sess_8ed4f878a730 | INFO | [planner2] HITT section refresh: human_agent_names=[]
2026-08-08 05:38:12 | team | sess_8ed4f878a730 | INFO | [planner2] processing 1 unread messages (steer=True)
2026-08-08 05:38:12 | team | sess_8ed4f878a730 | INFO | Message 2e115ad8-940f-4f8b-8c40-4a08b05eb129 marked as read by planner2
2026-08-08 05:38:16 | team | sess_8ed4f878a730 | INFO | Task lh5-plan claimed by member planner2
2026-08-08 05:38:16 | team | sess_8ed4f878a730 | INFO | Task lh5-plan claimed by member planner2
2026-08-08 05:38:29 | team | sess_8ed4f878a730 | INFO | [planner2] processing 1 unread messages (steer=True)
2026-08-08 05:38:29 | team | sess_8ed4f878a730 | INFO | Message a257c384-02a5-4adc-9237-c08853d285ac marked as read by planner2
2026-08-08 05:39:06 | team | sess_8ed4f878a730 | INFO | Message 18df0939-dc70-4a78-a31d-41fe843a6a69 created
2026-08-08 05:39:10 | team | sess_8ed4f878a730 | INFO | Task lh5-plan completed at 1786163950126
2026-08-08 05:39:10 | team | sess_8ed4f878a730 | INFO | Resolved 1 dependencies for task lh5-plan
2026-08-08 05:39:10 | team | sess_8ed4f878a730 | INFO | Task lh5-implement unblocked (all deps resolved)
2026-08-08 05:39:10 | team | sess_8ed4f878a730 | INFO | Task lh5-plan completed
2026-08-08 05:39:10 | team | sess_8ed4f878a730 | INFO | Unblocked 1 tasks
2026-08-08 05:39:18 | team | sess_8ed4f878a730 | INFO | Message 83c1be0c-1008-43b9-9642-c2cd3a2c7d0d created
2026-08-08 05:43:26 | team | sess_8ed4f878a730 | INFO | task list drained for team jiuwen_team_sess_8ed4f878a730: 6 terminal task(s)
2026-08-08 05:43:39 | team | sess_8ed4f878a730 | INFO | [planner2] processing 1 unread messages (steer=True)
2026-08-08 05:43:40 | team | sess_8ed4f878a730 | INFO | Message ad4bf206-622f-4937-be34-1632fa48c236 marked as read by planner2
2026-08-08 05:43:53 | team | sess_8ed4f878a730 | INFO | team jiuwen_team_sess_8ed4f878a730 reported completed: 9 members, 6 tasks
2026-08-08 05:43:54 | team | sess_8ed4f878a730 | INFO | [planner2] received TEAM_STANDBY, pausing polls
2026-08-08 05:43:54 | team | sess_8ed4f878a730 | INFO | EventBus[teammate] pausing polls
