2026-08-08 05:37:35 | team | sess_8ed4f878a730 | INFO | Team workspace directory ensured at /srv/jwteam_clone/shared/run_current
2026-08-08 05:37:35 | team | sess_8ed4f878a730 | INFO | AgentTeam manager initialized for jiuwen_team_sess_8ed4f878a730, member=team_leader
2026-08-08 05:37:35 | team | sess_8ed4f878a730 | INFO | [team_leader] TeamPolicyRail static sections: section_names=['team_role', 'team_workflow', 'team_swarmflow', 'team_lifecycle', 'team_persona']
2026-08-08 05:37:36 | team | sess_8ed4f878a730 | INFO | Session tables ready for session sess_8ed4f878a730
2026-08-08 05:37:36 | team | sess_8ed4f878a730 | INFO | Team database initialized
2026-08-08 05:37:36 | team | default_trace_id | INFO | Team workspace directory ensured at /srv/jwteam_clone/shared/run_current
2026-08-08 05:37:36 | team | default_trace_id | INFO | AgentTeam manager initialized for jiuwen_team_sess_8ed4f878a730, member=planner1
2026-08-08 05:37:36 | team | default_trace_id | INFO | [planner1] TeamPolicyRail static sections: section_names=['team_role', 'team_persona']
2026-08-08 05:37:36 | team | sess_8ed4f878a730 | INFO | [planner1] invoke start, role=teammate
2026-08-08 05:37:36 | team | sess_8ed4f878a730 | INFO | [planner1] coordination starting
2026-08-08 05:37:36 | team | sess_8ed4f878a730 | INFO | Session tables ready for session sess_8ed4f878a730
2026-08-08 05:37:36 | team | sess_8ed4f878a730 | INFO | Workspace /srv/jwteam_clone/shared/run_current initialized as plain shared directory (version_control disabled)
2026-08-08 05:37:36 | team | sess_8ed4f878a730 | INFO | EventBus[teammate] starting
2026-08-08 05:38:02 | team | sess_8ed4f878a730 | INFO | [planner1] HITT section refresh: human_agent_names=[]
2026-08-08 05:38:07 | team | sess_8ed4f878a730 | INFO | Task spec5-plan claimed by member planner1
2026-08-08 05:38:07 | team | sess_8ed4f878a730 | INFO | Task spec5-plan claimed by member planner1
2026-08-08 05:38:12 | team | sess_8ed4f878a730 | INFO | [planner1] processing 1 unread messages (steer=True)
2026-08-08 05:38:13 | team | sess_8ed4f878a730 | INFO | Message 2e115ad8-940f-4f8b-8c40-4a08b05eb129 marked as read by planner1
2026-08-08 05:39:03 | team | sess_8ed4f878a730 | INFO | Message 3d538b51-369f-460c-af56-1c1634cec502 created
2026-08-08 05:39:11 | team | sess_8ed4f878a730 | INFO | Task spec5-plan completed at 1786163951340
2026-08-08 05:39:11 | team | sess_8ed4f878a730 | INFO | Message 43002da2-3536-4adc-ab89-f33c595a3645 created
2026-08-08 05:39:11 | team | sess_8ed4f878a730 | INFO | Resolved 1 dependencies for task spec5-plan
2026-08-08 05:39:11 | team | sess_8ed4f878a730 | INFO | Task spec5-implement unblocked (all deps resolved)
2026-08-08 05:39:11 | team | sess_8ed4f878a730 | INFO | Task spec5-plan completed
2026-08-08 05:39:11 | team | sess_8ed4f878a730 | INFO | Unblocked 1 tasks
2026-08-08 05:43:26 | team | sess_8ed4f878a730 | INFO | task list drained for team jiuwen_team_sess_8ed4f878a730: 6 terminal task(s)
2026-08-08 05:43:39 | team | sess_8ed4f878a730 | INFO | [planner1] processing 1 unread messages (steer=True)
2026-08-08 05:43:40 | team | sess_8ed4f878a730 | INFO | Message ad4bf206-622f-4937-be34-1632fa48c236 marked as read by planner1
2026-08-08 05:43:53 | team | sess_8ed4f878a730 | INFO | team jiuwen_team_sess_8ed4f878a730 reported completed: 9 members, 6 tasks
2026-08-08 05:43:54 | team | sess_8ed4f878a730 | INFO | [planner1] received TEAM_STANDBY, pausing polls
2026-08-08 05:43:54 | team | sess_8ed4f878a730 | INFO | EventBus[teammate] pausing polls
