2026-08-08 05:37:41 | team | sess_8ed4f878a730 | INFO | Team workspace directory ensured at /srv/jwteam_clone/shared/run_current
2026-08-08 05:37:41 | team | sess_8ed4f878a730 | INFO | AgentTeam manager initialized for jiuwen_team_sess_8ed4f878a730, member=team_leader
2026-08-08 05:37:41 | team | sess_8ed4f878a730 | INFO | [team_leader] TeamPolicyRail static sections: section_names=['team_role', 'team_workflow', 'team_swarmflow', 'team_lifecycle', 'team_persona']
2026-08-08 05:37:41 | team | sess_8ed4f878a730 | INFO | Session tables ready for session sess_8ed4f878a730
2026-08-08 05:37:41 | team | sess_8ed4f878a730 | INFO | Team database initialized
2026-08-08 05:37:41 | team | default_trace_id | INFO | Team workspace directory ensured at /srv/jwteam_clone/shared/run_current
2026-08-08 05:37:41 | team | default_trace_id | INFO | AgentTeam manager initialized for jiuwen_team_sess_8ed4f878a730, member=verifier2
2026-08-08 05:37:41 | team | default_trace_id | INFO | [verifier2] TeamPolicyRail static sections: section_names=['team_role', 'team_persona']
2026-08-08 05:37:41 | team | sess_8ed4f878a730 | INFO | [verifier2] invoke start, role=teammate
2026-08-08 05:37:41 | team | sess_8ed4f878a730 | INFO | [verifier2] coordination starting
2026-08-08 05:37:41 | team | sess_8ed4f878a730 | INFO | Session tables ready for session sess_8ed4f878a730
2026-08-08 05:37:41 | team | sess_8ed4f878a730 | INFO | Workspace /srv/jwteam_clone/shared/run_current initialized as plain shared directory (version_control disabled)
2026-08-08 05:37:41 | team | sess_8ed4f878a730 | INFO | EventBus[teammate] starting
2026-08-08 05:38:02 | team | sess_8ed4f878a730 | INFO | [verifier2] HITT section refresh: human_agent_names=[]
2026-08-08 05:38:12 | team | sess_8ed4f878a730 | INFO | [verifier2] processing 1 unread messages (steer=True)
2026-08-08 05:38:12 | team | sess_8ed4f878a730 | INFO | Message 2e115ad8-940f-4f8b-8c40-4a08b05eb129 marked as read by verifier2
2026-08-08 05:40:32 | team | sess_8ed4f878a730 | INFO | [verifier2] processing 1 unread messages (steer=True)
2026-08-08 05:40:32 | team | sess_8ed4f878a730 | INFO | Message 2dacc014-d1d6-4191-96e0-fccfa5dbbda6 marked as read by verifier2
2026-08-08 05:40:37 | team | sess_8ed4f878a730 | INFO | Task lh5-verify claimed by member verifier2
2026-08-08 05:40:37 | team | sess_8ed4f878a730 | INFO | Task lh5-verify claimed by member verifier2
2026-08-08 05:43:26 | team | sess_8ed4f878a730 | INFO | Task lh5-verify completed at 1786164206064
2026-08-08 05:43:26 | team | sess_8ed4f878a730 | INFO | Message 8f942fbf-8091-4f21-b0c8-543e2158827f created
2026-08-08 05:43:26 | team | sess_8ed4f878a730 | INFO | Task lh5-verify completed
2026-08-08 05:43:39 | team | sess_8ed4f878a730 | INFO | [verifier2] processing 1 unread messages (steer=True)
2026-08-08 05:43:40 | team | sess_8ed4f878a730 | INFO | Message ad4bf206-622f-4937-be34-1632fa48c236 marked as read by verifier2
2026-08-08 05:43:53 | team | sess_8ed4f878a730 | INFO | team jiuwen_team_sess_8ed4f878a730 reported completed: 9 members, 6 tasks
2026-08-08 05:43:54 | team | sess_8ed4f878a730 | INFO | [verifier2] received TEAM_STANDBY, pausing polls
2026-08-08 05:43:54 | team | sess_8ed4f878a730 | INFO | EventBus[teammate] pausing polls
