2026-08-23 22:20:53 | team | sess_1d17483a27af | INFO | Team workspace directory ensured at /srv/jwteam_clone/shared/run_current
2026-08-23 22:20:53 | team | sess_1d17483a27af | INFO | AgentTeam manager initialized for jiuwen_team_sess_1d17483a27af, member=team_leader
2026-08-23 22:20:53 | team | sess_1d17483a27af | INFO | [team_leader] TeamPolicyRail static sections: section_names=['team_role', 'team_workflow', 'team_swarmflow', 'team_lifecycle', 'team_persona']
2026-08-23 22:20:53 | team | sess_1d17483a27af | INFO | Session tables ready for session sess_1d17483a27af
2026-08-23 22:20:53 | team | sess_1d17483a27af | INFO | Team database initialized
2026-08-23 22:20:53 | team | default_trace_id | INFO | Team workspace directory ensured at /srv/jwteam_clone/shared/run_current
2026-08-23 22:20:53 | team | default_trace_id | INFO | AgentTeam manager initialized for jiuwen_team_sess_1d17483a27af, member=verifier1
2026-08-23 22:20:53 | team | default_trace_id | INFO | [verifier1] TeamPolicyRail static sections: section_names=['team_role', 'team_persona']
2026-08-23 22:20:53 | team | sess_1d17483a27af | INFO | [verifier1] invoke start, role=teammate
2026-08-23 22:20:53 | team | sess_1d17483a27af | INFO | [verifier1] coordination starting
2026-08-23 22:20:53 | team | sess_1d17483a27af | INFO | Session tables ready for session sess_1d17483a27af
2026-08-23 22:20:53 | team | sess_1d17483a27af | INFO | Workspace /srv/jwteam_clone/shared/run_current initialized as plain shared directory (version_control disabled)
2026-08-23 22:20:53 | team | sess_1d17483a27af | INFO | EventBus[teammate] starting
2026-08-23 22:21:31 | team | sess_1d17483a27af | INFO | [verifier1] HITT section refresh: human_agent_names=[]
2026-08-23 22:23:18 | team | sess_1d17483a27af | INFO | task list drained for team jiuwen_team_sess_1d17483a27af: 3 terminal task(s)
2026-08-23 22:25:34 | team | sess_1d17483a27af | INFO | Message 2a82751a-0b60-48ef-be71-ca58efa09143 created
2026-08-23 22:25:47 | team | sess_1d17483a27af | INFO | [verifier1] processing 1 unread messages (steer=True)
2026-08-23 22:25:47 | team | sess_1d17483a27af | INFO | Message 488ef13b-1124-4128-b7fc-329ddd5051da marked as read by verifier1
2026-08-23 22:25:55 | team | sess_1d17483a27af | INFO | Message e98cb4ce-f8a5-47ee-bc1a-1e44922a3d39 created
2026-08-23 22:30:57 | team | sess_1d17483a27af | INFO | task list drained for team jiuwen_team_sess_1d17483a27af: 5 terminal task(s)
2026-08-23 22:32:52 | team | sess_1d17483a27af | INFO | [verifier1] processing 1 unread messages (steer=True)
2026-08-23 22:32:52 | team | sess_1d17483a27af | INFO | Message bd6dd912-c89a-420c-9005-8b9b605d9206 marked as read by verifier1
2026-08-23 22:33:57 | team | sess_1d17483a27af | INFO | Message e6dc83f9-66a1-4323-a77e-42690b6c7716 created
