2026-08-23 22:20:50 | team | sess_1d17483a27af | INFO | Team workspace directory ensured at /srv/jwteam_clone/shared/run_current
2026-08-23 22:20:50 | team | sess_1d17483a27af | INFO | AgentTeam manager initialized for jiuwen_team_sess_1d17483a27af, member=team_leader
2026-08-23 22:20:50 | team | sess_1d17483a27af | INFO | [team_leader] TeamPolicyRail static sections: section_names=['team_role', 'team_workflow', 'team_swarmflow', 'team_lifecycle', 'team_persona']
2026-08-23 22:20:50 | team | sess_1d17483a27af | INFO | Session tables ready for session sess_1d17483a27af
2026-08-23 22:20:50 | team | sess_1d17483a27af | INFO | Team database initialized
2026-08-23 22:20:50 | team | default_trace_id | INFO | Team workspace directory ensured at /srv/jwteam_clone/shared/run_current
2026-08-23 22:20:50 | team | default_trace_id | INFO | AgentTeam manager initialized for jiuwen_team_sess_1d17483a27af, member=executor1
2026-08-23 22:20:50 | team | default_trace_id | INFO | [executor1] TeamPolicyRail static sections: section_names=['team_role', 'team_persona']
2026-08-23 22:20:50 | team | sess_1d17483a27af | INFO | [executor1] invoke start, role=teammate
2026-08-23 22:20:50 | team | sess_1d17483a27af | INFO | [executor1] coordination starting
2026-08-23 22:20:50 | team | sess_1d17483a27af | INFO | Session tables ready for session sess_1d17483a27af
2026-08-23 22:20:50 | team | sess_1d17483a27af | INFO | Workspace /srv/jwteam_clone/shared/run_current initialized as plain shared directory (version_control disabled)
2026-08-23 22:20:50 | team | sess_1d17483a27af | INFO | EventBus[teammate] starting
2026-08-23 22:21:31 | team | sess_1d17483a27af | INFO | [executor1] HITT section refresh: human_agent_names=[]
2026-08-23 22:23:00 | team | sess_1d17483a27af | INFO | [executor1] processing 1 unread messages (steer=True)
2026-08-23 22:23:00 | team | sess_1d17483a27af | INFO | Message bdc13049-88ac-4796-9ca6-5427c370129c marked as read by executor1
2026-08-23 22:23:18 | team | sess_1d17483a27af | INFO | task list drained for team jiuwen_team_sess_1d17483a27af: 3 terminal task(s)
2026-08-23 22:24:45 | team | sess_1d17483a27af | INFO | [executor1] received TASK_CLAIMED for self, task_id=implement2, human_agent=False
2026-08-23 22:25:42 | team | sess_1d17483a27af | INFO | [executor1] processing 1 unread messages (steer=True)
2026-08-23 22:25:42 | team | sess_1d17483a27af | INFO | Message 13306309-f871-47db-a67d-3b10fd640a94 marked as read by executor1
2026-08-23 22:30:57 | team | sess_1d17483a27af | INFO | Task implement2 completed at 1787520657318
2026-08-23 22:30:57 | team | sess_1d17483a27af | INFO | Task implement2 completed
2026-08-23 22:31:07 | team | sess_1d17483a27af | INFO | Message 85ddf8a5-131a-497c-9a3e-d579de970f0f created
2026-08-23 22:31:52 | team | sess_1d17483a27af | INFO | [executor1] processing 1 unread messages (steer=True)
2026-08-23 22:31:52 | team | sess_1d17483a27af | INFO | Message 3563311a-b225-45ba-b96f-40363bd7bd84 marked as read by executor1
2026-08-23 22:32:01 | team | sess_1d17483a27af | INFO | Message 14d724e4-fd01-4570-b767-9d74b00d63f0 created
2026-08-23 22:32:52 | team | sess_1d17483a27af | INFO | [executor1] processing 1 unread messages (steer=True)
2026-08-23 22:32:52 | team | sess_1d17483a27af | INFO | Message 44b750a9-af49-4081-82c6-4ea6439e3e04 marked as read by executor1
