2026-08-23 22:20:55 | team | sess_1d17483a27af | INFO | Team workspace directory ensured at /srv/jwteam_clone/shared/run_current
2026-08-23 22:20:55 | team | sess_1d17483a27af | INFO | AgentTeam manager initialized for jiuwen_team_sess_1d17483a27af, member=team_leader
2026-08-23 22:20:55 | team | sess_1d17483a27af | INFO | [team_leader] TeamPolicyRail static sections: section_names=['team_role', 'team_workflow', 'team_swarmflow', 'team_lifecycle', 'team_persona']
2026-08-23 22:20:55 | team | sess_1d17483a27af | INFO | Session tables ready for session sess_1d17483a27af
2026-08-23 22:20:55 | team | sess_1d17483a27af | INFO | Team database initialized
2026-08-23 22:20:55 | team | default_trace_id | INFO | Team workspace directory ensured at /srv/jwteam_clone/shared/run_current
2026-08-23 22:20:55 | team | default_trace_id | INFO | AgentTeam manager initialized for jiuwen_team_sess_1d17483a27af, member=fullstack1
2026-08-23 22:20:55 | team | default_trace_id | INFO | [fullstack1] TeamPolicyRail static sections: section_names=['team_role', 'team_persona']
2026-08-23 22:20:55 | team | sess_1d17483a27af | INFO | [fullstack1] invoke start, role=teammate
2026-08-23 22:20:55 | team | sess_1d17483a27af | INFO | [fullstack1] coordination starting
2026-08-23 22:20:55 | team | sess_1d17483a27af | INFO | Session tables ready for session sess_1d17483a27af
2026-08-23 22:20:55 | team | sess_1d17483a27af | INFO | Workspace /srv/jwteam_clone/shared/run_current initialized as plain shared directory (version_control disabled)
2026-08-23 22:20:55 | team | sess_1d17483a27af | INFO | EventBus[teammate] starting
2026-08-23 22:21:31 | team | sess_1d17483a27af | INFO | [fullstack1] HITT section refresh: human_agent_names=[]
2026-08-23 22:23:18 | team | sess_1d17483a27af | INFO | task list drained for team jiuwen_team_sess_1d17483a27af: 3 terminal task(s)
2026-08-23 22:25:42 | team | sess_1d17483a27af | INFO | Message 13306309-f871-47db-a67d-3b10fd640a94 created
2026-08-23 22:30:57 | team | sess_1d17483a27af | INFO | task list drained for team jiuwen_team_sess_1d17483a27af: 5 terminal task(s)
2026-08-23 22:31:51 | team | sess_1d17483a27af | INFO | Message 3563311a-b225-45ba-b96f-40363bd7bd84 created
2026-08-23 22:31:51 | team | sess_1d17483a27af | INFO | Message 3cfa5431-0706-4443-818e-ba7978961597 created
2026-08-23 22:32:01 | team | sess_1d17483a27af | INFO | [fullstack1] processing 1 unread messages (steer=True)
2026-08-23 22:32:01 | team | sess_1d17483a27af | INFO | Message 14d724e4-fd01-4570-b767-9d74b00d63f0 marked as read by fullstack1
