2026-08-23 22:20:48 | team | sess_1d17483a27af | INFO | Team workspace directory ensured at /srv/jwteam_clone/shared/run_current
2026-08-23 22:20:48 | team | sess_1d17483a27af | INFO | AgentTeam manager initialized for jiuwen_team_sess_1d17483a27af, member=team_leader
2026-08-23 22:20:48 | team | sess_1d17483a27af | INFO | [team_leader] TeamPolicyRail static sections: section_names=['team_role', 'team_workflow', 'team_swarmflow', 'team_lifecycle', 'team_persona']
2026-08-23 22:20:48 | team | sess_1d17483a27af | INFO | Session tables ready for session sess_1d17483a27af
2026-08-23 22:20:48 | team | sess_1d17483a27af | INFO | Team database initialized
2026-08-23 22:20:48 | team | default_trace_id | INFO | Team workspace directory ensured at /srv/jwteam_clone/shared/run_current
2026-08-23 22:20:48 | team | default_trace_id | INFO | AgentTeam manager initialized for jiuwen_team_sess_1d17483a27af, member=planner1
2026-08-23 22:20:48 | team | default_trace_id | INFO | [planner1] TeamPolicyRail static sections: section_names=['team_role', 'team_persona']
2026-08-23 22:20:48 | team | sess_1d17483a27af | INFO | [planner1] invoke start, role=teammate
2026-08-23 22:20:48 | team | sess_1d17483a27af | INFO | [planner1] coordination starting
2026-08-23 22:20:48 | team | sess_1d17483a27af | INFO | Session tables ready for session sess_1d17483a27af
2026-08-23 22:20:48 | team | sess_1d17483a27af | INFO | Workspace /srv/jwteam_clone/shared/run_current initialized as plain shared directory (version_control disabled)
2026-08-23 22:20:48 | team | sess_1d17483a27af | INFO | EventBus[teammate] starting
2026-08-23 22:21:31 | team | sess_1d17483a27af | INFO | [planner1] HITT section refresh: human_agent_names=[]
2026-08-23 22:21:56 | team | sess_1d17483a27af | INFO | [planner1] received TASK_CLAIMED for self, task_id=plan, human_agent=False
2026-08-23 22:22:23 | team | sess_1d17483a27af | INFO | [planner1] processing 1 unread messages (steer=True)
2026-08-23 22:22:23 | team | sess_1d17483a27af | INFO | Message 752c7734-9c7b-4470-9127-53f6f139d475 marked as read by planner1
2026-08-23 22:23:00 | team | sess_1d17483a27af | INFO | Message bdc13049-88ac-4796-9ca6-5427c370129c created
2026-08-23 22:23:11 | team | sess_1d17483a27af | INFO | Task plan completed at 1787520191621
2026-08-23 22:23:11 | team | sess_1d17483a27af | INFO | Message 048df531-e6f0-4c03-8bce-3a28c040ed2e created
2026-08-23 22:23:11 | team | sess_1d17483a27af | INFO | Resolved 1 dependencies for task plan
2026-08-23 22:23:11 | team | sess_1d17483a27af | INFO | Task implement unblocked (all deps resolved)
2026-08-23 22:23:11 | team | sess_1d17483a27af | INFO | Task plan completed
2026-08-23 22:23:11 | team | sess_1d17483a27af | INFO | Unblocked 1 tasks
2026-08-23 22:23:16 | team | sess_1d17483a27af | INFO | Message 17b6affe-5e1d-490b-886a-d598ec31e345 created
2026-08-23 22:23:18 | team | sess_1d17483a27af | INFO | task list drained for team jiuwen_team_sess_1d17483a27af: 3 terminal task(s)
2026-08-23 22:30:57 | team | sess_1d17483a27af | INFO | task list drained for team jiuwen_team_sess_1d17483a27af: 5 terminal task(s)
