2026-08-10 00:40:03 | team | sess_a21159d07d2e | INFO | Team workspace directory ensured at /srv/jwteam_clone/shared/run_current
2026-08-10 00:40:03 | team | sess_a21159d07d2e | INFO | AgentTeam manager initialized for jiuwen_team_sess_a21159d07d2e, member=team_leader
2026-08-10 00:40:03 | team | sess_a21159d07d2e | INFO | [team_leader] TeamPolicyRail static sections: section_names=['team_role', 'team_workflow', 'team_swarmflow', 'team_lifecycle', 'team_persona']
2026-08-10 00:40:03 | team | sess_a21159d07d2e | INFO | Session tables ready for session sess_a21159d07d2e
2026-08-10 00:40:03 | team | sess_a21159d07d2e | INFO | Team database initialized
2026-08-10 00:40:03 | team | default_trace_id | INFO | Team workspace directory ensured at /srv/jwteam_clone/shared/run_current
2026-08-10 00:40:03 | team | default_trace_id | INFO | AgentTeam manager initialized for jiuwen_team_sess_a21159d07d2e, member=fullstack1
2026-08-10 00:40:03 | team | default_trace_id | INFO | [fullstack1] TeamPolicyRail static sections: section_names=['team_role', 'team_persona']
2026-08-10 00:40:03 | team | sess_a21159d07d2e | INFO | [fullstack1] invoke start, role=teammate
2026-08-10 00:40:03 | team | sess_a21159d07d2e | INFO | [fullstack1] coordination starting
2026-08-10 00:40:03 | team | sess_a21159d07d2e | INFO | Session tables ready for session sess_a21159d07d2e
2026-08-10 00:40:03 | team | sess_a21159d07d2e | INFO | Workspace /srv/jwteam_clone/shared/run_current initialized as plain shared directory (version_control disabled)
2026-08-10 00:40:03 | team | sess_a21159d07d2e | INFO | EventBus[teammate] starting
2026-08-10 00:40:16 | team | sess_a21159d07d2e | INFO | [fullstack1] HITT section refresh: human_agent_names=[]
2026-08-10 00:40:21 | team | sess_a21159d07d2e | INFO | Task plan claimed by member fullstack1
2026-08-10 00:40:21 | team | sess_a21159d07d2e | INFO | Task plan claimed by member fullstack1
2026-08-10 00:40:26 | team | sess_a21159d07d2e | INFO | [fullstack1] processing 1 unread messages (steer=True)
2026-08-10 00:40:26 | team | sess_a21159d07d2e | INFO | Message eb5baecb-901e-44a1-8d77-d99b16262d5f marked as read by fullstack1
2026-08-10 00:40:51 | team | sess_a21159d07d2e | INFO | Message 9750b151-dab8-4ca1-94e5-db605846fb76 created
2026-08-10 00:40:52 | team | sess_a21159d07d2e | INFO | [fullstack1] processing 1 unread messages (steer=True)
2026-08-10 00:40:52 | team | sess_a21159d07d2e | INFO | Message 41f6f739-48d2-4a33-908c-e26b6ef37dea marked as read by fullstack1
2026-08-10 00:40:58 | team | sess_a21159d07d2e | INFO | [fullstack1] processing 1 unread messages (steer=True)
2026-08-10 00:40:58 | team | sess_a21159d07d2e | INFO | Message 44153bb3-16a3-4dc7-be1a-366fac438980 marked as read by fullstack1
2026-08-10 00:41:11 | team | sess_a21159d07d2e | INFO | [fullstack1] processing 1 unread messages (steer=True)
2026-08-10 00:41:11 | team | sess_a21159d07d2e | INFO | Message 5c92124f-d5ea-4d01-a0ce-5d1c21585303 marked as read by fullstack1
2026-08-10 00:41:16 | team | sess_a21159d07d2e | INFO | Message d72bb695-69c1-4f6f-9e10-daf5d3636f8a created
2026-08-10 00:41:25 | team | sess_a21159d07d2e | INFO | Message b00504fe-7de2-40b9-b1ef-a58477e2e315 created
2026-08-10 00:41:25 | team | sess_a21159d07d2e | INFO | Message 0d54d02a-bc48-4a76-a84c-db089ac39134 created
2026-08-10 00:41:25 | team | sess_a21159d07d2e | INFO | Message fda9076a-f043-4cc6-acc3-91ad27f3478e created
2026-08-10 00:41:28 | team | sess_a21159d07d2e | INFO | Task plan completed at 1786318888677
2026-08-10 00:41:28 | team | sess_a21159d07d2e | INFO | Resolved 1 dependencies for task plan
2026-08-10 00:41:28 | team | sess_a21159d07d2e | INFO | Task implement unblocked (all deps resolved)
2026-08-10 00:41:28 | team | sess_a21159d07d2e | INFO | Task plan completed
2026-08-10 00:41:28 | team | sess_a21159d07d2e | INFO | Unblocked 1 tasks
2026-08-10 00:41:31 | team | sess_a21159d07d2e | INFO | [fullstack1] processing 1 unread messages (steer=True)
2026-08-10 00:41:31 | team | sess_a21159d07d2e | INFO | Message 52ae79ef-1ae7-4b3f-9b10-65dc444ad8a7 marked as read by fullstack1
2026-08-10 00:41:38 | team | sess_a21159d07d2e | INFO | Message 078517ff-de9e-46bc-b994-34253a86c959 created
2026-08-10 00:41:46 | team | sess_a21159d07d2e | INFO | [fullstack1] processing 1 unread messages (steer=True)
2026-08-10 00:41:46 | team | sess_a21159d07d2e | INFO | Message 0615a134-0895-4ebc-b7a6-efc03e61af06 marked as read by fullstack1
2026-08-10 00:41:59 | team | sess_a21159d07d2e | INFO | Message 6a603cb9-8381-43b0-a09b-3be697210460 created
2026-08-10 00:42:09 | team | sess_a21159d07d2e | INFO | [fullstack1] processing 1 unread messages (steer=True)
2026-08-10 00:42:09 | team | sess_a21159d07d2e | INFO | Message c106f318-24ad-4374-a48d-8f7b17c1b334 marked as read by fullstack1
2026-08-10 00:44:58 | team | sess_a21159d07d2e | INFO | task list drained for team jiuwen_team_sess_a21159d07d2e: 3 terminal task(s)
2026-08-10 00:45:11 | team | sess_a21159d07d2e | INFO | [fullstack1] processing 1 unread messages (steer=True)
2026-08-10 00:45:12 | team | sess_a21159d07d2e | INFO | Message 01a36c3a-2b32-4ad6-81f0-52bd2a043d02 marked as read by fullstack1
2026-08-10 00:45:24 | team | sess_a21159d07d2e | INFO | team jiuwen_team_sess_a21159d07d2e reported completed: 9 members, 3 tasks
2026-08-10 00:45:25 | team | sess_a21159d07d2e | INFO | [fullstack1] received TEAM_STANDBY, pausing polls
2026-08-10 00:45:25 | team | sess_a21159d07d2e | INFO | EventBus[teammate] pausing polls
