2026-08-10 00:39:58 | team | sess_a21159d07d2e | INFO | Team workspace directory ensured at /srv/jwteam_clone/shared/run_current
2026-08-10 00:39:58 | team | sess_a21159d07d2e | INFO | AgentTeam manager initialized for jiuwen_team_sess_a21159d07d2e, member=team_leader
2026-08-10 00:39:58 | team | sess_a21159d07d2e | INFO | [team_leader] TeamPolicyRail static sections: section_names=['team_role', 'team_workflow', 'team_swarmflow', 'team_lifecycle', 'team_persona']
2026-08-10 00:39:58 | team | sess_a21159d07d2e | INFO | Session tables ready for session sess_a21159d07d2e
2026-08-10 00:39:58 | team | sess_a21159d07d2e | INFO | Team database initialized
2026-08-10 00:39:58 | team | default_trace_id | INFO | Team workspace directory ensured at /srv/jwteam_clone/shared/run_current
2026-08-10 00:39:58 | team | default_trace_id | INFO | AgentTeam manager initialized for jiuwen_team_sess_a21159d07d2e, member=planner2
2026-08-10 00:39:58 | team | default_trace_id | INFO | [planner2] TeamPolicyRail static sections: section_names=['team_role', 'team_persona']
2026-08-10 00:39:58 | team | sess_a21159d07d2e | INFO | [planner2] invoke start, role=teammate
2026-08-10 00:39:58 | team | sess_a21159d07d2e | INFO | [planner2] coordination starting
2026-08-10 00:39:58 | team | sess_a21159d07d2e | INFO | Session tables ready for session sess_a21159d07d2e
2026-08-10 00:39:58 | team | sess_a21159d07d2e | INFO | Workspace /srv/jwteam_clone/shared/run_current initialized as plain shared directory (version_control disabled)
2026-08-10 00:39:58 | team | sess_a21159d07d2e | INFO | EventBus[teammate] starting
2026-08-10 00:40:16 | team | sess_a21159d07d2e | INFO | [planner2] HITT section refresh: human_agent_names=[]
2026-08-10 00:40:26 | team | sess_a21159d07d2e | INFO | [planner2] processing 1 unread messages (steer=True)
2026-08-10 00:40:27 | team | sess_a21159d07d2e | INFO | Message eb5baecb-901e-44a1-8d77-d99b16262d5f marked as read by planner2
2026-08-10 00:40:44 | team | sess_a21159d07d2e | INFO | [planner2] processing 1 unread messages (steer=True)
2026-08-10 00:40:44 | team | sess_a21159d07d2e | INFO | Message 581cbc85-774b-4c98-84b3-8fd4bde0ef5b marked as read by planner2
2026-08-10 00:40:48 | team | sess_a21159d07d2e | INFO | Message 188a6f06-c7e3-4d02-93b4-5e00a0cdf134 created
2026-08-10 00:41:01 | team | sess_a21159d07d2e | INFO | Message a703f7c2-7251-4538-8a72-e9b3856ab3a3 created
2026-08-10 00:41:11 | team | sess_a21159d07d2e | INFO | Message 5c92124f-d5ea-4d01-a0ce-5d1c21585303 created
2026-08-10 00:41:11 | team | sess_a21159d07d2e | INFO | [planner2] processing 1 unread messages (steer=True)
2026-08-10 00:41:11 | team | sess_a21159d07d2e | INFO | Message c07b6aae-49d1-4407-a69c-d6d49d7319f4 marked as read by planner2
2026-08-10 00:41:25 | team | sess_a21159d07d2e | INFO | [planner2] processing 1 unread messages (steer=True)
2026-08-10 00:41:25 | team | sess_a21159d07d2e | INFO | Message b00504fe-7de2-40b9-b1ef-a58477e2e315 marked as read by planner2
2026-08-10 00:41:31 | team | sess_a21159d07d2e | INFO | Message 52ae79ef-1ae7-4b3f-9b10-65dc444ad8a7 created
2026-08-10 00:41:38 | team | sess_a21159d07d2e | INFO | [planner2] processing 1 unread messages (steer=True)
2026-08-10 00:41:38 | team | sess_a21159d07d2e | INFO | Message 078517ff-de9e-46bc-b994-34253a86c959 marked as read by planner2
2026-08-10 00:41:39 | team | sess_a21159d07d2e | INFO | Task plan completed
2026-08-10 00:41:45 | team | sess_a21159d07d2e | INFO | [planner2] processing 1 unread messages (steer=True)
2026-08-10 00:41:45 | team | sess_a21159d07d2e | INFO | Message d45a82fe-5893-4268-9717-b4fded5f585f marked as read by planner2
2026-08-10 00:41:46 | team | sess_a21159d07d2e | INFO | Message 0615a134-0895-4ebc-b7a6-efc03e61af06 created
2026-08-10 00:41:55 | team | sess_a21159d07d2e | INFO | Message e7583ef0-5a29-4867-902f-8d1d08b5be30 created
2026-08-10 00:41:59 | team | sess_a21159d07d2e | INFO | [planner2] processing 1 unread messages (steer=True)
2026-08-10 00:42:00 | team | sess_a21159d07d2e | INFO | Message 6a603cb9-8381-43b0-a09b-3be697210460 marked as read by planner2
2026-08-10 00:42:09 | team | sess_a21159d07d2e | INFO | Message c106f318-24ad-4374-a48d-8f7b17c1b334 created
2026-08-10 00:44:05 | team | sess_a21159d07d2e | INFO | Message e0bbfa0f-8336-48b8-a92d-50f2c7a2481d created
2026-08-10 00:44:58 | team | sess_a21159d07d2e | INFO | task list drained for team jiuwen_team_sess_a21159d07d2e: 3 terminal task(s)
2026-08-10 00:45:11 | team | sess_a21159d07d2e | INFO | [planner2] processing 1 unread messages (steer=True)
2026-08-10 00:45:12 | team | sess_a21159d07d2e | INFO | Message 01a36c3a-2b32-4ad6-81f0-52bd2a043d02 marked as read by planner2
2026-08-10 00:45:24 | team | sess_a21159d07d2e | INFO | team jiuwen_team_sess_a21159d07d2e reported completed: 9 members, 3 tasks
2026-08-10 00:45:24 | team | sess_a21159d07d2e | INFO | [planner2] received TEAM_STANDBY, pausing polls
2026-08-10 00:45:24 | team | sess_a21159d07d2e | INFO | EventBus[teammate] pausing polls
