2026-08-10 00:40:00 | team | sess_a21159d07d2e | INFO | Team workspace directory ensured at /srv/jwteam_clone/shared/run_current
2026-08-10 00:40:00 | team | sess_a21159d07d2e | INFO | AgentTeam manager initialized for jiuwen_team_sess_a21159d07d2e, member=team_leader
2026-08-10 00:40:00 | team | sess_a21159d07d2e | INFO | [team_leader] TeamPolicyRail static sections: section_names=['team_role', 'team_workflow', 'team_swarmflow', 'team_lifecycle', 'team_persona']
2026-08-10 00:40:00 | team | sess_a21159d07d2e | INFO | Session tables ready for session sess_a21159d07d2e
2026-08-10 00:40:00 | team | sess_a21159d07d2e | INFO | Team database initialized
2026-08-10 00:40:00 | team | default_trace_id | INFO | Team workspace directory ensured at /srv/jwteam_clone/shared/run_current
2026-08-10 00:40:00 | team | default_trace_id | INFO | AgentTeam manager initialized for jiuwen_team_sess_a21159d07d2e, member=executor2
2026-08-10 00:40:00 | team | default_trace_id | INFO | [executor2] TeamPolicyRail static sections: section_names=['team_role', 'team_persona']
2026-08-10 00:40:00 | team | sess_a21159d07d2e | INFO | [executor2] invoke start, role=teammate
2026-08-10 00:40:00 | team | sess_a21159d07d2e | INFO | [executor2] coordination starting
2026-08-10 00:40:00 | team | sess_a21159d07d2e | INFO | Session tables ready for session sess_a21159d07d2e
2026-08-10 00:40:00 | team | sess_a21159d07d2e | INFO | Workspace /srv/jwteam_clone/shared/run_current initialized as plain shared directory (version_control disabled)
2026-08-10 00:40:00 | team | sess_a21159d07d2e | INFO | EventBus[teammate] starting
2026-08-10 00:40:15 | team | sess_a21159d07d2e | INFO | [executor2] HITT section refresh: human_agent_names=[]
2026-08-10 00:40:26 | team | sess_a21159d07d2e | INFO | [executor2] processing 1 unread messages (steer=True)
2026-08-10 00:40:26 | team | sess_a21159d07d2e | INFO | Message eb5baecb-901e-44a1-8d77-d99b16262d5f marked as read by executor2
2026-08-10 00:44:58 | team | sess_a21159d07d2e | INFO | task list drained for team jiuwen_team_sess_a21159d07d2e: 3 terminal task(s)
2026-08-10 00:45:11 | team | sess_a21159d07d2e | INFO | [executor2] processing 1 unread messages (steer=True)
2026-08-10 00:45:12 | team | sess_a21159d07d2e | INFO | Message 01a36c3a-2b32-4ad6-81f0-52bd2a043d02 marked as read by executor2
2026-08-10 00:45:18 | team | sess_a21159d07d2e | INFO | Message d476b2eb-9a7b-4a83-82f8-0575518542f5 created
2026-08-10 00:45:24 | team | sess_a21159d07d2e | INFO | team jiuwen_team_sess_a21159d07d2e reported completed: 9 members, 3 tasks
2026-08-10 00:45:25 | team | sess_a21159d07d2e | INFO | [executor2] received TEAM_STANDBY, pausing polls
2026-08-10 00:45:25 | team | sess_a21159d07d2e | INFO | EventBus[teammate] pausing polls
