2026-08-10 00:39:59 | team | sess_a21159d07d2e | INFO | Team workspace directory ensured at /srv/jwteam_clone/shared/run_current
2026-08-10 00:39:59 | team | sess_a21159d07d2e | INFO | AgentTeam manager initialized for jiuwen_team_sess_a21159d07d2e, member=team_leader
2026-08-10 00:39:59 | team | sess_a21159d07d2e | INFO | [team_leader] TeamPolicyRail static sections: section_names=['team_role', 'team_workflow', 'team_swarmflow', 'team_lifecycle', 'team_persona']
2026-08-10 00:39:59 | team | sess_a21159d07d2e | INFO | Session tables ready for session sess_a21159d07d2e
2026-08-10 00:39:59 | team | sess_a21159d07d2e | INFO | Team database initialized
2026-08-10 00:39:59 | team | default_trace_id | INFO | Team workspace directory ensured at /srv/jwteam_clone/shared/run_current
2026-08-10 00:39:59 | team | default_trace_id | INFO | AgentTeam manager initialized for jiuwen_team_sess_a21159d07d2e, member=executor1
2026-08-10 00:39:59 | team | default_trace_id | INFO | [executor1] TeamPolicyRail static sections: section_names=['team_role', 'team_persona']
2026-08-10 00:39:59 | team | sess_a21159d07d2e | INFO | [executor1] invoke start, role=teammate
2026-08-10 00:39:59 | team | sess_a21159d07d2e | INFO | [executor1] coordination starting
2026-08-10 00:39:59 | team | sess_a21159d07d2e | INFO | Session tables ready for session sess_a21159d07d2e
2026-08-10 00:39:59 | team | sess_a21159d07d2e | INFO | Workspace /srv/jwteam_clone/shared/run_current initialized as plain shared directory (version_control disabled)
2026-08-10 00:39:59 | team | sess_a21159d07d2e | INFO | EventBus[teammate] starting
2026-08-10 00:40:16 | team | sess_a21159d07d2e | INFO | [executor1] HITT section refresh: human_agent_names=[]
2026-08-10 00:40:26 | team | sess_a21159d07d2e | INFO | [executor1] processing 1 unread messages (steer=True)
2026-08-10 00:40:26 | team | sess_a21159d07d2e | INFO | Message eb5baecb-901e-44a1-8d77-d99b16262d5f marked as read by executor1
2026-08-10 00:40:44 | team | sess_a21159d07d2e | INFO | Message 581cbc85-774b-4c98-84b3-8fd4bde0ef5b created
2026-08-10 00:40:48 | team | sess_a21159d07d2e | INFO | [executor1] processing 1 unread messages (steer=True)
2026-08-10 00:40:48 | team | sess_a21159d07d2e | INFO | Message 188a6f06-c7e3-4d02-93b4-5e00a0cdf134 marked as read by executor1
2026-08-10 00:40:52 | team | sess_a21159d07d2e | INFO | Message 41f6f739-48d2-4a33-908c-e26b6ef37dea created
2026-08-10 00:41:01 | team | sess_a21159d07d2e | INFO | [executor1] processing 1 unread messages (steer=True)
2026-08-10 00:41:01 | team | sess_a21159d07d2e | INFO | Message a703f7c2-7251-4538-8a72-e9b3856ab3a3 marked as read by executor1
2026-08-10 00:41:11 | team | sess_a21159d07d2e | INFO | Message c07b6aae-49d1-4407-a69c-d6d49d7319f4 created
2026-08-10 00:41:16 | team | sess_a21159d07d2e | INFO | [executor1] processing 1 unread messages (steer=True)
2026-08-10 00:41:16 | team | sess_a21159d07d2e | INFO | Message d72bb695-69c1-4f6f-9e10-daf5d3636f8a marked as read by executor1
2026-08-10 00:41:25 | team | sess_a21159d07d2e | INFO | [executor1] processing 1 unread messages (steer=True)
2026-08-10 00:41:25 | team | sess_a21159d07d2e | INFO | Message 0d54d02a-bc48-4a76-a84c-db089ac39134 marked as read by executor1
2026-08-10 00:41:32 | team | sess_a21159d07d2e | INFO | [executor1] received TASK_CLAIMED for self, task_id=implement, human_agent=False
2026-08-10 00:41:45 | team | sess_a21159d07d2e | INFO | Message d45a82fe-5893-4268-9717-b4fded5f585f created
2026-08-10 00:41:55 | team | sess_a21159d07d2e | INFO | [executor1] processing 1 unread messages (steer=True)
2026-08-10 00:41:55 | team | sess_a21159d07d2e | INFO | Message e7583ef0-5a29-4867-902f-8d1d08b5be30 marked as read by executor1
2026-08-10 00:43:37 | team | sess_a21159d07d2e | INFO | Task implement completed at 1786319017300
2026-08-10 00:43:37 | team | sess_a21159d07d2e | INFO | Resolved 1 dependencies for task implement
2026-08-10 00:43:37 | team | sess_a21159d07d2e | INFO | Task verify unblocked (all deps resolved)
2026-08-10 00:43:37 | team | sess_a21159d07d2e | INFO | Task implement completed
2026-08-10 00:43:37 | team | sess_a21159d07d2e | INFO | Unblocked 1 tasks
2026-08-10 00:43:44 | team | sess_a21159d07d2e | INFO | Message f74f49ea-94f2-4e00-9fb5-dbeb51367fe7 created
2026-08-10 00:44:58 | team | sess_a21159d07d2e | INFO | task list drained for team jiuwen_team_sess_a21159d07d2e: 3 terminal task(s)
2026-08-10 00:45:11 | team | sess_a21159d07d2e | INFO | [executor1] processing 1 unread messages (steer=True)
2026-08-10 00:45:12 | team | sess_a21159d07d2e | INFO | Message 01a36c3a-2b32-4ad6-81f0-52bd2a043d02 marked as read by executor1
2026-08-10 00:45:24 | team | sess_a21159d07d2e | INFO | team jiuwen_team_sess_a21159d07d2e reported completed: 9 members, 3 tasks
2026-08-10 00:45:24 | team | sess_a21159d07d2e | INFO | [executor1] received TEAM_STANDBY, pausing polls
2026-08-10 00:45:24 | team | sess_a21159d07d2e | INFO | EventBus[teammate] pausing polls
