2026-08-10 00:40:03 | team | sess_a21159d07d2e | INFO | Team workspace directory ensured at /srv/jwteam_clone/shared/run_current
2026-08-10 00:40:03 | team | sess_a21159d07d2e | INFO | AgentTeam manager initialized for jiuwen_team_sess_a21159d07d2e, member=team_leader
2026-08-10 00:40:03 | team | sess_a21159d07d2e | INFO | [team_leader] TeamPolicyRail static sections: section_names=['team_role', 'team_workflow', 'team_swarmflow', 'team_lifecycle', 'team_persona']
2026-08-10 00:40:03 | team | sess_a21159d07d2e | INFO | Session tables ready for session sess_a21159d07d2e
2026-08-10 00:40:03 | team | sess_a21159d07d2e | INFO | Team database initialized
2026-08-10 00:40:03 | team | default_trace_id | INFO | Team workspace directory ensured at /srv/jwteam_clone/shared/run_current
2026-08-10 00:40:03 | team | default_trace_id | INFO | AgentTeam manager initialized for jiuwen_team_sess_a21159d07d2e, member=verifier2
2026-08-10 00:40:03 | team | default_trace_id | INFO | [verifier2] TeamPolicyRail static sections: section_names=['team_role', 'team_persona']
2026-08-10 00:40:03 | team | sess_a21159d07d2e | INFO | [verifier2] invoke start, role=teammate
2026-08-10 00:40:03 | team | sess_a21159d07d2e | INFO | [verifier2] coordination starting
2026-08-10 00:40:03 | team | sess_a21159d07d2e | INFO | Session tables ready for session sess_a21159d07d2e
2026-08-10 00:40:03 | team | sess_a21159d07d2e | INFO | Workspace /srv/jwteam_clone/shared/run_current initialized as plain shared directory (version_control disabled)
2026-08-10 00:40:03 | team | sess_a21159d07d2e | INFO | EventBus[teammate] starting
2026-08-10 00:40:16 | team | sess_a21159d07d2e | INFO | [verifier2] HITT section refresh: human_agent_names=[]
2026-08-10 00:40:26 | team | sess_a21159d07d2e | INFO | [verifier2] processing 1 unread messages (steer=True)
2026-08-10 00:40:26 | team | sess_a21159d07d2e | INFO | Message eb5baecb-901e-44a1-8d77-d99b16262d5f marked as read by verifier2
2026-08-10 00:40:35 | team | sess_a21159d07d2e | INFO | Message 03b5ceed-0335-4ab9-bc9d-0221e30f864b created
2026-08-10 00:40:58 | team | sess_a21159d07d2e | INFO | [verifier2] processing 1 unread messages (steer=True)
2026-08-10 00:40:58 | team | sess_a21159d07d2e | INFO | Message 5a0475c6-ba8c-41f1-b6cd-7f167dc31665 marked as read by verifier2
2026-08-10 00:43:41 | team | sess_a21159d07d2e | INFO | [verifier2] received TASK_CLAIMED for self, task_id=verify, human_agent=False
2026-08-10 00:43:44 | team | sess_a21159d07d2e | INFO | [verifier2] processing 1 unread messages (steer=True)
2026-08-10 00:43:44 | team | sess_a21159d07d2e | INFO | Message f74f49ea-94f2-4e00-9fb5-dbeb51367fe7 marked as read by verifier2
2026-08-10 00:44:05 | team | sess_a21159d07d2e | INFO | [verifier2] processing 1 unread messages (steer=True)
2026-08-10 00:44:05 | team | sess_a21159d07d2e | INFO | Message e0bbfa0f-8336-48b8-a92d-50f2c7a2481d marked as read by verifier2
2026-08-10 00:44:58 | team | sess_a21159d07d2e | INFO | Task verify completed at 1786319098776
2026-08-10 00:44:58 | team | sess_a21159d07d2e | INFO | Message d8620cc5-d2e5-47ac-a4e0-7c723024a94b created
2026-08-10 00:44:58 | team | sess_a21159d07d2e | INFO | Task verify completed
2026-08-10 00:45:11 | team | sess_a21159d07d2e | INFO | [verifier2] processing 1 unread messages (steer=True)
2026-08-10 00:45:12 | team | sess_a21159d07d2e | INFO | Message 01a36c3a-2b32-4ad6-81f0-52bd2a043d02 marked as read by verifier2
2026-08-10 00:45:24 | team | sess_a21159d07d2e | INFO | team jiuwen_team_sess_a21159d07d2e reported completed: 9 members, 3 tasks
2026-08-10 00:45:25 | team | sess_a21159d07d2e | INFO | [verifier2] received TEAM_STANDBY, pausing polls
2026-08-10 00:45:25 | team | sess_a21159d07d2e | INFO | EventBus[teammate] pausing polls
