2026-08-09 20:29:03 | team | sess_99a8dfe346f9 | INFO | Team workspace directory ensured at /srv/jwteam_clone/shared/run_current
2026-08-09 20:29:03 | team | sess_99a8dfe346f9 | INFO | AgentTeam manager initialized for jiuwen_team_sess_99a8dfe346f9, member=team_leader
2026-08-09 20:29:03 | team | sess_99a8dfe346f9 | INFO | [team_leader] TeamPolicyRail static sections: section_names=['team_role', 'team_workflow', 'team_swarmflow', 'team_lifecycle', 'team_persona']
2026-08-09 20:29:03 | team | sess_99a8dfe346f9 | INFO | Session tables ready for session sess_99a8dfe346f9
2026-08-09 20:29:03 | team | sess_99a8dfe346f9 | INFO | Team database initialized
2026-08-09 20:29:03 | team | default_trace_id | INFO | Team workspace directory ensured at /srv/jwteam_clone/shared/run_current
2026-08-09 20:29:03 | team | default_trace_id | INFO | AgentTeam manager initialized for jiuwen_team_sess_99a8dfe346f9, member=fullstack1
2026-08-09 20:29:03 | team | default_trace_id | INFO | [fullstack1] TeamPolicyRail static sections: section_names=['team_role', 'team_persona']
2026-08-09 20:29:03 | team | sess_99a8dfe346f9 | INFO | [fullstack1] invoke start, role=teammate
2026-08-09 20:29:03 | team | sess_99a8dfe346f9 | INFO | [fullstack1] coordination starting
2026-08-09 20:29:03 | team | sess_99a8dfe346f9 | INFO | Session tables ready for session sess_99a8dfe346f9
2026-08-09 20:29:03 | team | sess_99a8dfe346f9 | INFO | Workspace /srv/jwteam_clone/shared/run_current initialized as plain shared directory (version_control disabled)
2026-08-09 20:29:03 | team | sess_99a8dfe346f9 | INFO | EventBus[teammate] starting
2026-08-09 20:30:44 | team | sess_99a8dfe346f9 | INFO | [fullstack1] HITT section refresh: human_agent_names=[]
2026-08-09 20:31:01 | team | sess_99a8dfe346f9 | INFO | [fullstack1] processing 1 unread messages (steer=True)
2026-08-09 20:31:01 | team | sess_99a8dfe346f9 | INFO | Message 7555190e-140c-42b4-933f-e7653e25bca2 marked as read by fullstack1
2026-08-09 20:36:32 | team | sess_99a8dfe346f9 | INFO | task list drained for team jiuwen_team_sess_99a8dfe346f9: 4 terminal task(s)
2026-08-09 20:36:50 | team | sess_99a8dfe346f9 | INFO | [fullstack1] processing 1 unread messages (steer=True)
2026-08-09 20:36:51 | team | sess_99a8dfe346f9 | INFO | Message b5e104ae-fb9d-4db4-b93c-c058e06e5003 marked as read by fullstack1
2026-08-09 20:37:10 | team | sess_99a8dfe346f9 | INFO | team jiuwen_team_sess_99a8dfe346f9 reported completed: 9 members, 4 tasks
2026-08-09 20:37:10 | team | sess_99a8dfe346f9 | INFO | [fullstack1] received TEAM_STANDBY, pausing polls
2026-08-09 20:37:10 | team | sess_99a8dfe346f9 | INFO | EventBus[teammate] pausing polls
