2026-08-09 20:29:00 | team | sess_99a8dfe346f9 | INFO | Team workspace directory ensured at /srv/jwteam_clone/shared/run_current
2026-08-09 20:29:00 | team | sess_99a8dfe346f9 | INFO | AgentTeam manager initialized for jiuwen_team_sess_99a8dfe346f9, member=team_leader
2026-08-09 20:29:00 | team | sess_99a8dfe346f9 | INFO | [team_leader] TeamPolicyRail static sections: section_names=['team_role', 'team_workflow', 'team_swarmflow', 'team_lifecycle', 'team_persona']
2026-08-09 20:29:00 | team | sess_99a8dfe346f9 | INFO | Session tables ready for session sess_99a8dfe346f9
2026-08-09 20:29:00 | team | sess_99a8dfe346f9 | INFO | Team database initialized
2026-08-09 20:29:00 | team | default_trace_id | INFO | Team workspace directory ensured at /srv/jwteam_clone/shared/run_current
2026-08-09 20:29:00 | team | default_trace_id | INFO | AgentTeam manager initialized for jiuwen_team_sess_99a8dfe346f9, member=verifier1
2026-08-09 20:29:00 | team | default_trace_id | INFO | [verifier1] TeamPolicyRail static sections: section_names=['team_role', 'team_persona']
2026-08-09 20:29:00 | team | sess_99a8dfe346f9 | INFO | [verifier1] invoke start, role=teammate
2026-08-09 20:29:00 | team | sess_99a8dfe346f9 | INFO | [verifier1] coordination starting
2026-08-09 20:29:00 | team | sess_99a8dfe346f9 | INFO | Session tables ready for session sess_99a8dfe346f9
2026-08-09 20:29:00 | team | sess_99a8dfe346f9 | INFO | Workspace /srv/jwteam_clone/shared/run_current initialized as plain shared directory (version_control disabled)
2026-08-09 20:29:00 | team | sess_99a8dfe346f9 | INFO | EventBus[teammate] starting
2026-08-09 20:30:44 | team | sess_99a8dfe346f9 | INFO | [verifier1] HITT section refresh: human_agent_names=[]
2026-08-09 20:31:01 | team | sess_99a8dfe346f9 | INFO | [verifier1] processing 1 unread messages (steer=True)
2026-08-09 20:31:01 | team | sess_99a8dfe346f9 | INFO | Message 7555190e-140c-42b4-933f-e7653e25bca2 marked as read by verifier1
2026-08-09 20:31:58 | team | sess_99a8dfe346f9 | INFO | Message 2cbb3eed-f153-414d-8de5-0854dbeb405c created
2026-08-09 20:32:09 | team | sess_99a8dfe346f9 | INFO | Message a1e3fcc3-5489-4c4c-8acc-eeb26e5c9fc3 created
2026-08-09 20:32:10 | team | sess_99a8dfe346f9 | INFO | [verifier1] processing 1 unread messages (steer=True)
2026-08-09 20:32:10 | team | sess_99a8dfe346f9 | INFO | Message d2921f00-0465-4bfc-9f2b-e7ecb8254d54 marked as read by verifier1
2026-08-09 20:32:15 | team | sess_99a8dfe346f9 | INFO | Message 90d3f1db-85c9-4865-bfb8-d9f970ff9f80 created
2026-08-09 20:32:25 | team | sess_99a8dfe346f9 | INFO | Message 9204dfef-800c-448a-bec6-2e4f361e1514 created
2026-08-09 20:32:35 | team | sess_99a8dfe346f9 | INFO | [verifier1] processing 1 unread messages (steer=True)
2026-08-09 20:32:35 | team | sess_99a8dfe346f9 | INFO | Message 3499b16e-ebfe-45fb-ad01-ac0f340e2ffd marked as read by verifier1
2026-08-09 20:35:19 | team | sess_99a8dfe346f9 | INFO | [verifier1] processing 1 unread messages (steer=True)
2026-08-09 20:35:19 | team | sess_99a8dfe346f9 | INFO | Message ab812601-8b6a-4191-9aec-4e27f5c97bf6 marked as read by verifier1
2026-08-09 20:35:54 | team | sess_99a8dfe346f9 | INFO | Message 5f770bb2-c0a2-4fef-b424-fc244407096d created
2026-08-09 20:36:32 | team | sess_99a8dfe346f9 | INFO | task list drained for team jiuwen_team_sess_99a8dfe346f9: 4 terminal task(s)
2026-08-09 20:36:50 | team | sess_99a8dfe346f9 | INFO | [verifier1] processing 1 unread messages (steer=True)
2026-08-09 20:36:50 | team | sess_99a8dfe346f9 | INFO | Message b5e104ae-fb9d-4db4-b93c-c058e06e5003 marked as read by verifier1
2026-08-09 20:37:10 | team | sess_99a8dfe346f9 | INFO | team jiuwen_team_sess_99a8dfe346f9 reported completed: 9 members, 4 tasks
2026-08-09 20:37:10 | team | sess_99a8dfe346f9 | INFO | [verifier1] received TEAM_STANDBY, pausing polls
2026-08-09 20:37:10 | team | sess_99a8dfe346f9 | INFO | EventBus[teammate] pausing polls
