2026-08-09 20:29:02 | team | sess_99a8dfe346f9 | INFO | Team workspace directory ensured at /srv/jwteam_clone/shared/run_current
2026-08-09 20:29:02 | team | sess_99a8dfe346f9 | INFO | AgentTeam manager initialized for jiuwen_team_sess_99a8dfe346f9, member=team_leader
2026-08-09 20:29:02 | team | sess_99a8dfe346f9 | INFO | [team_leader] TeamPolicyRail static sections: section_names=['team_role', 'team_workflow', 'team_swarmflow', 'team_lifecycle', 'team_persona']
2026-08-09 20:29:02 | team | sess_99a8dfe346f9 | INFO | Session tables ready for session sess_99a8dfe346f9
2026-08-09 20:29:02 | team | sess_99a8dfe346f9 | INFO | Team database initialized
2026-08-09 20:29:02 | team | default_trace_id | INFO | Team workspace directory ensured at /srv/jwteam_clone/shared/run_current
2026-08-09 20:29:02 | team | default_trace_id | INFO | AgentTeam manager initialized for jiuwen_team_sess_99a8dfe346f9, member=verifier2
2026-08-09 20:29:02 | team | default_trace_id | INFO | [verifier2] TeamPolicyRail static sections: section_names=['team_role', 'team_persona']
2026-08-09 20:29:02 | team | sess_99a8dfe346f9 | INFO | [verifier2] invoke start, role=teammate
2026-08-09 20:29:02 | team | sess_99a8dfe346f9 | INFO | [verifier2] coordination starting
2026-08-09 20:29:02 | team | sess_99a8dfe346f9 | INFO | Session tables ready for session sess_99a8dfe346f9
2026-08-09 20:29:02 | team | sess_99a8dfe346f9 | INFO | Workspace /srv/jwteam_clone/shared/run_current initialized as plain shared directory (version_control disabled)
2026-08-09 20:29:02 | team | sess_99a8dfe346f9 | INFO | EventBus[teammate] starting
2026-08-09 20:30:44 | team | sess_99a8dfe346f9 | INFO | [verifier2] HITT section refresh: human_agent_names=[]
2026-08-09 20:31:01 | team | sess_99a8dfe346f9 | INFO | [verifier2] processing 1 unread messages (steer=True)
2026-08-09 20:31:01 | team | sess_99a8dfe346f9 | INFO | Message 7555190e-140c-42b4-933f-e7653e25bca2 marked as read by verifier2
2026-08-09 20:31:54 | team | sess_99a8dfe346f9 | INFO | Message ec2dceda-8b64-45e1-9c35-c15bfc5b8580 created
2026-08-09 20:31:58 | team | sess_99a8dfe346f9 | INFO | [verifier2] processing 1 unread messages (steer=True)
2026-08-09 20:31:58 | team | sess_99a8dfe346f9 | INFO | Message 2cbb3eed-f153-414d-8de5-0854dbeb405c marked as read by verifier2
2026-08-09 20:32:10 | team | sess_99a8dfe346f9 | INFO | Message d2921f00-0465-4bfc-9f2b-e7ecb8254d54 created
2026-08-09 20:32:25 | team | sess_99a8dfe346f9 | INFO | [verifier2] processing 1 unread messages (steer=True)
2026-08-09 20:32:25 | team | sess_99a8dfe346f9 | INFO | Message 9204dfef-800c-448a-bec6-2e4f361e1514 marked as read by verifier2
2026-08-09 20:32:35 | team | sess_99a8dfe346f9 | INFO | Message 3499b16e-ebfe-45fb-ad01-ac0f340e2ffd created
2026-08-09 20:34:10 | team | sess_99a8dfe346f9 | INFO | [verifier2] processing 1 unread messages (steer=True)
2026-08-09 20:34:10 | team | sess_99a8dfe346f9 | INFO | Message 67d3d99e-0919-4868-b939-b78599b514df marked as read by verifier2
2026-08-09 20:34:20 | team | sess_99a8dfe346f9 | INFO | Message 4cb567fa-cb48-4d00-b659-c229f6c88961 created
2026-08-09 20:34:30 | team | sess_99a8dfe346f9 | INFO | [verifier2] processing 1 unread messages (steer=True)
2026-08-09 20:34:30 | team | sess_99a8dfe346f9 | INFO | Message bb2f5924-900f-4fbe-8e63-1268ca8934f6 marked as read by verifier2
2026-08-09 20:34:41 | team | sess_99a8dfe346f9 | INFO | Task verify-all-fixes claimed by member verifier2
2026-08-09 20:34:41 | team | sess_99a8dfe346f9 | INFO | Task verify-all-fixes claimed by member verifier2
2026-08-09 20:35:19 | team | sess_99a8dfe346f9 | INFO | Message ab812601-8b6a-4191-9aec-4e27f5c97bf6 created
2026-08-09 20:35:54 | team | sess_99a8dfe346f9 | INFO | [verifier2] processing 1 unread messages (steer=True)
2026-08-09 20:35:54 | team | sess_99a8dfe346f9 | INFO | Message 5f770bb2-c0a2-4fef-b424-fc244407096d marked as read by verifier2
2026-08-09 20:36:32 | team | sess_99a8dfe346f9 | INFO | Task verify-all-fixes completed at 1786304192665
2026-08-09 20:36:32 | team | sess_99a8dfe346f9 | INFO | Task verify-all-fixes completed
2026-08-09 20:36:38 | team | sess_99a8dfe346f9 | INFO | Message 699c8350-29f4-4e90-92a7-6fe46ae9c9b2 created
2026-08-09 20:36:50 | team | sess_99a8dfe346f9 | INFO | [verifier2] processing 1 unread messages (steer=True)
2026-08-09 20:36:51 | team | sess_99a8dfe346f9 | INFO | Message b5e104ae-fb9d-4db4-b93c-c058e06e5003 marked as read by verifier2
2026-08-09 20:37:10 | team | sess_99a8dfe346f9 | INFO | team jiuwen_team_sess_99a8dfe346f9 reported completed: 9 members, 4 tasks
2026-08-09 20:37:10 | team | sess_99a8dfe346f9 | INFO | [verifier2] received TEAM_STANDBY, pausing polls
2026-08-09 20:37:10 | team | sess_99a8dfe346f9 | INFO | EventBus[teammate] pausing polls
