2026-08-09 20:28:55 | team | sess_99a8dfe346f9 | INFO | Team workspace directory ensured at /srv/jwteam_clone/shared/run_current
2026-08-09 20:28:55 | team | sess_99a8dfe346f9 | INFO | AgentTeam manager initialized for jiuwen_team_sess_99a8dfe346f9, member=team_leader
2026-08-09 20:28:55 | team | sess_99a8dfe346f9 | INFO | [team_leader] TeamPolicyRail static sections: section_names=['team_role', 'team_workflow', 'team_swarmflow', 'team_lifecycle', 'team_persona']
2026-08-09 20:28:55 | team | sess_99a8dfe346f9 | INFO | Session tables ready for session sess_99a8dfe346f9
2026-08-09 20:28:55 | team | sess_99a8dfe346f9 | INFO | Team database initialized
2026-08-09 20:28:55 | team | default_trace_id | INFO | Team workspace directory ensured at /srv/jwteam_clone/shared/run_current
2026-08-09 20:28:55 | team | default_trace_id | INFO | AgentTeam manager initialized for jiuwen_team_sess_99a8dfe346f9, member=planner1
2026-08-09 20:28:55 | team | default_trace_id | INFO | [planner1] TeamPolicyRail static sections: section_names=['team_role', 'team_persona']
2026-08-09 20:28:55 | team | sess_99a8dfe346f9 | INFO | [planner1] invoke start, role=teammate
2026-08-09 20:28:55 | team | sess_99a8dfe346f9 | INFO | [planner1] coordination starting
2026-08-09 20:28:55 | team | sess_99a8dfe346f9 | INFO | Session tables ready for session sess_99a8dfe346f9
2026-08-09 20:28:55 | team | sess_99a8dfe346f9 | INFO | Workspace /srv/jwteam_clone/shared/run_current initialized as plain shared directory (version_control disabled)
2026-08-09 20:28:55 | team | sess_99a8dfe346f9 | INFO | EventBus[teammate] starting
2026-08-09 20:30:44 | team | sess_99a8dfe346f9 | INFO | [planner1] HITT section refresh: human_agent_names=[]
2026-08-09 20:30:51 | team | sess_99a8dfe346f9 | INFO | Task plan-dependency-fixes claimed by member planner1
2026-08-09 20:30:51 | team | sess_99a8dfe346f9 | INFO | Task plan-dependency-fixes claimed by member planner1
2026-08-09 20:31:01 | team | sess_99a8dfe346f9 | INFO | [planner1] processing 1 unread messages (steer=True)
2026-08-09 20:31:01 | team | sess_99a8dfe346f9 | INFO | Message 7555190e-140c-42b4-933f-e7653e25bca2 marked as read by planner1
2026-08-09 20:31:05 | team | sess_99a8dfe346f9 | INFO | [planner1] processing 1 unread messages (steer=True)
2026-08-09 20:31:05 | team | sess_99a8dfe346f9 | INFO | Message 53ba2cdf-28a3-44ee-a5cb-49879ce94602 marked as read by planner1
2026-08-09 20:31:20 | team | sess_99a8dfe346f9 | INFO | [planner1] processing 1 unread messages (steer=True)
2026-08-09 20:31:20 | team | sess_99a8dfe346f9 | INFO | Message 7da32d23-d0a0-42a8-a1e6-0d29d69e6d3d marked as read by planner1
2026-08-09 20:31:51 | team | sess_99a8dfe346f9 | INFO | Message a1b4bedd-b646-4be1-9848-d5b4bad9967b created
2026-08-09 20:31:51 | team | sess_99a8dfe346f9 | INFO | Message 497329eb-78ec-476c-8f56-adc3b61a7cb3 created
2026-08-09 20:32:00 | team | sess_99a8dfe346f9 | INFO | [planner1] processing 1 unread messages (steer=True)
2026-08-09 20:32:00 | team | sess_99a8dfe346f9 | INFO | Message f62752a0-3d1c-4b47-b30b-6e342ae51b51 marked as read by planner1
2026-08-09 20:32:09 | team | sess_99a8dfe346f9 | INFO | [planner1] processing 1 unread messages (steer=True)
2026-08-09 20:32:09 | team | sess_99a8dfe346f9 | INFO | Message a1e3fcc3-5489-4c4c-8acc-eeb26e5c9fc3 marked as read by planner1
2026-08-09 20:32:39 | team | sess_99a8dfe346f9 | INFO | Message 6a9b463e-d765-4128-9b74-705749177d22 created
2026-08-09 20:33:01 | team | sess_99a8dfe346f9 | INFO | Message 554369c8-fa7c-4d63-bbb6-c4458a32979a created
2026-08-09 20:33:18 | team | sess_99a8dfe346f9 | INFO | Message 1d4ca8d2-ac88-42e0-b876-3d45d57b970c created
2026-08-09 20:33:23 | team | sess_99a8dfe346f9 | INFO | Task plan-dependency-fixes completed at 1786304003637
2026-08-09 20:33:23 | team | sess_99a8dfe346f9 | INFO | Resolved 2 dependencies for task plan-dependency-fixes
2026-08-09 20:33:23 | team | sess_99a8dfe346f9 | INFO | Task implement-config-fixes unblocked (all deps resolved)
2026-08-09 20:33:23 | team | sess_99a8dfe346f9 | INFO | Task implement-import-fixes unblocked (all deps resolved)
2026-08-09 20:33:23 | team | sess_99a8dfe346f9 | INFO | Task plan-dependency-fixes completed
2026-08-09 20:33:23 | team | sess_99a8dfe346f9 | INFO | Unblocked 2 tasks
2026-08-09 20:33:32 | team | sess_99a8dfe346f9 | INFO | Message 5a9472bd-2291-401b-8c0c-95a4f94de1d3 created
2026-08-09 20:36:32 | team | sess_99a8dfe346f9 | INFO | task list drained for team jiuwen_team_sess_99a8dfe346f9: 4 terminal task(s)
2026-08-09 20:36:50 | team | sess_99a8dfe346f9 | INFO | [planner1] processing 1 unread messages (steer=True)
2026-08-09 20:36:50 | team | sess_99a8dfe346f9 | INFO | Message b5e104ae-fb9d-4db4-b93c-c058e06e5003 marked as read by planner1
2026-08-09 20:37:10 | team | sess_99a8dfe346f9 | INFO | team jiuwen_team_sess_99a8dfe346f9 reported completed: 9 members, 4 tasks
2026-08-09 20:37:10 | team | sess_99a8dfe346f9 | INFO | [planner1] received TEAM_STANDBY, pausing polls
2026-08-09 20:37:10 | team | sess_99a8dfe346f9 | INFO | EventBus[teammate] pausing polls
