2026-08-08 04:18:03 | team | sess_7bcc9d6f7294 | INFO | Team workspace directory ensured at /srv/jwteam_clone/shared/run_current
2026-08-08 04:18:03 | team | sess_7bcc9d6f7294 | INFO | AgentTeam manager initialized for jiuwen_team_sess_7bcc9d6f7294, member=team_leader
2026-08-08 04:18:03 | team | sess_7bcc9d6f7294 | INFO | [team_leader] TeamPolicyRail static sections: section_names=['team_role', 'team_workflow', 'team_swarmflow', 'team_lifecycle', 'team_persona']
2026-08-08 04:18:03 | team | sess_7bcc9d6f7294 | INFO | Session tables ready for session sess_7bcc9d6f7294
2026-08-08 04:18:03 | team | sess_7bcc9d6f7294 | INFO | Team database initialized
2026-08-08 04:18:03 | team | default_trace_id | INFO | Team workspace directory ensured at /srv/jwteam_clone/shared/run_current
2026-08-08 04:18:03 | team | default_trace_id | INFO | AgentTeam manager initialized for jiuwen_team_sess_7bcc9d6f7294, member=planner1
2026-08-08 04:18:03 | team | default_trace_id | INFO | [planner1] TeamPolicyRail static sections: section_names=['team_role', 'team_persona']
2026-08-08 04:18:03 | team | sess_7bcc9d6f7294 | INFO | [planner1] invoke start, role=teammate
2026-08-08 04:18:03 | team | sess_7bcc9d6f7294 | INFO | [planner1] coordination starting
2026-08-08 04:18:03 | team | sess_7bcc9d6f7294 | INFO | Session tables ready for session sess_7bcc9d6f7294
2026-08-08 04:18:03 | team | sess_7bcc9d6f7294 | INFO | Workspace /srv/jwteam_clone/shared/run_current initialized as plain shared directory (version_control disabled)
2026-08-08 04:18:03 | team | sess_7bcc9d6f7294 | INFO | EventBus[teammate] starting
2026-08-08 04:18:29 | team | sess_7bcc9d6f7294 | INFO | [planner1] HITT section refresh: human_agent_names=[]
2026-08-08 04:18:36 | team | sess_7bcc9d6f7294 | INFO | Task cr4-plan claimed by member planner1
2026-08-08 04:18:36 | team | sess_7bcc9d6f7294 | INFO | Task cr4-plan claimed by member planner1
2026-08-08 04:18:39 | team | sess_7bcc9d6f7294 | INFO | [planner1] processing 1 unread messages (steer=True)
2026-08-08 04:18:39 | team | sess_7bcc9d6f7294 | INFO | Message 903e4bb0-a04e-408d-a778-0edf9b610b9e marked as read by planner1
2026-08-08 04:19:19 | team | sess_7bcc9d6f7294 | INFO | Message f403de19-f9d2-4a8f-a67c-9be6a3cac03f created
2026-08-08 04:19:23 | team | sess_7bcc9d6f7294 | INFO | Task cr4-plan completed at 1786159163116
2026-08-08 04:19:23 | team | sess_7bcc9d6f7294 | INFO | Resolved 1 dependencies for task cr4-plan
2026-08-08 04:19:23 | team | sess_7bcc9d6f7294 | INFO | Task cr4-implement unblocked (all deps resolved)
2026-08-08 04:19:23 | team | sess_7bcc9d6f7294 | INFO | Task cr4-plan completed
2026-08-08 04:19:23 | team | sess_7bcc9d6f7294 | INFO | Unblocked 1 tasks
2026-08-08 04:19:30 | team | sess_7bcc9d6f7294 | INFO | Message 1eecd132-a1cd-4cc8-b6ab-4f3f29192074 created
2026-08-08 04:24:06 | team | sess_7bcc9d6f7294 | INFO | task list drained for team jiuwen_team_sess_7bcc9d6f7294: 6 terminal task(s)
2026-08-08 04:24:19 | team | sess_7bcc9d6f7294 | INFO | [planner1] processing 1 unread messages (steer=True)
2026-08-08 04:24:19 | team | sess_7bcc9d6f7294 | INFO | Message fd0bd448-9cba-4571-a04f-2908d2414b5e marked as read by planner1
2026-08-08 04:24:43 | team | sess_7bcc9d6f7294 | INFO | team jiuwen_team_sess_7bcc9d6f7294 reported completed: 9 members, 6 tasks
2026-08-08 04:24:43 | team | sess_7bcc9d6f7294 | INFO | [planner1] received TEAM_STANDBY, pausing polls
2026-08-08 04:24:43 | team | sess_7bcc9d6f7294 | INFO | EventBus[teammate] pausing polls
