2026-08-08 04:18:04 | team | sess_7bcc9d6f7294 | INFO | Team workspace directory ensured at /srv/jwteam_clone/shared/run_current
2026-08-08 04:18:04 | team | sess_7bcc9d6f7294 | INFO | AgentTeam manager initialized for jiuwen_team_sess_7bcc9d6f7294, member=team_leader
2026-08-08 04:18:04 | team | sess_7bcc9d6f7294 | INFO | [team_leader] TeamPolicyRail static sections: section_names=['team_role', 'team_workflow', 'team_swarmflow', 'team_lifecycle', 'team_persona']
2026-08-08 04:18:04 | team | sess_7bcc9d6f7294 | INFO | Session tables ready for session sess_7bcc9d6f7294
2026-08-08 04:18:04 | team | sess_7bcc9d6f7294 | INFO | Team database initialized
2026-08-08 04:18:04 | team | default_trace_id | INFO | Team workspace directory ensured at /srv/jwteam_clone/shared/run_current
2026-08-08 04:18:04 | team | default_trace_id | INFO | AgentTeam manager initialized for jiuwen_team_sess_7bcc9d6f7294, member=planner2
2026-08-08 04:18:04 | team | default_trace_id | INFO | [planner2] TeamPolicyRail static sections: section_names=['team_role', 'team_persona']
2026-08-08 04:18:04 | team | sess_7bcc9d6f7294 | INFO | [planner2] invoke start, role=teammate
2026-08-08 04:18:04 | team | sess_7bcc9d6f7294 | INFO | [planner2] coordination starting
2026-08-08 04:18:04 | team | sess_7bcc9d6f7294 | INFO | Session tables ready for session sess_7bcc9d6f7294
2026-08-08 04:18:04 | team | sess_7bcc9d6f7294 | INFO | Workspace /srv/jwteam_clone/shared/run_current initialized as plain shared directory (version_control disabled)
2026-08-08 04:18:04 | team | sess_7bcc9d6f7294 | INFO | EventBus[teammate] starting
2026-08-08 04:18:29 | team | sess_7bcc9d6f7294 | INFO | [planner2] HITT section refresh: human_agent_names=[]
2026-08-08 04:18:39 | team | sess_7bcc9d6f7294 | INFO | [planner2] processing 1 unread messages (steer=True)
2026-08-08 04:18:39 | team | sess_7bcc9d6f7294 | INFO | Message 903e4bb0-a04e-408d-a778-0edf9b610b9e marked as read by planner2
2026-08-08 04:18:41 | team | sess_7bcc9d6f7294 | INFO | Task spec5-plan claimed by member planner2
2026-08-08 04:18:41 | team | sess_7bcc9d6f7294 | INFO | Task spec5-plan claimed by member planner2
2026-08-08 04:19:34 | team | sess_7bcc9d6f7294 | INFO | Message 38ba6751-98bd-42ae-8956-2522abb651dd created
2026-08-08 04:19:38 | team | sess_7bcc9d6f7294 | INFO | Task spec5-plan completed at 1786159178537
2026-08-08 04:19:38 | team | sess_7bcc9d6f7294 | INFO | Resolved 1 dependencies for task spec5-plan
2026-08-08 04:19:38 | team | sess_7bcc9d6f7294 | INFO | Task spec5-implement unblocked (all deps resolved)
2026-08-08 04:19:38 | team | sess_7bcc9d6f7294 | INFO | Task spec5-plan completed
2026-08-08 04:19:38 | team | sess_7bcc9d6f7294 | INFO | Unblocked 1 tasks
2026-08-08 04:19:44 | team | sess_7bcc9d6f7294 | INFO | Message a47bb9e3-5f83-4c82-840e-dabce516f1d9 created
2026-08-08 04:24:06 | team | sess_7bcc9d6f7294 | INFO | task list drained for team jiuwen_team_sess_7bcc9d6f7294: 6 terminal task(s)
2026-08-08 04:24:19 | team | sess_7bcc9d6f7294 | INFO | [planner2] processing 1 unread messages (steer=True)
2026-08-08 04:24:19 | team | sess_7bcc9d6f7294 | INFO | Message fd0bd448-9cba-4571-a04f-2908d2414b5e marked as read by planner2
2026-08-08 04:24:43 | team | sess_7bcc9d6f7294 | INFO | team jiuwen_team_sess_7bcc9d6f7294 reported completed: 9 members, 6 tasks
2026-08-08 04:24:43 | team | sess_7bcc9d6f7294 | INFO | [planner2] received TEAM_STANDBY, pausing polls
2026-08-08 04:24:43 | team | sess_7bcc9d6f7294 | INFO | EventBus[teammate] pausing polls
