2026-08-09 20:58:43 | team | sess_3890e51f7eb4 | INFO | Team workspace directory ensured at /srv/jwteam_clone/shared/run_current
2026-08-09 20:58:43 | team | sess_3890e51f7eb4 | INFO | AgentTeam manager initialized for jiuwen_team_sess_3890e51f7eb4, member=team_leader
2026-08-09 20:58:43 | team | sess_3890e51f7eb4 | INFO | [team_leader] TeamPolicyRail static sections: section_names=['team_role', 'team_workflow', 'team_swarmflow', 'team_lifecycle', 'team_persona']
2026-08-09 20:58:43 | team | sess_3890e51f7eb4 | INFO | Session tables ready for session sess_3890e51f7eb4
2026-08-09 20:58:43 | team | sess_3890e51f7eb4 | INFO | Team database initialized
2026-08-09 20:58:43 | team | default_trace_id | INFO | Team workspace directory ensured at /srv/jwteam_clone/shared/run_current
2026-08-09 20:58:43 | team | default_trace_id | INFO | AgentTeam manager initialized for jiuwen_team_sess_3890e51f7eb4, member=planner2
2026-08-09 20:58:43 | team | default_trace_id | INFO | [planner2] TeamPolicyRail static sections: section_names=['team_role', 'team_persona']
2026-08-09 20:58:43 | team | sess_3890e51f7eb4 | INFO | [planner2] invoke start, role=teammate
2026-08-09 20:58:43 | team | sess_3890e51f7eb4 | INFO | [planner2] coordination starting
2026-08-09 20:58:43 | team | sess_3890e51f7eb4 | INFO | Session tables ready for session sess_3890e51f7eb4
2026-08-09 20:58:43 | team | sess_3890e51f7eb4 | INFO | Workspace /srv/jwteam_clone/shared/run_current initialized as plain shared directory (version_control disabled)
2026-08-09 20:58:43 | team | sess_3890e51f7eb4 | INFO | EventBus[teammate] starting
2026-08-09 20:59:39 | team | sess_3890e51f7eb4 | INFO | [planner2] HITT section refresh: human_agent_names=[]
2026-08-09 20:59:49 | team | sess_3890e51f7eb4 | INFO | [planner2] processing 1 unread messages (steer=True)
2026-08-09 20:59:49 | team | sess_3890e51f7eb4 | INFO | Message e8aea601-38f8-40fb-a019-5659e6be6817 marked as read by planner2
2026-08-09 20:59:49 | team | sess_3890e51f7eb4 | INFO | Task plan claimed by member planner2
2026-08-09 20:59:49 | team | sess_3890e51f7eb4 | INFO | Task plan claimed by member planner2
2026-08-09 21:00:07 | team | sess_3890e51f7eb4 | INFO | [planner2] processing 1 unread messages (steer=True)
2026-08-09 21:00:07 | team | sess_3890e51f7eb4 | INFO | Message 5f0c1972-e9f9-4bdf-9d39-f47c65154115 marked as read by planner2
2026-08-09 21:00:07 | team | sess_3890e51f7eb4 | INFO | [planner2] processing 1 unread messages (steer=True)
2026-08-09 21:00:07 | team | sess_3890e51f7eb4 | INFO | Message b9af4dfe-bb79-4da3-9519-c83c98d93511 marked as read by planner2
2026-08-09 21:00:09 | team | sess_3890e51f7eb4 | INFO | [planner2] processing 1 unread messages (steer=True)
2026-08-09 21:00:09 | team | sess_3890e51f7eb4 | INFO | Message ce44a5a7-0323-4eb6-ad16-e036eef79770 marked as read by planner2
2026-08-09 21:00:34 | team | sess_3890e51f7eb4 | INFO | Message 08ec2305-866a-427e-8819-6f96ed9f8dfa created
2026-08-09 21:00:34 | team | sess_3890e51f7eb4 | INFO | Message 5f9dc6a1-5a92-4484-a1ff-27faa783657b created
2026-08-09 21:00:34 | team | sess_3890e51f7eb4 | INFO | Message 7a59c2cc-843a-4e4e-a758-10da96a27121 created
2026-08-09 21:00:43 | team | sess_3890e51f7eb4 | INFO | [planner2] processing 1 unread messages (steer=True)
2026-08-09 21:00:43 | team | sess_3890e51f7eb4 | INFO | Message 5da00df8-82ac-4965-9f5b-e7ebbe08b636 marked as read by planner2
2026-08-09 21:01:03 | team | sess_3890e51f7eb4 | INFO | Message 74652238-0fc6-4cbc-8a92-3b56379c1656 created
2026-08-09 21:01:28 | team | sess_3890e51f7eb4 | INFO | [planner2] processing 1 unread messages (steer=True)
2026-08-09 21:01:28 | team | sess_3890e51f7eb4 | INFO | Message 9d449f05-d210-4a34-abda-4238f7149747 marked as read by planner2
2026-08-09 21:01:29 | team | sess_3890e51f7eb4 | INFO | [planner2] processing 1 unread messages (steer=True)
2026-08-09 21:01:29 | team | sess_3890e51f7eb4 | INFO | Message 1713c2a2-e7a0-47d5-a45e-abe9dba6fa7d marked as read by planner2
2026-08-09 21:01:32 | team | sess_3890e51f7eb4 | INFO | [planner2] processing 1 unread messages (steer=True)
2026-08-09 21:01:32 | team | sess_3890e51f7eb4 | INFO | Message 850f530a-0111-45b4-af15-a5509126f8b0 marked as read by planner2
2026-08-09 21:10:04 | team | sess_3890e51f7eb4 | INFO | [planner2] processing 1 unread messages (steer=True)
2026-08-09 21:10:04 | team | sess_3890e51f7eb4 | INFO | Message dfd9d75f-6292-4ac3-a7f2-219c8a114e23 marked as read by planner2
2026-08-09 21:10:13 | team | sess_3890e51f7eb4 | INFO | [planner2] self-nudged stale claimed task plan
2026-08-09 21:10:39 | team | sess_3890e51f7eb4 | INFO | Message b5ea2f23-ffbd-4a8c-830c-653b165443cc created
2026-08-09 21:10:48 | team | sess_3890e51f7eb4 | INFO | Message 3aaedba3-6815-4ca0-a335-54f6b410601e created
2026-08-09 21:10:48 | team | sess_3890e51f7eb4 | INFO | Task plan completed at 1786306248396
2026-08-09 21:10:48 | team | sess_3890e51f7eb4 | INFO | Resolved 1 dependencies for task plan
2026-08-09 21:10:48 | team | sess_3890e51f7eb4 | INFO | Task implement unblocked (all deps resolved)
2026-08-09 21:10:48 | team | sess_3890e51f7eb4 | INFO | Task plan completed
2026-08-09 21:10:48 | team | sess_3890e51f7eb4 | INFO | Unblocked 1 tasks
2026-08-09 21:10:56 | team | sess_3890e51f7eb4 | INFO | [planner2] processing 1 unread messages (steer=True)
2026-08-09 21:10:56 | team | sess_3890e51f7eb4 | INFO | Message 7a55864d-2228-4382-bddb-f4501d294173 marked as read by planner2
2026-08-09 21:11:05 | team | sess_3890e51f7eb4 | INFO | [planner2] processing 1 unread messages (steer=True)
2026-08-09 21:11:05 | team | sess_3890e51f7eb4 | INFO | Message 750cbc20-4a28-4af2-aabc-a0a8becabbcb marked as read by planner2
2026-08-09 21:11:22 | team | sess_3890e51f7eb4 | INFO | Message a3bc1878-0a6f-420b-9f2a-924273ca1b3f created
2026-08-09 21:11:40 | team | sess_3890e51f7eb4 | INFO | [planner2] processing 1 unread messages (steer=True)
2026-08-09 21:11:40 | team | sess_3890e51f7eb4 | INFO | Message c73ae492-916d-44fc-add7-17d366760aa0 marked as read by planner2
2026-08-09 21:12:34 | team | sess_3890e51f7eb4 | INFO | [planner2] processing 1 unread messages (steer=True)
2026-08-09 21:12:34 | team | sess_3890e51f7eb4 | INFO | Message 61474bbd-d500-4209-9cfb-492569bbc362 marked as read by planner2
2026-08-09 21:17:02 | team | sess_3890e51f7eb4 | INFO | task list drained for team jiuwen_team_sess_3890e51f7eb4: 3 terminal task(s)
2026-08-09 21:17:17 | team | sess_3890e51f7eb4 | INFO | [planner2] processing 1 unread messages (steer=True)
2026-08-09 21:17:17 | team | sess_3890e51f7eb4 | INFO | Message d2b0734d-d95a-43e2-b1b5-38bcc067dc9b marked as read by planner2
2026-08-09 21:17:34 | team | sess_3890e51f7eb4 | INFO | team jiuwen_team_sess_3890e51f7eb4 reported completed: 9 members, 3 tasks
2026-08-09 21:17:34 | team | sess_3890e51f7eb4 | INFO | [planner2] received TEAM_STANDBY, pausing polls
2026-08-09 21:17:34 | team | sess_3890e51f7eb4 | INFO | EventBus[teammate] pausing polls
