2026-08-09 20:58:47 | team | sess_3890e51f7eb4 | INFO | Team workspace directory ensured at /srv/jwteam_clone/shared/run_current
2026-08-09 20:58:47 | team | sess_3890e51f7eb4 | INFO | AgentTeam manager initialized for jiuwen_team_sess_3890e51f7eb4, member=team_leader
2026-08-09 20:58:47 | team | sess_3890e51f7eb4 | INFO | [team_leader] TeamPolicyRail static sections: section_names=['team_role', 'team_workflow', 'team_swarmflow', 'team_lifecycle', 'team_persona']
2026-08-09 20:58:47 | team | sess_3890e51f7eb4 | INFO | Session tables ready for session sess_3890e51f7eb4
2026-08-09 20:58:47 | team | sess_3890e51f7eb4 | INFO | Team database initialized
2026-08-09 20:58:47 | team | default_trace_id | INFO | Team workspace directory ensured at /srv/jwteam_clone/shared/run_current
2026-08-09 20:58:47 | team | default_trace_id | INFO | AgentTeam manager initialized for jiuwen_team_sess_3890e51f7eb4, member=verifier1
2026-08-09 20:58:47 | team | default_trace_id | INFO | [verifier1] TeamPolicyRail static sections: section_names=['team_role', 'team_persona']
2026-08-09 20:58:47 | team | sess_3890e51f7eb4 | INFO | [verifier1] invoke start, role=teammate
2026-08-09 20:58:47 | team | sess_3890e51f7eb4 | INFO | [verifier1] coordination starting
2026-08-09 20:58:47 | team | sess_3890e51f7eb4 | INFO | Session tables ready for session sess_3890e51f7eb4
2026-08-09 20:58:47 | team | sess_3890e51f7eb4 | INFO | Workspace /srv/jwteam_clone/shared/run_current initialized as plain shared directory (version_control disabled)
2026-08-09 20:58:47 | team | sess_3890e51f7eb4 | INFO | EventBus[teammate] starting
2026-08-09 20:59:39 | team | sess_3890e51f7eb4 | INFO | [verifier1] HITT section refresh: human_agent_names=[]
2026-08-09 20:59:49 | team | sess_3890e51f7eb4 | INFO | [verifier1] processing 1 unread messages (steer=True)
2026-08-09 20:59:49 | team | sess_3890e51f7eb4 | INFO | Message e8aea601-38f8-40fb-a019-5659e6be6817 marked as read by verifier1
2026-08-09 21:00:27 | team | sess_3890e51f7eb4 | INFO | Message 160c126d-d85b-4a95-8809-32f788f9e8ad created
2026-08-09 21:00:35 | team | sess_3890e51f7eb4 | INFO | [verifier1] processing 1 unread messages (steer=True)
2026-08-09 21:00:35 | team | sess_3890e51f7eb4 | INFO | Message 333da47e-ce76-423b-bb6d-a6a338ee3f7a marked as read by verifier1
2026-08-09 21:14:49 | team | sess_3890e51f7eb4 | INFO | Task verify claimed by member verifier1
2026-08-09 21:14:49 | team | sess_3890e51f7eb4 | INFO | Task verify claimed by member verifier1
2026-08-09 21:14:55 | team | sess_3890e51f7eb4 | INFO | [verifier1] processing 1 unread messages (steer=True)
2026-08-09 21:14:55 | team | sess_3890e51f7eb4 | INFO | Message 3631f688-ad39-4d70-a9d9-3ef54609819b marked as read by verifier1
2026-08-09 21:15:45 | team | sess_3890e51f7eb4 | INFO | [verifier1] processing 1 unread messages (steer=True)
2026-08-09 21:15:45 | team | sess_3890e51f7eb4 | INFO | Message 6b3d2745-db3c-4b8b-80a1-b22b6b032f61 marked as read by verifier1
2026-08-09 21:17:02 | team | sess_3890e51f7eb4 | INFO | Task verify completed at 1786306622229
2026-08-09 21:17:02 | team | sess_3890e51f7eb4 | INFO | Task verify completed
2026-08-09 21:17:12 | team | sess_3890e51f7eb4 | INFO | Message 30964b26-2e78-4120-84a5-394db971b78e created
2026-08-09 21:17:12 | team | sess_3890e51f7eb4 | INFO | Message 788d449b-5a08-4f64-a891-75deda298c9a created
2026-08-09 21:17:17 | team | sess_3890e51f7eb4 | INFO | [verifier1] processing 1 unread messages (steer=True)
2026-08-09 21:17:17 | team | sess_3890e51f7eb4 | INFO | Message d2b0734d-d95a-43e2-b1b5-38bcc067dc9b marked as read by verifier1
2026-08-09 21:17:34 | team | sess_3890e51f7eb4 | INFO | team jiuwen_team_sess_3890e51f7eb4 reported completed: 9 members, 3 tasks
2026-08-09 21:17:34 | team | sess_3890e51f7eb4 | INFO | [verifier1] received TEAM_STANDBY, pausing polls
2026-08-09 21:17:34 | team | sess_3890e51f7eb4 | INFO | EventBus[teammate] pausing polls
