2026-08-09 20:58:48 | team | sess_3890e51f7eb4 | INFO | Team workspace directory ensured at /srv/jwteam_clone/shared/run_current
2026-08-09 20:58:48 | team | sess_3890e51f7eb4 | INFO | AgentTeam manager initialized for jiuwen_team_sess_3890e51f7eb4, member=team_leader
2026-08-09 20:58:48 | team | sess_3890e51f7eb4 | INFO | [team_leader] TeamPolicyRail static sections: section_names=['team_role', 'team_workflow', 'team_swarmflow', 'team_lifecycle', 'team_persona']
2026-08-09 20:58:48 | team | sess_3890e51f7eb4 | INFO | Session tables ready for session sess_3890e51f7eb4
2026-08-09 20:58:48 | team | sess_3890e51f7eb4 | INFO | Team database initialized
2026-08-09 20:58:48 | team | default_trace_id | INFO | Team workspace directory ensured at /srv/jwteam_clone/shared/run_current
2026-08-09 20:58:48 | team | default_trace_id | INFO | AgentTeam manager initialized for jiuwen_team_sess_3890e51f7eb4, member=verifier2
2026-08-09 20:58:48 | team | default_trace_id | INFO | [verifier2] TeamPolicyRail static sections: section_names=['team_role', 'team_persona']
2026-08-09 20:58:48 | team | sess_3890e51f7eb4 | INFO | [verifier2] invoke start, role=teammate
2026-08-09 20:58:48 | team | sess_3890e51f7eb4 | INFO | [verifier2] coordination starting
2026-08-09 20:58:48 | team | sess_3890e51f7eb4 | INFO | Session tables ready for session sess_3890e51f7eb4
2026-08-09 20:58:48 | team | sess_3890e51f7eb4 | INFO | Workspace /srv/jwteam_clone/shared/run_current initialized as plain shared directory (version_control disabled)
2026-08-09 20:58:48 | team | sess_3890e51f7eb4 | INFO | EventBus[teammate] starting
2026-08-09 20:59:39 | team | sess_3890e51f7eb4 | INFO | [verifier2] HITT section refresh: human_agent_names=[]
2026-08-09 20:59:49 | team | sess_3890e51f7eb4 | INFO | [verifier2] processing 1 unread messages (steer=True)
2026-08-09 20:59:49 | team | sess_3890e51f7eb4 | INFO | Message e8aea601-38f8-40fb-a019-5659e6be6817 marked as read by verifier2
2026-08-09 21:15:45 | team | sess_3890e51f7eb4 | INFO | Message 6b3d2745-db3c-4b8b-80a1-b22b6b032f61 created
2026-08-09 21:17:02 | team | sess_3890e51f7eb4 | INFO | task list drained for team jiuwen_team_sess_3890e51f7eb4: 3 terminal task(s)
2026-08-09 21:17:12 | team | sess_3890e51f7eb4 | INFO | [verifier2] processing 1 unread messages (steer=True)
2026-08-09 21:17:12 | team | sess_3890e51f7eb4 | INFO | Message 30964b26-2e78-4120-84a5-394db971b78e marked as read by verifier2
2026-08-09 21:17:17 | team | sess_3890e51f7eb4 | INFO | [verifier2] processing 1 unread messages (steer=True)
2026-08-09 21:17:17 | team | sess_3890e51f7eb4 | INFO | Message d2b0734d-d95a-43e2-b1b5-38bcc067dc9b marked as read by verifier2
2026-08-09 21:17:34 | team | sess_3890e51f7eb4 | INFO | team jiuwen_team_sess_3890e51f7eb4 reported completed: 9 members, 3 tasks
2026-08-09 21:17:34 | team | sess_3890e51f7eb4 | INFO | [verifier2] received TEAM_STANDBY, pausing polls
2026-08-09 21:17:34 | team | sess_3890e51f7eb4 | INFO | EventBus[teammate] pausing polls
