2026-08-09 20:58:49 | team | sess_3890e51f7eb4 | INFO | Team workspace directory ensured at /srv/jwteam_clone/shared/run_current
2026-08-09 20:58:49 | team | sess_3890e51f7eb4 | INFO | AgentTeam manager initialized for jiuwen_team_sess_3890e51f7eb4, member=team_leader
2026-08-09 20:58:49 | team | sess_3890e51f7eb4 | INFO | [team_leader] TeamPolicyRail static sections: section_names=['team_role', 'team_workflow', 'team_swarmflow', 'team_lifecycle', 'team_persona']
2026-08-09 20:58:49 | team | sess_3890e51f7eb4 | INFO | Session tables ready for session sess_3890e51f7eb4
2026-08-09 20:58:49 | team | sess_3890e51f7eb4 | INFO | Team database initialized
2026-08-09 20:58:49 | team | default_trace_id | INFO | Team workspace directory ensured at /srv/jwteam_clone/shared/run_current
2026-08-09 20:58:49 | team | default_trace_id | INFO | AgentTeam manager initialized for jiuwen_team_sess_3890e51f7eb4, member=fullstack1
2026-08-09 20:58:49 | team | default_trace_id | INFO | [fullstack1] TeamPolicyRail static sections: section_names=['team_role', 'team_persona']
2026-08-09 20:58:49 | team | sess_3890e51f7eb4 | INFO | [fullstack1] invoke start, role=teammate
2026-08-09 20:58:49 | team | sess_3890e51f7eb4 | INFO | [fullstack1] coordination starting
2026-08-09 20:58:49 | team | sess_3890e51f7eb4 | INFO | Session tables ready for session sess_3890e51f7eb4
2026-08-09 20:58:49 | team | sess_3890e51f7eb4 | INFO | Workspace /srv/jwteam_clone/shared/run_current initialized as plain shared directory (version_control disabled)
2026-08-09 20:58:49 | team | sess_3890e51f7eb4 | INFO | EventBus[teammate] starting
2026-08-09 20:59:39 | team | sess_3890e51f7eb4 | INFO | [fullstack1] HITT section refresh: human_agent_names=[]
2026-08-09 20:59:49 | team | sess_3890e51f7eb4 | INFO | [fullstack1] processing 1 unread messages (steer=True)
2026-08-09 20:59:49 | team | sess_3890e51f7eb4 | INFO | Message e8aea601-38f8-40fb-a019-5659e6be6817 marked as read by fullstack1
2026-08-09 21:00:09 | team | sess_3890e51f7eb4 | INFO | Message ce44a5a7-0323-4eb6-ad16-e036eef79770 created
2026-08-09 21:00:09 | team | sess_3890e51f7eb4 | INFO | Message 6026b847-8e40-48a4-9fec-84e9a17eacdf created
2026-08-09 21:00:16 | team | sess_3890e51f7eb4 | INFO | [fullstack1] processing 1 unread messages (steer=True)
2026-08-09 21:00:17 | team | sess_3890e51f7eb4 | INFO | Message 06da2d04-6658-4fb8-8c37-8af704887506 marked as read by fullstack1
2026-08-09 21:00:34 | team | sess_3890e51f7eb4 | INFO | [fullstack1] processing 1 unread messages (steer=True)
2026-08-09 21:00:35 | team | sess_3890e51f7eb4 | INFO | Message 08ec2305-866a-427e-8819-6f96ed9f8dfa marked as read by fullstack1
2026-08-09 21:01:29 | team | sess_3890e51f7eb4 | INFO | Message 1713c2a2-e7a0-47d5-a45e-abe9dba6fa7d created
2026-08-09 21:10:58 | team | sess_3890e51f7eb4 | INFO | Task implement claimed by member fullstack1
2026-08-09 21:10:58 | team | sess_3890e51f7eb4 | INFO | Task implement claimed by member fullstack1
2026-08-09 21:11:04 | team | sess_3890e51f7eb4 | INFO | Message 750cbc20-4a28-4af2-aabc-a0a8becabbcb created
2026-08-09 21:11:22 | team | sess_3890e51f7eb4 | INFO | [fullstack1] processing 1 unread messages (steer=True)
2026-08-09 21:11:22 | team | sess_3890e51f7eb4 | INFO | Message a3bc1878-0a6f-420b-9f2a-924273ca1b3f marked as read by fullstack1
2026-08-09 21:11:40 | team | sess_3890e51f7eb4 | INFO | [fullstack1] processing 1 unread messages (steer=True)
2026-08-09 21:11:40 | team | sess_3890e51f7eb4 | INFO | Message 61c3e941-ae03-4427-8bbb-18e9437875ef marked as read by fullstack1
2026-08-09 21:12:12 | team | sess_3890e51f7eb4 | INFO | Message e75fe8b4-223b-4c09-8393-2e18c6e9216e created
2026-08-09 21:12:26 | team | sess_3890e51f7eb4 | INFO | [fullstack1] processing 1 unread messages (steer=True)
2026-08-09 21:12:26 | team | sess_3890e51f7eb4 | INFO | Message 960fef49-2849-4d03-a0da-2fa9345b8632 marked as read by fullstack1
2026-08-09 21:12:48 | team | sess_3890e51f7eb4 | INFO | Message 806324f2-1cda-4aaa-aef9-b2db058b1899 created
2026-08-09 21:13:04 | team | sess_3890e51f7eb4 | INFO | [fullstack1] processing 1 unread messages (steer=True)
2026-08-09 21:13:04 | team | sess_3890e51f7eb4 | INFO | Message 875c39e4-f93a-4ce0-9130-3664161c1ccc marked as read by fullstack1
2026-08-09 21:13:25 | team | sess_3890e51f7eb4 | INFO | Message 98035eb4-669c-4c14-a360-82a373fcd29f created
2026-08-09 21:13:33 | team | sess_3890e51f7eb4 | INFO | [fullstack1] processing 1 unread messages (steer=True)
2026-08-09 21:13:33 | team | sess_3890e51f7eb4 | INFO | Message f87c01ea-e70a-40e4-ad6c-55330893f185 marked as read by fullstack1
2026-08-09 21:14:44 | team | sess_3890e51f7eb4 | INFO | Task implement completed at 1786306484924
2026-08-09 21:14:44 | team | sess_3890e51f7eb4 | INFO | Resolved 1 dependencies for task implement
2026-08-09 21:14:44 | team | sess_3890e51f7eb4 | INFO | Task verify unblocked (all deps resolved)
2026-08-09 21:14:44 | team | sess_3890e51f7eb4 | INFO | Task implement completed
2026-08-09 21:14:44 | team | sess_3890e51f7eb4 | INFO | Unblocked 1 tasks
2026-08-09 21:14:55 | team | sess_3890e51f7eb4 | INFO | Message 3631f688-ad39-4d70-a9d9-3ef54609819b created
2026-08-09 21:14:55 | team | sess_3890e51f7eb4 | INFO | Message e94d9499-3f4a-4c36-9d22-4bb42fafaaca created
2026-08-09 21:15:06 | team | sess_3890e51f7eb4 | INFO | [fullstack1] processing 1 unread messages (steer=True)
2026-08-09 21:15:06 | team | sess_3890e51f7eb4 | INFO | Message 58da4d54-6cba-4ba3-812c-29cae72924d8 marked as read by fullstack1
2026-08-09 21:17:02 | team | sess_3890e51f7eb4 | INFO | task list drained for team jiuwen_team_sess_3890e51f7eb4: 3 terminal task(s)
2026-08-09 21:17:17 | team | sess_3890e51f7eb4 | INFO | [fullstack1] processing 1 unread messages (steer=True)
2026-08-09 21:17:17 | team | sess_3890e51f7eb4 | INFO | Message d2b0734d-d95a-43e2-b1b5-38bcc067dc9b marked as read by fullstack1
2026-08-09 21:17:34 | team | sess_3890e51f7eb4 | INFO | team jiuwen_team_sess_3890e51f7eb4 reported completed: 9 members, 3 tasks
2026-08-09 21:17:34 | team | sess_3890e51f7eb4 | INFO | [fullstack1] received TEAM_STANDBY, pausing polls
2026-08-09 21:17:34 | team | sess_3890e51f7eb4 | INFO | EventBus[teammate] pausing polls
