2026-08-09 20:58:44 | team | sess_3890e51f7eb4 | INFO | Team workspace directory ensured at /srv/jwteam_clone/shared/run_current
2026-08-09 20:58:44 | team | sess_3890e51f7eb4 | INFO | AgentTeam manager initialized for jiuwen_team_sess_3890e51f7eb4, member=team_leader
2026-08-09 20:58:44 | team | sess_3890e51f7eb4 | INFO | [team_leader] TeamPolicyRail static sections: section_names=['team_role', 'team_workflow', 'team_swarmflow', 'team_lifecycle', 'team_persona']
2026-08-09 20:58:44 | team | sess_3890e51f7eb4 | INFO | Session tables ready for session sess_3890e51f7eb4
2026-08-09 20:58:44 | team | sess_3890e51f7eb4 | INFO | Team database initialized
2026-08-09 20:58:44 | team | default_trace_id | INFO | Team workspace directory ensured at /srv/jwteam_clone/shared/run_current
2026-08-09 20:58:44 | team | default_trace_id | INFO | AgentTeam manager initialized for jiuwen_team_sess_3890e51f7eb4, member=executor1
2026-08-09 20:58:44 | team | default_trace_id | INFO | [executor1] TeamPolicyRail static sections: section_names=['team_role', 'team_persona']
2026-08-09 20:58:44 | team | sess_3890e51f7eb4 | INFO | [executor1] invoke start, role=teammate
2026-08-09 20:58:44 | team | sess_3890e51f7eb4 | INFO | [executor1] coordination starting
2026-08-09 20:58:44 | team | sess_3890e51f7eb4 | INFO | Session tables ready for session sess_3890e51f7eb4
2026-08-09 20:58:44 | team | sess_3890e51f7eb4 | INFO | Workspace /srv/jwteam_clone/shared/run_current initialized as plain shared directory (version_control disabled)
2026-08-09 20:58:44 | team | sess_3890e51f7eb4 | INFO | EventBus[teammate] starting
2026-08-09 20:59:39 | team | sess_3890e51f7eb4 | INFO | [executor1] HITT section refresh: human_agent_names=[]
2026-08-09 20:59:49 | team | sess_3890e51f7eb4 | INFO | [executor1] processing 1 unread messages (steer=True)
2026-08-09 20:59:49 | team | sess_3890e51f7eb4 | INFO | Message e8aea601-38f8-40fb-a019-5659e6be6817 marked as read by executor1
2026-08-09 21:00:07 | team | sess_3890e51f7eb4 | INFO | Message 3b0bc6ad-6e97-44cb-804a-60d4b5c40844 created
2026-08-09 21:00:07 | team | sess_3890e51f7eb4 | INFO | Message 5f0c1972-e9f9-4bdf-9d39-f47c65154115 created
2026-08-09 21:00:17 | team | sess_3890e51f7eb4 | INFO | [executor1] processing 1 unread messages (steer=True)
2026-08-09 21:00:17 | team | sess_3890e51f7eb4 | INFO | Message 219e70f3-b8c1-4bb2-b023-beb3fd9c9f4b marked as read by executor1
2026-08-09 21:00:34 | team | sess_3890e51f7eb4 | INFO | [executor1] processing 1 unread messages (steer=True)
2026-08-09 21:00:34 | team | sess_3890e51f7eb4 | INFO | Message 5f9dc6a1-5a92-4484-a1ff-27faa783657b marked as read by executor1
2026-08-09 21:00:35 | team | sess_3890e51f7eb4 | INFO | Message 8cca2984-dda0-4006-ba76-55e56e7a1926 created
2026-08-09 21:00:43 | team | sess_3890e51f7eb4 | INFO | Message 5da00df8-82ac-4965-9f5b-e7ebbe08b636 created
2026-08-09 21:01:03 | team | sess_3890e51f7eb4 | INFO | [executor1] processing 1 unread messages (steer=True)
2026-08-09 21:01:03 | team | sess_3890e51f7eb4 | INFO | Message 74652238-0fc6-4cbc-8a92-3b56379c1656 marked as read by executor1
2026-08-09 21:01:28 | team | sess_3890e51f7eb4 | INFO | Message 9d449f05-d210-4a34-abda-4238f7149747 created
2026-08-09 21:10:39 | team | sess_3890e51f7eb4 | INFO | [executor1] processing 1 unread messages (steer=True)
2026-08-09 21:10:39 | team | sess_3890e51f7eb4 | INFO | Message b5ea2f23-ffbd-4a8c-830c-653b165443cc marked as read by executor1
2026-08-09 21:11:40 | team | sess_3890e51f7eb4 | INFO | Message c73ae492-916d-44fc-add7-17d366760aa0 created
2026-08-09 21:11:40 | team | sess_3890e51f7eb4 | INFO | Message 61c3e941-ae03-4427-8bbb-18e9437875ef created
2026-08-09 21:12:12 | team | sess_3890e51f7eb4 | INFO | [executor1] processing 1 unread messages (steer=True)
2026-08-09 21:12:12 | team | sess_3890e51f7eb4 | INFO | Message e75fe8b4-223b-4c09-8393-2e18c6e9216e marked as read by executor1
2026-08-09 21:12:26 | team | sess_3890e51f7eb4 | INFO | Message 960fef49-2849-4d03-a0da-2fa9345b8632 created
2026-08-09 21:12:34 | team | sess_3890e51f7eb4 | INFO | Message 61474bbd-d500-4209-9cfb-492569bbc362 created
2026-08-09 21:12:44 | team | sess_3890e51f7eb4 | INFO | Message bbdcd7e6-e12c-4353-8f86-5c74b04e3738 created
2026-08-09 21:12:48 | team | sess_3890e51f7eb4 | INFO | [executor1] processing 1 unread messages (steer=True)
2026-08-09 21:12:48 | team | sess_3890e51f7eb4 | INFO | Message 806324f2-1cda-4aaa-aef9-b2db058b1899 marked as read by executor1
2026-08-09 21:12:50 | team | sess_3890e51f7eb4 | INFO | [executor1] processing 1 unread messages (steer=True)
2026-08-09 21:12:50 | team | sess_3890e51f7eb4 | INFO | Message d10d56da-8c87-470c-8790-df75d4f9584e marked as read by executor1
2026-08-09 21:13:04 | team | sess_3890e51f7eb4 | INFO | Message 875c39e4-f93a-4ce0-9130-3664161c1ccc created
2026-08-09 21:13:10 | team | sess_3890e51f7eb4 | INFO | Message bf747d25-c245-463d-aaca-8043bb1c9003 created
2026-08-09 21:13:25 | team | sess_3890e51f7eb4 | INFO | [executor1] processing 1 unread messages (steer=True)
2026-08-09 21:13:25 | team | sess_3890e51f7eb4 | INFO | Message 98035eb4-669c-4c14-a360-82a373fcd29f marked as read by executor1
2026-08-09 21:13:33 | team | sess_3890e51f7eb4 | INFO | Message f87c01ea-e70a-40e4-ad6c-55330893f185 created
2026-08-09 21:17:02 | team | sess_3890e51f7eb4 | INFO | task list drained for team jiuwen_team_sess_3890e51f7eb4: 3 terminal task(s)
2026-08-09 21:17:17 | team | sess_3890e51f7eb4 | INFO | [executor1] processing 1 unread messages (steer=True)
2026-08-09 21:17:17 | team | sess_3890e51f7eb4 | INFO | Message d2b0734d-d95a-43e2-b1b5-38bcc067dc9b marked as read by executor1
2026-08-09 21:17:34 | team | sess_3890e51f7eb4 | INFO | team jiuwen_team_sess_3890e51f7eb4 reported completed: 9 members, 3 tasks
2026-08-09 21:17:34 | team | sess_3890e51f7eb4 | INFO | [executor1] received TEAM_STANDBY, pausing polls
2026-08-09 21:17:34 | team | sess_3890e51f7eb4 | INFO | EventBus[teammate] pausing polls
