2026-08-09 20:58:42 | team | sess_3890e51f7eb4 | INFO | Team workspace directory ensured at /srv/jwteam_clone/shared/run_current
2026-08-09 20:58:42 | team | sess_3890e51f7eb4 | INFO | AgentTeam manager initialized for jiuwen_team_sess_3890e51f7eb4, member=team_leader
2026-08-09 20:58:42 | team | sess_3890e51f7eb4 | INFO | [team_leader] TeamPolicyRail static sections: section_names=['team_role', 'team_workflow', 'team_swarmflow', 'team_lifecycle', 'team_persona']
2026-08-09 20:58:42 | team | sess_3890e51f7eb4 | INFO | Session tables ready for session sess_3890e51f7eb4
2026-08-09 20:58:42 | team | sess_3890e51f7eb4 | INFO | Team database initialized
2026-08-09 20:58:42 | team | default_trace_id | INFO | Team workspace directory ensured at /srv/jwteam_clone/shared/run_current
2026-08-09 20:58:42 | team | default_trace_id | INFO | AgentTeam manager initialized for jiuwen_team_sess_3890e51f7eb4, member=planner1
2026-08-09 20:58:42 | team | default_trace_id | INFO | [planner1] TeamPolicyRail static sections: section_names=['team_role', 'team_persona']
2026-08-09 20:58:42 | team | sess_3890e51f7eb4 | INFO | [planner1] invoke start, role=teammate
2026-08-09 20:58:42 | team | sess_3890e51f7eb4 | INFO | [planner1] coordination starting
2026-08-09 20:58:42 | team | sess_3890e51f7eb4 | INFO | Session tables ready for session sess_3890e51f7eb4
2026-08-09 20:58:42 | team | sess_3890e51f7eb4 | INFO | Workspace /srv/jwteam_clone/shared/run_current initialized as plain shared directory (version_control disabled)
2026-08-09 20:58:42 | team | sess_3890e51f7eb4 | INFO | EventBus[teammate] starting
2026-08-09 20:59:39 | team | sess_3890e51f7eb4 | INFO | [planner1] HITT section refresh: human_agent_names=[]
2026-08-09 20:59:49 | team | sess_3890e51f7eb4 | INFO | [planner1] processing 1 unread messages (steer=True)
2026-08-09 20:59:49 | team | sess_3890e51f7eb4 | INFO | Message e8aea601-38f8-40fb-a019-5659e6be6817 marked as read by planner1
2026-08-09 21:00:07 | team | sess_3890e51f7eb4 | INFO | [planner1] processing 1 unread messages (steer=True)
2026-08-09 21:00:07 | team | sess_3890e51f7eb4 | INFO | Message 3b0bc6ad-6e97-44cb-804a-60d4b5c40844 marked as read by planner1
2026-08-09 21:00:07 | team | sess_3890e51f7eb4 | INFO | Message b9af4dfe-bb79-4da3-9519-c83c98d93511 created
2026-08-09 21:00:17 | team | sess_3890e51f7eb4 | INFO | Message 219e70f3-b8c1-4bb2-b023-beb3fd9c9f4b created
2026-08-09 21:00:34 | team | sess_3890e51f7eb4 | INFO | [planner1] processing 1 unread messages (steer=True)
2026-08-09 21:00:35 | team | sess_3890e51f7eb4 | INFO | Message 7a59c2cc-843a-4e4e-a758-10da96a27121 marked as read by planner1
2026-08-09 21:00:35 | team | sess_3890e51f7eb4 | INFO | [planner1] processing 1 unread messages (steer=True)
2026-08-09 21:00:35 | team | sess_3890e51f7eb4 | INFO | Message 8cca2984-dda0-4006-ba76-55e56e7a1926 marked as read by planner1
2026-08-09 21:01:32 | team | sess_3890e51f7eb4 | INFO | Message 850f530a-0111-45b4-af15-a5509126f8b0 created
2026-08-09 21:17:02 | team | sess_3890e51f7eb4 | INFO | task list drained for team jiuwen_team_sess_3890e51f7eb4: 3 terminal task(s)
2026-08-09 21:17:17 | team | sess_3890e51f7eb4 | INFO | [planner1] processing 1 unread messages (steer=True)
2026-08-09 21:17:17 | team | sess_3890e51f7eb4 | INFO | Message d2b0734d-d95a-43e2-b1b5-38bcc067dc9b marked as read by planner1
2026-08-09 21:17:34 | team | sess_3890e51f7eb4 | INFO | team jiuwen_team_sess_3890e51f7eb4 reported completed: 9 members, 3 tasks
2026-08-09 21:17:34 | team | sess_3890e51f7eb4 | INFO | [planner1] received TEAM_STANDBY, pausing polls
2026-08-09 21:17:34 | team | sess_3890e51f7eb4 | INFO | EventBus[teammate] pausing polls
