2026-08-09 23:39:48 | team | sess_9077defda7ca | INFO | Team workspace directory ensured at /srv/jwteam_clone/shared/run_current
2026-08-09 23:39:48 | team | sess_9077defda7ca | INFO | AgentTeam manager initialized for jiuwen_team_sess_9077defda7ca, member=team_leader
2026-08-09 23:39:48 | team | sess_9077defda7ca | INFO | [team_leader] TeamPolicyRail static sections: section_names=['team_role', 'team_workflow', 'team_swarmflow', 'team_lifecycle', 'team_persona']
2026-08-09 23:39:48 | team | sess_9077defda7ca | INFO | Session tables ready for session sess_9077defda7ca
2026-08-09 23:39:48 | team | sess_9077defda7ca | INFO | Team database initialized
2026-08-09 23:39:48 | team | default_trace_id | INFO | Team workspace directory ensured at /srv/jwteam_clone/shared/run_current
2026-08-09 23:39:48 | team | default_trace_id | INFO | AgentTeam manager initialized for jiuwen_team_sess_9077defda7ca, member=planner1
2026-08-09 23:39:48 | team | default_trace_id | INFO | [planner1] TeamPolicyRail static sections: section_names=['team_role', 'team_persona']
2026-08-09 23:39:48 | team | sess_9077defda7ca | INFO | [planner1] invoke start, role=teammate
2026-08-09 23:39:48 | team | sess_9077defda7ca | INFO | [planner1] coordination starting
2026-08-09 23:39:48 | team | sess_9077defda7ca | INFO | Session tables ready for session sess_9077defda7ca
2026-08-09 23:39:48 | team | sess_9077defda7ca | INFO | Workspace /srv/jwteam_clone/shared/run_current initialized as plain shared directory (version_control disabled)
2026-08-09 23:39:48 | team | sess_9077defda7ca | INFO | EventBus[teammate] starting
2026-08-09 23:40:33 | team | sess_9077defda7ca | INFO | [planner1] HITT section refresh: human_agent_names=[]
2026-08-09 23:40:44 | team | sess_9077defda7ca | INFO | [planner1] processing 1 unread messages (steer=True)
2026-08-09 23:40:44 | team | sess_9077defda7ca | INFO | Message 9ab6f86a-23e3-4785-977a-c80a470622ef marked as read by planner1
2026-08-09 23:40:50 | team | sess_9077defda7ca | INFO | Message 40062f2a-2cd3-4da4-a277-c5064745b508 created
2026-08-09 23:41:03 | team | sess_9077defda7ca | INFO | Message 760d279b-43fc-4405-983d-f9389d991dc1 created
2026-08-09 23:41:18 | team | sess_9077defda7ca | INFO | [planner1] processing 1 unread messages (steer=True)
2026-08-09 23:41:18 | team | sess_9077defda7ca | INFO | Message 78fdc67b-a521-4ad5-9ea3-8d0295efa6db marked as read by planner1
2026-08-09 23:41:44 | team | sess_9077defda7ca | INFO | [planner1] processing 1 unread messages (steer=True)
2026-08-09 23:41:44 | team | sess_9077defda7ca | INFO | Message b53b6c0c-7620-42b4-9710-a6a11f2200aa marked as read by planner1
2026-08-09 23:41:51 | team | sess_9077defda7ca | INFO | Message 0e196c41-f632-4c1f-9d74-42179dff46cc created
2026-08-09 23:41:51 | team | sess_9077defda7ca | INFO | Message 7f19604c-b56f-432b-9d0f-9f26fc392605 created
2026-08-09 23:42:02 | team | sess_9077defda7ca | INFO | Message 9b896a70-25c4-4680-9781-300ac4ab578a created
2026-08-09 23:42:02 | team | sess_9077defda7ca | INFO | Message cf53d984-012c-4849-a64e-af514a66a7a1 created
2026-08-09 23:42:24 | team | sess_9077defda7ca | INFO | [planner1] processing 1 unread messages (steer=True)
2026-08-09 23:42:24 | team | sess_9077defda7ca | INFO | Message b1481b89-f635-4295-98ad-daa1ed2932e3 marked as read by planner1
2026-08-09 23:42:30 | team | sess_9077defda7ca | INFO | Message 0d018ec2-974c-4e88-ae29-cb7334ba0aff created
2026-08-09 23:42:58 | team | sess_9077defda7ca | INFO | [planner1] processing 1 unread messages (steer=True)
2026-08-09 23:42:58 | team | sess_9077defda7ca | INFO | Message f5193e2e-9a97-4675-9a78-22d90b660db8 marked as read by planner1
2026-08-09 23:43:13 | team | sess_9077defda7ca | INFO | Message 83a1b5ad-cc01-4430-8850-705c99d6c125 created
2026-08-09 23:43:13 | team | sess_9077defda7ca | INFO | Message 123dfc96-0820-417f-a9c5-b956dbb9fcb7 created
2026-08-09 23:47:05 | team | sess_9077defda7ca | INFO | task list drained for team jiuwen_team_sess_9077defda7ca: 5 terminal task(s)
2026-08-09 23:47:23 | team | sess_9077defda7ca | INFO | [planner1] processing 1 unread messages (steer=True)
2026-08-09 23:47:23 | team | sess_9077defda7ca | INFO | Message 199b3f0f-c925-4c19-91d9-5bb6e2702cb3 marked as read by planner1
2026-08-09 23:47:31 | team | sess_9077defda7ca | INFO | team jiuwen_team_sess_9077defda7ca reported completed: 9 members, 5 tasks
2026-08-09 23:47:31 | team | sess_9077defda7ca | INFO | [planner1] received TEAM_STANDBY, pausing polls
2026-08-09 23:47:31 | team | sess_9077defda7ca | INFO | EventBus[teammate] pausing polls
