2026-08-09 23:39:49 | team | sess_9077defda7ca | INFO | Team workspace directory ensured at /srv/jwteam_clone/shared/run_current
2026-08-09 23:39:49 | team | sess_9077defda7ca | INFO | AgentTeam manager initialized for jiuwen_team_sess_9077defda7ca, member=team_leader
2026-08-09 23:39:49 | team | sess_9077defda7ca | INFO | [team_leader] TeamPolicyRail static sections: section_names=['team_role', 'team_workflow', 'team_swarmflow', 'team_lifecycle', 'team_persona']
2026-08-09 23:39:50 | team | sess_9077defda7ca | INFO | Session tables ready for session sess_9077defda7ca
2026-08-09 23:39:50 | team | sess_9077defda7ca | INFO | Team database initialized
2026-08-09 23:39:50 | team | default_trace_id | INFO | Team workspace directory ensured at /srv/jwteam_clone/shared/run_current
2026-08-09 23:39:50 | team | default_trace_id | INFO | AgentTeam manager initialized for jiuwen_team_sess_9077defda7ca, member=executor1
2026-08-09 23:39:50 | team | default_trace_id | INFO | [executor1] TeamPolicyRail static sections: section_names=['team_role', 'team_persona']
2026-08-09 23:39:50 | team | sess_9077defda7ca | INFO | [executor1] invoke start, role=teammate
2026-08-09 23:39:50 | team | sess_9077defda7ca | INFO | [executor1] coordination starting
2026-08-09 23:39:50 | team | sess_9077defda7ca | INFO | Session tables ready for session sess_9077defda7ca
2026-08-09 23:39:50 | team | sess_9077defda7ca | INFO | Workspace /srv/jwteam_clone/shared/run_current initialized as plain shared directory (version_control disabled)
2026-08-09 23:39:50 | team | sess_9077defda7ca | INFO | EventBus[teammate] starting
2026-08-09 23:40:33 | team | sess_9077defda7ca | INFO | [executor1] HITT section refresh: human_agent_names=[]
2026-08-09 23:40:44 | team | sess_9077defda7ca | INFO | [executor1] processing 1 unread messages (steer=True)
2026-08-09 23:40:44 | team | sess_9077defda7ca | INFO | Message 9ab6f86a-23e3-4785-977a-c80a470622ef marked as read by executor1
2026-08-09 23:41:04 | team | sess_9077defda7ca | INFO | [executor1] processing 1 unread messages (steer=True)
2026-08-09 23:41:04 | team | sess_9077defda7ca | INFO | Message bb61ca82-6c5e-4f22-ad60-30f3d2cfdbaa marked as read by executor1
2026-08-09 23:41:16 | team | sess_9077defda7ca | INFO | Message c9d4a589-9b55-47e6-8b95-b4f0e5a8f8d4 created
2026-08-09 23:41:44 | team | sess_9077defda7ca | INFO | [executor1] processing 1 unread messages (steer=True)
2026-08-09 23:41:44 | team | sess_9077defda7ca | INFO | Message 99bac863-0f40-41b4-8d9e-2ffceb9fa6eb marked as read by executor1
2026-08-09 23:41:51 | team | sess_9077defda7ca | INFO | [executor1] processing 1 unread messages (steer=True)
2026-08-09 23:41:51 | team | sess_9077defda7ca | INFO | Message 0e196c41-f632-4c1f-9d74-42179dff46cc marked as read by executor1
2026-08-09 23:42:10 | team | sess_9077defda7ca | INFO | Message c6c3cf59-0b11-430d-b6d0-4a4a97fcd534 created
2026-08-09 23:42:13 | team | sess_9077defda7ca | INFO | [executor1] processing 1 unread messages (steer=True)
2026-08-09 23:42:13 | team | sess_9077defda7ca | INFO | Message fc5f7f4f-84c1-46c4-995b-5bec040a3611 marked as read by executor1
2026-08-09 23:42:34 | team | sess_9077defda7ca | INFO | [executor1] processing 1 unread messages (steer=True)
2026-08-09 23:42:34 | team | sess_9077defda7ca | INFO | Message f32716b3-5718-486d-9b9d-d611d5b85359 marked as read by executor1
2026-08-09 23:43:08 | team | sess_9077defda7ca | INFO | Message f02ce883-2ac0-4edf-b595-33494f187907 created
2026-08-09 23:43:08 | team | sess_9077defda7ca | INFO | Message ecc95e71-034b-4672-98dd-787739204edb created
2026-08-09 23:43:14 | team | sess_9077defda7ca | INFO | Message e33d74d4-5821-4998-ad53-e8623b6920bd created
2026-08-09 23:43:20 | team | sess_9077defda7ca | INFO | [executor1] processing 1 unread messages (steer=True)
2026-08-09 23:43:20 | team | sess_9077defda7ca | INFO | Message 6b0319a4-b2b9-4aa9-850a-d64307f0baf8 marked as read by executor1
2026-08-09 23:43:41 | team | sess_9077defda7ca | INFO | [executor1] processing 1 unread messages (steer=True)
2026-08-09 23:43:41 | team | sess_9077defda7ca | INFO | Message 74a8336a-09a4-4ee6-847a-352243dc7f32 marked as read by executor1
2026-08-09 23:43:49 | team | sess_9077defda7ca | INFO | Message e9523d9b-bdcb-4f2c-813e-d87b316fb52e created
2026-08-09 23:47:05 | team | sess_9077defda7ca | INFO | task list drained for team jiuwen_team_sess_9077defda7ca: 5 terminal task(s)
2026-08-09 23:47:23 | team | sess_9077defda7ca | INFO | [executor1] processing 1 unread messages (steer=True)
2026-08-09 23:47:23 | team | sess_9077defda7ca | INFO | Message 199b3f0f-c925-4c19-91d9-5bb6e2702cb3 marked as read by executor1
2026-08-09 23:47:31 | team | sess_9077defda7ca | INFO | team jiuwen_team_sess_9077defda7ca reported completed: 9 members, 5 tasks
2026-08-09 23:47:31 | team | sess_9077defda7ca | INFO | [executor1] received TEAM_STANDBY, pausing polls
2026-08-09 23:47:31 | team | sess_9077defda7ca | INFO | EventBus[teammate] pausing polls
