2026-08-09 23:39:51 | team | sess_9077defda7ca | INFO | Team workspace directory ensured at /srv/jwteam_clone/shared/run_current
2026-08-09 23:39:51 | team | sess_9077defda7ca | INFO | AgentTeam manager initialized for jiuwen_team_sess_9077defda7ca, member=team_leader
2026-08-09 23:39:51 | team | sess_9077defda7ca | INFO | [team_leader] TeamPolicyRail static sections: section_names=['team_role', 'team_workflow', 'team_swarmflow', 'team_lifecycle', 'team_persona']
2026-08-09 23:39:51 | team | sess_9077defda7ca | INFO | Session tables ready for session sess_9077defda7ca
2026-08-09 23:39:51 | team | sess_9077defda7ca | INFO | Team database initialized
2026-08-09 23:39:51 | team | default_trace_id | INFO | Team workspace directory ensured at /srv/jwteam_clone/shared/run_current
2026-08-09 23:39:51 | team | default_trace_id | INFO | AgentTeam manager initialized for jiuwen_team_sess_9077defda7ca, member=executor3
2026-08-09 23:39:51 | team | default_trace_id | INFO | [executor3] TeamPolicyRail static sections: section_names=['team_role', 'team_persona']
2026-08-09 23:39:52 | team | sess_9077defda7ca | INFO | [executor3] invoke start, role=teammate
2026-08-09 23:39:52 | team | sess_9077defda7ca | INFO | [executor3] coordination starting
2026-08-09 23:39:52 | team | sess_9077defda7ca | INFO | Session tables ready for session sess_9077defda7ca
2026-08-09 23:39:52 | team | sess_9077defda7ca | INFO | Workspace /srv/jwteam_clone/shared/run_current initialized as plain shared directory (version_control disabled)
2026-08-09 23:39:52 | team | sess_9077defda7ca | INFO | EventBus[teammate] starting
2026-08-09 23:40:33 | team | sess_9077defda7ca | INFO | [executor3] HITT section refresh: human_agent_names=[]
2026-08-09 23:40:44 | team | sess_9077defda7ca | INFO | [executor3] processing 1 unread messages (steer=True)
2026-08-09 23:40:44 | team | sess_9077defda7ca | INFO | Message 9ab6f86a-23e3-4785-977a-c80a470622ef marked as read by executor3
2026-08-09 23:41:04 | team | sess_9077defda7ca | INFO | [executor3] processing 1 unread messages (steer=True)
2026-08-09 23:41:04 | team | sess_9077defda7ca | INFO | Message 93e2cdc1-4ef9-4383-b3f4-81b4a963c6e5 marked as read by executor3
2026-08-09 23:41:08 | team | sess_9077defda7ca | INFO | Message aff52bb7-bb15-410e-a32c-bbe287ec1f5e created
2026-08-09 23:41:18 | team | sess_9077defda7ca | INFO | Message 0f1c1bc8-1b34-4d6a-a2e7-a73546b8f521 created
2026-08-09 23:41:44 | team | sess_9077defda7ca | INFO | [executor3] processing 1 unread messages (steer=True)
2026-08-09 23:41:44 | team | sess_9077defda7ca | INFO | Message 4ea35dba-c061-4acd-8a22-e293e8916ab0 marked as read by executor3
2026-08-09 23:41:51 | team | sess_9077defda7ca | INFO | [executor3] processing 1 unread messages (steer=True)
2026-08-09 23:41:51 | team | sess_9077defda7ca | INFO | Message 7f19604c-b56f-432b-9d0f-9f26fc392605 marked as read by executor3
2026-08-09 23:42:13 | team | sess_9077defda7ca | INFO | [executor3] processing 1 unread messages (steer=True)
2026-08-09 23:42:13 | team | sess_9077defda7ca | INFO | Message 3b00348a-248a-43b5-be14-bc5f53e1755e marked as read by executor3
2026-08-09 23:42:18 | team | sess_9077defda7ca | INFO | Message ce044048-18d6-468e-a1a6-b6f96dba7952 created
2026-08-09 23:42:34 | team | sess_9077defda7ca | INFO | [executor3] processing 1 unread messages (steer=True)
2026-08-09 23:42:34 | team | sess_9077defda7ca | INFO | Message bde515e2-057e-4377-81bd-5dddca9e76f9 marked as read by executor3
2026-08-09 23:42:46 | team | sess_9077defda7ca | INFO | Message c558e8f5-2277-4280-b43c-e9c5bf143d0a created
2026-08-09 23:43:43 | team | sess_9077defda7ca | INFO | [executor3] processing 1 unread messages (steer=True)
2026-08-09 23:43:43 | team | sess_9077defda7ca | INFO | Message 1c4d3149-e1c9-487b-8c0a-90d263e51163 marked as read by executor3
2026-08-09 23:43:55 | team | sess_9077defda7ca | INFO | Message 1573c117-76c2-4d11-998d-07ffa3916909 created
2026-08-09 23:47:05 | team | sess_9077defda7ca | INFO | task list drained for team jiuwen_team_sess_9077defda7ca: 5 terminal task(s)
2026-08-09 23:47:23 | team | sess_9077defda7ca | INFO | [executor3] processing 1 unread messages (steer=True)
2026-08-09 23:47:23 | team | sess_9077defda7ca | INFO | Message 199b3f0f-c925-4c19-91d9-5bb6e2702cb3 marked as read by executor3
2026-08-09 23:47:31 | team | sess_9077defda7ca | INFO | team jiuwen_team_sess_9077defda7ca reported completed: 9 members, 5 tasks
2026-08-09 23:47:31 | team | sess_9077defda7ca | INFO | [executor3] received TEAM_STANDBY, pausing polls
2026-08-09 23:47:31 | team | sess_9077defda7ca | INFO | EventBus[teammate] pausing polls
