2026-08-09 23:39:50 | team | sess_9077defda7ca | INFO | Team workspace directory ensured at /srv/jwteam_clone/shared/run_current
2026-08-09 23:39:50 | team | sess_9077defda7ca | INFO | AgentTeam manager initialized for jiuwen_team_sess_9077defda7ca, member=team_leader
2026-08-09 23:39:50 | team | sess_9077defda7ca | INFO | [team_leader] TeamPolicyRail static sections: section_names=['team_role', 'team_workflow', 'team_swarmflow', 'team_lifecycle', 'team_persona']
2026-08-09 23:39:50 | team | sess_9077defda7ca | INFO | Session tables ready for session sess_9077defda7ca
2026-08-09 23:39:50 | team | sess_9077defda7ca | INFO | Team database initialized
2026-08-09 23:39:50 | team | default_trace_id | INFO | Team workspace directory ensured at /srv/jwteam_clone/shared/run_current
2026-08-09 23:39:50 | team | default_trace_id | INFO | AgentTeam manager initialized for jiuwen_team_sess_9077defda7ca, member=executor2
2026-08-09 23:39:50 | team | default_trace_id | INFO | [executor2] TeamPolicyRail static sections: section_names=['team_role', 'team_persona']
2026-08-09 23:39:50 | team | sess_9077defda7ca | INFO | [executor2] invoke start, role=teammate
2026-08-09 23:39:50 | team | sess_9077defda7ca | INFO | [executor2] coordination starting
2026-08-09 23:39:51 | team | sess_9077defda7ca | INFO | Session tables ready for session sess_9077defda7ca
2026-08-09 23:39:51 | team | sess_9077defda7ca | INFO | Workspace /srv/jwteam_clone/shared/run_current initialized as plain shared directory (version_control disabled)
2026-08-09 23:39:51 | team | sess_9077defda7ca | INFO | EventBus[teammate] starting
2026-08-09 23:40:33 | team | sess_9077defda7ca | INFO | [executor2] HITT section refresh: human_agent_names=[]
2026-08-09 23:40:44 | team | sess_9077defda7ca | INFO | [executor2] processing 1 unread messages (steer=True)
2026-08-09 23:40:44 | team | sess_9077defda7ca | INFO | Message 9ab6f86a-23e3-4785-977a-c80a470622ef marked as read by executor2
2026-08-09 23:42:31 | team | sess_9077defda7ca | INFO | Task implement-zone-a claimed by member executor2
2026-08-09 23:42:31 | team | sess_9077defda7ca | INFO | Task implement-zone-a claimed by member executor2
2026-08-09 23:42:39 | team | sess_9077defda7ca | INFO | Message 4dff314a-56d5-4b42-a0bc-9cb22e674beb created
2026-08-09 23:43:01 | team | sess_9077defda7ca | INFO | [executor2] processing 1 unread messages (steer=True)
2026-08-09 23:43:01 | team | sess_9077defda7ca | INFO | Message eb832b18-089e-4bbe-badc-bb42f12eea24 marked as read by executor2
2026-08-09 23:43:05 | team | sess_9077defda7ca | INFO | [executor2] processing 1 unread messages (steer=True)
2026-08-09 23:43:05 | team | sess_9077defda7ca | INFO | Message 6e00a58b-c005-49c1-a1b4-bb6de0b270d2 marked as read by executor2
2026-08-09 23:43:08 | team | sess_9077defda7ca | INFO | [executor2] processing 1 unread messages (steer=True)
2026-08-09 23:43:08 | team | sess_9077defda7ca | INFO | Message f02ce883-2ac0-4edf-b595-33494f187907 marked as read by executor2
2026-08-09 23:43:13 | team | sess_9077defda7ca | INFO | [executor2] processing 1 unread messages (steer=True)
2026-08-09 23:43:13 | team | sess_9077defda7ca | INFO | Message 123dfc96-0820-417f-a9c5-b956dbb9fcb7 marked as read by executor2
2026-08-09 23:43:41 | team | sess_9077defda7ca | INFO | Message 2c337ef5-b42d-4a05-9ce7-3ff9e68ee0d2 created
2026-08-09 23:43:41 | team | sess_9077defda7ca | INFO | Message 74a8336a-09a4-4ee6-847a-352243dc7f32 created
2026-08-09 23:43:49 | team | sess_9077defda7ca | INFO | [executor2] processing 1 unread messages (steer=True)
2026-08-09 23:43:49 | team | sess_9077defda7ca | INFO | Message e9523d9b-bdcb-4f2c-813e-d87b316fb52e marked as read by executor2
2026-08-09 23:43:54 | team | sess_9077defda7ca | INFO | [executor2] processing 1 unread messages (steer=True)
2026-08-09 23:43:54 | team | sess_9077defda7ca | INFO | Message 2f1bbcc3-689b-450e-bb3c-77ee58abd336 marked as read by executor2
2026-08-09 23:45:11 | team | sess_9077defda7ca | INFO | Message 0a0dd760-7421-40cd-8272-e7e9aabcd300 created
2026-08-09 23:45:11 | team | sess_9077defda7ca | INFO | Message c72b59e0-4c06-4505-a228-9c166d586e03 created
2026-08-09 23:45:15 | team | sess_9077defda7ca | INFO | Task implement-zone-a completed at 1786315515308
2026-08-09 23:45:15 | team | sess_9077defda7ca | INFO | Resolved 2 dependencies for task implement-zone-a
2026-08-09 23:45:15 | team | sess_9077defda7ca | INFO | Task verify-1 unblocked (all deps resolved)
2026-08-09 23:45:15 | team | sess_9077defda7ca | INFO | Task verify-2 unblocked (all deps resolved)
2026-08-09 23:45:15 | team | sess_9077defda7ca | INFO | Task implement-zone-a completed
2026-08-09 23:45:15 | team | sess_9077defda7ca | INFO | Unblocked 2 tasks
2026-08-09 23:45:16 | team | sess_9077defda7ca | INFO | [executor2] processing 1 unread messages (steer=True)
2026-08-09 23:45:16 | team | sess_9077defda7ca | INFO | Message 7921c755-5b07-4b40-9399-dbf13114642e marked as read by executor2
2026-08-09 23:45:16 | team | sess_9077defda7ca | INFO | [executor2] processing 1 unread messages (steer=True)
2026-08-09 23:45:16 | team | sess_9077defda7ca | INFO | Message ed9555b5-79af-4253-9872-9b0bfae744d7 marked as read by executor2
2026-08-09 23:47:05 | team | sess_9077defda7ca | INFO | task list drained for team jiuwen_team_sess_9077defda7ca: 5 terminal task(s)
2026-08-09 23:47:23 | team | sess_9077defda7ca | INFO | [executor2] processing 1 unread messages (steer=True)
2026-08-09 23:47:23 | team | sess_9077defda7ca | INFO | Message 199b3f0f-c925-4c19-91d9-5bb6e2702cb3 marked as read by executor2
2026-08-09 23:47:31 | team | sess_9077defda7ca | INFO | team jiuwen_team_sess_9077defda7ca reported completed: 9 members, 5 tasks
2026-08-09 23:47:31 | team | sess_9077defda7ca | INFO | [executor2] received TEAM_STANDBY, pausing polls
2026-08-09 23:47:31 | team | sess_9077defda7ca | INFO | EventBus[teammate] pausing polls
