2026-08-09 23:39:54 | team | sess_9077defda7ca | INFO | Team workspace directory ensured at /srv/jwteam_clone/shared/run_current
2026-08-09 23:39:54 | team | sess_9077defda7ca | INFO | AgentTeam manager initialized for jiuwen_team_sess_9077defda7ca, member=team_leader
2026-08-09 23:39:54 | team | sess_9077defda7ca | INFO | [team_leader] TeamPolicyRail static sections: section_names=['team_role', 'team_workflow', 'team_swarmflow', 'team_lifecycle', 'team_persona']
2026-08-09 23:39:55 | team | sess_9077defda7ca | INFO | Session tables ready for session sess_9077defda7ca
2026-08-09 23:39:55 | team | sess_9077defda7ca | INFO | Team database initialized
2026-08-09 23:39:55 | team | default_trace_id | INFO | Team workspace directory ensured at /srv/jwteam_clone/shared/run_current
2026-08-09 23:39:55 | team | default_trace_id | INFO | AgentTeam manager initialized for jiuwen_team_sess_9077defda7ca, member=fullstack1
2026-08-09 23:39:55 | team | default_trace_id | INFO | [fullstack1] TeamPolicyRail static sections: section_names=['team_role', 'team_persona']
2026-08-09 23:39:55 | team | sess_9077defda7ca | INFO | [fullstack1] invoke start, role=teammate
2026-08-09 23:39:55 | team | sess_9077defda7ca | INFO | [fullstack1] coordination starting
2026-08-09 23:39:55 | team | sess_9077defda7ca | INFO | Session tables ready for session sess_9077defda7ca
2026-08-09 23:39:55 | team | sess_9077defda7ca | INFO | Workspace /srv/jwteam_clone/shared/run_current initialized as plain shared directory (version_control disabled)
2026-08-09 23:39:55 | team | sess_9077defda7ca | INFO | EventBus[teammate] starting
2026-08-09 23:40:33 | team | sess_9077defda7ca | INFO | [fullstack1] HITT section refresh: human_agent_names=[]
2026-08-09 23:40:44 | team | sess_9077defda7ca | INFO | [fullstack1] processing 1 unread messages (steer=True)
2026-08-09 23:40:44 | team | sess_9077defda7ca | INFO | Message 9ab6f86a-23e3-4785-977a-c80a470622ef marked as read by fullstack1
2026-08-09 23:42:31 | team | sess_9077defda7ca | INFO | Task implement-zone-b claimed by member fullstack1
2026-08-09 23:42:31 | team | sess_9077defda7ca | INFO | Task implement-zone-b claimed by member fullstack1
2026-08-09 23:42:38 | team | sess_9077defda7ca | INFO | Message 48f96dc3-65d8-44f1-913b-767bc7025e72 created
2026-08-09 23:42:46 | team | sess_9077defda7ca | INFO | [fullstack1] processing 1 unread messages (steer=True)
2026-08-09 23:42:46 | team | sess_9077defda7ca | INFO | Message c558e8f5-2277-4280-b43c-e9c5bf143d0a marked as read by fullstack1
2026-08-09 23:43:01 | team | sess_9077defda7ca | INFO | [fullstack1] processing 1 unread messages (steer=True)
2026-08-09 23:43:01 | team | sess_9077defda7ca | INFO | Message 69f0b740-2f45-4178-8b1e-fd6ca060518e marked as read by fullstack1
2026-08-09 23:43:05 | team | sess_9077defda7ca | INFO | [fullstack1] processing 1 unread messages (steer=True)
2026-08-09 23:43:05 | team | sess_9077defda7ca | INFO | Message c4f9297d-80f4-4204-831e-0ebed0ca492a marked as read by fullstack1
2026-08-09 23:43:13 | team | sess_9077defda7ca | INFO | [fullstack1] processing 1 unread messages (steer=True)
2026-08-09 23:43:13 | team | sess_9077defda7ca | INFO | Message 83a1b5ad-cc01-4430-8850-705c99d6c125 marked as read by fullstack1
2026-08-09 23:43:41 | team | sess_9077defda7ca | INFO | [fullstack1] processing 1 unread messages (steer=True)
2026-08-09 23:43:41 | team | sess_9077defda7ca | INFO | Message 2c337ef5-b42d-4a05-9ce7-3ff9e68ee0d2 marked as read by fullstack1
2026-08-09 23:43:43 | team | sess_9077defda7ca | INFO | Message 1c4d3149-e1c9-487b-8c0a-90d263e51163 created
2026-08-09 23:43:43 | team | sess_9077defda7ca | INFO | Message 2ac80bf0-1201-42f0-bd50-3d2d828339c8 created
2026-08-09 23:43:49 | team | sess_9077defda7ca | INFO | [fullstack1] processing 1 unread messages (steer=True)
2026-08-09 23:43:49 | team | sess_9077defda7ca | INFO | Message af7b0053-a52b-410c-b2d8-75dea7afe48c marked as read by fullstack1
2026-08-09 23:43:54 | team | sess_9077defda7ca | INFO | Message 2f1bbcc3-689b-450e-bb3c-77ee58abd336 created
2026-08-09 23:43:54 | team | sess_9077defda7ca | INFO | Message 0e7a7a49-a201-4871-8c56-215e640a1472 created
2026-08-09 23:43:54 | team | sess_9077defda7ca | INFO | Message 74498c77-6466-4576-8d8a-68f5ba0adbc1 created
2026-08-09 23:43:55 | team | sess_9077defda7ca | INFO | [fullstack1] processing 1 unread messages (steer=True)
2026-08-09 23:43:55 | team | sess_9077defda7ca | INFO | Message 1573c117-76c2-4d11-998d-07ffa3916909 marked as read by fullstack1
2026-08-09 23:43:58 | team | sess_9077defda7ca | INFO | Task implement-zone-b completed at 1786315438941
2026-08-09 23:43:58 | team | sess_9077defda7ca | INFO | Resolved 2 dependencies for task implement-zone-b
2026-08-09 23:43:58 | team | sess_9077defda7ca | INFO | Task implement-zone-b completed
2026-08-09 23:43:59 | team | sess_9077defda7ca | INFO | [fullstack1] processing 1 unread messages (steer=True)
2026-08-09 23:43:59 | team | sess_9077defda7ca | INFO | Message 81f2ba87-0adc-4c72-9649-5678fc285370 marked as read by fullstack1
2026-08-09 23:44:02 | team | sess_9077defda7ca | INFO | [fullstack1] processing 1 unread messages (steer=True)
2026-08-09 23:44:02 | team | sess_9077defda7ca | INFO | Message 18105cdc-3267-447c-bc10-a90d4e82c469 marked as read by fullstack1
2026-08-09 23:47:05 | team | sess_9077defda7ca | INFO | task list drained for team jiuwen_team_sess_9077defda7ca: 5 terminal task(s)
2026-08-09 23:47:23 | team | sess_9077defda7ca | INFO | [fullstack1] processing 1 unread messages (steer=True)
2026-08-09 23:47:23 | team | sess_9077defda7ca | INFO | Message 199b3f0f-c925-4c19-91d9-5bb6e2702cb3 marked as read by fullstack1
2026-08-09 23:47:31 | team | sess_9077defda7ca | INFO | team jiuwen_team_sess_9077defda7ca reported completed: 9 members, 5 tasks
2026-08-09 23:47:31 | team | sess_9077defda7ca | INFO | [fullstack1] received TEAM_STANDBY, pausing polls
2026-08-09 23:47:31 | team | sess_9077defda7ca | INFO | EventBus[teammate] pausing polls
