2026-08-09 23:39:48 | team | sess_9077defda7ca | INFO | Team workspace directory ensured at /srv/jwteam_clone/shared/run_current
2026-08-09 23:39:48 | team | sess_9077defda7ca | INFO | AgentTeam manager initialized for jiuwen_team_sess_9077defda7ca, member=team_leader
2026-08-09 23:39:48 | team | sess_9077defda7ca | INFO | [team_leader] TeamPolicyRail static sections: section_names=['team_role', 'team_workflow', 'team_swarmflow', 'team_lifecycle', 'team_persona']
2026-08-09 23:39:48 | team | sess_9077defda7ca | INFO | Session tables ready for session sess_9077defda7ca
2026-08-09 23:39:48 | team | sess_9077defda7ca | INFO | Team database initialized
2026-08-09 23:39:48 | team | default_trace_id | INFO | Team workspace directory ensured at /srv/jwteam_clone/shared/run_current
2026-08-09 23:39:48 | team | default_trace_id | INFO | AgentTeam manager initialized for jiuwen_team_sess_9077defda7ca, member=planner2
2026-08-09 23:39:48 | team | default_trace_id | INFO | [planner2] TeamPolicyRail static sections: section_names=['team_role', 'team_persona']
2026-08-09 23:39:48 | team | sess_9077defda7ca | INFO | [planner2] invoke start, role=teammate
2026-08-09 23:39:48 | team | sess_9077defda7ca | INFO | [planner2] coordination starting
2026-08-09 23:39:48 | team | sess_9077defda7ca | INFO | Session tables ready for session sess_9077defda7ca
2026-08-09 23:39:48 | team | sess_9077defda7ca | INFO | Workspace /srv/jwteam_clone/shared/run_current initialized as plain shared directory (version_control disabled)
2026-08-09 23:39:48 | team | sess_9077defda7ca | INFO | EventBus[teammate] starting
2026-08-09 23:40:33 | team | sess_9077defda7ca | INFO | [planner2] HITT section refresh: human_agent_names=[]
2026-08-09 23:40:38 | team | sess_9077defda7ca | INFO | Task plan claimed by member planner2
2026-08-09 23:40:38 | team | sess_9077defda7ca | INFO | Task plan claimed by member planner2
2026-08-09 23:40:44 | team | sess_9077defda7ca | INFO | [planner2] processing 1 unread messages (steer=True)
2026-08-09 23:40:44 | team | sess_9077defda7ca | INFO | Message 9ab6f86a-23e3-4785-977a-c80a470622ef marked as read by planner2
2026-08-09 23:40:50 | team | sess_9077defda7ca | INFO | [planner2] processing 1 unread messages (steer=True)
2026-08-09 23:40:50 | team | sess_9077defda7ca | INFO | Message 40062f2a-2cd3-4da4-a277-c5064745b508 marked as read by planner2
2026-08-09 23:41:03 | team | sess_9077defda7ca | INFO | [planner2] processing 1 unread messages (steer=True)
2026-08-09 23:41:03 | team | sess_9077defda7ca | INFO | Message 760d279b-43fc-4405-983d-f9389d991dc1 marked as read by planner2
2026-08-09 23:41:04 | team | sess_9077defda7ca | INFO | Message c15cc91f-ce0b-401c-a162-f570881f1163 created
2026-08-09 23:41:04 | team | sess_9077defda7ca | INFO | Message bb61ca82-6c5e-4f22-ad60-30f3d2cfdbaa created
2026-08-09 23:41:04 | team | sess_9077defda7ca | INFO | Message 93e2cdc1-4ef9-4383-b3f4-81b4a963c6e5 created
2026-08-09 23:41:08 | team | sess_9077defda7ca | INFO | [planner2] processing 1 unread messages (steer=True)
2026-08-09 23:41:08 | team | sess_9077defda7ca | INFO | Message aff52bb7-bb15-410e-a32c-bbe287ec1f5e marked as read by planner2
2026-08-09 23:41:16 | team | sess_9077defda7ca | INFO | [planner2] processing 1 unread messages (steer=True)
2026-08-09 23:41:16 | team | sess_9077defda7ca | INFO | Message c9d4a589-9b55-47e6-8b95-b4f0e5a8f8d4 marked as read by planner2
2026-08-09 23:41:18 | team | sess_9077defda7ca | INFO | [planner2] processing 1 unread messages (steer=True)
2026-08-09 23:41:18 | team | sess_9077defda7ca | INFO | Message 0f1c1bc8-1b34-4d6a-a2e7-a73546b8f521 marked as read by planner2
2026-08-09 23:41:18 | team | sess_9077defda7ca | INFO | Message 78fdc67b-a521-4ad5-9ea3-8d0295efa6db created
2026-08-09 23:41:44 | team | sess_9077defda7ca | INFO | Message b53b6c0c-7620-42b4-9710-a6a11f2200aa created
2026-08-09 23:41:44 | team | sess_9077defda7ca | INFO | Message 4ea35dba-c061-4acd-8a22-e293e8916ab0 created
2026-08-09 23:41:44 | team | sess_9077defda7ca | INFO | Message 99bac863-0f40-41b4-8d9e-2ffceb9fa6eb created
2026-08-09 23:42:02 | team | sess_9077defda7ca | INFO | [planner2] processing 1 unread messages (steer=True)
2026-08-09 23:42:02 | team | sess_9077defda7ca | INFO | Message cf53d984-012c-4849-a64e-af514a66a7a1 marked as read by planner2
2026-08-09 23:42:13 | team | sess_9077defda7ca | INFO | Message 3b00348a-248a-43b5-be14-bc5f53e1755e created
2026-08-09 23:42:13 | team | sess_9077defda7ca | INFO | Message fc5f7f4f-84c1-46c4-995b-5bec040a3611 created
2026-08-09 23:42:18 | team | sess_9077defda7ca | INFO | [planner2] processing 1 unread messages (steer=True)
2026-08-09 23:42:18 | team | sess_9077defda7ca | INFO | Message ce044048-18d6-468e-a1a6-b6f96dba7952 marked as read by planner2
2026-08-09 23:42:24 | team | sess_9077defda7ca | INFO | Task plan completed at 1786315344087
2026-08-09 23:42:24 | team | sess_9077defda7ca | INFO | Message b1481b89-f635-4295-98ad-daa1ed2932e3 created
2026-08-09 23:42:24 | team | sess_9077defda7ca | INFO | Resolved 2 dependencies for task plan
2026-08-09 23:42:24 | team | sess_9077defda7ca | INFO | Task implement-zone-a unblocked (all deps resolved)
2026-08-09 23:42:24 | team | sess_9077defda7ca | INFO | Task implement-zone-b unblocked (all deps resolved)
2026-08-09 23:42:24 | team | sess_9077defda7ca | INFO | Task plan completed
2026-08-09 23:42:24 | team | sess_9077defda7ca | INFO | Unblocked 2 tasks
2026-08-09 23:42:30 | team | sess_9077defda7ca | INFO | [planner2] processing 1 unread messages (steer=True)
2026-08-09 23:42:30 | team | sess_9077defda7ca | INFO | Message 0d018ec2-974c-4e88-ae29-cb7334ba0aff marked as read by planner2
2026-08-09 23:42:34 | team | sess_9077defda7ca | INFO | Message bde515e2-057e-4377-81bd-5dddca9e76f9 created
2026-08-09 23:42:34 | team | sess_9077defda7ca | INFO | Message 10edb07d-c6f7-4f21-99cd-56e77a1fe575 created
2026-08-09 23:42:34 | team | sess_9077defda7ca | INFO | Message f32716b3-5718-486d-9b9d-d611d5b85359 created
2026-08-09 23:42:38 | team | sess_9077defda7ca | INFO | [planner2] processing 1 unread messages (steer=True)
2026-08-09 23:42:38 | team | sess_9077defda7ca | INFO | Message 48f96dc3-65d8-44f1-913b-767bc7025e72 marked as read by planner2
2026-08-09 23:42:39 | team | sess_9077defda7ca | INFO | [planner2] processing 1 unread messages (steer=True)
2026-08-09 23:42:39 | team | sess_9077defda7ca | INFO | Message 4dff314a-56d5-4b42-a0bc-9cb22e674beb marked as read by planner2
2026-08-09 23:43:01 | team | sess_9077defda7ca | INFO | Message 69f0b740-2f45-4178-8b1e-fd6ca060518e created
2026-08-09 23:43:01 | team | sess_9077defda7ca | INFO | Message eb832b18-089e-4bbe-badc-bb42f12eea24 created
2026-08-09 23:43:14 | team | sess_9077defda7ca | INFO | [planner2] processing 1 unread messages (steer=True)
2026-08-09 23:43:14 | team | sess_9077defda7ca | INFO | Message e33d74d4-5821-4998-ad53-e8623b6920bd marked as read by planner2
2026-08-09 23:43:20 | team | sess_9077defda7ca | INFO | Message 6b0319a4-b2b9-4aa9-850a-d64307f0baf8 created
2026-08-09 23:43:43 | team | sess_9077defda7ca | INFO | [planner2] processing 1 unread messages (steer=True)
2026-08-09 23:43:43 | team | sess_9077defda7ca | INFO | Message 2ac80bf0-1201-42f0-bd50-3d2d828339c8 marked as read by planner2
2026-08-09 23:43:49 | team | sess_9077defda7ca | INFO | Message af7b0053-a52b-410c-b2d8-75dea7afe48c created
2026-08-09 23:47:05 | team | sess_9077defda7ca | INFO | task list drained for team jiuwen_team_sess_9077defda7ca: 5 terminal task(s)
2026-08-09 23:47:23 | team | sess_9077defda7ca | INFO | [planner2] processing 1 unread messages (steer=True)
2026-08-09 23:47:23 | team | sess_9077defda7ca | INFO | Message 199b3f0f-c925-4c19-91d9-5bb6e2702cb3 marked as read by planner2
2026-08-09 23:47:31 | team | sess_9077defda7ca | INFO | team jiuwen_team_sess_9077defda7ca reported completed: 9 members, 5 tasks
2026-08-09 23:47:31 | team | sess_9077defda7ca | INFO | [planner2] received TEAM_STANDBY, pausing polls
2026-08-09 23:47:31 | team | sess_9077defda7ca | INFO | EventBus[teammate] pausing polls
