2026-08-09 23:39:52 | team | sess_9077defda7ca | INFO | Team workspace directory ensured at /srv/jwteam_clone/shared/run_current
2026-08-09 23:39:52 | team | sess_9077defda7ca | INFO | AgentTeam manager initialized for jiuwen_team_sess_9077defda7ca, member=team_leader
2026-08-09 23:39:52 | team | sess_9077defda7ca | INFO | [team_leader] TeamPolicyRail static sections: section_names=['team_role', 'team_workflow', 'team_swarmflow', 'team_lifecycle', 'team_persona']
2026-08-09 23:39:52 | team | sess_9077defda7ca | INFO | Session tables ready for session sess_9077defda7ca
2026-08-09 23:39:52 | team | sess_9077defda7ca | INFO | Team database initialized
2026-08-09 23:39:52 | team | default_trace_id | INFO | Team workspace directory ensured at /srv/jwteam_clone/shared/run_current
2026-08-09 23:39:52 | team | default_trace_id | INFO | AgentTeam manager initialized for jiuwen_team_sess_9077defda7ca, member=verifier1
2026-08-09 23:39:52 | team | default_trace_id | INFO | [verifier1] TeamPolicyRail static sections: section_names=['team_role', 'team_persona']
2026-08-09 23:39:52 | team | sess_9077defda7ca | INFO | [verifier1] invoke start, role=teammate
2026-08-09 23:39:52 | team | sess_9077defda7ca | INFO | [verifier1] coordination starting
2026-08-09 23:39:52 | team | sess_9077defda7ca | INFO | Session tables ready for session sess_9077defda7ca
2026-08-09 23:39:52 | team | sess_9077defda7ca | INFO | Workspace /srv/jwteam_clone/shared/run_current initialized as plain shared directory (version_control disabled)
2026-08-09 23:39:52 | team | sess_9077defda7ca | INFO | EventBus[teammate] starting
2026-08-09 23:40:33 | team | sess_9077defda7ca | INFO | [verifier1] HITT section refresh: human_agent_names=[]
2026-08-09 23:40:44 | team | sess_9077defda7ca | INFO | [verifier1] processing 1 unread messages (steer=True)
2026-08-09 23:40:44 | team | sess_9077defda7ca | INFO | Message 9ab6f86a-23e3-4785-977a-c80a470622ef marked as read by verifier1
2026-08-09 23:40:58 | team | sess_9077defda7ca | INFO | Message 25032fb1-ddec-477d-acaa-7dfe59944c84 created
2026-08-09 23:43:54 | team | sess_9077defda7ca | INFO | [verifier1] processing 1 unread messages (steer=True)
2026-08-09 23:43:54 | team | sess_9077defda7ca | INFO | Message 0e7a7a49-a201-4871-8c56-215e640a1472 marked as read by verifier1
2026-08-09 23:44:02 | team | sess_9077defda7ca | INFO | Message 18105cdc-3267-447c-bc10-a90d4e82c469 created
2026-08-09 23:45:11 | team | sess_9077defda7ca | INFO | [verifier1] processing 1 unread messages (steer=True)
2026-08-09 23:45:11 | team | sess_9077defda7ca | INFO | Message 0a0dd760-7421-40cd-8272-e7e9aabcd300 marked as read by verifier1
2026-08-09 23:45:16 | team | sess_9077defda7ca | INFO | Message ed9555b5-79af-4253-9872-9b0bfae744d7 created
2026-08-09 23:45:16 | team | sess_9077defda7ca | INFO | Task verify-1 claimed by member verifier1
2026-08-09 23:45:16 | team | sess_9077defda7ca | INFO | Task verify-1 claimed by member verifier1
2026-08-09 23:46:09 | team | sess_9077defda7ca | INFO | Task verify-1 completed at 1786315569339
2026-08-09 23:46:09 | team | sess_9077defda7ca | INFO | Message 3f7dcd83-8db4-495c-82a9-5f2f3b6b90a7 created
2026-08-09 23:46:09 | team | sess_9077defda7ca | INFO | Task verify-1 completed
2026-08-09 23:47:05 | team | sess_9077defda7ca | INFO | task list drained for team jiuwen_team_sess_9077defda7ca: 5 terminal task(s)
2026-08-09 23:47:23 | team | sess_9077defda7ca | INFO | [verifier1] processing 1 unread messages (steer=True)
2026-08-09 23:47:23 | team | sess_9077defda7ca | INFO | Message 199b3f0f-c925-4c19-91d9-5bb6e2702cb3 marked as read by verifier1
2026-08-09 23:47:31 | team | sess_9077defda7ca | INFO | team jiuwen_team_sess_9077defda7ca reported completed: 9 members, 5 tasks
2026-08-09 23:47:31 | team | sess_9077defda7ca | INFO | [verifier1] received TEAM_STANDBY, pausing polls
2026-08-09 23:47:31 | team | sess_9077defda7ca | INFO | EventBus[teammate] pausing polls
