2026-08-09 23:39:54 | team | sess_9077defda7ca | INFO | Team workspace directory ensured at /srv/jwteam_clone/shared/run_current
2026-08-09 23:39:54 | team | sess_9077defda7ca | INFO | AgentTeam manager initialized for jiuwen_team_sess_9077defda7ca, member=team_leader
2026-08-09 23:39:54 | team | sess_9077defda7ca | INFO | [team_leader] TeamPolicyRail static sections: section_names=['team_role', 'team_workflow', 'team_swarmflow', 'team_lifecycle', 'team_persona']
2026-08-09 23:39:54 | team | sess_9077defda7ca | INFO | Session tables ready for session sess_9077defda7ca
2026-08-09 23:39:54 | team | sess_9077defda7ca | INFO | Team database initialized
2026-08-09 23:39:54 | team | default_trace_id | INFO | Team workspace directory ensured at /srv/jwteam_clone/shared/run_current
2026-08-09 23:39:54 | team | default_trace_id | INFO | AgentTeam manager initialized for jiuwen_team_sess_9077defda7ca, member=verifier2
2026-08-09 23:39:54 | team | default_trace_id | INFO | [verifier2] TeamPolicyRail static sections: section_names=['team_role', 'team_persona']
2026-08-09 23:39:54 | team | sess_9077defda7ca | INFO | [verifier2] invoke start, role=teammate
2026-08-09 23:39:54 | team | sess_9077defda7ca | INFO | [verifier2] coordination starting
2026-08-09 23:39:54 | team | sess_9077defda7ca | INFO | Session tables ready for session sess_9077defda7ca
2026-08-09 23:39:54 | team | sess_9077defda7ca | INFO | Workspace /srv/jwteam_clone/shared/run_current initialized as plain shared directory (version_control disabled)
2026-08-09 23:39:54 | team | sess_9077defda7ca | INFO | EventBus[teammate] starting
2026-08-09 23:40:33 | team | sess_9077defda7ca | INFO | [verifier2] HITT section refresh: human_agent_names=[]
2026-08-09 23:40:44 | team | sess_9077defda7ca | INFO | [verifier2] processing 1 unread messages (steer=True)
2026-08-09 23:40:44 | team | sess_9077defda7ca | INFO | Message 9ab6f86a-23e3-4785-977a-c80a470622ef marked as read by verifier2
2026-08-09 23:43:54 | team | sess_9077defda7ca | INFO | [verifier2] processing 1 unread messages (steer=True)
2026-08-09 23:43:54 | team | sess_9077defda7ca | INFO | Message 74498c77-6466-4576-8d8a-68f5ba0adbc1 marked as read by verifier2
2026-08-09 23:43:59 | team | sess_9077defda7ca | INFO | Message 81f2ba87-0adc-4c72-9649-5678fc285370 created
2026-08-09 23:45:11 | team | sess_9077defda7ca | INFO | [verifier2] processing 1 unread messages (steer=True)
2026-08-09 23:45:11 | team | sess_9077defda7ca | INFO | Message c72b59e0-4c06-4505-a228-9c166d586e03 marked as read by verifier2
2026-08-09 23:45:16 | team | sess_9077defda7ca | INFO | Message 7921c755-5b07-4b40-9399-dbf13114642e created
2026-08-09 23:45:21 | team | sess_9077defda7ca | INFO | Task verify-2 claimed by member verifier2
2026-08-09 23:45:21 | team | sess_9077defda7ca | INFO | Task verify-2 claimed by member verifier2
2026-08-09 23:47:05 | team | sess_9077defda7ca | INFO | Task verify-2 completed at 1786315625696
2026-08-09 23:47:05 | team | sess_9077defda7ca | INFO | Task verify-2 completed
2026-08-09 23:47:12 | team | sess_9077defda7ca | INFO | Message 38dd2e94-72f4-450d-a287-41af26186aa2 created
2026-08-09 23:47:23 | team | sess_9077defda7ca | INFO | [verifier2] processing 1 unread messages (steer=True)
2026-08-09 23:47:23 | team | sess_9077defda7ca | INFO | Message 199b3f0f-c925-4c19-91d9-5bb6e2702cb3 marked as read by verifier2
2026-08-09 23:47:31 | team | sess_9077defda7ca | INFO | team jiuwen_team_sess_9077defda7ca reported completed: 9 members, 5 tasks
2026-08-09 23:47:31 | team | sess_9077defda7ca | INFO | [verifier2] received TEAM_STANDBY, pausing polls
2026-08-09 23:47:31 | team | sess_9077defda7ca | INFO | EventBus[teammate] pausing polls
