2026-08-09 21:18:51 | team | sess_e2d865f524ae | INFO | Team workspace directory ensured at /srv/jwteam_clone/shared/run_current
2026-08-09 21:18:51 | team | sess_e2d865f524ae | INFO | AgentTeam manager initialized for jiuwen_team_sess_e2d865f524ae, member=team_leader
2026-08-09 21:18:51 | team | sess_e2d865f524ae | INFO | [team_leader] TeamPolicyRail static sections: section_names=['team_role', 'team_workflow', 'team_swarmflow', 'team_lifecycle', 'team_persona']
2026-08-09 21:18:51 | team | sess_e2d865f524ae | INFO | Session tables ready for session sess_e2d865f524ae
2026-08-09 21:18:51 | team | sess_e2d865f524ae | INFO | Team database initialized
2026-08-09 21:18:51 | team | default_trace_id | INFO | Team workspace directory ensured at /srv/jwteam_clone/shared/run_current
2026-08-09 21:18:51 | team | default_trace_id | INFO | AgentTeam manager initialized for jiuwen_team_sess_e2d865f524ae, member=executor3
2026-08-09 21:18:51 | team | default_trace_id | INFO | [executor3] TeamPolicyRail static sections: section_names=['team_role', 'team_persona']
2026-08-09 21:18:51 | team | sess_e2d865f524ae | INFO | [executor3] invoke start, role=teammate
2026-08-09 21:18:51 | team | sess_e2d865f524ae | INFO | [executor3] coordination starting
2026-08-09 21:18:51 | team | sess_e2d865f524ae | INFO | Session tables ready for session sess_e2d865f524ae
2026-08-09 21:18:51 | team | sess_e2d865f524ae | INFO | Workspace /srv/jwteam_clone/shared/run_current initialized as plain shared directory (version_control disabled)
2026-08-09 21:18:51 | team | sess_e2d865f524ae | INFO | EventBus[teammate] starting
2026-08-09 21:19:13 | team | sess_e2d865f524ae | INFO | [executor3] HITT section refresh: human_agent_names=[]
2026-08-09 21:19:21 | team | sess_e2d865f524ae | INFO | [executor3] processing 1 unread messages (steer=True)
2026-08-09 21:19:21 | team | sess_e2d865f524ae | INFO | Message 3866c910-9f2b-4105-8a7e-a5549f20efc7 marked as read by executor3
2026-08-09 21:21:18 | team | sess_e2d865f524ae | INFO | Message 44e02297-f657-4fd3-9876-a0bfa8860ed1 created
2026-08-09 21:21:37 | team | sess_e2d865f524ae | INFO | [executor3] processing 1 unread messages (steer=True)
2026-08-09 21:21:37 | team | sess_e2d865f524ae | INFO | Message 3b456f9c-ca5c-4f75-906d-c39ebb5ac59a marked as read by executor3
2026-08-09 21:21:51 | team | sess_e2d865f524ae | INFO | Message b4bf0c30-53b8-4863-936c-76503ae0b271 created
2026-08-09 21:22:19 | team | sess_e2d865f524ae | INFO | [executor3] processing 1 unread messages (steer=True)
2026-08-09 21:22:19 | team | sess_e2d865f524ae | INFO | Message 83860d26-62c1-497c-ac7d-1f2e42a2faaf marked as read by executor3
2026-08-09 21:22:53 | team | sess_e2d865f524ae | INFO | Message 31c1f7da-85e0-4923-b3c6-7043aaef94c0 created
2026-08-09 21:23:00 | team | sess_e2d865f524ae | INFO | [executor3] processing 1 unread messages (steer=True)
2026-08-09 21:23:00 | team | sess_e2d865f524ae | INFO | Message 723929d4-e259-4f83-9fef-92ed262a61ec marked as read by executor3
2026-08-09 21:23:05 | team | sess_e2d865f524ae | INFO | Message 38a25fd6-bca7-4a45-ad04-001ea43daeb6 created
2026-08-09 21:23:12 | team | sess_e2d865f524ae | INFO | [executor3] processing 1 unread messages (steer=True)
2026-08-09 21:23:12 | team | sess_e2d865f524ae | INFO | Message 45afc8dd-a6ba-447d-98d3-cdc0e2ec190b marked as read by executor3
2026-08-09 21:23:17 | team | sess_e2d865f524ae | INFO | [executor3] processing 1 unread messages (steer=True)
2026-08-09 21:23:17 | team | sess_e2d865f524ae | INFO | Message 751b218b-192f-400d-98ad-060f2cacd871 marked as read by executor3
2026-08-09 21:23:28 | team | sess_e2d865f524ae | INFO | Task attest claimed by member executor3
2026-08-09 21:23:28 | team | sess_e2d865f524ae | INFO | Task attest claimed by member executor3
2026-08-09 21:23:40 | team | sess_e2d865f524ae | INFO | [executor3] processing 1 unread messages (steer=True)
2026-08-09 21:23:40 | team | sess_e2d865f524ae | INFO | Message 310bf5fe-cc6c-4a65-859a-056e615f7e8b marked as read by executor3
2026-08-09 21:23:51 | team | sess_e2d865f524ae | INFO | [executor3] processing 1 unread messages (steer=True)
2026-08-09 21:23:51 | team | sess_e2d865f524ae | INFO | Message 9ec79d8c-8364-4577-8f7f-98646c447d5a marked as read by executor3
2026-08-09 21:23:53 | team | sess_e2d865f524ae | INFO | [executor3] processing 1 unread messages (steer=True)
2026-08-09 21:23:53 | team | sess_e2d865f524ae | INFO | Message c690e4e0-8b4c-40f4-b849-ca7ba8df2bb6 marked as read by executor3
2026-08-09 21:23:57 | team | sess_e2d865f524ae | INFO | [executor3] processing 1 unread messages (steer=True)
2026-08-09 21:23:57 | team | sess_e2d865f524ae | INFO | Message 9323770c-a63c-4a4e-85c3-1bba1d2ea36f marked as read by executor3
2026-08-09 21:24:23 | team | sess_e2d865f524ae | INFO | Message d48c8b0c-f17a-458d-8b2d-8586092dfb85 created
2026-08-09 21:24:29 | team | sess_e2d865f524ae | INFO | Message 7d24afe3-6a00-4305-b407-04e8877ce1c9 created
2026-08-09 21:34:33 | team | sess_e2d865f524ae | INFO | task list drained for team jiuwen_team_sess_e2d865f524ae: 4 terminal task(s)
2026-08-09 21:34:53 | team | sess_e2d865f524ae | INFO | team jiuwen_team_sess_e2d865f524ae reported completed: 9 members, 4 tasks
2026-08-09 21:34:54 | team | sess_e2d865f524ae | INFO | [executor3] received TEAM_STANDBY, pausing polls
2026-08-09 21:34:54 | team | sess_e2d865f524ae | INFO | EventBus[teammate] pausing polls
