2026-08-09 21:18:52 | team | sess_e2d865f524ae | INFO | Team workspace directory ensured at /srv/jwteam_clone/shared/run_current
2026-08-09 21:18:52 | team | sess_e2d865f524ae | INFO | AgentTeam manager initialized for jiuwen_team_sess_e2d865f524ae, member=team_leader
2026-08-09 21:18:52 | team | sess_e2d865f524ae | INFO | [team_leader] TeamPolicyRail static sections: section_names=['team_role', 'team_workflow', 'team_swarmflow', 'team_lifecycle', 'team_persona']
2026-08-09 21:18:52 | team | sess_e2d865f524ae | INFO | Session tables ready for session sess_e2d865f524ae
2026-08-09 21:18:52 | team | sess_e2d865f524ae | INFO | Team database initialized
2026-08-09 21:18:52 | team | default_trace_id | INFO | Team workspace directory ensured at /srv/jwteam_clone/shared/run_current
2026-08-09 21:18:52 | team | default_trace_id | INFO | AgentTeam manager initialized for jiuwen_team_sess_e2d865f524ae, member=verifier1
2026-08-09 21:18:52 | team | default_trace_id | INFO | [verifier1] TeamPolicyRail static sections: section_names=['team_role', 'team_persona']
2026-08-09 21:18:52 | team | sess_e2d865f524ae | INFO | [verifier1] invoke start, role=teammate
2026-08-09 21:18:52 | team | sess_e2d865f524ae | INFO | [verifier1] coordination starting
2026-08-09 21:18:52 | team | sess_e2d865f524ae | INFO | Session tables ready for session sess_e2d865f524ae
2026-08-09 21:18:52 | team | sess_e2d865f524ae | INFO | Workspace /srv/jwteam_clone/shared/run_current initialized as plain shared directory (version_control disabled)
2026-08-09 21:18:52 | team | sess_e2d865f524ae | INFO | EventBus[teammate] starting
2026-08-09 21:19:13 | team | sess_e2d865f524ae | INFO | [verifier1] HITT section refresh: human_agent_names=[]
2026-08-09 21:19:21 | team | sess_e2d865f524ae | INFO | [verifier1] processing 1 unread messages (steer=True)
2026-08-09 21:19:21 | team | sess_e2d865f524ae | INFO | Message 3866c910-9f2b-4105-8a7e-a5549f20efc7 marked as read by verifier1
2026-08-09 21:19:41 | team | sess_e2d865f524ae | INFO | Message 779eb972-824a-4490-8742-5b48162e346b created
2026-08-09 21:21:38 | team | sess_e2d865f524ae | INFO | [verifier1] processing 1 unread messages (steer=True)
2026-08-09 21:21:38 | team | sess_e2d865f524ae | INFO | Message f885228c-bee5-4df3-8b07-a53050e3187e marked as read by verifier1
2026-08-09 21:21:46 | team | sess_e2d865f524ae | INFO | Message 3f140825-0015-4780-a7df-f79e1028130f created
2026-08-09 21:22:12 | team | sess_e2d865f524ae | INFO | [verifier1] processing 1 unread messages (steer=True)
2026-08-09 21:22:12 | team | sess_e2d865f524ae | INFO | Message 1b149e7b-c481-41e4-9ca9-a003293e87a1 marked as read by verifier1
2026-08-09 21:22:17 | team | sess_e2d865f524ae | INFO | Task verify claimed by member verifier1
2026-08-09 21:22:17 | team | sess_e2d865f524ae | INFO | Task verify claimed by member verifier1
2026-08-09 21:22:35 | team | sess_e2d865f524ae | INFO | [verifier1] processing 1 unread messages (steer=True)
2026-08-09 21:22:35 | team | sess_e2d865f524ae | INFO | Message 6688f1ac-9565-495c-8ade-6f2b43329e8c marked as read by verifier1
2026-08-09 21:22:38 | team | sess_e2d865f524ae | INFO | [verifier1] processing 1 unread messages (steer=True)
2026-08-09 21:22:38 | team | sess_e2d865f524ae | INFO | Message 120f0d95-37f8-4b9d-a275-acce2070984a marked as read by verifier1
2026-08-09 21:23:05 | team | sess_e2d865f524ae | INFO | [verifier1] processing 1 unread messages (steer=True)
2026-08-09 21:23:05 | team | sess_e2d865f524ae | INFO | Message 38a25fd6-bca7-4a45-ad04-001ea43daeb6 marked as read by verifier1
2026-08-09 21:23:07 | team | sess_e2d865f524ae | INFO | Message ed5ddf10-2252-44e1-b253-7bbaf11ce90e created
2026-08-09 21:23:07 | team | sess_e2d865f524ae | INFO | Message 22477ade-9d1f-441b-b856-b9fa3c8cb9c3 created
2026-08-09 21:23:07 | team | sess_e2d865f524ae | INFO | Message b208715a-9e01-4cb7-82d2-d526b4367f66 created
2026-08-09 21:23:12 | team | sess_e2d865f524ae | INFO | [verifier1] processing 1 unread messages (steer=True)
2026-08-09 21:23:12 | team | sess_e2d865f524ae | INFO | Message 0d4dbced-5b70-4309-8851-dc33fb531791 marked as read by verifier1
2026-08-09 21:23:17 | team | sess_e2d865f524ae | INFO | Message 5cf990dc-c5c0-407f-9ac7-50193cd1c5d5 created
2026-08-09 21:23:17 | team | sess_e2d865f524ae | INFO | Message 751b218b-192f-400d-98ad-060f2cacd871 created
2026-08-09 21:23:18 | team | sess_e2d865f524ae | INFO | [verifier1] processing 1 unread messages (steer=True)
2026-08-09 21:23:18 | team | sess_e2d865f524ae | INFO | Message ed10aadb-7f6d-4cac-9d02-6df266242a2a marked as read by verifier1
2026-08-09 21:23:22 | team | sess_e2d865f524ae | INFO | Task verify completed at 1786307002261
2026-08-09 21:23:22 | team | sess_e2d865f524ae | INFO | Message 322dd353-82c0-423e-a4da-6d5353bb74a2 created
2026-08-09 21:23:22 | team | sess_e2d865f524ae | INFO | Resolved 1 dependencies for task verify
2026-08-09 21:23:22 | team | sess_e2d865f524ae | INFO | Task attest unblocked (all deps resolved)
2026-08-09 21:23:22 | team | sess_e2d865f524ae | INFO | Task verify completed
2026-08-09 21:23:22 | team | sess_e2d865f524ae | INFO | Unblocked 1 tasks
2026-08-09 21:23:22 | team | sess_e2d865f524ae | INFO | [verifier1] processing 1 unread messages (steer=True)
2026-08-09 21:23:22 | team | sess_e2d865f524ae | INFO | Message 9ec58ca4-b429-440d-bc3b-2f02a6eb9b8c marked as read by verifier1
2026-08-09 21:23:40 | team | sess_e2d865f524ae | INFO | Message 9a45b29b-7352-4f58-9fe8-e2eea70cbb57 created
2026-08-09 21:34:33 | team | sess_e2d865f524ae | INFO | task list drained for team jiuwen_team_sess_e2d865f524ae: 4 terminal task(s)
2026-08-09 21:34:53 | team | sess_e2d865f524ae | INFO | team jiuwen_team_sess_e2d865f524ae reported completed: 9 members, 4 tasks
2026-08-09 21:34:54 | team | sess_e2d865f524ae | INFO | [verifier1] received TEAM_STANDBY, pausing polls
2026-08-09 21:34:54 | team | sess_e2d865f524ae | INFO | EventBus[teammate] pausing polls
