2026-08-09 21:18:53 | team | sess_e2d865f524ae | INFO | Team workspace directory ensured at /srv/jwteam_clone/shared/run_current
2026-08-09 21:18:53 | team | sess_e2d865f524ae | INFO | AgentTeam manager initialized for jiuwen_team_sess_e2d865f524ae, member=team_leader
2026-08-09 21:18:53 | team | sess_e2d865f524ae | INFO | [team_leader] TeamPolicyRail static sections: section_names=['team_role', 'team_workflow', 'team_swarmflow', 'team_lifecycle', 'team_persona']
2026-08-09 21:18:53 | team | sess_e2d865f524ae | INFO | Session tables ready for session sess_e2d865f524ae
2026-08-09 21:18:53 | team | sess_e2d865f524ae | INFO | Team database initialized
2026-08-09 21:18:53 | team | default_trace_id | INFO | Team workspace directory ensured at /srv/jwteam_clone/shared/run_current
2026-08-09 21:18:53 | team | default_trace_id | INFO | AgentTeam manager initialized for jiuwen_team_sess_e2d865f524ae, member=verifier2
2026-08-09 21:18:53 | team | default_trace_id | INFO | [verifier2] TeamPolicyRail static sections: section_names=['team_role', 'team_persona']
2026-08-09 21:18:53 | team | sess_e2d865f524ae | INFO | [verifier2] invoke start, role=teammate
2026-08-09 21:18:53 | team | sess_e2d865f524ae | INFO | [verifier2] coordination starting
2026-08-09 21:18:53 | team | sess_e2d865f524ae | INFO | Session tables ready for session sess_e2d865f524ae
2026-08-09 21:18:53 | team | sess_e2d865f524ae | INFO | Workspace /srv/jwteam_clone/shared/run_current initialized as plain shared directory (version_control disabled)
2026-08-09 21:18:53 | team | sess_e2d865f524ae | INFO | EventBus[teammate] starting
2026-08-09 21:19:13 | team | sess_e2d865f524ae | INFO | [verifier2] HITT section refresh: human_agent_names=[]
2026-08-09 21:19:21 | team | sess_e2d865f524ae | INFO | [verifier2] processing 1 unread messages (steer=True)
2026-08-09 21:19:21 | team | sess_e2d865f524ae | INFO | Message 3866c910-9f2b-4105-8a7e-a5549f20efc7 marked as read by verifier2
2026-08-09 21:22:35 | team | sess_e2d865f524ae | INFO | Message 6688f1ac-9565-495c-8ade-6f2b43329e8c created
2026-08-09 21:23:07 | team | sess_e2d865f524ae | INFO | [verifier2] processing 1 unread messages (steer=True)
2026-08-09 21:23:07 | team | sess_e2d865f524ae | INFO | Message b208715a-9e01-4cb7-82d2-d526b4367f66 marked as read by verifier2
2026-08-09 21:23:57 | team | sess_e2d865f524ae | INFO | Message 9323770c-a63c-4a4e-85c3-1bba1d2ea36f created
2026-08-09 21:24:29 | team | sess_e2d865f524ae | INFO | [verifier2] processing 1 unread messages (steer=True)
2026-08-09 21:24:29 | team | sess_e2d865f524ae | INFO | Message 7d24afe3-6a00-4305-b407-04e8877ce1c9 marked as read by verifier2
2026-08-09 21:33:56 | team | sess_e2d865f524ae | INFO | [verifier2] processing 1 unread messages (steer=True)
2026-08-09 21:33:56 | team | sess_e2d865f524ae | INFO | Message c0466e8e-fb73-41b2-bb15-76d7071c227c marked as read by verifier2
2026-08-09 21:34:01 | team | sess_e2d865f524ae | INFO | Task attest claimed by member verifier2
2026-08-09 21:34:01 | team | sess_e2d865f524ae | INFO | Task attest claimed by member verifier2
2026-08-09 21:34:33 | team | sess_e2d865f524ae | INFO | Task attest completed at 1786307673281
2026-08-09 21:34:33 | team | sess_e2d865f524ae | INFO | Message 90699711-82c9-4755-b859-8ddb5c568ea5 created
2026-08-09 21:34:33 | team | sess_e2d865f524ae | INFO | Task attest completed
2026-08-09 21:34:53 | team | sess_e2d865f524ae | INFO | team jiuwen_team_sess_e2d865f524ae reported completed: 9 members, 4 tasks
2026-08-09 21:34:54 | team | sess_e2d865f524ae | INFO | [verifier2] received TEAM_STANDBY, pausing polls
2026-08-09 21:34:54 | team | sess_e2d865f524ae | INFO | EventBus[teammate] pausing polls
