2026-08-09 21:18:47 | team | sess_e2d865f524ae | INFO | Team workspace directory ensured at /srv/jwteam_clone/shared/run_current
2026-08-09 21:18:47 | team | sess_e2d865f524ae | INFO | AgentTeam manager initialized for jiuwen_team_sess_e2d865f524ae, member=team_leader
2026-08-09 21:18:47 | team | sess_e2d865f524ae | INFO | [team_leader] TeamPolicyRail static sections: section_names=['team_role', 'team_workflow', 'team_swarmflow', 'team_lifecycle', 'team_persona']
2026-08-09 21:18:47 | team | sess_e2d865f524ae | INFO | Session tables ready for session sess_e2d865f524ae
2026-08-09 21:18:47 | team | sess_e2d865f524ae | INFO | Team database initialized
2026-08-09 21:18:47 | team | default_trace_id | INFO | Team workspace directory ensured at /srv/jwteam_clone/shared/run_current
2026-08-09 21:18:47 | team | default_trace_id | INFO | AgentTeam manager initialized for jiuwen_team_sess_e2d865f524ae, member=planner1
2026-08-09 21:18:47 | team | default_trace_id | INFO | [planner1] TeamPolicyRail static sections: section_names=['team_role', 'team_persona']
2026-08-09 21:18:47 | team | sess_e2d865f524ae | INFO | [planner1] invoke start, role=teammate
2026-08-09 21:18:47 | team | sess_e2d865f524ae | INFO | [planner1] coordination starting
2026-08-09 21:18:47 | team | sess_e2d865f524ae | INFO | Session tables ready for session sess_e2d865f524ae
2026-08-09 21:18:47 | team | sess_e2d865f524ae | INFO | Workspace /srv/jwteam_clone/shared/run_current initialized as plain shared directory (version_control disabled)
2026-08-09 21:18:47 | team | sess_e2d865f524ae | INFO | EventBus[teammate] starting
2026-08-09 21:19:13 | team | sess_e2d865f524ae | INFO | [planner1] HITT section refresh: human_agent_names=[]
2026-08-09 21:19:21 | team | sess_e2d865f524ae | INFO | [planner1] processing 1 unread messages (steer=True)
2026-08-09 21:19:21 | team | sess_e2d865f524ae | INFO | Message 3866c910-9f2b-4105-8a7e-a5549f20efc7 marked as read by planner1
2026-08-09 21:19:31 | team | sess_e2d865f524ae | INFO | [planner1] processing 1 unread messages (steer=True)
2026-08-09 21:19:31 | team | sess_e2d865f524ae | INFO | Message 889d4da3-3256-4306-896c-93eed77e4d80 marked as read by planner1
2026-08-09 21:19:43 | team | sess_e2d865f524ae | INFO | Message f329f84b-f1bc-4a7f-9c35-b843818c7f9d created
2026-08-09 21:19:43 | team | sess_e2d865f524ae | INFO | Message cad96221-1ecf-48d8-819c-3558c7ed6f90 created
2026-08-09 21:19:54 | team | sess_e2d865f524ae | INFO | Message f3396a69-5825-4572-9737-3fd3c3ad1187 created
2026-08-09 21:19:59 | team | sess_e2d865f524ae | INFO | [planner1] processing 1 unread messages (steer=True)
2026-08-09 21:19:59 | team | sess_e2d865f524ae | INFO | Message 5b86697b-9e09-466a-a9bd-361efd8d2c5c marked as read by planner1
2026-08-09 21:20:12 | team | sess_e2d865f524ae | INFO | [planner1] processing 1 unread messages (steer=True)
2026-08-09 21:20:12 | team | sess_e2d865f524ae | INFO | Message 90ca9f4a-a5d1-43c8-9404-08b26ee36e32 marked as read by planner1
2026-08-09 21:20:33 | team | sess_e2d865f524ae | INFO | Message 08c12f53-91b9-421b-ba3a-e72cd15a4939 created
2026-08-09 21:20:35 | team | sess_e2d865f524ae | INFO | [planner1] processing 1 unread messages (steer=True)
2026-08-09 21:20:35 | team | sess_e2d865f524ae | INFO | Message 42d56a88-137c-4ed1-bc7a-cda28060fa4e marked as read by planner1
2026-08-09 21:20:46 | team | sess_e2d865f524ae | INFO | Message 1ea1694e-cbd6-4cf0-90b5-a8d6f6a2f2ac created
2026-08-09 21:20:46 | team | sess_e2d865f524ae | INFO | Message 291433c3-766f-4f5f-8c59-4d0ded6ec0ba created
2026-08-09 21:20:50 | team | sess_e2d865f524ae | INFO | [planner1] processing 1 unread messages (steer=True)
2026-08-09 21:20:50 | team | sess_e2d865f524ae | INFO | Message 73d169d5-66a8-4262-9824-40451b98fbff marked as read by planner1
2026-08-09 21:20:51 | team | sess_e2d865f524ae | INFO | [planner1] processing 1 unread messages (steer=True)
2026-08-09 21:20:51 | team | sess_e2d865f524ae | INFO | Message bf07a9e5-0d04-4f0b-8a00-09519c10e6f0 marked as read by planner1
2026-08-09 21:21:05 | team | sess_e2d865f524ae | INFO | [planner1] processing 1 unread messages (steer=True)
2026-08-09 21:21:05 | team | sess_e2d865f524ae | INFO | Message f229e6f2-8397-4976-bbd6-c97c4c12979d marked as read by planner1
2026-08-09 21:21:08 | team | sess_e2d865f524ae | INFO | Message 97e5af1d-c9e6-4f9e-a222-b0264c20dac9 created
2026-08-09 21:21:08 | team | sess_e2d865f524ae | INFO | Message da0d9ed6-2b74-4d2d-ad0f-bf7a782d45f7 created
2026-08-09 21:21:22 | team | sess_e2d865f524ae | INFO | [planner1] processing 1 unread messages (steer=True)
2026-08-09 21:21:22 | team | sess_e2d865f524ae | INFO | Message 2c2d7acd-d784-42db-8cf6-dfc6ffbf475f marked as read by planner1
2026-08-09 21:21:23 | team | sess_e2d865f524ae | INFO | Message 3b6019f3-c892-4580-834a-2216fc92a569 created
2026-08-09 21:21:23 | team | sess_e2d865f524ae | INFO | Message d36f6621-6cd1-4aaa-8855-5b3960899561 created
2026-08-09 21:21:38 | team | sess_e2d865f524ae | INFO | Message f885228c-bee5-4df3-8b07-a53050e3187e created
2026-08-09 21:21:46 | team | sess_e2d865f524ae | INFO | [planner1] processing 1 unread messages (steer=True)
2026-08-09 21:21:46 | team | sess_e2d865f524ae | INFO | Message 3f140825-0015-4780-a7df-f79e1028130f marked as read by planner1
2026-08-09 21:21:48 | team | sess_e2d865f524ae | INFO | Message 4b1ed3d9-a02d-43d6-a9ee-5bdb545b4c7d created
2026-08-09 21:34:33 | team | sess_e2d865f524ae | INFO | task list drained for team jiuwen_team_sess_e2d865f524ae: 4 terminal task(s)
2026-08-09 21:34:53 | team | sess_e2d865f524ae | INFO | team jiuwen_team_sess_e2d865f524ae reported completed: 9 members, 4 tasks
2026-08-09 21:34:54 | team | sess_e2d865f524ae | INFO | [planner1] received TEAM_STANDBY, pausing polls
2026-08-09 21:34:54 | team | sess_e2d865f524ae | INFO | EventBus[teammate] pausing polls
