2026-08-09 21:18:50 | team | sess_e2d865f524ae | INFO | Team workspace directory ensured at /srv/jwteam_clone/shared/run_current
2026-08-09 21:18:50 | team | sess_e2d865f524ae | INFO | AgentTeam manager initialized for jiuwen_team_sess_e2d865f524ae, member=team_leader
2026-08-09 21:18:50 | team | sess_e2d865f524ae | INFO | [team_leader] TeamPolicyRail static sections: section_names=['team_role', 'team_workflow', 'team_swarmflow', 'team_lifecycle', 'team_persona']
2026-08-09 21:18:50 | team | sess_e2d865f524ae | INFO | Session tables ready for session sess_e2d865f524ae
2026-08-09 21:18:50 | team | sess_e2d865f524ae | INFO | Team database initialized
2026-08-09 21:18:50 | team | default_trace_id | INFO | Team workspace directory ensured at /srv/jwteam_clone/shared/run_current
2026-08-09 21:18:50 | team | default_trace_id | INFO | AgentTeam manager initialized for jiuwen_team_sess_e2d865f524ae, member=executor2
2026-08-09 21:18:50 | team | default_trace_id | INFO | [executor2] TeamPolicyRail static sections: section_names=['team_role', 'team_persona']
2026-08-09 21:18:50 | team | sess_e2d865f524ae | INFO | [executor2] invoke start, role=teammate
2026-08-09 21:18:50 | team | sess_e2d865f524ae | INFO | [executor2] coordination starting
2026-08-09 21:18:50 | team | sess_e2d865f524ae | INFO | Session tables ready for session sess_e2d865f524ae
2026-08-09 21:18:50 | team | sess_e2d865f524ae | INFO | Workspace /srv/jwteam_clone/shared/run_current initialized as plain shared directory (version_control disabled)
2026-08-09 21:18:50 | team | sess_e2d865f524ae | INFO | EventBus[teammate] starting
2026-08-09 21:19:12 | team | sess_e2d865f524ae | INFO | [executor2] HITT section refresh: human_agent_names=[]
2026-08-09 21:19:21 | team | sess_e2d865f524ae | INFO | [executor2] processing 1 unread messages (steer=True)
2026-08-09 21:19:21 | team | sess_e2d865f524ae | INFO | Message 3866c910-9f2b-4105-8a7e-a5549f20efc7 marked as read by executor2
2026-08-09 21:19:47 | team | sess_e2d865f524ae | INFO | Message 78c5b751-ec8f-4d9b-9614-435625c88160 created
2026-08-09 21:19:54 | team | sess_e2d865f524ae | INFO | Message c8c881c0-a10e-4d53-969a-78ee112618b6 created
2026-08-09 21:19:58 | team | sess_e2d865f524ae | INFO | [executor2] processing 1 unread messages (steer=True)
2026-08-09 21:19:58 | team | sess_e2d865f524ae | INFO | Message 49d36635-c7e9-4945-a5f8-08d0afb5eb05 marked as read by executor2
2026-08-09 21:20:12 | team | sess_e2d865f524ae | INFO | Message 31343640-426a-4204-b430-a1701ccf1fe0 created
2026-08-09 21:20:19 | team | sess_e2d865f524ae | INFO | [executor2] processing 1 unread messages (steer=True)
2026-08-09 21:20:19 | team | sess_e2d865f524ae | INFO | Message 83f4d273-7bb7-402c-8278-c4e874bcd293 marked as read by executor2
2026-08-09 21:20:25 | team | sess_e2d865f524ae | INFO | Message 0f0475b7-2fe5-49c8-bbee-fcf5b8143793 created
2026-08-09 21:21:00 | team | sess_e2d865f524ae | INFO | [executor2] processing 1 unread messages (steer=True)
2026-08-09 21:21:00 | team | sess_e2d865f524ae | INFO | Message 89169f40-b528-496f-a4e6-c495dc4885dd marked as read by executor2
2026-08-09 21:21:15 | team | sess_e2d865f524ae | INFO | Message b33b734c-ea47-4f3a-8d63-3e0001c270df created
2026-08-09 21:22:19 | team | sess_e2d865f524ae | INFO | [executor2] processing 1 unread messages (steer=True)
2026-08-09 21:22:19 | team | sess_e2d865f524ae | INFO | Message 53ff6ef7-bee1-4ac3-b08f-cb937bcc470c marked as read by executor2
2026-08-09 21:22:43 | team | sess_e2d865f524ae | INFO | Message 7622ecd4-3d02-4f2b-a4a0-56f56060be98 created
2026-08-09 21:34:33 | team | sess_e2d865f524ae | INFO | task list drained for team jiuwen_team_sess_e2d865f524ae: 4 terminal task(s)
2026-08-09 21:34:53 | team | sess_e2d865f524ae | INFO | team jiuwen_team_sess_e2d865f524ae reported completed: 9 members, 4 tasks
2026-08-09 21:34:54 | team | sess_e2d865f524ae | INFO | [executor2] received TEAM_STANDBY, pausing polls
2026-08-09 21:34:54 | team | sess_e2d865f524ae | INFO | EventBus[teammate] pausing polls
