2026-08-09 21:18:49 | team | sess_e2d865f524ae | INFO | Team workspace directory ensured at /srv/jwteam_clone/shared/run_current
2026-08-09 21:18:49 | team | sess_e2d865f524ae | INFO | AgentTeam manager initialized for jiuwen_team_sess_e2d865f524ae, member=team_leader
2026-08-09 21:18:49 | team | sess_e2d865f524ae | INFO | [team_leader] TeamPolicyRail static sections: section_names=['team_role', 'team_workflow', 'team_swarmflow', 'team_lifecycle', 'team_persona']
2026-08-09 21:18:49 | team | sess_e2d865f524ae | INFO | Session tables ready for session sess_e2d865f524ae
2026-08-09 21:18:49 | team | sess_e2d865f524ae | INFO | Team database initialized
2026-08-09 21:18:49 | team | default_trace_id | INFO | Team workspace directory ensured at /srv/jwteam_clone/shared/run_current
2026-08-09 21:18:49 | team | default_trace_id | INFO | AgentTeam manager initialized for jiuwen_team_sess_e2d865f524ae, member=executor1
2026-08-09 21:18:49 | team | default_trace_id | INFO | [executor1] TeamPolicyRail static sections: section_names=['team_role', 'team_persona']
2026-08-09 21:18:49 | team | sess_e2d865f524ae | INFO | [executor1] invoke start, role=teammate
2026-08-09 21:18:49 | team | sess_e2d865f524ae | INFO | [executor1] coordination starting
2026-08-09 21:18:49 | team | sess_e2d865f524ae | INFO | Session tables ready for session sess_e2d865f524ae
2026-08-09 21:18:49 | team | sess_e2d865f524ae | INFO | Workspace /srv/jwteam_clone/shared/run_current initialized as plain shared directory (version_control disabled)
2026-08-09 21:18:49 | team | sess_e2d865f524ae | INFO | EventBus[teammate] starting
2026-08-09 21:19:12 | team | sess_e2d865f524ae | INFO | [executor1] HITT section refresh: human_agent_names=[]
2026-08-09 21:19:21 | team | sess_e2d865f524ae | INFO | [executor1] processing 1 unread messages (steer=True)
2026-08-09 21:19:21 | team | sess_e2d865f524ae | INFO | Message 3866c910-9f2b-4105-8a7e-a5549f20efc7 marked as read by executor1
2026-08-09 21:19:31 | team | sess_e2d865f524ae | INFO | Message 889d4da3-3256-4306-896c-93eed77e4d80 created
2026-08-09 21:19:47 | team | sess_e2d865f524ae | INFO | [executor1] processing 1 unread messages (steer=True)
2026-08-09 21:19:47 | team | sess_e2d865f524ae | INFO | Message 78c5b751-ec8f-4d9b-9614-435625c88160 marked as read by executor1
2026-08-09 21:19:54 | team | sess_e2d865f524ae | INFO | [executor1] processing 1 unread messages (steer=True)
2026-08-09 21:19:54 | team | sess_e2d865f524ae | INFO | Message f3396a69-5825-4572-9737-3fd3c3ad1187 marked as read by executor1
2026-08-09 21:19:58 | team | sess_e2d865f524ae | INFO | Message 49d36635-c7e9-4945-a5f8-08d0afb5eb05 created
2026-08-09 21:20:12 | team | sess_e2d865f524ae | INFO | [executor1] processing 1 unread messages (steer=True)
2026-08-09 21:20:12 | team | sess_e2d865f524ae | INFO | Message 31343640-426a-4204-b430-a1701ccf1fe0 marked as read by executor1
2026-08-09 21:20:34 | team | sess_e2d865f524ae | INFO | [executor1] processing 1 unread messages (steer=True)
2026-08-09 21:20:34 | team | sess_e2d865f524ae | INFO | Message c48226af-90e2-4b9f-91a9-694554d71593 marked as read by executor1
2026-08-09 21:20:35 | team | sess_e2d865f524ae | INFO | Message 42d56a88-137c-4ed1-bc7a-cda28060fa4e created
2026-08-09 21:20:50 | team | sess_e2d865f524ae | INFO | Message f888110a-8a67-47fa-8f9f-dd6de04f297e created
2026-08-09 21:21:00 | team | sess_e2d865f524ae | INFO | Message 89169f40-b528-496f-a4e6-c495dc4885dd created
2026-08-09 21:21:01 | team | sess_e2d865f524ae | INFO | [executor1] processing 1 unread messages (steer=True)
2026-08-09 21:21:02 | team | sess_e2d865f524ae | INFO | Message a1ac31a4-09c7-432e-ad0c-d7e88b949924 marked as read by executor1
2026-08-09 21:21:08 | team | sess_e2d865f524ae | INFO | [executor1] received TASK_CLAIMED for self, task_id=implement, human_agent=False
2026-08-09 21:21:09 | team | sess_e2d865f524ae | INFO | [executor1] processing 1 unread messages (steer=True)
2026-08-09 21:21:09 | team | sess_e2d865f524ae | INFO | Message da0d9ed6-2b74-4d2d-ad0f-bf7a782d45f7 marked as read by executor1
2026-08-09 21:21:15 | team | sess_e2d865f524ae | INFO | [executor1] processing 1 unread messages (steer=True)
2026-08-09 21:21:15 | team | sess_e2d865f524ae | INFO | Message b33b734c-ea47-4f3a-8d63-3e0001c270df marked as read by executor1
2026-08-09 21:21:18 | team | sess_e2d865f524ae | INFO | [executor1] processing 1 unread messages (steer=True)
2026-08-09 21:21:18 | team | sess_e2d865f524ae | INFO | Message 44e02297-f657-4fd3-9876-a0bfa8860ed1 marked as read by executor1
2026-08-09 21:21:24 | team | sess_e2d865f524ae | INFO | [executor1] processing 1 unread messages (steer=True)
2026-08-09 21:21:24 | team | sess_e2d865f524ae | INFO | Message 0d8ca5e6-2e54-4bc4-ba56-e1d74af60661 marked as read by executor1
2026-08-09 21:21:37 | team | sess_e2d865f524ae | INFO | Message eea3052f-a380-4f44-b2fa-a91ebd7fe647 created
2026-08-09 21:21:37 | team | sess_e2d865f524ae | INFO | Message 3b456f9c-ca5c-4f75-906d-c39ebb5ac59a created
2026-08-09 21:21:51 | team | sess_e2d865f524ae | INFO | [executor1] processing 1 unread messages (steer=True)
2026-08-09 21:21:51 | team | sess_e2d865f524ae | INFO | Message b4bf0c30-53b8-4863-936c-76503ae0b271 marked as read by executor1
2026-08-09 21:22:12 | team | sess_e2d865f524ae | INFO | Task implement completed at 1786306932512
2026-08-09 21:22:12 | team | sess_e2d865f524ae | INFO | Message 1b149e7b-c481-41e4-9ca9-a003293e87a1 created
2026-08-09 21:22:12 | team | sess_e2d865f524ae | INFO | Resolved 1 dependencies for task implement
2026-08-09 21:22:12 | team | sess_e2d865f524ae | INFO | Task verify unblocked (all deps resolved)
2026-08-09 21:22:12 | team | sess_e2d865f524ae | INFO | Task implement completed
2026-08-09 21:22:12 | team | sess_e2d865f524ae | INFO | Unblocked 1 tasks
2026-08-09 21:22:19 | team | sess_e2d865f524ae | INFO | Message 83860d26-62c1-497c-ac7d-1f2e42a2faaf created
2026-08-09 21:22:19 | team | sess_e2d865f524ae | INFO | Message 53ff6ef7-bee1-4ac3-b08f-cb937bcc470c created
2026-08-09 21:22:43 | team | sess_e2d865f524ae | INFO | [executor1] processing 1 unread messages (steer=True)
2026-08-09 21:22:43 | team | sess_e2d865f524ae | INFO | Message 7622ecd4-3d02-4f2b-a4a0-56f56060be98 marked as read by executor1
2026-08-09 21:22:53 | team | sess_e2d865f524ae | INFO | [executor1] processing 1 unread messages (steer=True)
2026-08-09 21:22:53 | team | sess_e2d865f524ae | INFO | Message 31c1f7da-85e0-4923-b3c6-7043aaef94c0 marked as read by executor1
2026-08-09 21:23:00 | team | sess_e2d865f524ae | INFO | Message 723929d4-e259-4f83-9fef-92ed262a61ec created
2026-08-09 21:23:07 | team | sess_e2d865f524ae | INFO | [executor1] processing 1 unread messages (steer=True)
2026-08-09 21:23:07 | team | sess_e2d865f524ae | INFO | Message 22477ade-9d1f-441b-b856-b9fa3c8cb9c3 marked as read by executor1
2026-08-09 21:23:12 | team | sess_e2d865f524ae | INFO | Message 45afc8dd-a6ba-447d-98d3-cdc0e2ec190b created
2026-08-09 21:23:12 | team | sess_e2d865f524ae | INFO | Message 0d4dbced-5b70-4309-8851-dc33fb531791 created
2026-08-09 21:23:18 | team | sess_e2d865f524ae | INFO | Message ed10aadb-7f6d-4cac-9d02-6df266242a2a created
2026-08-09 21:23:22 | team | sess_e2d865f524ae | INFO | [executor1] processing 1 unread messages (steer=True)
2026-08-09 21:23:22 | team | sess_e2d865f524ae | INFO | Message 322dd353-82c0-423e-a4da-6d5353bb74a2 marked as read by executor1
2026-08-09 21:34:33 | team | sess_e2d865f524ae | INFO | task list drained for team jiuwen_team_sess_e2d865f524ae: 4 terminal task(s)
2026-08-09 21:34:53 | team | sess_e2d865f524ae | INFO | team jiuwen_team_sess_e2d865f524ae reported completed: 9 members, 4 tasks
2026-08-09 21:34:54 | team | sess_e2d865f524ae | INFO | [executor1] received TEAM_STANDBY, pausing polls
2026-08-09 21:34:54 | team | sess_e2d865f524ae | INFO | EventBus[teammate] pausing polls
