2026-08-09 21:18:54 | team | sess_e2d865f524ae | INFO | Team workspace directory ensured at /srv/jwteam_clone/shared/run_current
2026-08-09 21:18:54 | team | sess_e2d865f524ae | INFO | AgentTeam manager initialized for jiuwen_team_sess_e2d865f524ae, member=team_leader
2026-08-09 21:18:54 | team | sess_e2d865f524ae | INFO | [team_leader] TeamPolicyRail static sections: section_names=['team_role', 'team_workflow', 'team_swarmflow', 'team_lifecycle', 'team_persona']
2026-08-09 21:18:54 | team | sess_e2d865f524ae | INFO | Session tables ready for session sess_e2d865f524ae
2026-08-09 21:18:54 | team | sess_e2d865f524ae | INFO | Team database initialized
2026-08-09 21:18:54 | team | default_trace_id | INFO | Team workspace directory ensured at /srv/jwteam_clone/shared/run_current
2026-08-09 21:18:54 | team | default_trace_id | INFO | AgentTeam manager initialized for jiuwen_team_sess_e2d865f524ae, member=fullstack1
2026-08-09 21:18:54 | team | default_trace_id | INFO | [fullstack1] TeamPolicyRail static sections: section_names=['team_role', 'team_persona']
2026-08-09 21:18:54 | team | sess_e2d865f524ae | INFO | [fullstack1] invoke start, role=teammate
2026-08-09 21:18:54 | team | sess_e2d865f524ae | INFO | [fullstack1] coordination starting
2026-08-09 21:18:54 | team | sess_e2d865f524ae | INFO | Session tables ready for session sess_e2d865f524ae
2026-08-09 21:18:54 | team | sess_e2d865f524ae | INFO | Workspace /srv/jwteam_clone/shared/run_current initialized as plain shared directory (version_control disabled)
2026-08-09 21:18:54 | team | sess_e2d865f524ae | INFO | EventBus[teammate] starting
2026-08-09 21:19:13 | team | sess_e2d865f524ae | INFO | [fullstack1] HITT section refresh: human_agent_names=[]
2026-08-09 21:19:21 | team | sess_e2d865f524ae | INFO | [fullstack1] processing 1 unread messages (steer=True)
2026-08-09 21:19:21 | team | sess_e2d865f524ae | INFO | Message 3866c910-9f2b-4105-8a7e-a5549f20efc7 marked as read by fullstack1
2026-08-09 21:19:46 | team | sess_e2d865f524ae | INFO | Message 3f1c2431-c56d-44ef-8103-e8d3a65c1f27 created
2026-08-09 21:19:57 | team | sess_e2d865f524ae | INFO | Message ae548e02-a54a-48d2-8280-d6a5df6d4018 created
2026-08-09 21:20:12 | team | sess_e2d865f524ae | INFO | [fullstack1] processing 1 unread messages (steer=True)
2026-08-09 21:20:12 | team | sess_e2d865f524ae | INFO | Message 734ebbb7-f695-4f37-8d60-89bdaee115c3 marked as read by fullstack1
2026-08-09 21:20:46 | team | sess_e2d865f524ae | INFO | [fullstack1] processing 1 unread messages (steer=True)
2026-08-09 21:20:46 | team | sess_e2d865f524ae | INFO | Message 291433c3-766f-4f5f-8c59-4d0ded6ec0ba marked as read by fullstack1
2026-08-09 21:20:50 | team | sess_e2d865f524ae | INFO | Message 310cd4fe-6c53-4ced-ad55-d3822ee525f3 created
2026-08-09 21:20:50 | team | sess_e2d865f524ae | INFO | Message 73d169d5-66a8-4262-9824-40451b98fbff created
2026-08-09 21:21:01 | team | sess_e2d865f524ae | INFO | [fullstack1] processing 1 unread messages (steer=True)
2026-08-09 21:21:02 | team | sess_e2d865f524ae | INFO | Message ef4a85f5-3263-4ec1-b57f-8f54c868800f marked as read by fullstack1
2026-08-09 21:21:05 | team | sess_e2d865f524ae | INFO | Message f229e6f2-8397-4976-bbd6-c97c4c12979d created
2026-08-09 21:21:23 | team | sess_e2d865f524ae | INFO | [fullstack1] processing 1 unread messages (steer=True)
2026-08-09 21:21:23 | team | sess_e2d865f524ae | INFO | Message 3b6019f3-c892-4580-834a-2216fc92a569 marked as read by fullstack1
2026-08-09 21:21:24 | team | sess_e2d865f524ae | INFO | Message 0d8ca5e6-2e54-4bc4-ba56-e1d74af60661 created
2026-08-09 21:21:37 | team | sess_e2d865f524ae | INFO | [fullstack1] processing 1 unread messages (steer=True)
2026-08-09 21:21:37 | team | sess_e2d865f524ae | INFO | Message eea3052f-a380-4f44-b2fa-a91ebd7fe647 marked as read by fullstack1
2026-08-09 21:22:38 | team | sess_e2d865f524ae | INFO | Message 120f0d95-37f8-4b9d-a275-acce2070984a created
2026-08-09 21:23:07 | team | sess_e2d865f524ae | INFO | [fullstack1] processing 1 unread messages (steer=True)
2026-08-09 21:23:07 | team | sess_e2d865f524ae | INFO | Message ed5ddf10-2252-44e1-b253-7bbaf11ce90e marked as read by fullstack1
2026-08-09 21:23:22 | team | sess_e2d865f524ae | INFO | Message 9ec58ca4-b429-440d-bc3b-2f02a6eb9b8c created
2026-08-09 21:23:40 | team | sess_e2d865f524ae | INFO | [fullstack1] processing 1 unread messages (steer=True)
2026-08-09 21:23:40 | team | sess_e2d865f524ae | INFO | Message 9a45b29b-7352-4f58-9fe8-e2eea70cbb57 marked as read by fullstack1
2026-08-09 21:23:51 | team | sess_e2d865f524ae | INFO | Message 9ec79d8c-8364-4577-8f7f-98646c447d5a created
2026-08-09 21:34:33 | team | sess_e2d865f524ae | INFO | task list drained for team jiuwen_team_sess_e2d865f524ae: 4 terminal task(s)
2026-08-09 21:34:53 | team | sess_e2d865f524ae | INFO | team jiuwen_team_sess_e2d865f524ae reported completed: 9 members, 4 tasks
2026-08-09 21:34:54 | team | sess_e2d865f524ae | INFO | [fullstack1] received TEAM_STANDBY, pausing polls
2026-08-09 21:34:54 | team | sess_e2d865f524ae | INFO | EventBus[teammate] pausing polls
