2026-08-09 21:18:48 | team | sess_e2d865f524ae | INFO | Team workspace directory ensured at /srv/jwteam_clone/shared/run_current
2026-08-09 21:18:48 | team | sess_e2d865f524ae | INFO | AgentTeam manager initialized for jiuwen_team_sess_e2d865f524ae, member=team_leader
2026-08-09 21:18:48 | team | sess_e2d865f524ae | INFO | [team_leader] TeamPolicyRail static sections: section_names=['team_role', 'team_workflow', 'team_swarmflow', 'team_lifecycle', 'team_persona']
2026-08-09 21:18:48 | team | sess_e2d865f524ae | INFO | Session tables ready for session sess_e2d865f524ae
2026-08-09 21:18:48 | team | sess_e2d865f524ae | INFO | Team database initialized
2026-08-09 21:18:48 | team | default_trace_id | INFO | Team workspace directory ensured at /srv/jwteam_clone/shared/run_current
2026-08-09 21:18:48 | team | default_trace_id | INFO | AgentTeam manager initialized for jiuwen_team_sess_e2d865f524ae, member=planner2
2026-08-09 21:18:48 | team | default_trace_id | INFO | [planner2] TeamPolicyRail static sections: section_names=['team_role', 'team_persona']
2026-08-09 21:18:48 | team | sess_e2d865f524ae | INFO | [planner2] invoke start, role=teammate
2026-08-09 21:18:48 | team | sess_e2d865f524ae | INFO | [planner2] coordination starting
2026-08-09 21:18:48 | team | sess_e2d865f524ae | INFO | Session tables ready for session sess_e2d865f524ae
2026-08-09 21:18:48 | team | sess_e2d865f524ae | INFO | Workspace /srv/jwteam_clone/shared/run_current initialized as plain shared directory (version_control disabled)
2026-08-09 21:18:48 | team | sess_e2d865f524ae | INFO | EventBus[teammate] starting
2026-08-09 21:19:13 | team | sess_e2d865f524ae | INFO | [planner2] HITT section refresh: human_agent_names=[]
2026-08-09 21:19:20 | team | sess_e2d865f524ae | INFO | Task plan claimed by member planner2
2026-08-09 21:19:20 | team | sess_e2d865f524ae | INFO | Task plan claimed by member planner2
2026-08-09 21:19:21 | team | sess_e2d865f524ae | INFO | [planner2] processing 1 unread messages (steer=True)
2026-08-09 21:19:21 | team | sess_e2d865f524ae | INFO | Message 3866c910-9f2b-4105-8a7e-a5549f20efc7 marked as read by planner2
2026-08-09 21:19:43 | team | sess_e2d865f524ae | INFO | [planner2] processing 1 unread messages (steer=True)
2026-08-09 21:19:43 | team | sess_e2d865f524ae | INFO | Message cad96221-1ecf-48d8-819c-3558c7ed6f90 marked as read by planner2
2026-08-09 21:19:46 | team | sess_e2d865f524ae | INFO | Message e5358d95-767f-4596-abf5-3536ea2ca236 created
2026-08-09 21:19:57 | team | sess_e2d865f524ae | INFO | [planner2] processing 1 unread messages (steer=True)
2026-08-09 21:19:57 | team | sess_e2d865f524ae | INFO | Message ae548e02-a54a-48d2-8280-d6a5df6d4018 marked as read by planner2
2026-08-09 21:19:59 | team | sess_e2d865f524ae | INFO | Message 5b86697b-9e09-466a-a9bd-361efd8d2c5c created
2026-08-09 21:20:12 | team | sess_e2d865f524ae | INFO | [planner2] processing 1 unread messages (steer=True)
2026-08-09 21:20:12 | team | sess_e2d865f524ae | INFO | Message 857c8cdb-916b-411a-ab90-539a67202894 marked as read by planner2
2026-08-09 21:20:33 | team | sess_e2d865f524ae | INFO | [planner2] processing 1 unread messages (steer=True)
2026-08-09 21:20:33 | team | sess_e2d865f524ae | INFO | Message 08c12f53-91b9-421b-ba3a-e72cd15a4939 marked as read by planner2
2026-08-09 21:20:34 | team | sess_e2d865f524ae | INFO | Message c48226af-90e2-4b9f-91a9-694554d71593 created
2026-08-09 21:20:50 | team | sess_e2d865f524ae | INFO | [planner2] processing 1 unread messages (steer=True)
2026-08-09 21:20:50 | team | sess_e2d865f524ae | INFO | Message f888110a-8a67-47fa-8f9f-dd6de04f297e marked as read by planner2
2026-08-09 21:20:50 | team | sess_e2d865f524ae | INFO | [planner2] processing 1 unread messages (steer=True)
2026-08-09 21:20:50 | team | sess_e2d865f524ae | INFO | Message 310cd4fe-6c53-4ced-ad55-d3822ee525f3 marked as read by planner2
2026-08-09 21:20:51 | team | sess_e2d865f524ae | INFO | Message bf07a9e5-0d04-4f0b-8a00-09519c10e6f0 created
2026-08-09 21:20:51 | team | sess_e2d865f524ae | INFO | Message 9ea6db50-22db-425a-9a98-a3c02552db06 created
2026-08-09 21:21:01 | team | sess_e2d865f524ae | INFO | Task plan completed at 1786306861981
2026-08-09 21:21:01 | team | sess_e2d865f524ae | INFO | Message a1ac31a4-09c7-432e-ad0c-d7e88b949924 created
2026-08-09 21:21:01 | team | sess_e2d865f524ae | INFO | Message ef4a85f5-3263-4ec1-b57f-8f54c868800f created
2026-08-09 21:21:01 | team | sess_e2d865f524ae | INFO | Resolved 1 dependencies for task plan
2026-08-09 21:21:01 | team | sess_e2d865f524ae | INFO | Task implement unblocked (all deps resolved)
2026-08-09 21:21:02 | team | sess_e2d865f524ae | INFO | Task plan completed
2026-08-09 21:21:02 | team | sess_e2d865f524ae | INFO | Unblocked 1 tasks
2026-08-09 21:21:09 | team | sess_e2d865f524ae | INFO | [planner2] processing 1 unread messages (steer=True)
2026-08-09 21:21:09 | team | sess_e2d865f524ae | INFO | Message 97e5af1d-c9e6-4f9e-a222-b0264c20dac9 marked as read by planner2
2026-08-09 21:21:22 | team | sess_e2d865f524ae | INFO | Message 2c2d7acd-d784-42db-8cf6-dfc6ffbf475f created
2026-08-09 21:21:23 | team | sess_e2d865f524ae | INFO | [planner2] processing 1 unread messages (steer=True)
2026-08-09 21:21:23 | team | sess_e2d865f524ae | INFO | Message d36f6621-6cd1-4aaa-8855-5b3960899561 marked as read by planner2
2026-08-09 21:34:33 | team | sess_e2d865f524ae | INFO | task list drained for team jiuwen_team_sess_e2d865f524ae: 4 terminal task(s)
2026-08-09 21:34:53 | team | sess_e2d865f524ae | INFO | team jiuwen_team_sess_e2d865f524ae reported completed: 9 members, 4 tasks
2026-08-09 21:34:54 | team | sess_e2d865f524ae | INFO | [planner2] received TEAM_STANDBY, pausing polls
2026-08-09 21:34:54 | team | sess_e2d865f524ae | INFO | EventBus[teammate] pausing polls
