2026-08-08 22:15:00 | team | sess_41f2c134745c | INFO | Team workspace directory ensured at /srv/jwteam_clone/shared/run_current
2026-08-08 22:15:00 | team | sess_41f2c134745c | INFO | AgentTeam manager initialized for jiuwen_team_sess_41f2c134745c, member=team_leader
2026-08-08 22:15:00 | team | sess_41f2c134745c | INFO | [team_leader] TeamPolicyRail static sections: section_names=['team_role', 'team_workflow', 'team_swarmflow', 'team_lifecycle', 'team_persona']
2026-08-08 22:15:00 | team | sess_41f2c134745c | INFO | Session tables ready for session sess_41f2c134745c
2026-08-08 22:15:00 | team | sess_41f2c134745c | INFO | Team database initialized
2026-08-08 22:15:01 | team | default_trace_id | INFO | Team workspace directory ensured at /srv/jwteam_clone/shared/run_current
2026-08-08 22:15:01 | team | default_trace_id | INFO | AgentTeam manager initialized for jiuwen_team_sess_41f2c134745c, member=planner2
2026-08-08 22:15:01 | team | default_trace_id | INFO | [planner2] TeamPolicyRail static sections: section_names=['team_role', 'team_persona']
2026-08-08 22:15:01 | team | sess_41f2c134745c | INFO | [planner2] invoke start, role=teammate
2026-08-08 22:15:01 | team | sess_41f2c134745c | INFO | [planner2] coordination starting
2026-08-08 22:15:01 | team | sess_41f2c134745c | INFO | Session tables ready for session sess_41f2c134745c
2026-08-08 22:15:01 | team | sess_41f2c134745c | INFO | Workspace /srv/jwteam_clone/shared/run_current initialized as plain shared directory (version_control disabled)
2026-08-08 22:15:01 | team | sess_41f2c134745c | INFO | EventBus[teammate] starting
2026-08-08 22:15:25 | team | sess_41f2c134745c | INFO | [planner2] HITT section refresh: human_agent_names=[]
2026-08-08 22:15:34 | team | sess_41f2c134745c | INFO | [planner2] processing 1 unread messages (steer=True)
2026-08-08 22:15:34 | team | sess_41f2c134745c | INFO | Message e0c527b6-37b8-444d-8b98-e774a2a6cff8 marked as read by planner2
2026-08-08 22:16:03 | team | sess_41f2c134745c | INFO | Message 8fe59d96-df09-4763-bd26-1320c32c35af created
2026-08-08 22:16:03 | team | sess_41f2c134745c | INFO | Message d4c437fd-05a5-4200-90f5-7e00cf4bece7 created
2026-08-08 22:16:16 | team | sess_41f2c134745c | INFO | [planner2] processing 1 unread messages (steer=True)
2026-08-08 22:16:16 | team | sess_41f2c134745c | INFO | Message 1db7aa38-09db-4c0c-8631-4e2c13f68741 marked as read by planner2
2026-08-08 22:16:20 | team | sess_41f2c134745c | INFO | Message 503255f0-77bc-4347-aed7-ebcb28fec3bb created
2026-08-08 22:16:26 | team | sess_41f2c134745c | INFO | [planner2] processing 1 unread messages (steer=True)
2026-08-08 22:16:27 | team | sess_41f2c134745c | INFO | Message 9cc520ae-0ddc-4b1b-94e8-2574b4de6e50 marked as read by planner2
2026-08-08 22:16:29 | team | sess_41f2c134745c | INFO | [planner2] processing 1 unread messages (steer=True)
2026-08-08 22:16:29 | team | sess_41f2c134745c | INFO | Message f811a75f-79bc-446e-8f41-2153dbe30139 marked as read by planner2
2026-08-08 22:16:37 | team | sess_41f2c134745c | INFO | Message 0787252c-824e-452f-af31-be6893862c5c created
2026-08-08 22:19:18 | team | sess_41f2c134745c | INFO | [planner2] processing 1 unread messages (steer=True)
2026-08-08 22:19:18 | team | sess_41f2c134745c | INFO | Message 8a17abf0-8f85-4707-a6a1-1ac5c9b69a83 marked as read by planner2
2026-08-08 22:19:25 | team | sess_41f2c134745c | INFO | Message a98d1916-5c92-4341-b44c-0255c2100c50 created
2026-08-08 22:24:11 | team | sess_41f2c134745c | INFO | task list drained for team jiuwen_team_sess_41f2c134745c: 3 terminal task(s)
2026-08-08 22:24:34 | team | sess_41f2c134745c | INFO | [planner2] processing 1 unread messages (steer=True)
2026-08-08 22:24:34 | team | sess_41f2c134745c | INFO | Message 3bfe676a-3d8e-4b39-b627-9e9558d2ebb4 marked as read by planner2
2026-08-08 22:24:49 | team | sess_41f2c134745c | INFO | team jiuwen_team_sess_41f2c134745c reported completed: 9 members, 3 tasks
2026-08-08 22:24:50 | team | sess_41f2c134745c | INFO | [planner2] received TEAM_STANDBY, pausing polls
2026-08-08 22:24:50 | team | sess_41f2c134745c | INFO | EventBus[teammate] pausing polls
