2026-08-08 22:15:05 | team | sess_41f2c134745c | INFO | Team workspace directory ensured at /srv/jwteam_clone/shared/run_current
2026-08-08 22:15:05 | team | sess_41f2c134745c | INFO | AgentTeam manager initialized for jiuwen_team_sess_41f2c134745c, member=team_leader
2026-08-08 22:15:05 | team | sess_41f2c134745c | INFO | [team_leader] TeamPolicyRail static sections: section_names=['team_role', 'team_workflow', 'team_swarmflow', 'team_lifecycle', 'team_persona']
2026-08-08 22:15:06 | team | sess_41f2c134745c | INFO | Session tables ready for session sess_41f2c134745c
2026-08-08 22:15:06 | team | sess_41f2c134745c | INFO | Team database initialized
2026-08-08 22:15:06 | team | default_trace_id | INFO | Team workspace directory ensured at /srv/jwteam_clone/shared/run_current
2026-08-08 22:15:06 | team | default_trace_id | INFO | AgentTeam manager initialized for jiuwen_team_sess_41f2c134745c, member=verifier2
2026-08-08 22:15:06 | team | default_trace_id | INFO | [verifier2] TeamPolicyRail static sections: section_names=['team_role', 'team_persona']
2026-08-08 22:15:06 | team | sess_41f2c134745c | INFO | [verifier2] invoke start, role=teammate
2026-08-08 22:15:06 | team | sess_41f2c134745c | INFO | [verifier2] coordination starting
2026-08-08 22:15:06 | team | sess_41f2c134745c | INFO | Session tables ready for session sess_41f2c134745c
2026-08-08 22:15:06 | team | sess_41f2c134745c | INFO | Workspace /srv/jwteam_clone/shared/run_current initialized as plain shared directory (version_control disabled)
2026-08-08 22:15:06 | team | sess_41f2c134745c | INFO | EventBus[teammate] starting
2026-08-08 22:15:25 | team | sess_41f2c134745c | INFO | [verifier2] HITT section refresh: human_agent_names=[]
2026-08-08 22:15:34 | team | sess_41f2c134745c | INFO | [verifier2] processing 1 unread messages (steer=True)
2026-08-08 22:15:34 | team | sess_41f2c134745c | INFO | Message e0c527b6-37b8-444d-8b98-e774a2a6cff8 marked as read by verifier2
2026-08-08 22:19:18 | team | sess_41f2c134745c | INFO | [verifier2] processing 1 unread messages (steer=True)
2026-08-08 22:19:18 | team | sess_41f2c134745c | INFO | Message e4aa13be-1951-4903-ba1a-6c27c3d8f164 marked as read by verifier2
2026-08-08 22:19:28 | team | sess_41f2c134745c | INFO | Message 0eecbdf5-e99c-4222-8467-b1da0a5bc8a7 created
2026-08-08 22:21:01 | team | sess_41f2c134745c | INFO | Task verify claimed by member verifier2
2026-08-08 22:21:01 | team | sess_41f2c134745c | INFO | Task verify claimed by member verifier2
2026-08-08 22:21:05 | team | sess_41f2c134745c | INFO | [verifier2] processing 1 unread messages (steer=True)
2026-08-08 22:21:05 | team | sess_41f2c134745c | INFO | Message 4135dc57-8486-4bf0-ba68-c6d8d183cc3d marked as read by verifier2
2026-08-08 22:22:02 | team | sess_41f2c134745c | INFO | [verifier2] processing 1 unread messages (steer=True)
2026-08-08 22:22:02 | team | sess_41f2c134745c | INFO | Message e746bf3b-2535-4ba3-aec0-f31270ae23a2 marked as read by verifier2
2026-08-08 22:22:11 | team | sess_41f2c134745c | INFO | Task verify claimed by member verifier2
2026-08-08 22:22:11 | team | sess_41f2c134745c | INFO | Task verify claimed by member verifier2
2026-08-08 22:24:11 | team | sess_41f2c134745c | INFO | Task verify completed at 1786224251448
2026-08-08 22:24:11 | team | sess_41f2c134745c | INFO | Message 0cb9b15d-7b0b-4183-b9fa-ce75d0724f87 created
2026-08-08 22:24:11 | team | sess_41f2c134745c | INFO | Task verify completed
2026-08-08 22:24:34 | team | sess_41f2c134745c | INFO | [verifier2] processing 1 unread messages (steer=True)
2026-08-08 22:24:34 | team | sess_41f2c134745c | INFO | Message 3bfe676a-3d8e-4b39-b627-9e9558d2ebb4 marked as read by verifier2
2026-08-08 22:24:49 | team | sess_41f2c134745c | INFO | team jiuwen_team_sess_41f2c134745c reported completed: 9 members, 3 tasks
2026-08-08 22:24:50 | team | sess_41f2c134745c | INFO | [verifier2] received TEAM_STANDBY, pausing polls
2026-08-08 22:24:50 | team | sess_41f2c134745c | INFO | EventBus[teammate] pausing polls
