2026-08-08 22:15:02 | team | sess_41f2c134745c | INFO | Team workspace directory ensured at /srv/jwteam_clone/shared/run_current
2026-08-08 22:15:02 | team | sess_41f2c134745c | INFO | AgentTeam manager initialized for jiuwen_team_sess_41f2c134745c, member=team_leader
2026-08-08 22:15:02 | team | sess_41f2c134745c | INFO | [team_leader] TeamPolicyRail static sections: section_names=['team_role', 'team_workflow', 'team_swarmflow', 'team_lifecycle', 'team_persona']
2026-08-08 22:15:02 | team | sess_41f2c134745c | INFO | Session tables ready for session sess_41f2c134745c
2026-08-08 22:15:02 | team | sess_41f2c134745c | INFO | Team database initialized
2026-08-08 22:15:02 | team | default_trace_id | INFO | Team workspace directory ensured at /srv/jwteam_clone/shared/run_current
2026-08-08 22:15:02 | team | default_trace_id | INFO | AgentTeam manager initialized for jiuwen_team_sess_41f2c134745c, member=executor2
2026-08-08 22:15:02 | team | default_trace_id | INFO | [executor2] TeamPolicyRail static sections: section_names=['team_role', 'team_persona']
2026-08-08 22:15:02 | team | sess_41f2c134745c | INFO | [executor2] invoke start, role=teammate
2026-08-08 22:15:02 | team | sess_41f2c134745c | INFO | [executor2] coordination starting
2026-08-08 22:15:02 | team | sess_41f2c134745c | INFO | Session tables ready for session sess_41f2c134745c
2026-08-08 22:15:02 | team | sess_41f2c134745c | INFO | Workspace /srv/jwteam_clone/shared/run_current initialized as plain shared directory (version_control disabled)
2026-08-08 22:15:02 | team | sess_41f2c134745c | INFO | EventBus[teammate] starting
2026-08-08 22:15:25 | team | sess_41f2c134745c | INFO | [executor2] HITT section refresh: human_agent_names=[]
2026-08-08 22:15:34 | team | sess_41f2c134745c | INFO | [executor2] processing 1 unread messages (steer=True)
2026-08-08 22:15:34 | team | sess_41f2c134745c | INFO | Message e0c527b6-37b8-444d-8b98-e774a2a6cff8 marked as read by executor2
2026-08-08 22:15:49 | team | sess_41f2c134745c | INFO | Message 9d5f868c-22fb-4266-a0a7-2fab903fda8a created
2026-08-08 22:16:01 | team | sess_41f2c134745c | INFO | [executor2] processing 1 unread messages (steer=True)
2026-08-08 22:16:01 | team | sess_41f2c134745c | INFO | Message bb973442-5224-4078-8278-1be9eae4d6ea marked as read by executor2
2026-08-08 22:16:05 | team | sess_41f2c134745c | INFO | Message 24af605c-d7f6-4bde-ab10-b5bc64ca218d created
2026-08-08 22:16:16 | team | sess_41f2c134745c | INFO | [executor2] processing 1 unread messages (steer=True)
2026-08-08 22:16:16 | team | sess_41f2c134745c | INFO | Message d1673c39-c951-4d46-889b-4c95fb63e5b8 marked as read by executor2
2026-08-08 22:16:42 | team | sess_41f2c134745c | INFO | Message d6524a1a-3973-4b5e-a9c7-bb7fcb3bdc66 created
2026-08-08 22:16:48 | team | sess_41f2c134745c | INFO | [executor2] processing 1 unread messages (steer=True)
2026-08-08 22:16:48 | team | sess_41f2c134745c | INFO | Message 0b8c9900-7ade-4092-a26e-11338d50537e marked as read by executor2
2026-08-08 22:16:51 | team | sess_41f2c134745c | INFO | Message 4d5d2f2e-ee67-41e1-a802-74a33c38197b created
2026-08-08 22:18:50 | team | sess_41f2c134745c | INFO | [executor2] processing 1 unread messages (steer=True)
2026-08-08 22:18:50 | team | sess_41f2c134745c | INFO | Message f7fecfce-fd8a-44cd-9ad7-f4b56e935c3a marked as read by executor2
2026-08-08 22:18:58 | team | sess_41f2c134745c | INFO | Message 7183b3f4-8eaf-4b86-b1da-8ff394270749 created
2026-08-08 22:24:11 | team | sess_41f2c134745c | INFO | task list drained for team jiuwen_team_sess_41f2c134745c: 3 terminal task(s)
2026-08-08 22:24:34 | team | sess_41f2c134745c | INFO | [executor2] processing 1 unread messages (steer=True)
2026-08-08 22:24:34 | team | sess_41f2c134745c | INFO | Message 3bfe676a-3d8e-4b39-b627-9e9558d2ebb4 marked as read by executor2
2026-08-08 22:24:49 | team | sess_41f2c134745c | INFO | team jiuwen_team_sess_41f2c134745c reported completed: 9 members, 3 tasks
2026-08-08 22:24:50 | team | sess_41f2c134745c | INFO | [executor2] received TEAM_STANDBY, pausing polls
2026-08-08 22:24:50 | team | sess_41f2c134745c | INFO | EventBus[teammate] pausing polls
