2026-08-08 22:15:07 | team | sess_41f2c134745c | INFO | Team workspace directory ensured at /srv/jwteam_clone/shared/run_current
2026-08-08 22:15:07 | team | sess_41f2c134745c | INFO | AgentTeam manager initialized for jiuwen_team_sess_41f2c134745c, member=team_leader
2026-08-08 22:15:07 | team | sess_41f2c134745c | INFO | [team_leader] TeamPolicyRail static sections: section_names=['team_role', 'team_workflow', 'team_swarmflow', 'team_lifecycle', 'team_persona']
2026-08-08 22:15:07 | team | sess_41f2c134745c | INFO | Session tables ready for session sess_41f2c134745c
2026-08-08 22:15:07 | team | sess_41f2c134745c | INFO | Team database initialized
2026-08-08 22:15:07 | team | default_trace_id | INFO | Team workspace directory ensured at /srv/jwteam_clone/shared/run_current
2026-08-08 22:15:07 | team | default_trace_id | INFO | AgentTeam manager initialized for jiuwen_team_sess_41f2c134745c, member=fullstack1
2026-08-08 22:15:07 | team | default_trace_id | INFO | [fullstack1] TeamPolicyRail static sections: section_names=['team_role', 'team_persona']
2026-08-08 22:15:07 | team | sess_41f2c134745c | INFO | [fullstack1] invoke start, role=teammate
2026-08-08 22:15:07 | team | sess_41f2c134745c | INFO | [fullstack1] coordination starting
2026-08-08 22:15:07 | team | sess_41f2c134745c | INFO | Session tables ready for session sess_41f2c134745c
2026-08-08 22:15:07 | team | sess_41f2c134745c | INFO | Workspace /srv/jwteam_clone/shared/run_current initialized as plain shared directory (version_control disabled)
2026-08-08 22:15:07 | team | sess_41f2c134745c | INFO | EventBus[teammate] starting
2026-08-08 22:15:25 | team | sess_41f2c134745c | INFO | [fullstack1] HITT section refresh: human_agent_names=[]
2026-08-08 22:15:34 | team | sess_41f2c134745c | INFO | [fullstack1] processing 1 unread messages (steer=True)
2026-08-08 22:15:34 | team | sess_41f2c134745c | INFO | Message e0c527b6-37b8-444d-8b98-e774a2a6cff8 marked as read by fullstack1
2026-08-08 22:15:53 | team | sess_41f2c134745c | INFO | Message 8d2029f3-90d6-4e6f-9a2c-68d398de5514 created
2026-08-08 22:16:11 | team | sess_41f2c134745c | INFO | [fullstack1] processing 1 unread messages (steer=True)
2026-08-08 22:16:11 | team | sess_41f2c134745c | INFO | Message 67c2f89b-1c28-4e5f-8d23-74fed4213ee9 marked as read by fullstack1
2026-08-08 22:18:51 | team | sess_41f2c134745c | INFO | [fullstack1] processing 1 unread messages (steer=True)
2026-08-08 22:18:51 | team | sess_41f2c134745c | INFO | Message 39420ed4-f68c-4369-9877-8c7af70ea65d marked as read by fullstack1
2026-08-08 22:18:57 | team | sess_41f2c134745c | INFO | Message d851de26-d56e-4c3a-b2fa-bc0a4aaf9283 created
2026-08-08 22:19:01 | team | sess_41f2c134745c | INFO | [fullstack1] processing 1 unread messages (steer=True)
2026-08-08 22:19:01 | team | sess_41f2c134745c | INFO | Message f0c832fe-5147-4a47-aea2-1903270a6e3d marked as read by fullstack1
2026-08-08 22:24:11 | team | sess_41f2c134745c | INFO | task list drained for team jiuwen_team_sess_41f2c134745c: 3 terminal task(s)
2026-08-08 22:24:34 | team | sess_41f2c134745c | INFO | [fullstack1] processing 1 unread messages (steer=True)
2026-08-08 22:24:34 | team | sess_41f2c134745c | INFO | Message 3bfe676a-3d8e-4b39-b627-9e9558d2ebb4 marked as read by fullstack1
2026-08-08 22:24:49 | team | sess_41f2c134745c | INFO | team jiuwen_team_sess_41f2c134745c reported completed: 9 members, 3 tasks
2026-08-08 22:24:50 | team | sess_41f2c134745c | INFO | [fullstack1] received TEAM_STANDBY, pausing polls
2026-08-08 22:24:50 | team | sess_41f2c134745c | INFO | EventBus[teammate] pausing polls
