2026-08-08 22:15:03 | team | sess_41f2c134745c | INFO | Team workspace directory ensured at /srv/jwteam_clone/shared/run_current
2026-08-08 22:15:03 | team | sess_41f2c134745c | INFO | AgentTeam manager initialized for jiuwen_team_sess_41f2c134745c, member=team_leader
2026-08-08 22:15:03 | team | sess_41f2c134745c | INFO | [team_leader] TeamPolicyRail static sections: section_names=['team_role', 'team_workflow', 'team_swarmflow', 'team_lifecycle', 'team_persona']
2026-08-08 22:15:03 | team | sess_41f2c134745c | INFO | Session tables ready for session sess_41f2c134745c
2026-08-08 22:15:03 | team | sess_41f2c134745c | INFO | Team database initialized
2026-08-08 22:15:03 | team | default_trace_id | INFO | Team workspace directory ensured at /srv/jwteam_clone/shared/run_current
2026-08-08 22:15:03 | team | default_trace_id | INFO | AgentTeam manager initialized for jiuwen_team_sess_41f2c134745c, member=executor3
2026-08-08 22:15:03 | team | default_trace_id | INFO | [executor3] TeamPolicyRail static sections: section_names=['team_role', 'team_persona']
2026-08-08 22:15:03 | team | sess_41f2c134745c | INFO | [executor3] invoke start, role=teammate
2026-08-08 22:15:03 | team | sess_41f2c134745c | INFO | [executor3] coordination starting
2026-08-08 22:15:03 | team | sess_41f2c134745c | INFO | Session tables ready for session sess_41f2c134745c
2026-08-08 22:15:03 | team | sess_41f2c134745c | INFO | Workspace /srv/jwteam_clone/shared/run_current initialized as plain shared directory (version_control disabled)
2026-08-08 22:15:03 | team | sess_41f2c134745c | INFO | EventBus[teammate] starting
2026-08-08 22:15:25 | team | sess_41f2c134745c | INFO | [executor3] HITT section refresh: human_agent_names=[]
2026-08-08 22:15:34 | team | sess_41f2c134745c | INFO | [executor3] processing 1 unread messages (steer=True)
2026-08-08 22:15:34 | team | sess_41f2c134745c | INFO | Message e0c527b6-37b8-444d-8b98-e774a2a6cff8 marked as read by executor3
2026-08-08 22:15:53 | team | sess_41f2c134745c | INFO | Message abc30333-5b97-4d2f-b073-30df0d3a3485 created
2026-08-08 22:16:11 | team | sess_41f2c134745c | INFO | [executor3] processing 1 unread messages (steer=True)
2026-08-08 22:16:11 | team | sess_41f2c134745c | INFO | Message f16864c3-c08b-4e13-aecb-bcafbf470b53 marked as read by executor3
2026-08-08 22:16:15 | team | sess_41f2c134745c | INFO | Message 96dba1e4-f743-488d-876b-3091dbf5d44a created
2026-08-08 22:16:21 | team | sess_41f2c134745c | INFO | [executor3] processing 1 unread messages (steer=True)
2026-08-08 22:16:21 | team | sess_41f2c134745c | INFO | Message aafdd880-82dc-4bef-a9db-d0df35664e21 marked as read by executor3
2026-08-08 22:18:50 | team | sess_41f2c134745c | INFO | [executor3] processing 1 unread messages (steer=True)
2026-08-08 22:18:51 | team | sess_41f2c134745c | INFO | Message 196bb408-5878-450b-9dee-cdd0ab91e9d9 marked as read by executor3
2026-08-08 22:18:57 | team | sess_41f2c134745c | INFO | Message e8446c75-3d63-4103-bc29-9881219c21a5 created
2026-08-08 22:21:04 | team | sess_41f2c134745c | INFO | Message 3b5981cc-99f0-4d1b-a751-a7f103a81334 created
2026-08-08 22:24:11 | team | sess_41f2c134745c | INFO | task list drained for team jiuwen_team_sess_41f2c134745c: 3 terminal task(s)
2026-08-08 22:24:34 | team | sess_41f2c134745c | INFO | [executor3] processing 1 unread messages (steer=True)
2026-08-08 22:24:34 | team | sess_41f2c134745c | INFO | Message 3bfe676a-3d8e-4b39-b627-9e9558d2ebb4 marked as read by executor3
2026-08-08 22:24:49 | team | sess_41f2c134745c | INFO | team jiuwen_team_sess_41f2c134745c reported completed: 9 members, 3 tasks
2026-08-08 22:24:50 | team | sess_41f2c134745c | INFO | [executor3] received TEAM_STANDBY, pausing polls
2026-08-08 22:24:50 | team | sess_41f2c134745c | INFO | EventBus[teammate] pausing polls
