2026-08-08 22:15:01 | team | sess_41f2c134745c | INFO | Team workspace directory ensured at /srv/jwteam_clone/shared/run_current
2026-08-08 22:15:01 | team | sess_41f2c134745c | INFO | AgentTeam manager initialized for jiuwen_team_sess_41f2c134745c, member=team_leader
2026-08-08 22:15:01 | team | sess_41f2c134745c | INFO | [team_leader] TeamPolicyRail static sections: section_names=['team_role', 'team_workflow', 'team_swarmflow', 'team_lifecycle', 'team_persona']
2026-08-08 22:15:02 | team | sess_41f2c134745c | INFO | Session tables ready for session sess_41f2c134745c
2026-08-08 22:15:02 | team | sess_41f2c134745c | INFO | Team database initialized
2026-08-08 22:15:02 | team | default_trace_id | INFO | Team workspace directory ensured at /srv/jwteam_clone/shared/run_current
2026-08-08 22:15:02 | team | default_trace_id | INFO | AgentTeam manager initialized for jiuwen_team_sess_41f2c134745c, member=executor1
2026-08-08 22:15:02 | team | default_trace_id | INFO | [executor1] TeamPolicyRail static sections: section_names=['team_role', 'team_persona']
2026-08-08 22:15:02 | team | sess_41f2c134745c | INFO | [executor1] invoke start, role=teammate
2026-08-08 22:15:02 | team | sess_41f2c134745c | INFO | [executor1] coordination starting
2026-08-08 22:15:02 | team | sess_41f2c134745c | INFO | Session tables ready for session sess_41f2c134745c
2026-08-08 22:15:02 | team | sess_41f2c134745c | INFO | Workspace /srv/jwteam_clone/shared/run_current initialized as plain shared directory (version_control disabled)
2026-08-08 22:15:02 | team | sess_41f2c134745c | INFO | EventBus[teammate] starting
2026-08-08 22:15:25 | team | sess_41f2c134745c | INFO | [executor1] HITT section refresh: human_agent_names=[]
2026-08-08 22:15:34 | team | sess_41f2c134745c | INFO | [executor1] processing 1 unread messages (steer=True)
2026-08-08 22:15:34 | team | sess_41f2c134745c | INFO | Message e0c527b6-37b8-444d-8b98-e774a2a6cff8 marked as read by executor1
2026-08-08 22:16:22 | team | sess_41f2c134745c | INFO | [executor1] processing 1 unread messages (steer=True)
2026-08-08 22:16:22 | team | sess_41f2c134745c | INFO | Message 5b180ce3-1826-4d3c-9ea2-d70271dd19c4 marked as read by executor1
2026-08-08 22:16:35 | team | sess_41f2c134745c | INFO | Task implement claimed by member executor1
2026-08-08 22:16:35 | team | sess_41f2c134745c | INFO | Task implement claimed by member executor1
2026-08-08 22:18:17 | team | sess_41f2c134745c | INFO | Message 47749ceb-2dc8-4447-8efd-849770e038e5 created
2026-08-08 22:18:50 | team | sess_41f2c134745c | INFO | [executor1] processing 1 unread messages (steer=True)
2026-08-08 22:18:50 | team | sess_41f2c134745c | INFO | Message c099f6e7-5529-4de6-aa73-a4aabc880610 marked as read by executor1
2026-08-08 22:20:52 | team | sess_41f2c134745c | INFO | [executor1] processing 1 unread messages (steer=True)
2026-08-08 22:20:52 | team | sess_41f2c134745c | INFO | Message 417907f7-b885-4cf7-9621-04d099a8554f marked as read by executor1
2026-08-08 22:20:56 | team | sess_41f2c134745c | INFO | Task implement completed at 1786224056762
2026-08-08 22:20:56 | team | sess_41f2c134745c | INFO | Resolved 1 dependencies for task implement
2026-08-08 22:20:56 | team | sess_41f2c134745c | INFO | Task verify unblocked (all deps resolved)
2026-08-08 22:20:56 | team | sess_41f2c134745c | INFO | Task implement completed
2026-08-08 22:20:56 | team | sess_41f2c134745c | INFO | Unblocked 1 tasks
2026-08-08 22:21:03 | team | sess_41f2c134745c | INFO | Message cddd482e-0641-4c54-9622-47b6e1b9d5dd created
2026-08-08 22:21:23 | team | sess_41f2c134745c | INFO | [executor1] processing 1 unread messages (steer=True)
2026-08-08 22:21:23 | team | sess_41f2c134745c | INFO | Message a337f212-4b3f-4b92-865e-1a5747f9fb67 marked as read by executor1
2026-08-08 22:21:31 | team | sess_41f2c134745c | INFO | Message d1013051-18b2-4b3e-823f-87c8c3003cc5 created
2026-08-08 22:22:02 | team | sess_41f2c134745c | INFO | [executor1] processing 1 unread messages (steer=True)
2026-08-08 22:22:02 | team | sess_41f2c134745c | INFO | Message 6396ea3e-81c7-45d0-a000-11ee0078745f marked as read by executor1
2026-08-08 22:22:07 | team | sess_41f2c134745c | INFO | Message da2f795f-6279-4205-9bfc-734d9194682a created
2026-08-08 22:24:11 | team | sess_41f2c134745c | INFO | task list drained for team jiuwen_team_sess_41f2c134745c: 3 terminal task(s)
2026-08-08 22:24:32 | team | sess_41f2c134745c | INFO | [executor1] processing 1 unread messages (steer=True)
2026-08-08 22:24:32 | team | sess_41f2c134745c | INFO | Message 238925e5-28fe-4b27-93ad-297310942493 marked as read by executor1
2026-08-08 22:24:34 | team | sess_41f2c134745c | INFO | [executor1] processing 1 unread messages (steer=True)
2026-08-08 22:24:34 | team | sess_41f2c134745c | INFO | Message 3bfe676a-3d8e-4b39-b627-9e9558d2ebb4 marked as read by executor1
2026-08-08 22:24:49 | team | sess_41f2c134745c | INFO | team jiuwen_team_sess_41f2c134745c reported completed: 9 members, 3 tasks
2026-08-08 22:24:50 | team | sess_41f2c134745c | INFO | [executor1] received TEAM_STANDBY, pausing polls
2026-08-08 22:24:50 | team | sess_41f2c134745c | INFO | EventBus[teammate] pausing polls
