2026-08-08 22:15:05 | team | sess_41f2c134745c | INFO | Team workspace directory ensured at /srv/jwteam_clone/shared/run_current
2026-08-08 22:15:05 | team | sess_41f2c134745c | INFO | AgentTeam manager initialized for jiuwen_team_sess_41f2c134745c, member=team_leader
2026-08-08 22:15:05 | team | sess_41f2c134745c | INFO | [team_leader] TeamPolicyRail static sections: section_names=['team_role', 'team_workflow', 'team_swarmflow', 'team_lifecycle', 'team_persona']
2026-08-08 22:15:05 | team | sess_41f2c134745c | INFO | Session tables ready for session sess_41f2c134745c
2026-08-08 22:15:05 | team | sess_41f2c134745c | INFO | Team database initialized
2026-08-08 22:15:05 | team | default_trace_id | INFO | Team workspace directory ensured at /srv/jwteam_clone/shared/run_current
2026-08-08 22:15:05 | team | default_trace_id | INFO | AgentTeam manager initialized for jiuwen_team_sess_41f2c134745c, member=verifier1
2026-08-08 22:15:05 | team | default_trace_id | INFO | [verifier1] TeamPolicyRail static sections: section_names=['team_role', 'team_persona']
2026-08-08 22:15:05 | team | sess_41f2c134745c | INFO | [verifier1] invoke start, role=teammate
2026-08-08 22:15:05 | team | sess_41f2c134745c | INFO | [verifier1] coordination starting
2026-08-08 22:15:05 | team | sess_41f2c134745c | INFO | Session tables ready for session sess_41f2c134745c
2026-08-08 22:15:05 | team | sess_41f2c134745c | INFO | Workspace /srv/jwteam_clone/shared/run_current initialized as plain shared directory (version_control disabled)
2026-08-08 22:15:05 | team | sess_41f2c134745c | INFO | EventBus[teammate] starting
2026-08-08 22:15:25 | team | sess_41f2c134745c | INFO | [verifier1] HITT section refresh: human_agent_names=[]
2026-08-08 22:15:34 | team | sess_41f2c134745c | INFO | [verifier1] processing 1 unread messages (steer=True)
2026-08-08 22:15:34 | team | sess_41f2c134745c | INFO | Message e0c527b6-37b8-444d-8b98-e774a2a6cff8 marked as read by verifier1
2026-08-08 22:15:53 | team | sess_41f2c134745c | INFO | Message 6ca532e3-cfc5-465a-9131-f323b81b3259 created
2026-08-08 22:16:11 | team | sess_41f2c134745c | INFO | [verifier1] processing 1 unread messages (steer=True)
2026-08-08 22:16:11 | team | sess_41f2c134745c | INFO | Message 39b76d8b-46d2-400d-9fc7-ed4a71bbced3 marked as read by verifier1
2026-08-08 22:16:18 | team | sess_41f2c134745c | INFO | Message 801ff8ec-aedf-4c5b-b1fe-6ee1d748ed2a created
2026-08-08 22:16:26 | team | sess_41f2c134745c | INFO | [verifier1] processing 1 unread messages (steer=True)
2026-08-08 22:16:27 | team | sess_41f2c134745c | INFO | Message 2acdf8f6-6506-4ca9-bb4e-a49db9280ce9 marked as read by verifier1
2026-08-08 22:19:18 | team | sess_41f2c134745c | INFO | [verifier1] processing 1 unread messages (steer=True)
2026-08-08 22:19:18 | team | sess_41f2c134745c | INFO | Message 240c20aa-466d-412d-b3fb-6a60b1289a9d marked as read by verifier1
2026-08-08 22:19:24 | team | sess_41f2c134745c | INFO | Message 9d22eb95-0be4-487c-99ad-7b46a0953e87 created
2026-08-08 22:19:43 | team | sess_41f2c134745c | INFO | [verifier1] processing 1 unread messages (steer=True)
2026-08-08 22:19:43 | team | sess_41f2c134745c | INFO | Message e53eb701-2477-4c64-9fbf-372834ddc12c marked as read by verifier1
2026-08-08 22:20:52 | team | sess_41f2c134745c | INFO | [verifier1] processing 1 unread messages (steer=True)
2026-08-08 22:20:52 | team | sess_41f2c134745c | INFO | Message e43694ef-7302-46bd-b85c-707e3d48bb87 marked as read by verifier1
2026-08-08 22:21:03 | team | sess_41f2c134745c | INFO | [verifier1] processing 1 unread messages (steer=True)
2026-08-08 22:21:03 | team | sess_41f2c134745c | INFO | Message cddd482e-0641-4c54-9622-47b6e1b9d5dd marked as read by verifier1
2026-08-08 22:21:23 | team | sess_41f2c134745c | INFO | Message a337f212-4b3f-4b92-865e-1a5747f9fb67 created
2026-08-08 22:22:07 | team | sess_41f2c134745c | INFO | [verifier1] processing 1 unread messages (steer=True)
2026-08-08 22:22:07 | team | sess_41f2c134745c | INFO | Message da2f795f-6279-4205-9bfc-734d9194682a marked as read by verifier1
2026-08-08 22:24:11 | team | sess_41f2c134745c | INFO | task list drained for team jiuwen_team_sess_41f2c134745c: 3 terminal task(s)
2026-08-08 22:24:32 | team | sess_41f2c134745c | INFO | Message b6b8f8d1-9034-47b8-b257-311ec7c2e30e created
2026-08-08 22:24:32 | team | sess_41f2c134745c | INFO | Message 238925e5-28fe-4b27-93ad-297310942493 created
2026-08-08 22:24:34 | team | sess_41f2c134745c | INFO | [verifier1] processing 1 unread messages (steer=True)
2026-08-08 22:24:34 | team | sess_41f2c134745c | INFO | Message 3bfe676a-3d8e-4b39-b627-9e9558d2ebb4 marked as read by verifier1
2026-08-08 22:24:49 | team | sess_41f2c134745c | INFO | team jiuwen_team_sess_41f2c134745c reported completed: 9 members, 3 tasks
2026-08-08 22:24:50 | team | sess_41f2c134745c | INFO | [verifier1] received TEAM_STANDBY, pausing polls
2026-08-08 22:24:50 | team | sess_41f2c134745c | INFO | EventBus[teammate] pausing polls
