2026-08-08 22:15:00 | team | sess_41f2c134745c | INFO | Team workspace directory ensured at /srv/jwteam_clone/shared/run_current
2026-08-08 22:15:00 | team | sess_41f2c134745c | INFO | AgentTeam manager initialized for jiuwen_team_sess_41f2c134745c, member=team_leader
2026-08-08 22:15:00 | team | sess_41f2c134745c | INFO | [team_leader] TeamPolicyRail static sections: section_names=['team_role', 'team_workflow', 'team_swarmflow', 'team_lifecycle', 'team_persona']
2026-08-08 22:15:00 | team | sess_41f2c134745c | INFO | Session tables ready for session sess_41f2c134745c
2026-08-08 22:15:00 | team | sess_41f2c134745c | INFO | Team database initialized
2026-08-08 22:15:00 | team | default_trace_id | INFO | Team workspace directory ensured at /srv/jwteam_clone/shared/run_current
2026-08-08 22:15:00 | team | default_trace_id | INFO | AgentTeam manager initialized for jiuwen_team_sess_41f2c134745c, member=planner1
2026-08-08 22:15:00 | team | default_trace_id | INFO | [planner1] TeamPolicyRail static sections: section_names=['team_role', 'team_persona']
2026-08-08 22:15:00 | team | sess_41f2c134745c | INFO | [planner1] invoke start, role=teammate
2026-08-08 22:15:00 | team | sess_41f2c134745c | INFO | [planner1] coordination starting
2026-08-08 22:15:00 | team | sess_41f2c134745c | INFO | Session tables ready for session sess_41f2c134745c
2026-08-08 22:15:00 | team | sess_41f2c134745c | INFO | Workspace /srv/jwteam_clone/shared/run_current initialized as plain shared directory (version_control disabled)
2026-08-08 22:15:00 | team | sess_41f2c134745c | INFO | EventBus[teammate] starting
2026-08-08 22:15:25 | team | sess_41f2c134745c | INFO | [planner1] HITT section refresh: human_agent_names=[]
2026-08-08 22:15:34 | team | sess_41f2c134745c | INFO | [planner1] processing 1 unread messages (steer=True)
2026-08-08 22:15:34 | team | sess_41f2c134745c | INFO | Message e0c527b6-37b8-444d-8b98-e774a2a6cff8 marked as read by planner1
2026-08-08 22:15:40 | team | sess_41f2c134745c | INFO | Task plan claimed by member planner1
2026-08-08 22:15:40 | team | sess_41f2c134745c | INFO | Task plan claimed by member planner1
2026-08-08 22:16:03 | team | sess_41f2c134745c | INFO | [planner1] processing 1 unread messages (steer=True)
2026-08-08 22:16:03 | team | sess_41f2c134745c | INFO | Message 8fe59d96-df09-4763-bd26-1320c32c35af marked as read by planner1
2026-08-08 22:16:22 | team | sess_41f2c134745c | INFO | Message 5b180ce3-1826-4d3c-9ea2-d70271dd19c4 created
2026-08-08 22:16:29 | team | sess_41f2c134745c | INFO | Task plan completed at 1786223789706
2026-08-08 22:16:29 | team | sess_41f2c134745c | INFO | Message f811a75f-79bc-446e-8f41-2153dbe30139 created
2026-08-08 22:16:29 | team | sess_41f2c134745c | INFO | Resolved 1 dependencies for task plan
2026-08-08 22:16:29 | team | sess_41f2c134745c | INFO | Task implement unblocked (all deps resolved)
2026-08-08 22:16:29 | team | sess_41f2c134745c | INFO | Task plan completed
2026-08-08 22:16:29 | team | sess_41f2c134745c | INFO | Unblocked 1 tasks
2026-08-08 22:16:37 | team | sess_41f2c134745c | INFO | [planner1] processing 1 unread messages (steer=True)
2026-08-08 22:16:37 | team | sess_41f2c134745c | INFO | Message 0787252c-824e-452f-af31-be6893862c5c marked as read by planner1
2026-08-08 22:19:18 | team | sess_41f2c134745c | INFO | [planner1] processing 1 unread messages (steer=True)
2026-08-08 22:19:18 | team | sess_41f2c134745c | INFO | Message ca8fe470-9e33-416b-94cc-df6d43665ffb marked as read by planner1
2026-08-08 22:24:11 | team | sess_41f2c134745c | INFO | task list drained for team jiuwen_team_sess_41f2c134745c: 3 terminal task(s)
2026-08-08 22:24:34 | team | sess_41f2c134745c | INFO | [planner1] processing 1 unread messages (steer=True)
2026-08-08 22:24:34 | team | sess_41f2c134745c | INFO | Message 3bfe676a-3d8e-4b39-b627-9e9558d2ebb4 marked as read by planner1
2026-08-08 22:24:49 | team | sess_41f2c134745c | INFO | team jiuwen_team_sess_41f2c134745c reported completed: 9 members, 3 tasks
2026-08-08 22:24:50 | team | sess_41f2c134745c | INFO | [planner1] received TEAM_STANDBY, pausing polls
2026-08-08 22:24:50 | team | sess_41f2c134745c | INFO | EventBus[teammate] pausing polls
