2026-08-09 16:47:00 | team | sess_f9a5f3ebc086 | INFO | Team workspace directory ensured at /srv/jwteam_clone/shared/run_current
2026-08-09 16:47:00 | team | sess_f9a5f3ebc086 | INFO | AgentTeam manager initialized for jiuwen_team_sess_f9a5f3ebc086, member=team_leader
2026-08-09 16:47:00 | team | sess_f9a5f3ebc086 | INFO | [team_leader] TeamPolicyRail static sections: section_names=['team_role', 'team_workflow', 'team_swarmflow', 'team_lifecycle', 'team_persona']
2026-08-09 16:47:01 | team | sess_f9a5f3ebc086 | INFO | Session tables ready for session sess_f9a5f3ebc086
2026-08-09 16:47:01 | team | sess_f9a5f3ebc086 | INFO | Team database initialized
2026-08-09 16:47:01 | team | default_trace_id | INFO | Team workspace directory ensured at /srv/jwteam_clone/shared/run_current
2026-08-09 16:47:01 | team | default_trace_id | INFO | AgentTeam manager initialized for jiuwen_team_sess_f9a5f3ebc086, member=executor2
2026-08-09 16:47:01 | team | default_trace_id | INFO | [executor2] TeamPolicyRail static sections: section_names=['team_role', 'team_persona']
2026-08-09 16:47:01 | team | sess_f9a5f3ebc086 | INFO | [executor2] invoke start, role=teammate
2026-08-09 16:47:01 | team | sess_f9a5f3ebc086 | INFO | [executor2] coordination starting
2026-08-09 16:47:01 | team | sess_f9a5f3ebc086 | INFO | Session tables ready for session sess_f9a5f3ebc086
2026-08-09 16:47:01 | team | sess_f9a5f3ebc086 | INFO | Workspace /srv/jwteam_clone/shared/run_current initialized as plain shared directory (version_control disabled)
2026-08-09 16:47:01 | team | sess_f9a5f3ebc086 | INFO | EventBus[teammate] starting
2026-08-09 16:48:00 | team | sess_f9a5f3ebc086 | INFO | [executor2] HITT section refresh: human_agent_names=[]
2026-08-09 16:48:12 | team | sess_f9a5f3ebc086 | INFO | [executor2] processing 1 unread messages (steer=True)
2026-08-09 16:48:12 | team | sess_f9a5f3ebc086 | INFO | Message 9229ee9d-df03-476e-81cf-00c99b8ed15a marked as read by executor2
2026-08-09 16:48:24 | team | sess_f9a5f3ebc086 | INFO | Message 95006c9b-e92d-46d9-bc1b-b588fc6c0b4f created
2026-08-09 16:48:42 | team | sess_f9a5f3ebc086 | INFO | [executor2] processing 1 unread messages (steer=True)
2026-08-09 16:48:42 | team | sess_f9a5f3ebc086 | INFO | Message e6da9c1a-4760-44d3-a6ad-4fa37ce84e8f marked as read by executor2
2026-08-09 16:49:05 | team | sess_f9a5f3ebc086 | INFO | Message c5ab157d-d8d7-4885-b669-697906bf045f created
2026-08-09 16:49:22 | team | sess_f9a5f3ebc086 | INFO | [executor2] processing 1 unread messages (steer=True)
2026-08-09 16:49:22 | team | sess_f9a5f3ebc086 | INFO | Message 3a5bf27b-605e-44ce-bb1d-78c4e653734b marked as read by executor2
2026-08-09 16:49:59 | team | sess_f9a5f3ebc086 | INFO | Message 189de59e-ef5a-47f9-8d9c-123935cae0dc created
2026-08-09 16:50:14 | team | sess_f9a5f3ebc086 | INFO | [executor2] processing 1 unread messages (steer=True)
2026-08-09 16:50:14 | team | sess_f9a5f3ebc086 | INFO | Message 552411f7-8c96-4065-ab95-c61cfe8fa207 marked as read by executor2
2026-08-09 16:50:24 | team | sess_f9a5f3ebc086 | INFO | Message 6c995ce6-d444-4afa-9398-3b9575b025c4 created
2026-08-09 16:50:35 | team | sess_f9a5f3ebc086 | INFO | [executor2] processing 1 unread messages (steer=True)
2026-08-09 16:50:35 | team | sess_f9a5f3ebc086 | INFO | Message 2ddb3c22-52fb-4f2e-8f2e-3a1898139e20 marked as read by executor2
2026-08-09 16:50:55 | team | sess_f9a5f3ebc086 | INFO | Message 443d1a87-5332-415e-996a-96636f7f26cb created
2026-08-09 16:51:05 | team | sess_f9a5f3ebc086 | INFO | [executor2] processing 1 unread messages (steer=True)
2026-08-09 16:51:05 | team | sess_f9a5f3ebc086 | INFO | Message c86b0a0f-875e-4722-aeac-359de7d469bf marked as read by executor2
2026-08-09 16:52:18 | team | sess_f9a5f3ebc086 | INFO | task list drained for team jiuwen_team_sess_f9a5f3ebc086: 3 terminal task(s)
2026-08-09 16:53:18 | team | sess_f9a5f3ebc086 | INFO | team jiuwen_team_sess_f9a5f3ebc086 reported completed: 9 members, 3 tasks
2026-08-09 16:53:18 | team | sess_f9a5f3ebc086 | INFO | [executor2] received TEAM_STANDBY, pausing polls
2026-08-09 16:53:18 | team | sess_f9a5f3ebc086 | INFO | EventBus[teammate] pausing polls
