2026-08-09 16:47:00 | team | sess_f9a5f3ebc086 | INFO | Team workspace directory ensured at /srv/jwteam_clone/shared/run_current
2026-08-09 16:47:00 | team | sess_f9a5f3ebc086 | INFO | AgentTeam manager initialized for jiuwen_team_sess_f9a5f3ebc086, member=team_leader
2026-08-09 16:47:00 | team | sess_f9a5f3ebc086 | INFO | [team_leader] TeamPolicyRail static sections: section_names=['team_role', 'team_workflow', 'team_swarmflow', 'team_lifecycle', 'team_persona']
2026-08-09 16:47:00 | team | sess_f9a5f3ebc086 | INFO | Session tables ready for session sess_f9a5f3ebc086
2026-08-09 16:47:00 | team | sess_f9a5f3ebc086 | INFO | Team database initialized
2026-08-09 16:47:00 | team | default_trace_id | INFO | Team workspace directory ensured at /srv/jwteam_clone/shared/run_current
2026-08-09 16:47:00 | team | default_trace_id | INFO | AgentTeam manager initialized for jiuwen_team_sess_f9a5f3ebc086, member=executor1
2026-08-09 16:47:00 | team | default_trace_id | INFO | [executor1] TeamPolicyRail static sections: section_names=['team_role', 'team_persona']
2026-08-09 16:47:00 | team | sess_f9a5f3ebc086 | INFO | [executor1] invoke start, role=teammate
2026-08-09 16:47:00 | team | sess_f9a5f3ebc086 | INFO | [executor1] coordination starting
2026-08-09 16:47:00 | team | sess_f9a5f3ebc086 | INFO | Session tables ready for session sess_f9a5f3ebc086
2026-08-09 16:47:00 | team | sess_f9a5f3ebc086 | INFO | Workspace /srv/jwteam_clone/shared/run_current initialized as plain shared directory (version_control disabled)
2026-08-09 16:47:00 | team | sess_f9a5f3ebc086 | INFO | EventBus[teammate] starting
2026-08-09 16:48:00 | team | sess_f9a5f3ebc086 | INFO | [executor1] HITT section refresh: human_agent_names=[]
2026-08-09 16:48:12 | team | sess_f9a5f3ebc086 | INFO | [executor1] processing 1 unread messages (steer=True)
2026-08-09 16:48:12 | team | sess_f9a5f3ebc086 | INFO | Message 9229ee9d-df03-476e-81cf-00c99b8ed15a marked as read by executor1
2026-08-09 16:49:46 | team | sess_f9a5f3ebc086 | INFO | [executor1] processing 1 unread messages (steer=True)
2026-08-09 16:49:46 | team | sess_f9a5f3ebc086 | INFO | Message dadd4c8c-c970-4dcf-8d23-3b5fc322663a marked as read by executor1
2026-08-09 16:49:54 | team | sess_f9a5f3ebc086 | INFO | Task implement claimed by member executor1
2026-08-09 16:49:54 | team | sess_f9a5f3ebc086 | INFO | Task implement claimed by member executor1
2026-08-09 16:50:24 | team | sess_f9a5f3ebc086 | INFO | [executor1] processing 1 unread messages (steer=True)
2026-08-09 16:50:24 | team | sess_f9a5f3ebc086 | INFO | Message 6c995ce6-d444-4afa-9398-3b9575b025c4 marked as read by executor1
2026-08-09 16:50:35 | team | sess_f9a5f3ebc086 | INFO | Message 2ddb3c22-52fb-4f2e-8f2e-3a1898139e20 created
2026-08-09 16:50:43 | team | sess_f9a5f3ebc086 | INFO | Task implement completed at 1786290643183
2026-08-09 16:50:43 | team | sess_f9a5f3ebc086 | INFO | Message 830befc1-9c03-4369-99bf-f1d3bbc79f76 created
2026-08-09 16:50:43 | team | sess_f9a5f3ebc086 | INFO | Resolved 1 dependencies for task implement
2026-08-09 16:50:43 | team | sess_f9a5f3ebc086 | INFO | Task verify unblocked (all deps resolved)
2026-08-09 16:50:43 | team | sess_f9a5f3ebc086 | INFO | Task implement completed
2026-08-09 16:50:43 | team | sess_f9a5f3ebc086 | INFO | Unblocked 1 tasks
2026-08-09 16:50:55 | team | sess_f9a5f3ebc086 | INFO | [executor1] processing 1 unread messages (steer=True)
2026-08-09 16:50:55 | team | sess_f9a5f3ebc086 | INFO | Message 443d1a87-5332-415e-996a-96636f7f26cb marked as read by executor1
2026-08-09 16:51:05 | team | sess_f9a5f3ebc086 | INFO | Message c86b0a0f-875e-4722-aeac-359de7d469bf created
2026-08-09 16:52:18 | team | sess_f9a5f3ebc086 | INFO | task list drained for team jiuwen_team_sess_f9a5f3ebc086: 3 terminal task(s)
2026-08-09 16:53:18 | team | sess_f9a5f3ebc086 | INFO | team jiuwen_team_sess_f9a5f3ebc086 reported completed: 9 members, 3 tasks
2026-08-09 16:53:18 | team | sess_f9a5f3ebc086 | INFO | [executor1] received TEAM_STANDBY, pausing polls
2026-08-09 16:53:18 | team | sess_f9a5f3ebc086 | INFO | EventBus[teammate] pausing polls
