2026-08-09 16:46:59 | team | sess_f9a5f3ebc086 | INFO | Team workspace directory ensured at /srv/jwteam_clone/shared/run_current
2026-08-09 16:46:59 | team | sess_f9a5f3ebc086 | INFO | AgentTeam manager initialized for jiuwen_team_sess_f9a5f3ebc086, member=team_leader
2026-08-09 16:46:59 | team | sess_f9a5f3ebc086 | INFO | [team_leader] TeamPolicyRail static sections: section_names=['team_role', 'team_workflow', 'team_swarmflow', 'team_lifecycle', 'team_persona']
2026-08-09 16:46:59 | team | sess_f9a5f3ebc086 | INFO | Session tables ready for session sess_f9a5f3ebc086
2026-08-09 16:46:59 | team | sess_f9a5f3ebc086 | INFO | Team database initialized
2026-08-09 16:46:59 | team | default_trace_id | INFO | Team workspace directory ensured at /srv/jwteam_clone/shared/run_current
2026-08-09 16:46:59 | team | default_trace_id | INFO | AgentTeam manager initialized for jiuwen_team_sess_f9a5f3ebc086, member=planner2
2026-08-09 16:46:59 | team | default_trace_id | INFO | [planner2] TeamPolicyRail static sections: section_names=['team_role', 'team_persona']
2026-08-09 16:46:59 | team | sess_f9a5f3ebc086 | INFO | [planner2] invoke start, role=teammate
2026-08-09 16:46:59 | team | sess_f9a5f3ebc086 | INFO | [planner2] coordination starting
2026-08-09 16:46:59 | team | sess_f9a5f3ebc086 | INFO | Session tables ready for session sess_f9a5f3ebc086
2026-08-09 16:46:59 | team | sess_f9a5f3ebc086 | INFO | Workspace /srv/jwteam_clone/shared/run_current initialized as plain shared directory (version_control disabled)
2026-08-09 16:46:59 | team | sess_f9a5f3ebc086 | INFO | EventBus[teammate] starting
2026-08-09 16:48:00 | team | sess_f9a5f3ebc086 | INFO | [planner2] HITT section refresh: human_agent_names=[]
2026-08-09 16:48:12 | team | sess_f9a5f3ebc086 | INFO | Task plan claimed by member planner2
2026-08-09 16:48:12 | team | sess_f9a5f3ebc086 | INFO | Task plan claimed by member planner2
2026-08-09 16:48:12 | team | sess_f9a5f3ebc086 | INFO | [planner2] processing 1 unread messages (steer=True)
2026-08-09 16:48:12 | team | sess_f9a5f3ebc086 | INFO | Message 9229ee9d-df03-476e-81cf-00c99b8ed15a marked as read by planner2
2026-08-09 16:48:25 | team | sess_f9a5f3ebc086 | INFO | [planner2] processing 1 unread messages (steer=True)
2026-08-09 16:48:25 | team | sess_f9a5f3ebc086 | INFO | Message b68a630e-e4b5-49c6-99ba-39ee71d367da marked as read by planner2
2026-08-09 16:48:41 | team | sess_f9a5f3ebc086 | INFO | Message 0e75db0f-c8ba-4061-bd54-27cd693d73c7 created
2026-08-09 16:48:48 | team | sess_f9a5f3ebc086 | INFO | Message 8b893cb8-b660-4064-896b-e1cfd6eba6ea created
2026-08-09 16:48:56 | team | sess_f9a5f3ebc086 | INFO | [planner2] processing 1 unread messages (steer=True)
2026-08-09 16:48:56 | team | sess_f9a5f3ebc086 | INFO | Message 1590dd0b-1ca0-4432-a8da-a608f9256b08 marked as read by planner2
2026-08-09 16:48:57 | team | sess_f9a5f3ebc086 | INFO | [planner2] processing 1 unread messages (steer=True)
2026-08-09 16:48:57 | team | sess_f9a5f3ebc086 | INFO | Message ca9cc66a-fe55-4506-9a61-d9c532315ad5 marked as read by planner2
2026-08-09 16:48:57 | team | sess_f9a5f3ebc086 | INFO | [planner2] processing 1 unread messages (steer=True)
2026-08-09 16:48:57 | team | sess_f9a5f3ebc086 | INFO | Message 1b66a06d-77eb-46a3-bbb8-550c3ace37d2 marked as read by planner2
2026-08-09 16:48:57 | team | sess_f9a5f3ebc086 | INFO | [planner2] processing 1 unread messages (steer=True)
2026-08-09 16:48:57 | team | sess_f9a5f3ebc086 | INFO | Message 2f66a7a4-c98c-47ab-adb9-ab2872d420b0 marked as read by planner2
2026-08-09 16:52:18 | team | sess_f9a5f3ebc086 | INFO | task list drained for team jiuwen_team_sess_f9a5f3ebc086: 3 terminal task(s)
2026-08-09 16:53:18 | team | sess_f9a5f3ebc086 | INFO | team jiuwen_team_sess_f9a5f3ebc086 reported completed: 9 members, 3 tasks
2026-08-09 16:53:18 | team | sess_f9a5f3ebc086 | INFO | [planner2] received TEAM_STANDBY, pausing polls
2026-08-09 16:53:18 | team | sess_f9a5f3ebc086 | INFO | EventBus[teammate] pausing polls
