2026-08-09 16:47:03 | team | sess_f9a5f3ebc086 | INFO | Team workspace directory ensured at /srv/jwteam_clone/shared/run_current
2026-08-09 16:47:03 | team | sess_f9a5f3ebc086 | INFO | AgentTeam manager initialized for jiuwen_team_sess_f9a5f3ebc086, member=team_leader
2026-08-09 16:47:03 | team | sess_f9a5f3ebc086 | INFO | [team_leader] TeamPolicyRail static sections: section_names=['team_role', 'team_workflow', 'team_swarmflow', 'team_lifecycle', 'team_persona']
2026-08-09 16:47:03 | team | sess_f9a5f3ebc086 | INFO | Session tables ready for session sess_f9a5f3ebc086
2026-08-09 16:47:03 | team | sess_f9a5f3ebc086 | INFO | Team database initialized
2026-08-09 16:47:03 | team | default_trace_id | INFO | Team workspace directory ensured at /srv/jwteam_clone/shared/run_current
2026-08-09 16:47:03 | team | default_trace_id | INFO | AgentTeam manager initialized for jiuwen_team_sess_f9a5f3ebc086, member=verifier1
2026-08-09 16:47:03 | team | default_trace_id | INFO | [verifier1] TeamPolicyRail static sections: section_names=['team_role', 'team_persona']
2026-08-09 16:47:03 | team | sess_f9a5f3ebc086 | INFO | [verifier1] invoke start, role=teammate
2026-08-09 16:47:03 | team | sess_f9a5f3ebc086 | INFO | [verifier1] coordination starting
2026-08-09 16:47:03 | team | sess_f9a5f3ebc086 | INFO | Session tables ready for session sess_f9a5f3ebc086
2026-08-09 16:47:03 | team | sess_f9a5f3ebc086 | INFO | Workspace /srv/jwteam_clone/shared/run_current initialized as plain shared directory (version_control disabled)
2026-08-09 16:47:03 | team | sess_f9a5f3ebc086 | INFO | EventBus[teammate] starting
2026-08-09 16:48:00 | team | sess_f9a5f3ebc086 | INFO | [verifier1] HITT section refresh: human_agent_names=[]
2026-08-09 16:48:12 | team | sess_f9a5f3ebc086 | INFO | [verifier1] processing 1 unread messages (steer=True)
2026-08-09 16:48:12 | team | sess_f9a5f3ebc086 | INFO | Message 9229ee9d-df03-476e-81cf-00c99b8ed15a marked as read by verifier1
2026-08-09 16:50:43 | team | sess_f9a5f3ebc086 | INFO | [verifier1] processing 1 unread messages (steer=True)
2026-08-09 16:50:43 | team | sess_f9a5f3ebc086 | INFO | Message 830befc1-9c03-4369-99bf-f1d3bbc79f76 marked as read by verifier1
2026-08-09 16:52:18 | team | sess_f9a5f3ebc086 | INFO | task list drained for team jiuwen_team_sess_f9a5f3ebc086: 3 terminal task(s)
2026-08-09 16:52:56 | team | sess_f9a5f3ebc086 | INFO | Message aef32417-74eb-46b6-9153-18da0121c163 created
2026-08-09 16:53:18 | team | sess_f9a5f3ebc086 | INFO | team jiuwen_team_sess_f9a5f3ebc086 reported completed: 9 members, 3 tasks
2026-08-09 16:53:18 | team | sess_f9a5f3ebc086 | INFO | [verifier1] received TEAM_STANDBY, pausing polls
2026-08-09 16:53:18 | team | sess_f9a5f3ebc086 | INFO | EventBus[teammate] pausing polls
