2026-08-09 16:46:58 | team | sess_f9a5f3ebc086 | INFO | Team workspace directory ensured at /srv/jwteam_clone/shared/run_current
2026-08-09 16:46:58 | team | sess_f9a5f3ebc086 | INFO | AgentTeam manager initialized for jiuwen_team_sess_f9a5f3ebc086, member=team_leader
2026-08-09 16:46:58 | team | sess_f9a5f3ebc086 | INFO | [team_leader] TeamPolicyRail static sections: section_names=['team_role', 'team_workflow', 'team_swarmflow', 'team_lifecycle', 'team_persona']
2026-08-09 16:46:58 | team | sess_f9a5f3ebc086 | INFO | Session tables ready for session sess_f9a5f3ebc086
2026-08-09 16:46:58 | team | sess_f9a5f3ebc086 | INFO | Team database initialized
2026-08-09 16:46:58 | team | default_trace_id | INFO | Team workspace directory ensured at /srv/jwteam_clone/shared/run_current
2026-08-09 16:46:58 | team | default_trace_id | INFO | AgentTeam manager initialized for jiuwen_team_sess_f9a5f3ebc086, member=planner1
2026-08-09 16:46:58 | team | default_trace_id | INFO | [planner1] TeamPolicyRail static sections: section_names=['team_role', 'team_persona']
2026-08-09 16:46:58 | team | sess_f9a5f3ebc086 | INFO | [planner1] invoke start, role=teammate
2026-08-09 16:46:58 | team | sess_f9a5f3ebc086 | INFO | [planner1] coordination starting
2026-08-09 16:46:58 | team | sess_f9a5f3ebc086 | INFO | Session tables ready for session sess_f9a5f3ebc086
2026-08-09 16:46:58 | team | sess_f9a5f3ebc086 | INFO | Workspace /srv/jwteam_clone/shared/run_current initialized as plain shared directory (version_control disabled)
2026-08-09 16:46:58 | team | sess_f9a5f3ebc086 | INFO | EventBus[teammate] starting
2026-08-09 16:48:00 | team | sess_f9a5f3ebc086 | INFO | [planner1] HITT section refresh: human_agent_names=[]
2026-08-09 16:48:12 | team | sess_f9a5f3ebc086 | INFO | [planner1] processing 1 unread messages (steer=True)
2026-08-09 16:48:12 | team | sess_f9a5f3ebc086 | INFO | Message 9229ee9d-df03-476e-81cf-00c99b8ed15a marked as read by planner1
2026-08-09 16:48:24 | team | sess_f9a5f3ebc086 | INFO | [planner1] processing 1 unread messages (steer=True)
2026-08-09 16:48:24 | team | sess_f9a5f3ebc086 | INFO | Message 95006c9b-e92d-46d9-bc1b-b588fc6c0b4f marked as read by planner1
2026-08-09 16:48:25 | team | sess_f9a5f3ebc086 | INFO | Message b68a630e-e4b5-49c6-99ba-39ee71d367da created
2026-08-09 16:48:42 | team | sess_f9a5f3ebc086 | INFO | Message dd29edec-50e1-445d-abb1-d9b5d7ea35f2 created
2026-08-09 16:48:42 | team | sess_f9a5f3ebc086 | INFO | Message e6da9c1a-4760-44d3-a6ad-4fa37ce84e8f created
2026-08-09 16:48:48 | team | sess_f9a5f3ebc086 | INFO | [planner1] processing 1 unread messages (steer=True)
2026-08-09 16:48:48 | team | sess_f9a5f3ebc086 | INFO | Message 8b893cb8-b660-4064-896b-e1cfd6eba6ea marked as read by planner1
2026-08-09 16:48:56 | team | sess_f9a5f3ebc086 | INFO | Message 1590dd0b-1ca0-4432-a8da-a608f9256b08 created
2026-08-09 16:49:03 | team | sess_f9a5f3ebc086 | INFO | Task plan claimed by member planner1
2026-08-09 16:49:03 | team | sess_f9a5f3ebc086 | INFO | Task plan claimed by member planner1
2026-08-09 16:49:05 | team | sess_f9a5f3ebc086 | INFO | [planner1] processing 1 unread messages (steer=True)
2026-08-09 16:49:05 | team | sess_f9a5f3ebc086 | INFO | Message c5ab157d-d8d7-4885-b669-697906bf045f marked as read by planner1
2026-08-09 16:49:22 | team | sess_f9a5f3ebc086 | INFO | Message 3a5bf27b-605e-44ce-bb1d-78c4e653734b created
2026-08-09 16:49:46 | team | sess_f9a5f3ebc086 | INFO | Message dadd4c8c-c970-4dcf-8d23-3b5fc322663a created
2026-08-09 16:49:49 | team | sess_f9a5f3ebc086 | INFO | Task plan completed at 1786290589604
2026-08-09 16:49:49 | team | sess_f9a5f3ebc086 | INFO | Resolved 1 dependencies for task plan
2026-08-09 16:49:49 | team | sess_f9a5f3ebc086 | INFO | Task implement unblocked (all deps resolved)
2026-08-09 16:49:49 | team | sess_f9a5f3ebc086 | INFO | Task plan completed
2026-08-09 16:49:49 | team | sess_f9a5f3ebc086 | INFO | Unblocked 1 tasks
2026-08-09 16:49:55 | team | sess_f9a5f3ebc086 | INFO | Message 09f952c6-175b-42a2-bd3e-2161bde42906 created
2026-08-09 16:49:59 | team | sess_f9a5f3ebc086 | INFO | [planner1] processing 1 unread messages (steer=True)
2026-08-09 16:49:59 | team | sess_f9a5f3ebc086 | INFO | Message 189de59e-ef5a-47f9-8d9c-123935cae0dc marked as read by planner1
2026-08-09 16:50:14 | team | sess_f9a5f3ebc086 | INFO | Message 552411f7-8c96-4065-ab95-c61cfe8fa207 created
2026-08-09 16:52:18 | team | sess_f9a5f3ebc086 | INFO | task list drained for team jiuwen_team_sess_f9a5f3ebc086: 3 terminal task(s)
2026-08-09 16:53:18 | team | sess_f9a5f3ebc086 | INFO | team jiuwen_team_sess_f9a5f3ebc086 reported completed: 9 members, 3 tasks
2026-08-09 16:53:18 | team | sess_f9a5f3ebc086 | INFO | [planner1] received TEAM_STANDBY, pausing polls
2026-08-09 16:53:18 | team | sess_f9a5f3ebc086 | INFO | EventBus[teammate] pausing polls
