2026-08-08 22:50:50 | team | sess_db055422294b | INFO | Team workspace directory ensured at /srv/jwteam_clone/shared/run_current
2026-08-08 22:50:50 | team | sess_db055422294b | INFO | AgentTeam manager initialized for jiuwen_team_sess_db055422294b, member=team_leader
2026-08-08 22:50:50 | team | sess_db055422294b | INFO | [team_leader] TeamPolicyRail static sections: section_names=['team_role', 'team_workflow', 'team_swarmflow', 'team_lifecycle', 'team_persona']
2026-08-08 22:50:50 | team | sess_db055422294b | INFO | Session tables ready for session sess_db055422294b
2026-08-08 22:50:50 | team | sess_db055422294b | INFO | Team database initialized
2026-08-08 22:50:51 | team | default_trace_id | INFO | Team workspace directory ensured at /srv/jwteam_clone/shared/run_current
2026-08-08 22:50:51 | team | default_trace_id | INFO | AgentTeam manager initialized for jiuwen_team_sess_db055422294b, member=executor1
2026-08-08 22:50:51 | team | default_trace_id | INFO | [executor1] TeamPolicyRail static sections: section_names=['team_role', 'team_persona']
2026-08-08 22:50:51 | team | sess_db055422294b | INFO | [executor1] invoke start, role=teammate
2026-08-08 22:50:51 | team | sess_db055422294b | INFO | [executor1] coordination starting
2026-08-08 22:50:51 | team | sess_db055422294b | INFO | Session tables ready for session sess_db055422294b
2026-08-08 22:50:51 | team | sess_db055422294b | INFO | Workspace /srv/jwteam_clone/shared/run_current initialized as plain shared directory (version_control disabled)
2026-08-08 22:50:51 | team | sess_db055422294b | INFO | EventBus[teammate] starting
2026-08-08 22:51:12 | team | sess_db055422294b | INFO | [executor1] HITT section refresh: human_agent_names=[]
2026-08-08 22:51:20 | team | sess_db055422294b | INFO | [executor1] processing 1 unread messages (steer=True)
2026-08-08 22:51:20 | team | sess_db055422294b | INFO | Message b04fe84d-8c8b-4a93-bbf7-24f468bf5b06 marked as read by executor1
2026-08-08 22:52:42 | team | sess_db055422294b | INFO | Message 1313debb-4a9e-4dcd-83c8-90fe36249c04 created
2026-08-08 22:52:46 | team | sess_db055422294b | INFO | [executor1] processing 1 unread messages (steer=True)
2026-08-08 22:52:46 | team | sess_db055422294b | INFO | Message 38a4a6ba-60fb-44b8-a9bf-6c30b9f12cdb marked as read by executor1
2026-08-08 22:53:21 | team | sess_db055422294b | INFO | Message a45b61b0-13ef-4678-8e4b-3b11024757f0 created
2026-08-08 22:53:21 | team | sess_db055422294b | INFO | Message fb9b1c26-c063-49b6-995f-89835592415f created
2026-08-08 22:53:21 | team | sess_db055422294b | INFO | [executor1] processing 1 unread messages (steer=True)
2026-08-08 22:53:21 | team | sess_db055422294b | INFO | Message 7a40fdb2-4eac-400c-b88a-8a03997e6fac marked as read by executor1
2026-08-08 22:53:28 | team | sess_db055422294b | INFO | [executor1] processing 1 unread messages (steer=True)
2026-08-08 22:53:28 | team | sess_db055422294b | INFO | Message a2dbc4fc-bed4-4706-a034-2b9a91915f5f marked as read by executor1
2026-08-08 22:54:09 | team | sess_db055422294b | INFO | [executor1] processing 1 unread messages (steer=True)
2026-08-08 22:54:09 | team | sess_db055422294b | INFO | Message 6fd3d5fa-8c2d-4d8f-81ff-f786768a228d marked as read by executor1
