2026-08-08 22:50:56 | team | sess_db055422294b | INFO | Team workspace directory ensured at /srv/jwteam_clone/shared/run_current
2026-08-08 22:50:56 | team | sess_db055422294b | INFO | AgentTeam manager initialized for jiuwen_team_sess_db055422294b, member=team_leader
2026-08-08 22:50:56 | team | sess_db055422294b | INFO | [team_leader] TeamPolicyRail static sections: section_names=['team_role', 'team_workflow', 'team_swarmflow', 'team_lifecycle', 'team_persona']
2026-08-08 22:50:56 | team | sess_db055422294b | INFO | Session tables ready for session sess_db055422294b
2026-08-08 22:50:56 | team | sess_db055422294b | INFO | Team database initialized
2026-08-08 22:50:56 | team | default_trace_id | INFO | Team workspace directory ensured at /srv/jwteam_clone/shared/run_current
2026-08-08 22:50:56 | team | default_trace_id | INFO | AgentTeam manager initialized for jiuwen_team_sess_db055422294b, member=fullstack1
2026-08-08 22:50:56 | team | default_trace_id | INFO | [fullstack1] TeamPolicyRail static sections: section_names=['team_role', 'team_persona']
2026-08-08 22:50:56 | team | sess_db055422294b | INFO | [fullstack1] invoke start, role=teammate
2026-08-08 22:50:56 | team | sess_db055422294b | INFO | [fullstack1] coordination starting
2026-08-08 22:50:56 | team | sess_db055422294b | INFO | Session tables ready for session sess_db055422294b
2026-08-08 22:50:56 | team | sess_db055422294b | INFO | Workspace /srv/jwteam_clone/shared/run_current initialized as plain shared directory (version_control disabled)
2026-08-08 22:50:56 | team | sess_db055422294b | INFO | EventBus[teammate] starting
2026-08-08 22:51:12 | team | sess_db055422294b | INFO | [fullstack1] HITT section refresh: human_agent_names=[]
2026-08-08 22:51:20 | team | sess_db055422294b | INFO | [fullstack1] processing 1 unread messages (steer=True)
2026-08-08 22:51:20 | team | sess_db055422294b | INFO | Message b04fe84d-8c8b-4a93-bbf7-24f468bf5b06 marked as read by fullstack1
2026-08-08 22:52:44 | team | sess_db055422294b | INFO | Message ad433e52-923d-41b3-a557-88399321fe0e created
2026-08-08 22:52:56 | team | sess_db055422294b | INFO | Task implement claimed by member fullstack1
2026-08-08 22:52:56 | team | sess_db055422294b | INFO | Task implement claimed by member fullstack1
2026-08-08 22:53:04 | team | sess_db055422294b | INFO | Message 19b75189-adc3-4bbf-81e4-fbccb99ff127 created
2026-08-08 22:53:21 | team | sess_db055422294b | INFO | [fullstack1] processing 1 unread messages (steer=True)
2026-08-08 22:53:21 | team | sess_db055422294b | INFO | Message fb9b1c26-c063-49b6-995f-89835592415f marked as read by fullstack1
2026-08-08 22:53:21 | team | sess_db055422294b | INFO | [fullstack1] processing 1 unread messages (steer=True)
2026-08-08 22:53:21 | team | sess_db055422294b | INFO | Message 07460d55-d800-4590-ba25-748b66f600ef marked as read by fullstack1
2026-08-08 22:53:32 | team | sess_db055422294b | INFO | [fullstack1] processing 1 unread messages (steer=True)
2026-08-08 22:53:32 | team | sess_db055422294b | INFO | Message 10dd68ec-8fe9-4125-9edb-01a5189fb437 marked as read by fullstack1
2026-08-08 22:54:01 | team | sess_db055422294b | INFO | Message 3963b9dc-8af3-45f3-8df0-79fdd1cf54ff created
2026-08-08 22:54:09 | team | sess_db055422294b | INFO | Message 6fd3d5fa-8c2d-4d8f-81ff-f786768a228d created
2026-08-08 22:54:09 | team | sess_db055422294b | INFO | Message 9f02bb67-98b2-4dc4-acec-88ac74f6aed6 created
2026-08-08 23:02:57 | team | sess_db055422294b | INFO | [fullstack1] self-nudged stale claimed task implement
2026-08-08 23:02:59 | team | sess_db055422294b | INFO | [fullstack1] processing 1 unread messages (steer=True)
2026-08-08 23:02:59 | team | sess_db055422294b | INFO | Message 7e2dbd4e-aea7-4221-8ed1-2b3f42b54ca6 marked as read by fullstack1
