2026-08-08 22:50:48 | team | sess_db055422294b | INFO | Team workspace directory ensured at /srv/jwteam_clone/shared/run_current
2026-08-08 22:50:48 | team | sess_db055422294b | INFO | AgentTeam manager initialized for jiuwen_team_sess_db055422294b, member=team_leader
2026-08-08 22:50:48 | team | sess_db055422294b | INFO | [team_leader] TeamPolicyRail static sections: section_names=['team_role', 'team_workflow', 'team_swarmflow', 'team_lifecycle', 'team_persona']
2026-08-08 22:50:48 | team | sess_db055422294b | INFO | Session tables ready for session sess_db055422294b
2026-08-08 22:50:48 | team | sess_db055422294b | INFO | Team database initialized
2026-08-08 22:50:48 | team | default_trace_id | INFO | Team workspace directory ensured at /srv/jwteam_clone/shared/run_current
2026-08-08 22:50:48 | team | default_trace_id | INFO | AgentTeam manager initialized for jiuwen_team_sess_db055422294b, member=planner1
2026-08-08 22:50:48 | team | default_trace_id | INFO | [planner1] TeamPolicyRail static sections: section_names=['team_role', 'team_persona']
2026-08-08 22:50:48 | team | sess_db055422294b | INFO | [planner1] invoke start, role=teammate
2026-08-08 22:50:48 | team | sess_db055422294b | INFO | [planner1] coordination starting
2026-08-08 22:50:48 | team | sess_db055422294b | INFO | Session tables ready for session sess_db055422294b
2026-08-08 22:50:48 | team | sess_db055422294b | INFO | Workspace /srv/jwteam_clone/shared/run_current initialized as plain shared directory (version_control disabled)
2026-08-08 22:50:48 | team | sess_db055422294b | INFO | EventBus[teammate] starting
2026-08-08 22:51:12 | team | sess_db055422294b | INFO | [planner1] HITT section refresh: human_agent_names=[]
2026-08-08 22:51:20 | team | sess_db055422294b | INFO | [planner1] processing 1 unread messages (steer=True)
2026-08-08 22:51:20 | team | sess_db055422294b | INFO | Message b04fe84d-8c8b-4a93-bbf7-24f468bf5b06 marked as read by planner1
2026-08-08 22:51:20 | team | sess_db055422294b | INFO | Task plan claimed by member planner1
2026-08-08 22:51:20 | team | sess_db055422294b | INFO | Task plan claimed by member planner1
2026-08-08 22:51:33 | team | sess_db055422294b | INFO | [planner1] processing 1 unread messages (steer=True)
2026-08-08 22:51:33 | team | sess_db055422294b | INFO | Message 3390ad3d-ea8c-4eec-bb4f-8a1452da6bd3 marked as read by planner1
2026-08-08 22:51:48 | team | sess_db055422294b | INFO | Message 98d65e65-4e21-46d2-9b5f-04c0df233acb created
2026-08-08 22:52:06 | team | sess_db055422294b | INFO | [planner1] processing 1 unread messages (steer=True)
2026-08-08 22:52:06 | team | sess_db055422294b | INFO | Message 3adbbc72-bdf8-48db-9862-d7b93a706582 marked as read by planner1
2026-08-08 22:52:46 | team | sess_db055422294b | INFO | Message 38a4a6ba-60fb-44b8-a9bf-6c30b9f12cdb created
2026-08-08 22:52:50 | team | sess_db055422294b | INFO | Task plan completed at 1786225970234
2026-08-08 22:52:50 | team | sess_db055422294b | INFO | Resolved 1 dependencies for task plan
2026-08-08 22:52:50 | team | sess_db055422294b | INFO | Task implement unblocked (all deps resolved)
2026-08-08 22:52:50 | team | sess_db055422294b | INFO | Task plan completed
2026-08-08 22:52:50 | team | sess_db055422294b | INFO | Unblocked 1 tasks
2026-08-08 22:52:57 | team | sess_db055422294b | INFO | Message acf69347-053c-4935-9cca-08aaf099396f created
2026-08-08 22:53:04 | team | sess_db055422294b | INFO | [planner1] processing 1 unread messages (steer=True)
2026-08-08 22:53:04 | team | sess_db055422294b | INFO | Message 19b75189-adc3-4bbf-81e4-fbccb99ff127 marked as read by planner1
2026-08-08 22:53:21 | team | sess_db055422294b | INFO | [planner1] processing 1 unread messages (steer=True)
2026-08-08 22:53:21 | team | sess_db055422294b | INFO | Message 25c2cca8-f06a-47c4-8917-7aca968b28b8 marked as read by planner1
2026-08-08 22:53:32 | team | sess_db055422294b | INFO | Message 10dd68ec-8fe9-4125-9edb-01a5189fb437 created
2026-08-08 22:53:37 | team | sess_db055422294b | INFO | Message e55cf39b-d575-4a04-8bfb-add980068f0b created
2026-08-08 22:54:09 | team | sess_db055422294b | INFO | [planner1] processing 1 unread messages (steer=True)
2026-08-08 22:54:09 | team | sess_db055422294b | INFO | Message 9f02bb67-98b2-4dc4-acec-88ac74f6aed6 marked as read by planner1
