2026-08-08 22:50:54 | team | sess_db055422294b | INFO | Team workspace directory ensured at /srv/jwteam_clone/shared/run_current
2026-08-08 22:50:54 | team | sess_db055422294b | INFO | AgentTeam manager initialized for jiuwen_team_sess_db055422294b, member=team_leader
2026-08-08 22:50:54 | team | sess_db055422294b | INFO | [team_leader] TeamPolicyRail static sections: section_names=['team_role', 'team_workflow', 'team_swarmflow', 'team_lifecycle', 'team_persona']
2026-08-08 22:50:54 | team | sess_db055422294b | INFO | Session tables ready for session sess_db055422294b
2026-08-08 22:50:54 | team | sess_db055422294b | INFO | Team database initialized
2026-08-08 22:50:54 | team | default_trace_id | INFO | Team workspace directory ensured at /srv/jwteam_clone/shared/run_current
2026-08-08 22:50:54 | team | default_trace_id | INFO | AgentTeam manager initialized for jiuwen_team_sess_db055422294b, member=verifier1
2026-08-08 22:50:54 | team | default_trace_id | INFO | [verifier1] TeamPolicyRail static sections: section_names=['team_role', 'team_persona']
2026-08-08 22:50:54 | team | sess_db055422294b | INFO | [verifier1] invoke start, role=teammate
2026-08-08 22:50:54 | team | sess_db055422294b | INFO | [verifier1] coordination starting
2026-08-08 22:50:54 | team | sess_db055422294b | INFO | Session tables ready for session sess_db055422294b
2026-08-08 22:50:54 | team | sess_db055422294b | INFO | Workspace /srv/jwteam_clone/shared/run_current initialized as plain shared directory (version_control disabled)
2026-08-08 22:50:54 | team | sess_db055422294b | INFO | EventBus[teammate] starting
2026-08-08 22:51:12 | team | sess_db055422294b | INFO | [verifier1] HITT section refresh: human_agent_names=[]
2026-08-08 22:51:20 | team | sess_db055422294b | INFO | [verifier1] processing 1 unread messages (steer=True)
2026-08-08 22:51:20 | team | sess_db055422294b | INFO | Message b04fe84d-8c8b-4a93-bbf7-24f468bf5b06 marked as read by verifier1
2026-08-08 22:51:33 | team | sess_db055422294b | INFO | Message 3390ad3d-ea8c-4eec-bb4f-8a1452da6bd3 created
2026-08-08 22:51:48 | team | sess_db055422294b | INFO | [verifier1] processing 1 unread messages (steer=True)
2026-08-08 22:51:48 | team | sess_db055422294b | INFO | Message 98d65e65-4e21-46d2-9b5f-04c0df233acb marked as read by verifier1
2026-08-08 22:52:06 | team | sess_db055422294b | INFO | Message 3adbbc72-bdf8-48db-9862-d7b93a706582 created
