2026-08-10 04:41:38 | team | sess_a360b0c56474 | INFO | Team workspace directory ensured at /srv/jwteam_clone/shared/run_current
2026-08-10 04:41:38 | team | sess_a360b0c56474 | INFO | AgentTeam manager initialized for jiuwen_team_sess_a360b0c56474, member=team_leader
2026-08-10 04:41:38 | team | sess_a360b0c56474 | INFO | [team_leader] TeamPolicyRail static sections: section_names=['team_role', 'team_workflow', 'team_swarmflow', 'team_lifecycle', 'team_persona']
2026-08-10 04:41:38 | team | sess_a360b0c56474 | INFO | Session tables ready for session sess_a360b0c56474
2026-08-10 04:41:38 | team | sess_a360b0c56474 | INFO | Team database initialized
2026-08-10 04:41:38 | team | default_trace_id | INFO | Team workspace directory ensured at /srv/jwteam_clone/shared/run_current
2026-08-10 04:41:38 | team | default_trace_id | INFO | AgentTeam manager initialized for jiuwen_team_sess_a360b0c56474, member=executor1
2026-08-10 04:41:38 | team | default_trace_id | INFO | [executor1] TeamPolicyRail static sections: section_names=['team_role', 'team_persona']
2026-08-10 04:41:38 | team | sess_a360b0c56474 | INFO | [executor1] invoke start, role=teammate
2026-08-10 04:41:38 | team | sess_a360b0c56474 | INFO | [executor1] coordination starting
2026-08-10 04:41:38 | team | sess_a360b0c56474 | INFO | Session tables ready for session sess_a360b0c56474
2026-08-10 04:41:38 | team | sess_a360b0c56474 | INFO | Workspace /srv/jwteam_clone/shared/run_current initialized as plain shared directory (version_control disabled)
2026-08-10 04:41:38 | team | sess_a360b0c56474 | INFO | EventBus[teammate] starting
2026-08-10 04:41:58 | team | sess_a360b0c56474 | INFO | [executor1] HITT section refresh: human_agent_names=[]
2026-08-10 04:42:10 | team | sess_a360b0c56474 | INFO | [executor1] processing 1 unread messages (steer=True)
2026-08-10 04:42:10 | team | sess_a360b0c56474 | INFO | Message cb85cc83-81f5-4242-9e7d-4c6885d465ce marked as read by executor1
2026-08-10 04:42:29 | team | sess_a360b0c56474 | INFO | Message 65dcb07c-d6c4-4b57-b098-95328c504c44 created
2026-08-10 04:42:35 | team | sess_a360b0c56474 | INFO | [executor1] processing 1 unread messages (steer=True)
2026-08-10 04:42:35 | team | sess_a360b0c56474 | INFO | Message 428ecb5b-8ff5-4d40-9f1d-cdf2b1f3ef98 marked as read by executor1
2026-08-10 04:43:00 | team | sess_a360b0c56474 | INFO | [executor1] processing 1 unread messages (steer=True)
2026-08-10 04:43:00 | team | sess_a360b0c56474 | INFO | Message ae30ab4f-8450-41b2-98d7-717b531b999e marked as read by executor1
2026-08-10 04:43:10 | team | sess_a360b0c56474 | INFO | Message 3f280777-8219-409f-847d-04cb00ad87d0 created
2026-08-10 04:43:23 | team | sess_a360b0c56474 | INFO | [executor1] processing 1 unread messages (steer=True)
2026-08-10 04:43:23 | team | sess_a360b0c56474 | INFO | Message 7a1bc92c-052a-4ded-b885-7496845b9a3a marked as read by executor1
2026-08-10 04:43:35 | team | sess_a360b0c56474 | INFO | Task implement claimed by member executor1
2026-08-10 04:43:35 | team | sess_a360b0c56474 | INFO | Task implement claimed by member executor1
2026-08-10 04:43:54 | team | sess_a360b0c56474 | INFO | [executor1] processing 1 unread messages (steer=True)
2026-08-10 04:43:54 | team | sess_a360b0c56474 | INFO | Message 91a5a231-c754-4cbc-9439-5e68c6d15d09 marked as read by executor1
2026-08-10 04:44:06 | team | sess_a360b0c56474 | INFO | [executor1] processing 1 unread messages (steer=True)
2026-08-10 04:44:06 | team | sess_a360b0c56474 | INFO | Message 9ab9277d-b919-4ed4-8f07-8e7f65ec2c26 marked as read by executor1
2026-08-10 04:44:11 | team | sess_a360b0c56474 | INFO | Task implement completed at 1786333451909
2026-08-10 04:44:11 | team | sess_a360b0c56474 | INFO | Message 7db0bec7-a1b3-431b-b8c6-b987ce32c86a created
2026-08-10 04:44:11 | team | sess_a360b0c56474 | INFO | Resolved 1 dependencies for task implement
2026-08-10 04:44:11 | team | sess_a360b0c56474 | INFO | Task verify unblocked (all deps resolved)
2026-08-10 04:44:11 | team | sess_a360b0c56474 | INFO | Task implement completed
2026-08-10 04:44:11 | team | sess_a360b0c56474 | INFO | Unblocked 1 tasks
2026-08-10 04:44:21 | team | sess_a360b0c56474 | INFO | Message cef136be-2a48-4b48-b3e0-cfba579996f1 created
2026-08-10 04:44:21 | team | sess_a360b0c56474 | INFO | Message 13cd0bc5-11ca-42e3-bd07-2070dfbcaa30 created
2026-08-10 04:44:50 | team | sess_a360b0c56474 | INFO | [executor1] processing 1 unread messages (steer=True)
2026-08-10 04:44:50 | team | sess_a360b0c56474 | INFO | Message bc6e7a57-13fc-47c4-aaf1-159c8a964e31 marked as read by executor1
2026-08-10 04:44:58 | team | sess_a360b0c56474 | INFO | Message c8752638-0318-4ba9-9d91-a1c99e0ed4ab created
2026-08-10 04:45:00 | team | sess_a360b0c56474 | INFO | [executor1] processing 1 unread messages (steer=True)
2026-08-10 04:45:00 | team | sess_a360b0c56474 | INFO | Message 3379ba5d-d174-4bb7-84cd-8e480eb3ab69 marked as read by executor1
2026-08-10 04:45:05 | team | sess_a360b0c56474 | INFO | [executor1] processing 1 unread messages (steer=True)
2026-08-10 04:45:05 | team | sess_a360b0c56474 | INFO | Message 3526ae17-6e68-4c89-8127-61593212af18 marked as read by executor1
2026-08-10 04:45:08 | team | sess_a360b0c56474 | INFO | task list drained for team jiuwen_team_sess_a360b0c56474: 3 terminal task(s)
2026-08-10 04:45:14 | team | sess_a360b0c56474 | INFO | Message 30061f9a-7b60-4408-bf2c-ba55daaf5977 created
2026-08-10 04:45:21 | team | sess_a360b0c56474 | INFO | [executor1] processing 1 unread messages (steer=True)
2026-08-10 04:45:21 | team | sess_a360b0c56474 | INFO | Message 4e55910a-3f3a-4b96-95b0-010198ab583b marked as read by executor1
2026-08-10 04:45:22 | team | sess_a360b0c56474 | INFO | Message 0c3c9018-b9d0-41ac-b8e8-212f6d06b418 created
2026-08-10 04:46:06 | team | sess_a360b0c56474 | INFO | team jiuwen_team_sess_a360b0c56474 reported completed: 9 members, 3 tasks
2026-08-10 04:46:06 | team | sess_a360b0c56474 | INFO | [executor1] received TEAM_STANDBY, pausing polls
2026-08-10 04:46:06 | team | sess_a360b0c56474 | INFO | EventBus[teammate] pausing polls
