2026-08-10 04:41:36 | team | sess_a360b0c56474 | INFO | Team workspace directory ensured at /srv/jwteam_clone/shared/run_current
2026-08-10 04:41:36 | team | sess_a360b0c56474 | INFO | AgentTeam manager initialized for jiuwen_team_sess_a360b0c56474, member=team_leader
2026-08-10 04:41:36 | team | sess_a360b0c56474 | INFO | [team_leader] TeamPolicyRail static sections: section_names=['team_role', 'team_workflow', 'team_swarmflow', 'team_lifecycle', 'team_persona']
2026-08-10 04:41:36 | team | sess_a360b0c56474 | INFO | Session tables ready for session sess_a360b0c56474
2026-08-10 04:41:36 | team | sess_a360b0c56474 | INFO | Team database initialized
2026-08-10 04:41:36 | team | default_trace_id | INFO | Team workspace directory ensured at /srv/jwteam_clone/shared/run_current
2026-08-10 04:41:36 | team | default_trace_id | INFO | AgentTeam manager initialized for jiuwen_team_sess_a360b0c56474, member=planner1
2026-08-10 04:41:36 | team | default_trace_id | INFO | [planner1] TeamPolicyRail static sections: section_names=['team_role', 'team_persona']
2026-08-10 04:41:36 | team | sess_a360b0c56474 | INFO | [planner1] invoke start, role=teammate
2026-08-10 04:41:36 | team | sess_a360b0c56474 | INFO | [planner1] coordination starting
2026-08-10 04:41:36 | team | sess_a360b0c56474 | INFO | Session tables ready for session sess_a360b0c56474
2026-08-10 04:41:37 | team | sess_a360b0c56474 | INFO | Workspace /srv/jwteam_clone/shared/run_current initialized as plain shared directory (version_control disabled)
2026-08-10 04:41:37 | team | sess_a360b0c56474 | INFO | EventBus[teammate] starting
2026-08-10 04:41:58 | team | sess_a360b0c56474 | INFO | [planner1] HITT section refresh: human_agent_names=[]
2026-08-10 04:42:06 | team | sess_a360b0c56474 | INFO | Task plan claimed by member planner1
2026-08-10 04:42:06 | team | sess_a360b0c56474 | INFO | Task plan claimed by member planner1
2026-08-10 04:42:10 | team | sess_a360b0c56474 | INFO | [planner1] processing 1 unread messages (steer=True)
2026-08-10 04:42:10 | team | sess_a360b0c56474 | INFO | Message cb85cc83-81f5-4242-9e7d-4c6885d465ce marked as read by planner1
2026-08-10 04:42:48 | team | sess_a360b0c56474 | INFO | [planner1] processing 1 unread messages (steer=True)
2026-08-10 04:42:48 | team | sess_a360b0c56474 | INFO | Message 83d89e30-a1e9-42db-b7c4-bfb2c032863a marked as read by planner1
2026-08-10 04:43:00 | team | sess_a360b0c56474 | INFO | Message ae30ab4f-8450-41b2-98d7-717b531b999e created
2026-08-10 04:43:10 | team | sess_a360b0c56474 | INFO | [planner1] processing 1 unread messages (steer=True)
2026-08-10 04:43:10 | team | sess_a360b0c56474 | INFO | Message 3f280777-8219-409f-847d-04cb00ad87d0 marked as read by planner1
2026-08-10 04:43:11 | team | sess_a360b0c56474 | INFO | Message 205a112b-67ef-4f46-a3d6-33f9a407d099 created
2026-08-10 04:43:23 | team | sess_a360b0c56474 | INFO | Task plan completed at 1786333403939
2026-08-10 04:43:23 | team | sess_a360b0c56474 | INFO | Message 7a1bc92c-052a-4ded-b885-7496845b9a3a created
2026-08-10 04:43:23 | team | sess_a360b0c56474 | INFO | Resolved 1 dependencies for task plan
2026-08-10 04:43:23 | team | sess_a360b0c56474 | INFO | Task implement unblocked (all deps resolved)
2026-08-10 04:43:23 | team | sess_a360b0c56474 | INFO | Task plan completed
2026-08-10 04:43:23 | team | sess_a360b0c56474 | INFO | Unblocked 1 tasks
2026-08-10 04:44:06 | team | sess_a360b0c56474 | INFO | [planner1] processing 1 unread messages (steer=True)
2026-08-10 04:44:06 | team | sess_a360b0c56474 | INFO | Message b3e34eda-a8ff-4994-8de3-e19df42331e7 marked as read by planner1
2026-08-10 04:44:21 | team | sess_a360b0c56474 | INFO | Message 673852ac-c057-493b-885b-e42c7d580949 created
2026-08-10 04:45:08 | team | sess_a360b0c56474 | INFO | task list drained for team jiuwen_team_sess_a360b0c56474: 3 terminal task(s)
2026-08-10 04:45:21 | team | sess_a360b0c56474 | INFO | [planner1] processing 1 unread messages (steer=True)
2026-08-10 04:45:21 | team | sess_a360b0c56474 | INFO | Message 4e55910a-3f3a-4b96-95b0-010198ab583b marked as read by planner1
2026-08-10 04:46:06 | team | sess_a360b0c56474 | INFO | team jiuwen_team_sess_a360b0c56474 reported completed: 9 members, 3 tasks
2026-08-10 04:46:06 | team | sess_a360b0c56474 | INFO | [planner1] received TEAM_STANDBY, pausing polls
2026-08-10 04:46:06 | team | sess_a360b0c56474 | INFO | EventBus[teammate] pausing polls
