2026-08-10 04:41:42 | team | sess_a360b0c56474 | INFO | Team workspace directory ensured at /srv/jwteam_clone/shared/run_current
2026-08-10 04:41:42 | team | sess_a360b0c56474 | INFO | AgentTeam manager initialized for jiuwen_team_sess_a360b0c56474, member=team_leader
2026-08-10 04:41:42 | team | sess_a360b0c56474 | INFO | [team_leader] TeamPolicyRail static sections: section_names=['team_role', 'team_workflow', 'team_swarmflow', 'team_lifecycle', 'team_persona']
2026-08-10 04:41:42 | team | sess_a360b0c56474 | INFO | Session tables ready for session sess_a360b0c56474
2026-08-10 04:41:42 | team | sess_a360b0c56474 | INFO | Team database initialized
2026-08-10 04:41:42 | team | default_trace_id | INFO | Team workspace directory ensured at /srv/jwteam_clone/shared/run_current
2026-08-10 04:41:42 | team | default_trace_id | INFO | AgentTeam manager initialized for jiuwen_team_sess_a360b0c56474, member=verifier2
2026-08-10 04:41:42 | team | default_trace_id | INFO | [verifier2] TeamPolicyRail static sections: section_names=['team_role', 'team_persona']
2026-08-10 04:41:42 | team | sess_a360b0c56474 | INFO | [verifier2] invoke start, role=teammate
2026-08-10 04:41:42 | team | sess_a360b0c56474 | INFO | [verifier2] coordination starting
2026-08-10 04:41:42 | team | sess_a360b0c56474 | INFO | Session tables ready for session sess_a360b0c56474
2026-08-10 04:41:42 | team | sess_a360b0c56474 | INFO | Workspace /srv/jwteam_clone/shared/run_current initialized as plain shared directory (version_control disabled)
2026-08-10 04:41:42 | team | sess_a360b0c56474 | INFO | EventBus[teammate] starting
2026-08-10 04:41:58 | team | sess_a360b0c56474 | INFO | [verifier2] HITT section refresh: human_agent_names=[]
2026-08-10 04:42:10 | team | sess_a360b0c56474 | INFO | [verifier2] processing 1 unread messages (steer=True)
2026-08-10 04:42:10 | team | sess_a360b0c56474 | INFO | Message cb85cc83-81f5-4242-9e7d-4c6885d465ce marked as read by verifier2
2026-08-10 04:44:16 | team | sess_a360b0c56474 | INFO | Task verify claimed by member verifier2
2026-08-10 04:44:16 | team | sess_a360b0c56474 | INFO | Task verify claimed by member verifier2
2026-08-10 04:44:30 | team | sess_a360b0c56474 | INFO | [verifier2] processing 1 unread messages (steer=True)
2026-08-10 04:44:30 | team | sess_a360b0c56474 | INFO | Message 70e803d6-3b4e-4dc0-887c-ed8f43b6c24f marked as read by verifier2
2026-08-10 04:44:52 | team | sess_a360b0c56474 | INFO | [verifier2] processing 1 unread messages (steer=True)
2026-08-10 04:44:52 | team | sess_a360b0c56474 | INFO | Message 5ef3e36b-f4af-4a08-871b-0f1f7988a5e9 marked as read by verifier2
2026-08-10 04:45:08 | team | sess_a360b0c56474 | INFO | Task verify completed at 1786333508525
2026-08-10 04:45:08 | team | sess_a360b0c56474 | INFO | Task verify completed
2026-08-10 04:45:15 | team | sess_a360b0c56474 | INFO | Message eca4a822-db84-47ff-942b-d87e2324230e created
2026-08-10 04:45:20 | team | sess_a360b0c56474 | INFO | Message b9003f25-727f-43a2-a48c-3faf913c201e created
2026-08-10 04:45:21 | team | sess_a360b0c56474 | INFO | [verifier2] processing 1 unread messages (steer=True)
2026-08-10 04:45:21 | team | sess_a360b0c56474 | INFO | Message 4e55910a-3f3a-4b96-95b0-010198ab583b marked as read by verifier2
2026-08-10 04:45:43 | team | sess_a360b0c56474 | INFO | [verifier2] processing 1 unread messages (steer=True)
2026-08-10 04:45:43 | team | sess_a360b0c56474 | INFO | Message 5338c38c-3da9-4135-bde2-2cd031b8de10 marked as read by verifier2
2026-08-10 04:45:52 | team | sess_a360b0c56474 | INFO | Message 4a7d7e36-103b-4d4c-b560-4d1e515d5b7e created
2026-08-10 04:46:00 | team | sess_a360b0c56474 | INFO | [verifier2] processing 1 unread messages (steer=True)
2026-08-10 04:46:00 | team | sess_a360b0c56474 | INFO | Message 1764f565-5aa3-44a2-9934-6994e46ba768 marked as read by verifier2
2026-08-10 04:46:06 | team | sess_a360b0c56474 | INFO | team jiuwen_team_sess_a360b0c56474 reported completed: 9 members, 3 tasks
2026-08-10 04:46:06 | team | sess_a360b0c56474 | INFO | [verifier2] received TEAM_STANDBY, pausing polls
2026-08-10 04:46:06 | team | sess_a360b0c56474 | INFO | EventBus[teammate] pausing polls
