2026-08-10 04:41:41 | team | sess_a360b0c56474 | INFO | Team workspace directory ensured at /srv/jwteam_clone/shared/run_current
2026-08-10 04:41:41 | team | sess_a360b0c56474 | INFO | AgentTeam manager initialized for jiuwen_team_sess_a360b0c56474, member=team_leader
2026-08-10 04:41:41 | team | sess_a360b0c56474 | INFO | [team_leader] TeamPolicyRail static sections: section_names=['team_role', 'team_workflow', 'team_swarmflow', 'team_lifecycle', 'team_persona']
2026-08-10 04:41:41 | team | sess_a360b0c56474 | INFO | Session tables ready for session sess_a360b0c56474
2026-08-10 04:41:41 | team | sess_a360b0c56474 | INFO | Team database initialized
2026-08-10 04:41:41 | team | default_trace_id | INFO | Team workspace directory ensured at /srv/jwteam_clone/shared/run_current
2026-08-10 04:41:41 | team | default_trace_id | INFO | AgentTeam manager initialized for jiuwen_team_sess_a360b0c56474, member=verifier1
2026-08-10 04:41:41 | team | default_trace_id | INFO | [verifier1] TeamPolicyRail static sections: section_names=['team_role', 'team_persona']
2026-08-10 04:41:41 | team | sess_a360b0c56474 | INFO | [verifier1] invoke start, role=teammate
2026-08-10 04:41:41 | team | sess_a360b0c56474 | INFO | [verifier1] coordination starting
2026-08-10 04:41:41 | team | sess_a360b0c56474 | INFO | Session tables ready for session sess_a360b0c56474
2026-08-10 04:41:41 | team | sess_a360b0c56474 | INFO | Workspace /srv/jwteam_clone/shared/run_current initialized as plain shared directory (version_control disabled)
2026-08-10 04:41:41 | team | sess_a360b0c56474 | INFO | EventBus[teammate] starting
2026-08-10 04:41:58 | team | sess_a360b0c56474 | INFO | [verifier1] HITT section refresh: human_agent_names=[]
2026-08-10 04:42:10 | team | sess_a360b0c56474 | INFO | [verifier1] processing 1 unread messages (steer=True)
2026-08-10 04:42:10 | team | sess_a360b0c56474 | INFO | Message cb85cc83-81f5-4242-9e7d-4c6885d465ce marked as read by verifier1
2026-08-10 04:42:24 | team | sess_a360b0c56474 | INFO | Message 41935057-7582-4a58-ac7d-b8939e0a146b created
2026-08-10 04:42:31 | team | sess_a360b0c56474 | INFO | [verifier1] processing 1 unread messages (steer=True)
2026-08-10 04:42:31 | team | sess_a360b0c56474 | INFO | Message 58e8a379-7edb-4f89-8249-80e78be7f7a0 marked as read by verifier1
2026-08-10 04:42:50 | team | sess_a360b0c56474 | INFO | Message a0bd1249-c8c3-4f56-b01b-88a671523744 created
2026-08-10 04:44:21 | team | sess_a360b0c56474 | INFO | [verifier1] processing 1 unread messages (steer=True)
2026-08-10 04:44:21 | team | sess_a360b0c56474 | INFO | Message cef136be-2a48-4b48-b3e0-cfba579996f1 marked as read by verifier1
2026-08-10 04:44:30 | team | sess_a360b0c56474 | INFO | Message 70e803d6-3b4e-4dc0-887c-ed8f43b6c24f created
2026-08-10 04:44:37 | team | sess_a360b0c56474 | INFO | [verifier1] processing 1 unread messages (steer=True)
2026-08-10 04:44:37 | team | sess_a360b0c56474 | INFO | Message cfee3944-314b-49b8-b83d-2680d93c5b7d marked as read by verifier1
2026-08-10 04:45:00 | team | sess_a360b0c56474 | INFO | Message 323a4aa3-4cb6-4552-8008-35eb2a30b54f created
2026-08-10 04:45:00 | team | sess_a360b0c56474 | INFO | Message 3379ba5d-d174-4bb7-84cd-8e480eb3ab69 created
2026-08-10 04:45:08 | team | sess_a360b0c56474 | INFO | task list drained for team jiuwen_team_sess_a360b0c56474: 3 terminal task(s)
2026-08-10 04:45:14 | team | sess_a360b0c56474 | INFO | [verifier1] processing 1 unread messages (steer=True)
2026-08-10 04:45:14 | team | sess_a360b0c56474 | INFO | Message 30061f9a-7b60-4408-bf2c-ba55daaf5977 marked as read by verifier1
2026-08-10 04:45:21 | team | sess_a360b0c56474 | INFO | [verifier1] processing 1 unread messages (steer=True)
2026-08-10 04:45:21 | team | sess_a360b0c56474 | INFO | Message 4e55910a-3f3a-4b96-95b0-010198ab583b marked as read by verifier1
2026-08-10 04:45:43 | team | sess_a360b0c56474 | INFO | Message 5338c38c-3da9-4135-bde2-2cd031b8de10 created
2026-08-10 04:45:52 | team | sess_a360b0c56474 | INFO | [verifier1] processing 1 unread messages (steer=True)
2026-08-10 04:45:52 | team | sess_a360b0c56474 | INFO | Message 4a7d7e36-103b-4d4c-b560-4d1e515d5b7e marked as read by verifier1
2026-08-10 04:46:00 | team | sess_a360b0c56474 | INFO | Message 1764f565-5aa3-44a2-9934-6994e46ba768 created
2026-08-10 04:46:06 | team | sess_a360b0c56474 | INFO | team jiuwen_team_sess_a360b0c56474 reported completed: 9 members, 3 tasks
2026-08-10 04:46:06 | team | sess_a360b0c56474 | INFO | [verifier1] received TEAM_STANDBY, pausing polls
2026-08-10 04:46:06 | team | sess_a360b0c56474 | INFO | EventBus[teammate] pausing polls
