2026-08-10 04:41:37 | team | sess_a360b0c56474 | INFO | Team workspace directory ensured at /srv/jwteam_clone/shared/run_current
2026-08-10 04:41:37 | team | sess_a360b0c56474 | INFO | AgentTeam manager initialized for jiuwen_team_sess_a360b0c56474, member=team_leader
2026-08-10 04:41:37 | team | sess_a360b0c56474 | INFO | [team_leader] TeamPolicyRail static sections: section_names=['team_role', 'team_workflow', 'team_swarmflow', 'team_lifecycle', 'team_persona']
2026-08-10 04:41:37 | team | sess_a360b0c56474 | INFO | Session tables ready for session sess_a360b0c56474
2026-08-10 04:41:37 | team | sess_a360b0c56474 | INFO | Team database initialized
2026-08-10 04:41:37 | team | default_trace_id | INFO | Team workspace directory ensured at /srv/jwteam_clone/shared/run_current
2026-08-10 04:41:37 | team | default_trace_id | INFO | AgentTeam manager initialized for jiuwen_team_sess_a360b0c56474, member=planner2
2026-08-10 04:41:37 | team | default_trace_id | INFO | [planner2] TeamPolicyRail static sections: section_names=['team_role', 'team_persona']
2026-08-10 04:41:37 | team | sess_a360b0c56474 | INFO | [planner2] invoke start, role=teammate
2026-08-10 04:41:37 | team | sess_a360b0c56474 | INFO | [planner2] coordination starting
2026-08-10 04:41:37 | team | sess_a360b0c56474 | INFO | Session tables ready for session sess_a360b0c56474
2026-08-10 04:41:37 | team | sess_a360b0c56474 | INFO | Workspace /srv/jwteam_clone/shared/run_current initialized as plain shared directory (version_control disabled)
2026-08-10 04:41:37 | team | sess_a360b0c56474 | INFO | EventBus[teammate] starting
2026-08-10 04:41:58 | team | sess_a360b0c56474 | INFO | [planner2] HITT section refresh: human_agent_names=[]
2026-08-10 04:42:10 | team | sess_a360b0c56474 | INFO | [planner2] processing 1 unread messages (steer=True)
2026-08-10 04:42:10 | team | sess_a360b0c56474 | INFO | Message cb85cc83-81f5-4242-9e7d-4c6885d465ce marked as read by planner2
2026-08-10 04:42:48 | team | sess_a360b0c56474 | INFO | Message 83d89e30-a1e9-42db-b7c4-bfb2c032863a created
2026-08-10 04:43:11 | team | sess_a360b0c56474 | INFO | [planner2] processing 1 unread messages (steer=True)
2026-08-10 04:43:11 | team | sess_a360b0c56474 | INFO | Message 205a112b-67ef-4f46-a3d6-33f9a407d099 marked as read by planner2
2026-08-10 04:44:37 | team | sess_a360b0c56474 | INFO | Message cfee3944-314b-49b8-b83d-2680d93c5b7d created
2026-08-10 04:44:52 | team | sess_a360b0c56474 | INFO | Message 5ef3e36b-f4af-4a08-871b-0f1f7988a5e9 created
2026-08-10 04:45:00 | team | sess_a360b0c56474 | INFO | [planner2] processing 1 unread messages (steer=True)
2026-08-10 04:45:00 | team | sess_a360b0c56474 | INFO | Message 323a4aa3-4cb6-4552-8008-35eb2a30b54f marked as read by planner2
2026-08-10 04:45:08 | team | sess_a360b0c56474 | INFO | task list drained for team jiuwen_team_sess_a360b0c56474: 3 terminal task(s)
2026-08-10 04:45:20 | team | sess_a360b0c56474 | INFO | [planner2] processing 1 unread messages (steer=True)
2026-08-10 04:45:20 | team | sess_a360b0c56474 | INFO | Message b9003f25-727f-43a2-a48c-3faf913c201e marked as read by planner2
2026-08-10 04:45:21 | team | sess_a360b0c56474 | INFO | [planner2] processing 1 unread messages (steer=True)
2026-08-10 04:45:21 | team | sess_a360b0c56474 | INFO | Message 4e55910a-3f3a-4b96-95b0-010198ab583b marked as read by planner2
2026-08-10 04:46:06 | team | sess_a360b0c56474 | INFO | team jiuwen_team_sess_a360b0c56474 reported completed: 9 members, 3 tasks
2026-08-10 04:46:06 | team | sess_a360b0c56474 | INFO | [planner2] received TEAM_STANDBY, pausing polls
2026-08-10 04:46:06 | team | sess_a360b0c56474 | INFO | EventBus[teammate] pausing polls
