2026-08-10 04:41:39 | team | sess_a360b0c56474 | INFO | Team workspace directory ensured at /srv/jwteam_clone/shared/run_current
2026-08-10 04:41:39 | team | sess_a360b0c56474 | INFO | AgentTeam manager initialized for jiuwen_team_sess_a360b0c56474, member=team_leader
2026-08-10 04:41:39 | team | sess_a360b0c56474 | INFO | [team_leader] TeamPolicyRail static sections: section_names=['team_role', 'team_workflow', 'team_swarmflow', 'team_lifecycle', 'team_persona']
2026-08-10 04:41:39 | team | sess_a360b0c56474 | INFO | Session tables ready for session sess_a360b0c56474
2026-08-10 04:41:39 | team | sess_a360b0c56474 | INFO | Team database initialized
2026-08-10 04:41:39 | team | default_trace_id | INFO | Team workspace directory ensured at /srv/jwteam_clone/shared/run_current
2026-08-10 04:41:39 | team | default_trace_id | INFO | AgentTeam manager initialized for jiuwen_team_sess_a360b0c56474, member=executor2
2026-08-10 04:41:39 | team | default_trace_id | INFO | [executor2] TeamPolicyRail static sections: section_names=['team_role', 'team_persona']
2026-08-10 04:41:39 | team | sess_a360b0c56474 | INFO | [executor2] invoke start, role=teammate
2026-08-10 04:41:39 | team | sess_a360b0c56474 | INFO | [executor2] coordination starting
2026-08-10 04:41:39 | team | sess_a360b0c56474 | INFO | Session tables ready for session sess_a360b0c56474
2026-08-10 04:41:39 | team | sess_a360b0c56474 | INFO | Workspace /srv/jwteam_clone/shared/run_current initialized as plain shared directory (version_control disabled)
2026-08-10 04:41:39 | team | sess_a360b0c56474 | INFO | EventBus[teammate] starting
2026-08-10 04:41:58 | team | sess_a360b0c56474 | INFO | [executor2] HITT section refresh: human_agent_names=[]
2026-08-10 04:42:10 | team | sess_a360b0c56474 | INFO | [executor2] processing 1 unread messages (steer=True)
2026-08-10 04:42:10 | team | sess_a360b0c56474 | INFO | Message cb85cc83-81f5-4242-9e7d-4c6885d465ce marked as read by executor2
2026-08-10 04:43:54 | team | sess_a360b0c56474 | INFO | Message 91a5a231-c754-4cbc-9439-5e68c6d15d09 created
2026-08-10 04:44:11 | team | sess_a360b0c56474 | INFO | [executor2] processing 1 unread messages (steer=True)
2026-08-10 04:44:11 | team | sess_a360b0c56474 | INFO | Message 7db0bec7-a1b3-431b-b8c6-b987ce32c86a marked as read by executor2
2026-08-10 04:44:50 | team | sess_a360b0c56474 | INFO | Message bc6e7a57-13fc-47c4-aaf1-159c8a964e31 created
2026-08-10 04:44:58 | team | sess_a360b0c56474 | INFO | [executor2] processing 1 unread messages (steer=True)
2026-08-10 04:44:58 | team | sess_a360b0c56474 | INFO | Message c8752638-0318-4ba9-9d91-a1c99e0ed4ab marked as read by executor2
2026-08-10 04:45:05 | team | sess_a360b0c56474 | INFO | Message 3526ae17-6e68-4c89-8127-61593212af18 created
2026-08-10 04:45:08 | team | sess_a360b0c56474 | INFO | task list drained for team jiuwen_team_sess_a360b0c56474: 3 terminal task(s)
2026-08-10 04:45:21 | team | sess_a360b0c56474 | INFO | [executor2] processing 1 unread messages (steer=True)
2026-08-10 04:45:21 | team | sess_a360b0c56474 | INFO | Message 4e55910a-3f3a-4b96-95b0-010198ab583b marked as read by executor2
2026-08-10 04:45:22 | team | sess_a360b0c56474 | INFO | [executor2] processing 1 unread messages (steer=True)
2026-08-10 04:45:22 | team | sess_a360b0c56474 | INFO | Message 0c3c9018-b9d0-41ac-b8e8-212f6d06b418 marked as read by executor2
2026-08-10 04:46:06 | team | sess_a360b0c56474 | INFO | team jiuwen_team_sess_a360b0c56474 reported completed: 9 members, 3 tasks
2026-08-10 04:46:06 | team | sess_a360b0c56474 | INFO | [executor2] received TEAM_STANDBY, pausing polls
2026-08-10 04:46:06 | team | sess_a360b0c56474 | INFO | EventBus[teammate] pausing polls
