2026-08-10 04:41:43 | team | sess_a360b0c56474 | INFO | Team workspace directory ensured at /srv/jwteam_clone/shared/run_current
2026-08-10 04:41:43 | team | sess_a360b0c56474 | INFO | AgentTeam manager initialized for jiuwen_team_sess_a360b0c56474, member=team_leader
2026-08-10 04:41:43 | team | sess_a360b0c56474 | INFO | [team_leader] TeamPolicyRail static sections: section_names=['team_role', 'team_workflow', 'team_swarmflow', 'team_lifecycle', 'team_persona']
2026-08-10 04:41:43 | team | sess_a360b0c56474 | INFO | Session tables ready for session sess_a360b0c56474
2026-08-10 04:41:43 | team | sess_a360b0c56474 | INFO | Team database initialized
2026-08-10 04:41:43 | team | default_trace_id | INFO | Team workspace directory ensured at /srv/jwteam_clone/shared/run_current
2026-08-10 04:41:43 | team | default_trace_id | INFO | AgentTeam manager initialized for jiuwen_team_sess_a360b0c56474, member=fullstack1
2026-08-10 04:41:43 | team | default_trace_id | INFO | [fullstack1] TeamPolicyRail static sections: section_names=['team_role', 'team_persona']
2026-08-10 04:41:43 | team | sess_a360b0c56474 | INFO | [fullstack1] invoke start, role=teammate
2026-08-10 04:41:43 | team | sess_a360b0c56474 | INFO | [fullstack1] coordination starting
2026-08-10 04:41:43 | team | sess_a360b0c56474 | INFO | Session tables ready for session sess_a360b0c56474
2026-08-10 04:41:43 | team | sess_a360b0c56474 | INFO | Workspace /srv/jwteam_clone/shared/run_current initialized as plain shared directory (version_control disabled)
2026-08-10 04:41:43 | team | sess_a360b0c56474 | INFO | EventBus[teammate] starting
2026-08-10 04:41:58 | team | sess_a360b0c56474 | INFO | [fullstack1] HITT section refresh: human_agent_names=[]
2026-08-10 04:42:10 | team | sess_a360b0c56474 | INFO | [fullstack1] processing 1 unread messages (steer=True)
2026-08-10 04:42:10 | team | sess_a360b0c56474 | INFO | Message cb85cc83-81f5-4242-9e7d-4c6885d465ce marked as read by fullstack1
2026-08-10 04:44:06 | team | sess_a360b0c56474 | INFO | Message b3e34eda-a8ff-4994-8de3-e19df42331e7 created
2026-08-10 04:44:06 | team | sess_a360b0c56474 | INFO | Message 9ab9277d-b919-4ed4-8f07-8e7f65ec2c26 created
2026-08-10 04:44:18 | team | sess_a360b0c56474 | INFO | Message aeb76cb6-2dc2-4987-ae1e-712d133d4629 created
2026-08-10 04:44:21 | team | sess_a360b0c56474 | INFO | [fullstack1] processing 1 unread messages (steer=True)
2026-08-10 04:44:21 | team | sess_a360b0c56474 | INFO | Message 673852ac-c057-493b-885b-e42c7d580949 marked as read by fullstack1
2026-08-10 04:44:21 | team | sess_a360b0c56474 | INFO | [fullstack1] processing 1 unread messages (steer=True)
2026-08-10 04:44:21 | team | sess_a360b0c56474 | INFO | Message 13cd0bc5-11ca-42e3-bd07-2070dfbcaa30 marked as read by fullstack1
2026-08-10 04:44:32 | team | sess_a360b0c56474 | INFO | [fullstack1] processing 1 unread messages (steer=True)
2026-08-10 04:44:32 | team | sess_a360b0c56474 | INFO | Message 62d4e251-289b-4aaa-ab03-98b7a4dd3c1e marked as read by fullstack1
2026-08-10 04:45:08 | team | sess_a360b0c56474 | INFO | task list drained for team jiuwen_team_sess_a360b0c56474: 3 terminal task(s)
2026-08-10 04:45:21 | team | sess_a360b0c56474 | INFO | [fullstack1] processing 1 unread messages (steer=True)
2026-08-10 04:45:21 | team | sess_a360b0c56474 | INFO | Message 4e55910a-3f3a-4b96-95b0-010198ab583b marked as read by fullstack1
2026-08-10 04:46:06 | team | sess_a360b0c56474 | INFO | team jiuwen_team_sess_a360b0c56474 reported completed: 9 members, 3 tasks
2026-08-10 04:46:06 | team | sess_a360b0c56474 | INFO | [fullstack1] received TEAM_STANDBY, pausing polls
2026-08-10 04:46:06 | team | sess_a360b0c56474 | INFO | EventBus[teammate] pausing polls
