2026-08-08 20:09:06 | team | sess_4097a98e6cca | INFO | Team workspace directory ensured at /srv/jwteam_clone/shared/run_current
2026-08-08 20:09:06 | team | sess_4097a98e6cca | INFO | AgentTeam manager initialized for jiuwen_team_sess_4097a98e6cca, member=team_leader
2026-08-08 20:09:06 | team | sess_4097a98e6cca | INFO | [team_leader] TeamPolicyRail static sections: section_names=['team_role', 'team_workflow', 'team_swarmflow', 'team_lifecycle', 'team_persona']
2026-08-08 20:09:06 | team | sess_4097a98e6cca | INFO | Session tables ready for session sess_4097a98e6cca
2026-08-08 20:09:06 | team | sess_4097a98e6cca | INFO | Team database initialized
2026-08-08 20:09:06 | team | default_trace_id | INFO | Team workspace directory ensured at /srv/jwteam_clone/shared/run_current
2026-08-08 20:09:06 | team | default_trace_id | INFO | AgentTeam manager initialized for jiuwen_team_sess_4097a98e6cca, member=fullstack1
2026-08-08 20:09:06 | team | default_trace_id | INFO | [fullstack1] TeamPolicyRail static sections: section_names=['team_role', 'team_persona']
2026-08-08 20:09:06 | team | sess_4097a98e6cca | INFO | [fullstack1] invoke start, role=teammate
2026-08-08 20:09:06 | team | sess_4097a98e6cca | INFO | [fullstack1] coordination starting
2026-08-08 20:09:06 | team | sess_4097a98e6cca | INFO | Session tables ready for session sess_4097a98e6cca
2026-08-08 20:09:06 | team | sess_4097a98e6cca | INFO | Workspace /srv/jwteam_clone/shared/run_current initialized as plain shared directory (version_control disabled)
2026-08-08 20:09:06 | team | sess_4097a98e6cca | INFO | EventBus[teammate] starting
2026-08-08 20:09:28 | team | sess_4097a98e6cca | INFO | [fullstack1] HITT section refresh: human_agent_names=[]
2026-08-08 20:09:37 | team | sess_4097a98e6cca | INFO | [fullstack1] processing 1 unread messages (steer=True)
2026-08-08 20:09:37 | team | sess_4097a98e6cca | INFO | Message 28a1a4d4-8a6e-4f3e-9181-c1a126836a35 marked as read by fullstack1
2026-08-08 20:11:07 | team | sess_4097a98e6cca | INFO | [fullstack1] processing 1 unread messages (steer=True)
2026-08-08 20:11:07 | team | sess_4097a98e6cca | INFO | Message b8c1311a-f1e6-498a-a3c0-3b28b40cdb0e marked as read by fullstack1
2026-08-08 20:11:44 | team | sess_4097a98e6cca | INFO | Message a4978c3c-5993-450d-be09-879a08716030 created
2026-08-08 20:12:20 | team | sess_4097a98e6cca | INFO | Message 2afbae7e-af35-475c-92da-01751edb3261 created
2026-08-08 20:12:24 | team | sess_4097a98e6cca | INFO | [fullstack1] processing 1 unread messages (steer=True)
2026-08-08 20:12:24 | team | sess_4097a98e6cca | INFO | Message a532560c-58f7-4839-bc42-e63595e7a250 marked as read by fullstack1
2026-08-08 20:12:25 | team | sess_4097a98e6cca | INFO | [fullstack1] processing 1 unread messages (steer=True)
2026-08-08 20:12:25 | team | sess_4097a98e6cca | INFO | Message ab74b296-080d-41b8-bd72-a7a6c4810d87 marked as read by fullstack1
2026-08-08 20:12:44 | team | sess_4097a98e6cca | INFO | Message db0ad46b-209e-47a0-9947-e3ccd47f4ced created
2026-08-08 20:12:44 | team | sess_4097a98e6cca | INFO | Message b9b49c46-4d12-4121-a114-9cec72c7ef27 created
2026-08-08 20:12:49 | team | sess_4097a98e6cca | INFO | [fullstack1] processing 1 unread messages (steer=True)
2026-08-08 20:12:49 | team | sess_4097a98e6cca | INFO | Message ad1fd707-41c1-440e-bb1e-a5d5fd74970c marked as read by fullstack1
2026-08-08 20:12:52 | team | sess_4097a98e6cca | INFO | [fullstack1] processing 1 unread messages (steer=True)
2026-08-08 20:12:52 | team | sess_4097a98e6cca | INFO | Message 0dbe37f3-4b26-41ce-adbe-8d10bcb8a62c marked as read by fullstack1
2026-08-08 20:12:57 | team | sess_4097a98e6cca | INFO | Task plan_migration_v3 claimed by member fullstack1
2026-08-08 20:12:57 | team | sess_4097a98e6cca | INFO | Task plan_migration_v3 claimed by member fullstack1
2026-08-08 20:13:01 | team | sess_4097a98e6cca | INFO | [fullstack1] processing 1 unread messages (steer=True)
2026-08-08 20:13:01 | team | sess_4097a98e6cca | INFO | Message 93cc4dbf-8eec-42bd-afe0-e64e433dbe6c marked as read by fullstack1
2026-08-08 20:13:26 | team | sess_4097a98e6cca | INFO | [fullstack1] processing 1 unread messages (steer=True)
2026-08-08 20:13:26 | team | sess_4097a98e6cca | INFO | Message e4d9c58e-dfc4-4bbf-ac7b-89488df85b1c marked as read by fullstack1
2026-08-08 20:13:27 | team | sess_4097a98e6cca | INFO | Message e1d701d6-b1f7-43b2-82aa-c5ea408daf9e created
2026-08-08 20:13:37 | team | sess_4097a98e6cca | INFO | Task plan_migration_v3 completed at 1786216417117
2026-08-08 20:13:37 | team | sess_4097a98e6cca | INFO | Resolved 1 dependencies for task plan_migration_v3
2026-08-08 20:13:37 | team | sess_4097a98e6cca | INFO | Task implement_migration unblocked (all deps resolved)
2026-08-08 20:13:37 | team | sess_4097a98e6cca | INFO | Task plan_migration_v3 completed
2026-08-08 20:13:37 | team | sess_4097a98e6cca | INFO | Unblocked 1 tasks
2026-08-08 20:13:44 | team | sess_4097a98e6cca | INFO | Message ccdf4f86-e869-4407-a81f-31497a8b566a created
2026-08-08 20:13:44 | team | sess_4097a98e6cca | INFO | Message fbb43f3a-9308-4010-ba99-5c002deea8a8 created
2026-08-08 20:13:49 | team | sess_4097a98e6cca | INFO | [fullstack1] processing 1 unread messages (steer=True)
2026-08-08 20:13:49 | team | sess_4097a98e6cca | INFO | Message fe08c0e0-ce8b-44ff-8aae-02ae12c53143 marked as read by fullstack1
2026-08-08 20:14:00 | team | sess_4097a98e6cca | INFO | [fullstack1] processing 1 unread messages (steer=True)
2026-08-08 20:14:00 | team | sess_4097a98e6cca | INFO | Message 611158ed-4c74-4621-8b60-ebdd5db4128a marked as read by fullstack1
2026-08-08 20:14:12 | team | sess_4097a98e6cca | INFO | Message 802781e7-2842-4928-be5f-087d39daee05 created
2026-08-08 20:14:12 | team | sess_4097a98e6cca | INFO | Message 2d16b380-1885-4c19-9960-8a69a866bb31 created
2026-08-08 20:14:20 | team | sess_4097a98e6cca | INFO | Message c140509d-c249-41f9-96cf-59b86df0a2fc created
2026-08-08 20:16:42 | team | sess_4097a98e6cca | INFO | task list drained for team jiuwen_team_sess_4097a98e6cca: 5 terminal task(s)
2026-08-08 20:16:54 | team | sess_4097a98e6cca | INFO | [fullstack1] processing 1 unread messages (steer=True)
2026-08-08 20:16:54 | team | sess_4097a98e6cca | INFO | Message 75c2b710-a5b0-4f9a-bd7e-1e3e32d1d909 marked as read by fullstack1
2026-08-08 20:17:10 | team | sess_4097a98e6cca | INFO | team jiuwen_team_sess_4097a98e6cca reported completed: 9 members, 5 tasks
2026-08-08 20:17:10 | team | sess_4097a98e6cca | INFO | [fullstack1] received TEAM_STANDBY, pausing polls
2026-08-08 20:17:10 | team | sess_4097a98e6cca | INFO | EventBus[teammate] pausing polls
