2026-08-08 20:09:00 | team | sess_4097a98e6cca | INFO | Team workspace directory ensured at /srv/jwteam_clone/shared/run_current
2026-08-08 20:09:00 | team | sess_4097a98e6cca | INFO | AgentTeam manager initialized for jiuwen_team_sess_4097a98e6cca, member=team_leader
2026-08-08 20:09:00 | team | sess_4097a98e6cca | INFO | [team_leader] TeamPolicyRail static sections: section_names=['team_role', 'team_workflow', 'team_swarmflow', 'team_lifecycle', 'team_persona']
2026-08-08 20:09:00 | team | sess_4097a98e6cca | INFO | Session tables ready for session sess_4097a98e6cca
2026-08-08 20:09:00 | team | sess_4097a98e6cca | INFO | Team database initialized
2026-08-08 20:09:00 | team | default_trace_id | INFO | Team workspace directory ensured at /srv/jwteam_clone/shared/run_current
2026-08-08 20:09:00 | team | default_trace_id | INFO | AgentTeam manager initialized for jiuwen_team_sess_4097a98e6cca, member=planner2
2026-08-08 20:09:00 | team | default_trace_id | INFO | [planner2] TeamPolicyRail static sections: section_names=['team_role', 'team_persona']
2026-08-08 20:09:00 | team | sess_4097a98e6cca | INFO | [planner2] invoke start, role=teammate
2026-08-08 20:09:00 | team | sess_4097a98e6cca | INFO | [planner2] coordination starting
2026-08-08 20:09:00 | team | sess_4097a98e6cca | INFO | Session tables ready for session sess_4097a98e6cca
2026-08-08 20:09:00 | team | sess_4097a98e6cca | INFO | Workspace /srv/jwteam_clone/shared/run_current initialized as plain shared directory (version_control disabled)
2026-08-08 20:09:00 | team | sess_4097a98e6cca | INFO | EventBus[teammate] starting
2026-08-08 20:09:28 | team | sess_4097a98e6cca | INFO | [planner2] HITT section refresh: human_agent_names=[]
2026-08-08 20:09:33 | team | sess_4097a98e6cca | INFO | Task plan_migration claimed by member planner2
2026-08-08 20:09:33 | team | sess_4097a98e6cca | INFO | Task plan_migration claimed by member planner2
2026-08-08 20:09:37 | team | sess_4097a98e6cca | INFO | [planner2] processing 1 unread messages (steer=True)
2026-08-08 20:09:37 | team | sess_4097a98e6cca | INFO | Message 28a1a4d4-8a6e-4f3e-9181-c1a126836a35 marked as read by planner2
2026-08-08 20:09:58 | team | sess_4097a98e6cca | INFO | Message b5f449ff-ea54-4d0a-bff0-a5bfbcff92d3 created
2026-08-08 20:09:59 | team | sess_4097a98e6cca | INFO | [planner2] processing 1 unread messages (steer=True)
2026-08-08 20:09:59 | team | sess_4097a98e6cca | INFO | Message 06abfee6-7af4-43a2-b828-f31407056920 marked as read by planner2
2026-08-08 20:10:07 | team | sess_4097a98e6cca | INFO | Message f1d8964a-c086-4ccb-9849-28f5005d39ec created
2026-08-08 20:10:16 | team | sess_4097a98e6cca | INFO | [planner2] processing 1 unread messages (steer=True)
2026-08-08 20:10:17 | team | sess_4097a98e6cca | INFO | Message 431d71ff-8022-41bb-92be-7da5fa1f0c6c marked as read by planner2
2026-08-08 20:10:35 | team | sess_4097a98e6cca | INFO | Task plan_migration claimed by member planner2
2026-08-08 20:10:35 | team | sess_4097a98e6cca | INFO | Task plan_migration claimed by member planner2
2026-08-08 20:10:47 | team | sess_4097a98e6cca | INFO | [planner2] processing 1 unread messages (steer=True)
2026-08-08 20:10:47 | team | sess_4097a98e6cca | INFO | Message aa2ff615-b43f-46bc-9d79-9a903dc5f298 marked as read by planner2
2026-08-08 20:10:59 | team | sess_4097a98e6cca | INFO | Message 4c113874-e3d3-4bc4-a2a9-39ad9cc09013 created
2026-08-08 20:10:59 | team | sess_4097a98e6cca | INFO | Message ed7b28e4-51c1-4fda-9a31-02f166ab2942 created
2026-08-08 20:11:07 | team | sess_4097a98e6cca | INFO | Message b8c1311a-f1e6-498a-a3c0-3b28b40cdb0e created
2026-08-08 20:11:21 | team | sess_4097a98e6cca | INFO | [planner2] processing 1 unread messages (steer=True)
2026-08-08 20:11:21 | team | sess_4097a98e6cca | INFO | Message 4f10beb6-0da3-4ecd-80c6-80b21e1f7a78 marked as read by planner2
2026-08-08 20:11:30 | team | sess_4097a98e6cca | INFO | [planner2] processing 1 unread messages (steer=True)
2026-08-08 20:11:30 | team | sess_4097a98e6cca | INFO | Message 719aa982-e199-44d2-b020-2506727bbb48 marked as read by planner2
2026-08-08 20:11:40 | team | sess_4097a98e6cca | INFO | [planner2] processing 1 unread messages (steer=True)
2026-08-08 20:11:40 | team | sess_4097a98e6cca | INFO | Message 3c7828f0-288e-49d6-a9ee-131fc331f90a marked as read by planner2
2026-08-08 20:11:44 | team | sess_4097a98e6cca | INFO | [planner2] processing 1 unread messages (steer=True)
2026-08-08 20:11:44 | team | sess_4097a98e6cca | INFO | Message a4978c3c-5993-450d-be09-879a08716030 marked as read by planner2
2026-08-08 20:12:24 | team | sess_4097a98e6cca | INFO | Message a532560c-58f7-4839-bc42-e63595e7a250 created
2026-08-08 20:12:44 | team | sess_4097a98e6cca | INFO | [planner2] processing 1 unread messages (steer=True)
2026-08-08 20:12:44 | team | sess_4097a98e6cca | INFO | Message db0ad46b-209e-47a0-9947-e3ccd47f4ced marked as read by planner2
2026-08-08 20:13:08 | team | sess_4097a98e6cca | INFO | Message 94280647-7b77-4fdc-af06-87cd0fc3cd40 created
2026-08-08 20:13:26 | team | sess_4097a98e6cca | INFO | [planner2] processing 1 unread messages (steer=True)
2026-08-08 20:13:26 | team | sess_4097a98e6cca | INFO | Message e4d9c58e-dfc4-4bbf-ac7b-89488df85b1c marked as read by planner2
2026-08-08 20:16:42 | team | sess_4097a98e6cca | INFO | task list drained for team jiuwen_team_sess_4097a98e6cca: 5 terminal task(s)
2026-08-08 20:16:54 | team | sess_4097a98e6cca | INFO | [planner2] processing 1 unread messages (steer=True)
2026-08-08 20:16:54 | team | sess_4097a98e6cca | INFO | Message 75c2b710-a5b0-4f9a-bd7e-1e3e32d1d909 marked as read by planner2
2026-08-08 20:17:10 | team | sess_4097a98e6cca | INFO | team jiuwen_team_sess_4097a98e6cca reported completed: 9 members, 5 tasks
2026-08-08 20:17:10 | team | sess_4097a98e6cca | INFO | [planner2] received TEAM_STANDBY, pausing polls
2026-08-08 20:17:10 | team | sess_4097a98e6cca | INFO | EventBus[teammate] pausing polls
