2026-08-08 20:08:59 | team | sess_4097a98e6cca | INFO | Team workspace directory ensured at /srv/jwteam_clone/shared/run_current
2026-08-08 20:08:59 | team | sess_4097a98e6cca | INFO | AgentTeam manager initialized for jiuwen_team_sess_4097a98e6cca, member=team_leader
2026-08-08 20:08:59 | team | sess_4097a98e6cca | INFO | [team_leader] TeamPolicyRail static sections: section_names=['team_role', 'team_workflow', 'team_swarmflow', 'team_lifecycle', 'team_persona']
2026-08-08 20:08:59 | team | sess_4097a98e6cca | INFO | Session tables ready for session sess_4097a98e6cca
2026-08-08 20:08:59 | team | sess_4097a98e6cca | INFO | Team database initialized
2026-08-08 20:08:59 | team | default_trace_id | INFO | Team workspace directory ensured at /srv/jwteam_clone/shared/run_current
2026-08-08 20:08:59 | team | default_trace_id | INFO | AgentTeam manager initialized for jiuwen_team_sess_4097a98e6cca, member=planner1
2026-08-08 20:08:59 | team | default_trace_id | INFO | [planner1] TeamPolicyRail static sections: section_names=['team_role', 'team_persona']
2026-08-08 20:08:59 | team | sess_4097a98e6cca | INFO | [planner1] invoke start, role=teammate
2026-08-08 20:08:59 | team | sess_4097a98e6cca | INFO | [planner1] coordination starting
2026-08-08 20:08:59 | team | sess_4097a98e6cca | INFO | Session tables ready for session sess_4097a98e6cca
2026-08-08 20:08:59 | team | sess_4097a98e6cca | INFO | Workspace /srv/jwteam_clone/shared/run_current initialized as plain shared directory (version_control disabled)
2026-08-08 20:08:59 | team | sess_4097a98e6cca | INFO | EventBus[teammate] starting
2026-08-08 20:09:29 | team | sess_4097a98e6cca | INFO | [planner1] HITT section refresh: human_agent_names=[]
2026-08-08 20:09:37 | team | sess_4097a98e6cca | INFO | [planner1] processing 1 unread messages (steer=True)
2026-08-08 20:09:37 | team | sess_4097a98e6cca | INFO | Message 28a1a4d4-8a6e-4f3e-9181-c1a126836a35 marked as read by planner1
2026-08-08 20:09:45 | team | sess_4097a98e6cca | INFO | Message c6f226de-2d52-49b4-967f-a44aa5899e75 created
2026-08-08 20:09:59 | team | sess_4097a98e6cca | INFO | Message 06abfee6-7af4-43a2-b828-f31407056920 created
2026-08-08 20:10:02 | team | sess_4097a98e6cca | INFO | [planner1] processing 1 unread messages (steer=True)
2026-08-08 20:10:02 | team | sess_4097a98e6cca | INFO | Message e8ed383f-0a18-4b5b-8240-8f6b45d3e1ee marked as read by planner1
2026-08-08 20:10:07 | team | sess_4097a98e6cca | INFO | [planner1] processing 1 unread messages (steer=True)
2026-08-08 20:10:07 | team | sess_4097a98e6cca | INFO | Message f1d8964a-c086-4ccb-9849-28f5005d39ec marked as read by planner1
2026-08-08 20:10:47 | team | sess_4097a98e6cca | INFO | Message aa2ff615-b43f-46bc-9d79-9a903dc5f298 created
2026-08-08 20:10:47 | team | sess_4097a98e6cca | INFO | Message 2dacc464-30b4-4b13-a458-6ebbabce4858 created
2026-08-08 20:10:59 | team | sess_4097a98e6cca | INFO | [planner1] processing 1 unread messages (steer=True)
2026-08-08 20:10:59 | team | sess_4097a98e6cca | INFO | Message ed7b28e4-51c1-4fda-9a31-02f166ab2942 marked as read by planner1
2026-08-08 20:11:40 | team | sess_4097a98e6cca | INFO | [planner1] processing 1 unread messages (steer=True)
2026-08-08 20:11:40 | team | sess_4097a98e6cca | INFO | Message ac78261e-868f-4a76-aaba-93a2d711cdf6 marked as read by planner1
2026-08-08 20:12:12 | team | sess_4097a98e6cca | INFO | Task plan_migration_v2 claimed by member planner1
2026-08-08 20:12:12 | team | sess_4097a98e6cca | INFO | Task plan_migration_v2 claimed by member planner1
2026-08-08 20:12:24 | team | sess_4097a98e6cca | INFO | Message ab74b296-080d-41b8-bd72-a7a6c4810d87 created
2026-08-08 20:12:24 | team | sess_4097a98e6cca | INFO | Message 0d417ad7-1ff5-49ca-b6b8-0983ec10d565 created
2026-08-08 20:12:35 | team | sess_4097a98e6cca | INFO | [planner1] processing 1 unread messages (steer=True)
2026-08-08 20:12:35 | team | sess_4097a98e6cca | INFO | Message fd123f46-cfe7-4e5f-9fee-e5e3ef72349a marked as read by planner1
2026-08-08 20:12:44 | team | sess_4097a98e6cca | INFO | [planner1] processing 1 unread messages (steer=True)
2026-08-08 20:12:44 | team | sess_4097a98e6cca | INFO | Message b9b49c46-4d12-4121-a114-9cec72c7ef27 marked as read by planner1
2026-08-08 20:12:52 | team | sess_4097a98e6cca | INFO | Message 0dbe37f3-4b26-41ce-adbe-8d10bcb8a62c created
2026-08-08 20:13:00 | team | sess_4097a98e6cca | INFO | Message 93cc4dbf-8eec-42bd-afe0-e64e433dbe6c created
2026-08-08 20:13:26 | team | sess_4097a98e6cca | INFO | [planner1] processing 1 unread messages (steer=True)
2026-08-08 20:13:26 | team | sess_4097a98e6cca | INFO | Message e4d9c58e-dfc4-4bbf-ac7b-89488df85b1c marked as read by planner1
2026-08-08 20:13:44 | team | sess_4097a98e6cca | INFO | [planner1] processing 1 unread messages (steer=True)
2026-08-08 20:13:44 | team | sess_4097a98e6cca | INFO | Message ccdf4f86-e869-4407-a81f-31497a8b566a marked as read by planner1
2026-08-08 20:13:49 | team | sess_4097a98e6cca | INFO | Message fe08c0e0-ce8b-44ff-8aae-02ae12c53143 created
2026-08-08 20:14:12 | team | sess_4097a98e6cca | INFO | [planner1] processing 1 unread messages (steer=True)
2026-08-08 20:14:12 | team | sess_4097a98e6cca | INFO | Message 2d16b380-1885-4c19-9960-8a69a866bb31 marked as read by planner1
2026-08-08 20:16:42 | team | sess_4097a98e6cca | INFO | task list drained for team jiuwen_team_sess_4097a98e6cca: 5 terminal task(s)
2026-08-08 20:16:54 | team | sess_4097a98e6cca | INFO | [planner1] processing 1 unread messages (steer=True)
2026-08-08 20:16:54 | team | sess_4097a98e6cca | INFO | Message 75c2b710-a5b0-4f9a-bd7e-1e3e32d1d909 marked as read by planner1
2026-08-08 20:16:59 | team | sess_4097a98e6cca | INFO | Message 5b26df22-eb82-4d85-af85-10a36d8bc545 created
2026-08-08 20:17:10 | team | sess_4097a98e6cca | INFO | team jiuwen_team_sess_4097a98e6cca reported completed: 9 members, 5 tasks
2026-08-08 20:17:10 | team | sess_4097a98e6cca | INFO | [planner1] received TEAM_STANDBY, pausing polls
2026-08-08 20:17:10 | team | sess_4097a98e6cca | INFO | EventBus[teammate] pausing polls
