2026-08-08 20:09:03 | team | sess_4097a98e6cca | INFO | Team workspace directory ensured at /srv/jwteam_clone/shared/run_current
2026-08-08 20:09:03 | team | sess_4097a98e6cca | INFO | AgentTeam manager initialized for jiuwen_team_sess_4097a98e6cca, member=team_leader
2026-08-08 20:09:03 | team | sess_4097a98e6cca | INFO | [team_leader] TeamPolicyRail static sections: section_names=['team_role', 'team_workflow', 'team_swarmflow', 'team_lifecycle', 'team_persona']
2026-08-08 20:09:03 | team | sess_4097a98e6cca | INFO | Session tables ready for session sess_4097a98e6cca
2026-08-08 20:09:03 | team | sess_4097a98e6cca | INFO | Team database initialized
2026-08-08 20:09:03 | team | default_trace_id | INFO | Team workspace directory ensured at /srv/jwteam_clone/shared/run_current
2026-08-08 20:09:03 | team | default_trace_id | INFO | AgentTeam manager initialized for jiuwen_team_sess_4097a98e6cca, member=executor3
2026-08-08 20:09:03 | team | default_trace_id | INFO | [executor3] TeamPolicyRail static sections: section_names=['team_role', 'team_persona']
2026-08-08 20:09:03 | team | sess_4097a98e6cca | INFO | [executor3] invoke start, role=teammate
2026-08-08 20:09:03 | team | sess_4097a98e6cca | INFO | [executor3] coordination starting
2026-08-08 20:09:03 | team | sess_4097a98e6cca | INFO | Session tables ready for session sess_4097a98e6cca
2026-08-08 20:09:03 | team | sess_4097a98e6cca | INFO | Workspace /srv/jwteam_clone/shared/run_current initialized as plain shared directory (version_control disabled)
2026-08-08 20:09:03 | team | sess_4097a98e6cca | INFO | EventBus[teammate] starting
2026-08-08 20:09:28 | team | sess_4097a98e6cca | INFO | [executor3] HITT section refresh: human_agent_names=[]
2026-08-08 20:09:37 | team | sess_4097a98e6cca | INFO | [executor3] processing 1 unread messages (steer=True)
2026-08-08 20:09:37 | team | sess_4097a98e6cca | INFO | Message 28a1a4d4-8a6e-4f3e-9181-c1a126836a35 marked as read by executor3
2026-08-08 20:11:40 | team | sess_4097a98e6cca | INFO | Task implement_migration claimed by member executor3
2026-08-08 20:11:40 | team | sess_4097a98e6cca | INFO | Task implement_migration claimed by member executor3
2026-08-08 20:12:20 | team | sess_4097a98e6cca | INFO | [executor3] processing 1 unread messages (steer=True)
2026-08-08 20:12:20 | team | sess_4097a98e6cca | INFO | Message 2afbae7e-af35-475c-92da-01751edb3261 marked as read by executor3
2026-08-08 20:12:25 | team | sess_4097a98e6cca | INFO | [executor3] processing 1 unread messages (steer=True)
2026-08-08 20:12:25 | team | sess_4097a98e6cca | INFO | Message 0d417ad7-1ff5-49ca-b6b8-0983ec10d565 marked as read by executor3
2026-08-08 20:13:00 | team | sess_4097a98e6cca | INFO | [executor3] processing 1 unread messages (steer=True)
2026-08-08 20:13:00 | team | sess_4097a98e6cca | INFO | Message c89c6466-66be-4e58-959a-5103bb380f1e marked as read by executor3
2026-08-08 20:13:08 | team | sess_4097a98e6cca | INFO | [executor3] processing 1 unread messages (steer=True)
2026-08-08 20:13:08 | team | sess_4097a98e6cca | INFO | Message 94280647-7b77-4fdc-af06-87cd0fc3cd40 marked as read by executor3
2026-08-08 20:13:26 | team | sess_4097a98e6cca | INFO | [executor3] processing 1 unread messages (steer=True)
2026-08-08 20:13:26 | team | sess_4097a98e6cca | INFO | Message e4d9c58e-dfc4-4bbf-ac7b-89488df85b1c marked as read by executor3
2026-08-08 20:13:27 | team | sess_4097a98e6cca | INFO | [executor3] processing 1 unread messages (steer=True)
2026-08-08 20:13:27 | team | sess_4097a98e6cca | INFO | Message e1d701d6-b1f7-43b2-82aa-c5ea408daf9e marked as read by executor3
2026-08-08 20:13:47 | team | sess_4097a98e6cca | INFO | [executor3] processing 1 unread messages (steer=True)
2026-08-08 20:13:47 | team | sess_4097a98e6cca | INFO | Message 7f7501e8-807a-4ea8-a30d-55da61eb2039 marked as read by executor3
2026-08-08 20:14:57 | team | sess_4097a98e6cca | INFO | Message 74fe84a4-80be-4873-ac62-61f891011742 created
2026-08-08 20:15:03 | team | sess_4097a98e6cca | INFO | Message 5e021331-8ea5-404e-afb7-20427b1ae62b created
2026-08-08 20:15:08 | team | sess_4097a98e6cca | INFO | Message 90822219-20c3-4a52-85f2-9346eb84deab created
2026-08-08 20:16:36 | team | sess_4097a98e6cca | INFO | [executor3] processing 1 unread messages (steer=True)
2026-08-08 20:16:36 | team | sess_4097a98e6cca | INFO | Message 8de0d3b1-0074-4259-aa40-9e8f678c29a2 marked as read by executor3
2026-08-08 20:16:42 | team | sess_4097a98e6cca | INFO | task list drained for team jiuwen_team_sess_4097a98e6cca: 5 terminal task(s)
2026-08-08 20:16:54 | team | sess_4097a98e6cca | INFO | [executor3] processing 1 unread messages (steer=True)
2026-08-08 20:16:54 | team | sess_4097a98e6cca | INFO | Message 75c2b710-a5b0-4f9a-bd7e-1e3e32d1d909 marked as read by executor3
2026-08-08 20:17:10 | team | sess_4097a98e6cca | INFO | team jiuwen_team_sess_4097a98e6cca reported completed: 9 members, 5 tasks
2026-08-08 20:17:10 | team | sess_4097a98e6cca | INFO | [executor3] received TEAM_STANDBY, pausing polls
2026-08-08 20:17:10 | team | sess_4097a98e6cca | INFO | EventBus[teammate] pausing polls
