2026-08-08 20:09:02 | team | sess_4097a98e6cca | INFO | Team workspace directory ensured at /srv/jwteam_clone/shared/run_current
2026-08-08 20:09:02 | team | sess_4097a98e6cca | INFO | AgentTeam manager initialized for jiuwen_team_sess_4097a98e6cca, member=team_leader
2026-08-08 20:09:02 | team | sess_4097a98e6cca | INFO | [team_leader] TeamPolicyRail static sections: section_names=['team_role', 'team_workflow', 'team_swarmflow', 'team_lifecycle', 'team_persona']
2026-08-08 20:09:02 | team | sess_4097a98e6cca | INFO | Session tables ready for session sess_4097a98e6cca
2026-08-08 20:09:02 | team | sess_4097a98e6cca | INFO | Team database initialized
2026-08-08 20:09:02 | team | default_trace_id | INFO | Team workspace directory ensured at /srv/jwteam_clone/shared/run_current
2026-08-08 20:09:02 | team | default_trace_id | INFO | AgentTeam manager initialized for jiuwen_team_sess_4097a98e6cca, member=executor2
2026-08-08 20:09:02 | team | default_trace_id | INFO | [executor2] TeamPolicyRail static sections: section_names=['team_role', 'team_persona']
2026-08-08 20:09:02 | team | sess_4097a98e6cca | INFO | [executor2] invoke start, role=teammate
2026-08-08 20:09:02 | team | sess_4097a98e6cca | INFO | [executor2] coordination starting
2026-08-08 20:09:02 | team | sess_4097a98e6cca | INFO | Session tables ready for session sess_4097a98e6cca
2026-08-08 20:09:02 | team | sess_4097a98e6cca | INFO | Workspace /srv/jwteam_clone/shared/run_current initialized as plain shared directory (version_control disabled)
2026-08-08 20:09:02 | team | sess_4097a98e6cca | INFO | EventBus[teammate] starting
2026-08-08 20:09:28 | team | sess_4097a98e6cca | INFO | [executor2] HITT section refresh: human_agent_names=[]
2026-08-08 20:09:37 | team | sess_4097a98e6cca | INFO | [executor2] processing 1 unread messages (steer=True)
2026-08-08 20:09:37 | team | sess_4097a98e6cca | INFO | Message 28a1a4d4-8a6e-4f3e-9181-c1a126836a35 marked as read by executor2
2026-08-08 20:09:56 | team | sess_4097a98e6cca | INFO | Message ed1ed5c0-44fb-40c4-bded-11f5e28d8243 created
2026-08-08 20:12:34 | team | sess_4097a98e6cca | INFO | Message 43178eaa-39d5-41b3-b32a-a96a224dd300 created
2026-08-08 20:12:59 | team | sess_4097a98e6cca | INFO | [executor2] processing 1 unread messages (steer=True)
2026-08-08 20:12:59 | team | sess_4097a98e6cca | INFO | Message 91834ff4-2a6d-4e28-9ff5-c3138ab3348f marked as read by executor2
2026-08-08 20:13:26 | team | sess_4097a98e6cca | INFO | [executor2] processing 1 unread messages (steer=True)
2026-08-08 20:13:26 | team | sess_4097a98e6cca | INFO | Message e4d9c58e-dfc4-4bbf-ac7b-89488df85b1c marked as read by executor2
2026-08-08 20:13:46 | team | sess_4097a98e6cca | INFO | Task implement_migration claimed by member executor2
2026-08-08 20:13:46 | team | sess_4097a98e6cca | INFO | Task implement_migration claimed by member executor2
2026-08-08 20:14:12 | team | sess_4097a98e6cca | INFO | [executor2] processing 1 unread messages (steer=True)
2026-08-08 20:14:12 | team | sess_4097a98e6cca | INFO | Message 802781e7-2842-4928-be5f-087d39daee05 marked as read by executor2
2026-08-08 20:15:08 | team | sess_4097a98e6cca | INFO | [executor2] processing 1 unread messages (steer=True)
2026-08-08 20:15:08 | team | sess_4097a98e6cca | INFO | Message 90822219-20c3-4a52-85f2-9346eb84deab marked as read by executor2
2026-08-08 20:15:28 | team | sess_4097a98e6cca | INFO | [executor2] processing 1 unread messages (steer=True)
2026-08-08 20:15:28 | team | sess_4097a98e6cca | INFO | Message 24ea5185-6835-4b77-b005-37293bdbd0c5 marked as read by executor2
2026-08-08 20:15:34 | team | sess_4097a98e6cca | INFO | Task implement_migration completed at 1786216534624
2026-08-08 20:15:34 | team | sess_4097a98e6cca | INFO | Resolved 1 dependencies for task implement_migration
2026-08-08 20:15:34 | team | sess_4097a98e6cca | INFO | Task verify_migration unblocked (all deps resolved)
2026-08-08 20:15:34 | team | sess_4097a98e6cca | INFO | Task implement_migration completed
2026-08-08 20:15:34 | team | sess_4097a98e6cca | INFO | Unblocked 1 tasks
2026-08-08 20:15:39 | team | sess_4097a98e6cca | INFO | Message 6cba5eda-2365-4562-a515-010612552e9a created
2026-08-08 20:16:42 | team | sess_4097a98e6cca | INFO | task list drained for team jiuwen_team_sess_4097a98e6cca: 5 terminal task(s)
2026-08-08 20:16:54 | team | sess_4097a98e6cca | INFO | [executor2] processing 1 unread messages (steer=True)
2026-08-08 20:16:55 | team | sess_4097a98e6cca | INFO | Message 75c2b710-a5b0-4f9a-bd7e-1e3e32d1d909 marked as read by executor2
2026-08-08 20:17:10 | team | sess_4097a98e6cca | INFO | team jiuwen_team_sess_4097a98e6cca reported completed: 9 members, 5 tasks
2026-08-08 20:17:10 | team | sess_4097a98e6cca | INFO | [executor2] received TEAM_STANDBY, pausing polls
2026-08-08 20:17:10 | team | sess_4097a98e6cca | INFO | EventBus[teammate] pausing polls
