2026-08-08 20:09:04 | team | sess_4097a98e6cca | INFO | Team workspace directory ensured at /srv/jwteam_clone/shared/run_current
2026-08-08 20:09:04 | team | sess_4097a98e6cca | INFO | AgentTeam manager initialized for jiuwen_team_sess_4097a98e6cca, member=team_leader
2026-08-08 20:09:04 | team | sess_4097a98e6cca | INFO | [team_leader] TeamPolicyRail static sections: section_names=['team_role', 'team_workflow', 'team_swarmflow', 'team_lifecycle', 'team_persona']
2026-08-08 20:09:04 | team | sess_4097a98e6cca | INFO | Session tables ready for session sess_4097a98e6cca
2026-08-08 20:09:04 | team | sess_4097a98e6cca | INFO | Team database initialized
2026-08-08 20:09:04 | team | default_trace_id | INFO | Team workspace directory ensured at /srv/jwteam_clone/shared/run_current
2026-08-08 20:09:04 | team | default_trace_id | INFO | AgentTeam manager initialized for jiuwen_team_sess_4097a98e6cca, member=verifier1
2026-08-08 20:09:04 | team | default_trace_id | INFO | [verifier1] TeamPolicyRail static sections: section_names=['team_role', 'team_persona']
2026-08-08 20:09:04 | team | sess_4097a98e6cca | INFO | [verifier1] invoke start, role=teammate
2026-08-08 20:09:04 | team | sess_4097a98e6cca | INFO | [verifier1] coordination starting
2026-08-08 20:09:04 | team | sess_4097a98e6cca | INFO | Session tables ready for session sess_4097a98e6cca
2026-08-08 20:09:04 | team | sess_4097a98e6cca | INFO | Workspace /srv/jwteam_clone/shared/run_current initialized as plain shared directory (version_control disabled)
2026-08-08 20:09:04 | team | sess_4097a98e6cca | INFO | EventBus[teammate] starting
2026-08-08 20:09:28 | team | sess_4097a98e6cca | INFO | [verifier1] HITT section refresh: human_agent_names=[]
2026-08-08 20:09:37 | team | sess_4097a98e6cca | INFO | [verifier1] processing 1 unread messages (steer=True)
2026-08-08 20:09:37 | team | sess_4097a98e6cca | INFO | Message 28a1a4d4-8a6e-4f3e-9181-c1a126836a35 marked as read by verifier1
2026-08-08 20:10:24 | team | sess_4097a98e6cca | INFO | Message eb00702d-8627-4aad-aae3-b7b5e881b609 created
2026-08-08 20:10:51 | team | sess_4097a98e6cca | INFO | [verifier1] processing 1 unread messages (steer=True)
2026-08-08 20:10:51 | team | sess_4097a98e6cca | INFO | Message 96ac6450-67d2-4e57-8892-275e8cc0e05a marked as read by verifier1
2026-08-08 20:13:26 | team | sess_4097a98e6cca | INFO | [verifier1] processing 1 unread messages (steer=True)
2026-08-08 20:13:26 | team | sess_4097a98e6cca | INFO | Message e4d9c58e-dfc4-4bbf-ac7b-89488df85b1c marked as read by verifier1
2026-08-08 20:14:57 | team | sess_4097a98e6cca | INFO | [verifier1] processing 1 unread messages (steer=True)
2026-08-08 20:14:57 | team | sess_4097a98e6cca | INFO | Message 74fe84a4-80be-4873-ac62-61f891011742 marked as read by verifier1
2026-08-08 20:15:09 | team | sess_4097a98e6cca | INFO | Message 9849e4a0-834b-4a98-8fe9-5a161aceeb8b created
2026-08-08 20:15:28 | team | sess_4097a98e6cca | INFO | [verifier1] processing 1 unread messages (steer=True)
2026-08-08 20:15:28 | team | sess_4097a98e6cca | INFO | Message 28dedce8-986d-45dc-be1b-9c059dbd6a45 marked as read by verifier1
2026-08-08 20:16:36 | team | sess_4097a98e6cca | INFO | Message 8de0d3b1-0074-4259-aa40-9e8f678c29a2 created
2026-08-08 20:16:36 | team | sess_4097a98e6cca | INFO | Message c3973f9b-3544-4cd9-bc68-a314c6cb6b5e created
2026-08-08 20:16:42 | team | sess_4097a98e6cca | INFO | task list drained for team jiuwen_team_sess_4097a98e6cca: 5 terminal task(s)
2026-08-08 20:16:54 | team | sess_4097a98e6cca | INFO | [verifier1] processing 1 unread messages (steer=True)
2026-08-08 20:16:54 | team | sess_4097a98e6cca | INFO | Message 75c2b710-a5b0-4f9a-bd7e-1e3e32d1d909 marked as read by verifier1
2026-08-08 20:17:10 | team | sess_4097a98e6cca | INFO | team jiuwen_team_sess_4097a98e6cca reported completed: 9 members, 5 tasks
2026-08-08 20:17:10 | team | sess_4097a98e6cca | INFO | [verifier1] received TEAM_STANDBY, pausing polls
2026-08-08 20:17:10 | team | sess_4097a98e6cca | INFO | EventBus[teammate] pausing polls
