2026-08-08 20:09:05 | team | sess_4097a98e6cca | INFO | Team workspace directory ensured at /srv/jwteam_clone/shared/run_current
2026-08-08 20:09:05 | team | sess_4097a98e6cca | INFO | AgentTeam manager initialized for jiuwen_team_sess_4097a98e6cca, member=team_leader
2026-08-08 20:09:05 | team | sess_4097a98e6cca | INFO | [team_leader] TeamPolicyRail static sections: section_names=['team_role', 'team_workflow', 'team_swarmflow', 'team_lifecycle', 'team_persona']
2026-08-08 20:09:05 | team | sess_4097a98e6cca | INFO | Session tables ready for session sess_4097a98e6cca
2026-08-08 20:09:05 | team | sess_4097a98e6cca | INFO | Team database initialized
2026-08-08 20:09:05 | team | default_trace_id | INFO | Team workspace directory ensured at /srv/jwteam_clone/shared/run_current
2026-08-08 20:09:05 | team | default_trace_id | INFO | AgentTeam manager initialized for jiuwen_team_sess_4097a98e6cca, member=verifier2
2026-08-08 20:09:05 | team | default_trace_id | INFO | [verifier2] TeamPolicyRail static sections: section_names=['team_role', 'team_persona']
2026-08-08 20:09:05 | team | sess_4097a98e6cca | INFO | [verifier2] invoke start, role=teammate
2026-08-08 20:09:05 | team | sess_4097a98e6cca | INFO | [verifier2] coordination starting
2026-08-08 20:09:05 | team | sess_4097a98e6cca | INFO | Session tables ready for session sess_4097a98e6cca
2026-08-08 20:09:05 | team | sess_4097a98e6cca | INFO | Workspace /srv/jwteam_clone/shared/run_current initialized as plain shared directory (version_control disabled)
2026-08-08 20:09:05 | team | sess_4097a98e6cca | INFO | EventBus[teammate] starting
2026-08-08 20:09:28 | team | sess_4097a98e6cca | INFO | [verifier2] HITT section refresh: human_agent_names=[]
2026-08-08 20:09:37 | team | sess_4097a98e6cca | INFO | [verifier2] processing 1 unread messages (steer=True)
2026-08-08 20:09:37 | team | sess_4097a98e6cca | INFO | Message 28a1a4d4-8a6e-4f3e-9181-c1a126836a35 marked as read by verifier2
2026-08-08 20:13:26 | team | sess_4097a98e6cca | INFO | [verifier2] processing 1 unread messages (steer=True)
2026-08-08 20:13:26 | team | sess_4097a98e6cca | INFO | Message e4d9c58e-dfc4-4bbf-ac7b-89488df85b1c marked as read by verifier2
2026-08-08 20:15:39 | team | sess_4097a98e6cca | INFO | Task verify_migration claimed by member verifier2
2026-08-08 20:15:39 | team | sess_4097a98e6cca | INFO | Task verify_migration claimed by member verifier2
2026-08-08 20:16:42 | team | sess_4097a98e6cca | INFO | Task verify_migration completed at 1786216602850
2026-08-08 20:16:42 | team | sess_4097a98e6cca | INFO | Task verify_migration completed
2026-08-08 20:16:47 | team | sess_4097a98e6cca | INFO | Message 27d71e56-e602-4c0e-aaca-2377e03ddcbe created
2026-08-08 20:16:54 | team | sess_4097a98e6cca | INFO | [verifier2] processing 1 unread messages (steer=True)
2026-08-08 20:16:54 | team | sess_4097a98e6cca | INFO | Message 75c2b710-a5b0-4f9a-bd7e-1e3e32d1d909 marked as read by verifier2
2026-08-08 20:17:10 | team | sess_4097a98e6cca | INFO | team jiuwen_team_sess_4097a98e6cca reported completed: 9 members, 5 tasks
2026-08-08 20:17:10 | team | sess_4097a98e6cca | INFO | [verifier2] received TEAM_STANDBY, pausing polls
2026-08-08 20:17:10 | team | sess_4097a98e6cca | INFO | EventBus[teammate] pausing polls
