2026-08-09 17:11:14 | team | sess_88cc311a2569 | INFO | Team workspace directory ensured at /srv/jwteam_clone/shared/run_current
2026-08-09 17:11:14 | team | sess_88cc311a2569 | INFO | AgentTeam manager initialized for jiuwen_team_sess_88cc311a2569, member=team_leader
2026-08-09 17:11:14 | team | sess_88cc311a2569 | INFO | [team_leader] TeamPolicyRail static sections: section_names=['team_role', 'team_workflow', 'team_swarmflow', 'team_lifecycle', 'team_persona']
2026-08-09 17:11:14 | team | sess_88cc311a2569 | INFO | Session tables ready for session sess_88cc311a2569
2026-08-09 17:11:14 | team | sess_88cc311a2569 | INFO | Team database initialized
2026-08-09 17:11:14 | team | default_trace_id | INFO | Team workspace directory ensured at /srv/jwteam_clone/shared/run_current
2026-08-09 17:11:14 | team | default_trace_id | INFO | AgentTeam manager initialized for jiuwen_team_sess_88cc311a2569, member=executor1
2026-08-09 17:11:14 | team | default_trace_id | INFO | [executor1] TeamPolicyRail static sections: section_names=['team_role', 'team_persona']
2026-08-09 17:11:14 | team | sess_88cc311a2569 | INFO | [executor1] invoke start, role=teammate
2026-08-09 17:11:14 | team | sess_88cc311a2569 | INFO | [executor1] coordination starting
2026-08-09 17:11:14 | team | sess_88cc311a2569 | INFO | Session tables ready for session sess_88cc311a2569
2026-08-09 17:11:14 | team | sess_88cc311a2569 | INFO | Workspace /srv/jwteam_clone/shared/run_current initialized as plain shared directory (version_control disabled)
2026-08-09 17:11:14 | team | sess_88cc311a2569 | INFO | EventBus[teammate] starting
2026-08-09 17:11:35 | team | sess_88cc311a2569 | INFO | [executor1] HITT section refresh: human_agent_names=[]
2026-08-09 17:11:44 | team | sess_88cc311a2569 | INFO | [executor1] processing 1 unread messages (steer=True)
2026-08-09 17:11:44 | team | sess_88cc311a2569 | INFO | Message 48eed756-1e6d-4087-adcf-417a5abc254f marked as read by executor1
2026-08-09 17:11:54 | team | sess_88cc311a2569 | INFO | Message 17ae0b3d-c4fa-4cd4-a0d1-d2a9070d4a2f created
2026-08-09 17:12:07 | team | sess_88cc311a2569 | INFO | [executor1] processing 1 unread messages (steer=True)
2026-08-09 17:12:07 | team | sess_88cc311a2569 | INFO | Message b269086a-28d0-4e97-a940-a70c3457a78a marked as read by executor1
2026-08-09 17:12:22 | team | sess_88cc311a2569 | INFO | [executor1] processing 1 unread messages (steer=True)
2026-08-09 17:12:22 | team | sess_88cc311a2569 | INFO | Message d00a3cf4-376c-468b-92ea-9e27a2d998a9 marked as read by executor1
2026-08-09 17:12:36 | team | sess_88cc311a2569 | INFO | Task implement claimed by member executor1
2026-08-09 17:12:36 | team | sess_88cc311a2569 | INFO | Task implement claimed by member executor1
2026-08-09 17:13:16 | team | sess_88cc311a2569 | INFO | Task implement completed at 1786291996418
2026-08-09 17:13:16 | team | sess_88cc311a2569 | INFO | Message 7e11b143-f50e-4036-aefa-13f428767104 created
2026-08-09 17:13:16 | team | sess_88cc311a2569 | INFO | Resolved 1 dependencies for task implement
2026-08-09 17:13:16 | team | sess_88cc311a2569 | INFO | Task verify unblocked (all deps resolved)
2026-08-09 17:13:16 | team | sess_88cc311a2569 | INFO | Task implement completed
2026-08-09 17:13:16 | team | sess_88cc311a2569 | INFO | Unblocked 1 tasks
2026-08-09 17:13:46 | team | sess_88cc311a2569 | INFO | [executor1] processing 1 unread messages (steer=True)
2026-08-09 17:13:46 | team | sess_88cc311a2569 | INFO | Message 49285b24-c7b3-4d37-b4b9-45c32f3a2c9c marked as read by executor1
2026-08-09 17:13:46 | team | sess_88cc311a2569 | INFO | task list drained for team jiuwen_team_sess_88cc311a2569: 3 terminal task(s)
2026-08-09 17:14:01 | team | sess_88cc311a2569 | INFO | [executor1] processing 1 unread messages (steer=True)
2026-08-09 17:14:01 | team | sess_88cc311a2569 | INFO | Message 9decb07e-54d0-4fba-9745-f72622f48244 marked as read by executor1
2026-08-09 17:14:13 | team | sess_88cc311a2569 | INFO | team jiuwen_team_sess_88cc311a2569 reported completed: 9 members, 3 tasks
2026-08-09 17:14:13 | team | sess_88cc311a2569 | INFO | [executor1] received TEAM_STANDBY, pausing polls
2026-08-09 17:14:13 | team | sess_88cc311a2569 | INFO | EventBus[teammate] pausing polls
