2026-08-09 17:11:16 | team | sess_88cc311a2569 | INFO | Team workspace directory ensured at /srv/jwteam_clone/shared/run_current
2026-08-09 17:11:16 | team | sess_88cc311a2569 | INFO | AgentTeam manager initialized for jiuwen_team_sess_88cc311a2569, member=team_leader
2026-08-09 17:11:16 | team | sess_88cc311a2569 | INFO | [team_leader] TeamPolicyRail static sections: section_names=['team_role', 'team_workflow', 'team_swarmflow', 'team_lifecycle', 'team_persona']
2026-08-09 17:11:17 | team | sess_88cc311a2569 | INFO | Session tables ready for session sess_88cc311a2569
2026-08-09 17:11:17 | team | sess_88cc311a2569 | INFO | Team database initialized
2026-08-09 17:11:17 | team | default_trace_id | INFO | Team workspace directory ensured at /srv/jwteam_clone/shared/run_current
2026-08-09 17:11:17 | team | default_trace_id | INFO | AgentTeam manager initialized for jiuwen_team_sess_88cc311a2569, member=verifier1
2026-08-09 17:11:17 | team | default_trace_id | INFO | [verifier1] TeamPolicyRail static sections: section_names=['team_role', 'team_persona']
2026-08-09 17:11:17 | team | sess_88cc311a2569 | INFO | [verifier1] invoke start, role=teammate
2026-08-09 17:11:17 | team | sess_88cc311a2569 | INFO | [verifier1] coordination starting
2026-08-09 17:11:17 | team | sess_88cc311a2569 | INFO | Session tables ready for session sess_88cc311a2569
2026-08-09 17:11:17 | team | sess_88cc311a2569 | INFO | Workspace /srv/jwteam_clone/shared/run_current initialized as plain shared directory (version_control disabled)
2026-08-09 17:11:17 | team | sess_88cc311a2569 | INFO | EventBus[teammate] starting
2026-08-09 17:11:35 | team | sess_88cc311a2569 | INFO | [verifier1] HITT section refresh: human_agent_names=[]
2026-08-09 17:11:44 | team | sess_88cc311a2569 | INFO | [verifier1] processing 1 unread messages (steer=True)
2026-08-09 17:11:44 | team | sess_88cc311a2569 | INFO | Message 48eed756-1e6d-4087-adcf-417a5abc254f marked as read by verifier1
2026-08-09 17:12:18 | team | sess_88cc311a2569 | INFO | Message c9f04a47-6adf-4f5b-a7de-388c07a55f52 created
2026-08-09 17:13:16 | team | sess_88cc311a2569 | INFO | [verifier1] processing 1 unread messages (steer=True)
2026-08-09 17:13:16 | team | sess_88cc311a2569 | INFO | Message 7e11b143-f50e-4036-aefa-13f428767104 marked as read by verifier1
2026-08-09 17:13:21 | team | sess_88cc311a2569 | INFO | Task verify claimed by member verifier1
2026-08-09 17:13:21 | team | sess_88cc311a2569 | INFO | Task verify claimed by member verifier1
2026-08-09 17:13:46 | team | sess_88cc311a2569 | INFO | Task verify completed at 1786292026553
2026-08-09 17:13:46 | team | sess_88cc311a2569 | INFO | Message 49285b24-c7b3-4d37-b4b9-45c32f3a2c9c created
2026-08-09 17:13:46 | team | sess_88cc311a2569 | INFO | Task verify completed
2026-08-09 17:13:46 | team | sess_88cc311a2569 | INFO | Message f96fe3b7-7ee2-4a15-a977-5d07c6018823 created
2026-08-09 17:13:54 | team | sess_88cc311a2569 | INFO | [verifier1] processing 1 unread messages (steer=True)
2026-08-09 17:13:54 | team | sess_88cc311a2569 | INFO | Message f2639a62-d870-462a-b082-16914a316eea marked as read by verifier1
2026-08-09 17:14:01 | team | sess_88cc311a2569 | INFO | [verifier1] processing 1 unread messages (steer=True)
2026-08-09 17:14:01 | team | sess_88cc311a2569 | INFO | Message 9decb07e-54d0-4fba-9745-f72622f48244 marked as read by verifier1
2026-08-09 17:14:13 | team | sess_88cc311a2569 | INFO | team jiuwen_team_sess_88cc311a2569 reported completed: 9 members, 3 tasks
2026-08-09 17:14:13 | team | sess_88cc311a2569 | INFO | [verifier1] received TEAM_STANDBY, pausing polls
2026-08-09 17:14:13 | team | sess_88cc311a2569 | INFO | EventBus[teammate] pausing polls
