2026-08-09 17:11:16 | team | sess_88cc311a2569 | INFO | Team workspace directory ensured at /srv/jwteam_clone/shared/run_current
2026-08-09 17:11:16 | team | sess_88cc311a2569 | INFO | AgentTeam manager initialized for jiuwen_team_sess_88cc311a2569, member=team_leader
2026-08-09 17:11:16 | team | sess_88cc311a2569 | INFO | [team_leader] TeamPolicyRail static sections: section_names=['team_role', 'team_workflow', 'team_swarmflow', 'team_lifecycle', 'team_persona']
2026-08-09 17:11:16 | team | sess_88cc311a2569 | INFO | Session tables ready for session sess_88cc311a2569
2026-08-09 17:11:16 | team | sess_88cc311a2569 | INFO | Team database initialized
2026-08-09 17:11:16 | team | default_trace_id | INFO | Team workspace directory ensured at /srv/jwteam_clone/shared/run_current
2026-08-09 17:11:16 | team | default_trace_id | INFO | AgentTeam manager initialized for jiuwen_team_sess_88cc311a2569, member=executor3
2026-08-09 17:11:16 | team | default_trace_id | INFO | [executor3] TeamPolicyRail static sections: section_names=['team_role', 'team_persona']
2026-08-09 17:11:16 | team | sess_88cc311a2569 | INFO | [executor3] invoke start, role=teammate
2026-08-09 17:11:16 | team | sess_88cc311a2569 | INFO | [executor3] coordination starting
2026-08-09 17:11:16 | team | sess_88cc311a2569 | INFO | Session tables ready for session sess_88cc311a2569
2026-08-09 17:11:16 | team | sess_88cc311a2569 | INFO | Workspace /srv/jwteam_clone/shared/run_current initialized as plain shared directory (version_control disabled)
2026-08-09 17:11:16 | team | sess_88cc311a2569 | INFO | EventBus[teammate] starting
2026-08-09 17:11:35 | team | sess_88cc311a2569 | INFO | [executor3] HITT section refresh: human_agent_names=[]
2026-08-09 17:11:44 | team | sess_88cc311a2569 | INFO | [executor3] processing 1 unread messages (steer=True)
2026-08-09 17:11:44 | team | sess_88cc311a2569 | INFO | Message 48eed756-1e6d-4087-adcf-417a5abc254f marked as read by executor3
2026-08-09 17:13:46 | team | sess_88cc311a2569 | INFO | task list drained for team jiuwen_team_sess_88cc311a2569: 3 terminal task(s)
2026-08-09 17:14:01 | team | sess_88cc311a2569 | INFO | [executor3] processing 1 unread messages (steer=True)
2026-08-09 17:14:01 | team | sess_88cc311a2569 | INFO | Message 9decb07e-54d0-4fba-9745-f72622f48244 marked as read by executor3
2026-08-09 17:14:13 | team | sess_88cc311a2569 | INFO | team jiuwen_team_sess_88cc311a2569 reported completed: 9 members, 3 tasks
2026-08-09 17:14:13 | team | sess_88cc311a2569 | INFO | [executor3] received TEAM_STANDBY, pausing polls
2026-08-09 17:14:13 | team | sess_88cc311a2569 | INFO | EventBus[teammate] pausing polls
