2026-08-10 01:30:33 | team | sess_6a8fe2fe62df | INFO | Team workspace directory ensured at /srv/jwteam_clone/shared/run_current
2026-08-10 01:30:33 | team | sess_6a8fe2fe62df | INFO | AgentTeam manager initialized for jiuwen_team_sess_6a8fe2fe62df, member=team_leader
2026-08-10 01:30:33 | team | sess_6a8fe2fe62df | INFO | [team_leader] TeamPolicyRail static sections: section_names=['team_role', 'team_workflow', 'team_swarmflow', 'team_lifecycle', 'team_persona']
2026-08-10 01:30:33 | team | sess_6a8fe2fe62df | INFO | Session tables ready for session sess_6a8fe2fe62df
2026-08-10 01:30:33 | team | sess_6a8fe2fe62df | INFO | Team database initialized
2026-08-10 01:30:34 | team | default_trace_id | INFO | Team workspace directory ensured at /srv/jwteam_clone/shared/run_current
2026-08-10 01:30:34 | team | default_trace_id | INFO | AgentTeam manager initialized for jiuwen_team_sess_6a8fe2fe62df, member=executor3
2026-08-10 01:30:34 | team | default_trace_id | INFO | [executor3] TeamPolicyRail static sections: section_names=['team_role', 'team_persona']
2026-08-10 01:30:34 | team | sess_6a8fe2fe62df | INFO | [executor3] invoke start, role=teammate
2026-08-10 01:30:34 | team | sess_6a8fe2fe62df | INFO | [executor3] coordination starting
2026-08-10 01:30:34 | team | sess_6a8fe2fe62df | INFO | Session tables ready for session sess_6a8fe2fe62df
2026-08-10 01:30:34 | team | sess_6a8fe2fe62df | INFO | Workspace /srv/jwteam_clone/shared/run_current initialized as plain shared directory (version_control disabled)
2026-08-10 01:30:34 | team | sess_6a8fe2fe62df | INFO | EventBus[teammate] starting
2026-08-10 01:31:20 | team | sess_6a8fe2fe62df | INFO | [executor3] HITT section refresh: human_agent_names=[]
2026-08-10 01:31:31 | team | sess_6a8fe2fe62df | INFO | [executor3] processing 1 unread messages (steer=True)
2026-08-10 01:31:31 | team | sess_6a8fe2fe62df | INFO | Message 144edef8-d708-4a69-8f5e-c273c0ffec3c marked as read by executor3
2026-08-10 01:42:12 | team | sess_6a8fe2fe62df | INFO | task list drained for team jiuwen_team_sess_6a8fe2fe62df: 5 terminal task(s)
2026-08-10 01:42:27 | team | sess_6a8fe2fe62df | INFO | [executor3] processing 1 unread messages (steer=True)
2026-08-10 01:42:27 | team | sess_6a8fe2fe62df | INFO | Message daf0ba1e-20ea-44e0-b3a4-afa2edeab85e marked as read by executor3
2026-08-10 01:42:50 | team | sess_6a8fe2fe62df | INFO | team jiuwen_team_sess_6a8fe2fe62df reported completed: 9 members, 5 tasks
2026-08-10 01:42:50 | team | sess_6a8fe2fe62df | INFO | [executor3] received TEAM_STANDBY, pausing polls
2026-08-10 01:42:50 | team | sess_6a8fe2fe62df | INFO | EventBus[teammate] pausing polls
