2026-08-10 01:30:34 | team | sess_6a8fe2fe62df | INFO | Team workspace directory ensured at /srv/jwteam_clone/shared/run_current
2026-08-10 01:30:34 | team | sess_6a8fe2fe62df | INFO | AgentTeam manager initialized for jiuwen_team_sess_6a8fe2fe62df, member=team_leader
2026-08-10 01:30:34 | team | sess_6a8fe2fe62df | INFO | [team_leader] TeamPolicyRail static sections: section_names=['team_role', 'team_workflow', 'team_swarmflow', 'team_lifecycle', 'team_persona']
2026-08-10 01:30:34 | team | sess_6a8fe2fe62df | INFO | Session tables ready for session sess_6a8fe2fe62df
2026-08-10 01:30:34 | team | sess_6a8fe2fe62df | INFO | Team database initialized
2026-08-10 01:30:34 | team | default_trace_id | INFO | Team workspace directory ensured at /srv/jwteam_clone/shared/run_current
2026-08-10 01:30:34 | team | default_trace_id | INFO | AgentTeam manager initialized for jiuwen_team_sess_6a8fe2fe62df, member=verifier1
2026-08-10 01:30:34 | team | default_trace_id | INFO | [verifier1] TeamPolicyRail static sections: section_names=['team_role', 'team_persona']
2026-08-10 01:30:34 | team | sess_6a8fe2fe62df | INFO | [verifier1] invoke start, role=teammate
2026-08-10 01:30:34 | team | sess_6a8fe2fe62df | INFO | [verifier1] coordination starting
2026-08-10 01:30:34 | team | sess_6a8fe2fe62df | INFO | Session tables ready for session sess_6a8fe2fe62df
2026-08-10 01:30:34 | team | sess_6a8fe2fe62df | INFO | Workspace /srv/jwteam_clone/shared/run_current initialized as plain shared directory (version_control disabled)
2026-08-10 01:30:34 | team | sess_6a8fe2fe62df | INFO | EventBus[teammate] starting
2026-08-10 01:31:20 | team | sess_6a8fe2fe62df | INFO | [verifier1] HITT section refresh: human_agent_names=[]
2026-08-10 01:31:31 | team | sess_6a8fe2fe62df | INFO | [verifier1] processing 1 unread messages (steer=True)
2026-08-10 01:31:31 | team | sess_6a8fe2fe62df | INFO | Message 144edef8-d708-4a69-8f5e-c273c0ffec3c marked as read by verifier1
2026-08-10 01:31:36 | team | sess_6a8fe2fe62df | INFO | Message 56d81260-9520-403c-90c9-beaa2f223aaa created
2026-08-10 01:31:49 | team | sess_6a8fe2fe62df | INFO | [verifier1] processing 1 unread messages (steer=True)
2026-08-10 01:31:49 | team | sess_6a8fe2fe62df | INFO | Message a7f35616-a0bc-4b5b-8d66-020cf960d174 marked as read by verifier1
2026-08-10 01:32:39 | team | sess_6a8fe2fe62df | INFO | Message b24f77b8-ceb1-450e-b4c7-77d1b665b1f3 created
2026-08-10 01:32:50 | team | sess_6a8fe2fe62df | INFO | [verifier1] processing 1 unread messages (steer=True)
2026-08-10 01:32:50 | team | sess_6a8fe2fe62df | INFO | Message 2788f998-8ccc-48ae-a87d-7fbd3c44a330 marked as read by verifier1
2026-08-10 01:39:02 | team | sess_6a8fe2fe62df | INFO | [verifier1] processing 1 unread messages (steer=True)
2026-08-10 01:39:02 | team | sess_6a8fe2fe62df | INFO | Message e324fff3-4072-4fc9-97af-cfe655d9d11d marked as read by verifier1
2026-08-10 01:40:18 | team | sess_6a8fe2fe62df | INFO | Task verify claimed by member verifier1
2026-08-10 01:40:18 | team | sess_6a8fe2fe62df | INFO | Task verify claimed by member verifier1
2026-08-10 01:40:19 | team | sess_6a8fe2fe62df | INFO | [verifier1] processing 1 unread messages (steer=True)
2026-08-10 01:40:19 | team | sess_6a8fe2fe62df | INFO | Message 70cc006d-ef87-4c11-a98b-7f8514de4202 marked as read by verifier1
2026-08-10 01:40:28 | team | sess_6a8fe2fe62df | INFO | [verifier1] processing 1 unread messages (steer=True)
2026-08-10 01:40:28 | team | sess_6a8fe2fe62df | INFO | Message 8fd7168d-e76c-469a-a199-583efbe26db2 marked as read by verifier1
2026-08-10 01:40:33 | team | sess_6a8fe2fe62df | INFO | Task verify claimed by member verifier1
2026-08-10 01:40:33 | team | sess_6a8fe2fe62df | INFO | Task verify claimed by member verifier1
2026-08-10 01:40:45 | team | sess_6a8fe2fe62df | INFO | [verifier1] processing 1 unread messages (steer=True)
2026-08-10 01:40:45 | team | sess_6a8fe2fe62df | INFO | Message 83ebfa7b-942a-4531-859d-f3bb3ea30cfe marked as read by verifier1
2026-08-10 01:40:55 | team | sess_6a8fe2fe62df | INFO | [verifier1] processing 1 unread messages (steer=True)
2026-08-10 01:40:55 | team | sess_6a8fe2fe62df | INFO | Message 47fbb4a3-ad8c-4659-b7a6-a1bc2a171686 marked as read by verifier1
2026-08-10 01:41:19 | team | sess_6a8fe2fe62df | INFO | Message 524ee365-4a34-4b75-a361-4f7ef008ce31 created
2026-08-10 01:41:19 | team | sess_6a8fe2fe62df | INFO | Message 80fef26a-1883-46c7-9823-6916c05f06de created
2026-08-10 01:41:40 | team | sess_6a8fe2fe62df | INFO | [verifier1] processing 1 unread messages (steer=True)
2026-08-10 01:41:40 | team | sess_6a8fe2fe62df | INFO | Message 1c625b3c-79cf-48dd-96d2-0c77997d931f marked as read by verifier1
2026-08-10 01:41:48 | team | sess_6a8fe2fe62df | INFO | [verifier1] processing 1 unread messages (steer=True)
2026-08-10 01:41:48 | team | sess_6a8fe2fe62df | INFO | Message 20d66421-b198-487e-ac81-79e0bf36a082 marked as read by verifier1
2026-08-10 01:42:12 | team | sess_6a8fe2fe62df | INFO | Task verify completed at 1786322532146
2026-08-10 01:42:12 | team | sess_6a8fe2fe62df | INFO | Task verify completed
2026-08-10 01:42:21 | team | sess_6a8fe2fe62df | INFO | Message a6210ef2-5b1f-4e8f-93a3-601651f352b2 created
2026-08-10 01:42:21 | team | sess_6a8fe2fe62df | INFO | Message 1dd9011c-6b7a-428c-b855-76da236cbc78 created
2026-08-10 01:42:27 | team | sess_6a8fe2fe62df | INFO | [verifier1] processing 1 unread messages (steer=True)
2026-08-10 01:42:27 | team | sess_6a8fe2fe62df | INFO | Message daf0ba1e-20ea-44e0-b3a4-afa2edeab85e marked as read by verifier1
2026-08-10 01:42:50 | team | sess_6a8fe2fe62df | INFO | team jiuwen_team_sess_6a8fe2fe62df reported completed: 9 members, 5 tasks
2026-08-10 01:42:50 | team | sess_6a8fe2fe62df | INFO | [verifier1] received TEAM_STANDBY, pausing polls
2026-08-10 01:42:50 | team | sess_6a8fe2fe62df | INFO | EventBus[teammate] pausing polls
