2026-08-10 01:30:36 | team | sess_6a8fe2fe62df | INFO | Team workspace directory ensured at /srv/jwteam_clone/shared/run_current
2026-08-10 01:30:36 | team | sess_6a8fe2fe62df | INFO | AgentTeam manager initialized for jiuwen_team_sess_6a8fe2fe62df, member=team_leader
2026-08-10 01:30:36 | team | sess_6a8fe2fe62df | INFO | [team_leader] TeamPolicyRail static sections: section_names=['team_role', 'team_workflow', 'team_swarmflow', 'team_lifecycle', 'team_persona']
2026-08-10 01:30:36 | team | sess_6a8fe2fe62df | INFO | Session tables ready for session sess_6a8fe2fe62df
2026-08-10 01:30:36 | team | sess_6a8fe2fe62df | INFO | Team database initialized
2026-08-10 01:30:36 | team | default_trace_id | INFO | Team workspace directory ensured at /srv/jwteam_clone/shared/run_current
2026-08-10 01:30:36 | team | default_trace_id | INFO | AgentTeam manager initialized for jiuwen_team_sess_6a8fe2fe62df, member=fullstack1
2026-08-10 01:30:36 | team | default_trace_id | INFO | [fullstack1] TeamPolicyRail static sections: section_names=['team_role', 'team_persona']
2026-08-10 01:30:36 | team | sess_6a8fe2fe62df | INFO | [fullstack1] invoke start, role=teammate
2026-08-10 01:30:36 | team | sess_6a8fe2fe62df | INFO | [fullstack1] coordination starting
2026-08-10 01:30:36 | team | sess_6a8fe2fe62df | INFO | Session tables ready for session sess_6a8fe2fe62df
2026-08-10 01:30:36 | team | sess_6a8fe2fe62df | INFO | Workspace /srv/jwteam_clone/shared/run_current initialized as plain shared directory (version_control disabled)
2026-08-10 01:30:36 | team | sess_6a8fe2fe62df | INFO | EventBus[teammate] starting
2026-08-10 01:31:20 | team | sess_6a8fe2fe62df | INFO | [fullstack1] HITT section refresh: human_agent_names=[]
2026-08-10 01:31:31 | team | sess_6a8fe2fe62df | INFO | [fullstack1] processing 1 unread messages (steer=True)
2026-08-10 01:31:31 | team | sess_6a8fe2fe62df | INFO | Message 144edef8-d708-4a69-8f5e-c273c0ffec3c marked as read by fullstack1
2026-08-10 01:32:12 | team | sess_6a8fe2fe62df | INFO | [fullstack1] processing 1 unread messages (steer=True)
2026-08-10 01:32:12 | team | sess_6a8fe2fe62df | INFO | Message d77a1973-fac8-499e-aa5a-88bdb054ee05 marked as read by fullstack1
2026-08-10 01:32:12 | team | sess_6a8fe2fe62df | INFO | Message 2ee36332-570f-4afc-a830-8edda47a86cc created
2026-08-10 01:32:20 | team | sess_6a8fe2fe62df | INFO | [fullstack1] processing 1 unread messages (steer=True)
2026-08-10 01:32:20 | team | sess_6a8fe2fe62df | INFO | Message b570d127-74c0-4da7-b0ef-4c31df5f909b marked as read by fullstack1
2026-08-10 01:32:39 | team | sess_6a8fe2fe62df | INFO | Message 871693e0-bbc5-4c7f-a9f5-fab1bba489c3 created
2026-08-10 01:32:44 | team | sess_6a8fe2fe62df | INFO | Message 454cdf8e-1379-43a4-804d-87f0887a0d66 created
2026-08-10 01:32:57 | team | sess_6a8fe2fe62df | INFO | [fullstack1] processing 1 unread messages (steer=True)
2026-08-10 01:32:57 | team | sess_6a8fe2fe62df | INFO | Message 0f25f399-70b0-4c85-8200-ec770c89869f marked as read by fullstack1
2026-08-10 01:40:45 | team | sess_6a8fe2fe62df | INFO | Message 83ebfa7b-942a-4531-859d-f3bb3ea30cfe created
2026-08-10 01:41:19 | team | sess_6a8fe2fe62df | INFO | [fullstack1] processing 1 unread messages (steer=True)
2026-08-10 01:41:19 | team | sess_6a8fe2fe62df | INFO | Message 524ee365-4a34-4b75-a361-4f7ef008ce31 marked as read by fullstack1
2026-08-10 01:41:40 | team | sess_6a8fe2fe62df | INFO | Message 1c625b3c-79cf-48dd-96d2-0c77997d931f created
2026-08-10 01:41:45 | team | sess_6a8fe2fe62df | INFO | Message 590d6c42-9800-4934-bbb2-3ebca159c835 created
2026-08-10 01:42:12 | team | sess_6a8fe2fe62df | INFO | task list drained for team jiuwen_team_sess_6a8fe2fe62df: 5 terminal task(s)
2026-08-10 01:42:27 | team | sess_6a8fe2fe62df | INFO | [fullstack1] processing 1 unread messages (steer=True)
2026-08-10 01:42:27 | team | sess_6a8fe2fe62df | INFO | Message daf0ba1e-20ea-44e0-b3a4-afa2edeab85e marked as read by fullstack1
2026-08-10 01:42:50 | team | sess_6a8fe2fe62df | INFO | team jiuwen_team_sess_6a8fe2fe62df reported completed: 9 members, 5 tasks
2026-08-10 01:42:50 | team | sess_6a8fe2fe62df | INFO | [fullstack1] received TEAM_STANDBY, pausing polls
2026-08-10 01:42:50 | team | sess_6a8fe2fe62df | INFO | EventBus[teammate] pausing polls
