2026-08-10 01:30:30 | team | sess_6a8fe2fe62df | INFO | Team workspace directory ensured at /srv/jwteam_clone/shared/run_current
2026-08-10 01:30:30 | team | sess_6a8fe2fe62df | INFO | AgentTeam manager initialized for jiuwen_team_sess_6a8fe2fe62df, member=team_leader
2026-08-10 01:30:30 | team | sess_6a8fe2fe62df | INFO | [team_leader] TeamPolicyRail static sections: section_names=['team_role', 'team_workflow', 'team_swarmflow', 'team_lifecycle', 'team_persona']
2026-08-10 01:30:31 | team | sess_6a8fe2fe62df | INFO | Session tables ready for session sess_6a8fe2fe62df
2026-08-10 01:30:31 | team | sess_6a8fe2fe62df | INFO | Team database initialized
2026-08-10 01:30:31 | team | default_trace_id | INFO | Team workspace directory ensured at /srv/jwteam_clone/shared/run_current
2026-08-10 01:30:31 | team | default_trace_id | INFO | AgentTeam manager initialized for jiuwen_team_sess_6a8fe2fe62df, member=planner2
2026-08-10 01:30:31 | team | default_trace_id | INFO | [planner2] TeamPolicyRail static sections: section_names=['team_role', 'team_persona']
2026-08-10 01:30:31 | team | sess_6a8fe2fe62df | INFO | [planner2] invoke start, role=teammate
2026-08-10 01:30:31 | team | sess_6a8fe2fe62df | INFO | [planner2] coordination starting
2026-08-10 01:30:31 | team | sess_6a8fe2fe62df | INFO | Session tables ready for session sess_6a8fe2fe62df
2026-08-10 01:30:31 | team | sess_6a8fe2fe62df | INFO | Workspace /srv/jwteam_clone/shared/run_current initialized as plain shared directory (version_control disabled)
2026-08-10 01:30:31 | team | sess_6a8fe2fe62df | INFO | EventBus[teammate] starting
2026-08-10 01:31:20 | team | sess_6a8fe2fe62df | INFO | [planner2] HITT section refresh: human_agent_names=[]
2026-08-10 01:31:31 | team | sess_6a8fe2fe62df | INFO | [planner2] processing 1 unread messages (steer=True)
2026-08-10 01:31:31 | team | sess_6a8fe2fe62df | INFO | Message 144edef8-d708-4a69-8f5e-c273c0ffec3c marked as read by planner2
2026-08-10 01:31:33 | team | sess_6a8fe2fe62df | INFO | Task plan_errors claimed by member planner2
2026-08-10 01:31:33 | team | sess_6a8fe2fe62df | INFO | Task plan_errors claimed by member planner2
2026-08-10 01:31:36 | team | sess_6a8fe2fe62df | INFO | [planner2] processing 1 unread messages (steer=True)
2026-08-10 01:31:36 | team | sess_6a8fe2fe62df | INFO | Message 56d81260-9520-403c-90c9-beaa2f223aaa marked as read by planner2
2026-08-10 01:31:42 | team | sess_6a8fe2fe62df | INFO | [planner2] processing 1 unread messages (steer=True)
2026-08-10 01:31:42 | team | sess_6a8fe2fe62df | INFO | Message 06326730-51c7-48b6-a680-54a85a6d9826 marked as read by planner2
2026-08-10 01:31:49 | team | sess_6a8fe2fe62df | INFO | Message a7f35616-a0bc-4b5b-8d66-020cf960d174 created
2026-08-10 01:31:53 | team | sess_6a8fe2fe62df | INFO | Message 1ccab482-ece5-42ed-aab0-687f543527a1 created
2026-08-10 01:31:57 | team | sess_6a8fe2fe62df | INFO | [planner2] processing 1 unread messages (steer=True)
2026-08-10 01:31:57 | team | sess_6a8fe2fe62df | INFO | Message 1aa0995b-5d76-478e-a7c6-0a7dce1ec8aa marked as read by planner2
2026-08-10 01:32:12 | team | sess_6a8fe2fe62df | INFO | Message d77a1973-fac8-499e-aa5a-88bdb054ee05 created
2026-08-10 01:32:39 | team | sess_6a8fe2fe62df | INFO | [planner2] processing 1 unread messages (steer=True)
2026-08-10 01:32:40 | team | sess_6a8fe2fe62df | INFO | Message 871693e0-bbc5-4c7f-a9f5-fab1bba489c3 marked as read by planner2
2026-08-10 01:33:06 | team | sess_6a8fe2fe62df | INFO | Message b5ebaa12-1799-4b07-bf20-aa628bed8151 created
2026-08-10 01:33:09 | team | sess_6a8fe2fe62df | INFO | Task plan_errors completed at 1786321989903
2026-08-10 01:33:09 | team | sess_6a8fe2fe62df | INFO | Resolved 1 dependencies for task plan_errors
2026-08-10 01:33:09 | team | sess_6a8fe2fe62df | INFO | Task implement_errors unblocked (all deps resolved)
2026-08-10 01:33:09 | team | sess_6a8fe2fe62df | INFO | Task plan_errors completed
2026-08-10 01:33:09 | team | sess_6a8fe2fe62df | INFO | Unblocked 1 tasks
2026-08-10 01:33:19 | team | sess_6a8fe2fe62df | INFO | Message 47c82a76-2ad3-42c5-9256-80695fbc6604 created
2026-08-10 01:33:32 | team | sess_6a8fe2fe62df | INFO | [planner2] processing 1 unread messages (steer=True)
2026-08-10 01:33:32 | team | sess_6a8fe2fe62df | INFO | Message aee4439f-4102-4c08-acc4-8204c2ddd930 marked as read by planner2
2026-08-10 01:42:12 | team | sess_6a8fe2fe62df | INFO | task list drained for team jiuwen_team_sess_6a8fe2fe62df: 5 terminal task(s)
2026-08-10 01:42:27 | team | sess_6a8fe2fe62df | INFO | [planner2] processing 1 unread messages (steer=True)
2026-08-10 01:42:27 | team | sess_6a8fe2fe62df | INFO | Message daf0ba1e-20ea-44e0-b3a4-afa2edeab85e marked as read by planner2
2026-08-10 01:42:50 | team | sess_6a8fe2fe62df | INFO | team jiuwen_team_sess_6a8fe2fe62df reported completed: 9 members, 5 tasks
2026-08-10 01:42:50 | team | sess_6a8fe2fe62df | INFO | [planner2] received TEAM_STANDBY, pausing polls
2026-08-10 01:42:50 | team | sess_6a8fe2fe62df | INFO | EventBus[teammate] pausing polls
