2026-08-10 01:30:32 | team | sess_6a8fe2fe62df | INFO | Team workspace directory ensured at /srv/jwteam_clone/shared/run_current
2026-08-10 01:30:32 | team | sess_6a8fe2fe62df | INFO | AgentTeam manager initialized for jiuwen_team_sess_6a8fe2fe62df, member=team_leader
2026-08-10 01:30:32 | team | sess_6a8fe2fe62df | INFO | [team_leader] TeamPolicyRail static sections: section_names=['team_role', 'team_workflow', 'team_swarmflow', 'team_lifecycle', 'team_persona']
2026-08-10 01:30:32 | team | sess_6a8fe2fe62df | INFO | Session tables ready for session sess_6a8fe2fe62df
2026-08-10 01:30:32 | team | sess_6a8fe2fe62df | INFO | Team database initialized
2026-08-10 01:30:32 | team | default_trace_id | INFO | Team workspace directory ensured at /srv/jwteam_clone/shared/run_current
2026-08-10 01:30:32 | team | default_trace_id | INFO | AgentTeam manager initialized for jiuwen_team_sess_6a8fe2fe62df, member=executor2
2026-08-10 01:30:32 | team | default_trace_id | INFO | [executor2] TeamPolicyRail static sections: section_names=['team_role', 'team_persona']
2026-08-10 01:30:32 | team | sess_6a8fe2fe62df | INFO | [executor2] invoke start, role=teammate
2026-08-10 01:30:32 | team | sess_6a8fe2fe62df | INFO | [executor2] coordination starting
2026-08-10 01:30:32 | team | sess_6a8fe2fe62df | INFO | Session tables ready for session sess_6a8fe2fe62df
2026-08-10 01:30:33 | team | sess_6a8fe2fe62df | INFO | Workspace /srv/jwteam_clone/shared/run_current initialized as plain shared directory (version_control disabled)
2026-08-10 01:30:33 | team | sess_6a8fe2fe62df | INFO | EventBus[teammate] starting
2026-08-10 01:31:20 | team | sess_6a8fe2fe62df | INFO | [executor2] HITT section refresh: human_agent_names=[]
2026-08-10 01:31:31 | team | sess_6a8fe2fe62df | INFO | [executor2] processing 1 unread messages (steer=True)
2026-08-10 01:31:31 | team | sess_6a8fe2fe62df | INFO | Message 144edef8-d708-4a69-8f5e-c273c0ffec3c marked as read by executor2
2026-08-10 01:33:03 | team | sess_6a8fe2fe62df | INFO | [executor2] processing 1 unread messages (steer=True)
2026-08-10 01:33:03 | team | sess_6a8fe2fe62df | INFO | Message 67c6557c-5272-485c-b34d-41700ce4dfc4 marked as read by executor2
2026-08-10 01:33:08 | team | sess_6a8fe2fe62df | INFO | Task implement_translation claimed by member executor2
2026-08-10 01:33:08 | team | sess_6a8fe2fe62df | INFO | Task implement_translation claimed by member executor2
2026-08-10 01:33:56 | team | sess_6a8fe2fe62df | INFO | Message c99ffe7b-7410-4bfd-8156-124f02559652 created
2026-08-10 01:35:17 | team | sess_6a8fe2fe62df | INFO | [executor2] processing 1 unread messages (steer=True)
2026-08-10 01:35:17 | team | sess_6a8fe2fe62df | INFO | Message 07665ab9-1246-42fe-856f-6a845af09459 marked as read by executor2
2026-08-10 01:36:47 | team | sess_6a8fe2fe62df | INFO | Message bdace318-275e-4d9b-84c7-3ad78d1d88b4 created
2026-08-10 01:37:51 | team | sess_6a8fe2fe62df | INFO | [executor2] processing 1 unread messages (steer=True)
2026-08-10 01:37:51 | team | sess_6a8fe2fe62df | INFO | Message 4f927f9c-414f-418e-b9b2-9f65090df880 marked as read by executor2
2026-08-10 01:40:12 | team | sess_6a8fe2fe62df | INFO | Task implement_translation completed at 1786322412577
2026-08-10 01:40:12 | team | sess_6a8fe2fe62df | INFO | Resolved 1 dependencies for task implement_translation
2026-08-10 01:40:12 | team | sess_6a8fe2fe62df | INFO | Task verify unblocked (all deps resolved)
2026-08-10 01:40:12 | team | sess_6a8fe2fe62df | INFO | Task implement_translation completed
2026-08-10 01:40:12 | team | sess_6a8fe2fe62df | INFO | Unblocked 1 tasks
2026-08-10 01:40:19 | team | sess_6a8fe2fe62df | INFO | Message 70cc006d-ef87-4c11-a98b-7f8514de4202 created
2026-08-10 01:42:12 | team | sess_6a8fe2fe62df | INFO | task list drained for team jiuwen_team_sess_6a8fe2fe62df: 5 terminal task(s)
2026-08-10 01:42:27 | team | sess_6a8fe2fe62df | INFO | [executor2] processing 1 unread messages (steer=True)
2026-08-10 01:42:27 | team | sess_6a8fe2fe62df | INFO | Message daf0ba1e-20ea-44e0-b3a4-afa2edeab85e marked as read by executor2
2026-08-10 01:42:50 | team | sess_6a8fe2fe62df | INFO | team jiuwen_team_sess_6a8fe2fe62df reported completed: 9 members, 5 tasks
2026-08-10 01:42:50 | team | sess_6a8fe2fe62df | INFO | [executor2] received TEAM_STANDBY, pausing polls
2026-08-10 01:42:50 | team | sess_6a8fe2fe62df | INFO | EventBus[teammate] pausing polls
