2026-08-09 19:51:37 | team | sess_ab18db0172de | INFO | Team workspace directory ensured at /srv/jwteam_clone/shared/run_current
2026-08-09 19:51:37 | team | sess_ab18db0172de | INFO | AgentTeam manager initialized for jiuwen_team_sess_ab18db0172de, member=team_leader
2026-08-09 19:51:37 | team | sess_ab18db0172de | INFO | [team_leader] TeamPolicyRail static sections: section_names=['team_role', 'team_workflow', 'team_swarmflow', 'team_lifecycle', 'team_persona']
2026-08-09 19:51:37 | team | sess_ab18db0172de | INFO | Session tables ready for session sess_ab18db0172de
2026-08-09 19:51:37 | team | sess_ab18db0172de | INFO | Team database initialized
2026-08-09 19:51:37 | team | default_trace_id | INFO | Team workspace directory ensured at /srv/jwteam_clone/shared/run_current
2026-08-09 19:51:37 | team | default_trace_id | INFO | AgentTeam manager initialized for jiuwen_team_sess_ab18db0172de, member=planner2
2026-08-09 19:51:37 | team | default_trace_id | INFO | [planner2] TeamPolicyRail static sections: section_names=['team_role', 'team_persona']
2026-08-09 19:51:37 | team | sess_ab18db0172de | INFO | [planner2] invoke start, role=teammate
2026-08-09 19:51:37 | team | sess_ab18db0172de | INFO | [planner2] coordination starting
2026-08-09 19:51:37 | team | sess_ab18db0172de | INFO | Session tables ready for session sess_ab18db0172de
2026-08-09 19:51:37 | team | sess_ab18db0172de | INFO | Workspace /srv/jwteam_clone/shared/run_current initialized as plain shared directory (version_control disabled)
2026-08-09 19:51:37 | team | sess_ab18db0172de | INFO | EventBus[teammate] starting
2026-08-09 19:53:12 | team | sess_ab18db0172de | INFO | [planner2] HITT section refresh: human_agent_names=[]
2026-08-09 19:53:27 | team | sess_ab18db0172de | INFO | [planner2] processing 1 unread messages (steer=True)
2026-08-09 19:53:27 | team | sess_ab18db0172de | INFO | Message 9febb03b-5e3d-402a-8835-b4b8d7965c9f marked as read by planner2
2026-08-09 19:53:36 | team | sess_ab18db0172de | INFO | Message f32a511a-1eac-4d67-8a8d-e50a951b6f74 created
2026-08-09 19:53:42 | team | sess_ab18db0172de | INFO | [planner2] processing 1 unread messages (steer=True)
2026-08-09 19:53:42 | team | sess_ab18db0172de | INFO | Message 7a06e71f-a55b-4835-900e-1d95f93ee7ca marked as read by planner2
2026-08-09 19:53:46 | team | sess_ab18db0172de | INFO | Task plan_errors claimed by member planner2
2026-08-09 19:53:46 | team | sess_ab18db0172de | INFO | Task plan_errors claimed by member planner2
2026-08-09 19:53:47 | team | sess_ab18db0172de | INFO | [planner2] processing 1 unread messages (steer=True)
2026-08-09 19:53:47 | team | sess_ab18db0172de | INFO | Message 8769feee-89a7-47be-b674-8072039a6a18 marked as read by planner2
2026-08-09 19:55:39 | team | sess_ab18db0172de | INFO | Message 8e6d6b8b-2dd2-4064-a243-5485b3c9f5ce created
2026-08-09 19:55:47 | team | sess_ab18db0172de | INFO | Task plan_errors completed at 1786301747851
2026-08-09 19:55:47 | team | sess_ab18db0172de | INFO | Resolved 1 dependencies for task plan_errors
2026-08-09 19:55:47 | team | sess_ab18db0172de | INFO | Task implement_errors unblocked (all deps resolved)
2026-08-09 19:55:47 | team | sess_ab18db0172de | INFO | Task plan_errors completed
2026-08-09 19:55:47 | team | sess_ab18db0172de | INFO | Unblocked 1 tasks
2026-08-09 19:55:55 | team | sess_ab18db0172de | INFO | Message 3b3a59bd-fa7f-40f0-af2f-b3a572a5d90b created
2026-08-09 19:56:10 | team | sess_ab18db0172de | INFO | [planner2] processing 1 unread messages (steer=True)
2026-08-09 19:56:10 | team | sess_ab18db0172de | INFO | Message 42489c6a-0d4c-4259-83cd-6c6f233ea0c8 marked as read by planner2
2026-08-09 19:58:07 | team | sess_ab18db0172de | INFO | task list drained for team jiuwen_team_sess_ab18db0172de: 5 terminal task(s)
2026-08-09 19:58:18 | team | sess_ab18db0172de | INFO | [planner2] processing 1 unread messages (steer=True)
2026-08-09 19:58:19 | team | sess_ab18db0172de | INFO | Message d4896fa1-6bfc-4605-b8a6-3159abc3fa65 marked as read by planner2
2026-08-09 19:58:56 | team | sess_ab18db0172de | INFO | team jiuwen_team_sess_ab18db0172de reported completed: 9 members, 5 tasks
2026-08-09 19:58:56 | team | sess_ab18db0172de | INFO | [planner2] received TEAM_STANDBY, pausing polls
2026-08-09 19:58:56 | team | sess_ab18db0172de | INFO | EventBus[teammate] pausing polls
