2026-08-09 19:51:43 | team | sess_ab18db0172de | INFO | Team workspace directory ensured at /srv/jwteam_clone/shared/run_current
2026-08-09 19:51:43 | team | sess_ab18db0172de | INFO | AgentTeam manager initialized for jiuwen_team_sess_ab18db0172de, member=team_leader
2026-08-09 19:51:43 | team | sess_ab18db0172de | INFO | [team_leader] TeamPolicyRail static sections: section_names=['team_role', 'team_workflow', 'team_swarmflow', 'team_lifecycle', 'team_persona']
2026-08-09 19:51:43 | team | sess_ab18db0172de | INFO | Session tables ready for session sess_ab18db0172de
2026-08-09 19:51:43 | team | sess_ab18db0172de | INFO | Team database initialized
2026-08-09 19:51:43 | team | default_trace_id | INFO | Team workspace directory ensured at /srv/jwteam_clone/shared/run_current
2026-08-09 19:51:43 | team | default_trace_id | INFO | AgentTeam manager initialized for jiuwen_team_sess_ab18db0172de, member=verifier2
2026-08-09 19:51:43 | team | default_trace_id | INFO | [verifier2] TeamPolicyRail static sections: section_names=['team_role', 'team_persona']
2026-08-09 19:51:43 | team | sess_ab18db0172de | INFO | [verifier2] invoke start, role=teammate
2026-08-09 19:51:43 | team | sess_ab18db0172de | INFO | [verifier2] coordination starting
2026-08-09 19:51:43 | team | sess_ab18db0172de | INFO | Session tables ready for session sess_ab18db0172de
2026-08-09 19:51:43 | team | sess_ab18db0172de | INFO | Workspace /srv/jwteam_clone/shared/run_current initialized as plain shared directory (version_control disabled)
2026-08-09 19:51:43 | team | sess_ab18db0172de | INFO | EventBus[teammate] starting
2026-08-09 19:53:12 | team | sess_ab18db0172de | INFO | [verifier2] HITT section refresh: human_agent_names=[]
2026-08-09 19:53:27 | team | sess_ab18db0172de | INFO | [verifier2] processing 1 unread messages (steer=True)
2026-08-09 19:53:27 | team | sess_ab18db0172de | INFO | Message 9febb03b-5e3d-402a-8835-b4b8d7965c9f marked as read by verifier2
2026-08-09 19:53:55 | team | sess_ab18db0172de | INFO | Message b98dd06d-7690-42c6-a668-6988e5acd16f created
2026-08-09 19:54:06 | team | sess_ab18db0172de | INFO | [verifier2] processing 1 unread messages (steer=True)
2026-08-09 19:54:06 | team | sess_ab18db0172de | INFO | Message 549797b1-8408-4dfe-b606-d35aa383e023 marked as read by verifier2
2026-08-09 19:57:01 | team | sess_ab18db0172de | INFO | Message db2e2fbe-6d66-4601-8df0-ed41529e3a8a created
2026-08-09 19:57:16 | team | sess_ab18db0172de | INFO | [verifier2] processing 1 unread messages (steer=True)
2026-08-09 19:57:16 | team | sess_ab18db0172de | INFO | Message f801c6f8-d5be-4e27-801a-d3db69744e36 marked as read by verifier2
2026-08-09 19:57:22 | team | sess_ab18db0172de | INFO | Message 7ce11901-b524-4a31-b1d5-07b6fa34a71f created
2026-08-09 19:58:07 | team | sess_ab18db0172de | INFO | task list drained for team jiuwen_team_sess_ab18db0172de: 5 terminal task(s)
2026-08-09 19:58:13 | team | sess_ab18db0172de | INFO | [verifier2] processing 1 unread messages (steer=True)
2026-08-09 19:58:13 | team | sess_ab18db0172de | INFO | Message 6af4e0ab-0485-4601-a409-10aa84bb4cc6 marked as read by verifier2
2026-08-09 19:58:18 | team | sess_ab18db0172de | INFO | [verifier2] processing 1 unread messages (steer=True)
2026-08-09 19:58:18 | team | sess_ab18db0172de | INFO | Message d4896fa1-6bfc-4605-b8a6-3159abc3fa65 marked as read by verifier2
2026-08-09 19:58:56 | team | sess_ab18db0172de | INFO | team jiuwen_team_sess_ab18db0172de reported completed: 9 members, 5 tasks
2026-08-09 19:58:56 | team | sess_ab18db0172de | INFO | [verifier2] received TEAM_STANDBY, pausing polls
2026-08-09 19:58:56 | team | sess_ab18db0172de | INFO | EventBus[teammate] pausing polls
