2026-08-09 19:51:39 | team | sess_ab18db0172de | INFO | Team workspace directory ensured at /srv/jwteam_clone/shared/run_current
2026-08-09 19:51:39 | team | sess_ab18db0172de | INFO | AgentTeam manager initialized for jiuwen_team_sess_ab18db0172de, member=team_leader
2026-08-09 19:51:39 | team | sess_ab18db0172de | INFO | [team_leader] TeamPolicyRail static sections: section_names=['team_role', 'team_workflow', 'team_swarmflow', 'team_lifecycle', 'team_persona']
2026-08-09 19:51:39 | team | sess_ab18db0172de | INFO | Session tables ready for session sess_ab18db0172de
2026-08-09 19:51:39 | team | sess_ab18db0172de | INFO | Team database initialized
2026-08-09 19:51:39 | team | default_trace_id | INFO | Team workspace directory ensured at /srv/jwteam_clone/shared/run_current
2026-08-09 19:51:39 | team | default_trace_id | INFO | AgentTeam manager initialized for jiuwen_team_sess_ab18db0172de, member=executor2
2026-08-09 19:51:39 | team | default_trace_id | INFO | [executor2] TeamPolicyRail static sections: section_names=['team_role', 'team_persona']
2026-08-09 19:51:39 | team | sess_ab18db0172de | INFO | [executor2] invoke start, role=teammate
2026-08-09 19:51:39 | team | sess_ab18db0172de | INFO | [executor2] coordination starting
2026-08-09 19:51:39 | team | sess_ab18db0172de | INFO | Session tables ready for session sess_ab18db0172de
2026-08-09 19:51:40 | team | sess_ab18db0172de | INFO | Workspace /srv/jwteam_clone/shared/run_current initialized as plain shared directory (version_control disabled)
2026-08-09 19:51:40 | team | sess_ab18db0172de | INFO | EventBus[teammate] starting
2026-08-09 19:53:12 | team | sess_ab18db0172de | INFO | [executor2] HITT section refresh: human_agent_names=[]
2026-08-09 19:53:27 | team | sess_ab18db0172de | INFO | [executor2] processing 1 unread messages (steer=True)
2026-08-09 19:53:27 | team | sess_ab18db0172de | INFO | Message 9febb03b-5e3d-402a-8835-b4b8d7965c9f marked as read by executor2
2026-08-09 19:55:22 | team | sess_ab18db0172de | INFO | [executor2] processing 1 unread messages (steer=True)
2026-08-09 19:55:22 | team | sess_ab18db0172de | INFO | Message 483502bb-bf65-4bf0-93fc-f6cfeef14bbf marked as read by executor2
2026-08-09 19:55:59 | team | sess_ab18db0172de | INFO | Task implement_translation claimed by member executor2
2026-08-09 19:55:59 | team | sess_ab18db0172de | INFO | Task implement_translation claimed by member executor2
2026-08-09 19:56:48 | team | sess_ab18db0172de | INFO | Task implement_translation completed at 1786301808023
2026-08-09 19:56:48 | team | sess_ab18db0172de | INFO | Message 6853015d-ba64-4bac-b669-a03e0e2fc7c3 created
2026-08-09 19:56:48 | team | sess_ab18db0172de | INFO | Resolved 1 dependencies for task implement_translation
2026-08-09 19:56:48 | team | sess_ab18db0172de | INFO | Task verify_all unblocked (all deps resolved)
2026-08-09 19:56:48 | team | sess_ab18db0172de | INFO | Task implement_translation completed
2026-08-09 19:56:48 | team | sess_ab18db0172de | INFO | Unblocked 1 tasks
2026-08-09 19:58:07 | team | sess_ab18db0172de | INFO | task list drained for team jiuwen_team_sess_ab18db0172de: 5 terminal task(s)
2026-08-09 19:58:18 | team | sess_ab18db0172de | INFO | [executor2] processing 1 unread messages (steer=True)
2026-08-09 19:58:19 | team | sess_ab18db0172de | INFO | Message d4896fa1-6bfc-4605-b8a6-3159abc3fa65 marked as read by executor2
2026-08-09 19:58:56 | team | sess_ab18db0172de | INFO | team jiuwen_team_sess_ab18db0172de reported completed: 9 members, 5 tasks
2026-08-09 19:58:56 | team | sess_ab18db0172de | INFO | [executor2] received TEAM_STANDBY, pausing polls
2026-08-09 19:58:56 | team | sess_ab18db0172de | INFO | EventBus[teammate] pausing polls
