2026-08-09 19:51:42 | team | sess_ab18db0172de | INFO | Team workspace directory ensured at /srv/jwteam_clone/shared/run_current
2026-08-09 19:51:42 | team | sess_ab18db0172de | INFO | AgentTeam manager initialized for jiuwen_team_sess_ab18db0172de, member=team_leader
2026-08-09 19:51:42 | team | sess_ab18db0172de | INFO | [team_leader] TeamPolicyRail static sections: section_names=['team_role', 'team_workflow', 'team_swarmflow', 'team_lifecycle', 'team_persona']
2026-08-09 19:51:42 | team | sess_ab18db0172de | INFO | Session tables ready for session sess_ab18db0172de
2026-08-09 19:51:42 | team | sess_ab18db0172de | INFO | Team database initialized
2026-08-09 19:51:42 | team | default_trace_id | INFO | Team workspace directory ensured at /srv/jwteam_clone/shared/run_current
2026-08-09 19:51:42 | team | default_trace_id | INFO | AgentTeam manager initialized for jiuwen_team_sess_ab18db0172de, member=verifier1
2026-08-09 19:51:42 | team | default_trace_id | INFO | [verifier1] TeamPolicyRail static sections: section_names=['team_role', 'team_persona']
2026-08-09 19:51:42 | team | sess_ab18db0172de | INFO | [verifier1] invoke start, role=teammate
2026-08-09 19:51:42 | team | sess_ab18db0172de | INFO | [verifier1] coordination starting
2026-08-09 19:51:42 | team | sess_ab18db0172de | INFO | Session tables ready for session sess_ab18db0172de
2026-08-09 19:51:42 | team | sess_ab18db0172de | INFO | Workspace /srv/jwteam_clone/shared/run_current initialized as plain shared directory (version_control disabled)
2026-08-09 19:51:42 | team | sess_ab18db0172de | INFO | EventBus[teammate] starting
2026-08-09 19:53:12 | team | sess_ab18db0172de | INFO | [verifier1] HITT section refresh: human_agent_names=[]
2026-08-09 19:53:27 | team | sess_ab18db0172de | INFO | [verifier1] processing 1 unread messages (steer=True)
2026-08-09 19:53:27 | team | sess_ab18db0172de | INFO | Message 9febb03b-5e3d-402a-8835-b4b8d7965c9f marked as read by verifier1
2026-08-09 19:56:15 | team | sess_ab18db0172de | INFO | [verifier1] processing 1 unread messages (steer=True)
2026-08-09 19:56:16 | team | sess_ab18db0172de | INFO | Message c06e70f8-91b6-40f5-8e25-730b646bd9d1 marked as read by verifier1
2026-08-09 19:56:30 | team | sess_ab18db0172de | INFO | Message 74ed0082-9297-45cc-b8d6-39f93ec95079 created
2026-08-09 19:56:48 | team | sess_ab18db0172de | INFO | [verifier1] processing 1 unread messages (steer=True)
2026-08-09 19:56:48 | team | sess_ab18db0172de | INFO | Message 6853015d-ba64-4bac-b669-a03e0e2fc7c3 marked as read by verifier1
2026-08-09 19:57:01 | team | sess_ab18db0172de | INFO | Task verify_all claimed by member verifier1
2026-08-09 19:57:01 | team | sess_ab18db0172de | INFO | Task verify_all claimed by member verifier1
2026-08-09 19:57:01 | team | sess_ab18db0172de | INFO | [verifier1] processing 1 unread messages (steer=True)
2026-08-09 19:57:01 | team | sess_ab18db0172de | INFO | Message db2e2fbe-6d66-4601-8df0-ed41529e3a8a marked as read by verifier1
2026-08-09 19:57:11 | team | sess_ab18db0172de | INFO | [verifier1] processing 1 unread messages (steer=True)
2026-08-09 19:57:11 | team | sess_ab18db0172de | INFO | Message b8284c7d-09eb-40e1-9612-9f70f04abf90 marked as read by verifier1
2026-08-09 19:57:16 | team | sess_ab18db0172de | INFO | Message f801c6f8-d5be-4e27-801a-d3db69744e36 created
2026-08-09 19:57:22 | team | sess_ab18db0172de | INFO | [verifier1] processing 1 unread messages (steer=True)
2026-08-09 19:57:22 | team | sess_ab18db0172de | INFO | Message 7ce11901-b524-4a31-b1d5-07b6fa34a71f marked as read by verifier1
2026-08-09 19:58:07 | team | sess_ab18db0172de | INFO | Task verify_all completed at 1786301887816
2026-08-09 19:58:07 | team | sess_ab18db0172de | INFO | Message 2d93627e-2e6a-49a1-a60b-d9730a9aaafb created
2026-08-09 19:58:07 | team | sess_ab18db0172de | INFO | Task verify_all completed
2026-08-09 19:58:12 | team | sess_ab18db0172de | INFO | Message 6af4e0ab-0485-4601-a409-10aa84bb4cc6 created
2026-08-09 19:58:18 | team | sess_ab18db0172de | INFO | [verifier1] processing 1 unread messages (steer=True)
2026-08-09 19:58:18 | team | sess_ab18db0172de | INFO | Message d4896fa1-6bfc-4605-b8a6-3159abc3fa65 marked as read by verifier1
2026-08-09 19:58:56 | team | sess_ab18db0172de | INFO | team jiuwen_team_sess_ab18db0172de reported completed: 9 members, 5 tasks
2026-08-09 19:58:56 | team | sess_ab18db0172de | INFO | [verifier1] received TEAM_STANDBY, pausing polls
2026-08-09 19:58:56 | team | sess_ab18db0172de | INFO | EventBus[teammate] pausing polls
