2026-08-09 23:09:59 | team | sess_7bc34bbdda97 | INFO | Team workspace directory ensured at /srv/jwteam_clone/shared/run_current
2026-08-09 23:09:59 | team | sess_7bc34bbdda97 | INFO | AgentTeam manager initialized for jiuwen_team_sess_7bc34bbdda97, member=team_leader
2026-08-09 23:09:59 | team | sess_7bc34bbdda97 | INFO | [team_leader] TeamPolicyRail static sections: section_names=['team_role', 'team_workflow', 'team_swarmflow', 'team_lifecycle', 'team_persona']
2026-08-09 23:09:59 | team | sess_7bc34bbdda97 | INFO | Session tables ready for session sess_7bc34bbdda97
2026-08-09 23:09:59 | team | sess_7bc34bbdda97 | INFO | Team database initialized
2026-08-09 23:09:59 | team | default_trace_id | INFO | Team workspace directory ensured at /srv/jwteam_clone/shared/run_current
2026-08-09 23:09:59 | team | default_trace_id | INFO | AgentTeam manager initialized for jiuwen_team_sess_7bc34bbdda97, member=verifier1
2026-08-09 23:09:59 | team | default_trace_id | INFO | [verifier1] TeamPolicyRail static sections: section_names=['team_role', 'team_persona']
2026-08-09 23:09:59 | team | sess_7bc34bbdda97 | INFO | [verifier1] invoke start, role=teammate
2026-08-09 23:09:59 | team | sess_7bc34bbdda97 | INFO | [verifier1] coordination starting
2026-08-09 23:09:59 | team | sess_7bc34bbdda97 | INFO | Session tables ready for session sess_7bc34bbdda97
2026-08-09 23:09:59 | team | sess_7bc34bbdda97 | INFO | Workspace /srv/jwteam_clone/shared/run_current initialized as plain shared directory (version_control disabled)
2026-08-09 23:09:59 | team | sess_7bc34bbdda97 | INFO | EventBus[teammate] starting
2026-08-09 23:10:20 | team | sess_7bc34bbdda97 | INFO | [verifier1] HITT section refresh: human_agent_names=[]
2026-08-09 23:10:31 | team | sess_7bc34bbdda97 | INFO | [verifier1] processing 1 unread messages (steer=True)
2026-08-09 23:10:31 | team | sess_7bc34bbdda97 | INFO | Message 63d5e3a2-d9bc-470f-bcfe-30931e8035ae marked as read by verifier1
2026-08-09 23:10:57 | team | sess_7bc34bbdda97 | INFO | Message 09bb86e0-7b26-4fb7-ba47-af1de42a40d7 created
2026-08-09 23:10:57 | team | sess_7bc34bbdda97 | INFO | Message 52508776-ac62-4aaf-ac24-2ec05063c817 created
2026-08-09 23:11:10 | team | sess_7bc34bbdda97 | INFO | [verifier1] processing 1 unread messages (steer=True)
2026-08-09 23:11:10 | team | sess_7bc34bbdda97 | INFO | Message 1c0f825b-f906-4639-9d0f-9ebb8003e43e marked as read by verifier1
2026-08-09 23:11:17 | team | sess_7bc34bbdda97 | INFO | [verifier1] processing 1 unread messages (steer=True)
2026-08-09 23:11:17 | team | sess_7bc34bbdda97 | INFO | Message 528d4582-fa48-470a-9a84-cbbcd760f354 marked as read by verifier1
2026-08-09 23:13:43 | team | sess_7bc34bbdda97 | INFO | [verifier1] processing 1 unread messages (steer=True)
2026-08-09 23:13:44 | team | sess_7bc34bbdda97 | INFO | Message 4b3c7b09-d149-4c1f-a077-586c269d8698 marked as read by verifier1
2026-08-09 23:13:57 | team | sess_7bc34bbdda97 | INFO | Message 1c8067fb-622f-4896-895f-503b0da01cf6 created
2026-08-09 23:15:11 | team | sess_7bc34bbdda97 | INFO | [verifier1] processing 1 unread messages (steer=True)
2026-08-09 23:15:11 | team | sess_7bc34bbdda97 | INFO | Message 86b3d8b3-5db3-4933-9ebe-0e5837e67344 marked as read by verifier1
2026-08-09 23:15:16 | team | sess_7bc34bbdda97 | INFO | Task verify_compliance claimed by member verifier1
2026-08-09 23:15:16 | team | sess_7bc34bbdda97 | INFO | Task verify_compliance claimed by member verifier1
2026-08-09 23:16:31 | team | sess_7bc34bbdda97 | INFO | Task verify_compliance completed at 1786313791900
2026-08-09 23:16:31 | team | sess_7bc34bbdda97 | INFO | Task verify_compliance completed
2026-08-09 23:16:39 | team | sess_7bc34bbdda97 | INFO | Message f9c1f3bd-2e36-4f0d-8a56-e1ab0287932b created
2026-08-09 23:16:48 | team | sess_7bc34bbdda97 | INFO | [verifier1] processing 1 unread messages (steer=True)
2026-08-09 23:16:48 | team | sess_7bc34bbdda97 | INFO | Message 1d5ad53b-5fcf-48b2-a7fa-5e2e4cd738bb marked as read by verifier1
2026-08-09 23:17:13 | team | sess_7bc34bbdda97 | INFO | task list drained for team jiuwen_team_sess_7bc34bbdda97: 6 terminal task(s)
2026-08-09 23:17:24 | team | sess_7bc34bbdda97 | INFO | [verifier1] processing 1 unread messages (steer=True)
2026-08-09 23:17:24 | team | sess_7bc34bbdda97 | INFO | Message f8a1968e-bbfa-40da-b177-7de62ad93af8 marked as read by verifier1
2026-08-09 23:17:55 | team | sess_7bc34bbdda97 | INFO | Message 96ca715e-657c-4942-95aa-ae37c5ac3269 created
2026-08-09 23:18:08 | team | sess_7bc34bbdda97 | INFO | task list drained for team jiuwen_team_sess_7bc34bbdda97: 7 terminal task(s)
2026-08-09 23:18:10 | team | sess_7bc34bbdda97 | INFO | [verifier1] processing 1 unread messages (steer=True)
2026-08-09 23:18:10 | team | sess_7bc34bbdda97 | INFO | Message 6c24b366-ab33-4ee5-9399-b78dbe6ecc11 marked as read by verifier1
2026-08-09 23:18:25 | team | sess_7bc34bbdda97 | INFO | [verifier1] processing 1 unread messages (steer=True)
2026-08-09 23:18:25 | team | sess_7bc34bbdda97 | INFO | Message 52aa670f-5358-497b-9196-f0c70b657670 marked as read by verifier1
2026-08-09 23:19:18 | team | sess_7bc34bbdda97 | INFO | team jiuwen_team_sess_7bc34bbdda97 reported completed: 9 members, 7 tasks
2026-08-09 23:19:19 | team | sess_7bc34bbdda97 | INFO | [verifier1] received TEAM_STANDBY, pausing polls
2026-08-09 23:19:19 | team | sess_7bc34bbdda97 | INFO | EventBus[teammate] pausing polls
