2026-08-09 23:09:57 | team | sess_7bc34bbdda97 | INFO | Team workspace directory ensured at /srv/jwteam_clone/shared/run_current
2026-08-09 23:09:57 | team | sess_7bc34bbdda97 | INFO | AgentTeam manager initialized for jiuwen_team_sess_7bc34bbdda97, member=team_leader
2026-08-09 23:09:57 | team | sess_7bc34bbdda97 | INFO | [team_leader] TeamPolicyRail static sections: section_names=['team_role', 'team_workflow', 'team_swarmflow', 'team_lifecycle', 'team_persona']
2026-08-09 23:09:57 | team | sess_7bc34bbdda97 | INFO | Session tables ready for session sess_7bc34bbdda97
2026-08-09 23:09:57 | team | sess_7bc34bbdda97 | INFO | Team database initialized
2026-08-09 23:09:57 | team | default_trace_id | INFO | Team workspace directory ensured at /srv/jwteam_clone/shared/run_current
2026-08-09 23:09:57 | team | default_trace_id | INFO | AgentTeam manager initialized for jiuwen_team_sess_7bc34bbdda97, member=executor1
2026-08-09 23:09:57 | team | default_trace_id | INFO | [executor1] TeamPolicyRail static sections: section_names=['team_role', 'team_persona']
2026-08-09 23:09:57 | team | sess_7bc34bbdda97 | INFO | [executor1] invoke start, role=teammate
2026-08-09 23:09:57 | team | sess_7bc34bbdda97 | INFO | [executor1] coordination starting
2026-08-09 23:09:57 | team | sess_7bc34bbdda97 | INFO | Session tables ready for session sess_7bc34bbdda97
2026-08-09 23:09:57 | team | sess_7bc34bbdda97 | INFO | Workspace /srv/jwteam_clone/shared/run_current initialized as plain shared directory (version_control disabled)
2026-08-09 23:09:57 | team | sess_7bc34bbdda97 | INFO | EventBus[teammate] starting
2026-08-09 23:10:20 | team | sess_7bc34bbdda97 | INFO | [executor1] HITT section refresh: human_agent_names=[]
2026-08-09 23:10:31 | team | sess_7bc34bbdda97 | INFO | [executor1] processing 1 unread messages (steer=True)
2026-08-09 23:10:31 | team | sess_7bc34bbdda97 | INFO | Message 63d5e3a2-d9bc-470f-bcfe-30931e8035ae marked as read by executor1
2026-08-09 23:10:53 | team | sess_7bc34bbdda97 | INFO | [executor1] processing 1 unread messages (steer=True)
2026-08-09 23:10:53 | team | sess_7bc34bbdda97 | INFO | Message 00ad87e5-c26e-4b22-81e7-6af0b34c6934 marked as read by executor1
2026-08-09 23:11:04 | team | sess_7bc34bbdda97 | INFO | Message c39f491d-1230-4502-8017-74f4d7f85cca created
2026-08-09 23:11:13 | team | sess_7bc34bbdda97 | INFO | [executor1] processing 1 unread messages (steer=True)
2026-08-09 23:11:13 | team | sess_7bc34bbdda97 | INFO | Message 014f7cae-31e8-4ee8-99a6-da8b9b178151 marked as read by executor1
2026-08-09 23:11:20 | team | sess_7bc34bbdda97 | INFO | Message d88fbf8f-fd6e-4c23-96a8-bfb7418895ad created
2026-08-09 23:11:22 | team | sess_7bc34bbdda97 | INFO | [executor1] processing 1 unread messages (steer=True)
2026-08-09 23:11:22 | team | sess_7bc34bbdda97 | INFO | Message 1c58d00d-f5c9-4506-b8da-4460342aaea8 marked as read by executor1
2026-08-09 23:11:27 | team | sess_7bc34bbdda97 | INFO | [executor1] processing 1 unread messages (steer=True)
2026-08-09 23:11:27 | team | sess_7bc34bbdda97 | INFO | Message b91e7386-dc12-4d47-b5e1-f49e856d476f marked as read by executor1
2026-08-09 23:11:33 | team | sess_7bc34bbdda97 | INFO | Message 598b7718-4fcd-4cb0-8035-10db88d662cc created
2026-08-09 23:12:15 | team | sess_7bc34bbdda97 | INFO | [executor1] processing 1 unread messages (steer=True)
2026-08-09 23:12:15 | team | sess_7bc34bbdda97 | INFO | Message ec4e8cef-9732-4393-ba86-76e0eb02658f marked as read by executor1
2026-08-09 23:12:25 | team | sess_7bc34bbdda97 | INFO | Message bdc4b2d8-d0ab-43d0-875f-a3749ecfd781 created
2026-08-09 23:12:35 | team | sess_7bc34bbdda97 | INFO | Message 72403997-c849-472a-9314-9a5b66316705 created
2026-08-09 23:12:35 | team | sess_7bc34bbdda97 | INFO | Message 62bc0994-8907-493e-8bab-839fe672d936 created
2026-08-09 23:12:40 | team | sess_7bc34bbdda97 | INFO | Message 7abaf246-1ec8-4513-a3cb-fa74d9c54824 created
2026-08-09 23:12:44 | team | sess_7bc34bbdda97 | INFO | [executor1] processing 1 unread messages (steer=True)
2026-08-09 23:12:45 | team | sess_7bc34bbdda97 | INFO | Message b47b4b1c-b8f6-4b5e-a541-4e12bfe4700c marked as read by executor1
2026-08-09 23:12:53 | team | sess_7bc34bbdda97 | INFO | Message f41e3ec0-2245-448d-a6ee-c8f708cce9f8 created
2026-08-09 23:13:02 | team | sess_7bc34bbdda97 | INFO | Task implement_audit claimed by member executor1
2026-08-09 23:13:02 | team | sess_7bc34bbdda97 | INFO | Task implement_audit claimed by member executor1
2026-08-09 23:13:02 | team | sess_7bc34bbdda97 | INFO | [executor1] processing 1 unread messages (steer=True)
2026-08-09 23:13:02 | team | sess_7bc34bbdda97 | INFO | Message b7872f77-a775-4936-a492-b2d507f5e907 marked as read by executor1
2026-08-09 23:13:10 | team | sess_7bc34bbdda97 | INFO | [executor1] processing 1 unread messages (steer=True)
2026-08-09 23:13:10 | team | sess_7bc34bbdda97 | INFO | Message 5ce18ed5-75b2-40a5-b1b7-24a221e04e12 marked as read by executor1
2026-08-09 23:15:11 | team | sess_7bc34bbdda97 | INFO | Message 8fb1f45e-622a-40e8-bf50-010273a73ba0 created
2026-08-09 23:15:11 | team | sess_7bc34bbdda97 | INFO | Message 86b3d8b3-5db3-4933-9ebe-0e5837e67344 created
2026-08-09 23:15:11 | team | sess_7bc34bbdda97 | INFO | Message 63413a89-287a-411a-9b67-d56d36085a48 created
2026-08-09 23:15:16 | team | sess_7bc34bbdda97 | INFO | Task implement_audit completed at 1786313716123
2026-08-09 23:15:16 | team | sess_7bc34bbdda97 | INFO | Resolved 2 dependencies for task implement_audit
2026-08-09 23:15:16 | team | sess_7bc34bbdda97 | INFO | Task verify_compliance unblocked (all deps resolved)
2026-08-09 23:15:16 | team | sess_7bc34bbdda97 | INFO | Task verify_security unblocked (all deps resolved)
2026-08-09 23:15:16 | team | sess_7bc34bbdda97 | INFO | Task implement_audit completed
2026-08-09 23:15:16 | team | sess_7bc34bbdda97 | INFO | Unblocked 2 tasks
2026-08-09 23:15:20 | team | sess_7bc34bbdda97 | INFO | [executor1] processing 1 unread messages (steer=True)
2026-08-09 23:15:20 | team | sess_7bc34bbdda97 | INFO | Message d716118a-32fd-4230-9803-35b15b8b0270 marked as read by executor1
2026-08-09 23:15:54 | team | sess_7bc34bbdda97 | INFO | [executor1] processing 1 unread messages (steer=True)
2026-08-09 23:15:54 | team | sess_7bc34bbdda97 | INFO | Message 83d168bd-099f-423e-a7b2-1e1d1b42d33e marked as read by executor1
2026-08-09 23:17:13 | team | sess_7bc34bbdda97 | INFO | task list drained for team jiuwen_team_sess_7bc34bbdda97: 6 terminal task(s)
2026-08-09 23:17:19 | team | sess_7bc34bbdda97 | INFO | [executor1] processing 1 unread messages (steer=True)
2026-08-09 23:17:19 | team | sess_7bc34bbdda97 | INFO | Message 79182448-0d94-4ea5-a9ef-0bb5de79d59d marked as read by executor1
2026-08-09 23:17:24 | team | sess_7bc34bbdda97 | INFO | [executor1] processing 1 unread messages (steer=True)
2026-08-09 23:17:24 | team | sess_7bc34bbdda97 | INFO | Message f8a1968e-bbfa-40da-b177-7de62ad93af8 marked as read by executor1
2026-08-09 23:18:08 | team | sess_7bc34bbdda97 | INFO | task list drained for team jiuwen_team_sess_7bc34bbdda97: 7 terminal task(s)
2026-08-09 23:18:25 | team | sess_7bc34bbdda97 | INFO | [executor1] processing 1 unread messages (steer=True)
2026-08-09 23:18:25 | team | sess_7bc34bbdda97 | INFO | Message 52aa670f-5358-497b-9196-f0c70b657670 marked as read by executor1
2026-08-09 23:19:18 | team | sess_7bc34bbdda97 | INFO | team jiuwen_team_sess_7bc34bbdda97 reported completed: 9 members, 7 tasks
2026-08-09 23:19:19 | team | sess_7bc34bbdda97 | INFO | [executor1] received TEAM_STANDBY, pausing polls
2026-08-09 23:19:19 | team | sess_7bc34bbdda97 | INFO | EventBus[teammate] pausing polls
