2026-08-09 23:09:54 | team | sess_7bc34bbdda97 | INFO | Team workspace directory ensured at /srv/jwteam_clone/shared/run_current
2026-08-09 23:09:54 | team | sess_7bc34bbdda97 | INFO | AgentTeam manager initialized for jiuwen_team_sess_7bc34bbdda97, member=team_leader
2026-08-09 23:09:54 | team | sess_7bc34bbdda97 | INFO | [team_leader] TeamPolicyRail static sections: section_names=['team_role', 'team_workflow', 'team_swarmflow', 'team_lifecycle', 'team_persona']
2026-08-09 23:09:54 | team | sess_7bc34bbdda97 | INFO | Session tables ready for session sess_7bc34bbdda97
2026-08-09 23:09:54 | team | sess_7bc34bbdda97 | INFO | Team database initialized
2026-08-09 23:09:54 | team | default_trace_id | INFO | Team workspace directory ensured at /srv/jwteam_clone/shared/run_current
2026-08-09 23:09:54 | team | default_trace_id | INFO | AgentTeam manager initialized for jiuwen_team_sess_7bc34bbdda97, member=planner1
2026-08-09 23:09:54 | team | default_trace_id | INFO | [planner1] TeamPolicyRail static sections: section_names=['team_role', 'team_persona']
2026-08-09 23:09:54 | team | sess_7bc34bbdda97 | INFO | [planner1] invoke start, role=teammate
2026-08-09 23:09:54 | team | sess_7bc34bbdda97 | INFO | [planner1] coordination starting
2026-08-09 23:09:54 | team | sess_7bc34bbdda97 | INFO | Session tables ready for session sess_7bc34bbdda97
2026-08-09 23:09:54 | team | sess_7bc34bbdda97 | INFO | Workspace /srv/jwteam_clone/shared/run_current initialized as plain shared directory (version_control disabled)
2026-08-09 23:09:54 | team | sess_7bc34bbdda97 | INFO | EventBus[teammate] starting
2026-08-09 23:10:20 | team | sess_7bc34bbdda97 | INFO | [planner1] HITT section refresh: human_agent_names=[]
2026-08-09 23:10:31 | team | sess_7bc34bbdda97 | INFO | [planner1] processing 1 unread messages (steer=True)
2026-08-09 23:10:31 | team | sess_7bc34bbdda97 | INFO | Message 63d5e3a2-d9bc-470f-bcfe-30931e8035ae marked as read by planner1
2026-08-09 23:10:42 | team | sess_7bc34bbdda97 | INFO | Message 0e3a8d40-510c-4805-81fe-4b37d8b748bd created
2026-08-09 23:10:46 | team | sess_7bc34bbdda97 | INFO | Message 8cd951d2-7aca-4a72-8590-1e28fdfd5523 created
2026-08-09 23:10:52 | team | sess_7bc34bbdda97 | INFO | [planner1] processing 1 unread messages (steer=True)
2026-08-09 23:10:52 | team | sess_7bc34bbdda97 | INFO | Message 07784b7c-763d-4c40-b057-dc541e84d799 marked as read by planner1
2026-08-09 23:10:53 | team | sess_7bc34bbdda97 | INFO | [planner1] processing 1 unread messages (steer=True)
2026-08-09 23:10:53 | team | sess_7bc34bbdda97 | INFO | Message 974d505b-45a1-42a7-9a35-3852a7107d11 marked as read by planner1
2026-08-09 23:11:01 | team | sess_7bc34bbdda97 | INFO | [planner1] processing 1 unread messages (steer=True)
2026-08-09 23:11:01 | team | sess_7bc34bbdda97 | INFO | Message 33d92fe0-3942-444b-a074-bb54e22c3aaa marked as read by planner1
2026-08-09 23:11:11 | team | sess_7bc34bbdda97 | INFO | Message e0517e1c-dd9f-46a0-b0bf-48e09d9f646b created
2026-08-09 23:11:11 | team | sess_7bc34bbdda97 | INFO | Message 6c3e5de9-7061-40b1-bb77-840686b2663a created
2026-08-09 23:11:17 | team | sess_7bc34bbdda97 | INFO | [planner1] processing 1 unread messages (steer=True)
2026-08-09 23:11:17 | team | sess_7bc34bbdda97 | INFO | Message c40f3c4d-17a5-4d69-be05-9cabaab7fcb5 marked as read by planner1
2026-08-09 23:11:17 | team | sess_7bc34bbdda97 | INFO | [planner1] processing 1 unread messages (steer=True)
2026-08-09 23:11:17 | team | sess_7bc34bbdda97 | INFO | Message c36cc6ab-79e7-4c72-90b5-1412c317c854 marked as read by planner1
2026-08-09 23:11:26 | team | sess_7bc34bbdda97 | INFO | [planner1] processing 1 unread messages (steer=True)
2026-08-09 23:11:26 | team | sess_7bc34bbdda97 | INFO | Message 8132860c-fa02-41bb-a87b-c07514cffdce marked as read by planner1
2026-08-09 23:11:29 | team | sess_7bc34bbdda97 | INFO | Message ae53b099-bfe7-4c50-bb94-a232cb23d585 created
2026-08-09 23:11:42 | team | sess_7bc34bbdda97 | INFO | [planner1] received TASK_CLAIMED for self, task_id=plan_compliance, human_agent=False
2026-08-09 23:12:03 | team | sess_7bc34bbdda97 | INFO | [planner1] processing 1 unread messages (steer=True)
2026-08-09 23:12:03 | team | sess_7bc34bbdda97 | INFO | Message 0f14752a-a27a-4124-b6dc-2af75301459e marked as read by planner1
2026-08-09 23:12:15 | team | sess_7bc34bbdda97 | INFO | Message ec4e8cef-9732-4393-ba86-76e0eb02658f created
2026-08-09 23:12:25 | team | sess_7bc34bbdda97 | INFO | [planner1] processing 1 unread messages (steer=True)
2026-08-09 23:12:25 | team | sess_7bc34bbdda97 | INFO | Message bdc4b2d8-d0ab-43d0-875f-a3749ecfd781 marked as read by planner1
2026-08-09 23:12:35 | team | sess_7bc34bbdda97 | INFO | [planner1] processing 1 unread messages (steer=True)
2026-08-09 23:12:35 | team | sess_7bc34bbdda97 | INFO | Message 72403997-c849-472a-9314-9a5b66316705 marked as read by planner1
2026-08-09 23:12:42 | team | sess_7bc34bbdda97 | INFO | Message f4dffe92-7c24-4a89-ad5d-a861ed5b77ff created
2026-08-09 23:12:42 | team | sess_7bc34bbdda97 | INFO | Message 8477cf57-6af7-4174-b58b-53692ed93e41 created
2026-08-09 23:12:42 | team | sess_7bc34bbdda97 | INFO | Message 3a7083a7-5837-46a0-903f-d11da28c203c created
2026-08-09 23:12:51 | team | sess_7bc34bbdda97 | INFO | Task plan_compliance completed at 1786313571068
2026-08-09 23:12:51 | team | sess_7bc34bbdda97 | INFO | Message 0861379e-784e-41e7-a484-d7bcf407e728 created
2026-08-09 23:12:51 | team | sess_7bc34bbdda97 | INFO | Resolved 2 dependencies for task plan_compliance
2026-08-09 23:12:51 | team | sess_7bc34bbdda97 | INFO | Task implement_app unblocked (all deps resolved)
2026-08-09 23:12:51 | team | sess_7bc34bbdda97 | INFO | Task implement_audit unblocked (all deps resolved)
2026-08-09 23:12:51 | team | sess_7bc34bbdda97 | INFO | Task plan_compliance completed
2026-08-09 23:12:51 | team | sess_7bc34bbdda97 | INFO | Unblocked 2 tasks
2026-08-09 23:12:52 | team | sess_7bc34bbdda97 | INFO | [planner1] processing 1 unread messages (steer=True)
2026-08-09 23:12:52 | team | sess_7bc34bbdda97 | INFO | Message fe9c17ae-cc64-478c-a82f-63358fd4e79b marked as read by planner1
2026-08-09 23:13:05 | team | sess_7bc34bbdda97 | INFO | [planner1] processing 1 unread messages (steer=True)
2026-08-09 23:13:05 | team | sess_7bc34bbdda97 | INFO | Message 991b201e-e6c6-4f7b-9fe2-05b01c935bee marked as read by planner1
2026-08-09 23:13:09 | team | sess_7bc34bbdda97 | INFO | [planner1] processing 1 unread messages (steer=True)
2026-08-09 23:13:09 | team | sess_7bc34bbdda97 | INFO | Message f1f2c828-2c76-4316-bacc-cce312c3d056 marked as read by planner1
2026-08-09 23:13:34 | team | sess_7bc34bbdda97 | INFO | Message 67ad12f4-bbaf-4d61-a0f6-25525f796894 created
2026-08-09 23:13:46 | team | sess_7bc34bbdda97 | INFO | [planner1] processing 1 unread messages (steer=True)
2026-08-09 23:13:46 | team | sess_7bc34bbdda97 | INFO | Message ee7eacce-b2b2-4ef7-bcda-957cea50b83e marked as read by planner1
2026-08-09 23:17:13 | team | sess_7bc34bbdda97 | INFO | task list drained for team jiuwen_team_sess_7bc34bbdda97: 6 terminal task(s)
2026-08-09 23:17:24 | team | sess_7bc34bbdda97 | INFO | [planner1] processing 1 unread messages (steer=True)
2026-08-09 23:17:24 | team | sess_7bc34bbdda97 | INFO | Message f8a1968e-bbfa-40da-b177-7de62ad93af8 marked as read by planner1
2026-08-09 23:18:08 | team | sess_7bc34bbdda97 | INFO | task list drained for team jiuwen_team_sess_7bc34bbdda97: 7 terminal task(s)
2026-08-09 23:18:25 | team | sess_7bc34bbdda97 | INFO | [planner1] processing 1 unread messages (steer=True)
2026-08-09 23:18:25 | team | sess_7bc34bbdda97 | INFO | Message 52aa670f-5358-497b-9196-f0c70b657670 marked as read by planner1
2026-08-09 23:19:18 | team | sess_7bc34bbdda97 | INFO | team jiuwen_team_sess_7bc34bbdda97 reported completed: 9 members, 7 tasks
2026-08-09 23:19:19 | team | sess_7bc34bbdda97 | INFO | [planner1] received TEAM_STANDBY, pausing polls
2026-08-09 23:19:19 | team | sess_7bc34bbdda97 | INFO | EventBus[teammate] pausing polls
