2026-08-09 23:10:01 | team | sess_7bc34bbdda97 | INFO | Team workspace directory ensured at /srv/jwteam_clone/shared/run_current
2026-08-09 23:10:01 | team | sess_7bc34bbdda97 | INFO | AgentTeam manager initialized for jiuwen_team_sess_7bc34bbdda97, member=team_leader
2026-08-09 23:10:01 | team | sess_7bc34bbdda97 | INFO | [team_leader] TeamPolicyRail static sections: section_names=['team_role', 'team_workflow', 'team_swarmflow', 'team_lifecycle', 'team_persona']
2026-08-09 23:10:01 | team | sess_7bc34bbdda97 | INFO | Session tables ready for session sess_7bc34bbdda97
2026-08-09 23:10:01 | team | sess_7bc34bbdda97 | INFO | Team database initialized
2026-08-09 23:10:01 | team | default_trace_id | INFO | Team workspace directory ensured at /srv/jwteam_clone/shared/run_current
2026-08-09 23:10:01 | team | default_trace_id | INFO | AgentTeam manager initialized for jiuwen_team_sess_7bc34bbdda97, member=fullstack1
2026-08-09 23:10:01 | team | default_trace_id | INFO | [fullstack1] TeamPolicyRail static sections: section_names=['team_role', 'team_persona']
2026-08-09 23:10:01 | team | sess_7bc34bbdda97 | INFO | [fullstack1] invoke start, role=teammate
2026-08-09 23:10:01 | team | sess_7bc34bbdda97 | INFO | [fullstack1] coordination starting
2026-08-09 23:10:01 | team | sess_7bc34bbdda97 | INFO | Session tables ready for session sess_7bc34bbdda97
2026-08-09 23:10:01 | team | sess_7bc34bbdda97 | INFO | Workspace /srv/jwteam_clone/shared/run_current initialized as plain shared directory (version_control disabled)
2026-08-09 23:10:01 | team | sess_7bc34bbdda97 | INFO | EventBus[teammate] starting
2026-08-09 23:10:20 | team | sess_7bc34bbdda97 | INFO | [fullstack1] HITT section refresh: human_agent_names=[]
2026-08-09 23:10:30 | team | sess_7bc34bbdda97 | INFO | Task plan_compliance claimed by member fullstack1
2026-08-09 23:10:30 | team | sess_7bc34bbdda97 | INFO | Task plan_compliance claimed by member fullstack1
2026-08-09 23:10:31 | team | sess_7bc34bbdda97 | INFO | [fullstack1] processing 1 unread messages (steer=True)
2026-08-09 23:10:31 | team | sess_7bc34bbdda97 | INFO | Message 63d5e3a2-d9bc-470f-bcfe-30931e8035ae marked as read by fullstack1
2026-08-09 23:10:42 | team | sess_7bc34bbdda97 | INFO | [fullstack1] processing 1 unread messages (steer=True)
2026-08-09 23:10:42 | team | sess_7bc34bbdda97 | INFO | Message 0e3a8d40-510c-4805-81fe-4b37d8b748bd marked as read by fullstack1
2026-08-09 23:10:52 | team | sess_7bc34bbdda97 | INFO | Message 07784b7c-763d-4c40-b057-dc541e84d799 created
2026-08-09 23:10:57 | team | sess_7bc34bbdda97 | INFO | [fullstack1] processing 1 unread messages (steer=True)
2026-08-09 23:10:57 | team | sess_7bc34bbdda97 | INFO | Message 52508776-ac62-4aaf-ac24-2ec05063c817 marked as read by fullstack1
2026-08-09 23:11:11 | team | sess_7bc34bbdda97 | INFO | [fullstack1] processing 1 unread messages (steer=True)
2026-08-09 23:11:11 | team | sess_7bc34bbdda97 | INFO | Message 6c3e5de9-7061-40b1-bb77-840686b2663a marked as read by fullstack1
2026-08-09 23:11:17 | team | sess_7bc34bbdda97 | INFO | Message c36cc6ab-79e7-4c72-90b5-1412c317c854 created
2026-08-09 23:11:17 | team | sess_7bc34bbdda97 | INFO | Message 528d4582-fa48-470a-9a84-cbbcd760f354 created
2026-08-09 23:11:17 | team | sess_7bc34bbdda97 | INFO | Message fbed769f-5d69-4a8a-ada1-9537ebf5d127 created
2026-08-09 23:11:26 | team | sess_7bc34bbdda97 | INFO | Message 8132860c-fa02-41bb-a87b-c07514cffdce created
2026-08-09 23:11:29 | team | sess_7bc34bbdda97 | INFO | [fullstack1] processing 1 unread messages (steer=True)
2026-08-09 23:11:29 | team | sess_7bc34bbdda97 | INFO | Message ae53b099-bfe7-4c50-bb94-a232cb23d585 marked as read by fullstack1
2026-08-09 23:11:29 | team | sess_7bc34bbdda97 | INFO | [fullstack1] processing 1 unread messages (steer=True)
2026-08-09 23:11:29 | team | sess_7bc34bbdda97 | INFO | Message a386da4e-e3e0-4458-9f01-6e891d5f9daa marked as read by fullstack1
2026-08-09 23:11:47 | team | sess_7bc34bbdda97 | INFO | [fullstack1] processing 1 unread messages (steer=True)
2026-08-09 23:11:47 | team | sess_7bc34bbdda97 | INFO | Message e8bab2c2-0367-4fc1-98fd-c460b6f2b7d7 marked as read by fullstack1
2026-08-09 23:12:03 | team | sess_7bc34bbdda97 | INFO | Message 0f14752a-a27a-4124-b6dc-2af75301459e created
2026-08-09 23:12:03 | team | sess_7bc34bbdda97 | INFO | Message cb236580-2ed7-435a-8eae-d410574f20a5 created
2026-08-09 23:12:16 | team | sess_7bc34bbdda97 | INFO | [fullstack1] processing 1 unread messages (steer=True)
2026-08-09 23:12:16 | team | sess_7bc34bbdda97 | INFO | Message ea63ae8b-9708-4a6a-9dc6-c8ed732b44b6 marked as read by fullstack1
2026-08-09 23:12:28 | team | sess_7bc34bbdda97 | INFO | Message 67fc51d4-69c6-4b2a-ad49-f1c9be3b3575 created
2026-08-09 23:12:28 | team | sess_7bc34bbdda97 | INFO | Message 94aa7e55-c1c2-4b8a-8fd7-3422a6610e0f created
2026-08-09 23:12:33 | team | sess_7bc34bbdda97 | INFO | [fullstack1] processing 1 unread messages (steer=True)
2026-08-09 23:12:33 | team | sess_7bc34bbdda97 | INFO | Message 89e99597-7492-41d9-a076-56d84de570bb marked as read by fullstack1
2026-08-09 23:12:35 | team | sess_7bc34bbdda97 | INFO | [fullstack1] processing 1 unread messages (steer=True)
2026-08-09 23:12:35 | team | sess_7bc34bbdda97 | INFO | Message a1c44a3c-0bbe-4d84-8e94-9e8441cc6ab8 marked as read by fullstack1
2026-08-09 23:12:42 | team | sess_7bc34bbdda97 | INFO | [fullstack1] processing 1 unread messages (steer=True)
2026-08-09 23:12:42 | team | sess_7bc34bbdda97 | INFO | Message 8477cf57-6af7-4174-b58b-53692ed93e41 marked as read by fullstack1
2026-08-09 23:12:54 | team | sess_7bc34bbdda97 | INFO | Message d4946ecc-5506-4494-8ad3-28505c80751b created
2026-08-09 23:13:05 | team | sess_7bc34bbdda97 | INFO | Message 991b201e-e6c6-4f7b-9fe2-05b01c935bee created
2026-08-09 23:13:34 | team | sess_7bc34bbdda97 | INFO | [fullstack1] processing 1 unread messages (steer=True)
2026-08-09 23:13:34 | team | sess_7bc34bbdda97 | INFO | Message 67ad12f4-bbaf-4d61-a0f6-25525f796894 marked as read by fullstack1
2026-08-09 23:13:46 | team | sess_7bc34bbdda97 | INFO | Message ee7eacce-b2b2-4ef7-bcda-957cea50b83e created
2026-08-09 23:13:46 | team | sess_7bc34bbdda97 | INFO | Message d2ab66f0-02de-47bd-ac78-68d925c77e6b created
2026-08-09 23:13:59 | team | sess_7bc34bbdda97 | INFO | [fullstack1] processing 1 unread messages (steer=True)
2026-08-09 23:13:59 | team | sess_7bc34bbdda97 | INFO | Message e3ce53a6-aa70-40b2-8991-c60f55e7f5f2 marked as read by fullstack1
2026-08-09 23:17:13 | team | sess_7bc34bbdda97 | INFO | task list drained for team jiuwen_team_sess_7bc34bbdda97: 6 terminal task(s)
2026-08-09 23:17:24 | team | sess_7bc34bbdda97 | INFO | [fullstack1] processing 1 unread messages (steer=True)
2026-08-09 23:17:24 | team | sess_7bc34bbdda97 | INFO | Message f8a1968e-bbfa-40da-b177-7de62ad93af8 marked as read by fullstack1
2026-08-09 23:18:08 | team | sess_7bc34bbdda97 | INFO | task list drained for team jiuwen_team_sess_7bc34bbdda97: 7 terminal task(s)
2026-08-09 23:18:25 | team | sess_7bc34bbdda97 | INFO | [fullstack1] processing 1 unread messages (steer=True)
2026-08-09 23:18:25 | team | sess_7bc34bbdda97 | INFO | Message 52aa670f-5358-497b-9196-f0c70b657670 marked as read by fullstack1
2026-08-09 23:19:18 | team | sess_7bc34bbdda97 | INFO | team jiuwen_team_sess_7bc34bbdda97 reported completed: 9 members, 7 tasks
2026-08-09 23:19:19 | team | sess_7bc34bbdda97 | INFO | [fullstack1] received TEAM_STANDBY, pausing polls
2026-08-09 23:19:19 | team | sess_7bc34bbdda97 | INFO | EventBus[teammate] pausing polls
