2026-08-09 23:09:58 | team | sess_7bc34bbdda97 | INFO | Team workspace directory ensured at /srv/jwteam_clone/shared/run_current
2026-08-09 23:09:58 | team | sess_7bc34bbdda97 | INFO | AgentTeam manager initialized for jiuwen_team_sess_7bc34bbdda97, member=team_leader
2026-08-09 23:09:58 | team | sess_7bc34bbdda97 | INFO | [team_leader] TeamPolicyRail static sections: section_names=['team_role', 'team_workflow', 'team_swarmflow', 'team_lifecycle', 'team_persona']
2026-08-09 23:09:58 | team | sess_7bc34bbdda97 | INFO | Session tables ready for session sess_7bc34bbdda97
2026-08-09 23:09:58 | team | sess_7bc34bbdda97 | INFO | Team database initialized
2026-08-09 23:09:58 | team | default_trace_id | INFO | Team workspace directory ensured at /srv/jwteam_clone/shared/run_current
2026-08-09 23:09:58 | team | default_trace_id | INFO | AgentTeam manager initialized for jiuwen_team_sess_7bc34bbdda97, member=executor3
2026-08-09 23:09:58 | team | default_trace_id | INFO | [executor3] TeamPolicyRail static sections: section_names=['team_role', 'team_persona']
2026-08-09 23:09:58 | team | sess_7bc34bbdda97 | INFO | [executor3] invoke start, role=teammate
2026-08-09 23:09:58 | team | sess_7bc34bbdda97 | INFO | [executor3] coordination starting
2026-08-09 23:09:58 | team | sess_7bc34bbdda97 | INFO | Session tables ready for session sess_7bc34bbdda97
2026-08-09 23:09:59 | team | sess_7bc34bbdda97 | INFO | Workspace /srv/jwteam_clone/shared/run_current initialized as plain shared directory (version_control disabled)
2026-08-09 23:09:59 | team | sess_7bc34bbdda97 | INFO | EventBus[teammate] starting
2026-08-09 23:10:20 | team | sess_7bc34bbdda97 | INFO | [executor3] HITT section refresh: human_agent_names=[]
2026-08-09 23:10:31 | team | sess_7bc34bbdda97 | INFO | [executor3] processing 1 unread messages (steer=True)
2026-08-09 23:10:31 | team | sess_7bc34bbdda97 | INFO | Message 63d5e3a2-d9bc-470f-bcfe-30931e8035ae marked as read by executor3
2026-08-09 23:11:10 | team | sess_7bc34bbdda97 | INFO | Message 92cce5b2-4558-443a-987b-c75105e5e49f created
2026-08-09 23:11:16 | team | sess_7bc34bbdda97 | INFO | [executor3] processing 1 unread messages (steer=True)
2026-08-09 23:11:16 | team | sess_7bc34bbdda97 | INFO | Message cc50917d-7d54-47d6-9cf1-b8e92a6b8048 marked as read by executor3
2026-08-09 23:11:22 | team | sess_7bc34bbdda97 | INFO | [executor3] processing 1 unread messages (steer=True)
2026-08-09 23:11:22 | team | sess_7bc34bbdda97 | INFO | Message 5eaf6023-80b3-47bb-9871-8c0df0e361ed marked as read by executor3
2026-08-09 23:12:28 | team | sess_7bc34bbdda97 | INFO | [executor3] processing 1 unread messages (steer=True)
2026-08-09 23:12:28 | team | sess_7bc34bbdda97 | INFO | Message 94aa7e55-c1c2-4b8a-8fd7-3422a6610e0f marked as read by executor3
2026-08-09 23:12:35 | team | sess_7bc34bbdda97 | INFO | Message a1c44a3c-0bbe-4d84-8e94-9e8441cc6ab8 created
2026-08-09 23:12:42 | team | sess_7bc34bbdda97 | INFO | [executor3] processing 1 unread messages (steer=True)
2026-08-09 23:12:42 | team | sess_7bc34bbdda97 | INFO | Message f4dffe92-7c24-4a89-ad5d-a861ed5b77ff marked as read by executor3
2026-08-09 23:12:54 | team | sess_7bc34bbdda97 | INFO | [executor3] processing 1 unread messages (steer=True)
2026-08-09 23:12:54 | team | sess_7bc34bbdda97 | INFO | Message d4946ecc-5506-4494-8ad3-28505c80751b marked as read by executor3
2026-08-09 23:12:55 | team | sess_7bc34bbdda97 | INFO | Task implement_app claimed by member executor3
2026-08-09 23:12:55 | team | sess_7bc34bbdda97 | INFO | Task implement_app claimed by member executor3
2026-08-09 23:13:34 | team | sess_7bc34bbdda97 | INFO | Task implement_app completed at 1786313614660
2026-08-09 23:13:34 | team | sess_7bc34bbdda97 | INFO | Resolved 2 dependencies for task implement_app
2026-08-09 23:13:34 | team | sess_7bc34bbdda97 | INFO | Task implement_app completed
2026-08-09 23:13:43 | team | sess_7bc34bbdda97 | INFO | Message 4b3c7b09-d149-4c1f-a077-586c269d8698 created
2026-08-09 23:13:43 | team | sess_7bc34bbdda97 | INFO | Message 436e2adc-be56-41fb-abcb-67355a86d889 created
2026-08-09 23:13:46 | team | sess_7bc34bbdda97 | INFO | [executor3] processing 1 unread messages (steer=True)
2026-08-09 23:13:46 | team | sess_7bc34bbdda97 | INFO | Message d2ab66f0-02de-47bd-ac78-68d925c77e6b marked as read by executor3
2026-08-09 23:13:49 | team | sess_7bc34bbdda97 | INFO | Message 043bfea2-18c3-4dc1-9f4b-2bdaef29aa8e created
2026-08-09 23:13:52 | team | sess_7bc34bbdda97 | INFO | [executor3] processing 1 unread messages (steer=True)
2026-08-09 23:13:52 | team | sess_7bc34bbdda97 | INFO | Message 28ff25b9-811c-4220-a223-f010b9ba7555 marked as read by executor3
2026-08-09 23:13:57 | team | sess_7bc34bbdda97 | INFO | [executor3] processing 1 unread messages (steer=True)
2026-08-09 23:13:57 | team | sess_7bc34bbdda97 | INFO | Message 1c8067fb-622f-4896-895f-503b0da01cf6 marked as read by executor3
2026-08-09 23:13:58 | team | sess_7bc34bbdda97 | INFO | [executor3] processing 1 unread messages (steer=True)
2026-08-09 23:13:58 | team | sess_7bc34bbdda97 | INFO | Message 998ac899-d4ae-496f-be6a-ef87a2e140e4 marked as read by executor3
2026-08-09 23:13:59 | team | sess_7bc34bbdda97 | INFO | Message e3ce53a6-aa70-40b2-8991-c60f55e7f5f2 created
2026-08-09 23:17:13 | team | sess_7bc34bbdda97 | INFO | task list drained for team jiuwen_team_sess_7bc34bbdda97: 6 terminal task(s)
2026-08-09 23:17:24 | team | sess_7bc34bbdda97 | INFO | [executor3] processing 1 unread messages (steer=True)
2026-08-09 23:17:24 | team | sess_7bc34bbdda97 | INFO | Message f8a1968e-bbfa-40da-b177-7de62ad93af8 marked as read by executor3
2026-08-09 23:18:08 | team | sess_7bc34bbdda97 | INFO | task list drained for team jiuwen_team_sess_7bc34bbdda97: 7 terminal task(s)
2026-08-09 23:18:25 | team | sess_7bc34bbdda97 | INFO | [executor3] processing 1 unread messages (steer=True)
2026-08-09 23:18:25 | team | sess_7bc34bbdda97 | INFO | Message 52aa670f-5358-497b-9196-f0c70b657670 marked as read by executor3
2026-08-09 23:19:18 | team | sess_7bc34bbdda97 | INFO | team jiuwen_team_sess_7bc34bbdda97 reported completed: 9 members, 7 tasks
2026-08-09 23:19:19 | team | sess_7bc34bbdda97 | INFO | [executor3] received TEAM_STANDBY, pausing polls
2026-08-09 23:19:19 | team | sess_7bc34bbdda97 | INFO | EventBus[teammate] pausing polls
