2026-08-09 23:10:00 | team | sess_7bc34bbdda97 | INFO | Team workspace directory ensured at /srv/jwteam_clone/shared/run_current
2026-08-09 23:10:00 | team | sess_7bc34bbdda97 | INFO | AgentTeam manager initialized for jiuwen_team_sess_7bc34bbdda97, member=team_leader
2026-08-09 23:10:00 | team | sess_7bc34bbdda97 | INFO | [team_leader] TeamPolicyRail static sections: section_names=['team_role', 'team_workflow', 'team_swarmflow', 'team_lifecycle', 'team_persona']
2026-08-09 23:10:00 | team | sess_7bc34bbdda97 | INFO | Session tables ready for session sess_7bc34bbdda97
2026-08-09 23:10:00 | team | sess_7bc34bbdda97 | INFO | Team database initialized
2026-08-09 23:10:00 | team | default_trace_id | INFO | Team workspace directory ensured at /srv/jwteam_clone/shared/run_current
2026-08-09 23:10:00 | team | default_trace_id | INFO | AgentTeam manager initialized for jiuwen_team_sess_7bc34bbdda97, member=verifier2
2026-08-09 23:10:00 | team | default_trace_id | INFO | [verifier2] TeamPolicyRail static sections: section_names=['team_role', 'team_persona']
2026-08-09 23:10:00 | team | sess_7bc34bbdda97 | INFO | [verifier2] invoke start, role=teammate
2026-08-09 23:10:00 | team | sess_7bc34bbdda97 | INFO | [verifier2] coordination starting
2026-08-09 23:10:00 | team | sess_7bc34bbdda97 | INFO | Session tables ready for session sess_7bc34bbdda97
2026-08-09 23:10:00 | team | sess_7bc34bbdda97 | INFO | Workspace /srv/jwteam_clone/shared/run_current initialized as plain shared directory (version_control disabled)
2026-08-09 23:10:00 | team | sess_7bc34bbdda97 | INFO | EventBus[teammate] starting
2026-08-09 23:10:20 | team | sess_7bc34bbdda97 | INFO | [verifier2] HITT section refresh: human_agent_names=[]
2026-08-09 23:10:31 | team | sess_7bc34bbdda97 | INFO | [verifier2] processing 1 unread messages (steer=True)
2026-08-09 23:10:31 | team | sess_7bc34bbdda97 | INFO | Message 63d5e3a2-d9bc-470f-bcfe-30931e8035ae marked as read by verifier2
2026-08-09 23:10:57 | team | sess_7bc34bbdda97 | INFO | [verifier2] processing 1 unread messages (steer=True)
2026-08-09 23:10:57 | team | sess_7bc34bbdda97 | INFO | Message 09bb86e0-7b26-4fb7-ba47-af1de42a40d7 marked as read by verifier2
2026-08-09 23:11:10 | team | sess_7bc34bbdda97 | INFO | Message 1c0f825b-f906-4639-9d0f-9ebb8003e43e created
2026-08-09 23:13:43 | team | sess_7bc34bbdda97 | INFO | [verifier2] processing 1 unread messages (steer=True)
2026-08-09 23:13:44 | team | sess_7bc34bbdda97 | INFO | Message 436e2adc-be56-41fb-abcb-67355a86d889 marked as read by verifier2
2026-08-09 23:13:52 | team | sess_7bc34bbdda97 | INFO | Message 28ff25b9-811c-4220-a223-f010b9ba7555 created
2026-08-09 23:15:11 | team | sess_7bc34bbdda97 | INFO | [verifier2] processing 1 unread messages (steer=True)
2026-08-09 23:15:11 | team | sess_7bc34bbdda97 | INFO | Message 63413a89-287a-411a-9b67-d56d36085a48 marked as read by verifier2
2026-08-09 23:15:20 | team | sess_7bc34bbdda97 | INFO | Message d716118a-32fd-4230-9803-35b15b8b0270 created
2026-08-09 23:15:20 | team | sess_7bc34bbdda97 | INFO | Task verify_security claimed by member verifier2
2026-08-09 23:15:20 | team | sess_7bc34bbdda97 | INFO | Task verify_security claimed by member verifier2
2026-08-09 23:17:13 | team | sess_7bc34bbdda97 | INFO | Task verify_security completed at 1786313833070
2026-08-09 23:17:13 | team | sess_7bc34bbdda97 | INFO | Task verify_security completed
2026-08-09 23:17:19 | team | sess_7bc34bbdda97 | INFO | Message 79182448-0d94-4ea5-a9ef-0bb5de79d59d created
2026-08-09 23:17:19 | team | sess_7bc34bbdda97 | INFO | Message 2fe1b8bf-d3bd-4471-8c34-9c536c1cc72c created
2026-08-09 23:17:24 | team | sess_7bc34bbdda97 | INFO | [verifier2] processing 1 unread messages (steer=True)
2026-08-09 23:17:24 | team | sess_7bc34bbdda97 | INFO | Message f8a1968e-bbfa-40da-b177-7de62ad93af8 marked as read by verifier2
2026-08-09 23:17:33 | team | sess_7bc34bbdda97 | INFO | [verifier2] processing 1 unread messages (steer=True)
2026-08-09 23:17:33 | team | sess_7bc34bbdda97 | INFO | Message e1a2275e-b3ab-4696-b58f-ea1a884f5000 marked as read by verifier2
2026-08-09 23:17:41 | team | sess_7bc34bbdda97 | INFO | Message 74045b53-ba70-40a8-a32a-dd4877c9679d created
2026-08-09 23:17:49 | team | sess_7bc34bbdda97 | INFO | [verifier2] processing 1 unread messages (steer=True)
2026-08-09 23:17:49 | team | sess_7bc34bbdda97 | INFO | Message 9f233714-29df-4006-a686-3d498fe2d939 marked as read by verifier2
2026-08-09 23:17:49 | team | sess_7bc34bbdda97 | INFO | Message 55cda260-bfce-4bb3-84c4-575e26a4830f created
2026-08-09 23:17:57 | team | sess_7bc34bbdda97 | INFO | Message b56f3ca4-9754-4bea-baf1-216240273ffa created
2026-08-09 23:18:01 | team | sess_7bc34bbdda97 | INFO | [verifier2] processing 1 unread messages (steer=True)
2026-08-09 23:18:01 | team | sess_7bc34bbdda97 | INFO | Message 7fbdf46f-4728-47a7-80dc-26c18b961d4f marked as read by verifier2
2026-08-09 23:18:08 | team | sess_7bc34bbdda97 | INFO | [verifier2] processing 1 unread messages (steer=True)
2026-08-09 23:18:08 | team | sess_7bc34bbdda97 | INFO | Message 7e0a74d7-c396-4ffa-bb0b-2aa781c17134 marked as read by verifier2
2026-08-09 23:18:08 | team | sess_7bc34bbdda97 | INFO | task list drained for team jiuwen_team_sess_7bc34bbdda97: 7 terminal task(s)
2026-08-09 23:18:10 | team | sess_7bc34bbdda97 | INFO | [verifier2] processing 1 unread messages (steer=True)
2026-08-09 23:18:10 | team | sess_7bc34bbdda97 | INFO | Message a789d990-58cf-4d95-b5cc-0f85a7e0a58a marked as read by verifier2
2026-08-09 23:18:25 | team | sess_7bc34bbdda97 | INFO | [verifier2] processing 1 unread messages (steer=True)
2026-08-09 23:18:25 | team | sess_7bc34bbdda97 | INFO | Message 52aa670f-5358-497b-9196-f0c70b657670 marked as read by verifier2
2026-08-09 23:19:05 | team | sess_7bc34bbdda97 | INFO | Message c726938a-ea48-487e-bb4c-42cb2ba43637 created
2026-08-09 23:19:05 | team | sess_7bc34bbdda97 | INFO | Message 1036819f-e10c-4459-b130-1a80538bbc44 created
2026-08-09 23:19:12 | team | sess_7bc34bbdda97 | INFO | [verifier2] processing 1 unread messages (steer=True)
2026-08-09 23:19:12 | team | sess_7bc34bbdda97 | INFO | Message d2f818c9-d2b6-4ed4-937a-8560810f4e1f marked as read by verifier2
2026-08-09 23:19:18 | team | sess_7bc34bbdda97 | INFO | team jiuwen_team_sess_7bc34bbdda97 reported completed: 9 members, 7 tasks
2026-08-09 23:19:19 | team | sess_7bc34bbdda97 | INFO | [verifier2] received TEAM_STANDBY, pausing polls
2026-08-09 23:19:19 | team | sess_7bc34bbdda97 | INFO | EventBus[teammate] pausing polls
