2026-08-09 23:09:58 | team | sess_7bc34bbdda97 | INFO | Team workspace directory ensured at /srv/jwteam_clone/shared/run_current
2026-08-09 23:09:58 | team | sess_7bc34bbdda97 | INFO | AgentTeam manager initialized for jiuwen_team_sess_7bc34bbdda97, member=team_leader
2026-08-09 23:09:58 | team | sess_7bc34bbdda97 | INFO | [team_leader] TeamPolicyRail static sections: section_names=['team_role', 'team_workflow', 'team_swarmflow', 'team_lifecycle', 'team_persona']
2026-08-09 23:09:58 | team | sess_7bc34bbdda97 | INFO | Session tables ready for session sess_7bc34bbdda97
2026-08-09 23:09:58 | team | sess_7bc34bbdda97 | INFO | Team database initialized
2026-08-09 23:09:58 | team | default_trace_id | INFO | Team workspace directory ensured at /srv/jwteam_clone/shared/run_current
2026-08-09 23:09:58 | team | default_trace_id | INFO | AgentTeam manager initialized for jiuwen_team_sess_7bc34bbdda97, member=executor2
2026-08-09 23:09:58 | team | default_trace_id | INFO | [executor2] TeamPolicyRail static sections: section_names=['team_role', 'team_persona']
2026-08-09 23:09:58 | team | sess_7bc34bbdda97 | INFO | [executor2] invoke start, role=teammate
2026-08-09 23:09:58 | team | sess_7bc34bbdda97 | INFO | [executor2] coordination starting
2026-08-09 23:09:58 | team | sess_7bc34bbdda97 | INFO | Session tables ready for session sess_7bc34bbdda97
2026-08-09 23:09:58 | team | sess_7bc34bbdda97 | INFO | Workspace /srv/jwteam_clone/shared/run_current initialized as plain shared directory (version_control disabled)
2026-08-09 23:09:58 | team | sess_7bc34bbdda97 | INFO | EventBus[teammate] starting
2026-08-09 23:10:20 | team | sess_7bc34bbdda97 | INFO | [executor2] HITT section refresh: human_agent_names=[]
2026-08-09 23:10:31 | team | sess_7bc34bbdda97 | INFO | [executor2] processing 1 unread messages (steer=True)
2026-08-09 23:10:31 | team | sess_7bc34bbdda97 | INFO | Message 63d5e3a2-d9bc-470f-bcfe-30931e8035ae marked as read by executor2
2026-08-09 23:10:53 | team | sess_7bc34bbdda97 | INFO | Message 974d505b-45a1-42a7-9a35-3852a7107d11 created
2026-08-09 23:10:53 | team | sess_7bc34bbdda97 | INFO | Message e9ae6c84-9a1f-479b-b4c2-78d7ef44a994 created
2026-08-09 23:10:53 | team | sess_7bc34bbdda97 | INFO | Message 00ad87e5-c26e-4b22-81e7-6af0b34c6934 created
2026-08-09 23:11:04 | team | sess_7bc34bbdda97 | INFO | [executor2] processing 1 unread messages (steer=True)
2026-08-09 23:11:04 | team | sess_7bc34bbdda97 | INFO | Message c39f491d-1230-4502-8017-74f4d7f85cca marked as read by executor2
2026-08-09 23:11:11 | team | sess_7bc34bbdda97 | INFO | [executor2] processing 1 unread messages (steer=True)
2026-08-09 23:11:11 | team | sess_7bc34bbdda97 | INFO | Message e0517e1c-dd9f-46a0-b0bf-48e09d9f646b marked as read by executor2
2026-08-09 23:11:12 | team | sess_7bc34bbdda97 | INFO | Message 014f7cae-31e8-4ee8-99a6-da8b9b178151 created
2026-08-09 23:11:17 | team | sess_7bc34bbdda97 | INFO | Message c40f3c4d-17a5-4d69-be05-9cabaab7fcb5 created
2026-08-09 23:11:20 | team | sess_7bc34bbdda97 | INFO | [executor2] processing 1 unread messages (steer=True)
2026-08-09 23:11:20 | team | sess_7bc34bbdda97 | INFO | Message d88fbf8f-fd6e-4c23-96a8-bfb7418895ad marked as read by executor2
2026-08-09 23:11:27 | team | sess_7bc34bbdda97 | INFO | Message b91e7386-dc12-4d47-b5e1-f49e856d476f created
2026-08-09 23:11:41 | team | sess_7bc34bbdda97 | INFO | [executor2] processing 1 unread messages (steer=True)
2026-08-09 23:11:41 | team | sess_7bc34bbdda97 | INFO | Message c7cb4565-9521-4938-a93e-ed96c12d921a marked as read by executor2
2026-08-09 23:11:51 | team | sess_7bc34bbdda97 | INFO | Message 6e95a3e5-5c3b-40d3-adbf-0f095ad0de4d created
2026-08-09 23:12:40 | team | sess_7bc34bbdda97 | INFO | [executor2] processing 1 unread messages (steer=True)
2026-08-09 23:12:40 | team | sess_7bc34bbdda97 | INFO | Message 7abaf246-1ec8-4513-a3cb-fa74d9c54824 marked as read by executor2
2026-08-09 23:12:42 | team | sess_7bc34bbdda97 | INFO | [executor2] processing 1 unread messages (steer=True)
2026-08-09 23:12:42 | team | sess_7bc34bbdda97 | INFO | Message 3a7083a7-5837-46a0-903f-d11da28c203c marked as read by executor2
2026-08-09 23:12:44 | team | sess_7bc34bbdda97 | INFO | Message b47b4b1c-b8f6-4b5e-a541-4e12bfe4700c created
2026-08-09 23:12:52 | team | sess_7bc34bbdda97 | INFO | Message fe9c17ae-cc64-478c-a82f-63358fd4e79b created
2026-08-09 23:12:53 | team | sess_7bc34bbdda97 | INFO | [executor2] processing 1 unread messages (steer=True)
2026-08-09 23:12:53 | team | sess_7bc34bbdda97 | INFO | Message f41e3ec0-2245-448d-a6ee-c8f708cce9f8 marked as read by executor2
2026-08-09 23:13:02 | team | sess_7bc34bbdda97 | INFO | Message b7872f77-a775-4936-a492-b2d507f5e907 created
2026-08-09 23:13:10 | team | sess_7bc34bbdda97 | INFO | Message 5ce18ed5-75b2-40a5-b1b7-24a221e04e12 created
2026-08-09 23:15:11 | team | sess_7bc34bbdda97 | INFO | [executor2] processing 1 unread messages (steer=True)
2026-08-09 23:15:11 | team | sess_7bc34bbdda97 | INFO | Message 8fb1f45e-622a-40e8-bf50-010273a73ba0 marked as read by executor2
2026-08-09 23:15:54 | team | sess_7bc34bbdda97 | INFO | Message 83d168bd-099f-423e-a7b2-1e1d1b42d33e created
2026-08-09 23:17:13 | team | sess_7bc34bbdda97 | INFO | task list drained for team jiuwen_team_sess_7bc34bbdda97: 6 terminal task(s)
2026-08-09 23:17:24 | team | sess_7bc34bbdda97 | INFO | [executor2] processing 1 unread messages (steer=True)
2026-08-09 23:17:24 | team | sess_7bc34bbdda97 | INFO | Message f8a1968e-bbfa-40da-b177-7de62ad93af8 marked as read by executor2
2026-08-09 23:17:48 | team | sess_7bc34bbdda97 | INFO | Task fix_sec001 claimed by member executor2
2026-08-09 23:17:48 | team | sess_7bc34bbdda97 | INFO | Task fix_sec001 claimed by member executor2
2026-08-09 23:18:08 | team | sess_7bc34bbdda97 | INFO | Task fix_sec001 completed at 1786313888878
2026-08-09 23:18:08 | team | sess_7bc34bbdda97 | INFO | Message 7e0a74d7-c396-4ffa-bb0b-2aa781c17134 created
2026-08-09 23:18:08 | team | sess_7bc34bbdda97 | INFO | Task fix_sec001 completed
2026-08-09 23:18:12 | team | sess_7bc34bbdda97 | INFO | [executor2] processing 1 unread messages (steer=True)
2026-08-09 23:18:12 | team | sess_7bc34bbdda97 | INFO | Message 391b203d-fe5b-4396-9e7f-bb03f7ae06c4 marked as read by executor2
2026-08-09 23:18:22 | team | sess_7bc34bbdda97 | INFO | Message 750e08cb-1908-4e5f-8bbf-5c4be341b731 created
2026-08-09 23:18:25 | team | sess_7bc34bbdda97 | INFO | [executor2] processing 1 unread messages (steer=True)
2026-08-09 23:18:25 | team | sess_7bc34bbdda97 | INFO | Message 52aa670f-5358-497b-9196-f0c70b657670 marked as read by executor2
2026-08-09 23:19:05 | team | sess_7bc34bbdda97 | INFO | [executor2] processing 1 unread messages (steer=True)
2026-08-09 23:19:05 | team | sess_7bc34bbdda97 | INFO | Message 1036819f-e10c-4459-b130-1a80538bbc44 marked as read by executor2
2026-08-09 23:19:18 | team | sess_7bc34bbdda97 | INFO | team jiuwen_team_sess_7bc34bbdda97 reported completed: 9 members, 7 tasks
2026-08-09 23:19:19 | team | sess_7bc34bbdda97 | INFO | [executor2] received TEAM_STANDBY, pausing polls
2026-08-09 23:19:19 | team | sess_7bc34bbdda97 | INFO | EventBus[teammate] pausing polls
