2026-08-09 23:09:55 | team | sess_7bc34bbdda97 | INFO | Team workspace directory ensured at /srv/jwteam_clone/shared/run_current
2026-08-09 23:09:55 | team | sess_7bc34bbdda97 | INFO | AgentTeam manager initialized for jiuwen_team_sess_7bc34bbdda97, member=team_leader
2026-08-09 23:09:55 | team | sess_7bc34bbdda97 | INFO | [team_leader] TeamPolicyRail static sections: section_names=['team_role', 'team_workflow', 'team_swarmflow', 'team_lifecycle', 'team_persona']
2026-08-09 23:09:56 | team | sess_7bc34bbdda97 | INFO | Session tables ready for session sess_7bc34bbdda97
2026-08-09 23:09:56 | team | sess_7bc34bbdda97 | INFO | Team database initialized
2026-08-09 23:09:56 | team | default_trace_id | INFO | Team workspace directory ensured at /srv/jwteam_clone/shared/run_current
2026-08-09 23:09:56 | team | default_trace_id | INFO | AgentTeam manager initialized for jiuwen_team_sess_7bc34bbdda97, member=planner2
2026-08-09 23:09:56 | team | default_trace_id | INFO | [planner2] TeamPolicyRail static sections: section_names=['team_role', 'team_persona']
2026-08-09 23:09:56 | team | sess_7bc34bbdda97 | INFO | [planner2] invoke start, role=teammate
2026-08-09 23:09:56 | team | sess_7bc34bbdda97 | INFO | [planner2] coordination starting
2026-08-09 23:09:56 | team | sess_7bc34bbdda97 | INFO | Session tables ready for session sess_7bc34bbdda97
2026-08-09 23:09:56 | team | sess_7bc34bbdda97 | INFO | Workspace /srv/jwteam_clone/shared/run_current initialized as plain shared directory (version_control disabled)
2026-08-09 23:09:56 | team | sess_7bc34bbdda97 | INFO | EventBus[teammate] starting
2026-08-09 23:10:20 | team | sess_7bc34bbdda97 | INFO | [planner2] HITT section refresh: human_agent_names=[]
2026-08-09 23:10:31 | team | sess_7bc34bbdda97 | INFO | [planner2] processing 1 unread messages (steer=True)
2026-08-09 23:10:31 | team | sess_7bc34bbdda97 | INFO | Message 63d5e3a2-d9bc-470f-bcfe-30931e8035ae marked as read by planner2
2026-08-09 23:10:32 | team | sess_7bc34bbdda97 | INFO | Task plan_security claimed by member planner2
2026-08-09 23:10:32 | team | sess_7bc34bbdda97 | INFO | Task plan_security claimed by member planner2
2026-08-09 23:10:53 | team | sess_7bc34bbdda97 | INFO | [planner2] processing 1 unread messages (steer=True)
2026-08-09 23:10:53 | team | sess_7bc34bbdda97 | INFO | Message e9ae6c84-9a1f-479b-b4c2-78d7ef44a994 marked as read by planner2
2026-08-09 23:11:22 | team | sess_7bc34bbdda97 | INFO | Message 5eaf6023-80b3-47bb-9871-8c0df0e361ed created
2026-08-09 23:11:22 | team | sess_7bc34bbdda97 | INFO | Message 1c58d00d-f5c9-4506-b8da-4460342aaea8 created
2026-08-09 23:11:33 | team | sess_7bc34bbdda97 | INFO | [planner2] processing 1 unread messages (steer=True)
2026-08-09 23:11:33 | team | sess_7bc34bbdda97 | INFO | Message 598b7718-4fcd-4cb0-8035-10db88d662cc marked as read by planner2
2026-08-09 23:11:41 | team | sess_7bc34bbdda97 | INFO | Message c7cb4565-9521-4938-a93e-ed96c12d921a created
2026-08-09 23:11:47 | team | sess_7bc34bbdda97 | INFO | Task plan_security completed at 1786313507172
2026-08-09 23:11:47 | team | sess_7bc34bbdda97 | INFO | Resolved 2 dependencies for task plan_security
2026-08-09 23:11:47 | team | sess_7bc34bbdda97 | INFO | Task plan_security completed
2026-08-09 23:11:51 | team | sess_7bc34bbdda97 | INFO | [planner2] processing 1 unread messages (steer=True)
2026-08-09 23:11:51 | team | sess_7bc34bbdda97 | INFO | Message 6e95a3e5-5c3b-40d3-adbf-0f095ad0de4d marked as read by planner2
2026-08-09 23:11:53 | team | sess_7bc34bbdda97 | INFO | Message bc47f205-52a7-4e9d-af74-3a7f70fc0d1e created
2026-08-09 23:12:08 | team | sess_7bc34bbdda97 | INFO | [planner2] processing 1 unread messages (steer=True)
2026-08-09 23:12:08 | team | sess_7bc34bbdda97 | INFO | Message 68054dfd-e529-4477-9ab2-e1b9057ea0af marked as read by planner2
2026-08-09 23:12:35 | team | sess_7bc34bbdda97 | INFO | [planner2] processing 1 unread messages (steer=True)
2026-08-09 23:12:35 | team | sess_7bc34bbdda97 | INFO | Message 62bc0994-8907-493e-8bab-839fe672d936 marked as read by planner2
2026-08-09 23:17:13 | team | sess_7bc34bbdda97 | INFO | task list drained for team jiuwen_team_sess_7bc34bbdda97: 6 terminal task(s)
2026-08-09 23:17:24 | team | sess_7bc34bbdda97 | INFO | [planner2] processing 1 unread messages (steer=True)
2026-08-09 23:17:24 | team | sess_7bc34bbdda97 | INFO | Message f8a1968e-bbfa-40da-b177-7de62ad93af8 marked as read by planner2
2026-08-09 23:18:08 | team | sess_7bc34bbdda97 | INFO | task list drained for team jiuwen_team_sess_7bc34bbdda97: 7 terminal task(s)
2026-08-09 23:18:10 | team | sess_7bc34bbdda97 | INFO | Message 391b203d-fe5b-4396-9e7f-bb03f7ae06c4 created
2026-08-09 23:18:22 | team | sess_7bc34bbdda97 | INFO | [planner2] processing 1 unread messages (steer=True)
2026-08-09 23:18:22 | team | sess_7bc34bbdda97 | INFO | Message 750e08cb-1908-4e5f-8bbf-5c4be341b731 marked as read by planner2
2026-08-09 23:18:25 | team | sess_7bc34bbdda97 | INFO | [planner2] processing 1 unread messages (steer=True)
2026-08-09 23:18:25 | team | sess_7bc34bbdda97 | INFO | Message 52aa670f-5358-497b-9196-f0c70b657670 marked as read by planner2
2026-08-09 23:19:18 | team | sess_7bc34bbdda97 | INFO | team jiuwen_team_sess_7bc34bbdda97 reported completed: 9 members, 7 tasks
2026-08-09 23:19:19 | team | sess_7bc34bbdda97 | INFO | [planner2] received TEAM_STANDBY, pausing polls
2026-08-09 23:19:19 | team | sess_7bc34bbdda97 | INFO | EventBus[teammate] pausing polls
