2026-08-08 04:45:08 | team | sess_5bc13231ccf5 | INFO | Team workspace directory ensured at /srv/jwteam_clone/shared/run_current
2026-08-08 04:45:08 | team | sess_5bc13231ccf5 | INFO | AgentTeam manager initialized for jiuwen_team_sess_5bc13231ccf5, member=team_leader
2026-08-08 04:45:08 | team | sess_5bc13231ccf5 | INFO | [team_leader] TeamPolicyRail static sections: section_names=['team_role', 'team_workflow', 'team_swarmflow', 'team_lifecycle', 'team_persona']
2026-08-08 04:45:08 | team | sess_5bc13231ccf5 | INFO | Session tables ready for session sess_5bc13231ccf5
2026-08-08 04:45:08 | team | sess_5bc13231ccf5 | INFO | Team database initialized
2026-08-08 04:45:08 | team | default_trace_id | INFO | Team workspace directory ensured at /srv/jwteam_clone/shared/run_current
2026-08-08 04:45:08 | team | default_trace_id | INFO | AgentTeam manager initialized for jiuwen_team_sess_5bc13231ccf5, member=fullstack1
2026-08-08 04:45:08 | team | default_trace_id | INFO | [fullstack1] TeamPolicyRail static sections: section_names=['team_role', 'team_persona']
2026-08-08 04:45:08 | team | sess_5bc13231ccf5 | INFO | [fullstack1] invoke start, role=teammate
2026-08-08 04:45:08 | team | sess_5bc13231ccf5 | INFO | [fullstack1] coordination starting
2026-08-08 04:45:08 | team | sess_5bc13231ccf5 | INFO | Session tables ready for session sess_5bc13231ccf5
2026-08-08 04:45:08 | team | sess_5bc13231ccf5 | INFO | Workspace /srv/jwteam_clone/shared/run_current initialized as plain shared directory (version_control disabled)
2026-08-08 04:45:08 | team | sess_5bc13231ccf5 | INFO | EventBus[teammate] starting
2026-08-08 04:46:19 | team | sess_5bc13231ccf5 | INFO | [fullstack1] HITT section refresh: human_agent_names=[]
2026-08-08 04:46:36 | team | sess_5bc13231ccf5 | INFO | [fullstack1] processing 1 unread messages (steer=True)
2026-08-08 04:46:36 | team | sess_5bc13231ccf5 | INFO | Message 11e22b1c-b47d-4ed3-8920-b03488524182 marked as read by fullstack1
2026-08-08 04:48:02 | team | sess_5bc13231ccf5 | INFO | Task implement_spec6 claimed by member fullstack1
2026-08-08 04:48:02 | team | sess_5bc13231ccf5 | INFO | Task implement_spec6 claimed by member fullstack1
2026-08-08 04:48:19 | team | sess_5bc13231ccf5 | INFO | [fullstack1] processing 1 unread messages (steer=True)
2026-08-08 04:48:19 | team | sess_5bc13231ccf5 | INFO | Message ab762888-efcb-4079-acc4-eb53856f956e marked as read by fullstack1
2026-08-08 04:55:22 | team | sess_5bc13231ccf5 | INFO | task list drained for team jiuwen_team_sess_5bc13231ccf5: 6 terminal task(s)
2026-08-08 04:55:41 | team | sess_5bc13231ccf5 | INFO | [fullstack1] processing 1 unread messages (steer=True)
2026-08-08 04:55:41 | team | sess_5bc13231ccf5 | INFO | Message 1589dcb9-a2e6-4173-bbfe-3ddb3df9f970 marked as read by fullstack1
2026-08-08 04:56:19 | team | sess_5bc13231ccf5 | INFO | team jiuwen_team_sess_5bc13231ccf5 reported completed: 9 members, 6 tasks
2026-08-08 04:56:19 | team | sess_5bc13231ccf5 | INFO | [fullstack1] received TEAM_STANDBY, pausing polls
2026-08-08 04:56:19 | team | sess_5bc13231ccf5 | INFO | EventBus[teammate] pausing polls
