2026-08-08 04:45:04 | team | sess_5bc13231ccf5 | INFO | Team workspace directory ensured at /srv/jwteam_clone/shared/run_current
2026-08-08 04:45:04 | team | sess_5bc13231ccf5 | INFO | AgentTeam manager initialized for jiuwen_team_sess_5bc13231ccf5, member=team_leader
2026-08-08 04:45:04 | team | sess_5bc13231ccf5 | INFO | [team_leader] TeamPolicyRail static sections: section_names=['team_role', 'team_workflow', 'team_swarmflow', 'team_lifecycle', 'team_persona']
2026-08-08 04:45:04 | team | sess_5bc13231ccf5 | INFO | Session tables ready for session sess_5bc13231ccf5
2026-08-08 04:45:04 | team | sess_5bc13231ccf5 | INFO | Team database initialized
2026-08-08 04:45:04 | team | default_trace_id | INFO | Team workspace directory ensured at /srv/jwteam_clone/shared/run_current
2026-08-08 04:45:04 | team | default_trace_id | INFO | AgentTeam manager initialized for jiuwen_team_sess_5bc13231ccf5, member=executor2
2026-08-08 04:45:04 | team | default_trace_id | INFO | [executor2] TeamPolicyRail static sections: section_names=['team_role', 'team_persona']
2026-08-08 04:45:04 | team | sess_5bc13231ccf5 | INFO | [executor2] invoke start, role=teammate
2026-08-08 04:45:04 | team | sess_5bc13231ccf5 | INFO | [executor2] coordination starting
2026-08-08 04:45:04 | team | sess_5bc13231ccf5 | INFO | Session tables ready for session sess_5bc13231ccf5
2026-08-08 04:45:04 | team | sess_5bc13231ccf5 | INFO | Workspace /srv/jwteam_clone/shared/run_current initialized as plain shared directory (version_control disabled)
2026-08-08 04:45:04 | team | sess_5bc13231ccf5 | INFO | EventBus[teammate] starting
2026-08-08 04:46:19 | team | sess_5bc13231ccf5 | INFO | [executor2] HITT section refresh: human_agent_names=[]
2026-08-08 04:46:36 | team | sess_5bc13231ccf5 | INFO | [executor2] processing 1 unread messages (steer=True)
2026-08-08 04:46:36 | team | sess_5bc13231ccf5 | INFO | Message 11e22b1c-b47d-4ed3-8920-b03488524182 marked as read by executor2
2026-08-08 04:48:12 | team | sess_5bc13231ccf5 | INFO | [executor2] processing 1 unread messages (steer=True)
2026-08-08 04:48:12 | team | sess_5bc13231ccf5 | INFO | Message b33a23c7-7712-4494-b097-8d50728897a4 marked as read by executor2
2026-08-08 04:48:26 | team | sess_5bc13231ccf5 | INFO | Task implement_lh5 claimed by member executor2
2026-08-08 04:48:26 | team | sess_5bc13231ccf5 | INFO | Task implement_lh5 claimed by member executor2
2026-08-08 04:49:55 | team | sess_5bc13231ccf5 | INFO | Task implement_lh5 completed at 1786160995505
2026-08-08 04:49:55 | team | sess_5bc13231ccf5 | INFO | Resolved 1 dependencies for task implement_lh5
2026-08-08 04:49:55 | team | sess_5bc13231ccf5 | INFO | Task implement_lh5 completed
2026-08-08 04:50:02 | team | sess_5bc13231ccf5 | INFO | Message 6821d5fd-defd-45f6-88b7-3891f8bbc2b0 created
2026-08-08 04:50:18 | team | sess_5bc13231ccf5 | INFO | [executor2] processing 1 unread messages (steer=True)
2026-08-08 04:50:18 | team | sess_5bc13231ccf5 | INFO | Message 93385d0c-8015-46c8-8917-0a8c4763b65b marked as read by executor2
2026-08-08 04:50:31 | team | sess_5bc13231ccf5 | INFO | Message 8f27c5ce-dd05-4250-9665-55d6f0780860 created
2026-08-08 04:50:36 | team | sess_5bc13231ccf5 | INFO | [executor2] processing 1 unread messages (steer=True)
2026-08-08 04:50:36 | team | sess_5bc13231ccf5 | INFO | Message a3460e8c-0ced-4614-9255-1d5b143f5566 marked as read by executor2
2026-08-08 04:55:22 | team | sess_5bc13231ccf5 | INFO | task list drained for team jiuwen_team_sess_5bc13231ccf5: 6 terminal task(s)
2026-08-08 04:55:34 | team | sess_5bc13231ccf5 | INFO | [executor2] processing 1 unread messages (steer=True)
2026-08-08 04:55:34 | team | sess_5bc13231ccf5 | INFO | Message 149334f7-64b5-4ffb-860f-8ed0401e1856 marked as read by executor2
2026-08-08 04:55:41 | team | sess_5bc13231ccf5 | INFO | [executor2] processing 1 unread messages (steer=True)
2026-08-08 04:55:41 | team | sess_5bc13231ccf5 | INFO | Message 1589dcb9-a2e6-4173-bbfe-3ddb3df9f970 marked as read by executor2
2026-08-08 04:56:19 | team | sess_5bc13231ccf5 | INFO | team jiuwen_team_sess_5bc13231ccf5 reported completed: 9 members, 6 tasks
2026-08-08 04:56:19 | team | sess_5bc13231ccf5 | INFO | [executor2] received TEAM_STANDBY, pausing polls
2026-08-08 04:56:19 | team | sess_5bc13231ccf5 | INFO | EventBus[teammate] pausing polls
