2026-08-08 04:45:01 | team | sess_5bc13231ccf5 | INFO | Team workspace directory ensured at /srv/jwteam_clone/shared/run_current
2026-08-08 04:45:01 | team | sess_5bc13231ccf5 | INFO | AgentTeam manager initialized for jiuwen_team_sess_5bc13231ccf5, member=team_leader
2026-08-08 04:45:01 | team | sess_5bc13231ccf5 | INFO | [team_leader] TeamPolicyRail static sections: section_names=['team_role', 'team_workflow', 'team_swarmflow', 'team_lifecycle', 'team_persona']
2026-08-08 04:45:01 | team | sess_5bc13231ccf5 | INFO | Session tables ready for session sess_5bc13231ccf5
2026-08-08 04:45:01 | team | sess_5bc13231ccf5 | INFO | Team database initialized
2026-08-08 04:45:01 | team | default_trace_id | INFO | Team workspace directory ensured at /srv/jwteam_clone/shared/run_current
2026-08-08 04:45:01 | team | default_trace_id | INFO | AgentTeam manager initialized for jiuwen_team_sess_5bc13231ccf5, member=planner2
2026-08-08 04:45:01 | team | default_trace_id | INFO | [planner2] TeamPolicyRail static sections: section_names=['team_role', 'team_persona']
2026-08-08 04:45:01 | team | sess_5bc13231ccf5 | INFO | [planner2] invoke start, role=teammate
2026-08-08 04:45:01 | team | sess_5bc13231ccf5 | INFO | [planner2] coordination starting
2026-08-08 04:45:01 | team | sess_5bc13231ccf5 | INFO | Session tables ready for session sess_5bc13231ccf5
2026-08-08 04:45:01 | team | sess_5bc13231ccf5 | INFO | Workspace /srv/jwteam_clone/shared/run_current initialized as plain shared directory (version_control disabled)
2026-08-08 04:45:01 | team | sess_5bc13231ccf5 | INFO | EventBus[teammate] starting
2026-08-08 04:46:19 | team | sess_5bc13231ccf5 | INFO | [planner2] HITT section refresh: human_agent_names=[]
2026-08-08 04:46:26 | team | sess_5bc13231ccf5 | INFO | Task plan_spec6 claimed by member planner2
2026-08-08 04:46:26 | team | sess_5bc13231ccf5 | INFO | Task plan_spec6 claimed by member planner2
2026-08-08 04:46:36 | team | sess_5bc13231ccf5 | INFO | [planner2] processing 1 unread messages (steer=True)
2026-08-08 04:46:36 | team | sess_5bc13231ccf5 | INFO | Message 11e22b1c-b47d-4ed3-8920-b03488524182 marked as read by planner2
2026-08-08 04:47:49 | team | sess_5bc13231ccf5 | INFO | Message 7ba9a3c7-5a00-4ce8-a4bd-4f35bc9bbfa7 created
2026-08-08 04:47:55 | team | sess_5bc13231ccf5 | INFO | Task plan_spec6 completed at 1786160875789
2026-08-08 04:47:55 | team | sess_5bc13231ccf5 | INFO | Resolved 1 dependencies for task plan_spec6
2026-08-08 04:47:55 | team | sess_5bc13231ccf5 | INFO | Task implement_spec6 unblocked (all deps resolved)
2026-08-08 04:47:55 | team | sess_5bc13231ccf5 | INFO | Task plan_spec6 completed
2026-08-08 04:47:55 | team | sess_5bc13231ccf5 | INFO | Unblocked 1 tasks
2026-08-08 04:48:05 | team | sess_5bc13231ccf5 | INFO | Message fb056b24-740b-4359-97e3-83191a27cb6c created
2026-08-08 04:52:21 | team | sess_5bc13231ccf5 | INFO | Message 27f9692d-c740-4a1f-8a8a-6714ad62cc01 created
2026-08-08 04:52:21 | team | sess_5bc13231ccf5 | INFO | Message 91171bc2-ff73-401a-9c77-fa0a16c43d7e created
2026-08-08 04:52:35 | team | sess_5bc13231ccf5 | INFO | [planner2] processing 1 unread messages (steer=True)
2026-08-08 04:52:35 | team | sess_5bc13231ccf5 | INFO | Message f1b6bc39-1b26-4777-84be-61fa06925ac2 marked as read by planner2
2026-08-08 04:52:39 | team | sess_5bc13231ccf5 | INFO | [planner2] processing 1 unread messages (steer=True)
2026-08-08 04:52:39 | team | sess_5bc13231ccf5 | INFO | Message c0d3dae0-df1c-4ba7-9d35-c4ebb010f7ad marked as read by planner2
2026-08-08 04:55:22 | team | sess_5bc13231ccf5 | INFO | task list drained for team jiuwen_team_sess_5bc13231ccf5: 6 terminal task(s)
2026-08-08 04:55:41 | team | sess_5bc13231ccf5 | INFO | [planner2] processing 1 unread messages (steer=True)
2026-08-08 04:55:41 | team | sess_5bc13231ccf5 | INFO | Message 1589dcb9-a2e6-4173-bbfe-3ddb3df9f970 marked as read by planner2
2026-08-08 04:56:19 | team | sess_5bc13231ccf5 | INFO | team jiuwen_team_sess_5bc13231ccf5 reported completed: 9 members, 6 tasks
2026-08-08 04:56:19 | team | sess_5bc13231ccf5 | INFO | [planner2] received TEAM_STANDBY, pausing polls
2026-08-08 04:56:19 | team | sess_5bc13231ccf5 | INFO | EventBus[teammate] pausing polls
