2026-08-08 04:45:03 | team | sess_5bc13231ccf5 | INFO | Team workspace directory ensured at /srv/jwteam_clone/shared/run_current
2026-08-08 04:45:03 | team | sess_5bc13231ccf5 | INFO | AgentTeam manager initialized for jiuwen_team_sess_5bc13231ccf5, member=team_leader
2026-08-08 04:45:03 | team | sess_5bc13231ccf5 | INFO | [team_leader] TeamPolicyRail static sections: section_names=['team_role', 'team_workflow', 'team_swarmflow', 'team_lifecycle', 'team_persona']
2026-08-08 04:45:03 | team | sess_5bc13231ccf5 | INFO | Session tables ready for session sess_5bc13231ccf5
2026-08-08 04:45:03 | team | sess_5bc13231ccf5 | INFO | Team database initialized
2026-08-08 04:45:03 | team | default_trace_id | INFO | Team workspace directory ensured at /srv/jwteam_clone/shared/run_current
2026-08-08 04:45:03 | team | default_trace_id | INFO | AgentTeam manager initialized for jiuwen_team_sess_5bc13231ccf5, member=executor1
2026-08-08 04:45:03 | team | default_trace_id | INFO | [executor1] TeamPolicyRail static sections: section_names=['team_role', 'team_persona']
2026-08-08 04:45:03 | team | sess_5bc13231ccf5 | INFO | [executor1] invoke start, role=teammate
2026-08-08 04:45:03 | team | sess_5bc13231ccf5 | INFO | [executor1] coordination starting
2026-08-08 04:45:03 | team | sess_5bc13231ccf5 | INFO | Session tables ready for session sess_5bc13231ccf5
2026-08-08 04:45:03 | team | sess_5bc13231ccf5 | INFO | Workspace /srv/jwteam_clone/shared/run_current initialized as plain shared directory (version_control disabled)
2026-08-08 04:45:03 | team | sess_5bc13231ccf5 | INFO | EventBus[teammate] starting
2026-08-08 04:46:19 | team | sess_5bc13231ccf5 | INFO | [executor1] HITT section refresh: human_agent_names=[]
2026-08-08 04:46:36 | team | sess_5bc13231ccf5 | INFO | [executor1] processing 1 unread messages (steer=True)
2026-08-08 04:46:36 | team | sess_5bc13231ccf5 | INFO | Message 11e22b1c-b47d-4ed3-8920-b03488524182 marked as read by executor1
2026-08-08 04:47:49 | team | sess_5bc13231ccf5 | INFO | [executor1] processing 1 unread messages (steer=True)
2026-08-08 04:47:49 | team | sess_5bc13231ccf5 | INFO | Message 7ba9a3c7-5a00-4ce8-a4bd-4f35bc9bbfa7 marked as read by executor1
2026-08-08 04:48:20 | team | sess_5bc13231ccf5 | INFO | Message a2ff6ff0-3bf2-483e-9be7-ef872734f6d2 created
2026-08-08 04:48:24 | team | sess_5bc13231ccf5 | INFO | [executor1] received TASK_CLAIMED for self, task_id=implement_spec6, human_agent=False
2026-08-08 04:48:34 | team | sess_5bc13231ccf5 | INFO | [executor1] processing 1 unread messages (steer=True)
2026-08-08 04:48:34 | team | sess_5bc13231ccf5 | INFO | Message a37e5a09-d75f-4d2c-97af-aae3a4ce015d marked as read by executor1
2026-08-08 04:50:04 | team | sess_5bc13231ccf5 | INFO | Task implement_spec6 completed at 1786161004756
2026-08-08 04:50:04 | team | sess_5bc13231ccf5 | INFO | Resolved 1 dependencies for task implement_spec6
2026-08-08 04:50:04 | team | sess_5bc13231ccf5 | INFO | Task verify_spec6 unblocked (all deps resolved)
2026-08-08 04:50:04 | team | sess_5bc13231ccf5 | INFO | Task implement_spec6 completed
2026-08-08 04:50:04 | team | sess_5bc13231ccf5 | INFO | Unblocked 1 tasks
2026-08-08 04:50:10 | team | sess_5bc13231ccf5 | INFO | Message 356cff64-1704-4057-94bd-0be126a973cd created
2026-08-08 04:50:20 | team | sess_5bc13231ccf5 | INFO | Message 682c61f1-8488-4fa3-9015-64f71078bc3c created
2026-08-08 04:50:35 | team | sess_5bc13231ccf5 | INFO | [executor1] processing 1 unread messages (steer=True)
2026-08-08 04:50:35 | team | sess_5bc13231ccf5 | INFO | Message 1f94df66-3860-4131-81fa-bc39c9ae21a8 marked as read by executor1
2026-08-08 04:55:22 | team | sess_5bc13231ccf5 | INFO | task list drained for team jiuwen_team_sess_5bc13231ccf5: 6 terminal task(s)
2026-08-08 04:55:41 | team | sess_5bc13231ccf5 | INFO | [executor1] processing 1 unread messages (steer=True)
2026-08-08 04:55:41 | team | sess_5bc13231ccf5 | INFO | Message 1589dcb9-a2e6-4173-bbfe-3ddb3df9f970 marked as read by executor1
2026-08-08 04:56:19 | team | sess_5bc13231ccf5 | INFO | team jiuwen_team_sess_5bc13231ccf5 reported completed: 9 members, 6 tasks
2026-08-08 04:56:19 | team | sess_5bc13231ccf5 | INFO | [executor1] received TEAM_STANDBY, pausing polls
2026-08-08 04:56:19 | team | sess_5bc13231ccf5 | INFO | EventBus[teammate] pausing polls
