2026-08-08 04:45:06 | team | sess_5bc13231ccf5 | INFO | Team workspace directory ensured at /srv/jwteam_clone/shared/run_current
2026-08-08 04:45:06 | team | sess_5bc13231ccf5 | INFO | AgentTeam manager initialized for jiuwen_team_sess_5bc13231ccf5, member=team_leader
2026-08-08 04:45:06 | team | sess_5bc13231ccf5 | INFO | [team_leader] TeamPolicyRail static sections: section_names=['team_role', 'team_workflow', 'team_swarmflow', 'team_lifecycle', 'team_persona']
2026-08-08 04:45:06 | team | sess_5bc13231ccf5 | INFO | Session tables ready for session sess_5bc13231ccf5
2026-08-08 04:45:06 | team | sess_5bc13231ccf5 | INFO | Team database initialized
2026-08-08 04:45:06 | team | default_trace_id | INFO | Team workspace directory ensured at /srv/jwteam_clone/shared/run_current
2026-08-08 04:45:06 | team | default_trace_id | INFO | AgentTeam manager initialized for jiuwen_team_sess_5bc13231ccf5, member=verifier1
2026-08-08 04:45:06 | team | default_trace_id | INFO | [verifier1] TeamPolicyRail static sections: section_names=['team_role', 'team_persona']
2026-08-08 04:45:06 | team | sess_5bc13231ccf5 | INFO | [verifier1] invoke start, role=teammate
2026-08-08 04:45:06 | team | sess_5bc13231ccf5 | INFO | [verifier1] coordination starting
2026-08-08 04:45:06 | team | sess_5bc13231ccf5 | INFO | Session tables ready for session sess_5bc13231ccf5
2026-08-08 04:45:06 | team | sess_5bc13231ccf5 | INFO | Workspace /srv/jwteam_clone/shared/run_current initialized as plain shared directory (version_control disabled)
2026-08-08 04:45:06 | team | sess_5bc13231ccf5 | INFO | EventBus[teammate] starting
2026-08-08 04:46:19 | team | sess_5bc13231ccf5 | INFO | [verifier1] HITT section refresh: human_agent_names=[]
2026-08-08 04:46:36 | team | sess_5bc13231ccf5 | INFO | [verifier1] processing 1 unread messages (steer=True)
2026-08-08 04:46:36 | team | sess_5bc13231ccf5 | INFO | Message 11e22b1c-b47d-4ed3-8920-b03488524182 marked as read by verifier1
2026-08-08 04:50:10 | team | sess_5bc13231ccf5 | INFO | Task verify_spec6 claimed by member verifier1
2026-08-08 04:50:10 | team | sess_5bc13231ccf5 | INFO | Task verify_spec6 claimed by member verifier1
2026-08-08 04:50:10 | team | sess_5bc13231ccf5 | INFO | [verifier1] processing 1 unread messages (steer=True)
2026-08-08 04:50:10 | team | sess_5bc13231ccf5 | INFO | Message 356cff64-1704-4057-94bd-0be126a973cd marked as read by verifier1
2026-08-08 04:52:07 | team | sess_5bc13231ccf5 | INFO | Task verify_spec6 completed at 1786161127512
2026-08-08 04:52:07 | team | sess_5bc13231ccf5 | INFO | Resolved 1 dependencies for task verify_spec6
2026-08-08 04:52:07 | team | sess_5bc13231ccf5 | INFO | Task verify_lh5 unblocked (all deps resolved)
2026-08-08 04:52:07 | team | sess_5bc13231ccf5 | INFO | Task verify_spec6 completed
2026-08-08 04:52:07 | team | sess_5bc13231ccf5 | INFO | Unblocked 1 tasks
2026-08-08 04:52:17 | team | sess_5bc13231ccf5 | INFO | Message 138903fc-8a70-4cee-a4d4-820c5a21b8a4 created
2026-08-08 04:52:17 | team | sess_5bc13231ccf5 | INFO | Message 192ef3fa-a400-4d76-a509-8b23e837e96f created
2026-08-08 04:52:26 | team | sess_5bc13231ccf5 | INFO | [verifier1] processing 1 unread messages (steer=True)
2026-08-08 04:52:26 | team | sess_5bc13231ccf5 | INFO | Message 51825e2f-7049-4bea-99ea-03642f16ae09 marked as read by verifier1
2026-08-08 04:52:28 | team | sess_5bc13231ccf5 | INFO | [verifier1] processing 1 unread messages (steer=True)
2026-08-08 04:52:28 | team | sess_5bc13231ccf5 | INFO | Message e227b8bc-e11f-4540-9ac3-82cae02a0dad marked as read by verifier1
2026-08-08 04:55:22 | team | sess_5bc13231ccf5 | INFO | task list drained for team jiuwen_team_sess_5bc13231ccf5: 6 terminal task(s)
2026-08-08 04:55:41 | team | sess_5bc13231ccf5 | INFO | [verifier1] processing 1 unread messages (steer=True)
2026-08-08 04:55:41 | team | sess_5bc13231ccf5 | INFO | Message 1589dcb9-a2e6-4173-bbfe-3ddb3df9f970 marked as read by verifier1
2026-08-08 04:56:19 | team | sess_5bc13231ccf5 | INFO | team jiuwen_team_sess_5bc13231ccf5 reported completed: 9 members, 6 tasks
2026-08-08 04:56:19 | team | sess_5bc13231ccf5 | INFO | [verifier1] received TEAM_STANDBY, pausing polls
2026-08-08 04:56:19 | team | sess_5bc13231ccf5 | INFO | EventBus[teammate] pausing polls
