2026-08-08 04:45:07 | team | sess_5bc13231ccf5 | INFO | Team workspace directory ensured at /srv/jwteam_clone/shared/run_current
2026-08-08 04:45:07 | team | sess_5bc13231ccf5 | INFO | AgentTeam manager initialized for jiuwen_team_sess_5bc13231ccf5, member=team_leader
2026-08-08 04:45:07 | team | sess_5bc13231ccf5 | INFO | [team_leader] TeamPolicyRail static sections: section_names=['team_role', 'team_workflow', 'team_swarmflow', 'team_lifecycle', 'team_persona']
2026-08-08 04:45:07 | team | sess_5bc13231ccf5 | INFO | Session tables ready for session sess_5bc13231ccf5
2026-08-08 04:45:07 | team | sess_5bc13231ccf5 | INFO | Team database initialized
2026-08-08 04:45:07 | team | default_trace_id | INFO | Team workspace directory ensured at /srv/jwteam_clone/shared/run_current
2026-08-08 04:45:07 | team | default_trace_id | INFO | AgentTeam manager initialized for jiuwen_team_sess_5bc13231ccf5, member=verifier2
2026-08-08 04:45:07 | team | default_trace_id | INFO | [verifier2] TeamPolicyRail static sections: section_names=['team_role', 'team_persona']
2026-08-08 04:45:07 | team | sess_5bc13231ccf5 | INFO | [verifier2] invoke start, role=teammate
2026-08-08 04:45:07 | team | sess_5bc13231ccf5 | INFO | [verifier2] coordination starting
2026-08-08 04:45:07 | team | sess_5bc13231ccf5 | INFO | Session tables ready for session sess_5bc13231ccf5
2026-08-08 04:45:07 | team | sess_5bc13231ccf5 | INFO | Workspace /srv/jwteam_clone/shared/run_current initialized as plain shared directory (version_control disabled)
2026-08-08 04:45:07 | team | sess_5bc13231ccf5 | INFO | EventBus[teammate] starting
2026-08-08 04:46:19 | team | sess_5bc13231ccf5 | INFO | [verifier2] HITT section refresh: human_agent_names=[]
2026-08-08 04:46:36 | team | sess_5bc13231ccf5 | INFO | [verifier2] processing 1 unread messages (steer=True)
2026-08-08 04:46:36 | team | sess_5bc13231ccf5 | INFO | Message 11e22b1c-b47d-4ed3-8920-b03488524182 marked as read by verifier2
2026-08-08 04:46:58 | team | sess_5bc13231ccf5 | INFO | Message b50a38b2-f1fd-44b5-aaa9-70763f7bb1db created
2026-08-08 04:47:14 | team | sess_5bc13231ccf5 | INFO | [verifier2] processing 1 unread messages (steer=True)
2026-08-08 04:47:14 | team | sess_5bc13231ccf5 | INFO | Message 9bb0bd56-28ea-41ca-90cb-4765331ae388 marked as read by verifier2
2026-08-08 04:50:02 | team | sess_5bc13231ccf5 | INFO | [verifier2] processing 1 unread messages (steer=True)
2026-08-08 04:50:02 | team | sess_5bc13231ccf5 | INFO | Message 6821d5fd-defd-45f6-88b7-3891f8bbc2b0 marked as read by verifier2
2026-08-08 04:50:18 | team | sess_5bc13231ccf5 | INFO | Message 430ed5c2-feb4-4da6-be76-d19ba3385ca5 created
2026-08-08 04:50:18 | team | sess_5bc13231ccf5 | INFO | Message 93385d0c-8015-46c8-8917-0a8c4763b65b created
2026-08-08 04:50:29 | team | sess_5bc13231ccf5 | INFO | [verifier2] processing 1 unread messages (steer=True)
2026-08-08 04:50:29 | team | sess_5bc13231ccf5 | INFO | Message 046f5cd4-76f7-4b6e-8027-7caed4c6b495 marked as read by verifier2
2026-08-08 04:50:31 | team | sess_5bc13231ccf5 | INFO | [verifier2] processing 1 unread messages (steer=True)
2026-08-08 04:50:31 | team | sess_5bc13231ccf5 | INFO | Message 8f27c5ce-dd05-4250-9665-55d6f0780860 marked as read by verifier2
2026-08-08 04:50:36 | team | sess_5bc13231ccf5 | INFO | Message a3460e8c-0ced-4614-9255-1d5b143f5566 created
2026-08-08 04:52:13 | team | sess_5bc13231ccf5 | INFO | Task verify_lh5 claimed by member verifier2
2026-08-08 04:52:13 | team | sess_5bc13231ccf5 | INFO | Task verify_lh5 claimed by member verifier2
2026-08-08 04:52:17 | team | sess_5bc13231ccf5 | INFO | [verifier2] processing 1 unread messages (steer=True)
2026-08-08 04:52:17 | team | sess_5bc13231ccf5 | INFO | Message 192ef3fa-a400-4d76-a509-8b23e837e96f marked as read by verifier2
2026-08-08 04:52:21 | team | sess_5bc13231ccf5 | INFO | [verifier2] processing 1 unread messages (steer=True)
2026-08-08 04:52:21 | team | sess_5bc13231ccf5 | INFO | Message 91171bc2-ff73-401a-9c77-fa0a16c43d7e marked as read by verifier2
2026-08-08 04:52:26 | team | sess_5bc13231ccf5 | INFO | Message 51825e2f-7049-4bea-99ea-03642f16ae09 created
2026-08-08 04:52:39 | team | sess_5bc13231ccf5 | INFO | Message c0d3dae0-df1c-4ba7-9d35-c4ebb010f7ad created
2026-08-08 04:55:22 | team | sess_5bc13231ccf5 | INFO | Task verify_lh5 completed at 1786161322112
2026-08-08 04:55:22 | team | sess_5bc13231ccf5 | INFO | Task verify_lh5 completed
2026-08-08 04:55:34 | team | sess_5bc13231ccf5 | INFO | Message 5f954206-b610-4261-afb6-d26cf3f78adf created
2026-08-08 04:55:34 | team | sess_5bc13231ccf5 | INFO | Message 149334f7-64b5-4ffb-860f-8ed0401e1856 created
2026-08-08 04:55:41 | team | sess_5bc13231ccf5 | INFO | [verifier2] processing 1 unread messages (steer=True)
2026-08-08 04:55:41 | team | sess_5bc13231ccf5 | INFO | Message 1589dcb9-a2e6-4173-bbfe-3ddb3df9f970 marked as read by verifier2
2026-08-08 04:56:19 | team | sess_5bc13231ccf5 | INFO | team jiuwen_team_sess_5bc13231ccf5 reported completed: 9 members, 6 tasks
2026-08-08 04:56:19 | team | sess_5bc13231ccf5 | INFO | [verifier2] received TEAM_STANDBY, pausing polls
2026-08-08 04:56:19 | team | sess_5bc13231ccf5 | INFO | EventBus[teammate] pausing polls
