2026-08-08 02:55:52 | team | sess_1c8b949b87c6 | INFO | Team workspace directory ensured at /srv/jwteam_clone/shared/run_current
2026-08-08 02:55:52 | team | sess_1c8b949b87c6 | INFO | AgentTeam manager initialized for jiuwen_team_sess_1c8b949b87c6, member=team_leader
2026-08-08 02:55:52 | team | sess_1c8b949b87c6 | INFO | [team_leader] TeamPolicyRail static sections: section_names=['team_role', 'team_workflow', 'team_swarmflow', 'team_lifecycle', 'team_persona']
2026-08-08 02:55:52 | team | sess_1c8b949b87c6 | INFO | Session tables ready for session sess_1c8b949b87c6
2026-08-08 02:55:52 | team | sess_1c8b949b87c6 | INFO | Team database initialized
2026-08-08 02:55:52 | team | default_trace_id | INFO | Team workspace directory ensured at /srv/jwteam_clone/shared/run_current
2026-08-08 02:55:52 | team | default_trace_id | INFO | AgentTeam manager initialized for jiuwen_team_sess_1c8b949b87c6, member=verifier2
2026-08-08 02:55:52 | team | default_trace_id | INFO | [verifier2] TeamPolicyRail static sections: section_names=['team_role', 'team_persona']
2026-08-08 02:55:52 | team | sess_1c8b949b87c6 | INFO | [verifier2] invoke start, role=teammate
2026-08-08 02:55:52 | team | sess_1c8b949b87c6 | INFO | [verifier2] coordination starting
2026-08-08 02:55:52 | team | sess_1c8b949b87c6 | INFO | Session tables ready for session sess_1c8b949b87c6
2026-08-08 02:55:52 | team | sess_1c8b949b87c6 | INFO | Workspace /srv/jwteam_clone/shared/run_current initialized as plain shared directory (version_control disabled)
2026-08-08 02:55:52 | team | sess_1c8b949b87c6 | INFO | EventBus[teammate] starting
2026-08-08 02:56:08 | team | sess_1c8b949b87c6 | INFO | [verifier2] HITT section refresh: human_agent_names=[]
2026-08-08 02:56:19 | team | sess_1c8b949b87c6 | INFO | [verifier2] processing 1 unread messages (steer=True)
2026-08-08 02:56:19 | team | sess_1c8b949b87c6 | INFO | Message 0f959c14-4f88-4e02-8687-f8e67b8fa878 marked as read by verifier2
2026-08-08 02:56:35 | team | sess_1c8b949b87c6 | INFO | Message d0d63301-debe-4a74-9b82-58b89c2c6628 created
2026-08-08 02:56:48 | team | sess_1c8b949b87c6 | INFO | [verifier2] processing 1 unread messages (steer=True)
2026-08-08 02:56:48 | team | sess_1c8b949b87c6 | INFO | Message ed970b0d-2ba6-4c30-b7a5-957d7f6c734b marked as read by verifier2
2026-08-08 02:56:52 | team | sess_1c8b949b87c6 | INFO | Message fdd1797c-3c8d-4a8d-a5ab-09a69fbf67b9 created
2026-08-08 02:56:59 | team | sess_1c8b949b87c6 | INFO | [verifier2] processing 1 unread messages (steer=True)
2026-08-08 02:56:59 | team | sess_1c8b949b87c6 | INFO | Message 4e18ddb6-382e-43bc-b836-e38f7c6a4db9 marked as read by verifier2
2026-08-08 02:57:06 | team | sess_1c8b949b87c6 | INFO | Message 9aa17900-48ad-4799-85ba-a490316675c9 created
2026-08-08 02:58:18 | team | sess_1c8b949b87c6 | INFO | Task verify2 claimed by member verifier2
2026-08-08 02:58:18 | team | sess_1c8b949b87c6 | INFO | Task verify2 claimed by member verifier2
2026-08-08 03:01:53 | team | sess_1c8b949b87c6 | INFO | Message ddf6a917-963e-4591-b4f0-fc415c143b85 created
2026-08-08 03:02:38 | team | sess_1c8b949b87c6 | INFO | [verifier2] processing 1 unread messages (steer=True)
2026-08-08 03:02:38 | team | sess_1c8b949b87c6 | INFO | Message 16043b2c-411e-4819-842a-10a5ee30dc4f marked as read by verifier2
2026-08-08 03:02:58 | team | sess_1c8b949b87c6 | INFO | Message 6fc8c1db-ec42-4718-b21c-e33289887c0f created
2026-08-08 03:03:30 | team | sess_1c8b949b87c6 | INFO | [verifier2] processing 1 unread messages (steer=True)
2026-08-08 03:03:30 | team | sess_1c8b949b87c6 | INFO | Message f49cd4d3-1f66-49c3-9ca0-61323b14f4ab marked as read by verifier2
2026-08-08 03:03:42 | team | sess_1c8b949b87c6 | INFO | [verifier2] processing 1 unread messages (steer=True)
2026-08-08 03:03:42 | team | sess_1c8b949b87c6 | INFO | Message a896a943-7d94-4b59-8200-463c33334441 marked as read by verifier2
2026-08-08 03:04:08 | team | sess_1c8b949b87c6 | INFO | Task verify2 completed at 1786154648681
2026-08-08 03:04:08 | team | sess_1c8b949b87c6 | INFO | Task verify2 completed
2026-08-08 03:04:15 | team | sess_1c8b949b87c6 | INFO | Message cdfe879a-0112-4034-a81d-73658f825a0f created
2026-08-08 03:04:21 | team | sess_1c8b949b87c6 | INFO | [verifier2] processing 1 unread messages (steer=True)
2026-08-08 03:04:21 | team | sess_1c8b949b87c6 | INFO | Message f428f21c-e2fa-49e9-85e4-ddc8e15a8dbb marked as read by verifier2
2026-08-08 03:04:32 | team | sess_1c8b949b87c6 | INFO | team jiuwen_team_sess_1c8b949b87c6 reported completed: 9 members, 4 tasks
2026-08-08 03:04:33 | team | sess_1c8b949b87c6 | INFO | [verifier2] received TEAM_STANDBY, pausing polls
2026-08-08 03:04:33 | team | sess_1c8b949b87c6 | INFO | EventBus[teammate] pausing polls
