2026-08-08 02:55:49 | team | sess_1c8b949b87c6 | INFO | Team workspace directory ensured at /srv/jwteam_clone/shared/run_current
2026-08-08 02:55:49 | team | sess_1c8b949b87c6 | INFO | AgentTeam manager initialized for jiuwen_team_sess_1c8b949b87c6, member=team_leader
2026-08-08 02:55:49 | team | sess_1c8b949b87c6 | INFO | [team_leader] TeamPolicyRail static sections: section_names=['team_role', 'team_workflow', 'team_swarmflow', 'team_lifecycle', 'team_persona']
2026-08-08 02:55:49 | team | sess_1c8b949b87c6 | INFO | Session tables ready for session sess_1c8b949b87c6
2026-08-08 02:55:49 | team | sess_1c8b949b87c6 | INFO | Team database initialized
2026-08-08 02:55:49 | team | default_trace_id | INFO | Team workspace directory ensured at /srv/jwteam_clone/shared/run_current
2026-08-08 02:55:49 | team | default_trace_id | INFO | AgentTeam manager initialized for jiuwen_team_sess_1c8b949b87c6, member=executor1
2026-08-08 02:55:49 | team | default_trace_id | INFO | [executor1] TeamPolicyRail static sections: section_names=['team_role', 'team_persona']
2026-08-08 02:55:50 | team | sess_1c8b949b87c6 | INFO | [executor1] invoke start, role=teammate
2026-08-08 02:55:50 | team | sess_1c8b949b87c6 | INFO | [executor1] coordination starting
2026-08-08 02:55:50 | team | sess_1c8b949b87c6 | INFO | Session tables ready for session sess_1c8b949b87c6
2026-08-08 02:55:50 | team | sess_1c8b949b87c6 | INFO | Workspace /srv/jwteam_clone/shared/run_current initialized as plain shared directory (version_control disabled)
2026-08-08 02:55:50 | team | sess_1c8b949b87c6 | INFO | EventBus[teammate] starting
2026-08-08 02:56:08 | team | sess_1c8b949b87c6 | INFO | [executor1] HITT section refresh: human_agent_names=[]
2026-08-08 02:56:19 | team | sess_1c8b949b87c6 | INFO | [executor1] processing 1 unread messages (steer=True)
2026-08-08 02:56:19 | team | sess_1c8b949b87c6 | INFO | Message 0f959c14-4f88-4e02-8687-f8e67b8fa878 marked as read by executor1
2026-08-08 02:57:42 | team | sess_1c8b949b87c6 | INFO | [executor1] processing 1 unread messages (steer=True)
2026-08-08 02:57:42 | team | sess_1c8b949b87c6 | INFO | Message 0a54dd48-808d-4a47-ad98-5231361aa13d marked as read by executor1
2026-08-08 02:57:47 | team | sess_1c8b949b87c6 | INFO | Task implement claimed by member executor1
2026-08-08 02:57:47 | team | sess_1c8b949b87c6 | INFO | Task implement claimed by member executor1
2026-08-08 02:58:14 | team | sess_1c8b949b87c6 | INFO | Task implement completed at 1786154294353
2026-08-08 02:58:14 | team | sess_1c8b949b87c6 | INFO | Message 73899d82-3e63-4bf5-8559-9e31f8868597 created
2026-08-08 02:58:14 | team | sess_1c8b949b87c6 | INFO | Resolved 2 dependencies for task implement
2026-08-08 02:58:14 | team | sess_1c8b949b87c6 | INFO | Task verify unblocked (all deps resolved)
2026-08-08 02:58:14 | team | sess_1c8b949b87c6 | INFO | Task verify2 unblocked (all deps resolved)
2026-08-08 02:58:14 | team | sess_1c8b949b87c6 | INFO | Task implement completed
2026-08-08 02:58:14 | team | sess_1c8b949b87c6 | INFO | Unblocked 2 tasks
2026-08-08 03:03:11 | team | sess_1c8b949b87c6 | INFO | [executor1] processing 1 unread messages (steer=True)
2026-08-08 03:03:11 | team | sess_1c8b949b87c6 | INFO | Message 8d0c4d5b-fe4d-42fc-8ad1-14a1e9756fba marked as read by executor1
2026-08-08 03:03:28 | team | sess_1c8b949b87c6 | INFO | Message b2de6971-a980-4eb0-b4db-bab53f500d9f created
2026-08-08 03:04:08 | team | sess_1c8b949b87c6 | INFO | task list drained for team jiuwen_team_sess_1c8b949b87c6: 4 terminal task(s)
2026-08-08 03:04:21 | team | sess_1c8b949b87c6 | INFO | [executor1] processing 1 unread messages (steer=True)
2026-08-08 03:04:21 | team | sess_1c8b949b87c6 | INFO | Message f428f21c-e2fa-49e9-85e4-ddc8e15a8dbb marked as read by executor1
2026-08-08 03:04:32 | team | sess_1c8b949b87c6 | INFO | team jiuwen_team_sess_1c8b949b87c6 reported completed: 9 members, 4 tasks
2026-08-08 03:04:33 | team | sess_1c8b949b87c6 | INFO | [executor1] received TEAM_STANDBY, pausing polls
2026-08-08 03:04:33 | team | sess_1c8b949b87c6 | INFO | EventBus[teammate] pausing polls
