2026-08-08 02:55:48 | team | sess_1c8b949b87c6 | INFO | Team workspace directory ensured at /srv/jwteam_clone/shared/run_current
2026-08-08 02:55:48 | team | sess_1c8b949b87c6 | INFO | AgentTeam manager initialized for jiuwen_team_sess_1c8b949b87c6, member=team_leader
2026-08-08 02:55:48 | team | sess_1c8b949b87c6 | INFO | [team_leader] TeamPolicyRail static sections: section_names=['team_role', 'team_workflow', 'team_swarmflow', 'team_lifecycle', 'team_persona']
2026-08-08 02:55:48 | team | sess_1c8b949b87c6 | INFO | Session tables ready for session sess_1c8b949b87c6
2026-08-08 02:55:48 | team | sess_1c8b949b87c6 | INFO | Team database initialized
2026-08-08 02:55:48 | team | default_trace_id | INFO | Team workspace directory ensured at /srv/jwteam_clone/shared/run_current
2026-08-08 02:55:48 | team | default_trace_id | INFO | AgentTeam manager initialized for jiuwen_team_sess_1c8b949b87c6, member=planner2
2026-08-08 02:55:48 | team | default_trace_id | INFO | [planner2] TeamPolicyRail static sections: section_names=['team_role', 'team_persona']
2026-08-08 02:55:48 | team | sess_1c8b949b87c6 | INFO | [planner2] invoke start, role=teammate
2026-08-08 02:55:48 | team | sess_1c8b949b87c6 | INFO | [planner2] coordination starting
2026-08-08 02:55:48 | team | sess_1c8b949b87c6 | INFO | Session tables ready for session sess_1c8b949b87c6
2026-08-08 02:55:48 | team | sess_1c8b949b87c6 | INFO | Workspace /srv/jwteam_clone/shared/run_current initialized as plain shared directory (version_control disabled)
2026-08-08 02:55:48 | team | sess_1c8b949b87c6 | INFO | EventBus[teammate] starting
2026-08-08 02:56:08 | team | sess_1c8b949b87c6 | INFO | [planner2] HITT section refresh: human_agent_names=[]
2026-08-08 02:56:19 | team | sess_1c8b949b87c6 | INFO | [planner2] processing 1 unread messages (steer=True)
2026-08-08 02:56:19 | team | sess_1c8b949b87c6 | INFO | Message 0f959c14-4f88-4e02-8687-f8e67b8fa878 marked as read by planner2
2026-08-08 03:04:08 | team | sess_1c8b949b87c6 | INFO | task list drained for team jiuwen_team_sess_1c8b949b87c6: 4 terminal task(s)
2026-08-08 03:04:21 | team | sess_1c8b949b87c6 | INFO | [planner2] processing 1 unread messages (steer=True)
2026-08-08 03:04:21 | team | sess_1c8b949b87c6 | INFO | Message f428f21c-e2fa-49e9-85e4-ddc8e15a8dbb marked as read by planner2
2026-08-08 03:04:32 | team | sess_1c8b949b87c6 | INFO | team jiuwen_team_sess_1c8b949b87c6 reported completed: 9 members, 4 tasks
2026-08-08 03:04:33 | team | sess_1c8b949b87c6 | INFO | [planner2] received TEAM_STANDBY, pausing polls
2026-08-08 03:04:33 | team | sess_1c8b949b87c6 | INFO | EventBus[teammate] pausing polls
