2026-08-08 03:30:49 | team | sess_922e6f29c4fe | INFO | Team workspace directory ensured at /srv/jwteam_clone/shared/run_current
2026-08-08 03:30:49 | team | sess_922e6f29c4fe | INFO | AgentTeam manager initialized for jiuwen_team_sess_922e6f29c4fe, member=team_leader
2026-08-08 03:30:49 | team | sess_922e6f29c4fe | INFO | [team_leader] TeamPolicyRail static sections: section_names=['team_role', 'team_workflow', 'team_swarmflow', 'team_lifecycle', 'team_persona']
2026-08-08 03:30:49 | team | sess_922e6f29c4fe | INFO | Session tables ready for session sess_922e6f29c4fe
2026-08-08 03:30:49 | team | sess_922e6f29c4fe | INFO | Team database initialized
2026-08-08 03:30:49 | team | default_trace_id | INFO | Team workspace directory ensured at /srv/jwteam_clone/shared/run_current
2026-08-08 03:30:49 | team | default_trace_id | INFO | AgentTeam manager initialized for jiuwen_team_sess_922e6f29c4fe, member=verifier2
2026-08-08 03:30:49 | team | default_trace_id | INFO | [verifier2] TeamPolicyRail static sections: section_names=['team_role', 'team_persona']
2026-08-08 03:30:49 | team | sess_922e6f29c4fe | INFO | [verifier2] invoke start, role=teammate
2026-08-08 03:30:49 | team | sess_922e6f29c4fe | INFO | [verifier2] coordination starting
2026-08-08 03:30:49 | team | sess_922e6f29c4fe | INFO | Session tables ready for session sess_922e6f29c4fe
2026-08-08 03:30:49 | team | sess_922e6f29c4fe | INFO | Workspace /srv/jwteam_clone/shared/run_current initialized as plain shared directory (version_control disabled)
2026-08-08 03:30:49 | team | sess_922e6f29c4fe | INFO | EventBus[teammate] starting
2026-08-08 03:31:08 | team | sess_922e6f29c4fe | INFO | [verifier2] HITT section refresh: human_agent_names=[]
2026-08-08 03:31:21 | team | sess_922e6f29c4fe | INFO | [verifier2] processing 1 unread messages (steer=True)
2026-08-08 03:31:21 | team | sess_922e6f29c4fe | INFO | Message cd3865da-1485-4650-9a58-7d63b4af4acc marked as read by verifier2
2026-08-08 03:31:47 | team | sess_922e6f29c4fe | INFO | Message c554513c-ac23-4d4e-8064-ab2fe7e853ca created
2026-08-08 03:32:05 | team | sess_922e6f29c4fe | INFO | [verifier2] processing 1 unread messages (steer=True)
2026-08-08 03:32:05 | team | sess_922e6f29c4fe | INFO | Message 99ba90ae-c8aa-46a0-842c-c9c69b2586c4 marked as read by verifier2
2026-08-08 03:32:15 | team | sess_922e6f29c4fe | INFO | Message d840a9d0-aca2-4f63-9580-34e19461c0ac created
2026-08-08 03:33:23 | team | sess_922e6f29c4fe | INFO | task list drained for team jiuwen_team_sess_922e6f29c4fe: 5 terminal task(s)
2026-08-08 03:33:38 | team | sess_922e6f29c4fe | INFO | team jiuwen_team_sess_922e6f29c4fe reported completed: 9 members, 5 tasks
2026-08-08 03:33:39 | team | sess_922e6f29c4fe | INFO | [verifier2] received TEAM_STANDBY, pausing polls
2026-08-08 03:33:39 | team | sess_922e6f29c4fe | INFO | EventBus[teammate] pausing polls
