2026-08-08 03:30:47 | team | sess_922e6f29c4fe | INFO | Team workspace directory ensured at /srv/jwteam_clone/shared/run_current
2026-08-08 03:30:47 | team | sess_922e6f29c4fe | INFO | AgentTeam manager initialized for jiuwen_team_sess_922e6f29c4fe, member=team_leader
2026-08-08 03:30:47 | team | sess_922e6f29c4fe | INFO | [team_leader] TeamPolicyRail static sections: section_names=['team_role', 'team_workflow', 'team_swarmflow', 'team_lifecycle', 'team_persona']
2026-08-08 03:30:47 | team | sess_922e6f29c4fe | INFO | Session tables ready for session sess_922e6f29c4fe
2026-08-08 03:30:47 | team | sess_922e6f29c4fe | INFO | Team database initialized
2026-08-08 03:30:48 | team | default_trace_id | INFO | Team workspace directory ensured at /srv/jwteam_clone/shared/run_current
2026-08-08 03:30:48 | team | default_trace_id | INFO | AgentTeam manager initialized for jiuwen_team_sess_922e6f29c4fe, member=verifier1
2026-08-08 03:30:48 | team | default_trace_id | INFO | [verifier1] TeamPolicyRail static sections: section_names=['team_role', 'team_persona']
2026-08-08 03:30:48 | team | sess_922e6f29c4fe | INFO | [verifier1] invoke start, role=teammate
2026-08-08 03:30:48 | team | sess_922e6f29c4fe | INFO | [verifier1] coordination starting
2026-08-08 03:30:48 | team | sess_922e6f29c4fe | INFO | Session tables ready for session sess_922e6f29c4fe
2026-08-08 03:30:48 | team | sess_922e6f29c4fe | INFO | Workspace /srv/jwteam_clone/shared/run_current initialized as plain shared directory (version_control disabled)
2026-08-08 03:30:48 | team | sess_922e6f29c4fe | INFO | EventBus[teammate] starting
2026-08-08 03:31:08 | team | sess_922e6f29c4fe | INFO | [verifier1] HITT section refresh: human_agent_names=[]
2026-08-08 03:31:21 | team | sess_922e6f29c4fe | INFO | [verifier1] processing 1 unread messages (steer=True)
2026-08-08 03:31:21 | team | sess_922e6f29c4fe | INFO | Message cd3865da-1485-4650-9a58-7d63b4af4acc marked as read by verifier1
2026-08-08 03:32:21 | team | sess_922e6f29c4fe | INFO | [verifier1] processing 1 unread messages (steer=True)
2026-08-08 03:32:21 | team | sess_922e6f29c4fe | INFO | Message 1d4efab4-db5f-41dd-a7c1-db388301391e marked as read by verifier1
2026-08-08 03:32:22 | team | sess_922e6f29c4fe | INFO | [verifier1] processing 1 unread messages (steer=True)
2026-08-08 03:32:22 | team | sess_922e6f29c4fe | INFO | Message 6bd6cc01-eebf-4db4-912f-db849ac29a8b marked as read by verifier1
2026-08-08 03:32:29 | team | sess_922e6f29c4fe | INFO | [verifier1] processing 1 unread messages (steer=True)
2026-08-08 03:32:29 | team | sess_922e6f29c4fe | INFO | Message 44f5f20d-c3c4-49ec-a19b-c44abda1cdf2 marked as read by verifier1
2026-08-08 03:32:33 | team | sess_922e6f29c4fe | INFO | Message 1afba538-2ebd-4e58-8fed-8dc1b98a6766 created
2026-08-08 03:32:33 | team | sess_922e6f29c4fe | INFO | Message cc77e7aa-259b-4f78-8c2c-3e6f65eba82f created
2026-08-08 03:32:34 | team | sess_922e6f29c4fe | INFO | [verifier1] received TASK_CLAIMED for self, task_id=verify, human_agent=False
2026-08-08 03:32:39 | team | sess_922e6f29c4fe | INFO | Message 6d967c0c-f1d7-432b-8ade-45d9af98893d created
2026-08-08 03:33:22 | team | sess_922e6f29c4fe | INFO | Task verify completed at 1786156402984
2026-08-08 03:33:22 | team | sess_922e6f29c4fe | INFO | Message fdbc9016-7b4d-460e-a86f-06a2e8e120ae created
2026-08-08 03:33:22 | team | sess_922e6f29c4fe | INFO | Task verify completed
2026-08-08 03:33:38 | team | sess_922e6f29c4fe | INFO | team jiuwen_team_sess_922e6f29c4fe reported completed: 9 members, 5 tasks
2026-08-08 03:33:39 | team | sess_922e6f29c4fe | INFO | [verifier1] received TEAM_STANDBY, pausing polls
2026-08-08 03:33:39 | team | sess_922e6f29c4fe | INFO | EventBus[teammate] pausing polls
