2026-08-08 03:30:44 | team | sess_922e6f29c4fe | INFO | Team workspace directory ensured at /srv/jwteam_clone/shared/run_current
2026-08-08 03:30:44 | team | sess_922e6f29c4fe | INFO | AgentTeam manager initialized for jiuwen_team_sess_922e6f29c4fe, member=team_leader
2026-08-08 03:30:44 | team | sess_922e6f29c4fe | INFO | [team_leader] TeamPolicyRail static sections: section_names=['team_role', 'team_workflow', 'team_swarmflow', 'team_lifecycle', 'team_persona']
2026-08-08 03:30:44 | team | sess_922e6f29c4fe | INFO | Session tables ready for session sess_922e6f29c4fe
2026-08-08 03:30:44 | team | sess_922e6f29c4fe | INFO | Team database initialized
2026-08-08 03:30:44 | team | default_trace_id | INFO | Team workspace directory ensured at /srv/jwteam_clone/shared/run_current
2026-08-08 03:30:44 | team | default_trace_id | INFO | AgentTeam manager initialized for jiuwen_team_sess_922e6f29c4fe, member=executor1
2026-08-08 03:30:44 | team | default_trace_id | INFO | [executor1] TeamPolicyRail static sections: section_names=['team_role', 'team_persona']
2026-08-08 03:30:44 | team | sess_922e6f29c4fe | INFO | [executor1] invoke start, role=teammate
2026-08-08 03:30:44 | team | sess_922e6f29c4fe | INFO | [executor1] coordination starting
2026-08-08 03:30:44 | team | sess_922e6f29c4fe | INFO | Session tables ready for session sess_922e6f29c4fe
2026-08-08 03:30:44 | team | sess_922e6f29c4fe | INFO | Workspace /srv/jwteam_clone/shared/run_current initialized as plain shared directory (version_control disabled)
2026-08-08 03:30:45 | team | sess_922e6f29c4fe | INFO | EventBus[teammate] starting
2026-08-08 03:31:08 | team | sess_922e6f29c4fe | INFO | [executor1] HITT section refresh: human_agent_names=[]
2026-08-08 03:31:21 | team | sess_922e6f29c4fe | INFO | [executor1] processing 1 unread messages (steer=True)
2026-08-08 03:31:21 | team | sess_922e6f29c4fe | INFO | Message cd3865da-1485-4650-9a58-7d63b4af4acc marked as read by executor1
2026-08-08 03:31:48 | team | sess_922e6f29c4fe | INFO | Message b01eb935-3744-4c8b-bd72-9ffb87a8b0b9 created
2026-08-08 03:31:51 | team | sess_922e6f29c4fe | INFO | [executor1] processing 1 unread messages (steer=True)
2026-08-08 03:31:51 | team | sess_922e6f29c4fe | INFO | Message 8b016917-f6d5-4531-b1fc-72b6d1ef686f marked as read by executor1
2026-08-08 03:31:58 | team | sess_922e6f29c4fe | INFO | [executor1] processing 1 unread messages (steer=True)
2026-08-08 03:31:58 | team | sess_922e6f29c4fe | INFO | Message 88873cb0-622e-4037-a6f2-bdf1ed20f6e5 marked as read by executor1
2026-08-08 03:32:01 | team | sess_922e6f29c4fe | INFO | Task fix-lint claimed by member executor1
2026-08-08 03:32:01 | team | sess_922e6f29c4fe | INFO | Task fix-lint claimed by member executor1
2026-08-08 03:32:21 | team | sess_922e6f29c4fe | INFO | Task fix-lint completed at 1786156341808
2026-08-08 03:32:21 | team | sess_922e6f29c4fe | INFO | Message 1d4efab4-db5f-41dd-a7c1-db388301391e created
2026-08-08 03:32:21 | team | sess_922e6f29c4fe | INFO | Resolved 1 dependencies for task fix-lint
2026-08-08 03:32:21 | team | sess_922e6f29c4fe | INFO | Task fix-lint completed
2026-08-08 03:32:33 | team | sess_922e6f29c4fe | INFO | [executor1] processing 1 unread messages (steer=True)
2026-08-08 03:32:34 | team | sess_922e6f29c4fe | INFO | Message cc77e7aa-259b-4f78-8c2c-3e6f65eba82f marked as read by executor1
2026-08-08 03:33:23 | team | sess_922e6f29c4fe | INFO | task list drained for team jiuwen_team_sess_922e6f29c4fe: 5 terminal task(s)
2026-08-08 03:33:38 | team | sess_922e6f29c4fe | INFO | team jiuwen_team_sess_922e6f29c4fe reported completed: 9 members, 5 tasks
2026-08-08 03:33:39 | team | sess_922e6f29c4fe | INFO | [executor1] received TEAM_STANDBY, pausing polls
2026-08-08 03:33:39 | team | sess_922e6f29c4fe | INFO | EventBus[teammate] pausing polls
