2026-08-08 03:30:45 | team | sess_922e6f29c4fe | INFO | Team workspace directory ensured at /srv/jwteam_clone/shared/run_current
2026-08-08 03:30:45 | team | sess_922e6f29c4fe | INFO | AgentTeam manager initialized for jiuwen_team_sess_922e6f29c4fe, member=team_leader
2026-08-08 03:30:45 | team | sess_922e6f29c4fe | INFO | [team_leader] TeamPolicyRail static sections: section_names=['team_role', 'team_workflow', 'team_swarmflow', 'team_lifecycle', 'team_persona']
2026-08-08 03:30:45 | team | sess_922e6f29c4fe | INFO | Session tables ready for session sess_922e6f29c4fe
2026-08-08 03:30:45 | team | sess_922e6f29c4fe | INFO | Team database initialized
2026-08-08 03:30:45 | team | default_trace_id | INFO | Team workspace directory ensured at /srv/jwteam_clone/shared/run_current
2026-08-08 03:30:45 | team | default_trace_id | INFO | AgentTeam manager initialized for jiuwen_team_sess_922e6f29c4fe, member=executor2
2026-08-08 03:30:46 | team | default_trace_id | INFO | [executor2] TeamPolicyRail static sections: section_names=['team_role', 'team_persona']
2026-08-08 03:30:46 | team | sess_922e6f29c4fe | INFO | [executor2] invoke start, role=teammate
2026-08-08 03:30:46 | team | sess_922e6f29c4fe | INFO | [executor2] coordination starting
2026-08-08 03:30:46 | team | sess_922e6f29c4fe | INFO | Session tables ready for session sess_922e6f29c4fe
2026-08-08 03:30:46 | team | sess_922e6f29c4fe | INFO | Workspace /srv/jwteam_clone/shared/run_current initialized as plain shared directory (version_control disabled)
2026-08-08 03:30:46 | team | sess_922e6f29c4fe | INFO | EventBus[teammate] starting
2026-08-08 03:31:08 | team | sess_922e6f29c4fe | INFO | [executor2] HITT section refresh: human_agent_names=[]
2026-08-08 03:31:21 | team | sess_922e6f29c4fe | INFO | [executor2] processing 1 unread messages (steer=True)
2026-08-08 03:31:21 | team | sess_922e6f29c4fe | INFO | Message cd3865da-1485-4650-9a58-7d63b4af4acc marked as read by executor2
2026-08-08 03:31:51 | team | sess_922e6f29c4fe | INFO | [executor2] processing 1 unread messages (steer=True)
2026-08-08 03:31:51 | team | sess_922e6f29c4fe | INFO | Message d2cc3279-254f-4ec1-a6ee-d729d2f9275a marked as read by executor2
2026-08-08 03:32:06 | team | sess_922e6f29c4fe | INFO | Task fix-test claimed by member executor2
2026-08-08 03:32:06 | team | sess_922e6f29c4fe | INFO | Task fix-test claimed by member executor2
2026-08-08 03:32:29 | team | sess_922e6f29c4fe | INFO | Task fix-test completed at 1786156349707
2026-08-08 03:32:29 | team | sess_922e6f29c4fe | INFO | Message 44f5f20d-c3c4-49ec-a19b-c44abda1cdf2 created
2026-08-08 03:32:29 | team | sess_922e6f29c4fe | INFO | Resolved 1 dependencies for task fix-test
2026-08-08 03:32:29 | team | sess_922e6f29c4fe | INFO | Task verify unblocked (all deps resolved)
2026-08-08 03:32:29 | team | sess_922e6f29c4fe | INFO | Task fix-test completed
2026-08-08 03:32:29 | team | sess_922e6f29c4fe | INFO | Unblocked 1 tasks
2026-08-08 03:32:39 | team | sess_922e6f29c4fe | INFO | [executor2] processing 1 unread messages (steer=True)
2026-08-08 03:32:39 | team | sess_922e6f29c4fe | INFO | Message 6d967c0c-f1d7-432b-8ade-45d9af98893d marked as read by executor2
2026-08-08 03:33:23 | team | sess_922e6f29c4fe | INFO | task list drained for team jiuwen_team_sess_922e6f29c4fe: 5 terminal task(s)
2026-08-08 03:33:38 | team | sess_922e6f29c4fe | INFO | team jiuwen_team_sess_922e6f29c4fe reported completed: 9 members, 5 tasks
2026-08-08 03:33:39 | team | sess_922e6f29c4fe | INFO | [executor2] received TEAM_STANDBY, pausing polls
2026-08-08 03:33:39 | team | sess_922e6f29c4fe | INFO | EventBus[teammate] pausing polls
