2026-08-08 03:30:43 | team | sess_922e6f29c4fe | INFO | Team workspace directory ensured at /srv/jwteam_clone/shared/run_current
2026-08-08 03:30:43 | team | sess_922e6f29c4fe | INFO | AgentTeam manager initialized for jiuwen_team_sess_922e6f29c4fe, member=team_leader
2026-08-08 03:30:43 | team | sess_922e6f29c4fe | INFO | [team_leader] TeamPolicyRail static sections: section_names=['team_role', 'team_workflow', 'team_swarmflow', 'team_lifecycle', 'team_persona']
2026-08-08 03:30:43 | team | sess_922e6f29c4fe | INFO | Session tables ready for session sess_922e6f29c4fe
2026-08-08 03:30:43 | team | sess_922e6f29c4fe | INFO | Team database initialized
2026-08-08 03:30:43 | team | default_trace_id | INFO | Team workspace directory ensured at /srv/jwteam_clone/shared/run_current
2026-08-08 03:30:43 | team | default_trace_id | INFO | AgentTeam manager initialized for jiuwen_team_sess_922e6f29c4fe, member=planner1
2026-08-08 03:30:43 | team | default_trace_id | INFO | [planner1] TeamPolicyRail static sections: section_names=['team_role', 'team_persona']
2026-08-08 03:30:43 | team | sess_922e6f29c4fe | INFO | [planner1] invoke start, role=teammate
2026-08-08 03:30:43 | team | sess_922e6f29c4fe | INFO | [planner1] coordination starting
2026-08-08 03:30:43 | team | sess_922e6f29c4fe | INFO | Session tables ready for session sess_922e6f29c4fe
2026-08-08 03:30:43 | team | sess_922e6f29c4fe | INFO | Workspace /srv/jwteam_clone/shared/run_current initialized as plain shared directory (version_control disabled)
2026-08-08 03:30:43 | team | sess_922e6f29c4fe | INFO | EventBus[teammate] starting
2026-08-08 03:31:08 | team | sess_922e6f29c4fe | INFO | [planner1] HITT section refresh: human_agent_names=[]
2026-08-08 03:31:21 | team | sess_922e6f29c4fe | INFO | [planner1] processing 1 unread messages (steer=True)
2026-08-08 03:31:21 | team | sess_922e6f29c4fe | INFO | Message cd3865da-1485-4650-9a58-7d63b4af4acc marked as read by planner1
2026-08-08 03:31:25 | team | sess_922e6f29c4fe | INFO | Task plan claimed by member planner1
2026-08-08 03:31:25 | team | sess_922e6f29c4fe | INFO | Task plan claimed by member planner1
2026-08-08 03:31:48 | team | sess_922e6f29c4fe | INFO | [planner1] processing 1 unread messages (steer=True)
2026-08-08 03:31:48 | team | sess_922e6f29c4fe | INFO | Message b01eb935-3744-4c8b-bd72-9ffb87a8b0b9 marked as read by planner1
2026-08-08 03:31:51 | team | sess_922e6f29c4fe | INFO | Message 8b016917-f6d5-4531-b1fc-72b6d1ef686f created
2026-08-08 03:31:51 | team | sess_922e6f29c4fe | INFO | Message 1b5c0b4f-b311-4af0-b416-1c782f8da25e created
2026-08-08 03:31:51 | team | sess_922e6f29c4fe | INFO | Message d2cc3279-254f-4ec1-a6ee-d729d2f9275a created
2026-08-08 03:31:58 | team | sess_922e6f29c4fe | INFO | Task plan completed at 1786156318025
2026-08-08 03:31:58 | team | sess_922e6f29c4fe | INFO | Message 88873cb0-622e-4037-a6f2-bdf1ed20f6e5 created
2026-08-08 03:31:58 | team | sess_922e6f29c4fe | INFO | Resolved 3 dependencies for task plan
2026-08-08 03:31:58 | team | sess_922e6f29c4fe | INFO | Task fix-deploy unblocked (all deps resolved)
2026-08-08 03:31:58 | team | sess_922e6f29c4fe | INFO | Task fix-lint unblocked (all deps resolved)
2026-08-08 03:31:58 | team | sess_922e6f29c4fe | INFO | Task fix-test unblocked (all deps resolved)
2026-08-08 03:31:58 | team | sess_922e6f29c4fe | INFO | Task plan completed
2026-08-08 03:31:58 | team | sess_922e6f29c4fe | INFO | Unblocked 3 tasks
2026-08-08 03:32:05 | team | sess_922e6f29c4fe | INFO | Message fee6ca13-06b4-4926-bc10-10edae634281 created
2026-08-08 03:33:23 | team | sess_922e6f29c4fe | INFO | task list drained for team jiuwen_team_sess_922e6f29c4fe: 5 terminal task(s)
2026-08-08 03:33:38 | team | sess_922e6f29c4fe | INFO | team jiuwen_team_sess_922e6f29c4fe reported completed: 9 members, 5 tasks
2026-08-08 03:33:39 | team | sess_922e6f29c4fe | INFO | [planner1] received TEAM_STANDBY, pausing polls
2026-08-08 03:33:39 | team | sess_922e6f29c4fe | INFO | EventBus[teammate] pausing polls
