2026-08-08 03:30:46 | team | sess_922e6f29c4fe | INFO | Team workspace directory ensured at /srv/jwteam_clone/shared/run_current
2026-08-08 03:30:46 | team | sess_922e6f29c4fe | INFO | AgentTeam manager initialized for jiuwen_team_sess_922e6f29c4fe, member=team_leader
2026-08-08 03:30:46 | team | sess_922e6f29c4fe | INFO | [team_leader] TeamPolicyRail static sections: section_names=['team_role', 'team_workflow', 'team_swarmflow', 'team_lifecycle', 'team_persona']
2026-08-08 03:30:46 | team | sess_922e6f29c4fe | INFO | Session tables ready for session sess_922e6f29c4fe
2026-08-08 03:30:46 | team | sess_922e6f29c4fe | INFO | Team database initialized
2026-08-08 03:30:46 | team | default_trace_id | INFO | Team workspace directory ensured at /srv/jwteam_clone/shared/run_current
2026-08-08 03:30:46 | team | default_trace_id | INFO | AgentTeam manager initialized for jiuwen_team_sess_922e6f29c4fe, member=executor3
2026-08-08 03:30:46 | team | default_trace_id | INFO | [executor3] TeamPolicyRail static sections: section_names=['team_role', 'team_persona']
2026-08-08 03:30:46 | team | sess_922e6f29c4fe | INFO | [executor3] invoke start, role=teammate
2026-08-08 03:30:46 | team | sess_922e6f29c4fe | INFO | [executor3] coordination starting
2026-08-08 03:30:46 | team | sess_922e6f29c4fe | INFO | Session tables ready for session sess_922e6f29c4fe
2026-08-08 03:30:46 | team | sess_922e6f29c4fe | INFO | Workspace /srv/jwteam_clone/shared/run_current initialized as plain shared directory (version_control disabled)
2026-08-08 03:30:47 | team | sess_922e6f29c4fe | INFO | EventBus[teammate] starting
2026-08-08 03:31:08 | team | sess_922e6f29c4fe | INFO | [executor3] HITT section refresh: human_agent_names=[]
2026-08-08 03:31:21 | team | sess_922e6f29c4fe | INFO | [executor3] processing 1 unread messages (steer=True)
2026-08-08 03:31:21 | team | sess_922e6f29c4fe | INFO | Message cd3865da-1485-4650-9a58-7d63b4af4acc marked as read by executor3
2026-08-08 03:31:51 | team | sess_922e6f29c4fe | INFO | [executor3] processing 1 unread messages (steer=True)
2026-08-08 03:31:51 | team | sess_922e6f29c4fe | INFO | Message 1b5c0b4f-b311-4af0-b416-1c782f8da25e marked as read by executor3
2026-08-08 03:31:58 | team | sess_922e6f29c4fe | INFO | Task fix-deploy claimed by member executor3
2026-08-08 03:31:58 | team | sess_922e6f29c4fe | INFO | Task fix-deploy claimed by member executor3
2026-08-08 03:32:16 | team | sess_922e6f29c4fe | INFO | Task fix-deploy completed at 1786156336391
2026-08-08 03:32:16 | team | sess_922e6f29c4fe | INFO | Resolved 1 dependencies for task fix-deploy
2026-08-08 03:32:16 | team | sess_922e6f29c4fe | INFO | Task fix-deploy completed
2026-08-08 03:32:22 | team | sess_922e6f29c4fe | INFO | Message 6bd6cc01-eebf-4db4-912f-db849ac29a8b created
2026-08-08 03:32:33 | team | sess_922e6f29c4fe | INFO | [executor3] processing 1 unread messages (steer=True)
2026-08-08 03:32:34 | team | sess_922e6f29c4fe | INFO | Message 1afba538-2ebd-4e58-8fed-8dc1b98a6766 marked as read by executor3
2026-08-08 03:33:23 | team | sess_922e6f29c4fe | INFO | task list drained for team jiuwen_team_sess_922e6f29c4fe: 5 terminal task(s)
2026-08-08 03:33:38 | team | sess_922e6f29c4fe | INFO | team jiuwen_team_sess_922e6f29c4fe reported completed: 9 members, 5 tasks
2026-08-08 03:33:39 | team | sess_922e6f29c4fe | INFO | [executor3] received TEAM_STANDBY, pausing polls
2026-08-08 03:33:39 | team | sess_922e6f29c4fe | INFO | EventBus[teammate] pausing polls
