2026-08-09 20:22:10 | team | sess_1d80e6dc8051 | INFO | Team workspace directory ensured at /srv/jwteam_clone/shared/run_current
2026-08-09 20:22:10 | team | sess_1d80e6dc8051 | INFO | AgentTeam manager initialized for jiuwen_team_sess_1d80e6dc8051, member=team_leader
2026-08-09 20:22:10 | team | sess_1d80e6dc8051 | INFO | [team_leader] TeamPolicyRail static sections: section_names=['team_role', 'team_workflow', 'team_swarmflow', 'team_lifecycle', 'team_persona']
2026-08-09 20:22:10 | team | sess_1d80e6dc8051 | INFO | Session tables ready for session sess_1d80e6dc8051
2026-08-09 20:22:10 | team | sess_1d80e6dc8051 | INFO | Team database initialized
2026-08-09 20:22:10 | team | default_trace_id | INFO | Team workspace directory ensured at /srv/jwteam_clone/shared/run_current
2026-08-09 20:22:10 | team | default_trace_id | INFO | AgentTeam manager initialized for jiuwen_team_sess_1d80e6dc8051, member=executor3
2026-08-09 20:22:10 | team | default_trace_id | INFO | [executor3] TeamPolicyRail static sections: section_names=['team_role', 'team_persona']
2026-08-09 20:22:10 | team | sess_1d80e6dc8051 | INFO | [executor3] invoke start, role=teammate
2026-08-09 20:22:10 | team | sess_1d80e6dc8051 | INFO | [executor3] coordination starting
2026-08-09 20:22:10 | team | sess_1d80e6dc8051 | INFO | Session tables ready for session sess_1d80e6dc8051
2026-08-09 20:22:10 | team | sess_1d80e6dc8051 | INFO | Workspace /srv/jwteam_clone/shared/run_current initialized as plain shared directory (version_control disabled)
2026-08-09 20:22:10 | team | sess_1d80e6dc8051 | INFO | EventBus[teammate] starting
2026-08-09 20:22:51 | team | sess_1d80e6dc8051 | INFO | [executor3] HITT section refresh: human_agent_names=[]
2026-08-09 20:23:07 | team | sess_1d80e6dc8051 | INFO | [executor3] processing 1 unread messages (steer=True)
2026-08-09 20:23:07 | team | sess_1d80e6dc8051 | INFO | Message 73f62921-94ac-492a-affe-a01e46e4a462 marked as read by executor3
2026-08-09 20:27:29 | team | sess_1d80e6dc8051 | INFO | task list drained for team jiuwen_team_sess_1d80e6dc8051: 3 terminal task(s)
2026-08-09 20:27:41 | team | sess_1d80e6dc8051 | INFO | [executor3] processing 1 unread messages (steer=True)
2026-08-09 20:27:41 | team | sess_1d80e6dc8051 | INFO | Message d1c96663-aa34-472b-99f6-83bafc3dc8ef marked as read by executor3
2026-08-09 20:27:57 | team | sess_1d80e6dc8051 | INFO | team jiuwen_team_sess_1d80e6dc8051 reported completed: 9 members, 3 tasks
2026-08-09 20:27:57 | team | sess_1d80e6dc8051 | INFO | [executor3] received TEAM_STANDBY, pausing polls
2026-08-09 20:27:57 | team | sess_1d80e6dc8051 | INFO | EventBus[teammate] pausing polls
