2026-08-09 20:22:11 | team | sess_1d80e6dc8051 | INFO | Team workspace directory ensured at /srv/jwteam_clone/shared/run_current
2026-08-09 20:22:11 | team | sess_1d80e6dc8051 | INFO | AgentTeam manager initialized for jiuwen_team_sess_1d80e6dc8051, member=team_leader
2026-08-09 20:22:11 | team | sess_1d80e6dc8051 | INFO | [team_leader] TeamPolicyRail static sections: section_names=['team_role', 'team_workflow', 'team_swarmflow', 'team_lifecycle', 'team_persona']
2026-08-09 20:22:11 | team | sess_1d80e6dc8051 | INFO | Session tables ready for session sess_1d80e6dc8051
2026-08-09 20:22:11 | team | sess_1d80e6dc8051 | INFO | Team database initialized
2026-08-09 20:22:11 | team | default_trace_id | INFO | Team workspace directory ensured at /srv/jwteam_clone/shared/run_current
2026-08-09 20:22:11 | team | default_trace_id | INFO | AgentTeam manager initialized for jiuwen_team_sess_1d80e6dc8051, member=verifier1
2026-08-09 20:22:11 | team | default_trace_id | INFO | [verifier1] TeamPolicyRail static sections: section_names=['team_role', 'team_persona']
2026-08-09 20:22:11 | team | sess_1d80e6dc8051 | INFO | [verifier1] invoke start, role=teammate
2026-08-09 20:22:11 | team | sess_1d80e6dc8051 | INFO | [verifier1] coordination starting
2026-08-09 20:22:11 | team | sess_1d80e6dc8051 | INFO | Session tables ready for session sess_1d80e6dc8051
2026-08-09 20:22:11 | team | sess_1d80e6dc8051 | INFO | Workspace /srv/jwteam_clone/shared/run_current initialized as plain shared directory (version_control disabled)
2026-08-09 20:22:11 | team | sess_1d80e6dc8051 | INFO | EventBus[teammate] starting
2026-08-09 20:22:51 | team | sess_1d80e6dc8051 | INFO | [verifier1] HITT section refresh: human_agent_names=[]
2026-08-09 20:23:07 | team | sess_1d80e6dc8051 | INFO | [verifier1] processing 1 unread messages (steer=True)
2026-08-09 20:23:07 | team | sess_1d80e6dc8051 | INFO | Message 73f62921-94ac-492a-affe-a01e46e4a462 marked as read by verifier1
2026-08-09 20:25:37 | team | sess_1d80e6dc8051 | INFO | [verifier1] received TASK_CLAIMED for self, task_id=verify, human_agent=False
2026-08-09 20:25:38 | team | sess_1d80e6dc8051 | INFO | [verifier1] processing 1 unread messages (steer=True)
2026-08-09 20:25:38 | team | sess_1d80e6dc8051 | INFO | Message 7fe6ce46-d9bc-42dc-a45e-2fbe6d203804 marked as read by verifier1
2026-08-09 20:25:54 | team | sess_1d80e6dc8051 | INFO | [verifier1] processing 1 unread messages (steer=True)
2026-08-09 20:25:54 | team | sess_1d80e6dc8051 | INFO | Message 250e3ae5-0a20-482a-8c3d-bcee98c6457e marked as read by verifier1
2026-08-09 20:26:05 | team | sess_1d80e6dc8051 | INFO | [verifier1] processing 1 unread messages (steer=True)
2026-08-09 20:26:05 | team | sess_1d80e6dc8051 | INFO | Message 03fa701f-c454-4aa0-9c09-bdebb7f62b21 marked as read by verifier1
2026-08-09 20:26:30 | team | sess_1d80e6dc8051 | INFO | Message 186fc0bc-d046-4d5d-8c79-284adf4f80a7 created
2026-08-09 20:26:30 | team | sess_1d80e6dc8051 | INFO | Message 95aa6b98-79e9-45c7-aaf7-11035f4c818a created
2026-08-09 20:26:43 | team | sess_1d80e6dc8051 | INFO | [verifier1] processing 1 unread messages (steer=True)
2026-08-09 20:26:43 | team | sess_1d80e6dc8051 | INFO | Message 6fbd2431-da40-4dd1-affe-0944c039b191 marked as read by verifier1
2026-08-09 20:26:54 | team | sess_1d80e6dc8051 | INFO | Message 2dc9c09d-36aa-4787-8c9f-9404c6038362 created
2026-08-09 20:27:01 | team | sess_1d80e6dc8051 | INFO | [verifier1] processing 1 unread messages (steer=True)
2026-08-09 20:27:01 | team | sess_1d80e6dc8051 | INFO | Message be89af98-c675-489c-9fa8-529354db98ab marked as read by verifier1
2026-08-09 20:27:25 | team | sess_1d80e6dc8051 | INFO | Message 78477789-8ec1-4474-8c67-e5586c60af54 created
2026-08-09 20:27:25 | team | sess_1d80e6dc8051 | INFO | Message b5b408ef-bf5f-4297-bef1-5ed19b392315 created
2026-08-09 20:27:29 | team | sess_1d80e6dc8051 | INFO | Task verify completed at 1786303649469
2026-08-09 20:27:29 | team | sess_1d80e6dc8051 | INFO | Task verify completed
2026-08-09 20:27:31 | team | sess_1d80e6dc8051 | INFO | [verifier1] processing 1 unread messages (steer=True)
2026-08-09 20:27:31 | team | sess_1d80e6dc8051 | INFO | Message 3114d839-c1ed-4fa0-b238-3acdafacfd50 marked as read by verifier1
2026-08-09 20:27:39 | team | sess_1d80e6dc8051 | INFO | [verifier1] processing 1 unread messages (steer=True)
2026-08-09 20:27:39 | team | sess_1d80e6dc8051 | INFO | Message e2f6451c-57ae-40e8-ae11-2ef552fefcdb marked as read by verifier1
2026-08-09 20:27:41 | team | sess_1d80e6dc8051 | INFO | [verifier1] processing 1 unread messages (steer=True)
2026-08-09 20:27:41 | team | sess_1d80e6dc8051 | INFO | Message d1c96663-aa34-472b-99f6-83bafc3dc8ef marked as read by verifier1
2026-08-09 20:27:57 | team | sess_1d80e6dc8051 | INFO | team jiuwen_team_sess_1d80e6dc8051 reported completed: 9 members, 3 tasks
2026-08-09 20:27:57 | team | sess_1d80e6dc8051 | INFO | [verifier1] received TEAM_STANDBY, pausing polls
2026-08-09 20:27:57 | team | sess_1d80e6dc8051 | INFO | EventBus[teammate] pausing polls
