2026-08-09 20:22:06 | team | sess_1d80e6dc8051 | INFO | Team workspace directory ensured at /srv/jwteam_clone/shared/run_current
2026-08-09 20:22:06 | team | sess_1d80e6dc8051 | INFO | AgentTeam manager initialized for jiuwen_team_sess_1d80e6dc8051, member=team_leader
2026-08-09 20:22:06 | team | sess_1d80e6dc8051 | INFO | [team_leader] TeamPolicyRail static sections: section_names=['team_role', 'team_workflow', 'team_swarmflow', 'team_lifecycle', 'team_persona']
2026-08-09 20:22:06 | team | sess_1d80e6dc8051 | INFO | Session tables ready for session sess_1d80e6dc8051
2026-08-09 20:22:06 | team | sess_1d80e6dc8051 | INFO | Team database initialized
2026-08-09 20:22:06 | team | default_trace_id | INFO | Team workspace directory ensured at /srv/jwteam_clone/shared/run_current
2026-08-09 20:22:06 | team | default_trace_id | INFO | AgentTeam manager initialized for jiuwen_team_sess_1d80e6dc8051, member=planner1
2026-08-09 20:22:06 | team | default_trace_id | INFO | [planner1] TeamPolicyRail static sections: section_names=['team_role', 'team_persona']
2026-08-09 20:22:06 | team | sess_1d80e6dc8051 | INFO | [planner1] invoke start, role=teammate
2026-08-09 20:22:06 | team | sess_1d80e6dc8051 | INFO | [planner1] coordination starting
2026-08-09 20:22:06 | team | sess_1d80e6dc8051 | INFO | Session tables ready for session sess_1d80e6dc8051
2026-08-09 20:22:06 | team | sess_1d80e6dc8051 | INFO | Workspace /srv/jwteam_clone/shared/run_current initialized as plain shared directory (version_control disabled)
2026-08-09 20:22:06 | team | sess_1d80e6dc8051 | INFO | EventBus[teammate] starting
2026-08-09 20:22:51 | team | sess_1d80e6dc8051 | INFO | [planner1] HITT section refresh: human_agent_names=[]
2026-08-09 20:22:56 | team | sess_1d80e6dc8051 | INFO | [planner1] received TASK_CLAIMED for self, task_id=plan, human_agent=False
2026-08-09 20:23:07 | team | sess_1d80e6dc8051 | INFO | [planner1] processing 1 unread messages (steer=True)
2026-08-09 20:23:07 | team | sess_1d80e6dc8051 | INFO | Message 73f62921-94ac-492a-affe-a01e46e4a462 marked as read by planner1
2026-08-09 20:23:12 | team | sess_1d80e6dc8051 | INFO | [planner1] processing 1 unread messages (steer=True)
2026-08-09 20:23:12 | team | sess_1d80e6dc8051 | INFO | Message 137683f5-6a15-4c98-8169-a938a9016655 marked as read by planner1
2026-08-09 20:23:41 | team | sess_1d80e6dc8051 | INFO | [planner1] processing 1 unread messages (steer=True)
2026-08-09 20:23:41 | team | sess_1d80e6dc8051 | INFO | Message 9163aa44-d836-4de4-9d94-e9cbb1faefbe marked as read by planner1
2026-08-09 20:23:48 | team | sess_1d80e6dc8051 | INFO | Message 97e7b636-328f-4183-8b85-154bd23f0282 created
2026-08-09 20:23:48 | team | sess_1d80e6dc8051 | INFO | Message 965ed00e-df4e-48e7-ac02-1396ea400881 created
2026-08-09 20:24:00 | team | sess_1d80e6dc8051 | INFO | Message 8569fc73-26b3-4102-8cc1-a23eb3fdfd7b created
2026-08-09 20:24:06 | team | sess_1d80e6dc8051 | INFO | Task plan completed at 1786303446410
2026-08-09 20:24:06 | team | sess_1d80e6dc8051 | INFO | Resolved 1 dependencies for task plan
2026-08-09 20:24:06 | team | sess_1d80e6dc8051 | INFO | Task implement unblocked (all deps resolved)
2026-08-09 20:24:06 | team | sess_1d80e6dc8051 | INFO | Task plan completed
2026-08-09 20:24:06 | team | sess_1d80e6dc8051 | INFO | Unblocked 1 tasks
2026-08-09 20:24:10 | team | sess_1d80e6dc8051 | INFO | [planner1] processing 1 unread messages (steer=True)
2026-08-09 20:24:10 | team | sess_1d80e6dc8051 | INFO | Message 54626142-d28f-4658-b8ca-748a90804254 marked as read by planner1
2026-08-09 20:24:15 | team | sess_1d80e6dc8051 | INFO | Message fc3a2231-0c65-45f3-8a00-00514d5a0fa1 created
2026-08-09 20:24:23 | team | sess_1d80e6dc8051 | INFO | Message ff304fe7-8994-47fd-8637-ba681d0146f2 created
2026-08-09 20:24:27 | team | sess_1d80e6dc8051 | INFO | [planner1] processing 1 unread messages (steer=True)
2026-08-09 20:24:27 | team | sess_1d80e6dc8051 | INFO | Message e1b3b653-5043-45bc-b4fb-e2cd189a4c8e marked as read by planner1
2026-08-09 20:27:29 | team | sess_1d80e6dc8051 | INFO | task list drained for team jiuwen_team_sess_1d80e6dc8051: 3 terminal task(s)
2026-08-09 20:27:41 | team | sess_1d80e6dc8051 | INFO | [planner1] processing 1 unread messages (steer=True)
2026-08-09 20:27:41 | team | sess_1d80e6dc8051 | INFO | Message d1c96663-aa34-472b-99f6-83bafc3dc8ef marked as read by planner1
2026-08-09 20:27:57 | team | sess_1d80e6dc8051 | INFO | team jiuwen_team_sess_1d80e6dc8051 reported completed: 9 members, 3 tasks
2026-08-09 20:27:57 | team | sess_1d80e6dc8051 | INFO | [planner1] received TEAM_STANDBY, pausing polls
2026-08-09 20:27:57 | team | sess_1d80e6dc8051 | INFO | EventBus[teammate] pausing polls
