2026-08-09 20:22:07 | team | sess_1d80e6dc8051 | INFO | Team workspace directory ensured at /srv/jwteam_clone/shared/run_current
2026-08-09 20:22:07 | team | sess_1d80e6dc8051 | INFO | AgentTeam manager initialized for jiuwen_team_sess_1d80e6dc8051, member=team_leader
2026-08-09 20:22:07 | team | sess_1d80e6dc8051 | INFO | [team_leader] TeamPolicyRail static sections: section_names=['team_role', 'team_workflow', 'team_swarmflow', 'team_lifecycle', 'team_persona']
2026-08-09 20:22:08 | team | sess_1d80e6dc8051 | INFO | Session tables ready for session sess_1d80e6dc8051
2026-08-09 20:22:08 | team | sess_1d80e6dc8051 | INFO | Team database initialized
2026-08-09 20:22:08 | team | default_trace_id | INFO | Team workspace directory ensured at /srv/jwteam_clone/shared/run_current
2026-08-09 20:22:08 | team | default_trace_id | INFO | AgentTeam manager initialized for jiuwen_team_sess_1d80e6dc8051, member=executor1
2026-08-09 20:22:08 | team | default_trace_id | INFO | [executor1] TeamPolicyRail static sections: section_names=['team_role', 'team_persona']
2026-08-09 20:22:08 | team | sess_1d80e6dc8051 | INFO | [executor1] invoke start, role=teammate
2026-08-09 20:22:08 | team | sess_1d80e6dc8051 | INFO | [executor1] coordination starting
2026-08-09 20:22:08 | team | sess_1d80e6dc8051 | INFO | Session tables ready for session sess_1d80e6dc8051
2026-08-09 20:22:08 | team | sess_1d80e6dc8051 | INFO | Workspace /srv/jwteam_clone/shared/run_current initialized as plain shared directory (version_control disabled)
2026-08-09 20:22:08 | team | sess_1d80e6dc8051 | INFO | EventBus[teammate] starting
2026-08-09 20:22:51 | team | sess_1d80e6dc8051 | INFO | [executor1] HITT section refresh: human_agent_names=[]
2026-08-09 20:23:07 | team | sess_1d80e6dc8051 | INFO | [executor1] processing 1 unread messages (steer=True)
2026-08-09 20:23:07 | team | sess_1d80e6dc8051 | INFO | Message 73f62921-94ac-492a-affe-a01e46e4a462 marked as read by executor1
2026-08-09 20:23:48 | team | sess_1d80e6dc8051 | INFO | [executor1] processing 1 unread messages (steer=True)
2026-08-09 20:23:48 | team | sess_1d80e6dc8051 | INFO | Message 97e7b636-328f-4183-8b85-154bd23f0282 marked as read by executor1
2026-08-09 20:24:00 | team | sess_1d80e6dc8051 | INFO | [executor1] processing 1 unread messages (steer=True)
2026-08-09 20:24:00 | team | sess_1d80e6dc8051 | INFO | Message 3345c19e-d75e-487d-a952-c61abdf7b3ee marked as read by executor1
2026-08-09 20:24:11 | team | sess_1d80e6dc8051 | INFO | [executor1] received TASK_CLAIMED for self, task_id=implement, human_agent=False
2026-08-09 20:24:24 | team | sess_1d80e6dc8051 | INFO | Message d6da120a-25b3-4640-8e1e-fded2559718d created
2026-08-09 20:25:00 | team | sess_1d80e6dc8051 | INFO | [executor1] processing 1 unread messages (steer=True)
2026-08-09 20:25:00 | team | sess_1d80e6dc8051 | INFO | Message 570d3bf1-e651-457b-9ee1-72d9293c169b marked as read by executor1
2026-08-09 20:25:32 | team | sess_1d80e6dc8051 | INFO | Task implement completed at 1786303532694
2026-08-09 20:25:32 | team | sess_1d80e6dc8051 | INFO | Resolved 1 dependencies for task implement
2026-08-09 20:25:32 | team | sess_1d80e6dc8051 | INFO | Task verify unblocked (all deps resolved)
2026-08-09 20:25:32 | team | sess_1d80e6dc8051 | INFO | Task implement completed
2026-08-09 20:25:32 | team | sess_1d80e6dc8051 | INFO | Unblocked 1 tasks
2026-08-09 20:25:38 | team | sess_1d80e6dc8051 | INFO | Message 7fe6ce46-d9bc-42dc-a45e-2fbe6d203804 created
2026-08-09 20:25:46 | team | sess_1d80e6dc8051 | INFO | Message 66c39e10-b68c-4c1a-9219-797666441b7b created
2026-08-09 20:25:53 | team | sess_1d80e6dc8051 | INFO | [executor1] processing 1 unread messages (steer=True)
2026-08-09 20:25:53 | team | sess_1d80e6dc8051 | INFO | Message b2d82f88-9f6f-43a8-8172-dcaf684bc0b4 marked as read by executor1
2026-08-09 20:27:29 | team | sess_1d80e6dc8051 | INFO | task list drained for team jiuwen_team_sess_1d80e6dc8051: 3 terminal task(s)
2026-08-09 20:27:41 | team | sess_1d80e6dc8051 | INFO | [executor1] processing 1 unread messages (steer=True)
2026-08-09 20:27:41 | team | sess_1d80e6dc8051 | INFO | Message d1c96663-aa34-472b-99f6-83bafc3dc8ef marked as read by executor1
2026-08-09 20:27:57 | team | sess_1d80e6dc8051 | INFO | team jiuwen_team_sess_1d80e6dc8051 reported completed: 9 members, 3 tasks
2026-08-09 20:27:57 | team | sess_1d80e6dc8051 | INFO | [executor1] received TEAM_STANDBY, pausing polls
2026-08-09 20:27:57 | team | sess_1d80e6dc8051 | INFO | EventBus[teammate] pausing polls
