2026-08-09 08:00:33 | team | sess_5d52bccf732e | INFO | Team workspace directory ensured at /srv/jwteam_clone/shared/run_current
2026-08-09 08:00:33 | team | sess_5d52bccf732e | INFO | AgentTeam manager initialized for jiuwen_team_sess_5d52bccf732e, member=team_leader
2026-08-09 08:00:33 | team | sess_5d52bccf732e | INFO | [team_leader] TeamPolicyRail static sections: section_names=['team_role', 'team_workflow', 'team_swarmflow', 'team_lifecycle', 'team_persona']
2026-08-09 08:00:34 | team | sess_5d52bccf732e | INFO | Session tables ready for session sess_5d52bccf732e
2026-08-09 08:00:34 | team | sess_5d52bccf732e | INFO | Team database initialized
2026-08-09 08:00:34 | team | default_trace_id | INFO | Team workspace directory ensured at /srv/jwteam_clone/shared/run_current
2026-08-09 08:00:34 | team | default_trace_id | INFO | AgentTeam manager initialized for jiuwen_team_sess_5d52bccf732e, member=planner2
2026-08-09 08:00:34 | team | default_trace_id | INFO | [planner2] TeamPolicyRail static sections: section_names=['team_role', 'team_persona']
2026-08-09 08:00:34 | team | sess_5d52bccf732e | INFO | [planner2] invoke start, role=teammate
2026-08-09 08:00:34 | team | sess_5d52bccf732e | INFO | [planner2] coordination starting
2026-08-09 08:00:34 | team | sess_5d52bccf732e | INFO | Session tables ready for session sess_5d52bccf732e
2026-08-09 08:00:34 | team | sess_5d52bccf732e | INFO | Workspace /srv/jwteam_clone/shared/run_current initialized as plain shared directory (version_control disabled)
2026-08-09 08:00:34 | team | sess_5d52bccf732e | INFO | EventBus[teammate] starting
2026-08-09 08:00:58 | team | sess_5d52bccf732e | INFO | [planner2] HITT section refresh: human_agent_names=[]
2026-08-09 08:01:07 | team | sess_5d52bccf732e | INFO | Task plan claimed by member planner2
2026-08-09 08:01:07 | team | sess_5d52bccf732e | INFO | Task plan claimed by member planner2
2026-08-09 08:01:25 | team | sess_5d52bccf732e | INFO | [planner2] processing 1 unread messages (steer=True)
2026-08-09 08:01:25 | team | sess_5d52bccf732e | INFO | Message 1d32ba67-209f-44fe-8dd6-089618a8b87d marked as read by planner2
2026-08-09 08:11:22 | team | sess_5d52bccf732e | INFO | [planner2] processing 1 unread messages (steer=True)
2026-08-09 08:11:22 | team | sess_5d52bccf732e | INFO | Message 4d90fcd9-882d-470a-ac5e-3f06498ee845 marked as read by planner2
2026-08-09 08:11:34 | team | sess_5d52bccf732e | INFO | [planner2] self-nudged stale claimed task plan
2026-08-09 08:12:02 | team | sess_5d52bccf732e | INFO | Message 50abacfe-53e5-4884-bfe7-50ebd0657f40 created
2026-08-09 08:12:08 | team | sess_5d52bccf732e | INFO | Task plan completed at 1786259528565
2026-08-09 08:12:08 | team | sess_5d52bccf732e | INFO | Resolved 2 dependencies for task plan
2026-08-09 08:12:08 | team | sess_5d52bccf732e | INFO | Task implement-zone-a unblocked (all deps resolved)
2026-08-09 08:12:08 | team | sess_5d52bccf732e | INFO | Task implement-zone-b unblocked (all deps resolved)
2026-08-09 08:12:08 | team | sess_5d52bccf732e | INFO | Task plan completed
2026-08-09 08:12:08 | team | sess_5d52bccf732e | INFO | Unblocked 2 tasks
