2026-08-10 00:02:24 | team | sess_90c0d36d706f | INFO | Team workspace directory ensured at /srv/jwteam_clone/shared/run_current
2026-08-10 00:02:24 | team | sess_90c0d36d706f | INFO | AgentTeam manager initialized for jiuwen_team_sess_90c0d36d706f, member=team_leader
2026-08-10 00:02:24 | team | sess_90c0d36d706f | INFO | [team_leader] TeamPolicyRail static sections: section_names=['team_role', 'team_workflow', 'team_swarmflow', 'team_lifecycle', 'team_persona']
2026-08-10 00:02:24 | team | sess_90c0d36d706f | INFO | Session tables ready for session sess_90c0d36d706f
2026-08-10 00:02:24 | team | sess_90c0d36d706f | INFO | Team database initialized
2026-08-10 00:02:24 | team | default_trace_id | INFO | Team workspace directory ensured at /srv/jwteam_clone/shared/run_current
2026-08-10 00:02:24 | team | default_trace_id | INFO | AgentTeam manager initialized for jiuwen_team_sess_90c0d36d706f, member=verifier2
2026-08-10 00:02:24 | team | default_trace_id | INFO | [verifier2] TeamPolicyRail static sections: section_names=['team_role', 'team_persona']
2026-08-10 00:02:24 | team | sess_90c0d36d706f | INFO | [verifier2] invoke start, role=teammate
2026-08-10 00:02:24 | team | sess_90c0d36d706f | INFO | [verifier2] coordination starting
2026-08-10 00:02:24 | team | sess_90c0d36d706f | INFO | Session tables ready for session sess_90c0d36d706f
2026-08-10 00:02:24 | team | sess_90c0d36d706f | INFO | Workspace /srv/jwteam_clone/shared/run_current initialized as plain shared directory (version_control disabled)
2026-08-10 00:02:24 | team | sess_90c0d36d706f | INFO | EventBus[teammate] starting
2026-08-10 00:02:46 | team | sess_90c0d36d706f | INFO | [verifier2] HITT section refresh: human_agent_names=[]
2026-08-10 00:02:58 | team | sess_90c0d36d706f | INFO | [verifier2] processing 1 unread messages (steer=True)
2026-08-10 00:02:58 | team | sess_90c0d36d706f | INFO | Message eddc1733-be97-4024-9959-e4eb1be6ec7f marked as read by verifier2
2026-08-10 00:05:20 | team | sess_90c0d36d706f | INFO | Task verify claimed by member verifier2
2026-08-10 00:05:20 | team | sess_90c0d36d706f | INFO | Task verify claimed by member verifier2
2026-08-10 00:05:23 | team | sess_90c0d36d706f | INFO | [verifier2] processing 1 unread messages (steer=True)
2026-08-10 00:05:23 | team | sess_90c0d36d706f | INFO | Message d7fe9ec3-8669-47b8-92bb-1e28be2cfd77 marked as read by verifier2
2026-08-10 00:05:32 | team | sess_90c0d36d706f | INFO | [verifier2] processing 1 unread messages (steer=True)
2026-08-10 00:05:32 | team | sess_90c0d36d706f | INFO | Message 94905fc5-17ac-4767-8922-9588d3d48ea3 marked as read by verifier2
2026-08-10 00:05:48 | team | sess_90c0d36d706f | INFO | Task verify claimed by member verifier2
2026-08-10 00:05:48 | team | sess_90c0d36d706f | INFO | Task verify claimed by member verifier2
2026-08-10 00:05:48 | team | sess_90c0d36d706f | INFO | [verifier2] processing 1 unread messages (steer=True)
2026-08-10 00:05:48 | team | sess_90c0d36d706f | INFO | Message 08b4484a-e8b8-46ab-99a7-53d570803ae5 marked as read by verifier2
2026-08-10 00:05:54 | team | sess_90c0d36d706f | INFO | Message eacec07f-b405-4d72-91b0-9ef994373592 created
2026-08-10 00:06:05 | team | sess_90c0d36d706f | INFO | [verifier2] processing 1 unread messages (steer=True)
2026-08-10 00:06:05 | team | sess_90c0d36d706f | INFO | Message d2632fb9-05e9-4064-9902-3d41c16ce3d6 marked as read by verifier2
2026-08-10 00:06:31 | team | sess_90c0d36d706f | INFO | Task verify completed at 1786316791164
2026-08-10 00:06:31 | team | sess_90c0d36d706f | INFO | Message 9517908b-926a-4cd3-8d79-470400a4810e created
2026-08-10 00:06:31 | team | sess_90c0d36d706f | INFO | Task verify completed
2026-08-10 00:06:36 | team | sess_90c0d36d706f | INFO | [verifier2] processing 1 unread messages (steer=True)
2026-08-10 00:06:36 | team | sess_90c0d36d706f | INFO | Message 31270699-ddd7-4ff0-ae01-0d2a444fff3c marked as read by verifier2
2026-08-10 00:06:37 | team | sess_90c0d36d706f | INFO | Message bc33af7f-114b-45f4-a589-35ab3bcb7de7 created
2026-08-10 00:06:44 | team | sess_90c0d36d706f | INFO | [verifier2] processing 1 unread messages (steer=True)
2026-08-10 00:06:44 | team | sess_90c0d36d706f | INFO | Message 0f1433f3-50f6-492d-b6f1-f0ec979e5a7e marked as read by verifier2
2026-08-10 00:06:51 | team | sess_90c0d36d706f | INFO | [verifier2] processing 1 unread messages (steer=True)
2026-08-10 00:06:51 | team | sess_90c0d36d706f | INFO | Message 06611dbd-f2bf-46f8-9284-aaa59792f212 marked as read by verifier2
2026-08-10 00:07:16 | team | sess_90c0d36d706f | INFO | team jiuwen_team_sess_90c0d36d706f reported completed: 9 members, 4 tasks
2026-08-10 00:07:16 | team | sess_90c0d36d706f | INFO | [verifier2] received TEAM_STANDBY, pausing polls
2026-08-10 00:07:16 | team | sess_90c0d36d706f | INFO | EventBus[teammate] pausing polls
