2026-08-10 00:02:23 | team | sess_90c0d36d706f | INFO | Team workspace directory ensured at /srv/jwteam_clone/shared/run_current
2026-08-10 00:02:23 | team | sess_90c0d36d706f | INFO | AgentTeam manager initialized for jiuwen_team_sess_90c0d36d706f, member=team_leader
2026-08-10 00:02:23 | team | sess_90c0d36d706f | INFO | [team_leader] TeamPolicyRail static sections: section_names=['team_role', 'team_workflow', 'team_swarmflow', 'team_lifecycle', 'team_persona']
2026-08-10 00:02:23 | team | sess_90c0d36d706f | INFO | Session tables ready for session sess_90c0d36d706f
2026-08-10 00:02:23 | team | sess_90c0d36d706f | INFO | Team database initialized
2026-08-10 00:02:23 | team | default_trace_id | INFO | Team workspace directory ensured at /srv/jwteam_clone/shared/run_current
2026-08-10 00:02:23 | team | default_trace_id | INFO | AgentTeam manager initialized for jiuwen_team_sess_90c0d36d706f, member=verifier1
2026-08-10 00:02:23 | team | default_trace_id | INFO | [verifier1] TeamPolicyRail static sections: section_names=['team_role', 'team_persona']
2026-08-10 00:02:23 | team | sess_90c0d36d706f | INFO | [verifier1] invoke start, role=teammate
2026-08-10 00:02:23 | team | sess_90c0d36d706f | INFO | [verifier1] coordination starting
2026-08-10 00:02:23 | team | sess_90c0d36d706f | INFO | Session tables ready for session sess_90c0d36d706f
2026-08-10 00:02:23 | team | sess_90c0d36d706f | INFO | Workspace /srv/jwteam_clone/shared/run_current initialized as plain shared directory (version_control disabled)
2026-08-10 00:02:23 | team | sess_90c0d36d706f | INFO | EventBus[teammate] starting
2026-08-10 00:02:46 | team | sess_90c0d36d706f | INFO | [verifier1] HITT section refresh: human_agent_names=[]
2026-08-10 00:02:58 | team | sess_90c0d36d706f | INFO | [verifier1] processing 1 unread messages (steer=True)
2026-08-10 00:02:58 | team | sess_90c0d36d706f | INFO | Message eddc1733-be97-4024-9959-e4eb1be6ec7f marked as read by verifier1
2026-08-10 00:03:05 | team | sess_90c0d36d706f | INFO | Message 78b12a5b-b9dc-4fcf-93b3-4309e83ffeb4 created
2026-08-10 00:03:11 | team | sess_90c0d36d706f | INFO | Message 1bbce3bc-e5a1-40d1-8d84-ce2b85946d5c created
2026-08-10 00:05:22 | team | sess_90c0d36d706f | INFO | [verifier1] processing 1 unread messages (steer=True)
2026-08-10 00:05:22 | team | sess_90c0d36d706f | INFO | Message 0fa26ed2-8e8f-4294-a6ab-954ec6cb0470 marked as read by verifier1
2026-08-10 00:05:32 | team | sess_90c0d36d706f | INFO | Message 94905fc5-17ac-4767-8922-9588d3d48ea3 created
2026-08-10 00:05:37 | team | sess_90c0d36d706f | INFO | Message 86100a13-2439-4207-8c71-6e0ffa834622 created
2026-08-10 00:05:44 | team | sess_90c0d36d706f | INFO | [verifier1] processing 1 unread messages (steer=True)
2026-08-10 00:05:44 | team | sess_90c0d36d706f | INFO | Message c053982a-74db-440d-80e0-3c2c4e8f7f5a marked as read by verifier1
2026-08-10 00:05:48 | team | sess_90c0d36d706f | INFO | Message 08b4484a-e8b8-46ab-99a7-53d570803ae5 created
2026-08-10 00:05:54 | team | sess_90c0d36d706f | INFO | Message dda3edd0-f62c-45d3-8060-0b271b34b7e2 created
2026-08-10 00:05:54 | team | sess_90c0d36d706f | INFO | [verifier1] processing 1 unread messages (steer=True)
2026-08-10 00:05:54 | team | sess_90c0d36d706f | INFO | Message eacec07f-b405-4d72-91b0-9ef994373592 marked as read by verifier1
2026-08-10 00:05:59 | team | sess_90c0d36d706f | INFO | [verifier1] processing 1 unread messages (steer=True)
2026-08-10 00:05:59 | team | sess_90c0d36d706f | INFO | Message db2c38da-a1e8-4a17-9dc9-d4817bbef0a8 marked as read by verifier1
2026-08-10 00:06:05 | team | sess_90c0d36d706f | INFO | Message d2632fb9-05e9-4064-9902-3d41c16ce3d6 created
2026-08-10 00:06:31 | team | sess_90c0d36d706f | INFO | [verifier1] processing 1 unread messages (steer=True)
2026-08-10 00:06:31 | team | sess_90c0d36d706f | INFO | Message 9517908b-926a-4cd3-8d79-470400a4810e marked as read by verifier1
2026-08-10 00:06:31 | team | sess_90c0d36d706f | INFO | task list drained for team jiuwen_team_sess_90c0d36d706f: 4 terminal task(s)
2026-08-10 00:06:35 | team | sess_90c0d36d706f | INFO | Message 31270699-ddd7-4ff0-ae01-0d2a444fff3c created
2026-08-10 00:06:44 | team | sess_90c0d36d706f | INFO | [verifier1] processing 1 unread messages (steer=True)
2026-08-10 00:06:45 | team | sess_90c0d36d706f | INFO | Message 0f1433f3-50f6-492d-b6f1-f0ec979e5a7e marked as read by verifier1
2026-08-10 00:07:16 | team | sess_90c0d36d706f | INFO | team jiuwen_team_sess_90c0d36d706f reported completed: 9 members, 4 tasks
2026-08-10 00:07:16 | team | sess_90c0d36d706f | INFO | [verifier1] received TEAM_STANDBY, pausing polls
2026-08-10 00:07:16 | team | sess_90c0d36d706f | INFO | EventBus[teammate] pausing polls
