2026-08-10 00:02:22 | team | sess_90c0d36d706f | INFO | Team workspace directory ensured at /srv/jwteam_clone/shared/run_current
2026-08-10 00:02:22 | team | sess_90c0d36d706f | INFO | AgentTeam manager initialized for jiuwen_team_sess_90c0d36d706f, member=team_leader
2026-08-10 00:02:22 | team | sess_90c0d36d706f | INFO | [team_leader] TeamPolicyRail static sections: section_names=['team_role', 'team_workflow', 'team_swarmflow', 'team_lifecycle', 'team_persona']
2026-08-10 00:02:22 | team | sess_90c0d36d706f | INFO | Session tables ready for session sess_90c0d36d706f
2026-08-10 00:02:22 | team | sess_90c0d36d706f | INFO | Team database initialized
2026-08-10 00:02:22 | team | default_trace_id | INFO | Team workspace directory ensured at /srv/jwteam_clone/shared/run_current
2026-08-10 00:02:22 | team | default_trace_id | INFO | AgentTeam manager initialized for jiuwen_team_sess_90c0d36d706f, member=executor3
2026-08-10 00:02:22 | team | default_trace_id | INFO | [executor3] TeamPolicyRail static sections: section_names=['team_role', 'team_persona']
2026-08-10 00:02:22 | team | sess_90c0d36d706f | INFO | [executor3] invoke start, role=teammate
2026-08-10 00:02:22 | team | sess_90c0d36d706f | INFO | [executor3] coordination starting
2026-08-10 00:02:22 | team | sess_90c0d36d706f | INFO | Session tables ready for session sess_90c0d36d706f
2026-08-10 00:02:22 | team | sess_90c0d36d706f | INFO | Workspace /srv/jwteam_clone/shared/run_current initialized as plain shared directory (version_control disabled)
2026-08-10 00:02:22 | team | sess_90c0d36d706f | INFO | EventBus[teammate] starting
2026-08-10 00:02:46 | team | sess_90c0d36d706f | INFO | [executor3] HITT section refresh: human_agent_names=[]
2026-08-10 00:02:58 | team | sess_90c0d36d706f | INFO | [executor3] processing 1 unread messages (steer=True)
2026-08-10 00:02:58 | team | sess_90c0d36d706f | INFO | Message eddc1733-be97-4024-9959-e4eb1be6ec7f marked as read by executor3
2026-08-10 00:03:24 | team | sess_90c0d36d706f | INFO | [executor3] processing 1 unread messages (steer=True)
2026-08-10 00:03:24 | team | sess_90c0d36d706f | INFO | Message 46b18fce-a1b9-4aa7-ad35-ad565d052765 marked as read by executor3
2026-08-10 00:03:31 | team | sess_90c0d36d706f | INFO | Message 06f9efdf-eae7-4d39-92bf-0702a0badaed created
2026-08-10 00:03:55 | team | sess_90c0d36d706f | INFO | Task impl-b claimed by member executor3
2026-08-10 00:03:55 | team | sess_90c0d36d706f | INFO | Task impl-b claimed by member executor3
2026-08-10 00:04:02 | team | sess_90c0d36d706f | INFO | [executor3] processing 1 unread messages (steer=True)
2026-08-10 00:04:02 | team | sess_90c0d36d706f | INFO | Message 92525f76-46c4-41b2-a9d2-b31308f10748 marked as read by executor3
2026-08-10 00:04:07 | team | sess_90c0d36d706f | INFO | [executor3] processing 1 unread messages (steer=True)
2026-08-10 00:04:07 | team | sess_90c0d36d706f | INFO | Message f8ca9e88-2381-4750-9f6d-31f593acfb5b marked as read by executor3
2026-08-10 00:04:15 | team | sess_90c0d36d706f | INFO | Message 0e728339-872c-4111-bde7-3fe7e2e687e7 created
2026-08-10 00:04:18 | team | sess_90c0d36d706f | INFO | [executor3] processing 1 unread messages (steer=True)
2026-08-10 00:04:18 | team | sess_90c0d36d706f | INFO | Message dcd21586-3826-47f3-8330-a7fdd25ef98d marked as read by executor3
2026-08-10 00:04:33 | team | sess_90c0d36d706f | INFO | Message 4da04b12-d088-4bd1-8736-e37a06bb7914 created
2026-08-10 00:04:33 | team | sess_90c0d36d706f | INFO | Message 987655a0-950c-4c45-a97c-5402697d61a3 created
2026-08-10 00:04:39 | team | sess_90c0d36d706f | INFO | Task impl-b completed at 1786316679032
2026-08-10 00:04:39 | team | sess_90c0d36d706f | INFO | Resolved 1 dependencies for task impl-b
2026-08-10 00:04:39 | team | sess_90c0d36d706f | INFO | Task impl-a unblocked (all deps resolved)
2026-08-10 00:04:39 | team | sess_90c0d36d706f | INFO | Task impl-b completed
2026-08-10 00:04:39 | team | sess_90c0d36d706f | INFO | Unblocked 1 tasks
2026-08-10 00:04:43 | team | sess_90c0d36d706f | INFO | Message ba7e5cdb-7eee-42c5-9423-0055c5dfea77 created
2026-08-10 00:04:55 | team | sess_90c0d36d706f | INFO | [executor3] processing 1 unread messages (steer=True)
2026-08-10 00:04:55 | team | sess_90c0d36d706f | INFO | Message 41ffde23-9421-4a19-b334-e5ae39df0286 marked as read by executor3
2026-08-10 00:06:31 | team | sess_90c0d36d706f | INFO | task list drained for team jiuwen_team_sess_90c0d36d706f: 4 terminal task(s)
2026-08-10 00:06:44 | team | sess_90c0d36d706f | INFO | [executor3] processing 1 unread messages (steer=True)
2026-08-10 00:06:45 | team | sess_90c0d36d706f | INFO | Message 0f1433f3-50f6-492d-b6f1-f0ec979e5a7e marked as read by executor3
2026-08-10 00:07:16 | team | sess_90c0d36d706f | INFO | team jiuwen_team_sess_90c0d36d706f reported completed: 9 members, 4 tasks
2026-08-10 00:07:16 | team | sess_90c0d36d706f | INFO | [executor3] received TEAM_STANDBY, pausing polls
2026-08-10 00:07:16 | team | sess_90c0d36d706f | INFO | EventBus[teammate] pausing polls
