2026-08-10 00:02:25 | team | sess_90c0d36d706f | INFO | Team workspace directory ensured at /srv/jwteam_clone/shared/run_current
2026-08-10 00:02:25 | team | sess_90c0d36d706f | INFO | AgentTeam manager initialized for jiuwen_team_sess_90c0d36d706f, member=team_leader
2026-08-10 00:02:25 | team | sess_90c0d36d706f | INFO | [team_leader] TeamPolicyRail static sections: section_names=['team_role', 'team_workflow', 'team_swarmflow', 'team_lifecycle', 'team_persona']
2026-08-10 00:02:25 | team | sess_90c0d36d706f | INFO | Session tables ready for session sess_90c0d36d706f
2026-08-10 00:02:25 | team | sess_90c0d36d706f | INFO | Team database initialized
2026-08-10 00:02:25 | team | default_trace_id | INFO | Team workspace directory ensured at /srv/jwteam_clone/shared/run_current
2026-08-10 00:02:25 | team | default_trace_id | INFO | AgentTeam manager initialized for jiuwen_team_sess_90c0d36d706f, member=fullstack1
2026-08-10 00:02:25 | team | default_trace_id | INFO | [fullstack1] TeamPolicyRail static sections: section_names=['team_role', 'team_persona']
2026-08-10 00:02:25 | team | sess_90c0d36d706f | INFO | [fullstack1] invoke start, role=teammate
2026-08-10 00:02:25 | team | sess_90c0d36d706f | INFO | [fullstack1] coordination starting
2026-08-10 00:02:25 | team | sess_90c0d36d706f | INFO | Session tables ready for session sess_90c0d36d706f
2026-08-10 00:02:25 | team | sess_90c0d36d706f | INFO | Workspace /srv/jwteam_clone/shared/run_current initialized as plain shared directory (version_control disabled)
2026-08-10 00:02:25 | team | sess_90c0d36d706f | INFO | EventBus[teammate] starting
2026-08-10 00:02:46 | team | sess_90c0d36d706f | INFO | [fullstack1] HITT section refresh: human_agent_names=[]
2026-08-10 00:02:58 | team | sess_90c0d36d706f | INFO | [fullstack1] processing 1 unread messages (steer=True)
2026-08-10 00:02:58 | team | sess_90c0d36d706f | INFO | Message eddc1733-be97-4024-9959-e4eb1be6ec7f marked as read by fullstack1
2026-08-10 00:03:17 | team | sess_90c0d36d706f | INFO | Message 27748da1-4acb-456b-9875-657b17740ff4 created
2026-08-10 00:03:24 | team | sess_90c0d36d706f | INFO | [fullstack1] processing 1 unread messages (steer=True)
2026-08-10 00:03:24 | team | sess_90c0d36d706f | INFO | Message 8f9e7683-7d1f-4240-8ff8-d085e16cad71 marked as read by fullstack1
2026-08-10 00:04:07 | team | sess_90c0d36d706f | INFO | Message f8ca9e88-2381-4750-9f6d-31f593acfb5b created
2026-08-10 00:04:15 | team | sess_90c0d36d706f | INFO | [fullstack1] processing 1 unread messages (steer=True)
2026-08-10 00:04:15 | team | sess_90c0d36d706f | INFO | Message 0e728339-872c-4111-bde7-3fe7e2e687e7 marked as read by fullstack1
2026-08-10 00:05:05 | team | sess_90c0d36d706f | INFO | Message f0ab1e35-6273-4b13-9598-4ae6256d449f created
2026-08-10 00:05:16 | team | sess_90c0d36d706f | INFO | [fullstack1] processing 1 unread messages (steer=True)
2026-08-10 00:05:16 | team | sess_90c0d36d706f | INFO | Message 87cfcb5f-7db4-4d9b-a7be-50956f78da39 marked as read by fullstack1
2026-08-10 00:06:31 | team | sess_90c0d36d706f | INFO | task list drained for team jiuwen_team_sess_90c0d36d706f: 4 terminal task(s)
2026-08-10 00:06:44 | team | sess_90c0d36d706f | INFO | [fullstack1] processing 1 unread messages (steer=True)
2026-08-10 00:06:45 | team | sess_90c0d36d706f | INFO | Message 0f1433f3-50f6-492d-b6f1-f0ec979e5a7e marked as read by fullstack1
2026-08-10 00:07:16 | team | sess_90c0d36d706f | INFO | team jiuwen_team_sess_90c0d36d706f reported completed: 9 members, 4 tasks
2026-08-10 00:07:16 | team | sess_90c0d36d706f | INFO | [fullstack1] received TEAM_STANDBY, pausing polls
2026-08-10 00:07:16 | team | sess_90c0d36d706f | INFO | EventBus[teammate] pausing polls
