2026-08-10 00:02:18 | team | sess_90c0d36d706f | INFO | Team workspace directory ensured at /srv/jwteam_clone/shared/run_current
2026-08-10 00:02:18 | team | sess_90c0d36d706f | INFO | AgentTeam manager initialized for jiuwen_team_sess_90c0d36d706f, member=team_leader
2026-08-10 00:02:18 | team | sess_90c0d36d706f | INFO | [team_leader] TeamPolicyRail static sections: section_names=['team_role', 'team_workflow', 'team_swarmflow', 'team_lifecycle', 'team_persona']
2026-08-10 00:02:18 | team | sess_90c0d36d706f | INFO | Session tables ready for session sess_90c0d36d706f
2026-08-10 00:02:18 | team | sess_90c0d36d706f | INFO | Team database initialized
2026-08-10 00:02:18 | team | default_trace_id | INFO | Team workspace directory ensured at /srv/jwteam_clone/shared/run_current
2026-08-10 00:02:18 | team | default_trace_id | INFO | AgentTeam manager initialized for jiuwen_team_sess_90c0d36d706f, member=planner2
2026-08-10 00:02:18 | team | default_trace_id | INFO | [planner2] TeamPolicyRail static sections: section_names=['team_role', 'team_persona']
2026-08-10 00:02:18 | team | sess_90c0d36d706f | INFO | [planner2] invoke start, role=teammate
2026-08-10 00:02:18 | team | sess_90c0d36d706f | INFO | [planner2] coordination starting
2026-08-10 00:02:18 | team | sess_90c0d36d706f | INFO | Session tables ready for session sess_90c0d36d706f
2026-08-10 00:02:19 | team | sess_90c0d36d706f | INFO | Workspace /srv/jwteam_clone/shared/run_current initialized as plain shared directory (version_control disabled)
2026-08-10 00:02:19 | team | sess_90c0d36d706f | INFO | EventBus[teammate] starting
2026-08-10 00:02:46 | team | sess_90c0d36d706f | INFO | [planner2] HITT section refresh: human_agent_names=[]
2026-08-10 00:02:58 | team | sess_90c0d36d706f | INFO | Task plan claimed by member planner2
2026-08-10 00:02:58 | team | sess_90c0d36d706f | INFO | Task plan claimed by member planner2
2026-08-10 00:02:58 | team | sess_90c0d36d706f | INFO | [planner2] processing 1 unread messages (steer=True)
2026-08-10 00:02:58 | team | sess_90c0d36d706f | INFO | Message eddc1733-be97-4024-9959-e4eb1be6ec7f marked as read by planner2
2026-08-10 00:03:14 | team | sess_90c0d36d706f | INFO | [planner2] processing 1 unread messages (steer=True)
2026-08-10 00:03:14 | team | sess_90c0d36d706f | INFO | Message 107af675-5b8a-4dde-bc71-00217d53c5de marked as read by planner2
2026-08-10 00:03:24 | team | sess_90c0d36d706f | INFO | Message 851fb70a-f568-4c1c-89ed-394aec6e397b created
2026-08-10 00:03:24 | team | sess_90c0d36d706f | INFO | Message 46b18fce-a1b9-4aa7-ad35-ad565d052765 created
2026-08-10 00:03:31 | team | sess_90c0d36d706f | INFO | [planner2] processing 1 unread messages (steer=True)
2026-08-10 00:03:31 | team | sess_90c0d36d706f | INFO | Message 06f9efdf-eae7-4d39-92bf-0702a0badaed marked as read by planner2
2026-08-10 00:03:35 | team | sess_90c0d36d706f | INFO | Message d3232f3d-76e0-4c5a-9655-fd8095c754e8 created
2026-08-10 00:03:35 | team | sess_90c0d36d706f | INFO | [planner2] processing 1 unread messages (steer=True)
2026-08-10 00:03:35 | team | sess_90c0d36d706f | INFO | Message 3ed27a35-3eea-4974-b414-c8a0fbcca33f marked as read by planner2
2026-08-10 00:03:42 | team | sess_90c0d36d706f | INFO | Task plan completed at 1786316622684
2026-08-10 00:03:42 | team | sess_90c0d36d706f | INFO | Resolved 2 dependencies for task plan
2026-08-10 00:03:42 | team | sess_90c0d36d706f | INFO | Task impl-b unblocked (all deps resolved)
2026-08-10 00:03:42 | team | sess_90c0d36d706f | INFO | Task plan completed
2026-08-10 00:03:42 | team | sess_90c0d36d706f | INFO | Unblocked 1 tasks
2026-08-10 00:04:25 | team | sess_90c0d36d706f | INFO | [planner2] processing 1 unread messages (steer=True)
2026-08-10 00:04:25 | team | sess_90c0d36d706f | INFO | Message fc306c99-648a-4604-af28-5cd0698c912f marked as read by planner2
2026-08-10 00:04:31 | team | sess_90c0d36d706f | INFO | Message 794eb736-e90a-4629-acc2-a8370743d23a created
2026-08-10 00:06:31 | team | sess_90c0d36d706f | INFO | task list drained for team jiuwen_team_sess_90c0d36d706f: 4 terminal task(s)
2026-08-10 00:06:44 | team | sess_90c0d36d706f | INFO | [planner2] processing 1 unread messages (steer=True)
2026-08-10 00:06:45 | team | sess_90c0d36d706f | INFO | Message 0f1433f3-50f6-492d-b6f1-f0ec979e5a7e marked as read by planner2
2026-08-10 00:07:16 | team | sess_90c0d36d706f | INFO | team jiuwen_team_sess_90c0d36d706f reported completed: 9 members, 4 tasks
2026-08-10 00:07:16 | team | sess_90c0d36d706f | INFO | [planner2] received TEAM_STANDBY, pausing polls
2026-08-10 00:07:16 | team | sess_90c0d36d706f | INFO | EventBus[teammate] pausing polls
