2026-08-10 00:02:19 | team | sess_90c0d36d706f | INFO | Team workspace directory ensured at /srv/jwteam_clone/shared/run_current
2026-08-10 00:02:19 | team | sess_90c0d36d706f | INFO | AgentTeam manager initialized for jiuwen_team_sess_90c0d36d706f, member=team_leader
2026-08-10 00:02:19 | team | sess_90c0d36d706f | INFO | [team_leader] TeamPolicyRail static sections: section_names=['team_role', 'team_workflow', 'team_swarmflow', 'team_lifecycle', 'team_persona']
2026-08-10 00:02:19 | team | sess_90c0d36d706f | INFO | Session tables ready for session sess_90c0d36d706f
2026-08-10 00:02:19 | team | sess_90c0d36d706f | INFO | Team database initialized
2026-08-10 00:02:19 | team | default_trace_id | INFO | Team workspace directory ensured at /srv/jwteam_clone/shared/run_current
2026-08-10 00:02:19 | team | default_trace_id | INFO | AgentTeam manager initialized for jiuwen_team_sess_90c0d36d706f, member=executor1
2026-08-10 00:02:19 | team | default_trace_id | INFO | [executor1] TeamPolicyRail static sections: section_names=['team_role', 'team_persona']
2026-08-10 00:02:19 | team | sess_90c0d36d706f | INFO | [executor1] invoke start, role=teammate
2026-08-10 00:02:19 | team | sess_90c0d36d706f | INFO | [executor1] coordination starting
2026-08-10 00:02:19 | team | sess_90c0d36d706f | INFO | Session tables ready for session sess_90c0d36d706f
2026-08-10 00:02:19 | team | sess_90c0d36d706f | INFO | Workspace /srv/jwteam_clone/shared/run_current initialized as plain shared directory (version_control disabled)
2026-08-10 00:02:19 | team | sess_90c0d36d706f | INFO | EventBus[teammate] starting
2026-08-10 00:02:46 | team | sess_90c0d36d706f | INFO | [executor1] HITT section refresh: human_agent_names=[]
2026-08-10 00:02:58 | team | sess_90c0d36d706f | INFO | [executor1] processing 1 unread messages (steer=True)
2026-08-10 00:02:58 | team | sess_90c0d36d706f | INFO | Message eddc1733-be97-4024-9959-e4eb1be6ec7f marked as read by executor1
2026-08-10 00:03:24 | team | sess_90c0d36d706f | INFO | [executor1] processing 1 unread messages (steer=True)
2026-08-10 00:03:24 | team | sess_90c0d36d706f | INFO | Message 851fb70a-f568-4c1c-89ed-394aec6e397b marked as read by executor1
2026-08-10 00:03:35 | team | sess_90c0d36d706f | INFO | Message 3ed27a35-3eea-4974-b414-c8a0fbcca33f created
2026-08-10 00:04:18 | team | sess_90c0d36d706f | INFO | [executor1] processing 1 unread messages (steer=True)
2026-08-10 00:04:18 | team | sess_90c0d36d706f | INFO | Message 2a75a537-f7c4-46b4-b185-d942cbbec993 marked as read by executor1
2026-08-10 00:04:26 | team | sess_90c0d36d706f | INFO | Message 18308d3a-971a-4821-9e2a-25bc7ce5a852 created
2026-08-10 00:04:33 | team | sess_90c0d36d706f | INFO | [executor1] processing 1 unread messages (steer=True)
2026-08-10 00:04:33 | team | sess_90c0d36d706f | INFO | Message 4da04b12-d088-4bd1-8736-e37a06bb7914 marked as read by executor1
2026-08-10 00:04:44 | team | sess_90c0d36d706f | INFO | [executor1] processing 1 unread messages (steer=True)
2026-08-10 00:04:44 | team | sess_90c0d36d706f | INFO | Message c59c9dc2-345c-4905-8b15-6a2eb0644a0f marked as read by executor1
2026-08-10 00:04:45 | team | sess_90c0d36d706f | INFO | Task impl-a claimed by member executor1
2026-08-10 00:04:45 | team | sess_90c0d36d706f | INFO | Task impl-a claimed by member executor1
2026-08-10 00:04:48 | team | sess_90c0d36d706f | INFO | [executor1] processing 1 unread messages (steer=True)
2026-08-10 00:04:48 | team | sess_90c0d36d706f | INFO | Message a06c4313-72f5-4d10-8828-418baadbbf7b marked as read by executor1
2026-08-10 00:04:55 | team | sess_90c0d36d706f | INFO | [executor1] processing 1 unread messages (steer=True)
2026-08-10 00:04:55 | team | sess_90c0d36d706f | INFO | Message 67e8122b-a0d5-4fff-8b27-13d29d4e6b86 marked as read by executor1
2026-08-10 00:04:56 | team | sess_90c0d36d706f | INFO | Message 76cd81d1-1e7d-4174-88b9-6ea2924b47db created
2026-08-10 00:05:05 | team | sess_90c0d36d706f | INFO | [executor1] processing 1 unread messages (steer=True)
2026-08-10 00:05:05 | team | sess_90c0d36d706f | INFO | Message f0ab1e35-6273-4b13-9598-4ae6256d449f marked as read by executor1
2026-08-10 00:05:12 | team | sess_90c0d36d706f | INFO | [executor1] processing 1 unread messages (steer=True)
2026-08-10 00:05:12 | team | sess_90c0d36d706f | INFO | Message ae3ac67c-172c-42a4-8000-fd1d2f9889bd marked as read by executor1
2026-08-10 00:05:16 | team | sess_90c0d36d706f | INFO | Task impl-a completed at 1786316716198
2026-08-10 00:05:16 | team | sess_90c0d36d706f | INFO | Message 87cfcb5f-7db4-4d9b-a7be-50956f78da39 created
2026-08-10 00:05:16 | team | sess_90c0d36d706f | INFO | Resolved 1 dependencies for task impl-a
2026-08-10 00:05:16 | team | sess_90c0d36d706f | INFO | Task verify unblocked (all deps resolved)
2026-08-10 00:05:16 | team | sess_90c0d36d706f | INFO | Task impl-a completed
2026-08-10 00:05:16 | team | sess_90c0d36d706f | INFO | Unblocked 1 tasks
2026-08-10 00:05:16 | team | sess_90c0d36d706f | INFO | Message 9ae753e9-faff-427b-9049-d6dc6c3f14ac created
2026-08-10 00:05:22 | team | sess_90c0d36d706f | INFO | Message 0fa26ed2-8e8f-4294-a6ab-954ec6cb0470 created
2026-08-10 00:05:22 | team | sess_90c0d36d706f | INFO | Message 510e2162-af89-4bf9-9061-0c7c09943d6e created
2026-08-10 00:05:22 | team | sess_90c0d36d706f | INFO | [executor1] processing 1 unread messages (steer=True)
2026-08-10 00:05:22 | team | sess_90c0d36d706f | INFO | Message 5e71c436-92d7-416f-a607-06e514df9fc5 marked as read by executor1
2026-08-10 00:05:34 | team | sess_90c0d36d706f | INFO | Message 06a84ff2-0a32-4b6b-9f26-dafa51d4ccb8 created
2026-08-10 00:05:35 | team | sess_90c0d36d706f | INFO | [executor1] processing 1 unread messages (steer=True)
2026-08-10 00:05:35 | team | sess_90c0d36d706f | INFO | Message d26e576b-f0d3-4395-b4af-9be12d971ffd marked as read by executor1
2026-08-10 00:05:37 | team | sess_90c0d36d706f | INFO | [executor1] processing 1 unread messages (steer=True)
2026-08-10 00:05:37 | team | sess_90c0d36d706f | INFO | Message 86100a13-2439-4207-8c71-6e0ffa834622 marked as read by executor1
2026-08-10 00:05:44 | team | sess_90c0d36d706f | INFO | Message c053982a-74db-440d-80e0-3c2c4e8f7f5a created
2026-08-10 00:05:54 | team | sess_90c0d36d706f | INFO | [executor1] processing 1 unread messages (steer=True)
2026-08-10 00:05:54 | team | sess_90c0d36d706f | INFO | Message dda3edd0-f62c-45d3-8060-0b271b34b7e2 marked as read by executor1
2026-08-10 00:05:59 | team | sess_90c0d36d706f | INFO | Message db2c38da-a1e8-4a17-9dc9-d4817bbef0a8 created
2026-08-10 00:06:31 | team | sess_90c0d36d706f | INFO | task list drained for team jiuwen_team_sess_90c0d36d706f: 4 terminal task(s)
2026-08-10 00:06:44 | team | sess_90c0d36d706f | INFO | [executor1] processing 1 unread messages (steer=True)
2026-08-10 00:06:45 | team | sess_90c0d36d706f | INFO | Message 0f1433f3-50f6-492d-b6f1-f0ec979e5a7e marked as read by executor1
2026-08-10 00:07:16 | team | sess_90c0d36d706f | INFO | team jiuwen_team_sess_90c0d36d706f reported completed: 9 members, 4 tasks
2026-08-10 00:07:16 | team | sess_90c0d36d706f | INFO | [executor1] received TEAM_STANDBY, pausing polls
2026-08-10 00:07:16 | team | sess_90c0d36d706f | INFO | EventBus[teammate] pausing polls
