2026-08-10 00:02:17 | team | sess_90c0d36d706f | INFO | Team workspace directory ensured at /srv/jwteam_clone/shared/run_current
2026-08-10 00:02:17 | team | sess_90c0d36d706f | INFO | AgentTeam manager initialized for jiuwen_team_sess_90c0d36d706f, member=team_leader
2026-08-10 00:02:17 | team | sess_90c0d36d706f | INFO | [team_leader] TeamPolicyRail static sections: section_names=['team_role', 'team_workflow', 'team_swarmflow', 'team_lifecycle', 'team_persona']
2026-08-10 00:02:17 | team | sess_90c0d36d706f | INFO | Session tables ready for session sess_90c0d36d706f
2026-08-10 00:02:17 | team | sess_90c0d36d706f | INFO | Team database initialized
2026-08-10 00:02:17 | team | default_trace_id | INFO | Team workspace directory ensured at /srv/jwteam_clone/shared/run_current
2026-08-10 00:02:17 | team | default_trace_id | INFO | AgentTeam manager initialized for jiuwen_team_sess_90c0d36d706f, member=planner1
2026-08-10 00:02:18 | team | default_trace_id | INFO | [planner1] TeamPolicyRail static sections: section_names=['team_role', 'team_persona']
2026-08-10 00:02:18 | team | sess_90c0d36d706f | INFO | [planner1] invoke start, role=teammate
2026-08-10 00:02:18 | team | sess_90c0d36d706f | INFO | [planner1] coordination starting
2026-08-10 00:02:18 | team | sess_90c0d36d706f | INFO | Session tables ready for session sess_90c0d36d706f
2026-08-10 00:02:18 | team | sess_90c0d36d706f | INFO | Workspace /srv/jwteam_clone/shared/run_current initialized as plain shared directory (version_control disabled)
2026-08-10 00:02:18 | team | sess_90c0d36d706f | INFO | EventBus[teammate] starting
2026-08-10 00:02:46 | team | sess_90c0d36d706f | INFO | [planner1] HITT section refresh: human_agent_names=[]
2026-08-10 00:02:58 | team | sess_90c0d36d706f | INFO | [planner1] processing 1 unread messages (steer=True)
2026-08-10 00:02:58 | team | sess_90c0d36d706f | INFO | Message eddc1733-be97-4024-9959-e4eb1be6ec7f marked as read by planner1
2026-08-10 00:03:05 | team | sess_90c0d36d706f | INFO | [planner1] processing 1 unread messages (steer=True)
2026-08-10 00:03:05 | team | sess_90c0d36d706f | INFO | Message 78b12a5b-b9dc-4fcf-93b3-4309e83ffeb4 marked as read by planner1
2026-08-10 00:03:10 | team | sess_90c0d36d706f | INFO | [planner1] processing 1 unread messages (steer=True)
2026-08-10 00:03:10 | team | sess_90c0d36d706f | INFO | Message 81ea5e80-aeba-4f72-b84c-650fd76b3d16 marked as read by planner1
2026-08-10 00:03:14 | team | sess_90c0d36d706f | INFO | Message 107af675-5b8a-4dde-bc71-00217d53c5de created
2026-08-10 00:03:35 | team | sess_90c0d36d706f | INFO | [planner1] processing 1 unread messages (steer=True)
2026-08-10 00:03:35 | team | sess_90c0d36d706f | INFO | Message d3232f3d-76e0-4c5a-9655-fd8095c754e8 marked as read by planner1
2026-08-10 00:04:18 | team | sess_90c0d36d706f | INFO | Message 2a75a537-f7c4-46b4-b185-d942cbbec993 created
2026-08-10 00:04:18 | team | sess_90c0d36d706f | INFO | Message dcd21586-3826-47f3-8330-a7fdd25ef98d created
2026-08-10 00:04:25 | team | sess_90c0d36d706f | INFO | Message fc306c99-648a-4604-af28-5cd0698c912f created
2026-08-10 00:04:26 | team | sess_90c0d36d706f | INFO | [planner1] processing 1 unread messages (steer=True)
2026-08-10 00:04:26 | team | sess_90c0d36d706f | INFO | Message 18308d3a-971a-4821-9e2a-25bc7ce5a852 marked as read by planner1
2026-08-10 00:04:31 | team | sess_90c0d36d706f | INFO | [planner1] processing 1 unread messages (steer=True)
2026-08-10 00:04:31 | team | sess_90c0d36d706f | INFO | Message 794eb736-e90a-4629-acc2-a8370743d23a marked as read by planner1
2026-08-10 00:04:32 | team | sess_90c0d36d706f | INFO | Message 8f575aa0-84f3-48ba-a70a-95e80ee76639 created
2026-08-10 00:04:33 | team | sess_90c0d36d706f | INFO | [planner1] processing 1 unread messages (steer=True)
2026-08-10 00:04:33 | team | sess_90c0d36d706f | INFO | Message 987655a0-950c-4c45-a97c-5402697d61a3 marked as read by planner1
2026-08-10 00:04:37 | team | sess_90c0d36d706f | INFO | [planner1] processing 1 unread messages (steer=True)
2026-08-10 00:04:37 | team | sess_90c0d36d706f | INFO | Message e406fe81-6585-460c-b875-f685017175c2 marked as read by planner1
2026-08-10 00:04:44 | team | sess_90c0d36d706f | INFO | Message c59c9dc2-345c-4905-8b15-6a2eb0644a0f created
2026-08-10 00:04:55 | team | sess_90c0d36d706f | INFO | Message 41ffde23-9421-4a19-b334-e5ae39df0286 created
2026-08-10 00:04:55 | team | sess_90c0d36d706f | INFO | Message 67e8122b-a0d5-4fff-8b27-13d29d4e6b86 created
2026-08-10 00:04:56 | team | sess_90c0d36d706f | INFO | [planner1] processing 1 unread messages (steer=True)
2026-08-10 00:04:56 | team | sess_90c0d36d706f | INFO | Message 76cd81d1-1e7d-4174-88b9-6ea2924b47db marked as read by planner1
2026-08-10 00:05:12 | team | sess_90c0d36d706f | INFO | Message ae3ac67c-172c-42a4-8000-fd1d2f9889bd created
2026-08-10 00:05:22 | team | sess_90c0d36d706f | INFO | [planner1] processing 1 unread messages (steer=True)
2026-08-10 00:05:22 | team | sess_90c0d36d706f | INFO | Message 510e2162-af89-4bf9-9061-0c7c09943d6e marked as read by planner1
2026-08-10 00:05:35 | team | sess_90c0d36d706f | INFO | Message d26e576b-f0d3-4395-b4af-9be12d971ffd created
2026-08-10 00:06:31 | team | sess_90c0d36d706f | INFO | task list drained for team jiuwen_team_sess_90c0d36d706f: 4 terminal task(s)
2026-08-10 00:06:44 | team | sess_90c0d36d706f | INFO | [planner1] processing 1 unread messages (steer=True)
2026-08-10 00:06:45 | team | sess_90c0d36d706f | INFO | Message 0f1433f3-50f6-492d-b6f1-f0ec979e5a7e marked as read by planner1
2026-08-10 00:06:51 | team | sess_90c0d36d706f | INFO | Message ae10ec1b-2015-4ebf-b9ea-d0818976a2ff created
2026-08-10 00:07:01 | team | sess_90c0d36d706f | INFO | [planner1] processing 1 unread messages (steer=True)
2026-08-10 00:07:01 | team | sess_90c0d36d706f | INFO | Message faf3b370-0c99-4b11-8954-946b10db42b7 marked as read by planner1
2026-08-10 00:07:16 | team | sess_90c0d36d706f | INFO | team jiuwen_team_sess_90c0d36d706f reported completed: 9 members, 4 tasks
2026-08-10 00:07:16 | team | sess_90c0d36d706f | INFO | [planner1] received TEAM_STANDBY, pausing polls
2026-08-10 00:07:16 | team | sess_90c0d36d706f | INFO | EventBus[teammate] pausing polls
