2026-08-10 00:02:20 | team | sess_90c0d36d706f | INFO | Team workspace directory ensured at /srv/jwteam_clone/shared/run_current
2026-08-10 00:02:20 | team | sess_90c0d36d706f | INFO | AgentTeam manager initialized for jiuwen_team_sess_90c0d36d706f, member=team_leader
2026-08-10 00:02:20 | team | sess_90c0d36d706f | INFO | [team_leader] TeamPolicyRail static sections: section_names=['team_role', 'team_workflow', 'team_swarmflow', 'team_lifecycle', 'team_persona']
2026-08-10 00:02:21 | team | sess_90c0d36d706f | INFO | Session tables ready for session sess_90c0d36d706f
2026-08-10 00:02:21 | team | sess_90c0d36d706f | INFO | Team database initialized
2026-08-10 00:02:21 | team | default_trace_id | INFO | Team workspace directory ensured at /srv/jwteam_clone/shared/run_current
2026-08-10 00:02:21 | team | default_trace_id | INFO | AgentTeam manager initialized for jiuwen_team_sess_90c0d36d706f, member=executor2
2026-08-10 00:02:21 | team | default_trace_id | INFO | [executor2] TeamPolicyRail static sections: section_names=['team_role', 'team_persona']
2026-08-10 00:02:21 | team | sess_90c0d36d706f | INFO | [executor2] invoke start, role=teammate
2026-08-10 00:02:21 | team | sess_90c0d36d706f | INFO | [executor2] coordination starting
2026-08-10 00:02:21 | team | sess_90c0d36d706f | INFO | Session tables ready for session sess_90c0d36d706f
2026-08-10 00:02:21 | team | sess_90c0d36d706f | INFO | Workspace /srv/jwteam_clone/shared/run_current initialized as plain shared directory (version_control disabled)
2026-08-10 00:02:21 | team | sess_90c0d36d706f | INFO | EventBus[teammate] starting
2026-08-10 00:02:46 | team | sess_90c0d36d706f | INFO | [executor2] HITT section refresh: human_agent_names=[]
2026-08-10 00:02:58 | team | sess_90c0d36d706f | INFO | [executor2] processing 1 unread messages (steer=True)
2026-08-10 00:02:58 | team | sess_90c0d36d706f | INFO | Message eddc1733-be97-4024-9959-e4eb1be6ec7f marked as read by executor2
2026-08-10 00:03:10 | team | sess_90c0d36d706f | INFO | Message 81ea5e80-aeba-4f72-b84c-650fd76b3d16 created
2026-08-10 00:04:02 | team | sess_90c0d36d706f | INFO | Message 92525f76-46c4-41b2-a9d2-b31308f10748 created
2026-08-10 00:04:43 | team | sess_90c0d36d706f | INFO | [executor2] processing 1 unread messages (steer=True)
2026-08-10 00:04:43 | team | sess_90c0d36d706f | INFO | Message ba7e5cdb-7eee-42c5-9423-0055c5dfea77 marked as read by executor2
2026-08-10 00:04:48 | team | sess_90c0d36d706f | INFO | Message a06c4313-72f5-4d10-8828-418baadbbf7b created
2026-08-10 00:05:16 | team | sess_90c0d36d706f | INFO | [executor2] processing 1 unread messages (steer=True)
2026-08-10 00:05:16 | team | sess_90c0d36d706f | INFO | Message 9ae753e9-faff-427b-9049-d6dc6c3f14ac marked as read by executor2
2026-08-10 00:05:22 | team | sess_90c0d36d706f | INFO | Message 5e71c436-92d7-416f-a607-06e514df9fc5 created
2026-08-10 00:05:34 | team | sess_90c0d36d706f | INFO | [executor2] processing 1 unread messages (steer=True)
2026-08-10 00:05:34 | team | sess_90c0d36d706f | INFO | Message 06a84ff2-0a32-4b6b-9f26-dafa51d4ccb8 marked as read by executor2
2026-08-10 00:06:31 | team | sess_90c0d36d706f | INFO | task list drained for team jiuwen_team_sess_90c0d36d706f: 4 terminal task(s)
2026-08-10 00:06:44 | team | sess_90c0d36d706f | INFO | [executor2] processing 1 unread messages (steer=True)
2026-08-10 00:06:45 | team | sess_90c0d36d706f | INFO | Message 0f1433f3-50f6-492d-b6f1-f0ec979e5a7e marked as read by executor2
2026-08-10 00:07:16 | team | sess_90c0d36d706f | INFO | team jiuwen_team_sess_90c0d36d706f reported completed: 9 members, 4 tasks
2026-08-10 00:07:16 | team | sess_90c0d36d706f | INFO | [executor2] received TEAM_STANDBY, pausing polls
2026-08-10 00:07:16 | team | sess_90c0d36d706f | INFO | EventBus[teammate] pausing polls
