2026-08-08 13:28:11 | team | sess_e96f33690aef | INFO | Team workspace directory ensured at /srv/jwteam_clone/shared/run_current
2026-08-08 13:28:11 | team | sess_e96f33690aef | INFO | AgentTeam manager initialized for jiuwen_team_sess_e96f33690aef, member=team_leader
2026-08-08 13:28:11 | team | sess_e96f33690aef | INFO | [team_leader] TeamPolicyRail static sections: section_names=['team_role', 'team_workflow', 'team_swarmflow', 'team_lifecycle', 'team_persona']
2026-08-08 13:28:11 | team | sess_e96f33690aef | INFO | Session tables ready for session sess_e96f33690aef
2026-08-08 13:28:11 | team | sess_e96f33690aef | INFO | Team database initialized
2026-08-08 13:28:11 | team | default_trace_id | INFO | Team workspace directory ensured at /srv/jwteam_clone/shared/run_current
2026-08-08 13:28:11 | team | default_trace_id | INFO | AgentTeam manager initialized for jiuwen_team_sess_e96f33690aef, member=planner1
2026-08-08 13:28:11 | team | default_trace_id | INFO | [planner1] TeamPolicyRail static sections: section_names=['team_role', 'team_persona']
2026-08-08 13:28:11 | team | sess_e96f33690aef | INFO | [planner1] invoke start, role=teammate
2026-08-08 13:28:11 | team | sess_e96f33690aef | INFO | [planner1] coordination starting
2026-08-08 13:28:11 | team | sess_e96f33690aef | INFO | Session tables ready for session sess_e96f33690aef
2026-08-08 13:28:11 | team | sess_e96f33690aef | INFO | Workspace /srv/jwteam_clone/shared/run_current initialized as plain shared directory (version_control disabled)
2026-08-08 13:28:11 | team | sess_e96f33690aef | INFO | EventBus[teammate] starting
2026-08-08 13:28:55 | team | sess_e96f33690aef | INFO | [planner1] HITT section refresh: human_agent_names=[]
2026-08-08 13:29:00 | team | sess_e96f33690aef | INFO | Task p5-plan claimed by member planner1
2026-08-08 13:29:00 | team | sess_e96f33690aef | INFO | Task p5-plan claimed by member planner1
2026-08-08 13:29:08 | team | sess_e96f33690aef | INFO | [planner1] processing 1 unread messages (steer=True)
2026-08-08 13:29:08 | team | sess_e96f33690aef | INFO | Message 2ac0655c-4708-4f5d-b85a-23b665dfee5a marked as read by planner1
2026-08-08 13:30:26 | team | sess_e96f33690aef | INFO | Message cfe5f410-5b63-43ad-be91-d63aedd4b88e created
2026-08-08 13:30:33 | team | sess_e96f33690aef | INFO | Task p5-plan completed at 1786192233078
2026-08-08 13:30:33 | team | sess_e96f33690aef | INFO | Resolved 1 dependencies for task p5-plan
2026-08-08 13:30:33 | team | sess_e96f33690aef | INFO | Task p5-implement unblocked (all deps resolved)
2026-08-08 13:30:33 | team | sess_e96f33690aef | INFO | Task p5-plan completed
2026-08-08 13:30:33 | team | sess_e96f33690aef | INFO | Unblocked 1 tasks
2026-08-08 13:31:27 | team | sess_e96f33690aef | INFO | [planner1] processing 1 unread messages (steer=True)
2026-08-08 13:31:27 | team | sess_e96f33690aef | INFO | Message 095228b2-3afd-43e2-9624-6c5bb549219e marked as read by planner1
2026-08-08 13:31:53 | team | sess_e96f33690aef | INFO | Message 05a1f9af-8d54-4a04-9e06-fd85ddd407db created
2026-08-08 13:32:03 | team | sess_e96f33690aef | INFO | [planner1] processing 1 unread messages (steer=True)
2026-08-08 13:32:03 | team | sess_e96f33690aef | INFO | Message 4f0da282-5280-4977-b8aa-0e061e62f2c3 marked as read by planner1
2026-08-08 13:32:13 | team | sess_e96f33690aef | INFO | [planner1] processing 1 unread messages (steer=True)
2026-08-08 13:32:13 | team | sess_e96f33690aef | INFO | Message 4a39d836-17ab-4cb5-9ad6-4552833e0000 marked as read by planner1
2026-08-08 13:32:21 | team | sess_e96f33690aef | INFO | Message 269c5b49-9f04-4115-8bf3-e9c85fffddb9 created
2026-08-08 13:32:21 | team | sess_e96f33690aef | INFO | Message 835e5b22-729b-4d5a-83ec-4ab6fed06f9e created
2026-08-08 13:32:26 | team | sess_e96f33690aef | INFO | Message 59845fdf-e1df-4300-a81a-7bb74fa1d41a created
2026-08-08 13:32:35 | team | sess_e96f33690aef | INFO | [planner1] processing 1 unread messages (steer=True)
2026-08-08 13:32:35 | team | sess_e96f33690aef | INFO | Message d38f69b9-bd40-4a17-8c35-92ccd2c76eed marked as read by planner1
2026-08-08 13:33:23 | team | sess_e96f33690aef | INFO | [planner1] processing 1 unread messages (steer=True)
2026-08-08 13:33:23 | team | sess_e96f33690aef | INFO | Message b75f893a-a805-42c0-a47d-98c0c68163e4 marked as read by planner1
2026-08-08 13:33:35 | team | sess_e96f33690aef | INFO | Message b63ad4a7-16eb-41b1-b31e-c61dce174ced created
2026-08-08 13:45:30 | team | sess_e96f33690aef | INFO | task list drained for team jiuwen_team_sess_e96f33690aef: 6 terminal task(s)
2026-08-08 13:45:41 | team | sess_e96f33690aef | INFO | [planner1] processing 1 unread messages (steer=True)
2026-08-08 13:45:41 | team | sess_e96f33690aef | INFO | Message c00986b4-1270-43a7-95a4-3f1748232113 marked as read by planner1
2026-08-08 13:46:02 | team | sess_e96f33690aef | INFO | team jiuwen_team_sess_e96f33690aef reported completed: 9 members, 6 tasks
2026-08-08 13:46:04 | team | sess_e96f33690aef | INFO | [planner1] received TEAM_STANDBY, pausing polls
2026-08-08 13:46:04 | team | sess_e96f33690aef | INFO | EventBus[teammate] pausing polls
