2026-08-08 13:28:13 | team | sess_e96f33690aef | INFO | Team workspace directory ensured at /srv/jwteam_clone/shared/run_current
2026-08-08 13:28:13 | team | sess_e96f33690aef | INFO | AgentTeam manager initialized for jiuwen_team_sess_e96f33690aef, member=team_leader
2026-08-08 13:28:13 | team | sess_e96f33690aef | INFO | [team_leader] TeamPolicyRail static sections: section_names=['team_role', 'team_workflow', 'team_swarmflow', 'team_lifecycle', 'team_persona']
2026-08-08 13:28:13 | team | sess_e96f33690aef | INFO | Session tables ready for session sess_e96f33690aef
2026-08-08 13:28:13 | team | sess_e96f33690aef | INFO | Team database initialized
2026-08-08 13:28:13 | team | default_trace_id | INFO | Team workspace directory ensured at /srv/jwteam_clone/shared/run_current
2026-08-08 13:28:13 | team | default_trace_id | INFO | AgentTeam manager initialized for jiuwen_team_sess_e96f33690aef, member=executor2
2026-08-08 13:28:13 | team | default_trace_id | INFO | [executor2] TeamPolicyRail static sections: section_names=['team_role', 'team_persona']
2026-08-08 13:28:13 | team | sess_e96f33690aef | INFO | [executor2] invoke start, role=teammate
2026-08-08 13:28:13 | team | sess_e96f33690aef | INFO | [executor2] coordination starting
2026-08-08 13:28:13 | team | sess_e96f33690aef | INFO | Session tables ready for session sess_e96f33690aef
2026-08-08 13:28:13 | team | sess_e96f33690aef | INFO | Workspace /srv/jwteam_clone/shared/run_current initialized as plain shared directory (version_control disabled)
2026-08-08 13:28:13 | team | sess_e96f33690aef | INFO | EventBus[teammate] starting
2026-08-08 13:28:55 | team | sess_e96f33690aef | INFO | [executor2] HITT section refresh: human_agent_names=[]
2026-08-08 13:29:08 | team | sess_e96f33690aef | INFO | [executor2] processing 1 unread messages (steer=True)
2026-08-08 13:29:08 | team | sess_e96f33690aef | INFO | Message 2ac0655c-4708-4f5d-b85a-23b665dfee5a marked as read by executor2
2026-08-08 13:29:51 | team | sess_e96f33690aef | INFO | [executor2] processing 1 unread messages (steer=True)
2026-08-08 13:29:51 | team | sess_e96f33690aef | INFO | Message 96e251bf-a920-4b88-a4b1-406b0a093615 marked as read by executor2
2026-08-08 13:29:55 | team | sess_e96f33690aef | INFO | Task test9-implement claimed by member executor2
2026-08-08 13:29:55 | team | sess_e96f33690aef | INFO | Task test9-implement claimed by member executor2
2026-08-08 13:30:58 | team | sess_e96f33690aef | INFO | Message b694fc29-1544-42c0-8560-6041d2447225 created
2026-08-08 13:31:03 | team | sess_e96f33690aef | INFO | Task test9-implement completed at 1786192263408
2026-08-08 13:31:03 | team | sess_e96f33690aef | INFO | Resolved 1 dependencies for task test9-implement
2026-08-08 13:31:03 | team | sess_e96f33690aef | INFO | Task test9-verify unblocked (all deps resolved)
2026-08-08 13:31:03 | team | sess_e96f33690aef | INFO | Task test9-implement completed
2026-08-08 13:31:03 | team | sess_e96f33690aef | INFO | Unblocked 1 tasks
2026-08-08 13:31:10 | team | sess_e96f33690aef | INFO | Message 9b19ae81-5d31-407d-a07a-4e51f48f3eab created
2026-08-08 13:31:31 | team | sess_e96f33690aef | INFO | [executor2] processing 1 unread messages (steer=True)
2026-08-08 13:31:31 | team | sess_e96f33690aef | INFO | Message 4e75cc6b-84a0-46cb-96b7-ab6c695e2443 marked as read by executor2
2026-08-08 13:45:30 | team | sess_e96f33690aef | INFO | task list drained for team jiuwen_team_sess_e96f33690aef: 6 terminal task(s)
2026-08-08 13:45:41 | team | sess_e96f33690aef | INFO | [executor2] processing 1 unread messages (steer=True)
2026-08-08 13:45:41 | team | sess_e96f33690aef | INFO | Message c00986b4-1270-43a7-95a4-3f1748232113 marked as read by executor2
2026-08-08 13:46:02 | team | sess_e96f33690aef | INFO | team jiuwen_team_sess_e96f33690aef reported completed: 9 members, 6 tasks
2026-08-08 13:46:04 | team | sess_e96f33690aef | INFO | [executor2] received TEAM_STANDBY, pausing polls
2026-08-08 13:46:04 | team | sess_e96f33690aef | INFO | EventBus[teammate] pausing polls
