2026-08-08 13:28:12 | team | sess_e96f33690aef | INFO | Team workspace directory ensured at /srv/jwteam_clone/shared/run_current
2026-08-08 13:28:12 | team | sess_e96f33690aef | INFO | AgentTeam manager initialized for jiuwen_team_sess_e96f33690aef, member=team_leader
2026-08-08 13:28:12 | team | sess_e96f33690aef | INFO | [team_leader] TeamPolicyRail static sections: section_names=['team_role', 'team_workflow', 'team_swarmflow', 'team_lifecycle', 'team_persona']
2026-08-08 13:28:12 | team | sess_e96f33690aef | INFO | Session tables ready for session sess_e96f33690aef
2026-08-08 13:28:12 | team | sess_e96f33690aef | INFO | Team database initialized
2026-08-08 13:28:12 | team | default_trace_id | INFO | Team workspace directory ensured at /srv/jwteam_clone/shared/run_current
2026-08-08 13:28:12 | team | default_trace_id | INFO | AgentTeam manager initialized for jiuwen_team_sess_e96f33690aef, member=executor1
2026-08-08 13:28:12 | team | default_trace_id | INFO | [executor1] TeamPolicyRail static sections: section_names=['team_role', 'team_persona']
2026-08-08 13:28:12 | team | sess_e96f33690aef | INFO | [executor1] invoke start, role=teammate
2026-08-08 13:28:12 | team | sess_e96f33690aef | INFO | [executor1] coordination starting
2026-08-08 13:28:12 | team | sess_e96f33690aef | INFO | Session tables ready for session sess_e96f33690aef
2026-08-08 13:28:12 | team | sess_e96f33690aef | INFO | Workspace /srv/jwteam_clone/shared/run_current initialized as plain shared directory (version_control disabled)
2026-08-08 13:28:12 | team | sess_e96f33690aef | INFO | EventBus[teammate] starting
2026-08-08 13:28:55 | team | sess_e96f33690aef | INFO | [executor1] HITT section refresh: human_agent_names=[]
2026-08-08 13:29:08 | team | sess_e96f33690aef | INFO | [executor1] processing 1 unread messages (steer=True)
2026-08-08 13:29:08 | team | sess_e96f33690aef | INFO | Message 2ac0655c-4708-4f5d-b85a-23b665dfee5a marked as read by executor1
2026-08-08 13:30:26 | team | sess_e96f33690aef | INFO | [executor1] processing 1 unread messages (steer=True)
2026-08-08 13:30:26 | team | sess_e96f33690aef | INFO | Message cfe5f410-5b63-43ad-be91-d63aedd4b88e marked as read by executor1
2026-08-08 13:30:56 | team | sess_e96f33690aef | INFO | Message ce8df9aa-3b5c-44bd-a08c-7a4a234c58b0 created
2026-08-08 13:31:19 | team | sess_e96f33690aef | INFO | Task p5-implement claimed by member executor1
2026-08-08 13:31:19 | team | sess_e96f33690aef | INFO | Task p5-implement claimed by member executor1
2026-08-08 13:31:22 | team | sess_e96f33690aef | INFO | [executor1] processing 1 unread messages (steer=True)
2026-08-08 13:31:22 | team | sess_e96f33690aef | INFO | Message 2be41036-6a16-427e-bafc-67fbfb3fed65 marked as read by executor1
2026-08-08 13:31:30 | team | sess_e96f33690aef | INFO | Task p5-implement claimed by member executor1
2026-08-08 13:31:30 | team | sess_e96f33690aef | INFO | Task p5-implement claimed by member executor1
2026-08-08 13:32:21 | team | sess_e96f33690aef | INFO | [executor1] processing 1 unread messages (steer=True)
2026-08-08 13:32:21 | team | sess_e96f33690aef | INFO | Message 835e5b22-729b-4d5a-83ec-4ab6fed06f9e marked as read by executor1
2026-08-08 13:33:15 | team | sess_e96f33690aef | INFO | Task p5-implement completed at 1786192395865
2026-08-08 13:33:15 | team | sess_e96f33690aef | INFO | Message d016c9a4-a2d4-46ee-aedb-d8da948a0e1c created
2026-08-08 13:33:15 | team | sess_e96f33690aef | INFO | Resolved 1 dependencies for task p5-implement
2026-08-08 13:33:15 | team | sess_e96f33690aef | INFO | Task p5-verify unblocked (all deps resolved)
2026-08-08 13:33:15 | team | sess_e96f33690aef | INFO | Task p5-implement completed
2026-08-08 13:33:15 | team | sess_e96f33690aef | INFO | Unblocked 1 tasks
2026-08-08 13:33:23 | team | sess_e96f33690aef | INFO | Message b75f893a-a805-42c0-a47d-98c0c68163e4 created
2026-08-08 13:33:35 | team | sess_e96f33690aef | INFO | [executor1] processing 1 unread messages (steer=True)
2026-08-08 13:33:35 | team | sess_e96f33690aef | INFO | Message b63ad4a7-16eb-41b1-b31e-c61dce174ced marked as read by executor1
2026-08-08 13:45:30 | team | sess_e96f33690aef | INFO | task list drained for team jiuwen_team_sess_e96f33690aef: 6 terminal task(s)
2026-08-08 13:45:41 | team | sess_e96f33690aef | INFO | [executor1] processing 1 unread messages (steer=True)
2026-08-08 13:45:41 | team | sess_e96f33690aef | INFO | Message c00986b4-1270-43a7-95a4-3f1748232113 marked as read by executor1
2026-08-08 13:46:02 | team | sess_e96f33690aef | INFO | team jiuwen_team_sess_e96f33690aef reported completed: 9 members, 6 tasks
2026-08-08 13:46:04 | team | sess_e96f33690aef | INFO | [executor1] received TEAM_STANDBY, pausing polls
2026-08-08 13:46:04 | team | sess_e96f33690aef | INFO | EventBus[teammate] pausing polls
