2026-08-08 13:28:16 | team | sess_e96f33690aef | INFO | Team workspace directory ensured at /srv/jwteam_clone/shared/run_current
2026-08-08 13:28:16 | team | sess_e96f33690aef | INFO | AgentTeam manager initialized for jiuwen_team_sess_e96f33690aef, member=team_leader
2026-08-08 13:28:16 | team | sess_e96f33690aef | INFO | [team_leader] TeamPolicyRail static sections: section_names=['team_role', 'team_workflow', 'team_swarmflow', 'team_lifecycle', 'team_persona']
2026-08-08 13:28:16 | team | sess_e96f33690aef | INFO | Session tables ready for session sess_e96f33690aef
2026-08-08 13:28:16 | team | sess_e96f33690aef | INFO | Team database initialized
2026-08-08 13:28:16 | team | default_trace_id | INFO | Team workspace directory ensured at /srv/jwteam_clone/shared/run_current
2026-08-08 13:28:16 | team | default_trace_id | INFO | AgentTeam manager initialized for jiuwen_team_sess_e96f33690aef, member=verifier2
2026-08-08 13:28:16 | team | default_trace_id | INFO | [verifier2] TeamPolicyRail static sections: section_names=['team_role', 'team_persona']
2026-08-08 13:28:16 | team | sess_e96f33690aef | INFO | [verifier2] invoke start, role=teammate
2026-08-08 13:28:16 | team | sess_e96f33690aef | INFO | [verifier2] coordination starting
2026-08-08 13:28:16 | team | sess_e96f33690aef | INFO | Session tables ready for session sess_e96f33690aef
2026-08-08 13:28:16 | team | sess_e96f33690aef | INFO | Workspace /srv/jwteam_clone/shared/run_current initialized as plain shared directory (version_control disabled)
2026-08-08 13:28:16 | team | sess_e96f33690aef | INFO | EventBus[teammate] starting
2026-08-08 13:28:55 | team | sess_e96f33690aef | INFO | [verifier2] HITT section refresh: human_agent_names=[]
2026-08-08 13:29:08 | team | sess_e96f33690aef | INFO | [verifier2] processing 1 unread messages (steer=True)
2026-08-08 13:29:08 | team | sess_e96f33690aef | INFO | Message 2ac0655c-4708-4f5d-b85a-23b665dfee5a marked as read by verifier2
2026-08-08 13:30:58 | team | sess_e96f33690aef | INFO | [verifier2] processing 1 unread messages (steer=True)
2026-08-08 13:30:58 | team | sess_e96f33690aef | INFO | Message b694fc29-1544-42c0-8560-6041d2447225 marked as read by verifier2
2026-08-08 13:31:07 | team | sess_e96f33690aef | INFO | Task test9-verify claimed by member verifier2
2026-08-08 13:31:07 | team | sess_e96f33690aef | INFO | Task test9-verify claimed by member verifier2
2026-08-08 13:31:58 | team | sess_e96f33690aef | INFO | Task test9-verify completed at 1786192318030
2026-08-08 13:31:58 | team | sess_e96f33690aef | INFO | Task test9-verify completed
2026-08-08 13:32:06 | team | sess_e96f33690aef | INFO | Message 1d320c0f-18af-4fa1-8e7b-da014457ada4 created
2026-08-08 13:32:22 | team | sess_e96f33690aef | INFO | [verifier2] processing 1 unread messages (steer=True)
2026-08-08 13:32:22 | team | sess_e96f33690aef | INFO | Message 4f944ae6-3211-445b-9bef-2d3bb864eeff marked as read by verifier2
2026-08-08 13:45:30 | team | sess_e96f33690aef | INFO | task list drained for team jiuwen_team_sess_e96f33690aef: 6 terminal task(s)
2026-08-08 13:45:41 | team | sess_e96f33690aef | INFO | [verifier2] processing 1 unread messages (steer=True)
2026-08-08 13:45:41 | team | sess_e96f33690aef | INFO | Message c00986b4-1270-43a7-95a4-3f1748232113 marked as read by verifier2
2026-08-08 13:46:02 | team | sess_e96f33690aef | INFO | team jiuwen_team_sess_e96f33690aef reported completed: 9 members, 6 tasks
2026-08-08 13:46:04 | team | sess_e96f33690aef | INFO | [verifier2] received TEAM_STANDBY, pausing polls
2026-08-08 13:46:04 | team | sess_e96f33690aef | INFO | EventBus[teammate] pausing polls
