2026-08-08 13:28:15 | team | sess_e96f33690aef | INFO | Team workspace directory ensured at /srv/jwteam_clone/shared/run_current
2026-08-08 13:28:15 | team | sess_e96f33690aef | INFO | AgentTeam manager initialized for jiuwen_team_sess_e96f33690aef, member=team_leader
2026-08-08 13:28:15 | team | sess_e96f33690aef | INFO | [team_leader] TeamPolicyRail static sections: section_names=['team_role', 'team_workflow', 'team_swarmflow', 'team_lifecycle', 'team_persona']
2026-08-08 13:28:15 | team | sess_e96f33690aef | INFO | Session tables ready for session sess_e96f33690aef
2026-08-08 13:28:15 | team | sess_e96f33690aef | INFO | Team database initialized
2026-08-08 13:28:15 | team | default_trace_id | INFO | Team workspace directory ensured at /srv/jwteam_clone/shared/run_current
2026-08-08 13:28:15 | team | default_trace_id | INFO | AgentTeam manager initialized for jiuwen_team_sess_e96f33690aef, member=verifier1
2026-08-08 13:28:15 | team | default_trace_id | INFO | [verifier1] TeamPolicyRail static sections: section_names=['team_role', 'team_persona']
2026-08-08 13:28:15 | team | sess_e96f33690aef | INFO | [verifier1] invoke start, role=teammate
2026-08-08 13:28:15 | team | sess_e96f33690aef | INFO | [verifier1] coordination starting
2026-08-08 13:28:15 | team | sess_e96f33690aef | INFO | Session tables ready for session sess_e96f33690aef
2026-08-08 13:28:15 | team | sess_e96f33690aef | INFO | Workspace /srv/jwteam_clone/shared/run_current initialized as plain shared directory (version_control disabled)
2026-08-08 13:28:15 | team | sess_e96f33690aef | INFO | EventBus[teammate] starting
2026-08-08 13:28:55 | team | sess_e96f33690aef | INFO | [verifier1] HITT section refresh: human_agent_names=[]
2026-08-08 13:29:08 | team | sess_e96f33690aef | INFO | [verifier1] processing 1 unread messages (steer=True)
2026-08-08 13:29:08 | team | sess_e96f33690aef | INFO | Message 2ac0655c-4708-4f5d-b85a-23b665dfee5a marked as read by verifier1
2026-08-08 13:33:15 | team | sess_e96f33690aef | INFO | [verifier1] processing 1 unread messages (steer=True)
2026-08-08 13:33:16 | team | sess_e96f33690aef | INFO | Message d016c9a4-a2d4-46ee-aedb-d8da948a0e1c marked as read by verifier1
2026-08-08 13:33:22 | team | sess_e96f33690aef | INFO | Task p5-verify claimed by member verifier1
2026-08-08 13:33:22 | team | sess_e96f33690aef | INFO | Task p5-verify claimed by member verifier1
2026-08-08 13:43:32 | team | sess_e96f33690aef | INFO | [verifier1] processing 1 unread messages (steer=True)
2026-08-08 13:43:32 | team | sess_e96f33690aef | INFO | Message 602cf3ec-61c6-4fb6-801f-9d5236b0493c marked as read by verifier1
2026-08-08 13:43:45 | team | sess_e96f33690aef | INFO | [verifier1] self-nudged stale claimed task p5-verify
2026-08-08 13:45:30 | team | sess_e96f33690aef | INFO | Task p5-verify completed at 1786193130730
2026-08-08 13:45:30 | team | sess_e96f33690aef | INFO | Message 4b77f95f-1484-477d-976a-d02252febaf0 created
2026-08-08 13:45:30 | team | sess_e96f33690aef | INFO | Task p5-verify completed
2026-08-08 13:45:41 | team | sess_e96f33690aef | INFO | [verifier1] processing 1 unread messages (steer=True)
2026-08-08 13:45:41 | team | sess_e96f33690aef | INFO | Message c00986b4-1270-43a7-95a4-3f1748232113 marked as read by verifier1
2026-08-08 13:45:41 | team | sess_e96f33690aef | INFO | [verifier1] processing 1 unread messages (steer=True)
2026-08-08 13:45:41 | team | sess_e96f33690aef | INFO | Message b3d750cd-d727-4c72-b0e9-66a4d64d9340 marked as read by verifier1
2026-08-08 13:46:02 | team | sess_e96f33690aef | INFO | team jiuwen_team_sess_e96f33690aef reported completed: 9 members, 6 tasks
2026-08-08 13:46:04 | team | sess_e96f33690aef | INFO | [verifier1] received TEAM_STANDBY, pausing polls
2026-08-08 13:46:04 | team | sess_e96f33690aef | INFO | EventBus[teammate] pausing polls
