2026-08-08 13:28:17 | team | sess_e96f33690aef | INFO | Team workspace directory ensured at /srv/jwteam_clone/shared/run_current
2026-08-08 13:28:17 | team | sess_e96f33690aef | INFO | AgentTeam manager initialized for jiuwen_team_sess_e96f33690aef, member=team_leader
2026-08-08 13:28:17 | team | sess_e96f33690aef | INFO | [team_leader] TeamPolicyRail static sections: section_names=['team_role', 'team_workflow', 'team_swarmflow', 'team_lifecycle', 'team_persona']
2026-08-08 13:28:17 | team | sess_e96f33690aef | INFO | Session tables ready for session sess_e96f33690aef
2026-08-08 13:28:17 | team | sess_e96f33690aef | INFO | Team database initialized
2026-08-08 13:28:17 | team | default_trace_id | INFO | Team workspace directory ensured at /srv/jwteam_clone/shared/run_current
2026-08-08 13:28:17 | team | default_trace_id | INFO | AgentTeam manager initialized for jiuwen_team_sess_e96f33690aef, member=fullstack1
2026-08-08 13:28:17 | team | default_trace_id | INFO | [fullstack1] TeamPolicyRail static sections: section_names=['team_role', 'team_persona']
2026-08-08 13:28:17 | team | sess_e96f33690aef | INFO | [fullstack1] invoke start, role=teammate
2026-08-08 13:28:17 | team | sess_e96f33690aef | INFO | [fullstack1] coordination starting
2026-08-08 13:28:17 | team | sess_e96f33690aef | INFO | Session tables ready for session sess_e96f33690aef
2026-08-08 13:28:17 | team | sess_e96f33690aef | INFO | Workspace /srv/jwteam_clone/shared/run_current initialized as plain shared directory (version_control disabled)
2026-08-08 13:28:17 | team | sess_e96f33690aef | INFO | EventBus[teammate] starting
2026-08-08 13:28:55 | team | sess_e96f33690aef | INFO | [fullstack1] HITT section refresh: human_agent_names=[]
2026-08-08 13:29:08 | team | sess_e96f33690aef | INFO | [fullstack1] processing 1 unread messages (steer=True)
2026-08-08 13:29:08 | team | sess_e96f33690aef | INFO | Message 2ac0655c-4708-4f5d-b85a-23b665dfee5a marked as read by fullstack1
2026-08-08 13:30:38 | team | sess_e96f33690aef | INFO | Task p5-implement claimed by member fullstack1
2026-08-08 13:30:38 | team | sess_e96f33690aef | INFO | Task p5-implement claimed by member fullstack1
2026-08-08 13:31:07 | team | sess_e96f33690aef | INFO | [fullstack1] processing 1 unread messages (steer=True)
2026-08-08 13:31:07 | team | sess_e96f33690aef | INFO | Message e43bb35f-1aad-4a4c-bdf5-ffcabdd683ea marked as read by fullstack1
2026-08-08 13:31:27 | team | sess_e96f33690aef | INFO | Message 095228b2-3afd-43e2-9624-6c5bb549219e created
2026-08-08 13:31:53 | team | sess_e96f33690aef | INFO | [fullstack1] processing 1 unread messages (steer=True)
2026-08-08 13:31:53 | team | sess_e96f33690aef | INFO | Message 05a1f9af-8d54-4a04-9e06-fd85ddd407db marked as read by fullstack1
2026-08-08 13:32:03 | team | sess_e96f33690aef | INFO | Message 4f0da282-5280-4977-b8aa-0e061e62f2c3 created
2026-08-08 13:32:03 | team | sess_e96f33690aef | INFO | Message c6f5a0ef-95de-4de3-9839-2dc89c5df42c created
2026-08-08 13:32:13 | team | sess_e96f33690aef | INFO | [fullstack1] processing 1 unread messages (steer=True)
2026-08-08 13:32:13 | team | sess_e96f33690aef | INFO | Message eacbbddd-48fd-473b-b742-92b12931430d marked as read by fullstack1
2026-08-08 13:32:21 | team | sess_e96f33690aef | INFO | [fullstack1] processing 1 unread messages (steer=True)
2026-08-08 13:32:21 | team | sess_e96f33690aef | INFO | Message 269c5b49-9f04-4115-8bf3-e9c85fffddb9 marked as read by fullstack1
2026-08-08 13:45:30 | team | sess_e96f33690aef | INFO | task list drained for team jiuwen_team_sess_e96f33690aef: 6 terminal task(s)
2026-08-08 13:45:41 | team | sess_e96f33690aef | INFO | [fullstack1] processing 1 unread messages (steer=True)
2026-08-08 13:45:41 | team | sess_e96f33690aef | INFO | Message c00986b4-1270-43a7-95a4-3f1748232113 marked as read by fullstack1
2026-08-08 13:46:02 | team | sess_e96f33690aef | INFO | team jiuwen_team_sess_e96f33690aef reported completed: 9 members, 6 tasks
2026-08-08 13:46:04 | team | sess_e96f33690aef | INFO | [fullstack1] received TEAM_STANDBY, pausing polls
2026-08-08 13:46:04 | team | sess_e96f33690aef | INFO | EventBus[teammate] pausing polls
