2026-08-08 13:28:14 | team | sess_e96f33690aef | INFO | Team workspace directory ensured at /srv/jwteam_clone/shared/run_current
2026-08-08 13:28:14 | team | sess_e96f33690aef | INFO | AgentTeam manager initialized for jiuwen_team_sess_e96f33690aef, member=team_leader
2026-08-08 13:28:14 | team | sess_e96f33690aef | INFO | [team_leader] TeamPolicyRail static sections: section_names=['team_role', 'team_workflow', 'team_swarmflow', 'team_lifecycle', 'team_persona']
2026-08-08 13:28:14 | team | sess_e96f33690aef | INFO | Session tables ready for session sess_e96f33690aef
2026-08-08 13:28:14 | team | sess_e96f33690aef | INFO | Team database initialized
2026-08-08 13:28:14 | team | default_trace_id | INFO | Team workspace directory ensured at /srv/jwteam_clone/shared/run_current
2026-08-08 13:28:14 | team | default_trace_id | INFO | AgentTeam manager initialized for jiuwen_team_sess_e96f33690aef, member=executor3
2026-08-08 13:28:14 | team | default_trace_id | INFO | [executor3] TeamPolicyRail static sections: section_names=['team_role', 'team_persona']
2026-08-08 13:28:14 | team | sess_e96f33690aef | INFO | [executor3] invoke start, role=teammate
2026-08-08 13:28:14 | team | sess_e96f33690aef | INFO | [executor3] coordination starting
2026-08-08 13:28:14 | team | sess_e96f33690aef | INFO | Session tables ready for session sess_e96f33690aef
2026-08-08 13:28:14 | team | sess_e96f33690aef | INFO | Workspace /srv/jwteam_clone/shared/run_current initialized as plain shared directory (version_control disabled)
2026-08-08 13:28:14 | team | sess_e96f33690aef | INFO | EventBus[teammate] starting
2026-08-08 13:28:55 | team | sess_e96f33690aef | INFO | [executor3] HITT section refresh: human_agent_names=[]
2026-08-08 13:29:08 | team | sess_e96f33690aef | INFO | [executor3] processing 1 unread messages (steer=True)
2026-08-08 13:29:08 | team | sess_e96f33690aef | INFO | Message 2ac0655c-4708-4f5d-b85a-23b665dfee5a marked as read by executor3
2026-08-08 13:29:34 | team | sess_e96f33690aef | INFO | Message b478aa7d-309a-40d1-97de-552c79c63c2f created
2026-08-08 13:29:43 | team | sess_e96f33690aef | INFO | [executor3] processing 1 unread messages (steer=True)
2026-08-08 13:29:43 | team | sess_e96f33690aef | INFO | Message 63ffeeb6-3a84-4374-be8f-a2a9800b2504 marked as read by executor3
2026-08-08 13:29:47 | team | sess_e96f33690aef | INFO | Message 05e9d9fd-4faa-413e-b2c9-e40efb1e5c58 created
2026-08-08 13:45:30 | team | sess_e96f33690aef | INFO | task list drained for team jiuwen_team_sess_e96f33690aef: 6 terminal task(s)
2026-08-08 13:45:41 | team | sess_e96f33690aef | INFO | [executor3] processing 1 unread messages (steer=True)
2026-08-08 13:45:41 | team | sess_e96f33690aef | INFO | Message c00986b4-1270-43a7-95a4-3f1748232113 marked as read by executor3
2026-08-08 13:46:02 | team | sess_e96f33690aef | INFO | team jiuwen_team_sess_e96f33690aef reported completed: 9 members, 6 tasks
2026-08-08 13:46:04 | team | sess_e96f33690aef | INFO | [executor3] received TEAM_STANDBY, pausing polls
2026-08-08 13:46:04 | team | sess_e96f33690aef | INFO | EventBus[teammate] pausing polls
