2026-08-08 21:44:04 | team | sess_85f1bfb1f143 | INFO | Team workspace directory ensured at /srv/jwteam_clone/shared/run_current
2026-08-08 21:44:04 | team | sess_85f1bfb1f143 | INFO | AgentTeam manager initialized for jiuwen_team_sess_85f1bfb1f143, member=team_leader
2026-08-08 21:44:04 | team | sess_85f1bfb1f143 | INFO | [team_leader] TeamPolicyRail static sections: section_names=['team_role', 'team_workflow', 'team_swarmflow', 'team_lifecycle', 'team_persona']
2026-08-08 21:44:04 | team | sess_85f1bfb1f143 | INFO | Session tables ready for session sess_85f1bfb1f143
2026-08-08 21:44:04 | team | sess_85f1bfb1f143 | INFO | Team database initialized
2026-08-08 21:44:04 | team | default_trace_id | INFO | Team workspace directory ensured at /srv/jwteam_clone/shared/run_current
2026-08-08 21:44:04 | team | default_trace_id | INFO | AgentTeam manager initialized for jiuwen_team_sess_85f1bfb1f143, member=planner1
2026-08-08 21:44:04 | team | default_trace_id | INFO | [planner1] TeamPolicyRail static sections: section_names=['team_role', 'team_persona']
2026-08-08 21:44:04 | team | sess_85f1bfb1f143 | INFO | [planner1] invoke start, role=teammate
2026-08-08 21:44:04 | team | sess_85f1bfb1f143 | INFO | [planner1] coordination starting
2026-08-08 21:44:04 | team | sess_85f1bfb1f143 | INFO | Session tables ready for session sess_85f1bfb1f143
2026-08-08 21:44:04 | team | sess_85f1bfb1f143 | INFO | Workspace /srv/jwteam_clone/shared/run_current initialized as plain shared directory (version_control disabled)
2026-08-08 21:44:04 | team | sess_85f1bfb1f143 | INFO | EventBus[teammate] starting
2026-08-08 21:44:46 | team | sess_85f1bfb1f143 | INFO | [planner1] HITT section refresh: human_agent_names=[]
2026-08-08 21:44:56 | team | sess_85f1bfb1f143 | INFO | [planner1] processing 1 unread messages (steer=True)
2026-08-08 21:44:56 | team | sess_85f1bfb1f143 | INFO | Message 9fe87810-eb57-40fa-acf0-644b578394f6 marked as read by planner1
2026-08-08 21:45:22 | team | sess_85f1bfb1f143 | INFO | Message 12a7c69a-0e44-4907-9ca6-52909ab351c8 created
2026-08-08 21:45:31 | team | sess_85f1bfb1f143 | INFO | Message 71553ee4-a2f8-4028-85d1-fd07ade094ff created
2026-08-08 21:45:44 | team | sess_85f1bfb1f143 | INFO | [planner1] processing 1 unread messages (steer=True)
2026-08-08 21:45:44 | team | sess_85f1bfb1f143 | INFO | Message 0ff67d69-d075-4b6a-a88c-175f6500c730 marked as read by planner1
2026-08-08 21:45:52 | team | sess_85f1bfb1f143 | INFO | Message db98c452-8291-4090-b8cc-850c6aa6da10 created
2026-08-08 21:45:56 | team | sess_85f1bfb1f143 | INFO | Task plan-config-system-v2 claimed by member planner1
2026-08-08 21:45:56 | team | sess_85f1bfb1f143 | INFO | Task plan-config-system-v2 claimed by member planner1
2026-08-08 21:46:14 | team | sess_85f1bfb1f143 | INFO | [planner1] processing 1 unread messages (steer=True)
2026-08-08 21:46:14 | team | sess_85f1bfb1f143 | INFO | Message d35ee2f2-461d-47f6-a93b-ecb52cadfb79 marked as read by planner1
2026-08-08 21:47:05 | team | sess_85f1bfb1f143 | INFO | Message f9f99200-ad18-434f-b4e6-24f89236a32f created
2026-08-08 21:47:09 | team | sess_85f1bfb1f143 | INFO | Task plan-config-system-v2 completed at 1786222029157
2026-08-08 21:47:09 | team | sess_85f1bfb1f143 | INFO | Task plan-config-system-v2 completed
2026-08-08 21:47:16 | team | sess_85f1bfb1f143 | INFO | Message 49816219-9004-4b54-9b88-d1401e751e24 created
2026-08-08 21:50:14 | team | sess_85f1bfb1f143 | INFO | task list drained for team jiuwen_team_sess_85f1bfb1f143: 4 terminal task(s)
2026-08-08 21:50:28 | team | sess_85f1bfb1f143 | INFO | [planner1] processing 1 unread messages (steer=True)
2026-08-08 21:50:28 | team | sess_85f1bfb1f143 | INFO | Message 3e8fac48-67cd-418e-8b8c-0a8e5e1fec2a marked as read by planner1
2026-08-08 21:50:43 | team | sess_85f1bfb1f143 | INFO | team jiuwen_team_sess_85f1bfb1f143 reported completed: 9 members, 4 tasks
2026-08-08 21:50:43 | team | sess_85f1bfb1f143 | INFO | [planner1] received TEAM_STANDBY, pausing polls
2026-08-08 21:50:43 | team | sess_85f1bfb1f143 | INFO | EventBus[teammate] pausing polls
