2026-08-08 21:44:05 | team | sess_85f1bfb1f143 | INFO | Team workspace directory ensured at /srv/jwteam_clone/shared/run_current
2026-08-08 21:44:05 | team | sess_85f1bfb1f143 | INFO | AgentTeam manager initialized for jiuwen_team_sess_85f1bfb1f143, member=team_leader
2026-08-08 21:44:05 | team | sess_85f1bfb1f143 | INFO | [team_leader] TeamPolicyRail static sections: section_names=['team_role', 'team_workflow', 'team_swarmflow', 'team_lifecycle', 'team_persona']
2026-08-08 21:44:05 | team | sess_85f1bfb1f143 | INFO | Session tables ready for session sess_85f1bfb1f143
2026-08-08 21:44:05 | team | sess_85f1bfb1f143 | INFO | Team database initialized
2026-08-08 21:44:05 | team | default_trace_id | INFO | Team workspace directory ensured at /srv/jwteam_clone/shared/run_current
2026-08-08 21:44:05 | team | default_trace_id | INFO | AgentTeam manager initialized for jiuwen_team_sess_85f1bfb1f143, member=planner2
2026-08-08 21:44:05 | team | default_trace_id | INFO | [planner2] TeamPolicyRail static sections: section_names=['team_role', 'team_persona']
2026-08-08 21:44:05 | team | sess_85f1bfb1f143 | INFO | [planner2] invoke start, role=teammate
2026-08-08 21:44:05 | team | sess_85f1bfb1f143 | INFO | [planner2] coordination starting
2026-08-08 21:44:05 | team | sess_85f1bfb1f143 | INFO | Session tables ready for session sess_85f1bfb1f143
2026-08-08 21:44:05 | team | sess_85f1bfb1f143 | INFO | Workspace /srv/jwteam_clone/shared/run_current initialized as plain shared directory (version_control disabled)
2026-08-08 21:44:05 | team | sess_85f1bfb1f143 | INFO | EventBus[teammate] starting
2026-08-08 21:44:46 | team | sess_85f1bfb1f143 | INFO | [planner2] HITT section refresh: human_agent_names=[]
2026-08-08 21:44:52 | team | sess_85f1bfb1f143 | INFO | Task plan-config-system claimed by member planner2
2026-08-08 21:44:52 | team | sess_85f1bfb1f143 | INFO | Task plan-config-system claimed by member planner2
2026-08-08 21:44:56 | team | sess_85f1bfb1f143 | INFO | [planner2] processing 1 unread messages (steer=True)
2026-08-08 21:44:56 | team | sess_85f1bfb1f143 | INFO | Message 9fe87810-eb57-40fa-acf0-644b578394f6 marked as read by planner2
2026-08-08 21:45:05 | team | sess_85f1bfb1f143 | INFO | Task plan-config-system completed at 1786221905275
2026-08-08 21:45:05 | team | sess_85f1bfb1f143 | INFO | Resolved 1 dependencies for task plan-config-system
2026-08-08 21:45:05 | team | sess_85f1bfb1f143 | INFO | Task implement-config-system unblocked (all deps resolved)
2026-08-08 21:45:05 | team | sess_85f1bfb1f143 | INFO | Task plan-config-system completed
2026-08-08 21:45:05 | team | sess_85f1bfb1f143 | INFO | Unblocked 1 tasks
2026-08-08 21:45:13 | team | sess_85f1bfb1f143 | INFO | Message 7283f88a-9a62-4f6c-8e02-3cad395b2a28 created
2026-08-08 21:45:31 | team | sess_85f1bfb1f143 | INFO | [planner2] processing 1 unread messages (steer=True)
2026-08-08 21:45:31 | team | sess_85f1bfb1f143 | INFO | Message 71553ee4-a2f8-4028-85d1-fd07ade094ff marked as read by planner2
2026-08-08 21:45:44 | team | sess_85f1bfb1f143 | INFO | Message 0ff67d69-d075-4b6a-a88c-175f6500c730 created
2026-08-08 21:45:52 | team | sess_85f1bfb1f143 | INFO | [planner2] processing 1 unread messages (steer=True)
2026-08-08 21:45:52 | team | sess_85f1bfb1f143 | INFO | Message db98c452-8291-4090-b8cc-850c6aa6da10 marked as read by planner2
2026-08-08 21:46:10 | team | sess_85f1bfb1f143 | INFO | Message 4b9cacc0-79b5-4062-9a16-84e05cad0878 created
2026-08-08 21:46:14 | team | sess_85f1bfb1f143 | INFO | [planner2] processing 1 unread messages (steer=True)
2026-08-08 21:46:14 | team | sess_85f1bfb1f143 | INFO | Message b8b8688c-cbaf-42e4-81db-607581bd7bd9 marked as read by planner2
2026-08-08 21:46:20 | team | sess_85f1bfb1f143 | INFO | Message b8a9fd02-3583-47fb-9dc5-b44f17a0f58d created
2026-08-08 21:50:14 | team | sess_85f1bfb1f143 | INFO | task list drained for team jiuwen_team_sess_85f1bfb1f143: 4 terminal task(s)
2026-08-08 21:50:28 | team | sess_85f1bfb1f143 | INFO | [planner2] processing 1 unread messages (steer=True)
2026-08-08 21:50:28 | team | sess_85f1bfb1f143 | INFO | Message 3e8fac48-67cd-418e-8b8c-0a8e5e1fec2a marked as read by planner2
2026-08-08 21:50:43 | team | sess_85f1bfb1f143 | INFO | team jiuwen_team_sess_85f1bfb1f143 reported completed: 9 members, 4 tasks
2026-08-08 21:50:43 | team | sess_85f1bfb1f143 | INFO | [planner2] received TEAM_STANDBY, pausing polls
2026-08-08 21:50:43 | team | sess_85f1bfb1f143 | INFO | EventBus[teammate] pausing polls
