2026-08-08 21:44:06 | team | sess_85f1bfb1f143 | INFO | Team workspace directory ensured at /srv/jwteam_clone/shared/run_current
2026-08-08 21:44:06 | team | sess_85f1bfb1f143 | INFO | AgentTeam manager initialized for jiuwen_team_sess_85f1bfb1f143, member=team_leader
2026-08-08 21:44:06 | team | sess_85f1bfb1f143 | INFO | [team_leader] TeamPolicyRail static sections: section_names=['team_role', 'team_workflow', 'team_swarmflow', 'team_lifecycle', 'team_persona']
2026-08-08 21:44:06 | team | sess_85f1bfb1f143 | INFO | Session tables ready for session sess_85f1bfb1f143
2026-08-08 21:44:06 | team | sess_85f1bfb1f143 | INFO | Team database initialized
2026-08-08 21:44:06 | team | default_trace_id | INFO | Team workspace directory ensured at /srv/jwteam_clone/shared/run_current
2026-08-08 21:44:06 | team | default_trace_id | INFO | AgentTeam manager initialized for jiuwen_team_sess_85f1bfb1f143, member=executor1
2026-08-08 21:44:06 | team | default_trace_id | INFO | [executor1] TeamPolicyRail static sections: section_names=['team_role', 'team_persona']
2026-08-08 21:44:06 | team | sess_85f1bfb1f143 | INFO | [executor1] invoke start, role=teammate
2026-08-08 21:44:06 | team | sess_85f1bfb1f143 | INFO | [executor1] coordination starting
2026-08-08 21:44:06 | team | sess_85f1bfb1f143 | INFO | Session tables ready for session sess_85f1bfb1f143
2026-08-08 21:44:06 | team | sess_85f1bfb1f143 | INFO | Workspace /srv/jwteam_clone/shared/run_current initialized as plain shared directory (version_control disabled)
2026-08-08 21:44:06 | team | sess_85f1bfb1f143 | INFO | EventBus[teammate] starting
2026-08-08 21:44:46 | team | sess_85f1bfb1f143 | INFO | [executor1] HITT section refresh: human_agent_names=[]
2026-08-08 21:44:56 | team | sess_85f1bfb1f143 | INFO | [executor1] processing 1 unread messages (steer=True)
2026-08-08 21:44:56 | team | sess_85f1bfb1f143 | INFO | Message 9fe87810-eb57-40fa-acf0-644b578394f6 marked as read by executor1
2026-08-08 21:45:16 | team | sess_85f1bfb1f143 | INFO | Task implement-config-system claimed by member executor1
2026-08-08 21:45:16 | team | sess_85f1bfb1f143 | INFO | Task implement-config-system claimed by member executor1
2026-08-08 21:47:05 | team | sess_85f1bfb1f143 | INFO | [executor1] processing 1 unread messages (steer=True)
2026-08-08 21:47:05 | team | sess_85f1bfb1f143 | INFO | Message f9f99200-ad18-434f-b4e6-24f89236a32f marked as read by executor1
2026-08-08 21:48:15 | team | sess_85f1bfb1f143 | INFO | Task implement-config-system completed at 1786222095574
2026-08-08 21:48:15 | team | sess_85f1bfb1f143 | INFO | Message 1e4d51b7-6bb3-408b-b038-09bb603866aa created
2026-08-08 21:48:15 | team | sess_85f1bfb1f143 | INFO | Resolved 1 dependencies for task implement-config-system
2026-08-08 21:48:15 | team | sess_85f1bfb1f143 | INFO | Task verify-config-system unblocked (all deps resolved)
2026-08-08 21:48:15 | team | sess_85f1bfb1f143 | INFO | Task implement-config-system completed
2026-08-08 21:48:15 | team | sess_85f1bfb1f143 | INFO | Unblocked 1 tasks
2026-08-08 21:50:14 | team | sess_85f1bfb1f143 | INFO | task list drained for team jiuwen_team_sess_85f1bfb1f143: 4 terminal task(s)
2026-08-08 21:50:26 | team | sess_85f1bfb1f143 | INFO | [executor1] processing 1 unread messages (steer=True)
2026-08-08 21:50:26 | team | sess_85f1bfb1f143 | INFO | Message b9b357b8-77b5-466a-8131-139afa7dcabf marked as read by executor1
2026-08-08 21:50:28 | team | sess_85f1bfb1f143 | INFO | [executor1] processing 1 unread messages (steer=True)
2026-08-08 21:50:28 | team | sess_85f1bfb1f143 | INFO | Message 3e8fac48-67cd-418e-8b8c-0a8e5e1fec2a marked as read by executor1
2026-08-08 21:50:43 | team | sess_85f1bfb1f143 | INFO | team jiuwen_team_sess_85f1bfb1f143 reported completed: 9 members, 4 tasks
2026-08-08 21:50:43 | team | sess_85f1bfb1f143 | INFO | [executor1] received TEAM_STANDBY, pausing polls
2026-08-08 21:50:43 | team | sess_85f1bfb1f143 | INFO | EventBus[teammate] pausing polls
