2026-08-10 02:17:07 | team | sess_911e472d6aec | INFO | Team workspace directory ensured at /srv/jwteam_clone/shared/run_current
2026-08-10 02:17:07 | team | sess_911e472d6aec | INFO | AgentTeam manager initialized for jiuwen_team_sess_911e472d6aec, member=team_leader
2026-08-10 02:17:07 | team | sess_911e472d6aec | INFO | [team_leader] TeamPolicyRail static sections: section_names=['team_role', 'team_workflow', 'team_swarmflow', 'team_lifecycle', 'team_persona']
2026-08-10 02:17:07 | team | sess_911e472d6aec | INFO | Session tables ready for session sess_911e472d6aec
2026-08-10 02:17:07 | team | sess_911e472d6aec | INFO | Team database initialized
2026-08-10 02:17:07 | team | default_trace_id | INFO | Team workspace directory ensured at /srv/jwteam_clone/shared/run_current
2026-08-10 02:17:07 | team | default_trace_id | INFO | AgentTeam manager initialized for jiuwen_team_sess_911e472d6aec, member=planner2
2026-08-10 02:17:07 | team | default_trace_id | INFO | [planner2] TeamPolicyRail static sections: section_names=['team_role', 'team_persona']
2026-08-10 02:17:07 | team | sess_911e472d6aec | INFO | [planner2] invoke start, role=teammate
2026-08-10 02:17:07 | team | sess_911e472d6aec | INFO | [planner2] coordination starting
2026-08-10 02:17:07 | team | sess_911e472d6aec | INFO | Session tables ready for session sess_911e472d6aec
2026-08-10 02:17:07 | team | sess_911e472d6aec | INFO | Workspace /srv/jwteam_clone/shared/run_current initialized as plain shared directory (version_control disabled)
2026-08-10 02:17:07 | team | sess_911e472d6aec | INFO | EventBus[teammate] starting
2026-08-10 02:17:32 | team | sess_911e472d6aec | INFO | [planner2] HITT section refresh: human_agent_names=[]
2026-08-10 02:17:42 | team | sess_911e472d6aec | INFO | [planner2] processing 1 unread messages (steer=True)
2026-08-10 02:17:42 | team | sess_911e472d6aec | INFO | Message 2ffd87a8-3934-4fbb-9ece-b840d3d36cf6 marked as read by planner2
2026-08-10 02:18:07 | team | sess_911e472d6aec | INFO | Message 1986c9c8-1c18-4fea-a274-5cedfdbef21e created
2026-08-10 02:18:33 | team | sess_911e472d6aec | INFO | [planner2] processing 1 unread messages (steer=True)
2026-08-10 02:18:33 | team | sess_911e472d6aec | INFO | Message 2995d46c-da61-4557-a34e-777dfb852c95 marked as read by planner2
2026-08-10 02:19:04 | team | sess_911e472d6aec | INFO | Message 31f54a1e-2cea-4a53-85aa-a1cf99cafebb created
2026-08-10 02:19:21 | team | sess_911e472d6aec | INFO | [planner2] processing 1 unread messages (steer=True)
2026-08-10 02:19:21 | team | sess_911e472d6aec | INFO | Message 3461ad38-5fe1-417f-8634-63c2d18d778a marked as read by planner2
2026-08-10 02:19:37 | team | sess_911e472d6aec | INFO | Message c19322f9-6288-45f1-a9b5-eaf8fa1f55a5 created
2026-08-10 02:19:55 | team | sess_911e472d6aec | INFO | [planner2] processing 1 unread messages (steer=True)
2026-08-10 02:19:55 | team | sess_911e472d6aec | INFO | Message 0d04bd3a-1bd2-4b39-9d7b-053fd5f20f62 marked as read by planner2
2026-08-10 02:20:14 | team | sess_911e472d6aec | INFO | Message 6a8ee6e1-df3b-4421-a2c3-b2e230980f46 created
2026-08-10 02:20:14 | team | sess_911e472d6aec | INFO | Message 6b3b740d-2785-498f-be51-de99f88e16b8 created
2026-08-10 02:20:52 | team | sess_911e472d6aec | INFO | [planner2] processing 1 unread messages (steer=True)
2026-08-10 02:20:52 | team | sess_911e472d6aec | INFO | Message 9f2e03c5-5331-463d-8135-21e4079726f9 marked as read by planner2
2026-08-10 02:21:04 | team | sess_911e472d6aec | INFO | Message ae557717-371f-4f27-bcd4-ed3d99086bf3 created
2026-08-10 02:21:19 | team | sess_911e472d6aec | INFO | [planner2] processing 1 unread messages (steer=True)
2026-08-10 02:21:19 | team | sess_911e472d6aec | INFO | Message cadc1fe5-b32c-4bbb-b4f6-5092cbba8ebb marked as read by planner2
2026-08-10 02:31:13 | team | sess_911e472d6aec | INFO | task list drained for team jiuwen_team_sess_911e472d6aec: 3 terminal task(s)
2026-08-10 02:31:23 | team | sess_911e472d6aec | INFO | [planner2] processing 1 unread messages (steer=True)
2026-08-10 02:31:23 | team | sess_911e472d6aec | INFO | Message 7db58519-63ad-4b40-8734-0f4432b36294 marked as read by planner2
2026-08-10 02:31:38 | team | sess_911e472d6aec | INFO | team jiuwen_team_sess_911e472d6aec reported completed: 9 members, 3 tasks
2026-08-10 02:31:38 | team | sess_911e472d6aec | INFO | [planner2] received TEAM_STANDBY, pausing polls
2026-08-10 02:31:38 | team | sess_911e472d6aec | INFO | EventBus[teammate] pausing polls
