2026-08-10 02:17:11 | team | sess_911e472d6aec | INFO | Team workspace directory ensured at /srv/jwteam_clone/shared/run_current
2026-08-10 02:17:11 | team | sess_911e472d6aec | INFO | AgentTeam manager initialized for jiuwen_team_sess_911e472d6aec, member=team_leader
2026-08-10 02:17:11 | team | sess_911e472d6aec | INFO | [team_leader] TeamPolicyRail static sections: section_names=['team_role', 'team_workflow', 'team_swarmflow', 'team_lifecycle', 'team_persona']
2026-08-10 02:17:11 | team | sess_911e472d6aec | INFO | Session tables ready for session sess_911e472d6aec
2026-08-10 02:17:11 | team | sess_911e472d6aec | INFO | Team database initialized
2026-08-10 02:17:11 | team | default_trace_id | INFO | Team workspace directory ensured at /srv/jwteam_clone/shared/run_current
2026-08-10 02:17:11 | team | default_trace_id | INFO | AgentTeam manager initialized for jiuwen_team_sess_911e472d6aec, member=verifier1
2026-08-10 02:17:11 | team | default_trace_id | INFO | [verifier1] TeamPolicyRail static sections: section_names=['team_role', 'team_persona']
2026-08-10 02:17:11 | team | sess_911e472d6aec | INFO | [verifier1] invoke start, role=teammate
2026-08-10 02:17:11 | team | sess_911e472d6aec | INFO | [verifier1] coordination starting
2026-08-10 02:17:11 | team | sess_911e472d6aec | INFO | Session tables ready for session sess_911e472d6aec
2026-08-10 02:17:11 | team | sess_911e472d6aec | INFO | Workspace /srv/jwteam_clone/shared/run_current initialized as plain shared directory (version_control disabled)
2026-08-10 02:17:11 | team | sess_911e472d6aec | INFO | EventBus[teammate] starting
2026-08-10 02:17:32 | team | sess_911e472d6aec | INFO | [verifier1] HITT section refresh: human_agent_names=[]
2026-08-10 02:17:42 | team | sess_911e472d6aec | INFO | [verifier1] processing 1 unread messages (steer=True)
2026-08-10 02:17:42 | team | sess_911e472d6aec | INFO | Message 2ffd87a8-3934-4fbb-9ece-b840d3d36cf6 marked as read by verifier1
2026-08-10 02:18:27 | team | sess_911e472d6aec | INFO | Message cbe094b6-daa3-4707-9706-04ae99f94337 created
2026-08-10 02:19:06 | team | sess_911e472d6aec | INFO | [verifier1] processing 1 unread messages (steer=True)
2026-08-10 02:19:06 | team | sess_911e472d6aec | INFO | Message 40e56818-48b1-458e-9760-f1451f51738e marked as read by verifier1
2026-08-10 02:19:17 | team | sess_911e472d6aec | INFO | Message 73987bbe-7314-463a-8dc0-067fa7c39bf9 created
2026-08-10 02:20:10 | team | sess_911e472d6aec | INFO | [verifier1] processing 1 unread messages (steer=True)
2026-08-10 02:20:10 | team | sess_911e472d6aec | INFO | Message f1ebd0d5-0ccb-4cdc-93a3-cfb44cdaafb7 marked as read by verifier1
2026-08-10 02:20:11 | team | sess_911e472d6aec | INFO | [verifier1] processing 1 unread messages (steer=True)
2026-08-10 02:20:11 | team | sess_911e472d6aec | INFO | Message 9dd3243d-7893-4a3d-bee8-4ccc52aac5f1 marked as read by verifier1
2026-08-10 02:20:14 | team | sess_911e472d6aec | INFO | [verifier1] processing 1 unread messages (steer=True)
2026-08-10 02:20:14 | team | sess_911e472d6aec | INFO | Message 6b3b740d-2785-498f-be51-de99f88e16b8 marked as read by verifier1
2026-08-10 02:20:15 | team | sess_911e472d6aec | INFO | [verifier1] received TASK_CLAIMED for self, task_id=verify, human_agent=False
2026-08-10 02:20:51 | team | sess_911e472d6aec | INFO | [verifier1] processing 1 unread messages (steer=True)
2026-08-10 02:20:51 | team | sess_911e472d6aec | INFO | Message 8935220e-c143-4a25-8f1b-0934e59248f5 marked as read by verifier1
2026-08-10 02:20:52 | team | sess_911e472d6aec | INFO | Message 070eb5c3-cb7a-4a52-84bc-ac1c75f9014f created
2026-08-10 02:20:52 | team | sess_911e472d6aec | INFO | Message 0d96a13a-59fe-4d24-b6c2-0c5f929b2de6 created
2026-08-10 02:20:52 | team | sess_911e472d6aec | INFO | Message 9f2e03c5-5331-463d-8135-21e4079726f9 created
2026-08-10 02:20:57 | team | sess_911e472d6aec | INFO | [verifier1] processing 1 unread messages (steer=True)
2026-08-10 02:20:57 | team | sess_911e472d6aec | INFO | Message 089a5e48-ff74-4f70-b8fc-067fcfd36d8f marked as read by verifier1
2026-08-10 02:21:01 | team | sess_911e472d6aec | INFO | Message 8d8c0c66-78df-4146-8d74-400d05587b2f created
2026-08-10 02:21:04 | team | sess_911e472d6aec | INFO | [verifier1] processing 1 unread messages (steer=True)
2026-08-10 02:21:04 | team | sess_911e472d6aec | INFO | Message ae557717-371f-4f27-bcd4-ed3d99086bf3 marked as read by verifier1
2026-08-10 02:21:10 | team | sess_911e472d6aec | INFO | Message 3383d52e-8da2-49b4-a1d0-8a0e495b0eda created
2026-08-10 02:21:14 | team | sess_911e472d6aec | INFO | [verifier1] processing 1 unread messages (steer=True)
2026-08-10 02:21:14 | team | sess_911e472d6aec | INFO | Message d0f33ee8-5d58-4a2a-bf2e-3da7d9a19d03 marked as read by verifier1
2026-08-10 02:21:19 | team | sess_911e472d6aec | INFO | Message cadc1fe5-b32c-4bbb-b4f6-5092cbba8ebb created
2026-08-10 02:21:28 | team | sess_911e472d6aec | INFO | [verifier1] processing 1 unread messages (steer=True)
2026-08-10 02:21:28 | team | sess_911e472d6aec | INFO | Message a44f921e-05a5-4399-957c-b0ca482f4fab marked as read by verifier1
2026-08-10 02:21:46 | team | sess_911e472d6aec | INFO | Message 0bed6d62-028d-4921-ad42-b813f2bf8b9b created
2026-08-10 02:22:20 | team | sess_911e472d6aec | INFO | [verifier1] processing 1 unread messages (steer=True)
2026-08-10 02:22:20 | team | sess_911e472d6aec | INFO | Message 953cf2ef-feba-4c6d-9875-7874a2b04458 marked as read by verifier1
2026-08-10 02:22:34 | team | sess_911e472d6aec | INFO | Message 5d6cfea0-d7aa-4f09-b610-548bd38ad889 created
2026-08-10 02:23:19 | team | sess_911e472d6aec | INFO | Message 02941c1e-096e-40e8-8c70-c746676c382d created
2026-08-10 02:23:19 | team | sess_911e472d6aec | INFO | Message 884498b2-217f-4364-970f-fe6ee3a42af1 created
2026-08-10 02:30:38 | team | sess_911e472d6aec | INFO | [verifier1] processing 1 unread messages (steer=True)
2026-08-10 02:30:38 | team | sess_911e472d6aec | INFO | Message 1a327d01-01aa-4f53-a02b-16db84473efc marked as read by verifier1
2026-08-10 02:30:41 | team | sess_911e472d6aec | INFO | [verifier1] self-nudged stale claimed task verify
2026-08-10 02:30:50 | team | sess_911e472d6aec | INFO | Message 10b06276-319b-4150-b8de-c5fd61d48946 created
2026-08-10 02:30:57 | team | sess_911e472d6aec | INFO | [verifier1] processing 1 unread messages (steer=True)
2026-08-10 02:30:57 | team | sess_911e472d6aec | INFO | Message 724b263b-5139-481e-b283-c8019e7b4243 marked as read by verifier1
2026-08-10 02:31:13 | team | sess_911e472d6aec | INFO | Task verify completed at 1786325473929
2026-08-10 02:31:13 | team | sess_911e472d6aec | INFO | Task verify completed
2026-08-10 02:31:22 | team | sess_911e472d6aec | INFO | Message 02f5f492-1f65-4ff8-b295-df460a22e439 created
2026-08-10 02:31:23 | team | sess_911e472d6aec | INFO | [verifier1] processing 1 unread messages (steer=True)
2026-08-10 02:31:23 | team | sess_911e472d6aec | INFO | Message 7db58519-63ad-4b40-8734-0f4432b36294 marked as read by verifier1
2026-08-10 02:31:38 | team | sess_911e472d6aec | INFO | team jiuwen_team_sess_911e472d6aec reported completed: 9 members, 3 tasks
2026-08-10 02:31:38 | team | sess_911e472d6aec | INFO | [verifier1] received TEAM_STANDBY, pausing polls
2026-08-10 02:31:38 | team | sess_911e472d6aec | INFO | EventBus[teammate] pausing polls
