2026-08-10 02:17:06 | team | sess_911e472d6aec | INFO | Team workspace directory ensured at /srv/jwteam_clone/shared/run_current
2026-08-10 02:17:06 | team | sess_911e472d6aec | INFO | AgentTeam manager initialized for jiuwen_team_sess_911e472d6aec, member=team_leader
2026-08-10 02:17:06 | team | sess_911e472d6aec | INFO | [team_leader] TeamPolicyRail static sections: section_names=['team_role', 'team_workflow', 'team_swarmflow', 'team_lifecycle', 'team_persona']
2026-08-10 02:17:06 | team | sess_911e472d6aec | INFO | Session tables ready for session sess_911e472d6aec
2026-08-10 02:17:06 | team | sess_911e472d6aec | INFO | Team database initialized
2026-08-10 02:17:06 | team | default_trace_id | INFO | Team workspace directory ensured at /srv/jwteam_clone/shared/run_current
2026-08-10 02:17:06 | team | default_trace_id | INFO | AgentTeam manager initialized for jiuwen_team_sess_911e472d6aec, member=planner1
2026-08-10 02:17:06 | team | default_trace_id | INFO | [planner1] TeamPolicyRail static sections: section_names=['team_role', 'team_persona']
2026-08-10 02:17:06 | team | sess_911e472d6aec | INFO | [planner1] invoke start, role=teammate
2026-08-10 02:17:06 | team | sess_911e472d6aec | INFO | [planner1] coordination starting
2026-08-10 02:17:06 | team | sess_911e472d6aec | INFO | Session tables ready for session sess_911e472d6aec
2026-08-10 02:17:06 | team | sess_911e472d6aec | INFO | Workspace /srv/jwteam_clone/shared/run_current initialized as plain shared directory (version_control disabled)
2026-08-10 02:17:06 | team | sess_911e472d6aec | INFO | EventBus[teammate] starting
2026-08-10 02:17:32 | team | sess_911e472d6aec | INFO | [planner1] HITT section refresh: human_agent_names=[]
2026-08-10 02:17:41 | team | sess_911e472d6aec | INFO | Task plan claimed by member planner1
2026-08-10 02:17:41 | team | sess_911e472d6aec | INFO | Task plan claimed by member planner1
2026-08-10 02:17:42 | team | sess_911e472d6aec | INFO | [planner1] processing 1 unread messages (steer=True)
2026-08-10 02:17:42 | team | sess_911e472d6aec | INFO | Message 2ffd87a8-3934-4fbb-9ece-b840d3d36cf6 marked as read by planner1
2026-08-10 02:18:08 | team | sess_911e472d6aec | INFO | [planner1] processing 1 unread messages (steer=True)
2026-08-10 02:18:08 | team | sess_911e472d6aec | INFO | Message 1986c9c8-1c18-4fea-a274-5cedfdbef21e marked as read by planner1
2026-08-10 02:18:11 | team | sess_911e472d6aec | INFO | Message 0cc8a9b5-68a7-4903-9961-934c72ff499a created
2026-08-10 02:18:27 | team | sess_911e472d6aec | INFO | [planner1] processing 1 unread messages (steer=True)
2026-08-10 02:18:27 | team | sess_911e472d6aec | INFO | Message cbe094b6-daa3-4707-9706-04ae99f94337 marked as read by planner1
2026-08-10 02:18:30 | team | sess_911e472d6aec | INFO | [planner1] processing 1 unread messages (steer=True)
2026-08-10 02:18:30 | team | sess_911e472d6aec | INFO | Message 0b978ea0-ed04-4d65-bc4d-4acd56a6f8e1 marked as read by planner1
2026-08-10 02:18:33 | team | sess_911e472d6aec | INFO | Message 2995d46c-da61-4557-a34e-777dfb852c95 created
2026-08-10 02:19:04 | team | sess_911e472d6aec | INFO | [planner1] processing 1 unread messages (steer=True)
2026-08-10 02:19:04 | team | sess_911e472d6aec | INFO | Message 31f54a1e-2cea-4a53-85aa-a1cf99cafebb marked as read by planner1
2026-08-10 02:19:06 | team | sess_911e472d6aec | INFO | Message b886b9ec-3c15-43af-8372-23a3041e39e1 created
2026-08-10 02:19:06 | team | sess_911e472d6aec | INFO | Message 40e56818-48b1-458e-9760-f1451f51738e created
2026-08-10 02:19:17 | team | sess_911e472d6aec | INFO | [planner1] processing 1 unread messages (steer=True)
2026-08-10 02:19:17 | team | sess_911e472d6aec | INFO | Message 73987bbe-7314-463a-8dc0-067fa7c39bf9 marked as read by planner1
2026-08-10 02:19:21 | team | sess_911e472d6aec | INFO | Task plan completed at 1786324761472
2026-08-10 02:19:21 | team | sess_911e472d6aec | INFO | Message 3461ad38-5fe1-417f-8634-63c2d18d778a created
2026-08-10 02:19:21 | team | sess_911e472d6aec | INFO | Resolved 1 dependencies for task plan
2026-08-10 02:19:21 | team | sess_911e472d6aec | INFO | Task implement unblocked (all deps resolved)
2026-08-10 02:19:21 | team | sess_911e472d6aec | INFO | Task plan completed
2026-08-10 02:19:21 | team | sess_911e472d6aec | INFO | Unblocked 1 tasks
2026-08-10 02:19:26 | team | sess_911e472d6aec | INFO | [planner1] processing 1 unread messages (steer=True)
2026-08-10 02:19:26 | team | sess_911e472d6aec | INFO | Message a0012d3e-2df7-40ab-a26f-83d424dcffd7 marked as read by planner1
2026-08-10 02:19:37 | team | sess_911e472d6aec | INFO | [planner1] processing 1 unread messages (steer=True)
2026-08-10 02:19:37 | team | sess_911e472d6aec | INFO | Message c19322f9-6288-45f1-a9b5-eaf8fa1f55a5 marked as read by planner1
2026-08-10 02:19:55 | team | sess_911e472d6aec | INFO | Message 0d04bd3a-1bd2-4b39-9d7b-053fd5f20f62 created
2026-08-10 02:19:55 | team | sess_911e472d6aec | INFO | Message 4b468da5-b8bd-4779-a142-70a5bb7fa44b created
2026-08-10 02:20:11 | team | sess_911e472d6aec | INFO | [planner1] processing 1 unread messages (steer=True)
2026-08-10 02:20:11 | team | sess_911e472d6aec | INFO | Message 0f3ff691-d1e4-4fe5-874e-cdc6d3dff6c9 marked as read by planner1
2026-08-10 02:20:14 | team | sess_911e472d6aec | INFO | [planner1] processing 1 unread messages (steer=True)
2026-08-10 02:20:14 | team | sess_911e472d6aec | INFO | Message 6a8ee6e1-df3b-4421-a2c3-b2e230980f46 marked as read by planner1
2026-08-10 02:20:38 | team | sess_911e472d6aec | INFO | Message d67247eb-36f9-457e-a543-fb7e32511c8e created
2026-08-10 02:31:13 | team | sess_911e472d6aec | INFO | task list drained for team jiuwen_team_sess_911e472d6aec: 3 terminal task(s)
2026-08-10 02:31:23 | team | sess_911e472d6aec | INFO | [planner1] processing 1 unread messages (steer=True)
2026-08-10 02:31:23 | team | sess_911e472d6aec | INFO | Message 7db58519-63ad-4b40-8734-0f4432b36294 marked as read by planner1
2026-08-10 02:31:38 | team | sess_911e472d6aec | INFO | team jiuwen_team_sess_911e472d6aec reported completed: 9 members, 3 tasks
2026-08-10 02:31:38 | team | sess_911e472d6aec | INFO | [planner1] received TEAM_STANDBY, pausing polls
2026-08-10 02:31:38 | team | sess_911e472d6aec | INFO | EventBus[teammate] pausing polls
