2026-08-10 02:17:09 | team | sess_911e472d6aec | INFO | Team workspace directory ensured at /srv/jwteam_clone/shared/run_current
2026-08-10 02:17:09 | team | sess_911e472d6aec | INFO | AgentTeam manager initialized for jiuwen_team_sess_911e472d6aec, member=team_leader
2026-08-10 02:17:09 | team | sess_911e472d6aec | INFO | [team_leader] TeamPolicyRail static sections: section_names=['team_role', 'team_workflow', 'team_swarmflow', 'team_lifecycle', 'team_persona']
2026-08-10 02:17:09 | team | sess_911e472d6aec | INFO | Session tables ready for session sess_911e472d6aec
2026-08-10 02:17:09 | team | sess_911e472d6aec | INFO | Team database initialized
2026-08-10 02:17:09 | team | default_trace_id | INFO | Team workspace directory ensured at /srv/jwteam_clone/shared/run_current
2026-08-10 02:17:09 | team | default_trace_id | INFO | AgentTeam manager initialized for jiuwen_team_sess_911e472d6aec, member=executor2
2026-08-10 02:17:09 | team | default_trace_id | INFO | [executor2] TeamPolicyRail static sections: section_names=['team_role', 'team_persona']
2026-08-10 02:17:09 | team | sess_911e472d6aec | INFO | [executor2] invoke start, role=teammate
2026-08-10 02:17:09 | team | sess_911e472d6aec | INFO | [executor2] coordination starting
2026-08-10 02:17:09 | team | sess_911e472d6aec | INFO | Session tables ready for session sess_911e472d6aec
2026-08-10 02:17:09 | team | sess_911e472d6aec | INFO | Workspace /srv/jwteam_clone/shared/run_current initialized as plain shared directory (version_control disabled)
2026-08-10 02:17:09 | team | sess_911e472d6aec | INFO | EventBus[teammate] starting
2026-08-10 02:17:32 | team | sess_911e472d6aec | INFO | [executor2] HITT section refresh: human_agent_names=[]
2026-08-10 02:17:42 | team | sess_911e472d6aec | INFO | [executor2] processing 1 unread messages (steer=True)
2026-08-10 02:17:42 | team | sess_911e472d6aec | INFO | Message 2ffd87a8-3934-4fbb-9ece-b840d3d36cf6 marked as read by executor2
2026-08-10 02:19:40 | team | sess_911e472d6aec | INFO | Message 3f6c213d-fc19-4ae9-9aed-f9c46f37399e created
2026-08-10 02:19:48 | team | sess_911e472d6aec | INFO | [executor2] processing 1 unread messages (steer=True)
2026-08-10 02:19:49 | team | sess_911e472d6aec | INFO | Message 6e06769d-2927-40fc-81b9-40c745ae5826 marked as read by executor2
2026-08-10 02:20:45 | team | sess_911e472d6aec | INFO | Message ddec22b5-161f-4e50-92ee-583c4562796f created
2026-08-10 02:20:51 | team | sess_911e472d6aec | INFO | Message 8935220e-c143-4a25-8f1b-0934e59248f5 created
2026-08-10 02:21:01 | team | sess_911e472d6aec | INFO | [executor2] processing 1 unread messages (steer=True)
2026-08-10 02:21:01 | team | sess_911e472d6aec | INFO | Message 8d8c0c66-78df-4146-8d74-400d05587b2f marked as read by executor2
2026-08-10 02:21:28 | team | sess_911e472d6aec | INFO | Message a44f921e-05a5-4399-957c-b0ca482f4fab created
2026-08-10 02:21:34 | team | sess_911e472d6aec | INFO | Message e672f13b-d81b-45ed-9631-d83410cb3378 created
2026-08-10 02:31:13 | team | sess_911e472d6aec | INFO | task list drained for team jiuwen_team_sess_911e472d6aec: 3 terminal task(s)
2026-08-10 02:31:23 | team | sess_911e472d6aec | INFO | [executor2] processing 1 unread messages (steer=True)
2026-08-10 02:31:23 | team | sess_911e472d6aec | INFO | Message 7db58519-63ad-4b40-8734-0f4432b36294 marked as read by executor2
2026-08-10 02:31:38 | team | sess_911e472d6aec | INFO | team jiuwen_team_sess_911e472d6aec reported completed: 9 members, 3 tasks
2026-08-10 02:31:38 | team | sess_911e472d6aec | INFO | [executor2] received TEAM_STANDBY, pausing polls
2026-08-10 02:31:38 | team | sess_911e472d6aec | INFO | EventBus[teammate] pausing polls
