2026-08-10 02:17:08 | team | sess_911e472d6aec | INFO | Team workspace directory ensured at /srv/jwteam_clone/shared/run_current
2026-08-10 02:17:08 | team | sess_911e472d6aec | INFO | AgentTeam manager initialized for jiuwen_team_sess_911e472d6aec, member=team_leader
2026-08-10 02:17:08 | team | sess_911e472d6aec | INFO | [team_leader] TeamPolicyRail static sections: section_names=['team_role', 'team_workflow', 'team_swarmflow', 'team_lifecycle', 'team_persona']
2026-08-10 02:17:08 | team | sess_911e472d6aec | INFO | Session tables ready for session sess_911e472d6aec
2026-08-10 02:17:08 | team | sess_911e472d6aec | INFO | Team database initialized
2026-08-10 02:17:08 | team | default_trace_id | INFO | Team workspace directory ensured at /srv/jwteam_clone/shared/run_current
2026-08-10 02:17:08 | team | default_trace_id | INFO | AgentTeam manager initialized for jiuwen_team_sess_911e472d6aec, member=executor1
2026-08-10 02:17:08 | team | default_trace_id | INFO | [executor1] TeamPolicyRail static sections: section_names=['team_role', 'team_persona']
2026-08-10 02:17:08 | team | sess_911e472d6aec | INFO | [executor1] invoke start, role=teammate
2026-08-10 02:17:08 | team | sess_911e472d6aec | INFO | [executor1] coordination starting
2026-08-10 02:17:08 | team | sess_911e472d6aec | INFO | Session tables ready for session sess_911e472d6aec
2026-08-10 02:17:08 | team | sess_911e472d6aec | INFO | Workspace /srv/jwteam_clone/shared/run_current initialized as plain shared directory (version_control disabled)
2026-08-10 02:17:08 | team | sess_911e472d6aec | INFO | EventBus[teammate] starting
2026-08-10 02:17:32 | team | sess_911e472d6aec | INFO | [executor1] HITT section refresh: human_agent_names=[]
2026-08-10 02:17:42 | team | sess_911e472d6aec | INFO | [executor1] processing 1 unread messages (steer=True)
2026-08-10 02:17:42 | team | sess_911e472d6aec | INFO | Message 2ffd87a8-3934-4fbb-9ece-b840d3d36cf6 marked as read by executor1
2026-08-10 02:17:58 | team | sess_911e472d6aec | INFO | Message 5ea6d637-6e67-4e76-9153-4804dfd33ad6 created
2026-08-10 02:18:11 | team | sess_911e472d6aec | INFO | [executor1] processing 1 unread messages (steer=True)
2026-08-10 02:18:11 | team | sess_911e472d6aec | INFO | Message 0cc8a9b5-68a7-4903-9961-934c72ff499a marked as read by executor1
2026-08-10 02:18:30 | team | sess_911e472d6aec | INFO | Message 0b978ea0-ed04-4d65-bc4d-4acd56a6f8e1 created
2026-08-10 02:19:06 | team | sess_911e472d6aec | INFO | [executor1] processing 1 unread messages (steer=True)
2026-08-10 02:19:06 | team | sess_911e472d6aec | INFO | Message b886b9ec-3c15-43af-8372-23a3041e39e1 marked as read by executor1
2026-08-10 02:19:26 | team | sess_911e472d6aec | INFO | Message a0012d3e-2df7-40ab-a26f-83d424dcffd7 created
2026-08-10 02:19:27 | team | sess_911e472d6aec | INFO | [executor1] received TASK_CLAIMED for self, task_id=implement, human_agent=False
2026-08-10 02:19:40 | team | sess_911e472d6aec | INFO | [executor1] processing 1 unread messages (steer=True)
2026-08-10 02:19:40 | team | sess_911e472d6aec | INFO | Message 3f6c213d-fc19-4ae9-9aed-f9c46f37399e marked as read by executor1
2026-08-10 02:19:44 | team | sess_911e472d6aec | INFO | [executor1] processing 1 unread messages (steer=True)
2026-08-10 02:19:44 | team | sess_911e472d6aec | INFO | Message 146d2bf2-2a6b-4850-8abd-77b17118dc90 marked as read by executor1
2026-08-10 02:19:48 | team | sess_911e472d6aec | INFO | Message 6e06769d-2927-40fc-81b9-40c745ae5826 created
2026-08-10 02:19:55 | team | sess_911e472d6aec | INFO | [executor1] processing 1 unread messages (steer=True)
2026-08-10 02:19:55 | team | sess_911e472d6aec | INFO | Message 4b468da5-b8bd-4779-a142-70a5bb7fa44b marked as read by executor1
2026-08-10 02:20:00 | team | sess_911e472d6aec | INFO | Message 9104e70c-73ca-425a-9656-6debaa0af1ea created
2026-08-10 02:20:10 | team | sess_911e472d6aec | INFO | Task implement completed at 1786324810518
2026-08-10 02:20:10 | team | sess_911e472d6aec | INFO | Message f1ebd0d5-0ccb-4cdc-93a3-cfb44cdaafb7 created
2026-08-10 02:20:10 | team | sess_911e472d6aec | INFO | Resolved 1 dependencies for task implement
2026-08-10 02:20:10 | team | sess_911e472d6aec | INFO | Task verify unblocked (all deps resolved)
2026-08-10 02:20:10 | team | sess_911e472d6aec | INFO | Task implement completed
2026-08-10 02:20:10 | team | sess_911e472d6aec | INFO | Unblocked 1 tasks
2026-08-10 02:20:29 | team | sess_911e472d6aec | INFO | [executor1] processing 1 unread messages (steer=True)
2026-08-10 02:20:29 | team | sess_911e472d6aec | INFO | Message 8fbb1783-72aa-45f9-9a58-5a636199f29e marked as read by executor1
2026-08-10 02:20:45 | team | sess_911e472d6aec | INFO | [executor1] processing 1 unread messages (steer=True)
2026-08-10 02:20:45 | team | sess_911e472d6aec | INFO | Message ddec22b5-161f-4e50-92ee-583c4562796f marked as read by executor1
2026-08-10 02:20:52 | team | sess_911e472d6aec | INFO | [executor1] processing 1 unread messages (steer=True)
2026-08-10 02:20:52 | team | sess_911e472d6aec | INFO | Message 070eb5c3-cb7a-4a52-84bc-ac1c75f9014f marked as read by executor1
2026-08-10 02:21:14 | team | sess_911e472d6aec | INFO | Message d0f33ee8-5d58-4a2a-bf2e-3da7d9a19d03 created
2026-08-10 02:21:34 | team | sess_911e472d6aec | INFO | [executor1] processing 1 unread messages (steer=True)
2026-08-10 02:21:35 | team | sess_911e472d6aec | INFO | Message e672f13b-d81b-45ed-9631-d83410cb3378 marked as read by executor1
2026-08-10 02:23:19 | team | sess_911e472d6aec | INFO | [executor1] processing 1 unread messages (steer=True)
2026-08-10 02:23:19 | team | sess_911e472d6aec | INFO | Message 884498b2-217f-4364-970f-fe6ee3a42af1 marked as read by executor1
2026-08-10 02:23:36 | team | sess_911e472d6aec | INFO | [executor1] processing 1 unread messages (steer=True)
2026-08-10 02:23:36 | team | sess_911e472d6aec | INFO | Message 3b3c0dea-dfe9-40bc-9154-12e4f598529e marked as read by executor1
2026-08-10 02:23:51 | team | sess_911e472d6aec | INFO | [executor1] processing 1 unread messages (steer=True)
2026-08-10 02:23:51 | team | sess_911e472d6aec | INFO | Message 82688ebe-e550-4f03-ab8c-94e04cb86938 marked as read by executor1
2026-08-10 02:24:35 | team | sess_911e472d6aec | INFO | Message 4ce1a7e1-6152-4cb2-b772-804b8719377c created
2026-08-10 02:31:13 | team | sess_911e472d6aec | INFO | task list drained for team jiuwen_team_sess_911e472d6aec: 3 terminal task(s)
2026-08-10 02:31:23 | team | sess_911e472d6aec | INFO | [executor1] processing 1 unread messages (steer=True)
2026-08-10 02:31:23 | team | sess_911e472d6aec | INFO | Message 7db58519-63ad-4b40-8734-0f4432b36294 marked as read by executor1
2026-08-10 02:31:38 | team | sess_911e472d6aec | INFO | team jiuwen_team_sess_911e472d6aec reported completed: 9 members, 3 tasks
2026-08-10 02:31:38 | team | sess_911e472d6aec | INFO | [executor1] received TEAM_STANDBY, pausing polls
2026-08-10 02:31:38 | team | sess_911e472d6aec | INFO | EventBus[teammate] pausing polls
