2026-08-10 02:17:12 | team | sess_911e472d6aec | INFO | Team workspace directory ensured at /srv/jwteam_clone/shared/run_current
2026-08-10 02:17:12 | team | sess_911e472d6aec | INFO | AgentTeam manager initialized for jiuwen_team_sess_911e472d6aec, member=team_leader
2026-08-10 02:17:12 | team | sess_911e472d6aec | INFO | [team_leader] TeamPolicyRail static sections: section_names=['team_role', 'team_workflow', 'team_swarmflow', 'team_lifecycle', 'team_persona']
2026-08-10 02:17:12 | team | sess_911e472d6aec | INFO | Session tables ready for session sess_911e472d6aec
2026-08-10 02:17:12 | team | sess_911e472d6aec | INFO | Team database initialized
2026-08-10 02:17:12 | team | default_trace_id | INFO | Team workspace directory ensured at /srv/jwteam_clone/shared/run_current
2026-08-10 02:17:12 | team | default_trace_id | INFO | AgentTeam manager initialized for jiuwen_team_sess_911e472d6aec, member=verifier2
2026-08-10 02:17:12 | team | default_trace_id | INFO | [verifier2] TeamPolicyRail static sections: section_names=['team_role', 'team_persona']
2026-08-10 02:17:12 | team | sess_911e472d6aec | INFO | [verifier2] invoke start, role=teammate
2026-08-10 02:17:12 | team | sess_911e472d6aec | INFO | [verifier2] coordination starting
2026-08-10 02:17:12 | team | sess_911e472d6aec | INFO | Session tables ready for session sess_911e472d6aec
2026-08-10 02:17:12 | team | sess_911e472d6aec | INFO | Workspace /srv/jwteam_clone/shared/run_current initialized as plain shared directory (version_control disabled)
2026-08-10 02:17:12 | team | sess_911e472d6aec | INFO | EventBus[teammate] starting
2026-08-10 02:17:32 | team | sess_911e472d6aec | INFO | [verifier2] HITT section refresh: human_agent_names=[]
2026-08-10 02:17:42 | team | sess_911e472d6aec | INFO | [verifier2] processing 1 unread messages (steer=True)
2026-08-10 02:17:42 | team | sess_911e472d6aec | INFO | Message 2ffd87a8-3934-4fbb-9ece-b840d3d36cf6 marked as read by verifier2
2026-08-10 02:20:11 | team | sess_911e472d6aec | INFO | Message 0f3ff691-d1e4-4fe5-874e-cdc6d3dff6c9 created
2026-08-10 02:20:11 | team | sess_911e472d6aec | INFO | Message 9dd3243d-7893-4a3d-bee8-4ccc52aac5f1 created
2026-08-10 02:20:38 | team | sess_911e472d6aec | INFO | [verifier2] processing 1 unread messages (steer=True)
2026-08-10 02:20:38 | team | sess_911e472d6aec | INFO | Message d67247eb-36f9-457e-a543-fb7e32511c8e marked as read by verifier2
2026-08-10 02:20:52 | team | sess_911e472d6aec | INFO | [verifier2] processing 1 unread messages (steer=True)
2026-08-10 02:20:52 | team | sess_911e472d6aec | INFO | Message 0d96a13a-59fe-4d24-b6c2-0c5f929b2de6 marked as read by verifier2
2026-08-10 02:20:57 | team | sess_911e472d6aec | INFO | Message 089a5e48-ff74-4f70-b8fc-067fcfd36d8f created
2026-08-10 02:21:10 | team | sess_911e472d6aec | INFO | [verifier2] processing 1 unread messages (steer=True)
2026-08-10 02:21:10 | team | sess_911e472d6aec | INFO | Message 3383d52e-8da2-49b4-a1d0-8a0e495b0eda marked as read by verifier2
2026-08-10 02:21:46 | team | sess_911e472d6aec | INFO | [verifier2] processing 1 unread messages (steer=True)
2026-08-10 02:21:46 | team | sess_911e472d6aec | INFO | Message 0bed6d62-028d-4921-ad42-b813f2bf8b9b marked as read by verifier2
2026-08-10 02:22:20 | team | sess_911e472d6aec | INFO | Message 953cf2ef-feba-4c6d-9875-7874a2b04458 created
2026-08-10 02:22:35 | team | sess_911e472d6aec | INFO | [verifier2] processing 1 unread messages (steer=True)
2026-08-10 02:22:35 | team | sess_911e472d6aec | INFO | Message 5d6cfea0-d7aa-4f09-b610-548bd38ad889 marked as read by verifier2
2026-08-10 02:23:19 | team | sess_911e472d6aec | INFO | [verifier2] processing 1 unread messages (steer=True)
2026-08-10 02:23:19 | team | sess_911e472d6aec | INFO | Message 02941c1e-096e-40e8-8c70-c746676c382d marked as read by verifier2
2026-08-10 02:23:36 | team | sess_911e472d6aec | INFO | Message 5b266baf-0482-4cd0-be36-bc2e3b9a0b08 created
2026-08-10 02:23:36 | team | sess_911e472d6aec | INFO | Message 3b3c0dea-dfe9-40bc-9154-12e4f598529e created
2026-08-10 02:23:49 | team | sess_911e472d6aec | INFO | [verifier2] processing 1 unread messages (steer=True)
2026-08-10 02:23:49 | team | sess_911e472d6aec | INFO | Message 41796754-ae67-4faf-abfe-8be073f5f0e0 marked as read by verifier2
2026-08-10 02:23:51 | team | sess_911e472d6aec | INFO | Message 82688ebe-e550-4f03-ab8c-94e04cb86938 created
2026-08-10 02:24:35 | team | sess_911e472d6aec | INFO | [verifier2] processing 1 unread messages (steer=True)
2026-08-10 02:24:35 | team | sess_911e472d6aec | INFO | Message 4ce1a7e1-6152-4cb2-b772-804b8719377c marked as read by verifier2
2026-08-10 02:24:45 | team | sess_911e472d6aec | INFO | Message f5748c5a-ec3f-4f6f-843e-11c384a97038 created
2026-08-10 02:25:00 | team | sess_911e472d6aec | INFO | [verifier2] processing 1 unread messages (steer=True)
2026-08-10 02:25:00 | team | sess_911e472d6aec | INFO | Message e040c129-a940-441e-a240-1fd08c007d89 marked as read by verifier2
2026-08-10 02:31:13 | team | sess_911e472d6aec | INFO | task list drained for team jiuwen_team_sess_911e472d6aec: 3 terminal task(s)
2026-08-10 02:31:23 | team | sess_911e472d6aec | INFO | [verifier2] processing 1 unread messages (steer=True)
2026-08-10 02:31:23 | team | sess_911e472d6aec | INFO | Message 7db58519-63ad-4b40-8734-0f4432b36294 marked as read by verifier2
2026-08-10 02:31:38 | team | sess_911e472d6aec | INFO | team jiuwen_team_sess_911e472d6aec reported completed: 9 members, 3 tasks
2026-08-10 02:31:38 | team | sess_911e472d6aec | INFO | [verifier2] received TEAM_STANDBY, pausing polls
2026-08-10 02:31:38 | team | sess_911e472d6aec | INFO | EventBus[teammate] pausing polls
