2026-08-10 02:17:10 | team | sess_911e472d6aec | INFO | Team workspace directory ensured at /srv/jwteam_clone/shared/run_current
2026-08-10 02:17:10 | team | sess_911e472d6aec | INFO | AgentTeam manager initialized for jiuwen_team_sess_911e472d6aec, member=team_leader
2026-08-10 02:17:10 | team | sess_911e472d6aec | INFO | [team_leader] TeamPolicyRail static sections: section_names=['team_role', 'team_workflow', 'team_swarmflow', 'team_lifecycle', 'team_persona']
2026-08-10 02:17:10 | team | sess_911e472d6aec | INFO | Session tables ready for session sess_911e472d6aec
2026-08-10 02:17:10 | team | sess_911e472d6aec | INFO | Team database initialized
2026-08-10 02:17:10 | team | default_trace_id | INFO | Team workspace directory ensured at /srv/jwteam_clone/shared/run_current
2026-08-10 02:17:10 | team | default_trace_id | INFO | AgentTeam manager initialized for jiuwen_team_sess_911e472d6aec, member=executor3
2026-08-10 02:17:10 | team | default_trace_id | INFO | [executor3] TeamPolicyRail static sections: section_names=['team_role', 'team_persona']
2026-08-10 02:17:10 | team | sess_911e472d6aec | INFO | [executor3] invoke start, role=teammate
2026-08-10 02:17:10 | team | sess_911e472d6aec | INFO | [executor3] coordination starting
2026-08-10 02:17:10 | team | sess_911e472d6aec | INFO | Session tables ready for session sess_911e472d6aec
2026-08-10 02:17:10 | team | sess_911e472d6aec | INFO | Workspace /srv/jwteam_clone/shared/run_current initialized as plain shared directory (version_control disabled)
2026-08-10 02:17:10 | team | sess_911e472d6aec | INFO | EventBus[teammate] starting
2026-08-10 02:17:32 | team | sess_911e472d6aec | INFO | [executor3] HITT section refresh: human_agent_names=[]
2026-08-10 02:17:42 | team | sess_911e472d6aec | INFO | [executor3] processing 1 unread messages (steer=True)
2026-08-10 02:17:42 | team | sess_911e472d6aec | INFO | Message 2ffd87a8-3934-4fbb-9ece-b840d3d36cf6 marked as read by executor3
2026-08-10 02:19:44 | team | sess_911e472d6aec | INFO | Message 146d2bf2-2a6b-4850-8abd-77b17118dc90 created
2026-08-10 02:20:00 | team | sess_911e472d6aec | INFO | [executor3] processing 1 unread messages (steer=True)
2026-08-10 02:20:00 | team | sess_911e472d6aec | INFO | Message 9104e70c-73ca-425a-9656-6debaa0af1ea marked as read by executor3
2026-08-10 02:20:29 | team | sess_911e472d6aec | INFO | Message 8fbb1783-72aa-45f9-9a58-5a636199f29e created
2026-08-10 02:31:13 | team | sess_911e472d6aec | INFO | task list drained for team jiuwen_team_sess_911e472d6aec: 3 terminal task(s)
2026-08-10 02:31:23 | team | sess_911e472d6aec | INFO | [executor3] processing 1 unread messages (steer=True)
2026-08-10 02:31:23 | team | sess_911e472d6aec | INFO | Message 7db58519-63ad-4b40-8734-0f4432b36294 marked as read by executor3
2026-08-10 02:31:38 | team | sess_911e472d6aec | INFO | team jiuwen_team_sess_911e472d6aec reported completed: 9 members, 3 tasks
2026-08-10 02:31:38 | team | sess_911e472d6aec | INFO | [executor3] received TEAM_STANDBY, pausing polls
2026-08-10 02:31:38 | team | sess_911e472d6aec | INFO | EventBus[teammate] pausing polls
