2026-08-08 05:44:57 | team | sess_41135fbf7d5c | INFO | Team workspace directory ensured at /srv/jwteam_clone/shared/run_current
2026-08-08 05:44:57 | team | sess_41135fbf7d5c | INFO | AgentTeam manager initialized for jiuwen_team_sess_41135fbf7d5c, member=team_leader
2026-08-08 05:44:57 | team | sess_41135fbf7d5c | INFO | [team_leader] TeamPolicyRail static sections: section_names=['team_role', 'team_workflow', 'team_swarmflow', 'team_lifecycle', 'team_persona']
2026-08-08 05:44:57 | team | sess_41135fbf7d5c | INFO | Session tables ready for session sess_41135fbf7d5c
2026-08-08 05:44:57 | team | sess_41135fbf7d5c | INFO | Team database initialized
2026-08-08 05:44:57 | team | default_trace_id | INFO | Team workspace directory ensured at /srv/jwteam_clone/shared/run_current
2026-08-08 05:44:57 | team | default_trace_id | INFO | AgentTeam manager initialized for jiuwen_team_sess_41135fbf7d5c, member=planner1
2026-08-08 05:44:57 | team | default_trace_id | INFO | [planner1] TeamPolicyRail static sections: section_names=['team_role', 'team_persona']
2026-08-08 05:44:57 | team | sess_41135fbf7d5c | INFO | [planner1] invoke start, role=teammate
2026-08-08 05:44:57 | team | sess_41135fbf7d5c | INFO | [planner1] coordination starting
2026-08-08 05:44:57 | team | sess_41135fbf7d5c | INFO | Session tables ready for session sess_41135fbf7d5c
2026-08-08 05:44:57 | team | sess_41135fbf7d5c | INFO | Workspace /srv/jwteam_clone/shared/run_current initialized as plain shared directory (version_control disabled)
2026-08-08 05:44:57 | team | sess_41135fbf7d5c | INFO | EventBus[teammate] starting
2026-08-08 05:46:01 | team | sess_41135fbf7d5c | INFO | [planner1] HITT section refresh: human_agent_names=[]
2026-08-08 05:46:06 | team | sess_41135fbf7d5c | INFO | Task test9-plan claimed by member planner1
2026-08-08 05:46:06 | team | sess_41135fbf7d5c | INFO | Task test9-plan claimed by member planner1
2026-08-08 05:46:12 | team | sess_41135fbf7d5c | INFO | [planner1] processing 1 unread messages (steer=True)
2026-08-08 05:46:12 | team | sess_41135fbf7d5c | INFO | Message 3cd29d05-663e-4ee2-bf0c-fb9ee0846400 marked as read by planner1
2026-08-08 05:46:45 | team | sess_41135fbf7d5c | INFO | Message 31df94da-3ed7-4766-ad63-0e4d90e30d40 created
2026-08-08 05:46:50 | team | sess_41135fbf7d5c | INFO | Task test9-plan completed at 1786164410465
2026-08-08 05:46:50 | team | sess_41135fbf7d5c | INFO | Resolved 1 dependencies for task test9-plan
2026-08-08 05:46:50 | team | sess_41135fbf7d5c | INFO | Task test9-impl unblocked (all deps resolved)
2026-08-08 05:46:50 | team | sess_41135fbf7d5c | INFO | Task test9-plan completed
2026-08-08 05:46:50 | team | sess_41135fbf7d5c | INFO | Unblocked 1 tasks
2026-08-08 05:46:59 | team | sess_41135fbf7d5c | INFO | Message cd462871-7656-45ac-8b7b-26bcdaf7856d created
2026-08-08 05:47:07 | team | sess_41135fbf7d5c | INFO | [planner1] processing 1 unread messages (steer=True)
2026-08-08 05:47:07 | team | sess_41135fbf7d5c | INFO | Message 6ae107d9-c57d-413a-9cae-8dc4a52f3174 marked as read by planner1
2026-08-08 05:48:54 | team | sess_41135fbf7d5c | INFO | task list drained for team jiuwen_team_sess_41135fbf7d5c: 6 terminal task(s)
2026-08-08 05:49:24 | team | sess_41135fbf7d5c | INFO | [planner1] processing 1 unread messages (steer=True)
2026-08-08 05:49:24 | team | sess_41135fbf7d5c | INFO | Message 37ef4870-947d-4394-b8bf-adf0597b118d marked as read by planner1
2026-08-08 05:49:30 | team | sess_41135fbf7d5c | INFO | Message c06b104f-caef-4943-91b4-ca6008781b69 created
2026-08-08 05:51:18 | team | sess_41135fbf7d5c | INFO | team jiuwen_team_sess_41135fbf7d5c reported completed: 9 members, 6 tasks
2026-08-08 05:51:18 | team | sess_41135fbf7d5c | INFO | [planner1] received TEAM_STANDBY, pausing polls
2026-08-08 05:51:18 | team | sess_41135fbf7d5c | INFO | EventBus[teammate] pausing polls
