2026-08-08 05:45:03 | team | sess_41135fbf7d5c | INFO | Team workspace directory ensured at /srv/jwteam_clone/shared/run_current
2026-08-08 05:45:03 | team | sess_41135fbf7d5c | INFO | AgentTeam manager initialized for jiuwen_team_sess_41135fbf7d5c, member=team_leader
2026-08-08 05:45:03 | team | sess_41135fbf7d5c | INFO | [team_leader] TeamPolicyRail static sections: section_names=['team_role', 'team_workflow', 'team_swarmflow', 'team_lifecycle', 'team_persona']
2026-08-08 05:45:03 | team | sess_41135fbf7d5c | INFO | Session tables ready for session sess_41135fbf7d5c
2026-08-08 05:45:03 | team | sess_41135fbf7d5c | INFO | Team database initialized
2026-08-08 05:45:03 | team | default_trace_id | INFO | Team workspace directory ensured at /srv/jwteam_clone/shared/run_current
2026-08-08 05:45:03 | team | default_trace_id | INFO | AgentTeam manager initialized for jiuwen_team_sess_41135fbf7d5c, member=verifier1
2026-08-08 05:45:03 | team | default_trace_id | INFO | [verifier1] TeamPolicyRail static sections: section_names=['team_role', 'team_persona']
2026-08-08 05:45:03 | team | sess_41135fbf7d5c | INFO | [verifier1] invoke start, role=teammate
2026-08-08 05:45:03 | team | sess_41135fbf7d5c | INFO | [verifier1] coordination starting
2026-08-08 05:45:03 | team | sess_41135fbf7d5c | INFO | Session tables ready for session sess_41135fbf7d5c
2026-08-08 05:45:03 | team | sess_41135fbf7d5c | INFO | Workspace /srv/jwteam_clone/shared/run_current initialized as plain shared directory (version_control disabled)
2026-08-08 05:45:03 | team | sess_41135fbf7d5c | INFO | EventBus[teammate] starting
2026-08-08 05:46:01 | team | sess_41135fbf7d5c | INFO | [verifier1] HITT section refresh: human_agent_names=[]
2026-08-08 05:46:12 | team | sess_41135fbf7d5c | INFO | [verifier1] processing 1 unread messages (steer=True)
2026-08-08 05:46:12 | team | sess_41135fbf7d5c | INFO | Message 3cd29d05-663e-4ee2-bf0c-fb9ee0846400 marked as read by verifier1
2026-08-08 05:47:30 | team | sess_41135fbf7d5c | INFO | [verifier1] processing 1 unread messages (steer=True)
2026-08-08 05:47:30 | team | sess_41135fbf7d5c | INFO | Message 807e0e02-2d4a-4070-aad1-f93d2c073d18 marked as read by verifier1
2026-08-08 05:47:49 | team | sess_41135fbf7d5c | INFO | Message dc108544-485c-4c9d-8a75-59e395779ad8 created
2026-08-08 05:47:54 | team | sess_41135fbf7d5c | INFO | Message fe65d58a-f64b-4239-bdac-e7cba7531bfd created
2026-08-08 05:48:05 | team | sess_41135fbf7d5c | INFO | [verifier1] processing 1 unread messages (steer=True)
2026-08-08 05:48:05 | team | sess_41135fbf7d5c | INFO | Message cd435b64-9441-41c6-a67b-49a9a758b13a marked as read by verifier1
2026-08-08 05:48:10 | team | sess_41135fbf7d5c | INFO | Message cdab14b1-8c99-4f4f-971a-3563080bac7d created
2026-08-08 05:48:54 | team | sess_41135fbf7d5c | INFO | task list drained for team jiuwen_team_sess_41135fbf7d5c: 6 terminal task(s)
2026-08-08 05:49:03 | team | sess_41135fbf7d5c | INFO | [verifier1] processing 1 unread messages (steer=True)
2026-08-08 05:49:03 | team | sess_41135fbf7d5c | INFO | Message 7cdc88aa-ccd4-43e2-a736-19bdf732ff1c marked as read by verifier1
2026-08-08 05:49:24 | team | sess_41135fbf7d5c | INFO | [verifier1] processing 1 unread messages (steer=True)
2026-08-08 05:49:24 | team | sess_41135fbf7d5c | INFO | Message 37ef4870-947d-4394-b8bf-adf0597b118d marked as read by verifier1
2026-08-08 05:50:51 | team | sess_41135fbf7d5c | INFO | Message aedd0f83-5060-4e71-a65c-f7b0980a4635 created
2026-08-08 05:50:54 | team | sess_41135fbf7d5c | INFO | Message 2794c3e0-9985-43bf-b2b1-585a4c130877 created
2026-08-08 05:50:58 | team | sess_41135fbf7d5c | INFO | [verifier1] processing 1 unread messages (steer=True)
2026-08-08 05:50:58 | team | sess_41135fbf7d5c | INFO | Message e015b488-8f96-4601-a48b-26e83d389884 marked as read by verifier1
2026-08-08 05:51:00 | team | sess_41135fbf7d5c | INFO | [verifier1] processing 1 unread messages (steer=True)
2026-08-08 05:51:00 | team | sess_41135fbf7d5c | INFO | Message d8de4f38-0e20-429b-a7ca-d9f54306d50d marked as read by verifier1
2026-08-08 05:51:18 | team | sess_41135fbf7d5c | INFO | team jiuwen_team_sess_41135fbf7d5c reported completed: 9 members, 6 tasks
2026-08-08 05:51:18 | team | sess_41135fbf7d5c | INFO | [verifier1] received TEAM_STANDBY, pausing polls
2026-08-08 05:51:18 | team | sess_41135fbf7d5c | INFO | EventBus[teammate] pausing polls
