2026-08-08 05:45:00 | team | sess_41135fbf7d5c | INFO | Team workspace directory ensured at /srv/jwteam_clone/shared/run_current
2026-08-08 05:45:00 | team | sess_41135fbf7d5c | INFO | AgentTeam manager initialized for jiuwen_team_sess_41135fbf7d5c, member=team_leader
2026-08-08 05:45:00 | team | sess_41135fbf7d5c | INFO | [team_leader] TeamPolicyRail static sections: section_names=['team_role', 'team_workflow', 'team_swarmflow', 'team_lifecycle', 'team_persona']
2026-08-08 05:45:01 | team | sess_41135fbf7d5c | INFO | Session tables ready for session sess_41135fbf7d5c
2026-08-08 05:45:01 | team | sess_41135fbf7d5c | INFO | Team database initialized
2026-08-08 05:45:01 | team | default_trace_id | INFO | Team workspace directory ensured at /srv/jwteam_clone/shared/run_current
2026-08-08 05:45:01 | team | default_trace_id | INFO | AgentTeam manager initialized for jiuwen_team_sess_41135fbf7d5c, member=executor2
2026-08-08 05:45:01 | team | default_trace_id | INFO | [executor2] TeamPolicyRail static sections: section_names=['team_role', 'team_persona']
2026-08-08 05:45:01 | team | sess_41135fbf7d5c | INFO | [executor2] invoke start, role=teammate
2026-08-08 05:45:01 | team | sess_41135fbf7d5c | INFO | [executor2] coordination starting
2026-08-08 05:45:01 | team | sess_41135fbf7d5c | INFO | Session tables ready for session sess_41135fbf7d5c
2026-08-08 05:45:01 | team | sess_41135fbf7d5c | INFO | Workspace /srv/jwteam_clone/shared/run_current initialized as plain shared directory (version_control disabled)
2026-08-08 05:45:01 | team | sess_41135fbf7d5c | INFO | EventBus[teammate] starting
2026-08-08 05:46:01 | team | sess_41135fbf7d5c | INFO | [executor2] HITT section refresh: human_agent_names=[]
2026-08-08 05:46:12 | team | sess_41135fbf7d5c | INFO | [executor2] processing 1 unread messages (steer=True)
2026-08-08 05:46:12 | team | sess_41135fbf7d5c | INFO | Message 3cd29d05-663e-4ee2-bf0c-fb9ee0846400 marked as read by executor2
2026-08-08 05:46:34 | team | sess_41135fbf7d5c | INFO | Message 7027757c-d55d-4b01-874a-7cad68746242 created
2026-08-08 05:46:41 | team | sess_41135fbf7d5c | INFO | [executor2] processing 1 unread messages (steer=True)
2026-08-08 05:46:41 | team | sess_41135fbf7d5c | INFO | Message 601bd663-b085-4403-8a25-70285ac11816 marked as read by executor2
2026-08-08 05:46:49 | team | sess_41135fbf7d5c | INFO | [executor2] processing 1 unread messages (steer=True)
2026-08-08 05:46:49 | team | sess_41135fbf7d5c | INFO | Message a7532a25-c58e-4d76-9424-ab0fd2db59aa marked as read by executor2
2026-08-08 05:46:56 | team | sess_41135fbf7d5c | INFO | Task ir2-impl claimed by member executor2
2026-08-08 05:46:56 | team | sess_41135fbf7d5c | INFO | Task ir2-impl claimed by member executor2
2026-08-08 05:47:20 | team | sess_41135fbf7d5c | INFO | Task ir2-impl completed at 1786164440934
2026-08-08 05:47:20 | team | sess_41135fbf7d5c | INFO | Message 123139ef-531c-473e-8563-f8b3c113bcbd created
2026-08-08 05:47:20 | team | sess_41135fbf7d5c | INFO | Resolved 1 dependencies for task ir2-impl
2026-08-08 05:47:20 | team | sess_41135fbf7d5c | INFO | Task ir2-verify unblocked (all deps resolved)
2026-08-08 05:47:20 | team | sess_41135fbf7d5c | INFO | Task ir2-impl completed
2026-08-08 05:47:20 | team | sess_41135fbf7d5c | INFO | Unblocked 1 tasks
2026-08-08 05:47:28 | team | sess_41135fbf7d5c | INFO | Message 2b683f24-33f5-4413-89ed-43bd787a0ca9 created
2026-08-08 05:47:41 | team | sess_41135fbf7d5c | INFO | [executor2] processing 1 unread messages (steer=True)
2026-08-08 05:47:41 | team | sess_41135fbf7d5c | INFO | Message 6256ad7f-f10e-48a6-8acf-af788686a792 marked as read by executor2
2026-08-08 05:47:59 | team | sess_41135fbf7d5c | INFO | [executor2] processing 1 unread messages (steer=True)
2026-08-08 05:48:00 | team | sess_41135fbf7d5c | INFO | Message 781165fb-9f6f-4edb-a673-3f47e3cff639 marked as read by executor2
2026-08-08 05:48:54 | team | sess_41135fbf7d5c | INFO | task list drained for team jiuwen_team_sess_41135fbf7d5c: 6 terminal task(s)
2026-08-08 05:49:24 | team | sess_41135fbf7d5c | INFO | [executor2] processing 1 unread messages (steer=True)
2026-08-08 05:49:24 | team | sess_41135fbf7d5c | INFO | Message 37ef4870-947d-4394-b8bf-adf0597b118d marked as read by executor2
2026-08-08 05:51:18 | team | sess_41135fbf7d5c | INFO | team jiuwen_team_sess_41135fbf7d5c reported completed: 9 members, 6 tasks
2026-08-08 05:51:18 | team | sess_41135fbf7d5c | INFO | [executor2] received TEAM_STANDBY, pausing polls
2026-08-08 05:51:18 | team | sess_41135fbf7d5c | INFO | EventBus[teammate] pausing polls
