2026-08-08 05:45:04 | team | sess_41135fbf7d5c | INFO | Team workspace directory ensured at /srv/jwteam_clone/shared/run_current
2026-08-08 05:45:04 | team | sess_41135fbf7d5c | INFO | AgentTeam manager initialized for jiuwen_team_sess_41135fbf7d5c, member=team_leader
2026-08-08 05:45:04 | team | sess_41135fbf7d5c | INFO | [team_leader] TeamPolicyRail static sections: section_names=['team_role', 'team_workflow', 'team_swarmflow', 'team_lifecycle', 'team_persona']
2026-08-08 05:45:04 | team | sess_41135fbf7d5c | INFO | Session tables ready for session sess_41135fbf7d5c
2026-08-08 05:45:04 | team | sess_41135fbf7d5c | INFO | Team database initialized
2026-08-08 05:45:04 | team | default_trace_id | INFO | Team workspace directory ensured at /srv/jwteam_clone/shared/run_current
2026-08-08 05:45:04 | team | default_trace_id | INFO | AgentTeam manager initialized for jiuwen_team_sess_41135fbf7d5c, member=verifier2
2026-08-08 05:45:04 | team | default_trace_id | INFO | [verifier2] TeamPolicyRail static sections: section_names=['team_role', 'team_persona']
2026-08-08 05:45:05 | team | sess_41135fbf7d5c | INFO | [verifier2] invoke start, role=teammate
2026-08-08 05:45:05 | team | sess_41135fbf7d5c | INFO | [verifier2] coordination starting
2026-08-08 05:45:05 | team | sess_41135fbf7d5c | INFO | Session tables ready for session sess_41135fbf7d5c
2026-08-08 05:45:05 | team | sess_41135fbf7d5c | INFO | Workspace /srv/jwteam_clone/shared/run_current initialized as plain shared directory (version_control disabled)
2026-08-08 05:45:05 | team | sess_41135fbf7d5c | INFO | EventBus[teammate] starting
2026-08-08 05:46:01 | team | sess_41135fbf7d5c | INFO | [verifier2] HITT section refresh: human_agent_names=[]
2026-08-08 05:46:12 | team | sess_41135fbf7d5c | INFO | [verifier2] processing 1 unread messages (steer=True)
2026-08-08 05:46:12 | team | sess_41135fbf7d5c | INFO | Message 3cd29d05-663e-4ee2-bf0c-fb9ee0846400 marked as read by verifier2
2026-08-08 05:46:29 | team | sess_41135fbf7d5c | INFO | Message 9effbe03-8311-4e0f-9f88-92d86d990705 created
2026-08-08 05:46:39 | team | sess_41135fbf7d5c | INFO | [verifier2] processing 1 unread messages (steer=True)
2026-08-08 05:46:39 | team | sess_41135fbf7d5c | INFO | Message e7da4fe5-c258-4f11-b42a-9322cfdca825 marked as read by verifier2
2026-08-08 05:47:20 | team | sess_41135fbf7d5c | INFO | [verifier2] processing 1 unread messages (steer=True)
2026-08-08 05:47:21 | team | sess_41135fbf7d5c | INFO | Message 123139ef-531c-473e-8563-f8b3c113bcbd marked as read by verifier2
2026-08-08 05:47:25 | team | sess_41135fbf7d5c | INFO | Task ir2-verify claimed by member verifier2
2026-08-08 05:47:25 | team | sess_41135fbf7d5c | INFO | Task ir2-verify claimed by member verifier2
2026-08-08 05:47:59 | team | sess_41135fbf7d5c | INFO | Task ir2-verify completed at 1786164479846
2026-08-08 05:47:59 | team | sess_41135fbf7d5c | INFO | Message 781165fb-9f6f-4edb-a673-3f47e3cff639 created
2026-08-08 05:47:59 | team | sess_41135fbf7d5c | INFO | Task ir2-verify completed
2026-08-08 05:47:59 | team | sess_41135fbf7d5c | INFO | Message bb497810-726c-4523-9d2b-ebbbee0d9189 created
2026-08-08 05:48:12 | team | sess_41135fbf7d5c | INFO | [verifier2] processing 1 unread messages (steer=True)
2026-08-08 05:48:12 | team | sess_41135fbf7d5c | INFO | Message d165442a-0dd0-4c06-9f30-ab033fce41a1 marked as read by verifier2
2026-08-08 05:48:54 | team | sess_41135fbf7d5c | INFO | task list drained for team jiuwen_team_sess_41135fbf7d5c: 6 terminal task(s)
2026-08-08 05:49:24 | team | sess_41135fbf7d5c | INFO | [verifier2] processing 1 unread messages (steer=True)
2026-08-08 05:49:24 | team | sess_41135fbf7d5c | INFO | Message 37ef4870-947d-4394-b8bf-adf0597b118d marked as read by verifier2
2026-08-08 05:51:18 | team | sess_41135fbf7d5c | INFO | team jiuwen_team_sess_41135fbf7d5c reported completed: 9 members, 6 tasks
2026-08-08 05:51:18 | team | sess_41135fbf7d5c | INFO | [verifier2] received TEAM_STANDBY, pausing polls
2026-08-08 05:51:18 | team | sess_41135fbf7d5c | INFO | EventBus[teammate] pausing polls
