2026-08-08 05:45:01 | team | sess_41135fbf7d5c | INFO | Team workspace directory ensured at /srv/jwteam_clone/shared/run_current
2026-08-08 05:45:01 | team | sess_41135fbf7d5c | INFO | AgentTeam manager initialized for jiuwen_team_sess_41135fbf7d5c, member=team_leader
2026-08-08 05:45:01 | team | sess_41135fbf7d5c | INFO | [team_leader] TeamPolicyRail static sections: section_names=['team_role', 'team_workflow', 'team_swarmflow', 'team_lifecycle', 'team_persona']
2026-08-08 05:45:01 | team | sess_41135fbf7d5c | INFO | Session tables ready for session sess_41135fbf7d5c
2026-08-08 05:45:01 | team | sess_41135fbf7d5c | INFO | Team database initialized
2026-08-08 05:45:01 | team | default_trace_id | INFO | Team workspace directory ensured at /srv/jwteam_clone/shared/run_current
2026-08-08 05:45:01 | team | default_trace_id | INFO | AgentTeam manager initialized for jiuwen_team_sess_41135fbf7d5c, member=executor3
2026-08-08 05:45:01 | team | default_trace_id | INFO | [executor3] TeamPolicyRail static sections: section_names=['team_role', 'team_persona']
2026-08-08 05:45:01 | team | sess_41135fbf7d5c | INFO | [executor3] invoke start, role=teammate
2026-08-08 05:45:01 | team | sess_41135fbf7d5c | INFO | [executor3] coordination starting
2026-08-08 05:45:01 | team | sess_41135fbf7d5c | INFO | Session tables ready for session sess_41135fbf7d5c
2026-08-08 05:45:01 | team | sess_41135fbf7d5c | INFO | Workspace /srv/jwteam_clone/shared/run_current initialized as plain shared directory (version_control disabled)
2026-08-08 05:45:01 | team | sess_41135fbf7d5c | INFO | EventBus[teammate] starting
2026-08-08 05:46:01 | team | sess_41135fbf7d5c | INFO | [executor3] HITT section refresh: human_agent_names=[]
2026-08-08 05:46:12 | team | sess_41135fbf7d5c | INFO | [executor3] processing 1 unread messages (steer=True)
2026-08-08 05:46:12 | team | sess_41135fbf7d5c | INFO | Message 3cd29d05-663e-4ee2-bf0c-fb9ee0846400 marked as read by executor3
2026-08-08 05:46:47 | team | sess_41135fbf7d5c | INFO | Message 8e19aa74-762f-42b1-950f-25edf6c49b45 created
2026-08-08 05:46:53 | team | sess_41135fbf7d5c | INFO | [executor3] processing 1 unread messages (steer=True)
2026-08-08 05:46:53 | team | sess_41135fbf7d5c | INFO | Message 2932c51e-e7a9-4814-84c5-d5f2875f3cd9 marked as read by executor3
2026-08-08 05:48:54 | team | sess_41135fbf7d5c | INFO | task list drained for team jiuwen_team_sess_41135fbf7d5c: 6 terminal task(s)
2026-08-08 05:49:24 | team | sess_41135fbf7d5c | INFO | [executor3] processing 1 unread messages (steer=True)
2026-08-08 05:49:24 | team | sess_41135fbf7d5c | INFO | Message 37ef4870-947d-4394-b8bf-adf0597b118d marked as read by executor3
2026-08-08 05:51:18 | team | sess_41135fbf7d5c | INFO | team jiuwen_team_sess_41135fbf7d5c reported completed: 9 members, 6 tasks
2026-08-08 05:51:18 | team | sess_41135fbf7d5c | INFO | [executor3] received TEAM_STANDBY, pausing polls
2026-08-08 05:51:18 | team | sess_41135fbf7d5c | INFO | EventBus[teammate] pausing polls
