2026-08-08 05:45:06 | team | sess_41135fbf7d5c | INFO | Team workspace directory ensured at /srv/jwteam_clone/shared/run_current
2026-08-08 05:45:06 | team | sess_41135fbf7d5c | INFO | AgentTeam manager initialized for jiuwen_team_sess_41135fbf7d5c, member=team_leader
2026-08-08 05:45:06 | team | sess_41135fbf7d5c | INFO | [team_leader] TeamPolicyRail static sections: section_names=['team_role', 'team_workflow', 'team_swarmflow', 'team_lifecycle', 'team_persona']
2026-08-08 05:45:06 | team | sess_41135fbf7d5c | INFO | Session tables ready for session sess_41135fbf7d5c
2026-08-08 05:45:06 | team | sess_41135fbf7d5c | INFO | Team database initialized
2026-08-08 05:45:06 | team | default_trace_id | INFO | Team workspace directory ensured at /srv/jwteam_clone/shared/run_current
2026-08-08 05:45:06 | team | default_trace_id | INFO | AgentTeam manager initialized for jiuwen_team_sess_41135fbf7d5c, member=fullstack1
2026-08-08 05:45:06 | team | default_trace_id | INFO | [fullstack1] TeamPolicyRail static sections: section_names=['team_role', 'team_persona']
2026-08-08 05:45:06 | team | sess_41135fbf7d5c | INFO | [fullstack1] invoke start, role=teammate
2026-08-08 05:45:06 | team | sess_41135fbf7d5c | INFO | [fullstack1] coordination starting
2026-08-08 05:45:06 | team | sess_41135fbf7d5c | INFO | Session tables ready for session sess_41135fbf7d5c
2026-08-08 05:45:06 | team | sess_41135fbf7d5c | INFO | Workspace /srv/jwteam_clone/shared/run_current initialized as plain shared directory (version_control disabled)
2026-08-08 05:45:06 | team | sess_41135fbf7d5c | INFO | EventBus[teammate] starting
2026-08-08 05:46:01 | team | sess_41135fbf7d5c | INFO | [fullstack1] HITT section refresh: human_agent_names=[]
2026-08-08 05:46:12 | team | sess_41135fbf7d5c | INFO | [fullstack1] processing 1 unread messages (steer=True)
2026-08-08 05:46:12 | team | sess_41135fbf7d5c | INFO | Message 3cd29d05-663e-4ee2-bf0c-fb9ee0846400 marked as read by fullstack1
2026-08-08 05:47:37 | team | sess_41135fbf7d5c | INFO | Task test9-verify claimed by member fullstack1
2026-08-08 05:47:37 | team | sess_41135fbf7d5c | INFO | Task test9-verify claimed by member fullstack1
2026-08-08 05:47:49 | team | sess_41135fbf7d5c | INFO | [fullstack1] processing 1 unread messages (steer=True)
2026-08-08 05:47:49 | team | sess_41135fbf7d5c | INFO | Message dc108544-485c-4c9d-8a75-59e395779ad8 marked as read by fullstack1
2026-08-08 05:48:54 | team | sess_41135fbf7d5c | INFO | Task test9-verify completed at 1786164534169
2026-08-08 05:48:54 | team | sess_41135fbf7d5c | INFO | Task test9-verify completed
2026-08-08 05:49:03 | team | sess_41135fbf7d5c | INFO | Message 7cdc88aa-ccd4-43e2-a736-19bdf732ff1c created
2026-08-08 05:49:03 | team | sess_41135fbf7d5c | INFO | Message 39940d93-d889-4d05-a5fa-0e655e6cdad9 created
2026-08-08 05:49:15 | team | sess_41135fbf7d5c | INFO | [fullstack1] processing 1 unread messages (steer=True)
2026-08-08 05:49:15 | team | sess_41135fbf7d5c | INFO | Message 1346689d-97d5-43fb-9bc3-d5f32fe378bd marked as read by fullstack1
2026-08-08 05:49:24 | team | sess_41135fbf7d5c | INFO | [fullstack1] processing 1 unread messages (steer=True)
2026-08-08 05:49:24 | team | sess_41135fbf7d5c | INFO | Message 37ef4870-947d-4394-b8bf-adf0597b118d marked as read by fullstack1
2026-08-08 05:50:54 | team | sess_41135fbf7d5c | INFO | [fullstack1] processing 1 unread messages (steer=True)
2026-08-08 05:50:54 | team | sess_41135fbf7d5c | INFO | Message 2794c3e0-9985-43bf-b2b1-585a4c130877 marked as read by fullstack1
2026-08-08 05:51:00 | team | sess_41135fbf7d5c | INFO | Message d8de4f38-0e20-429b-a7ca-d9f54306d50d created
2026-08-08 05:51:18 | team | sess_41135fbf7d5c | INFO | team jiuwen_team_sess_41135fbf7d5c reported completed: 9 members, 6 tasks
2026-08-08 05:51:18 | team | sess_41135fbf7d5c | INFO | [fullstack1] received TEAM_STANDBY, pausing polls
2026-08-08 05:51:18 | team | sess_41135fbf7d5c | INFO | EventBus[teammate] pausing polls
