2026-08-10 09:04:35 | team | sess_6a4fe8a4df35 | INFO | Team workspace directory ensured at /srv/jwteam_clone/shared/run_current
2026-08-10 09:04:35 | team | sess_6a4fe8a4df35 | INFO | AgentTeam manager initialized for jiuwen_team_sess_6a4fe8a4df35, member=team_leader
2026-08-10 09:04:35 | team | sess_6a4fe8a4df35 | INFO | [team_leader] TeamPolicyRail static sections: section_names=['team_role', 'team_workflow', 'team_swarmflow', 'team_lifecycle', 'team_persona']
2026-08-10 09:04:35 | team | sess_6a4fe8a4df35 | INFO | Session tables ready for session sess_6a4fe8a4df35
2026-08-10 09:04:35 | team | sess_6a4fe8a4df35 | INFO | Team database initialized
2026-08-10 09:04:35 | team | default_trace_id | INFO | Team workspace directory ensured at /srv/jwteam_clone/shared/run_current
2026-08-10 09:04:35 | team | default_trace_id | INFO | AgentTeam manager initialized for jiuwen_team_sess_6a4fe8a4df35, member=executor1
2026-08-10 09:04:35 | team | default_trace_id | INFO | [executor1] TeamPolicyRail static sections: section_names=['team_role', 'team_persona']
2026-08-10 09:04:36 | team | sess_6a4fe8a4df35 | INFO | [executor1] invoke start, role=teammate
2026-08-10 09:04:36 | team | sess_6a4fe8a4df35 | INFO | [executor1] coordination starting
2026-08-10 09:04:36 | team | sess_6a4fe8a4df35 | INFO | Session tables ready for session sess_6a4fe8a4df35
2026-08-10 09:04:36 | team | sess_6a4fe8a4df35 | INFO | Workspace /srv/jwteam_clone/shared/run_current initialized as plain shared directory (version_control disabled)
2026-08-10 09:04:36 | team | sess_6a4fe8a4df35 | INFO | EventBus[teammate] starting
2026-08-10 09:05:11 | team | sess_6a4fe8a4df35 | INFO | [executor1] HITT section refresh: human_agent_names=[]
2026-08-10 09:05:23 | team | sess_6a4fe8a4df35 | INFO | [executor1] processing 1 unread messages (steer=True)
2026-08-10 09:05:23 | team | sess_6a4fe8a4df35 | INFO | Message 2cd26f17-07d2-40b7-ad2a-1b03a0e0cb4b marked as read by executor1
2026-08-10 09:06:00 | team | sess_6a4fe8a4df35 | INFO | [executor1] processing 1 unread messages (steer=True)
2026-08-10 09:06:00 | team | sess_6a4fe8a4df35 | INFO | Message c902f604-4b53-42e0-b776-317e71c55612 marked as read by executor1
2026-08-10 09:06:55 | team | sess_6a4fe8a4df35 | INFO | Message 3e9025cd-63d8-425c-a6e6-b1ae289ef5f0 created
2026-08-10 09:06:55 | team | sess_6a4fe8a4df35 | INFO | Message b8d66ef9-b9c5-4f87-86a6-5090033e3c5a created
2026-08-10 09:06:55 | team | sess_6a4fe8a4df35 | INFO | Message c8d1eddc-a840-437a-9bf2-aa48e391ff38 created
2026-08-10 09:07:15 | team | sess_6a4fe8a4df35 | INFO | Task implement-audit claimed by member executor1
2026-08-10 09:07:15 | team | sess_6a4fe8a4df35 | INFO | Task implement-audit claimed by member executor1
2026-08-10 09:07:19 | team | sess_6a4fe8a4df35 | INFO | Task implement-audit completed at 1786349239151
2026-08-10 09:07:19 | team | sess_6a4fe8a4df35 | INFO | Resolved 2 dependencies for task implement-audit
2026-08-10 09:07:19 | team | sess_6a4fe8a4df35 | INFO | Task implement-audit completed
2026-08-10 09:07:28 | team | sess_6a4fe8a4df35 | INFO | [executor1] processing 1 unread messages (steer=True)
2026-08-10 09:07:28 | team | sess_6a4fe8a4df35 | INFO | Message 926605ad-851f-4861-8759-0a4556debb50 marked as read by executor1
2026-08-10 09:07:33 | team | sess_6a4fe8a4df35 | INFO | [executor1] processing 1 unread messages (steer=True)
2026-08-10 09:07:33 | team | sess_6a4fe8a4df35 | INFO | Message 98d7ed4c-2e06-4719-958b-88af7fa47364 marked as read by executor1
2026-08-10 09:07:37 | team | sess_6a4fe8a4df35 | INFO | [executor1] processing 1 unread messages (steer=True)
2026-08-10 09:07:37 | team | sess_6a4fe8a4df35 | INFO | Message 3a3bb9cd-5a62-47b0-9d9a-510ea9d3e00d marked as read by executor1
2026-08-10 09:07:55 | team | sess_6a4fe8a4df35 | INFO | [executor1] processing 1 unread messages (steer=True)
2026-08-10 09:07:55 | team | sess_6a4fe8a4df35 | INFO | Message a21cd17c-8d52-4148-b7ae-82bce6e00363 marked as read by executor1
2026-08-10 09:08:11 | team | sess_6a4fe8a4df35 | INFO | [executor1] processing 1 unread messages (steer=True)
2026-08-10 09:08:11 | team | sess_6a4fe8a4df35 | INFO | Message 3cad7cc1-b7f0-4373-8311-01a2addb8fd4 marked as read by executor1
2026-08-10 09:08:36 | team | sess_6a4fe8a4df35 | INFO | Message 9f90d53c-32ea-4f39-9bf9-7bc8c44043d6 created
2026-08-10 09:08:36 | team | sess_6a4fe8a4df35 | INFO | Message 37a19df2-b467-4193-a0b8-a2183143596f created
2026-08-10 09:08:36 | team | sess_6a4fe8a4df35 | INFO | Message 7347c883-ba2d-414f-a5ae-a2186e47000b created
2026-08-10 09:08:44 | team | sess_6a4fe8a4df35 | INFO | [executor1] processing 1 unread messages (steer=True)
2026-08-10 09:08:44 | team | sess_6a4fe8a4df35 | INFO | Message 35407dd4-7bc2-4266-9afe-1ad96895cdab marked as read by executor1
2026-08-10 09:08:57 | team | sess_6a4fe8a4df35 | INFO | [executor1] processing 1 unread messages (steer=True)
2026-08-10 09:08:57 | team | sess_6a4fe8a4df35 | INFO | Message edcbeec4-f518-4157-8f41-33af3761b98e marked as read by executor1
