2026-08-10 09:04:38 | team | sess_6a4fe8a4df35 | INFO | Team workspace directory ensured at /srv/jwteam_clone/shared/run_current
2026-08-10 09:04:38 | team | sess_6a4fe8a4df35 | INFO | AgentTeam manager initialized for jiuwen_team_sess_6a4fe8a4df35, member=team_leader
2026-08-10 09:04:38 | team | sess_6a4fe8a4df35 | INFO | [team_leader] TeamPolicyRail static sections: section_names=['team_role', 'team_workflow', 'team_swarmflow', 'team_lifecycle', 'team_persona']
2026-08-10 09:04:38 | team | sess_6a4fe8a4df35 | INFO | Session tables ready for session sess_6a4fe8a4df35
2026-08-10 09:04:38 | team | sess_6a4fe8a4df35 | INFO | Team database initialized
2026-08-10 09:04:38 | team | default_trace_id | INFO | Team workspace directory ensured at /srv/jwteam_clone/shared/run_current
2026-08-10 09:04:38 | team | default_trace_id | INFO | AgentTeam manager initialized for jiuwen_team_sess_6a4fe8a4df35, member=executor3
2026-08-10 09:04:38 | team | default_trace_id | INFO | [executor3] TeamPolicyRail static sections: section_names=['team_role', 'team_persona']
2026-08-10 09:04:38 | team | sess_6a4fe8a4df35 | INFO | [executor3] invoke start, role=teammate
2026-08-10 09:04:38 | team | sess_6a4fe8a4df35 | INFO | [executor3] coordination starting
2026-08-10 09:04:38 | team | sess_6a4fe8a4df35 | INFO | Session tables ready for session sess_6a4fe8a4df35
2026-08-10 09:04:38 | team | sess_6a4fe8a4df35 | INFO | Workspace /srv/jwteam_clone/shared/run_current initialized as plain shared directory (version_control disabled)
2026-08-10 09:04:38 | team | sess_6a4fe8a4df35 | INFO | EventBus[teammate] starting
2026-08-10 09:05:11 | team | sess_6a4fe8a4df35 | INFO | [executor3] HITT section refresh: human_agent_names=[]
2026-08-10 09:05:23 | team | sess_6a4fe8a4df35 | INFO | [executor3] processing 1 unread messages (steer=True)
2026-08-10 09:05:23 | team | sess_6a4fe8a4df35 | INFO | Message 2cd26f17-07d2-40b7-ad2a-1b03a0e0cb4b marked as read by executor3
2026-08-10 09:06:56 | team | sess_6a4fe8a4df35 | INFO | [executor3] processing 1 unread messages (steer=True)
2026-08-10 09:06:56 | team | sess_6a4fe8a4df35 | INFO | Message e2d50dae-0860-43d4-bb8e-813cfe1f8515 marked as read by executor3
2026-08-10 09:07:21 | team | sess_6a4fe8a4df35 | INFO | Task integrate-app claimed by member executor3
2026-08-10 09:07:21 | team | sess_6a4fe8a4df35 | INFO | Task integrate-app claimed by member executor3
2026-08-10 09:07:37 | team | sess_6a4fe8a4df35 | INFO | [executor3] processing 1 unread messages (steer=True)
2026-08-10 09:07:37 | team | sess_6a4fe8a4df35 | INFO | Message a89a0e15-90ea-46cd-89e0-0cbfc8db0d05 marked as read by executor3
2026-08-10 09:08:11 | team | sess_6a4fe8a4df35 | INFO | [executor3] processing 1 unread messages (steer=True)
2026-08-10 09:08:11 | team | sess_6a4fe8a4df35 | INFO | Message e82c4218-6164-4455-b1a5-20c317cedf58 marked as read by executor3
2026-08-10 09:08:23 | team | sess_6a4fe8a4df35 | INFO | Task integrate-app completed at 1786349303518
2026-08-10 09:08:23 | team | sess_6a4fe8a4df35 | INFO | Resolved 2 dependencies for task integrate-app
2026-08-10 09:08:23 | team | sess_6a4fe8a4df35 | INFO | Task verify-compliance unblocked (all deps resolved)
2026-08-10 09:08:23 | team | sess_6a4fe8a4df35 | INFO | Task verify-security unblocked (all deps resolved)
2026-08-10 09:08:23 | team | sess_6a4fe8a4df35 | INFO | Task integrate-app completed
2026-08-10 09:08:23 | team | sess_6a4fe8a4df35 | INFO | Unblocked 2 tasks
2026-08-10 09:08:35 | team | sess_6a4fe8a4df35 | INFO | Message aa18d7a0-b74d-4334-87a1-609359fd2c14 created
2026-08-10 09:08:35 | team | sess_6a4fe8a4df35 | INFO | Message 7401f962-e558-48b7-a379-78fdf32cb0bf created
2026-08-10 09:08:44 | team | sess_6a4fe8a4df35 | INFO | Message b5e8b4d4-3c66-42e9-b9f6-e67062919efc created
2026-08-10 09:08:56 | team | sess_6a4fe8a4df35 | INFO | [executor3] processing 1 unread messages (steer=True)
2026-08-10 09:08:56 | team | sess_6a4fe8a4df35 | INFO | Message 14d3455e-b5d5-41f4-a651-49cc0b444650 marked as read by executor3
