2026-08-10 09:04:40 | team | sess_6a4fe8a4df35 | INFO | Team workspace directory ensured at /srv/jwteam_clone/shared/run_current
2026-08-10 09:04:40 | team | sess_6a4fe8a4df35 | INFO | AgentTeam manager initialized for jiuwen_team_sess_6a4fe8a4df35, member=team_leader
2026-08-10 09:04:40 | team | sess_6a4fe8a4df35 | INFO | [team_leader] TeamPolicyRail static sections: section_names=['team_role', 'team_workflow', 'team_swarmflow', 'team_lifecycle', 'team_persona']
2026-08-10 09:04:40 | team | sess_6a4fe8a4df35 | INFO | Session tables ready for session sess_6a4fe8a4df35
2026-08-10 09:04:40 | team | sess_6a4fe8a4df35 | INFO | Team database initialized
2026-08-10 09:04:41 | team | default_trace_id | INFO | Team workspace directory ensured at /srv/jwteam_clone/shared/run_current
2026-08-10 09:04:41 | team | default_trace_id | INFO | AgentTeam manager initialized for jiuwen_team_sess_6a4fe8a4df35, member=fullstack1
2026-08-10 09:04:41 | team | default_trace_id | INFO | [fullstack1] TeamPolicyRail static sections: section_names=['team_role', 'team_persona']
2026-08-10 09:04:41 | team | sess_6a4fe8a4df35 | INFO | [fullstack1] invoke start, role=teammate
2026-08-10 09:04:41 | team | sess_6a4fe8a4df35 | INFO | [fullstack1] coordination starting
2026-08-10 09:04:41 | team | sess_6a4fe8a4df35 | INFO | Session tables ready for session sess_6a4fe8a4df35
2026-08-10 09:04:41 | team | sess_6a4fe8a4df35 | INFO | Workspace /srv/jwteam_clone/shared/run_current initialized as plain shared directory (version_control disabled)
2026-08-10 09:04:41 | team | sess_6a4fe8a4df35 | INFO | EventBus[teammate] starting
2026-08-10 09:05:11 | team | sess_6a4fe8a4df35 | INFO | [fullstack1] HITT section refresh: human_agent_names=[]
2026-08-10 09:05:20 | team | sess_6a4fe8a4df35 | INFO | Task plan claimed by member fullstack1
2026-08-10 09:05:20 | team | sess_6a4fe8a4df35 | INFO | Task plan claimed by member fullstack1
2026-08-10 09:05:22 | team | sess_6a4fe8a4df35 | INFO | [fullstack1] processing 1 unread messages (steer=True)
2026-08-10 09:05:23 | team | sess_6a4fe8a4df35 | INFO | Message 2cd26f17-07d2-40b7-ad2a-1b03a0e0cb4b marked as read by fullstack1
2026-08-10 09:05:57 | team | sess_6a4fe8a4df35 | INFO | [fullstack1] processing 1 unread messages (steer=True)
2026-08-10 09:05:57 | team | sess_6a4fe8a4df35 | INFO | Message d00b8ab9-d5ff-47ed-8bbb-5486472344b3 marked as read by fullstack1
2026-08-10 09:06:00 | team | sess_6a4fe8a4df35 | INFO | Message c902f604-4b53-42e0-b776-317e71c55612 created
2026-08-10 09:06:05 | team | sess_6a4fe8a4df35 | INFO | [fullstack1] processing 1 unread messages (steer=True)
2026-08-10 09:06:05 | team | sess_6a4fe8a4df35 | INFO | Message 8c891532-766c-4eae-a340-4ce4308ae300 marked as read by fullstack1
2026-08-10 09:06:09 | team | sess_6a4fe8a4df35 | INFO | Message fb25322f-b8eb-46a4-b7b3-c900617fba73 created
2026-08-10 09:06:13 | team | sess_6a4fe8a4df35 | INFO | [fullstack1] processing 1 unread messages (steer=True)
2026-08-10 09:06:13 | team | sess_6a4fe8a4df35 | INFO | Message d00cb08f-f54c-403f-b3b4-4df148013188 marked as read by fullstack1
2026-08-10 09:06:19 | team | sess_6a4fe8a4df35 | INFO | [fullstack1] processing 1 unread messages (steer=True)
2026-08-10 09:06:19 | team | sess_6a4fe8a4df35 | INFO | Message fe55a6b2-c9aa-4d52-8331-fa9cd3438961 marked as read by fullstack1
2026-08-10 09:06:25 | team | sess_6a4fe8a4df35 | INFO | [fullstack1] processing 1 unread messages (steer=True)
2026-08-10 09:06:25 | team | sess_6a4fe8a4df35 | INFO | Message 9ac5567b-1171-4cf4-9b0a-0937aced3621 marked as read by fullstack1
2026-08-10 09:06:26 | team | sess_6a4fe8a4df35 | INFO | Message 85176016-a808-4310-b157-c7b22fdcab42 created
2026-08-10 09:06:43 | team | sess_6a4fe8a4df35 | INFO | [fullstack1] processing 1 unread messages (steer=True)
2026-08-10 09:06:43 | team | sess_6a4fe8a4df35 | INFO | Message 0887bfee-e196-423d-b0d6-194887b439f9 marked as read by fullstack1
2026-08-10 09:06:56 | team | sess_6a4fe8a4df35 | INFO | Message 3adf3ff0-95f7-4ab3-916f-08207f741db7 created
2026-08-10 09:06:56 | team | sess_6a4fe8a4df35 | INFO | Message e2d50dae-0860-43d4-bb8e-813cfe1f8515 created
2026-08-10 09:06:56 | team | sess_6a4fe8a4df35 | INFO | Message afaa08d7-5669-416e-956e-b9857e55341b created
2026-08-10 09:07:05 | team | sess_6a4fe8a4df35 | INFO | Message 351b9923-7cc5-470c-9e4c-650d007f298d created
2026-08-10 09:07:09 | team | sess_6a4fe8a4df35 | INFO | Task plan completed at 1786349229539
2026-08-10 09:07:09 | team | sess_6a4fe8a4df35 | INFO | Resolved 2 dependencies for task plan
2026-08-10 09:07:09 | team | sess_6a4fe8a4df35 | INFO | Task implement-audit unblocked (all deps resolved)
2026-08-10 09:07:09 | team | sess_6a4fe8a4df35 | INFO | Task integrate-app unblocked (all deps resolved)
2026-08-10 09:07:09 | team | sess_6a4fe8a4df35 | INFO | Task plan completed
2026-08-10 09:07:09 | team | sess_6a4fe8a4df35 | INFO | Unblocked 2 tasks
2026-08-10 09:07:09 | team | sess_6a4fe8a4df35 | INFO | [fullstack1] processing 1 unread messages (steer=True)
2026-08-10 09:07:09 | team | sess_6a4fe8a4df35 | INFO | Message 05bbfa42-5729-4d02-a22a-33866583387e marked as read by fullstack1
2026-08-10 09:07:12 | team | sess_6a4fe8a4df35 | INFO | [fullstack1] processing 1 unread messages (steer=True)
2026-08-10 09:07:12 | team | sess_6a4fe8a4df35 | INFO | Message 65acfc29-0f47-45eb-a10e-01bdf806bdf3 marked as read by fullstack1
2026-08-10 09:07:18 | team | sess_6a4fe8a4df35 | INFO | Message ce6108af-51cc-4882-a3cb-dc384ef68b8b created
2026-08-10 09:07:31 | team | sess_6a4fe8a4df35 | INFO | Message 918a7c0c-e0f6-4190-9a17-67c9ad28b7ca created
2026-08-10 09:07:31 | team | sess_6a4fe8a4df35 | INFO | Message 98f396f7-794b-4fac-a11c-e89367dc369a created
2026-08-10 09:07:33 | team | sess_6a4fe8a4df35 | INFO | [fullstack1] processing 1 unread messages (steer=True)
2026-08-10 09:07:33 | team | sess_6a4fe8a4df35 | INFO | Message f54bc097-dda5-4c3a-96fe-980a01a28409 marked as read by fullstack1
2026-08-10 09:07:37 | team | sess_6a4fe8a4df35 | INFO | [fullstack1] processing 1 unread messages (steer=True)
2026-08-10 09:07:37 | team | sess_6a4fe8a4df35 | INFO | Message f134116c-ec48-4a35-b1f6-e4ea6175ddcb marked as read by fullstack1
2026-08-10 09:07:42 | team | sess_6a4fe8a4df35 | INFO | [fullstack1] processing 1 unread messages (steer=True)
2026-08-10 09:07:42 | team | sess_6a4fe8a4df35 | INFO | Message da6418c5-a309-4655-b488-ca825a3287a7 marked as read by fullstack1
2026-08-10 09:08:11 | team | sess_6a4fe8a4df35 | INFO | Message e82c4218-6164-4455-b1a5-20c317cedf58 created
2026-08-10 09:08:11 | team | sess_6a4fe8a4df35 | INFO | Message 3cad7cc1-b7f0-4373-8311-01a2addb8fd4 created
2026-08-10 09:08:11 | team | sess_6a4fe8a4df35 | INFO | Message 34a29d9d-1e53-4b86-8cad-4fc41540eec2 created
2026-08-10 09:08:21 | team | sess_6a4fe8a4df35 | INFO | Message f8500770-7091-419e-b832-9de0426c5760 created
2026-08-10 09:08:23 | team | sess_6a4fe8a4df35 | INFO | [fullstack1] processing 1 unread messages (steer=True)
2026-08-10 09:08:23 | team | sess_6a4fe8a4df35 | INFO | Message dcca3e86-941c-4199-be19-caa0db564e6e marked as read by fullstack1
2026-08-10 09:08:36 | team | sess_6a4fe8a4df35 | INFO | [fullstack1] processing 1 unread messages (steer=True)
2026-08-10 09:08:36 | team | sess_6a4fe8a4df35 | INFO | Message 7347c883-ba2d-414f-a5ae-a2186e47000b marked as read by fullstack1
2026-08-10 09:08:38 | team | sess_6a4fe8a4df35 | INFO | Message 84caeb47-7ccc-4316-9a24-8d27749ec31c created
2026-08-10 09:08:44 | team | sess_6a4fe8a4df35 | INFO | Message 35407dd4-7bc2-4266-9afe-1ad96895cdab created
