2026-08-10 09:04:36 | team | sess_6a4fe8a4df35 | INFO | Team workspace directory ensured at /srv/jwteam_clone/shared/run_current
2026-08-10 09:04:36 | team | sess_6a4fe8a4df35 | INFO | AgentTeam manager initialized for jiuwen_team_sess_6a4fe8a4df35, member=team_leader
2026-08-10 09:04:36 | team | sess_6a4fe8a4df35 | INFO | [team_leader] TeamPolicyRail static sections: section_names=['team_role', 'team_workflow', 'team_swarmflow', 'team_lifecycle', 'team_persona']
2026-08-10 09:04:36 | team | sess_6a4fe8a4df35 | INFO | Session tables ready for session sess_6a4fe8a4df35
2026-08-10 09:04:36 | team | sess_6a4fe8a4df35 | INFO | Team database initialized
2026-08-10 09:04:36 | team | default_trace_id | INFO | Team workspace directory ensured at /srv/jwteam_clone/shared/run_current
2026-08-10 09:04:36 | team | default_trace_id | INFO | AgentTeam manager initialized for jiuwen_team_sess_6a4fe8a4df35, member=executor2
2026-08-10 09:04:36 | team | default_trace_id | INFO | [executor2] TeamPolicyRail static sections: section_names=['team_role', 'team_persona']
2026-08-10 09:04:37 | team | sess_6a4fe8a4df35 | INFO | [executor2] invoke start, role=teammate
2026-08-10 09:04:37 | team | sess_6a4fe8a4df35 | INFO | [executor2] coordination starting
2026-08-10 09:04:37 | team | sess_6a4fe8a4df35 | INFO | Session tables ready for session sess_6a4fe8a4df35
2026-08-10 09:04:37 | team | sess_6a4fe8a4df35 | INFO | Workspace /srv/jwteam_clone/shared/run_current initialized as plain shared directory (version_control disabled)
2026-08-10 09:04:37 | team | sess_6a4fe8a4df35 | INFO | EventBus[teammate] starting
2026-08-10 09:05:11 | team | sess_6a4fe8a4df35 | INFO | [executor2] HITT section refresh: human_agent_names=[]
2026-08-10 09:05:22 | team | sess_6a4fe8a4df35 | INFO | [executor2] processing 1 unread messages (steer=True)
2026-08-10 09:05:22 | team | sess_6a4fe8a4df35 | INFO | Message 2cd26f17-07d2-40b7-ad2a-1b03a0e0cb4b marked as read by executor2
2026-08-10 09:06:19 | team | sess_6a4fe8a4df35 | INFO | Message ef3c8661-6a73-4fb6-875d-5f44579dc838 created
2026-08-10 09:06:19 | team | sess_6a4fe8a4df35 | INFO | Message fe55a6b2-c9aa-4d52-8331-fa9cd3438961 created
2026-08-10 09:06:38 | team | sess_6a4fe8a4df35 | INFO | [executor2] processing 1 unread messages (steer=True)
2026-08-10 09:06:38 | team | sess_6a4fe8a4df35 | INFO | Message 28329e1b-dfa7-4a5b-b3d6-74aea6ffcf8c marked as read by executor2
2026-08-10 09:06:56 | team | sess_6a4fe8a4df35 | INFO | [executor2] processing 1 unread messages (steer=True)
2026-08-10 09:06:56 | team | sess_6a4fe8a4df35 | INFO | Message 3adf3ff0-95f7-4ab3-916f-08207f741db7 marked as read by executor2
2026-08-10 09:07:09 | team | sess_6a4fe8a4df35 | INFO | Message 05bbfa42-5729-4d02-a22a-33866583387e created
2026-08-10 09:07:31 | team | sess_6a4fe8a4df35 | INFO | [executor2] processing 1 unread messages (steer=True)
2026-08-10 09:07:31 | team | sess_6a4fe8a4df35 | INFO | Message 98f396f7-794b-4fac-a11c-e89367dc369a marked as read by executor2
