2026-08-10 09:04:34 | team | sess_6a4fe8a4df35 | INFO | Team workspace directory ensured at /srv/jwteam_clone/shared/run_current
2026-08-10 09:04:34 | team | sess_6a4fe8a4df35 | INFO | AgentTeam manager initialized for jiuwen_team_sess_6a4fe8a4df35, member=team_leader
2026-08-10 09:04:34 | team | sess_6a4fe8a4df35 | INFO | [team_leader] TeamPolicyRail static sections: section_names=['team_role', 'team_workflow', 'team_swarmflow', 'team_lifecycle', 'team_persona']
2026-08-10 09:04:34 | team | sess_6a4fe8a4df35 | INFO | Session tables ready for session sess_6a4fe8a4df35
2026-08-10 09:04:34 | team | sess_6a4fe8a4df35 | INFO | Team database initialized
2026-08-10 09:04:34 | team | default_trace_id | INFO | Team workspace directory ensured at /srv/jwteam_clone/shared/run_current
2026-08-10 09:04:34 | team | default_trace_id | INFO | AgentTeam manager initialized for jiuwen_team_sess_6a4fe8a4df35, member=planner2
2026-08-10 09:04:34 | team | default_trace_id | INFO | [planner2] TeamPolicyRail static sections: section_names=['team_role', 'team_persona']
2026-08-10 09:04:34 | team | sess_6a4fe8a4df35 | INFO | [planner2] invoke start, role=teammate
2026-08-10 09:04:34 | team | sess_6a4fe8a4df35 | INFO | [planner2] coordination starting
2026-08-10 09:04:34 | team | sess_6a4fe8a4df35 | INFO | Session tables ready for session sess_6a4fe8a4df35
2026-08-10 09:04:34 | team | sess_6a4fe8a4df35 | INFO | Workspace /srv/jwteam_clone/shared/run_current initialized as plain shared directory (version_control disabled)
2026-08-10 09:04:34 | team | sess_6a4fe8a4df35 | INFO | EventBus[teammate] starting
2026-08-10 09:05:11 | team | sess_6a4fe8a4df35 | INFO | [planner2] HITT section refresh: human_agent_names=[]
2026-08-10 09:05:23 | team | sess_6a4fe8a4df35 | INFO | [planner2] processing 1 unread messages (steer=True)
2026-08-10 09:05:23 | team | sess_6a4fe8a4df35 | INFO | Message 2cd26f17-07d2-40b7-ad2a-1b03a0e0cb4b marked as read by planner2
2026-08-10 09:06:13 | team | sess_6a4fe8a4df35 | INFO | Message d00cb08f-f54c-403f-b3b4-4df148013188 created
2026-08-10 09:06:23 | team | sess_6a4fe8a4df35 | INFO | Message 61efd36f-666d-4f9e-9c75-b164e218d320 created
2026-08-10 09:06:38 | team | sess_6a4fe8a4df35 | INFO | [planner2] processing 1 unread messages (steer=True)
2026-08-10 09:06:38 | team | sess_6a4fe8a4df35 | INFO | Message 12f56670-bd2d-44ec-a238-d15e14856f30 marked as read by planner2
2026-08-10 09:06:52 | team | sess_6a4fe8a4df35 | INFO | [planner2] processing 1 unread messages (steer=True)
2026-08-10 09:06:52 | team | sess_6a4fe8a4df35 | INFO | Message 70189055-c543-4fa7-8aba-f5b9fb03ab8f marked as read by planner2
2026-08-10 09:06:56 | team | sess_6a4fe8a4df35 | INFO | [planner2] processing 1 unread messages (steer=True)
2026-08-10 09:06:56 | team | sess_6a4fe8a4df35 | INFO | Message afaa08d7-5669-416e-956e-b9857e55341b marked as read by planner2
2026-08-10 09:07:42 | team | sess_6a4fe8a4df35 | INFO | Message da6418c5-a309-4655-b488-ca825a3287a7 created
2026-08-10 09:08:21 | team | sess_6a4fe8a4df35 | INFO | [planner2] processing 1 unread messages (steer=True)
2026-08-10 09:08:21 | team | sess_6a4fe8a4df35 | INFO | Message f8500770-7091-419e-b832-9de0426c5760 marked as read by planner2
