2026-08-10 09:04:33 | team | sess_6a4fe8a4df35 | INFO | Team workspace directory ensured at /srv/jwteam_clone/shared/run_current
2026-08-10 09:04:33 | team | sess_6a4fe8a4df35 | INFO | AgentTeam manager initialized for jiuwen_team_sess_6a4fe8a4df35, member=team_leader
2026-08-10 09:04:33 | team | sess_6a4fe8a4df35 | INFO | [team_leader] TeamPolicyRail static sections: section_names=['team_role', 'team_workflow', 'team_swarmflow', 'team_lifecycle', 'team_persona']
2026-08-10 09:04:33 | team | sess_6a4fe8a4df35 | INFO | Session tables ready for session sess_6a4fe8a4df35
2026-08-10 09:04:33 | team | sess_6a4fe8a4df35 | INFO | Team database initialized
2026-08-10 09:04:33 | team | default_trace_id | INFO | Team workspace directory ensured at /srv/jwteam_clone/shared/run_current
2026-08-10 09:04:33 | team | default_trace_id | INFO | AgentTeam manager initialized for jiuwen_team_sess_6a4fe8a4df35, member=planner1
2026-08-10 09:04:33 | team | default_trace_id | INFO | [planner1] TeamPolicyRail static sections: section_names=['team_role', 'team_persona']
2026-08-10 09:04:33 | team | sess_6a4fe8a4df35 | INFO | [planner1] invoke start, role=teammate
2026-08-10 09:04:33 | team | sess_6a4fe8a4df35 | INFO | [planner1] coordination starting
2026-08-10 09:04:33 | team | sess_6a4fe8a4df35 | INFO | Session tables ready for session sess_6a4fe8a4df35
2026-08-10 09:04:33 | team | sess_6a4fe8a4df35 | INFO | Workspace /srv/jwteam_clone/shared/run_current initialized as plain shared directory (version_control disabled)
2026-08-10 09:04:33 | team | sess_6a4fe8a4df35 | INFO | EventBus[teammate] starting
2026-08-10 09:05:11 | team | sess_6a4fe8a4df35 | INFO | [planner1] HITT section refresh: human_agent_names=[]
2026-08-10 09:05:22 | team | sess_6a4fe8a4df35 | INFO | [planner1] processing 1 unread messages (steer=True)
2026-08-10 09:05:23 | team | sess_6a4fe8a4df35 | INFO | Message 2cd26f17-07d2-40b7-ad2a-1b03a0e0cb4b marked as read by planner1
2026-08-10 09:05:57 | team | sess_6a4fe8a4df35 | INFO | Message d00b8ab9-d5ff-47ed-8bbb-5486472344b3 created
2026-08-10 09:06:05 | team | sess_6a4fe8a4df35 | INFO | Message 8c891532-766c-4eae-a340-4ce4308ae300 created
2026-08-10 09:06:09 | team | sess_6a4fe8a4df35 | INFO | [planner1] processing 1 unread messages (steer=True)
2026-08-10 09:06:09 | team | sess_6a4fe8a4df35 | INFO | Message fb25322f-b8eb-46a4-b7b3-c900617fba73 marked as read by planner1
2026-08-10 09:06:11 | team | sess_6a4fe8a4df35 | INFO | Message 3c812d67-68ef-41bd-a925-1fbcb7656c5f created
2026-08-10 09:06:25 | team | sess_6a4fe8a4df35 | INFO | Message 9ac5567b-1171-4cf4-9b0a-0937aced3621 created
2026-08-10 09:06:26 | team | sess_6a4fe8a4df35 | INFO | [planner1] processing 1 unread messages (steer=True)
2026-08-10 09:06:26 | team | sess_6a4fe8a4df35 | INFO | Message 85176016-a808-4310-b157-c7b22fdcab42 marked as read by planner1
2026-08-10 09:06:43 | team | sess_6a4fe8a4df35 | INFO | Message 0887bfee-e196-423d-b0d6-194887b439f9 created
2026-08-10 09:06:52 | team | sess_6a4fe8a4df35 | INFO | Message 70189055-c543-4fa7-8aba-f5b9fb03ab8f created
2026-08-10 09:07:05 | team | sess_6a4fe8a4df35 | INFO | [planner1] processing 1 unread messages (steer=True)
2026-08-10 09:07:05 | team | sess_6a4fe8a4df35 | INFO | Message 351b9923-7cc5-470c-9e4c-650d007f298d marked as read by planner1
2026-08-10 09:07:37 | team | sess_6a4fe8a4df35 | INFO | Message f134116c-ec48-4a35-b1f6-e4ea6175ddcb created
2026-08-10 09:07:37 | team | sess_6a4fe8a4df35 | INFO | Message 3a3bb9cd-5a62-47b0-9d9a-510ea9d3e00d created
2026-08-10 09:07:37 | team | sess_6a4fe8a4df35 | INFO | Message a89a0e15-90ea-46cd-89e0-0cbfc8db0d05 created
2026-08-10 09:08:11 | team | sess_6a4fe8a4df35 | INFO | [planner1] processing 1 unread messages (steer=True)
2026-08-10 09:08:11 | team | sess_6a4fe8a4df35 | INFO | Message 34a29d9d-1e53-4b86-8cad-4fc41540eec2 marked as read by planner1
2026-08-10 09:08:23 | team | sess_6a4fe8a4df35 | INFO | Message dcca3e86-941c-4199-be19-caa0db564e6e created
2026-08-10 09:08:36 | team | sess_6a4fe8a4df35 | INFO | [planner1] processing 1 unread messages (steer=True)
2026-08-10 09:08:36 | team | sess_6a4fe8a4df35 | INFO | Message 37a19df2-b467-4193-a0b8-a2183143596f marked as read by planner1
2026-08-10 09:08:38 | team | sess_6a4fe8a4df35 | INFO | [planner1] processing 1 unread messages (steer=True)
2026-08-10 09:08:38 | team | sess_6a4fe8a4df35 | INFO | Message 84caeb47-7ccc-4316-9a24-8d27749ec31c marked as read by planner1
2026-08-10 09:08:48 | team | sess_6a4fe8a4df35 | INFO | Message ebe0c964-db56-4d61-8269-8c913efae7bc created
2026-08-10 09:08:48 | team | sess_6a4fe8a4df35 | INFO | Message 70d9102d-f69e-48ae-bf0a-07d5e9e2e339 created
2026-08-10 09:08:56 | team | sess_6a4fe8a4df35 | INFO | Message edcbeec4-f518-4157-8f41-33af3761b98e created
