2026-08-10 09:04:38 | team | sess_6a4fe8a4df35 | INFO | Team workspace directory ensured at /srv/jwteam_clone/shared/run_current
2026-08-10 09:04:38 | team | sess_6a4fe8a4df35 | INFO | AgentTeam manager initialized for jiuwen_team_sess_6a4fe8a4df35, member=team_leader
2026-08-10 09:04:38 | team | sess_6a4fe8a4df35 | INFO | [team_leader] TeamPolicyRail static sections: section_names=['team_role', 'team_workflow', 'team_swarmflow', 'team_lifecycle', 'team_persona']
2026-08-10 09:04:39 | team | sess_6a4fe8a4df35 | INFO | Session tables ready for session sess_6a4fe8a4df35
2026-08-10 09:04:39 | team | sess_6a4fe8a4df35 | INFO | Team database initialized
2026-08-10 09:04:39 | team | default_trace_id | INFO | Team workspace directory ensured at /srv/jwteam_clone/shared/run_current
2026-08-10 09:04:39 | team | default_trace_id | INFO | AgentTeam manager initialized for jiuwen_team_sess_6a4fe8a4df35, member=verifier1
2026-08-10 09:04:39 | team | default_trace_id | INFO | [verifier1] TeamPolicyRail static sections: section_names=['team_role', 'team_persona']
2026-08-10 09:04:39 | team | sess_6a4fe8a4df35 | INFO | [verifier1] invoke start, role=teammate
2026-08-10 09:04:39 | team | sess_6a4fe8a4df35 | INFO | [verifier1] coordination starting
2026-08-10 09:04:39 | team | sess_6a4fe8a4df35 | INFO | Session tables ready for session sess_6a4fe8a4df35
2026-08-10 09:04:39 | team | sess_6a4fe8a4df35 | INFO | Workspace /srv/jwteam_clone/shared/run_current initialized as plain shared directory (version_control disabled)
2026-08-10 09:04:39 | team | sess_6a4fe8a4df35 | INFO | EventBus[teammate] starting
2026-08-10 09:05:11 | team | sess_6a4fe8a4df35 | INFO | [verifier1] HITT section refresh: human_agent_names=[]
2026-08-10 09:05:23 | team | sess_6a4fe8a4df35 | INFO | [verifier1] processing 1 unread messages (steer=True)
2026-08-10 09:05:23 | team | sess_6a4fe8a4df35 | INFO | Message 2cd26f17-07d2-40b7-ad2a-1b03a0e0cb4b marked as read by verifier1
2026-08-10 09:06:05 | team | sess_6a4fe8a4df35 | INFO | [verifier1] processing 1 unread messages (steer=True)
2026-08-10 09:06:05 | team | sess_6a4fe8a4df35 | INFO | Message eb9cbd88-fc16-4b59-9780-443aff5dbe2f marked as read by verifier1
2026-08-10 09:06:07 | team | sess_6a4fe8a4df35 | INFO | Message 9f2581e7-9c27-48a8-a5b3-b2dcacde3559 created
2026-08-10 09:06:18 | team | sess_6a4fe8a4df35 | INFO | Message a04d951a-4e9e-4c74-a244-4868a0c0b55f created
2026-08-10 09:06:32 | team | sess_6a4fe8a4df35 | INFO | [verifier1] processing 1 unread messages (steer=True)
2026-08-10 09:06:32 | team | sess_6a4fe8a4df35 | INFO | Message 4f41f3d1-ea47-4478-9000-84ecb4ce4a18 marked as read by verifier1
2026-08-10 09:06:55 | team | sess_6a4fe8a4df35 | INFO | [verifier1] processing 1 unread messages (steer=True)
2026-08-10 09:06:55 | team | sess_6a4fe8a4df35 | INFO | Message b8d66ef9-b9c5-4f87-86a6-5090033e3c5a marked as read by verifier1
2026-08-10 09:07:28 | team | sess_6a4fe8a4df35 | INFO | Message 926605ad-851f-4861-8759-0a4556debb50 created
2026-08-10 09:08:28 | team | sess_6a4fe8a4df35 | INFO | [verifier1] received TASK_CLAIMED for self, task_id=verify-compliance, human_agent=False
2026-08-10 09:08:35 | team | sess_6a4fe8a4df35 | INFO | [verifier1] processing 1 unread messages (steer=True)
2026-08-10 09:08:35 | team | sess_6a4fe8a4df35 | INFO | Message 7401f962-e558-48b7-a379-78fdf32cb0bf marked as read by verifier1
2026-08-10 09:08:48 | team | sess_6a4fe8a4df35 | INFO | [verifier1] processing 1 unread messages (steer=True)
2026-08-10 09:08:48 | team | sess_6a4fe8a4df35 | INFO | Message ebe0c964-db56-4d61-8269-8c913efae7bc marked as read by verifier1
