2026-08-10 09:04:40 | team | sess_6a4fe8a4df35 | INFO | Team workspace directory ensured at /srv/jwteam_clone/shared/run_current
2026-08-10 09:04:40 | team | sess_6a4fe8a4df35 | INFO | AgentTeam manager initialized for jiuwen_team_sess_6a4fe8a4df35, member=team_leader
2026-08-10 09:04:40 | team | sess_6a4fe8a4df35 | INFO | [team_leader] TeamPolicyRail static sections: section_names=['team_role', 'team_workflow', 'team_swarmflow', 'team_lifecycle', 'team_persona']
2026-08-10 09:04:40 | team | sess_6a4fe8a4df35 | INFO | Session tables ready for session sess_6a4fe8a4df35
2026-08-10 09:04:40 | team | sess_6a4fe8a4df35 | INFO | Team database initialized
2026-08-10 09:04:40 | team | default_trace_id | INFO | Team workspace directory ensured at /srv/jwteam_clone/shared/run_current
2026-08-10 09:04:40 | team | default_trace_id | INFO | AgentTeam manager initialized for jiuwen_team_sess_6a4fe8a4df35, member=verifier2
2026-08-10 09:04:40 | team | default_trace_id | INFO | [verifier2] TeamPolicyRail static sections: section_names=['team_role', 'team_persona']
2026-08-10 09:04:40 | team | sess_6a4fe8a4df35 | INFO | [verifier2] invoke start, role=teammate
2026-08-10 09:04:40 | team | sess_6a4fe8a4df35 | INFO | [verifier2] coordination starting
2026-08-10 09:04:40 | team | sess_6a4fe8a4df35 | INFO | Session tables ready for session sess_6a4fe8a4df35
2026-08-10 09:04:40 | team | sess_6a4fe8a4df35 | INFO | Workspace /srv/jwteam_clone/shared/run_current initialized as plain shared directory (version_control disabled)
2026-08-10 09:04:40 | team | sess_6a4fe8a4df35 | INFO | EventBus[teammate] starting
2026-08-10 09:05:11 | team | sess_6a4fe8a4df35 | INFO | [verifier2] HITT section refresh: human_agent_names=[]
2026-08-10 09:05:22 | team | sess_6a4fe8a4df35 | INFO | [verifier2] processing 1 unread messages (steer=True)
2026-08-10 09:05:23 | team | sess_6a4fe8a4df35 | INFO | Message 2cd26f17-07d2-40b7-ad2a-1b03a0e0cb4b marked as read by verifier2
2026-08-10 09:06:05 | team | sess_6a4fe8a4df35 | INFO | Message eb9cbd88-fc16-4b59-9780-443aff5dbe2f created
2026-08-10 09:06:18 | team | sess_6a4fe8a4df35 | INFO | [verifier2] processing 1 unread messages (steer=True)
2026-08-10 09:06:18 | team | sess_6a4fe8a4df35 | INFO | Message a04d951a-4e9e-4c74-a244-4868a0c0b55f marked as read by verifier2
2026-08-10 09:06:32 | team | sess_6a4fe8a4df35 | INFO | Message 4f41f3d1-ea47-4478-9000-84ecb4ce4a18 created
2026-08-10 09:06:55 | team | sess_6a4fe8a4df35 | INFO | [verifier2] processing 1 unread messages (steer=True)
2026-08-10 09:06:55 | team | sess_6a4fe8a4df35 | INFO | Message 3e9025cd-63d8-425c-a6e6-b1ae289ef5f0 marked as read by verifier2
2026-08-10 09:07:55 | team | sess_6a4fe8a4df35 | INFO | Message a21cd17c-8d52-4148-b7ae-82bce6e00363 created
2026-08-10 09:08:28 | team | sess_6a4fe8a4df35 | INFO | Task verify-security claimed by member verifier2
2026-08-10 09:08:28 | team | sess_6a4fe8a4df35 | INFO | Task verify-security claimed by member verifier2
2026-08-10 09:08:35 | team | sess_6a4fe8a4df35 | INFO | [verifier2] processing 1 unread messages (steer=True)
2026-08-10 09:08:35 | team | sess_6a4fe8a4df35 | INFO | Message aa18d7a0-b74d-4334-87a1-609359fd2c14 marked as read by verifier2
2026-08-10 09:08:36 | team | sess_6a4fe8a4df35 | INFO | [verifier2] processing 1 unread messages (steer=True)
2026-08-10 09:08:36 | team | sess_6a4fe8a4df35 | INFO | Message 9f90d53c-32ea-4f39-9bf9-7bc8c44043d6 marked as read by verifier2
2026-08-10 09:08:48 | team | sess_6a4fe8a4df35 | INFO | [verifier2] processing 1 unread messages (steer=True)
2026-08-10 09:08:48 | team | sess_6a4fe8a4df35 | INFO | Message 70d9102d-f69e-48ae-bf0a-07d5e9e2e339 marked as read by verifier2
