2026-08-08 00:11:54 | team | sess_2c12dcb041b4 | INFO | Team workspace directory ensured at /srv/jwteam_clone/shared/run_current
2026-08-08 00:11:54 | team | sess_2c12dcb041b4 | INFO | AgentTeam manager initialized for jiuwen_team_sess_2c12dcb041b4, member=team_leader
2026-08-08 00:11:54 | team | sess_2c12dcb041b4 | INFO | [team_leader] TeamPolicyRail static sections: section_names=['team_role', 'team_workflow', 'team_swarmflow', 'team_lifecycle', 'team_persona']
2026-08-08 00:11:55 | team | sess_2c12dcb041b4 | INFO | Session tables ready for session sess_2c12dcb041b4
2026-08-08 00:11:55 | team | sess_2c12dcb041b4 | INFO | Team database initialized
2026-08-08 00:11:55 | team | default_trace_id | INFO | Team workspace directory ensured at /srv/jwteam_clone/shared/run_current
2026-08-08 00:11:55 | team | default_trace_id | INFO | AgentTeam manager initialized for jiuwen_team_sess_2c12dcb041b4, member=verifier2
2026-08-08 00:11:55 | team | default_trace_id | INFO | [verifier2] TeamPolicyRail static sections: section_names=['team_role', 'team_persona']
2026-08-08 00:11:55 | team | sess_2c12dcb041b4 | INFO | [verifier2] invoke start, role=teammate
2026-08-08 00:11:55 | team | sess_2c12dcb041b4 | INFO | [verifier2] coordination starting
2026-08-08 00:11:55 | team | sess_2c12dcb041b4 | INFO | Session tables ready for session sess_2c12dcb041b4
2026-08-08 00:11:55 | team | sess_2c12dcb041b4 | INFO | Workspace /srv/jwteam_clone/shared/run_current initialized as plain shared directory (version_control disabled)
2026-08-08 00:11:55 | team | sess_2c12dcb041b4 | INFO | EventBus[teammate] starting
2026-08-08 00:12:12 | team | sess_2c12dcb041b4 | INFO | [verifier2] HITT section refresh: human_agent_names=[]
2026-08-08 00:12:21 | team | sess_2c12dcb041b4 | INFO | [verifier2] processing 1 unread messages (steer=True)
2026-08-08 00:12:21 | team | sess_2c12dcb041b4 | INFO | Message e143c3ef-2254-4e5e-b5b1-9522dce7527f marked as read by verifier2
2026-08-08 00:14:12 | team | sess_2c12dcb041b4 | INFO | Task verify claimed by member verifier2
2026-08-08 00:14:12 | team | sess_2c12dcb041b4 | INFO | Task verify claimed by member verifier2
2026-08-08 00:24:19 | team | sess_2c12dcb041b4 | INFO | [verifier2] processing 1 unread messages (steer=True)
2026-08-08 00:24:19 | team | sess_2c12dcb041b4 | INFO | Message 7dd29763-3e13-4ced-a4ef-e3effee6e75e marked as read by verifier2
2026-08-08 00:24:25 | team | sess_2c12dcb041b4 | INFO | [verifier2] self-nudged stale claimed task verify
