2026-08-08 00:11:53 | team | sess_2c12dcb041b4 | INFO | Team workspace directory ensured at /srv/jwteam_clone/shared/run_current
2026-08-08 00:11:53 | team | sess_2c12dcb041b4 | INFO | AgentTeam manager initialized for jiuwen_team_sess_2c12dcb041b4, member=team_leader
2026-08-08 00:11:53 | team | sess_2c12dcb041b4 | INFO | [team_leader] TeamPolicyRail static sections: section_names=['team_role', 'team_workflow', 'team_swarmflow', 'team_lifecycle', 'team_persona']
2026-08-08 00:11:53 | team | sess_2c12dcb041b4 | INFO | Session tables ready for session sess_2c12dcb041b4
2026-08-08 00:11:53 | team | sess_2c12dcb041b4 | INFO | Team database initialized
2026-08-08 00:11:53 | team | default_trace_id | INFO | Team workspace directory ensured at /srv/jwteam_clone/shared/run_current
2026-08-08 00:11:53 | team | default_trace_id | INFO | AgentTeam manager initialized for jiuwen_team_sess_2c12dcb041b4, member=verifier1
2026-08-08 00:11:53 | team | default_trace_id | INFO | [verifier1] TeamPolicyRail static sections: section_names=['team_role', 'team_persona']
2026-08-08 00:11:54 | team | sess_2c12dcb041b4 | INFO | [verifier1] invoke start, role=teammate
2026-08-08 00:11:54 | team | sess_2c12dcb041b4 | INFO | [verifier1] coordination starting
2026-08-08 00:11:54 | team | sess_2c12dcb041b4 | INFO | Session tables ready for session sess_2c12dcb041b4
2026-08-08 00:11:54 | team | sess_2c12dcb041b4 | INFO | Workspace /srv/jwteam_clone/shared/run_current initialized as plain shared directory (version_control disabled)
2026-08-08 00:11:54 | team | sess_2c12dcb041b4 | INFO | EventBus[teammate] starting
2026-08-08 00:12:12 | team | sess_2c12dcb041b4 | INFO | [verifier1] HITT section refresh: human_agent_names=[]
2026-08-08 00:12:21 | team | sess_2c12dcb041b4 | INFO | [verifier1] processing 1 unread messages (steer=True)
2026-08-08 00:12:21 | team | sess_2c12dcb041b4 | INFO | Message e143c3ef-2254-4e5e-b5b1-9522dce7527f marked as read by verifier1
2026-08-08 00:14:01 | team | sess_2c12dcb041b4 | INFO | [verifier1] processing 1 unread messages (steer=True)
2026-08-08 00:14:02 | team | sess_2c12dcb041b4 | INFO | Message 78a615a0-d4d9-473a-ac23-5b509a79f87a marked as read by verifier1
2026-08-08 00:14:02 | team | sess_2c12dcb041b4 | INFO | [verifier1] processing 1 unread messages (steer=True)
2026-08-08 00:14:02 | team | sess_2c12dcb041b4 | INFO | Message fdf97ad8-89d8-4389-bf5e-9748eaa9d5b9 marked as read by verifier1
2026-08-08 00:14:46 | team | sess_2c12dcb041b4 | INFO | Message beec375c-ae5b-4a1a-a2f4-6847ded60e7f created
