2026-08-08 00:11:48 | team | sess_2c12dcb041b4 | INFO | Team workspace directory ensured at /srv/jwteam_clone/shared/run_current
2026-08-08 00:11:48 | team | sess_2c12dcb041b4 | INFO | AgentTeam manager initialized for jiuwen_team_sess_2c12dcb041b4, member=team_leader
2026-08-08 00:11:48 | team | sess_2c12dcb041b4 | INFO | [team_leader] TeamPolicyRail static sections: section_names=['team_role', 'team_workflow', 'team_swarmflow', 'team_lifecycle', 'team_persona']
2026-08-08 00:11:48 | team | sess_2c12dcb041b4 | INFO | Session tables ready for session sess_2c12dcb041b4
2026-08-08 00:11:48 | team | sess_2c12dcb041b4 | INFO | Team database initialized
2026-08-08 00:11:48 | team | default_trace_id | INFO | Team workspace directory ensured at /srv/jwteam_clone/shared/run_current
2026-08-08 00:11:48 | team | default_trace_id | INFO | AgentTeam manager initialized for jiuwen_team_sess_2c12dcb041b4, member=planner1
2026-08-08 00:11:48 | team | default_trace_id | INFO | [planner1] TeamPolicyRail static sections: section_names=['team_role', 'team_persona']
2026-08-08 00:11:48 | team | sess_2c12dcb041b4 | INFO | [planner1] invoke start, role=teammate
2026-08-08 00:11:48 | team | sess_2c12dcb041b4 | INFO | [planner1] coordination starting
2026-08-08 00:11:48 | team | sess_2c12dcb041b4 | INFO | Session tables ready for session sess_2c12dcb041b4
2026-08-08 00:11:48 | team | sess_2c12dcb041b4 | INFO | Workspace /srv/jwteam_clone/shared/run_current initialized as plain shared directory (version_control disabled)
2026-08-08 00:11:48 | team | sess_2c12dcb041b4 | INFO | EventBus[teammate] starting
2026-08-08 00:12:12 | team | sess_2c12dcb041b4 | INFO | [planner1] HITT section refresh: human_agent_names=[]
2026-08-08 00:12:21 | team | sess_2c12dcb041b4 | INFO | [planner1] processing 1 unread messages (steer=True)
2026-08-08 00:12:21 | team | sess_2c12dcb041b4 | INFO | Message e143c3ef-2254-4e5e-b5b1-9522dce7527f marked as read by planner1
2026-08-08 00:12:22 | team | sess_2c12dcb041b4 | INFO | Task plan claimed by member planner1
2026-08-08 00:12:22 | team | sess_2c12dcb041b4 | INFO | Task plan claimed by member planner1
2026-08-08 00:12:35 | team | sess_2c12dcb041b4 | INFO | [planner1] processing 1 unread messages (steer=True)
2026-08-08 00:12:35 | team | sess_2c12dcb041b4 | INFO | Message dbe2bad8-85b1-477e-88d8-247d2538415c marked as read by planner1
2026-08-08 00:13:11 | team | sess_2c12dcb041b4 | INFO | Message 03abc585-353a-4397-a9dc-d91ece4eb5f5 created
2026-08-08 00:13:11 | team | sess_2c12dcb041b4 | INFO | Message 64cd91ba-6ac2-4c3e-9ae2-a4b97ee7765d created
2026-08-08 00:13:17 | team | sess_2c12dcb041b4 | INFO | Task plan completed at 1786144397507
2026-08-08 00:13:17 | team | sess_2c12dcb041b4 | INFO | Message db805224-3240-42d9-bec5-14c3ce80f60b created
2026-08-08 00:13:17 | team | sess_2c12dcb041b4 | INFO | Resolved 2 dependencies for task plan
2026-08-08 00:13:17 | team | sess_2c12dcb041b4 | INFO | Task implement-errors unblocked (all deps resolved)
2026-08-08 00:13:17 | team | sess_2c12dcb041b4 | INFO | Task implement-translator unblocked (all deps resolved)
2026-08-08 00:13:17 | team | sess_2c12dcb041b4 | INFO | Task plan completed
2026-08-08 00:13:17 | team | sess_2c12dcb041b4 | INFO | Unblocked 2 tasks
