2026-08-08 00:11:48 | team | sess_2c12dcb041b4 | INFO | Team workspace directory ensured at /srv/jwteam_clone/shared/run_current
2026-08-08 00:11:48 | team | sess_2c12dcb041b4 | INFO | AgentTeam manager initialized for jiuwen_team_sess_2c12dcb041b4, member=team_leader
2026-08-08 00:11:48 | team | sess_2c12dcb041b4 | INFO | [team_leader] TeamPolicyRail static sections: section_names=['team_role', 'team_workflow', 'team_swarmflow', 'team_lifecycle', 'team_persona']
2026-08-08 00:11:48 | team | sess_2c12dcb041b4 | INFO | Session tables ready for session sess_2c12dcb041b4
2026-08-08 00:11:48 | team | sess_2c12dcb041b4 | INFO | Team database initialized
2026-08-08 00:11:49 | team | default_trace_id | INFO | Team workspace directory ensured at /srv/jwteam_clone/shared/run_current
2026-08-08 00:11:49 | team | default_trace_id | INFO | AgentTeam manager initialized for jiuwen_team_sess_2c12dcb041b4, member=planner2
2026-08-08 00:11:49 | team | default_trace_id | INFO | [planner2] TeamPolicyRail static sections: section_names=['team_role', 'team_persona']
2026-08-08 00:11:49 | team | sess_2c12dcb041b4 | INFO | [planner2] invoke start, role=teammate
2026-08-08 00:11:49 | team | sess_2c12dcb041b4 | INFO | [planner2] coordination starting
2026-08-08 00:11:49 | team | sess_2c12dcb041b4 | INFO | Session tables ready for session sess_2c12dcb041b4
2026-08-08 00:11:49 | team | sess_2c12dcb041b4 | INFO | Workspace /srv/jwteam_clone/shared/run_current initialized as plain shared directory (version_control disabled)
2026-08-08 00:11:49 | team | sess_2c12dcb041b4 | INFO | EventBus[teammate] starting
2026-08-08 00:12:12 | team | sess_2c12dcb041b4 | INFO | [planner2] HITT section refresh: human_agent_names=[]
2026-08-08 00:12:21 | team | sess_2c12dcb041b4 | INFO | [planner2] processing 1 unread messages (steer=True)
2026-08-08 00:12:21 | team | sess_2c12dcb041b4 | INFO | Message e143c3ef-2254-4e5e-b5b1-9522dce7527f marked as read by planner2
2026-08-08 00:12:35 | team | sess_2c12dcb041b4 | INFO | [planner2] processing 1 unread messages (steer=True)
2026-08-08 00:12:35 | team | sess_2c12dcb041b4 | INFO | Message 926734a2-f091-4fd0-bf70-2128c03126f7 marked as read by planner2
2026-08-08 00:12:36 | team | sess_2c12dcb041b4 | INFO | Message 17a77048-6690-4d1d-827a-08bcf5afc2d9 created
2026-08-08 00:12:46 | team | sess_2c12dcb041b4 | INFO | [planner2] processing 1 unread messages (steer=True)
2026-08-08 00:12:46 | team | sess_2c12dcb041b4 | INFO | Message 1b229b54-49b7-4ecf-af82-0e5fc10c1a7a marked as read by planner2
2026-08-08 00:12:47 | team | sess_2c12dcb041b4 | INFO | Message b497deda-a2c5-433c-add2-35dff20d8760 created
2026-08-08 00:12:57 | team | sess_2c12dcb041b4 | INFO | [planner2] processing 1 unread messages (steer=True)
2026-08-08 00:12:57 | team | sess_2c12dcb041b4 | INFO | Message e1adff5a-ddee-4ad2-aa4e-11fc52a84f69 marked as read by planner2
2026-08-08 00:13:00 | team | sess_2c12dcb041b4 | INFO | Message fe37e503-e0de-4152-aa96-18038bc027a2 created
2026-08-08 00:13:04 | team | sess_2c12dcb041b4 | INFO | [planner2] processing 1 unread messages (steer=True)
2026-08-08 00:13:05 | team | sess_2c12dcb041b4 | INFO | Message 3e4fba02-ef9c-4708-a3b8-42483d719501 marked as read by planner2
