2026-08-08 00:11:50 | team | sess_2c12dcb041b4 | INFO | Team workspace directory ensured at /srv/jwteam_clone/shared/run_current
2026-08-08 00:11:50 | team | sess_2c12dcb041b4 | INFO | AgentTeam manager initialized for jiuwen_team_sess_2c12dcb041b4, member=team_leader
2026-08-08 00:11:50 | team | sess_2c12dcb041b4 | INFO | [team_leader] TeamPolicyRail static sections: section_names=['team_role', 'team_workflow', 'team_swarmflow', 'team_lifecycle', 'team_persona']
2026-08-08 00:11:50 | team | sess_2c12dcb041b4 | INFO | Session tables ready for session sess_2c12dcb041b4
2026-08-08 00:11:50 | team | sess_2c12dcb041b4 | INFO | Team database initialized
2026-08-08 00:11:50 | team | default_trace_id | INFO | Team workspace directory ensured at /srv/jwteam_clone/shared/run_current
2026-08-08 00:11:50 | team | default_trace_id | INFO | AgentTeam manager initialized for jiuwen_team_sess_2c12dcb041b4, member=executor1
2026-08-08 00:11:50 | team | default_trace_id | INFO | [executor1] TeamPolicyRail static sections: section_names=['team_role', 'team_persona']
2026-08-08 00:11:50 | team | sess_2c12dcb041b4 | INFO | [executor1] invoke start, role=teammate
2026-08-08 00:11:50 | team | sess_2c12dcb041b4 | INFO | [executor1] coordination starting
2026-08-08 00:11:50 | team | sess_2c12dcb041b4 | INFO | Session tables ready for session sess_2c12dcb041b4
2026-08-08 00:11:50 | team | sess_2c12dcb041b4 | INFO | Workspace /srv/jwteam_clone/shared/run_current initialized as plain shared directory (version_control disabled)
2026-08-08 00:11:50 | team | sess_2c12dcb041b4 | INFO | EventBus[teammate] starting
2026-08-08 00:12:12 | team | sess_2c12dcb041b4 | INFO | [executor1] HITT section refresh: human_agent_names=[]
2026-08-08 00:12:21 | team | sess_2c12dcb041b4 | INFO | [executor1] processing 1 unread messages (steer=True)
2026-08-08 00:12:21 | team | sess_2c12dcb041b4 | INFO | Message e143c3ef-2254-4e5e-b5b1-9522dce7527f marked as read by executor1
2026-08-08 00:12:35 | team | sess_2c12dcb041b4 | INFO | Message dbe2bad8-85b1-477e-88d8-247d2538415c created
2026-08-08 00:12:35 | team | sess_2c12dcb041b4 | INFO | Message 1158ba95-8ffb-4aa5-9121-5a0b196ae0ef created
2026-08-08 00:12:35 | team | sess_2c12dcb041b4 | INFO | Message 926734a2-f091-4fd0-bf70-2128c03126f7 created
2026-08-08 00:12:46 | team | sess_2c12dcb041b4 | INFO | [executor1] processing 1 unread messages (steer=True)
2026-08-08 00:12:46 | team | sess_2c12dcb041b4 | INFO | Message 5fe6e165-9a1c-41f0-8914-75dd1c205062 marked as read by executor1
2026-08-08 00:12:47 | team | sess_2c12dcb041b4 | INFO | [executor1] processing 1 unread messages (steer=True)
2026-08-08 00:12:47 | team | sess_2c12dcb041b4 | INFO | Message b497deda-a2c5-433c-add2-35dff20d8760 marked as read by executor1
2026-08-08 00:12:57 | team | sess_2c12dcb041b4 | INFO | Message e1adff5a-ddee-4ad2-aa4e-11fc52a84f69 created
2026-08-08 00:13:00 | team | sess_2c12dcb041b4 | INFO | [executor1] processing 1 unread messages (steer=True)
2026-08-08 00:13:00 | team | sess_2c12dcb041b4 | INFO | Message fe37e503-e0de-4152-aa96-18038bc027a2 marked as read by executor1
2026-08-08 00:13:04 | team | sess_2c12dcb041b4 | INFO | Message 3e4fba02-ef9c-4708-a3b8-42483d719501 created
2026-08-08 00:13:11 | team | sess_2c12dcb041b4 | INFO | [executor1] processing 1 unread messages (steer=True)
2026-08-08 00:13:11 | team | sess_2c12dcb041b4 | INFO | Message 64cd91ba-6ac2-4c3e-9ae2-a4b97ee7765d marked as read by executor1
2026-08-08 00:13:22 | team | sess_2c12dcb041b4 | INFO | Task implement-translator claimed by member executor1
2026-08-08 00:13:22 | team | sess_2c12dcb041b4 | INFO | Task implement-translator claimed by member executor1
2026-08-08 00:14:02 | team | sess_2c12dcb041b4 | INFO | Task implement-translator completed at 1786144442248
2026-08-08 00:14:02 | team | sess_2c12dcb041b4 | INFO | Message fdf97ad8-89d8-4389-bf5e-9748eaa9d5b9 created
2026-08-08 00:14:02 | team | sess_2c12dcb041b4 | INFO | Resolved 1 dependencies for task implement-translator
2026-08-08 00:14:02 | team | sess_2c12dcb041b4 | INFO | Task verify unblocked (all deps resolved)
2026-08-08 00:14:02 | team | sess_2c12dcb041b4 | INFO | Task implement-translator completed
2026-08-08 00:14:02 | team | sess_2c12dcb041b4 | INFO | Unblocked 1 tasks
2026-08-08 00:14:08 | team | sess_2c12dcb041b4 | INFO | Message 16bb1eb7-594a-4d7f-99c3-de6e3edbd2b0 created
