2026-08-08 14:34:02 | team | sess_5a3e2d04e373 | INFO | Team workspace directory ensured at /srv/jwteam_clone/shared/run_current
2026-08-08 14:34:02 | team | sess_5a3e2d04e373 | INFO | AgentTeam manager initialized for jiuwen_team_sess_5a3e2d04e373, member=team_leader
2026-08-08 14:34:02 | team | sess_5a3e2d04e373 | INFO | [team_leader] TeamPolicyRail static sections: section_names=['team_role', 'team_workflow', 'team_swarmflow', 'team_lifecycle', 'team_persona']
2026-08-08 14:34:03 | team | sess_5a3e2d04e373 | INFO | Session tables ready for session sess_5a3e2d04e373
2026-08-08 14:34:03 | team | sess_5a3e2d04e373 | INFO | Team database initialized
2026-08-08 14:34:03 | team | default_trace_id | INFO | Team workspace directory ensured at /srv/jwteam_clone/shared/run_current
2026-08-08 14:34:03 | team | default_trace_id | INFO | AgentTeam manager initialized for jiuwen_team_sess_5a3e2d04e373, member=executor3
2026-08-08 14:34:03 | team | default_trace_id | INFO | [executor3] TeamPolicyRail static sections: section_names=['team_role', 'team_persona']
2026-08-08 14:34:03 | team | sess_5a3e2d04e373 | INFO | [executor3] invoke start, role=teammate
2026-08-08 14:34:03 | team | sess_5a3e2d04e373 | INFO | [executor3] coordination starting
2026-08-08 14:34:03 | team | sess_5a3e2d04e373 | INFO | Session tables ready for session sess_5a3e2d04e373
2026-08-08 14:34:03 | team | sess_5a3e2d04e373 | INFO | Workspace /srv/jwteam_clone/shared/run_current initialized as plain shared directory (version_control disabled)
2026-08-08 14:34:03 | team | sess_5a3e2d04e373 | INFO | EventBus[teammate] starting
2026-08-08 14:34:26 | team | sess_5a3e2d04e373 | INFO | [executor3] HITT section refresh: human_agent_names=[]
2026-08-08 14:34:55 | team | sess_5a3e2d04e373 | INFO | Message 23f375fa-1885-4d46-ad29-8106df21c929 created
2026-08-08 14:35:28 | team | sess_5a3e2d04e373 | INFO | Task pipe3-impl claimed by member executor3
2026-08-08 14:35:28 | team | sess_5a3e2d04e373 | INFO | Task pipe3-impl claimed by member executor3
2026-08-08 14:35:32 | team | sess_5a3e2d04e373 | INFO | Message fcf44bd6-c6e3-4c86-aaf7-fa3b1828d977 created
2026-08-08 14:35:48 | team | sess_5a3e2d04e373 | INFO | [executor3] processing 1 unread messages (steer=True)
2026-08-08 14:35:48 | team | sess_5a3e2d04e373 | INFO | Message 27efa13b-64c7-4442-bd09-ff755d90a7e7 marked as read by executor3
2026-08-08 14:35:51 | team | sess_5a3e2d04e373 | INFO | [executor3] processing 1 unread messages (steer=True)
2026-08-08 14:35:51 | team | sess_5a3e2d04e373 | INFO | Message 1b5311a7-3d54-40e9-a1e6-221f443b79c2 marked as read by executor3
2026-08-08 14:36:59 | team | sess_5a3e2d04e373 | INFO | [executor3] processing 1 unread messages (steer=True)
2026-08-08 14:36:59 | team | sess_5a3e2d04e373 | INFO | Message 4a640355-a11e-4d17-86ed-7b46ae500a75 marked as read by executor3
2026-08-08 14:47:09 | team | sess_5a3e2d04e373 | INFO | Message a261b812-db5f-45f3-ac91-c8b163bb8517 created
2026-08-08 14:47:22 | team | sess_5a3e2d04e373 | INFO | Message 3cbad211-1e97-461f-9dc7-a971cde11ca5 created
2026-08-08 14:54:23 | team | sess_5a3e2d04e373 | INFO | Message 46ca6a9d-18c7-46ed-bd09-f8e0baa74550 created
2026-08-08 14:56:21 | team | sess_5a3e2d04e373 | INFO | task list drained for team jiuwen_team_sess_5a3e2d04e373: 6 terminal task(s)
2026-08-08 14:56:34 | team | sess_5a3e2d04e373 | INFO | [executor3] processing 1 unread messages (steer=True)
2026-08-08 14:56:35 | team | sess_5a3e2d04e373 | INFO | Message 98cd946e-191f-4500-9c94-d2c2eef7462f marked as read by executor3
2026-08-08 14:56:39 | team | sess_5a3e2d04e373 | INFO | Message 9459f62e-7af0-420a-a191-454713263700 created
2026-08-08 14:57:12 | team | sess_5a3e2d04e373 | INFO | team jiuwen_team_sess_5a3e2d04e373 reported completed: 9 members, 6 tasks
2026-08-08 14:57:13 | team | sess_5a3e2d04e373 | INFO | [executor3] received TEAM_STANDBY, pausing polls
2026-08-08 14:57:13 | team | sess_5a3e2d04e373 | INFO | EventBus[teammate] pausing polls
