2026-08-08 14:34:05 | team | sess_5a3e2d04e373 | INFO | Team workspace directory ensured at /srv/jwteam_clone/shared/run_current
2026-08-08 14:34:05 | team | sess_5a3e2d04e373 | INFO | AgentTeam manager initialized for jiuwen_team_sess_5a3e2d04e373, member=team_leader
2026-08-08 14:34:05 | team | sess_5a3e2d04e373 | INFO | [team_leader] TeamPolicyRail static sections: section_names=['team_role', 'team_workflow', 'team_swarmflow', 'team_lifecycle', 'team_persona']
2026-08-08 14:34:05 | team | sess_5a3e2d04e373 | INFO | Session tables ready for session sess_5a3e2d04e373
2026-08-08 14:34:05 | team | sess_5a3e2d04e373 | INFO | Team database initialized
2026-08-08 14:34:05 | team | default_trace_id | INFO | Team workspace directory ensured at /srv/jwteam_clone/shared/run_current
2026-08-08 14:34:05 | team | default_trace_id | INFO | AgentTeam manager initialized for jiuwen_team_sess_5a3e2d04e373, member=fullstack1
2026-08-08 14:34:05 | team | default_trace_id | INFO | [fullstack1] TeamPolicyRail static sections: section_names=['team_role', 'team_persona']
2026-08-08 14:34:05 | team | sess_5a3e2d04e373 | INFO | [fullstack1] invoke start, role=teammate
2026-08-08 14:34:05 | team | sess_5a3e2d04e373 | INFO | [fullstack1] coordination starting
2026-08-08 14:34:05 | team | sess_5a3e2d04e373 | INFO | Session tables ready for session sess_5a3e2d04e373
2026-08-08 14:34:05 | team | sess_5a3e2d04e373 | INFO | Workspace /srv/jwteam_clone/shared/run_current initialized as plain shared directory (version_control disabled)
2026-08-08 14:34:05 | team | sess_5a3e2d04e373 | INFO | EventBus[teammate] starting
2026-08-08 14:34:26 | team | sess_5a3e2d04e373 | INFO | [fullstack1] HITT section refresh: human_agent_names=[]
2026-08-08 14:36:00 | team | sess_5a3e2d04e373 | INFO | Task lh5-impl claimed by member fullstack1
2026-08-08 14:36:00 | team | sess_5a3e2d04e373 | INFO | Task lh5-impl claimed by member fullstack1
2026-08-08 14:36:02 | team | sess_5a3e2d04e373 | INFO | [fullstack1] processing 1 unread messages (steer=True)
2026-08-08 14:36:02 | team | sess_5a3e2d04e373 | INFO | Message f336bb17-9c21-4c71-b70c-a642af4791cc marked as read by fullstack1
2026-08-08 14:36:20 | team | sess_5a3e2d04e373 | INFO | Message e507039e-e386-4575-a5fd-9eb7bf0d89ac created
2026-08-08 14:37:20 | team | sess_5a3e2d04e373 | INFO | [fullstack1] processing 1 unread messages (steer=True)
2026-08-08 14:37:20 | team | sess_5a3e2d04e373 | INFO | Message acc9615e-291e-4904-a12c-f61ee08acf61 marked as read by fullstack1
2026-08-08 14:37:25 | team | sess_5a3e2d04e373 | INFO | Message 011d60a1-0dba-447e-abc5-2c2c8b48c576 created
2026-08-08 14:44:43 | team | sess_5a3e2d04e373 | INFO | Message 096fbc60-46e8-49a2-840b-03762d4eb7c5 created
2026-08-08 14:44:57 | team | sess_5a3e2d04e373 | INFO | [fullstack1] processing 1 unread messages (steer=True)
2026-08-08 14:44:57 | team | sess_5a3e2d04e373 | INFO | Message 5f94e6b3-1a6b-4628-9fe1-c8b4b13beeca marked as read by fullstack1
2026-08-08 14:45:01 | team | sess_5a3e2d04e373 | INFO | Message f254ced8-086c-40a7-911a-a706ecc9ec6d created
2026-08-08 14:45:14 | team | sess_5a3e2d04e373 | INFO | Message 53ebcfca-d3af-4753-9a25-7cee53452fc7 created
2026-08-08 14:47:55 | team | sess_5a3e2d04e373 | INFO | [fullstack1] processing 1 unread messages (steer=True)
2026-08-08 14:47:55 | team | sess_5a3e2d04e373 | INFO | Message a36f7370-4e6f-4002-a498-819a7b3bcb87 marked as read by fullstack1
2026-08-08 14:47:58 | team | sess_5a3e2d04e373 | INFO | Message d24105c0-6ce3-4e32-b7ac-fb1746d12fb3 created
2026-08-08 14:56:21 | team | sess_5a3e2d04e373 | INFO | task list drained for team jiuwen_team_sess_5a3e2d04e373: 6 terminal task(s)
2026-08-08 14:56:34 | team | sess_5a3e2d04e373 | INFO | [fullstack1] processing 1 unread messages (steer=True)
2026-08-08 14:56:35 | team | sess_5a3e2d04e373 | INFO | Message 98cd946e-191f-4500-9c94-d2c2eef7462f marked as read by fullstack1
2026-08-08 14:57:12 | team | sess_5a3e2d04e373 | INFO | team jiuwen_team_sess_5a3e2d04e373 reported completed: 9 members, 6 tasks
2026-08-08 14:57:13 | team | sess_5a3e2d04e373 | INFO | [fullstack1] received TEAM_STANDBY, pausing polls
2026-08-08 14:57:13 | team | sess_5a3e2d04e373 | INFO | EventBus[teammate] pausing polls
