2026-08-08 14:34:04 | team | sess_5a3e2d04e373 | INFO | Team workspace directory ensured at /srv/jwteam_clone/shared/run_current
2026-08-08 14:34:04 | team | sess_5a3e2d04e373 | INFO | AgentTeam manager initialized for jiuwen_team_sess_5a3e2d04e373, member=team_leader
2026-08-08 14:34:04 | team | sess_5a3e2d04e373 | INFO | [team_leader] TeamPolicyRail static sections: section_names=['team_role', 'team_workflow', 'team_swarmflow', 'team_lifecycle', 'team_persona']
2026-08-08 14:34:04 | team | sess_5a3e2d04e373 | INFO | Session tables ready for session sess_5a3e2d04e373
2026-08-08 14:34:04 | team | sess_5a3e2d04e373 | INFO | Team database initialized
2026-08-08 14:34:04 | team | default_trace_id | INFO | Team workspace directory ensured at /srv/jwteam_clone/shared/run_current
2026-08-08 14:34:04 | team | default_trace_id | INFO | AgentTeam manager initialized for jiuwen_team_sess_5a3e2d04e373, member=verifier2
2026-08-08 14:34:04 | team | default_trace_id | INFO | [verifier2] TeamPolicyRail static sections: section_names=['team_role', 'team_persona']
2026-08-08 14:34:04 | team | sess_5a3e2d04e373 | INFO | [verifier2] invoke start, role=teammate
2026-08-08 14:34:04 | team | sess_5a3e2d04e373 | INFO | [verifier2] coordination starting
2026-08-08 14:34:04 | team | sess_5a3e2d04e373 | INFO | Session tables ready for session sess_5a3e2d04e373
2026-08-08 14:34:04 | team | sess_5a3e2d04e373 | INFO | Workspace /srv/jwteam_clone/shared/run_current initialized as plain shared directory (version_control disabled)
2026-08-08 14:34:04 | team | sess_5a3e2d04e373 | INFO | EventBus[teammate] starting
2026-08-08 14:34:26 | team | sess_5a3e2d04e373 | INFO | [verifier2] HITT section refresh: human_agent_names=[]
2026-08-08 14:44:30 | team | sess_5a3e2d04e373 | INFO | [verifier2] processing 1 unread messages (steer=True)
2026-08-08 14:44:30 | team | sess_5a3e2d04e373 | INFO | Message eba621f9-ae47-40dc-93f6-02297beb2721 marked as read by verifier2
2026-08-08 14:44:44 | team | sess_5a3e2d04e373 | INFO | Task lh5-verify claimed by member verifier2
2026-08-08 14:44:44 | team | sess_5a3e2d04e373 | INFO | Task lh5-verify claimed by member verifier2
2026-08-08 14:55:05 | team | sess_5a3e2d04e373 | INFO | [verifier2] self-nudged stale claimed task lh5-verify
2026-08-08 14:55:12 | team | sess_5a3e2d04e373 | INFO | [verifier2] processing 1 unread messages (steer=True)
2026-08-08 14:55:12 | team | sess_5a3e2d04e373 | INFO | Message 0bb7d2f8-1b6c-4c46-91bf-7a089a36b780 marked as read by verifier2
2026-08-08 14:56:21 | team | sess_5a3e2d04e373 | INFO | Task lh5-verify completed at 1786197381463
2026-08-08 14:56:21 | team | sess_5a3e2d04e373 | INFO | Task lh5-verify completed
2026-08-08 14:56:34 | team | sess_5a3e2d04e373 | INFO | Message bbcb89e4-41e8-43e4-a052-a8fdb3554cc2 created
2026-08-08 14:56:34 | team | sess_5a3e2d04e373 | INFO | [verifier2] processing 1 unread messages (steer=True)
2026-08-08 14:56:34 | team | sess_5a3e2d04e373 | INFO | Message 98cd946e-191f-4500-9c94-d2c2eef7462f marked as read by verifier2
2026-08-08 14:57:12 | team | sess_5a3e2d04e373 | INFO | team jiuwen_team_sess_5a3e2d04e373 reported completed: 9 members, 6 tasks
2026-08-08 14:57:13 | team | sess_5a3e2d04e373 | INFO | [verifier2] received TEAM_STANDBY, pausing polls
2026-08-08 14:57:13 | team | sess_5a3e2d04e373 | INFO | EventBus[teammate] pausing polls
