2026-08-08 14:34:00 | team | sess_5a3e2d04e373 | INFO | Team workspace directory ensured at /srv/jwteam_clone/shared/run_current
2026-08-08 14:34:00 | team | sess_5a3e2d04e373 | INFO | AgentTeam manager initialized for jiuwen_team_sess_5a3e2d04e373, member=team_leader
2026-08-08 14:34:00 | team | sess_5a3e2d04e373 | INFO | [team_leader] TeamPolicyRail static sections: section_names=['team_role', 'team_workflow', 'team_swarmflow', 'team_lifecycle', 'team_persona']
2026-08-08 14:34:00 | team | sess_5a3e2d04e373 | INFO | Session tables ready for session sess_5a3e2d04e373
2026-08-08 14:34:00 | team | sess_5a3e2d04e373 | INFO | Team database initialized
2026-08-08 14:34:00 | team | default_trace_id | INFO | Team workspace directory ensured at /srv/jwteam_clone/shared/run_current
2026-08-08 14:34:00 | team | default_trace_id | INFO | AgentTeam manager initialized for jiuwen_team_sess_5a3e2d04e373, member=planner2
2026-08-08 14:34:00 | team | default_trace_id | INFO | [planner2] TeamPolicyRail static sections: section_names=['team_role', 'team_persona']
2026-08-08 14:34:00 | team | sess_5a3e2d04e373 | INFO | [planner2] invoke start, role=teammate
2026-08-08 14:34:00 | team | sess_5a3e2d04e373 | INFO | [planner2] coordination starting
2026-08-08 14:34:00 | team | sess_5a3e2d04e373 | INFO | Session tables ready for session sess_5a3e2d04e373
2026-08-08 14:34:00 | team | sess_5a3e2d04e373 | INFO | Workspace /srv/jwteam_clone/shared/run_current initialized as plain shared directory (version_control disabled)
2026-08-08 14:34:00 | team | sess_5a3e2d04e373 | INFO | EventBus[teammate] starting
2026-08-08 14:34:26 | team | sess_5a3e2d04e373 | INFO | [planner2] HITT section refresh: human_agent_names=[]
2026-08-08 14:34:30 | team | sess_5a3e2d04e373 | INFO | Task pipe3-plan claimed by member planner2
2026-08-08 14:34:30 | team | sess_5a3e2d04e373 | INFO | Task pipe3-plan claimed by member planner2
2026-08-08 14:35:01 | team | sess_5a3e2d04e373 | INFO | Message 79dd1254-c287-494e-90bc-154acdb92926 created
2026-08-08 14:35:05 | team | sess_5a3e2d04e373 | INFO | Task pipe3-plan completed at 1786196105632
2026-08-08 14:35:05 | team | sess_5a3e2d04e373 | INFO | Resolved 1 dependencies for task pipe3-plan
2026-08-08 14:35:05 | team | sess_5a3e2d04e373 | INFO | Task pipe3-impl unblocked (all deps resolved)
2026-08-08 14:35:05 | team | sess_5a3e2d04e373 | INFO | Task pipe3-plan completed
2026-08-08 14:35:05 | team | sess_5a3e2d04e373 | INFO | Unblocked 1 tasks
2026-08-08 14:35:32 | team | sess_5a3e2d04e373 | INFO | [planner2] processing 1 unread messages (steer=True)
2026-08-08 14:35:32 | team | sess_5a3e2d04e373 | INFO | Message fcf44bd6-c6e3-4c86-aaf7-fa3b1828d977 marked as read by planner2
2026-08-08 14:35:57 | team | sess_5a3e2d04e373 | INFO | Message 18181a15-6cee-477a-a0c3-19ee4e7cfd5e created
2026-08-08 14:36:59 | team | sess_5a3e2d04e373 | INFO | Message 4a640355-a11e-4d17-86ed-7b46ae500a75 created
2026-08-08 14:47:22 | team | sess_5a3e2d04e373 | INFO | [planner2] processing 1 unread messages (steer=True)
2026-08-08 14:47:22 | team | sess_5a3e2d04e373 | INFO | Message 3cbad211-1e97-461f-9dc7-a971cde11ca5 marked as read by planner2
2026-08-08 14:56:21 | team | sess_5a3e2d04e373 | INFO | task list drained for team jiuwen_team_sess_5a3e2d04e373: 6 terminal task(s)
2026-08-08 14:56:34 | team | sess_5a3e2d04e373 | INFO | [planner2] processing 1 unread messages (steer=True)
2026-08-08 14:56:35 | team | sess_5a3e2d04e373 | INFO | Message 98cd946e-191f-4500-9c94-d2c2eef7462f marked as read by planner2
2026-08-08 14:57:12 | team | sess_5a3e2d04e373 | INFO | team jiuwen_team_sess_5a3e2d04e373 reported completed: 9 members, 6 tasks
2026-08-08 14:57:13 | team | sess_5a3e2d04e373 | INFO | [planner2] received TEAM_STANDBY, pausing polls
2026-08-08 14:57:13 | team | sess_5a3e2d04e373 | INFO | EventBus[teammate] pausing polls
