2026-08-08 14:34:01 | team | sess_5a3e2d04e373 | INFO | Team workspace directory ensured at /srv/jwteam_clone/shared/run_current
2026-08-08 14:34:01 | team | sess_5a3e2d04e373 | INFO | AgentTeam manager initialized for jiuwen_team_sess_5a3e2d04e373, member=team_leader
2026-08-08 14:34:01 | team | sess_5a3e2d04e373 | INFO | [team_leader] TeamPolicyRail static sections: section_names=['team_role', 'team_workflow', 'team_swarmflow', 'team_lifecycle', 'team_persona']
2026-08-08 14:34:01 | team | sess_5a3e2d04e373 | INFO | Session tables ready for session sess_5a3e2d04e373
2026-08-08 14:34:01 | team | sess_5a3e2d04e373 | INFO | Team database initialized
2026-08-08 14:34:01 | team | default_trace_id | INFO | Team workspace directory ensured at /srv/jwteam_clone/shared/run_current
2026-08-08 14:34:01 | team | default_trace_id | INFO | AgentTeam manager initialized for jiuwen_team_sess_5a3e2d04e373, member=executor1
2026-08-08 14:34:01 | team | default_trace_id | INFO | [executor1] TeamPolicyRail static sections: section_names=['team_role', 'team_persona']
2026-08-08 14:34:01 | team | sess_5a3e2d04e373 | INFO | [executor1] invoke start, role=teammate
2026-08-08 14:34:01 | team | sess_5a3e2d04e373 | INFO | [executor1] coordination starting
2026-08-08 14:34:01 | team | sess_5a3e2d04e373 | INFO | Session tables ready for session sess_5a3e2d04e373
2026-08-08 14:34:01 | team | sess_5a3e2d04e373 | INFO | Workspace /srv/jwteam_clone/shared/run_current initialized as plain shared directory (version_control disabled)
2026-08-08 14:34:01 | team | sess_5a3e2d04e373 | INFO | EventBus[teammate] starting
2026-08-08 14:34:26 | team | sess_5a3e2d04e373 | INFO | [executor1] HITT section refresh: human_agent_names=[]
2026-08-08 14:35:01 | team | sess_5a3e2d04e373 | INFO | [executor1] processing 1 unread messages (steer=True)
2026-08-08 14:35:01 | team | sess_5a3e2d04e373 | INFO | Message 79dd1254-c287-494e-90bc-154acdb92926 marked as read by executor1
2026-08-08 14:35:51 | team | sess_5a3e2d04e373 | INFO | Message 1b5311a7-3d54-40e9-a1e6-221f443b79c2 created
2026-08-08 14:36:02 | team | sess_5a3e2d04e373 | INFO | [executor1] received TASK_CLAIMED for self, task_id=pipe3-impl, human_agent=False
2026-08-08 14:45:07 | team | sess_5a3e2d04e373 | INFO | [executor1] processing 1 unread messages (steer=True)
2026-08-08 14:45:07 | team | sess_5a3e2d04e373 | INFO | Message 6f81e7d7-3952-412a-bde1-954a976ff5d1 marked as read by executor1
2026-08-08 14:45:09 | team | sess_5a3e2d04e373 | INFO | Task pipe3-impl completed at 1786196709750
2026-08-08 14:45:09 | team | sess_5a3e2d04e373 | INFO | Resolved 1 dependencies for task pipe3-impl
2026-08-08 14:45:09 | team | sess_5a3e2d04e373 | INFO | Task pipe3-verify unblocked (all deps resolved)
2026-08-08 14:45:09 | team | sess_5a3e2d04e373 | INFO | Task pipe3-impl completed
2026-08-08 14:45:09 | team | sess_5a3e2d04e373 | INFO | Unblocked 1 tasks
2026-08-08 14:45:43 | team | sess_5a3e2d04e373 | INFO | Message d1ef89ab-4845-4280-abb0-90974f9df837 created
2026-08-08 14:47:09 | team | sess_5a3e2d04e373 | INFO | [executor1] processing 1 unread messages (steer=True)
2026-08-08 14:47:09 | team | sess_5a3e2d04e373 | INFO | Message a261b812-db5f-45f3-ac91-c8b163bb8517 marked as read by executor1
2026-08-08 14:54:11 | team | sess_5a3e2d04e373 | INFO | Task pipe3-impl completed
2026-08-08 14:54:23 | team | sess_5a3e2d04e373 | INFO | [executor1] processing 1 unread messages (steer=True)
2026-08-08 14:54:23 | team | sess_5a3e2d04e373 | INFO | Message 85e0c02b-4b24-40df-a364-fb0c0730dcdb created
2026-08-08 14:54:23 | team | sess_5a3e2d04e373 | INFO | Message 46ca6a9d-18c7-46ed-bd09-f8e0baa74550 marked as read by executor1
2026-08-08 14:54:30 | team | sess_5a3e2d04e373 | INFO | [executor1] processing 1 unread messages (steer=True)
2026-08-08 14:54:30 | team | sess_5a3e2d04e373 | INFO | Message d8d61557-c75f-4ff7-8822-6675b643e5f1 marked as read by executor1
2026-08-08 14:56:21 | team | sess_5a3e2d04e373 | INFO | task list drained for team jiuwen_team_sess_5a3e2d04e373: 6 terminal task(s)
2026-08-08 14:56:34 | team | sess_5a3e2d04e373 | INFO | [executor1] processing 1 unread messages (steer=True)
2026-08-08 14:56:35 | team | sess_5a3e2d04e373 | INFO | Message 98cd946e-191f-4500-9c94-d2c2eef7462f marked as read by executor1
2026-08-08 14:57:12 | team | sess_5a3e2d04e373 | INFO | team jiuwen_team_sess_5a3e2d04e373 reported completed: 9 members, 6 tasks
2026-08-08 14:57:13 | team | sess_5a3e2d04e373 | INFO | [executor1] received TEAM_STANDBY, pausing polls
2026-08-08 14:57:13 | team | sess_5a3e2d04e373 | INFO | EventBus[teammate] pausing polls
