2026-08-08 14:34:03 | team | sess_5a3e2d04e373 | INFO | Team workspace directory ensured at /srv/jwteam_clone/shared/run_current
2026-08-08 14:34:03 | team | sess_5a3e2d04e373 | INFO | AgentTeam manager initialized for jiuwen_team_sess_5a3e2d04e373, member=team_leader
2026-08-08 14:34:03 | team | sess_5a3e2d04e373 | INFO | [team_leader] TeamPolicyRail static sections: section_names=['team_role', 'team_workflow', 'team_swarmflow', 'team_lifecycle', 'team_persona']
2026-08-08 14:34:03 | team | sess_5a3e2d04e373 | INFO | Session tables ready for session sess_5a3e2d04e373
2026-08-08 14:34:03 | team | sess_5a3e2d04e373 | INFO | Team database initialized
2026-08-08 14:34:03 | team | default_trace_id | INFO | Team workspace directory ensured at /srv/jwteam_clone/shared/run_current
2026-08-08 14:34:03 | team | default_trace_id | INFO | AgentTeam manager initialized for jiuwen_team_sess_5a3e2d04e373, member=verifier1
2026-08-08 14:34:03 | team | default_trace_id | INFO | [verifier1] TeamPolicyRail static sections: section_names=['team_role', 'team_persona']
2026-08-08 14:34:04 | team | sess_5a3e2d04e373 | INFO | [verifier1] invoke start, role=teammate
2026-08-08 14:34:04 | team | sess_5a3e2d04e373 | INFO | [verifier1] coordination starting
2026-08-08 14:34:04 | team | sess_5a3e2d04e373 | INFO | Session tables ready for session sess_5a3e2d04e373
2026-08-08 14:34:04 | team | sess_5a3e2d04e373 | INFO | Workspace /srv/jwteam_clone/shared/run_current initialized as plain shared directory (version_control disabled)
2026-08-08 14:34:04 | team | sess_5a3e2d04e373 | INFO | EventBus[teammate] starting
2026-08-08 14:34:26 | team | sess_5a3e2d04e373 | INFO | [verifier1] HITT section refresh: human_agent_names=[]
2026-08-08 14:34:45 | team | sess_5a3e2d04e373 | INFO | Message 9c7fad05-5d26-4127-9225-3dfcc3b4c611 created
2026-08-08 14:44:41 | team | sess_5a3e2d04e373 | INFO | Task lh5-verify claimed by member verifier1
2026-08-08 14:44:41 | team | sess_5a3e2d04e373 | INFO | Task lh5-verify claimed by member verifier1
2026-08-08 14:44:41 | team | sess_5a3e2d04e373 | INFO | [verifier1] processing 1 unread messages (steer=True)
2026-08-08 14:44:41 | team | sess_5a3e2d04e373 | INFO | Message 0d07078f-0456-497d-a809-675b4217e58e marked as read by verifier1
2026-08-08 14:45:07 | team | sess_5a3e2d04e373 | INFO | Message 6f81e7d7-3952-412a-bde1-954a976ff5d1 created
2026-08-08 14:45:07 | team | sess_5a3e2d04e373 | INFO | Message 78fbeb4e-042a-4571-942b-aa3d54daa2fa created
2026-08-08 14:45:34 | team | sess_5a3e2d04e373 | INFO | [verifier1] received TASK_CLAIMED for self, task_id=pipe3-verify, human_agent=False
2026-08-08 14:45:43 | team | sess_5a3e2d04e373 | INFO | [verifier1] processing 1 unread messages (steer=True)
2026-08-08 14:45:43 | team | sess_5a3e2d04e373 | INFO | Message d1ef89ab-4845-4280-abb0-90974f9df837 marked as read by verifier1
2026-08-08 14:46:57 | team | sess_5a3e2d04e373 | INFO | Task pipe3-verify completed at 1786196817446
2026-08-08 14:46:57 | team | sess_5a3e2d04e373 | INFO | Message 6a3c1ed6-dd6c-4fb3-bfc0-ca8f6b52a8a8 created
2026-08-08 14:46:57 | team | sess_5a3e2d04e373 | INFO | Task pipe3-verify completed
2026-08-08 14:54:23 | team | sess_5a3e2d04e373 | INFO | [verifier1] processing 1 unread messages (steer=True)
2026-08-08 14:54:23 | team | sess_5a3e2d04e373 | INFO | Message 85e0c02b-4b24-40df-a364-fb0c0730dcdb marked as read by verifier1
2026-08-08 14:54:30 | team | sess_5a3e2d04e373 | INFO | Message d8d61557-c75f-4ff7-8822-6675b643e5f1 created
2026-08-08 14:56:21 | team | sess_5a3e2d04e373 | INFO | task list drained for team jiuwen_team_sess_5a3e2d04e373: 6 terminal task(s)
2026-08-08 14:56:34 | team | sess_5a3e2d04e373 | INFO | [verifier1] processing 1 unread messages (steer=True)
2026-08-08 14:56:35 | team | sess_5a3e2d04e373 | INFO | Message 98cd946e-191f-4500-9c94-d2c2eef7462f marked as read by verifier1
2026-08-08 14:57:12 | team | sess_5a3e2d04e373 | INFO | team jiuwen_team_sess_5a3e2d04e373 reported completed: 9 members, 6 tasks
2026-08-08 14:57:13 | team | sess_5a3e2d04e373 | INFO | [verifier1] received TEAM_STANDBY, pausing polls
2026-08-08 14:57:13 | team | sess_5a3e2d04e373 | INFO | EventBus[teammate] pausing polls
