2026-08-08 14:34:02 | team | sess_5a3e2d04e373 | INFO | Team workspace directory ensured at /srv/jwteam_clone/shared/run_current
2026-08-08 14:34:02 | team | sess_5a3e2d04e373 | INFO | AgentTeam manager initialized for jiuwen_team_sess_5a3e2d04e373, member=team_leader
2026-08-08 14:34:02 | team | sess_5a3e2d04e373 | INFO | [team_leader] TeamPolicyRail static sections: section_names=['team_role', 'team_workflow', 'team_swarmflow', 'team_lifecycle', 'team_persona']
2026-08-08 14:34:02 | team | sess_5a3e2d04e373 | INFO | Session tables ready for session sess_5a3e2d04e373
2026-08-08 14:34:02 | team | sess_5a3e2d04e373 | INFO | Team database initialized
2026-08-08 14:34:02 | team | default_trace_id | INFO | Team workspace directory ensured at /srv/jwteam_clone/shared/run_current
2026-08-08 14:34:02 | team | default_trace_id | INFO | AgentTeam manager initialized for jiuwen_team_sess_5a3e2d04e373, member=executor2
2026-08-08 14:34:02 | team | default_trace_id | INFO | [executor2] TeamPolicyRail static sections: section_names=['team_role', 'team_persona']
2026-08-08 14:34:02 | team | sess_5a3e2d04e373 | INFO | [executor2] invoke start, role=teammate
2026-08-08 14:34:02 | team | sess_5a3e2d04e373 | INFO | [executor2] coordination starting
2026-08-08 14:34:02 | team | sess_5a3e2d04e373 | INFO | Session tables ready for session sess_5a3e2d04e373
2026-08-08 14:34:02 | team | sess_5a3e2d04e373 | INFO | Workspace /srv/jwteam_clone/shared/run_current initialized as plain shared directory (version_control disabled)
2026-08-08 14:34:02 | team | sess_5a3e2d04e373 | INFO | EventBus[teammate] starting
2026-08-08 14:34:26 | team | sess_5a3e2d04e373 | INFO | [executor2] HITT section refresh: human_agent_names=[]
2026-08-08 14:35:18 | team | sess_5a3e2d04e373 | INFO | [executor2] processing 1 unread messages (steer=True)
2026-08-08 14:35:18 | team | sess_5a3e2d04e373 | INFO | Message 89c5ebb5-d359-4273-afc9-67af6af1b74b marked as read by executor2
2026-08-08 14:36:05 | team | sess_5a3e2d04e373 | INFO | Task lh5-impl claimed by member executor2
2026-08-08 14:36:05 | team | sess_5a3e2d04e373 | INFO | Task lh5-impl claimed by member executor2
2026-08-08 14:44:30 | team | sess_5a3e2d04e373 | INFO | Task lh5-impl completed at 1786196670593
2026-08-08 14:44:30 | team | sess_5a3e2d04e373 | INFO | Message eba621f9-ae47-40dc-93f6-02297beb2721 created
2026-08-08 14:44:30 | team | sess_5a3e2d04e373 | INFO | Resolved 1 dependencies for task lh5-impl
2026-08-08 14:44:30 | team | sess_5a3e2d04e373 | INFO | Task lh5-verify unblocked (all deps resolved)
2026-08-08 14:44:30 | team | sess_5a3e2d04e373 | INFO | Task lh5-impl completed
2026-08-08 14:44:30 | team | sess_5a3e2d04e373 | INFO | Unblocked 1 tasks
2026-08-08 14:56:21 | team | sess_5a3e2d04e373 | INFO | task list drained for team jiuwen_team_sess_5a3e2d04e373: 6 terminal task(s)
2026-08-08 14:56:34 | team | sess_5a3e2d04e373 | INFO | [executor2] processing 1 unread messages (steer=True)
2026-08-08 14:56:35 | team | sess_5a3e2d04e373 | INFO | Message 98cd946e-191f-4500-9c94-d2c2eef7462f marked as read by executor2
2026-08-08 14:57:12 | team | sess_5a3e2d04e373 | INFO | team jiuwen_team_sess_5a3e2d04e373 reported completed: 9 members, 6 tasks
2026-08-08 14:57:13 | team | sess_5a3e2d04e373 | INFO | [executor2] received TEAM_STANDBY, pausing polls
2026-08-08 14:57:13 | team | sess_5a3e2d04e373 | INFO | EventBus[teammate] pausing polls
