2026-08-07 23:33:27 | team | sess_a06ab709aea7 | INFO | Team workspace directory ensured at /srv/jwteam_clone/shared/run_current
2026-08-07 23:33:27 | team | sess_a06ab709aea7 | INFO | AgentTeam manager initialized for jiuwen_team_sess_a06ab709aea7, member=team_leader
2026-08-07 23:33:27 | team | sess_a06ab709aea7 | INFO | [team_leader] TeamPolicyRail static sections: section_names=['team_role', 'team_workflow', 'team_swarmflow', 'team_lifecycle', 'team_persona']
2026-08-07 23:33:27 | team | sess_a06ab709aea7 | INFO | Session tables ready for session sess_a06ab709aea7
2026-08-07 23:33:27 | team | sess_a06ab709aea7 | INFO | Team database initialized
2026-08-07 23:33:27 | team | default_trace_id | INFO | Team workspace directory ensured at /srv/jwteam_clone/shared/run_current
2026-08-07 23:33:27 | team | default_trace_id | INFO | AgentTeam manager initialized for jiuwen_team_sess_a06ab709aea7, member=fullstack1
2026-08-07 23:33:27 | team | default_trace_id | INFO | [fullstack1] TeamPolicyRail static sections: section_names=['team_role', 'team_persona']
2026-08-07 23:33:27 | team | sess_a06ab709aea7 | INFO | [fullstack1] invoke start, role=teammate
2026-08-07 23:33:27 | team | sess_a06ab709aea7 | INFO | [fullstack1] coordination starting
2026-08-07 23:33:27 | team | sess_a06ab709aea7 | INFO | Session tables ready for session sess_a06ab709aea7
2026-08-07 23:33:27 | team | sess_a06ab709aea7 | INFO | Workspace /srv/jwteam_clone/shared/run_current initialized as plain shared directory (version_control disabled)
2026-08-07 23:33:27 | team | sess_a06ab709aea7 | INFO | EventBus[teammate] starting
2026-08-07 23:33:41 | team | sess_a06ab709aea7 | INFO | [fullstack1] HITT section refresh: human_agent_names=[]
2026-08-07 23:33:50 | team | sess_a06ab709aea7 | INFO | [fullstack1] processing 1 unread messages (steer=True)
2026-08-07 23:33:50 | team | sess_a06ab709aea7 | INFO | Message 5fe470c9-339b-4d29-a862-faade26b7e58 marked as read by fullstack1
2026-08-07 23:34:36 | team | sess_a06ab709aea7 | INFO | Task implement claimed by member fullstack1
2026-08-07 23:34:36 | team | sess_a06ab709aea7 | INFO | Task implement claimed by member fullstack1
2026-08-07 23:34:43 | team | sess_a06ab709aea7 | INFO | [fullstack1] processing 1 unread messages (steer=True)
2026-08-07 23:34:43 | team | sess_a06ab709aea7 | INFO | Message c040a22e-5df3-4d80-a994-68f33069767b marked as read by fullstack1
2026-08-07 23:34:51 | team | sess_a06ab709aea7 | INFO | Message f4b36a4e-3cdc-435b-a023-298f0c1d32de created
2026-08-07 23:35:14 | team | sess_a06ab709aea7 | INFO | [fullstack1] processing 1 unread messages (steer=True)
2026-08-07 23:35:14 | team | sess_a06ab709aea7 | INFO | Message 20bfa69f-cbe4-4a6b-9dbe-e6ac00b87238 marked as read by fullstack1
2026-08-07 23:35:51 | team | sess_a06ab709aea7 | INFO | [fullstack1] processing 1 unread messages (steer=True)
2026-08-07 23:35:51 | team | sess_a06ab709aea7 | INFO | Message 000a53ca-310e-46e0-95e4-dd8d3d1cfb1a marked as read by fullstack1
2026-08-07 23:36:09 | team | sess_a06ab709aea7 | INFO | Task verify claimed by member fullstack1
2026-08-07 23:36:09 | team | sess_a06ab709aea7 | INFO | Task verify claimed by member fullstack1
2026-08-07 23:37:00 | team | sess_a06ab709aea7 | INFO | [fullstack1] processing 1 unread messages (steer=True)
2026-08-07 23:37:00 | team | sess_a06ab709aea7 | INFO | Message 56b22698-17ae-4732-a3c8-d644219ab824 marked as read by fullstack1
2026-08-07 23:37:12 | team | sess_a06ab709aea7 | INFO | task list drained for team jiuwen_team_sess_a06ab709aea7: 3 terminal task(s)
2026-08-07 23:38:21 | team | sess_a06ab709aea7 | INFO | team jiuwen_team_sess_a06ab709aea7 reported completed: 9 members, 3 tasks
2026-08-07 23:38:22 | team | sess_a06ab709aea7 | INFO | [fullstack1] received TEAM_STANDBY, pausing polls
2026-08-07 23:38:22 | team | sess_a06ab709aea7 | INFO | EventBus[teammate] pausing polls
