2026-08-07 23:33:22 | team | sess_a06ab709aea7 | INFO | Team workspace directory ensured at /srv/jwteam_clone/shared/run_current
2026-08-07 23:33:22 | team | sess_a06ab709aea7 | INFO | AgentTeam manager initialized for jiuwen_team_sess_a06ab709aea7, member=team_leader
2026-08-07 23:33:22 | team | sess_a06ab709aea7 | INFO | [team_leader] TeamPolicyRail static sections: section_names=['team_role', 'team_workflow', 'team_swarmflow', 'team_lifecycle', 'team_persona']
2026-08-07 23:33:22 | team | sess_a06ab709aea7 | INFO | Session tables ready for session sess_a06ab709aea7
2026-08-07 23:33:22 | team | sess_a06ab709aea7 | INFO | Team database initialized
2026-08-07 23:33:22 | team | default_trace_id | INFO | Team workspace directory ensured at /srv/jwteam_clone/shared/run_current
2026-08-07 23:33:22 | team | default_trace_id | INFO | AgentTeam manager initialized for jiuwen_team_sess_a06ab709aea7, member=executor1
2026-08-07 23:33:22 | team | default_trace_id | INFO | [executor1] TeamPolicyRail static sections: section_names=['team_role', 'team_persona']
2026-08-07 23:33:22 | team | sess_a06ab709aea7 | INFO | [executor1] invoke start, role=teammate
2026-08-07 23:33:22 | team | sess_a06ab709aea7 | INFO | [executor1] coordination starting
2026-08-07 23:33:22 | team | sess_a06ab709aea7 | INFO | Session tables ready for session sess_a06ab709aea7
2026-08-07 23:33:22 | team | sess_a06ab709aea7 | INFO | Workspace /srv/jwteam_clone/shared/run_current initialized as plain shared directory (version_control disabled)
2026-08-07 23:33:22 | team | sess_a06ab709aea7 | INFO | EventBus[teammate] starting
2026-08-07 23:33:41 | team | sess_a06ab709aea7 | INFO | [executor1] HITT section refresh: human_agent_names=[]
2026-08-07 23:33:50 | team | sess_a06ab709aea7 | INFO | [executor1] processing 1 unread messages (steer=True)
2026-08-07 23:33:50 | team | sess_a06ab709aea7 | INFO | Message 5fe470c9-339b-4d29-a862-faade26b7e58 marked as read by executor1
2026-08-07 23:34:22 | team | sess_a06ab709aea7 | INFO | [executor1] processing 1 unread messages (steer=True)
2026-08-07 23:34:22 | team | sess_a06ab709aea7 | INFO | Message 49b2a394-3621-4f41-aa9d-97b6951cb962 marked as read by executor1
2026-08-07 23:34:43 | team | sess_a06ab709aea7 | INFO | Message c040a22e-5df3-4d80-a994-68f33069767b created
2026-08-07 23:34:51 | team | sess_a06ab709aea7 | INFO | [executor1] processing 1 unread messages (steer=True)
2026-08-07 23:34:51 | team | sess_a06ab709aea7 | INFO | Message f4b36a4e-3cdc-435b-a023-298f0c1d32de marked as read by executor1
2026-08-07 23:35:14 | team | sess_a06ab709aea7 | INFO | Message 20bfa69f-cbe4-4a6b-9dbe-e6ac00b87238 created
2026-08-07 23:35:37 | team | sess_a06ab709aea7 | INFO | Message 5a438085-9428-4d16-8860-5334b2a5553c created
2026-08-07 23:35:42 | team | sess_a06ab709aea7 | INFO | Message 84355699-c7de-4702-ada8-c93d167c9972 created
2026-08-07 23:35:55 | team | sess_a06ab709aea7 | INFO | [executor1] received TASK_CLAIMED for self, task_id=implement, human_agent=False
2026-08-07 23:36:00 | team | sess_a06ab709aea7 | INFO | Task implement completed at 1786142160911
2026-08-07 23:36:00 | team | sess_a06ab709aea7 | INFO | Resolved 1 dependencies for task implement
2026-08-07 23:36:00 | team | sess_a06ab709aea7 | INFO | Task verify unblocked (all deps resolved)
2026-08-07 23:36:00 | team | sess_a06ab709aea7 | INFO | Task implement completed
2026-08-07 23:36:00 | team | sess_a06ab709aea7 | INFO | Unblocked 1 tasks
2026-08-07 23:36:03 | team | sess_a06ab709aea7 | INFO | [executor1] processing 1 unread messages (steer=True)
2026-08-07 23:36:03 | team | sess_a06ab709aea7 | INFO | Message 4ed24562-d806-4519-9a68-4596b7f58768 marked as read by executor1
2026-08-07 23:36:08 | team | sess_a06ab709aea7 | INFO | Message 60b939dc-860d-473b-b02a-e49c6055549a created
2026-08-07 23:36:46 | team | sess_a06ab709aea7 | INFO | [executor1] processing 1 unread messages (steer=True)
2026-08-07 23:36:46 | team | sess_a06ab709aea7 | INFO | Message ca3097a5-7cfe-4076-80eb-8e75b049adf8 marked as read by executor1
2026-08-07 23:36:51 | team | sess_a06ab709aea7 | INFO | Message 799633c0-8373-43cc-92a0-23e59dcfffb5 created
2026-08-07 23:37:12 | team | sess_a06ab709aea7 | INFO | task list drained for team jiuwen_team_sess_a06ab709aea7: 3 terminal task(s)
2026-08-07 23:38:21 | team | sess_a06ab709aea7 | INFO | team jiuwen_team_sess_a06ab709aea7 reported completed: 9 members, 3 tasks
2026-08-07 23:38:22 | team | sess_a06ab709aea7 | INFO | [executor1] received TEAM_STANDBY, pausing polls
2026-08-07 23:38:22 | team | sess_a06ab709aea7 | INFO | EventBus[teammate] pausing polls
