2026-08-07 23:33:25 | team | sess_a06ab709aea7 | INFO | Team workspace directory ensured at /srv/jwteam_clone/shared/run_current
2026-08-07 23:33:25 | team | sess_a06ab709aea7 | INFO | AgentTeam manager initialized for jiuwen_team_sess_a06ab709aea7, member=team_leader
2026-08-07 23:33:25 | team | sess_a06ab709aea7 | INFO | [team_leader] TeamPolicyRail static sections: section_names=['team_role', 'team_workflow', 'team_swarmflow', 'team_lifecycle', 'team_persona']
2026-08-07 23:33:25 | team | sess_a06ab709aea7 | INFO | Session tables ready for session sess_a06ab709aea7
2026-08-07 23:33:25 | team | sess_a06ab709aea7 | INFO | Team database initialized
2026-08-07 23:33:25 | team | default_trace_id | INFO | Team workspace directory ensured at /srv/jwteam_clone/shared/run_current
2026-08-07 23:33:25 | team | default_trace_id | INFO | AgentTeam manager initialized for jiuwen_team_sess_a06ab709aea7, member=verifier1
2026-08-07 23:33:25 | team | default_trace_id | INFO | [verifier1] TeamPolicyRail static sections: section_names=['team_role', 'team_persona']
2026-08-07 23:33:25 | team | sess_a06ab709aea7 | INFO | [verifier1] invoke start, role=teammate
2026-08-07 23:33:25 | team | sess_a06ab709aea7 | INFO | [verifier1] coordination starting
2026-08-07 23:33:25 | team | sess_a06ab709aea7 | INFO | Session tables ready for session sess_a06ab709aea7
2026-08-07 23:33:25 | team | sess_a06ab709aea7 | INFO | Workspace /srv/jwteam_clone/shared/run_current initialized as plain shared directory (version_control disabled)
2026-08-07 23:33:25 | team | sess_a06ab709aea7 | INFO | EventBus[teammate] starting
2026-08-07 23:33:41 | team | sess_a06ab709aea7 | INFO | [verifier1] HITT section refresh: human_agent_names=[]
2026-08-07 23:33:50 | team | sess_a06ab709aea7 | INFO | [verifier1] processing 1 unread messages (steer=True)
2026-08-07 23:33:50 | team | sess_a06ab709aea7 | INFO | Message 5fe470c9-339b-4d29-a862-faade26b7e58 marked as read by verifier1
2026-08-07 23:35:37 | team | sess_a06ab709aea7 | INFO | [verifier1] processing 1 unread messages (steer=True)
2026-08-07 23:35:37 | team | sess_a06ab709aea7 | INFO | Message 5a438085-9428-4d16-8860-5334b2a5553c marked as read by verifier1
2026-08-07 23:36:46 | team | sess_a06ab709aea7 | INFO | Message ca3097a5-7cfe-4076-80eb-8e75b049adf8 created
2026-08-07 23:36:46 | team | sess_a06ab709aea7 | INFO | Message a3f13031-dd62-4560-b8ce-f951f3e17eb6 created
2026-08-07 23:36:51 | team | sess_a06ab709aea7 | INFO | [verifier1] processing 1 unread messages (steer=True)
2026-08-07 23:36:51 | team | sess_a06ab709aea7 | INFO | Message 799633c0-8373-43cc-92a0-23e59dcfffb5 marked as read by verifier1
2026-08-07 23:37:03 | team | sess_a06ab709aea7 | INFO | [verifier1] received TASK_CLAIMED for self, task_id=verify, human_agent=False
2026-08-07 23:37:07 | team | sess_a06ab709aea7 | INFO | [verifier1] processing 1 unread messages (steer=True)
2026-08-07 23:37:07 | team | sess_a06ab709aea7 | INFO | Message 19a88604-0b68-4f54-addb-757d9b41ae05 marked as read by verifier1
2026-08-07 23:37:12 | team | sess_a06ab709aea7 | INFO | Task verify completed at 1786142232309
2026-08-07 23:37:12 | team | sess_a06ab709aea7 | INFO | Task verify completed
2026-08-07 23:37:16 | team | sess_a06ab709aea7 | INFO | Message 8ffba078-c5aa-4b12-a995-896b7a8ec88b created
2026-08-07 23:38:21 | team | sess_a06ab709aea7 | INFO | team jiuwen_team_sess_a06ab709aea7 reported completed: 9 members, 3 tasks
2026-08-07 23:38:22 | team | sess_a06ab709aea7 | INFO | [verifier1] received TEAM_STANDBY, pausing polls
2026-08-07 23:38:22 | team | sess_a06ab709aea7 | INFO | EventBus[teammate] pausing polls
