2026-08-07 23:33:26 | team | sess_a06ab709aea7 | INFO | Team workspace directory ensured at /srv/jwteam_clone/shared/run_current
2026-08-07 23:33:26 | team | sess_a06ab709aea7 | INFO | AgentTeam manager initialized for jiuwen_team_sess_a06ab709aea7, member=team_leader
2026-08-07 23:33:26 | team | sess_a06ab709aea7 | INFO | [team_leader] TeamPolicyRail static sections: section_names=['team_role', 'team_workflow', 'team_swarmflow', 'team_lifecycle', 'team_persona']
2026-08-07 23:33:26 | team | sess_a06ab709aea7 | INFO | Session tables ready for session sess_a06ab709aea7
2026-08-07 23:33:26 | team | sess_a06ab709aea7 | INFO | Team database initialized
2026-08-07 23:33:26 | team | default_trace_id | INFO | Team workspace directory ensured at /srv/jwteam_clone/shared/run_current
2026-08-07 23:33:26 | team | default_trace_id | INFO | AgentTeam manager initialized for jiuwen_team_sess_a06ab709aea7, member=verifier2
2026-08-07 23:33:26 | team | default_trace_id | INFO | [verifier2] TeamPolicyRail static sections: section_names=['team_role', 'team_persona']
2026-08-07 23:33:26 | team | sess_a06ab709aea7 | INFO | [verifier2] invoke start, role=teammate
2026-08-07 23:33:26 | team | sess_a06ab709aea7 | INFO | [verifier2] coordination starting
2026-08-07 23:33:26 | team | sess_a06ab709aea7 | INFO | Session tables ready for session sess_a06ab709aea7
2026-08-07 23:33:26 | team | sess_a06ab709aea7 | INFO | Workspace /srv/jwteam_clone/shared/run_current initialized as plain shared directory (version_control disabled)
2026-08-07 23:33:26 | team | sess_a06ab709aea7 | INFO | EventBus[teammate] starting
2026-08-07 23:33:41 | team | sess_a06ab709aea7 | INFO | [verifier2] HITT section refresh: human_agent_names=[]
2026-08-07 23:33:50 | team | sess_a06ab709aea7 | INFO | [verifier2] processing 1 unread messages (steer=True)
2026-08-07 23:33:50 | team | sess_a06ab709aea7 | INFO | Message 5fe470c9-339b-4d29-a862-faade26b7e58 marked as read by verifier2
2026-08-07 23:36:42 | team | sess_a06ab709aea7 | INFO | Message 5f6d1190-78de-4727-b7b1-68e4111d0480 created
2026-08-07 23:36:50 | team | sess_a06ab709aea7 | INFO | [verifier2] processing 1 unread messages (steer=True)
2026-08-07 23:36:50 | team | sess_a06ab709aea7 | INFO | Message 40416136-ceb5-4afd-b9af-7b1fbf964556 marked as read by verifier2
2026-08-07 23:37:12 | team | sess_a06ab709aea7 | INFO | task list drained for team jiuwen_team_sess_a06ab709aea7: 3 terminal task(s)
2026-08-07 23:38:09 | team | sess_a06ab709aea7 | INFO | Message 562ebbba-5d86-43ed-9cdd-554ee3592b27 created
2026-08-07 23:38:15 | team | sess_a06ab709aea7 | INFO | [verifier2] processing 1 unread messages (steer=True)
2026-08-07 23:38:15 | team | sess_a06ab709aea7 | INFO | Message ab9815b0-6bd9-4b73-a0a9-ac9ab4e57115 marked as read by verifier2
2026-08-07 23:38:21 | team | sess_a06ab709aea7 | INFO | team jiuwen_team_sess_a06ab709aea7 reported completed: 9 members, 3 tasks
2026-08-07 23:38:22 | team | sess_a06ab709aea7 | INFO | [verifier2] received TEAM_STANDBY, pausing polls
2026-08-07 23:38:22 | team | sess_a06ab709aea7 | INFO | EventBus[teammate] pausing polls
