2026-08-10 04:34:28 | team | sess_ac241d1c1838 | INFO | Team workspace directory ensured at /srv/jwteam_clone/shared/run_current
2026-08-10 04:34:28 | team | sess_ac241d1c1838 | INFO | AgentTeam manager initialized for jiuwen_team_sess_ac241d1c1838, member=team_leader
2026-08-10 04:34:28 | team | sess_ac241d1c1838 | INFO | [team_leader] TeamPolicyRail static sections: section_names=['team_role', 'team_workflow', 'team_swarmflow', 'team_lifecycle', 'team_persona']
2026-08-10 04:34:29 | team | sess_ac241d1c1838 | INFO | Session tables ready for session sess_ac241d1c1838
2026-08-10 04:34:29 | team | sess_ac241d1c1838 | INFO | Team database initialized
2026-08-10 04:34:29 | team | default_trace_id | INFO | Team workspace directory ensured at /srv/jwteam_clone/shared/run_current
2026-08-10 04:34:29 | team | default_trace_id | INFO | AgentTeam manager initialized for jiuwen_team_sess_ac241d1c1838, member=planner2
2026-08-10 04:34:29 | team | default_trace_id | INFO | [planner2] TeamPolicyRail static sections: section_names=['team_role', 'team_persona']
2026-08-10 04:34:29 | team | sess_ac241d1c1838 | INFO | [planner2] invoke start, role=teammate
2026-08-10 04:34:29 | team | sess_ac241d1c1838 | INFO | [planner2] coordination starting
2026-08-10 04:34:29 | team | sess_ac241d1c1838 | INFO | Session tables ready for session sess_ac241d1c1838
2026-08-10 04:34:29 | team | sess_ac241d1c1838 | INFO | Workspace /srv/jwteam_clone/shared/run_current initialized as plain shared directory (version_control disabled)
2026-08-10 04:34:29 | team | sess_ac241d1c1838 | INFO | EventBus[teammate] starting
2026-08-10 04:36:12 | team | sess_ac241d1c1838 | INFO | [planner2] HITT section refresh: human_agent_names=[]
2026-08-10 04:36:26 | team | sess_ac241d1c1838 | INFO | [planner2] processing 1 unread messages (steer=True)
2026-08-10 04:36:26 | team | sess_ac241d1c1838 | INFO | Message 1ff0f42e-d9dc-46ad-95c4-d0def8cc8d79 marked as read by planner2
2026-08-10 04:37:31 | team | sess_ac241d1c1838 | INFO | Message 032055ad-a942-4962-b73a-9047a37e7693 created
2026-08-10 04:37:53 | team | sess_ac241d1c1838 | INFO | [planner2] processing 1 unread messages (steer=True)
2026-08-10 04:37:53 | team | sess_ac241d1c1838 | INFO | Message f035c28d-c5a2-45e5-81eb-1b23ac97954c marked as read by planner2
2026-08-10 04:38:00 | team | sess_ac241d1c1838 | INFO | task list drained for team jiuwen_team_sess_ac241d1c1838: 4 terminal task(s)
2026-08-10 04:38:08 | team | sess_ac241d1c1838 | INFO | Message b09c0e31-dc24-465c-8e8d-975181929933 created
2026-08-10 04:38:16 | team | sess_ac241d1c1838 | INFO | Message a8d27d95-02f2-4bd9-8378-78e6b4100148 created
2026-08-10 04:38:30 | team | sess_ac241d1c1838 | INFO | [planner2] processing 1 unread messages (steer=True)
2026-08-10 04:38:30 | team | sess_ac241d1c1838 | INFO | Message a23c8d9a-5157-4346-b5ba-80df6340e013 marked as read by planner2
2026-08-10 04:38:40 | team | sess_ac241d1c1838 | INFO | [planner2] processing 1 unread messages (steer=True)
2026-08-10 04:38:40 | team | sess_ac241d1c1838 | INFO | Message f1f02bc7-1f91-42d2-8516-da21b3a5f30a marked as read by planner2
2026-08-10 04:38:44 | team | sess_ac241d1c1838 | INFO | task list drained for team jiuwen_team_sess_ac241d1c1838: 5 terminal task(s)
2026-08-10 04:39:23 | team | sess_ac241d1c1838 | INFO | [planner2] processing 1 unread messages (steer=True)
2026-08-10 04:39:23 | team | sess_ac241d1c1838 | INFO | Message d3650447-9b15-48cb-a867-4d92510240bc marked as read by planner2
2026-08-10 04:39:41 | team | sess_ac241d1c1838 | INFO | [planner2] processing 1 unread messages (steer=True)
2026-08-10 04:39:41 | team | sess_ac241d1c1838 | INFO | Message 84bff0d7-0230-49fa-b050-5f708367b394 marked as read by planner2
2026-08-10 04:39:51 | team | sess_ac241d1c1838 | INFO | [planner2] processing 1 unread messages (steer=True)
2026-08-10 04:39:51 | team | sess_ac241d1c1838 | INFO | Message d8a16d30-54b5-41d2-9d8c-bf1488744974 marked as read by planner2
2026-08-10 04:40:20 | team | sess_ac241d1c1838 | INFO | team jiuwen_team_sess_ac241d1c1838 reported completed: 9 members, 5 tasks
2026-08-10 04:40:20 | team | sess_ac241d1c1838 | INFO | [planner2] received TEAM_STANDBY, pausing polls
2026-08-10 04:40:20 | team | sess_ac241d1c1838 | INFO | EventBus[teammate] pausing polls
