2026-08-10 04:34:34 | team | sess_ac241d1c1838 | INFO | Team workspace directory ensured at /srv/jwteam_clone/shared/run_current
2026-08-10 04:34:34 | team | sess_ac241d1c1838 | INFO | AgentTeam manager initialized for jiuwen_team_sess_ac241d1c1838, member=team_leader
2026-08-10 04:34:34 | team | sess_ac241d1c1838 | INFO | [team_leader] TeamPolicyRail static sections: section_names=['team_role', 'team_workflow', 'team_swarmflow', 'team_lifecycle', 'team_persona']
2026-08-10 04:34:34 | team | sess_ac241d1c1838 | INFO | Session tables ready for session sess_ac241d1c1838
2026-08-10 04:34:34 | team | sess_ac241d1c1838 | INFO | Team database initialized
2026-08-10 04:34:34 | team | default_trace_id | INFO | Team workspace directory ensured at /srv/jwteam_clone/shared/run_current
2026-08-10 04:34:34 | team | default_trace_id | INFO | AgentTeam manager initialized for jiuwen_team_sess_ac241d1c1838, member=verifier2
2026-08-10 04:34:34 | team | default_trace_id | INFO | [verifier2] TeamPolicyRail static sections: section_names=['team_role', 'team_persona']
2026-08-10 04:34:34 | team | sess_ac241d1c1838 | INFO | [verifier2] invoke start, role=teammate
2026-08-10 04:34:34 | team | sess_ac241d1c1838 | INFO | [verifier2] coordination starting
2026-08-10 04:34:34 | team | sess_ac241d1c1838 | INFO | Session tables ready for session sess_ac241d1c1838
2026-08-10 04:34:34 | team | sess_ac241d1c1838 | INFO | Workspace /srv/jwteam_clone/shared/run_current initialized as plain shared directory (version_control disabled)
2026-08-10 04:34:34 | team | sess_ac241d1c1838 | INFO | EventBus[teammate] starting
2026-08-10 04:36:12 | team | sess_ac241d1c1838 | INFO | [verifier2] HITT section refresh: human_agent_names=[]
2026-08-10 04:36:26 | team | sess_ac241d1c1838 | INFO | [verifier2] processing 1 unread messages (steer=True)
2026-08-10 04:36:26 | team | sess_ac241d1c1838 | INFO | Message 1ff0f42e-d9dc-46ad-95c4-d0def8cc8d79 marked as read by verifier2
2026-08-10 04:36:52 | team | sess_ac241d1c1838 | INFO | Message 7f260456-4704-4346-bd8c-ee8abd8cbe8a created
2026-08-10 04:37:10 | team | sess_ac241d1c1838 | INFO | [verifier2] processing 1 unread messages (steer=True)
2026-08-10 04:37:10 | team | sess_ac241d1c1838 | INFO | Message 09f56d20-e8ca-42c4-aae4-229f360a37c9 marked as read by verifier2
2026-08-10 04:37:16 | team | sess_ac241d1c1838 | INFO | Message 0167f740-6473-426e-935c-1aeb00545469 created
2026-08-10 04:38:00 | team | sess_ac241d1c1838 | INFO | task list drained for team jiuwen_team_sess_ac241d1c1838: 4 terminal task(s)
2026-08-10 04:38:25 | team | sess_ac241d1c1838 | INFO | Task verify-full claimed by member verifier2
2026-08-10 04:38:25 | team | sess_ac241d1c1838 | INFO | Task verify-full claimed by member verifier2
2026-08-10 04:38:40 | team | sess_ac241d1c1838 | INFO | [verifier2] processing 1 unread messages (steer=True)
2026-08-10 04:38:40 | team | sess_ac241d1c1838 | INFO | Message 0e593002-4196-4fc8-bae7-99d48609bbb5 marked as read by verifier2
2026-08-10 04:38:44 | team | sess_ac241d1c1838 | INFO | [verifier2] processing 1 unread messages (steer=True)
2026-08-10 04:38:44 | team | sess_ac241d1c1838 | INFO | Message 47459fb1-fbd8-4730-a0b0-b30219f4422c marked as read by verifier2
2026-08-10 04:38:44 | team | sess_ac241d1c1838 | INFO | task list drained for team jiuwen_team_sess_ac241d1c1838: 5 terminal task(s)
2026-08-10 04:38:52 | team | sess_ac241d1c1838 | INFO | [verifier2] processing 1 unread messages (steer=True)
2026-08-10 04:38:52 | team | sess_ac241d1c1838 | INFO | Message 1f42fd6e-c36e-4717-a79b-050ce1c218e3 marked as read by verifier2
2026-08-10 04:38:55 | team | sess_ac241d1c1838 | INFO | [verifier2] processing 1 unread messages (steer=True)
2026-08-10 04:38:55 | team | sess_ac241d1c1838 | INFO | Message 9242fabe-bd31-47b7-916a-4c4b8b3740cf marked as read by verifier2
2026-08-10 04:39:07 | team | sess_ac241d1c1838 | INFO | Message 7c4dad28-0774-4490-8ed7-951d073e709e created
2026-08-10 04:39:07 | team | sess_ac241d1c1838 | INFO | Message 2df562d8-5c93-4e73-b0e9-3f6d78a99c50 created
2026-08-10 04:39:23 | team | sess_ac241d1c1838 | INFO | [verifier2] processing 1 unread messages (steer=True)
2026-08-10 04:39:23 | team | sess_ac241d1c1838 | INFO | Message 97142e88-ae3f-4ae8-bb91-5466e00e6d35 marked as read by verifier2
2026-08-10 04:39:23 | team | sess_ac241d1c1838 | INFO | [verifier2] processing 1 unread messages (steer=True)
2026-08-10 04:39:23 | team | sess_ac241d1c1838 | INFO | Message eef9acb7-0a9b-43da-8d56-05a4cbd81f8b marked as read by verifier2
2026-08-10 04:39:29 | team | sess_ac241d1c1838 | INFO | Message 82c05dc4-4db7-4e26-a82f-744c8e861958 created
2026-08-10 04:39:35 | team | sess_ac241d1c1838 | INFO | Message 153add79-cafc-4981-9e9f-da6984364547 created
2026-08-10 04:39:41 | team | sess_ac241d1c1838 | INFO | [verifier2] processing 1 unread messages (steer=True)
2026-08-10 04:39:41 | team | sess_ac241d1c1838 | INFO | Message 84bff0d7-0230-49fa-b050-5f708367b394 marked as read by verifier2
2026-08-10 04:39:51 | team | sess_ac241d1c1838 | INFO | [verifier2] processing 1 unread messages (steer=True)
2026-08-10 04:39:51 | team | sess_ac241d1c1838 | INFO | Message bd477f62-4937-4e8b-bd78-c54792163eac marked as read by verifier2
2026-08-10 04:40:20 | team | sess_ac241d1c1838 | INFO | team jiuwen_team_sess_ac241d1c1838 reported completed: 9 members, 5 tasks
2026-08-10 04:40:20 | team | sess_ac241d1c1838 | INFO | [verifier2] received TEAM_STANDBY, pausing polls
2026-08-10 04:40:20 | team | sess_ac241d1c1838 | INFO | EventBus[teammate] pausing polls
