2026-08-10 04:34:31 | team | sess_ac241d1c1838 | INFO | Team workspace directory ensured at /srv/jwteam_clone/shared/run_current
2026-08-10 04:34:31 | team | sess_ac241d1c1838 | INFO | AgentTeam manager initialized for jiuwen_team_sess_ac241d1c1838, member=team_leader
2026-08-10 04:34:31 | team | sess_ac241d1c1838 | INFO | [team_leader] TeamPolicyRail static sections: section_names=['team_role', 'team_workflow', 'team_swarmflow', 'team_lifecycle', 'team_persona']
2026-08-10 04:34:31 | team | sess_ac241d1c1838 | INFO | Session tables ready for session sess_ac241d1c1838
2026-08-10 04:34:31 | team | sess_ac241d1c1838 | INFO | Team database initialized
2026-08-10 04:34:31 | team | default_trace_id | INFO | Team workspace directory ensured at /srv/jwteam_clone/shared/run_current
2026-08-10 04:34:31 | team | default_trace_id | INFO | AgentTeam manager initialized for jiuwen_team_sess_ac241d1c1838, member=executor3
2026-08-10 04:34:31 | team | default_trace_id | INFO | [executor3] TeamPolicyRail static sections: section_names=['team_role', 'team_persona']
2026-08-10 04:34:31 | team | sess_ac241d1c1838 | INFO | [executor3] invoke start, role=teammate
2026-08-10 04:34:31 | team | sess_ac241d1c1838 | INFO | [executor3] coordination starting
2026-08-10 04:34:31 | team | sess_ac241d1c1838 | INFO | Session tables ready for session sess_ac241d1c1838
2026-08-10 04:34:32 | team | sess_ac241d1c1838 | INFO | Workspace /srv/jwteam_clone/shared/run_current initialized as plain shared directory (version_control disabled)
2026-08-10 04:34:32 | team | sess_ac241d1c1838 | INFO | EventBus[teammate] starting
2026-08-10 04:36:12 | team | sess_ac241d1c1838 | INFO | [executor3] HITT section refresh: human_agent_names=[]
2026-08-10 04:36:26 | team | sess_ac241d1c1838 | INFO | [executor3] processing 1 unread messages (steer=True)
2026-08-10 04:36:26 | team | sess_ac241d1c1838 | INFO | Message 1ff0f42e-d9dc-46ad-95c4-d0def8cc8d79 marked as read by executor3
2026-08-10 04:36:55 | team | sess_ac241d1c1838 | INFO | [executor3] processing 1 unread messages (steer=True)
2026-08-10 04:36:55 | team | sess_ac241d1c1838 | INFO | Message add16b15-5ee4-45d5-b773-997dbf24e842 marked as read by executor3
2026-08-10 04:37:08 | team | sess_ac241d1c1838 | INFO | Task impl-imports claimed by member executor3
2026-08-10 04:37:08 | team | sess_ac241d1c1838 | INFO | Task impl-imports claimed by member executor3
2026-08-10 04:37:41 | team | sess_ac241d1c1838 | INFO | Task impl-imports completed at 1786333061195
2026-08-10 04:37:41 | team | sess_ac241d1c1838 | INFO | Resolved 1 dependencies for task impl-imports
2026-08-10 04:37:41 | team | sess_ac241d1c1838 | INFO | Task verify unblocked (all deps resolved)
2026-08-10 04:37:41 | team | sess_ac241d1c1838 | INFO | Task impl-imports completed
2026-08-10 04:37:41 | team | sess_ac241d1c1838 | INFO | Unblocked 1 tasks
2026-08-10 04:37:45 | team | sess_ac241d1c1838 | INFO | Message c8cd3d43-d4da-4a95-a75c-99696d9fb887 created
2026-08-10 04:37:53 | team | sess_ac241d1c1838 | INFO | [executor3] processing 1 unread messages (steer=True)
2026-08-10 04:37:53 | team | sess_ac241d1c1838 | INFO | Message b64aba9a-ca10-414b-99c8-b17b317e2e55 marked as read by executor3
2026-08-10 04:37:53 | team | sess_ac241d1c1838 | INFO | Message 7a5a1419-801e-4450-b8d9-12d3dbb08dba created
2026-08-10 04:38:00 | team | sess_ac241d1c1838 | INFO | task list drained for team jiuwen_team_sess_ac241d1c1838: 4 terminal task(s)
2026-08-10 04:38:29 | team | sess_ac241d1c1838 | INFO | [executor3] processing 1 unread messages (steer=True)
2026-08-10 04:38:29 | team | sess_ac241d1c1838 | INFO | Message 876f9932-7185-4dcd-9572-626e1c202715 marked as read by executor3
2026-08-10 04:38:44 | team | sess_ac241d1c1838 | INFO | task list drained for team jiuwen_team_sess_ac241d1c1838: 5 terminal task(s)
2026-08-10 04:39:05 | team | sess_ac241d1c1838 | INFO | Message 3dadad4f-e8d7-4286-a0e9-915fbbb09657 created
2026-08-10 04:39:13 | team | sess_ac241d1c1838 | INFO | Message e2e102bd-54b7-4409-b3e8-b5edcd9ce3d7 created
2026-08-10 04:39:23 | team | sess_ac241d1c1838 | INFO | [executor3] processing 1 unread messages (steer=True)
2026-08-10 04:39:23 | team | sess_ac241d1c1838 | INFO | Message d87da558-dd8f-4bf5-aa90-2aa36e03b01e marked as read by executor3
2026-08-10 04:39:27 | team | sess_ac241d1c1838 | INFO | [executor3] processing 1 unread messages (steer=True)
2026-08-10 04:39:27 | team | sess_ac241d1c1838 | INFO | Message 37d14240-dc1c-4bab-aff5-b70f090b6ffc marked as read by executor3
2026-08-10 04:39:41 | team | sess_ac241d1c1838 | INFO | [executor3] processing 1 unread messages (steer=True)
2026-08-10 04:39:41 | team | sess_ac241d1c1838 | INFO | Message 84bff0d7-0230-49fa-b050-5f708367b394 marked as read by executor3
2026-08-10 04:40:20 | team | sess_ac241d1c1838 | INFO | team jiuwen_team_sess_ac241d1c1838 reported completed: 9 members, 5 tasks
2026-08-10 04:40:20 | team | sess_ac241d1c1838 | INFO | [executor3] received TEAM_STANDBY, pausing polls
2026-08-10 04:40:20 | team | sess_ac241d1c1838 | INFO | EventBus[teammate] pausing polls
