2026-08-10 04:34:31 | team | sess_ac241d1c1838 | INFO | Team workspace directory ensured at /srv/jwteam_clone/shared/run_current
2026-08-10 04:34:31 | team | sess_ac241d1c1838 | INFO | AgentTeam manager initialized for jiuwen_team_sess_ac241d1c1838, member=team_leader
2026-08-10 04:34:31 | team | sess_ac241d1c1838 | INFO | [team_leader] TeamPolicyRail static sections: section_names=['team_role', 'team_workflow', 'team_swarmflow', 'team_lifecycle', 'team_persona']
2026-08-10 04:34:31 | team | sess_ac241d1c1838 | INFO | Session tables ready for session sess_ac241d1c1838
2026-08-10 04:34:31 | team | sess_ac241d1c1838 | INFO | Team database initialized
2026-08-10 04:34:31 | team | default_trace_id | INFO | Team workspace directory ensured at /srv/jwteam_clone/shared/run_current
2026-08-10 04:34:31 | team | default_trace_id | INFO | AgentTeam manager initialized for jiuwen_team_sess_ac241d1c1838, member=executor2
2026-08-10 04:34:31 | team | default_trace_id | INFO | [executor2] TeamPolicyRail static sections: section_names=['team_role', 'team_persona']
2026-08-10 04:34:31 | team | sess_ac241d1c1838 | INFO | [executor2] invoke start, role=teammate
2026-08-10 04:34:31 | team | sess_ac241d1c1838 | INFO | [executor2] coordination starting
2026-08-10 04:34:31 | team | sess_ac241d1c1838 | INFO | Session tables ready for session sess_ac241d1c1838
2026-08-10 04:34:31 | team | sess_ac241d1c1838 | INFO | Workspace /srv/jwteam_clone/shared/run_current initialized as plain shared directory (version_control disabled)
2026-08-10 04:34:31 | team | sess_ac241d1c1838 | INFO | EventBus[teammate] starting
2026-08-10 04:36:12 | team | sess_ac241d1c1838 | INFO | [executor2] HITT section refresh: human_agent_names=[]
2026-08-10 04:36:26 | team | sess_ac241d1c1838 | INFO | [executor2] processing 1 unread messages (steer=True)
2026-08-10 04:36:26 | team | sess_ac241d1c1838 | INFO | Message 1ff0f42e-d9dc-46ad-95c4-d0def8cc8d79 marked as read by executor2
2026-08-10 04:36:55 | team | sess_ac241d1c1838 | INFO | [executor2] processing 1 unread messages (steer=True)
2026-08-10 04:36:55 | team | sess_ac241d1c1838 | INFO | Message 8f8c9f30-c212-4754-9fc3-3cd74c91ee6a marked as read by executor2
2026-08-10 04:36:56 | team | sess_ac241d1c1838 | INFO | Message 9a429519-d1a3-44d4-9219-9ba4b4d70059 created
2026-08-10 04:37:03 | team | sess_ac241d1c1838 | INFO | Task impl-versions claimed by member executor2
2026-08-10 04:37:03 | team | sess_ac241d1c1838 | INFO | Task impl-versions claimed by member executor2
2026-08-10 04:37:22 | team | sess_ac241d1c1838 | INFO | Task impl-versions completed at 1786333042322
2026-08-10 04:37:22 | team | sess_ac241d1c1838 | INFO | Message 832f1b9c-a450-4a64-9f74-2ea4b9e8b813 created
2026-08-10 04:37:22 | team | sess_ac241d1c1838 | INFO | Resolved 1 dependencies for task impl-versions
2026-08-10 04:37:22 | team | sess_ac241d1c1838 | INFO | Task impl-versions completed
2026-08-10 04:37:31 | team | sess_ac241d1c1838 | INFO | [executor2] processing 1 unread messages (steer=True)
2026-08-10 04:37:31 | team | sess_ac241d1c1838 | INFO | Message 96483e28-f26c-48d6-ac29-383385437e7e marked as read by executor2
2026-08-10 04:37:53 | team | sess_ac241d1c1838 | INFO | [executor2] processing 1 unread messages (steer=True)
2026-08-10 04:37:53 | team | sess_ac241d1c1838 | INFO | Message a722ba2a-1e31-43e7-a068-472bf0861a3d marked as read by executor2
2026-08-10 04:38:00 | team | sess_ac241d1c1838 | INFO | task list drained for team jiuwen_team_sess_ac241d1c1838: 4 terminal task(s)
2026-08-10 04:38:29 | team | sess_ac241d1c1838 | INFO | Message 6af56abf-25e0-4665-9361-dac21a79b5a2 created
2026-08-10 04:38:29 | team | sess_ac241d1c1838 | INFO | Message c4408807-1a66-4020-990d-63739992e84d created
2026-08-10 04:38:40 | team | sess_ac241d1c1838 | INFO | [executor2] processing 1 unread messages (steer=True)
2026-08-10 04:38:40 | team | sess_ac241d1c1838 | INFO | Message 6d8bafa1-09e9-4909-92a2-666b71de6924 marked as read by executor2
2026-08-10 04:38:44 | team | sess_ac241d1c1838 | INFO | task list drained for team jiuwen_team_sess_ac241d1c1838: 5 terminal task(s)
2026-08-10 04:39:41 | team | sess_ac241d1c1838 | INFO | [executor2] processing 1 unread messages (steer=True)
2026-08-10 04:39:41 | team | sess_ac241d1c1838 | INFO | Message 84bff0d7-0230-49fa-b050-5f708367b394 marked as read by executor2
2026-08-10 04:40:20 | team | sess_ac241d1c1838 | INFO | team jiuwen_team_sess_ac241d1c1838 reported completed: 9 members, 5 tasks
2026-08-10 04:40:20 | team | sess_ac241d1c1838 | INFO | [executor2] received TEAM_STANDBY, pausing polls
2026-08-10 04:40:20 | team | sess_ac241d1c1838 | INFO | EventBus[teammate] pausing polls
