2026-08-10 04:34:34 | team | sess_ac241d1c1838 | INFO | Team workspace directory ensured at /srv/jwteam_clone/shared/run_current
2026-08-10 04:34:34 | team | sess_ac241d1c1838 | INFO | AgentTeam manager initialized for jiuwen_team_sess_ac241d1c1838, member=team_leader
2026-08-10 04:34:34 | team | sess_ac241d1c1838 | INFO | [team_leader] TeamPolicyRail static sections: section_names=['team_role', 'team_workflow', 'team_swarmflow', 'team_lifecycle', 'team_persona']
2026-08-10 04:34:35 | team | sess_ac241d1c1838 | INFO | Session tables ready for session sess_ac241d1c1838
2026-08-10 04:34:35 | team | sess_ac241d1c1838 | INFO | Team database initialized
2026-08-10 04:34:35 | team | default_trace_id | INFO | Team workspace directory ensured at /srv/jwteam_clone/shared/run_current
2026-08-10 04:34:35 | team | default_trace_id | INFO | AgentTeam manager initialized for jiuwen_team_sess_ac241d1c1838, member=fullstack1
2026-08-10 04:34:35 | team | default_trace_id | INFO | [fullstack1] TeamPolicyRail static sections: section_names=['team_role', 'team_persona']
2026-08-10 04:34:35 | team | sess_ac241d1c1838 | INFO | [fullstack1] invoke start, role=teammate
2026-08-10 04:34:35 | team | sess_ac241d1c1838 | INFO | [fullstack1] coordination starting
2026-08-10 04:34:35 | team | sess_ac241d1c1838 | INFO | Session tables ready for session sess_ac241d1c1838
2026-08-10 04:34:35 | team | sess_ac241d1c1838 | INFO | Workspace /srv/jwteam_clone/shared/run_current initialized as plain shared directory (version_control disabled)
2026-08-10 04:34:35 | team | sess_ac241d1c1838 | INFO | EventBus[teammate] starting
2026-08-10 04:36:12 | team | sess_ac241d1c1838 | INFO | [fullstack1] HITT section refresh: human_agent_names=[]
2026-08-10 04:36:26 | team | sess_ac241d1c1838 | INFO | [fullstack1] processing 1 unread messages (steer=True)
2026-08-10 04:36:26 | team | sess_ac241d1c1838 | INFO | Message 1ff0f42e-d9dc-46ad-95c4-d0def8cc8d79 marked as read by fullstack1
2026-08-10 04:37:44 | team | sess_ac241d1c1838 | INFO | Message 87ce87f5-ae27-46ea-af31-0f2dcf778f25 created
2026-08-10 04:38:00 | team | sess_ac241d1c1838 | INFO | task list drained for team jiuwen_team_sess_ac241d1c1838: 4 terminal task(s)
2026-08-10 04:38:22 | team | sess_ac241d1c1838 | INFO | [fullstack1] processing 1 unread messages (steer=True)
2026-08-10 04:38:22 | team | sess_ac241d1c1838 | INFO | Message ebaf9986-bc0a-4371-baec-b83ecdc330cb marked as read by fullstack1
2026-08-10 04:38:26 | team | sess_ac241d1c1838 | INFO | Message b5f55b76-813b-4803-9671-d58fc7d40aef created
2026-08-10 04:38:26 | team | sess_ac241d1c1838 | INFO | Message 7858db02-1c39-4f1a-b970-a31084c95224 created
2026-08-10 04:38:44 | team | sess_ac241d1c1838 | INFO | task list drained for team jiuwen_team_sess_ac241d1c1838: 5 terminal task(s)
2026-08-10 04:38:50 | team | sess_ac241d1c1838 | INFO | [fullstack1] processing 1 unread messages (steer=True)
2026-08-10 04:38:50 | team | sess_ac241d1c1838 | INFO | Message 7bb530f0-c67a-4aec-8260-bdf29784e3aa marked as read by fullstack1
2026-08-10 04:39:17 | team | sess_ac241d1c1838 | INFO | [fullstack1] processing 1 unread messages (steer=True)
2026-08-10 04:39:17 | team | sess_ac241d1c1838 | INFO | Message 3512fa2e-9595-4ac5-a13f-f8b66b25d66a marked as read by fullstack1
2026-08-10 04:39:23 | team | sess_ac241d1c1838 | INFO | Message 97142e88-ae3f-4ae8-bb91-5466e00e6d35 created
2026-08-10 04:39:23 | team | sess_ac241d1c1838 | INFO | Message eff2d87c-ec7b-4780-b6e0-92a818820b7b created
2026-08-10 04:39:27 | team | sess_ac241d1c1838 | INFO | [fullstack1] processing 1 unread messages (steer=True)
2026-08-10 04:39:27 | team | sess_ac241d1c1838 | INFO | Message 9d2655ab-25d2-412e-ba34-03ea80c77296 marked as read by fullstack1
2026-08-10 04:39:29 | team | sess_ac241d1c1838 | INFO | [fullstack1] processing 1 unread messages (steer=True)
2026-08-10 04:39:29 | team | sess_ac241d1c1838 | INFO | Message 82c05dc4-4db7-4e26-a82f-744c8e861958 marked as read by fullstack1
2026-08-10 04:39:41 | team | sess_ac241d1c1838 | INFO | [fullstack1] processing 1 unread messages (steer=True)
2026-08-10 04:39:41 | team | sess_ac241d1c1838 | INFO | Message 84bff0d7-0230-49fa-b050-5f708367b394 marked as read by fullstack1
2026-08-10 04:40:20 | team | sess_ac241d1c1838 | INFO | team jiuwen_team_sess_ac241d1c1838 reported completed: 9 members, 5 tasks
2026-08-10 04:40:20 | team | sess_ac241d1c1838 | INFO | [fullstack1] received TEAM_STANDBY, pausing polls
2026-08-10 04:40:20 | team | sess_ac241d1c1838 | INFO | EventBus[teammate] pausing polls
