2026-08-10 04:34:27 | team | sess_ac241d1c1838 | INFO | Team workspace directory ensured at /srv/jwteam_clone/shared/run_current
2026-08-10 04:34:27 | team | sess_ac241d1c1838 | INFO | AgentTeam manager initialized for jiuwen_team_sess_ac241d1c1838, member=team_leader
2026-08-10 04:34:27 | team | sess_ac241d1c1838 | INFO | [team_leader] TeamPolicyRail static sections: section_names=['team_role', 'team_workflow', 'team_swarmflow', 'team_lifecycle', 'team_persona']
2026-08-10 04:34:28 | team | sess_ac241d1c1838 | INFO | Session tables ready for session sess_ac241d1c1838
2026-08-10 04:34:28 | team | sess_ac241d1c1838 | INFO | Team database initialized
2026-08-10 04:34:28 | team | default_trace_id | INFO | Team workspace directory ensured at /srv/jwteam_clone/shared/run_current
2026-08-10 04:34:28 | team | default_trace_id | INFO | AgentTeam manager initialized for jiuwen_team_sess_ac241d1c1838, member=planner1
2026-08-10 04:34:28 | team | default_trace_id | INFO | [planner1] TeamPolicyRail static sections: section_names=['team_role', 'team_persona']
2026-08-10 04:34:28 | team | sess_ac241d1c1838 | INFO | [planner1] invoke start, role=teammate
2026-08-10 04:34:28 | team | sess_ac241d1c1838 | INFO | [planner1] coordination starting
2026-08-10 04:34:28 | team | sess_ac241d1c1838 | INFO | Session tables ready for session sess_ac241d1c1838
2026-08-10 04:34:28 | team | sess_ac241d1c1838 | INFO | Workspace /srv/jwteam_clone/shared/run_current initialized as plain shared directory (version_control disabled)
2026-08-10 04:34:28 | team | sess_ac241d1c1838 | INFO | EventBus[teammate] starting
2026-08-10 04:36:12 | team | sess_ac241d1c1838 | INFO | [planner1] HITT section refresh: human_agent_names=[]
2026-08-10 04:36:18 | team | sess_ac241d1c1838 | INFO | Task plan claimed by member planner1
2026-08-10 04:36:18 | team | sess_ac241d1c1838 | INFO | Task plan claimed by member planner1
2026-08-10 04:36:26 | team | sess_ac241d1c1838 | INFO | [planner1] processing 1 unread messages (steer=True)
2026-08-10 04:36:26 | team | sess_ac241d1c1838 | INFO | Message 1ff0f42e-d9dc-46ad-95c4-d0def8cc8d79 marked as read by planner1
2026-08-10 04:36:55 | team | sess_ac241d1c1838 | INFO | Message add16b15-5ee4-45d5-b773-997dbf24e842 created
2026-08-10 04:36:55 | team | sess_ac241d1c1838 | INFO | Message 8f8c9f30-c212-4754-9fc3-3cd74c91ee6a created
2026-08-10 04:37:01 | team | sess_ac241d1c1838 | INFO | Task plan completed at 1786333021961
2026-08-10 04:37:01 | team | sess_ac241d1c1838 | INFO | Resolved 2 dependencies for task plan
2026-08-10 04:37:01 | team | sess_ac241d1c1838 | INFO | Task impl-imports unblocked (all deps resolved)
2026-08-10 04:37:01 | team | sess_ac241d1c1838 | INFO | Task impl-versions unblocked (all deps resolved)
2026-08-10 04:37:01 | team | sess_ac241d1c1838 | INFO | Task plan completed
2026-08-10 04:37:01 | team | sess_ac241d1c1838 | INFO | Unblocked 2 tasks
2026-08-10 04:37:07 | team | sess_ac241d1c1838 | INFO | [planner1] processing 1 unread messages (steer=True)
2026-08-10 04:37:07 | team | sess_ac241d1c1838 | INFO | Message ae46c656-86fc-4da4-84bb-4d662fa98041 marked as read by planner1
2026-08-10 04:37:18 | team | sess_ac241d1c1838 | INFO | Message ab0f61fb-f67c-4a84-8abf-8ba66427d59e created
2026-08-10 04:37:29 | team | sess_ac241d1c1838 | INFO | Message 46f864c9-2643-459b-89d6-9a22290491be created
2026-08-10 04:37:31 | team | sess_ac241d1c1838 | INFO | [planner1] processing 1 unread messages (steer=True)
2026-08-10 04:37:31 | team | sess_ac241d1c1838 | INFO | Message 032055ad-a942-4962-b73a-9047a37e7693 marked as read by planner1
2026-08-10 04:37:42 | team | sess_ac241d1c1838 | INFO | [planner1] processing 1 unread messages (steer=True)
2026-08-10 04:37:42 | team | sess_ac241d1c1838 | INFO | Message 707d54ad-4415-462e-9b92-a843c4bb590e marked as read by planner1
2026-08-10 04:37:53 | team | sess_ac241d1c1838 | INFO | Message b64aba9a-ca10-414b-99c8-b17b317e2e55 created
2026-08-10 04:37:53 | team | sess_ac241d1c1838 | INFO | Message f035c28d-c5a2-45e5-81eb-1b23ac97954c created
2026-08-10 04:37:53 | team | sess_ac241d1c1838 | INFO | Message a722ba2a-1e31-43e7-a068-472bf0861a3d created
2026-08-10 04:37:59 | team | sess_ac241d1c1838 | INFO | Message 00a2d031-2d7f-4b4f-97ff-cfcf27d4a8c6 created
2026-08-10 04:38:00 | team | sess_ac241d1c1838 | INFO | task list drained for team jiuwen_team_sess_ac241d1c1838: 4 terminal task(s)
2026-08-10 04:38:16 | team | sess_ac241d1c1838 | INFO | [planner1] processing 1 unread messages (steer=True)
2026-08-10 04:38:16 | team | sess_ac241d1c1838 | INFO | Message a8d27d95-02f2-4bd9-8378-78e6b4100148 marked as read by planner1
2026-08-10 04:38:30 | team | sess_ac241d1c1838 | INFO | [planner1] processing 1 unread messages (steer=True)
2026-08-10 04:38:30 | team | sess_ac241d1c1838 | INFO | Message 6af56abf-25e0-4665-9361-dac21a79b5a2 marked as read by planner1
2026-08-10 04:38:30 | team | sess_ac241d1c1838 | INFO | Message a23c8d9a-5157-4346-b5ba-80df6340e013 created
2026-08-10 04:38:40 | team | sess_ac241d1c1838 | INFO | Message 6d8bafa1-09e9-4909-92a2-666b71de6924 created
2026-08-10 04:38:40 | team | sess_ac241d1c1838 | INFO | Message f1f02bc7-1f91-42d2-8516-da21b3a5f30a created
2026-08-10 04:38:44 | team | sess_ac241d1c1838 | INFO | task list drained for team jiuwen_team_sess_ac241d1c1838: 5 terminal task(s)
2026-08-10 04:39:05 | team | sess_ac241d1c1838 | INFO | [planner1] processing 1 unread messages (steer=True)
2026-08-10 04:39:05 | team | sess_ac241d1c1838 | INFO | Message 3dadad4f-e8d7-4286-a0e9-915fbbb09657 marked as read by planner1
2026-08-10 04:39:23 | team | sess_ac241d1c1838 | INFO | Message d87da558-dd8f-4bf5-aa90-2aa36e03b01e created
2026-08-10 04:39:23 | team | sess_ac241d1c1838 | INFO | Message eef9acb7-0a9b-43da-8d56-05a4cbd81f8b created
2026-08-10 04:39:23 | team | sess_ac241d1c1838 | INFO | Message d3650447-9b15-48cb-a867-4d92510240bc created
2026-08-10 04:39:35 | team | sess_ac241d1c1838 | INFO | [planner1] processing 1 unread messages (steer=True)
2026-08-10 04:39:35 | team | sess_ac241d1c1838 | INFO | Message 153add79-cafc-4981-9e9f-da6984364547 marked as read by planner1
2026-08-10 04:39:41 | team | sess_ac241d1c1838 | INFO | [planner1] processing 1 unread messages (steer=True)
2026-08-10 04:39:41 | team | sess_ac241d1c1838 | INFO | Message 84bff0d7-0230-49fa-b050-5f708367b394 marked as read by planner1
2026-08-10 04:39:51 | team | sess_ac241d1c1838 | INFO | Message d8a16d30-54b5-41d2-9d8c-bf1488744974 created
2026-08-10 04:39:51 | team | sess_ac241d1c1838 | INFO | Message d0c48b41-2e9c-49ca-b614-bec7a5ade4ae created
2026-08-10 04:39:51 | team | sess_ac241d1c1838 | INFO | Message bd477f62-4937-4e8b-bd78-c54792163eac created
2026-08-10 04:40:20 | team | sess_ac241d1c1838 | INFO | team jiuwen_team_sess_ac241d1c1838 reported completed: 9 members, 5 tasks
2026-08-10 04:40:20 | team | sess_ac241d1c1838 | INFO | [planner1] received TEAM_STANDBY, pausing polls
2026-08-10 04:40:20 | team | sess_ac241d1c1838 | INFO | EventBus[teammate] pausing polls
