2026-08-10 04:34:33 | team | sess_ac241d1c1838 | INFO | Team workspace directory ensured at /srv/jwteam_clone/shared/run_current
2026-08-10 04:34:33 | team | sess_ac241d1c1838 | INFO | AgentTeam manager initialized for jiuwen_team_sess_ac241d1c1838, member=team_leader
2026-08-10 04:34:33 | team | sess_ac241d1c1838 | INFO | [team_leader] TeamPolicyRail static sections: section_names=['team_role', 'team_workflow', 'team_swarmflow', 'team_lifecycle', 'team_persona']
2026-08-10 04:34:33 | team | sess_ac241d1c1838 | INFO | Session tables ready for session sess_ac241d1c1838
2026-08-10 04:34:33 | team | sess_ac241d1c1838 | INFO | Team database initialized
2026-08-10 04:34:33 | team | default_trace_id | INFO | Team workspace directory ensured at /srv/jwteam_clone/shared/run_current
2026-08-10 04:34:33 | team | default_trace_id | INFO | AgentTeam manager initialized for jiuwen_team_sess_ac241d1c1838, member=verifier1
2026-08-10 04:34:33 | team | default_trace_id | INFO | [verifier1] TeamPolicyRail static sections: section_names=['team_role', 'team_persona']
2026-08-10 04:34:33 | team | sess_ac241d1c1838 | INFO | [verifier1] invoke start, role=teammate
2026-08-10 04:34:33 | team | sess_ac241d1c1838 | INFO | [verifier1] coordination starting
2026-08-10 04:34:33 | team | sess_ac241d1c1838 | INFO | Session tables ready for session sess_ac241d1c1838
2026-08-10 04:34:33 | team | sess_ac241d1c1838 | INFO | Workspace /srv/jwteam_clone/shared/run_current initialized as plain shared directory (version_control disabled)
2026-08-10 04:34:33 | team | sess_ac241d1c1838 | INFO | EventBus[teammate] starting
2026-08-10 04:36:12 | team | sess_ac241d1c1838 | INFO | [verifier1] HITT section refresh: human_agent_names=[]
2026-08-10 04:36:26 | team | sess_ac241d1c1838 | INFO | [verifier1] processing 1 unread messages (steer=True)
2026-08-10 04:36:26 | team | sess_ac241d1c1838 | INFO | Message 1ff0f42e-d9dc-46ad-95c4-d0def8cc8d79 marked as read by verifier1
2026-08-10 04:37:07 | team | sess_ac241d1c1838 | INFO | Message ae46c656-86fc-4da4-84bb-4d662fa98041 created
2026-08-10 04:37:22 | team | sess_ac241d1c1838 | INFO | [verifier1] processing 1 unread messages (steer=True)
2026-08-10 04:37:22 | team | sess_ac241d1c1838 | INFO | Message 832f1b9c-a450-4a64-9f74-2ea4b9e8b813 marked as read by verifier1
2026-08-10 04:37:29 | team | sess_ac241d1c1838 | INFO | [verifier1] processing 1 unread messages (steer=True)
2026-08-10 04:37:29 | team | sess_ac241d1c1838 | INFO | Message 46f864c9-2643-459b-89d6-9a22290491be marked as read by verifier1
2026-08-10 04:37:31 | team | sess_ac241d1c1838 | INFO | Message 96483e28-f26c-48d6-ac29-383385437e7e created
2026-08-10 04:37:42 | team | sess_ac241d1c1838 | INFO | Message 707d54ad-4415-462e-9b92-a843c4bb590e created
2026-08-10 04:37:45 | team | sess_ac241d1c1838 | INFO | [verifier1] processing 1 unread messages (steer=True)
2026-08-10 04:37:45 | team | sess_ac241d1c1838 | INFO | Message c8cd3d43-d4da-4a95-a75c-99696d9fb887 marked as read by verifier1
2026-08-10 04:37:46 | team | sess_ac241d1c1838 | INFO | Task verify claimed by member verifier1
2026-08-10 04:37:46 | team | sess_ac241d1c1838 | INFO | Task verify claimed by member verifier1
2026-08-10 04:37:59 | team | sess_ac241d1c1838 | INFO | [verifier1] processing 1 unread messages (steer=True)
2026-08-10 04:37:59 | team | sess_ac241d1c1838 | INFO | Message 00a2d031-2d7f-4b4f-97ff-cfcf27d4a8c6 marked as read by verifier1
2026-08-10 04:38:00 | team | sess_ac241d1c1838 | INFO | [verifier1] processing 1 unread messages (steer=True)
2026-08-10 04:38:00 | team | sess_ac241d1c1838 | INFO | Message cc30705e-b271-4530-9dd0-9c2011049dfb marked as read by verifier1
2026-08-10 04:38:00 | team | sess_ac241d1c1838 | INFO | task list drained for team jiuwen_team_sess_ac241d1c1838: 4 terminal task(s)
2026-08-10 04:38:08 | team | sess_ac241d1c1838 | INFO | [verifier1] processing 1 unread messages (steer=True)
2026-08-10 04:38:08 | team | sess_ac241d1c1838 | INFO | Message b09c0e31-dc24-465c-8e8d-975181929933 marked as read by verifier1
2026-08-10 04:38:26 | team | sess_ac241d1c1838 | INFO | [verifier1] processing 1 unread messages (steer=True)
2026-08-10 04:38:26 | team | sess_ac241d1c1838 | INFO | Message b5f55b76-813b-4803-9671-d58fc7d40aef marked as read by verifier1
2026-08-10 04:38:30 | team | sess_ac241d1c1838 | INFO | [verifier1] processing 1 unread messages (steer=True)
2026-08-10 04:38:30 | team | sess_ac241d1c1838 | INFO | Message c4408807-1a66-4020-990d-63739992e84d marked as read by verifier1
2026-08-10 04:38:40 | team | sess_ac241d1c1838 | INFO | Message 0e593002-4196-4fc8-bae7-99d48609bbb5 created
2026-08-10 04:38:44 | team | sess_ac241d1c1838 | INFO | task list drained for team jiuwen_team_sess_ac241d1c1838: 5 terminal task(s)
2026-08-10 04:38:52 | team | sess_ac241d1c1838 | INFO | Message 1f42fd6e-c36e-4717-a79b-050ce1c218e3 created
2026-08-10 04:39:07 | team | sess_ac241d1c1838 | INFO | [verifier1] processing 1 unread messages (steer=True)
2026-08-10 04:39:07 | team | sess_ac241d1c1838 | INFO | Message 2df562d8-5c93-4e73-b0e9-3f6d78a99c50 marked as read by verifier1
2026-08-10 04:39:17 | team | sess_ac241d1c1838 | INFO | Message 3512fa2e-9595-4ac5-a13f-f8b66b25d66a created
2026-08-10 04:39:41 | team | sess_ac241d1c1838 | INFO | [verifier1] processing 1 unread messages (steer=True)
2026-08-10 04:39:41 | team | sess_ac241d1c1838 | INFO | Message 84bff0d7-0230-49fa-b050-5f708367b394 marked as read by verifier1
2026-08-10 04:40:20 | team | sess_ac241d1c1838 | INFO | team jiuwen_team_sess_ac241d1c1838 reported completed: 9 members, 5 tasks
2026-08-10 04:40:20 | team | sess_ac241d1c1838 | INFO | [verifier1] received TEAM_STANDBY, pausing polls
2026-08-10 04:40:20 | team | sess_ac241d1c1838 | INFO | EventBus[teammate] pausing polls
