2026-08-08 22:01:30 | team | sess_2c1b95a2047b | INFO | Team workspace directory ensured at /srv/jwteam_clone/shared/run_current
2026-08-08 22:01:30 | team | sess_2c1b95a2047b | INFO | AgentTeam manager initialized for jiuwen_team_sess_2c1b95a2047b, member=team_leader
2026-08-08 22:01:30 | team | sess_2c1b95a2047b | INFO | [team_leader] TeamPolicyRail static sections: section_names=['team_role', 'team_workflow', 'team_swarmflow', 'team_lifecycle', 'team_persona']
2026-08-08 22:01:30 | team | sess_2c1b95a2047b | INFO | Session tables ready for session sess_2c1b95a2047b
2026-08-08 22:01:30 | team | sess_2c1b95a2047b | INFO | Team database initialized
2026-08-08 22:01:30 | team | default_trace_id | INFO | Team workspace directory ensured at /srv/jwteam_clone/shared/run_current
2026-08-08 22:01:30 | team | default_trace_id | INFO | AgentTeam manager initialized for jiuwen_team_sess_2c1b95a2047b, member=executor2
2026-08-08 22:01:30 | team | default_trace_id | INFO | [executor2] TeamPolicyRail static sections: section_names=['team_role', 'team_persona']
2026-08-08 22:01:31 | team | sess_2c1b95a2047b | INFO | [executor2] invoke start, role=teammate
2026-08-08 22:01:31 | team | sess_2c1b95a2047b | INFO | [executor2] coordination starting
2026-08-08 22:01:31 | team | sess_2c1b95a2047b | INFO | Session tables ready for session sess_2c1b95a2047b
2026-08-08 22:01:31 | team | sess_2c1b95a2047b | INFO | Workspace /srv/jwteam_clone/shared/run_current initialized as plain shared directory (version_control disabled)
2026-08-08 22:01:31 | team | sess_2c1b95a2047b | INFO | EventBus[teammate] starting
2026-08-08 22:01:50 | team | sess_2c1b95a2047b | INFO | [executor2] HITT section refresh: human_agent_names=[]
2026-08-08 22:02:02 | team | sess_2c1b95a2047b | INFO | [executor2] processing 1 unread messages (steer=True)
2026-08-08 22:02:02 | team | sess_2c1b95a2047b | INFO | Message 74866d48-f484-43f4-9069-4f4bde7a7722 marked as read by executor2
2026-08-08 22:02:16 | team | sess_2c1b95a2047b | INFO | Message 5a12f348-e111-437c-8135-456282a04182 created
2026-08-08 22:02:24 | team | sess_2c1b95a2047b | INFO | Message 8996a870-af6f-4f22-9a70-d453aa0eb845 created
2026-08-08 22:04:54 | team | sess_2c1b95a2047b | INFO | Message f37b1207-9f29-4d82-8191-c7237012f714 created
2026-08-08 22:05:02 | team | sess_2c1b95a2047b | INFO | Message 8ee684ec-8128-47a6-ba25-c1bc363f70a4 created
2026-08-08 22:05:05 | team | sess_2c1b95a2047b | INFO | [executor2] processing 1 unread messages (steer=True)
2026-08-08 22:05:05 | team | sess_2c1b95a2047b | INFO | Message 74973830-e93e-4bb2-a813-944ef7c93b8c marked as read by executor2
2026-08-08 22:05:45 | team | sess_2c1b95a2047b | INFO | Message 1f29eb6c-9e3a-4c2a-ba4e-490b82042ff5 created
2026-08-08 22:05:52 | team | sess_2c1b95a2047b | INFO | Message 05372f1e-5103-48bd-b96c-2582daabbfb4 created
2026-08-08 22:07:12 | team | sess_2c1b95a2047b | INFO | task list drained for team jiuwen_team_sess_2c1b95a2047b: 3 terminal task(s)
2026-08-08 22:07:26 | team | sess_2c1b95a2047b | INFO | [executor2] processing 1 unread messages (steer=True)
2026-08-08 22:07:26 | team | sess_2c1b95a2047b | INFO | Message a44e0641-1be6-4dce-8662-51dfc5dec5dd marked as read by executor2
2026-08-08 22:07:38 | team | sess_2c1b95a2047b | INFO | team jiuwen_team_sess_2c1b95a2047b reported completed: 9 members, 3 tasks
2026-08-08 22:07:38 | team | sess_2c1b95a2047b | INFO | [executor2] received TEAM_STANDBY, pausing polls
2026-08-08 22:07:38 | team | sess_2c1b95a2047b | INFO | EventBus[teammate] pausing polls
