2026-08-08 22:01:27 | team | sess_2c1b95a2047b | INFO | Team workspace directory ensured at /srv/jwteam_clone/shared/run_current
2026-08-08 22:01:27 | team | sess_2c1b95a2047b | INFO | AgentTeam manager initialized for jiuwen_team_sess_2c1b95a2047b, member=team_leader
2026-08-08 22:01:27 | team | sess_2c1b95a2047b | INFO | [team_leader] TeamPolicyRail static sections: section_names=['team_role', 'team_workflow', 'team_swarmflow', 'team_lifecycle', 'team_persona']
2026-08-08 22:01:27 | team | sess_2c1b95a2047b | INFO | Session tables ready for session sess_2c1b95a2047b
2026-08-08 22:01:27 | team | sess_2c1b95a2047b | INFO | Team database initialized
2026-08-08 22:01:27 | team | default_trace_id | INFO | Team workspace directory ensured at /srv/jwteam_clone/shared/run_current
2026-08-08 22:01:27 | team | default_trace_id | INFO | AgentTeam manager initialized for jiuwen_team_sess_2c1b95a2047b, member=planner1
2026-08-08 22:01:27 | team | default_trace_id | INFO | [planner1] TeamPolicyRail static sections: section_names=['team_role', 'team_persona']
2026-08-08 22:01:27 | team | sess_2c1b95a2047b | INFO | [planner1] invoke start, role=teammate
2026-08-08 22:01:27 | team | sess_2c1b95a2047b | INFO | [planner1] coordination starting
2026-08-08 22:01:27 | team | sess_2c1b95a2047b | INFO | Session tables ready for session sess_2c1b95a2047b
2026-08-08 22:01:27 | team | sess_2c1b95a2047b | INFO | Workspace /srv/jwteam_clone/shared/run_current initialized as plain shared directory (version_control disabled)
2026-08-08 22:01:27 | team | sess_2c1b95a2047b | INFO | EventBus[teammate] starting
2026-08-08 22:01:50 | team | sess_2c1b95a2047b | INFO | [planner1] HITT section refresh: human_agent_names=[]
2026-08-08 22:02:02 | team | sess_2c1b95a2047b | INFO | [planner1] processing 1 unread messages (steer=True)
2026-08-08 22:02:02 | team | sess_2c1b95a2047b | INFO | Message 74866d48-f484-43f4-9069-4f4bde7a7722 marked as read by planner1
2026-08-08 22:02:05 | team | sess_2c1b95a2047b | INFO | Task plan claimed by member planner1
2026-08-08 22:02:05 | team | sess_2c1b95a2047b | INFO | Task plan claimed by member planner1
2026-08-08 22:02:38 | team | sess_2c1b95a2047b | INFO | Message d8ce9427-b6e9-4669-b504-01d8197fbb78 created
2026-08-08 22:02:44 | team | sess_2c1b95a2047b | INFO | Message 64311dcf-4819-4443-b60d-1883738872b2 created
2026-08-08 22:03:19 | team | sess_2c1b95a2047b | INFO | [planner1] processing 1 unread messages (steer=True)
2026-08-08 22:03:19 | team | sess_2c1b95a2047b | INFO | Message 4bee2298-a9db-4a19-bc2d-3239afd2c70a marked as read by planner1
2026-08-08 22:03:45 | team | sess_2c1b95a2047b | INFO | [planner1] processing 1 unread messages (steer=True)
2026-08-08 22:03:45 | team | sess_2c1b95a2047b | INFO | Message afc0b258-d4be-4912-b00c-4156e5bd80b7 marked as read by planner1
2026-08-08 22:04:26 | team | sess_2c1b95a2047b | INFO | Message a00e86e3-a67f-4c40-a47d-aecc820f5e70 created
2026-08-08 22:04:37 | team | sess_2c1b95a2047b | INFO | Message b5edd1bf-f277-4fc4-a776-2e926c1d8e27 created
2026-08-08 22:04:42 | team | sess_2c1b95a2047b | INFO | Task plan completed at 1786223082987
2026-08-08 22:04:42 | team | sess_2c1b95a2047b | INFO | Resolved 1 dependencies for task plan
2026-08-08 22:04:42 | team | sess_2c1b95a2047b | INFO | Task implement unblocked (all deps resolved)
2026-08-08 22:04:42 | team | sess_2c1b95a2047b | INFO | Task plan completed
2026-08-08 22:04:42 | team | sess_2c1b95a2047b | INFO | Unblocked 1 tasks
2026-08-08 22:04:43 | team | sess_2c1b95a2047b | INFO | [planner1] processing 1 unread messages (steer=True)
2026-08-08 22:04:43 | team | sess_2c1b95a2047b | INFO | Message 945eb3d3-342b-422c-bdf0-a09c4392b18f marked as read by planner1
2026-08-08 22:04:45 | team | sess_2c1b95a2047b | INFO | [planner1] processing 1 unread messages (steer=True)
2026-08-08 22:04:45 | team | sess_2c1b95a2047b | INFO | Message 3b72989c-5cbb-4fe6-b425-3a704006819e marked as read by planner1
2026-08-08 22:04:54 | team | sess_2c1b95a2047b | INFO | Message fdd60056-d05e-4339-9d70-d3c7742b6959 created
2026-08-08 22:07:12 | team | sess_2c1b95a2047b | INFO | task list drained for team jiuwen_team_sess_2c1b95a2047b: 3 terminal task(s)
2026-08-08 22:07:26 | team | sess_2c1b95a2047b | INFO | [planner1] processing 1 unread messages (steer=True)
2026-08-08 22:07:26 | team | sess_2c1b95a2047b | INFO | Message a44e0641-1be6-4dce-8662-51dfc5dec5dd marked as read by planner1
2026-08-08 22:07:38 | team | sess_2c1b95a2047b | INFO | team jiuwen_team_sess_2c1b95a2047b reported completed: 9 members, 3 tasks
2026-08-08 22:07:38 | team | sess_2c1b95a2047b | INFO | [planner1] received TEAM_STANDBY, pausing polls
2026-08-08 22:07:38 | team | sess_2c1b95a2047b | INFO | EventBus[teammate] pausing polls
