2026-08-08 22:01:34 | team | sess_2c1b95a2047b | INFO | Team workspace directory ensured at /srv/jwteam_clone/shared/run_current
2026-08-08 22:01:34 | team | sess_2c1b95a2047b | INFO | AgentTeam manager initialized for jiuwen_team_sess_2c1b95a2047b, member=team_leader
2026-08-08 22:01:34 | team | sess_2c1b95a2047b | INFO | [team_leader] TeamPolicyRail static sections: section_names=['team_role', 'team_workflow', 'team_swarmflow', 'team_lifecycle', 'team_persona']
2026-08-08 22:01:34 | team | sess_2c1b95a2047b | INFO | Session tables ready for session sess_2c1b95a2047b
2026-08-08 22:01:34 | team | sess_2c1b95a2047b | INFO | Team database initialized
2026-08-08 22:01:34 | team | default_trace_id | INFO | Team workspace directory ensured at /srv/jwteam_clone/shared/run_current
2026-08-08 22:01:34 | team | default_trace_id | INFO | AgentTeam manager initialized for jiuwen_team_sess_2c1b95a2047b, member=verifier2
2026-08-08 22:01:34 | team | default_trace_id | INFO | [verifier2] TeamPolicyRail static sections: section_names=['team_role', 'team_persona']
2026-08-08 22:01:34 | team | sess_2c1b95a2047b | INFO | [verifier2] invoke start, role=teammate
2026-08-08 22:01:34 | team | sess_2c1b95a2047b | INFO | [verifier2] coordination starting
2026-08-08 22:01:34 | team | sess_2c1b95a2047b | INFO | Session tables ready for session sess_2c1b95a2047b
2026-08-08 22:01:34 | team | sess_2c1b95a2047b | INFO | Workspace /srv/jwteam_clone/shared/run_current initialized as plain shared directory (version_control disabled)
2026-08-08 22:01:34 | team | sess_2c1b95a2047b | INFO | EventBus[teammate] starting
2026-08-08 22:01:50 | team | sess_2c1b95a2047b | INFO | [verifier2] HITT section refresh: human_agent_names=[]
2026-08-08 22:02:02 | team | sess_2c1b95a2047b | INFO | [verifier2] processing 1 unread messages (steer=True)
2026-08-08 22:02:02 | team | sess_2c1b95a2047b | INFO | Message 74866d48-f484-43f4-9069-4f4bde7a7722 marked as read by verifier2
2026-08-08 22:07:12 | team | sess_2c1b95a2047b | INFO | task list drained for team jiuwen_team_sess_2c1b95a2047b: 3 terminal task(s)
2026-08-08 22:07:26 | team | sess_2c1b95a2047b | INFO | [verifier2] processing 1 unread messages (steer=True)
2026-08-08 22:07:26 | team | sess_2c1b95a2047b | INFO | Message a44e0641-1be6-4dce-8662-51dfc5dec5dd marked as read by verifier2
2026-08-08 22:07:38 | team | sess_2c1b95a2047b | INFO | team jiuwen_team_sess_2c1b95a2047b reported completed: 9 members, 3 tasks
2026-08-08 22:07:38 | team | sess_2c1b95a2047b | INFO | [verifier2] received TEAM_STANDBY, pausing polls
2026-08-08 22:07:38 | team | sess_2c1b95a2047b | INFO | EventBus[teammate] pausing polls
