2026-08-08 22:01:35 | team | sess_2c1b95a2047b | INFO | Team workspace directory ensured at /srv/jwteam_clone/shared/run_current
2026-08-08 22:01:35 | team | sess_2c1b95a2047b | INFO | AgentTeam manager initialized for jiuwen_team_sess_2c1b95a2047b, member=team_leader
2026-08-08 22:01:35 | team | sess_2c1b95a2047b | INFO | [team_leader] TeamPolicyRail static sections: section_names=['team_role', 'team_workflow', 'team_swarmflow', 'team_lifecycle', 'team_persona']
2026-08-08 22:01:35 | team | sess_2c1b95a2047b | INFO | Session tables ready for session sess_2c1b95a2047b
2026-08-08 22:01:35 | team | sess_2c1b95a2047b | INFO | Team database initialized
2026-08-08 22:01:35 | team | default_trace_id | INFO | Team workspace directory ensured at /srv/jwteam_clone/shared/run_current
2026-08-08 22:01:35 | team | default_trace_id | INFO | AgentTeam manager initialized for jiuwen_team_sess_2c1b95a2047b, member=fullstack1
2026-08-08 22:01:35 | team | default_trace_id | INFO | [fullstack1] TeamPolicyRail static sections: section_names=['team_role', 'team_persona']
2026-08-08 22:01:35 | team | sess_2c1b95a2047b | INFO | [fullstack1] invoke start, role=teammate
2026-08-08 22:01:35 | team | sess_2c1b95a2047b | INFO | [fullstack1] coordination starting
2026-08-08 22:01:35 | team | sess_2c1b95a2047b | INFO | Session tables ready for session sess_2c1b95a2047b
2026-08-08 22:01:35 | team | sess_2c1b95a2047b | INFO | Workspace /srv/jwteam_clone/shared/run_current initialized as plain shared directory (version_control disabled)
2026-08-08 22:01:35 | team | sess_2c1b95a2047b | INFO | EventBus[teammate] starting
2026-08-08 22:01:50 | team | sess_2c1b95a2047b | INFO | [fullstack1] HITT section refresh: human_agent_names=[]
2026-08-08 22:02:02 | team | sess_2c1b95a2047b | INFO | [fullstack1] processing 1 unread messages (steer=True)
2026-08-08 22:02:02 | team | sess_2c1b95a2047b | INFO | Message 74866d48-f484-43f4-9069-4f4bde7a7722 marked as read by fullstack1
2026-08-08 22:02:13 | team | sess_2c1b95a2047b | INFO | Message f915a1e8-2c1b-4f97-8ac6-3246ab38ef8c created
2026-08-08 22:02:44 | team | sess_2c1b95a2047b | INFO | [fullstack1] processing 1 unread messages (steer=True)
2026-08-08 22:02:44 | team | sess_2c1b95a2047b | INFO | Message 64311dcf-4819-4443-b60d-1883738872b2 marked as read by fullstack1
2026-08-08 22:03:45 | team | sess_2c1b95a2047b | INFO | Message afc0b258-d4be-4912-b00c-4156e5bd80b7 created
2026-08-08 22:03:52 | team | sess_2c1b95a2047b | INFO | Message 3e41c9c0-3c11-42b6-a16e-01af61123ebb created
2026-08-08 22:04:02 | team | sess_2c1b95a2047b | INFO | [fullstack1] processing 1 unread messages (steer=True)
2026-08-08 22:04:02 | team | sess_2c1b95a2047b | INFO | Message 6d29e5b9-de33-4fa9-9cc2-a64bd05f6d69 marked as read by fullstack1
2026-08-08 22:04:08 | team | sess_2c1b95a2047b | INFO | Message 3e053e4d-7aaf-48e0-8a1a-4b28e80755cb created
2026-08-08 22:04:37 | team | sess_2c1b95a2047b | INFO | [fullstack1] processing 1 unread messages (steer=True)
2026-08-08 22:04:37 | team | sess_2c1b95a2047b | INFO | Message b5edd1bf-f277-4fc4-a776-2e926c1d8e27 marked as read by fullstack1
2026-08-08 22:04:43 | team | sess_2c1b95a2047b | INFO | Message 945eb3d3-342b-422c-bdf0-a09c4392b18f created
2026-08-08 22:07:12 | team | sess_2c1b95a2047b | INFO | task list drained for team jiuwen_team_sess_2c1b95a2047b: 3 terminal task(s)
2026-08-08 22:07:26 | team | sess_2c1b95a2047b | INFO | [fullstack1] processing 1 unread messages (steer=True)
2026-08-08 22:07:26 | team | sess_2c1b95a2047b | INFO | Message a44e0641-1be6-4dce-8662-51dfc5dec5dd marked as read by fullstack1
2026-08-08 22:07:38 | team | sess_2c1b95a2047b | INFO | team jiuwen_team_sess_2c1b95a2047b reported completed: 9 members, 3 tasks
2026-08-08 22:07:38 | team | sess_2c1b95a2047b | INFO | [fullstack1] received TEAM_STANDBY, pausing polls
2026-08-08 22:07:38 | team | sess_2c1b95a2047b | INFO | EventBus[teammate] pausing polls
