2026-08-08 22:01:29 | team | sess_2c1b95a2047b | INFO | Team workspace directory ensured at /srv/jwteam_clone/shared/run_current
2026-08-08 22:01:29 | team | sess_2c1b95a2047b | INFO | AgentTeam manager initialized for jiuwen_team_sess_2c1b95a2047b, member=team_leader
2026-08-08 22:01:29 | team | sess_2c1b95a2047b | INFO | [team_leader] TeamPolicyRail static sections: section_names=['team_role', 'team_workflow', 'team_swarmflow', 'team_lifecycle', 'team_persona']
2026-08-08 22:01:29 | team | sess_2c1b95a2047b | INFO | Session tables ready for session sess_2c1b95a2047b
2026-08-08 22:01:29 | team | sess_2c1b95a2047b | INFO | Team database initialized
2026-08-08 22:01:29 | team | default_trace_id | INFO | Team workspace directory ensured at /srv/jwteam_clone/shared/run_current
2026-08-08 22:01:29 | team | default_trace_id | INFO | AgentTeam manager initialized for jiuwen_team_sess_2c1b95a2047b, member=executor1
2026-08-08 22:01:29 | team | default_trace_id | INFO | [executor1] TeamPolicyRail static sections: section_names=['team_role', 'team_persona']
2026-08-08 22:01:29 | team | sess_2c1b95a2047b | INFO | [executor1] invoke start, role=teammate
2026-08-08 22:01:29 | team | sess_2c1b95a2047b | INFO | [executor1] coordination starting
2026-08-08 22:01:29 | team | sess_2c1b95a2047b | INFO | Session tables ready for session sess_2c1b95a2047b
2026-08-08 22:01:29 | team | sess_2c1b95a2047b | INFO | Workspace /srv/jwteam_clone/shared/run_current initialized as plain shared directory (version_control disabled)
2026-08-08 22:01:29 | team | sess_2c1b95a2047b | INFO | EventBus[teammate] starting
2026-08-08 22:01:50 | team | sess_2c1b95a2047b | INFO | [executor1] HITT section refresh: human_agent_names=[]
2026-08-08 22:02:02 | team | sess_2c1b95a2047b | INFO | [executor1] processing 1 unread messages (steer=True)
2026-08-08 22:02:02 | team | sess_2c1b95a2047b | INFO | Message 74866d48-f484-43f4-9069-4f4bde7a7722 marked as read by executor1
2026-08-08 22:04:26 | team | sess_2c1b95a2047b | INFO | [executor1] processing 1 unread messages (steer=True)
2026-08-08 22:04:26 | team | sess_2c1b95a2047b | INFO | Message a00e86e3-a67f-4c40-a47d-aecc820f5e70 marked as read by executor1
2026-08-08 22:04:45 | team | sess_2c1b95a2047b | INFO | Message 3b72989c-5cbb-4fe6-b425-3a704006819e created
2026-08-08 22:04:53 | team | sess_2c1b95a2047b | INFO | Task implement claimed by member executor1
2026-08-08 22:04:53 | team | sess_2c1b95a2047b | INFO | Task implement claimed by member executor1
2026-08-08 22:04:54 | team | sess_2c1b95a2047b | INFO | [executor1] processing 1 unread messages (steer=True)
2026-08-08 22:04:54 | team | sess_2c1b95a2047b | INFO | Message f37b1207-9f29-4d82-8191-c7237012f714 marked as read by executor1
2026-08-08 22:05:05 | team | sess_2c1b95a2047b | INFO | Message 74973830-e93e-4bb2-a813-944ef7c93b8c created
2026-08-08 22:05:34 | team | sess_2c1b95a2047b | INFO | Task implement completed at 1786223134328
2026-08-08 22:05:34 | team | sess_2c1b95a2047b | INFO | Resolved 1 dependencies for task implement
2026-08-08 22:05:34 | team | sess_2c1b95a2047b | INFO | Task verify unblocked (all deps resolved)
2026-08-08 22:05:34 | team | sess_2c1b95a2047b | INFO | Task implement completed
2026-08-08 22:05:34 | team | sess_2c1b95a2047b | INFO | Unblocked 1 tasks
2026-08-08 22:05:43 | team | sess_2c1b95a2047b | INFO | Message d8df53b4-7f3c-4945-b983-2aaffa3d33dd created
2026-08-08 22:07:12 | team | sess_2c1b95a2047b | INFO | task list drained for team jiuwen_team_sess_2c1b95a2047b: 3 terminal task(s)
2026-08-08 22:07:26 | team | sess_2c1b95a2047b | INFO | [executor1] processing 1 unread messages (steer=True)
2026-08-08 22:07:26 | team | sess_2c1b95a2047b | INFO | Message a44e0641-1be6-4dce-8662-51dfc5dec5dd marked as read by executor1
2026-08-08 22:07:38 | team | sess_2c1b95a2047b | INFO | team jiuwen_team_sess_2c1b95a2047b reported completed: 9 members, 3 tasks
2026-08-08 22:07:38 | team | sess_2c1b95a2047b | INFO | [executor1] received TEAM_STANDBY, pausing polls
2026-08-08 22:07:38 | team | sess_2c1b95a2047b | INFO | EventBus[teammate] pausing polls
