2026-08-08 20:46:42 | team | sess_c61b79f1cb28 | INFO | Team workspace directory ensured at /srv/jwteam_clone/shared/run_current
2026-08-08 20:46:42 | team | sess_c61b79f1cb28 | INFO | AgentTeam manager initialized for jiuwen_team_sess_c61b79f1cb28, member=team_leader
2026-08-08 20:46:42 | team | sess_c61b79f1cb28 | INFO | [team_leader] TeamPolicyRail static sections: section_names=['team_role', 'team_workflow', 'team_swarmflow', 'team_lifecycle', 'team_persona']
2026-08-08 20:46:42 | team | sess_c61b79f1cb28 | INFO | Session tables ready for session sess_c61b79f1cb28
2026-08-08 20:46:42 | team | sess_c61b79f1cb28 | INFO | Team database initialized
2026-08-08 20:46:42 | team | default_trace_id | INFO | Team workspace directory ensured at /srv/jwteam_clone/shared/run_current
2026-08-08 20:46:42 | team | default_trace_id | INFO | AgentTeam manager initialized for jiuwen_team_sess_c61b79f1cb28, member=executor1
2026-08-08 20:46:42 | team | default_trace_id | INFO | [executor1] TeamPolicyRail static sections: section_names=['team_role', 'team_persona']
2026-08-08 20:46:42 | team | sess_c61b79f1cb28 | INFO | [executor1] invoke start, role=teammate
2026-08-08 20:46:42 | team | sess_c61b79f1cb28 | INFO | [executor1] coordination starting
2026-08-08 20:46:42 | team | sess_c61b79f1cb28 | INFO | Session tables ready for session sess_c61b79f1cb28
2026-08-08 20:46:42 | team | sess_c61b79f1cb28 | INFO | Workspace /srv/jwteam_clone/shared/run_current initialized as plain shared directory (version_control disabled)
2026-08-08 20:46:42 | team | sess_c61b79f1cb28 | INFO | EventBus[teammate] starting
2026-08-08 20:47:06 | team | sess_c61b79f1cb28 | INFO | [executor1] HITT section refresh: human_agent_names=[]
2026-08-08 20:47:34 | team | sess_c61b79f1cb28 | INFO | [executor1] processing 1 unread messages (steer=True)
2026-08-08 20:47:34 | team | sess_c61b79f1cb28 | INFO | Message 032d0cbb-98ac-4e75-8bef-89384d326227 marked as read by executor1
2026-08-08 20:48:15 | team | sess_c61b79f1cb28 | INFO | [executor1] processing 1 unread messages (steer=True)
2026-08-08 20:48:15 | team | sess_c61b79f1cb28 | INFO | Message 51304a3a-e945-4619-b2c3-bc5d49bb0660 marked as read by executor1
2026-08-08 20:48:45 | team | sess_c61b79f1cb28 | INFO | Task implement claimed by member executor1
2026-08-08 20:48:45 | team | sess_c61b79f1cb28 | INFO | Task implement claimed by member executor1
2026-08-08 20:50:34 | team | sess_c61b79f1cb28 | INFO | Message 5e2bfc73-bb01-4af4-b0a7-1749de8ed535 created
2026-08-08 20:50:45 | team | sess_c61b79f1cb28 | INFO | [executor1] processing 1 unread messages (steer=True)
2026-08-08 20:50:45 | team | sess_c61b79f1cb28 | INFO | Message d3b6985b-dbb0-4340-a08e-ee5223d88971 marked as read by executor1
2026-08-08 20:51:12 | team | sess_c61b79f1cb28 | INFO | Message 34f2ec61-5c27-457e-910c-c161f1fa862c created
2026-08-08 20:55:12 | team | sess_c61b79f1cb28 | INFO | task list drained for team jiuwen_team_sess_c61b79f1cb28: 4 terminal task(s)
2026-08-08 20:55:27 | team | sess_c61b79f1cb28 | INFO | [executor1] processing 1 unread messages (steer=True)
2026-08-08 20:55:27 | team | sess_c61b79f1cb28 | INFO | Message 468086f3-ea40-490f-ba9a-8aca5832debf marked as read by executor1
2026-08-08 20:55:46 | team | sess_c61b79f1cb28 | INFO | team jiuwen_team_sess_c61b79f1cb28 reported completed: 9 members, 4 tasks
2026-08-08 20:55:46 | team | sess_c61b79f1cb28 | INFO | [executor1] received TEAM_STANDBY, pausing polls
2026-08-08 20:55:46 | team | sess_c61b79f1cb28 | INFO | EventBus[teammate] pausing polls
