2026-08-08 20:46:40 | team | sess_c61b79f1cb28 | INFO | Team workspace directory ensured at /srv/jwteam_clone/shared/run_current
2026-08-08 20:46:40 | team | sess_c61b79f1cb28 | INFO | AgentTeam manager initialized for jiuwen_team_sess_c61b79f1cb28, member=team_leader
2026-08-08 20:46:40 | team | sess_c61b79f1cb28 | INFO | [team_leader] TeamPolicyRail static sections: section_names=['team_role', 'team_workflow', 'team_swarmflow', 'team_lifecycle', 'team_persona']
2026-08-08 20:46:40 | team | sess_c61b79f1cb28 | INFO | Session tables ready for session sess_c61b79f1cb28
2026-08-08 20:46:40 | team | sess_c61b79f1cb28 | INFO | Team database initialized
2026-08-08 20:46:40 | team | default_trace_id | INFO | Team workspace directory ensured at /srv/jwteam_clone/shared/run_current
2026-08-08 20:46:40 | team | default_trace_id | INFO | AgentTeam manager initialized for jiuwen_team_sess_c61b79f1cb28, member=planner1
2026-08-08 20:46:40 | team | default_trace_id | INFO | [planner1] TeamPolicyRail static sections: section_names=['team_role', 'team_persona']
2026-08-08 20:46:40 | team | sess_c61b79f1cb28 | INFO | [planner1] invoke start, role=teammate
2026-08-08 20:46:40 | team | sess_c61b79f1cb28 | INFO | [planner1] coordination starting
2026-08-08 20:46:40 | team | sess_c61b79f1cb28 | INFO | Session tables ready for session sess_c61b79f1cb28
2026-08-08 20:46:40 | team | sess_c61b79f1cb28 | INFO | Workspace /srv/jwteam_clone/shared/run_current initialized as plain shared directory (version_control disabled)
2026-08-08 20:46:40 | team | sess_c61b79f1cb28 | INFO | EventBus[teammate] starting
2026-08-08 20:47:06 | team | sess_c61b79f1cb28 | INFO | [planner1] HITT section refresh: human_agent_names=[]
2026-08-08 20:47:34 | team | sess_c61b79f1cb28 | INFO | Task plan claimed by member planner1
2026-08-08 20:47:34 | team | sess_c61b79f1cb28 | INFO | Task plan claimed by member planner1
2026-08-08 20:47:34 | team | sess_c61b79f1cb28 | INFO | [planner1] processing 1 unread messages (steer=True)
2026-08-08 20:47:34 | team | sess_c61b79f1cb28 | INFO | Message 032d0cbb-98ac-4e75-8bef-89384d326227 marked as read by planner1
2026-08-08 20:48:15 | team | sess_c61b79f1cb28 | INFO | Message 51304a3a-e945-4619-b2c3-bc5d49bb0660 created
2026-08-08 20:48:20 | team | sess_c61b79f1cb28 | INFO | Task plan completed at 1786218500202
2026-08-08 20:48:20 | team | sess_c61b79f1cb28 | INFO | Resolved 1 dependencies for task plan
2026-08-08 20:48:20 | team | sess_c61b79f1cb28 | INFO | Task implement unblocked (all deps resolved)
2026-08-08 20:48:20 | team | sess_c61b79f1cb28 | INFO | Task plan completed
2026-08-08 20:48:20 | team | sess_c61b79f1cb28 | INFO | Unblocked 1 tasks
2026-08-08 20:48:39 | team | sess_c61b79f1cb28 | INFO | Message 1151cb5b-7dab-45b3-96e6-ebf341db7ceb created
2026-08-08 20:50:51 | team | sess_c61b79f1cb28 | INFO | [planner1] processing 1 unread messages (steer=True)
2026-08-08 20:50:51 | team | sess_c61b79f1cb28 | INFO | Message b3f47860-bde8-478b-bffd-01766c12cf0b marked as read by planner1
2026-08-08 20:51:01 | team | sess_c61b79f1cb28 | INFO | [planner1] processing 1 unread messages (steer=True)
2026-08-08 20:51:01 | team | sess_c61b79f1cb28 | INFO | Message a11cca5f-4af8-4a69-9033-887949b0d719 marked as read by planner1
2026-08-08 20:51:03 | team | sess_c61b79f1cb28 | INFO | Message 4fb3d83e-f153-4cbe-b9da-7e1838ac8cdb created
2026-08-08 20:51:17 | team | sess_c61b79f1cb28 | INFO | Message 5f662d03-4494-42f3-8018-27976699b78d created
2026-08-08 20:51:20 | team | sess_c61b79f1cb28 | INFO | Message 575e2792-4ce6-4bb1-b995-55ea0ddb41bc created
2026-08-08 20:54:23 | team | sess_c61b79f1cb28 | INFO | Message e8d6d4cb-125e-44bb-bbeb-44ba80c0c461 created
2026-08-08 20:54:23 | team | sess_c61b79f1cb28 | INFO | Message 7bb6d78e-63f0-4f6a-bacc-1d2eb723282e created
2026-08-08 20:55:12 | team | sess_c61b79f1cb28 | INFO | task list drained for team jiuwen_team_sess_c61b79f1cb28: 4 terminal task(s)
2026-08-08 20:55:27 | team | sess_c61b79f1cb28 | INFO | [planner1] processing 1 unread messages (steer=True)
2026-08-08 20:55:27 | team | sess_c61b79f1cb28 | INFO | Message 468086f3-ea40-490f-ba9a-8aca5832debf marked as read by planner1
2026-08-08 20:55:46 | team | sess_c61b79f1cb28 | INFO | team jiuwen_team_sess_c61b79f1cb28 reported completed: 9 members, 4 tasks
2026-08-08 20:55:46 | team | sess_c61b79f1cb28 | INFO | [planner1] received TEAM_STANDBY, pausing polls
2026-08-08 20:55:46 | team | sess_c61b79f1cb28 | INFO | EventBus[teammate] pausing polls
