2026-08-08 20:46:44 | team | sess_c61b79f1cb28 | INFO | Team workspace directory ensured at /srv/jwteam_clone/shared/run_current
2026-08-08 20:46:44 | team | sess_c61b79f1cb28 | INFO | AgentTeam manager initialized for jiuwen_team_sess_c61b79f1cb28, member=team_leader
2026-08-08 20:46:44 | team | sess_c61b79f1cb28 | INFO | [team_leader] TeamPolicyRail static sections: section_names=['team_role', 'team_workflow', 'team_swarmflow', 'team_lifecycle', 'team_persona']
2026-08-08 20:46:44 | team | sess_c61b79f1cb28 | INFO | Session tables ready for session sess_c61b79f1cb28
2026-08-08 20:46:44 | team | sess_c61b79f1cb28 | INFO | Team database initialized
2026-08-08 20:46:44 | team | default_trace_id | INFO | Team workspace directory ensured at /srv/jwteam_clone/shared/run_current
2026-08-08 20:46:44 | team | default_trace_id | INFO | AgentTeam manager initialized for jiuwen_team_sess_c61b79f1cb28, member=executor3
2026-08-08 20:46:44 | team | default_trace_id | INFO | [executor3] TeamPolicyRail static sections: section_names=['team_role', 'team_persona']
2026-08-08 20:46:44 | team | sess_c61b79f1cb28 | INFO | [executor3] invoke start, role=teammate
2026-08-08 20:46:44 | team | sess_c61b79f1cb28 | INFO | [executor3] coordination starting
2026-08-08 20:46:44 | team | sess_c61b79f1cb28 | INFO | Session tables ready for session sess_c61b79f1cb28
2026-08-08 20:46:44 | team | sess_c61b79f1cb28 | INFO | Workspace /srv/jwteam_clone/shared/run_current initialized as plain shared directory (version_control disabled)
2026-08-08 20:46:44 | team | sess_c61b79f1cb28 | INFO | EventBus[teammate] starting
2026-08-08 20:47:06 | team | sess_c61b79f1cb28 | INFO | [executor3] HITT section refresh: human_agent_names=[]
2026-08-08 20:47:34 | team | sess_c61b79f1cb28 | INFO | [executor3] processing 1 unread messages (steer=True)
2026-08-08 20:47:35 | team | sess_c61b79f1cb28 | INFO | Message 032d0cbb-98ac-4e75-8bef-89384d326227 marked as read by executor3
2026-08-08 20:50:56 | team | sess_c61b79f1cb28 | INFO | Task implement-v2 claimed by member executor3
2026-08-08 20:50:56 | team | sess_c61b79f1cb28 | INFO | Task implement-v2 claimed by member executor3
2026-08-08 20:51:01 | team | sess_c61b79f1cb28 | INFO | Message a11cca5f-4af8-4a69-9033-887949b0d719 created
2026-08-08 20:51:12 | team | sess_c61b79f1cb28 | INFO | [executor3] processing 1 unread messages (steer=True)
2026-08-08 20:51:12 | team | sess_c61b79f1cb28 | INFO | Message 34f2ec61-5c27-457e-910c-c161f1fa862c marked as read by executor3
2026-08-08 20:51:17 | team | sess_c61b79f1cb28 | INFO | [executor3] processing 1 unread messages (steer=True)
2026-08-08 20:51:17 | team | sess_c61b79f1cb28 | INFO | Message 5f662d03-4494-42f3-8018-27976699b78d marked as read by executor3
2026-08-08 20:54:15 | team | sess_c61b79f1cb28 | INFO | Task implement-v2 completed at 1786218855256
2026-08-08 20:54:15 | team | sess_c61b79f1cb28 | INFO | Resolved 1 dependencies for task implement-v2
2026-08-08 20:54:15 | team | sess_c61b79f1cb28 | INFO | Task verify unblocked (all deps resolved)
2026-08-08 20:54:15 | team | sess_c61b79f1cb28 | INFO | Task implement-v2 completed
2026-08-08 20:54:15 | team | sess_c61b79f1cb28 | INFO | Unblocked 1 tasks
2026-08-08 20:54:21 | team | sess_c61b79f1cb28 | INFO | Message 9b2fea54-8995-4a1c-9205-559083018b38 created
2026-08-08 20:55:12 | team | sess_c61b79f1cb28 | INFO | task list drained for team jiuwen_team_sess_c61b79f1cb28: 4 terminal task(s)
2026-08-08 20:55:27 | team | sess_c61b79f1cb28 | INFO | [executor3] processing 1 unread messages (steer=True)
2026-08-08 20:55:27 | team | sess_c61b79f1cb28 | INFO | Message 468086f3-ea40-490f-ba9a-8aca5832debf marked as read by executor3
2026-08-08 20:55:31 | team | sess_c61b79f1cb28 | INFO | [executor3] processing 1 unread messages (steer=True)
2026-08-08 20:55:31 | team | sess_c61b79f1cb28 | INFO | Message a42b4d92-1ac5-46cf-af40-65317344150a marked as read by executor3
2026-08-08 20:55:46 | team | sess_c61b79f1cb28 | INFO | team jiuwen_team_sess_c61b79f1cb28 reported completed: 9 members, 4 tasks
2026-08-08 20:55:46 | team | sess_c61b79f1cb28 | INFO | [executor3] received TEAM_STANDBY, pausing polls
2026-08-08 20:55:46 | team | sess_c61b79f1cb28 | INFO | EventBus[teammate] pausing polls
