2026-08-08 20:46:41 | team | sess_c61b79f1cb28 | INFO | Team workspace directory ensured at /srv/jwteam_clone/shared/run_current
2026-08-08 20:46:41 | team | sess_c61b79f1cb28 | INFO | AgentTeam manager initialized for jiuwen_team_sess_c61b79f1cb28, member=team_leader
2026-08-08 20:46:41 | team | sess_c61b79f1cb28 | INFO | [team_leader] TeamPolicyRail static sections: section_names=['team_role', 'team_workflow', 'team_swarmflow', 'team_lifecycle', 'team_persona']
2026-08-08 20:46:41 | team | sess_c61b79f1cb28 | INFO | Session tables ready for session sess_c61b79f1cb28
2026-08-08 20:46:41 | team | sess_c61b79f1cb28 | INFO | Team database initialized
2026-08-08 20:46:41 | team | default_trace_id | INFO | Team workspace directory ensured at /srv/jwteam_clone/shared/run_current
2026-08-08 20:46:41 | team | default_trace_id | INFO | AgentTeam manager initialized for jiuwen_team_sess_c61b79f1cb28, member=planner2
2026-08-08 20:46:41 | team | default_trace_id | INFO | [planner2] TeamPolicyRail static sections: section_names=['team_role', 'team_persona']
2026-08-08 20:46:41 | team | sess_c61b79f1cb28 | INFO | [planner2] invoke start, role=teammate
2026-08-08 20:46:41 | team | sess_c61b79f1cb28 | INFO | [planner2] coordination starting
2026-08-08 20:46:41 | team | sess_c61b79f1cb28 | INFO | Session tables ready for session sess_c61b79f1cb28
2026-08-08 20:46:41 | team | sess_c61b79f1cb28 | INFO | Workspace /srv/jwteam_clone/shared/run_current initialized as plain shared directory (version_control disabled)
2026-08-08 20:46:41 | team | sess_c61b79f1cb28 | INFO | EventBus[teammate] starting
2026-08-08 20:47:06 | team | sess_c61b79f1cb28 | INFO | [planner2] HITT section refresh: human_agent_names=[]
2026-08-08 20:47:34 | team | sess_c61b79f1cb28 | INFO | [planner2] processing 1 unread messages (steer=True)
2026-08-08 20:47:34 | team | sess_c61b79f1cb28 | INFO | Message 032d0cbb-98ac-4e75-8bef-89384d326227 marked as read by planner2
2026-08-08 20:55:12 | team | sess_c61b79f1cb28 | INFO | task list drained for team jiuwen_team_sess_c61b79f1cb28: 4 terminal task(s)
2026-08-08 20:55:27 | team | sess_c61b79f1cb28 | INFO | [planner2] processing 1 unread messages (steer=True)
2026-08-08 20:55:27 | team | sess_c61b79f1cb28 | INFO | Message 468086f3-ea40-490f-ba9a-8aca5832debf marked as read by planner2
2026-08-08 20:55:46 | team | sess_c61b79f1cb28 | INFO | team jiuwen_team_sess_c61b79f1cb28 reported completed: 9 members, 4 tasks
2026-08-08 20:55:46 | team | sess_c61b79f1cb28 | INFO | [planner2] received TEAM_STANDBY, pausing polls
2026-08-08 20:55:46 | team | sess_c61b79f1cb28 | INFO | EventBus[teammate] pausing polls
