2026-08-09 08:51:03 | team | sess_e44cea948307 | INFO | Team workspace directory ensured at /srv/jwteam_clone/shared/run_current
2026-08-09 08:51:03 | team | sess_e44cea948307 | INFO | AgentTeam manager initialized for jiuwen_team_sess_e44cea948307, member=team_leader
2026-08-09 08:51:03 | team | sess_e44cea948307 | INFO | [team_leader] TeamPolicyRail static sections: section_names=['team_role', 'team_workflow', 'team_swarmflow', 'team_lifecycle', 'team_persona']
2026-08-09 08:51:03 | team | sess_e44cea948307 | INFO | Session tables ready for session sess_e44cea948307
2026-08-09 08:51:03 | team | sess_e44cea948307 | INFO | Team database initialized
2026-08-09 08:51:03 | team | default_trace_id | INFO | Team workspace directory ensured at /srv/jwteam_clone/shared/run_current
2026-08-09 08:51:03 | team | default_trace_id | INFO | AgentTeam manager initialized for jiuwen_team_sess_e44cea948307, member=executor1
2026-08-09 08:51:03 | team | default_trace_id | INFO | [executor1] TeamPolicyRail static sections: section_names=['team_role', 'team_persona']
2026-08-09 08:51:03 | team | sess_e44cea948307 | INFO | [executor1] invoke start, role=teammate
2026-08-09 08:51:03 | team | sess_e44cea948307 | INFO | [executor1] coordination starting
2026-08-09 08:51:03 | team | sess_e44cea948307 | INFO | Session tables ready for session sess_e44cea948307
2026-08-09 08:51:03 | team | sess_e44cea948307 | INFO | Workspace /srv/jwteam_clone/shared/run_current initialized as plain shared directory (version_control disabled)
2026-08-09 08:51:03 | team | sess_e44cea948307 | INFO | EventBus[teammate] starting
2026-08-09 08:52:02 | team | sess_e44cea948307 | INFO | [executor1] HITT section refresh: human_agent_names=[]
2026-08-09 08:52:14 | team | sess_e44cea948307 | INFO | [executor1] processing 1 unread messages (steer=True)
2026-08-09 08:52:14 | team | sess_e44cea948307 | INFO | Message 1e05d94d-0e1f-4ad7-b54e-c7926314e81b marked as read by executor1
2026-08-09 08:53:02 | team | sess_e44cea948307 | INFO | [executor1] processing 1 unread messages (steer=True)
2026-08-09 08:53:02 | team | sess_e44cea948307 | INFO | Message c5aea372-28a3-4f13-bf4f-79e966710b2c marked as read by executor1
2026-08-09 08:53:14 | team | sess_e44cea948307 | INFO | Task review-tests claimed by member executor1
2026-08-09 08:53:14 | team | sess_e44cea948307 | INFO | Task review-tests claimed by member executor1
2026-08-09 08:53:43 | team | sess_e44cea948307 | INFO | [executor1] processing 1 unread messages (steer=True)
2026-08-09 08:53:43 | team | sess_e44cea948307 | INFO | Message b20336c9-751c-453b-8ca6-5544cc8ad7c1 marked as read by executor1
2026-08-09 08:54:06 | team | sess_e44cea948307 | INFO | Message b826ec5b-96e6-4036-a37a-9eaeac1f7d3e created
2026-08-09 08:54:20 | team | sess_e44cea948307 | INFO | Message d105334e-2088-4e45-a159-61783b7607b6 created
2026-08-09 08:54:29 | team | sess_e44cea948307 | INFO | Task review-tests completed at 1786262069462
2026-08-09 08:54:29 | team | sess_e44cea948307 | INFO | Resolved 1 dependencies for task review-tests
2026-08-09 08:54:29 | team | sess_e44cea948307 | INFO | Task review-tests completed
2026-08-09 08:55:24 | team | sess_e44cea948307 | INFO | [executor1] processing 1 unread messages (steer=True)
2026-08-09 08:55:25 | team | sess_e44cea948307 | INFO | Message 548ac590-db73-45e4-bfe9-7ceb519b5c0a marked as read by executor1
