2026-08-09 08:51:08 | team | sess_e44cea948307 | INFO | Team workspace directory ensured at /srv/jwteam_clone/shared/run_current
2026-08-09 08:51:08 | team | sess_e44cea948307 | INFO | AgentTeam manager initialized for jiuwen_team_sess_e44cea948307, member=team_leader
2026-08-09 08:51:08 | team | sess_e44cea948307 | INFO | [team_leader] TeamPolicyRail static sections: section_names=['team_role', 'team_workflow', 'team_swarmflow', 'team_lifecycle', 'team_persona']
2026-08-09 08:51:08 | team | sess_e44cea948307 | INFO | Session tables ready for session sess_e44cea948307
2026-08-09 08:51:08 | team | sess_e44cea948307 | INFO | Team database initialized
2026-08-09 08:51:08 | team | default_trace_id | INFO | Team workspace directory ensured at /srv/jwteam_clone/shared/run_current
2026-08-09 08:51:08 | team | default_trace_id | INFO | AgentTeam manager initialized for jiuwen_team_sess_e44cea948307, member=fullstack1
2026-08-09 08:51:08 | team | default_trace_id | INFO | [fullstack1] TeamPolicyRail static sections: section_names=['team_role', 'team_persona']
2026-08-09 08:51:08 | team | sess_e44cea948307 | INFO | [fullstack1] invoke start, role=teammate
2026-08-09 08:51:08 | team | sess_e44cea948307 | INFO | [fullstack1] coordination starting
2026-08-09 08:51:08 | team | sess_e44cea948307 | INFO | Session tables ready for session sess_e44cea948307
2026-08-09 08:51:08 | team | sess_e44cea948307 | INFO | Workspace /srv/jwteam_clone/shared/run_current initialized as plain shared directory (version_control disabled)
2026-08-09 08:51:08 | team | sess_e44cea948307 | INFO | EventBus[teammate] starting
2026-08-09 08:52:02 | team | sess_e44cea948307 | INFO | [fullstack1] HITT section refresh: human_agent_names=[]
2026-08-09 08:52:14 | team | sess_e44cea948307 | INFO | [fullstack1] processing 1 unread messages (steer=True)
2026-08-09 08:52:14 | team | sess_e44cea948307 | INFO | Message 1e05d94d-0e1f-4ad7-b54e-c7926314e81b marked as read by fullstack1
2026-08-09 08:53:24 | team | sess_e44cea948307 | INFO | Task impl-app claimed by member fullstack1
2026-08-09 08:53:24 | team | sess_e44cea948307 | INFO | Task impl-app claimed by member fullstack1
2026-08-09 08:53:43 | team | sess_e44cea948307 | INFO | Message b20336c9-751c-453b-8ca6-5544cc8ad7c1 created
2026-08-09 08:54:06 | team | sess_e44cea948307 | INFO | [fullstack1] processing 1 unread messages (steer=True)
2026-08-09 08:54:06 | team | sess_e44cea948307 | INFO | Message b826ec5b-96e6-4036-a37a-9eaeac1f7d3e marked as read by fullstack1
2026-08-09 08:54:14 | team | sess_e44cea948307 | INFO | [fullstack1] processing 1 unread messages (steer=True)
2026-08-09 08:54:14 | team | sess_e44cea948307 | INFO | Message b7effc39-5348-433d-aa95-80a6fb1dbf1c marked as read by fullstack1
2026-08-09 08:54:37 | team | sess_e44cea948307 | INFO | Message b7276935-8d62-4e98-ae99-2dec4038305b created
2026-08-09 08:54:41 | team | sess_e44cea948307 | INFO | [fullstack1] processing 1 unread messages (steer=True)
2026-08-09 08:54:41 | team | sess_e44cea948307 | INFO | Message 07df4097-8e6a-4675-9280-f4a832888142 marked as read by fullstack1
2026-08-09 08:54:54 | team | sess_e44cea948307 | INFO | [fullstack1] processing 1 unread messages (steer=True)
2026-08-09 08:54:54 | team | sess_e44cea948307 | INFO | Message 8f2c713e-5f43-4977-be94-7e76fda90673 marked as read by fullstack1
2026-08-09 08:55:08 | team | sess_e44cea948307 | INFO | Message 600e09cc-26cd-4b04-a49d-9eda07ffbcd6 created
2026-08-09 08:55:14 | team | sess_e44cea948307 | INFO | [fullstack1] processing 1 unread messages (steer=True)
2026-08-09 08:55:14 | team | sess_e44cea948307 | INFO | Message e81b47e0-1e37-439b-aa54-ce30849308b6 marked as read by fullstack1
