2026-08-09 08:51:01 | team | sess_e44cea948307 | INFO | Team workspace directory ensured at /srv/jwteam_clone/shared/run_current
2026-08-09 08:51:01 | team | sess_e44cea948307 | INFO | AgentTeam manager initialized for jiuwen_team_sess_e44cea948307, member=team_leader
2026-08-09 08:51:01 | team | sess_e44cea948307 | INFO | [team_leader] TeamPolicyRail static sections: section_names=['team_role', 'team_workflow', 'team_swarmflow', 'team_lifecycle', 'team_persona']
2026-08-09 08:51:01 | team | sess_e44cea948307 | INFO | Session tables ready for session sess_e44cea948307
2026-08-09 08:51:01 | team | sess_e44cea948307 | INFO | Team database initialized
2026-08-09 08:51:01 | team | default_trace_id | INFO | Team workspace directory ensured at /srv/jwteam_clone/shared/run_current
2026-08-09 08:51:01 | team | default_trace_id | INFO | AgentTeam manager initialized for jiuwen_team_sess_e44cea948307, member=planner1
2026-08-09 08:51:01 | team | default_trace_id | INFO | [planner1] TeamPolicyRail static sections: section_names=['team_role', 'team_persona']
2026-08-09 08:51:01 | team | sess_e44cea948307 | INFO | [planner1] invoke start, role=teammate
2026-08-09 08:51:01 | team | sess_e44cea948307 | INFO | [planner1] coordination starting
2026-08-09 08:51:01 | team | sess_e44cea948307 | INFO | Session tables ready for session sess_e44cea948307
2026-08-09 08:51:01 | team | sess_e44cea948307 | INFO | Workspace /srv/jwteam_clone/shared/run_current initialized as plain shared directory (version_control disabled)
2026-08-09 08:51:01 | team | sess_e44cea948307 | INFO | EventBus[teammate] starting
2026-08-09 08:52:02 | team | sess_e44cea948307 | INFO | [planner1] HITT section refresh: human_agent_names=[]
2026-08-09 08:52:13 | team | sess_e44cea948307 | INFO | Task plan claimed by member planner1
2026-08-09 08:52:13 | team | sess_e44cea948307 | INFO | Task plan claimed by member planner1
2026-08-09 08:52:14 | team | sess_e44cea948307 | INFO | [planner1] processing 1 unread messages (steer=True)
2026-08-09 08:52:14 | team | sess_e44cea948307 | INFO | Message 1e05d94d-0e1f-4ad7-b54e-c7926314e81b marked as read by planner1
2026-08-09 08:52:28 | team | sess_e44cea948307 | INFO | [planner1] processing 1 unread messages (steer=True)
2026-08-09 08:52:28 | team | sess_e44cea948307 | INFO | Message e038330e-a282-4862-a11a-bc7a1d8aae63 marked as read by planner1
2026-08-09 08:53:02 | team | sess_e44cea948307 | INFO | Message edea38ae-c630-4b7c-b3f2-2550abf7b3bf created
2026-08-09 08:53:02 | team | sess_e44cea948307 | INFO | Message c5aea372-28a3-4f13-bf4f-79e966710b2c created
2026-08-09 08:53:10 | team | sess_e44cea948307 | INFO | Task plan completed at 1786261990310
2026-08-09 08:53:10 | team | sess_e44cea948307 | INFO | Message 9cf43e30-3dc7-4147-9c31-da4728376f13 created
2026-08-09 08:53:10 | team | sess_e44cea948307 | INFO | Resolved 2 dependencies for task plan
2026-08-09 08:53:10 | team | sess_e44cea948307 | INFO | Task impl-app unblocked (all deps resolved)
2026-08-09 08:53:10 | team | sess_e44cea948307 | INFO | Task review-tests unblocked (all deps resolved)
2026-08-09 08:53:10 | team | sess_e44cea948307 | INFO | Task plan completed
2026-08-09 08:53:10 | team | sess_e44cea948307 | INFO | Unblocked 2 tasks
2026-08-09 08:54:03 | team | sess_e44cea948307 | INFO | [planner1] processing 1 unread messages (steer=True)
2026-08-09 08:54:03 | team | sess_e44cea948307 | INFO | Message e7778d59-27ac-4f6f-a193-15d343ec0696 marked as read by planner1
