2026-08-09 08:51:05 | team | sess_e44cea948307 | INFO | Team workspace directory ensured at /srv/jwteam_clone/shared/run_current
2026-08-09 08:51:05 | team | sess_e44cea948307 | INFO | AgentTeam manager initialized for jiuwen_team_sess_e44cea948307, member=team_leader
2026-08-09 08:51:05 | team | sess_e44cea948307 | INFO | [team_leader] TeamPolicyRail static sections: section_names=['team_role', 'team_workflow', 'team_swarmflow', 'team_lifecycle', 'team_persona']
2026-08-09 08:51:05 | team | sess_e44cea948307 | INFO | Session tables ready for session sess_e44cea948307
2026-08-09 08:51:05 | team | sess_e44cea948307 | INFO | Team database initialized
2026-08-09 08:51:05 | team | default_trace_id | INFO | Team workspace directory ensured at /srv/jwteam_clone/shared/run_current
2026-08-09 08:51:05 | team | default_trace_id | INFO | AgentTeam manager initialized for jiuwen_team_sess_e44cea948307, member=executor3
2026-08-09 08:51:05 | team | default_trace_id | INFO | [executor3] TeamPolicyRail static sections: section_names=['team_role', 'team_persona']
2026-08-09 08:51:05 | team | sess_e44cea948307 | INFO | [executor3] invoke start, role=teammate
2026-08-09 08:51:05 | team | sess_e44cea948307 | INFO | [executor3] coordination starting
2026-08-09 08:51:05 | team | sess_e44cea948307 | INFO | Session tables ready for session sess_e44cea948307
2026-08-09 08:51:05 | team | sess_e44cea948307 | INFO | Workspace /srv/jwteam_clone/shared/run_current initialized as plain shared directory (version_control disabled)
2026-08-09 08:51:05 | team | sess_e44cea948307 | INFO | EventBus[teammate] starting
2026-08-09 08:52:02 | team | sess_e44cea948307 | INFO | [executor3] HITT section refresh: human_agent_names=[]
2026-08-09 08:52:14 | team | sess_e44cea948307 | INFO | [executor3] processing 1 unread messages (steer=True)
2026-08-09 08:52:14 | team | sess_e44cea948307 | INFO | Message 1e05d94d-0e1f-4ad7-b54e-c7926314e81b marked as read by executor3
2026-08-09 08:53:02 | team | sess_e44cea948307 | INFO | [executor3] processing 1 unread messages (steer=True)
2026-08-09 08:53:02 | team | sess_e44cea948307 | INFO | Message edea38ae-c630-4b7c-b3f2-2550abf7b3bf marked as read by executor3
2026-08-09 08:53:56 | team | sess_e44cea948307 | INFO | Message da8db491-ab66-444c-a9d6-58cb0522b19e created
2026-08-09 08:54:03 | team | sess_e44cea948307 | INFO | Message e7778d59-27ac-4f6f-a193-15d343ec0696 created
2026-08-09 08:54:14 | team | sess_e44cea948307 | INFO | [executor3] processing 1 unread messages (steer=True)
2026-08-09 08:54:14 | team | sess_e44cea948307 | INFO | Message 5f8cbbec-77ca-4ab1-b511-87a49840b9f0 marked as read by executor3
2026-08-09 08:54:49 | team | sess_e44cea948307 | INFO | [executor3] processing 1 unread messages (steer=True)
2026-08-09 08:54:49 | team | sess_e44cea948307 | INFO | Message ad55771b-51b7-4b49-921e-3981d2745ca8 marked as read by executor3
2026-08-09 08:54:49 | team | sess_e44cea948307 | INFO | [executor3] received TASK_CLAIMED for self, task_id=impl-app, human_agent=False
2026-08-09 08:55:24 | team | sess_e44cea948307 | INFO | Message 548ac590-db73-45e4-bfe9-7ceb519b5c0a created
2026-08-09 08:55:33 | team | sess_e44cea948307 | INFO | Message 900c9cc3-130d-4577-9795-27b2b552e21e created
2026-08-09 08:55:41 | team | sess_e44cea948307 | INFO | [executor3] processing 1 unread messages (steer=True)
2026-08-09 08:55:41 | team | sess_e44cea948307 | INFO | Message cd0fbdb5-8ac2-4a36-ba8a-464644bd1e46 marked as read by executor3
