2026-08-08 03:34:51 | team | sess_e1eb429e6768 | INFO | Team workspace directory ensured at /srv/jwteam_clone/shared/run_current
2026-08-08 03:34:51 | team | sess_e1eb429e6768 | INFO | AgentTeam manager initialized for jiuwen_team_sess_e1eb429e6768, member=team_leader
2026-08-08 03:34:51 | team | sess_e1eb429e6768 | INFO | [team_leader] TeamPolicyRail static sections: section_names=['team_role', 'team_workflow', 'team_swarmflow', 'team_lifecycle', 'team_persona']
2026-08-08 03:34:51 | team | sess_e1eb429e6768 | INFO | Session tables ready for session sess_e1eb429e6768
2026-08-08 03:34:51 | team | sess_e1eb429e6768 | INFO | Team database initialized
2026-08-08 03:34:51 | team | default_trace_id | INFO | Team workspace directory ensured at /srv/jwteam_clone/shared/run_current
2026-08-08 03:34:51 | team | default_trace_id | INFO | AgentTeam manager initialized for jiuwen_team_sess_e1eb429e6768, member=verifier1
2026-08-08 03:34:51 | team | default_trace_id | INFO | [verifier1] TeamPolicyRail static sections: section_names=['team_role', 'team_persona']
2026-08-08 03:34:51 | team | sess_e1eb429e6768 | INFO | [verifier1] invoke start, role=teammate
2026-08-08 03:34:51 | team | sess_e1eb429e6768 | INFO | [verifier1] coordination starting
2026-08-08 03:34:51 | team | sess_e1eb429e6768 | INFO | Session tables ready for session sess_e1eb429e6768
2026-08-08 03:34:51 | team | sess_e1eb429e6768 | INFO | Workspace /srv/jwteam_clone/shared/run_current initialized as plain shared directory (version_control disabled)
2026-08-08 03:34:51 | team | sess_e1eb429e6768 | INFO | EventBus[teammate] starting
2026-08-08 03:35:09 | team | sess_e1eb429e6768 | INFO | [verifier1] HITT section refresh: human_agent_names=[]
2026-08-08 03:35:22 | team | sess_e1eb429e6768 | INFO | [verifier1] processing 1 unread messages (steer=True)
2026-08-08 03:35:22 | team | sess_e1eb429e6768 | INFO | Message 10a29d0b-6431-41cb-a55c-ce8b2de9695a marked as read by verifier1
2026-08-08 03:35:39 | team | sess_e1eb429e6768 | INFO | Message 1dd72986-8dad-4c1e-a6ca-a0388d23ad29 created
2026-08-08 03:36:00 | team | sess_e1eb429e6768 | INFO | [verifier1] processing 1 unread messages (steer=True)
2026-08-08 03:36:00 | team | sess_e1eb429e6768 | INFO | Message fb5fb405-5809-43fa-afa7-985b98c2a306 marked as read by verifier1
2026-08-08 03:36:29 | team | sess_e1eb429e6768 | INFO | [verifier1] processing 1 unread messages (steer=True)
2026-08-08 03:36:29 | team | sess_e1eb429e6768 | INFO | Message e595d35b-7cc5-4e1b-8b93-70e59d2154c8 marked as read by verifier1
2026-08-08 03:36:30 | team | sess_e1eb429e6768 | INFO | Message 283dc0d8-6a96-42f3-a338-9eaeb51a854f created
2026-08-08 03:36:39 | team | sess_e1eb429e6768 | INFO | [verifier1] received TASK_CLAIMED for self, task_id=verify, human_agent=False
2026-08-08 03:36:46 | team | sess_e1eb429e6768 | INFO | [verifier1] processing 1 unread messages (steer=True)
2026-08-08 03:36:46 | team | sess_e1eb429e6768 | INFO | Message e7416ff3-4787-477c-a401-679891b336ec marked as read by verifier1
2026-08-08 03:37:35 | team | sess_e1eb429e6768 | INFO | Task verify completed at 1786156655023
2026-08-08 03:37:35 | team | sess_e1eb429e6768 | INFO | Message 8e97b131-f4b1-4673-8f0e-3f23801d9db8 created
2026-08-08 03:37:35 | team | sess_e1eb429e6768 | INFO | Task verify completed
2026-08-08 03:37:40 | team | sess_e1eb429e6768 | INFO | Message 2822070f-20ff-43ab-b555-038f1d497e78 created
2026-08-08 03:37:44 | team | sess_e1eb429e6768 | INFO | [verifier1] processing 1 unread messages (steer=True)
2026-08-08 03:37:44 | team | sess_e1eb429e6768 | INFO | Message 90509639-e404-47a8-891e-d3ea11f17e65 marked as read by verifier1
2026-08-08 03:37:52 | team | sess_e1eb429e6768 | INFO | [verifier1] processing 1 unread messages (steer=True)
2026-08-08 03:37:52 | team | sess_e1eb429e6768 | INFO | Message cee39421-9990-47c6-9380-01587bcdf5df marked as read by verifier1
2026-08-08 03:38:14 | team | sess_e1eb429e6768 | INFO | team jiuwen_team_sess_e1eb429e6768 reported completed: 9 members, 3 tasks
2026-08-08 03:38:14 | team | sess_e1eb429e6768 | INFO | [verifier1] received TEAM_STANDBY, pausing polls
2026-08-08 03:38:14 | team | sess_e1eb429e6768 | INFO | EventBus[teammate] pausing polls
