2026-08-08 03:34:48 | team | sess_e1eb429e6768 | INFO | Team workspace directory ensured at /srv/jwteam_clone/shared/run_current
2026-08-08 03:34:48 | team | sess_e1eb429e6768 | INFO | AgentTeam manager initialized for jiuwen_team_sess_e1eb429e6768, member=team_leader
2026-08-08 03:34:48 | team | sess_e1eb429e6768 | INFO | [team_leader] TeamPolicyRail static sections: section_names=['team_role', 'team_workflow', 'team_swarmflow', 'team_lifecycle', 'team_persona']
2026-08-08 03:34:48 | team | sess_e1eb429e6768 | INFO | Session tables ready for session sess_e1eb429e6768
2026-08-08 03:34:48 | team | sess_e1eb429e6768 | INFO | Team database initialized
2026-08-08 03:34:48 | team | default_trace_id | INFO | Team workspace directory ensured at /srv/jwteam_clone/shared/run_current
2026-08-08 03:34:48 | team | default_trace_id | INFO | AgentTeam manager initialized for jiuwen_team_sess_e1eb429e6768, member=executor1
2026-08-08 03:34:48 | team | default_trace_id | INFO | [executor1] TeamPolicyRail static sections: section_names=['team_role', 'team_persona']
2026-08-08 03:34:48 | team | sess_e1eb429e6768 | INFO | [executor1] invoke start, role=teammate
2026-08-08 03:34:48 | team | sess_e1eb429e6768 | INFO | [executor1] coordination starting
2026-08-08 03:34:48 | team | sess_e1eb429e6768 | INFO | Session tables ready for session sess_e1eb429e6768
2026-08-08 03:34:48 | team | sess_e1eb429e6768 | INFO | Workspace /srv/jwteam_clone/shared/run_current initialized as plain shared directory (version_control disabled)
2026-08-08 03:34:48 | team | sess_e1eb429e6768 | INFO | EventBus[teammate] starting
2026-08-08 03:35:09 | team | sess_e1eb429e6768 | INFO | [executor1] HITT section refresh: human_agent_names=[]
2026-08-08 03:35:22 | team | sess_e1eb429e6768 | INFO | [executor1] processing 1 unread messages (steer=True)
2026-08-08 03:35:22 | team | sess_e1eb429e6768 | INFO | Message 10a29d0b-6431-41cb-a55c-ce8b2de9695a marked as read by executor1
2026-08-08 03:35:35 | team | sess_e1eb429e6768 | INFO | Message 7c9f25ec-c722-41a2-b0f3-8506fd03aae7 created
2026-08-08 03:35:50 | team | sess_e1eb429e6768 | INFO | [executor1] processing 1 unread messages (steer=True)
2026-08-08 03:35:50 | team | sess_e1eb429e6768 | INFO | Message 84bb740f-e13c-45dd-8ed3-81291d23ec43 marked as read by executor1
2026-08-08 03:36:04 | team | sess_e1eb429e6768 | INFO | [executor1] processing 1 unread messages (steer=True)
2026-08-08 03:36:04 | team | sess_e1eb429e6768 | INFO | Message 83406cd4-544b-403c-af81-221758186dd8 marked as read by executor1
2026-08-08 03:36:09 | team | sess_e1eb429e6768 | INFO | Task implement claimed by member executor1
2026-08-08 03:36:09 | team | sess_e1eb429e6768 | INFO | Task implement claimed by member executor1
2026-08-08 03:36:29 | team | sess_e1eb429e6768 | INFO | Task implement completed at 1786156589301
2026-08-08 03:36:29 | team | sess_e1eb429e6768 | INFO | Message e595d35b-7cc5-4e1b-8b93-70e59d2154c8 created
2026-08-08 03:36:29 | team | sess_e1eb429e6768 | INFO | Resolved 1 dependencies for task implement
2026-08-08 03:36:29 | team | sess_e1eb429e6768 | INFO | Task verify unblocked (all deps resolved)
2026-08-08 03:36:29 | team | sess_e1eb429e6768 | INFO | Task implement completed
2026-08-08 03:36:29 | team | sess_e1eb429e6768 | INFO | Unblocked 1 tasks
2026-08-08 03:36:33 | team | sess_e1eb429e6768 | INFO | Message 0ae32d06-1dc2-462f-ad88-c736016b54f4 created
2026-08-08 03:36:46 | team | sess_e1eb429e6768 | INFO | [executor1] processing 1 unread messages (steer=True)
2026-08-08 03:36:46 | team | sess_e1eb429e6768 | INFO | Message 6b7330f6-92a2-4f3e-9c90-f2307c16d657 marked as read by executor1
2026-08-08 03:37:35 | team | sess_e1eb429e6768 | INFO | task list drained for team jiuwen_team_sess_e1eb429e6768: 3 terminal task(s)
2026-08-08 03:37:40 | team | sess_e1eb429e6768 | INFO | [executor1] processing 1 unread messages (steer=True)
2026-08-08 03:37:40 | team | sess_e1eb429e6768 | INFO | Message 2822070f-20ff-43ab-b555-038f1d497e78 marked as read by executor1
2026-08-08 03:37:52 | team | sess_e1eb429e6768 | INFO | [executor1] processing 1 unread messages (steer=True)
2026-08-08 03:37:52 | team | sess_e1eb429e6768 | INFO | Message cee39421-9990-47c6-9380-01587bcdf5df marked as read by executor1
2026-08-08 03:38:14 | team | sess_e1eb429e6768 | INFO | team jiuwen_team_sess_e1eb429e6768 reported completed: 9 members, 3 tasks
2026-08-08 03:38:14 | team | sess_e1eb429e6768 | INFO | [executor1] received TEAM_STANDBY, pausing polls
2026-08-08 03:38:14 | team | sess_e1eb429e6768 | INFO | EventBus[teammate] pausing polls
