2026-08-08 03:34:52 | team | sess_e1eb429e6768 | INFO | Team workspace directory ensured at /srv/jwteam_clone/shared/run_current
2026-08-08 03:34:52 | team | sess_e1eb429e6768 | INFO | AgentTeam manager initialized for jiuwen_team_sess_e1eb429e6768, member=team_leader
2026-08-08 03:34:52 | team | sess_e1eb429e6768 | INFO | [team_leader] TeamPolicyRail static sections: section_names=['team_role', 'team_workflow', 'team_swarmflow', 'team_lifecycle', 'team_persona']
2026-08-08 03:34:52 | team | sess_e1eb429e6768 | INFO | Session tables ready for session sess_e1eb429e6768
2026-08-08 03:34:52 | team | sess_e1eb429e6768 | INFO | Team database initialized
2026-08-08 03:34:53 | team | default_trace_id | INFO | Team workspace directory ensured at /srv/jwteam_clone/shared/run_current
2026-08-08 03:34:53 | team | default_trace_id | INFO | AgentTeam manager initialized for jiuwen_team_sess_e1eb429e6768, member=fullstack1
2026-08-08 03:34:53 | team | default_trace_id | INFO | [fullstack1] TeamPolicyRail static sections: section_names=['team_role', 'team_persona']
2026-08-08 03:34:53 | team | sess_e1eb429e6768 | INFO | [fullstack1] invoke start, role=teammate
2026-08-08 03:34:53 | team | sess_e1eb429e6768 | INFO | [fullstack1] coordination starting
2026-08-08 03:34:53 | team | sess_e1eb429e6768 | INFO | Session tables ready for session sess_e1eb429e6768
2026-08-08 03:34:53 | team | sess_e1eb429e6768 | INFO | Workspace /srv/jwteam_clone/shared/run_current initialized as plain shared directory (version_control disabled)
2026-08-08 03:34:53 | team | sess_e1eb429e6768 | INFO | EventBus[teammate] starting
2026-08-08 03:35:09 | team | sess_e1eb429e6768 | INFO | [fullstack1] HITT section refresh: human_agent_names=[]
2026-08-08 03:35:22 | team | sess_e1eb429e6768 | INFO | [fullstack1] processing 1 unread messages (steer=True)
2026-08-08 03:35:22 | team | sess_e1eb429e6768 | INFO | Message 10a29d0b-6431-41cb-a55c-ce8b2de9695a marked as read by fullstack1
2026-08-08 03:35:47 | team | sess_e1eb429e6768 | INFO | Message 672d4243-8d99-4bc5-8497-e36d45d354ca created
2026-08-08 03:36:00 | team | sess_e1eb429e6768 | INFO | [fullstack1] processing 1 unread messages (steer=True)
2026-08-08 03:36:00 | team | sess_e1eb429e6768 | INFO | Message 21ba8412-a797-4208-9e94-7fc28b36e3ba marked as read by fullstack1
2026-08-08 03:36:05 | team | sess_e1eb429e6768 | INFO | Message 3e477fb4-8e5f-4d4f-a1b7-2fe9611ccd9f created
2026-08-08 03:37:35 | team | sess_e1eb429e6768 | INFO | task list drained for team jiuwen_team_sess_e1eb429e6768: 3 terminal task(s)
2026-08-08 03:37:52 | team | sess_e1eb429e6768 | INFO | [fullstack1] processing 1 unread messages (steer=True)
2026-08-08 03:37:52 | team | sess_e1eb429e6768 | INFO | Message cee39421-9990-47c6-9380-01587bcdf5df marked as read by fullstack1
2026-08-08 03:38:00 | team | sess_e1eb429e6768 | INFO | Message 9e234d94-e04d-428e-a0e0-8afa42f094e0 created
2026-08-08 03:38:05 | team | sess_e1eb429e6768 | INFO | [fullstack1] processing 1 unread messages (steer=True)
2026-08-08 03:38:05 | team | sess_e1eb429e6768 | INFO | Message 2a8acdae-e199-4c01-b529-badeb35b0c1f marked as read by fullstack1
2026-08-08 03:38:10 | team | sess_e1eb429e6768 | INFO | Message 59a52b28-af98-4237-95f1-787eaaacbd57 created
2026-08-08 03:38:14 | team | sess_e1eb429e6768 | INFO | team jiuwen_team_sess_e1eb429e6768 reported completed: 9 members, 3 tasks
2026-08-08 03:38:14 | team | sess_e1eb429e6768 | INFO | [fullstack1] received TEAM_STANDBY, pausing polls
2026-08-08 03:38:14 | team | sess_e1eb429e6768 | INFO | EventBus[teammate] pausing polls
