2026-08-08 03:34:48 | team | sess_e1eb429e6768 | INFO | Team workspace directory ensured at /srv/jwteam_clone/shared/run_current
2026-08-08 03:34:48 | team | sess_e1eb429e6768 | INFO | AgentTeam manager initialized for jiuwen_team_sess_e1eb429e6768, member=team_leader
2026-08-08 03:34:48 | team | sess_e1eb429e6768 | INFO | [team_leader] TeamPolicyRail static sections: section_names=['team_role', 'team_workflow', 'team_swarmflow', 'team_lifecycle', 'team_persona']
2026-08-08 03:34:48 | team | sess_e1eb429e6768 | INFO | Session tables ready for session sess_e1eb429e6768
2026-08-08 03:34:48 | team | sess_e1eb429e6768 | INFO | Team database initialized
2026-08-08 03:34:48 | team | default_trace_id | INFO | Team workspace directory ensured at /srv/jwteam_clone/shared/run_current
2026-08-08 03:34:48 | team | default_trace_id | INFO | AgentTeam manager initialized for jiuwen_team_sess_e1eb429e6768, member=planner2
2026-08-08 03:34:48 | team | default_trace_id | INFO | [planner2] TeamPolicyRail static sections: section_names=['team_role', 'team_persona']
2026-08-08 03:34:48 | team | sess_e1eb429e6768 | INFO | [planner2] invoke start, role=teammate
2026-08-08 03:34:48 | team | sess_e1eb429e6768 | INFO | [planner2] coordination starting
2026-08-08 03:34:48 | team | sess_e1eb429e6768 | INFO | Session tables ready for session sess_e1eb429e6768
2026-08-08 03:34:48 | team | sess_e1eb429e6768 | INFO | Workspace /srv/jwteam_clone/shared/run_current initialized as plain shared directory (version_control disabled)
2026-08-08 03:34:48 | team | sess_e1eb429e6768 | INFO | EventBus[teammate] starting
2026-08-08 03:35:09 | team | sess_e1eb429e6768 | INFO | [planner2] HITT section refresh: human_agent_names=[]
2026-08-08 03:35:22 | team | sess_e1eb429e6768 | INFO | [planner2] processing 1 unread messages (steer=True)
2026-08-08 03:35:22 | team | sess_e1eb429e6768 | INFO | Message 10a29d0b-6431-41cb-a55c-ce8b2de9695a marked as read by planner2
2026-08-08 03:37:35 | team | sess_e1eb429e6768 | INFO | task list drained for team jiuwen_team_sess_e1eb429e6768: 3 terminal task(s)
2026-08-08 03:37:52 | team | sess_e1eb429e6768 | INFO | [planner2] processing 1 unread messages (steer=True)
2026-08-08 03:37:52 | team | sess_e1eb429e6768 | INFO | Message cee39421-9990-47c6-9380-01587bcdf5df marked as read by planner2
2026-08-08 03:38:14 | team | sess_e1eb429e6768 | INFO | team jiuwen_team_sess_e1eb429e6768 reported completed: 9 members, 3 tasks
2026-08-08 03:38:14 | team | sess_e1eb429e6768 | INFO | [planner2] received TEAM_STANDBY, pausing polls
2026-08-08 03:38:14 | team | sess_e1eb429e6768 | INFO | EventBus[teammate] pausing polls
