2026-08-08 00:34:54 | team | sess_03d93704e2f1 | INFO | Team workspace directory ensured at /srv/jwteam_clone/shared/run_current
2026-08-08 00:34:54 | team | sess_03d93704e2f1 | INFO | AgentTeam manager initialized for jiuwen_team_sess_03d93704e2f1, member=team_leader
2026-08-08 00:34:54 | team | sess_03d93704e2f1 | INFO | [team_leader] TeamPolicyRail static sections: section_names=['team_role', 'team_workflow', 'team_swarmflow', 'team_lifecycle', 'team_persona']
2026-08-08 00:34:54 | team | sess_03d93704e2f1 | INFO | Session tables ready for session sess_03d93704e2f1
2026-08-08 00:34:54 | team | sess_03d93704e2f1 | INFO | Team database initialized
2026-08-08 00:34:54 | team | default_trace_id | INFO | Team workspace directory ensured at /srv/jwteam_clone/shared/run_current
2026-08-08 00:34:54 | team | default_trace_id | INFO | AgentTeam manager initialized for jiuwen_team_sess_03d93704e2f1, member=planner1
2026-08-08 00:34:54 | team | default_trace_id | INFO | [planner1] TeamPolicyRail static sections: section_names=['team_role', 'team_persona']
2026-08-08 00:34:54 | team | sess_03d93704e2f1 | INFO | [planner1] invoke start, role=teammate
2026-08-08 00:34:54 | team | sess_03d93704e2f1 | INFO | [planner1] coordination starting
2026-08-08 00:34:54 | team | sess_03d93704e2f1 | INFO | Session tables ready for session sess_03d93704e2f1
2026-08-08 00:34:54 | team | sess_03d93704e2f1 | INFO | Workspace /srv/jwteam_clone/shared/run_current initialized as plain shared directory (version_control disabled)
2026-08-08 00:34:54 | team | sess_03d93704e2f1 | INFO | EventBus[teammate] starting
2026-08-08 00:35:30 | team | sess_03d93704e2f1 | INFO | [planner1] HITT section refresh: human_agent_names=[]
2026-08-08 00:35:41 | team | sess_03d93704e2f1 | INFO | Task plan claimed by member planner1
2026-08-08 00:35:41 | team | sess_03d93704e2f1 | INFO | Task plan claimed by member planner1
2026-08-08 00:35:41 | team | sess_03d93704e2f1 | INFO | [planner1] processing 1 unread messages (steer=True)
2026-08-08 00:35:41 | team | sess_03d93704e2f1 | INFO | Message e08b0190-efca-469a-9d2f-9d834fd69a20 marked as read by planner1
2026-08-08 00:36:42 | team | sess_03d93704e2f1 | INFO | Message 9d420a63-c327-40d4-8ef3-30fa7afaadbc created
2026-08-08 00:36:44 | team | sess_03d93704e2f1 | INFO | Task plan completed at 1786145804577
2026-08-08 00:36:44 | team | sess_03d93704e2f1 | INFO | Resolved 1 dependencies for task plan
2026-08-08 00:36:44 | team | sess_03d93704e2f1 | INFO | Task implement unblocked (all deps resolved)
2026-08-08 00:36:44 | team | sess_03d93704e2f1 | INFO | Task plan completed
2026-08-08 00:36:44 | team | sess_03d93704e2f1 | INFO | Unblocked 1 tasks
2026-08-08 00:36:51 | team | sess_03d93704e2f1 | INFO | Message 0d53f821-68d5-44a6-a7ea-64e0533c7b6b created
2026-08-08 00:40:20 | team | sess_03d93704e2f1 | INFO | task list drained for team jiuwen_team_sess_03d93704e2f1: 4 terminal task(s)
2026-08-08 00:40:28 | team | sess_03d93704e2f1 | INFO | [planner1] processing 1 unread messages (steer=True)
2026-08-08 00:40:28 | team | sess_03d93704e2f1 | INFO | Message cb99ea9a-338a-456e-b814-e3083d1de632 marked as read by planner1
2026-08-08 00:40:45 | team | sess_03d93704e2f1 | INFO | team jiuwen_team_sess_03d93704e2f1 reported completed: 9 members, 4 tasks
2026-08-08 00:40:45 | team | sess_03d93704e2f1 | INFO | [planner1] received TEAM_STANDBY, pausing polls
2026-08-08 00:40:45 | team | sess_03d93704e2f1 | INFO | EventBus[teammate] pausing polls
