2026-08-08 00:34:56 | team | sess_03d93704e2f1 | INFO | Team workspace directory ensured at /srv/jwteam_clone/shared/run_current
2026-08-08 00:34:56 | team | sess_03d93704e2f1 | INFO | AgentTeam manager initialized for jiuwen_team_sess_03d93704e2f1, member=team_leader
2026-08-08 00:34:56 | team | sess_03d93704e2f1 | INFO | [team_leader] TeamPolicyRail static sections: section_names=['team_role', 'team_workflow', 'team_swarmflow', 'team_lifecycle', 'team_persona']
2026-08-08 00:34:56 | team | sess_03d93704e2f1 | INFO | Session tables ready for session sess_03d93704e2f1
2026-08-08 00:34:56 | team | sess_03d93704e2f1 | INFO | Team database initialized
2026-08-08 00:34:56 | team | default_trace_id | INFO | Team workspace directory ensured at /srv/jwteam_clone/shared/run_current
2026-08-08 00:34:56 | team | default_trace_id | INFO | AgentTeam manager initialized for jiuwen_team_sess_03d93704e2f1, member=executor1
2026-08-08 00:34:56 | team | default_trace_id | INFO | [executor1] TeamPolicyRail static sections: section_names=['team_role', 'team_persona']
2026-08-08 00:34:56 | team | sess_03d93704e2f1 | INFO | [executor1] invoke start, role=teammate
2026-08-08 00:34:56 | team | sess_03d93704e2f1 | INFO | [executor1] coordination starting
2026-08-08 00:34:56 | team | sess_03d93704e2f1 | INFO | Session tables ready for session sess_03d93704e2f1
2026-08-08 00:34:56 | team | sess_03d93704e2f1 | INFO | Workspace /srv/jwteam_clone/shared/run_current initialized as plain shared directory (version_control disabled)
2026-08-08 00:34:56 | team | sess_03d93704e2f1 | INFO | EventBus[teammate] starting
2026-08-08 00:35:30 | team | sess_03d93704e2f1 | INFO | [executor1] HITT section refresh: human_agent_names=[]
2026-08-08 00:35:41 | team | sess_03d93704e2f1 | INFO | [executor1] processing 1 unread messages (steer=True)
2026-08-08 00:35:41 | team | sess_03d93704e2f1 | INFO | Message e08b0190-efca-469a-9d2f-9d834fd69a20 marked as read by executor1
2026-08-08 00:36:42 | team | sess_03d93704e2f1 | INFO | [executor1] processing 1 unread messages (steer=True)
2026-08-08 00:36:42 | team | sess_03d93704e2f1 | INFO | Message 9d420a63-c327-40d4-8ef3-30fa7afaadbc marked as read by executor1
2026-08-08 00:36:46 | team | sess_03d93704e2f1 | INFO | Task implement claimed by member executor1
2026-08-08 00:36:46 | team | sess_03d93704e2f1 | INFO | Task implement claimed by member executor1
2026-08-08 00:37:13 | team | sess_03d93704e2f1 | INFO | Task implement completed at 1786145833588
2026-08-08 00:37:13 | team | sess_03d93704e2f1 | INFO | Resolved 2 dependencies for task implement
2026-08-08 00:37:13 | team | sess_03d93704e2f1 | INFO | Task verify1 unblocked (all deps resolved)
2026-08-08 00:37:13 | team | sess_03d93704e2f1 | INFO | Task verify2 unblocked (all deps resolved)
2026-08-08 00:37:13 | team | sess_03d93704e2f1 | INFO | Task implement completed
2026-08-08 00:37:13 | team | sess_03d93704e2f1 | INFO | Unblocked 2 tasks
2026-08-08 00:37:19 | team | sess_03d93704e2f1 | INFO | Message 73c1e055-212c-4a09-ab24-999a84d30c37 created
2026-08-08 00:37:19 | team | sess_03d93704e2f1 | INFO | Message 1b7171ab-dd5e-4f78-be21-e7720ec41aef created
2026-08-08 00:37:26 | team | sess_03d93704e2f1 | INFO | Message 94187111-b7f6-4dc5-b232-6baa35c3c141 created
2026-08-08 00:40:20 | team | sess_03d93704e2f1 | INFO | task list drained for team jiuwen_team_sess_03d93704e2f1: 4 terminal task(s)
2026-08-08 00:40:28 | team | sess_03d93704e2f1 | INFO | [executor1] processing 1 unread messages (steer=True)
2026-08-08 00:40:28 | team | sess_03d93704e2f1 | INFO | Message cb99ea9a-338a-456e-b814-e3083d1de632 marked as read by executor1
2026-08-08 00:40:45 | team | sess_03d93704e2f1 | INFO | team jiuwen_team_sess_03d93704e2f1 reported completed: 9 members, 4 tasks
2026-08-08 00:40:45 | team | sess_03d93704e2f1 | INFO | [executor1] received TEAM_STANDBY, pausing polls
2026-08-08 00:40:45 | team | sess_03d93704e2f1 | INFO | EventBus[teammate] pausing polls
