2026-08-08 00:35:00 | team | sess_03d93704e2f1 | INFO | Team workspace directory ensured at /srv/jwteam_clone/shared/run_current
2026-08-08 00:35:00 | team | sess_03d93704e2f1 | INFO | AgentTeam manager initialized for jiuwen_team_sess_03d93704e2f1, member=team_leader
2026-08-08 00:35:00 | team | sess_03d93704e2f1 | INFO | [team_leader] TeamPolicyRail static sections: section_names=['team_role', 'team_workflow', 'team_swarmflow', 'team_lifecycle', 'team_persona']
2026-08-08 00:35:00 | team | sess_03d93704e2f1 | INFO | Session tables ready for session sess_03d93704e2f1
2026-08-08 00:35:00 | team | sess_03d93704e2f1 | INFO | Team database initialized
2026-08-08 00:35:00 | team | default_trace_id | INFO | Team workspace directory ensured at /srv/jwteam_clone/shared/run_current
2026-08-08 00:35:00 | team | default_trace_id | INFO | AgentTeam manager initialized for jiuwen_team_sess_03d93704e2f1, member=verifier2
2026-08-08 00:35:00 | team | default_trace_id | INFO | [verifier2] TeamPolicyRail static sections: section_names=['team_role', 'team_persona']
2026-08-08 00:35:00 | team | sess_03d93704e2f1 | INFO | [verifier2] invoke start, role=teammate
2026-08-08 00:35:00 | team | sess_03d93704e2f1 | INFO | [verifier2] coordination starting
2026-08-08 00:35:00 | team | sess_03d93704e2f1 | INFO | Session tables ready for session sess_03d93704e2f1
2026-08-08 00:35:00 | team | sess_03d93704e2f1 | INFO | Workspace /srv/jwteam_clone/shared/run_current initialized as plain shared directory (version_control disabled)
2026-08-08 00:35:00 | team | sess_03d93704e2f1 | INFO | EventBus[teammate] starting
2026-08-08 00:35:30 | team | sess_03d93704e2f1 | INFO | [verifier2] HITT section refresh: human_agent_names=[]
2026-08-08 00:35:41 | team | sess_03d93704e2f1 | INFO | [verifier2] processing 1 unread messages (steer=True)
2026-08-08 00:35:41 | team | sess_03d93704e2f1 | INFO | Message e08b0190-efca-469a-9d2f-9d834fd69a20 marked as read by verifier2
2026-08-08 00:37:17 | team | sess_03d93704e2f1 | INFO | [verifier2] received TASK_CLAIMED for self, task_id=verify2, human_agent=False
2026-08-08 00:37:19 | team | sess_03d93704e2f1 | INFO | [verifier2] processing 1 unread messages (steer=True)
2026-08-08 00:37:20 | team | sess_03d93704e2f1 | INFO | Message 1b7171ab-dd5e-4f78-be21-e7720ec41aef marked as read by verifier2
2026-08-08 00:40:20 | team | sess_03d93704e2f1 | INFO | Task verify2 completed at 1786146020311
2026-08-08 00:40:20 | team | sess_03d93704e2f1 | INFO | Task verify2 completed
2026-08-08 00:40:27 | team | sess_03d93704e2f1 | INFO | Message 307e5813-a957-445d-bbdc-dd63a31fa98d created
2026-08-08 00:40:28 | team | sess_03d93704e2f1 | INFO | [verifier2] processing 1 unread messages (steer=True)
2026-08-08 00:40:28 | team | sess_03d93704e2f1 | INFO | Message cb99ea9a-338a-456e-b814-e3083d1de632 marked as read by verifier2
2026-08-08 00:40:45 | team | sess_03d93704e2f1 | INFO | team jiuwen_team_sess_03d93704e2f1 reported completed: 9 members, 4 tasks
2026-08-08 00:40:45 | team | sess_03d93704e2f1 | INFO | [verifier2] received TEAM_STANDBY, pausing polls
2026-08-08 00:40:45 | team | sess_03d93704e2f1 | INFO | EventBus[teammate] pausing polls
