2026-08-08 23:23:04 | team | sess_702037fd1ae7 | INFO | Team workspace directory ensured at /srv/jwteam_clone/shared/run_current
2026-08-08 23:23:04 | team | sess_702037fd1ae7 | INFO | AgentTeam manager initialized for jiuwen_team_sess_702037fd1ae7, member=team_leader
2026-08-08 23:23:04 | team | sess_702037fd1ae7 | INFO | [team_leader] TeamPolicyRail static sections: section_names=['team_role', 'team_workflow', 'team_swarmflow', 'team_lifecycle', 'team_persona']
2026-08-08 23:23:04 | team | sess_702037fd1ae7 | INFO | Session tables ready for session sess_702037fd1ae7
2026-08-08 23:23:04 | team | sess_702037fd1ae7 | INFO | Team database initialized
2026-08-08 23:23:04 | team | default_trace_id | INFO | Team workspace directory ensured at /srv/jwteam_clone/shared/run_current
2026-08-08 23:23:04 | team | default_trace_id | INFO | AgentTeam manager initialized for jiuwen_team_sess_702037fd1ae7, member=verifier1
2026-08-08 23:23:04 | team | default_trace_id | INFO | [verifier1] TeamPolicyRail static sections: section_names=['team_role', 'team_persona']
2026-08-08 23:23:04 | team | sess_702037fd1ae7 | INFO | [verifier1] invoke start, role=teammate
2026-08-08 23:23:04 | team | sess_702037fd1ae7 | INFO | [verifier1] coordination starting
2026-08-08 23:23:04 | team | sess_702037fd1ae7 | INFO | Session tables ready for session sess_702037fd1ae7
2026-08-08 23:23:04 | team | sess_702037fd1ae7 | INFO | Workspace /srv/jwteam_clone/shared/run_current initialized as plain shared directory (version_control disabled)
2026-08-08 23:23:04 | team | sess_702037fd1ae7 | INFO | EventBus[teammate] starting
2026-08-08 23:23:18 | team | sess_702037fd1ae7 | INFO | [verifier1] HITT section refresh: human_agent_names=[]
2026-08-08 23:23:26 | team | sess_702037fd1ae7 | INFO | [verifier1] processing 1 unread messages (steer=True)
2026-08-08 23:23:26 | team | sess_702037fd1ae7 | INFO | Message 056c2057-816c-4d3c-8861-0826ae1b4aa8 marked as read by verifier1
2026-08-08 23:25:15 | team | sess_702037fd1ae7 | INFO | [verifier1] processing 1 unread messages (steer=True)
2026-08-08 23:25:15 | team | sess_702037fd1ae7 | INFO | Message 145dd787-285d-41e0-9e17-9186815ece7a marked as read by verifier1
2026-08-08 23:25:19 | team | sess_702037fd1ae7 | INFO | [verifier1] processing 1 unread messages (steer=True)
2026-08-08 23:25:19 | team | sess_702037fd1ae7 | INFO | Message a43113c1-85cd-4820-ac2d-5cebed3dd57b marked as read by verifier1
2026-08-08 23:25:20 | team | sess_702037fd1ae7 | INFO | [verifier1] received TASK_CLAIMED for self, task_id=verify, human_agent=False
2026-08-08 23:25:21 | team | sess_702037fd1ae7 | INFO | [verifier1] processing 1 unread messages (steer=True)
2026-08-08 23:25:21 | team | sess_702037fd1ae7 | INFO | Message 889434a7-649c-4f4e-9e3e-d07ac4917cc7 marked as read by verifier1
2026-08-08 23:25:44 | team | sess_702037fd1ae7 | INFO | Message 85a2e92f-816d-4ede-8ad6-7dec32d3e4c5 created
2026-08-08 23:25:44 | team | sess_702037fd1ae7 | INFO | Message 80919e57-c56c-408e-b77c-30e218490366 created
2026-08-08 23:25:44 | team | sess_702037fd1ae7 | INFO | Message e642519e-6f98-4485-bd07-ea96767590bc created
2026-08-08 23:25:55 | team | sess_702037fd1ae7 | INFO | [verifier1] processing 1 unread messages (steer=True)
2026-08-08 23:25:55 | team | sess_702037fd1ae7 | INFO | Message 0cea3e5a-5cb8-4d97-b6e7-de0e18e1419e marked as read by verifier1
2026-08-08 23:25:57 | team | sess_702037fd1ae7 | INFO | [verifier1] processing 1 unread messages (steer=True)
2026-08-08 23:25:57 | team | sess_702037fd1ae7 | INFO | Message fe3201db-31b9-4cd2-a18b-8ca2c509e2c5 marked as read by verifier1
2026-08-08 23:26:00 | team | sess_702037fd1ae7 | INFO | Message 3e34f61e-3cbd-4d5f-a5dc-7a417ca99928 created
2026-08-08 23:26:10 | team | sess_702037fd1ae7 | INFO | [verifier1] processing 1 unread messages (steer=True)
2026-08-08 23:26:10 | team | sess_702037fd1ae7 | INFO | Message 857d71dd-861d-4757-82e2-f72423f05d80 marked as read by verifier1
2026-08-08 23:27:01 | team | sess_702037fd1ae7 | INFO | Message 173be269-4d68-4846-be20-8364ba5ffaf1 created
2026-08-08 23:27:06 | team | sess_702037fd1ae7 | INFO | Task verify completed at 1786228026391
2026-08-08 23:27:06 | team | sess_702037fd1ae7 | INFO | Message bbc3d830-ed6c-46d3-8132-3f328004aafa created
2026-08-08 23:27:06 | team | sess_702037fd1ae7 | INFO | Task verify completed
2026-08-08 23:27:10 | team | sess_702037fd1ae7 | INFO | [verifier1] processing 1 unread messages (steer=True)
2026-08-08 23:27:10 | team | sess_702037fd1ae7 | INFO | Message 1b036d32-3c8a-4582-a293-9506b8e071e7 marked as read by verifier1
2026-08-08 23:27:32 | team | sess_702037fd1ae7 | INFO | [verifier1] processing 1 unread messages (steer=True)
2026-08-08 23:27:32 | team | sess_702037fd1ae7 | INFO | Message bb53f6c8-bbd2-4891-b0cf-6bd123de8dc6 marked as read by verifier1
2026-08-08 23:27:40 | team | sess_702037fd1ae7 | INFO | team jiuwen_team_sess_702037fd1ae7 reported completed: 9 members, 3 tasks
2026-08-08 23:27:40 | team | sess_702037fd1ae7 | INFO | [verifier1] received TEAM_STANDBY, pausing polls
2026-08-08 23:27:40 | team | sess_702037fd1ae7 | INFO | EventBus[teammate] pausing polls
