2026-08-08 23:23:03 | team | sess_702037fd1ae7 | INFO | Team workspace directory ensured at /srv/jwteam_clone/shared/run_current
2026-08-08 23:23:03 | team | sess_702037fd1ae7 | INFO | AgentTeam manager initialized for jiuwen_team_sess_702037fd1ae7, member=team_leader
2026-08-08 23:23:03 | team | sess_702037fd1ae7 | INFO | [team_leader] TeamPolicyRail static sections: section_names=['team_role', 'team_workflow', 'team_swarmflow', 'team_lifecycle', 'team_persona']
2026-08-08 23:23:03 | team | sess_702037fd1ae7 | INFO | Session tables ready for session sess_702037fd1ae7
2026-08-08 23:23:03 | team | sess_702037fd1ae7 | INFO | Team database initialized
2026-08-08 23:23:03 | team | default_trace_id | INFO | Team workspace directory ensured at /srv/jwteam_clone/shared/run_current
2026-08-08 23:23:03 | team | default_trace_id | INFO | AgentTeam manager initialized for jiuwen_team_sess_702037fd1ae7, member=executor3
2026-08-08 23:23:03 | team | default_trace_id | INFO | [executor3] TeamPolicyRail static sections: section_names=['team_role', 'team_persona']
2026-08-08 23:23:03 | team | sess_702037fd1ae7 | INFO | [executor3] invoke start, role=teammate
2026-08-08 23:23:03 | team | sess_702037fd1ae7 | INFO | [executor3] coordination starting
2026-08-08 23:23:03 | team | sess_702037fd1ae7 | INFO | Session tables ready for session sess_702037fd1ae7
2026-08-08 23:23:03 | team | sess_702037fd1ae7 | INFO | Workspace /srv/jwteam_clone/shared/run_current initialized as plain shared directory (version_control disabled)
2026-08-08 23:23:03 | team | sess_702037fd1ae7 | INFO | EventBus[teammate] starting
2026-08-08 23:23:17 | team | sess_702037fd1ae7 | INFO | [executor3] HITT section refresh: human_agent_names=[]
2026-08-08 23:23:26 | team | sess_702037fd1ae7 | INFO | [executor3] processing 1 unread messages (steer=True)
2026-08-08 23:23:26 | team | sess_702037fd1ae7 | INFO | Message 056c2057-816c-4d3c-8861-0826ae1b4aa8 marked as read by executor3
2026-08-08 23:23:37 | team | sess_702037fd1ae7 | INFO | Message 597b2547-d75e-4662-8c10-689bef395269 created
2026-08-08 23:23:45 | team | sess_702037fd1ae7 | INFO | Message 7c202f0c-7e84-42df-b3a1-e960b6e898af created
2026-08-08 23:23:50 | team | sess_702037fd1ae7 | INFO | [executor3] processing 1 unread messages (steer=True)
2026-08-08 23:23:50 | team | sess_702037fd1ae7 | INFO | Message 1fb477a8-9d8a-4996-ae3f-14ae23c214d4 marked as read by executor3
2026-08-08 23:23:52 | team | sess_702037fd1ae7 | INFO | [executor3] processing 1 unread messages (steer=True)
2026-08-08 23:23:52 | team | sess_702037fd1ae7 | INFO | Message c6f1b1d9-58cd-42f4-9f24-22ff81d7b5bd marked as read by executor3
2026-08-08 23:23:58 | team | sess_702037fd1ae7 | INFO | Message 6c5cd000-d5ab-4751-a486-ff25d77b9a39 created
2026-08-08 23:24:30 | team | sess_702037fd1ae7 | INFO | Message c8416534-e2d7-4b32-8b57-13b7a0b3da35 created
2026-08-08 23:25:21 | team | sess_702037fd1ae7 | INFO | Message 889434a7-649c-4f4e-9e3e-d07ac4917cc7 created
2026-08-08 23:27:06 | team | sess_702037fd1ae7 | INFO | task list drained for team jiuwen_team_sess_702037fd1ae7: 3 terminal task(s)
2026-08-08 23:27:32 | team | sess_702037fd1ae7 | INFO | [executor3] processing 1 unread messages (steer=True)
2026-08-08 23:27:32 | team | sess_702037fd1ae7 | INFO | Message bb53f6c8-bbd2-4891-b0cf-6bd123de8dc6 marked as read by executor3
2026-08-08 23:27:40 | team | sess_702037fd1ae7 | INFO | team jiuwen_team_sess_702037fd1ae7 reported completed: 9 members, 3 tasks
2026-08-08 23:27:40 | team | sess_702037fd1ae7 | INFO | [executor3] received TEAM_STANDBY, pausing polls
2026-08-08 23:27:40 | team | sess_702037fd1ae7 | INFO | EventBus[teammate] pausing polls
