2026-08-08 23:22:58 | team | sess_702037fd1ae7 | INFO | Team workspace directory ensured at /srv/jwteam_clone/shared/run_current
2026-08-08 23:22:58 | team | sess_702037fd1ae7 | INFO | AgentTeam manager initialized for jiuwen_team_sess_702037fd1ae7, member=team_leader
2026-08-08 23:22:58 | team | sess_702037fd1ae7 | INFO | [team_leader] TeamPolicyRail static sections: section_names=['team_role', 'team_workflow', 'team_swarmflow', 'team_lifecycle', 'team_persona']
2026-08-08 23:22:58 | team | sess_702037fd1ae7 | INFO | Session tables ready for session sess_702037fd1ae7
2026-08-08 23:22:58 | team | sess_702037fd1ae7 | INFO | Team database initialized
2026-08-08 23:22:58 | team | default_trace_id | INFO | Team workspace directory ensured at /srv/jwteam_clone/shared/run_current
2026-08-08 23:22:58 | team | default_trace_id | INFO | AgentTeam manager initialized for jiuwen_team_sess_702037fd1ae7, member=planner1
2026-08-08 23:22:58 | team | default_trace_id | INFO | [planner1] TeamPolicyRail static sections: section_names=['team_role', 'team_persona']
2026-08-08 23:22:58 | team | sess_702037fd1ae7 | INFO | [planner1] invoke start, role=teammate
2026-08-08 23:22:58 | team | sess_702037fd1ae7 | INFO | [planner1] coordination starting
2026-08-08 23:22:58 | team | sess_702037fd1ae7 | INFO | Session tables ready for session sess_702037fd1ae7
2026-08-08 23:22:58 | team | sess_702037fd1ae7 | INFO | Workspace /srv/jwteam_clone/shared/run_current initialized as plain shared directory (version_control disabled)
2026-08-08 23:22:58 | team | sess_702037fd1ae7 | INFO | EventBus[teammate] starting
2026-08-08 23:23:17 | team | sess_702037fd1ae7 | INFO | [planner1] HITT section refresh: human_agent_names=[]
2026-08-08 23:23:26 | team | sess_702037fd1ae7 | INFO | Task plan claimed by member planner1
2026-08-08 23:23:26 | team | sess_702037fd1ae7 | INFO | Task plan claimed by member planner1
2026-08-08 23:23:26 | team | sess_702037fd1ae7 | INFO | [planner1] processing 1 unread messages (steer=True)
2026-08-08 23:23:26 | team | sess_702037fd1ae7 | INFO | Message 056c2057-816c-4d3c-8861-0826ae1b4aa8 marked as read by planner1
2026-08-08 23:23:36 | team | sess_702037fd1ae7 | INFO | [planner1] processing 1 unread messages (steer=True)
2026-08-08 23:23:36 | team | sess_702037fd1ae7 | INFO | Message 222814b4-e09b-42f1-9e61-f324a6ccede3 marked as read by planner1
2026-08-08 23:23:37 | team | sess_702037fd1ae7 | INFO | [planner1] processing 1 unread messages (steer=True)
2026-08-08 23:23:37 | team | sess_702037fd1ae7 | INFO | Message 597b2547-d75e-4662-8c10-689bef395269 marked as read by planner1
2026-08-08 23:23:52 | team | sess_702037fd1ae7 | INFO | Message c6f1b1d9-58cd-42f4-9f24-22ff81d7b5bd created
2026-08-08 23:23:52 | team | sess_702037fd1ae7 | INFO | Message 516b2fae-76a9-4191-b65a-7dfc11eb09c4 created
2026-08-08 23:23:58 | team | sess_702037fd1ae7 | INFO | [planner1] processing 1 unread messages (steer=True)
2026-08-08 23:23:58 | team | sess_702037fd1ae7 | INFO | Message 6c5cd000-d5ab-4751-a486-ff25d77b9a39 marked as read by planner1
2026-08-08 23:24:16 | team | sess_702037fd1ae7 | INFO | Message f17cc8b3-d94d-4a3b-b4b8-2dcb8f0823d8 created
2026-08-08 23:24:21 | team | sess_702037fd1ae7 | INFO | Task plan completed at 1786227861072
2026-08-08 23:24:21 | team | sess_702037fd1ae7 | INFO | Resolved 1 dependencies for task plan
2026-08-08 23:24:21 | team | sess_702037fd1ae7 | INFO | Task implement unblocked (all deps resolved)
2026-08-08 23:24:21 | team | sess_702037fd1ae7 | INFO | Task plan completed
2026-08-08 23:24:21 | team | sess_702037fd1ae7 | INFO | Unblocked 1 tasks
2026-08-08 23:25:44 | team | sess_702037fd1ae7 | INFO | [planner1] processing 1 unread messages (steer=True)
2026-08-08 23:25:44 | team | sess_702037fd1ae7 | INFO | Message 85a2e92f-816d-4ede-8ad6-7dec32d3e4c5 marked as read by planner1
2026-08-08 23:25:55 | team | sess_702037fd1ae7 | INFO | Message 0cea3e5a-5cb8-4d97-b6e7-de0e18e1419e created
2026-08-08 23:26:00 | team | sess_702037fd1ae7 | INFO | [planner1] processing 1 unread messages (steer=True)
2026-08-08 23:26:00 | team | sess_702037fd1ae7 | INFO | Message 3e34f61e-3cbd-4d5f-a5dc-7a417ca99928 marked as read by planner1
2026-08-08 23:27:06 | team | sess_702037fd1ae7 | INFO | task list drained for team jiuwen_team_sess_702037fd1ae7: 3 terminal task(s)
2026-08-08 23:27:32 | team | sess_702037fd1ae7 | INFO | [planner1] processing 1 unread messages (steer=True)
2026-08-08 23:27:32 | team | sess_702037fd1ae7 | INFO | Message bb53f6c8-bbd2-4891-b0cf-6bd123de8dc6 marked as read by planner1
2026-08-08 23:27:40 | team | sess_702037fd1ae7 | INFO | team jiuwen_team_sess_702037fd1ae7 reported completed: 9 members, 3 tasks
2026-08-08 23:27:40 | team | sess_702037fd1ae7 | INFO | [planner1] received TEAM_STANDBY, pausing polls
2026-08-08 23:27:40 | team | sess_702037fd1ae7 | INFO | EventBus[teammate] pausing polls
