2026-08-08 23:23:00 | team | sess_702037fd1ae7 | INFO | Team workspace directory ensured at /srv/jwteam_clone/shared/run_current
2026-08-08 23:23:00 | team | sess_702037fd1ae7 | INFO | AgentTeam manager initialized for jiuwen_team_sess_702037fd1ae7, member=team_leader
2026-08-08 23:23:00 | team | sess_702037fd1ae7 | INFO | [team_leader] TeamPolicyRail static sections: section_names=['team_role', 'team_workflow', 'team_swarmflow', 'team_lifecycle', 'team_persona']
2026-08-08 23:23:01 | team | sess_702037fd1ae7 | INFO | Session tables ready for session sess_702037fd1ae7
2026-08-08 23:23:01 | team | sess_702037fd1ae7 | INFO | Team database initialized
2026-08-08 23:23:01 | team | default_trace_id | INFO | Team workspace directory ensured at /srv/jwteam_clone/shared/run_current
2026-08-08 23:23:01 | team | default_trace_id | INFO | AgentTeam manager initialized for jiuwen_team_sess_702037fd1ae7, member=executor1
2026-08-08 23:23:01 | team | default_trace_id | INFO | [executor1] TeamPolicyRail static sections: section_names=['team_role', 'team_persona']
2026-08-08 23:23:01 | team | sess_702037fd1ae7 | INFO | [executor1] invoke start, role=teammate
2026-08-08 23:23:01 | team | sess_702037fd1ae7 | INFO | [executor1] coordination starting
2026-08-08 23:23:01 | team | sess_702037fd1ae7 | INFO | Session tables ready for session sess_702037fd1ae7
2026-08-08 23:23:01 | team | sess_702037fd1ae7 | INFO | Workspace /srv/jwteam_clone/shared/run_current initialized as plain shared directory (version_control disabled)
2026-08-08 23:23:01 | team | sess_702037fd1ae7 | INFO | EventBus[teammate] starting
2026-08-08 23:23:17 | team | sess_702037fd1ae7 | INFO | [executor1] HITT section refresh: human_agent_names=[]
2026-08-08 23:23:26 | team | sess_702037fd1ae7 | INFO | [executor1] processing 1 unread messages (steer=True)
2026-08-08 23:23:26 | team | sess_702037fd1ae7 | INFO | Message 056c2057-816c-4d3c-8861-0826ae1b4aa8 marked as read by executor1
2026-08-08 23:24:16 | team | sess_702037fd1ae7 | INFO | [executor1] processing 1 unread messages (steer=True)
2026-08-08 23:24:16 | team | sess_702037fd1ae7 | INFO | Message f17cc8b3-d94d-4a3b-b4b8-2dcb8f0823d8 marked as read by executor1
2026-08-08 23:24:26 | team | sess_702037fd1ae7 | INFO | [executor1] processing 1 unread messages (steer=True)
2026-08-08 23:24:26 | team | sess_702037fd1ae7 | INFO | Message c5f764e4-4e84-4f94-8195-f5d918cdbf05 marked as read by executor1
2026-08-08 23:24:30 | team | sess_702037fd1ae7 | INFO | [executor1] processing 1 unread messages (steer=True)
2026-08-08 23:24:30 | team | sess_702037fd1ae7 | INFO | Message c8416534-e2d7-4b32-8b57-13b7a0b3da35 marked as read by executor1
2026-08-08 23:24:38 | team | sess_702037fd1ae7 | INFO | [executor1] received TASK_CLAIMED for self, task_id=implement, human_agent=False
2026-08-08 23:25:15 | team | sess_702037fd1ae7 | INFO | Task implement completed at 1786227915022
2026-08-08 23:25:15 | team | sess_702037fd1ae7 | INFO | Message 145dd787-285d-41e0-9e17-9186815ece7a created
2026-08-08 23:25:15 | team | sess_702037fd1ae7 | INFO | Resolved 1 dependencies for task implement
2026-08-08 23:25:15 | team | sess_702037fd1ae7 | INFO | Task verify unblocked (all deps resolved)
2026-08-08 23:25:15 | team | sess_702037fd1ae7 | INFO | Task implement completed
2026-08-08 23:25:15 | team | sess_702037fd1ae7 | INFO | Unblocked 1 tasks
2026-08-08 23:25:44 | team | sess_702037fd1ae7 | INFO | [executor1] processing 1 unread messages (steer=True)
2026-08-08 23:25:44 | team | sess_702037fd1ae7 | INFO | Message e642519e-6f98-4485-bd07-ea96767590bc marked as read by executor1
2026-08-08 23:25:57 | team | sess_702037fd1ae7 | INFO | Message fe3201db-31b9-4cd2-a18b-8ca2c509e2c5 created
2026-08-08 23:27:06 | team | sess_702037fd1ae7 | INFO | [executor1] processing 1 unread messages (steer=True)
2026-08-08 23:27:06 | team | sess_702037fd1ae7 | INFO | Message bbc3d830-ed6c-46d3-8132-3f328004aafa marked as read by executor1
2026-08-08 23:27:06 | team | sess_702037fd1ae7 | INFO | task list drained for team jiuwen_team_sess_702037fd1ae7: 3 terminal task(s)
2026-08-08 23:27:10 | team | sess_702037fd1ae7 | INFO | Message 1b036d32-3c8a-4582-a293-9506b8e071e7 created
2026-08-08 23:27:32 | team | sess_702037fd1ae7 | INFO | [executor1] processing 1 unread messages (steer=True)
2026-08-08 23:27:32 | team | sess_702037fd1ae7 | INFO | Message bb53f6c8-bbd2-4891-b0cf-6bd123de8dc6 marked as read by executor1
2026-08-08 23:27:40 | team | sess_702037fd1ae7 | INFO | team jiuwen_team_sess_702037fd1ae7 reported completed: 9 members, 3 tasks
2026-08-08 23:27:40 | team | sess_702037fd1ae7 | INFO | [executor1] received TEAM_STANDBY, pausing polls
2026-08-08 23:27:40 | team | sess_702037fd1ae7 | INFO | EventBus[teammate] pausing polls
