2026-08-08 23:23:01 | team | sess_702037fd1ae7 | INFO | Team workspace directory ensured at /srv/jwteam_clone/shared/run_current
2026-08-08 23:23:01 | team | sess_702037fd1ae7 | INFO | AgentTeam manager initialized for jiuwen_team_sess_702037fd1ae7, member=team_leader
2026-08-08 23:23:01 | team | sess_702037fd1ae7 | INFO | [team_leader] TeamPolicyRail static sections: section_names=['team_role', 'team_workflow', 'team_swarmflow', 'team_lifecycle', 'team_persona']
2026-08-08 23:23:02 | team | sess_702037fd1ae7 | INFO | Session tables ready for session sess_702037fd1ae7
2026-08-08 23:23:02 | team | sess_702037fd1ae7 | INFO | Team database initialized
2026-08-08 23:23:02 | team | default_trace_id | INFO | Team workspace directory ensured at /srv/jwteam_clone/shared/run_current
2026-08-08 23:23:02 | team | default_trace_id | INFO | AgentTeam manager initialized for jiuwen_team_sess_702037fd1ae7, member=executor2
2026-08-08 23:23:02 | team | default_trace_id | INFO | [executor2] TeamPolicyRail static sections: section_names=['team_role', 'team_persona']
2026-08-08 23:23:02 | team | sess_702037fd1ae7 | INFO | [executor2] invoke start, role=teammate
2026-08-08 23:23:02 | team | sess_702037fd1ae7 | INFO | [executor2] coordination starting
2026-08-08 23:23:02 | team | sess_702037fd1ae7 | INFO | Session tables ready for session sess_702037fd1ae7
2026-08-08 23:23:02 | team | sess_702037fd1ae7 | INFO | Workspace /srv/jwteam_clone/shared/run_current initialized as plain shared directory (version_control disabled)
2026-08-08 23:23:02 | team | sess_702037fd1ae7 | INFO | EventBus[teammate] starting
2026-08-08 23:23:17 | team | sess_702037fd1ae7 | INFO | [executor2] HITT section refresh: human_agent_names=[]
2026-08-08 23:23:26 | team | sess_702037fd1ae7 | INFO | [executor2] processing 1 unread messages (steer=True)
2026-08-08 23:23:27 | team | sess_702037fd1ae7 | INFO | Message 056c2057-816c-4d3c-8861-0826ae1b4aa8 marked as read by executor2
2026-08-08 23:23:36 | team | sess_702037fd1ae7 | INFO | Message 222814b4-e09b-42f1-9e61-f324a6ccede3 created
2026-08-08 23:23:36 | team | sess_702037fd1ae7 | INFO | Message 2c571be3-ebbd-4174-b302-4f633026a8ac created
2026-08-08 23:23:43 | team | sess_702037fd1ae7 | INFO | [executor2] processing 1 unread messages (steer=True)
2026-08-08 23:23:43 | team | sess_702037fd1ae7 | INFO | Message 49e76014-4797-4ba9-bc9d-f78450b29d18 marked as read by executor2
2026-08-08 23:23:52 | team | sess_702037fd1ae7 | INFO | [executor2] processing 1 unread messages (steer=True)
2026-08-08 23:23:53 | team | sess_702037fd1ae7 | INFO | Message 516b2fae-76a9-4191-b65a-7dfc11eb09c4 marked as read by executor2
2026-08-08 23:24:26 | team | sess_702037fd1ae7 | INFO | Message c5f764e4-4e84-4f94-8195-f5d918cdbf05 created
2026-08-08 23:25:19 | team | sess_702037fd1ae7 | INFO | Message a43113c1-85cd-4820-ac2d-5cebed3dd57b created
2026-08-08 23:27:06 | team | sess_702037fd1ae7 | INFO | task list drained for team jiuwen_team_sess_702037fd1ae7: 3 terminal task(s)
2026-08-08 23:27:32 | team | sess_702037fd1ae7 | INFO | [executor2] processing 1 unread messages (steer=True)
2026-08-08 23:27:32 | team | sess_702037fd1ae7 | INFO | Message bb53f6c8-bbd2-4891-b0cf-6bd123de8dc6 marked as read by executor2
2026-08-08 23:27:40 | team | sess_702037fd1ae7 | INFO | team jiuwen_team_sess_702037fd1ae7 reported completed: 9 members, 3 tasks
2026-08-08 23:27:40 | team | sess_702037fd1ae7 | INFO | [executor2] received TEAM_STANDBY, pausing polls
2026-08-08 23:27:40 | team | sess_702037fd1ae7 | INFO | EventBus[teammate] pausing polls
