2026-08-10 10:06:39 | team | sess_45b1e6f04939 | INFO | Team workspace directory ensured at /srv/jwteam_clone/shared/run_current
2026-08-10 10:06:39 | team | sess_45b1e6f04939 | INFO | AgentTeam manager initialized for jiuwen_team_sess_45b1e6f04939, member=team_leader
2026-08-10 10:06:39 | team | sess_45b1e6f04939 | INFO | [team_leader] TeamPolicyRail static sections: section_names=['team_role', 'team_workflow', 'team_swarmflow', 'team_lifecycle', 'team_persona']
2026-08-10 10:06:39 | team | sess_45b1e6f04939 | INFO | Session tables ready for session sess_45b1e6f04939
2026-08-10 10:06:39 | team | sess_45b1e6f04939 | INFO | Team database initialized
2026-08-10 10:06:39 | team | default_trace_id | INFO | Team workspace directory ensured at /srv/jwteam_clone/shared/run_current
2026-08-10 10:06:39 | team | default_trace_id | INFO | AgentTeam manager initialized for jiuwen_team_sess_45b1e6f04939, member=executor1
2026-08-10 10:06:39 | team | default_trace_id | INFO | [executor1] TeamPolicyRail static sections: section_names=['team_role', 'team_persona']
2026-08-10 10:06:39 | team | sess_45b1e6f04939 | INFO | [executor1] invoke start, role=teammate
2026-08-10 10:06:39 | team | sess_45b1e6f04939 | INFO | [executor1] coordination starting
2026-08-10 10:06:39 | team | sess_45b1e6f04939 | INFO | Session tables ready for session sess_45b1e6f04939
2026-08-10 10:06:39 | team | sess_45b1e6f04939 | INFO | Workspace /srv/jwteam_clone/shared/run_current initialized as plain shared directory (version_control disabled)
2026-08-10 10:06:39 | team | sess_45b1e6f04939 | INFO | EventBus[teammate] starting
2026-08-10 10:06:57 | team | sess_45b1e6f04939 | INFO | [executor1] HITT section refresh: human_agent_names=[]
2026-08-10 10:07:08 | team | sess_45b1e6f04939 | INFO | [executor1] processing 1 unread messages (steer=True)
2026-08-10 10:07:08 | team | sess_45b1e6f04939 | INFO | Message 6089a45f-7e15-4234-888d-227c6710a406 marked as read by executor1
2026-08-10 10:07:24 | team | sess_45b1e6f04939 | INFO | Message 0d5034e5-27a8-4781-a335-f69cfff9024c created
2026-08-10 10:07:51 | team | sess_45b1e6f04939 | INFO | [executor1] processing 1 unread messages (steer=True)
2026-08-10 10:07:51 | team | sess_45b1e6f04939 | INFO | Message 602cb27f-5251-486d-8af7-91a1b8fbb720 marked as read by executor1
2026-08-10 10:08:06 | team | sess_45b1e6f04939 | INFO | Task implement claimed by member executor1
2026-08-10 10:08:06 | team | sess_45b1e6f04939 | INFO | Task implement claimed by member executor1
2026-08-10 10:08:16 | team | sess_45b1e6f04939 | INFO | [executor1] processing 1 unread messages (steer=True)
2026-08-10 10:08:16 | team | sess_45b1e6f04939 | INFO | Message ef308faa-f9a8-42cf-8282-3cfa817227b2 marked as read by executor1
2026-08-10 10:08:21 | team | sess_45b1e6f04939 | INFO | [executor1] processing 1 unread messages (steer=True)
2026-08-10 10:08:21 | team | sess_45b1e6f04939 | INFO | Message 60ddddcd-ac3c-406b-a19e-9bc9af3507da marked as read by executor1
2026-08-10 10:08:24 | team | sess_45b1e6f04939 | INFO | [executor1] processing 1 unread messages (steer=True)
2026-08-10 10:08:24 | team | sess_45b1e6f04939 | INFO | Message 3f6cadab-2f11-46e3-b06f-2f3bae3b5660 marked as read by executor1
2026-08-10 10:09:24 | team | sess_45b1e6f04939 | INFO | Task implement completed at 1786352964610
2026-08-10 10:09:24 | team | sess_45b1e6f04939 | INFO | Resolved 1 dependencies for task implement
2026-08-10 10:09:24 | team | sess_45b1e6f04939 | INFO | Task verify unblocked (all deps resolved)
2026-08-10 10:09:24 | team | sess_45b1e6f04939 | INFO | Task implement completed
2026-08-10 10:09:24 | team | sess_45b1e6f04939 | INFO | Unblocked 1 tasks
2026-08-10 10:09:32 | team | sess_45b1e6f04939 | INFO | Message 2971998f-7432-4154-925f-3a6e2e01ce49 created
2026-08-10 10:09:43 | team | sess_45b1e6f04939 | INFO | Message b008c94c-d3fc-45e9-8863-7ea38465d656 created
2026-08-10 10:09:43 | team | sess_45b1e6f04939 | INFO | Message 4d15c289-7aa7-4538-9de0-c1d90ebb86e4 created
2026-08-10 10:09:43 | team | sess_45b1e6f04939 | INFO | Message 18480f4c-e6bd-485a-912e-b3e265aee883 created
2026-08-10 10:09:48 | team | sess_45b1e6f04939 | INFO | [executor1] processing 1 unread messages (steer=True)
2026-08-10 10:09:48 | team | sess_45b1e6f04939 | INFO | Message cc34cb2a-acfa-4dcf-8fef-b87958e55bae marked as read by executor1
2026-08-10 10:09:50 | team | sess_45b1e6f04939 | INFO | [executor1] processing 1 unread messages (steer=True)
2026-08-10 10:09:50 | team | sess_45b1e6f04939 | INFO | Message 719783ff-ca88-4de2-aaf4-5a43118a7d62 marked as read by executor1
2026-08-10 10:10:45 | team | sess_45b1e6f04939 | INFO | [executor1] processing 1 unread messages (steer=True)
2026-08-10 10:10:45 | team | sess_45b1e6f04939 | INFO | Message 3af15f1f-66ae-433a-8051-60c6d4ef9461 marked as read by executor1
2026-08-10 10:10:45 | team | sess_45b1e6f04939 | INFO | task list drained for team jiuwen_team_sess_45b1e6f04939: 3 terminal task(s)
2026-08-10 10:11:04 | team | sess_45b1e6f04939 | INFO | [executor1] processing 1 unread messages (steer=True)
2026-08-10 10:11:04 | team | sess_45b1e6f04939 | INFO | Message cd891e32-45df-490f-878e-4bb809124ed9 marked as read by executor1
2026-08-10 10:11:33 | team | sess_45b1e6f04939 | INFO | team jiuwen_team_sess_45b1e6f04939 reported completed: 9 members, 3 tasks
2026-08-10 10:11:33 | team | sess_45b1e6f04939 | INFO | [executor1] received TEAM_STANDBY, pausing polls
2026-08-10 10:11:33 | team | sess_45b1e6f04939 | INFO | EventBus[teammate] pausing polls
