2026-08-10 10:06:41 | team | sess_45b1e6f04939 | INFO | Team workspace directory ensured at /srv/jwteam_clone/shared/run_current
2026-08-10 10:06:41 | team | sess_45b1e6f04939 | INFO | AgentTeam manager initialized for jiuwen_team_sess_45b1e6f04939, member=team_leader
2026-08-10 10:06:41 | team | sess_45b1e6f04939 | INFO | [team_leader] TeamPolicyRail static sections: section_names=['team_role', 'team_workflow', 'team_swarmflow', 'team_lifecycle', 'team_persona']
2026-08-10 10:06:41 | team | sess_45b1e6f04939 | INFO | Session tables ready for session sess_45b1e6f04939
2026-08-10 10:06:41 | team | sess_45b1e6f04939 | INFO | Team database initialized
2026-08-10 10:06:42 | team | default_trace_id | INFO | Team workspace directory ensured at /srv/jwteam_clone/shared/run_current
2026-08-10 10:06:42 | team | default_trace_id | INFO | AgentTeam manager initialized for jiuwen_team_sess_45b1e6f04939, member=executor3
2026-08-10 10:06:42 | team | default_trace_id | INFO | [executor3] TeamPolicyRail static sections: section_names=['team_role', 'team_persona']
2026-08-10 10:06:42 | team | sess_45b1e6f04939 | INFO | [executor3] invoke start, role=teammate
2026-08-10 10:06:42 | team | sess_45b1e6f04939 | INFO | [executor3] coordination starting
2026-08-10 10:06:42 | team | sess_45b1e6f04939 | INFO | Session tables ready for session sess_45b1e6f04939
2026-08-10 10:06:42 | team | sess_45b1e6f04939 | INFO | Workspace /srv/jwteam_clone/shared/run_current initialized as plain shared directory (version_control disabled)
2026-08-10 10:06:42 | team | sess_45b1e6f04939 | INFO | EventBus[teammate] starting
2026-08-10 10:06:56 | team | sess_45b1e6f04939 | INFO | [executor3] HITT section refresh: human_agent_names=[]
2026-08-10 10:07:08 | team | sess_45b1e6f04939 | INFO | [executor3] processing 1 unread messages (steer=True)
2026-08-10 10:07:08 | team | sess_45b1e6f04939 | INFO | Message 6089a45f-7e15-4234-888d-227c6710a406 marked as read by executor3
2026-08-10 10:10:45 | team | sess_45b1e6f04939 | INFO | task list drained for team jiuwen_team_sess_45b1e6f04939: 3 terminal task(s)
2026-08-10 10:11:04 | team | sess_45b1e6f04939 | INFO | [executor3] processing 1 unread messages (steer=True)
2026-08-10 10:11:04 | team | sess_45b1e6f04939 | INFO | Message cd891e32-45df-490f-878e-4bb809124ed9 marked as read by executor3
2026-08-10 10:11:33 | team | sess_45b1e6f04939 | INFO | team jiuwen_team_sess_45b1e6f04939 reported completed: 9 members, 3 tasks
2026-08-10 10:11:33 | team | sess_45b1e6f04939 | INFO | [executor3] received TEAM_STANDBY, pausing polls
2026-08-10 10:11:33 | team | sess_45b1e6f04939 | INFO | EventBus[teammate] pausing polls
