2026-08-10 10:06:36 | team | sess_45b1e6f04939 | INFO | Team workspace directory ensured at /srv/jwteam_clone/shared/run_current
2026-08-10 10:06:36 | team | sess_45b1e6f04939 | INFO | AgentTeam manager initialized for jiuwen_team_sess_45b1e6f04939, member=team_leader
2026-08-10 10:06:36 | team | sess_45b1e6f04939 | INFO | [team_leader] TeamPolicyRail static sections: section_names=['team_role', 'team_workflow', 'team_swarmflow', 'team_lifecycle', 'team_persona']
2026-08-10 10:06:37 | team | sess_45b1e6f04939 | INFO | Session tables ready for session sess_45b1e6f04939
2026-08-10 10:06:37 | team | sess_45b1e6f04939 | INFO | Team database initialized
2026-08-10 10:06:37 | team | default_trace_id | INFO | Team workspace directory ensured at /srv/jwteam_clone/shared/run_current
2026-08-10 10:06:37 | team | default_trace_id | INFO | AgentTeam manager initialized for jiuwen_team_sess_45b1e6f04939, member=planner1
2026-08-10 10:06:37 | team | default_trace_id | INFO | [planner1] TeamPolicyRail static sections: section_names=['team_role', 'team_persona']
2026-08-10 10:06:37 | team | sess_45b1e6f04939 | INFO | [planner1] invoke start, role=teammate
2026-08-10 10:06:37 | team | sess_45b1e6f04939 | INFO | [planner1] coordination starting
2026-08-10 10:06:37 | team | sess_45b1e6f04939 | INFO | Session tables ready for session sess_45b1e6f04939
2026-08-10 10:06:37 | team | sess_45b1e6f04939 | INFO | Workspace /srv/jwteam_clone/shared/run_current initialized as plain shared directory (version_control disabled)
2026-08-10 10:06:37 | team | sess_45b1e6f04939 | INFO | EventBus[teammate] starting
2026-08-10 10:06:57 | team | sess_45b1e6f04939 | INFO | [planner1] HITT section refresh: human_agent_names=[]
2026-08-10 10:07:07 | team | sess_45b1e6f04939 | INFO | Task plan claimed by member planner1
2026-08-10 10:07:07 | team | sess_45b1e6f04939 | INFO | Task plan claimed by member planner1
2026-08-10 10:07:08 | team | sess_45b1e6f04939 | INFO | [planner1] processing 1 unread messages (steer=True)
2026-08-10 10:07:08 | team | sess_45b1e6f04939 | INFO | Message 6089a45f-7e15-4234-888d-227c6710a406 marked as read by planner1
2026-08-10 10:07:24 | team | sess_45b1e6f04939 | INFO | [planner1] processing 1 unread messages (steer=True)
2026-08-10 10:07:24 | team | sess_45b1e6f04939 | INFO | Message 849c08bd-add1-4fb0-afeb-5c09e9098e05 marked as read by planner1
2026-08-10 10:07:52 | team | sess_45b1e6f04939 | INFO | Message c6fa5168-b193-4dad-946d-97ec4d347ea4 created
2026-08-10 10:08:21 | team | sess_45b1e6f04939 | INFO | Message 60ddddcd-ac3c-406b-a19e-9bc9af3507da created
2026-08-10 10:08:26 | team | sess_45b1e6f04939 | INFO | Task plan completed
2026-08-10 10:08:27 | team | sess_45b1e6f04939 | INFO | [planner1] processing 1 unread messages (steer=True)
2026-08-10 10:08:27 | team | sess_45b1e6f04939 | INFO | Message d394f71a-59b3-4976-8348-271766178035 marked as read by planner1
2026-08-10 10:08:34 | team | sess_45b1e6f04939 | INFO | Message ac0870fd-a5e6-499e-b8ad-12bf26f70e4a created
2026-08-10 10:08:45 | team | sess_45b1e6f04939 | INFO | Message 16722e35-a878-4a59-bd82-88bc8bdeacc5 created
2026-08-10 10:08:55 | team | sess_45b1e6f04939 | INFO | [planner1] processing 1 unread messages (steer=True)
2026-08-10 10:08:55 | team | sess_45b1e6f04939 | INFO | Message ee27891d-1596-4351-aea2-b89998a3f0dd marked as read by planner1
2026-08-10 10:09:00 | team | sess_45b1e6f04939 | INFO | Message 5062bb14-c0ea-4b98-9ab5-63f3d45575d7 created
2026-08-10 10:09:43 | team | sess_45b1e6f04939 | INFO | [planner1] processing 1 unread messages (steer=True)
2026-08-10 10:09:43 | team | sess_45b1e6f04939 | INFO | Message 4d15c289-7aa7-4538-9de0-c1d90ebb86e4 marked as read by planner1
2026-08-10 10:09:50 | team | sess_45b1e6f04939 | INFO | Message 719783ff-ca88-4de2-aaf4-5a43118a7d62 created
2026-08-10 10:10:45 | team | sess_45b1e6f04939 | INFO | task list drained for team jiuwen_team_sess_45b1e6f04939: 3 terminal task(s)
2026-08-10 10:11:04 | team | sess_45b1e6f04939 | INFO | [planner1] processing 1 unread messages (steer=True)
2026-08-10 10:11:04 | team | sess_45b1e6f04939 | INFO | Message cd891e32-45df-490f-878e-4bb809124ed9 marked as read by planner1
2026-08-10 10:11:33 | team | sess_45b1e6f04939 | INFO | team jiuwen_team_sess_45b1e6f04939 reported completed: 9 members, 3 tasks
2026-08-10 10:11:33 | team | sess_45b1e6f04939 | INFO | [planner1] received TEAM_STANDBY, pausing polls
2026-08-10 10:11:33 | team | sess_45b1e6f04939 | INFO | EventBus[teammate] pausing polls
