2026-08-10 10:06:44 | team | sess_45b1e6f04939 | INFO | Team workspace directory ensured at /srv/jwteam_clone/shared/run_current
2026-08-10 10:06:44 | team | sess_45b1e6f04939 | INFO | AgentTeam manager initialized for jiuwen_team_sess_45b1e6f04939, member=team_leader
2026-08-10 10:06:44 | team | sess_45b1e6f04939 | INFO | [team_leader] TeamPolicyRail static sections: section_names=['team_role', 'team_workflow', 'team_swarmflow', 'team_lifecycle', 'team_persona']
2026-08-10 10:06:44 | team | sess_45b1e6f04939 | INFO | Session tables ready for session sess_45b1e6f04939
2026-08-10 10:06:44 | team | sess_45b1e6f04939 | INFO | Team database initialized
2026-08-10 10:06:44 | team | default_trace_id | INFO | Team workspace directory ensured at /srv/jwteam_clone/shared/run_current
2026-08-10 10:06:44 | team | default_trace_id | INFO | AgentTeam manager initialized for jiuwen_team_sess_45b1e6f04939, member=fullstack1
2026-08-10 10:06:44 | team | default_trace_id | INFO | [fullstack1] TeamPolicyRail static sections: section_names=['team_role', 'team_persona']
2026-08-10 10:06:44 | team | sess_45b1e6f04939 | INFO | [fullstack1] invoke start, role=teammate
2026-08-10 10:06:44 | team | sess_45b1e6f04939 | INFO | [fullstack1] coordination starting
2026-08-10 10:06:44 | team | sess_45b1e6f04939 | INFO | Session tables ready for session sess_45b1e6f04939
2026-08-10 10:06:44 | team | sess_45b1e6f04939 | INFO | Workspace /srv/jwteam_clone/shared/run_current initialized as plain shared directory (version_control disabled)
2026-08-10 10:06:44 | team | sess_45b1e6f04939 | INFO | EventBus[teammate] starting
2026-08-10 10:06:57 | team | sess_45b1e6f04939 | INFO | [fullstack1] HITT section refresh: human_agent_names=[]
2026-08-10 10:07:08 | team | sess_45b1e6f04939 | INFO | [fullstack1] processing 1 unread messages (steer=True)
2026-08-10 10:07:08 | team | sess_45b1e6f04939 | INFO | Message 6089a45f-7e15-4234-888d-227c6710a406 marked as read by fullstack1
2026-08-10 10:07:51 | team | sess_45b1e6f04939 | INFO | Message 602cb27f-5251-486d-8af7-91a1b8fbb720 created
2026-08-10 10:07:57 | team | sess_45b1e6f04939 | INFO | Message 5d171bb4-ff2b-4ba4-883f-26774e956591 created
2026-08-10 10:08:01 | team | sess_45b1e6f04939 | INFO | Task plan completed at 1786352881542
2026-08-10 10:08:01 | team | sess_45b1e6f04939 | INFO | Resolved 1 dependencies for task plan
2026-08-10 10:08:01 | team | sess_45b1e6f04939 | INFO | Task implement unblocked (all deps resolved)
2026-08-10 10:08:01 | team | sess_45b1e6f04939 | INFO | Task plan completed
2026-08-10 10:08:01 | team | sess_45b1e6f04939 | INFO | Unblocked 1 tasks
2026-08-10 10:09:41 | team | sess_45b1e6f04939 | INFO | Message 2371f007-c323-43f3-9052-8409099f021c created
2026-08-10 10:10:45 | team | sess_45b1e6f04939 | INFO | task list drained for team jiuwen_team_sess_45b1e6f04939: 3 terminal task(s)
2026-08-10 10:11:04 | team | sess_45b1e6f04939 | INFO | [fullstack1] processing 1 unread messages (steer=True)
2026-08-10 10:11:04 | team | sess_45b1e6f04939 | INFO | Message cd891e32-45df-490f-878e-4bb809124ed9 marked as read by fullstack1
2026-08-10 10:11:33 | team | sess_45b1e6f04939 | INFO | team jiuwen_team_sess_45b1e6f04939 reported completed: 9 members, 3 tasks
2026-08-10 10:11:33 | team | sess_45b1e6f04939 | INFO | [fullstack1] received TEAM_STANDBY, pausing polls
2026-08-10 10:11:33 | team | sess_45b1e6f04939 | INFO | EventBus[teammate] pausing polls
