2026-08-10 10:06:43 | team | sess_45b1e6f04939 | INFO | Team workspace directory ensured at /srv/jwteam_clone/shared/run_current
2026-08-10 10:06:43 | team | sess_45b1e6f04939 | INFO | AgentTeam manager initialized for jiuwen_team_sess_45b1e6f04939, member=team_leader
2026-08-10 10:06:43 | team | sess_45b1e6f04939 | INFO | [team_leader] TeamPolicyRail static sections: section_names=['team_role', 'team_workflow', 'team_swarmflow', 'team_lifecycle', 'team_persona']
2026-08-10 10:06:43 | team | sess_45b1e6f04939 | INFO | Session tables ready for session sess_45b1e6f04939
2026-08-10 10:06:43 | team | sess_45b1e6f04939 | INFO | Team database initialized
2026-08-10 10:06:43 | team | default_trace_id | INFO | Team workspace directory ensured at /srv/jwteam_clone/shared/run_current
2026-08-10 10:06:43 | team | default_trace_id | INFO | AgentTeam manager initialized for jiuwen_team_sess_45b1e6f04939, member=verifier2
2026-08-10 10:06:43 | team | default_trace_id | INFO | [verifier2] TeamPolicyRail static sections: section_names=['team_role', 'team_persona']
2026-08-10 10:06:43 | team | sess_45b1e6f04939 | INFO | [verifier2] invoke start, role=teammate
2026-08-10 10:06:43 | team | sess_45b1e6f04939 | INFO | [verifier2] coordination starting
2026-08-10 10:06:43 | team | sess_45b1e6f04939 | INFO | Session tables ready for session sess_45b1e6f04939
2026-08-10 10:06:43 | team | sess_45b1e6f04939 | INFO | Workspace /srv/jwteam_clone/shared/run_current initialized as plain shared directory (version_control disabled)
2026-08-10 10:06:43 | team | sess_45b1e6f04939 | INFO | EventBus[teammate] starting
2026-08-10 10:06:56 | team | sess_45b1e6f04939 | INFO | [verifier2] HITT section refresh: human_agent_names=[]
2026-08-10 10:07:08 | team | sess_45b1e6f04939 | INFO | [verifier2] processing 1 unread messages (steer=True)
2026-08-10 10:07:08 | team | sess_45b1e6f04939 | INFO | Message 6089a45f-7e15-4234-888d-227c6710a406 marked as read by verifier2
2026-08-10 10:07:47 | team | sess_45b1e6f04939 | INFO | Message 5f734e8d-e04f-4284-abd1-c087828f8fd0 created
2026-08-10 10:09:30 | team | sess_45b1e6f04939 | INFO | [verifier2] received TASK_CLAIMED for self, task_id=verify, human_agent=False
2026-08-10 10:09:32 | team | sess_45b1e6f04939 | INFO | [verifier2] processing 1 unread messages (steer=True)
2026-08-10 10:09:32 | team | sess_45b1e6f04939 | INFO | Message 2971998f-7432-4154-925f-3a6e2e01ce49 marked as read by verifier2
2026-08-10 10:09:35 | team | sess_45b1e6f04939 | INFO | [verifier2] processing 1 unread messages (steer=True)
2026-08-10 10:09:35 | team | sess_45b1e6f04939 | INFO | Message a4c187e9-cc87-4aab-b187-6068ac8700ff marked as read by verifier2
2026-08-10 10:09:37 | team | sess_45b1e6f04939 | INFO | [verifier2] processing 1 unread messages (steer=True)
2026-08-10 10:09:37 | team | sess_45b1e6f04939 | INFO | Message 752c8b01-d164-4b83-ac25-ec7e93541f5e marked as read by verifier2
2026-08-10 10:09:41 | team | sess_45b1e6f04939 | INFO | [verifier2] processing 1 unread messages (steer=True)
2026-08-10 10:09:41 | team | sess_45b1e6f04939 | INFO | Message 2371f007-c323-43f3-9052-8409099f021c marked as read by verifier2
2026-08-10 10:09:47 | team | sess_45b1e6f04939 | INFO | [verifier2] processing 1 unread messages (steer=True)
2026-08-10 10:09:47 | team | sess_45b1e6f04939 | INFO | Message 39ea9ed7-1a69-4715-904f-545962172e7a marked as read by verifier2
2026-08-10 10:10:11 | team | sess_45b1e6f04939 | INFO | [verifier2] processing 1 unread messages (steer=True)
2026-08-10 10:10:11 | team | sess_45b1e6f04939 | INFO | Message 741d1aa1-49be-4790-b3fc-06513b312bf3 marked as read by verifier2
2026-08-10 10:10:45 | team | sess_45b1e6f04939 | INFO | Task verify completed at 1786353045365
2026-08-10 10:10:45 | team | sess_45b1e6f04939 | INFO | Message 3af15f1f-66ae-433a-8051-60c6d4ef9461 created
2026-08-10 10:10:45 | team | sess_45b1e6f04939 | INFO | Task verify completed
2026-08-10 10:10:45 | team | sess_45b1e6f04939 | INFO | Message 99ba4327-e0d5-4add-8d43-f495142a358b created
2026-08-10 10:10:50 | team | sess_45b1e6f04939 | INFO | Message 43c4fcc6-7bad-44ff-b049-5136a8031b79 created
2026-08-10 10:10:59 | team | sess_45b1e6f04939 | INFO | [verifier2] processing 1 unread messages (steer=True)
2026-08-10 10:10:59 | team | sess_45b1e6f04939 | INFO | Message 54b73c29-af2f-4594-a3c0-2408f5ed3d0d marked as read by verifier2
2026-08-10 10:11:04 | team | sess_45b1e6f04939 | INFO | [verifier2] processing 1 unread messages (steer=True)
2026-08-10 10:11:04 | team | sess_45b1e6f04939 | INFO | Message cd891e32-45df-490f-878e-4bb809124ed9 marked as read by verifier2
2026-08-10 10:11:33 | team | sess_45b1e6f04939 | INFO | team jiuwen_team_sess_45b1e6f04939 reported completed: 9 members, 3 tasks
2026-08-10 10:11:33 | team | sess_45b1e6f04939 | INFO | [verifier2] received TEAM_STANDBY, pausing polls
2026-08-10 10:11:33 | team | sess_45b1e6f04939 | INFO | EventBus[teammate] pausing polls
