2026-08-08 23:04:55 | team | sess_d8f70bb8c519 | INFO | Team workspace directory ensured at /srv/jwteam_clone/shared/run_current
2026-08-08 23:04:55 | team | sess_d8f70bb8c519 | INFO | AgentTeam manager initialized for jiuwen_team_sess_d8f70bb8c519, member=team_leader
2026-08-08 23:04:55 | team | sess_d8f70bb8c519 | INFO | [team_leader] TeamPolicyRail static sections: section_names=['team_role', 'team_workflow', 'team_swarmflow', 'team_lifecycle', 'team_persona']
2026-08-08 23:04:55 | team | sess_d8f70bb8c519 | INFO | Session tables ready for session sess_d8f70bb8c519
2026-08-08 23:04:55 | team | sess_d8f70bb8c519 | INFO | Team database initialized
2026-08-08 23:04:55 | team | default_trace_id | INFO | Team workspace directory ensured at /srv/jwteam_clone/shared/run_current
2026-08-08 23:04:55 | team | default_trace_id | INFO | AgentTeam manager initialized for jiuwen_team_sess_d8f70bb8c519, member=executor3
2026-08-08 23:04:55 | team | default_trace_id | INFO | [executor3] TeamPolicyRail static sections: section_names=['team_role', 'team_persona']
2026-08-08 23:04:55 | team | sess_d8f70bb8c519 | INFO | [executor3] invoke start, role=teammate
2026-08-08 23:04:55 | team | sess_d8f70bb8c519 | INFO | [executor3] coordination starting
2026-08-08 23:04:55 | team | sess_d8f70bb8c519 | INFO | Session tables ready for session sess_d8f70bb8c519
2026-08-08 23:04:55 | team | sess_d8f70bb8c519 | INFO | Workspace /srv/jwteam_clone/shared/run_current initialized as plain shared directory (version_control disabled)
2026-08-08 23:04:55 | team | sess_d8f70bb8c519 | INFO | EventBus[teammate] starting
2026-08-08 23:05:10 | team | sess_d8f70bb8c519 | INFO | [executor3] HITT section refresh: human_agent_names=[]
2026-08-08 23:05:21 | team | sess_d8f70bb8c519 | INFO | Message c97730e7-83bc-4b3c-a37c-58bff50e9318 created
2026-08-08 23:05:22 | team | sess_d8f70bb8c519 | INFO | [executor3] processing 1 unread messages (steer=True)
2026-08-08 23:05:22 | team | sess_d8f70bb8c519 | INFO | Message 9fee0fdc-2b80-402c-a833-390d5291e0ad marked as read by executor3
2026-08-08 23:05:33 | team | sess_d8f70bb8c519 | INFO | [executor3] processing 1 unread messages (steer=True)
2026-08-08 23:05:34 | team | sess_d8f70bb8c519 | INFO | Message 15e06aed-923e-478e-aa6c-bb01041c3358 marked as read by executor3
2026-08-08 23:05:45 | team | sess_d8f70bb8c519 | INFO | Message c28802e4-7671-45dc-9948-80362deab90a created
2026-08-08 23:10:26 | team | sess_d8f70bb8c519 | INFO | task list drained for team jiuwen_team_sess_d8f70bb8c519: 3 terminal task(s)
2026-08-08 23:10:45 | team | sess_d8f70bb8c519 | INFO | [executor3] processing 1 unread messages (steer=True)
2026-08-08 23:10:45 | team | sess_d8f70bb8c519 | INFO | Message 3a023846-87ac-4aa3-8406-70006e7b9dc1 marked as read by executor3
2026-08-08 23:10:53 | team | sess_d8f70bb8c519 | INFO | team jiuwen_team_sess_d8f70bb8c519 reported completed: 9 members, 3 tasks
2026-08-08 23:10:53 | team | sess_d8f70bb8c519 | INFO | [executor3] received TEAM_STANDBY, pausing polls
2026-08-08 23:10:53 | team | sess_d8f70bb8c519 | INFO | EventBus[teammate] pausing polls
