2026-08-08 23:04:57 | team | sess_d8f70bb8c519 | INFO | Team workspace directory ensured at /srv/jwteam_clone/shared/run_current
2026-08-08 23:04:57 | team | sess_d8f70bb8c519 | INFO | AgentTeam manager initialized for jiuwen_team_sess_d8f70bb8c519, member=team_leader
2026-08-08 23:04:57 | team | sess_d8f70bb8c519 | INFO | [team_leader] TeamPolicyRail static sections: section_names=['team_role', 'team_workflow', 'team_swarmflow', 'team_lifecycle', 'team_persona']
2026-08-08 23:04:57 | team | sess_d8f70bb8c519 | INFO | Session tables ready for session sess_d8f70bb8c519
2026-08-08 23:04:57 | team | sess_d8f70bb8c519 | INFO | Team database initialized
2026-08-08 23:04:57 | team | default_trace_id | INFO | Team workspace directory ensured at /srv/jwteam_clone/shared/run_current
2026-08-08 23:04:57 | team | default_trace_id | INFO | AgentTeam manager initialized for jiuwen_team_sess_d8f70bb8c519, member=verifier2
2026-08-08 23:04:57 | team | default_trace_id | INFO | [verifier2] TeamPolicyRail static sections: section_names=['team_role', 'team_persona']
2026-08-08 23:04:57 | team | sess_d8f70bb8c519 | INFO | [verifier2] invoke start, role=teammate
2026-08-08 23:04:57 | team | sess_d8f70bb8c519 | INFO | [verifier2] coordination starting
2026-08-08 23:04:57 | team | sess_d8f70bb8c519 | INFO | Session tables ready for session sess_d8f70bb8c519
2026-08-08 23:04:57 | team | sess_d8f70bb8c519 | INFO | Workspace /srv/jwteam_clone/shared/run_current initialized as plain shared directory (version_control disabled)
2026-08-08 23:04:57 | team | sess_d8f70bb8c519 | INFO | EventBus[teammate] starting
2026-08-08 23:05:10 | team | sess_d8f70bb8c519 | INFO | [verifier2] HITT section refresh: human_agent_names=[]
2026-08-08 23:05:22 | team | sess_d8f70bb8c519 | INFO | [verifier2] processing 1 unread messages (steer=True)
2026-08-08 23:05:22 | team | sess_d8f70bb8c519 | INFO | Message 9fee0fdc-2b80-402c-a833-390d5291e0ad marked as read by verifier2
2026-08-08 23:05:41 | team | sess_d8f70bb8c519 | INFO | Message 5b3b7dba-4f4b-48a9-aa08-fa0578ce4891 created
2026-08-08 23:05:59 | team | sess_d8f70bb8c519 | INFO | [verifier2] processing 1 unread messages (steer=True)
2026-08-08 23:05:59 | team | sess_d8f70bb8c519 | INFO | Message fabbedc5-d480-41c0-bd2c-c1f9f7310db1 marked as read by verifier2
2026-08-08 23:07:16 | team | sess_d8f70bb8c519 | INFO | Message f0a61bbe-0f94-4e44-8f32-04dfae7141a4 created
2026-08-08 23:07:23 | team | sess_d8f70bb8c519 | INFO | [verifier2] processing 1 unread messages (steer=True)
2026-08-08 23:07:23 | team | sess_d8f70bb8c519 | INFO | Message 49073dfc-781b-4c37-b800-ec35d33dcc94 marked as read by verifier2
2026-08-08 23:10:26 | team | sess_d8f70bb8c519 | INFO | task list drained for team jiuwen_team_sess_d8f70bb8c519: 3 terminal task(s)
2026-08-08 23:10:45 | team | sess_d8f70bb8c519 | INFO | [verifier2] processing 1 unread messages (steer=True)
2026-08-08 23:10:46 | team | sess_d8f70bb8c519 | INFO | Message 3a023846-87ac-4aa3-8406-70006e7b9dc1 marked as read by verifier2
2026-08-08 23:10:53 | team | sess_d8f70bb8c519 | INFO | team jiuwen_team_sess_d8f70bb8c519 reported completed: 9 members, 3 tasks
2026-08-08 23:10:53 | team | sess_d8f70bb8c519 | INFO | [verifier2] received TEAM_STANDBY, pausing polls
2026-08-08 23:10:53 | team | sess_d8f70bb8c519 | INFO | EventBus[teammate] pausing polls
