2026-08-08 23:04:54 | team | sess_d8f70bb8c519 | INFO | Team workspace directory ensured at /srv/jwteam_clone/shared/run_current
2026-08-08 23:04:54 | team | sess_d8f70bb8c519 | INFO | AgentTeam manager initialized for jiuwen_team_sess_d8f70bb8c519, member=team_leader
2026-08-08 23:04:54 | team | sess_d8f70bb8c519 | INFO | [team_leader] TeamPolicyRail static sections: section_names=['team_role', 'team_workflow', 'team_swarmflow', 'team_lifecycle', 'team_persona']
2026-08-08 23:04:54 | team | sess_d8f70bb8c519 | INFO | Session tables ready for session sess_d8f70bb8c519
2026-08-08 23:04:54 | team | sess_d8f70bb8c519 | INFO | Team database initialized
2026-08-08 23:04:54 | team | default_trace_id | INFO | Team workspace directory ensured at /srv/jwteam_clone/shared/run_current
2026-08-08 23:04:54 | team | default_trace_id | INFO | AgentTeam manager initialized for jiuwen_team_sess_d8f70bb8c519, member=executor1
2026-08-08 23:04:54 | team | default_trace_id | INFO | [executor1] TeamPolicyRail static sections: section_names=['team_role', 'team_persona']
2026-08-08 23:04:54 | team | sess_d8f70bb8c519 | INFO | [executor1] invoke start, role=teammate
2026-08-08 23:04:54 | team | sess_d8f70bb8c519 | INFO | [executor1] coordination starting
2026-08-08 23:04:54 | team | sess_d8f70bb8c519 | INFO | Session tables ready for session sess_d8f70bb8c519
2026-08-08 23:04:54 | team | sess_d8f70bb8c519 | INFO | Workspace /srv/jwteam_clone/shared/run_current initialized as plain shared directory (version_control disabled)
2026-08-08 23:04:54 | team | sess_d8f70bb8c519 | INFO | EventBus[teammate] starting
2026-08-08 23:05:10 | team | sess_d8f70bb8c519 | INFO | [executor1] HITT section refresh: human_agent_names=[]
2026-08-08 23:05:22 | team | sess_d8f70bb8c519 | INFO | [executor1] processing 1 unread messages (steer=True)
2026-08-08 23:05:22 | team | sess_d8f70bb8c519 | INFO | Message 9fee0fdc-2b80-402c-a833-390d5291e0ad marked as read by executor1
2026-08-08 23:05:36 | team | sess_d8f70bb8c519 | INFO | [executor1] processing 1 unread messages (steer=True)
2026-08-08 23:05:36 | team | sess_d8f70bb8c519 | INFO | Message 13d002dd-4acb-43c8-979e-62f60785f99b marked as read by executor1
2026-08-08 23:06:00 | team | sess_d8f70bb8c519 | INFO | Message 6f147910-cd61-462c-9310-1837ad542b4d created
2026-08-08 23:06:05 | team | sess_d8f70bb8c519 | INFO | Message 93c5e8ab-508b-44ff-8616-686de6a521ea created
2026-08-08 23:06:09 | team | sess_d8f70bb8c519 | INFO | [executor1] processing 1 unread messages (steer=True)
2026-08-08 23:06:09 | team | sess_d8f70bb8c519 | INFO | Message d8794eaf-206b-401b-8346-35f0e87aa9b4 marked as read by executor1
2026-08-08 23:06:20 | team | sess_d8f70bb8c519 | INFO | [executor1] processing 1 unread messages (steer=True)
2026-08-08 23:06:20 | team | sess_d8f70bb8c519 | INFO | Message 1c564334-be0f-4064-a1b2-88a243c973bd marked as read by executor1
2026-08-08 23:06:25 | team | sess_d8f70bb8c519 | INFO | Message a6c346fb-a256-4378-a1b1-432ca45a9326 created
2026-08-08 23:06:52 | team | sess_d8f70bb8c519 | INFO | [executor1] processing 1 unread messages (steer=True)
2026-08-08 23:06:52 | team | sess_d8f70bb8c519 | INFO | Message 4e1b7500-1253-4ccf-98e5-5bd14228d698 marked as read by executor1
2026-08-08 23:07:01 | team | sess_d8f70bb8c519 | INFO | Message 6959dab9-5735-44cd-81ec-b0527e97c1f5 created
2026-08-08 23:07:03 | team | sess_d8f70bb8c519 | INFO | [executor1] processing 1 unread messages (steer=True)
2026-08-08 23:07:04 | team | sess_d8f70bb8c519 | INFO | Message e6b66c37-2657-49c0-8fd6-1bcdc1bd8a1f marked as read by executor1
2026-08-08 23:07:12 | team | sess_d8f70bb8c519 | INFO | Message 8bb2e40d-46d3-4564-acf8-d928576e32ea created
2026-08-08 23:07:18 | team | sess_d8f70bb8c519 | INFO | [executor1] processing 1 unread messages (steer=True)
2026-08-08 23:07:18 | team | sess_d8f70bb8c519 | INFO | Message 72ee9778-21b2-49de-b5bf-b62026366055 marked as read by executor1
2026-08-08 23:07:19 | team | sess_d8f70bb8c519 | INFO | Message 0bfcd9b0-9533-4bf7-97f8-9b1765d8f10c created
2026-08-08 23:07:39 | team | sess_d8f70bb8c519 | INFO | [executor1] processing 1 unread messages (steer=True)
2026-08-08 23:07:39 | team | sess_d8f70bb8c519 | INFO | Message 5e7e4797-3679-408a-bf22-47457b845d3a marked as read by executor1
2026-08-08 23:07:50 | team | sess_d8f70bb8c519 | INFO | [executor1] processing 1 unread messages (steer=True)
2026-08-08 23:07:50 | team | sess_d8f70bb8c519 | INFO | Message 34cac30d-2707-4504-874b-5e1639b3c7b1 marked as read by executor1
2026-08-08 23:08:12 | team | sess_d8f70bb8c519 | INFO | Message 45364a2e-f34b-4269-9034-5a5625a1b53e created
2026-08-08 23:09:09 | team | sess_d8f70bb8c519 | INFO | [executor1] processing 1 unread messages (steer=True)
2026-08-08 23:09:09 | team | sess_d8f70bb8c519 | INFO | Message e322968e-93a3-4aa5-ab0e-a7c60c8e9765 marked as read by executor1
2026-08-08 23:09:12 | team | sess_d8f70bb8c519 | INFO | [executor1] processing 1 unread messages (steer=True)
2026-08-08 23:09:12 | team | sess_d8f70bb8c519 | INFO | Message dbc2f5b0-f040-4339-8078-bc514d9ac178 marked as read by executor1
2026-08-08 23:09:52 | team | sess_d8f70bb8c519 | INFO | Message c855d076-af60-4be1-b735-655887d49c26 created
2026-08-08 23:09:56 | team | sess_d8f70bb8c519 | INFO | Message 6038d859-494a-47b3-88ed-15e3e5da3294 created
2026-08-08 23:09:59 | team | sess_d8f70bb8c519 | INFO | [executor1] processing 1 unread messages (steer=True)
2026-08-08 23:09:59 | team | sess_d8f70bb8c519 | INFO | Message a8d60ba5-22dd-4568-8120-5510bf8398d5 marked as read by executor1
2026-08-08 23:10:03 | team | sess_d8f70bb8c519 | INFO | [executor1] processing 1 unread messages (steer=True)
2026-08-08 23:10:03 | team | sess_d8f70bb8c519 | INFO | Message 88303981-d64d-442b-b431-bc644e7ad20d marked as read by executor1
2026-08-08 23:10:11 | team | sess_d8f70bb8c519 | INFO | Message 9058304a-bc68-4d29-ab82-8c1ea4660a4d created
2026-08-08 23:10:26 | team | sess_d8f70bb8c519 | INFO | task list drained for team jiuwen_team_sess_d8f70bb8c519: 3 terminal task(s)
2026-08-08 23:10:45 | team | sess_d8f70bb8c519 | INFO | [executor1] processing 1 unread messages (steer=True)
2026-08-08 23:10:45 | team | sess_d8f70bb8c519 | INFO | Message 3a023846-87ac-4aa3-8406-70006e7b9dc1 marked as read by executor1
2026-08-08 23:10:53 | team | sess_d8f70bb8c519 | INFO | team jiuwen_team_sess_d8f70bb8c519 reported completed: 9 members, 3 tasks
2026-08-08 23:10:53 | team | sess_d8f70bb8c519 | INFO | [executor1] received TEAM_STANDBY, pausing polls
2026-08-08 23:10:53 | team | sess_d8f70bb8c519 | INFO | EventBus[teammate] pausing polls
