2026-08-08 23:04:52 | team | sess_d8f70bb8c519 | INFO | Team workspace directory ensured at /srv/jwteam_clone/shared/run_current
2026-08-08 23:04:52 | team | sess_d8f70bb8c519 | INFO | AgentTeam manager initialized for jiuwen_team_sess_d8f70bb8c519, member=team_leader
2026-08-08 23:04:52 | team | sess_d8f70bb8c519 | INFO | [team_leader] TeamPolicyRail static sections: section_names=['team_role', 'team_workflow', 'team_swarmflow', 'team_lifecycle', 'team_persona']
2026-08-08 23:04:52 | team | sess_d8f70bb8c519 | INFO | Session tables ready for session sess_d8f70bb8c519
2026-08-08 23:04:52 | team | sess_d8f70bb8c519 | INFO | Team database initialized
2026-08-08 23:04:52 | team | default_trace_id | INFO | Team workspace directory ensured at /srv/jwteam_clone/shared/run_current
2026-08-08 23:04:52 | team | default_trace_id | INFO | AgentTeam manager initialized for jiuwen_team_sess_d8f70bb8c519, member=planner2
2026-08-08 23:04:52 | team | default_trace_id | INFO | [planner2] TeamPolicyRail static sections: section_names=['team_role', 'team_persona']
2026-08-08 23:04:52 | team | sess_d8f70bb8c519 | INFO | [planner2] invoke start, role=teammate
2026-08-08 23:04:52 | team | sess_d8f70bb8c519 | INFO | [planner2] coordination starting
2026-08-08 23:04:52 | team | sess_d8f70bb8c519 | INFO | Session tables ready for session sess_d8f70bb8c519
2026-08-08 23:04:52 | team | sess_d8f70bb8c519 | INFO | Workspace /srv/jwteam_clone/shared/run_current initialized as plain shared directory (version_control disabled)
2026-08-08 23:04:52 | team | sess_d8f70bb8c519 | INFO | EventBus[teammate] starting
2026-08-08 23:05:10 | team | sess_d8f70bb8c519 | INFO | [planner2] HITT section refresh: human_agent_names=[]
2026-08-08 23:05:15 | team | sess_d8f70bb8c519 | INFO | Task plan claimed by member planner2
2026-08-08 23:05:15 | team | sess_d8f70bb8c519 | INFO | Task plan claimed by member planner2
2026-08-08 23:05:22 | team | sess_d8f70bb8c519 | INFO | [planner2] processing 1 unread messages (steer=True)
2026-08-08 23:05:22 | team | sess_d8f70bb8c519 | INFO | Message 9fee0fdc-2b80-402c-a833-390d5291e0ad marked as read by planner2
2026-08-08 23:05:36 | team | sess_d8f70bb8c519 | INFO | Message 13d002dd-4acb-43c8-979e-62f60785f99b created
2026-08-08 23:05:45 | team | sess_d8f70bb8c519 | INFO | Task plan completed at 1786226745928
2026-08-08 23:05:45 | team | sess_d8f70bb8c519 | INFO | Message ac13c8aa-84a2-420a-ac79-25f633124491 created
2026-08-08 23:05:45 | team | sess_d8f70bb8c519 | INFO | Resolved 1 dependencies for task plan
2026-08-08 23:05:45 | team | sess_d8f70bb8c519 | INFO | Task implement unblocked (all deps resolved)
2026-08-08 23:05:45 | team | sess_d8f70bb8c519 | INFO | Task plan completed
2026-08-08 23:05:45 | team | sess_d8f70bb8c519 | INFO | Unblocked 1 tasks
2026-08-08 23:05:59 | team | sess_d8f70bb8c519 | INFO | [planner2] processing 1 unread messages (steer=True)
2026-08-08 23:05:59 | team | sess_d8f70bb8c519 | INFO | Message 6434b6de-7d22-4d1e-b04c-aa972e51b208 marked as read by planner2
2026-08-08 23:06:09 | team | sess_d8f70bb8c519 | INFO | Message 44885cc8-c969-4c62-95e4-4114e9acb94a created
2026-08-08 23:06:10 | team | sess_d8f70bb8c519 | INFO | [planner2] processing 1 unread messages (steer=True)
2026-08-08 23:06:10 | team | sess_d8f70bb8c519 | INFO | Message 4dc3fc9b-f59c-4048-80b3-419ba4e1ab7a marked as read by planner2
2026-08-08 23:06:24 | team | sess_d8f70bb8c519 | INFO | Message 813ab44c-4f87-4a15-876f-5951d37270ef created
2026-08-08 23:06:28 | team | sess_d8f70bb8c519 | INFO | [planner2] processing 1 unread messages (steer=True)
2026-08-08 23:06:28 | team | sess_d8f70bb8c519 | INFO | Message d7802781-71a0-46b2-b6f3-fc6c9e00b885 marked as read by planner2
2026-08-08 23:06:28 | team | sess_d8f70bb8c519 | INFO | Message 3ddc3abf-1d2a-4638-a9ba-0ae611c7c147 created
2026-08-08 23:06:42 | team | sess_d8f70bb8c519 | INFO | Message d9d1fdc3-9bf8-4c99-8500-f3d31d1c7e7b created
2026-08-08 23:06:46 | team | sess_d8f70bb8c519 | INFO | Message a0a464b7-f97c-4814-b9fe-630690f9f755 created
2026-08-08 23:06:51 | team | sess_d8f70bb8c519 | INFO | [planner2] processing 1 unread messages (steer=True)
2026-08-08 23:06:51 | team | sess_d8f70bb8c519 | INFO | Message 8d330a18-f272-4924-b7c4-8330f10a6c74 marked as read by planner2
2026-08-08 23:06:53 | team | sess_d8f70bb8c519 | INFO | [planner2] processing 1 unread messages (steer=True)
2026-08-08 23:06:53 | team | sess_d8f70bb8c519 | INFO | Message edea0472-cf3f-42f7-bddb-787e894eccaa marked as read by planner2
2026-08-08 23:06:56 | team | sess_d8f70bb8c519 | INFO | Message 430ff039-a391-42bb-bae2-ac2718bf5c5b created
2026-08-08 23:07:00 | team | sess_d8f70bb8c519 | INFO | Message 63c5d079-e337-4ade-ab5d-1423c79e5e0e created
2026-08-08 23:10:26 | team | sess_d8f70bb8c519 | INFO | task list drained for team jiuwen_team_sess_d8f70bb8c519: 3 terminal task(s)
2026-08-08 23:10:45 | team | sess_d8f70bb8c519 | INFO | [planner2] processing 1 unread messages (steer=True)
2026-08-08 23:10:46 | team | sess_d8f70bb8c519 | INFO | Message 3a023846-87ac-4aa3-8406-70006e7b9dc1 marked as read by planner2
2026-08-08 23:10:53 | team | sess_d8f70bb8c519 | INFO | team jiuwen_team_sess_d8f70bb8c519 reported completed: 9 members, 3 tasks
2026-08-08 23:10:53 | team | sess_d8f70bb8c519 | INFO | [planner2] received TEAM_STANDBY, pausing polls
2026-08-08 23:10:53 | team | sess_d8f70bb8c519 | INFO | EventBus[teammate] pausing polls
