2026-08-08 23:04:58 | team | sess_d8f70bb8c519 | INFO | Team workspace directory ensured at /srv/jwteam_clone/shared/run_current
2026-08-08 23:04:58 | team | sess_d8f70bb8c519 | INFO | AgentTeam manager initialized for jiuwen_team_sess_d8f70bb8c519, member=team_leader
2026-08-08 23:04:58 | team | sess_d8f70bb8c519 | INFO | [team_leader] TeamPolicyRail static sections: section_names=['team_role', 'team_workflow', 'team_swarmflow', 'team_lifecycle', 'team_persona']
2026-08-08 23:04:58 | team | sess_d8f70bb8c519 | INFO | Session tables ready for session sess_d8f70bb8c519
2026-08-08 23:04:58 | team | sess_d8f70bb8c519 | INFO | Team database initialized
2026-08-08 23:04:58 | team | default_trace_id | INFO | Team workspace directory ensured at /srv/jwteam_clone/shared/run_current
2026-08-08 23:04:58 | team | default_trace_id | INFO | AgentTeam manager initialized for jiuwen_team_sess_d8f70bb8c519, member=fullstack1
2026-08-08 23:04:58 | team | default_trace_id | INFO | [fullstack1] TeamPolicyRail static sections: section_names=['team_role', 'team_persona']
2026-08-08 23:04:58 | team | sess_d8f70bb8c519 | INFO | [fullstack1] invoke start, role=teammate
2026-08-08 23:04:58 | team | sess_d8f70bb8c519 | INFO | [fullstack1] coordination starting
2026-08-08 23:04:58 | team | sess_d8f70bb8c519 | INFO | Session tables ready for session sess_d8f70bb8c519
2026-08-08 23:04:58 | team | sess_d8f70bb8c519 | INFO | Workspace /srv/jwteam_clone/shared/run_current initialized as plain shared directory (version_control disabled)
2026-08-08 23:04:58 | team | sess_d8f70bb8c519 | INFO | EventBus[teammate] starting
2026-08-08 23:05:10 | team | sess_d8f70bb8c519 | INFO | [fullstack1] HITT section refresh: human_agent_names=[]
2026-08-08 23:05:22 | team | sess_d8f70bb8c519 | INFO | [fullstack1] processing 1 unread messages (steer=True)
2026-08-08 23:05:22 | team | sess_d8f70bb8c519 | INFO | Message 9fee0fdc-2b80-402c-a833-390d5291e0ad marked as read by fullstack1
2026-08-08 23:05:52 | team | sess_d8f70bb8c519 | INFO | Task implement claimed by member fullstack1
2026-08-08 23:05:52 | team | sess_d8f70bb8c519 | INFO | Task implement claimed by member fullstack1
2026-08-08 23:06:00 | team | sess_d8f70bb8c519 | INFO | [fullstack1] processing 1 unread messages (steer=True)
2026-08-08 23:06:00 | team | sess_d8f70bb8c519 | INFO | Message 6f147910-cd61-462c-9310-1837ad542b4d marked as read by fullstack1
2026-08-08 23:06:10 | team | sess_d8f70bb8c519 | INFO | [fullstack1] processing 1 unread messages (steer=True)
2026-08-08 23:06:10 | team | sess_d8f70bb8c519 | INFO | Message e08f3227-55a6-40a0-b57c-eb657f0acacc marked as read by fullstack1
2026-08-08 23:06:24 | team | sess_d8f70bb8c519 | INFO | [fullstack1] processing 1 unread messages (steer=True)
2026-08-08 23:06:24 | team | sess_d8f70bb8c519 | INFO | Message 813ab44c-4f87-4a15-876f-5951d37270ef marked as read by fullstack1
2026-08-08 23:06:52 | team | sess_d8f70bb8c519 | INFO | Message 4e1b7500-1253-4ccf-98e5-5bd14228d698 created
2026-08-08 23:06:52 | team | sess_d8f70bb8c519 | INFO | Message 63da8d8a-4776-45c2-b26d-166b4e2f780c created
2026-08-08 23:07:01 | team | sess_d8f70bb8c519 | INFO | [fullstack1] processing 1 unread messages (steer=True)
2026-08-08 23:07:01 | team | sess_d8f70bb8c519 | INFO | Message 6959dab9-5735-44cd-81ec-b0527e97c1f5 marked as read by fullstack1
2026-08-08 23:07:03 | team | sess_d8f70bb8c519 | INFO | [fullstack1] processing 1 unread messages (steer=True)
2026-08-08 23:07:04 | team | sess_d8f70bb8c519 | INFO | Message fc9c8759-a76d-4d2a-b67f-3aac01fbc908 marked as read by fullstack1
2026-08-08 23:07:07 | team | sess_d8f70bb8c519 | INFO | Task implement completed at 1786226827078
2026-08-08 23:07:07 | team | sess_d8f70bb8c519 | INFO | Resolved 1 dependencies for task implement
2026-08-08 23:07:07 | team | sess_d8f70bb8c519 | INFO | Task verify unblocked (all deps resolved)
2026-08-08 23:07:07 | team | sess_d8f70bb8c519 | INFO | Task implement completed
2026-08-08 23:07:07 | team | sess_d8f70bb8c519 | INFO | Unblocked 1 tasks
2026-08-08 23:10:26 | team | sess_d8f70bb8c519 | INFO | task list drained for team jiuwen_team_sess_d8f70bb8c519: 3 terminal task(s)
2026-08-08 23:10:45 | team | sess_d8f70bb8c519 | INFO | [fullstack1] processing 1 unread messages (steer=True)
2026-08-08 23:10:45 | team | sess_d8f70bb8c519 | INFO | Message 3a023846-87ac-4aa3-8406-70006e7b9dc1 marked as read by fullstack1
2026-08-08 23:10:53 | team | sess_d8f70bb8c519 | INFO | team jiuwen_team_sess_d8f70bb8c519 reported completed: 9 members, 3 tasks
2026-08-08 23:10:53 | team | sess_d8f70bb8c519 | INFO | [fullstack1] received TEAM_STANDBY, pausing polls
2026-08-08 23:10:53 | team | sess_d8f70bb8c519 | INFO | EventBus[teammate] pausing polls
