2026-08-08 23:04:51 | team | sess_d8f70bb8c519 | INFO | Team workspace directory ensured at /srv/jwteam_clone/shared/run_current
2026-08-08 23:04:51 | team | sess_d8f70bb8c519 | INFO | AgentTeam manager initialized for jiuwen_team_sess_d8f70bb8c519, member=team_leader
2026-08-08 23:04:51 | team | sess_d8f70bb8c519 | INFO | [team_leader] TeamPolicyRail static sections: section_names=['team_role', 'team_workflow', 'team_swarmflow', 'team_lifecycle', 'team_persona']
2026-08-08 23:04:51 | team | sess_d8f70bb8c519 | INFO | Session tables ready for session sess_d8f70bb8c519
2026-08-08 23:04:51 | team | sess_d8f70bb8c519 | INFO | Team database initialized
2026-08-08 23:04:51 | team | default_trace_id | INFO | Team workspace directory ensured at /srv/jwteam_clone/shared/run_current
2026-08-08 23:04:51 | team | default_trace_id | INFO | AgentTeam manager initialized for jiuwen_team_sess_d8f70bb8c519, member=planner1
2026-08-08 23:04:51 | team | default_trace_id | INFO | [planner1] TeamPolicyRail static sections: section_names=['team_role', 'team_persona']
2026-08-08 23:04:51 | team | sess_d8f70bb8c519 | INFO | [planner1] invoke start, role=teammate
2026-08-08 23:04:51 | team | sess_d8f70bb8c519 | INFO | [planner1] coordination starting
2026-08-08 23:04:51 | team | sess_d8f70bb8c519 | INFO | Session tables ready for session sess_d8f70bb8c519
2026-08-08 23:04:51 | team | sess_d8f70bb8c519 | INFO | Workspace /srv/jwteam_clone/shared/run_current initialized as plain shared directory (version_control disabled)
2026-08-08 23:04:51 | team | sess_d8f70bb8c519 | INFO | EventBus[teammate] starting
2026-08-08 23:05:10 | team | sess_d8f70bb8c519 | INFO | [planner1] HITT section refresh: human_agent_names=[]
2026-08-08 23:05:22 | team | sess_d8f70bb8c519 | INFO | [planner1] processing 1 unread messages (steer=True)
2026-08-08 23:05:22 | team | sess_d8f70bb8c519 | INFO | Message 9fee0fdc-2b80-402c-a833-390d5291e0ad marked as read by planner1
2026-08-08 23:05:38 | team | sess_d8f70bb8c519 | INFO | Message b4d37ab9-3fba-47dc-8195-63f8f9541636 created
2026-08-08 23:05:46 | team | sess_d8f70bb8c519 | INFO | [planner1] processing 1 unread messages (steer=True)
2026-08-08 23:05:47 | team | sess_d8f70bb8c519 | INFO | Message b9a7c6f7-34a0-4151-82e1-01eeca4debdc marked as read by planner1
2026-08-08 23:06:09 | team | sess_d8f70bb8c519 | INFO | Message d8794eaf-206b-401b-8346-35f0e87aa9b4 created
2026-08-08 23:06:25 | team | sess_d8f70bb8c519 | INFO | [planner1] processing 1 unread messages (steer=True)
2026-08-08 23:06:25 | team | sess_d8f70bb8c519 | INFO | Message a6c346fb-a256-4378-a1b1-432ca45a9326 marked as read by planner1
2026-08-08 23:10:26 | team | sess_d8f70bb8c519 | INFO | task list drained for team jiuwen_team_sess_d8f70bb8c519: 3 terminal task(s)
2026-08-08 23:10:45 | team | sess_d8f70bb8c519 | INFO | [planner1] processing 1 unread messages (steer=True)
2026-08-08 23:10:45 | team | sess_d8f70bb8c519 | INFO | Message 3a023846-87ac-4aa3-8406-70006e7b9dc1 marked as read by planner1
2026-08-08 23:10:53 | team | sess_d8f70bb8c519 | INFO | team jiuwen_team_sess_d8f70bb8c519 reported completed: 9 members, 3 tasks
2026-08-08 23:10:53 | team | sess_d8f70bb8c519 | INFO | [planner1] received TEAM_STANDBY, pausing polls
2026-08-08 23:10:53 | team | sess_d8f70bb8c519 | INFO | EventBus[teammate] pausing polls
