2026-08-08 23:04:56 | team | sess_d8f70bb8c519 | INFO | Team workspace directory ensured at /srv/jwteam_clone/shared/run_current
2026-08-08 23:04:56 | team | sess_d8f70bb8c519 | INFO | AgentTeam manager initialized for jiuwen_team_sess_d8f70bb8c519, member=team_leader
2026-08-08 23:04:56 | team | sess_d8f70bb8c519 | INFO | [team_leader] TeamPolicyRail static sections: section_names=['team_role', 'team_workflow', 'team_swarmflow', 'team_lifecycle', 'team_persona']
2026-08-08 23:04:56 | team | sess_d8f70bb8c519 | INFO | Session tables ready for session sess_d8f70bb8c519
2026-08-08 23:04:56 | team | sess_d8f70bb8c519 | INFO | Team database initialized
2026-08-08 23:04:56 | team | default_trace_id | INFO | Team workspace directory ensured at /srv/jwteam_clone/shared/run_current
2026-08-08 23:04:56 | team | default_trace_id | INFO | AgentTeam manager initialized for jiuwen_team_sess_d8f70bb8c519, member=verifier1
2026-08-08 23:04:56 | team | default_trace_id | INFO | [verifier1] TeamPolicyRail static sections: section_names=['team_role', 'team_persona']
2026-08-08 23:04:56 | team | sess_d8f70bb8c519 | INFO | [verifier1] invoke start, role=teammate
2026-08-08 23:04:56 | team | sess_d8f70bb8c519 | INFO | [verifier1] coordination starting
2026-08-08 23:04:56 | team | sess_d8f70bb8c519 | INFO | Session tables ready for session sess_d8f70bb8c519
2026-08-08 23:04:56 | team | sess_d8f70bb8c519 | INFO | Workspace /srv/jwteam_clone/shared/run_current initialized as plain shared directory (version_control disabled)
2026-08-08 23:04:56 | team | sess_d8f70bb8c519 | INFO | EventBus[teammate] starting
2026-08-08 23:05:10 | team | sess_d8f70bb8c519 | INFO | [verifier1] HITT section refresh: human_agent_names=[]
2026-08-08 23:05:22 | team | sess_d8f70bb8c519 | INFO | [verifier1] processing 1 unread messages (steer=True)
2026-08-08 23:05:22 | team | sess_d8f70bb8c519 | INFO | Message 9fee0fdc-2b80-402c-a833-390d5291e0ad marked as read by verifier1
2026-08-08 23:06:12 | team | sess_d8f70bb8c519 | INFO | Message 08a50f9f-623f-482d-85e5-7056d53188a3 created
2026-08-08 23:06:28 | team | sess_d8f70bb8c519 | INFO | [verifier1] processing 1 unread messages (steer=True)
2026-08-08 23:06:28 | team | sess_d8f70bb8c519 | INFO | Message 8ea5af12-2734-46a4-9658-d0507e694591 marked as read by verifier1
2026-08-08 23:06:35 | team | sess_d8f70bb8c519 | INFO | Message acacb82d-ba2b-4c64-ac6b-ae5f6e1e9c9a created
2026-08-08 23:06:42 | team | sess_d8f70bb8c519 | INFO | [verifier1] processing 1 unread messages (steer=True)
2026-08-08 23:06:42 | team | sess_d8f70bb8c519 | INFO | Message d9d1fdc3-9bf8-4c99-8500-f3d31d1c7e7b marked as read by verifier1
2026-08-08 23:06:53 | team | sess_d8f70bb8c519 | INFO | Message edea0472-cf3f-42f7-bddb-787e894eccaa created
2026-08-08 23:07:00 | team | sess_d8f70bb8c519 | INFO | [verifier1] processing 1 unread messages (steer=True)
2026-08-08 23:07:00 | team | sess_d8f70bb8c519 | INFO | Message 63c5d079-e337-4ade-ab5d-1423c79e5e0e marked as read by verifier1
2026-08-08 23:07:14 | team | sess_d8f70bb8c519 | INFO | [verifier1] received TASK_CLAIMED for self, task_id=verify, human_agent=False
2026-08-08 23:07:16 | team | sess_d8f70bb8c519 | INFO | [verifier1] processing 1 unread messages (steer=True)
2026-08-08 23:07:16 | team | sess_d8f70bb8c519 | INFO | Message f0a61bbe-0f94-4e44-8f32-04dfae7141a4 marked as read by verifier1
2026-08-08 23:07:19 | team | sess_d8f70bb8c519 | INFO | [verifier1] processing 1 unread messages (steer=True)
2026-08-08 23:07:19 | team | sess_d8f70bb8c519 | INFO | Message 0bfcd9b0-9533-4bf7-97f8-9b1765d8f10c marked as read by verifier1
2026-08-08 23:07:23 | team | sess_d8f70bb8c519 | INFO | Message 49073dfc-781b-4c37-b800-ec35d33dcc94 created
2026-08-08 23:07:39 | team | sess_d8f70bb8c519 | INFO | Message 5e7e4797-3679-408a-bf22-47457b845d3a created
2026-08-08 23:07:44 | team | sess_d8f70bb8c519 | INFO | Message 097dbab1-8379-41ee-a13f-161f801578ea created
2026-08-08 23:07:50 | team | sess_d8f70bb8c519 | INFO | [verifier1] processing 1 unread messages (steer=True)
2026-08-08 23:07:50 | team | sess_d8f70bb8c519 | INFO | Message 36fe894a-4036-487d-8604-5bf58e5e4dc7 marked as read by verifier1
2026-08-08 23:07:53 | team | sess_d8f70bb8c519 | INFO | Message a09409b1-56b9-4760-a237-98a0be9aef75 created
2026-08-08 23:08:12 | team | sess_d8f70bb8c519 | INFO | [verifier1] processing 1 unread messages (steer=True)
2026-08-08 23:08:12 | team | sess_d8f70bb8c519 | INFO | Message 45364a2e-f34b-4269-9034-5a5625a1b53e marked as read by verifier1
2026-08-08 23:09:03 | team | sess_d8f70bb8c519 | INFO | Message eb071eec-0aae-45e2-8679-6080dea597e8 created
2026-08-08 23:09:09 | team | sess_d8f70bb8c519 | INFO | [verifier1] processing 1 unread messages (steer=True)
2026-08-08 23:09:09 | team | sess_d8f70bb8c519 | INFO | Message 1b340c1f-2c68-42d4-8dbe-3c4882a00dd6 marked as read by verifier1
2026-08-08 23:09:12 | team | sess_d8f70bb8c519 | INFO | Message dbc2f5b0-f040-4339-8078-bc514d9ac178 created
2026-08-08 23:09:18 | team | sess_d8f70bb8c519 | INFO | Message 532eadce-9480-4851-8959-c2bd7a68e608 created
2026-08-08 23:09:56 | team | sess_d8f70bb8c519 | INFO | [verifier1] processing 1 unread messages (steer=True)
2026-08-08 23:09:56 | team | sess_d8f70bb8c519 | INFO | Message 6038d859-494a-47b3-88ed-15e3e5da3294 marked as read by verifier1
2026-08-08 23:10:03 | team | sess_d8f70bb8c519 | INFO | Message 88303981-d64d-442b-b431-bc644e7ad20d created
2026-08-08 23:10:22 | team | sess_d8f70bb8c519 | INFO | [verifier1] processing 1 unread messages (steer=True)
2026-08-08 23:10:22 | team | sess_d8f70bb8c519 | INFO | Message 7217438a-16cd-422b-ac26-95c78ed39002 marked as read by verifier1
2026-08-08 23:10:26 | team | sess_d8f70bb8c519 | INFO | Task verify completed at 1786227026622
2026-08-08 23:10:26 | team | sess_d8f70bb8c519 | INFO | Task verify completed
2026-08-08 23:10:33 | team | sess_d8f70bb8c519 | INFO | Message 39a09de7-68e8-44a9-8832-f0bd7d6910fe created
2026-08-08 23:10:45 | team | sess_d8f70bb8c519 | INFO | [verifier1] processing 1 unread messages (steer=True)
2026-08-08 23:10:46 | team | sess_d8f70bb8c519 | INFO | Message 3a023846-87ac-4aa3-8406-70006e7b9dc1 marked as read by verifier1
2026-08-08 23:10:53 | team | sess_d8f70bb8c519 | INFO | team jiuwen_team_sess_d8f70bb8c519 reported completed: 9 members, 3 tasks
2026-08-08 23:10:53 | team | sess_d8f70bb8c519 | INFO | [verifier1] received TEAM_STANDBY, pausing polls
2026-08-08 23:10:53 | team | sess_d8f70bb8c519 | INFO | EventBus[teammate] pausing polls
