2026-08-08 12:58:05 | team | sess_9fd131934cf9 | INFO | Team workspace directory ensured at /srv/jwteam_clone/shared/run_current
2026-08-08 12:58:05 | team | sess_9fd131934cf9 | INFO | AgentTeam manager initialized for jiuwen_team_sess_9fd131934cf9, member=team_leader
2026-08-08 12:58:05 | team | sess_9fd131934cf9 | INFO | [team_leader] TeamPolicyRail static sections: section_names=['team_role', 'team_workflow', 'team_swarmflow', 'team_lifecycle', 'team_persona']
2026-08-08 12:58:05 | team | sess_9fd131934cf9 | INFO | Session tables ready for session sess_9fd131934cf9
2026-08-08 12:58:05 | team | sess_9fd131934cf9 | INFO | Team database initialized
2026-08-08 12:58:05 | team | default_trace_id | INFO | Team workspace directory ensured at /srv/jwteam_clone/shared/run_current
2026-08-08 12:58:05 | team | default_trace_id | INFO | AgentTeam manager initialized for jiuwen_team_sess_9fd131934cf9, member=planner1
2026-08-08 12:58:05 | team | default_trace_id | INFO | [planner1] TeamPolicyRail static sections: section_names=['team_role', 'team_persona']
2026-08-08 12:58:05 | team | sess_9fd131934cf9 | INFO | [planner1] invoke start, role=teammate
2026-08-08 12:58:05 | team | sess_9fd131934cf9 | INFO | [planner1] coordination starting
2026-08-08 12:58:05 | team | sess_9fd131934cf9 | INFO | Session tables ready for session sess_9fd131934cf9
2026-08-08 12:58:05 | team | sess_9fd131934cf9 | INFO | Workspace /srv/jwteam_clone/shared/run_current initialized as plain shared directory (version_control disabled)
2026-08-08 12:58:05 | team | sess_9fd131934cf9 | INFO | EventBus[teammate] starting
2026-08-08 12:58:29 | team | sess_9fd131934cf9 | INFO | [planner1] HITT section refresh: human_agent_names=[]
2026-08-08 12:58:38 | team | sess_9fd131934cf9 | INFO | [planner1] processing 1 unread messages (steer=True)
2026-08-08 12:58:38 | team | sess_9fd131934cf9 | INFO | Message 6e655df3-36bd-4728-8961-ce8cffbdab59 marked as read by planner1
2026-08-08 12:58:51 | team | sess_9fd131934cf9 | INFO | Message bddfbf4d-2a79-468e-be8e-afef103ec14b created
2026-08-08 12:59:14 | team | sess_9fd131934cf9 | INFO | [planner1] processing 1 unread messages (steer=True)
2026-08-08 12:59:14 | team | sess_9fd131934cf9 | INFO | Message f8e46b99-09dd-458e-84d1-c0eb0ce798ec marked as read by planner1
2026-08-08 12:59:33 | team | sess_9fd131934cf9 | INFO | [planner1] received TASK_CLAIMED for self, task_id=plan, human_agent=False
2026-08-08 12:59:42 | team | sess_9fd131934cf9 | INFO | Message b24bf86b-7781-48d7-8fc8-9af2cb0c724e created
2026-08-08 12:59:57 | team | sess_9fd131934cf9 | INFO | [planner1] processing 1 unread messages (steer=True)
2026-08-08 12:59:57 | team | sess_9fd131934cf9 | INFO | Message 92eb0854-75e6-4f52-87f2-4932f90822a5 marked as read by planner1
2026-08-08 13:00:44 | team | sess_9fd131934cf9 | INFO | Message 32416ed7-f72f-42d3-a874-468d6643f4b9 created
2026-08-08 13:00:50 | team | sess_9fd131934cf9 | INFO | Task plan completed at 1786190450897
2026-08-08 13:00:50 | team | sess_9fd131934cf9 | INFO | Message 730af11f-200e-46ff-9c20-48d16eec2c61 created
2026-08-08 13:00:50 | team | sess_9fd131934cf9 | INFO | Resolved 1 dependencies for task plan
2026-08-08 13:00:50 | team | sess_9fd131934cf9 | INFO | Task implement unblocked (all deps resolved)
2026-08-08 13:00:50 | team | sess_9fd131934cf9 | INFO | Task plan completed
2026-08-08 13:00:50 | team | sess_9fd131934cf9 | INFO | Unblocked 1 tasks
2026-08-08 13:00:58 | team | sess_9fd131934cf9 | INFO | Message f3d5f94f-16fb-402e-a56a-da8de3b2d1ab created
2026-08-08 13:01:08 | team | sess_9fd131934cf9 | INFO | [planner1] processing 1 unread messages (steer=True)
2026-08-08 13:01:08 | team | sess_9fd131934cf9 | INFO | Message 36fc9fe2-4e44-4ce5-965c-37dccbadd88e marked as read by planner1
2026-08-08 13:01:22 | team | sess_9fd131934cf9 | INFO | Message fcc0bfb2-14f9-4782-83de-17c29226acae created
2026-08-08 13:01:33 | team | sess_9fd131934cf9 | INFO | [planner1] processing 1 unread messages (steer=True)
2026-08-08 13:01:33 | team | sess_9fd131934cf9 | INFO | Message e553fb91-0cf6-4611-9dfe-1cb6b80fc582 marked as read by planner1
2026-08-08 13:03:10 | team | sess_9fd131934cf9 | INFO | task list drained for team jiuwen_team_sess_9fd131934cf9: 3 terminal task(s)
2026-08-08 13:03:24 | team | sess_9fd131934cf9 | INFO | [planner1] processing 1 unread messages (steer=True)
2026-08-08 13:03:24 | team | sess_9fd131934cf9 | INFO | Message ddfeb928-2961-4cae-8920-883ebf4f5729 marked as read by planner1
2026-08-08 13:03:37 | team | sess_9fd131934cf9 | INFO | team jiuwen_team_sess_9fd131934cf9 reported completed: 9 members, 3 tasks
2026-08-08 13:03:37 | team | sess_9fd131934cf9 | INFO | [planner1] received TEAM_STANDBY, pausing polls
2026-08-08 13:03:37 | team | sess_9fd131934cf9 | INFO | EventBus[teammate] pausing polls
