2026-08-08 12:58:10 | team | sess_9fd131934cf9 | INFO | Team workspace directory ensured at /srv/jwteam_clone/shared/run_current
2026-08-08 12:58:10 | team | sess_9fd131934cf9 | INFO | AgentTeam manager initialized for jiuwen_team_sess_9fd131934cf9, member=team_leader
2026-08-08 12:58:10 | team | sess_9fd131934cf9 | INFO | [team_leader] TeamPolicyRail static sections: section_names=['team_role', 'team_workflow', 'team_swarmflow', 'team_lifecycle', 'team_persona']
2026-08-08 12:58:10 | team | sess_9fd131934cf9 | INFO | Session tables ready for session sess_9fd131934cf9
2026-08-08 12:58:10 | team | sess_9fd131934cf9 | INFO | Team database initialized
2026-08-08 12:58:10 | team | default_trace_id | INFO | Team workspace directory ensured at /srv/jwteam_clone/shared/run_current
2026-08-08 12:58:10 | team | default_trace_id | INFO | AgentTeam manager initialized for jiuwen_team_sess_9fd131934cf9, member=verifier1
2026-08-08 12:58:10 | team | default_trace_id | INFO | [verifier1] TeamPolicyRail static sections: section_names=['team_role', 'team_persona']
2026-08-08 12:58:11 | team | sess_9fd131934cf9 | INFO | [verifier1] invoke start, role=teammate
2026-08-08 12:58:11 | team | sess_9fd131934cf9 | INFO | [verifier1] coordination starting
2026-08-08 12:58:11 | team | sess_9fd131934cf9 | INFO | Session tables ready for session sess_9fd131934cf9
2026-08-08 12:58:11 | team | sess_9fd131934cf9 | INFO | Workspace /srv/jwteam_clone/shared/run_current initialized as plain shared directory (version_control disabled)
2026-08-08 12:58:11 | team | sess_9fd131934cf9 | INFO | EventBus[teammate] starting
2026-08-08 12:58:29 | team | sess_9fd131934cf9 | INFO | [verifier1] HITT section refresh: human_agent_names=[]
2026-08-08 12:58:38 | team | sess_9fd131934cf9 | INFO | [verifier1] processing 1 unread messages (steer=True)
2026-08-08 12:58:38 | team | sess_9fd131934cf9 | INFO | Message 6e655df3-36bd-4728-8961-ce8cffbdab59 marked as read by verifier1
2026-08-08 12:59:17 | team | sess_9fd131934cf9 | INFO | Message 854aade6-8701-473b-ba76-28944e74cb48 created
2026-08-08 12:59:22 | team | sess_9fd131934cf9 | INFO | [verifier1] processing 1 unread messages (steer=True)
2026-08-08 12:59:22 | team | sess_9fd131934cf9 | INFO | Message 83a2debd-eb6b-45ae-a1b3-4c09da926450 marked as read by verifier1
2026-08-08 13:01:50 | team | sess_9fd131934cf9 | INFO | [verifier1] processing 1 unread messages (steer=True)
2026-08-08 13:01:50 | team | sess_9fd131934cf9 | INFO | Message 9de45d07-65eb-47e8-8986-7c35ad3510c7 marked as read by verifier1
2026-08-08 13:02:00 | team | sess_9fd131934cf9 | INFO | Task verify claimed by member verifier1
2026-08-08 13:02:00 | team | sess_9fd131934cf9 | INFO | Task verify claimed by member verifier1
2026-08-08 13:02:13 | team | sess_9fd131934cf9 | INFO | [verifier1] processing 1 unread messages (steer=True)
2026-08-08 13:02:13 | team | sess_9fd131934cf9 | INFO | Message 478705b9-5a5e-4a1d-ad11-ec8d6f440870 marked as read by verifier1
2026-08-08 13:03:10 | team | sess_9fd131934cf9 | INFO | Task verify completed at 1786190590083
2026-08-08 13:03:10 | team | sess_9fd131934cf9 | INFO | Task verify completed
2026-08-08 13:03:19 | team | sess_9fd131934cf9 | INFO | Message 21b8e771-ee80-4244-bd38-0007bcd1e016 created
2026-08-08 13:03:19 | team | sess_9fd131934cf9 | INFO | Message 22651c25-d9ac-454d-acba-66f44746e242 created
2026-08-08 13:03:24 | team | sess_9fd131934cf9 | INFO | [verifier1] processing 1 unread messages (steer=True)
2026-08-08 13:03:24 | team | sess_9fd131934cf9 | INFO | Message ddfeb928-2961-4cae-8920-883ebf4f5729 marked as read by verifier1
2026-08-08 13:03:37 | team | sess_9fd131934cf9 | INFO | team jiuwen_team_sess_9fd131934cf9 reported completed: 9 members, 3 tasks
2026-08-08 13:03:37 | team | sess_9fd131934cf9 | INFO | [verifier1] received TEAM_STANDBY, pausing polls
2026-08-08 13:03:37 | team | sess_9fd131934cf9 | INFO | EventBus[teammate] pausing polls
