2026-08-08 12:58:06 | team | sess_9fd131934cf9 | INFO | Team workspace directory ensured at /srv/jwteam_clone/shared/run_current
2026-08-08 12:58:06 | team | sess_9fd131934cf9 | INFO | AgentTeam manager initialized for jiuwen_team_sess_9fd131934cf9, member=team_leader
2026-08-08 12:58:06 | team | sess_9fd131934cf9 | INFO | [team_leader] TeamPolicyRail static sections: section_names=['team_role', 'team_workflow', 'team_swarmflow', 'team_lifecycle', 'team_persona']
2026-08-08 12:58:06 | team | sess_9fd131934cf9 | INFO | Session tables ready for session sess_9fd131934cf9
2026-08-08 12:58:06 | team | sess_9fd131934cf9 | INFO | Team database initialized
2026-08-08 12:58:06 | team | default_trace_id | INFO | Team workspace directory ensured at /srv/jwteam_clone/shared/run_current
2026-08-08 12:58:06 | team | default_trace_id | INFO | AgentTeam manager initialized for jiuwen_team_sess_9fd131934cf9, member=planner2
2026-08-08 12:58:06 | team | default_trace_id | INFO | [planner2] TeamPolicyRail static sections: section_names=['team_role', 'team_persona']
2026-08-08 12:58:06 | team | sess_9fd131934cf9 | INFO | [planner2] invoke start, role=teammate
2026-08-08 12:58:06 | team | sess_9fd131934cf9 | INFO | [planner2] coordination starting
2026-08-08 12:58:06 | team | sess_9fd131934cf9 | INFO | Session tables ready for session sess_9fd131934cf9
2026-08-08 12:58:06 | team | sess_9fd131934cf9 | INFO | Workspace /srv/jwteam_clone/shared/run_current initialized as plain shared directory (version_control disabled)
2026-08-08 12:58:06 | team | sess_9fd131934cf9 | INFO | EventBus[teammate] starting
2026-08-08 12:58:29 | team | sess_9fd131934cf9 | INFO | [planner2] HITT section refresh: human_agent_names=[]
2026-08-08 12:58:38 | team | sess_9fd131934cf9 | INFO | [planner2] processing 1 unread messages (steer=True)
2026-08-08 12:58:38 | team | sess_9fd131934cf9 | INFO | Message 6e655df3-36bd-4728-8961-ce8cffbdab59 marked as read by planner2
2026-08-08 12:58:39 | team | sess_9fd131934cf9 | INFO | Task plan claimed by member planner2
2026-08-08 12:58:39 | team | sess_9fd131934cf9 | INFO | Task plan claimed by member planner2
2026-08-08 12:58:51 | team | sess_9fd131934cf9 | INFO | [planner2] processing 1 unread messages (steer=True)
2026-08-08 12:58:51 | team | sess_9fd131934cf9 | INFO | Message bddfbf4d-2a79-468e-be8e-afef103ec14b marked as read by planner2
2026-08-08 12:59:14 | team | sess_9fd131934cf9 | INFO | Message f8e46b99-09dd-458e-84d1-c0eb0ce798ec created
2026-08-08 12:59:20 | team | sess_9fd131934cf9 | INFO | Message a5d68b1c-d5ac-428b-a446-8b7b9dab036f created
2026-08-08 12:59:33 | team | sess_9fd131934cf9 | INFO | [planner2] processing 1 unread messages (steer=True)
2026-08-08 12:59:33 | team | sess_9fd131934cf9 | INFO | Message 2845f3b3-eb8e-4b43-807e-dd6280dbc856 marked as read by planner2
2026-08-08 12:59:42 | team | sess_9fd131934cf9 | INFO | [planner2] processing 1 unread messages (steer=True)
2026-08-08 12:59:42 | team | sess_9fd131934cf9 | INFO | Message b24bf86b-7781-48d7-8fc8-9af2cb0c724e marked as read by planner2
2026-08-08 12:59:46 | team | sess_9fd131934cf9 | INFO | Message eee5c55d-997c-453c-97bf-5a261c03ba96 created
2026-08-08 12:59:50 | team | sess_9fd131934cf9 | INFO | [planner2] processing 1 unread messages (steer=True)
2026-08-08 12:59:50 | team | sess_9fd131934cf9 | INFO | Message 497d0783-b733-40e4-9c0f-bccbd494bfdb marked as read by planner2
2026-08-08 12:59:57 | team | sess_9fd131934cf9 | INFO | Message 92eb0854-75e6-4f52-87f2-4932f90822a5 created
2026-08-08 13:00:03 | team | sess_9fd131934cf9 | INFO | Message aef47c97-fd96-408a-8b35-33aa14a94974 created
2026-08-08 13:00:50 | team | sess_9fd131934cf9 | INFO | [planner2] processing 1 unread messages (steer=True)
2026-08-08 13:00:51 | team | sess_9fd131934cf9 | INFO | Message 730af11f-200e-46ff-9c20-48d16eec2c61 marked as read by planner2
2026-08-08 13:03:10 | team | sess_9fd131934cf9 | INFO | task list drained for team jiuwen_team_sess_9fd131934cf9: 3 terminal task(s)
2026-08-08 13:03:24 | team | sess_9fd131934cf9 | INFO | [planner2] processing 1 unread messages (steer=True)
2026-08-08 13:03:24 | team | sess_9fd131934cf9 | INFO | Message ddfeb928-2961-4cae-8920-883ebf4f5729 marked as read by planner2
2026-08-08 13:03:37 | team | sess_9fd131934cf9 | INFO | team jiuwen_team_sess_9fd131934cf9 reported completed: 9 members, 3 tasks
2026-08-08 13:03:37 | team | sess_9fd131934cf9 | INFO | [planner2] received TEAM_STANDBY, pausing polls
2026-08-08 13:03:37 | team | sess_9fd131934cf9 | INFO | EventBus[teammate] pausing polls
