2026-08-08 12:58:07 | team | sess_9fd131934cf9 | INFO | Team workspace directory ensured at /srv/jwteam_clone/shared/run_current
2026-08-08 12:58:07 | team | sess_9fd131934cf9 | INFO | AgentTeam manager initialized for jiuwen_team_sess_9fd131934cf9, member=team_leader
2026-08-08 12:58:07 | team | sess_9fd131934cf9 | INFO | [team_leader] TeamPolicyRail static sections: section_names=['team_role', 'team_workflow', 'team_swarmflow', 'team_lifecycle', 'team_persona']
2026-08-08 12:58:07 | team | sess_9fd131934cf9 | INFO | Session tables ready for session sess_9fd131934cf9
2026-08-08 12:58:07 | team | sess_9fd131934cf9 | INFO | Team database initialized
2026-08-08 12:58:07 | team | default_trace_id | INFO | Team workspace directory ensured at /srv/jwteam_clone/shared/run_current
2026-08-08 12:58:07 | team | default_trace_id | INFO | AgentTeam manager initialized for jiuwen_team_sess_9fd131934cf9, member=executor1
2026-08-08 12:58:07 | team | default_trace_id | INFO | [executor1] TeamPolicyRail static sections: section_names=['team_role', 'team_persona']
2026-08-08 12:58:07 | team | sess_9fd131934cf9 | INFO | [executor1] invoke start, role=teammate
2026-08-08 12:58:07 | team | sess_9fd131934cf9 | INFO | [executor1] coordination starting
2026-08-08 12:58:07 | team | sess_9fd131934cf9 | INFO | Session tables ready for session sess_9fd131934cf9
2026-08-08 12:58:07 | team | sess_9fd131934cf9 | INFO | Workspace /srv/jwteam_clone/shared/run_current initialized as plain shared directory (version_control disabled)
2026-08-08 12:58:07 | team | sess_9fd131934cf9 | INFO | EventBus[teammate] starting
2026-08-08 12:58:29 | team | sess_9fd131934cf9 | INFO | [executor1] HITT section refresh: human_agent_names=[]
2026-08-08 12:58:38 | team | sess_9fd131934cf9 | INFO | [executor1] processing 1 unread messages (steer=True)
2026-08-08 12:58:38 | team | sess_9fd131934cf9 | INFO | Message 6e655df3-36bd-4728-8961-ce8cffbdab59 marked as read by executor1
2026-08-08 12:59:00 | team | sess_9fd131934cf9 | INFO | Message 40ff20da-6106-4eb3-ab98-dec568f55b22 created
2026-08-08 12:59:09 | team | sess_9fd131934cf9 | INFO | [executor1] processing 1 unread messages (steer=True)
2026-08-08 12:59:09 | team | sess_9fd131934cf9 | INFO | Message f6c32ab2-fbc1-45e3-a97d-0365ecd99c79 marked as read by executor1
2026-08-08 13:00:44 | team | sess_9fd131934cf9 | INFO | [executor1] processing 1 unread messages (steer=True)
2026-08-08 13:00:44 | team | sess_9fd131934cf9 | INFO | Message 32416ed7-f72f-42d3-a874-468d6643f4b9 marked as read by executor1
2026-08-08 13:01:30 | team | sess_9fd131934cf9 | INFO | [executor1] processing 1 unread messages (steer=True)
2026-08-08 13:01:30 | team | sess_9fd131934cf9 | INFO | Message 8504c8ff-f5b0-4ae0-b5e4-250c507b4171 marked as read by executor1
2026-08-08 13:01:30 | team | sess_9fd131934cf9 | INFO | [executor1] received TASK_CLAIMED for self, task_id=implement, human_agent=False
2026-08-08 13:01:50 | team | sess_9fd131934cf9 | INFO | Task implement completed at 1786190510124
2026-08-08 13:01:50 | team | sess_9fd131934cf9 | INFO | Message 9de45d07-65eb-47e8-8986-7c35ad3510c7 created
2026-08-08 13:01:50 | team | sess_9fd131934cf9 | INFO | Resolved 1 dependencies for task implement
2026-08-08 13:01:50 | team | sess_9fd131934cf9 | INFO | Task verify unblocked (all deps resolved)
2026-08-08 13:01:50 | team | sess_9fd131934cf9 | INFO | Task implement completed
2026-08-08 13:01:50 | team | sess_9fd131934cf9 | INFO | Unblocked 1 tasks
2026-08-08 13:01:56 | team | sess_9fd131934cf9 | INFO | Message 41694b67-fb01-46c6-8332-d9cdca73e9bf created
2026-08-08 13:02:06 | team | sess_9fd131934cf9 | INFO | [executor1] processing 1 unread messages (steer=True)
2026-08-08 13:02:06 | team | sess_9fd131934cf9 | INFO | Message bd634e8c-25d5-4f1c-8c06-b13cd8e52a51 marked as read by executor1
2026-08-08 13:03:10 | team | sess_9fd131934cf9 | INFO | task list drained for team jiuwen_team_sess_9fd131934cf9: 3 terminal task(s)
2026-08-08 13:03:19 | team | sess_9fd131934cf9 | INFO | [executor1] processing 1 unread messages (steer=True)
2026-08-08 13:03:19 | team | sess_9fd131934cf9 | INFO | Message 21b8e771-ee80-4244-bd38-0007bcd1e016 marked as read by executor1
2026-08-08 13:03:24 | team | sess_9fd131934cf9 | INFO | [executor1] processing 1 unread messages (steer=True)
2026-08-08 13:03:24 | team | sess_9fd131934cf9 | INFO | Message ddfeb928-2961-4cae-8920-883ebf4f5729 marked as read by executor1
2026-08-08 13:03:37 | team | sess_9fd131934cf9 | INFO | team jiuwen_team_sess_9fd131934cf9 reported completed: 9 members, 3 tasks
2026-08-08 13:03:37 | team | sess_9fd131934cf9 | INFO | [executor1] received TEAM_STANDBY, pausing polls
2026-08-08 13:03:37 | team | sess_9fd131934cf9 | INFO | EventBus[teammate] pausing polls
