2026-08-08 12:58:12 | team | sess_9fd131934cf9 | INFO | Team workspace directory ensured at /srv/jwteam_clone/shared/run_current
2026-08-08 12:58:12 | team | sess_9fd131934cf9 | INFO | AgentTeam manager initialized for jiuwen_team_sess_9fd131934cf9, member=team_leader
2026-08-08 12:58:12 | team | sess_9fd131934cf9 | INFO | [team_leader] TeamPolicyRail static sections: section_names=['team_role', 'team_workflow', 'team_swarmflow', 'team_lifecycle', 'team_persona']
2026-08-08 12:58:12 | team | sess_9fd131934cf9 | INFO | Session tables ready for session sess_9fd131934cf9
2026-08-08 12:58:12 | team | sess_9fd131934cf9 | INFO | Team database initialized
2026-08-08 12:58:12 | team | default_trace_id | INFO | Team workspace directory ensured at /srv/jwteam_clone/shared/run_current
2026-08-08 12:58:12 | team | default_trace_id | INFO | AgentTeam manager initialized for jiuwen_team_sess_9fd131934cf9, member=fullstack1
2026-08-08 12:58:12 | team | default_trace_id | INFO | [fullstack1] TeamPolicyRail static sections: section_names=['team_role', 'team_persona']
2026-08-08 12:58:12 | team | sess_9fd131934cf9 | INFO | [fullstack1] invoke start, role=teammate
2026-08-08 12:58:12 | team | sess_9fd131934cf9 | INFO | [fullstack1] coordination starting
2026-08-08 12:58:12 | team | sess_9fd131934cf9 | INFO | Session tables ready for session sess_9fd131934cf9
2026-08-08 12:58:12 | team | sess_9fd131934cf9 | INFO | Workspace /srv/jwteam_clone/shared/run_current initialized as plain shared directory (version_control disabled)
2026-08-08 12:58:12 | team | sess_9fd131934cf9 | INFO | EventBus[teammate] starting
2026-08-08 12:58:29 | team | sess_9fd131934cf9 | INFO | [fullstack1] HITT section refresh: human_agent_names=[]
2026-08-08 12:58:38 | team | sess_9fd131934cf9 | INFO | [fullstack1] processing 1 unread messages (steer=True)
2026-08-08 12:58:38 | team | sess_9fd131934cf9 | INFO | Message 6e655df3-36bd-4728-8961-ce8cffbdab59 marked as read by fullstack1
2026-08-08 12:58:55 | team | sess_9fd131934cf9 | INFO | Message b5c49dd8-1116-445c-90fb-3d0a5ecb3aac created
2026-08-08 12:59:03 | team | sess_9fd131934cf9 | INFO | [fullstack1] processing 1 unread messages (steer=True)
2026-08-08 12:59:03 | team | sess_9fd131934cf9 | INFO | Message f7dbdb42-02cb-462f-a1ca-9d9e87587607 marked as read by fullstack1
2026-08-08 13:03:10 | team | sess_9fd131934cf9 | INFO | task list drained for team jiuwen_team_sess_9fd131934cf9: 3 terminal task(s)
2026-08-08 13:03:24 | team | sess_9fd131934cf9 | INFO | [fullstack1] processing 1 unread messages (steer=True)
2026-08-08 13:03:24 | team | sess_9fd131934cf9 | INFO | Message ddfeb928-2961-4cae-8920-883ebf4f5729 marked as read by fullstack1
2026-08-08 13:03:37 | team | sess_9fd131934cf9 | INFO | team jiuwen_team_sess_9fd131934cf9 reported completed: 9 members, 3 tasks
2026-08-08 13:03:37 | team | sess_9fd131934cf9 | INFO | [fullstack1] received TEAM_STANDBY, pausing polls
2026-08-08 13:03:37 | team | sess_9fd131934cf9 | INFO | EventBus[teammate] pausing polls
