2026-08-08 12:58:11 | team | sess_9fd131934cf9 | INFO | Team workspace directory ensured at /srv/jwteam_clone/shared/run_current
2026-08-08 12:58:11 | team | sess_9fd131934cf9 | INFO | AgentTeam manager initialized for jiuwen_team_sess_9fd131934cf9, member=team_leader
2026-08-08 12:58:11 | team | sess_9fd131934cf9 | INFO | [team_leader] TeamPolicyRail static sections: section_names=['team_role', 'team_workflow', 'team_swarmflow', 'team_lifecycle', 'team_persona']
2026-08-08 12:58:12 | team | sess_9fd131934cf9 | INFO | Session tables ready for session sess_9fd131934cf9
2026-08-08 12:58:12 | team | sess_9fd131934cf9 | INFO | Team database initialized
2026-08-08 12:58:12 | team | default_trace_id | INFO | Team workspace directory ensured at /srv/jwteam_clone/shared/run_current
2026-08-08 12:58:12 | team | default_trace_id | INFO | AgentTeam manager initialized for jiuwen_team_sess_9fd131934cf9, member=verifier2
2026-08-08 12:58:12 | team | default_trace_id | INFO | [verifier2] TeamPolicyRail static sections: section_names=['team_role', 'team_persona']
2026-08-08 12:58:12 | team | sess_9fd131934cf9 | INFO | [verifier2] invoke start, role=teammate
2026-08-08 12:58:12 | team | sess_9fd131934cf9 | INFO | [verifier2] coordination starting
2026-08-08 12:58:12 | team | sess_9fd131934cf9 | INFO | Session tables ready for session sess_9fd131934cf9
2026-08-08 12:58:12 | team | sess_9fd131934cf9 | INFO | Workspace /srv/jwteam_clone/shared/run_current initialized as plain shared directory (version_control disabled)
2026-08-08 12:58:12 | team | sess_9fd131934cf9 | INFO | EventBus[teammate] starting
2026-08-08 12:58:29 | team | sess_9fd131934cf9 | INFO | [verifier2] HITT section refresh: human_agent_names=[]
2026-08-08 12:58:38 | team | sess_9fd131934cf9 | INFO | [verifier2] processing 1 unread messages (steer=True)
2026-08-08 12:58:38 | team | sess_9fd131934cf9 | INFO | Message 6e655df3-36bd-4728-8961-ce8cffbdab59 marked as read by verifier2
2026-08-08 13:01:58 | team | sess_9fd131934cf9 | INFO | Task verify claimed by member verifier2
2026-08-08 13:01:58 | team | sess_9fd131934cf9 | INFO | Task verify claimed by member verifier2
2026-08-08 13:01:58 | team | sess_9fd131934cf9 | INFO | [verifier2] processing 1 unread messages (steer=True)
2026-08-08 13:01:58 | team | sess_9fd131934cf9 | INFO | Message 2337a4d5-3307-4d0d-accc-c74515962c46 marked as read by verifier2
2026-08-08 13:03:10 | team | sess_9fd131934cf9 | INFO | task list drained for team jiuwen_team_sess_9fd131934cf9: 3 terminal task(s)
2026-08-08 13:03:24 | team | sess_9fd131934cf9 | INFO | [verifier2] processing 1 unread messages (steer=True)
2026-08-08 13:03:24 | team | sess_9fd131934cf9 | INFO | Message ddfeb928-2961-4cae-8920-883ebf4f5729 marked as read by verifier2
2026-08-08 13:03:37 | team | sess_9fd131934cf9 | INFO | team jiuwen_team_sess_9fd131934cf9 reported completed: 9 members, 3 tasks
2026-08-08 13:03:37 | team | sess_9fd131934cf9 | INFO | [verifier2] received TEAM_STANDBY, pausing polls
2026-08-08 13:03:37 | team | sess_9fd131934cf9 | INFO | EventBus[teammate] pausing polls
