2026-08-08 12:58:08 | team | sess_9fd131934cf9 | INFO | Team workspace directory ensured at /srv/jwteam_clone/shared/run_current
2026-08-08 12:58:08 | team | sess_9fd131934cf9 | INFO | AgentTeam manager initialized for jiuwen_team_sess_9fd131934cf9, member=team_leader
2026-08-08 12:58:08 | team | sess_9fd131934cf9 | INFO | [team_leader] TeamPolicyRail static sections: section_names=['team_role', 'team_workflow', 'team_swarmflow', 'team_lifecycle', 'team_persona']
2026-08-08 12:58:08 | team | sess_9fd131934cf9 | INFO | Session tables ready for session sess_9fd131934cf9
2026-08-08 12:58:08 | team | sess_9fd131934cf9 | INFO | Team database initialized
2026-08-08 12:58:08 | team | default_trace_id | INFO | Team workspace directory ensured at /srv/jwteam_clone/shared/run_current
2026-08-08 12:58:08 | team | default_trace_id | INFO | AgentTeam manager initialized for jiuwen_team_sess_9fd131934cf9, member=executor2
2026-08-08 12:58:08 | team | default_trace_id | INFO | [executor2] TeamPolicyRail static sections: section_names=['team_role', 'team_persona']
2026-08-08 12:58:08 | team | sess_9fd131934cf9 | INFO | [executor2] invoke start, role=teammate
2026-08-08 12:58:08 | team | sess_9fd131934cf9 | INFO | [executor2] coordination starting
2026-08-08 12:58:08 | team | sess_9fd131934cf9 | INFO | Session tables ready for session sess_9fd131934cf9
2026-08-08 12:58:08 | team | sess_9fd131934cf9 | INFO | Workspace /srv/jwteam_clone/shared/run_current initialized as plain shared directory (version_control disabled)
2026-08-08 12:58:08 | team | sess_9fd131934cf9 | INFO | EventBus[teammate] starting
2026-08-08 12:58:29 | team | sess_9fd131934cf9 | INFO | [executor2] HITT section refresh: human_agent_names=[]
2026-08-08 12:58:38 | team | sess_9fd131934cf9 | INFO | [executor2] processing 1 unread messages (steer=True)
2026-08-08 12:58:38 | team | sess_9fd131934cf9 | INFO | Message 6e655df3-36bd-4728-8961-ce8cffbdab59 marked as read by executor2
2026-08-08 12:59:03 | team | sess_9fd131934cf9 | INFO | Message a5f38ece-afaa-4fd1-8e09-1c8010b9095a created
2026-08-08 12:59:09 | team | sess_9fd131934cf9 | INFO | [executor2] processing 1 unread messages (steer=True)
2026-08-08 12:59:09 | team | sess_9fd131934cf9 | INFO | Message 9f06ec2e-c5c4-4410-8b4c-10c88b077c3e marked as read by executor2
2026-08-08 13:01:00 | team | sess_9fd131934cf9 | INFO | Task implement claimed by member executor2
2026-08-08 13:01:00 | team | sess_9fd131934cf9 | INFO | Task implement claimed by member executor2
2026-08-08 13:01:08 | team | sess_9fd131934cf9 | INFO | Message 36fc9fe2-4e44-4ce5-965c-37dccbadd88e created
2026-08-08 13:01:13 | team | sess_9fd131934cf9 | INFO | [executor2] processing 1 unread messages (steer=True)
2026-08-08 13:01:13 | team | sess_9fd131934cf9 | INFO | Message d6094bdc-94e5-40ae-b811-730cf5cacaab marked as read by executor2
2026-08-08 13:01:13 | team | sess_9fd131934cf9 | INFO | [executor2] processing 1 unread messages (steer=True)
2026-08-08 13:01:13 | team | sess_9fd131934cf9 | INFO | Message 8249b017-dd07-4fe4-85b1-5d136b401d0f marked as read by executor2
2026-08-08 13:01:22 | team | sess_9fd131934cf9 | INFO | [executor2] processing 1 unread messages (steer=True)
2026-08-08 13:01:22 | team | sess_9fd131934cf9 | INFO | Message fcc0bfb2-14f9-4782-83de-17c29226acae marked as read by executor2
2026-08-08 13:01:33 | team | sess_9fd131934cf9 | INFO | Message e553fb91-0cf6-4611-9dfe-1cb6b80fc582 created
2026-08-08 13:03:10 | team | sess_9fd131934cf9 | INFO | task list drained for team jiuwen_team_sess_9fd131934cf9: 3 terminal task(s)
2026-08-08 13:03:24 | team | sess_9fd131934cf9 | INFO | [executor2] processing 1 unread messages (steer=True)
2026-08-08 13:03:24 | team | sess_9fd131934cf9 | INFO | Message ddfeb928-2961-4cae-8920-883ebf4f5729 marked as read by executor2
2026-08-08 13:03:37 | team | sess_9fd131934cf9 | INFO | team jiuwen_team_sess_9fd131934cf9 reported completed: 9 members, 3 tasks
2026-08-08 13:03:37 | team | sess_9fd131934cf9 | INFO | [executor2] received TEAM_STANDBY, pausing polls
2026-08-08 13:03:37 | team | sess_9fd131934cf9 | INFO | EventBus[teammate] pausing polls
