2026-08-08 00:41:43 | team | sess_2e5bb401b028 | INFO | Team workspace directory ensured at /srv/jwteam_clone/shared/run_current
2026-08-08 00:41:43 | team | sess_2e5bb401b028 | INFO | AgentTeam manager initialized for jiuwen_team_sess_2e5bb401b028, member=team_leader
2026-08-08 00:41:43 | team | sess_2e5bb401b028 | INFO | [team_leader] TeamPolicyRail static sections: section_names=['team_role', 'team_workflow', 'team_swarmflow', 'team_lifecycle', 'team_persona']
2026-08-08 00:41:44 | team | sess_2e5bb401b028 | INFO | Session tables ready for session sess_2e5bb401b028
2026-08-08 00:41:44 | team | sess_2e5bb401b028 | INFO | Team database initialized
2026-08-08 00:41:44 | team | default_trace_id | INFO | Team workspace directory ensured at /srv/jwteam_clone/shared/run_current
2026-08-08 00:41:44 | team | default_trace_id | INFO | AgentTeam manager initialized for jiuwen_team_sess_2e5bb401b028, member=verifier1
2026-08-08 00:41:44 | team | default_trace_id | INFO | [verifier1] TeamPolicyRail static sections: section_names=['team_role', 'team_persona']
2026-08-08 00:41:44 | team | sess_2e5bb401b028 | INFO | [verifier1] invoke start, role=teammate
2026-08-08 00:41:44 | team | sess_2e5bb401b028 | INFO | [verifier1] coordination starting
2026-08-08 00:41:44 | team | sess_2e5bb401b028 | INFO | Session tables ready for session sess_2e5bb401b028
2026-08-08 00:41:44 | team | sess_2e5bb401b028 | INFO | Workspace /srv/jwteam_clone/shared/run_current initialized as plain shared directory (version_control disabled)
2026-08-08 00:41:44 | team | sess_2e5bb401b028 | INFO | EventBus[teammate] starting
2026-08-08 00:42:13 | team | sess_2e5bb401b028 | INFO | [verifier1] HITT section refresh: human_agent_names=[]
2026-08-08 00:42:22 | team | sess_2e5bb401b028 | INFO | [verifier1] processing 1 unread messages (steer=True)
2026-08-08 00:42:22 | team | sess_2e5bb401b028 | INFO | Message d87d4a29-5c4c-4353-88b6-a9d2ab0eb5b2 marked as read by verifier1
2026-08-08 00:42:47 | team | sess_2e5bb401b028 | INFO | Message f75d6686-b4a7-4aa8-9892-a2f28565bb5d created
2026-08-08 00:43:02 | team | sess_2e5bb401b028 | INFO | [verifier1] processing 1 unread messages (steer=True)
2026-08-08 00:43:02 | team | sess_2e5bb401b028 | INFO | Message d8f81eb7-7d86-43d7-8f71-d64a76c090f7 marked as read by verifier1
2026-08-08 00:43:19 | team | sess_2e5bb401b028 | INFO | [verifier1] processing 1 unread messages (steer=True)
2026-08-08 00:43:19 | team | sess_2e5bb401b028 | INFO | Message 1fb7548c-60cb-4ce9-8335-461e8de269f1 marked as read by verifier1
2026-08-08 00:43:23 | team | sess_2e5bb401b028 | INFO | Task verify claimed by member verifier1
2026-08-08 00:43:23 | team | sess_2e5bb401b028 | INFO | Task verify claimed by member verifier1
2026-08-08 00:43:44 | team | sess_2e5bb401b028 | INFO | Task verify completed at 1786146224978
2026-08-08 00:43:44 | team | sess_2e5bb401b028 | INFO | Message 88b31550-9220-4440-b71d-17d01d371809 created
2026-08-08 00:43:44 | team | sess_2e5bb401b028 | INFO | Task verify completed
2026-08-08 00:43:44 | team | sess_2e5bb401b028 | INFO | Message 4145d62b-09b7-4544-9ac2-7e4d6bbb9788 created
2026-08-08 00:44:00 | team | sess_2e5bb401b028 | INFO | [verifier1] processing 1 unread messages (steer=True)
2026-08-08 00:44:00 | team | sess_2e5bb401b028 | INFO | Message dc30297a-daba-4e26-b61f-54604a286ba8 marked as read by verifier1
2026-08-08 00:44:07 | team | sess_2e5bb401b028 | INFO | team jiuwen_team_sess_2e5bb401b028 reported completed: 9 members, 3 tasks
2026-08-08 00:44:08 | team | sess_2e5bb401b028 | INFO | [verifier1] received TEAM_STANDBY, pausing polls
2026-08-08 00:44:08 | team | sess_2e5bb401b028 | INFO | EventBus[teammate] pausing polls
