2026-08-08 00:41:40 | team | sess_2e5bb401b028 | INFO | Team workspace directory ensured at /srv/jwteam_clone/shared/run_current
2026-08-08 00:41:40 | team | sess_2e5bb401b028 | INFO | AgentTeam manager initialized for jiuwen_team_sess_2e5bb401b028, member=team_leader
2026-08-08 00:41:40 | team | sess_2e5bb401b028 | INFO | [team_leader] TeamPolicyRail static sections: section_names=['team_role', 'team_workflow', 'team_swarmflow', 'team_lifecycle', 'team_persona']
2026-08-08 00:41:40 | team | sess_2e5bb401b028 | INFO | Session tables ready for session sess_2e5bb401b028
2026-08-08 00:41:40 | team | sess_2e5bb401b028 | INFO | Team database initialized
2026-08-08 00:41:40 | team | default_trace_id | INFO | Team workspace directory ensured at /srv/jwteam_clone/shared/run_current
2026-08-08 00:41:40 | team | default_trace_id | INFO | AgentTeam manager initialized for jiuwen_team_sess_2e5bb401b028, member=executor1
2026-08-08 00:41:40 | team | default_trace_id | INFO | [executor1] TeamPolicyRail static sections: section_names=['team_role', 'team_persona']
2026-08-08 00:41:41 | team | sess_2e5bb401b028 | INFO | [executor1] invoke start, role=teammate
2026-08-08 00:41:41 | team | sess_2e5bb401b028 | INFO | [executor1] coordination starting
2026-08-08 00:41:41 | team | sess_2e5bb401b028 | INFO | Session tables ready for session sess_2e5bb401b028
2026-08-08 00:41:41 | team | sess_2e5bb401b028 | INFO | Workspace /srv/jwteam_clone/shared/run_current initialized as plain shared directory (version_control disabled)
2026-08-08 00:41:41 | team | sess_2e5bb401b028 | INFO | EventBus[teammate] starting
2026-08-08 00:42:13 | team | sess_2e5bb401b028 | INFO | [executor1] HITT section refresh: human_agent_names=[]
2026-08-08 00:42:22 | team | sess_2e5bb401b028 | INFO | [executor1] processing 1 unread messages (steer=True)
2026-08-08 00:42:22 | team | sess_2e5bb401b028 | INFO | Message d87d4a29-5c4c-4353-88b6-a9d2ab0eb5b2 marked as read by executor1
2026-08-08 00:42:40 | team | sess_2e5bb401b028 | INFO | [executor1] processing 1 unread messages (steer=True)
2026-08-08 00:42:40 | team | sess_2e5bb401b028 | INFO | Message 9e0346f0-c2d6-4011-bf07-c7f20c354131 marked as read by executor1
2026-08-08 00:42:57 | team | sess_2e5bb401b028 | INFO | Task implement claimed by member executor1
2026-08-08 00:42:57 | team | sess_2e5bb401b028 | INFO | Task implement claimed by member executor1
2026-08-08 00:43:19 | team | sess_2e5bb401b028 | INFO | Task implement completed at 1786146199076
2026-08-08 00:43:19 | team | sess_2e5bb401b028 | INFO | Message 1fb7548c-60cb-4ce9-8335-461e8de269f1 created
2026-08-08 00:43:19 | team | sess_2e5bb401b028 | INFO | Resolved 1 dependencies for task implement
2026-08-08 00:43:19 | team | sess_2e5bb401b028 | INFO | Task verify unblocked (all deps resolved)
2026-08-08 00:43:19 | team | sess_2e5bb401b028 | INFO | Task implement completed
2026-08-08 00:43:19 | team | sess_2e5bb401b028 | INFO | Unblocked 1 tasks
2026-08-08 00:43:44 | team | sess_2e5bb401b028 | INFO | [executor1] processing 1 unread messages (steer=True)
2026-08-08 00:43:45 | team | sess_2e5bb401b028 | INFO | Message 88b31550-9220-4440-b71d-17d01d371809 marked as read by executor1
2026-08-08 00:43:45 | team | sess_2e5bb401b028 | INFO | task list drained for team jiuwen_team_sess_2e5bb401b028: 3 terminal task(s)
2026-08-08 00:44:00 | team | sess_2e5bb401b028 | INFO | [executor1] processing 1 unread messages (steer=True)
2026-08-08 00:44:00 | team | sess_2e5bb401b028 | INFO | Message dc30297a-daba-4e26-b61f-54604a286ba8 marked as read by executor1
2026-08-08 00:44:07 | team | sess_2e5bb401b028 | INFO | team jiuwen_team_sess_2e5bb401b028 reported completed: 9 members, 3 tasks
2026-08-08 00:44:08 | team | sess_2e5bb401b028 | INFO | [executor1] received TEAM_STANDBY, pausing polls
2026-08-08 00:44:08 | team | sess_2e5bb401b028 | INFO | EventBus[teammate] pausing polls
