2026-08-08 00:41:39 | team | sess_2e5bb401b028 | INFO | Team workspace directory ensured at /srv/jwteam_clone/shared/run_current
2026-08-08 00:41:39 | team | sess_2e5bb401b028 | INFO | AgentTeam manager initialized for jiuwen_team_sess_2e5bb401b028, member=team_leader
2026-08-08 00:41:39 | team | sess_2e5bb401b028 | INFO | [team_leader] TeamPolicyRail static sections: section_names=['team_role', 'team_workflow', 'team_swarmflow', 'team_lifecycle', 'team_persona']
2026-08-08 00:41:39 | team | sess_2e5bb401b028 | INFO | Session tables ready for session sess_2e5bb401b028
2026-08-08 00:41:39 | team | sess_2e5bb401b028 | INFO | Team database initialized
2026-08-08 00:41:39 | team | default_trace_id | INFO | Team workspace directory ensured at /srv/jwteam_clone/shared/run_current
2026-08-08 00:41:39 | team | default_trace_id | INFO | AgentTeam manager initialized for jiuwen_team_sess_2e5bb401b028, member=planner2
2026-08-08 00:41:39 | team | default_trace_id | INFO | [planner2] TeamPolicyRail static sections: section_names=['team_role', 'team_persona']
2026-08-08 00:41:39 | team | sess_2e5bb401b028 | INFO | [planner2] invoke start, role=teammate
2026-08-08 00:41:39 | team | sess_2e5bb401b028 | INFO | [planner2] coordination starting
2026-08-08 00:41:39 | team | sess_2e5bb401b028 | INFO | Session tables ready for session sess_2e5bb401b028
2026-08-08 00:41:39 | team | sess_2e5bb401b028 | INFO | Workspace /srv/jwteam_clone/shared/run_current initialized as plain shared directory (version_control disabled)
2026-08-08 00:41:39 | team | sess_2e5bb401b028 | INFO | EventBus[teammate] starting
2026-08-08 00:42:13 | team | sess_2e5bb401b028 | INFO | [planner2] HITT section refresh: human_agent_names=[]
2026-08-08 00:42:18 | team | sess_2e5bb401b028 | INFO | Task plan claimed by member planner2
2026-08-08 00:42:18 | team | sess_2e5bb401b028 | INFO | Task plan claimed by member planner2
2026-08-08 00:42:22 | team | sess_2e5bb401b028 | INFO | [planner2] processing 1 unread messages (steer=True)
2026-08-08 00:42:22 | team | sess_2e5bb401b028 | INFO | Message d87d4a29-5c4c-4353-88b6-a9d2ab0eb5b2 marked as read by planner2
2026-08-08 00:42:33 | team | sess_2e5bb401b028 | INFO | [planner2] processing 1 unread messages (steer=True)
2026-08-08 00:42:33 | team | sess_2e5bb401b028 | INFO | Message 8202bc0c-cd43-4c6e-8b7e-4e82f96b5094 marked as read by planner2
2026-08-08 00:42:40 | team | sess_2e5bb401b028 | INFO | Message 9e0346f0-c2d6-4011-bf07-c7f20c354131 created
2026-08-08 00:42:47 | team | sess_2e5bb401b028 | INFO | Message e5ce7950-2710-4e96-b4dc-a6cbce607a56 created
2026-08-08 00:42:49 | team | sess_2e5bb401b028 | INFO | Task plan completed at 1786146169946
2026-08-08 00:42:49 | team | sess_2e5bb401b028 | INFO | Resolved 1 dependencies for task plan
2026-08-08 00:42:49 | team | sess_2e5bb401b028 | INFO | Task implement unblocked (all deps resolved)
2026-08-08 00:42:49 | team | sess_2e5bb401b028 | INFO | Task plan completed
2026-08-08 00:42:49 | team | sess_2e5bb401b028 | INFO | Unblocked 1 tasks
2026-08-08 00:42:54 | team | sess_2e5bb401b028 | INFO | Message 59f16257-3469-4b18-afba-9a0ef0c4cb93 created
2026-08-08 00:42:54 | team | sess_2e5bb401b028 | INFO | [planner2] processing 1 unread messages (steer=True)
2026-08-08 00:42:54 | team | sess_2e5bb401b028 | INFO | Message 2f491594-fcd7-496f-85a3-8855e7b61742 marked as read by planner2
2026-08-08 00:43:45 | team | sess_2e5bb401b028 | INFO | task list drained for team jiuwen_team_sess_2e5bb401b028: 3 terminal task(s)
2026-08-08 00:44:00 | team | sess_2e5bb401b028 | INFO | [planner2] processing 1 unread messages (steer=True)
2026-08-08 00:44:00 | team | sess_2e5bb401b028 | INFO | Message dc30297a-daba-4e26-b61f-54604a286ba8 marked as read by planner2
2026-08-08 00:44:07 | team | sess_2e5bb401b028 | INFO | team jiuwen_team_sess_2e5bb401b028 reported completed: 9 members, 3 tasks
2026-08-08 00:44:08 | team | sess_2e5bb401b028 | INFO | [planner2] received TEAM_STANDBY, pausing polls
2026-08-08 00:44:08 | team | sess_2e5bb401b028 | INFO | EventBus[teammate] pausing polls
