2026-08-08 12:00:45 | team | sess_226b6f97b41a | INFO | Team workspace directory ensured at /srv/jwteam_clone/shared/run_current
2026-08-08 12:00:45 | team | sess_226b6f97b41a | INFO | AgentTeam manager initialized for jiuwen_team_sess_226b6f97b41a, member=team_leader
2026-08-08 12:00:45 | team | sess_226b6f97b41a | INFO | [team_leader] TeamPolicyRail static sections: section_names=['team_role', 'team_workflow', 'team_swarmflow', 'team_lifecycle', 'team_persona']
2026-08-08 12:00:46 | team | sess_226b6f97b41a | INFO | Session tables ready for session sess_226b6f97b41a
2026-08-08 12:00:46 | team | sess_226b6f97b41a | INFO | Team database initialized
2026-08-08 12:00:46 | team | default_trace_id | INFO | Team workspace directory ensured at /srv/jwteam_clone/shared/run_current
2026-08-08 12:00:46 | team | default_trace_id | INFO | AgentTeam manager initialized for jiuwen_team_sess_226b6f97b41a, member=planner1
2026-08-08 12:00:46 | team | default_trace_id | INFO | [planner1] TeamPolicyRail static sections: section_names=['team_role', 'team_persona']
2026-08-08 12:00:46 | team | sess_226b6f97b41a | INFO | [planner1] invoke start, role=teammate
2026-08-08 12:00:46 | team | sess_226b6f97b41a | INFO | [planner1] coordination starting
2026-08-08 12:00:46 | team | sess_226b6f97b41a | INFO | Session tables ready for session sess_226b6f97b41a
2026-08-08 12:00:46 | team | sess_226b6f97b41a | INFO | Workspace /srv/jwteam_clone/shared/run_current initialized as plain shared directory (version_control disabled)
2026-08-08 12:00:46 | team | sess_226b6f97b41a | INFO | EventBus[teammate] starting
2026-08-08 12:01:11 | team | sess_226b6f97b41a | INFO | [planner1] HITT section refresh: human_agent_names=[]
2026-08-08 12:01:21 | team | sess_226b6f97b41a | INFO | Task plan claimed by member planner1
2026-08-08 12:01:21 | team | sess_226b6f97b41a | INFO | Task plan claimed by member planner1
2026-08-08 12:01:22 | team | sess_226b6f97b41a | INFO | [planner1] processing 1 unread messages (steer=True)
2026-08-08 12:01:22 | team | sess_226b6f97b41a | INFO | Message 018a6dee-8b13-4238-a9ba-9deb760de523 marked as read by planner1
2026-08-08 12:01:31 | team | sess_226b6f97b41a | INFO | [planner1] processing 1 unread messages (steer=True)
2026-08-08 12:01:31 | team | sess_226b6f97b41a | INFO | Message 3358092c-4e50-4d73-99bb-8ab9aa244fd6 marked as read by planner1
2026-08-08 12:02:29 | team | sess_226b6f97b41a | INFO | Message bba90f81-034a-4376-83b8-a8196011da62 created
2026-08-08 12:02:34 | team | sess_226b6f97b41a | INFO | Task plan completed at 1786186954109
2026-08-08 12:02:34 | team | sess_226b6f97b41a | INFO | Resolved 1 dependencies for task plan
2026-08-08 12:02:34 | team | sess_226b6f97b41a | INFO | Task implement unblocked (all deps resolved)
2026-08-08 12:02:34 | team | sess_226b6f97b41a | INFO | Task plan completed
2026-08-08 12:02:34 | team | sess_226b6f97b41a | INFO | Unblocked 1 tasks
2026-08-08 12:02:41 | team | sess_226b6f97b41a | INFO | Message 34fd5507-0807-4330-8ae3-441aac45b01d created
2026-08-08 12:03:42 | team | sess_226b6f97b41a | INFO | task list drained for team jiuwen_team_sess_226b6f97b41a: 3 terminal task(s)
2026-08-08 12:04:04 | team | sess_226b6f97b41a | INFO | team jiuwen_team_sess_226b6f97b41a reported completed: 9 members, 3 tasks
2026-08-08 12:04:04 | team | sess_226b6f97b41a | INFO | [planner1] received TEAM_STANDBY, pausing polls
2026-08-08 12:04:04 | team | sess_226b6f97b41a | INFO | EventBus[teammate] pausing polls
