2026-08-10 00:32:33 | team | sess_d1100d357e7f | INFO | Team workspace directory ensured at /srv/jwteam_clone/shared/run_current
2026-08-10 00:32:33 | team | sess_d1100d357e7f | INFO | AgentTeam manager initialized for jiuwen_team_sess_d1100d357e7f, member=team_leader
2026-08-10 00:32:33 | team | sess_d1100d357e7f | INFO | [team_leader] TeamPolicyRail static sections: section_names=['team_role', 'team_workflow', 'team_swarmflow', 'team_lifecycle', 'team_persona']
2026-08-10 00:32:33 | team | sess_d1100d357e7f | INFO | Session tables ready for session sess_d1100d357e7f
2026-08-10 00:32:33 | team | sess_d1100d357e7f | INFO | Team database initialized
2026-08-10 00:32:33 | team | default_trace_id | INFO | Team workspace directory ensured at /srv/jwteam_clone/shared/run_current
2026-08-10 00:32:33 | team | default_trace_id | INFO | AgentTeam manager initialized for jiuwen_team_sess_d1100d357e7f, member=verifier2
2026-08-10 00:32:33 | team | default_trace_id | INFO | [verifier2] TeamPolicyRail static sections: section_names=['team_role', 'team_persona']
2026-08-10 00:32:33 | team | sess_d1100d357e7f | INFO | [verifier2] invoke start, role=teammate
2026-08-10 00:32:33 | team | sess_d1100d357e7f | INFO | [verifier2] coordination starting
2026-08-10 00:32:33 | team | sess_d1100d357e7f | INFO | Session tables ready for session sess_d1100d357e7f
2026-08-10 00:32:33 | team | sess_d1100d357e7f | INFO | Workspace /srv/jwteam_clone/shared/run_current initialized as plain shared directory (version_control disabled)
2026-08-10 00:32:33 | team | sess_d1100d357e7f | INFO | EventBus[teammate] starting
2026-08-10 00:33:01 | team | sess_d1100d357e7f | INFO | [verifier2] HITT section refresh: human_agent_names=[]
2026-08-10 00:33:12 | team | sess_d1100d357e7f | INFO | [verifier2] processing 1 unread messages (steer=True)
2026-08-10 00:33:12 | team | sess_d1100d357e7f | INFO | Message cc8be382-ae3e-4b7c-b39d-9c7630d54233 marked as read by verifier2
2026-08-10 00:33:34 | team | sess_d1100d357e7f | INFO | Message b5b9d1e2-ad6f-4f92-b612-4427989cad26 created
2026-08-10 00:38:32 | team | sess_d1100d357e7f | INFO | task list drained for team jiuwen_team_sess_d1100d357e7f: 3 terminal task(s)
2026-08-10 00:38:44 | team | sess_d1100d357e7f | INFO | [verifier2] processing 1 unread messages (steer=True)
2026-08-10 00:38:45 | team | sess_d1100d357e7f | INFO | Message c3bb5133-24b0-49f3-ba45-8dc41894d7b4 marked as read by verifier2
2026-08-10 00:38:55 | team | sess_d1100d357e7f | INFO | team jiuwen_team_sess_d1100d357e7f reported completed: 9 members, 3 tasks
2026-08-10 00:38:55 | team | sess_d1100d357e7f | INFO | [verifier2] received TEAM_STANDBY, pausing polls
2026-08-10 00:38:55 | team | sess_d1100d357e7f | INFO | EventBus[teammate] pausing polls
