2026-08-10 00:32:32 | team | sess_d1100d357e7f | INFO | Team workspace directory ensured at /srv/jwteam_clone/shared/run_current
2026-08-10 00:32:32 | team | sess_d1100d357e7f | INFO | AgentTeam manager initialized for jiuwen_team_sess_d1100d357e7f, member=team_leader
2026-08-10 00:32:32 | team | sess_d1100d357e7f | INFO | [team_leader] TeamPolicyRail static sections: section_names=['team_role', 'team_workflow', 'team_swarmflow', 'team_lifecycle', 'team_persona']
2026-08-10 00:32:32 | team | sess_d1100d357e7f | INFO | Session tables ready for session sess_d1100d357e7f
2026-08-10 00:32:32 | team | sess_d1100d357e7f | INFO | Team database initialized
2026-08-10 00:32:32 | team | default_trace_id | INFO | Team workspace directory ensured at /srv/jwteam_clone/shared/run_current
2026-08-10 00:32:32 | team | default_trace_id | INFO | AgentTeam manager initialized for jiuwen_team_sess_d1100d357e7f, member=verifier1
2026-08-10 00:32:32 | team | default_trace_id | INFO | [verifier1] TeamPolicyRail static sections: section_names=['team_role', 'team_persona']
2026-08-10 00:32:32 | team | sess_d1100d357e7f | INFO | [verifier1] invoke start, role=teammate
2026-08-10 00:32:32 | team | sess_d1100d357e7f | INFO | [verifier1] coordination starting
2026-08-10 00:32:32 | team | sess_d1100d357e7f | INFO | Session tables ready for session sess_d1100d357e7f
2026-08-10 00:32:32 | team | sess_d1100d357e7f | INFO | Workspace /srv/jwteam_clone/shared/run_current initialized as plain shared directory (version_control disabled)
2026-08-10 00:32:32 | team | sess_d1100d357e7f | INFO | EventBus[teammate] starting
2026-08-10 00:33:01 | team | sess_d1100d357e7f | INFO | [verifier1] HITT section refresh: human_agent_names=[]
2026-08-10 00:33:12 | team | sess_d1100d357e7f | INFO | [verifier1] processing 1 unread messages (steer=True)
2026-08-10 00:33:12 | team | sess_d1100d357e7f | INFO | Message cc8be382-ae3e-4b7c-b39d-9c7630d54233 marked as read by verifier1
2026-08-10 00:33:22 | team | sess_d1100d357e7f | INFO | Message 40ae2916-25a5-4d46-957e-386c4f235864 created
2026-08-10 00:37:27 | team | sess_d1100d357e7f | INFO | Task verify claimed by member verifier1
2026-08-10 00:37:27 | team | sess_d1100d357e7f | INFO | Task verify claimed by member verifier1
2026-08-10 00:37:30 | team | sess_d1100d357e7f | INFO | [verifier1] processing 1 unread messages (steer=True)
2026-08-10 00:37:30 | team | sess_d1100d357e7f | INFO | Message 376531da-0ea5-4f56-ba2b-f3cb30b2c511 marked as read by verifier1
2026-08-10 00:38:32 | team | sess_d1100d357e7f | INFO | Task verify completed at 1786318712804
2026-08-10 00:38:32 | team | sess_d1100d357e7f | INFO | Message 65c5afa8-6fa7-4587-a2aa-531de797de7f created
2026-08-10 00:38:32 | team | sess_d1100d357e7f | INFO | Task verify completed
2026-08-10 00:38:32 | team | sess_d1100d357e7f | INFO | Message 55b18619-5a97-494d-8a33-361d32718d97 created
2026-08-10 00:38:36 | team | sess_d1100d357e7f | INFO | [verifier1] processing 1 unread messages (steer=True)
2026-08-10 00:38:36 | team | sess_d1100d357e7f | INFO | Message a9dc9c5f-6904-4a17-95a0-1c1a89eb426e marked as read by verifier1
2026-08-10 00:38:44 | team | sess_d1100d357e7f | INFO | [verifier1] processing 1 unread messages (steer=True)
2026-08-10 00:38:45 | team | sess_d1100d357e7f | INFO | Message c3bb5133-24b0-49f3-ba45-8dc41894d7b4 marked as read by verifier1
2026-08-10 00:38:55 | team | sess_d1100d357e7f | INFO | team jiuwen_team_sess_d1100d357e7f reported completed: 9 members, 3 tasks
2026-08-10 00:38:55 | team | sess_d1100d357e7f | INFO | [verifier1] received TEAM_STANDBY, pausing polls
2026-08-10 00:38:55 | team | sess_d1100d357e7f | INFO | EventBus[teammate] pausing polls
