2026-08-10 00:32:28 | team | sess_d1100d357e7f | INFO | Team workspace directory ensured at /srv/jwteam_clone/shared/run_current
2026-08-10 00:32:28 | team | sess_d1100d357e7f | INFO | AgentTeam manager initialized for jiuwen_team_sess_d1100d357e7f, member=team_leader
2026-08-10 00:32:28 | team | sess_d1100d357e7f | INFO | [team_leader] TeamPolicyRail static sections: section_names=['team_role', 'team_workflow', 'team_swarmflow', 'team_lifecycle', 'team_persona']
2026-08-10 00:32:28 | team | sess_d1100d357e7f | INFO | Session tables ready for session sess_d1100d357e7f
2026-08-10 00:32:28 | team | sess_d1100d357e7f | INFO | Team database initialized
2026-08-10 00:32:28 | team | default_trace_id | INFO | Team workspace directory ensured at /srv/jwteam_clone/shared/run_current
2026-08-10 00:32:28 | team | default_trace_id | INFO | AgentTeam manager initialized for jiuwen_team_sess_d1100d357e7f, member=planner2
2026-08-10 00:32:28 | team | default_trace_id | INFO | [planner2] TeamPolicyRail static sections: section_names=['team_role', 'team_persona']
2026-08-10 00:32:28 | team | sess_d1100d357e7f | INFO | [planner2] invoke start, role=teammate
2026-08-10 00:32:28 | team | sess_d1100d357e7f | INFO | [planner2] coordination starting
2026-08-10 00:32:28 | team | sess_d1100d357e7f | INFO | Session tables ready for session sess_d1100d357e7f
2026-08-10 00:32:28 | team | sess_d1100d357e7f | INFO | Workspace /srv/jwteam_clone/shared/run_current initialized as plain shared directory (version_control disabled)
2026-08-10 00:32:28 | team | sess_d1100d357e7f | INFO | EventBus[teammate] starting
2026-08-10 00:33:01 | team | sess_d1100d357e7f | INFO | [planner2] HITT section refresh: human_agent_names=[]
2026-08-10 00:33:12 | team | sess_d1100d357e7f | INFO | [planner2] processing 1 unread messages (steer=True)
2026-08-10 00:33:12 | team | sess_d1100d357e7f | INFO | Message cc8be382-ae3e-4b7c-b39d-9c7630d54233 marked as read by planner2
2026-08-10 00:33:26 | team | sess_d1100d357e7f | INFO | Message 6cbce22b-bb68-497c-bddd-df081bc7d1fd created
2026-08-10 00:33:34 | team | sess_d1100d357e7f | INFO | [planner2] processing 1 unread messages (steer=True)
2026-08-10 00:33:34 | team | sess_d1100d357e7f | INFO | Message a82c99e9-f95d-4b04-8cb1-be4626d95da3 marked as read by planner2
2026-08-10 00:33:36 | team | sess_d1100d357e7f | INFO | Message 19fa65ad-f03a-4803-a6a3-4b812bf07186 created
2026-08-10 00:33:46 | team | sess_d1100d357e7f | INFO | Message 956d405e-2df6-4c56-bd5f-e4d6deb3ed2f created
2026-08-10 00:33:56 | team | sess_d1100d357e7f | INFO | [planner2] processing 1 unread messages (steer=True)
2026-08-10 00:33:56 | team | sess_d1100d357e7f | INFO | Message cfecca12-635c-4eeb-b236-e1eff8689e31 marked as read by planner2
2026-08-10 00:34:04 | team | sess_d1100d357e7f | INFO | Message 5852b1f3-c0f4-4121-a23a-06eaf21807a7 created
2026-08-10 00:34:12 | team | sess_d1100d357e7f | INFO | Message 52f29653-8545-4351-8c81-d0023813ac71 created
2026-08-10 00:34:14 | team | sess_d1100d357e7f | INFO | [planner2] processing 1 unread messages (steer=True)
2026-08-10 00:34:14 | team | sess_d1100d357e7f | INFO | Message fd88303d-8422-4bee-9d2d-0d96847fa413 marked as read by planner2
2026-08-10 00:34:25 | team | sess_d1100d357e7f | INFO | Message 55e18f44-a90a-40f1-8752-497210336a21 created
2026-08-10 00:34:44 | team | sess_d1100d357e7f | INFO | [planner2] processing 1 unread messages (steer=True)
2026-08-10 00:34:44 | team | sess_d1100d357e7f | INFO | Message 2cac03c3-8721-4229-a9ce-92faa55e5ba3 marked as read by planner2
2026-08-10 00:34:52 | team | sess_d1100d357e7f | INFO | Message 20868ca5-f3e2-46a5-a389-35327d3b7e8d created
2026-08-10 00:35:03 | team | sess_d1100d357e7f | INFO | [planner2] processing 1 unread messages (steer=True)
2026-08-10 00:35:03 | team | sess_d1100d357e7f | INFO | Message 2586c8de-45e5-4477-a988-0d300d8f92c2 marked as read by planner2
2026-08-10 00:35:05 | team | sess_d1100d357e7f | INFO | Message be0ab7af-ce2f-4913-8b0e-8620133ade61 created
2026-08-10 00:35:08 | team | sess_d1100d357e7f | INFO | [planner2] processing 1 unread messages (steer=True)
2026-08-10 00:35:08 | team | sess_d1100d357e7f | INFO | Message 7aad780d-2d20-4846-a10d-76a926e89e6e marked as read by planner2
2026-08-10 00:35:20 | team | sess_d1100d357e7f | INFO | Message 8c9a1153-e9c6-4b6d-a9e2-4e7366b43190 created
2026-08-10 00:35:29 | team | sess_d1100d357e7f | INFO | Message 98e3ae9c-508a-4c41-9deb-651d0c3046ca created
2026-08-10 00:35:35 | team | sess_d1100d357e7f | INFO | Message 3372250f-f501-4bf1-bfce-376ee6eaa081 created
2026-08-10 00:35:54 | team | sess_d1100d357e7f | INFO | [planner2] processing 1 unread messages (steer=True)
2026-08-10 00:35:54 | team | sess_d1100d357e7f | INFO | Message 2b48e7fb-d2c7-4185-8fef-7f9217044093 marked as read by planner2
2026-08-10 00:36:03 | team | sess_d1100d357e7f | INFO | Message db43023a-f70d-4500-8bfc-5d7e4bcfdf1c created
2026-08-10 00:38:32 | team | sess_d1100d357e7f | INFO | task list drained for team jiuwen_team_sess_d1100d357e7f: 3 terminal task(s)
2026-08-10 00:38:44 | team | sess_d1100d357e7f | INFO | [planner2] processing 1 unread messages (steer=True)
2026-08-10 00:38:45 | team | sess_d1100d357e7f | INFO | Message c3bb5133-24b0-49f3-ba45-8dc41894d7b4 marked as read by planner2
2026-08-10 00:38:55 | team | sess_d1100d357e7f | INFO | team jiuwen_team_sess_d1100d357e7f reported completed: 9 members, 3 tasks
2026-08-10 00:38:55 | team | sess_d1100d357e7f | INFO | [planner2] received TEAM_STANDBY, pausing polls
2026-08-10 00:38:55 | team | sess_d1100d357e7f | INFO | EventBus[teammate] pausing polls
