2026-08-10 00:32:29 | team | sess_d1100d357e7f | INFO | Team workspace directory ensured at /srv/jwteam_clone/shared/run_current
2026-08-10 00:32:29 | team | sess_d1100d357e7f | INFO | AgentTeam manager initialized for jiuwen_team_sess_d1100d357e7f, member=team_leader
2026-08-10 00:32:29 | team | sess_d1100d357e7f | INFO | [team_leader] TeamPolicyRail static sections: section_names=['team_role', 'team_workflow', 'team_swarmflow', 'team_lifecycle', 'team_persona']
2026-08-10 00:32:29 | team | sess_d1100d357e7f | INFO | Session tables ready for session sess_d1100d357e7f
2026-08-10 00:32:29 | team | sess_d1100d357e7f | INFO | Team database initialized
2026-08-10 00:32:29 | team | default_trace_id | INFO | Team workspace directory ensured at /srv/jwteam_clone/shared/run_current
2026-08-10 00:32:29 | team | default_trace_id | INFO | AgentTeam manager initialized for jiuwen_team_sess_d1100d357e7f, member=executor1
2026-08-10 00:32:29 | team | default_trace_id | INFO | [executor1] TeamPolicyRail static sections: section_names=['team_role', 'team_persona']
2026-08-10 00:32:29 | team | sess_d1100d357e7f | INFO | [executor1] invoke start, role=teammate
2026-08-10 00:32:29 | team | sess_d1100d357e7f | INFO | [executor1] coordination starting
2026-08-10 00:32:29 | team | sess_d1100d357e7f | INFO | Session tables ready for session sess_d1100d357e7f
2026-08-10 00:32:29 | team | sess_d1100d357e7f | INFO | Workspace /srv/jwteam_clone/shared/run_current initialized as plain shared directory (version_control disabled)
2026-08-10 00:32:29 | team | sess_d1100d357e7f | INFO | EventBus[teammate] starting
2026-08-10 00:33:01 | team | sess_d1100d357e7f | INFO | [executor1] HITT section refresh: human_agent_names=[]
2026-08-10 00:33:12 | team | sess_d1100d357e7f | INFO | [executor1] processing 1 unread messages (steer=True)
2026-08-10 00:33:12 | team | sess_d1100d357e7f | INFO | Message cc8be382-ae3e-4b7c-b39d-9c7630d54233 marked as read by executor1
2026-08-10 00:35:46 | team | sess_d1100d357e7f | INFO | [executor1] processing 1 unread messages (steer=True)
2026-08-10 00:35:46 | team | sess_d1100d357e7f | INFO | Message e03371b9-ef24-454e-9ecd-1fa2545a7a19 marked as read by executor1
2026-08-10 00:35:52 | team | sess_d1100d357e7f | INFO | Message 2acdb606-7931-4948-87b7-786fadfc81b3 created
2026-08-10 00:36:17 | team | sess_d1100d357e7f | INFO | [executor1] processing 1 unread messages (steer=True)
2026-08-10 00:36:17 | team | sess_d1100d357e7f | INFO | Message 52a379bc-2a92-4ff2-81da-b406031959f0 marked as read by executor1
2026-08-10 00:36:33 | team | sess_d1100d357e7f | INFO | Message f5285fd2-13ca-47ca-9ad0-5879adb25cb3 created
2026-08-10 00:36:43 | team | sess_d1100d357e7f | INFO | [executor1] received TASK_CLAIMED for self, task_id=implement, human_agent=False
2026-08-10 00:37:02 | team | sess_d1100d357e7f | INFO | Message 9bf428a9-e4aa-4484-8eea-eabef45d9667 created
2026-08-10 00:37:08 | team | sess_d1100d357e7f | INFO | [executor1] processing 1 unread messages (steer=True)
2026-08-10 00:37:08 | team | sess_d1100d357e7f | INFO | Message 4bc4a526-d888-4ee3-be6e-ee0dee95499a marked as read by executor1
2026-08-10 00:37:21 | team | sess_d1100d357e7f | INFO | Task implement completed at 1786318641822
2026-08-10 00:37:21 | team | sess_d1100d357e7f | INFO | Resolved 1 dependencies for task implement
2026-08-10 00:37:21 | team | sess_d1100d357e7f | INFO | Task verify unblocked (all deps resolved)
2026-08-10 00:37:21 | team | sess_d1100d357e7f | INFO | Task implement completed
2026-08-10 00:37:21 | team | sess_d1100d357e7f | INFO | Unblocked 1 tasks
2026-08-10 00:37:30 | team | sess_d1100d357e7f | INFO | Message 376531da-0ea5-4f56-ba2b-f3cb30b2c511 created
2026-08-10 00:38:32 | team | sess_d1100d357e7f | INFO | [executor1] processing 1 unread messages (steer=True)
2026-08-10 00:38:32 | team | sess_d1100d357e7f | INFO | Message 65c5afa8-6fa7-4587-a2aa-531de797de7f marked as read by executor1
2026-08-10 00:38:32 | team | sess_d1100d357e7f | INFO | task list drained for team jiuwen_team_sess_d1100d357e7f: 3 terminal task(s)
2026-08-10 00:38:36 | team | sess_d1100d357e7f | INFO | Message a9dc9c5f-6904-4a17-95a0-1c1a89eb426e created
2026-08-10 00:38:44 | team | sess_d1100d357e7f | INFO | [executor1] processing 1 unread messages (steer=True)
2026-08-10 00:38:45 | team | sess_d1100d357e7f | INFO | Message c3bb5133-24b0-49f3-ba45-8dc41894d7b4 marked as read by executor1
2026-08-10 00:38:55 | team | sess_d1100d357e7f | INFO | team jiuwen_team_sess_d1100d357e7f reported completed: 9 members, 3 tasks
2026-08-10 00:38:55 | team | sess_d1100d357e7f | INFO | [executor1] received TEAM_STANDBY, pausing polls
2026-08-10 00:38:55 | team | sess_d1100d357e7f | INFO | EventBus[teammate] pausing polls
