2026-08-10 00:32:27 | team | sess_d1100d357e7f | INFO | Team workspace directory ensured at /srv/jwteam_clone/shared/run_current
2026-08-10 00:32:27 | team | sess_d1100d357e7f | INFO | AgentTeam manager initialized for jiuwen_team_sess_d1100d357e7f, member=team_leader
2026-08-10 00:32:27 | team | sess_d1100d357e7f | INFO | [team_leader] TeamPolicyRail static sections: section_names=['team_role', 'team_workflow', 'team_swarmflow', 'team_lifecycle', 'team_persona']
2026-08-10 00:32:27 | team | sess_d1100d357e7f | INFO | Session tables ready for session sess_d1100d357e7f
2026-08-10 00:32:27 | team | sess_d1100d357e7f | INFO | Team database initialized
2026-08-10 00:32:27 | team | default_trace_id | INFO | Team workspace directory ensured at /srv/jwteam_clone/shared/run_current
2026-08-10 00:32:27 | team | default_trace_id | INFO | AgentTeam manager initialized for jiuwen_team_sess_d1100d357e7f, member=planner1
2026-08-10 00:32:27 | team | default_trace_id | INFO | [planner1] TeamPolicyRail static sections: section_names=['team_role', 'team_persona']
2026-08-10 00:32:27 | team | sess_d1100d357e7f | INFO | [planner1] invoke start, role=teammate
2026-08-10 00:32:27 | team | sess_d1100d357e7f | INFO | [planner1] coordination starting
2026-08-10 00:32:27 | team | sess_d1100d357e7f | INFO | Session tables ready for session sess_d1100d357e7f
2026-08-10 00:32:27 | team | sess_d1100d357e7f | INFO | Workspace /srv/jwteam_clone/shared/run_current initialized as plain shared directory (version_control disabled)
2026-08-10 00:32:27 | team | sess_d1100d357e7f | INFO | EventBus[teammate] starting
2026-08-10 00:33:01 | team | sess_d1100d357e7f | INFO | [planner1] HITT section refresh: human_agent_names=[]
2026-08-10 00:33:09 | team | sess_d1100d357e7f | INFO | Task plan claimed by member planner1
2026-08-10 00:33:09 | team | sess_d1100d357e7f | INFO | Task plan claimed by member planner1
2026-08-10 00:33:12 | team | sess_d1100d357e7f | INFO | [planner1] processing 1 unread messages (steer=True)
2026-08-10 00:33:12 | team | sess_d1100d357e7f | INFO | Message cc8be382-ae3e-4b7c-b39d-9c7630d54233 marked as read by planner1
2026-08-10 00:33:18 | team | sess_d1100d357e7f | INFO | [planner1] processing 1 unread messages (steer=True)
2026-08-10 00:33:18 | team | sess_d1100d357e7f | INFO | Message 6c8aded3-520f-41ec-a7d0-e2c915478725 marked as read by planner1
2026-08-10 00:33:26 | team | sess_d1100d357e7f | INFO | [planner1] processing 1 unread messages (steer=True)
2026-08-10 00:33:26 | team | sess_d1100d357e7f | INFO | Message 6cbce22b-bb68-497c-bddd-df081bc7d1fd marked as read by planner1
2026-08-10 00:33:28 | team | sess_d1100d357e7f | INFO | Message f0e98a6e-d577-4d54-a787-512cb688dbc2 created
2026-08-10 00:33:28 | team | sess_d1100d357e7f | INFO | Message 229978ef-8f25-4233-9cf0-b546c72e2e63 created
2026-08-10 00:33:34 | team | sess_d1100d357e7f | INFO | Message a82c99e9-f95d-4b04-8cb1-be4626d95da3 created
2026-08-10 00:33:35 | team | sess_d1100d357e7f | INFO | [planner1] processing 1 unread messages (steer=True)
2026-08-10 00:33:35 | team | sess_d1100d357e7f | INFO | Message 6f3f2ced-2811-40dd-ae90-55557a277d4e marked as read by planner1
2026-08-10 00:33:46 | team | sess_d1100d357e7f | INFO | [planner1] processing 1 unread messages (steer=True)
2026-08-10 00:33:46 | team | sess_d1100d357e7f | INFO | Message 956d405e-2df6-4c56-bd5f-e4d6deb3ed2f marked as read by planner1
2026-08-10 00:33:46 | team | sess_d1100d357e7f | INFO | Message de0c1dd0-93ae-4c50-a0b2-8a040ae48283 created
2026-08-10 00:33:56 | team | sess_d1100d357e7f | INFO | Message cfecca12-635c-4eeb-b236-e1eff8689e31 created
2026-08-10 00:34:01 | team | sess_d1100d357e7f | INFO | [planner1] processing 1 unread messages (steer=True)
2026-08-10 00:34:01 | team | sess_d1100d357e7f | INFO | Message 48d5e1da-cd2f-4cca-9d57-3c5f87b49c07 marked as read by planner1
2026-08-10 00:34:02 | team | sess_d1100d357e7f | INFO | [planner1] processing 1 unread messages (steer=True)
2026-08-10 00:34:02 | team | sess_d1100d357e7f | INFO | Message 8875cef4-cff6-4856-9f03-a5d0d3106a61 marked as read by planner1
2026-08-10 00:34:12 | team | sess_d1100d357e7f | INFO | [planner1] processing 1 unread messages (steer=True)
2026-08-10 00:34:12 | team | sess_d1100d357e7f | INFO | Message 52f29653-8545-4351-8c81-d0023813ac71 marked as read by planner1
2026-08-10 00:34:49 | team | sess_d1100d357e7f | INFO | [planner1] processing 1 unread messages (steer=True)
2026-08-10 00:34:49 | team | sess_d1100d357e7f | INFO | Message 97c054a2-f602-4263-b83b-760ab9048f26 marked as read by planner1
2026-08-10 00:34:59 | team | sess_d1100d357e7f | INFO | Message 5cb3314f-9694-479e-9fca-f8a293a56d60 created
2026-08-10 00:34:59 | team | sess_d1100d357e7f | INFO | Message 51e09ab4-e1a7-4b05-9f26-900d3acd2356 created
2026-08-10 00:35:08 | team | sess_d1100d357e7f | INFO | Message 6cb68c44-18d4-4372-8d22-aabd52c11fe1 created
2026-08-10 00:35:08 | team | sess_d1100d357e7f | INFO | Message 7aad780d-2d20-4846-a10d-76a926e89e6e created
2026-08-10 00:35:20 | team | sess_d1100d357e7f | INFO | [planner1] processing 1 unread messages (steer=True)
2026-08-10 00:35:20 | team | sess_d1100d357e7f | INFO | Message 8c9a1153-e9c6-4b6d-a9e2-4e7366b43190 marked as read by planner1
2026-08-10 00:35:29 | team | sess_d1100d357e7f | INFO | [planner1] processing 1 unread messages (steer=True)
2026-08-10 00:35:29 | team | sess_d1100d357e7f | INFO | Message 98e3ae9c-508a-4c41-9deb-651d0c3046ca marked as read by planner1
2026-08-10 00:35:46 | team | sess_d1100d357e7f | INFO | Message e03371b9-ef24-454e-9ecd-1fa2545a7a19 created
2026-08-10 00:35:52 | team | sess_d1100d357e7f | INFO | [planner1] processing 1 unread messages (steer=True)
2026-08-10 00:35:52 | team | sess_d1100d357e7f | INFO | Message 2acdb606-7931-4948-87b7-786fadfc81b3 marked as read by planner1
2026-08-10 00:35:54 | team | sess_d1100d357e7f | INFO | Message 2b48e7fb-d2c7-4185-8fef-7f9217044093 created
2026-08-10 00:36:03 | team | sess_d1100d357e7f | INFO | [planner1] processing 1 unread messages (steer=True)
2026-08-10 00:36:03 | team | sess_d1100d357e7f | INFO | Message db43023a-f70d-4500-8bfc-5d7e4bcfdf1c marked as read by planner1
2026-08-10 00:36:17 | team | sess_d1100d357e7f | INFO | Message a7e43d24-cf41-4d44-832b-e6fcd3de8652 created
2026-08-10 00:36:17 | team | sess_d1100d357e7f | INFO | Message 52a379bc-2a92-4ff2-81da-b406031959f0 created
2026-08-10 00:36:32 | team | sess_d1100d357e7f | INFO | [planner1] processing 1 unread messages (steer=True)
2026-08-10 00:36:32 | team | sess_d1100d357e7f | INFO | Message 11250261-af62-48e7-8cf6-c8fb460d4581 marked as read by planner1
2026-08-10 00:36:33 | team | sess_d1100d357e7f | INFO | [planner1] processing 1 unread messages (steer=True)
2026-08-10 00:36:33 | team | sess_d1100d357e7f | INFO | Message f5285fd2-13ca-47ca-9ad0-5879adb25cb3 marked as read by planner1
2026-08-10 00:36:37 | team | sess_d1100d357e7f | INFO | Task plan completed at 1786318597899
2026-08-10 00:36:37 | team | sess_d1100d357e7f | INFO | Resolved 1 dependencies for task plan
2026-08-10 00:36:37 | team | sess_d1100d357e7f | INFO | Task implement unblocked (all deps resolved)
2026-08-10 00:36:37 | team | sess_d1100d357e7f | INFO | Task plan completed
2026-08-10 00:36:37 | team | sess_d1100d357e7f | INFO | Unblocked 1 tasks
2026-08-10 00:36:42 | team | sess_d1100d357e7f | INFO | Message 6b9d9c25-9e54-4328-97b7-efc41d40abd8 created
2026-08-10 00:37:02 | team | sess_d1100d357e7f | INFO | [planner1] processing 1 unread messages (steer=True)
2026-08-10 00:37:02 | team | sess_d1100d357e7f | INFO | Message 9bf428a9-e4aa-4484-8eea-eabef45d9667 marked as read by planner1
2026-08-10 00:37:08 | team | sess_d1100d357e7f | INFO | Message 4bc4a526-d888-4ee3-be6e-ee0dee95499a created
2026-08-10 00:38:32 | team | sess_d1100d357e7f | INFO | task list drained for team jiuwen_team_sess_d1100d357e7f: 3 terminal task(s)
2026-08-10 00:38:44 | team | sess_d1100d357e7f | INFO | [planner1] processing 1 unread messages (steer=True)
2026-08-10 00:38:45 | team | sess_d1100d357e7f | INFO | Message c3bb5133-24b0-49f3-ba45-8dc41894d7b4 marked as read by planner1
2026-08-10 00:38:55 | team | sess_d1100d357e7f | INFO | team jiuwen_team_sess_d1100d357e7f reported completed: 9 members, 3 tasks
2026-08-10 00:38:55 | team | sess_d1100d357e7f | INFO | [planner1] received TEAM_STANDBY, pausing polls
2026-08-10 00:38:55 | team | sess_d1100d357e7f | INFO | EventBus[teammate] pausing polls
