2026-08-10 00:32:34 | team | sess_d1100d357e7f | INFO | Team workspace directory ensured at /srv/jwteam_clone/shared/run_current
2026-08-10 00:32:34 | team | sess_d1100d357e7f | INFO | AgentTeam manager initialized for jiuwen_team_sess_d1100d357e7f, member=team_leader
2026-08-10 00:32:34 | team | sess_d1100d357e7f | INFO | [team_leader] TeamPolicyRail static sections: section_names=['team_role', 'team_workflow', 'team_swarmflow', 'team_lifecycle', 'team_persona']
2026-08-10 00:32:34 | team | sess_d1100d357e7f | INFO | Session tables ready for session sess_d1100d357e7f
2026-08-10 00:32:34 | team | sess_d1100d357e7f | INFO | Team database initialized
2026-08-10 00:32:34 | team | default_trace_id | INFO | Team workspace directory ensured at /srv/jwteam_clone/shared/run_current
2026-08-10 00:32:34 | team | default_trace_id | INFO | AgentTeam manager initialized for jiuwen_team_sess_d1100d357e7f, member=fullstack1
2026-08-10 00:32:34 | team | default_trace_id | INFO | [fullstack1] TeamPolicyRail static sections: section_names=['team_role', 'team_persona']
2026-08-10 00:32:34 | team | sess_d1100d357e7f | INFO | [fullstack1] invoke start, role=teammate
2026-08-10 00:32:34 | team | sess_d1100d357e7f | INFO | [fullstack1] coordination starting
2026-08-10 00:32:34 | team | sess_d1100d357e7f | INFO | Session tables ready for session sess_d1100d357e7f
2026-08-10 00:32:34 | team | sess_d1100d357e7f | INFO | Workspace /srv/jwteam_clone/shared/run_current initialized as plain shared directory (version_control disabled)
2026-08-10 00:32:34 | team | sess_d1100d357e7f | INFO | EventBus[teammate] starting
2026-08-10 00:33:01 | team | sess_d1100d357e7f | INFO | [fullstack1] HITT section refresh: human_agent_names=[]
2026-08-10 00:33:12 | team | sess_d1100d357e7f | INFO | [fullstack1] processing 1 unread messages (steer=True)
2026-08-10 00:33:12 | team | sess_d1100d357e7f | INFO | Message cc8be382-ae3e-4b7c-b39d-9c7630d54233 marked as read by fullstack1
2026-08-10 00:33:28 | team | sess_d1100d357e7f | INFO | [fullstack1] processing 1 unread messages (steer=True)
2026-08-10 00:33:28 | team | sess_d1100d357e7f | INFO | Message 229978ef-8f25-4233-9cf0-b546c72e2e63 marked as read by fullstack1
2026-08-10 00:34:02 | team | sess_d1100d357e7f | INFO | Message 8875cef4-cff6-4856-9f03-a5d0d3106a61 created
2026-08-10 00:34:04 | team | sess_d1100d357e7f | INFO | [fullstack1] processing 1 unread messages (steer=True)
2026-08-10 00:34:04 | team | sess_d1100d357e7f | INFO | Message 5852b1f3-c0f4-4121-a23a-06eaf21807a7 marked as read by fullstack1
2026-08-10 00:34:08 | team | sess_d1100d357e7f | INFO | Message b40f0394-c2f9-42af-9705-9cbf4abcde78 created
2026-08-10 00:34:14 | team | sess_d1100d357e7f | INFO | Message fd88303d-8422-4bee-9d2d-0d96847fa413 created
2026-08-10 00:34:25 | team | sess_d1100d357e7f | INFO | [fullstack1] processing 1 unread messages (steer=True)
2026-08-10 00:34:25 | team | sess_d1100d357e7f | INFO | Message 55e18f44-a90a-40f1-8752-497210336a21 marked as read by fullstack1
2026-08-10 00:34:44 | team | sess_d1100d357e7f | INFO | Message 2cac03c3-8721-4229-a9ce-92faa55e5ba3 created
2026-08-10 00:34:49 | team | sess_d1100d357e7f | INFO | Message 97c054a2-f602-4263-b83b-760ab9048f26 created
2026-08-10 00:34:52 | team | sess_d1100d357e7f | INFO | [fullstack1] processing 1 unread messages (steer=True)
2026-08-10 00:34:52 | team | sess_d1100d357e7f | INFO | Message 20868ca5-f3e2-46a5-a389-35327d3b7e8d marked as read by fullstack1
2026-08-10 00:34:59 | team | sess_d1100d357e7f | INFO | [fullstack1] processing 1 unread messages (steer=True)
2026-08-10 00:34:59 | team | sess_d1100d357e7f | INFO | Message 51e09ab4-e1a7-4b05-9f26-900d3acd2356 marked as read by fullstack1
2026-08-10 00:35:03 | team | sess_d1100d357e7f | INFO | Message 2586c8de-45e5-4477-a988-0d300d8f92c2 created
2026-08-10 00:35:05 | team | sess_d1100d357e7f | INFO | [fullstack1] processing 1 unread messages (steer=True)
2026-08-10 00:35:05 | team | sess_d1100d357e7f | INFO | Message be0ab7af-ce2f-4913-8b0e-8620133ade61 marked as read by fullstack1
2026-08-10 00:35:08 | team | sess_d1100d357e7f | INFO | [fullstack1] processing 1 unread messages (steer=True)
2026-08-10 00:35:08 | team | sess_d1100d357e7f | INFO | Message 6cb68c44-18d4-4372-8d22-aabd52c11fe1 marked as read by fullstack1
2026-08-10 00:38:32 | team | sess_d1100d357e7f | INFO | task list drained for team jiuwen_team_sess_d1100d357e7f: 3 terminal task(s)
2026-08-10 00:38:44 | team | sess_d1100d357e7f | INFO | [fullstack1] processing 1 unread messages (steer=True)
2026-08-10 00:38:45 | team | sess_d1100d357e7f | INFO | Message c3bb5133-24b0-49f3-ba45-8dc41894d7b4 marked as read by fullstack1
2026-08-10 00:38:55 | team | sess_d1100d357e7f | INFO | team jiuwen_team_sess_d1100d357e7f reported completed: 9 members, 3 tasks
2026-08-10 00:38:55 | team | sess_d1100d357e7f | INFO | [fullstack1] received TEAM_STANDBY, pausing polls
2026-08-10 00:38:55 | team | sess_d1100d357e7f | INFO | EventBus[teammate] pausing polls
