2026-08-23 17:17:48 | team | sess_242033ef49fd | INFO | Team workspace directory ensured at /srv/jwteam_clone/shared/run_current
2026-08-23 17:17:48 | team | sess_242033ef49fd | INFO | AgentTeam manager initialized for jiuwen_team_sess_242033ef49fd, member=team_leader
2026-08-23 17:17:48 | team | sess_242033ef49fd | INFO | [team_leader] TeamPolicyRail static sections: section_names=['team_role', 'team_workflow', 'team_swarmflow', 'team_lifecycle', 'team_persona']
2026-08-23 17:17:48 | team | sess_242033ef49fd | INFO | Session tables ready for session sess_242033ef49fd
2026-08-23 17:17:48 | team | sess_242033ef49fd | INFO | Team database initialized
2026-08-23 17:17:48 | team | default_trace_id | INFO | Team workspace directory ensured at /srv/jwteam_clone/shared/run_current
2026-08-23 17:17:48 | team | default_trace_id | INFO | AgentTeam manager initialized for jiuwen_team_sess_242033ef49fd, member=planner2
2026-08-23 17:17:48 | team | default_trace_id | INFO | [planner2] TeamPolicyRail static sections: section_names=['team_role', 'team_persona']
2026-08-23 17:17:49 | team | sess_242033ef49fd | INFO | [planner2] invoke start, role=teammate
2026-08-23 17:17:49 | team | sess_242033ef49fd | INFO | [planner2] coordination starting
2026-08-23 17:17:49 | team | sess_242033ef49fd | INFO | Session tables ready for session sess_242033ef49fd
2026-08-23 17:17:49 | team | sess_242033ef49fd | INFO | Workspace /srv/jwteam_clone/shared/run_current initialized as plain shared directory (version_control disabled)
2026-08-23 17:17:49 | team | sess_242033ef49fd | INFO | EventBus[teammate] starting
2026-08-23 17:18:12 | team | sess_242033ef49fd | INFO | [planner2] HITT section refresh: human_agent_names=[]
2026-08-23 17:18:19 | team | sess_242033ef49fd | INFO | [planner2] received TASK_CLAIMED for self, task_id=plan-migration, human_agent=False
2026-08-23 17:21:06 | team | sess_242033ef49fd | INFO | Message f324b273-c11d-4916-8c61-84d167f8eea3 created
2026-08-23 17:21:14 | team | sess_242033ef49fd | INFO | Task plan-migration completed at 1787502074142
2026-08-23 17:21:14 | team | sess_242033ef49fd | INFO | Resolved 1 dependencies for task plan-migration
2026-08-23 17:21:14 | team | sess_242033ef49fd | INFO | Task plan-migration completed
2026-08-23 17:21:23 | team | sess_242033ef49fd | INFO | Message c98eddee-8ffc-4446-a6e6-06c0abb32072 created
2026-08-23 17:32:36 | team | sess_242033ef49fd | INFO | task list drained for team jiuwen_team_sess_242033ef49fd: 10 terminal task(s)
2026-08-23 17:41:07 | team | sess_242033ef49fd | INFO | [planner2] processing 1 unread messages (steer=True)
2026-08-23 17:41:07 | team | sess_242033ef49fd | INFO | Message ae06c2b8-3d77-4503-a336-3c44f674ecb8 marked as read by planner2
2026-08-23 17:42:15 | team | sess_242033ef49fd | INFO | team jiuwen_team_sess_242033ef49fd reported completed: 9 members, 10 tasks
2026-08-23 17:42:15 | team | sess_242033ef49fd | INFO | [planner2] received TEAM_STANDBY, pausing polls
2026-08-23 17:42:15 | team | sess_242033ef49fd | INFO | EventBus[teammate] pausing polls
