2026-08-23 17:17:55 | team | sess_242033ef49fd | INFO | Team workspace directory ensured at /srv/jwteam_clone/shared/run_current
2026-08-23 17:17:55 | team | sess_242033ef49fd | INFO | AgentTeam manager initialized for jiuwen_team_sess_242033ef49fd, member=team_leader
2026-08-23 17:17:55 | team | sess_242033ef49fd | INFO | [team_leader] TeamPolicyRail static sections: section_names=['team_role', 'team_workflow', 'team_swarmflow', 'team_lifecycle', 'team_persona']
2026-08-23 17:17:55 | team | sess_242033ef49fd | INFO | Session tables ready for session sess_242033ef49fd
2026-08-23 17:17:55 | team | sess_242033ef49fd | INFO | Team database initialized
2026-08-23 17:17:55 | team | default_trace_id | INFO | Team workspace directory ensured at /srv/jwteam_clone/shared/run_current
2026-08-23 17:17:55 | team | default_trace_id | INFO | AgentTeam manager initialized for jiuwen_team_sess_242033ef49fd, member=verifier2
2026-08-23 17:17:55 | team | default_trace_id | INFO | [verifier2] TeamPolicyRail static sections: section_names=['team_role', 'team_persona']
2026-08-23 17:17:55 | team | sess_242033ef49fd | INFO | [verifier2] invoke start, role=teammate
2026-08-23 17:17:55 | team | sess_242033ef49fd | INFO | [verifier2] coordination starting
2026-08-23 17:17:55 | team | sess_242033ef49fd | INFO | Session tables ready for session sess_242033ef49fd
2026-08-23 17:17:55 | team | sess_242033ef49fd | INFO | Workspace /srv/jwteam_clone/shared/run_current initialized as plain shared directory (version_control disabled)
2026-08-23 17:17:55 | team | sess_242033ef49fd | INFO | EventBus[teammate] starting
2026-08-23 17:18:12 | team | sess_242033ef49fd | INFO | [verifier2] HITT section refresh: human_agent_names=[]
2026-08-23 17:21:07 | team | sess_242033ef49fd | INFO | [verifier2] received TASK_CLAIMED for self, task_id=verify-migration-v2, human_agent=False
2026-08-23 17:22:59 | team | sess_242033ef49fd | INFO | [verifier2] processing 1 unread messages (steer=True)
2026-08-23 17:22:59 | team | sess_242033ef49fd | INFO | Message 0328cfc9-e016-447f-97ff-e5f33c08b6ea marked as read by verifier2
2026-08-23 17:23:05 | team | sess_242033ef49fd | INFO | Message fdbfabad-f9c7-465a-b108-02e8a11749cc created
2026-08-23 17:25:07 | team | sess_242033ef49fd | INFO | [verifier2] processing 1 unread messages (steer=True)
2026-08-23 17:25:07 | team | sess_242033ef49fd | INFO | Message e864d6b9-9ebc-46d6-9684-99fcbe18eac2 marked as read by verifier2
2026-08-23 17:27:52 | team | sess_242033ef49fd | INFO | Message f1ca5abf-7678-4af2-a735-ec4f33ec72e0 created
2026-08-23 17:28:01 | team | sess_242033ef49fd | INFO | Message c48b8125-dbd0-4bf8-8fe3-95314dfc05ca created
2026-08-23 17:28:16 | team | sess_242033ef49fd | INFO | [verifier2] processing 1 unread messages (steer=True)
2026-08-23 17:28:16 | team | sess_242033ef49fd | INFO | Message ba15ef31-c13d-48ca-b73c-b4eff40a7013 marked as read by verifier2
2026-08-23 17:29:45 | team | sess_242033ef49fd | INFO | Message e399c283-c67b-47e8-bb70-f4b795bff7b3 created
2026-08-23 17:29:45 | team | sess_242033ef49fd | INFO | Message cf4c8e5d-2cd6-4336-8d87-f46e5982f5fb created
2026-08-23 17:30:06 | team | sess_242033ef49fd | INFO | [verifier2] processing 1 unread messages (steer=True)
2026-08-23 17:30:06 | team | sess_242033ef49fd | INFO | Message 972aac83-d3c2-468b-bc87-2d40bcf542e5 marked as read by verifier2
2026-08-23 17:30:19 | team | sess_242033ef49fd | INFO | Message 88d733b2-c587-46a2-a79a-02d1ca240f8f created
2026-08-23 17:31:16 | team | sess_242033ef49fd | INFO | [verifier2] processing 1 unread messages (steer=True)
2026-08-23 17:31:16 | team | sess_242033ef49fd | INFO | Message f9a03232-d030-45e1-bad7-727fd4f82474 marked as read by verifier2
2026-08-23 17:31:25 | team | sess_242033ef49fd | INFO | [verifier2] self-nudged stale claimed task verify-migration-v2
2026-08-23 17:32:36 | team | sess_242033ef49fd | INFO | Task verify-migration-v2 completed at 1787502756246
2026-08-23 17:32:36 | team | sess_242033ef49fd | INFO | Task verify-migration-v2 completed
2026-08-23 17:32:51 | team | sess_242033ef49fd | INFO | Message 0753a389-edef-4990-8c56-5cb8b65c8f2a created
2026-08-23 17:32:51 | team | sess_242033ef49fd | INFO | Message b8b96c67-c301-4f7c-901d-2e7d76d5e753 created
2026-08-23 17:32:51 | team | sess_242033ef49fd | INFO | Message 4ef8fb7f-da9f-4925-a84e-885cc20547f7 created
2026-08-23 17:32:59 | team | sess_242033ef49fd | INFO | [verifier2] processing 1 unread messages (steer=True)
2026-08-23 17:32:59 | team | sess_242033ef49fd | INFO | Message 62393a0d-b129-4e5c-8459-68fff4476da5 marked as read by verifier2
2026-08-23 17:41:07 | team | sess_242033ef49fd | INFO | [verifier2] processing 1 unread messages (steer=True)
2026-08-23 17:41:07 | team | sess_242033ef49fd | INFO | Message ae06c2b8-3d77-4503-a336-3c44f674ecb8 marked as read by verifier2
2026-08-23 17:42:15 | team | sess_242033ef49fd | INFO | team jiuwen_team_sess_242033ef49fd reported completed: 9 members, 10 tasks
2026-08-23 17:42:15 | team | sess_242033ef49fd | INFO | [verifier2] received TEAM_STANDBY, pausing polls
2026-08-23 17:42:15 | team | sess_242033ef49fd | INFO | EventBus[teammate] pausing polls
