2026-08-23 17:17:55 | team | sess_242033ef49fd | INFO | Team workspace directory ensured at /srv/jwteam_clone/shared/run_current
2026-08-23 17:17:55 | team | sess_242033ef49fd | INFO | AgentTeam manager initialized for jiuwen_team_sess_242033ef49fd, member=team_leader
2026-08-23 17:17:55 | team | sess_242033ef49fd | INFO | [team_leader] TeamPolicyRail static sections: section_names=['team_role', 'team_workflow', 'team_swarmflow', 'team_lifecycle', 'team_persona']
2026-08-23 17:17:56 | team | sess_242033ef49fd | INFO | Session tables ready for session sess_242033ef49fd
2026-08-23 17:17:56 | team | sess_242033ef49fd | INFO | Team database initialized
2026-08-23 17:17:56 | team | default_trace_id | INFO | Team workspace directory ensured at /srv/jwteam_clone/shared/run_current
2026-08-23 17:17:56 | team | default_trace_id | INFO | AgentTeam manager initialized for jiuwen_team_sess_242033ef49fd, member=fullstack1
2026-08-23 17:17:56 | team | default_trace_id | INFO | [fullstack1] TeamPolicyRail static sections: section_names=['team_role', 'team_persona']
2026-08-23 17:17:56 | team | sess_242033ef49fd | INFO | [fullstack1] invoke start, role=teammate
2026-08-23 17:17:56 | team | sess_242033ef49fd | INFO | [fullstack1] coordination starting
2026-08-23 17:17:56 | team | sess_242033ef49fd | INFO | Session tables ready for session sess_242033ef49fd
2026-08-23 17:17:56 | team | sess_242033ef49fd | INFO | Workspace /srv/jwteam_clone/shared/run_current initialized as plain shared directory (version_control disabled)
2026-08-23 17:17:56 | team | sess_242033ef49fd | INFO | EventBus[teammate] starting
2026-08-23 17:18:12 | team | sess_242033ef49fd | INFO | [fullstack1] HITT section refresh: human_agent_names=[]
2026-08-23 17:32:36 | team | sess_242033ef49fd | INFO | task list drained for team jiuwen_team_sess_242033ef49fd: 10 terminal task(s)
2026-08-23 17:41:07 | team | sess_242033ef49fd | INFO | [fullstack1] processing 1 unread messages (steer=True)
2026-08-23 17:41:07 | team | sess_242033ef49fd | INFO | Message ae06c2b8-3d77-4503-a336-3c44f674ecb8 marked as read by fullstack1
2026-08-23 17:42:15 | team | sess_242033ef49fd | INFO | team jiuwen_team_sess_242033ef49fd reported completed: 9 members, 10 tasks
2026-08-23 17:42:15 | team | sess_242033ef49fd | INFO | [fullstack1] received TEAM_STANDBY, pausing polls
2026-08-23 17:42:15 | team | sess_242033ef49fd | INFO | EventBus[teammate] pausing polls
