2026-08-23 17:17:47 | team | sess_242033ef49fd | INFO | Team workspace directory ensured at /srv/jwteam_clone/shared/run_current
2026-08-23 17:17:47 | team | sess_242033ef49fd | INFO | AgentTeam manager initialized for jiuwen_team_sess_242033ef49fd, member=team_leader
2026-08-23 17:17:47 | team | sess_242033ef49fd | INFO | [team_leader] TeamPolicyRail static sections: section_names=['team_role', 'team_workflow', 'team_swarmflow', 'team_lifecycle', 'team_persona']
2026-08-23 17:17:47 | team | sess_242033ef49fd | INFO | Session tables ready for session sess_242033ef49fd
2026-08-23 17:17:47 | team | sess_242033ef49fd | INFO | Team database initialized
2026-08-23 17:17:47 | team | default_trace_id | INFO | Team workspace directory ensured at /srv/jwteam_clone/shared/run_current
2026-08-23 17:17:47 | team | default_trace_id | INFO | AgentTeam manager initialized for jiuwen_team_sess_242033ef49fd, member=planner1
2026-08-23 17:17:47 | team | default_trace_id | INFO | [planner1] TeamPolicyRail static sections: section_names=['team_role', 'team_persona']
2026-08-23 17:17:47 | team | sess_242033ef49fd | INFO | [planner1] invoke start, role=teammate
2026-08-23 17:17:47 | team | sess_242033ef49fd | INFO | [planner1] coordination starting
2026-08-23 17:17:47 | team | sess_242033ef49fd | INFO | Session tables ready for session sess_242033ef49fd
2026-08-23 17:17:47 | team | sess_242033ef49fd | INFO | Workspace /srv/jwteam_clone/shared/run_current initialized as plain shared directory (version_control disabled)
2026-08-23 17:17:47 | team | sess_242033ef49fd | INFO | EventBus[teammate] starting
2026-08-23 17:18:12 | team | sess_242033ef49fd | INFO | [planner1] HITT section refresh: human_agent_names=[]
2026-08-23 17:18:19 | team | sess_242033ef49fd | INFO | [planner1] received TASK_CLAIMED for self, task_id=plan-config, human_agent=False
2026-08-23 17:21:17 | team | sess_242033ef49fd | INFO | [planner1] processing 1 unread messages (steer=True)
2026-08-23 17:21:17 | team | sess_242033ef49fd | INFO | Message 9eb6f32c-8c56-48c4-83ea-9f3483f39eaa marked as read by planner1
2026-08-23 17:23:28 | team | sess_242033ef49fd | INFO | Message 86ce2365-d46d-4042-96b1-0a69610ca3ee created
2026-08-23 17:23:59 | team | sess_242033ef49fd | INFO | Message 5ff89dce-96d3-493c-8ab0-497e5bcaa15a created
2026-08-23 17:24:03 | team | sess_242033ef49fd | INFO | Task plan-config completed at 1787502243388
2026-08-23 17:24:03 | team | sess_242033ef49fd | INFO | Resolved 1 dependencies for task plan-config
2026-08-23 17:24:03 | team | sess_242033ef49fd | INFO | Task plan-config completed
2026-08-23 17:32:36 | team | sess_242033ef49fd | INFO | task list drained for team jiuwen_team_sess_242033ef49fd: 10 terminal task(s)
2026-08-23 17:41:07 | team | sess_242033ef49fd | INFO | [planner1] processing 1 unread messages (steer=True)
2026-08-23 17:41:07 | team | sess_242033ef49fd | INFO | Message ae06c2b8-3d77-4503-a336-3c44f674ecb8 marked as read by planner1
2026-08-23 17:42:15 | team | sess_242033ef49fd | INFO | team jiuwen_team_sess_242033ef49fd reported completed: 9 members, 10 tasks
2026-08-23 17:42:15 | team | sess_242033ef49fd | INFO | [planner1] received TEAM_STANDBY, pausing polls
2026-08-23 17:42:15 | team | sess_242033ef49fd | INFO | EventBus[teammate] pausing polls
