2026-08-23 17:17:53 | team | sess_242033ef49fd | INFO | Team workspace directory ensured at /srv/jwteam_clone/shared/run_current
2026-08-23 17:17:53 | team | sess_242033ef49fd | INFO | AgentTeam manager initialized for jiuwen_team_sess_242033ef49fd, member=team_leader
2026-08-23 17:17:53 | team | sess_242033ef49fd | INFO | [team_leader] TeamPolicyRail static sections: section_names=['team_role', 'team_workflow', 'team_swarmflow', 'team_lifecycle', 'team_persona']
2026-08-23 17:17:54 | team | sess_242033ef49fd | INFO | Session tables ready for session sess_242033ef49fd
2026-08-23 17:17:54 | team | sess_242033ef49fd | INFO | Team database initialized
2026-08-23 17:17:54 | team | default_trace_id | INFO | Team workspace directory ensured at /srv/jwteam_clone/shared/run_current
2026-08-23 17:17:54 | team | default_trace_id | INFO | AgentTeam manager initialized for jiuwen_team_sess_242033ef49fd, member=verifier1
2026-08-23 17:17:54 | team | default_trace_id | INFO | [verifier1] TeamPolicyRail static sections: section_names=['team_role', 'team_persona']
2026-08-23 17:17:54 | team | sess_242033ef49fd | INFO | [verifier1] invoke start, role=teammate
2026-08-23 17:17:54 | team | sess_242033ef49fd | INFO | [verifier1] coordination starting
2026-08-23 17:17:54 | team | sess_242033ef49fd | INFO | Session tables ready for session sess_242033ef49fd
2026-08-23 17:17:54 | team | sess_242033ef49fd | INFO | Workspace /srv/jwteam_clone/shared/run_current initialized as plain shared directory (version_control disabled)
2026-08-23 17:17:54 | team | sess_242033ef49fd | INFO | EventBus[teammate] starting
2026-08-23 17:18:12 | team | sess_242033ef49fd | INFO | [verifier1] HITT section refresh: human_agent_names=[]
2026-08-23 17:20:55 | team | sess_242033ef49fd | INFO | Message 022308d4-1907-429e-bbaa-5b048c940944 created
2026-08-23 17:21:05 | team | sess_242033ef49fd | INFO | Task verify-config-v2 claimed by member verifier1
2026-08-23 17:21:05 | team | sess_242033ef49fd | INFO | Task verify-config-v2 claimed by member verifier1
2026-08-23 17:22:59 | team | sess_242033ef49fd | INFO | [verifier1] processing 1 unread messages (steer=True)
2026-08-23 17:22:59 | team | sess_242033ef49fd | INFO | Message ed2091ac-2bb1-4b52-9bfb-6c3efb323e08 marked as read by verifier1
2026-08-23 17:23:05 | team | sess_242033ef49fd | INFO | Message 6b48e6a6-8567-4b13-987d-f510e81ca0b7 created
2026-08-23 17:25:03 | team | sess_242033ef49fd | INFO | [verifier1] processing 1 unread messages (steer=True)
2026-08-23 17:25:03 | team | sess_242033ef49fd | INFO | Message 15828118-785c-468a-972b-21abe9170c4f marked as read by verifier1
2026-08-23 17:27:56 | team | sess_242033ef49fd | INFO | Task verify-config-v2 completed at 1787502476230
2026-08-23 17:27:56 | team | sess_242033ef49fd | INFO | Task verify-config-v2 completed
2026-08-23 17:28:02 | team | sess_242033ef49fd | INFO | [verifier1] processing 1 unread messages (steer=True)
2026-08-23 17:28:02 | team | sess_242033ef49fd | INFO | Message c48b8125-dbd0-4bf8-8fe3-95314dfc05ca marked as read by verifier1
2026-08-23 17:28:08 | team | sess_242033ef49fd | INFO | Message 47a60ae1-60a4-4ee9-924a-8ccedb740c3e created
2026-08-23 17:28:08 | team | sess_242033ef49fd | INFO | Message b4d16db8-77e4-4bf2-a15a-382b5661bb52 created
2026-08-23 17:28:15 | team | sess_242033ef49fd | INFO | Message ba15ef31-c13d-48ca-b73c-b4eff40a7013 created
2026-08-23 17:29:45 | team | sess_242033ef49fd | INFO | [verifier1] processing 1 unread messages (steer=True)
2026-08-23 17:29:46 | team | sess_242033ef49fd | INFO | Message e399c283-c67b-47e8-bb70-f4b795bff7b3 marked as read by verifier1
2026-08-23 17:30:06 | team | sess_242033ef49fd | INFO | Message 972aac83-d3c2-468b-bc87-2d40bcf542e5 created
2026-08-23 17:30:19 | team | sess_242033ef49fd | INFO | [verifier1] processing 1 unread messages (steer=True)
2026-08-23 17:30:19 | team | sess_242033ef49fd | INFO | Message 88d733b2-c587-46a2-a79a-02d1ca240f8f marked as read by verifier1
2026-08-23 17:32:36 | team | sess_242033ef49fd | INFO | task list drained for team jiuwen_team_sess_242033ef49fd: 10 terminal task(s)
2026-08-23 17:32:51 | team | sess_242033ef49fd | INFO | [verifier1] processing 1 unread messages (steer=True)
2026-08-23 17:32:51 | team | sess_242033ef49fd | INFO | Message 0753a389-edef-4990-8c56-5cb8b65c8f2a marked as read by verifier1
2026-08-23 17:32:59 | team | sess_242033ef49fd | INFO | Message 62393a0d-b129-4e5c-8459-68fff4476da5 created
2026-08-23 17:41:07 | team | sess_242033ef49fd | INFO | [verifier1] processing 1 unread messages (steer=True)
2026-08-23 17:41:07 | team | sess_242033ef49fd | INFO | Message ae06c2b8-3d77-4503-a336-3c44f674ecb8 marked as read by verifier1
2026-08-23 17:42:15 | team | sess_242033ef49fd | INFO | team jiuwen_team_sess_242033ef49fd reported completed: 9 members, 10 tasks
2026-08-23 17:42:15 | team | sess_242033ef49fd | INFO | [verifier1] received TEAM_STANDBY, pausing polls
2026-08-23 17:42:15 | team | sess_242033ef49fd | INFO | EventBus[teammate] pausing polls
