2026-08-23 16:45:38 | team | sess_fc2cc2ba8112 | INFO | Team workspace directory ensured at /srv/jwteam_clone/shared/run_current
2026-08-23 16:45:38 | team | sess_fc2cc2ba8112 | INFO | AgentTeam manager initialized for jiuwen_team_sess_fc2cc2ba8112, member=team_leader
2026-08-23 16:45:38 | team | sess_fc2cc2ba8112 | INFO | [team_leader] TeamPolicyRail static sections: section_names=['team_role', 'team_workflow', 'team_swarmflow', 'team_lifecycle', 'team_persona']
2026-08-23 16:45:38 | team | sess_fc2cc2ba8112 | INFO | Session tables ready for session sess_fc2cc2ba8112
2026-08-23 16:45:38 | team | sess_fc2cc2ba8112 | INFO | Team database initialized
2026-08-23 16:45:38 | team | default_trace_id | INFO | Team workspace directory ensured at /srv/jwteam_clone/shared/run_current
2026-08-23 16:45:38 | team | default_trace_id | INFO | AgentTeam manager initialized for jiuwen_team_sess_fc2cc2ba8112, member=verifier2
2026-08-23 16:45:38 | team | default_trace_id | INFO | [verifier2] TeamPolicyRail static sections: section_names=['team_role', 'team_persona']
2026-08-23 16:45:38 | team | sess_fc2cc2ba8112 | INFO | [verifier2] invoke start, role=teammate
2026-08-23 16:45:38 | team | sess_fc2cc2ba8112 | INFO | [verifier2] coordination starting
2026-08-23 16:45:38 | team | sess_fc2cc2ba8112 | INFO | Session tables ready for session sess_fc2cc2ba8112
2026-08-23 16:45:38 | team | sess_fc2cc2ba8112 | INFO | Workspace /srv/jwteam_clone/shared/run_current initialized as plain shared directory (version_control disabled)
2026-08-23 16:45:38 | team | sess_fc2cc2ba8112 | INFO | EventBus[teammate] starting
2026-08-23 16:48:17 | team | sess_fc2cc2ba8112 | INFO | [verifier2] HITT section refresh: human_agent_names=[]
2026-08-23 16:50:51 | team | sess_fc2cc2ba8112 | INFO | task list drained for team jiuwen_team_sess_fc2cc2ba8112: 5 terminal task(s)
2026-08-23 16:51:15 | team | sess_fc2cc2ba8112 | INFO | Task verify-final claimed by member verifier2
2026-08-23 16:51:15 | team | sess_fc2cc2ba8112 | INFO | Task verify-final claimed by member verifier2
2026-08-23 16:51:46 | team | sess_fc2cc2ba8112 | INFO | [verifier2] processing 1 unread messages (steer=True)
2026-08-23 16:51:46 | team | sess_fc2cc2ba8112 | INFO | Message 45fac549-8bde-4079-b29a-0d954352b0af marked as read by verifier2
2026-08-23 16:51:58 | team | sess_fc2cc2ba8112 | INFO | [verifier2] processing 1 unread messages (steer=True)
2026-08-23 16:51:58 | team | sess_fc2cc2ba8112 | INFO | Message 6937b2f3-c3e9-4475-805d-8e2c30ef4675 marked as read by verifier2
2026-08-23 16:51:59 | team | sess_fc2cc2ba8112 | INFO | [verifier2] processing 1 unread messages (steer=True)
2026-08-23 16:52:00 | team | sess_fc2cc2ba8112 | INFO | Message 1e852ce8-0c47-470d-a772-bf8333b3767c marked as read by verifier2
2026-08-23 16:52:10 | team | sess_fc2cc2ba8112 | INFO | Task verify-final claimed by member verifier2
2026-08-23 16:52:10 | team | sess_fc2cc2ba8112 | INFO | Task verify-final claimed by member verifier2
2026-08-23 16:52:28 | team | sess_fc2cc2ba8112 | INFO | Message 32b16e78-c586-46d6-a0fa-808dc86c1b3e created
2026-08-23 16:52:28 | team | sess_fc2cc2ba8112 | INFO | Message 101fa6ea-d0bb-48c0-aa3c-1109b798abc8 created
2026-08-23 16:52:28 | team | sess_fc2cc2ba8112 | INFO | Message e9d5a72f-f084-4511-8de7-10d4a264ce8a created
2026-08-23 16:52:56 | team | sess_fc2cc2ba8112 | INFO | [verifier2] processing 1 unread messages (steer=True)
2026-08-23 16:52:56 | team | sess_fc2cc2ba8112 | INFO | Message 2c3934d0-d6f9-456c-93a4-28c83aac624f marked as read by verifier2
2026-08-23 16:53:25 | team | sess_fc2cc2ba8112 | INFO | Message 14a900bc-aed3-4f93-aa37-744b379767d7 created
2026-08-23 16:54:01 | team | sess_fc2cc2ba8112 | INFO | [verifier2] processing 1 unread messages (steer=True)
2026-08-23 16:54:01 | team | sess_fc2cc2ba8112 | INFO | Message 2557878b-d9c8-411a-8a5d-b45d849956fd marked as read by verifier2
2026-08-23 16:55:18 | team | sess_fc2cc2ba8112 | INFO | [verifier2] processing 1 unread messages (steer=True)
2026-08-23 16:55:18 | team | sess_fc2cc2ba8112 | INFO | Message 544852bd-98fc-4e09-a82a-e5b496fde832 marked as read by verifier2
2026-08-23 16:55:38 | team | sess_fc2cc2ba8112 | INFO | Task verify-final completed at 1787500538799
2026-08-23 16:55:38 | team | sess_fc2cc2ba8112 | INFO | Task verify-final completed
2026-08-23 16:55:48 | team | sess_fc2cc2ba8112 | INFO | Message 0ee67535-b397-4e75-b963-860415a04b57 created
2026-08-23 16:55:48 | team | sess_fc2cc2ba8112 | INFO | Message 27c78840-d245-4bc0-974b-600a601cb35a created
2026-08-23 16:56:00 | team | sess_fc2cc2ba8112 | INFO | [verifier2] processing 1 unread messages (steer=True)
2026-08-23 16:56:00 | team | sess_fc2cc2ba8112 | INFO | Message e5b111bf-a01d-49f2-a491-536952117bfc marked as read by verifier2
2026-08-23 16:56:22 | team | sess_fc2cc2ba8112 | INFO | team jiuwen_team_sess_fc2cc2ba8112 reported completed: 9 members, 8 tasks
2026-08-23 16:56:22 | team | sess_fc2cc2ba8112 | INFO | [verifier2] received TEAM_STANDBY, pausing polls
2026-08-23 16:56:22 | team | sess_fc2cc2ba8112 | INFO | EventBus[teammate] pausing polls
