2026-08-23 16:45:35 | team | sess_fc2cc2ba8112 | INFO | Team workspace directory ensured at /srv/jwteam_clone/shared/run_current
2026-08-23 16:45:35 | team | sess_fc2cc2ba8112 | INFO | AgentTeam manager initialized for jiuwen_team_sess_fc2cc2ba8112, member=team_leader
2026-08-23 16:45:35 | team | sess_fc2cc2ba8112 | INFO | [team_leader] TeamPolicyRail static sections: section_names=['team_role', 'team_workflow', 'team_swarmflow', 'team_lifecycle', 'team_persona']
2026-08-23 16:45:35 | team | sess_fc2cc2ba8112 | INFO | Session tables ready for session sess_fc2cc2ba8112
2026-08-23 16:45:35 | team | sess_fc2cc2ba8112 | INFO | Team database initialized
2026-08-23 16:45:35 | team | default_trace_id | INFO | Team workspace directory ensured at /srv/jwteam_clone/shared/run_current
2026-08-23 16:45:35 | team | default_trace_id | INFO | AgentTeam manager initialized for jiuwen_team_sess_fc2cc2ba8112, member=executor2
2026-08-23 16:45:35 | team | default_trace_id | INFO | [executor2] TeamPolicyRail static sections: section_names=['team_role', 'team_persona']
2026-08-23 16:45:35 | team | sess_fc2cc2ba8112 | INFO | [executor2] invoke start, role=teammate
2026-08-23 16:45:35 | team | sess_fc2cc2ba8112 | INFO | [executor2] coordination starting
2026-08-23 16:45:35 | team | sess_fc2cc2ba8112 | INFO | Session tables ready for session sess_fc2cc2ba8112
2026-08-23 16:45:35 | team | sess_fc2cc2ba8112 | INFO | Workspace /srv/jwteam_clone/shared/run_current initialized as plain shared directory (version_control disabled)
2026-08-23 16:45:35 | team | sess_fc2cc2ba8112 | INFO | EventBus[teammate] starting
2026-08-23 16:48:17 | team | sess_fc2cc2ba8112 | INFO | [executor2] HITT section refresh: human_agent_names=[]
2026-08-23 16:48:58 | team | sess_fc2cc2ba8112 | INFO | [executor2] processing 1 unread messages (steer=True)
2026-08-23 16:48:58 | team | sess_fc2cc2ba8112 | INFO | Message 56cfeeee-82c4-4236-8fb7-6378346570b8 marked as read by executor2
2026-08-23 16:49:27 | team | sess_fc2cc2ba8112 | INFO | Message 374b8182-951a-4f35-b59f-c999182a9618 created
2026-08-23 16:50:51 | team | sess_fc2cc2ba8112 | INFO | task list drained for team jiuwen_team_sess_fc2cc2ba8112: 5 terminal task(s)
2026-08-23 16:50:59 | team | sess_fc2cc2ba8112 | INFO | Task pipe3-implement claimed by member executor2
2026-08-23 16:50:59 | team | sess_fc2cc2ba8112 | INFO | Task pipe3-implement claimed by member executor2
2026-08-23 16:51:54 | team | sess_fc2cc2ba8112 | INFO | Task pipe3-implement completed at 1787500314725
2026-08-23 16:51:54 | team | sess_fc2cc2ba8112 | INFO | Task pipe3-implement completed
2026-08-23 16:51:57 | team | sess_fc2cc2ba8112 | INFO | [executor2] processing 1 unread messages (steer=True)
2026-08-23 16:51:57 | team | sess_fc2cc2ba8112 | INFO | Message cc7361e2-16b5-4cbd-a2ef-8657e758deb5 marked as read by executor2
2026-08-23 16:51:59 | team | sess_fc2cc2ba8112 | INFO | Message 1e852ce8-0c47-470d-a772-bf8333b3767c created
2026-08-23 16:52:13 | team | sess_fc2cc2ba8112 | INFO | Message 8482fbca-6365-4e2d-a787-f4e10b434e12 created
2026-08-23 16:52:13 | team | sess_fc2cc2ba8112 | INFO | Message ca7b26c9-ea28-4e17-aeef-62227f2b7d31 created
2026-08-23 16:52:28 | team | sess_fc2cc2ba8112 | INFO | [executor2] processing 1 unread messages (steer=True)
2026-08-23 16:52:28 | team | sess_fc2cc2ba8112 | INFO | Message 101fa6ea-d0bb-48c0-aa3c-1109b798abc8 marked as read by executor2
2026-08-23 16:52:56 | team | sess_fc2cc2ba8112 | INFO | [executor2] processing 1 unread messages (steer=True)
2026-08-23 16:52:56 | team | sess_fc2cc2ba8112 | INFO | Message 659346f9-d305-4cdb-8c01-ee80b2160320 marked as read by executor2
2026-08-23 16:55:38 | team | sess_fc2cc2ba8112 | INFO | task list drained for team jiuwen_team_sess_fc2cc2ba8112: 8 terminal task(s)
2026-08-23 16:56:00 | team | sess_fc2cc2ba8112 | INFO | [executor2] processing 1 unread messages (steer=True)
2026-08-23 16:56:00 | team | sess_fc2cc2ba8112 | INFO | Message e5b111bf-a01d-49f2-a491-536952117bfc marked as read by executor2
2026-08-23 16:56:22 | team | sess_fc2cc2ba8112 | INFO | team jiuwen_team_sess_fc2cc2ba8112 reported completed: 9 members, 8 tasks
2026-08-23 16:56:22 | team | sess_fc2cc2ba8112 | INFO | [executor2] received TEAM_STANDBY, pausing polls
2026-08-23 16:56:22 | team | sess_fc2cc2ba8112 | INFO | EventBus[teammate] pausing polls
