2026-08-23 16:45:34 | team | sess_fc2cc2ba8112 | INFO | Team workspace directory ensured at /srv/jwteam_clone/shared/run_current
2026-08-23 16:45:34 | team | sess_fc2cc2ba8112 | INFO | AgentTeam manager initialized for jiuwen_team_sess_fc2cc2ba8112, member=team_leader
2026-08-23 16:45:34 | team | sess_fc2cc2ba8112 | INFO | [team_leader] TeamPolicyRail static sections: section_names=['team_role', 'team_workflow', 'team_swarmflow', 'team_lifecycle', 'team_persona']
2026-08-23 16:45:34 | team | sess_fc2cc2ba8112 | INFO | Session tables ready for session sess_fc2cc2ba8112
2026-08-23 16:45:34 | team | sess_fc2cc2ba8112 | INFO | Team database initialized
2026-08-23 16:45:34 | team | default_trace_id | INFO | Team workspace directory ensured at /srv/jwteam_clone/shared/run_current
2026-08-23 16:45:34 | team | default_trace_id | INFO | AgentTeam manager initialized for jiuwen_team_sess_fc2cc2ba8112, member=executor1
2026-08-23 16:45:34 | team | default_trace_id | INFO | [executor1] TeamPolicyRail static sections: section_names=['team_role', 'team_persona']
2026-08-23 16:45:34 | team | sess_fc2cc2ba8112 | INFO | [executor1] invoke start, role=teammate
2026-08-23 16:45:34 | team | sess_fc2cc2ba8112 | INFO | [executor1] coordination starting
2026-08-23 16:45:34 | team | sess_fc2cc2ba8112 | INFO | Session tables ready for session sess_fc2cc2ba8112
2026-08-23 16:45:34 | team | sess_fc2cc2ba8112 | INFO | Workspace /srv/jwteam_clone/shared/run_current initialized as plain shared directory (version_control disabled)
2026-08-23 16:45:34 | team | sess_fc2cc2ba8112 | INFO | EventBus[teammate] starting
2026-08-23 16:48:16 | team | sess_fc2cc2ba8112 | INFO | [executor1] HITT section refresh: human_agent_names=[]
2026-08-23 16:50:44 | team | sess_fc2cc2ba8112 | INFO | [executor1] processing 1 unread messages (steer=True)
2026-08-23 16:50:44 | team | sess_fc2cc2ba8112 | INFO | Message 8f38c0c7-c7d5-4a60-9130-e6eebeec74cc marked as read by executor1
2026-08-23 16:50:51 | team | sess_fc2cc2ba8112 | INFO | task list drained for team jiuwen_team_sess_fc2cc2ba8112: 5 terminal task(s)
2026-08-23 16:51:02 | team | sess_fc2cc2ba8112 | INFO | Task lh5-implement claimed by member executor1
2026-08-23 16:51:02 | team | sess_fc2cc2ba8112 | INFO | Task lh5-implement claimed by member executor1
2026-08-23 16:53:08 | team | sess_fc2cc2ba8112 | INFO | [executor1] processing 1 unread messages (steer=True)
2026-08-23 16:53:08 | team | sess_fc2cc2ba8112 | INFO | Message a9a52059-d652-40c6-aec2-ee08a6da8040 marked as read by executor1
2026-08-23 16:53:25 | team | sess_fc2cc2ba8112 | INFO | [executor1] processing 1 unread messages (steer=True)
2026-08-23 16:53:25 | team | sess_fc2cc2ba8112 | INFO | Message 14a900bc-aed3-4f93-aa37-744b379767d7 marked as read by executor1
2026-08-23 16:54:01 | team | sess_fc2cc2ba8112 | INFO | Task lh5-implement completed at 1787500441751
2026-08-23 16:54:01 | team | sess_fc2cc2ba8112 | INFO | Message 2557878b-d9c8-411a-8a5d-b45d849956fd created
2026-08-23 16:54:01 | team | sess_fc2cc2ba8112 | INFO | Task lh5-implement completed
2026-08-23 16:54:01 | team | sess_fc2cc2ba8112 | INFO | Message 761cc2ce-ce3b-4b05-beda-69979be5f6fe created
2026-08-23 16:55:18 | team | sess_fc2cc2ba8112 | INFO | [executor1] processing 1 unread messages (steer=True)
2026-08-23 16:55:18 | team | sess_fc2cc2ba8112 | INFO | Message 6ac4e6ff-b64a-4cd0-b016-4260949cd0e5 marked as read by executor1
2026-08-23 16:55:38 | team | sess_fc2cc2ba8112 | INFO | task list drained for team jiuwen_team_sess_fc2cc2ba8112: 8 terminal task(s)
2026-08-23 16:56:00 | team | sess_fc2cc2ba8112 | INFO | [executor1] processing 1 unread messages (steer=True)
2026-08-23 16:56:00 | team | sess_fc2cc2ba8112 | INFO | Message e5b111bf-a01d-49f2-a491-536952117bfc marked as read by executor1
2026-08-23 16:56:22 | team | sess_fc2cc2ba8112 | INFO | team jiuwen_team_sess_fc2cc2ba8112 reported completed: 9 members, 8 tasks
2026-08-23 16:56:22 | team | sess_fc2cc2ba8112 | INFO | [executor1] received TEAM_STANDBY, pausing polls
2026-08-23 16:56:22 | team | sess_fc2cc2ba8112 | INFO | EventBus[teammate] pausing polls
