2026-08-10 01:03:19 | team | sess_fa16ac8908e6 | INFO | Team workspace directory ensured at /srv/jwteam_clone/shared/run_current
2026-08-10 01:03:19 | team | sess_fa16ac8908e6 | INFO | AgentTeam manager initialized for jiuwen_team_sess_fa16ac8908e6, member=team_leader
2026-08-10 01:03:19 | team | sess_fa16ac8908e6 | INFO | [team_leader] TeamPolicyRail static sections: section_names=['team_role', 'team_workflow', 'team_swarmflow', 'team_lifecycle', 'team_persona']
2026-08-10 01:03:19 | team | sess_fa16ac8908e6 | INFO | Session tables ready for session sess_fa16ac8908e6
2026-08-10 01:03:19 | team | sess_fa16ac8908e6 | INFO | Team database initialized
2026-08-10 01:03:19 | team | default_trace_id | INFO | Team workspace directory ensured at /srv/jwteam_clone/shared/run_current
2026-08-10 01:03:19 | team | default_trace_id | INFO | AgentTeam manager initialized for jiuwen_team_sess_fa16ac8908e6, member=executor3
2026-08-10 01:03:19 | team | default_trace_id | INFO | [executor3] TeamPolicyRail static sections: section_names=['team_role', 'team_persona']
2026-08-10 01:03:19 | team | sess_fa16ac8908e6 | INFO | [executor3] invoke start, role=teammate
2026-08-10 01:03:19 | team | sess_fa16ac8908e6 | INFO | [executor3] coordination starting
2026-08-10 01:03:19 | team | sess_fa16ac8908e6 | INFO | Session tables ready for session sess_fa16ac8908e6
2026-08-10 01:03:19 | team | sess_fa16ac8908e6 | INFO | Workspace /srv/jwteam_clone/shared/run_current initialized as plain shared directory (version_control disabled)
2026-08-10 01:03:19 | team | sess_fa16ac8908e6 | INFO | EventBus[teammate] starting
2026-08-10 01:04:07 | team | sess_fa16ac8908e6 | INFO | [executor3] HITT section refresh: human_agent_names=[]
2026-08-10 01:04:17 | team | sess_fa16ac8908e6 | INFO | [executor3] processing 1 unread messages (steer=True)
2026-08-10 01:04:17 | team | sess_fa16ac8908e6 | INFO | Message 6ebbc8fe-d1b3-4489-ad98-dff16a3a51ef marked as read by executor3
2026-08-10 01:04:35 | team | sess_fa16ac8908e6 | INFO | Message 7772feb2-4a5a-47a2-bf36-21f882ec0d42 created
2026-08-10 01:05:02 | team | sess_fa16ac8908e6 | INFO | [executor3] processing 1 unread messages (steer=True)
2026-08-10 01:05:02 | team | sess_fa16ac8908e6 | INFO | Message 68d81d82-f3c6-4ca8-90f4-88f854844c56 marked as read by executor3
2026-08-10 01:05:07 | team | sess_fa16ac8908e6 | INFO | [executor3] processing 1 unread messages (steer=True)
2026-08-10 01:05:07 | team | sess_fa16ac8908e6 | INFO | Message a7d8bfb9-be05-46bf-a55d-e10ed3113ac6 marked as read by executor3
2026-08-10 01:05:19 | team | sess_fa16ac8908e6 | INFO | Message 59de399d-0fcd-4aa8-9123-d4e4366af1d2 created
2026-08-10 01:05:19 | team | sess_fa16ac8908e6 | INFO | Message 64e7489c-4eaa-4872-befd-73d22cf41304 created
2026-08-10 01:05:24 | team | sess_fa16ac8908e6 | INFO | [executor3] processing 1 unread messages (steer=True)
2026-08-10 01:05:24 | team | sess_fa16ac8908e6 | INFO | Message 6adb1920-7aed-4152-b5f3-967f4ae76a70 marked as read by executor3
2026-08-10 01:05:27 | team | sess_fa16ac8908e6 | INFO | Message 3412378b-b1d1-4ef8-9a56-160a61278c62 created
2026-08-10 01:05:31 | team | sess_fa16ac8908e6 | INFO | [executor3] processing 1 unread messages (steer=True)
2026-08-10 01:05:31 | team | sess_fa16ac8908e6 | INFO | Message 37b58375-d3da-4ecd-aa13-d68832be08d6 marked as read by executor3
2026-08-10 01:05:36 | team | sess_fa16ac8908e6 | INFO | [executor3] processing 1 unread messages (steer=True)
2026-08-10 01:05:36 | team | sess_fa16ac8908e6 | INFO | Message fa26534f-4e5f-43cb-ada7-dfc84b5c5c9c marked as read by executor3
2026-08-10 01:05:37 | team | sess_fa16ac8908e6 | INFO | Task implement_integration claimed by member executor3
2026-08-10 01:05:37 | team | sess_fa16ac8908e6 | INFO | Task implement_integration claimed by member executor3
2026-08-10 01:05:53 | team | sess_fa16ac8908e6 | INFO | [executor3] processing 1 unread messages (steer=True)
2026-08-10 01:05:53 | team | sess_fa16ac8908e6 | INFO | Message 81a9c92b-51d3-44fb-8482-882a3d7d85ea marked as read by executor3
2026-08-10 01:06:42 | team | sess_fa16ac8908e6 | INFO | Message b27f4786-134d-4b1b-8a08-47f01196322a created
2026-08-10 01:06:48 | team | sess_fa16ac8908e6 | INFO | Message 5b8d5cb2-e57e-41e8-a567-3e4eb09579fb created
2026-08-10 01:07:21 | team | sess_fa16ac8908e6 | INFO | [executor3] processing 1 unread messages (steer=True)
2026-08-10 01:07:21 | team | sess_fa16ac8908e6 | INFO | Message ae0eaab6-b2a1-4cf6-acb9-7cf75b5893e2 marked as read by executor3
2026-08-10 01:07:23 | team | sess_fa16ac8908e6 | INFO | [executor3] processing 1 unread messages (steer=True)
2026-08-10 01:07:23 | team | sess_fa16ac8908e6 | INFO | Message bd6317aa-98b9-42a9-8350-9e6b82fce50c marked as read by executor3
2026-08-10 01:07:27 | team | sess_fa16ac8908e6 | INFO | Message 0fe14bca-cf21-4ad2-a5cc-3259a6b62248 created
2026-08-10 01:07:33 | team | sess_fa16ac8908e6 | INFO | Message 30176cb7-67d2-4f9a-b055-d1143df46fcb created
2026-08-10 01:15:50 | team | sess_fa16ac8908e6 | INFO | [executor3] self-nudged stale claimed task implement_integration
2026-08-10 01:16:06 | team | sess_fa16ac8908e6 | INFO | [executor3] processing 1 unread messages (steer=True)
2026-08-10 01:16:06 | team | sess_fa16ac8908e6 | INFO | Message 1c54fb9f-9336-4b89-a38f-e204e156fd8b marked as read by executor3
2026-08-10 01:16:09 | team | sess_fa16ac8908e6 | INFO | Message dfffce73-1014-45bc-90c6-8a71a1bead64 created
2026-08-10 01:16:20 | team | sess_fa16ac8908e6 | INFO | [executor3] processing 1 unread messages (steer=True)
2026-08-10 01:16:20 | team | sess_fa16ac8908e6 | INFO | Message 729bb74a-234e-4d9d-b225-2beb03462f67 marked as read by executor3
2026-08-10 01:16:48 | team | sess_fa16ac8908e6 | INFO | Message 30e932eb-c94a-4f22-9fe7-2cd89e278c46 created
2026-08-10 01:17:16 | team | sess_fa16ac8908e6 | INFO | [executor3] processing 1 unread messages (steer=True)
2026-08-10 01:17:16 | team | sess_fa16ac8908e6 | INFO | Message e8eae909-a17d-48a0-ad08-0e5a0b8ef56b marked as read by executor3
2026-08-10 01:17:31 | team | sess_fa16ac8908e6 | INFO | Message 9e557f23-0ba0-4025-a6c2-23303df2ea2d created
2026-08-10 01:17:53 | team | sess_fa16ac8908e6 | INFO | [executor3] processing 1 unread messages (steer=True)
2026-08-10 01:17:53 | team | sess_fa16ac8908e6 | INFO | Message 8da1f4c4-aeea-4239-a966-982b2fe4864e marked as read by executor3
2026-08-10 01:17:58 | team | sess_fa16ac8908e6 | INFO | Task implement_integration completed at 1786321078672
2026-08-10 01:17:58 | team | sess_fa16ac8908e6 | INFO | Resolved 1 dependencies for task implement_integration
2026-08-10 01:17:58 | team | sess_fa16ac8908e6 | INFO | Task verify unblocked (all deps resolved)
2026-08-10 01:17:58 | team | sess_fa16ac8908e6 | INFO | Task implement_integration completed
2026-08-10 01:17:58 | team | sess_fa16ac8908e6 | INFO | Unblocked 1 tasks
2026-08-10 01:18:06 | team | sess_fa16ac8908e6 | INFO | Message fde1892a-5b06-4647-ab17-3c293731f9a6 created
2026-08-10 01:18:06 | team | sess_fa16ac8908e6 | INFO | Message 2c27a23f-b5a9-4934-9131-897477b0373e created
2026-08-10 01:18:25 | team | sess_fa16ac8908e6 | INFO | [executor3] processing 1 unread messages (steer=True)
2026-08-10 01:18:26 | team | sess_fa16ac8908e6 | INFO | Message 069202a1-abf1-4038-9880-fc7c5c3d0a4c marked as read by executor3
2026-08-10 01:19:17 | team | sess_fa16ac8908e6 | INFO | [executor3] processing 1 unread messages (steer=True)
2026-08-10 01:19:17 | team | sess_fa16ac8908e6 | INFO | Message 2967f673-bb78-4a5b-abc3-be05ea9dc6a4 marked as read by executor3
2026-08-10 01:19:58 | team | sess_fa16ac8908e6 | INFO | task list drained for team jiuwen_team_sess_fa16ac8908e6: 5 terminal task(s)
2026-08-10 01:21:07 | team | sess_fa16ac8908e6 | INFO | team jiuwen_team_sess_fa16ac8908e6 reported completed: 9 members, 5 tasks
2026-08-10 01:21:07 | team | sess_fa16ac8908e6 | INFO | [executor3] received TEAM_STANDBY, pausing polls
2026-08-10 01:21:07 | team | sess_fa16ac8908e6 | INFO | EventBus[teammate] pausing polls
