2026-08-10 01:03:20 | team | sess_fa16ac8908e6 | INFO | Team workspace directory ensured at /srv/jwteam_clone/shared/run_current
2026-08-10 01:03:20 | team | sess_fa16ac8908e6 | INFO | AgentTeam manager initialized for jiuwen_team_sess_fa16ac8908e6, member=team_leader
2026-08-10 01:03:20 | team | sess_fa16ac8908e6 | INFO | [team_leader] TeamPolicyRail static sections: section_names=['team_role', 'team_workflow', 'team_swarmflow', 'team_lifecycle', 'team_persona']
2026-08-10 01:03:20 | team | sess_fa16ac8908e6 | INFO | Session tables ready for session sess_fa16ac8908e6
2026-08-10 01:03:20 | team | sess_fa16ac8908e6 | INFO | Team database initialized
2026-08-10 01:03:20 | team | default_trace_id | INFO | Team workspace directory ensured at /srv/jwteam_clone/shared/run_current
2026-08-10 01:03:20 | team | default_trace_id | INFO | AgentTeam manager initialized for jiuwen_team_sess_fa16ac8908e6, member=verifier1
2026-08-10 01:03:20 | team | default_trace_id | INFO | [verifier1] TeamPolicyRail static sections: section_names=['team_role', 'team_persona']
2026-08-10 01:03:20 | team | sess_fa16ac8908e6 | INFO | [verifier1] invoke start, role=teammate
2026-08-10 01:03:20 | team | sess_fa16ac8908e6 | INFO | [verifier1] coordination starting
2026-08-10 01:03:20 | team | sess_fa16ac8908e6 | INFO | Session tables ready for session sess_fa16ac8908e6
2026-08-10 01:03:21 | team | sess_fa16ac8908e6 | INFO | Workspace /srv/jwteam_clone/shared/run_current initialized as plain shared directory (version_control disabled)
2026-08-10 01:03:21 | team | sess_fa16ac8908e6 | INFO | EventBus[teammate] starting
2026-08-10 01:04:06 | team | sess_fa16ac8908e6 | INFO | [verifier1] HITT section refresh: human_agent_names=[]
2026-08-10 01:04:17 | team | sess_fa16ac8908e6 | INFO | [verifier1] processing 1 unread messages (steer=True)
2026-08-10 01:04:17 | team | sess_fa16ac8908e6 | INFO | Message 6ebbc8fe-d1b3-4489-ad98-dff16a3a51ef marked as read by verifier1
2026-08-10 01:04:27 | team | sess_fa16ac8908e6 | INFO | [verifier1] processing 1 unread messages (steer=True)
2026-08-10 01:04:27 | team | sess_fa16ac8908e6 | INFO | Message cf44cf08-f73b-4a40-b07a-f5fbba78fc60 marked as read by verifier1
2026-08-10 01:04:36 | team | sess_fa16ac8908e6 | INFO | Message 09d66df6-52b5-4bbb-88e6-d19bb36dda14 created
2026-08-10 01:04:44 | team | sess_fa16ac8908e6 | INFO | Message c3fa1961-5acd-4ac0-a98a-17f492ddeab6 created
2026-08-10 01:05:10 | team | sess_fa16ac8908e6 | INFO | [verifier1] processing 1 unread messages (steer=True)
2026-08-10 01:05:10 | team | sess_fa16ac8908e6 | INFO | Message 8a1fe4db-5e62-4c69-b669-97b64984111d marked as read by verifier1
2026-08-10 01:05:18 | team | sess_fa16ac8908e6 | INFO | Message 5777ade4-e571-4424-9e14-419f0e9486d9 created
2026-08-10 01:05:24 | team | sess_fa16ac8908e6 | INFO | [verifier1] processing 1 unread messages (steer=True)
2026-08-10 01:05:24 | team | sess_fa16ac8908e6 | INFO | Message ca658ca1-0f0b-4adc-9ec0-2fb8ec228aa8 marked as read by verifier1
2026-08-10 01:05:31 | team | sess_fa16ac8908e6 | INFO | Message 97c3ae7d-0ade-4d3d-ad1f-c53deba4d89e created
2026-08-10 01:17:22 | team | sess_fa16ac8908e6 | INFO | [verifier1] processing 1 unread messages (steer=True)
2026-08-10 01:17:22 | team | sess_fa16ac8908e6 | INFO | Message 89ba3de9-9406-4cea-8302-2a1d1cc0c908 marked as read by verifier1
2026-08-10 01:17:30 | team | sess_fa16ac8908e6 | INFO | Message d58c7373-1ea9-4dbf-9dd0-85d803767052 created
2026-08-10 01:17:49 | team | sess_fa16ac8908e6 | INFO | [verifier1] processing 1 unread messages (steer=True)
2026-08-10 01:17:49 | team | sess_fa16ac8908e6 | INFO | Message d6464831-017f-4f32-bcc3-f81868863823 marked as read by verifier1
2026-08-10 01:18:06 | team | sess_fa16ac8908e6 | INFO | [verifier1] processing 1 unread messages (steer=True)
2026-08-10 01:18:06 | team | sess_fa16ac8908e6 | INFO | Message 2c27a23f-b5a9-4934-9131-897477b0373e marked as read by verifier1
2026-08-10 01:18:23 | team | sess_fa16ac8908e6 | INFO | [verifier1] processing 1 unread messages (steer=True)
2026-08-10 01:18:23 | team | sess_fa16ac8908e6 | INFO | Message d23f30e9-2b67-4641-9501-ec96eb9337f9 marked as read by verifier1
2026-08-10 01:18:25 | team | sess_fa16ac8908e6 | INFO | Message 94c47406-64b2-4c7e-b4ee-477f6b867a06 created
2026-08-10 01:18:25 | team | sess_fa16ac8908e6 | INFO | Message 069202a1-abf1-4038-9880-fc7c5c3d0a4c created
2026-08-10 01:18:32 | team | sess_fa16ac8908e6 | INFO | Message b0c697d5-8cde-488d-8642-91c1fc86adf3 created
2026-08-10 01:19:06 | team | sess_fa16ac8908e6 | INFO | [verifier1] processing 1 unread messages (steer=True)
2026-08-10 01:19:06 | team | sess_fa16ac8908e6 | INFO | Message 70f71e4c-3c5d-4fa4-9908-035d2831637c marked as read by verifier1
2026-08-10 01:19:22 | team | sess_fa16ac8908e6 | INFO | Message cfa316d8-0195-48fc-bdad-d8806ea0452d created
2026-08-10 01:19:58 | team | sess_fa16ac8908e6 | INFO | task list drained for team jiuwen_team_sess_fa16ac8908e6: 5 terminal task(s)
2026-08-10 01:20:07 | team | sess_fa16ac8908e6 | INFO | [verifier1] processing 1 unread messages (steer=True)
2026-08-10 01:20:07 | team | sess_fa16ac8908e6 | INFO | Message ef5e1563-90b3-4881-accd-92bb1e74f565 marked as read by verifier1
2026-08-10 01:20:32 | team | sess_fa16ac8908e6 | INFO | Message 7cf5840f-2b19-41ce-9ad7-53a99dde420c created
2026-08-10 01:20:32 | team | sess_fa16ac8908e6 | INFO | Message 90ac5a7f-0a96-4f43-89fa-8541b4dc6301 created
2026-08-10 01:21:07 | team | sess_fa16ac8908e6 | INFO | team jiuwen_team_sess_fa16ac8908e6 reported completed: 9 members, 5 tasks
2026-08-10 01:21:07 | team | sess_fa16ac8908e6 | INFO | [verifier1] received TEAM_STANDBY, pausing polls
2026-08-10 01:21:07 | team | sess_fa16ac8908e6 | INFO | EventBus[teammate] pausing polls
