2026-08-10 01:03:15 | team | sess_fa16ac8908e6 | INFO | Team workspace directory ensured at /srv/jwteam_clone/shared/run_current
2026-08-10 01:03:15 | team | sess_fa16ac8908e6 | INFO | AgentTeam manager initialized for jiuwen_team_sess_fa16ac8908e6, member=team_leader
2026-08-10 01:03:15 | team | sess_fa16ac8908e6 | INFO | [team_leader] TeamPolicyRail static sections: section_names=['team_role', 'team_workflow', 'team_swarmflow', 'team_lifecycle', 'team_persona']
2026-08-10 01:03:15 | team | sess_fa16ac8908e6 | INFO | Session tables ready for session sess_fa16ac8908e6
2026-08-10 01:03:15 | team | sess_fa16ac8908e6 | INFO | Team database initialized
2026-08-10 01:03:15 | team | default_trace_id | INFO | Team workspace directory ensured at /srv/jwteam_clone/shared/run_current
2026-08-10 01:03:15 | team | default_trace_id | INFO | AgentTeam manager initialized for jiuwen_team_sess_fa16ac8908e6, member=planner1
2026-08-10 01:03:15 | team | default_trace_id | INFO | [planner1] TeamPolicyRail static sections: section_names=['team_role', 'team_persona']
2026-08-10 01:03:15 | team | sess_fa16ac8908e6 | INFO | [planner1] invoke start, role=teammate
2026-08-10 01:03:15 | team | sess_fa16ac8908e6 | INFO | [planner1] coordination starting
2026-08-10 01:03:15 | team | sess_fa16ac8908e6 | INFO | Session tables ready for session sess_fa16ac8908e6
2026-08-10 01:03:16 | team | sess_fa16ac8908e6 | INFO | Workspace /srv/jwteam_clone/shared/run_current initialized as plain shared directory (version_control disabled)
2026-08-10 01:03:16 | team | sess_fa16ac8908e6 | INFO | EventBus[teammate] starting
2026-08-10 01:04:06 | team | sess_fa16ac8908e6 | INFO | [planner1] HITT section refresh: human_agent_names=[]
2026-08-10 01:04:17 | team | sess_fa16ac8908e6 | INFO | [planner1] processing 1 unread messages (steer=True)
2026-08-10 01:04:17 | team | sess_fa16ac8908e6 | INFO | Message 6ebbc8fe-d1b3-4489-ad98-dff16a3a51ef marked as read by planner1
2026-08-10 01:04:18 | team | sess_fa16ac8908e6 | INFO | Task plan_audit claimed by member planner1
2026-08-10 01:04:18 | team | sess_fa16ac8908e6 | INFO | Task plan_audit claimed by member planner1
2026-08-10 01:04:28 | team | sess_fa16ac8908e6 | INFO | [planner1] processing 1 unread messages (steer=True)
2026-08-10 01:04:28 | team | sess_fa16ac8908e6 | INFO | Message 0cc49281-5d34-4bbb-b0e4-e52be6fc7c66 marked as read by planner1
2026-08-10 01:04:53 | team | sess_fa16ac8908e6 | INFO | Message d575d3d9-102c-4eda-bd5c-9eaca03b55d5 created
2026-08-10 01:05:11 | team | sess_fa16ac8908e6 | INFO | Task plan_audit completed at 1786320311612
2026-08-10 01:05:11 | team | sess_fa16ac8908e6 | INFO | Resolved 1 dependencies for task plan_audit
2026-08-10 01:05:11 | team | sess_fa16ac8908e6 | INFO | Task implement_audit unblocked (all deps resolved)
2026-08-10 01:05:11 | team | sess_fa16ac8908e6 | INFO | Task plan_audit completed
2026-08-10 01:05:11 | team | sess_fa16ac8908e6 | INFO | Unblocked 1 tasks
2026-08-10 01:05:11 | team | sess_fa16ac8908e6 | INFO | Message e4eba0fe-4e03-4895-b9da-27e7ab501932 created
2026-08-10 01:05:18 | team | sess_fa16ac8908e6 | INFO | [planner1] processing 1 unread messages (steer=True)
2026-08-10 01:05:18 | team | sess_fa16ac8908e6 | INFO | Message 9d0d309c-967b-4ee9-870f-a0a046f7372a marked as read by planner1
2026-08-10 01:05:28 | team | sess_fa16ac8908e6 | INFO | [planner1] processing 1 unread messages (steer=True)
2026-08-10 01:05:28 | team | sess_fa16ac8908e6 | INFO | Message 96b726a3-8dd5-4f35-a80a-941779860499 marked as read by planner1
2026-08-10 01:05:56 | team | sess_fa16ac8908e6 | INFO | Message 8bf6205a-4dff-4fb9-8b82-bc6e4720f7e5 created
2026-08-10 01:06:03 | team | sess_fa16ac8908e6 | INFO | [planner1] processing 1 unread messages (steer=True)
2026-08-10 01:06:03 | team | sess_fa16ac8908e6 | INFO | Message 1b18f319-1f7b-42b3-b1eb-63772f29eb1c marked as read by planner1
2026-08-10 01:19:58 | team | sess_fa16ac8908e6 | INFO | task list drained for team jiuwen_team_sess_fa16ac8908e6: 5 terminal task(s)
2026-08-10 01:21:07 | team | sess_fa16ac8908e6 | INFO | team jiuwen_team_sess_fa16ac8908e6 reported completed: 9 members, 5 tasks
2026-08-10 01:21:07 | team | sess_fa16ac8908e6 | INFO | [planner1] received TEAM_STANDBY, pausing polls
2026-08-10 01:21:07 | team | sess_fa16ac8908e6 | INFO | EventBus[teammate] pausing polls
