2026-08-10 01:03:19 | team | sess_fa16ac8908e6 | INFO | Team workspace directory ensured at /srv/jwteam_clone/shared/run_current
2026-08-10 01:03:19 | team | sess_fa16ac8908e6 | INFO | AgentTeam manager initialized for jiuwen_team_sess_fa16ac8908e6, member=team_leader
2026-08-10 01:03:19 | team | sess_fa16ac8908e6 | INFO | [team_leader] TeamPolicyRail static sections: section_names=['team_role', 'team_workflow', 'team_swarmflow', 'team_lifecycle', 'team_persona']
2026-08-10 01:03:19 | team | sess_fa16ac8908e6 | INFO | Session tables ready for session sess_fa16ac8908e6
2026-08-10 01:03:19 | team | sess_fa16ac8908e6 | INFO | Team database initialized
2026-08-10 01:03:19 | team | default_trace_id | INFO | Team workspace directory ensured at /srv/jwteam_clone/shared/run_current
2026-08-10 01:03:19 | team | default_trace_id | INFO | AgentTeam manager initialized for jiuwen_team_sess_fa16ac8908e6, member=executor2
2026-08-10 01:03:19 | team | default_trace_id | INFO | [executor2] TeamPolicyRail static sections: section_names=['team_role', 'team_persona']
2026-08-10 01:03:19 | team | sess_fa16ac8908e6 | INFO | [executor2] invoke start, role=teammate
2026-08-10 01:03:19 | team | sess_fa16ac8908e6 | INFO | [executor2] coordination starting
2026-08-10 01:03:19 | team | sess_fa16ac8908e6 | INFO | Session tables ready for session sess_fa16ac8908e6
2026-08-10 01:03:19 | team | sess_fa16ac8908e6 | INFO | Workspace /srv/jwteam_clone/shared/run_current initialized as plain shared directory (version_control disabled)
2026-08-10 01:03:19 | team | sess_fa16ac8908e6 | INFO | EventBus[teammate] starting
2026-08-10 01:04:07 | team | sess_fa16ac8908e6 | INFO | [executor2] HITT section refresh: human_agent_names=[]
2026-08-10 01:04:17 | team | sess_fa16ac8908e6 | INFO | [executor2] processing 1 unread messages (steer=True)
2026-08-10 01:04:17 | team | sess_fa16ac8908e6 | INFO | Message 6ebbc8fe-d1b3-4489-ad98-dff16a3a51ef marked as read by executor2
2026-08-10 01:05:18 | team | sess_fa16ac8908e6 | INFO | Task implement_audit claimed by member executor2
2026-08-10 01:05:18 | team | sess_fa16ac8908e6 | INFO | Task implement_audit claimed by member executor2
2026-08-10 01:05:28 | team | sess_fa16ac8908e6 | INFO | Message 96b726a3-8dd5-4f35-a80a-941779860499 created
2026-08-10 01:05:29 | team | sess_fa16ac8908e6 | INFO | [executor2] processing 1 unread messages (steer=True)
2026-08-10 01:05:29 | team | sess_fa16ac8908e6 | INFO | Message f2428330-d207-4eea-af5c-86e6f6dbd515 marked as read by executor2
2026-08-10 01:05:42 | team | sess_fa16ac8908e6 | INFO | Message e1bf8262-f785-4c45-8122-f730eddae4cf created
2026-08-10 01:05:56 | team | sess_fa16ac8908e6 | INFO | [executor2] processing 1 unread messages (steer=True)
2026-08-10 01:05:56 | team | sess_fa16ac8908e6 | INFO | Message 8bf6205a-4dff-4fb9-8b82-bc6e4720f7e5 marked as read by executor2
2026-08-10 01:06:03 | team | sess_fa16ac8908e6 | INFO | Message 1b18f319-1f7b-42b3-b1eb-63772f29eb1c created
2026-08-10 01:06:04 | team | sess_fa16ac8908e6 | INFO | [executor2] processing 1 unread messages (steer=True)
2026-08-10 01:06:04 | team | sess_fa16ac8908e6 | INFO | Message 7c32bb76-20a3-48ce-b8c6-336c44614aae marked as read by executor2
2026-08-10 01:06:55 | team | sess_fa16ac8908e6 | INFO | Message 1db9e201-e6c5-415a-bd38-3e9b6679706d created
2026-08-10 01:07:21 | team | sess_fa16ac8908e6 | INFO | [executor2] processing 1 unread messages (steer=True)
2026-08-10 01:07:21 | team | sess_fa16ac8908e6 | INFO | Message 1f8e779e-87da-478e-89c8-4ccbcf2a390b marked as read by executor2
2026-08-10 01:07:30 | team | sess_fa16ac8908e6 | INFO | Message 9648af84-a7e6-420d-9771-606fe316ba21 created
2026-08-10 01:15:19 | team | sess_fa16ac8908e6 | INFO | [executor2] self-nudged stale claimed task implement_audit
2026-08-10 01:15:36 | team | sess_fa16ac8908e6 | INFO | [executor2] processing 1 unread messages (steer=True)
2026-08-10 01:15:36 | team | sess_fa16ac8908e6 | INFO | Message 064b0f76-ffbf-4759-b7b7-e513dd34144e marked as read by executor2
2026-08-10 01:16:14 | team | sess_fa16ac8908e6 | INFO | Message 245bd868-8405-43e4-9321-98d80e9d3b26 created
2026-08-10 01:16:20 | team | sess_fa16ac8908e6 | INFO | [executor2] processing 1 unread messages (steer=True)
2026-08-10 01:16:20 | team | sess_fa16ac8908e6 | INFO | Message 4f0e8f01-b213-4047-b07f-b9d436e1646a marked as read by executor2
2026-08-10 01:16:28 | team | sess_fa16ac8908e6 | INFO | [executor2] processing 1 unread messages (steer=True)
2026-08-10 01:16:28 | team | sess_fa16ac8908e6 | INFO | Message ac256338-f430-48f0-a2ec-8dcca51e488f marked as read by executor2
2026-08-10 01:16:34 | team | sess_fa16ac8908e6 | INFO | Message e7cffac4-d817-4b3d-af00-ad8cb5f2627d created
2026-08-10 01:16:41 | team | sess_fa16ac8908e6 | INFO | Message a9542c97-2d69-4157-983a-ebb549c5d7e6 created
2026-08-10 01:16:53 | team | sess_fa16ac8908e6 | INFO | [executor2] processing 1 unread messages (steer=True)
2026-08-10 01:16:53 | team | sess_fa16ac8908e6 | INFO | Message d323ca47-9acc-49ce-9bd1-972254d8eb60 marked as read by executor2
2026-08-10 01:17:11 | team | sess_fa16ac8908e6 | INFO | Message ed662789-1666-4f7a-adeb-94851cc78f6a created
2026-08-10 01:17:14 | team | sess_fa16ac8908e6 | INFO | Task implement_audit completed at 1786321034892
2026-08-10 01:17:14 | team | sess_fa16ac8908e6 | INFO | Resolved 1 dependencies for task implement_audit
2026-08-10 01:17:14 | team | sess_fa16ac8908e6 | INFO | Task implement_audit completed
2026-08-10 01:17:21 | team | sess_fa16ac8908e6 | INFO | Message 89ba3de9-9406-4cea-8302-2a1d1cc0c908 created
2026-08-10 01:17:30 | team | sess_fa16ac8908e6 | INFO | [executor2] processing 1 unread messages (steer=True)
2026-08-10 01:17:30 | team | sess_fa16ac8908e6 | INFO | Message d58c7373-1ea9-4dbf-9dd0-85d803767052 marked as read by executor2
2026-08-10 01:17:31 | team | sess_fa16ac8908e6 | INFO | [executor2] processing 1 unread messages (steer=True)
2026-08-10 01:17:31 | team | sess_fa16ac8908e6 | INFO | Message 8f4f8ade-1cce-484a-bde6-315cc54c271a marked as read by executor2
2026-08-10 01:17:49 | team | sess_fa16ac8908e6 | INFO | Message d6464831-017f-4f32-bcc3-f81868863823 created
2026-08-10 01:17:49 | team | sess_fa16ac8908e6 | INFO | Message e4669d59-9a8e-4d45-8e4e-354404329c4e created
2026-08-10 01:17:53 | team | sess_fa16ac8908e6 | INFO | [executor2] processing 1 unread messages (steer=True)
2026-08-10 01:17:53 | team | sess_fa16ac8908e6 | INFO | Message 9ac04ba2-b302-432f-99ad-170b3bce4286 marked as read by executor2
2026-08-10 01:18:02 | team | sess_fa16ac8908e6 | INFO | Message 23302801-c8f9-4c98-9294-f6810ceac48f created
2026-08-10 01:18:35 | team | sess_fa16ac8908e6 | INFO | [executor2] processing 1 unread messages (steer=True)
2026-08-10 01:18:35 | team | sess_fa16ac8908e6 | INFO | Message c6db012c-40c9-447d-a117-dd94ee8abf05 marked as read by executor2
2026-08-10 01:19:58 | team | sess_fa16ac8908e6 | INFO | task list drained for team jiuwen_team_sess_fa16ac8908e6: 5 terminal task(s)
2026-08-10 01:21:07 | team | sess_fa16ac8908e6 | INFO | team jiuwen_team_sess_fa16ac8908e6 reported completed: 9 members, 5 tasks
2026-08-10 01:21:07 | team | sess_fa16ac8908e6 | INFO | [executor2] received TEAM_STANDBY, pausing polls
2026-08-10 01:21:07 | team | sess_fa16ac8908e6 | INFO | EventBus[teammate] pausing polls
