2026-08-10 01:03:22 | team | sess_fa16ac8908e6 | INFO | Team workspace directory ensured at /srv/jwteam_clone/shared/run_current
2026-08-10 01:03:22 | team | sess_fa16ac8908e6 | INFO | AgentTeam manager initialized for jiuwen_team_sess_fa16ac8908e6, member=team_leader
2026-08-10 01:03:22 | team | sess_fa16ac8908e6 | INFO | [team_leader] TeamPolicyRail static sections: section_names=['team_role', 'team_workflow', 'team_swarmflow', 'team_lifecycle', 'team_persona']
2026-08-10 01:03:22 | team | sess_fa16ac8908e6 | INFO | Session tables ready for session sess_fa16ac8908e6
2026-08-10 01:03:22 | team | sess_fa16ac8908e6 | INFO | Team database initialized
2026-08-10 01:03:22 | team | default_trace_id | INFO | Team workspace directory ensured at /srv/jwteam_clone/shared/run_current
2026-08-10 01:03:22 | team | default_trace_id | INFO | AgentTeam manager initialized for jiuwen_team_sess_fa16ac8908e6, member=fullstack1
2026-08-10 01:03:22 | team | default_trace_id | INFO | [fullstack1] TeamPolicyRail static sections: section_names=['team_role', 'team_persona']
2026-08-10 01:03:22 | team | sess_fa16ac8908e6 | INFO | [fullstack1] invoke start, role=teammate
2026-08-10 01:03:22 | team | sess_fa16ac8908e6 | INFO | [fullstack1] coordination starting
2026-08-10 01:03:22 | team | sess_fa16ac8908e6 | INFO | Session tables ready for session sess_fa16ac8908e6
2026-08-10 01:03:22 | team | sess_fa16ac8908e6 | INFO | Workspace /srv/jwteam_clone/shared/run_current initialized as plain shared directory (version_control disabled)
2026-08-10 01:03:22 | team | sess_fa16ac8908e6 | INFO | EventBus[teammate] starting
2026-08-10 01:04:07 | team | sess_fa16ac8908e6 | INFO | [fullstack1] HITT section refresh: human_agent_names=[]
2026-08-10 01:04:17 | team | sess_fa16ac8908e6 | INFO | [fullstack1] processing 1 unread messages (steer=True)
2026-08-10 01:04:17 | team | sess_fa16ac8908e6 | INFO | Message 6ebbc8fe-d1b3-4489-ad98-dff16a3a51ef marked as read by fullstack1
2026-08-10 01:04:34 | team | sess_fa16ac8908e6 | INFO | Task plan_integration claimed by member fullstack1
2026-08-10 01:04:34 | team | sess_fa16ac8908e6 | INFO | Task plan_integration claimed by member fullstack1
2026-08-10 01:04:47 | team | sess_fa16ac8908e6 | INFO | [fullstack1] processing 1 unread messages (steer=True)
2026-08-10 01:04:47 | team | sess_fa16ac8908e6 | INFO | Message b263bbfb-e710-499b-95f6-f874666052eb marked as read by fullstack1
2026-08-10 01:05:02 | team | sess_fa16ac8908e6 | INFO | Message 68d81d82-f3c6-4ca8-90f4-88f854844c56 created
2026-08-10 01:05:20 | team | sess_fa16ac8908e6 | INFO | [fullstack1] processing 1 unread messages (steer=True)
2026-08-10 01:05:20 | team | sess_fa16ac8908e6 | INFO | Message 59de399d-0fcd-4aa8-9123-d4e4366af1d2 marked as read by fullstack1
2026-08-10 01:05:24 | team | sess_fa16ac8908e6 | INFO | Message 6adb1920-7aed-4152-b5f3-967f4ae76a70 created
2026-08-10 01:05:24 | team | sess_fa16ac8908e6 | INFO | Message 2d0664c8-5a2d-4b2f-b73e-42513ff0c5c1 created
2026-08-10 01:05:28 | team | sess_fa16ac8908e6 | INFO | [fullstack1] processing 1 unread messages (steer=True)
2026-08-10 01:05:28 | team | sess_fa16ac8908e6 | INFO | Message 3412378b-b1d1-4ef8-9a56-160a61278c62 marked as read by fullstack1
2026-08-10 01:05:29 | team | sess_fa16ac8908e6 | INFO | Task plan_integration completed at 1786320329005
2026-08-10 01:05:29 | team | sess_fa16ac8908e6 | INFO | Resolved 1 dependencies for task plan_integration
2026-08-10 01:05:29 | team | sess_fa16ac8908e6 | INFO | Task implement_integration unblocked (all deps resolved)
2026-08-10 01:05:29 | team | sess_fa16ac8908e6 | INFO | Task plan_integration completed
2026-08-10 01:05:29 | team | sess_fa16ac8908e6 | INFO | Unblocked 1 tasks
2026-08-10 01:05:36 | team | sess_fa16ac8908e6 | INFO | Message fa26534f-4e5f-43cb-ada7-dfc84b5c5c9c created
2026-08-10 01:05:37 | team | sess_fa16ac8908e6 | INFO | [fullstack1] processing 1 unread messages (steer=True)
2026-08-10 01:05:37 | team | sess_fa16ac8908e6 | INFO | Message fdc5a986-36ec-432f-85f0-727ec4013708 marked as read by fullstack1
2026-08-10 01:05:53 | team | sess_fa16ac8908e6 | INFO | [fullstack1] processing 1 unread messages (steer=True)
2026-08-10 01:05:53 | team | sess_fa16ac8908e6 | INFO | Message f98fe5b7-3d50-44a4-b0df-09a9dd0103bc marked as read by fullstack1
2026-08-10 01:06:00 | team | sess_fa16ac8908e6 | INFO | Message 6e4a0586-5623-4288-89ad-41c039bbb1c3 created
2026-08-10 01:06:48 | team | sess_fa16ac8908e6 | INFO | [fullstack1] processing 1 unread messages (steer=True)
2026-08-10 01:06:48 | team | sess_fa16ac8908e6 | INFO | Message 5b8d5cb2-e57e-41e8-a567-3e4eb09579fb marked as read by fullstack1
2026-08-10 01:07:23 | team | sess_fa16ac8908e6 | INFO | Message bd6317aa-98b9-42a9-8350-9e6b82fce50c created
2026-08-10 01:07:23 | team | sess_fa16ac8908e6 | INFO | Message 723c9453-966b-4f10-9e76-95251210a761 created
2026-08-10 01:07:33 | team | sess_fa16ac8908e6 | INFO | [fullstack1] processing 1 unread messages (steer=True)
2026-08-10 01:07:33 | team | sess_fa16ac8908e6 | INFO | Message 30176cb7-67d2-4f9a-b055-d1143df46fcb marked as read by fullstack1
2026-08-10 01:07:34 | team | sess_fa16ac8908e6 | INFO | [fullstack1] processing 1 unread messages (steer=True)
2026-08-10 01:07:34 | team | sess_fa16ac8908e6 | INFO | Message f88c2f32-f91f-455f-8122-840b9e0cc204 marked as read by fullstack1
2026-08-10 01:19:58 | team | sess_fa16ac8908e6 | INFO | task list drained for team jiuwen_team_sess_fa16ac8908e6: 5 terminal task(s)
2026-08-10 01:21:07 | team | sess_fa16ac8908e6 | INFO | team jiuwen_team_sess_fa16ac8908e6 reported completed: 9 members, 5 tasks
2026-08-10 01:21:07 | team | sess_fa16ac8908e6 | INFO | [fullstack1] received TEAM_STANDBY, pausing polls
2026-08-10 01:21:07 | team | sess_fa16ac8908e6 | INFO | EventBus[teammate] pausing polls
