2026-08-10 01:03:21 | team | sess_fa16ac8908e6 | INFO | Team workspace directory ensured at /srv/jwteam_clone/shared/run_current
2026-08-10 01:03:21 | team | sess_fa16ac8908e6 | INFO | AgentTeam manager initialized for jiuwen_team_sess_fa16ac8908e6, member=team_leader
2026-08-10 01:03:21 | team | sess_fa16ac8908e6 | INFO | [team_leader] TeamPolicyRail static sections: section_names=['team_role', 'team_workflow', 'team_swarmflow', 'team_lifecycle', 'team_persona']
2026-08-10 01:03:21 | team | sess_fa16ac8908e6 | INFO | Session tables ready for session sess_fa16ac8908e6
2026-08-10 01:03:21 | team | sess_fa16ac8908e6 | INFO | Team database initialized
2026-08-10 01:03:21 | team | default_trace_id | INFO | Team workspace directory ensured at /srv/jwteam_clone/shared/run_current
2026-08-10 01:03:21 | team | default_trace_id | INFO | AgentTeam manager initialized for jiuwen_team_sess_fa16ac8908e6, member=verifier2
2026-08-10 01:03:21 | team | default_trace_id | INFO | [verifier2] TeamPolicyRail static sections: section_names=['team_role', 'team_persona']
2026-08-10 01:03:21 | team | sess_fa16ac8908e6 | INFO | [verifier2] invoke start, role=teammate
2026-08-10 01:03:21 | team | sess_fa16ac8908e6 | INFO | [verifier2] coordination starting
2026-08-10 01:03:21 | team | sess_fa16ac8908e6 | INFO | Session tables ready for session sess_fa16ac8908e6
2026-08-10 01:03:21 | team | sess_fa16ac8908e6 | INFO | Workspace /srv/jwteam_clone/shared/run_current initialized as plain shared directory (version_control disabled)
2026-08-10 01:03:21 | team | sess_fa16ac8908e6 | INFO | EventBus[teammate] starting
2026-08-10 01:04:07 | team | sess_fa16ac8908e6 | INFO | [verifier2] HITT section refresh: human_agent_names=[]
2026-08-10 01:04:17 | team | sess_fa16ac8908e6 | INFO | [verifier2] processing 1 unread messages (steer=True)
2026-08-10 01:04:17 | team | sess_fa16ac8908e6 | INFO | Message 6ebbc8fe-d1b3-4489-ad98-dff16a3a51ef marked as read by verifier2
2026-08-10 01:04:27 | team | sess_fa16ac8908e6 | INFO | Message cf44cf08-f73b-4a40-b07a-f5fbba78fc60 created
2026-08-10 01:04:44 | team | sess_fa16ac8908e6 | INFO | [verifier2] processing 1 unread messages (steer=True)
2026-08-10 01:04:44 | team | sess_fa16ac8908e6 | INFO | Message c3fa1961-5acd-4ac0-a98a-17f492ddeab6 marked as read by verifier2
2026-08-10 01:05:10 | team | sess_fa16ac8908e6 | INFO | Message 8a1fe4db-5e62-4c69-b669-97b64984111d created
2026-08-10 01:05:18 | team | sess_fa16ac8908e6 | INFO | [verifier2] processing 1 unread messages (steer=True)
2026-08-10 01:05:18 | team | sess_fa16ac8908e6 | INFO | Message 5777ade4-e571-4424-9e14-419f0e9486d9 marked as read by verifier2
2026-08-10 01:05:24 | team | sess_fa16ac8908e6 | INFO | Message ca658ca1-0f0b-4adc-9ec0-2fb8ec228aa8 created
2026-08-10 01:05:31 | team | sess_fa16ac8908e6 | INFO | [verifier2] processing 1 unread messages (steer=True)
2026-08-10 01:05:31 | team | sess_fa16ac8908e6 | INFO | Message 97c3ae7d-0ade-4d3d-ad1f-c53deba4d89e marked as read by verifier2
2026-08-10 01:18:04 | team | sess_fa16ac8908e6 | INFO | Task verify claimed by member verifier2
2026-08-10 01:18:04 | team | sess_fa16ac8908e6 | INFO | Task verify claimed by member verifier2
2026-08-10 01:18:06 | team | sess_fa16ac8908e6 | INFO | [verifier2] processing 1 unread messages (steer=True)
2026-08-10 01:18:06 | team | sess_fa16ac8908e6 | INFO | Message fde1892a-5b06-4647-ab17-3c293731f9a6 marked as read by verifier2
2026-08-10 01:18:23 | team | sess_fa16ac8908e6 | INFO | [verifier2] processing 1 unread messages (steer=True)
2026-08-10 01:18:23 | team | sess_fa16ac8908e6 | INFO | Message 75538b15-98d8-425b-8e7d-ea7ba5427bf1 marked as read by verifier2
2026-08-10 01:18:25 | team | sess_fa16ac8908e6 | INFO | [verifier2] processing 1 unread messages (steer=True)
2026-08-10 01:18:25 | team | sess_fa16ac8908e6 | INFO | Message 94c47406-64b2-4c7e-b4ee-477f6b867a06 marked as read by verifier2
2026-08-10 01:19:06 | team | sess_fa16ac8908e6 | INFO | Message 70f71e4c-3c5d-4fa4-9908-035d2831637c created
2026-08-10 01:19:17 | team | sess_fa16ac8908e6 | INFO | Message 2967f673-bb78-4a5b-abc3-be05ea9dc6a4 created
2026-08-10 01:19:17 | team | sess_fa16ac8908e6 | INFO | Message 7eb7aa22-0ec0-436b-8b42-e7e611584788 created
2026-08-10 01:19:22 | team | sess_fa16ac8908e6 | INFO | [verifier2] processing 1 unread messages (steer=True)
2026-08-10 01:19:22 | team | sess_fa16ac8908e6 | INFO | Message cfa316d8-0195-48fc-bdad-d8806ea0452d marked as read by verifier2
2026-08-10 01:19:58 | team | sess_fa16ac8908e6 | INFO | Task verify completed at 1786321198741
2026-08-10 01:19:58 | team | sess_fa16ac8908e6 | INFO | Task verify completed
2026-08-10 01:20:06 | team | sess_fa16ac8908e6 | INFO | Message 91b52b69-5584-42d0-85c3-8c4612ccc086 created
2026-08-10 01:20:06 | team | sess_fa16ac8908e6 | INFO | Message ef5e1563-90b3-4881-accd-92bb1e74f565 created
2026-08-10 01:20:32 | team | sess_fa16ac8908e6 | INFO | [verifier2] processing 1 unread messages (steer=True)
2026-08-10 01:20:33 | team | sess_fa16ac8908e6 | INFO | Message 90ac5a7f-0a96-4f43-89fa-8541b4dc6301 marked as read by verifier2
2026-08-10 01:21:07 | team | sess_fa16ac8908e6 | INFO | team jiuwen_team_sess_fa16ac8908e6 reported completed: 9 members, 5 tasks
2026-08-10 01:21:07 | team | sess_fa16ac8908e6 | INFO | [verifier2] received TEAM_STANDBY, pausing polls
2026-08-10 01:21:07 | team | sess_fa16ac8908e6 | INFO | EventBus[teammate] pausing polls
