2026-08-10 01:03:18 | team | sess_fa16ac8908e6 | INFO | Team workspace directory ensured at /srv/jwteam_clone/shared/run_current
2026-08-10 01:03:18 | team | sess_fa16ac8908e6 | INFO | AgentTeam manager initialized for jiuwen_team_sess_fa16ac8908e6, member=team_leader
2026-08-10 01:03:18 | team | sess_fa16ac8908e6 | INFO | [team_leader] TeamPolicyRail static sections: section_names=['team_role', 'team_workflow', 'team_swarmflow', 'team_lifecycle', 'team_persona']
2026-08-10 01:03:18 | team | sess_fa16ac8908e6 | INFO | Session tables ready for session sess_fa16ac8908e6
2026-08-10 01:03:18 | team | sess_fa16ac8908e6 | INFO | Team database initialized
2026-08-10 01:03:18 | team | default_trace_id | INFO | Team workspace directory ensured at /srv/jwteam_clone/shared/run_current
2026-08-10 01:03:18 | team | default_trace_id | INFO | AgentTeam manager initialized for jiuwen_team_sess_fa16ac8908e6, member=executor1
2026-08-10 01:03:18 | team | default_trace_id | INFO | [executor1] TeamPolicyRail static sections: section_names=['team_role', 'team_persona']
2026-08-10 01:03:18 | team | sess_fa16ac8908e6 | INFO | [executor1] invoke start, role=teammate
2026-08-10 01:03:18 | team | sess_fa16ac8908e6 | INFO | [executor1] coordination starting
2026-08-10 01:03:18 | team | sess_fa16ac8908e6 | INFO | Session tables ready for session sess_fa16ac8908e6
2026-08-10 01:03:18 | team | sess_fa16ac8908e6 | INFO | Workspace /srv/jwteam_clone/shared/run_current initialized as plain shared directory (version_control disabled)
2026-08-10 01:03:18 | team | sess_fa16ac8908e6 | INFO | EventBus[teammate] starting
2026-08-10 01:04:06 | team | sess_fa16ac8908e6 | INFO | [executor1] HITT section refresh: human_agent_names=[]
2026-08-10 01:04:17 | team | sess_fa16ac8908e6 | INFO | [executor1] processing 1 unread messages (steer=True)
2026-08-10 01:04:17 | team | sess_fa16ac8908e6 | INFO | Message 6ebbc8fe-d1b3-4489-ad98-dff16a3a51ef marked as read by executor1
2026-08-10 01:04:28 | team | sess_fa16ac8908e6 | INFO | Message 0cc49281-5d34-4bbb-b0e4-e52be6fc7c66 created
2026-08-10 01:04:53 | team | sess_fa16ac8908e6 | INFO | [executor1] processing 1 unread messages (steer=True)
2026-08-10 01:04:53 | team | sess_fa16ac8908e6 | INFO | Message d575d3d9-102c-4eda-bd5c-9eaca03b55d5 marked as read by executor1
2026-08-10 01:05:11 | team | sess_fa16ac8908e6 | INFO | [executor1] processing 1 unread messages (steer=True)
2026-08-10 01:05:11 | team | sess_fa16ac8908e6 | INFO | Message e4eba0fe-4e03-4895-b9da-27e7ab501932 marked as read by executor1
2026-08-10 01:05:18 | team | sess_fa16ac8908e6 | INFO | Message 9d0d309c-967b-4ee9-870f-a0a046f7372a created
2026-08-10 01:05:29 | team | sess_fa16ac8908e6 | INFO | Message f2428330-d207-4eea-af5c-86e6f6dbd515 created
2026-08-10 01:05:42 | team | sess_fa16ac8908e6 | INFO | [executor1] processing 1 unread messages (steer=True)
2026-08-10 01:05:42 | team | sess_fa16ac8908e6 | INFO | Message e1bf8262-f785-4c45-8122-f730eddae4cf marked as read by executor1
2026-08-10 01:06:04 | team | sess_fa16ac8908e6 | INFO | Message 7c32bb76-20a3-48ce-b8c6-336c44614aae created
2026-08-10 01:17:31 | team | sess_fa16ac8908e6 | INFO | Message 8f4f8ade-1cce-484a-bde6-315cc54c271a created
2026-08-10 01:17:49 | team | sess_fa16ac8908e6 | INFO | [executor1] processing 1 unread messages (steer=True)
2026-08-10 01:17:49 | team | sess_fa16ac8908e6 | INFO | Message e4669d59-9a8e-4d45-8e4e-354404329c4e marked as read by executor1
2026-08-10 01:19:58 | team | sess_fa16ac8908e6 | INFO | task list drained for team jiuwen_team_sess_fa16ac8908e6: 5 terminal task(s)
2026-08-10 01:21:07 | team | sess_fa16ac8908e6 | INFO | team jiuwen_team_sess_fa16ac8908e6 reported completed: 9 members, 5 tasks
2026-08-10 01:21:07 | team | sess_fa16ac8908e6 | INFO | [executor1] received TEAM_STANDBY, pausing polls
2026-08-10 01:21:07 | team | sess_fa16ac8908e6 | INFO | EventBus[teammate] pausing polls
