2026-08-10 01:03:16 | team | sess_fa16ac8908e6 | INFO | Team workspace directory ensured at /srv/jwteam_clone/shared/run_current
2026-08-10 01:03:16 | team | sess_fa16ac8908e6 | INFO | AgentTeam manager initialized for jiuwen_team_sess_fa16ac8908e6, member=team_leader
2026-08-10 01:03:16 | team | sess_fa16ac8908e6 | INFO | [team_leader] TeamPolicyRail static sections: section_names=['team_role', 'team_workflow', 'team_swarmflow', 'team_lifecycle', 'team_persona']
2026-08-10 01:03:16 | team | sess_fa16ac8908e6 | INFO | Session tables ready for session sess_fa16ac8908e6
2026-08-10 01:03:16 | team | sess_fa16ac8908e6 | INFO | Team database initialized
2026-08-10 01:03:16 | team | default_trace_id | INFO | Team workspace directory ensured at /srv/jwteam_clone/shared/run_current
2026-08-10 01:03:16 | team | default_trace_id | INFO | AgentTeam manager initialized for jiuwen_team_sess_fa16ac8908e6, member=planner2
2026-08-10 01:03:16 | team | default_trace_id | INFO | [planner2] TeamPolicyRail static sections: section_names=['team_role', 'team_persona']
2026-08-10 01:03:17 | team | sess_fa16ac8908e6 | INFO | [planner2] invoke start, role=teammate
2026-08-10 01:03:17 | team | sess_fa16ac8908e6 | INFO | [planner2] coordination starting
2026-08-10 01:03:17 | team | sess_fa16ac8908e6 | INFO | Session tables ready for session sess_fa16ac8908e6
2026-08-10 01:03:17 | team | sess_fa16ac8908e6 | INFO | Workspace /srv/jwteam_clone/shared/run_current initialized as plain shared directory (version_control disabled)
2026-08-10 01:03:17 | team | sess_fa16ac8908e6 | INFO | EventBus[teammate] starting
2026-08-10 01:04:06 | team | sess_fa16ac8908e6 | INFO | [planner2] HITT section refresh: human_agent_names=[]
2026-08-10 01:04:17 | team | sess_fa16ac8908e6 | INFO | [planner2] processing 1 unread messages (steer=True)
2026-08-10 01:04:17 | team | sess_fa16ac8908e6 | INFO | Message 6ebbc8fe-d1b3-4489-ad98-dff16a3a51ef marked as read by planner2
2026-08-10 01:04:35 | team | sess_fa16ac8908e6 | INFO | [planner2] processing 1 unread messages (steer=True)
2026-08-10 01:04:35 | team | sess_fa16ac8908e6 | INFO | Message 7772feb2-4a5a-47a2-bf36-21f882ec0d42 marked as read by planner2
2026-08-10 01:04:47 | team | sess_fa16ac8908e6 | INFO | Message 7429379e-7b36-451c-a8e5-a8d15572728c created
2026-08-10 01:04:47 | team | sess_fa16ac8908e6 | INFO | Message b263bbfb-e710-499b-95f6-f874666052eb created
2026-08-10 01:05:07 | team | sess_fa16ac8908e6 | INFO | Message a7d8bfb9-be05-46bf-a55d-e10ed3113ac6 created
2026-08-10 01:05:20 | team | sess_fa16ac8908e6 | INFO | [planner2] processing 1 unread messages (steer=True)
2026-08-10 01:05:20 | team | sess_fa16ac8908e6 | INFO | Message 64e7489c-4eaa-4872-befd-73d22cf41304 marked as read by planner2
2026-08-10 01:05:22 | team | sess_fa16ac8908e6 | INFO | Message e328624d-95e0-4775-9660-7d71c675277e created
2026-08-10 01:05:24 | team | sess_fa16ac8908e6 | INFO | [planner2] processing 1 unread messages (steer=True)
2026-08-10 01:05:24 | team | sess_fa16ac8908e6 | INFO | Message 2d0664c8-5a2d-4b2f-b73e-42513ff0c5c1 marked as read by planner2
2026-08-10 01:05:31 | team | sess_fa16ac8908e6 | INFO | Message 37b58375-d3da-4ecd-aa13-d68832be08d6 created
2026-08-10 01:05:31 | team | sess_fa16ac8908e6 | INFO | Message 52f247e1-06dd-4b61-b8ca-c49457d140a1 created
2026-08-10 01:05:37 | team | sess_fa16ac8908e6 | INFO | [planner2] processing 1 unread messages (steer=True)
2026-08-10 01:05:37 | team | sess_fa16ac8908e6 | INFO | Message 898227c0-4a76-42ea-bf7d-914f27c50c5a marked as read by planner2
2026-08-10 01:05:53 | team | sess_fa16ac8908e6 | INFO | Message 81a9c92b-51d3-44fb-8482-882a3d7d85ea created
2026-08-10 01:05:53 | team | sess_fa16ac8908e6 | INFO | Message f98fe5b7-3d50-44a4-b0df-09a9dd0103bc created
2026-08-10 01:06:00 | team | sess_fa16ac8908e6 | INFO | [planner2] processing 1 unread messages (steer=True)
2026-08-10 01:06:00 | team | sess_fa16ac8908e6 | INFO | Message 6e4a0586-5623-4288-89ad-41c039bbb1c3 marked as read by planner2
2026-08-10 01:06:07 | team | sess_fa16ac8908e6 | INFO | Message 84912e72-ac42-4da2-93a0-97d78a3a389c created
2026-08-10 01:19:58 | team | sess_fa16ac8908e6 | INFO | task list drained for team jiuwen_team_sess_fa16ac8908e6: 5 terminal task(s)
2026-08-10 01:21:07 | team | sess_fa16ac8908e6 | INFO | team jiuwen_team_sess_fa16ac8908e6 reported completed: 9 members, 5 tasks
2026-08-10 01:21:07 | team | sess_fa16ac8908e6 | INFO | [planner2] received TEAM_STANDBY, pausing polls
2026-08-10 01:21:07 | team | sess_fa16ac8908e6 | INFO | EventBus[teammate] pausing polls
