2026-08-10 09:18:20 | team | sess_a6306dbee23c | INFO | Team workspace directory ensured at /srv/jwteam_clone/shared/run_current
2026-08-10 09:18:20 | team | sess_a6306dbee23c | INFO | AgentTeam manager initialized for jiuwen_team_sess_a6306dbee23c, member=team_leader
2026-08-10 09:18:20 | team | sess_a6306dbee23c | INFO | [team_leader] TeamPolicyRail static sections: section_names=['team_role', 'team_workflow', 'team_swarmflow', 'team_lifecycle', 'team_persona']
2026-08-10 09:18:21 | team | sess_a6306dbee23c | INFO | Session tables ready for session sess_a6306dbee23c
2026-08-10 09:18:21 | team | sess_a6306dbee23c | INFO | Team database initialized
2026-08-10 09:18:21 | team | default_trace_id | INFO | Team workspace directory ensured at /srv/jwteam_clone/shared/run_current
2026-08-10 09:18:21 | team | default_trace_id | INFO | AgentTeam manager initialized for jiuwen_team_sess_a6306dbee23c, member=fullstack1
2026-08-10 09:18:21 | team | default_trace_id | INFO | [fullstack1] TeamPolicyRail static sections: section_names=['team_role', 'team_persona']
2026-08-10 09:18:21 | team | sess_a6306dbee23c | INFO | [fullstack1] invoke start, role=teammate
2026-08-10 09:18:21 | team | sess_a6306dbee23c | INFO | [fullstack1] coordination starting
2026-08-10 09:18:21 | team | sess_a6306dbee23c | INFO | Session tables ready for session sess_a6306dbee23c
2026-08-10 09:18:21 | team | sess_a6306dbee23c | INFO | Workspace /srv/jwteam_clone/shared/run_current initialized as plain shared directory (version_control disabled)
2026-08-10 09:18:21 | team | sess_a6306dbee23c | INFO | EventBus[teammate] starting
2026-08-10 09:18:37 | team | sess_a6306dbee23c | INFO | [fullstack1] HITT section refresh: human_agent_names=[]
2026-08-10 09:18:47 | team | sess_a6306dbee23c | INFO | [fullstack1] processing 1 unread messages (steer=True)
2026-08-10 09:18:47 | team | sess_a6306dbee23c | INFO | Message 01575bb1-8bfa-48b7-a3de-4d3bbd5bcbc7 marked as read by fullstack1
2026-08-10 09:20:05 | team | sess_a6306dbee23c | INFO | Task implement claimed by member fullstack1
2026-08-10 09:20:05 | team | sess_a6306dbee23c | INFO | Task implement claimed by member fullstack1
2026-08-10 09:20:05 | team | sess_a6306dbee23c | INFO | [fullstack1] processing 1 unread messages (steer=True)
2026-08-10 09:20:05 | team | sess_a6306dbee23c | INFO | Message db923e8d-0b12-4633-bb83-2a953a89400e marked as read by fullstack1
