2026-08-10 09:18:18 | team | sess_a6306dbee23c | INFO | Team workspace directory ensured at /srv/jwteam_clone/shared/run_current
2026-08-10 09:18:18 | team | sess_a6306dbee23c | INFO | AgentTeam manager initialized for jiuwen_team_sess_a6306dbee23c, member=team_leader
2026-08-10 09:18:18 | team | sess_a6306dbee23c | INFO | [team_leader] TeamPolicyRail static sections: section_names=['team_role', 'team_workflow', 'team_swarmflow', 'team_lifecycle', 'team_persona']
2026-08-10 09:18:18 | team | sess_a6306dbee23c | INFO | Session tables ready for session sess_a6306dbee23c
2026-08-10 09:18:18 | team | sess_a6306dbee23c | INFO | Team database initialized
2026-08-10 09:18:18 | team | default_trace_id | INFO | Team workspace directory ensured at /srv/jwteam_clone/shared/run_current
2026-08-10 09:18:18 | team | default_trace_id | INFO | AgentTeam manager initialized for jiuwen_team_sess_a6306dbee23c, member=executor3
2026-08-10 09:18:18 | team | default_trace_id | INFO | [executor3] TeamPolicyRail static sections: section_names=['team_role', 'team_persona']
2026-08-10 09:18:18 | team | sess_a6306dbee23c | INFO | [executor3] invoke start, role=teammate
2026-08-10 09:18:18 | team | sess_a6306dbee23c | INFO | [executor3] coordination starting
2026-08-10 09:18:18 | team | sess_a6306dbee23c | INFO | Session tables ready for session sess_a6306dbee23c
2026-08-10 09:18:18 | team | sess_a6306dbee23c | INFO | Workspace /srv/jwteam_clone/shared/run_current initialized as plain shared directory (version_control disabled)
2026-08-10 09:18:18 | team | sess_a6306dbee23c | INFO | EventBus[teammate] starting
2026-08-10 09:18:38 | team | sess_a6306dbee23c | INFO | [executor3] HITT section refresh: human_agent_names=[]
2026-08-10 09:18:47 | team | sess_a6306dbee23c | INFO | [executor3] processing 1 unread messages (steer=True)
2026-08-10 09:18:47 | team | sess_a6306dbee23c | INFO | Message 01575bb1-8bfa-48b7-a3de-4d3bbd5bcbc7 marked as read by executor3
2026-08-10 09:19:46 | team | sess_a6306dbee23c | INFO | [executor3] processing 1 unread messages (steer=True)
2026-08-10 09:19:46 | team | sess_a6306dbee23c | INFO | Message f52018ac-c045-47e1-98b0-b5a4bdef30ff marked as read by executor3
2026-08-10 09:20:03 | team | sess_a6306dbee23c | INFO | Message 55cd73ba-f0b2-4a9b-a0bd-464c767e8e4a created
2026-08-10 09:20:07 | team | sess_a6306dbee23c | INFO | Task implement claimed by member executor3
2026-08-10 09:20:07 | team | sess_a6306dbee23c | INFO | Task implement claimed by member executor3
2026-08-10 09:20:10 | team | sess_a6306dbee23c | INFO | [executor3] processing 1 unread messages (steer=True)
2026-08-10 09:20:10 | team | sess_a6306dbee23c | INFO | Message c56b315f-c0da-4d6f-b41e-bb74680b132c marked as read by executor3
2026-08-10 09:20:42 | team | sess_a6306dbee23c | INFO | [executor3] processing 1 unread messages (steer=True)
2026-08-10 09:20:42 | team | sess_a6306dbee23c | INFO | Message e0106fd5-324b-450b-a04a-e5b892bd3f55 marked as read by executor3
2026-08-10 09:21:20 | team | sess_a6306dbee23c | INFO | [executor3] processing 1 unread messages (steer=True)
2026-08-10 09:21:20 | team | sess_a6306dbee23c | INFO | Message 5180bbee-ae77-4ea0-985a-6d2e64142c91 marked as read by executor3
2026-08-10 09:30:18 | team | sess_a6306dbee23c | INFO | [executor3] self-nudged stale claimed task implement
2026-08-10 09:30:24 | team | sess_a6306dbee23c | INFO | [executor3] processing 1 unread messages (steer=True)
2026-08-10 09:30:24 | team | sess_a6306dbee23c | INFO | Message 5c16270d-25fa-4d53-bab6-717c0361cdc9 marked as read by executor3
2026-08-10 09:30:30 | team | sess_a6306dbee23c | INFO | Message 3d4488a4-bf72-4ed2-a6d9-345330b49159 created
2026-08-10 09:30:40 | team | sess_a6306dbee23c | INFO | Message 03ef250e-d912-4ac5-840f-ff82e62ece4a created
2026-08-10 09:30:46 | team | sess_a6306dbee23c | INFO | [executor3] processing 1 unread messages (steer=True)
2026-08-10 09:30:46 | team | sess_a6306dbee23c | INFO | Message 8ad9c805-a5f1-4c0f-8142-a165c5b2c64b marked as read by executor3
2026-08-10 09:30:47 | team | sess_a6306dbee23c | INFO | [executor3] processing 1 unread messages (steer=True)
2026-08-10 09:30:47 | team | sess_a6306dbee23c | INFO | Message a2907fd5-a3c6-44cf-9c8b-871b3459dc80 marked as read by executor3
2026-08-10 09:31:07 | team | sess_a6306dbee23c | INFO | [executor3] processing 1 unread messages (steer=True)
2026-08-10 09:31:07 | team | sess_a6306dbee23c | INFO | Message 55439b8c-911e-47ab-8e42-a6e83dacae2a marked as read by executor3
2026-08-10 09:31:15 | team | sess_a6306dbee23c | INFO | Message fd0c2485-2683-4f79-9856-ee5417270911 created
