2026-08-10 09:18:13 | team | sess_a6306dbee23c | INFO | Team workspace directory ensured at /srv/jwteam_clone/shared/run_current
2026-08-10 09:18:13 | team | sess_a6306dbee23c | INFO | AgentTeam manager initialized for jiuwen_team_sess_a6306dbee23c, member=team_leader
2026-08-10 09:18:13 | team | sess_a6306dbee23c | INFO | [team_leader] TeamPolicyRail static sections: section_names=['team_role', 'team_workflow', 'team_swarmflow', 'team_lifecycle', 'team_persona']
2026-08-10 09:18:13 | team | sess_a6306dbee23c | INFO | Session tables ready for session sess_a6306dbee23c
2026-08-10 09:18:13 | team | sess_a6306dbee23c | INFO | Team database initialized
2026-08-10 09:18:13 | team | default_trace_id | INFO | Team workspace directory ensured at /srv/jwteam_clone/shared/run_current
2026-08-10 09:18:13 | team | default_trace_id | INFO | AgentTeam manager initialized for jiuwen_team_sess_a6306dbee23c, member=planner1
2026-08-10 09:18:13 | team | default_trace_id | INFO | [planner1] TeamPolicyRail static sections: section_names=['team_role', 'team_persona']
2026-08-10 09:18:14 | team | sess_a6306dbee23c | INFO | [planner1] invoke start, role=teammate
2026-08-10 09:18:14 | team | sess_a6306dbee23c | INFO | [planner1] coordination starting
2026-08-10 09:18:14 | team | sess_a6306dbee23c | INFO | Session tables ready for session sess_a6306dbee23c
2026-08-10 09:18:14 | team | sess_a6306dbee23c | INFO | Workspace /srv/jwteam_clone/shared/run_current initialized as plain shared directory (version_control disabled)
2026-08-10 09:18:14 | team | sess_a6306dbee23c | INFO | EventBus[teammate] starting
2026-08-10 09:18:38 | team | sess_a6306dbee23c | INFO | [planner1] HITT section refresh: human_agent_names=[]
2026-08-10 09:18:47 | team | sess_a6306dbee23c | INFO | Task plan claimed by member planner1
2026-08-10 09:18:47 | team | sess_a6306dbee23c | INFO | Task plan claimed by member planner1
2026-08-10 09:18:47 | team | sess_a6306dbee23c | INFO | [planner1] processing 1 unread messages (steer=True)
2026-08-10 09:18:47 | team | sess_a6306dbee23c | INFO | Message 01575bb1-8bfa-48b7-a3de-4d3bbd5bcbc7 marked as read by planner1
2026-08-10 09:19:02 | team | sess_a6306dbee23c | INFO | [planner1] processing 1 unread messages (steer=True)
2026-08-10 09:19:02 | team | sess_a6306dbee23c | INFO | Message 5c9ea111-81b3-4098-8ac2-6d6f86eb1113 marked as read by planner1
2026-08-10 09:19:46 | team | sess_a6306dbee23c | INFO | Message f52018ac-c045-47e1-98b0-b5a4bdef30ff created
2026-08-10 09:19:59 | team | sess_a6306dbee23c | INFO | Task plan completed at 1786349999638
2026-08-10 09:19:59 | team | sess_a6306dbee23c | INFO | Message 6d0a97ac-16c0-4758-8bf5-11f2cc2d306d created
2026-08-10 09:19:59 | team | sess_a6306dbee23c | INFO | Resolved 1 dependencies for task plan
2026-08-10 09:19:59 | team | sess_a6306dbee23c | INFO | Task implement unblocked (all deps resolved)
2026-08-10 09:19:59 | team | sess_a6306dbee23c | INFO | Task plan completed
2026-08-10 09:19:59 | team | sess_a6306dbee23c | INFO | Unblocked 1 tasks
2026-08-10 09:20:03 | team | sess_a6306dbee23c | INFO | [planner1] processing 1 unread messages (steer=True)
2026-08-10 09:20:03 | team | sess_a6306dbee23c | INFO | Message 55cd73ba-f0b2-4a9b-a0bd-464c767e8e4a marked as read by planner1
2026-08-10 09:20:10 | team | sess_a6306dbee23c | INFO | Message c56b315f-c0da-4d6f-b41e-bb74680b132c created
2026-08-10 09:20:19 | team | sess_a6306dbee23c | INFO | [planner1] processing 1 unread messages (steer=True)
2026-08-10 09:20:19 | team | sess_a6306dbee23c | INFO | Message 50b4f845-12e5-4e30-b31f-64ade24b48db marked as read by planner1
2026-08-10 09:20:36 | team | sess_a6306dbee23c | INFO | Message 2c732b51-610e-44cd-8bb5-fed964fa7a90 created
2026-08-10 09:21:12 | team | sess_a6306dbee23c | INFO | [planner1] processing 1 unread messages (steer=True)
2026-08-10 09:21:12 | team | sess_a6306dbee23c | INFO | Message e4091d98-8179-44fd-8d8f-31934d6f9b94 marked as read by planner1
2026-08-10 09:30:30 | team | sess_a6306dbee23c | INFO | [planner1] processing 1 unread messages (steer=True)
2026-08-10 09:30:31 | team | sess_a6306dbee23c | INFO | Message 3d4488a4-bf72-4ed2-a6d9-345330b49159 marked as read by planner1
2026-08-10 09:30:46 | team | sess_a6306dbee23c | INFO | Message 8ad9c805-a5f1-4c0f-8142-a165c5b2c64b created
2026-08-10 09:30:47 | team | sess_a6306dbee23c | INFO | [planner1] processing 1 unread messages (steer=True)
2026-08-10 09:30:47 | team | sess_a6306dbee23c | INFO | Message a961dab2-086a-4ed4-88b3-0107357b10eb marked as read by planner1
2026-08-10 09:31:07 | team | sess_a6306dbee23c | INFO | Message 55439b8c-911e-47ab-8e42-a6e83dacae2a created
2026-08-10 09:31:07 | team | sess_a6306dbee23c | INFO | Message 9fafe9f7-726f-48df-a2f8-fc3f7f61677e created
2026-08-10 09:31:13 | team | sess_a6306dbee23c | INFO | [planner1] processing 1 unread messages (steer=True)
2026-08-10 09:31:13 | team | sess_a6306dbee23c | INFO | Message 003064c2-8aa9-4dd9-83bb-6bd739f5fa95 marked as read by planner1
2026-08-10 09:31:15 | team | sess_a6306dbee23c | INFO | [planner1] processing 1 unread messages (steer=True)
2026-08-10 09:31:15 | team | sess_a6306dbee23c | INFO | Message fd0c2485-2683-4f79-9856-ee5417270911 marked as read by planner1
