2026-08-10 09:18:15 | team | sess_a6306dbee23c | INFO | Team workspace directory ensured at /srv/jwteam_clone/shared/run_current
2026-08-10 09:18:15 | team | sess_a6306dbee23c | INFO | AgentTeam manager initialized for jiuwen_team_sess_a6306dbee23c, member=team_leader
2026-08-10 09:18:15 | team | sess_a6306dbee23c | INFO | [team_leader] TeamPolicyRail static sections: section_names=['team_role', 'team_workflow', 'team_swarmflow', 'team_lifecycle', 'team_persona']
2026-08-10 09:18:15 | team | sess_a6306dbee23c | INFO | Session tables ready for session sess_a6306dbee23c
2026-08-10 09:18:15 | team | sess_a6306dbee23c | INFO | Team database initialized
2026-08-10 09:18:15 | team | default_trace_id | INFO | Team workspace directory ensured at /srv/jwteam_clone/shared/run_current
2026-08-10 09:18:15 | team | default_trace_id | INFO | AgentTeam manager initialized for jiuwen_team_sess_a6306dbee23c, member=planner2
2026-08-10 09:18:15 | team | default_trace_id | INFO | [planner2] TeamPolicyRail static sections: section_names=['team_role', 'team_persona']
2026-08-10 09:18:15 | team | sess_a6306dbee23c | INFO | [planner2] invoke start, role=teammate
2026-08-10 09:18:15 | team | sess_a6306dbee23c | INFO | [planner2] coordination starting
2026-08-10 09:18:15 | team | sess_a6306dbee23c | INFO | Session tables ready for session sess_a6306dbee23c
2026-08-10 09:18:15 | team | sess_a6306dbee23c | INFO | Workspace /srv/jwteam_clone/shared/run_current initialized as plain shared directory (version_control disabled)
2026-08-10 09:18:15 | team | sess_a6306dbee23c | INFO | EventBus[teammate] starting
2026-08-10 09:18:38 | team | sess_a6306dbee23c | INFO | [planner2] HITT section refresh: human_agent_names=[]
2026-08-10 09:18:47 | team | sess_a6306dbee23c | INFO | [planner2] processing 1 unread messages (steer=True)
2026-08-10 09:18:47 | team | sess_a6306dbee23c | INFO | Message 01575bb1-8bfa-48b7-a3de-4d3bbd5bcbc7 marked as read by planner2
2026-08-10 09:19:02 | team | sess_a6306dbee23c | INFO | Message 5c9ea111-81b3-4098-8ac2-6d6f86eb1113 created
2026-08-10 09:19:59 | team | sess_a6306dbee23c | INFO | [planner2] processing 1 unread messages (steer=True)
2026-08-10 09:19:59 | team | sess_a6306dbee23c | INFO | Message 6d0a97ac-16c0-4758-8bf5-11f2cc2d306d marked as read by planner2
2026-08-10 09:20:19 | team | sess_a6306dbee23c | INFO | Message 50b4f845-12e5-4e30-b31f-64ade24b48db created
2026-08-10 09:20:32 | team | sess_a6306dbee23c | INFO | Message 159788d2-7dc9-49f8-a603-cc14fb444cca created
2026-08-10 09:20:36 | team | sess_a6306dbee23c | INFO | [planner2] processing 1 unread messages (steer=True)
2026-08-10 09:20:36 | team | sess_a6306dbee23c | INFO | Message 2c732b51-610e-44cd-8bb5-fed964fa7a90 marked as read by planner2
2026-08-10 09:20:40 | team | sess_a6306dbee23c | INFO | [planner2] processing 1 unread messages (steer=True)
2026-08-10 09:20:40 | team | sess_a6306dbee23c | INFO | Message df41bcbf-ee72-473b-b237-a90b2bb65c1d marked as read by planner2
2026-08-10 09:20:42 | team | sess_a6306dbee23c | INFO | Message e0106fd5-324b-450b-a04a-e5b892bd3f55 created
2026-08-10 09:21:12 | team | sess_a6306dbee23c | INFO | Message e4091d98-8179-44fd-8d8f-31934d6f9b94 created
2026-08-10 09:21:20 | team | sess_a6306dbee23c | INFO | Message 5180bbee-ae77-4ea0-985a-6d2e64142c91 created
2026-08-10 09:21:28 | team | sess_a6306dbee23c | INFO | Message 3011d84e-8bea-4adb-8ab4-6f0e9a469c58 created
