2026-08-10 01:43:51 | team | sess_1263a59c2c6d | INFO | Team workspace directory ensured at /srv/jwteam_clone/shared/run_current
2026-08-10 01:43:51 | team | sess_1263a59c2c6d | INFO | AgentTeam manager initialized for jiuwen_team_sess_1263a59c2c6d, member=team_leader
2026-08-10 01:43:51 | team | sess_1263a59c2c6d | INFO | [team_leader] TeamPolicyRail static sections: section_names=['team_role', 'team_workflow', 'team_swarmflow', 'team_lifecycle', 'team_persona']
2026-08-10 01:43:51 | team | sess_1263a59c2c6d | INFO | Session tables ready for session sess_1263a59c2c6d
2026-08-10 01:43:51 | team | sess_1263a59c2c6d | INFO | Team database initialized
2026-08-10 01:43:51 | team | default_trace_id | INFO | Team workspace directory ensured at /srv/jwteam_clone/shared/run_current
2026-08-10 01:43:51 | team | default_trace_id | INFO | AgentTeam manager initialized for jiuwen_team_sess_1263a59c2c6d, member=verifier2
2026-08-10 01:43:51 | team | default_trace_id | INFO | [verifier2] TeamPolicyRail static sections: section_names=['team_role', 'team_persona']
2026-08-10 01:43:51 | team | sess_1263a59c2c6d | INFO | [verifier2] invoke start, role=teammate
2026-08-10 01:43:51 | team | sess_1263a59c2c6d | INFO | [verifier2] coordination starting
2026-08-10 01:43:51 | team | sess_1263a59c2c6d | INFO | Session tables ready for session sess_1263a59c2c6d
2026-08-10 01:43:51 | team | sess_1263a59c2c6d | INFO | Workspace /srv/jwteam_clone/shared/run_current initialized as plain shared directory (version_control disabled)
2026-08-10 01:43:51 | team | sess_1263a59c2c6d | INFO | EventBus[teammate] starting
2026-08-10 01:44:48 | team | sess_1263a59c2c6d | INFO | [verifier2] HITT section refresh: human_agent_names=[]
2026-08-10 01:44:58 | team | sess_1263a59c2c6d | INFO | [verifier2] processing 1 unread messages (steer=True)
2026-08-10 01:44:58 | team | sess_1263a59c2c6d | INFO | Message 2f952be5-2c74-4c0a-a7f0-50d974051819 marked as read by verifier2
2026-08-10 01:45:18 | team | sess_1263a59c2c6d | INFO | Message 544df15a-b658-4f3c-ab2f-c32ab8f70b02 created
2026-08-10 01:45:28 | team | sess_1263a59c2c6d | INFO | [verifier2] processing 1 unread messages (steer=True)
2026-08-10 01:45:28 | team | sess_1263a59c2c6d | INFO | Message dd78ffaf-2af6-40af-a76b-444f7454498c marked as read by verifier2
2026-08-10 01:45:30 | team | sess_1263a59c2c6d | INFO | Message 8f9fa100-f84c-4140-a1c1-e76e5d8996e8 created
2026-08-10 01:45:41 | team | sess_1263a59c2c6d | INFO | Message 199a62df-09b2-43bf-89cd-d3ebaffefad7 created
2026-08-10 01:51:47 | team | sess_1263a59c2c6d | INFO | [verifier2] processing 1 unread messages (steer=True)
2026-08-10 01:51:47 | team | sess_1263a59c2c6d | INFO | Message e8eda96c-84ce-4f51-847b-47ccf66fb7da marked as read by verifier2
2026-08-10 01:52:10 | team | sess_1263a59c2c6d | INFO | Message 520e7b3c-641d-442e-8370-cfb467cf4291 created
2026-08-10 01:52:27 | team | sess_1263a59c2c6d | INFO | [verifier2] processing 1 unread messages (steer=True)
2026-08-10 01:52:27 | team | sess_1263a59c2c6d | INFO | Message 17ed9c9f-e0b2-47f6-b63d-f17c22ecfcd8 marked as read by verifier2
2026-08-10 01:52:27 | team | sess_1263a59c2c6d | INFO | [verifier2] processing 1 unread messages (steer=True)
2026-08-10 01:52:27 | team | sess_1263a59c2c6d | INFO | Message 359b5fed-7904-43a5-915a-2becacc0c977 marked as read by verifier2
2026-08-10 01:52:29 | team | sess_1263a59c2c6d | INFO | Message 903d49f4-2a11-4d82-92fc-01bd04f545dc created
2026-08-10 01:52:37 | team | sess_1263a59c2c6d | INFO | [verifier2] processing 1 unread messages (steer=True)
2026-08-10 01:52:37 | team | sess_1263a59c2c6d | INFO | Message cf99effe-831c-463c-a8d1-96fde484e63a marked as read by verifier2
2026-08-10 01:52:42 | team | sess_1263a59c2c6d | INFO | Message 3794cc98-ef3f-4761-8d5f-4445457b783d created
2026-08-10 01:52:42 | team | sess_1263a59c2c6d | INFO | Message 82971cb0-0ac4-4481-b91b-f852f22a8afb created
2026-08-10 01:52:43 | team | sess_1263a59c2c6d | INFO | [verifier2] processing 1 unread messages (steer=True)
2026-08-10 01:52:43 | team | sess_1263a59c2c6d | INFO | Message 279b7ce7-d327-4415-a06b-a81d2fb331f3 marked as read by verifier2
2026-08-10 01:52:48 | team | sess_1263a59c2c6d | INFO | Message 66f6322c-7a20-457f-920c-cad3e991a419 created
2026-08-10 01:52:51 | team | sess_1263a59c2c6d | INFO | [verifier2] processing 1 unread messages (steer=True)
2026-08-10 01:52:51 | team | sess_1263a59c2c6d | INFO | Message e9d55dbe-1cbe-49ec-b54d-77514b21a1a2 marked as read by verifier2
2026-08-10 01:52:54 | team | sess_1263a59c2c6d | INFO | Message a9956f62-9ba8-4b57-b0c4-bebe2695e01e created
2026-08-10 01:53:02 | team | sess_1263a59c2c6d | INFO | [verifier2] processing 1 unread messages (steer=True)
2026-08-10 01:53:02 | team | sess_1263a59c2c6d | INFO | Message 22dba178-d2fa-4815-818a-1ed30edbf6b2 marked as read by verifier2
2026-08-10 01:53:06 | team | sess_1263a59c2c6d | INFO | [verifier2] processing 1 unread messages (steer=True)
2026-08-10 01:53:06 | team | sess_1263a59c2c6d | INFO | Message 9b82f0c0-6ae5-4960-9b42-4b75d6c79910 marked as read by verifier2
2026-08-10 01:53:51 | team | sess_1263a59c2c6d | INFO | task list drained for team jiuwen_team_sess_1263a59c2c6d: 4 terminal task(s)
2026-08-10 01:54:00 | team | sess_1263a59c2c6d | INFO | [verifier2] processing 1 unread messages (steer=True)
2026-08-10 01:54:00 | team | sess_1263a59c2c6d | INFO | Message ab784ab7-c53c-4286-82c1-95f9a559fb41 marked as read by verifier2
2026-08-10 01:54:12 | team | sess_1263a59c2c6d | INFO | [verifier2] processing 1 unread messages (steer=True)
2026-08-10 01:54:12 | team | sess_1263a59c2c6d | INFO | Message 331364d8-8a9f-4150-935e-b76c15cfb315 marked as read by verifier2
2026-08-10 01:54:20 | team | sess_1263a59c2c6d | INFO | Message e6b7472c-a738-4415-87b0-54461852cd5d created
2026-08-10 01:54:20 | team | sess_1263a59c2c6d | INFO | Message 501d9d71-f3b2-4c3b-b755-4ae3677b31d4 created
2026-08-10 01:54:33 | team | sess_1263a59c2c6d | INFO | team jiuwen_team_sess_1263a59c2c6d reported completed: 9 members, 4 tasks
2026-08-10 01:54:33 | team | sess_1263a59c2c6d | INFO | [verifier2] received TEAM_STANDBY, pausing polls
2026-08-10 01:54:33 | team | sess_1263a59c2c6d | INFO | EventBus[teammate] pausing polls
