2026-08-10 01:43:47 | team | sess_1263a59c2c6d | INFO | Team workspace directory ensured at /srv/jwteam_clone/shared/run_current
2026-08-10 01:43:47 | team | sess_1263a59c2c6d | INFO | AgentTeam manager initialized for jiuwen_team_sess_1263a59c2c6d, member=team_leader
2026-08-10 01:43:47 | team | sess_1263a59c2c6d | INFO | [team_leader] TeamPolicyRail static sections: section_names=['team_role', 'team_workflow', 'team_swarmflow', 'team_lifecycle', 'team_persona']
2026-08-10 01:43:47 | team | sess_1263a59c2c6d | INFO | Session tables ready for session sess_1263a59c2c6d
2026-08-10 01:43:47 | team | sess_1263a59c2c6d | INFO | Team database initialized
2026-08-10 01:43:47 | team | default_trace_id | INFO | Team workspace directory ensured at /srv/jwteam_clone/shared/run_current
2026-08-10 01:43:47 | team | default_trace_id | INFO | AgentTeam manager initialized for jiuwen_team_sess_1263a59c2c6d, member=executor1
2026-08-10 01:43:47 | team | default_trace_id | INFO | [executor1] TeamPolicyRail static sections: section_names=['team_role', 'team_persona']
2026-08-10 01:43:47 | team | sess_1263a59c2c6d | INFO | [executor1] invoke start, role=teammate
2026-08-10 01:43:47 | team | sess_1263a59c2c6d | INFO | [executor1] coordination starting
2026-08-10 01:43:47 | team | sess_1263a59c2c6d | INFO | Session tables ready for session sess_1263a59c2c6d
2026-08-10 01:43:47 | team | sess_1263a59c2c6d | INFO | Workspace /srv/jwteam_clone/shared/run_current initialized as plain shared directory (version_control disabled)
2026-08-10 01:43:47 | team | sess_1263a59c2c6d | INFO | EventBus[teammate] starting
2026-08-10 01:44:48 | team | sess_1263a59c2c6d | INFO | [executor1] HITT section refresh: human_agent_names=[]
2026-08-10 01:44:58 | team | sess_1263a59c2c6d | INFO | [executor1] processing 1 unread messages (steer=True)
2026-08-10 01:44:58 | team | sess_1263a59c2c6d | INFO | Message 2f952be5-2c74-4c0a-a7f0-50d974051819 marked as read by executor1
2026-08-10 01:45:38 | team | sess_1263a59c2c6d | INFO | Message 647c0646-1588-4092-9da5-b3f44651e53e created
2026-08-10 01:46:38 | team | sess_1263a59c2c6d | INFO | [executor1] processing 1 unread messages (steer=True)
2026-08-10 01:46:38 | team | sess_1263a59c2c6d | INFO | Message fbec8242-cb87-4258-a6e5-7b208dca611f marked as read by executor1
2026-08-10 01:46:54 | team | sess_1263a59c2c6d | INFO | Task implement claimed by member executor1
2026-08-10 01:46:54 | team | sess_1263a59c2c6d | INFO | Task implement claimed by member executor1
2026-08-10 01:46:57 | team | sess_1263a59c2c6d | INFO | [executor1] processing 1 unread messages (steer=True)
2026-08-10 01:46:57 | team | sess_1263a59c2c6d | INFO | Message acede100-5377-4a0b-be5f-0686b7605453 marked as read by executor1
2026-08-10 01:47:03 | team | sess_1263a59c2c6d | INFO | Message 5e274833-1893-4ee9-b845-8cf4017918a2 created
2026-08-10 01:47:04 | team | sess_1263a59c2c6d | INFO | [executor1] processing 1 unread messages (steer=True)
2026-08-10 01:47:04 | team | sess_1263a59c2c6d | INFO | Message 7ac67193-0a95-43f5-8106-82a5b07763e4 marked as read by executor1
2026-08-10 01:47:14 | team | sess_1263a59c2c6d | INFO | [executor1] processing 1 unread messages (steer=True)
2026-08-10 01:47:14 | team | sess_1263a59c2c6d | INFO | Message 0c4d9d5c-93e0-4bc2-87c1-83366f2bf10d marked as read by executor1
2026-08-10 01:47:16 | team | sess_1263a59c2c6d | INFO | [executor1] processing 1 unread messages (steer=True)
2026-08-10 01:47:16 | team | sess_1263a59c2c6d | INFO | Message 32a48422-2cd9-416e-ac25-becb63601d9a marked as read by executor1
2026-08-10 01:47:26 | team | sess_1263a59c2c6d | INFO | [executor1] processing 1 unread messages (steer=True)
2026-08-10 01:47:26 | team | sess_1263a59c2c6d | INFO | Message 0944bcf8-5081-481a-bb3b-323ba90e0660 marked as read by executor1
2026-08-10 01:47:26 | team | sess_1263a59c2c6d | INFO | Message a03c068b-1011-4b5e-ac5a-cae16d09c9af created
2026-08-10 01:47:37 | team | sess_1263a59c2c6d | INFO | Message d81a1c96-f0f1-48db-ab11-7414a5228f8f created
2026-08-10 01:47:37 | team | sess_1263a59c2c6d | INFO | Message bf4b21d5-6cec-4da4-aefc-93d9c2e72ddd created
2026-08-10 01:47:39 | team | sess_1263a59c2c6d | INFO | [executor1] processing 1 unread messages (steer=True)
2026-08-10 01:47:39 | team | sess_1263a59c2c6d | INFO | Message adaf5846-e788-4103-8ce1-69e3b7644534 marked as read by executor1
2026-08-10 01:47:44 | team | sess_1263a59c2c6d | INFO | [executor1] processing 1 unread messages (steer=True)
2026-08-10 01:47:44 | team | sess_1263a59c2c6d | INFO | Message 68b915c0-22be-403e-a59f-957bf00e645a marked as read by executor1
2026-08-10 01:48:01 | team | sess_1263a59c2c6d | INFO | [executor1] processing 1 unread messages (steer=True)
2026-08-10 01:48:01 | team | sess_1263a59c2c6d | INFO | Message 7b272e1f-1924-4b58-bdd8-ef3ef2caee78 marked as read by executor1
2026-08-10 01:48:12 | team | sess_1263a59c2c6d | INFO | Message 47242602-93d9-44c8-9489-6cb3f3a5acf4 created
2026-08-10 01:48:24 | team | sess_1263a59c2c6d | INFO | [executor1] processing 1 unread messages (steer=True)
2026-08-10 01:48:24 | team | sess_1263a59c2c6d | INFO | Message 5af168fc-4eee-4055-b7b6-67191379f556 marked as read by executor1
2026-08-10 01:48:52 | team | sess_1263a59c2c6d | INFO | Message 6ee51946-6f5d-4290-a225-8613b538241c created
2026-08-10 01:48:57 | team | sess_1263a59c2c6d | INFO | [executor1] processing 1 unread messages (steer=True)
2026-08-10 01:48:57 | team | sess_1263a59c2c6d | INFO | Message 24ef57e9-42a8-4f0e-b971-8cd13055cee3 marked as read by executor1
2026-08-10 01:49:01 | team | sess_1263a59c2c6d | INFO | [executor1] processing 1 unread messages (steer=True)
2026-08-10 01:49:01 | team | sess_1263a59c2c6d | INFO | Message 3ed27994-e1d6-49b7-92e2-42de4bc3b558 marked as read by executor1
2026-08-10 01:49:05 | team | sess_1263a59c2c6d | INFO | [executor1] processing 1 unread messages (steer=True)
2026-08-10 01:49:05 | team | sess_1263a59c2c6d | INFO | Message 89aac00d-0b77-41ea-a8de-1db9b7a47f64 marked as read by executor1
2026-08-10 01:49:05 | team | sess_1263a59c2c6d | INFO | Message 93b03065-6ee5-4e8e-8a92-df5c024fd0c4 created
2026-08-10 01:49:24 | team | sess_1263a59c2c6d | INFO | [executor1] processing 1 unread messages (steer=True)
2026-08-10 01:49:24 | team | sess_1263a59c2c6d | INFO | Message ef1621fb-51c2-47b8-a2bf-4c64bc6b08cc marked as read by executor1
2026-08-10 01:49:26 | team | sess_1263a59c2c6d | INFO | Message c6ce384b-a34b-4b52-9803-5f3ff64c1717 created
2026-08-10 01:49:37 | team | sess_1263a59c2c6d | INFO | Message a485c380-0898-49fb-8e25-c6ff5cf57495 created
2026-08-10 01:49:45 | team | sess_1263a59c2c6d | INFO | [executor1] processing 1 unread messages (steer=True)
2026-08-10 01:49:45 | team | sess_1263a59c2c6d | INFO | Message 317bdf75-b31d-43a2-a1fa-efea0660b3a4 marked as read by executor1
2026-08-10 01:49:59 | team | sess_1263a59c2c6d | INFO | [executor1] processing 1 unread messages (steer=True)
2026-08-10 01:49:59 | team | sess_1263a59c2c6d | INFO | Message e6bd000c-63bd-4dc7-af8a-90b5a34cfe47 marked as read by executor1
2026-08-10 01:50:05 | team | sess_1263a59c2c6d | INFO | Message 6f7fd842-0499-4586-aa75-26bd1009d4c8 created
2026-08-10 01:50:14 | team | sess_1263a59c2c6d | INFO | [executor1] processing 1 unread messages (steer=True)
2026-08-10 01:50:14 | team | sess_1263a59c2c6d | INFO | Message 539c8c50-8eeb-49f2-a333-4fea0b496d15 marked as read by executor1
2026-08-10 01:50:17 | team | sess_1263a59c2c6d | INFO | Message 2df6ec68-bfc8-45a6-97c4-9fb9da897bce created
2026-08-10 01:50:19 | team | sess_1263a59c2c6d | INFO | [executor1] processing 1 unread messages (steer=True)
2026-08-10 01:50:19 | team | sess_1263a59c2c6d | INFO | Message 45ea9ac7-3bab-462c-a2b7-f66f4c737ddb marked as read by executor1
2026-08-10 01:50:30 | team | sess_1263a59c2c6d | INFO | Message 343aa056-6946-439d-93ee-56ff7c040868 created
2026-08-10 01:50:41 | team | sess_1263a59c2c6d | INFO | Message 3d812d4e-ceb4-40f4-83d2-f4d51530c678 created
2026-08-10 01:50:46 | team | sess_1263a59c2c6d | INFO | [executor1] processing 1 unread messages (steer=True)
2026-08-10 01:50:46 | team | sess_1263a59c2c6d | INFO | Message d6690e53-9636-4c96-829c-6f1bdab8d776 marked as read by executor1
2026-08-10 01:50:48 | team | sess_1263a59c2c6d | INFO | [executor1] processing 1 unread messages (steer=True)
2026-08-10 01:50:48 | team | sess_1263a59c2c6d | INFO | Message bc03c80e-5d0d-4887-84af-2d0ad64ebb14 marked as read by executor1
2026-08-10 01:51:01 | team | sess_1263a59c2c6d | INFO | Message 4f21060c-09ab-485a-b9e8-f45c36eb1a09 created
2026-08-10 01:51:02 | team | sess_1263a59c2c6d | INFO | [executor1] processing 1 unread messages (steer=True)
2026-08-10 01:51:02 | team | sess_1263a59c2c6d | INFO | Message 96ece6ce-ce6c-4ffa-ae0a-d3d26682693b marked as read by executor1
2026-08-10 01:51:14 | team | sess_1263a59c2c6d | INFO | Message e11f0eb2-4078-430e-bef6-528b00550a8f created
2026-08-10 01:51:17 | team | sess_1263a59c2c6d | INFO | [executor1] processing 1 unread messages (steer=True)
2026-08-10 01:51:17 | team | sess_1263a59c2c6d | INFO | Message 281f2081-ac99-48b5-8537-a8719e6b8676 marked as read by executor1
2026-08-10 01:51:27 | team | sess_1263a59c2c6d | INFO | Task implement completed at 1786323087378
2026-08-10 01:51:27 | team | sess_1263a59c2c6d | INFO | Resolved 1 dependencies for task implement
2026-08-10 01:51:27 | team | sess_1263a59c2c6d | INFO | Task verify unblocked (all deps resolved)
2026-08-10 01:51:27 | team | sess_1263a59c2c6d | INFO | Task implement completed
2026-08-10 01:51:27 | team | sess_1263a59c2c6d | INFO | Unblocked 1 tasks
2026-08-10 01:51:34 | team | sess_1263a59c2c6d | INFO | Message 5cc46454-a827-41bb-b9f5-be84f6ba1f9c created
2026-08-10 01:51:42 | team | sess_1263a59c2c6d | INFO | Message 695a496c-7782-4198-a29d-d1fcaf134642 created
2026-08-10 01:51:44 | team | sess_1263a59c2c6d | INFO | [executor1] processing 1 unread messages (steer=True)
2026-08-10 01:51:44 | team | sess_1263a59c2c6d | INFO | Message c9850bf9-ead3-4502-b0b5-e79b488840e9 marked as read by executor1
2026-08-10 01:51:52 | team | sess_1263a59c2c6d | INFO | Message 86af5d90-51ae-4068-95fe-18650d819b56 created
2026-08-10 01:52:18 | team | sess_1263a59c2c6d | INFO | [executor1] processing 1 unread messages (steer=True)
2026-08-10 01:52:18 | team | sess_1263a59c2c6d | INFO | Message 5fb4c4b7-7fd6-4659-9255-11cd6067e25f marked as read by executor1
2026-08-10 01:52:22 | team | sess_1263a59c2c6d | INFO | Message 2c3feefd-e6b1-4f73-9a7d-39c9633a1a68 created
2026-08-10 01:52:27 | team | sess_1263a59c2c6d | INFO | [executor1] processing 1 unread messages (steer=True)
2026-08-10 01:52:27 | team | sess_1263a59c2c6d | INFO | Message f4f7a164-69b6-4e33-a256-684230ad865c marked as read by executor1
2026-08-10 01:52:32 | team | sess_1263a59c2c6d | INFO | Message f41131c6-7c1d-441d-ba43-88850bd90f69 created
2026-08-10 01:52:51 | team | sess_1263a59c2c6d | INFO | [executor1] processing 1 unread messages (steer=True)
2026-08-10 01:52:51 | team | sess_1263a59c2c6d | INFO | Message 863de5a1-7201-4439-bac2-1fd04db3a7b6 marked as read by executor1
2026-08-10 01:52:56 | team | sess_1263a59c2c6d | INFO | Message 6c2ad5ef-134e-48fb-9263-386497097b19 created
2026-08-10 01:53:51 | team | sess_1263a59c2c6d | INFO | task list drained for team jiuwen_team_sess_1263a59c2c6d: 4 terminal task(s)
2026-08-10 01:54:12 | team | sess_1263a59c2c6d | INFO | [executor1] processing 1 unread messages (steer=True)
2026-08-10 01:54:13 | team | sess_1263a59c2c6d | INFO | Message 331364d8-8a9f-4150-935e-b76c15cfb315 marked as read by executor1
2026-08-10 01:54:20 | team | sess_1263a59c2c6d | INFO | Message 58f5e9b9-ced0-4d48-8831-73b911018858 created
2026-08-10 01:54:33 | team | sess_1263a59c2c6d | INFO | team jiuwen_team_sess_1263a59c2c6d reported completed: 9 members, 4 tasks
2026-08-10 01:54:33 | team | sess_1263a59c2c6d | INFO | [executor1] received TEAM_STANDBY, pausing polls
2026-08-10 01:54:33 | team | sess_1263a59c2c6d | INFO | EventBus[teammate] pausing polls
