2026-08-10 01:43:44 | team | sess_1263a59c2c6d | INFO | Team workspace directory ensured at /srv/jwteam_clone/shared/run_current
2026-08-10 01:43:44 | team | sess_1263a59c2c6d | INFO | AgentTeam manager initialized for jiuwen_team_sess_1263a59c2c6d, member=team_leader
2026-08-10 01:43:44 | team | sess_1263a59c2c6d | INFO | [team_leader] TeamPolicyRail static sections: section_names=['team_role', 'team_workflow', 'team_swarmflow', 'team_lifecycle', 'team_persona']
2026-08-10 01:43:44 | team | sess_1263a59c2c6d | INFO | Session tables ready for session sess_1263a59c2c6d
2026-08-10 01:43:44 | team | sess_1263a59c2c6d | INFO | Team database initialized
2026-08-10 01:43:44 | team | default_trace_id | INFO | Team workspace directory ensured at /srv/jwteam_clone/shared/run_current
2026-08-10 01:43:44 | team | default_trace_id | INFO | AgentTeam manager initialized for jiuwen_team_sess_1263a59c2c6d, member=planner1
2026-08-10 01:43:44 | team | default_trace_id | INFO | [planner1] TeamPolicyRail static sections: section_names=['team_role', 'team_persona']
2026-08-10 01:43:44 | team | sess_1263a59c2c6d | INFO | [planner1] invoke start, role=teammate
2026-08-10 01:43:44 | team | sess_1263a59c2c6d | INFO | [planner1] coordination starting
2026-08-10 01:43:44 | team | sess_1263a59c2c6d | INFO | Session tables ready for session sess_1263a59c2c6d
2026-08-10 01:43:44 | team | sess_1263a59c2c6d | INFO | Workspace /srv/jwteam_clone/shared/run_current initialized as plain shared directory (version_control disabled)
2026-08-10 01:43:44 | team | sess_1263a59c2c6d | INFO | EventBus[teammate] starting
2026-08-10 01:44:48 | team | sess_1263a59c2c6d | INFO | [planner1] HITT section refresh: human_agent_names=[]
2026-08-10 01:44:58 | team | sess_1263a59c2c6d | INFO | [planner1] processing 1 unread messages (steer=True)
2026-08-10 01:44:58 | team | sess_1263a59c2c6d | INFO | Message 2f952be5-2c74-4c0a-a7f0-50d974051819 marked as read by planner1
2026-08-10 01:45:19 | team | sess_1263a59c2c6d | INFO | Message 3b60b99f-c0e9-489c-b755-35c84a581357 created
2026-08-10 01:46:07 | team | sess_1263a59c2c6d | INFO | [planner1] processing 1 unread messages (steer=True)
2026-08-10 01:46:07 | team | sess_1263a59c2c6d | INFO | Message adeb34de-d554-4760-a2e0-5143e975d558 marked as read by planner1
2026-08-10 01:46:15 | team | sess_1263a59c2c6d | INFO | Message 4e045276-73e5-4203-a5fe-7ee5395c78ff created
2026-08-10 01:46:25 | team | sess_1263a59c2c6d | INFO | [planner1] processing 1 unread messages (steer=True)
2026-08-10 01:46:25 | team | sess_1263a59c2c6d | INFO | Message ea40cb91-f67a-4b27-8b61-d80256c5457c marked as read by planner1
2026-08-10 01:46:57 | team | sess_1263a59c2c6d | INFO | Message acede100-5377-4a0b-be5f-0686b7605453 created
2026-08-10 01:47:16 | team | sess_1263a59c2c6d | INFO | Message 5d9c0fb1-f377-450e-a122-f3c3607dcbe8 created
2026-08-10 01:53:51 | team | sess_1263a59c2c6d | INFO | task list drained for team jiuwen_team_sess_1263a59c2c6d: 4 terminal task(s)
2026-08-10 01:54:12 | team | sess_1263a59c2c6d | INFO | [planner1] processing 1 unread messages (steer=True)
2026-08-10 01:54:13 | team | sess_1263a59c2c6d | INFO | Message 331364d8-8a9f-4150-935e-b76c15cfb315 marked as read by planner1
2026-08-10 01:54:33 | team | sess_1263a59c2c6d | INFO | team jiuwen_team_sess_1263a59c2c6d reported completed: 9 members, 4 tasks
2026-08-10 01:54:33 | team | sess_1263a59c2c6d | INFO | [planner1] received TEAM_STANDBY, pausing polls
2026-08-10 01:54:33 | team | sess_1263a59c2c6d | INFO | EventBus[teammate] pausing polls
