2026-08-10 01:43:48 | team | sess_1263a59c2c6d | INFO | Team workspace directory ensured at /srv/jwteam_clone/shared/run_current
2026-08-10 01:43:48 | team | sess_1263a59c2c6d | INFO | AgentTeam manager initialized for jiuwen_team_sess_1263a59c2c6d, member=team_leader
2026-08-10 01:43:48 | team | sess_1263a59c2c6d | INFO | [team_leader] TeamPolicyRail static sections: section_names=['team_role', 'team_workflow', 'team_swarmflow', 'team_lifecycle', 'team_persona']
2026-08-10 01:43:48 | team | sess_1263a59c2c6d | INFO | Session tables ready for session sess_1263a59c2c6d
2026-08-10 01:43:48 | team | sess_1263a59c2c6d | INFO | Team database initialized
2026-08-10 01:43:48 | team | default_trace_id | INFO | Team workspace directory ensured at /srv/jwteam_clone/shared/run_current
2026-08-10 01:43:48 | team | default_trace_id | INFO | AgentTeam manager initialized for jiuwen_team_sess_1263a59c2c6d, member=executor2
2026-08-10 01:43:48 | team | default_trace_id | INFO | [executor2] TeamPolicyRail static sections: section_names=['team_role', 'team_persona']
2026-08-10 01:43:48 | team | sess_1263a59c2c6d | INFO | [executor2] invoke start, role=teammate
2026-08-10 01:43:48 | team | sess_1263a59c2c6d | INFO | [executor2] coordination starting
2026-08-10 01:43:48 | team | sess_1263a59c2c6d | INFO | Session tables ready for session sess_1263a59c2c6d
2026-08-10 01:43:48 | team | sess_1263a59c2c6d | INFO | Workspace /srv/jwteam_clone/shared/run_current initialized as plain shared directory (version_control disabled)
2026-08-10 01:43:48 | team | sess_1263a59c2c6d | INFO | EventBus[teammate] starting
2026-08-10 01:44:48 | team | sess_1263a59c2c6d | INFO | [executor2] HITT section refresh: human_agent_names=[]
2026-08-10 01:44:58 | team | sess_1263a59c2c6d | INFO | [executor2] processing 1 unread messages (steer=True)
2026-08-10 01:44:58 | team | sess_1263a59c2c6d | INFO | Message 2f952be5-2c74-4c0a-a7f0-50d974051819 marked as read by executor2
2026-08-10 01:45:21 | team | sess_1263a59c2c6d | INFO | Message 71acf611-a62b-4336-acdf-fb491344180a created
2026-08-10 01:46:48 | team | sess_1263a59c2c6d | INFO | [executor2] processing 1 unread messages (steer=True)
2026-08-10 01:46:48 | team | sess_1263a59c2c6d | INFO | Message 5f5ee7ff-97c1-4b7a-9f0d-22a99a464f94 marked as read by executor2
2026-08-10 01:47:03 | team | sess_1263a59c2c6d | INFO | [executor2] processing 1 unread messages (steer=True)
2026-08-10 01:47:03 | team | sess_1263a59c2c6d | INFO | Message 5e274833-1893-4ee9-b845-8cf4017918a2 marked as read by executor2
2026-08-10 01:47:04 | team | sess_1263a59c2c6d | INFO | Message 7ac67193-0a95-43f5-8106-82a5b07763e4 created
2026-08-10 01:47:14 | team | sess_1263a59c2c6d | INFO | Message 0c4d9d5c-93e0-4bc2-87c1-83366f2bf10d created
2026-08-10 01:47:26 | team | sess_1263a59c2c6d | INFO | [executor2] processing 1 unread messages (steer=True)
2026-08-10 01:47:26 | team | sess_1263a59c2c6d | INFO | Message a03c068b-1011-4b5e-ac5a-cae16d09c9af marked as read by executor2
2026-08-10 01:47:29 | team | sess_1263a59c2c6d | INFO | [executor2] processing 1 unread messages (steer=True)
2026-08-10 01:47:29 | team | sess_1263a59c2c6d | INFO | Message 2a8d917f-e3e3-477c-8b16-21a546062d9a marked as read by executor2
2026-08-10 01:47:30 | team | sess_1263a59c2c6d | INFO | [executor2] processing 1 unread messages (steer=True)
2026-08-10 01:47:30 | team | sess_1263a59c2c6d | INFO | Message 77d6d288-04be-4496-99d0-4f928d07b0a8 marked as read by executor2
2026-08-10 01:47:31 | team | sess_1263a59c2c6d | INFO | Message a8d522c4-f544-4907-80f7-12b9b5fd4974 created
2026-08-10 01:47:39 | team | sess_1263a59c2c6d | INFO | Message adaf5846-e788-4103-8ce1-69e3b7644534 created
2026-08-10 01:47:42 | team | sess_1263a59c2c6d | INFO | [executor2] processing 1 unread messages (steer=True)
2026-08-10 01:47:42 | team | sess_1263a59c2c6d | INFO | Message 4e9470ee-946b-4c38-8008-88db1334c26f marked as read by executor2
2026-08-10 01:47:56 | team | sess_1263a59c2c6d | INFO | Message c9e10601-0330-4904-a588-dd21a2078bbc created
2026-08-10 01:48:01 | team | sess_1263a59c2c6d | INFO | [executor2] processing 1 unread messages (steer=True)
2026-08-10 01:48:01 | team | sess_1263a59c2c6d | INFO | Message e360ca91-1ab0-490f-a68b-74f589453340 marked as read by executor2
2026-08-10 01:48:13 | team | sess_1263a59c2c6d | INFO | Message 0545b179-62a1-46c4-8747-3220b34f2db6 created
2026-08-10 01:48:13 | team | sess_1263a59c2c6d | INFO | Message 3cc9f364-8cea-4b9b-a519-9c8b5f63ecc7 created
2026-08-10 01:48:24 | team | sess_1263a59c2c6d | INFO | [executor2] processing 1 unread messages (steer=True)
2026-08-10 01:48:24 | team | sess_1263a59c2c6d | INFO | Message 24da7f09-1d13-4905-a61c-14f650541c6c marked as read by executor2
2026-08-10 01:48:37 | team | sess_1263a59c2c6d | INFO | Message 19c1556f-ce14-4148-91b7-0b3537a65f10 created
2026-08-10 01:48:52 | team | sess_1263a59c2c6d | INFO | [executor2] processing 1 unread messages (steer=True)
2026-08-10 01:48:52 | team | sess_1263a59c2c6d | INFO | Message 3747cec4-824f-40ba-afdb-5e7a2a83db2a marked as read by executor2
2026-08-10 01:48:57 | team | sess_1263a59c2c6d | INFO | [executor2] processing 1 unread messages (steer=True)
2026-08-10 01:48:57 | team | sess_1263a59c2c6d | INFO | Message 8e74123f-f4c3-497c-9661-16f273bd3033 marked as read by executor2
2026-08-10 01:49:01 | team | sess_1263a59c2c6d | INFO | Message 3ed27994-e1d6-49b7-92e2-42de4bc3b558 created
2026-08-10 01:49:09 | team | sess_1263a59c2c6d | INFO | Message 220ae2e1-92b1-4c65-8691-dce28387f0eb created
2026-08-10 01:49:16 | team | sess_1263a59c2c6d | INFO | [executor2] processing 1 unread messages (steer=True)
2026-08-10 01:49:16 | team | sess_1263a59c2c6d | INFO | Message 6f8c86f5-96b8-4c45-a7c2-1add81170cc2 marked as read by executor2
2026-08-10 01:49:17 | team | sess_1263a59c2c6d | INFO | [executor2] processing 1 unread messages (steer=True)
2026-08-10 01:49:17 | team | sess_1263a59c2c6d | INFO | Message fd9589e9-06bc-4a64-8ce6-f4afb9cdd6f0 marked as read by executor2
2026-08-10 01:49:26 | team | sess_1263a59c2c6d | INFO | [executor2] processing 1 unread messages (steer=True)
2026-08-10 01:49:26 | team | sess_1263a59c2c6d | INFO | Message c6ce384b-a34b-4b52-9803-5f3ff64c1717 marked as read by executor2
2026-08-10 01:49:36 | team | sess_1263a59c2c6d | INFO | Message ce3458ab-90ad-43bc-b011-5a96a0778182 created
2026-08-10 01:49:36 | team | sess_1263a59c2c6d | INFO | Message 797c467d-0a9f-45eb-87e3-18658878ff8b created
2026-08-10 01:49:45 | team | sess_1263a59c2c6d | INFO | [executor2] processing 1 unread messages (steer=True)
2026-08-10 01:49:45 | team | sess_1263a59c2c6d | INFO | Message 79b0de48-6f88-49c7-a21c-80f6ac52a2f6 marked as read by executor2
2026-08-10 01:49:45 | team | sess_1263a59c2c6d | INFO | Message 317bdf75-b31d-43a2-a1fa-efea0660b3a4 created
2026-08-10 01:49:59 | team | sess_1263a59c2c6d | INFO | [executor2] processing 1 unread messages (steer=True)
2026-08-10 01:49:59 | team | sess_1263a59c2c6d | INFO | Message 83f94336-b2ee-4976-aefc-b3afe198b98b marked as read by executor2
2026-08-10 01:50:06 | team | sess_1263a59c2c6d | INFO | [executor2] processing 1 unread messages (steer=True)
2026-08-10 01:50:06 | team | sess_1263a59c2c6d | INFO | Message 6f7fd842-0499-4586-aa75-26bd1009d4c8 marked as read by executor2
2026-08-10 01:50:07 | team | sess_1263a59c2c6d | INFO | Message 573e11fa-ec0d-4fbd-ba4e-dc5fad2e66e9 created
2026-08-10 01:50:19 | team | sess_1263a59c2c6d | INFO | Message 4633cbf3-3eaf-44cb-9c97-22016eae30ca created
2026-08-10 01:50:19 | team | sess_1263a59c2c6d | INFO | Message 45ea9ac7-3bab-462c-a2b7-f66f4c737ddb created
2026-08-10 01:50:41 | team | sess_1263a59c2c6d | INFO | [executor2] processing 1 unread messages (steer=True)
2026-08-10 01:50:41 | team | sess_1263a59c2c6d | INFO | Message 3d812d4e-ceb4-40f4-83d2-f4d51530c678 marked as read by executor2
2026-08-10 01:50:46 | team | sess_1263a59c2c6d | INFO | [executor2] processing 1 unread messages (steer=True)
2026-08-10 01:50:46 | team | sess_1263a59c2c6d | INFO | Message 09a98a83-5e83-4f1e-bd93-bc43576a8f7f marked as read by executor2
2026-08-10 01:50:48 | team | sess_1263a59c2c6d | INFO | Message bc03c80e-5d0d-4887-84af-2d0ad64ebb14 created
2026-08-10 01:51:01 | team | sess_1263a59c2c6d | INFO | [executor2] processing 1 unread messages (steer=True)
2026-08-10 01:51:01 | team | sess_1263a59c2c6d | INFO | Message 4f21060c-09ab-485a-b9e8-f45c36eb1a09 marked as read by executor2
2026-08-10 01:51:02 | team | sess_1263a59c2c6d | INFO | [executor2] processing 1 unread messages (steer=True)
2026-08-10 01:51:02 | team | sess_1263a59c2c6d | INFO | Message 7fe7d201-af2f-4dab-af08-728943939185 marked as read by executor2
2026-08-10 01:51:06 | team | sess_1263a59c2c6d | INFO | Message 7ed8daf4-28fc-4a01-a3c9-9413cfc61502 created
2026-08-10 01:51:17 | team | sess_1263a59c2c6d | INFO | Message 281f2081-ac99-48b5-8537-a8719e6b8676 created
2026-08-10 01:51:17 | team | sess_1263a59c2c6d | INFO | Message 36e7237c-16af-4a0c-8e8d-afcb5f7fd6ce created
2026-08-10 01:51:34 | team | sess_1263a59c2c6d | INFO | [executor2] processing 1 unread messages (steer=True)
2026-08-10 01:51:34 | team | sess_1263a59c2c6d | INFO | Message 5cc46454-a827-41bb-b9f5-be84f6ba1f9c marked as read by executor2
2026-08-10 01:51:43 | team | sess_1263a59c2c6d | INFO | Message c9850bf9-ead3-4502-b0b5-e79b488840e9 created
2026-08-10 01:51:52 | team | sess_1263a59c2c6d | INFO | [executor2] processing 1 unread messages (steer=True)
2026-08-10 01:51:52 | team | sess_1263a59c2c6d | INFO | Message 86af5d90-51ae-4068-95fe-18650d819b56 marked as read by executor2
2026-08-10 01:52:01 | team | sess_1263a59c2c6d | INFO | [executor2] processing 1 unread messages (steer=True)
2026-08-10 01:52:01 | team | sess_1263a59c2c6d | INFO | Message df51bbc7-2b5e-4908-8f2c-1c7f8c8def76 marked as read by executor2
2026-08-10 01:52:18 | team | sess_1263a59c2c6d | INFO | Message 5fb4c4b7-7fd6-4659-9255-11cd6067e25f created
2026-08-10 01:52:18 | team | sess_1263a59c2c6d | INFO | Message 12104517-38cd-4c5a-a0dd-4ff7e7785fa1 created
2026-08-10 01:52:22 | team | sess_1263a59c2c6d | INFO | [executor2] processing 1 unread messages (steer=True)
2026-08-10 01:52:22 | team | sess_1263a59c2c6d | INFO | Message 2c3feefd-e6b1-4f73-9a7d-39c9633a1a68 marked as read by executor2
2026-08-10 01:53:51 | team | sess_1263a59c2c6d | INFO | task list drained for team jiuwen_team_sess_1263a59c2c6d: 4 terminal task(s)
2026-08-10 01:54:12 | team | sess_1263a59c2c6d | INFO | [executor2] processing 1 unread messages (steer=True)
2026-08-10 01:54:13 | team | sess_1263a59c2c6d | INFO | Message 331364d8-8a9f-4150-935e-b76c15cfb315 marked as read by executor2
2026-08-10 01:54:33 | team | sess_1263a59c2c6d | INFO | team jiuwen_team_sess_1263a59c2c6d reported completed: 9 members, 4 tasks
2026-08-10 01:54:33 | team | sess_1263a59c2c6d | INFO | [executor2] received TEAM_STANDBY, pausing polls
2026-08-10 01:54:33 | team | sess_1263a59c2c6d | INFO | EventBus[teammate] pausing polls
