2026-08-10 01:43:50 | team | sess_1263a59c2c6d | INFO | Team workspace directory ensured at /srv/jwteam_clone/shared/run_current
2026-08-10 01:43:50 | team | sess_1263a59c2c6d | INFO | AgentTeam manager initialized for jiuwen_team_sess_1263a59c2c6d, member=team_leader
2026-08-10 01:43:50 | team | sess_1263a59c2c6d | INFO | [team_leader] TeamPolicyRail static sections: section_names=['team_role', 'team_workflow', 'team_swarmflow', 'team_lifecycle', 'team_persona']
2026-08-10 01:43:50 | team | sess_1263a59c2c6d | INFO | Session tables ready for session sess_1263a59c2c6d
2026-08-10 01:43:50 | team | sess_1263a59c2c6d | INFO | Team database initialized
2026-08-10 01:43:50 | team | default_trace_id | INFO | Team workspace directory ensured at /srv/jwteam_clone/shared/run_current
2026-08-10 01:43:50 | team | default_trace_id | INFO | AgentTeam manager initialized for jiuwen_team_sess_1263a59c2c6d, member=verifier1
2026-08-10 01:43:50 | team | default_trace_id | INFO | [verifier1] TeamPolicyRail static sections: section_names=['team_role', 'team_persona']
2026-08-10 01:43:50 | team | sess_1263a59c2c6d | INFO | [verifier1] invoke start, role=teammate
2026-08-10 01:43:50 | team | sess_1263a59c2c6d | INFO | [verifier1] coordination starting
2026-08-10 01:43:50 | team | sess_1263a59c2c6d | INFO | Session tables ready for session sess_1263a59c2c6d
2026-08-10 01:43:50 | team | sess_1263a59c2c6d | INFO | Workspace /srv/jwteam_clone/shared/run_current initialized as plain shared directory (version_control disabled)
2026-08-10 01:43:50 | team | sess_1263a59c2c6d | INFO | EventBus[teammate] starting
2026-08-10 01:44:48 | team | sess_1263a59c2c6d | INFO | [verifier1] HITT section refresh: human_agent_names=[]
2026-08-10 01:44:58 | team | sess_1263a59c2c6d | INFO | [verifier1] processing 1 unread messages (steer=True)
2026-08-10 01:44:58 | team | sess_1263a59c2c6d | INFO | Message 2f952be5-2c74-4c0a-a7f0-50d974051819 marked as read by verifier1
2026-08-10 01:45:18 | team | sess_1263a59c2c6d | INFO | [verifier1] processing 1 unread messages (steer=True)
2026-08-10 01:45:18 | team | sess_1263a59c2c6d | INFO | Message 544df15a-b658-4f3c-ab2f-c32ab8f70b02 marked as read by verifier1
2026-08-10 01:45:28 | team | sess_1263a59c2c6d | INFO | Message dd78ffaf-2af6-40af-a76b-444f7454498c created
2026-08-10 01:45:36 | team | sess_1263a59c2c6d | INFO | Message 6f3022d1-4e10-48f4-99aa-10eaf912b6d5 created
2026-08-10 01:45:41 | team | sess_1263a59c2c6d | INFO | [verifier1] processing 1 unread messages (steer=True)
2026-08-10 01:45:41 | team | sess_1263a59c2c6d | INFO | Message 199a62df-09b2-43bf-89cd-d3ebaffefad7 marked as read by verifier1
2026-08-10 01:45:50 | team | sess_1263a59c2c6d | INFO | [verifier1] processing 1 unread messages (steer=True)
2026-08-10 01:45:50 | team | sess_1263a59c2c6d | INFO | Message 7171b2be-f0e9-4df6-a8d1-eb3853aa48d4 marked as read by verifier1
2026-08-10 01:45:56 | team | sess_1263a59c2c6d | INFO | Message 152aeba4-aee3-47d9-88c4-54a0b7abd3b9 created
2026-08-10 01:51:34 | team | sess_1263a59c2c6d | INFO | Task verify claimed by member verifier1
2026-08-10 01:51:34 | team | sess_1263a59c2c6d | INFO | Task verify claimed by member verifier1
2026-08-10 01:51:47 | team | sess_1263a59c2c6d | INFO | [verifier1] processing 1 unread messages (steer=True)
2026-08-10 01:51:47 | team | sess_1263a59c2c6d | INFO | Message f1f75507-15d1-4464-a3a1-65f91e936fb0 marked as read by verifier1
2026-08-10 01:51:50 | team | sess_1263a59c2c6d | INFO | [verifier1] processing 1 unread messages (steer=True)
2026-08-10 01:51:50 | team | sess_1263a59c2c6d | INFO | Message 1249f37c-1c84-4112-a402-318231e869eb marked as read by verifier1
2026-08-10 01:52:01 | team | sess_1263a59c2c6d | INFO | [verifier1] processing 2 unread messages (steer=True)
2026-08-10 01:52:01 | team | sess_1263a59c2c6d | INFO | Message 1475d100-cf1c-424c-8e03-6e78e1cb5d11 marked as read by verifier1
2026-08-10 01:52:01 | team | sess_1263a59c2c6d | INFO | Message 0e5553f6-db80-4100-b798-a0df04b9c19a marked as read by verifier1
2026-08-10 01:52:09 | team | sess_1263a59c2c6d | INFO | Message da33a663-fcc3-4dd8-a588-aebecc4b8440 created
2026-08-10 01:52:10 | team | sess_1263a59c2c6d | INFO | [verifier1] processing 1 unread messages (steer=True)
2026-08-10 01:52:10 | team | sess_1263a59c2c6d | INFO | Message 520e7b3c-641d-442e-8370-cfb467cf4291 marked as read by verifier1
2026-08-10 01:52:19 | team | sess_1263a59c2c6d | INFO | [verifier1] processing 1 unread messages (steer=True)
2026-08-10 01:52:19 | team | sess_1263a59c2c6d | INFO | Message 588aab08-b2ac-44ab-b7bd-71f84cbabec3 marked as read by verifier1
2026-08-10 01:52:21 | team | sess_1263a59c2c6d | INFO | Message bb038130-292d-4c16-a1b3-e6bd9d848fed created
2026-08-10 01:52:21 | team | sess_1263a59c2c6d | INFO | Message cec8995d-02e6-426e-a695-f91cfdd96628 created
2026-08-10 01:52:21 | team | sess_1263a59c2c6d | INFO | Message 70c4b40f-18fd-41e7-909f-60f11e012172 created
2026-08-10 01:52:25 | team | sess_1263a59c2c6d | INFO | [verifier1] processing 1 unread messages (steer=True)
2026-08-10 01:52:25 | team | sess_1263a59c2c6d | INFO | Message a2ca327d-ee68-4e57-97da-25df3daf33e3 marked as read by verifier1
2026-08-10 01:52:37 | team | sess_1263a59c2c6d | INFO | Message cf99effe-831c-463c-a8d1-96fde484e63a created
2026-08-10 01:52:37 | team | sess_1263a59c2c6d | INFO | Message 60089663-6da2-4aa1-acb2-63908a316e66 created
2026-08-10 01:52:41 | team | sess_1263a59c2c6d | INFO | [verifier1] processing 1 unread messages (steer=True)
2026-08-10 01:52:41 | team | sess_1263a59c2c6d | INFO | Message 5e596951-80e5-4d71-a86a-3284140068be marked as read by verifier1
2026-08-10 01:52:48 | team | sess_1263a59c2c6d | INFO | [verifier1] processing 1 unread messages (steer=True)
2026-08-10 01:52:48 | team | sess_1263a59c2c6d | INFO | Message 66f6322c-7a20-457f-920c-cad3e991a419 marked as read by verifier1
2026-08-10 01:52:50 | team | sess_1263a59c2c6d | INFO | [verifier1] processing 1 unread messages (steer=True)
2026-08-10 01:52:50 | team | sess_1263a59c2c6d | INFO | Message fe16b466-69b8-436d-9bac-3320ec7fd5ec marked as read by verifier1
2026-08-10 01:53:51 | team | sess_1263a59c2c6d | INFO | Task verify completed at 1786323231584
2026-08-10 01:53:51 | team | sess_1263a59c2c6d | INFO | Task verify completed
2026-08-10 01:53:59 | team | sess_1263a59c2c6d | INFO | Message 73a1f000-2d6a-4674-91da-c2b87cf7f2d2 created
2026-08-10 01:53:59 | team | sess_1263a59c2c6d | INFO | Message ab784ab7-c53c-4286-82c1-95f9a559fb41 created
2026-08-10 01:54:12 | team | sess_1263a59c2c6d | INFO | [verifier1] processing 1 unread messages (steer=True)
2026-08-10 01:54:13 | team | sess_1263a59c2c6d | INFO | Message 331364d8-8a9f-4150-935e-b76c15cfb315 marked as read by verifier1
2026-08-10 01:54:20 | team | sess_1263a59c2c6d | INFO | [verifier1] processing 1 unread messages (steer=True)
2026-08-10 01:54:20 | team | sess_1263a59c2c6d | INFO | Message 501d9d71-f3b2-4c3b-b755-4ae3677b31d4 marked as read by verifier1
2026-08-10 01:54:33 | team | sess_1263a59c2c6d | INFO | team jiuwen_team_sess_1263a59c2c6d reported completed: 9 members, 4 tasks
2026-08-10 01:54:33 | team | sess_1263a59c2c6d | INFO | [verifier1] received TEAM_STANDBY, pausing polls
2026-08-10 01:54:33 | team | sess_1263a59c2c6d | INFO | EventBus[teammate] pausing polls
