2026-08-10 01:43:45 | team | sess_1263a59c2c6d | INFO | Team workspace directory ensured at /srv/jwteam_clone/shared/run_current
2026-08-10 01:43:45 | team | sess_1263a59c2c6d | INFO | AgentTeam manager initialized for jiuwen_team_sess_1263a59c2c6d, member=team_leader
2026-08-10 01:43:45 | team | sess_1263a59c2c6d | INFO | [team_leader] TeamPolicyRail static sections: section_names=['team_role', 'team_workflow', 'team_swarmflow', 'team_lifecycle', 'team_persona']
2026-08-10 01:43:45 | team | sess_1263a59c2c6d | INFO | Session tables ready for session sess_1263a59c2c6d
2026-08-10 01:43:45 | team | sess_1263a59c2c6d | INFO | Team database initialized
2026-08-10 01:43:45 | team | default_trace_id | INFO | Team workspace directory ensured at /srv/jwteam_clone/shared/run_current
2026-08-10 01:43:45 | team | default_trace_id | INFO | AgentTeam manager initialized for jiuwen_team_sess_1263a59c2c6d, member=planner2
2026-08-10 01:43:45 | team | default_trace_id | INFO | [planner2] TeamPolicyRail static sections: section_names=['team_role', 'team_persona']
2026-08-10 01:43:45 | team | sess_1263a59c2c6d | INFO | [planner2] invoke start, role=teammate
2026-08-10 01:43:45 | team | sess_1263a59c2c6d | INFO | [planner2] coordination starting
2026-08-10 01:43:45 | team | sess_1263a59c2c6d | INFO | Session tables ready for session sess_1263a59c2c6d
2026-08-10 01:43:46 | team | sess_1263a59c2c6d | INFO | Workspace /srv/jwteam_clone/shared/run_current initialized as plain shared directory (version_control disabled)
2026-08-10 01:43:46 | team | sess_1263a59c2c6d | INFO | EventBus[teammate] starting
2026-08-10 01:44:48 | team | sess_1263a59c2c6d | INFO | [planner2] HITT section refresh: human_agent_names=[]
2026-08-10 01:44:58 | team | sess_1263a59c2c6d | INFO | [planner2] processing 1 unread messages (steer=True)
2026-08-10 01:44:58 | team | sess_1263a59c2c6d | INFO | Message 2f952be5-2c74-4c0a-a7f0-50d974051819 marked as read by planner2
2026-08-10 01:46:07 | team | sess_1263a59c2c6d | INFO | Message adeb34de-d554-4760-a2e0-5143e975d558 created
2026-08-10 01:46:15 | team | sess_1263a59c2c6d | INFO | [planner2] processing 1 unread messages (steer=True)
2026-08-10 01:46:15 | team | sess_1263a59c2c6d | INFO | Message 4e045276-73e5-4203-a5fe-7ee5395c78ff marked as read by planner2
2026-08-10 01:46:17 | team | sess_1263a59c2c6d | INFO | Message c7b98e70-e7d9-4cad-8696-3c31faf4e10c created
2026-08-10 01:46:25 | team | sess_1263a59c2c6d | INFO | Message ea40cb91-f67a-4b27-8b61-d80256c5457c created
2026-08-10 01:47:16 | team | sess_1263a59c2c6d | INFO | Message 32a48422-2cd9-416e-ac25-becb63601d9a created
2026-08-10 01:47:30 | team | sess_1263a59c2c6d | INFO | Message 77d6d288-04be-4496-99d0-4f928d07b0a8 created
2026-08-10 01:47:37 | team | sess_1263a59c2c6d | INFO | [planner2] processing 1 unread messages (steer=True)
2026-08-10 01:47:37 | team | sess_1263a59c2c6d | INFO | Message bf4b21d5-6cec-4da4-aefc-93d9c2e72ddd marked as read by planner2
2026-08-10 01:47:44 | team | sess_1263a59c2c6d | INFO | Message 68b915c0-22be-403e-a59f-957bf00e645a created
2026-08-10 01:51:47 | team | sess_1263a59c2c6d | INFO | Message f1f75507-15d1-4464-a3a1-65f91e936fb0 created
2026-08-10 01:51:47 | team | sess_1263a59c2c6d | INFO | Message e8eda96c-84ce-4f51-847b-47ccf66fb7da created
2026-08-10 01:52:09 | team | sess_1263a59c2c6d | INFO | [planner2] processing 1 unread messages (steer=True)
2026-08-10 01:52:09 | team | sess_1263a59c2c6d | INFO | Message da33a663-fcc3-4dd8-a588-aebecc4b8440 marked as read by planner2
2026-08-10 01:52:19 | team | sess_1263a59c2c6d | INFO | Message 588aab08-b2ac-44ab-b7bd-71f84cbabec3 created
2026-08-10 01:52:27 | team | sess_1263a59c2c6d | INFO | Message 17ed9c9f-e0b2-47f6-b63d-f17c22ecfcd8 created
2026-08-10 01:52:31 | team | sess_1263a59c2c6d | INFO | [planner2] processing 1 unread messages (steer=True)
2026-08-10 01:52:31 | team | sess_1263a59c2c6d | INFO | Message 903d49f4-2a11-4d82-92fc-01bd04f545dc marked as read by planner2
2026-08-10 01:52:37 | team | sess_1263a59c2c6d | INFO | [planner2] processing 1 unread messages (steer=True)
2026-08-10 01:52:37 | team | sess_1263a59c2c6d | INFO | Message 60089663-6da2-4aa1-acb2-63908a316e66 marked as read by planner2
2026-08-10 01:52:42 | team | sess_1263a59c2c6d | INFO | [planner2] processing 1 unread messages (steer=True)
2026-08-10 01:52:42 | team | sess_1263a59c2c6d | INFO | Message 82971cb0-0ac4-4481-b91b-f852f22a8afb marked as read by planner2
2026-08-10 01:52:43 | team | sess_1263a59c2c6d | INFO | Message 279b7ce7-d327-4415-a06b-a81d2fb331f3 created
2026-08-10 01:52:50 | team | sess_1263a59c2c6d | INFO | Message e9d55dbe-1cbe-49ec-b54d-77514b21a1a2 created
2026-08-10 01:52:50 | team | sess_1263a59c2c6d | INFO | Message fe16b466-69b8-436d-9bac-3320ec7fd5ec created
2026-08-10 01:52:54 | team | sess_1263a59c2c6d | INFO | [planner2] processing 1 unread messages (steer=True)
2026-08-10 01:52:54 | team | sess_1263a59c2c6d | INFO | Message a9956f62-9ba8-4b57-b0c4-bebe2695e01e marked as read by planner2
2026-08-10 01:53:06 | team | sess_1263a59c2c6d | INFO | Message 9b82f0c0-6ae5-4960-9b42-4b75d6c79910 created
2026-08-10 01:53:51 | team | sess_1263a59c2c6d | INFO | task list drained for team jiuwen_team_sess_1263a59c2c6d: 4 terminal task(s)
2026-08-10 01:54:12 | team | sess_1263a59c2c6d | INFO | [planner2] processing 1 unread messages (steer=True)
2026-08-10 01:54:13 | team | sess_1263a59c2c6d | INFO | Message 331364d8-8a9f-4150-935e-b76c15cfb315 marked as read by planner2
2026-08-10 01:54:24 | team | sess_1263a59c2c6d | INFO | Message 9a60bc39-f128-4ad2-a812-030ee3ae954e created
2026-08-10 01:54:33 | team | sess_1263a59c2c6d | INFO | team jiuwen_team_sess_1263a59c2c6d reported completed: 9 members, 4 tasks
2026-08-10 01:54:33 | team | sess_1263a59c2c6d | INFO | [planner2] received TEAM_STANDBY, pausing polls
2026-08-10 01:54:33 | team | sess_1263a59c2c6d | INFO | EventBus[teammate] pausing polls
