2026-08-10 01:43:48 | team | sess_1263a59c2c6d | INFO | Team workspace directory ensured at /srv/jwteam_clone/shared/run_current
2026-08-10 01:43:48 | team | sess_1263a59c2c6d | INFO | AgentTeam manager initialized for jiuwen_team_sess_1263a59c2c6d, member=team_leader
2026-08-10 01:43:48 | team | sess_1263a59c2c6d | INFO | [team_leader] TeamPolicyRail static sections: section_names=['team_role', 'team_workflow', 'team_swarmflow', 'team_lifecycle', 'team_persona']
2026-08-10 01:43:49 | team | sess_1263a59c2c6d | INFO | Session tables ready for session sess_1263a59c2c6d
2026-08-10 01:43:49 | team | sess_1263a59c2c6d | INFO | Team database initialized
2026-08-10 01:43:49 | team | default_trace_id | INFO | Team workspace directory ensured at /srv/jwteam_clone/shared/run_current
2026-08-10 01:43:49 | team | default_trace_id | INFO | AgentTeam manager initialized for jiuwen_team_sess_1263a59c2c6d, member=executor3
2026-08-10 01:43:49 | team | default_trace_id | INFO | [executor3] TeamPolicyRail static sections: section_names=['team_role', 'team_persona']
2026-08-10 01:43:49 | team | sess_1263a59c2c6d | INFO | [executor3] invoke start, role=teammate
2026-08-10 01:43:49 | team | sess_1263a59c2c6d | INFO | [executor3] coordination starting
2026-08-10 01:43:49 | team | sess_1263a59c2c6d | INFO | Session tables ready for session sess_1263a59c2c6d
2026-08-10 01:43:49 | team | sess_1263a59c2c6d | INFO | Workspace /srv/jwteam_clone/shared/run_current initialized as plain shared directory (version_control disabled)
2026-08-10 01:43:49 | team | sess_1263a59c2c6d | INFO | EventBus[teammate] starting
2026-08-10 01:44:48 | team | sess_1263a59c2c6d | INFO | [executor3] HITT section refresh: human_agent_names=[]
2026-08-10 01:44:58 | team | sess_1263a59c2c6d | INFO | [executor3] processing 1 unread messages (steer=True)
2026-08-10 01:44:58 | team | sess_1263a59c2c6d | INFO | Message 2f952be5-2c74-4c0a-a7f0-50d974051819 marked as read by executor3
2026-08-10 01:47:19 | team | sess_1263a59c2c6d | INFO | Task implement-kdf claimed by member executor3
2026-08-10 01:47:19 | team | sess_1263a59c2c6d | INFO | Task implement-kdf claimed by member executor3
2026-08-10 01:47:26 | team | sess_1263a59c2c6d | INFO | Message 711507aa-9291-47e0-8fc5-72a47241173b created
2026-08-10 01:47:26 | team | sess_1263a59c2c6d | INFO | Message 0944bcf8-5081-481a-bb3b-323ba90e0660 created
2026-08-10 01:47:31 | team | sess_1263a59c2c6d | INFO | [executor3] processing 1 unread messages (steer=True)
2026-08-10 01:47:31 | team | sess_1263a59c2c6d | INFO | Message a8d522c4-f544-4907-80f7-12b9b5fd4974 marked as read by executor3
2026-08-10 01:47:37 | team | sess_1263a59c2c6d | INFO | [executor3] processing 1 unread messages (steer=True)
2026-08-10 01:47:37 | team | sess_1263a59c2c6d | INFO | Message d81a1c96-f0f1-48db-ab11-7414a5228f8f marked as read by executor3
2026-08-10 01:47:40 | team | sess_1263a59c2c6d | INFO | [executor3] processing 1 unread messages (steer=True)
2026-08-10 01:47:40 | team | sess_1263a59c2c6d | INFO | Message eeb71025-6c6e-4497-834d-b0cb65dca76c marked as read by executor3
2026-08-10 01:47:42 | team | sess_1263a59c2c6d | INFO | Task implement-kdf completed at 1786322862689
2026-08-10 01:47:42 | team | sess_1263a59c2c6d | INFO | Message 4e9470ee-946b-4c38-8008-88db1334c26f created
2026-08-10 01:47:42 | team | sess_1263a59c2c6d | INFO | Resolved 1 dependencies for task implement-kdf
2026-08-10 01:47:42 | team | sess_1263a59c2c6d | INFO | Task implement-kdf completed
2026-08-10 01:47:56 | team | sess_1263a59c2c6d | INFO | [executor3] processing 1 unread messages (steer=True)
2026-08-10 01:47:56 | team | sess_1263a59c2c6d | INFO | Message c9e10601-0330-4904-a588-dd21a2078bbc marked as read by executor3
2026-08-10 01:48:01 | team | sess_1263a59c2c6d | INFO | Message e69b6a30-e7dd-4670-9dcb-2aff3190f1e9 created
2026-08-10 01:48:01 | team | sess_1263a59c2c6d | INFO | Message 7b272e1f-1924-4b58-bdd8-ef3ef2caee78 created
2026-08-10 01:48:01 | team | sess_1263a59c2c6d | INFO | Message e360ca91-1ab0-490f-a68b-74f589453340 created
2026-08-10 01:48:12 | team | sess_1263a59c2c6d | INFO | [executor3] processing 1 unread messages (steer=True)
2026-08-10 01:48:12 | team | sess_1263a59c2c6d | INFO | Message 47242602-93d9-44c8-9489-6cb3f3a5acf4 marked as read by executor3
2026-08-10 01:48:13 | team | sess_1263a59c2c6d | INFO | [executor3] processing 1 unread messages (steer=True)
2026-08-10 01:48:13 | team | sess_1263a59c2c6d | INFO | Message 3cc9f364-8cea-4b9b-a519-9c8b5f63ecc7 marked as read by executor3
2026-08-10 01:48:15 | team | sess_1263a59c2c6d | INFO | [executor3] processing 1 unread messages (steer=True)
2026-08-10 01:48:15 | team | sess_1263a59c2c6d | INFO | Message 5c4aa0c1-15fb-4dd2-8be2-13b00e0806f1 marked as read by executor3
2026-08-10 01:48:57 | team | sess_1263a59c2c6d | INFO | Message 24ef57e9-42a8-4f0e-b971-8cd13055cee3 created
2026-08-10 01:48:57 | team | sess_1263a59c2c6d | INFO | Message 8e74123f-f4c3-497c-9661-16f273bd3033 created
2026-08-10 01:49:09 | team | sess_1263a59c2c6d | INFO | [executor3] processing 1 unread messages (steer=True)
2026-08-10 01:49:09 | team | sess_1263a59c2c6d | INFO | Message 220ae2e1-92b1-4c65-8691-dce28387f0eb marked as read by executor3
2026-08-10 01:49:16 | team | sess_1263a59c2c6d | INFO | Message fd9589e9-06bc-4a64-8ce6-f4afb9cdd6f0 created
2026-08-10 01:49:36 | team | sess_1263a59c2c6d | INFO | [executor3] processing 1 unread messages (steer=True)
2026-08-10 01:49:36 | team | sess_1263a59c2c6d | INFO | Message 797c467d-0a9f-45eb-87e3-18658878ff8b marked as read by executor3
2026-08-10 01:49:45 | team | sess_1263a59c2c6d | INFO | Message 79b0de48-6f88-49c7-a21c-80f6ac52a2f6 created
2026-08-10 01:50:07 | team | sess_1263a59c2c6d | INFO | [executor3] processing 1 unread messages (steer=True)
2026-08-10 01:50:07 | team | sess_1263a59c2c6d | INFO | Message 573e11fa-ec0d-4fbd-ba4e-dc5fad2e66e9 marked as read by executor3
2026-08-10 01:50:14 | team | sess_1263a59c2c6d | INFO | Message 539c8c50-8eeb-49f2-a333-4fea0b496d15 created
2026-08-10 01:50:24 | team | sess_1263a59c2c6d | INFO | [executor3] processing 1 unread messages (steer=True)
2026-08-10 01:50:24 | team | sess_1263a59c2c6d | INFO | Message 6a7aaa9d-ab7a-4ae4-a8dc-0ab2f6e3c622 marked as read by executor3
2026-08-10 01:50:30 | team | sess_1263a59c2c6d | INFO | [executor3] processing 1 unread messages (steer=True)
2026-08-10 01:50:30 | team | sess_1263a59c2c6d | INFO | Message 343aa056-6946-439d-93ee-56ff7c040868 marked as read by executor3
2026-08-10 01:50:44 | team | sess_1263a59c2c6d | INFO | Message 778710c8-5595-4177-b726-c0a930aee386 created
2026-08-10 01:50:59 | team | sess_1263a59c2c6d | INFO | [executor3] processing 1 unread messages (steer=True)
2026-08-10 01:50:59 | team | sess_1263a59c2c6d | INFO | Message e671583e-facd-426b-a395-27ca98415feb marked as read by executor3
2026-08-10 01:51:02 | team | sess_1263a59c2c6d | INFO | Message 96ece6ce-ce6c-4ffa-ae0a-d3d26682693b created
2026-08-10 01:51:02 | team | sess_1263a59c2c6d | INFO | Message 7fe7d201-af2f-4dab-af08-728943939185 created
2026-08-10 01:51:13 | team | sess_1263a59c2c6d | INFO | Message 4df6cbb7-9488-4810-92c3-fa1aedcf8c3f created
2026-08-10 01:51:14 | team | sess_1263a59c2c6d | INFO | [executor3] processing 1 unread messages (steer=True)
2026-08-10 01:51:14 | team | sess_1263a59c2c6d | INFO | Message e11f0eb2-4078-430e-bef6-528b00550a8f marked as read by executor3
2026-08-10 01:51:17 | team | sess_1263a59c2c6d | INFO | [executor3] processing 1 unread messages (steer=True)
2026-08-10 01:51:17 | team | sess_1263a59c2c6d | INFO | Message 36e7237c-16af-4a0c-8e8d-afcb5f7fd6ce marked as read by executor3
2026-08-10 01:52:01 | team | sess_1263a59c2c6d | INFO | [executor3] processing 1 unread messages (steer=True)
2026-08-10 01:52:01 | team | sess_1263a59c2c6d | INFO | Message 1475d100-cf1c-424c-8e03-6e78e1cb5d11 created
2026-08-10 01:52:01 | team | sess_1263a59c2c6d | INFO | Message 06739d87-e503-4ab2-adb1-234cc806937b marked as read by executor3
2026-08-10 01:52:07 | team | sess_1263a59c2c6d | INFO | Message 18841a45-37ce-4df8-a378-794298781596 created
2026-08-10 01:52:21 | team | sess_1263a59c2c6d | INFO | [executor3] processing 1 unread messages (steer=True)
2026-08-10 01:52:21 | team | sess_1263a59c2c6d | INFO | Message 70c4b40f-18fd-41e7-909f-60f11e012172 marked as read by executor3
2026-08-10 01:52:25 | team | sess_1263a59c2c6d | INFO | Message a2ca327d-ee68-4e57-97da-25df3daf33e3 created
2026-08-10 01:53:51 | team | sess_1263a59c2c6d | INFO | task list drained for team jiuwen_team_sess_1263a59c2c6d: 4 terminal task(s)
2026-08-10 01:54:12 | team | sess_1263a59c2c6d | INFO | [executor3] processing 1 unread messages (steer=True)
2026-08-10 01:54:13 | team | sess_1263a59c2c6d | INFO | Message 331364d8-8a9f-4150-935e-b76c15cfb315 marked as read by executor3
2026-08-10 01:54:23 | team | sess_1263a59c2c6d | INFO | Message 1b1d4209-7d51-4658-b3b6-236bb1974ae8 created
2026-08-10 01:54:33 | team | sess_1263a59c2c6d | INFO | team jiuwen_team_sess_1263a59c2c6d reported completed: 9 members, 4 tasks
2026-08-10 01:54:33 | team | sess_1263a59c2c6d | INFO | [executor3] received TEAM_STANDBY, pausing polls
2026-08-10 01:54:33 | team | sess_1263a59c2c6d | INFO | EventBus[teammate] pausing polls
