2026-08-10 01:43:52 | team | sess_1263a59c2c6d | INFO | Team workspace directory ensured at /srv/jwteam_clone/shared/run_current
2026-08-10 01:43:52 | team | sess_1263a59c2c6d | INFO | AgentTeam manager initialized for jiuwen_team_sess_1263a59c2c6d, member=team_leader
2026-08-10 01:43:52 | team | sess_1263a59c2c6d | INFO | [team_leader] TeamPolicyRail static sections: section_names=['team_role', 'team_workflow', 'team_swarmflow', 'team_lifecycle', 'team_persona']
2026-08-10 01:43:52 | team | sess_1263a59c2c6d | INFO | Session tables ready for session sess_1263a59c2c6d
2026-08-10 01:43:52 | team | sess_1263a59c2c6d | INFO | Team database initialized
2026-08-10 01:43:52 | team | default_trace_id | INFO | Team workspace directory ensured at /srv/jwteam_clone/shared/run_current
2026-08-10 01:43:52 | team | default_trace_id | INFO | AgentTeam manager initialized for jiuwen_team_sess_1263a59c2c6d, member=fullstack1
2026-08-10 01:43:52 | team | default_trace_id | INFO | [fullstack1] TeamPolicyRail static sections: section_names=['team_role', 'team_persona']
2026-08-10 01:43:52 | team | sess_1263a59c2c6d | INFO | [fullstack1] invoke start, role=teammate
2026-08-10 01:43:52 | team | sess_1263a59c2c6d | INFO | [fullstack1] coordination starting
2026-08-10 01:43:52 | team | sess_1263a59c2c6d | INFO | Session tables ready for session sess_1263a59c2c6d
2026-08-10 01:43:52 | team | sess_1263a59c2c6d | INFO | Workspace /srv/jwteam_clone/shared/run_current initialized as plain shared directory (version_control disabled)
2026-08-10 01:43:52 | team | sess_1263a59c2c6d | INFO | EventBus[teammate] starting
2026-08-10 01:44:48 | team | sess_1263a59c2c6d | INFO | [fullstack1] HITT section refresh: human_agent_names=[]
2026-08-10 01:44:55 | team | sess_1263a59c2c6d | INFO | Task plan claimed by member fullstack1
2026-08-10 01:44:55 | team | sess_1263a59c2c6d | INFO | Task plan claimed by member fullstack1
2026-08-10 01:44:58 | team | sess_1263a59c2c6d | INFO | [fullstack1] processing 1 unread messages (steer=True)
2026-08-10 01:44:58 | team | sess_1263a59c2c6d | INFO | Message 2f952be5-2c74-4c0a-a7f0-50d974051819 marked as read by fullstack1
2026-08-10 01:45:21 | team | sess_1263a59c2c6d | INFO | [fullstack1] processing 1 unread messages (steer=True)
2026-08-10 01:45:21 | team | sess_1263a59c2c6d | INFO | Message 71acf611-a62b-4336-acdf-fb491344180a marked as read by fullstack1
2026-08-10 01:46:38 | team | sess_1263a59c2c6d | INFO | Message fbec8242-cb87-4258-a6e5-7b208dca611f created
2026-08-10 01:46:48 | team | sess_1263a59c2c6d | INFO | Task plan completed at 1786322808091
2026-08-10 01:46:48 | team | sess_1263a59c2c6d | INFO | Message 83d14b51-b9c3-4546-9f52-b0dfc80f94ca created
2026-08-10 01:46:48 | team | sess_1263a59c2c6d | INFO | Resolved 1 dependencies for task plan
2026-08-10 01:46:48 | team | sess_1263a59c2c6d | INFO | Task implement unblocked (all deps resolved)
2026-08-10 01:46:48 | team | sess_1263a59c2c6d | INFO | Task plan completed
2026-08-10 01:46:48 | team | sess_1263a59c2c6d | INFO | Unblocked 1 tasks
2026-08-10 01:46:48 | team | sess_1263a59c2c6d | INFO | Message 5f5ee7ff-97c1-4b7a-9f0d-22a99a464f94 created
2026-08-10 01:47:26 | team | sess_1263a59c2c6d | INFO | [fullstack1] processing 1 unread messages (steer=True)
2026-08-10 01:47:26 | team | sess_1263a59c2c6d | INFO | Message 711507aa-9291-47e0-8fc5-72a47241173b marked as read by fullstack1
2026-08-10 01:47:40 | team | sess_1263a59c2c6d | INFO | Message eeb71025-6c6e-4497-834d-b0cb65dca76c created
2026-08-10 01:48:01 | team | sess_1263a59c2c6d | INFO | [fullstack1] processing 1 unread messages (steer=True)
2026-08-10 01:48:01 | team | sess_1263a59c2c6d | INFO | Message e69b6a30-e7dd-4670-9dcb-2aff3190f1e9 marked as read by fullstack1
2026-08-10 01:48:15 | team | sess_1263a59c2c6d | INFO | Message 5c4aa0c1-15fb-4dd2-8be2-13b00e0806f1 created
2026-08-10 01:48:24 | team | sess_1263a59c2c6d | INFO | Message 5af168fc-4eee-4055-b7b6-67191379f556 created
2026-08-10 01:48:24 | team | sess_1263a59c2c6d | INFO | Message 24da7f09-1d13-4905-a61c-14f650541c6c created
2026-08-10 01:48:37 | team | sess_1263a59c2c6d | INFO | [fullstack1] processing 1 unread messages (steer=True)
2026-08-10 01:48:37 | team | sess_1263a59c2c6d | INFO | Message 19c1556f-ce14-4148-91b7-0b3537a65f10 marked as read by fullstack1
2026-08-10 01:48:52 | team | sess_1263a59c2c6d | INFO | Message 3747cec4-824f-40ba-afdb-5e7a2a83db2a created
2026-08-10 01:48:52 | team | sess_1263a59c2c6d | INFO | [fullstack1] processing 1 unread messages (steer=True)
2026-08-10 01:48:52 | team | sess_1263a59c2c6d | INFO | Message 6ee51946-6f5d-4290-a225-8613b538241c marked as read by fullstack1
2026-08-10 01:49:05 | team | sess_1263a59c2c6d | INFO | Message 89aac00d-0b77-41ea-a8de-1db9b7a47f64 created
2026-08-10 01:51:50 | team | sess_1263a59c2c6d | INFO | Message a97d86a6-b2db-4024-a279-cff8482bb11d created
2026-08-10 01:51:50 | team | sess_1263a59c2c6d | INFO | Message 1249f37c-1c84-4112-a402-318231e869eb created
2026-08-10 01:52:21 | team | sess_1263a59c2c6d | INFO | [fullstack1] processing 1 unread messages (steer=True)
2026-08-10 01:52:21 | team | sess_1263a59c2c6d | INFO | Message cec8995d-02e6-426e-a695-f91cfdd96628 marked as read by fullstack1
2026-08-10 01:52:27 | team | sess_1263a59c2c6d | INFO | [fullstack1] processing 1 unread messages (steer=True)
2026-08-10 01:52:27 | team | sess_1263a59c2c6d | INFO | Message 873cbb7b-2c5c-4415-9efa-a7b3da0db1b1 marked as read by fullstack1
2026-08-10 01:52:37 | team | sess_1263a59c2c6d | INFO | Message e1761f1e-5129-4637-9ca0-c39251860358 created
2026-08-10 01:53:51 | team | sess_1263a59c2c6d | INFO | task list drained for team jiuwen_team_sess_1263a59c2c6d: 4 terminal task(s)
2026-08-10 01:54:12 | team | sess_1263a59c2c6d | INFO | [fullstack1] processing 1 unread messages (steer=True)
2026-08-10 01:54:13 | team | sess_1263a59c2c6d | INFO | Message 331364d8-8a9f-4150-935e-b76c15cfb315 marked as read by fullstack1
2026-08-10 01:54:33 | team | sess_1263a59c2c6d | INFO | team jiuwen_team_sess_1263a59c2c6d reported completed: 9 members, 4 tasks
2026-08-10 01:54:33 | team | sess_1263a59c2c6d | INFO | [fullstack1] received TEAM_STANDBY, pausing polls
2026-08-10 01:54:33 | team | sess_1263a59c2c6d | INFO | EventBus[teammate] pausing polls
