2026-08-10 09:47:01 | team | sess_28e4a76ca6b9 | INFO | Team workspace directory ensured at /srv/jwteam_clone/shared/run_current
2026-08-10 09:47:01 | team | sess_28e4a76ca6b9 | INFO | AgentTeam manager initialized for jiuwen_team_sess_28e4a76ca6b9, member=team_leader
2026-08-10 09:47:01 | team | sess_28e4a76ca6b9 | INFO | [team_leader] TeamPolicyRail static sections: section_names=['team_role', 'team_workflow', 'team_swarmflow', 'team_lifecycle', 'team_persona']
2026-08-10 09:47:01 | team | sess_28e4a76ca6b9 | INFO | Session tables ready for session sess_28e4a76ca6b9
2026-08-10 09:47:01 | team | sess_28e4a76ca6b9 | INFO | Team database initialized
2026-08-10 09:47:02 | team | default_trace_id | INFO | Team workspace directory ensured at /srv/jwteam_clone/shared/run_current
2026-08-10 09:47:02 | team | default_trace_id | INFO | AgentTeam manager initialized for jiuwen_team_sess_28e4a76ca6b9, member=fullstack1
2026-08-10 09:47:02 | team | default_trace_id | INFO | [fullstack1] TeamPolicyRail static sections: section_names=['team_role', 'team_persona']
2026-08-10 09:47:02 | team | sess_28e4a76ca6b9 | INFO | [fullstack1] invoke start, role=teammate
2026-08-10 09:47:02 | team | sess_28e4a76ca6b9 | INFO | [fullstack1] coordination starting
2026-08-10 09:47:02 | team | sess_28e4a76ca6b9 | INFO | Session tables ready for session sess_28e4a76ca6b9
2026-08-10 09:47:02 | team | sess_28e4a76ca6b9 | INFO | Workspace /srv/jwteam_clone/shared/run_current initialized as plain shared directory (version_control disabled)
2026-08-10 09:47:02 | team | sess_28e4a76ca6b9 | INFO | EventBus[teammate] starting
2026-08-10 09:47:35 | team | sess_28e4a76ca6b9 | INFO | [fullstack1] HITT section refresh: human_agent_names=[]
2026-08-10 09:47:48 | team | sess_28e4a76ca6b9 | INFO | [fullstack1] processing 1 unread messages (steer=True)
2026-08-10 09:47:48 | team | sess_28e4a76ca6b9 | INFO | Message e41978fc-8d33-4f6d-a998-4ca743da4b0a marked as read by fullstack1
2026-08-10 09:49:40 | team | sess_28e4a76ca6b9 | INFO | Message 38431148-c947-4ea6-bd96-f5ac9bfdc0a1 created
2026-08-10 09:49:40 | team | sess_28e4a76ca6b9 | INFO | Message c160dbe2-e0b1-4325-b593-688d750ac565 created
2026-08-10 09:49:58 | team | sess_28e4a76ca6b9 | INFO | Task verify claimed by member fullstack1
2026-08-10 09:49:58 | team | sess_28e4a76ca6b9 | INFO | Task verify claimed by member fullstack1
2026-08-10 09:50:02 | team | sess_28e4a76ca6b9 | INFO | [fullstack1] processing 1 unread messages (steer=True)
2026-08-10 09:50:02 | team | sess_28e4a76ca6b9 | INFO | Message 1735954f-443f-4fa7-b5ff-cabc088ad442 marked as read by fullstack1
2026-08-10 09:50:02 | team | sess_28e4a76ca6b9 | INFO | [fullstack1] processing 1 unread messages (steer=True)
2026-08-10 09:50:02 | team | sess_28e4a76ca6b9 | INFO | Message c7c92cab-b7c5-4ce2-be8e-81acf7803e81 marked as read by fullstack1
2026-08-10 09:50:14 | team | sess_28e4a76ca6b9 | INFO | [fullstack1] processing 1 unread messages (steer=True)
2026-08-10 09:50:14 | team | sess_28e4a76ca6b9 | INFO | Message ce82e25f-3a54-43eb-a994-4c91334ef7fc marked as read by fullstack1
2026-08-10 09:50:16 | team | sess_28e4a76ca6b9 | INFO | [fullstack1] processing 1 unread messages (steer=True)
2026-08-10 09:50:16 | team | sess_28e4a76ca6b9 | INFO | Message 36ceb2c9-f8e2-435d-999e-4d9b851f7c64 marked as read by fullstack1
2026-08-10 09:50:30 | team | sess_28e4a76ca6b9 | INFO | Message 093f5619-2f6f-4920-9cd4-88f4c1bc7c3e created
2026-08-10 09:50:30 | team | sess_28e4a76ca6b9 | INFO | Message c63a68bb-3f45-43bc-9fb0-327d8937dfb0 created
2026-08-10 09:50:33 | team | sess_28e4a76ca6b9 | INFO | Task verify completed at 1786351833478
2026-08-10 09:50:33 | team | sess_28e4a76ca6b9 | INFO | Task verify completed
2026-08-10 09:50:45 | team | sess_28e4a76ca6b9 | INFO | Message ee75a092-fd80-4e25-bb6e-9f351db971d0 created
2026-08-10 09:50:47 | team | sess_28e4a76ca6b9 | INFO | [fullstack1] processing 1 unread messages (steer=True)
2026-08-10 09:50:47 | team | sess_28e4a76ca6b9 | INFO | Message 2bd3fa2a-739e-47be-95b3-2be636f3a879 marked as read by fullstack1
2026-08-10 09:50:54 | team | sess_28e4a76ca6b9 | INFO | [fullstack1] processing 1 unread messages (steer=True)
2026-08-10 09:50:54 | team | sess_28e4a76ca6b9 | INFO | Message 8fd275fc-0c84-4e9a-90e9-4d85ae85d6ce marked as read by fullstack1
2026-08-10 09:51:10 | team | sess_28e4a76ca6b9 | INFO | [fullstack1] processing 1 unread messages (steer=True)
2026-08-10 09:51:10 | team | sess_28e4a76ca6b9 | INFO | Message 080cb3f8-fb9e-451a-9d76-02ff8b6d16d8 marked as read by fullstack1
2026-08-10 09:51:12 | team | sess_28e4a76ca6b9 | INFO | Message c383435a-7d17-40fe-82f7-3a6e032a8129 created
2026-08-10 09:51:22 | team | sess_28e4a76ca6b9 | INFO | Message f2691b6d-65de-4ab2-84ea-337700c76c9e created
2026-08-10 09:51:22 | team | sess_28e4a76ca6b9 | INFO | [fullstack1] processing 1 unread messages (steer=True)
2026-08-10 09:51:22 | team | sess_28e4a76ca6b9 | INFO | Message 187486d3-e79d-4787-969f-732fbcc11e34 marked as read by fullstack1
2026-08-10 09:51:31 | team | sess_28e4a76ca6b9 | INFO | Message 7bd4b14d-7a71-43f0-a62a-25843ba33063 created
2026-08-10 09:51:32 | team | sess_28e4a76ca6b9 | INFO | [fullstack1] processing 1 unread messages (steer=True)
2026-08-10 09:51:32 | team | sess_28e4a76ca6b9 | INFO | Message 604393fc-313c-4e17-b2ad-0a4db9f74b3c marked as read by fullstack1
2026-08-10 09:51:39 | team | sess_28e4a76ca6b9 | INFO | Message eb18971a-95fe-4164-9719-1f0aa4bcfdb6 created
2026-08-10 09:52:14 | team | sess_28e4a76ca6b9 | INFO | team jiuwen_team_sess_28e4a76ca6b9 reported completed: 9 members, 5 tasks
2026-08-10 09:52:14 | team | sess_28e4a76ca6b9 | INFO | [fullstack1] received TEAM_STANDBY, pausing polls
2026-08-10 09:52:14 | team | sess_28e4a76ca6b9 | INFO | EventBus[teammate] pausing polls
