2026-08-10 09:46:59 | team | sess_28e4a76ca6b9 | INFO | Team workspace directory ensured at /srv/jwteam_clone/shared/run_current
2026-08-10 09:46:59 | team | sess_28e4a76ca6b9 | INFO | AgentTeam manager initialized for jiuwen_team_sess_28e4a76ca6b9, member=team_leader
2026-08-10 09:46:59 | team | sess_28e4a76ca6b9 | INFO | [team_leader] TeamPolicyRail static sections: section_names=['team_role', 'team_workflow', 'team_swarmflow', 'team_lifecycle', 'team_persona']
2026-08-10 09:46:59 | team | sess_28e4a76ca6b9 | INFO | Session tables ready for session sess_28e4a76ca6b9
2026-08-10 09:46:59 | team | sess_28e4a76ca6b9 | INFO | Team database initialized
2026-08-10 09:46:59 | team | default_trace_id | INFO | Team workspace directory ensured at /srv/jwteam_clone/shared/run_current
2026-08-10 09:46:59 | team | default_trace_id | INFO | AgentTeam manager initialized for jiuwen_team_sess_28e4a76ca6b9, member=verifier1
2026-08-10 09:46:59 | team | default_trace_id | INFO | [verifier1] TeamPolicyRail static sections: section_names=['team_role', 'team_persona']
2026-08-10 09:46:59 | team | sess_28e4a76ca6b9 | INFO | [verifier1] invoke start, role=teammate
2026-08-10 09:46:59 | team | sess_28e4a76ca6b9 | INFO | [verifier1] coordination starting
2026-08-10 09:46:59 | team | sess_28e4a76ca6b9 | INFO | Session tables ready for session sess_28e4a76ca6b9
2026-08-10 09:46:59 | team | sess_28e4a76ca6b9 | INFO | Workspace /srv/jwteam_clone/shared/run_current initialized as plain shared directory (version_control disabled)
2026-08-10 09:46:59 | team | sess_28e4a76ca6b9 | INFO | EventBus[teammate] starting
2026-08-10 09:47:35 | team | sess_28e4a76ca6b9 | INFO | [verifier1] HITT section refresh: human_agent_names=[]
2026-08-10 09:47:48 | team | sess_28e4a76ca6b9 | INFO | [verifier1] processing 1 unread messages (steer=True)
2026-08-10 09:47:48 | team | sess_28e4a76ca6b9 | INFO | Message e41978fc-8d33-4f6d-a998-4ca743da4b0a marked as read by verifier1
2026-08-10 09:48:20 | team | sess_28e4a76ca6b9 | INFO | Message c51f9f34-2a5f-45ec-988a-1c4ad11ce201 created
2026-08-10 09:49:09 | team | sess_28e4a76ca6b9 | INFO | [verifier1] processing 1 unread messages (steer=True)
2026-08-10 09:49:09 | team | sess_28e4a76ca6b9 | INFO | Message 3e4e0c40-a07b-4ecb-80ff-5ee61d209eae marked as read by verifier1
2026-08-10 09:49:28 | team | sess_28e4a76ca6b9 | INFO | Message 40ef0d0a-8b2a-4a86-b7a0-018d20a3f15f created
2026-08-10 09:49:37 | team | sess_28e4a76ca6b9 | INFO | [verifier1] processing 1 unread messages (steer=True)
2026-08-10 09:49:37 | team | sess_28e4a76ca6b9 | INFO | Message 75108bfd-7ea5-4d8e-bdde-c143078ed328 marked as read by verifier1
2026-08-10 09:49:45 | team | sess_28e4a76ca6b9 | INFO | Message 9934eb26-4cbd-435f-9783-ed3edbc1d8c7 created
2026-08-10 09:49:51 | team | sess_28e4a76ca6b9 | INFO | [verifier1] processing 1 unread messages (steer=True)
2026-08-10 09:49:51 | team | sess_28e4a76ca6b9 | INFO | Message b8aac0d6-dfe9-485f-9174-359e281430d4 marked as read by verifier1
2026-08-10 09:49:55 | team | sess_28e4a76ca6b9 | INFO | [verifier1] processing 1 unread messages (steer=True)
2026-08-10 09:49:55 | team | sess_28e4a76ca6b9 | INFO | Message 8a50677e-ee54-4b98-983c-d4e1d50f72be marked as read by verifier1
2026-08-10 09:50:02 | team | sess_28e4a76ca6b9 | INFO | [verifier1] processing 1 unread messages (steer=True)
2026-08-10 09:50:02 | team | sess_28e4a76ca6b9 | INFO | Message 8c84d4a0-0d2b-4723-96ae-06b58c07d1af marked as read by verifier1
2026-08-10 09:50:04 | team | sess_28e4a76ca6b9 | INFO | [verifier1] processing 1 unread messages (steer=True)
2026-08-10 09:50:04 | team | sess_28e4a76ca6b9 | INFO | Message a3b25ee3-02fc-4e08-b0be-1f0fa5dacf35 marked as read by verifier1
2026-08-10 09:50:14 | team | sess_28e4a76ca6b9 | INFO | Message 2367ec7c-82b9-4ca7-b197-8e10a18ac146 created
2026-08-10 09:50:14 | team | sess_28e4a76ca6b9 | INFO | Message ce82e25f-3a54-43eb-a994-4c91334ef7fc created
2026-08-10 09:50:14 | team | sess_28e4a76ca6b9 | INFO | Message 34bd823b-a105-4b96-822a-b012d7e663a9 created
2026-08-10 09:50:16 | team | sess_28e4a76ca6b9 | INFO | [verifier1] processing 1 unread messages (steer=True)
2026-08-10 09:50:16 | team | sess_28e4a76ca6b9 | INFO | Message bcc49a52-38b7-464b-9eba-6d5281c06ee8 marked as read by verifier1
2026-08-10 09:50:24 | team | sess_28e4a76ca6b9 | INFO | Message 53699aab-afda-42d1-8c26-7f53c97675c7 created
2026-08-10 09:50:24 | team | sess_28e4a76ca6b9 | INFO | Message 58ec7105-5983-4ee8-8696-35c72fb18a1c created
2026-08-10 09:50:29 | team | sess_28e4a76ca6b9 | INFO | [verifier1] processing 1 unread messages (steer=True)
2026-08-10 09:50:29 | team | sess_28e4a76ca6b9 | INFO | Message d9dc6099-4ef6-48aa-b547-655a24483e2c marked as read by verifier1
2026-08-10 09:50:30 | team | sess_28e4a76ca6b9 | INFO | [verifier1] processing 1 unread messages (steer=True)
2026-08-10 09:50:30 | team | sess_28e4a76ca6b9 | INFO | Message 093f5619-2f6f-4920-9cd4-88f4c1bc7c3e marked as read by verifier1
2026-08-10 09:50:33 | team | sess_28e4a76ca6b9 | INFO | task list drained for team jiuwen_team_sess_28e4a76ca6b9: 5 terminal task(s)
2026-08-10 09:50:47 | team | sess_28e4a76ca6b9 | INFO | [verifier1] processing 1 unread messages (steer=True)
2026-08-10 09:50:47 | team | sess_28e4a76ca6b9 | INFO | Message 2bd3fa2a-739e-47be-95b3-2be636f3a879 marked as read by verifier1
2026-08-10 09:51:10 | team | sess_28e4a76ca6b9 | INFO | Message d8c33a5b-42a5-4168-ae5f-6f8c05e4ae25 created
2026-08-10 09:51:10 | team | sess_28e4a76ca6b9 | INFO | Message 080cb3f8-fb9e-451a-9d76-02ff8b6d16d8 created
2026-08-10 09:51:10 | team | sess_28e4a76ca6b9 | INFO | Message 17ae937c-0255-4127-86d8-9066dc04f0ce created
2026-08-10 09:51:15 | team | sess_28e4a76ca6b9 | INFO | [verifier1] processing 1 unread messages (steer=True)
2026-08-10 09:51:15 | team | sess_28e4a76ca6b9 | INFO | Message 66dac6c1-2470-4f57-9c21-ff448ad38c36 marked as read by verifier1
2026-08-10 09:51:20 | team | sess_28e4a76ca6b9 | INFO | Message 0b64c964-1c82-43e0-8dab-ee87b54586b5 created
2026-08-10 09:51:22 | team | sess_28e4a76ca6b9 | INFO | [verifier1] processing 1 unread messages (steer=True)
2026-08-10 09:51:22 | team | sess_28e4a76ca6b9 | INFO | Message f2691b6d-65de-4ab2-84ea-337700c76c9e marked as read by verifier1
2026-08-10 09:51:22 | team | sess_28e4a76ca6b9 | INFO | [verifier1] processing 1 unread messages (steer=True)
2026-08-10 09:51:22 | team | sess_28e4a76ca6b9 | INFO | Message cc59934e-54e8-4a6e-bb68-66ab6eae30a2 marked as read by verifier1
2026-08-10 09:51:32 | team | sess_28e4a76ca6b9 | INFO | Message 604393fc-313c-4e17-b2ad-0a4db9f74b3c created
2026-08-10 09:51:32 | team | sess_28e4a76ca6b9 | INFO | Message fb03728b-17d3-4d4e-b90c-a89e3f025bb4 created
2026-08-10 09:51:39 | team | sess_28e4a76ca6b9 | INFO | [verifier1] processing 1 unread messages (steer=True)
2026-08-10 09:51:39 | team | sess_28e4a76ca6b9 | INFO | Message eb18971a-95fe-4164-9719-1f0aa4bcfdb6 marked as read by verifier1
2026-08-10 09:52:14 | team | sess_28e4a76ca6b9 | INFO | team jiuwen_team_sess_28e4a76ca6b9 reported completed: 9 members, 5 tasks
2026-08-10 09:52:14 | team | sess_28e4a76ca6b9 | INFO | [verifier1] received TEAM_STANDBY, pausing polls
2026-08-10 09:52:14 | team | sess_28e4a76ca6b9 | INFO | EventBus[teammate] pausing polls
