2026-08-10 09:46:54 | team | sess_28e4a76ca6b9 | INFO | Team workspace directory ensured at /srv/jwteam_clone/shared/run_current
2026-08-10 09:46:54 | team | sess_28e4a76ca6b9 | INFO | AgentTeam manager initialized for jiuwen_team_sess_28e4a76ca6b9, member=team_leader
2026-08-10 09:46:54 | team | sess_28e4a76ca6b9 | INFO | [team_leader] TeamPolicyRail static sections: section_names=['team_role', 'team_workflow', 'team_swarmflow', 'team_lifecycle', 'team_persona']
2026-08-10 09:46:54 | team | sess_28e4a76ca6b9 | INFO | Session tables ready for session sess_28e4a76ca6b9
2026-08-10 09:46:54 | team | sess_28e4a76ca6b9 | INFO | Team database initialized
2026-08-10 09:46:54 | team | default_trace_id | INFO | Team workspace directory ensured at /srv/jwteam_clone/shared/run_current
2026-08-10 09:46:54 | team | default_trace_id | INFO | AgentTeam manager initialized for jiuwen_team_sess_28e4a76ca6b9, member=planner1
2026-08-10 09:46:54 | team | default_trace_id | INFO | [planner1] TeamPolicyRail static sections: section_names=['team_role', 'team_persona']
2026-08-10 09:46:54 | team | sess_28e4a76ca6b9 | INFO | [planner1] invoke start, role=teammate
2026-08-10 09:46:54 | team | sess_28e4a76ca6b9 | INFO | [planner1] coordination starting
2026-08-10 09:46:54 | team | sess_28e4a76ca6b9 | INFO | Session tables ready for session sess_28e4a76ca6b9
2026-08-10 09:46:54 | team | sess_28e4a76ca6b9 | INFO | Workspace /srv/jwteam_clone/shared/run_current initialized as plain shared directory (version_control disabled)
2026-08-10 09:46:54 | team | sess_28e4a76ca6b9 | INFO | EventBus[teammate] starting
2026-08-10 09:47:35 | team | sess_28e4a76ca6b9 | INFO | [planner1] HITT section refresh: human_agent_names=[]
2026-08-10 09:47:48 | team | sess_28e4a76ca6b9 | INFO | [planner1] processing 1 unread messages (steer=True)
2026-08-10 09:47:48 | team | sess_28e4a76ca6b9 | INFO | Message e41978fc-8d33-4f6d-a998-4ca743da4b0a marked as read by planner1
2026-08-10 09:47:59 | team | sess_28e4a76ca6b9 | INFO | Message a38568ca-0a59-43b7-8c8f-e9a925227f76 created
2026-08-10 09:48:07 | team | sess_28e4a76ca6b9 | INFO | Message aca37975-a1ec-4f2b-92a4-d6f1625f1c17 created
2026-08-10 09:48:07 | team | sess_28e4a76ca6b9 | INFO | [planner1] processing 1 unread messages (steer=True)
2026-08-10 09:48:07 | team | sess_28e4a76ca6b9 | INFO | Message 86327bb9-c901-4431-9c97-0ea96a968f60 marked as read by planner1
2026-08-10 09:48:22 | team | sess_28e4a76ca6b9 | INFO | Message 45439062-7b61-4b08-a428-fb4883ca47ff created
2026-08-10 09:48:22 | team | sess_28e4a76ca6b9 | INFO | [planner1] processing 1 unread messages (steer=True)
2026-08-10 09:48:22 | team | sess_28e4a76ca6b9 | INFO | Message 46744fcb-844e-499f-bdd3-fa9ed5f92518 marked as read by planner1
2026-08-10 09:48:23 | team | sess_28e4a76ca6b9 | INFO | [planner1] processing 1 unread messages (steer=True)
2026-08-10 09:48:23 | team | sess_28e4a76ca6b9 | INFO | Message 30a53cf1-5229-4846-a081-fe640cf7c537 marked as read by planner1
2026-08-10 09:48:47 | team | sess_28e4a76ca6b9 | INFO | [planner1] processing 1 unread messages (steer=True)
2026-08-10 09:48:47 | team | sess_28e4a76ca6b9 | INFO | Message 2f93a3e9-cc5c-4a4e-add1-c2448d6e05f6 marked as read by planner1
2026-08-10 09:49:03 | team | sess_28e4a76ca6b9 | INFO | Message 09c70a37-da83-47a5-8798-79b2b1d70782 created
2026-08-10 09:49:03 | team | sess_28e4a76ca6b9 | INFO | Message e9a30250-6c2f-4b12-8928-c92d69acd28d created
2026-08-10 09:49:23 | team | sess_28e4a76ca6b9 | INFO | [planner1] processing 1 unread messages (steer=True)
2026-08-10 09:49:23 | team | sess_28e4a76ca6b9 | INFO | Message bd66dd97-e666-4a5a-b377-d6dc6802aeae marked as read by planner1
2026-08-10 09:49:41 | team | sess_28e4a76ca6b9 | INFO | Message 5a548e1c-d73c-4340-bfe5-dcf4d013e6c0 created
2026-08-10 09:49:41 | team | sess_28e4a76ca6b9 | INFO | Message ebe64d89-79e6-421f-a8f8-877df0e48a02 created
2026-08-10 09:49:41 | team | sess_28e4a76ca6b9 | INFO | Message 8185df5e-76e9-43c0-9568-44d94c5322c7 created
2026-08-10 09:49:50 | team | sess_28e4a76ca6b9 | INFO | [planner1] processing 1 unread messages (steer=True)
2026-08-10 09:49:50 | team | sess_28e4a76ca6b9 | INFO | Message 01d07388-2ccd-4aa2-9785-224da5e00941 marked as read by planner1
2026-08-10 09:50:02 | team | sess_28e4a76ca6b9 | INFO | [planner1] processing 1 unread messages (steer=True)
2026-08-10 09:50:02 | team | sess_28e4a76ca6b9 | INFO | Message 72cc0483-f6db-422d-a41d-84256794d475 marked as read by planner1
2026-08-10 09:50:03 | team | sess_28e4a76ca6b9 | INFO | Message 1e36e8f6-ad9f-4aff-bd49-5d0adc77979c created
2026-08-10 09:50:03 | team | sess_28e4a76ca6b9 | INFO | Message 50385f63-5b7c-4a10-bc86-3f782cd59adf created
2026-08-10 09:50:15 | team | sess_28e4a76ca6b9 | INFO | Message f371ebf6-da55-4eed-8840-8508348a8064 created
2026-08-10 09:50:15 | team | sess_28e4a76ca6b9 | INFO | Message 346c0a28-4e47-4f5f-8ef4-2436fbb7f484 created
2026-08-10 09:50:17 | team | sess_28e4a76ca6b9 | INFO | [planner1] processing 1 unread messages (steer=True)
2026-08-10 09:50:17 | team | sess_28e4a76ca6b9 | INFO | Message aa5e09bd-52e5-4ffc-a25c-f5c909f5db62 marked as read by planner1
2026-08-10 09:50:29 | team | sess_28e4a76ca6b9 | INFO | Message a7f1cec9-b316-4339-9c47-6d214640f097 created
2026-08-10 09:50:31 | team | sess_28e4a76ca6b9 | INFO | [planner1] processing 1 unread messages (steer=True)
2026-08-10 09:50:31 | team | sess_28e4a76ca6b9 | INFO | Message ba9a4690-76a0-4c1c-b3f1-f2c03962ebdb marked as read by planner1
2026-08-10 09:50:33 | team | sess_28e4a76ca6b9 | INFO | task list drained for team jiuwen_team_sess_28e4a76ca6b9: 5 terminal task(s)
2026-08-10 09:50:38 | team | sess_28e4a76ca6b9 | INFO | [planner1] processing 1 unread messages (steer=True)
2026-08-10 09:50:38 | team | sess_28e4a76ca6b9 | INFO | Message c87a29fc-76e0-451d-8450-9513262f229c marked as read by planner1
2026-08-10 09:50:43 | team | sess_28e4a76ca6b9 | INFO | Message 4bd402f6-c96a-4fa8-9fe9-412c6f634768 created
2026-08-10 09:50:47 | team | sess_28e4a76ca6b9 | INFO | [planner1] processing 1 unread messages (steer=True)
2026-08-10 09:50:47 | team | sess_28e4a76ca6b9 | INFO | Message 2bd3fa2a-739e-47be-95b3-2be636f3a879 marked as read by planner1
2026-08-10 09:50:50 | team | sess_28e4a76ca6b9 | INFO | Message c6f391b6-fd59-4846-90ce-6ba0e39cd2c8 created
2026-08-10 09:50:58 | team | sess_28e4a76ca6b9 | INFO | [planner1] processing 1 unread messages (steer=True)
2026-08-10 09:50:58 | team | sess_28e4a76ca6b9 | INFO | Message 7b7389c8-7e19-482f-bc70-7bc831ecaead marked as read by planner1
2026-08-10 09:50:59 | team | sess_28e4a76ca6b9 | INFO | Message 7e0a14a0-e167-4eb3-8863-e19f4b06c8b2 created
2026-08-10 09:51:02 | team | sess_28e4a76ca6b9 | INFO | [planner1] processing 1 unread messages (steer=True)
2026-08-10 09:51:02 | team | sess_28e4a76ca6b9 | INFO | Message 699e6e58-93db-4e05-a087-aa930671ad37 marked as read by planner1
2026-08-10 09:51:11 | team | sess_28e4a76ca6b9 | INFO | Message 9b230bcd-df55-44c0-834e-aa85a631826b created
2026-08-10 09:52:14 | team | sess_28e4a76ca6b9 | INFO | team jiuwen_team_sess_28e4a76ca6b9 reported completed: 9 members, 5 tasks
2026-08-10 09:52:14 | team | sess_28e4a76ca6b9 | INFO | [planner1] received TEAM_STANDBY, pausing polls
2026-08-10 09:52:14 | team | sess_28e4a76ca6b9 | INFO | EventBus[teammate] pausing polls
