2026-08-10 09:46:55 | team | sess_28e4a76ca6b9 | INFO | Team workspace directory ensured at /srv/jwteam_clone/shared/run_current
2026-08-10 09:46:55 | team | sess_28e4a76ca6b9 | INFO | AgentTeam manager initialized for jiuwen_team_sess_28e4a76ca6b9, member=team_leader
2026-08-10 09:46:55 | team | sess_28e4a76ca6b9 | INFO | [team_leader] TeamPolicyRail static sections: section_names=['team_role', 'team_workflow', 'team_swarmflow', 'team_lifecycle', 'team_persona']
2026-08-10 09:46:55 | team | sess_28e4a76ca6b9 | INFO | Session tables ready for session sess_28e4a76ca6b9
2026-08-10 09:46:55 | team | sess_28e4a76ca6b9 | INFO | Team database initialized
2026-08-10 09:46:55 | team | default_trace_id | INFO | Team workspace directory ensured at /srv/jwteam_clone/shared/run_current
2026-08-10 09:46:55 | team | default_trace_id | INFO | AgentTeam manager initialized for jiuwen_team_sess_28e4a76ca6b9, member=planner2
2026-08-10 09:46:55 | team | default_trace_id | INFO | [planner2] TeamPolicyRail static sections: section_names=['team_role', 'team_persona']
2026-08-10 09:46:55 | team | sess_28e4a76ca6b9 | INFO | [planner2] invoke start, role=teammate
2026-08-10 09:46:55 | team | sess_28e4a76ca6b9 | INFO | [planner2] coordination starting
2026-08-10 09:46:55 | team | sess_28e4a76ca6b9 | INFO | Session tables ready for session sess_28e4a76ca6b9
2026-08-10 09:46:55 | team | sess_28e4a76ca6b9 | INFO | Workspace /srv/jwteam_clone/shared/run_current initialized as plain shared directory (version_control disabled)
2026-08-10 09:46:55 | team | sess_28e4a76ca6b9 | INFO | EventBus[teammate] starting
2026-08-10 09:47:35 | team | sess_28e4a76ca6b9 | INFO | [planner2] HITT section refresh: human_agent_names=[]
2026-08-10 09:47:43 | team | sess_28e4a76ca6b9 | INFO | Task plan claimed by member planner2
2026-08-10 09:47:43 | team | sess_28e4a76ca6b9 | INFO | Task plan claimed by member planner2
2026-08-10 09:47:48 | team | sess_28e4a76ca6b9 | INFO | [planner2] processing 1 unread messages (steer=True)
2026-08-10 09:47:48 | team | sess_28e4a76ca6b9 | INFO | Message e41978fc-8d33-4f6d-a998-4ca743da4b0a marked as read by planner2
2026-08-10 09:47:59 | team | sess_28e4a76ca6b9 | INFO | [planner2] processing 1 unread messages (steer=True)
2026-08-10 09:47:59 | team | sess_28e4a76ca6b9 | INFO | Message a38568ca-0a59-43b7-8c8f-e9a925227f76 marked as read by planner2
2026-08-10 09:48:07 | team | sess_28e4a76ca6b9 | INFO | [planner2] processing 1 unread messages (steer=True)
2026-08-10 09:48:07 | team | sess_28e4a76ca6b9 | INFO | Message 6631a66e-bcbf-444d-9cb3-4f32bcc79da3 marked as read by planner2
2026-08-10 09:48:23 | team | sess_28e4a76ca6b9 | INFO | Message 30a53cf1-5229-4846-a081-fe640cf7c537 created
2026-08-10 09:48:28 | team | sess_28e4a76ca6b9 | INFO | Message 4c4d98f3-2dad-4249-a2ed-392e28ce9427 created
2026-08-10 09:48:57 | team | sess_28e4a76ca6b9 | INFO | [planner2] processing 1 unread messages (steer=True)
2026-08-10 09:48:57 | team | sess_28e4a76ca6b9 | INFO | Message ee350b71-2020-4d78-928c-9d4d21e48cfd marked as read by planner2
2026-08-10 09:49:01 | team | sess_28e4a76ca6b9 | INFO | Message 5a5f8c88-8130-49c2-8d5d-30d24faa42e4 created
2026-08-10 09:49:01 | team | sess_28e4a76ca6b9 | INFO | Message f9454080-221e-4ed4-bf7e-8c34eb40cb39 created
2026-08-10 09:49:01 | team | sess_28e4a76ca6b9 | INFO | Message c46c7487-5f30-48c3-8cbc-c489704d3193 created
2026-08-10 09:49:03 | team | sess_28e4a76ca6b9 | INFO | [planner2] processing 1 unread messages (steer=True)
2026-08-10 09:49:03 | team | sess_28e4a76ca6b9 | INFO | Message 09c70a37-da83-47a5-8798-79b2b1d70782 marked as read by planner2
2026-08-10 09:49:09 | team | sess_28e4a76ca6b9 | INFO | Task plan completed at 1786351749666
2026-08-10 09:49:09 | team | sess_28e4a76ca6b9 | INFO | Message 0c6bb410-cb0d-43d9-8d3a-928521890ab0 created
2026-08-10 09:49:09 | team | sess_28e4a76ca6b9 | INFO | Resolved 3 dependencies for task plan
2026-08-10 09:49:09 | team | sess_28e4a76ca6b9 | INFO | Task impl-datetime unblocked (all deps resolved)
2026-08-10 09:49:09 | team | sess_28e4a76ca6b9 | INFO | Task impl-encoding unblocked (all deps resolved)
2026-08-10 09:49:09 | team | sess_28e4a76ca6b9 | INFO | Task impl-envelope unblocked (all deps resolved)
2026-08-10 09:49:09 | team | sess_28e4a76ca6b9 | INFO | Task plan completed
2026-08-10 09:49:09 | team | sess_28e4a76ca6b9 | INFO | Unblocked 3 tasks
2026-08-10 09:49:16 | team | sess_28e4a76ca6b9 | INFO | [planner2] processing 1 unread messages (steer=True)
2026-08-10 09:49:16 | team | sess_28e4a76ca6b9 | INFO | Message bdb05a95-a20c-463e-b22b-88881672ccd5 marked as read by planner2
2026-08-10 09:49:23 | team | sess_28e4a76ca6b9 | INFO | Message 0c536084-ef2f-4bb4-9bd0-f93fb3a23509 created
2026-08-10 09:49:23 | team | sess_28e4a76ca6b9 | INFO | Message bd66dd97-e666-4a5a-b377-d6dc6802aeae created
2026-08-10 09:49:29 | team | sess_28e4a76ca6b9 | INFO | Message 2fad54b5-7051-4d83-912e-34490f86410a created
2026-08-10 09:50:03 | team | sess_28e4a76ca6b9 | INFO | Message 2b9d6fc6-a2f6-48ca-9125-91b403a37662 created
2026-08-10 09:50:03 | team | sess_28e4a76ca6b9 | INFO | Message a3b25ee3-02fc-4e08-b0be-1f0fa5dacf35 created
2026-08-10 09:50:04 | team | sess_28e4a76ca6b9 | INFO | [planner2] processing 1 unread messages (steer=True)
2026-08-10 09:50:04 | team | sess_28e4a76ca6b9 | INFO | Message 1e36e8f6-ad9f-4aff-bd49-5d0adc77979c marked as read by planner2
2026-08-10 09:50:17 | team | sess_28e4a76ca6b9 | INFO | Message aa5e09bd-52e5-4ffc-a25c-f5c909f5db62 created
2026-08-10 09:50:24 | team | sess_28e4a76ca6b9 | INFO | [planner2] processing 1 unread messages (steer=True)
2026-08-10 09:50:24 | team | sess_28e4a76ca6b9 | INFO | Message 53699aab-afda-42d1-8c26-7f53c97675c7 marked as read by planner2
2026-08-10 09:50:29 | team | sess_28e4a76ca6b9 | INFO | Message d9dc6099-4ef6-48aa-b547-655a24483e2c created
2026-08-10 09:50:29 | team | sess_28e4a76ca6b9 | INFO | [planner2] processing 1 unread messages (steer=True)
2026-08-10 09:50:29 | team | sess_28e4a76ca6b9 | INFO | Message a7f1cec9-b316-4339-9c47-6d214640f097 marked as read by planner2
2026-08-10 09:50:31 | team | sess_28e4a76ca6b9 | INFO | [planner2] processing 1 unread messages (steer=True)
2026-08-10 09:50:31 | team | sess_28e4a76ca6b9 | INFO | Message 26568b78-6698-44ba-ace3-02dbf91fb509 marked as read by planner2
2026-08-10 09:50:33 | team | sess_28e4a76ca6b9 | INFO | task list drained for team jiuwen_team_sess_28e4a76ca6b9: 5 terminal task(s)
2026-08-10 09:50:38 | team | sess_28e4a76ca6b9 | INFO | Message c87a29fc-76e0-451d-8450-9513262f229c created
2026-08-10 09:50:38 | team | sess_28e4a76ca6b9 | INFO | Message 483f21dc-1687-46fb-8cf1-4830986468db created
2026-08-10 09:50:47 | team | sess_28e4a76ca6b9 | INFO | [planner2] processing 1 unread messages (steer=True)
2026-08-10 09:50:47 | team | sess_28e4a76ca6b9 | INFO | Message 2bd3fa2a-739e-47be-95b3-2be636f3a879 marked as read by planner2
2026-08-10 09:50:50 | team | sess_28e4a76ca6b9 | INFO | [planner2] processing 1 unread messages (steer=True)
2026-08-10 09:50:50 | team | sess_28e4a76ca6b9 | INFO | Message c6f391b6-fd59-4846-90ce-6ba0e39cd2c8 marked as read by planner2
2026-08-10 09:50:54 | team | sess_28e4a76ca6b9 | INFO | [planner2] processing 1 unread messages (steer=True)
2026-08-10 09:50:54 | team | sess_28e4a76ca6b9 | INFO | Message 2123becf-aa25-4c0a-8121-7487ca477dc3 marked as read by planner2
2026-08-10 09:50:58 | team | sess_28e4a76ca6b9 | INFO | Message 7b7389c8-7e19-482f-bc70-7bc831ecaead created
2026-08-10 09:51:03 | team | sess_28e4a76ca6b9 | INFO | Message 890a9792-b6f8-4057-8bd1-1abe0addfb0d created
2026-08-10 09:51:10 | team | sess_28e4a76ca6b9 | INFO | [planner2] processing 1 unread messages (steer=True)
2026-08-10 09:51:10 | team | sess_28e4a76ca6b9 | INFO | Message 17ae937c-0255-4127-86d8-9066dc04f0ce marked as read by planner2
2026-08-10 09:51:15 | team | sess_28e4a76ca6b9 | INFO | Message 66dac6c1-2470-4f57-9c21-ff448ad38c36 created
2026-08-10 09:51:20 | team | sess_28e4a76ca6b9 | INFO | [planner2] processing 1 unread messages (steer=True)
2026-08-10 09:51:20 | team | sess_28e4a76ca6b9 | INFO | Message 0b64c964-1c82-43e0-8dab-ee87b54586b5 marked as read by planner2
2026-08-10 09:52:14 | team | sess_28e4a76ca6b9 | INFO | team jiuwen_team_sess_28e4a76ca6b9 reported completed: 9 members, 5 tasks
2026-08-10 09:52:14 | team | sess_28e4a76ca6b9 | INFO | [planner2] received TEAM_STANDBY, pausing polls
2026-08-10 09:52:14 | team | sess_28e4a76ca6b9 | INFO | EventBus[teammate] pausing polls
