2026-08-10 09:47:00 | team | sess_28e4a76ca6b9 | INFO | Team workspace directory ensured at /srv/jwteam_clone/shared/run_current
2026-08-10 09:47:00 | team | sess_28e4a76ca6b9 | INFO | AgentTeam manager initialized for jiuwen_team_sess_28e4a76ca6b9, member=team_leader
2026-08-10 09:47:00 | team | sess_28e4a76ca6b9 | INFO | [team_leader] TeamPolicyRail static sections: section_names=['team_role', 'team_workflow', 'team_swarmflow', 'team_lifecycle', 'team_persona']
2026-08-10 09:47:00 | team | sess_28e4a76ca6b9 | INFO | Session tables ready for session sess_28e4a76ca6b9
2026-08-10 09:47:00 | team | sess_28e4a76ca6b9 | INFO | Team database initialized
2026-08-10 09:47:00 | team | default_trace_id | INFO | Team workspace directory ensured at /srv/jwteam_clone/shared/run_current
2026-08-10 09:47:00 | team | default_trace_id | INFO | AgentTeam manager initialized for jiuwen_team_sess_28e4a76ca6b9, member=verifier2
2026-08-10 09:47:00 | team | default_trace_id | INFO | [verifier2] TeamPolicyRail static sections: section_names=['team_role', 'team_persona']
2026-08-10 09:47:00 | team | sess_28e4a76ca6b9 | INFO | [verifier2] invoke start, role=teammate
2026-08-10 09:47:00 | team | sess_28e4a76ca6b9 | INFO | [verifier2] coordination starting
2026-08-10 09:47:00 | team | sess_28e4a76ca6b9 | INFO | Session tables ready for session sess_28e4a76ca6b9
2026-08-10 09:47:00 | team | sess_28e4a76ca6b9 | INFO | Workspace /srv/jwteam_clone/shared/run_current initialized as plain shared directory (version_control disabled)
2026-08-10 09:47:00 | team | sess_28e4a76ca6b9 | INFO | EventBus[teammate] starting
2026-08-10 09:47:35 | team | sess_28e4a76ca6b9 | INFO | [verifier2] HITT section refresh: human_agent_names=[]
2026-08-10 09:47:48 | team | sess_28e4a76ca6b9 | INFO | [verifier2] processing 1 unread messages (steer=True)
2026-08-10 09:47:48 | team | sess_28e4a76ca6b9 | INFO | Message e41978fc-8d33-4f6d-a998-4ca743da4b0a marked as read by verifier2
2026-08-10 09:48:07 | team | sess_28e4a76ca6b9 | INFO | Message 86327bb9-c901-4431-9c97-0ea96a968f60 created
2026-08-10 09:48:07 | team | sess_28e4a76ca6b9 | INFO | Message 6631a66e-bcbf-444d-9cb3-4f32bcc79da3 created
2026-08-10 09:48:22 | team | sess_28e4a76ca6b9 | INFO | [verifier2] processing 1 unread messages (steer=True)
2026-08-10 09:48:22 | team | sess_28e4a76ca6b9 | INFO | Message 45439062-7b61-4b08-a428-fb4883ca47ff marked as read by verifier2
2026-08-10 09:48:28 | team | sess_28e4a76ca6b9 | INFO | [verifier2] processing 1 unread messages (steer=True)
2026-08-10 09:48:28 | team | sess_28e4a76ca6b9 | INFO | Message 4c4d98f3-2dad-4249-a2ed-392e28ce9427 marked as read by verifier2
2026-08-10 09:48:47 | team | sess_28e4a76ca6b9 | INFO | Message 2f93a3e9-cc5c-4a4e-add1-c2448d6e05f6 created
2026-08-10 09:48:57 | team | sess_28e4a76ca6b9 | INFO | Message ee350b71-2020-4d78-928c-9d4d21e48cfd created
2026-08-10 09:49:09 | team | sess_28e4a76ca6b9 | INFO | [verifier2] processing 1 unread messages (steer=True)
2026-08-10 09:49:09 | team | sess_28e4a76ca6b9 | INFO | Message 0c6bb410-cb0d-43d9-8d3a-928521890ab0 marked as read by verifier2
2026-08-10 09:49:09 | team | sess_28e4a76ca6b9 | INFO | Message 3e4e0c40-a07b-4ecb-80ff-5ee61d209eae created
2026-08-10 09:49:21 | team | sess_28e4a76ca6b9 | INFO | Message 044a11aa-2d8d-470b-a4f6-918a867286b7 created
2026-08-10 09:49:21 | team | sess_28e4a76ca6b9 | INFO | Message e4eea456-058d-47f8-82e5-24c72dd63d13 created
2026-08-10 09:49:21 | team | sess_28e4a76ca6b9 | INFO | Message f6640696-f665-4022-84ef-33017ba69292 created
2026-08-10 09:49:28 | team | sess_28e4a76ca6b9 | INFO | [verifier2] processing 1 unread messages (steer=True)
2026-08-10 09:49:28 | team | sess_28e4a76ca6b9 | INFO | Message 40ef0d0a-8b2a-4a86-b7a0-018d20a3f15f marked as read by verifier2
2026-08-10 09:49:42 | team | sess_28e4a76ca6b9 | INFO | [verifier2] processing 1 unread messages (steer=True)
2026-08-10 09:49:42 | team | sess_28e4a76ca6b9 | INFO | Message 558ab115-8805-4d63-93fb-8f7beeae879b marked as read by verifier2
2026-08-10 09:49:51 | team | sess_28e4a76ca6b9 | INFO | Message b8aac0d6-dfe9-485f-9174-359e281430d4 created
2026-08-10 09:50:04 | team | sess_28e4a76ca6b9 | INFO | [verifier2] processing 2 unread messages (steer=True)
2026-08-10 09:50:04 | team | sess_28e4a76ca6b9 | INFO | Message 2b9d6fc6-a2f6-48ca-9125-91b403a37662 marked as read by verifier2
2026-08-10 09:50:04 | team | sess_28e4a76ca6b9 | INFO | Message 50385f63-5b7c-4a10-bc86-3f782cd59adf marked as read by verifier2
2026-08-10 09:50:14 | team | sess_28e4a76ca6b9 | INFO | [verifier2] processing 1 unread messages (steer=True)
2026-08-10 09:50:14 | team | sess_28e4a76ca6b9 | INFO | Message 34bd823b-a105-4b96-822a-b012d7e663a9 marked as read by verifier2
2026-08-10 09:50:16 | team | sess_28e4a76ca6b9 | INFO | Message bcc49a52-38b7-464b-9eba-6d5281c06ee8 created
2026-08-10 09:50:16 | team | sess_28e4a76ca6b9 | INFO | Message 36ceb2c9-f8e2-435d-999e-4d9b851f7c64 created
2026-08-10 09:50:30 | team | sess_28e4a76ca6b9 | INFO | [verifier2] processing 1 unread messages (steer=True)
2026-08-10 09:50:30 | team | sess_28e4a76ca6b9 | INFO | Message c63a68bb-3f45-43bc-9fb0-327d8937dfb0 marked as read by verifier2
2026-08-10 09:50:31 | team | sess_28e4a76ca6b9 | INFO | Message 26568b78-6698-44ba-ace3-02dbf91fb509 created
2026-08-10 09:50:31 | team | sess_28e4a76ca6b9 | INFO | Message ba9a4690-76a0-4c1c-b3f1-f2c03962ebdb created
2026-08-10 09:50:33 | team | sess_28e4a76ca6b9 | INFO | task list drained for team jiuwen_team_sess_28e4a76ca6b9: 5 terminal task(s)
2026-08-10 09:50:38 | team | sess_28e4a76ca6b9 | INFO | [verifier2] processing 1 unread messages (steer=True)
2026-08-10 09:50:38 | team | sess_28e4a76ca6b9 | INFO | Message 483f21dc-1687-46fb-8cf1-4830986468db marked as read by verifier2
2026-08-10 09:50:43 | team | sess_28e4a76ca6b9 | INFO | [verifier2] processing 1 unread messages (steer=True)
2026-08-10 09:50:43 | team | sess_28e4a76ca6b9 | INFO | Message 4bd402f6-c96a-4fa8-9fe9-412c6f634768 marked as read by verifier2
2026-08-10 09:50:47 | team | sess_28e4a76ca6b9 | INFO | [verifier2] processing 1 unread messages (steer=True)
2026-08-10 09:50:47 | team | sess_28e4a76ca6b9 | INFO | Message 2bd3fa2a-739e-47be-95b3-2be636f3a879 marked as read by verifier2
2026-08-10 09:50:54 | team | sess_28e4a76ca6b9 | INFO | Message 2123becf-aa25-4c0a-8121-7487ca477dc3 created
2026-08-10 09:50:54 | team | sess_28e4a76ca6b9 | INFO | Message 8fd275fc-0c84-4e9a-90e9-4d85ae85d6ce created
2026-08-10 09:51:02 | team | sess_28e4a76ca6b9 | INFO | Message 699e6e58-93db-4e05-a087-aa930671ad37 created
2026-08-10 09:51:03 | team | sess_28e4a76ca6b9 | INFO | [verifier2] processing 1 unread messages (steer=True)
2026-08-10 09:51:03 | team | sess_28e4a76ca6b9 | INFO | Message 890a9792-b6f8-4057-8bd1-1abe0addfb0d marked as read by verifier2
2026-08-10 09:51:10 | team | sess_28e4a76ca6b9 | INFO | [verifier2] processing 1 unread messages (steer=True)
2026-08-10 09:51:10 | team | sess_28e4a76ca6b9 | INFO | Message d8c33a5b-42a5-4168-ae5f-6f8c05e4ae25 marked as read by verifier2
2026-08-10 09:51:11 | team | sess_28e4a76ca6b9 | INFO | [verifier2] processing 1 unread messages (steer=True)
2026-08-10 09:51:11 | team | sess_28e4a76ca6b9 | INFO | Message 9b230bcd-df55-44c0-834e-aa85a631826b marked as read by verifier2
2026-08-10 09:51:12 | team | sess_28e4a76ca6b9 | INFO | [verifier2] processing 1 unread messages (steer=True)
2026-08-10 09:51:12 | team | sess_28e4a76ca6b9 | INFO | Message c383435a-7d17-40fe-82f7-3a6e032a8129 marked as read by verifier2
2026-08-10 09:51:22 | team | sess_28e4a76ca6b9 | INFO | Message 187486d3-e79d-4787-969f-732fbcc11e34 created
2026-08-10 09:51:22 | team | sess_28e4a76ca6b9 | INFO | Message cc59934e-54e8-4a6e-bb68-66ab6eae30a2 created
2026-08-10 09:51:31 | team | sess_28e4a76ca6b9 | INFO | [verifier2] processing 1 unread messages (steer=True)
2026-08-10 09:51:31 | team | sess_28e4a76ca6b9 | INFO | Message 7bd4b14d-7a71-43f0-a62a-25843ba33063 marked as read by verifier2
2026-08-10 09:51:32 | team | sess_28e4a76ca6b9 | INFO | [verifier2] processing 1 unread messages (steer=True)
2026-08-10 09:51:32 | team | sess_28e4a76ca6b9 | INFO | Message fb03728b-17d3-4d4e-b90c-a89e3f025bb4 marked as read by verifier2
2026-08-10 09:52:14 | team | sess_28e4a76ca6b9 | INFO | team jiuwen_team_sess_28e4a76ca6b9 reported completed: 9 members, 5 tasks
2026-08-10 09:52:14 | team | sess_28e4a76ca6b9 | INFO | [verifier2] received TEAM_STANDBY, pausing polls
2026-08-10 09:52:14 | team | sess_28e4a76ca6b9 | INFO | EventBus[teammate] pausing polls
