2026-08-10 09:46:56 | team | sess_28e4a76ca6b9 | INFO | Team workspace directory ensured at /srv/jwteam_clone/shared/run_current
2026-08-10 09:46:56 | team | sess_28e4a76ca6b9 | INFO | AgentTeam manager initialized for jiuwen_team_sess_28e4a76ca6b9, member=team_leader
2026-08-10 09:46:56 | team | sess_28e4a76ca6b9 | INFO | [team_leader] TeamPolicyRail static sections: section_names=['team_role', 'team_workflow', 'team_swarmflow', 'team_lifecycle', 'team_persona']
2026-08-10 09:46:56 | team | sess_28e4a76ca6b9 | INFO | Session tables ready for session sess_28e4a76ca6b9
2026-08-10 09:46:56 | team | sess_28e4a76ca6b9 | INFO | Team database initialized
2026-08-10 09:46:56 | team | default_trace_id | INFO | Team workspace directory ensured at /srv/jwteam_clone/shared/run_current
2026-08-10 09:46:56 | team | default_trace_id | INFO | AgentTeam manager initialized for jiuwen_team_sess_28e4a76ca6b9, member=executor1
2026-08-10 09:46:56 | team | default_trace_id | INFO | [executor1] TeamPolicyRail static sections: section_names=['team_role', 'team_persona']
2026-08-10 09:46:56 | team | sess_28e4a76ca6b9 | INFO | [executor1] invoke start, role=teammate
2026-08-10 09:46:56 | team | sess_28e4a76ca6b9 | INFO | [executor1] coordination starting
2026-08-10 09:46:56 | team | sess_28e4a76ca6b9 | INFO | Session tables ready for session sess_28e4a76ca6b9
2026-08-10 09:46:56 | team | sess_28e4a76ca6b9 | INFO | Workspace /srv/jwteam_clone/shared/run_current initialized as plain shared directory (version_control disabled)
2026-08-10 09:46:56 | team | sess_28e4a76ca6b9 | INFO | EventBus[teammate] starting
2026-08-10 09:47:35 | team | sess_28e4a76ca6b9 | INFO | [executor1] HITT section refresh: human_agent_names=[]
2026-08-10 09:47:48 | team | sess_28e4a76ca6b9 | INFO | [executor1] processing 1 unread messages (steer=True)
2026-08-10 09:47:48 | team | sess_28e4a76ca6b9 | INFO | Message e41978fc-8d33-4f6d-a998-4ca743da4b0a marked as read by executor1
2026-08-10 09:48:21 | team | sess_28e4a76ca6b9 | INFO | Message a83324bc-adb3-4017-b95f-2c832c2bf8fd created
2026-08-10 09:49:01 | team | sess_28e4a76ca6b9 | INFO | [executor1] processing 1 unread messages (steer=True)
2026-08-10 09:49:01 | team | sess_28e4a76ca6b9 | INFO | Message 5a5f8c88-8130-49c2-8d5d-30d24faa42e4 marked as read by executor1
2026-08-10 09:49:15 | team | sess_28e4a76ca6b9 | INFO | Task impl-datetime claimed by member executor1
2026-08-10 09:49:15 | team | sess_28e4a76ca6b9 | INFO | Task impl-datetime claimed by member executor1
2026-08-10 09:49:21 | team | sess_28e4a76ca6b9 | INFO | [executor1] processing 1 unread messages (steer=True)
2026-08-10 09:49:21 | team | sess_28e4a76ca6b9 | INFO | Message 044a11aa-2d8d-470b-a4f6-918a867286b7 marked as read by executor1
2026-08-10 09:49:31 | team | sess_28e4a76ca6b9 | INFO | Task impl-datetime completed at 1786351771954
2026-08-10 09:49:31 | team | sess_28e4a76ca6b9 | INFO | Resolved 1 dependencies for task impl-datetime
2026-08-10 09:49:31 | team | sess_28e4a76ca6b9 | INFO | Task impl-datetime completed
2026-08-10 09:49:37 | team | sess_28e4a76ca6b9 | INFO | Message 75108bfd-7ea5-4d8e-bdde-c143078ed328 created
2026-08-10 09:49:41 | team | sess_28e4a76ca6b9 | INFO | [executor1] processing 1 unread messages (steer=True)
2026-08-10 09:49:41 | team | sess_28e4a76ca6b9 | INFO | Message 5a548e1c-d73c-4340-bfe5-dcf4d013e6c0 marked as read by executor1
2026-08-10 09:49:42 | team | sess_28e4a76ca6b9 | INFO | Message 558ab115-8805-4d63-93fb-8f7beeae879b created
2026-08-10 09:49:45 | team | sess_28e4a76ca6b9 | INFO | [executor1] processing 1 unread messages (steer=True)
2026-08-10 09:49:45 | team | sess_28e4a76ca6b9 | INFO | Message 9934eb26-4cbd-435f-9783-ed3edbc1d8c7 marked as read by executor1
2026-08-10 09:49:50 | team | sess_28e4a76ca6b9 | INFO | Message 01d07388-2ccd-4aa2-9785-224da5e00941 created
2026-08-10 09:50:15 | team | sess_28e4a76ca6b9 | INFO | [executor1] processing 1 unread messages (steer=True)
2026-08-10 09:50:15 | team | sess_28e4a76ca6b9 | INFO | Message f371ebf6-da55-4eed-8840-8508348a8064 marked as read by executor1
2026-08-10 09:50:33 | team | sess_28e4a76ca6b9 | INFO | task list drained for team jiuwen_team_sess_28e4a76ca6b9: 5 terminal task(s)
2026-08-10 09:50:47 | team | sess_28e4a76ca6b9 | INFO | [executor1] processing 1 unread messages (steer=True)
2026-08-10 09:50:47 | team | sess_28e4a76ca6b9 | INFO | Message 2bd3fa2a-739e-47be-95b3-2be636f3a879 marked as read by executor1
2026-08-10 09:52:14 | team | sess_28e4a76ca6b9 | INFO | team jiuwen_team_sess_28e4a76ca6b9 reported completed: 9 members, 5 tasks
2026-08-10 09:52:14 | team | sess_28e4a76ca6b9 | INFO | [executor1] received TEAM_STANDBY, pausing polls
2026-08-10 09:52:14 | team | sess_28e4a76ca6b9 | INFO | EventBus[teammate] pausing polls
