2026-08-10 09:46:58 | team | sess_28e4a76ca6b9 | INFO | Team workspace directory ensured at /srv/jwteam_clone/shared/run_current
2026-08-10 09:46:58 | team | sess_28e4a76ca6b9 | INFO | AgentTeam manager initialized for jiuwen_team_sess_28e4a76ca6b9, member=team_leader
2026-08-10 09:46:58 | team | sess_28e4a76ca6b9 | INFO | [team_leader] TeamPolicyRail static sections: section_names=['team_role', 'team_workflow', 'team_swarmflow', 'team_lifecycle', 'team_persona']
2026-08-10 09:46:58 | team | sess_28e4a76ca6b9 | INFO | Session tables ready for session sess_28e4a76ca6b9
2026-08-10 09:46:58 | team | sess_28e4a76ca6b9 | INFO | Team database initialized
2026-08-10 09:46:58 | team | default_trace_id | INFO | Team workspace directory ensured at /srv/jwteam_clone/shared/run_current
2026-08-10 09:46:58 | team | default_trace_id | INFO | AgentTeam manager initialized for jiuwen_team_sess_28e4a76ca6b9, member=executor3
2026-08-10 09:46:58 | team | default_trace_id | INFO | [executor3] TeamPolicyRail static sections: section_names=['team_role', 'team_persona']
2026-08-10 09:46:58 | team | sess_28e4a76ca6b9 | INFO | [executor3] invoke start, role=teammate
2026-08-10 09:46:58 | team | sess_28e4a76ca6b9 | INFO | [executor3] coordination starting
2026-08-10 09:46:58 | team | sess_28e4a76ca6b9 | INFO | Session tables ready for session sess_28e4a76ca6b9
2026-08-10 09:46:58 | team | sess_28e4a76ca6b9 | INFO | Workspace /srv/jwteam_clone/shared/run_current initialized as plain shared directory (version_control disabled)
2026-08-10 09:46:58 | team | sess_28e4a76ca6b9 | INFO | EventBus[teammate] starting
2026-08-10 09:47:35 | team | sess_28e4a76ca6b9 | INFO | [executor3] HITT section refresh: human_agent_names=[]
2026-08-10 09:47:48 | team | sess_28e4a76ca6b9 | INFO | [executor3] processing 1 unread messages (steer=True)
2026-08-10 09:47:48 | team | sess_28e4a76ca6b9 | INFO | Message e41978fc-8d33-4f6d-a998-4ca743da4b0a marked as read by executor3
2026-08-10 09:49:01 | team | sess_28e4a76ca6b9 | INFO | [executor3] processing 1 unread messages (steer=True)
2026-08-10 09:49:01 | team | sess_28e4a76ca6b9 | INFO | Message c46c7487-5f30-48c3-8cbc-c489704d3193 marked as read by executor3
2026-08-10 09:49:16 | team | sess_28e4a76ca6b9 | INFO | Message bdb05a95-a20c-463e-b22b-88881672ccd5 created
2026-08-10 09:49:21 | team | sess_28e4a76ca6b9 | INFO | Task impl-encoding claimed by member executor3
2026-08-10 09:49:21 | team | sess_28e4a76ca6b9 | INFO | Task impl-encoding claimed by member executor3
2026-08-10 09:49:21 | team | sess_28e4a76ca6b9 | INFO | [executor3] processing 1 unread messages (steer=True)
2026-08-10 09:49:21 | team | sess_28e4a76ca6b9 | INFO | Message e4eea456-058d-47f8-82e5-24c72dd63d13 marked as read by executor3
2026-08-10 09:49:29 | team | sess_28e4a76ca6b9 | INFO | [executor3] processing 1 unread messages (steer=True)
2026-08-10 09:49:29 | team | sess_28e4a76ca6b9 | INFO | Message 2fad54b5-7051-4d83-912e-34490f86410a marked as read by executor3
2026-08-10 09:49:40 | team | sess_28e4a76ca6b9 | INFO | [executor3] processing 1 unread messages (steer=True)
2026-08-10 09:49:40 | team | sess_28e4a76ca6b9 | INFO | Message 38431148-c947-4ea6-bd96-f5ac9bfdc0a1 marked as read by executor3
2026-08-10 09:49:41 | team | sess_28e4a76ca6b9 | INFO | [executor3] processing 1 unread messages (steer=True)
2026-08-10 09:49:41 | team | sess_28e4a76ca6b9 | INFO | Message 8185df5e-76e9-43c0-9568-44d94c5322c7 marked as read by executor3
2026-08-10 09:49:50 | team | sess_28e4a76ca6b9 | INFO | Task impl-encoding completed at 1786351790324
2026-08-10 09:49:50 | team | sess_28e4a76ca6b9 | INFO | Resolved 1 dependencies for task impl-encoding
2026-08-10 09:49:50 | team | sess_28e4a76ca6b9 | INFO | Task verify unblocked (all deps resolved)
2026-08-10 09:49:50 | team | sess_28e4a76ca6b9 | INFO | Task impl-encoding completed
2026-08-10 09:49:50 | team | sess_28e4a76ca6b9 | INFO | Unblocked 1 tasks
2026-08-10 09:50:02 | team | sess_28e4a76ca6b9 | INFO | Message 8c84d4a0-0d2b-4723-96ae-06b58c07d1af created
2026-08-10 09:50:02 | team | sess_28e4a76ca6b9 | INFO | Message 1735954f-443f-4fa7-b5ff-cabc088ad442 created
2026-08-10 09:50:02 | team | sess_28e4a76ca6b9 | INFO | Message 72cc0483-f6db-422d-a41d-84256794d475 created
2026-08-10 09:50:15 | team | sess_28e4a76ca6b9 | INFO | [executor3] processing 1 unread messages (steer=True)
2026-08-10 09:50:15 | team | sess_28e4a76ca6b9 | INFO | Message 346c0a28-4e47-4f5f-8ef4-2436fbb7f484 marked as read by executor3
2026-08-10 09:50:24 | team | sess_28e4a76ca6b9 | INFO | [executor3] processing 1 unread messages (steer=True)
2026-08-10 09:50:24 | team | sess_28e4a76ca6b9 | INFO | Message 58ec7105-5983-4ee8-8696-35c72fb18a1c marked as read by executor3
2026-08-10 09:50:33 | team | sess_28e4a76ca6b9 | INFO | task list drained for team jiuwen_team_sess_28e4a76ca6b9: 5 terminal task(s)
2026-08-10 09:50:47 | team | sess_28e4a76ca6b9 | INFO | [executor3] processing 1 unread messages (steer=True)
2026-08-10 09:50:47 | team | sess_28e4a76ca6b9 | INFO | Message 2bd3fa2a-739e-47be-95b3-2be636f3a879 marked as read by executor3
2026-08-10 09:52:14 | team | sess_28e4a76ca6b9 | INFO | team jiuwen_team_sess_28e4a76ca6b9 reported completed: 9 members, 5 tasks
2026-08-10 09:52:14 | team | sess_28e4a76ca6b9 | INFO | [executor3] received TEAM_STANDBY, pausing polls
2026-08-10 09:52:14 | team | sess_28e4a76ca6b9 | INFO | EventBus[teammate] pausing polls
