2026-08-10 09:46:57 | team | sess_28e4a76ca6b9 | INFO | Team workspace directory ensured at /srv/jwteam_clone/shared/run_current
2026-08-10 09:46:57 | team | sess_28e4a76ca6b9 | INFO | AgentTeam manager initialized for jiuwen_team_sess_28e4a76ca6b9, member=team_leader
2026-08-10 09:46:57 | team | sess_28e4a76ca6b9 | INFO | [team_leader] TeamPolicyRail static sections: section_names=['team_role', 'team_workflow', 'team_swarmflow', 'team_lifecycle', 'team_persona']
2026-08-10 09:46:57 | team | sess_28e4a76ca6b9 | INFO | Session tables ready for session sess_28e4a76ca6b9
2026-08-10 09:46:57 | team | sess_28e4a76ca6b9 | INFO | Team database initialized
2026-08-10 09:46:57 | team | default_trace_id | INFO | Team workspace directory ensured at /srv/jwteam_clone/shared/run_current
2026-08-10 09:46:57 | team | default_trace_id | INFO | AgentTeam manager initialized for jiuwen_team_sess_28e4a76ca6b9, member=executor2
2026-08-10 09:46:57 | team | default_trace_id | INFO | [executor2] TeamPolicyRail static sections: section_names=['team_role', 'team_persona']
2026-08-10 09:46:57 | team | sess_28e4a76ca6b9 | INFO | [executor2] invoke start, role=teammate
2026-08-10 09:46:57 | team | sess_28e4a76ca6b9 | INFO | [executor2] coordination starting
2026-08-10 09:46:57 | team | sess_28e4a76ca6b9 | INFO | Session tables ready for session sess_28e4a76ca6b9
2026-08-10 09:46:57 | team | sess_28e4a76ca6b9 | INFO | Workspace /srv/jwteam_clone/shared/run_current initialized as plain shared directory (version_control disabled)
2026-08-10 09:46:57 | team | sess_28e4a76ca6b9 | INFO | EventBus[teammate] starting
2026-08-10 09:47:35 | team | sess_28e4a76ca6b9 | INFO | [executor2] HITT section refresh: human_agent_names=[]
2026-08-10 09:47:48 | team | sess_28e4a76ca6b9 | INFO | [executor2] processing 1 unread messages (steer=True)
2026-08-10 09:47:48 | team | sess_28e4a76ca6b9 | INFO | Message e41978fc-8d33-4f6d-a998-4ca743da4b0a marked as read by executor2
2026-08-10 09:49:01 | team | sess_28e4a76ca6b9 | INFO | [executor2] processing 1 unread messages (steer=True)
2026-08-10 09:49:01 | team | sess_28e4a76ca6b9 | INFO | Message f9454080-221e-4ed4-bf7e-8c34eb40cb39 marked as read by executor2
2026-08-10 09:49:13 | team | sess_28e4a76ca6b9 | INFO | Task impl-envelope claimed by member executor2
2026-08-10 09:49:13 | team | sess_28e4a76ca6b9 | INFO | Task impl-envelope claimed by member executor2
2026-08-10 09:49:21 | team | sess_28e4a76ca6b9 | INFO | [executor2] processing 1 unread messages (steer=True)
2026-08-10 09:49:21 | team | sess_28e4a76ca6b9 | INFO | Message f6640696-f665-4022-84ef-33017ba69292 marked as read by executor2
2026-08-10 09:49:40 | team | sess_28e4a76ca6b9 | INFO | [executor2] processing 1 unread messages (steer=True)
2026-08-10 09:49:40 | team | sess_28e4a76ca6b9 | INFO | Message c160dbe2-e0b1-4325-b593-688d750ac565 marked as read by executor2
2026-08-10 09:49:41 | team | sess_28e4a76ca6b9 | INFO | [executor2] processing 1 unread messages (steer=True)
2026-08-10 09:49:41 | team | sess_28e4a76ca6b9 | INFO | Message ebe64d89-79e6-421f-a8f8-877df0e48a02 marked as read by executor2
2026-08-10 09:49:47 | team | sess_28e4a76ca6b9 | INFO | Task impl-envelope completed at 1786351787627
2026-08-10 09:49:47 | team | sess_28e4a76ca6b9 | INFO | Resolved 1 dependencies for task impl-envelope
2026-08-10 09:49:47 | team | sess_28e4a76ca6b9 | INFO | Task impl-envelope completed
2026-08-10 09:49:55 | team | sess_28e4a76ca6b9 | INFO | Message 8a50677e-ee54-4b98-983c-d4e1d50f72be created
2026-08-10 09:50:02 | team | sess_28e4a76ca6b9 | INFO | Message c7c92cab-b7c5-4ce2-be8e-81acf7803e81 created
2026-08-10 09:50:14 | team | sess_28e4a76ca6b9 | INFO | [executor2] processing 1 unread messages (steer=True)
2026-08-10 09:50:14 | team | sess_28e4a76ca6b9 | INFO | Message 2367ec7c-82b9-4ca7-b197-8e10a18ac146 marked as read by executor2
2026-08-10 09:50:33 | team | sess_28e4a76ca6b9 | INFO | task list drained for team jiuwen_team_sess_28e4a76ca6b9: 5 terminal task(s)
2026-08-10 09:50:47 | team | sess_28e4a76ca6b9 | INFO | [executor2] processing 1 unread messages (steer=True)
2026-08-10 09:50:47 | team | sess_28e4a76ca6b9 | INFO | Message 2bd3fa2a-739e-47be-95b3-2be636f3a879 marked as read by executor2
2026-08-10 09:52:14 | team | sess_28e4a76ca6b9 | INFO | team jiuwen_team_sess_28e4a76ca6b9 reported completed: 9 members, 5 tasks
2026-08-10 09:52:14 | team | sess_28e4a76ca6b9 | INFO | [executor2] received TEAM_STANDBY, pausing polls
2026-08-10 09:52:14 | team | sess_28e4a76ca6b9 | INFO | EventBus[teammate] pausing polls
