2026-08-08 21:15:30 | team | sess_9a74aaf862f9 | INFO | Team workspace directory ensured at /srv/jwteam_clone/shared/run_current
2026-08-08 21:15:30 | team | sess_9a74aaf862f9 | INFO | AgentTeam manager initialized for jiuwen_team_sess_9a74aaf862f9, member=team_leader
2026-08-08 21:15:30 | team | sess_9a74aaf862f9 | INFO | [team_leader] TeamPolicyRail static sections: section_names=['team_role', 'team_workflow', 'team_swarmflow', 'team_lifecycle', 'team_persona']
2026-08-08 21:15:31 | team | sess_9a74aaf862f9 | INFO | Session tables ready for session sess_9a74aaf862f9
2026-08-08 21:15:31 | team | sess_9a74aaf862f9 | INFO | Team database initialized
2026-08-08 21:15:31 | team | default_trace_id | INFO | Team workspace directory ensured at /srv/jwteam_clone/shared/run_current
2026-08-08 21:15:31 | team | default_trace_id | INFO | AgentTeam manager initialized for jiuwen_team_sess_9a74aaf862f9, member=executor1
2026-08-08 21:15:31 | team | default_trace_id | INFO | [executor1] TeamPolicyRail static sections: section_names=['team_role', 'team_persona']
2026-08-08 21:15:31 | team | sess_9a74aaf862f9 | INFO | [executor1] invoke start, role=teammate
2026-08-08 21:15:31 | team | sess_9a74aaf862f9 | INFO | [executor1] coordination starting
2026-08-08 21:15:31 | team | sess_9a74aaf862f9 | INFO | Session tables ready for session sess_9a74aaf862f9
2026-08-08 21:15:31 | team | sess_9a74aaf862f9 | INFO | Workspace /srv/jwteam_clone/shared/run_current initialized as plain shared directory (version_control disabled)
2026-08-08 21:15:31 | team | sess_9a74aaf862f9 | INFO | EventBus[teammate] starting
2026-08-08 21:15:47 | team | sess_9a74aaf862f9 | INFO | [executor1] HITT section refresh: human_agent_names=[]
2026-08-08 21:15:56 | team | sess_9a74aaf862f9 | INFO | [executor1] processing 1 unread messages (steer=True)
2026-08-08 21:15:56 | team | sess_9a74aaf862f9 | INFO | Message 0eea3718-7811-4add-9512-2781829609ab marked as read by executor1
2026-08-08 21:16:29 | team | sess_9a74aaf862f9 | INFO | [executor1] processing 1 unread messages (steer=True)
2026-08-08 21:16:29 | team | sess_9a74aaf862f9 | INFO | Message 0f9b962b-2590-4f98-9644-3e8a27b38a39 marked as read by executor1
2026-08-08 21:16:53 | team | sess_9a74aaf862f9 | INFO | Message 3de80b18-6996-4649-9873-6db4f231c078 created
2026-08-08 21:16:53 | team | sess_9a74aaf862f9 | INFO | Message e51d0424-c114-4e2f-827c-83932c1e95f1 created
2026-08-08 21:17:01 | team | sess_9a74aaf862f9 | INFO | [executor1] processing 1 unread messages (steer=True)
2026-08-08 21:17:01 | team | sess_9a74aaf862f9 | INFO | Message 21503194-1960-456c-9132-e111969250ac marked as read by executor1
2026-08-08 21:17:10 | team | sess_9a74aaf862f9 | INFO | Message 86174e54-d1d9-43de-b88b-c205b337c7d3 created
2026-08-08 21:17:24 | team | sess_9a74aaf862f9 | INFO | Message 29b5b18e-d621-4f3e-b8cc-1525f27f9b66 created
2026-08-08 21:17:34 | team | sess_9a74aaf862f9 | INFO | [executor1] processing 1 unread messages (steer=True)
2026-08-08 21:17:34 | team | sess_9a74aaf862f9 | INFO | Message 09faca04-8345-4cb2-af0a-d56e5605f1eb marked as read by executor1
2026-08-08 21:17:38 | team | sess_9a74aaf862f9 | INFO | [executor1] processing 1 unread messages (steer=True)
2026-08-08 21:17:38 | team | sess_9a74aaf862f9 | INFO | Message d5cdfc22-7979-4847-8c02-a281b437ba66 marked as read by executor1
2026-08-08 21:18:01 | team | sess_9a74aaf862f9 | INFO | Message 22c58959-3e14-4425-98d4-6c208305d530 created
2026-08-08 21:18:01 | team | sess_9a74aaf862f9 | INFO | Message bf472e91-3e5e-4a2c-8666-65210c6d4205 created
2026-08-08 21:18:15 | team | sess_9a74aaf862f9 | INFO | [executor1] processing 1 unread messages (steer=True)
2026-08-08 21:18:16 | team | sess_9a74aaf862f9 | INFO | Message 1180a746-5ffc-467d-b5e4-3653773ac8f1 marked as read by executor1
2026-08-08 21:18:23 | team | sess_9a74aaf862f9 | INFO | [executor1] processing 1 unread messages (steer=True)
2026-08-08 21:18:23 | team | sess_9a74aaf862f9 | INFO | Message df2a21fe-16c0-451a-9a78-aa9a4ac15324 marked as read by executor1
2026-08-08 21:19:04 | team | sess_9a74aaf862f9 | INFO | task list drained for team jiuwen_team_sess_9a74aaf862f9: 5 terminal task(s)
2026-08-08 21:19:23 | team | sess_9a74aaf862f9 | INFO | [executor1] processing 1 unread messages (steer=True)
2026-08-08 21:19:23 | team | sess_9a74aaf862f9 | INFO | Message 6b664079-1fae-4d41-9f3d-65ebe58ba8df marked as read by executor1
2026-08-08 21:19:31 | team | sess_9a74aaf862f9 | INFO | team jiuwen_team_sess_9a74aaf862f9 reported completed: 9 members, 5 tasks
2026-08-08 21:19:31 | team | sess_9a74aaf862f9 | INFO | [executor1] received TEAM_STANDBY, pausing polls
2026-08-08 21:19:31 | team | sess_9a74aaf862f9 | INFO | EventBus[teammate] pausing polls
