2026-08-08 21:15:33 | team | sess_9a74aaf862f9 | INFO | Team workspace directory ensured at /srv/jwteam_clone/shared/run_current
2026-08-08 21:15:33 | team | sess_9a74aaf862f9 | INFO | AgentTeam manager initialized for jiuwen_team_sess_9a74aaf862f9, member=team_leader
2026-08-08 21:15:33 | team | sess_9a74aaf862f9 | INFO | [team_leader] TeamPolicyRail static sections: section_names=['team_role', 'team_workflow', 'team_swarmflow', 'team_lifecycle', 'team_persona']
2026-08-08 21:15:33 | team | sess_9a74aaf862f9 | INFO | Session tables ready for session sess_9a74aaf862f9
2026-08-08 21:15:33 | team | sess_9a74aaf862f9 | INFO | Team database initialized
2026-08-08 21:15:33 | team | default_trace_id | INFO | Team workspace directory ensured at /srv/jwteam_clone/shared/run_current
2026-08-08 21:15:33 | team | default_trace_id | INFO | AgentTeam manager initialized for jiuwen_team_sess_9a74aaf862f9, member=verifier1
2026-08-08 21:15:33 | team | default_trace_id | INFO | [verifier1] TeamPolicyRail static sections: section_names=['team_role', 'team_persona']
2026-08-08 21:15:34 | team | sess_9a74aaf862f9 | INFO | [verifier1] invoke start, role=teammate
2026-08-08 21:15:34 | team | sess_9a74aaf862f9 | INFO | [verifier1] coordination starting
2026-08-08 21:15:34 | team | sess_9a74aaf862f9 | INFO | Session tables ready for session sess_9a74aaf862f9
2026-08-08 21:15:34 | team | sess_9a74aaf862f9 | INFO | Workspace /srv/jwteam_clone/shared/run_current initialized as plain shared directory (version_control disabled)
2026-08-08 21:15:34 | team | sess_9a74aaf862f9 | INFO | EventBus[teammate] starting
2026-08-08 21:15:47 | team | sess_9a74aaf862f9 | INFO | [verifier1] HITT section refresh: human_agent_names=[]
2026-08-08 21:15:56 | team | sess_9a74aaf862f9 | INFO | [verifier1] processing 1 unread messages (steer=True)
2026-08-08 21:15:56 | team | sess_9a74aaf862f9 | INFO | Message 0eea3718-7811-4add-9512-2781829609ab marked as read by verifier1
2026-08-08 21:16:19 | team | sess_9a74aaf862f9 | INFO | Message 48bb6717-d048-41a1-90bc-4c641347de30 created
2026-08-08 21:16:31 | team | sess_9a74aaf862f9 | INFO | [verifier1] processing 1 unread messages (steer=True)
2026-08-08 21:16:31 | team | sess_9a74aaf862f9 | INFO | Message 8155954b-37eb-4589-b88e-a7819d968ea3 marked as read by verifier1
2026-08-08 21:16:55 | team | sess_9a74aaf862f9 | INFO | Task verify claimed by member verifier1
2026-08-08 21:16:55 | team | sess_9a74aaf862f9 | INFO | Task verify claimed by member verifier1
2026-08-08 21:17:11 | team | sess_9a74aaf862f9 | INFO | [verifier1] processing 1 unread messages (steer=True)
2026-08-08 21:17:11 | team | sess_9a74aaf862f9 | INFO | Message 86174e54-d1d9-43de-b88b-c205b337c7d3 marked as read by verifier1
2026-08-08 21:17:14 | team | sess_9a74aaf862f9 | INFO | Message 33e852da-8c06-442f-953a-f283cd93b937 created
2026-08-08 21:17:17 | team | sess_9a74aaf862f9 | INFO | [verifier1] processing 1 unread messages (steer=True)
2026-08-08 21:17:17 | team | sess_9a74aaf862f9 | INFO | Message 11bd2c52-0d6a-4214-93ec-18cc98c59c4c marked as read by verifier1
2026-08-08 21:17:34 | team | sess_9a74aaf862f9 | INFO | [verifier1] processing 1 unread messages (steer=True)
2026-08-08 21:17:34 | team | sess_9a74aaf862f9 | INFO | Message 90282390-dd82-4d0c-a072-579862681e62 marked as read by verifier1
2026-08-08 21:17:39 | team | sess_9a74aaf862f9 | INFO | Message 69ee80e0-4d35-4db8-828a-b8e4761e3529 created
2026-08-08 21:17:52 | team | sess_9a74aaf862f9 | INFO | Message 84c40188-ff6e-4509-8a27-505556078e13 created
2026-08-08 21:17:54 | team | sess_9a74aaf862f9 | INFO | [verifier1] processing 1 unread messages (steer=True)
2026-08-08 21:17:54 | team | sess_9a74aaf862f9 | INFO | Message 18641022-fb7d-4b8a-a7af-670dd220d45f marked as read by verifier1
2026-08-08 21:18:01 | team | sess_9a74aaf862f9 | INFO | [verifier1] processing 1 unread messages (steer=True)
2026-08-08 21:18:01 | team | sess_9a74aaf862f9 | INFO | Message bf472e91-3e5e-4a2c-8666-65210c6d4205 marked as read by verifier1
2026-08-08 21:18:03 | team | sess_9a74aaf862f9 | INFO | [verifier1] processing 1 unread messages (steer=True)
2026-08-08 21:18:03 | team | sess_9a74aaf862f9 | INFO | Message f1b7d475-d81d-4a08-af96-15ece0d2e970 marked as read by verifier1
2026-08-08 21:18:06 | team | sess_9a74aaf862f9 | INFO | Message 929662a4-3ce5-47e7-baff-6082af69c546 created
2026-08-08 21:18:19 | team | sess_9a74aaf862f9 | INFO | Message 06996392-6de2-4065-8502-152c57445839 created
2026-08-08 21:18:23 | team | sess_9a74aaf862f9 | INFO | Message 41a71073-ec6d-4f34-9903-8854c24344d3 created
2026-08-08 21:18:23 | team | sess_9a74aaf862f9 | INFO | Message df2a21fe-16c0-451a-9a78-aa9a4ac15324 created
2026-08-08 21:18:23 | team | sess_9a74aaf862f9 | INFO | [verifier1] processing 1 unread messages (steer=True)
2026-08-08 21:18:23 | team | sess_9a74aaf862f9 | INFO | Message bf295510-b9dd-4fdf-820b-9fd31ea9b018 marked as read by verifier1
2026-08-08 21:18:27 | team | sess_9a74aaf862f9 | INFO | [verifier1] processing 1 unread messages (steer=True)
2026-08-08 21:18:27 | team | sess_9a74aaf862f9 | INFO | Message ea099a58-7b8c-40d8-9092-add74004aa21 marked as read by verifier1
2026-08-08 21:18:29 | team | sess_9a74aaf862f9 | INFO | [verifier1] processing 1 unread messages (steer=True)
2026-08-08 21:18:29 | team | sess_9a74aaf862f9 | INFO | Message 95eadded-20ca-4870-99e9-a3af89dc7312 marked as read by verifier1
2026-08-08 21:18:32 | team | sess_9a74aaf862f9 | INFO | Message 0fcbf28a-e096-45e1-9a97-726a9b30ed9e created
2026-08-08 21:18:37 | team | sess_9a74aaf862f9 | INFO | Message bded1ab5-bf65-485e-ac6c-2b84d8433659 created
2026-08-08 21:18:37 | team | sess_9a74aaf862f9 | INFO | Message b89dcfee-1cdf-4a25-8af5-4227f3a84b9e created
2026-08-08 21:19:04 | team | sess_9a74aaf862f9 | INFO | task list drained for team jiuwen_team_sess_9a74aaf862f9: 5 terminal task(s)
2026-08-08 21:19:23 | team | sess_9a74aaf862f9 | INFO | [verifier1] processing 1 unread messages (steer=True)
2026-08-08 21:19:23 | team | sess_9a74aaf862f9 | INFO | Message 6b664079-1fae-4d41-9f3d-65ebe58ba8df marked as read by verifier1
2026-08-08 21:19:31 | team | sess_9a74aaf862f9 | INFO | team jiuwen_team_sess_9a74aaf862f9 reported completed: 9 members, 5 tasks
2026-08-08 21:19:31 | team | sess_9a74aaf862f9 | INFO | [verifier1] received TEAM_STANDBY, pausing polls
2026-08-08 21:19:31 | team | sess_9a74aaf862f9 | INFO | EventBus[teammate] pausing polls
