2026-08-08 21:15:34 | team | sess_9a74aaf862f9 | INFO | Team workspace directory ensured at /srv/jwteam_clone/shared/run_current
2026-08-08 21:15:34 | team | sess_9a74aaf862f9 | INFO | AgentTeam manager initialized for jiuwen_team_sess_9a74aaf862f9, member=team_leader
2026-08-08 21:15:34 | team | sess_9a74aaf862f9 | INFO | [team_leader] TeamPolicyRail static sections: section_names=['team_role', 'team_workflow', 'team_swarmflow', 'team_lifecycle', 'team_persona']
2026-08-08 21:15:34 | team | sess_9a74aaf862f9 | INFO | Session tables ready for session sess_9a74aaf862f9
2026-08-08 21:15:34 | team | sess_9a74aaf862f9 | INFO | Team database initialized
2026-08-08 21:15:34 | team | default_trace_id | INFO | Team workspace directory ensured at /srv/jwteam_clone/shared/run_current
2026-08-08 21:15:34 | team | default_trace_id | INFO | AgentTeam manager initialized for jiuwen_team_sess_9a74aaf862f9, member=verifier2
2026-08-08 21:15:34 | team | default_trace_id | INFO | [verifier2] TeamPolicyRail static sections: section_names=['team_role', 'team_persona']
2026-08-08 21:15:34 | team | sess_9a74aaf862f9 | INFO | [verifier2] invoke start, role=teammate
2026-08-08 21:15:34 | team | sess_9a74aaf862f9 | INFO | [verifier2] coordination starting
2026-08-08 21:15:34 | team | sess_9a74aaf862f9 | INFO | Session tables ready for session sess_9a74aaf862f9
2026-08-08 21:15:34 | team | sess_9a74aaf862f9 | INFO | Workspace /srv/jwteam_clone/shared/run_current initialized as plain shared directory (version_control disabled)
2026-08-08 21:15:34 | team | sess_9a74aaf862f9 | INFO | EventBus[teammate] starting
2026-08-08 21:15:47 | team | sess_9a74aaf862f9 | INFO | [verifier2] HITT section refresh: human_agent_names=[]
2026-08-08 21:15:56 | team | sess_9a74aaf862f9 | INFO | [verifier2] processing 1 unread messages (steer=True)
2026-08-08 21:15:56 | team | sess_9a74aaf862f9 | INFO | Message 0eea3718-7811-4add-9512-2781829609ab marked as read by verifier2
2026-08-08 21:16:03 | team | sess_9a74aaf862f9 | INFO | Message 2804ff04-e0ad-47b3-8155-c1cc05234d63 created
2026-08-08 21:16:08 | team | sess_9a74aaf862f9 | INFO | [verifier2] processing 1 unread messages (steer=True)
2026-08-08 21:16:08 | team | sess_9a74aaf862f9 | INFO | Message 0d4ab37d-fbfc-4025-b494-947763b58055 marked as read by verifier2
2026-08-08 21:18:01 | team | sess_9a74aaf862f9 | INFO | Task verify-v2 claimed by member verifier2
2026-08-08 21:18:01 | team | sess_9a74aaf862f9 | INFO | Task verify-v2 claimed by member verifier2
2026-08-08 21:18:15 | team | sess_9a74aaf862f9 | INFO | [verifier2] processing 1 unread messages (steer=True)
2026-08-08 21:18:15 | team | sess_9a74aaf862f9 | INFO | Message fcb0847d-b1ff-411f-864b-89f35231f4a3 marked as read by verifier2
2026-08-08 21:18:46 | team | sess_9a74aaf862f9 | INFO | Message 39ec9452-7905-47cc-95fc-aada75275643 created
2026-08-08 21:19:04 | team | sess_9a74aaf862f9 | INFO | Task verify-v2 completed at 1786220344731
2026-08-08 21:19:04 | team | sess_9a74aaf862f9 | INFO | Message 6ab95e8a-02b6-4053-82f6-189f790f1c39 created
2026-08-08 21:19:04 | team | sess_9a74aaf862f9 | INFO | Task verify-v2 completed
2026-08-08 21:19:15 | team | sess_9a74aaf862f9 | INFO | [verifier2] processing 1 unread messages (steer=True)
2026-08-08 21:19:15 | team | sess_9a74aaf862f9 | INFO | Message 432677af-e684-49b5-b850-bb852f6aa786 marked as read by verifier2
2026-08-08 21:19:23 | team | sess_9a74aaf862f9 | INFO | [verifier2] processing 1 unread messages (steer=True)
2026-08-08 21:19:23 | team | sess_9a74aaf862f9 | INFO | Message 6b664079-1fae-4d41-9f3d-65ebe58ba8df marked as read by verifier2
2026-08-08 21:19:31 | team | sess_9a74aaf862f9 | INFO | team jiuwen_team_sess_9a74aaf862f9 reported completed: 9 members, 5 tasks
2026-08-08 21:19:31 | team | sess_9a74aaf862f9 | INFO | [verifier2] received TEAM_STANDBY, pausing polls
2026-08-08 21:19:31 | team | sess_9a74aaf862f9 | INFO | EventBus[teammate] pausing polls
