2026-08-08 21:15:29 | team | sess_9a74aaf862f9 | INFO | Team workspace directory ensured at /srv/jwteam_clone/shared/run_current
2026-08-08 21:15:29 | team | sess_9a74aaf862f9 | INFO | AgentTeam manager initialized for jiuwen_team_sess_9a74aaf862f9, member=team_leader
2026-08-08 21:15:29 | team | sess_9a74aaf862f9 | INFO | [team_leader] TeamPolicyRail static sections: section_names=['team_role', 'team_workflow', 'team_swarmflow', 'team_lifecycle', 'team_persona']
2026-08-08 21:15:29 | team | sess_9a74aaf862f9 | INFO | Session tables ready for session sess_9a74aaf862f9
2026-08-08 21:15:29 | team | sess_9a74aaf862f9 | INFO | Team database initialized
2026-08-08 21:15:29 | team | default_trace_id | INFO | Team workspace directory ensured at /srv/jwteam_clone/shared/run_current
2026-08-08 21:15:29 | team | default_trace_id | INFO | AgentTeam manager initialized for jiuwen_team_sess_9a74aaf862f9, member=planner2
2026-08-08 21:15:29 | team | default_trace_id | INFO | [planner2] TeamPolicyRail static sections: section_names=['team_role', 'team_persona']
2026-08-08 21:15:29 | team | sess_9a74aaf862f9 | INFO | [planner2] invoke start, role=teammate
2026-08-08 21:15:29 | team | sess_9a74aaf862f9 | INFO | [planner2] coordination starting
2026-08-08 21:15:29 | team | sess_9a74aaf862f9 | INFO | Session tables ready for session sess_9a74aaf862f9
2026-08-08 21:15:29 | team | sess_9a74aaf862f9 | INFO | Workspace /srv/jwteam_clone/shared/run_current initialized as plain shared directory (version_control disabled)
2026-08-08 21:15:29 | team | sess_9a74aaf862f9 | INFO | EventBus[teammate] starting
2026-08-08 21:15:47 | team | sess_9a74aaf862f9 | INFO | [planner2] HITT section refresh: human_agent_names=[]
2026-08-08 21:15:56 | team | sess_9a74aaf862f9 | INFO | [planner2] processing 1 unread messages (steer=True)
2026-08-08 21:15:56 | team | sess_9a74aaf862f9 | INFO | Message 0eea3718-7811-4add-9512-2781829609ab marked as read by planner2
2026-08-08 21:16:05 | team | sess_9a74aaf862f9 | INFO | Message c4cafc6c-c328-4326-833b-083a009f85ec created
2026-08-08 21:16:12 | team | sess_9a74aaf862f9 | INFO | [planner2] processing 1 unread messages (steer=True)
2026-08-08 21:16:12 | team | sess_9a74aaf862f9 | INFO | Message d3495bb6-d849-43bc-b0c4-fe4dba16f637 marked as read by planner2
2026-08-08 21:16:15 | team | sess_9a74aaf862f9 | INFO | Message 54c63a52-d2a1-4bd8-b397-4ba0232432ac created
2026-08-08 21:19:04 | team | sess_9a74aaf862f9 | INFO | task list drained for team jiuwen_team_sess_9a74aaf862f9: 5 terminal task(s)
2026-08-08 21:19:23 | team | sess_9a74aaf862f9 | INFO | [planner2] processing 1 unread messages (steer=True)
2026-08-08 21:19:23 | team | sess_9a74aaf862f9 | INFO | Message 6b664079-1fae-4d41-9f3d-65ebe58ba8df marked as read by planner2
2026-08-08 21:19:31 | team | sess_9a74aaf862f9 | INFO | team jiuwen_team_sess_9a74aaf862f9 reported completed: 9 members, 5 tasks
2026-08-08 21:19:31 | team | sess_9a74aaf862f9 | INFO | [planner2] received TEAM_STANDBY, pausing polls
2026-08-08 21:19:31 | team | sess_9a74aaf862f9 | INFO | EventBus[teammate] pausing polls
