2026-08-08 21:15:28 | team | sess_9a74aaf862f9 | INFO | Team workspace directory ensured at /srv/jwteam_clone/shared/run_current
2026-08-08 21:15:28 | team | sess_9a74aaf862f9 | INFO | AgentTeam manager initialized for jiuwen_team_sess_9a74aaf862f9, member=team_leader
2026-08-08 21:15:28 | team | sess_9a74aaf862f9 | INFO | [team_leader] TeamPolicyRail static sections: section_names=['team_role', 'team_workflow', 'team_swarmflow', 'team_lifecycle', 'team_persona']
2026-08-08 21:15:28 | team | sess_9a74aaf862f9 | INFO | Session tables ready for session sess_9a74aaf862f9
2026-08-08 21:15:28 | team | sess_9a74aaf862f9 | INFO | Team database initialized
2026-08-08 21:15:28 | team | default_trace_id | INFO | Team workspace directory ensured at /srv/jwteam_clone/shared/run_current
2026-08-08 21:15:28 | team | default_trace_id | INFO | AgentTeam manager initialized for jiuwen_team_sess_9a74aaf862f9, member=planner1
2026-08-08 21:15:28 | team | default_trace_id | INFO | [planner1] TeamPolicyRail static sections: section_names=['team_role', 'team_persona']
2026-08-08 21:15:28 | team | sess_9a74aaf862f9 | INFO | [planner1] invoke start, role=teammate
2026-08-08 21:15:28 | team | sess_9a74aaf862f9 | INFO | [planner1] coordination starting
2026-08-08 21:15:28 | team | sess_9a74aaf862f9 | INFO | Session tables ready for session sess_9a74aaf862f9
2026-08-08 21:15:28 | team | sess_9a74aaf862f9 | INFO | Workspace /srv/jwteam_clone/shared/run_current initialized as plain shared directory (version_control disabled)
2026-08-08 21:15:28 | team | sess_9a74aaf862f9 | INFO | EventBus[teammate] starting
2026-08-08 21:15:47 | team | sess_9a74aaf862f9 | INFO | [planner1] HITT section refresh: human_agent_names=[]
2026-08-08 21:15:53 | team | sess_9a74aaf862f9 | INFO | Task plan claimed by member planner1
2026-08-08 21:15:53 | team | sess_9a74aaf862f9 | INFO | Task plan claimed by member planner1
2026-08-08 21:15:56 | team | sess_9a74aaf862f9 | INFO | [planner1] processing 1 unread messages (steer=True)
2026-08-08 21:15:56 | team | sess_9a74aaf862f9 | INFO | Message 0eea3718-7811-4add-9512-2781829609ab marked as read by planner1
2026-08-08 21:16:29 | team | sess_9a74aaf862f9 | INFO | Message 0f9b962b-2590-4f98-9644-3e8a27b38a39 created
2026-08-08 21:16:35 | team | sess_9a74aaf862f9 | INFO | Task plan completed at 1786220195101
2026-08-08 21:16:35 | team | sess_9a74aaf862f9 | INFO | Message e0d9943e-8843-48e2-a4f7-efebbb7df2a5 created
2026-08-08 21:16:35 | team | sess_9a74aaf862f9 | INFO | Resolved 1 dependencies for task plan
2026-08-08 21:16:35 | team | sess_9a74aaf862f9 | INFO | Task implement unblocked (all deps resolved)
2026-08-08 21:16:35 | team | sess_9a74aaf862f9 | INFO | Task plan completed
2026-08-08 21:16:35 | team | sess_9a74aaf862f9 | INFO | Unblocked 1 tasks
2026-08-08 21:16:58 | team | sess_9a74aaf862f9 | INFO | Message 7193152e-e7e7-45ab-9755-cede42e14a3a created
2026-08-08 21:17:09 | team | sess_9a74aaf862f9 | INFO | [planner1] processing 1 unread messages (steer=True)
2026-08-08 21:17:09 | team | sess_9a74aaf862f9 | INFO | Message 5a5be6eb-95aa-4563-a131-566e81d48398 marked as read by planner1
2026-08-08 21:17:25 | team | sess_9a74aaf862f9 | INFO | Message bf2d63bd-f07a-48ba-90e6-55b69cb250f1 created
2026-08-08 21:17:38 | team | sess_9a74aaf862f9 | INFO | [planner1] processing 1 unread messages (steer=True)
2026-08-08 21:17:38 | team | sess_9a74aaf862f9 | INFO | Message 28cfdc8a-156f-4f64-b9b5-ea1d23ef1552 marked as read by planner1
2026-08-08 21:19:04 | team | sess_9a74aaf862f9 | INFO | task list drained for team jiuwen_team_sess_9a74aaf862f9: 5 terminal task(s)
2026-08-08 21:19:23 | team | sess_9a74aaf862f9 | INFO | [planner1] processing 1 unread messages (steer=True)
2026-08-08 21:19:23 | team | sess_9a74aaf862f9 | INFO | Message 6b664079-1fae-4d41-9f3d-65ebe58ba8df marked as read by planner1
2026-08-08 21:19:31 | team | sess_9a74aaf862f9 | INFO | team jiuwen_team_sess_9a74aaf862f9 reported completed: 9 members, 5 tasks
2026-08-08 21:19:31 | team | sess_9a74aaf862f9 | INFO | [planner1] received TEAM_STANDBY, pausing polls
2026-08-08 21:19:31 | team | sess_9a74aaf862f9 | INFO | EventBus[teammate] pausing polls
