2026-08-08 21:15:32 | team | sess_9a74aaf862f9 | INFO | Team workspace directory ensured at /srv/jwteam_clone/shared/run_current
2026-08-08 21:15:32 | team | sess_9a74aaf862f9 | INFO | AgentTeam manager initialized for jiuwen_team_sess_9a74aaf862f9, member=team_leader
2026-08-08 21:15:32 | team | sess_9a74aaf862f9 | INFO | [team_leader] TeamPolicyRail static sections: section_names=['team_role', 'team_workflow', 'team_swarmflow', 'team_lifecycle', 'team_persona']
2026-08-08 21:15:32 | team | sess_9a74aaf862f9 | INFO | Session tables ready for session sess_9a74aaf862f9
2026-08-08 21:15:32 | team | sess_9a74aaf862f9 | INFO | Team database initialized
2026-08-08 21:15:33 | team | default_trace_id | INFO | Team workspace directory ensured at /srv/jwteam_clone/shared/run_current
2026-08-08 21:15:33 | team | default_trace_id | INFO | AgentTeam manager initialized for jiuwen_team_sess_9a74aaf862f9, member=executor3
2026-08-08 21:15:33 | team | default_trace_id | INFO | [executor3] TeamPolicyRail static sections: section_names=['team_role', 'team_persona']
2026-08-08 21:15:33 | team | sess_9a74aaf862f9 | INFO | [executor3] invoke start, role=teammate
2026-08-08 21:15:33 | team | sess_9a74aaf862f9 | INFO | [executor3] coordination starting
2026-08-08 21:15:33 | team | sess_9a74aaf862f9 | INFO | Session tables ready for session sess_9a74aaf862f9
2026-08-08 21:15:33 | team | sess_9a74aaf862f9 | INFO | Workspace /srv/jwteam_clone/shared/run_current initialized as plain shared directory (version_control disabled)
2026-08-08 21:15:33 | team | sess_9a74aaf862f9 | INFO | EventBus[teammate] starting
2026-08-08 21:15:47 | team | sess_9a74aaf862f9 | INFO | [executor3] HITT section refresh: human_agent_names=[]
2026-08-08 21:15:56 | team | sess_9a74aaf862f9 | INFO | [executor3] processing 1 unread messages (steer=True)
2026-08-08 21:15:56 | team | sess_9a74aaf862f9 | INFO | Message 0eea3718-7811-4add-9512-2781829609ab marked as read by executor3
2026-08-08 21:16:23 | team | sess_9a74aaf862f9 | INFO | Message 9a20db4c-667f-4beb-a4be-496f8a914b7b created
2026-08-08 21:16:36 | team | sess_9a74aaf862f9 | INFO | [executor3] processing 1 unread messages (steer=True)
2026-08-08 21:16:36 | team | sess_9a74aaf862f9 | INFO | Message b7956b37-a695-4194-976e-de7249905fa5 marked as read by executor3
2026-08-08 21:16:39 | team | sess_9a74aaf862f9 | INFO | Task implement claimed by member executor3
2026-08-08 21:16:39 | team | sess_9a74aaf862f9 | INFO | Task implement claimed by member executor3
2026-08-08 21:16:46 | team | sess_9a74aaf862f9 | INFO | Task implement completed at 1786220206838
2026-08-08 21:16:46 | team | sess_9a74aaf862f9 | INFO | Resolved 1 dependencies for task implement
2026-08-08 21:16:46 | team | sess_9a74aaf862f9 | INFO | Task verify unblocked (all deps resolved)
2026-08-08 21:16:46 | team | sess_9a74aaf862f9 | INFO | Task implement completed
2026-08-08 21:16:46 | team | sess_9a74aaf862f9 | INFO | Unblocked 1 tasks
2026-08-08 21:16:52 | team | sess_9a74aaf862f9 | INFO | Message 5cac4055-9de2-465a-81e0-d85b641e0a8f created
2026-08-08 21:16:53 | team | sess_9a74aaf862f9 | INFO | [executor3] processing 1 unread messages (steer=True)
2026-08-08 21:16:53 | team | sess_9a74aaf862f9 | INFO | Message e51d0424-c114-4e2f-827c-83932c1e95f1 marked as read by executor3
2026-08-08 21:16:58 | team | sess_9a74aaf862f9 | INFO | [executor3] processing 1 unread messages (steer=True)
2026-08-08 21:16:58 | team | sess_9a74aaf862f9 | INFO | Message 7193152e-e7e7-45ab-9755-cede42e14a3a marked as read by executor3
2026-08-08 21:17:01 | team | sess_9a74aaf862f9 | INFO | Message 21503194-1960-456c-9132-e111969250ac created
2026-08-08 21:17:09 | team | sess_9a74aaf862f9 | INFO | Message 5a5be6eb-95aa-4563-a131-566e81d48398 created
2026-08-08 21:17:21 | team | sess_9a74aaf862f9 | INFO | Task implement-v2 claimed by member executor3
2026-08-08 21:17:21 | team | sess_9a74aaf862f9 | INFO | Task implement-v2 claimed by member executor3
2026-08-08 21:17:57 | team | sess_9a74aaf862f9 | INFO | Task implement-v2 completed at 1786220277407
2026-08-08 21:17:57 | team | sess_9a74aaf862f9 | INFO | Resolved 1 dependencies for task implement-v2
2026-08-08 21:17:57 | team | sess_9a74aaf862f9 | INFO | Task verify-v2 unblocked (all deps resolved)
2026-08-08 21:17:57 | team | sess_9a74aaf862f9 | INFO | Task implement-v2 completed
2026-08-08 21:17:57 | team | sess_9a74aaf862f9 | INFO | Unblocked 1 tasks
2026-08-08 21:18:02 | team | sess_9a74aaf862f9 | INFO | Message f1b7d475-d81d-4a08-af96-15ece0d2e970 created
2026-08-08 21:18:23 | team | sess_9a74aaf862f9 | INFO | [executor3] processing 1 unread messages (steer=True)
2026-08-08 21:18:23 | team | sess_9a74aaf862f9 | INFO | Message 41a71073-ec6d-4f34-9903-8854c24344d3 marked as read by executor3
2026-08-08 21:18:27 | team | sess_9a74aaf862f9 | INFO | Message ea099a58-7b8c-40d8-9092-add74004aa21 created
2026-08-08 21:18:37 | team | sess_9a74aaf862f9 | INFO | [executor3] processing 1 unread messages (steer=True)
2026-08-08 21:18:37 | team | sess_9a74aaf862f9 | INFO | Message b89dcfee-1cdf-4a25-8af5-4227f3a84b9e marked as read by executor3
2026-08-08 21:19:04 | team | sess_9a74aaf862f9 | INFO | task list drained for team jiuwen_team_sess_9a74aaf862f9: 5 terminal task(s)
2026-08-08 21:19:23 | team | sess_9a74aaf862f9 | INFO | [executor3] processing 1 unread messages (steer=True)
2026-08-08 21:19:23 | team | sess_9a74aaf862f9 | INFO | Message 6b664079-1fae-4d41-9f3d-65ebe58ba8df marked as read by executor3
2026-08-08 21:19:31 | team | sess_9a74aaf862f9 | INFO | team jiuwen_team_sess_9a74aaf862f9 reported completed: 9 members, 5 tasks
2026-08-08 21:19:31 | team | sess_9a74aaf862f9 | INFO | [executor3] received TEAM_STANDBY, pausing polls
2026-08-08 21:19:31 | team | sess_9a74aaf862f9 | INFO | EventBus[teammate] pausing polls
