2026-08-08 21:15:36 | team | sess_9a74aaf862f9 | INFO | Team workspace directory ensured at /srv/jwteam_clone/shared/run_current
2026-08-08 21:15:36 | team | sess_9a74aaf862f9 | INFO | AgentTeam manager initialized for jiuwen_team_sess_9a74aaf862f9, member=team_leader
2026-08-08 21:15:36 | team | sess_9a74aaf862f9 | INFO | [team_leader] TeamPolicyRail static sections: section_names=['team_role', 'team_workflow', 'team_swarmflow', 'team_lifecycle', 'team_persona']
2026-08-08 21:15:36 | team | sess_9a74aaf862f9 | INFO | Session tables ready for session sess_9a74aaf862f9
2026-08-08 21:15:36 | team | sess_9a74aaf862f9 | INFO | Team database initialized
2026-08-08 21:15:36 | team | default_trace_id | INFO | Team workspace directory ensured at /srv/jwteam_clone/shared/run_current
2026-08-08 21:15:36 | team | default_trace_id | INFO | AgentTeam manager initialized for jiuwen_team_sess_9a74aaf862f9, member=fullstack1
2026-08-08 21:15:36 | team | default_trace_id | INFO | [fullstack1] TeamPolicyRail static sections: section_names=['team_role', 'team_persona']
2026-08-08 21:15:36 | team | sess_9a74aaf862f9 | INFO | [fullstack1] invoke start, role=teammate
2026-08-08 21:15:36 | team | sess_9a74aaf862f9 | INFO | [fullstack1] coordination starting
2026-08-08 21:15:36 | team | sess_9a74aaf862f9 | INFO | Session tables ready for session sess_9a74aaf862f9
2026-08-08 21:15:36 | team | sess_9a74aaf862f9 | INFO | Workspace /srv/jwteam_clone/shared/run_current initialized as plain shared directory (version_control disabled)
2026-08-08 21:15:36 | team | sess_9a74aaf862f9 | INFO | EventBus[teammate] starting
2026-08-08 21:15:47 | team | sess_9a74aaf862f9 | INFO | [fullstack1] HITT section refresh: human_agent_names=[]
2026-08-08 21:15:56 | team | sess_9a74aaf862f9 | INFO | [fullstack1] processing 1 unread messages (steer=True)
2026-08-08 21:15:56 | team | sess_9a74aaf862f9 | INFO | Message 0eea3718-7811-4add-9512-2781829609ab marked as read by fullstack1
2026-08-08 21:17:15 | team | sess_9a74aaf862f9 | INFO | Task implement-v2 claimed by member fullstack1
2026-08-08 21:17:15 | team | sess_9a74aaf862f9 | INFO | Task implement-v2 claimed by member fullstack1
2026-08-08 21:17:17 | team | sess_9a74aaf862f9 | INFO | [fullstack1] processing 1 unread messages (steer=True)
2026-08-08 21:17:17 | team | sess_9a74aaf862f9 | INFO | Message ec378dca-0325-4af2-9649-d60b0c8dbeb7 marked as read by fullstack1
2026-08-08 21:17:24 | team | sess_9a74aaf862f9 | INFO | [fullstack1] processing 1 unread messages (steer=True)
2026-08-08 21:17:24 | team | sess_9a74aaf862f9 | INFO | Message 29b5b18e-d621-4f3e-b8cc-1525f27f9b66 marked as read by fullstack1
2026-08-08 21:17:25 | team | sess_9a74aaf862f9 | INFO | [fullstack1] processing 1 unread messages (steer=True)
2026-08-08 21:17:25 | team | sess_9a74aaf862f9 | INFO | Message bf2d63bd-f07a-48ba-90e6-55b69cb250f1 marked as read by fullstack1
2026-08-08 21:17:38 | team | sess_9a74aaf862f9 | INFO | Message d5cdfc22-7979-4847-8c02-a281b437ba66 created
2026-08-08 21:17:38 | team | sess_9a74aaf862f9 | INFO | Message 28cfdc8a-156f-4f64-b9b5-ea1d23ef1552 created
2026-08-08 21:19:04 | team | sess_9a74aaf862f9 | INFO | task list drained for team jiuwen_team_sess_9a74aaf862f9: 5 terminal task(s)
2026-08-08 21:19:23 | team | sess_9a74aaf862f9 | INFO | [fullstack1] processing 1 unread messages (steer=True)
2026-08-08 21:19:23 | team | sess_9a74aaf862f9 | INFO | Message 6b664079-1fae-4d41-9f3d-65ebe58ba8df marked as read by fullstack1
2026-08-08 21:19:31 | team | sess_9a74aaf862f9 | INFO | team jiuwen_team_sess_9a74aaf862f9 reported completed: 9 members, 5 tasks
2026-08-08 21:19:31 | team | sess_9a74aaf862f9 | INFO | [fullstack1] received TEAM_STANDBY, pausing polls
2026-08-08 21:19:31 | team | sess_9a74aaf862f9 | INFO | EventBus[teammate] pausing polls
