2026-08-09 20:14:02 | team | sess_9589d852e986 | INFO | Team workspace directory ensured at /srv/jwteam_clone/shared/run_current
2026-08-09 20:14:02 | team | sess_9589d852e986 | INFO | AgentTeam manager initialized for jiuwen_team_sess_9589d852e986, member=team_leader
2026-08-09 20:14:02 | team | sess_9589d852e986 | INFO | [team_leader] TeamPolicyRail static sections: section_names=['team_role', 'team_workflow', 'team_swarmflow', 'team_lifecycle', 'team_persona']
2026-08-09 20:14:02 | team | sess_9589d852e986 | INFO | Session tables ready for session sess_9589d852e986
2026-08-09 20:14:02 | team | sess_9589d852e986 | INFO | Team database initialized
2026-08-09 20:14:03 | team | default_trace_id | INFO | Team workspace directory ensured at /srv/jwteam_clone/shared/run_current
2026-08-09 20:14:03 | team | default_trace_id | INFO | AgentTeam manager initialized for jiuwen_team_sess_9589d852e986, member=verifier2
2026-08-09 20:14:03 | team | default_trace_id | INFO | [verifier2] TeamPolicyRail static sections: section_names=['team_role', 'team_persona']
2026-08-09 20:14:03 | team | sess_9589d852e986 | INFO | [verifier2] invoke start, role=teammate
2026-08-09 20:14:03 | team | sess_9589d852e986 | INFO | [verifier2] coordination starting
2026-08-09 20:14:03 | team | sess_9589d852e986 | INFO | Session tables ready for session sess_9589d852e986
2026-08-09 20:14:03 | team | sess_9589d852e986 | INFO | Workspace /srv/jwteam_clone/shared/run_current initialized as plain shared directory (version_control disabled)
2026-08-09 20:14:03 | team | sess_9589d852e986 | INFO | EventBus[teammate] starting
2026-08-09 20:15:20 | team | sess_9589d852e986 | INFO | [verifier2] HITT section refresh: human_agent_names=[]
2026-08-09 20:16:10 | team | sess_9589d852e986 | INFO | Message 0ae6cfa1-d293-408b-829e-fdd1abfeda50 created
2026-08-09 20:16:31 | team | sess_9589d852e986 | INFO | [verifier2] processing 1 unread messages (steer=True)
2026-08-09 20:16:31 | team | sess_9589d852e986 | INFO | Message bd9e5c84-1365-4d65-a038-f7fdc714d044 marked as read by verifier2
2026-08-09 20:16:42 | team | sess_9589d852e986 | INFO | Message c6bc5afe-95c5-4fdc-8dba-b0c2af16ac95 created
2026-08-09 20:18:17 | team | sess_9589d852e986 | INFO | [verifier2] processing 1 unread messages (steer=True)
2026-08-09 20:18:17 | team | sess_9589d852e986 | INFO | Message 6dcf811d-c91f-48d9-9d0c-0e70b0bc27eb marked as read by verifier2
2026-08-09 20:18:30 | team | sess_9589d852e986 | INFO | Message 8655876d-3734-4732-ac80-ad04fbf142eb created
2026-08-09 20:18:39 | team | sess_9589d852e986 | INFO | [verifier2] processing 1 unread messages (steer=True)
2026-08-09 20:18:39 | team | sess_9589d852e986 | INFO | Message 519f9ea1-e9b5-4684-911d-8ea55782c411 marked as read by verifier2
2026-08-09 20:18:42 | team | sess_9589d852e986 | INFO | [verifier2] processing 1 unread messages (steer=True)
2026-08-09 20:18:42 | team | sess_9589d852e986 | INFO | Message 3c07d535-0cb1-4ac4-85a4-c8fa8fd2c8bd marked as read by verifier2
2026-08-09 20:18:55 | team | sess_9589d852e986 | INFO | Message c5eeb732-2779-4bfe-98e3-709c491ea2c1 created
2026-08-09 20:19:20 | team | sess_9589d852e986 | INFO | [verifier2] processing 1 unread messages (steer=True)
2026-08-09 20:19:20 | team | sess_9589d852e986 | INFO | Message 85a3860c-fa48-47bf-a70c-26503d11d337 marked as read by verifier2
2026-08-09 20:19:38 | team | sess_9589d852e986 | INFO | [verifier2] processing 1 unread messages (steer=True)
2026-08-09 20:19:38 | team | sess_9589d852e986 | INFO | Message 75ac536a-59e0-4809-99fd-d8d5a5e4bcaa marked as read by verifier2
2026-08-09 20:20:03 | team | sess_9589d852e986 | INFO | [verifier2] processing 1 unread messages (steer=True)
2026-08-09 20:20:03 | team | sess_9589d852e986 | INFO | Message 0e1ab5ab-b389-41dc-bbc2-63f528fe02b3 marked as read by verifier2
2026-08-09 20:20:08 | team | sess_9589d852e986 | INFO | Message 9caa6980-2046-412e-9e82-202a6bd046c1 created
2026-08-09 20:20:17 | team | sess_9589d852e986 | INFO | [verifier2] processing 1 unread messages (steer=True)
2026-08-09 20:20:17 | team | sess_9589d852e986 | INFO | Message 33998a4b-a2c0-40af-b459-7d9228768fcc marked as read by verifier2
2026-08-09 20:20:35 | team | sess_9589d852e986 | INFO | Message 6cbe9007-c5ea-453f-94ba-f1cd2f4e6e30 created
2026-08-09 20:20:45 | team | sess_9589d852e986 | INFO | [verifier2] processing 1 unread messages (steer=True)
2026-08-09 20:20:45 | team | sess_9589d852e986 | INFO | Message e874f587-41bc-4059-84ae-800e0a39c03f marked as read by verifier2
2026-08-09 20:20:56 | team | sess_9589d852e986 | INFO | task list drained for team jiuwen_team_sess_9589d852e986: 5 terminal task(s)
2026-08-09 20:21:16 | team | sess_9589d852e986 | INFO | team jiuwen_team_sess_9589d852e986 reported completed: 9 members, 5 tasks
2026-08-09 20:21:16 | team | sess_9589d852e986 | INFO | [verifier2] received TEAM_STANDBY, pausing polls
2026-08-09 20:21:16 | team | sess_9589d852e986 | INFO | EventBus[teammate] pausing polls
