2026-08-09 20:13:58 | team | sess_9589d852e986 | INFO | Team workspace directory ensured at /srv/jwteam_clone/shared/run_current
2026-08-09 20:13:58 | team | sess_9589d852e986 | INFO | AgentTeam manager initialized for jiuwen_team_sess_9589d852e986, member=team_leader
2026-08-09 20:13:58 | team | sess_9589d852e986 | INFO | [team_leader] TeamPolicyRail static sections: section_names=['team_role', 'team_workflow', 'team_swarmflow', 'team_lifecycle', 'team_persona']
2026-08-09 20:13:58 | team | sess_9589d852e986 | INFO | Session tables ready for session sess_9589d852e986
2026-08-09 20:13:58 | team | sess_9589d852e986 | INFO | Team database initialized
2026-08-09 20:13:58 | team | default_trace_id | INFO | Team workspace directory ensured at /srv/jwteam_clone/shared/run_current
2026-08-09 20:13:58 | team | default_trace_id | INFO | AgentTeam manager initialized for jiuwen_team_sess_9589d852e986, member=executor1
2026-08-09 20:13:58 | team | default_trace_id | INFO | [executor1] TeamPolicyRail static sections: section_names=['team_role', 'team_persona']
2026-08-09 20:13:58 | team | sess_9589d852e986 | INFO | [executor1] invoke start, role=teammate
2026-08-09 20:13:58 | team | sess_9589d852e986 | INFO | [executor1] coordination starting
2026-08-09 20:13:58 | team | sess_9589d852e986 | INFO | Session tables ready for session sess_9589d852e986
2026-08-09 20:13:58 | team | sess_9589d852e986 | INFO | Workspace /srv/jwteam_clone/shared/run_current initialized as plain shared directory (version_control disabled)
2026-08-09 20:13:58 | team | sess_9589d852e986 | INFO | EventBus[teammate] starting
2026-08-09 20:15:20 | team | sess_9589d852e986 | INFO | [executor1] HITT section refresh: human_agent_names=[]
2026-08-09 20:17:16 | team | sess_9589d852e986 | INFO | [executor1] processing 1 unread messages (steer=True)
2026-08-09 20:17:16 | team | sess_9589d852e986 | INFO | Message cc7e852d-f4d5-490d-a0c7-3c7ba38fd5e0 marked as read by executor1
2026-08-09 20:17:39 | team | sess_9589d852e986 | INFO | Message 7a0315fb-12de-406b-9743-64af9962e6ac created
2026-08-09 20:17:45 | team | sess_9589d852e986 | INFO | [executor1] processing 1 unread messages (steer=True)
2026-08-09 20:17:45 | team | sess_9589d852e986 | INFO | Message 9120f66c-7786-41c6-a0e1-65dbf9c9ef80 marked as read by executor1
2026-08-09 20:17:59 | team | sess_9589d852e986 | INFO | [executor1] processing 1 unread messages (steer=True)
2026-08-09 20:17:59 | team | sess_9589d852e986 | INFO | Message 4af0f4b8-3d08-4b07-bacd-3d1781732d87 marked as read by executor1
2026-08-09 20:18:00 | team | sess_9589d852e986 | INFO | [executor1] received TASK_CLAIMED for self, task_id=implement_nonce, human_agent=False
2026-08-09 20:18:42 | team | sess_9589d852e986 | INFO | Task implement_nonce completed at 1786303122718
2026-08-09 20:18:42 | team | sess_9589d852e986 | INFO | Message 3c07d535-0cb1-4ac4-85a4-c8fa8fd2c8bd created
2026-08-09 20:18:42 | team | sess_9589d852e986 | INFO | Resolved 1 dependencies for task implement_nonce
2026-08-09 20:18:42 | team | sess_9589d852e986 | INFO | Task implement_nonce completed
2026-08-09 20:18:42 | team | sess_9589d852e986 | INFO | Message 9cd262d4-857f-4062-a3c7-ed00228be954 created
2026-08-09 20:18:55 | team | sess_9589d852e986 | INFO | [executor1] processing 1 unread messages (steer=True)
2026-08-09 20:18:55 | team | sess_9589d852e986 | INFO | Message c5eeb732-2779-4bfe-98e3-709c491ea2c1 marked as read by executor1
2026-08-09 20:20:56 | team | sess_9589d852e986 | INFO | task list drained for team jiuwen_team_sess_9589d852e986: 5 terminal task(s)
2026-08-09 20:21:16 | team | sess_9589d852e986 | INFO | team jiuwen_team_sess_9589d852e986 reported completed: 9 members, 5 tasks
2026-08-09 20:21:16 | team | sess_9589d852e986 | INFO | [executor1] received TEAM_STANDBY, pausing polls
2026-08-09 20:21:16 | team | sess_9589d852e986 | INFO | EventBus[teammate] pausing polls
