2026-08-09 20:14:03 | team | sess_9589d852e986 | INFO | Team workspace directory ensured at /srv/jwteam_clone/shared/run_current
2026-08-09 20:14:03 | team | sess_9589d852e986 | INFO | AgentTeam manager initialized for jiuwen_team_sess_9589d852e986, member=team_leader
2026-08-09 20:14:03 | team | sess_9589d852e986 | INFO | [team_leader] TeamPolicyRail static sections: section_names=['team_role', 'team_workflow', 'team_swarmflow', 'team_lifecycle', 'team_persona']
2026-08-09 20:14:04 | team | sess_9589d852e986 | INFO | Session tables ready for session sess_9589d852e986
2026-08-09 20:14:04 | team | sess_9589d852e986 | INFO | Team database initialized
2026-08-09 20:14:04 | team | default_trace_id | INFO | Team workspace directory ensured at /srv/jwteam_clone/shared/run_current
2026-08-09 20:14:04 | team | default_trace_id | INFO | AgentTeam manager initialized for jiuwen_team_sess_9589d852e986, member=fullstack1
2026-08-09 20:14:04 | team | default_trace_id | INFO | [fullstack1] TeamPolicyRail static sections: section_names=['team_role', 'team_persona']
2026-08-09 20:14:04 | team | sess_9589d852e986 | INFO | [fullstack1] invoke start, role=teammate
2026-08-09 20:14:04 | team | sess_9589d852e986 | INFO | [fullstack1] coordination starting
2026-08-09 20:14:04 | team | sess_9589d852e986 | INFO | Session tables ready for session sess_9589d852e986
2026-08-09 20:14:04 | team | sess_9589d852e986 | INFO | Workspace /srv/jwteam_clone/shared/run_current initialized as plain shared directory (version_control disabled)
2026-08-09 20:14:04 | team | sess_9589d852e986 | INFO | EventBus[teammate] starting
2026-08-09 20:15:20 | team | sess_9589d852e986 | INFO | [fullstack1] HITT section refresh: human_agent_names=[]
2026-08-09 20:16:25 | team | sess_9589d852e986 | INFO | Message 88488631-f10d-408c-8b98-f933752efc53 created
2026-08-09 20:16:25 | team | sess_9589d852e986 | INFO | Message edceb114-7e2d-4a9d-aaf2-58b539f0f7d5 created
2026-08-09 20:16:44 | team | sess_9589d852e986 | INFO | Message b89a509d-34f2-4aaa-9fe0-0d5c45dea2fe created
2026-08-09 20:16:49 | team | sess_9589d852e986 | INFO | [fullstack1] processing 1 unread messages (steer=True)
2026-08-09 20:16:49 | team | sess_9589d852e986 | INFO | Message d6afe476-b4c7-45fd-926a-ffef52cc6fb3 marked as read by fullstack1
2026-08-09 20:17:31 | team | sess_9589d852e986 | INFO | Message faf59452-70f7-4053-a152-5cab11d0e203 created
2026-08-09 20:17:31 | team | sess_9589d852e986 | INFO | Message 4a9320d8-1228-462c-84d7-b1a7656a1b76 created
2026-08-09 20:17:41 | team | sess_9589d852e986 | INFO | [fullstack1] processing 1 unread messages (steer=True)
2026-08-09 20:17:41 | team | sess_9589d852e986 | INFO | Message 8472fd85-4de2-495a-b0f5-e970652fe232 marked as read by fullstack1
2026-08-09 20:17:45 | team | sess_9589d852e986 | INFO | [fullstack1] processing 1 unread messages (steer=True)
2026-08-09 20:17:45 | team | sess_9589d852e986 | INFO | Message 90637b55-ea2e-48ac-9484-91d3df2197ce marked as read by fullstack1
2026-08-09 20:17:45 | team | sess_9589d852e986 | INFO | [fullstack1] processing 1 unread messages (steer=True)
2026-08-09 20:17:45 | team | sess_9589d852e986 | INFO | Message 4d3d6630-073b-4bb8-ac49-3b702eb74c2b marked as read by fullstack1
2026-08-09 20:17:46 | team | sess_9589d852e986 | INFO | Message e591e9d5-ad82-4de7-9a86-b643e03b51e8 created
2026-08-09 20:17:57 | team | sess_9589d852e986 | INFO | Message cf882d2c-1f3c-44df-99dc-a2ddf67b4155 created
2026-08-09 20:17:57 | team | sess_9589d852e986 | INFO | Message fe586690-1aac-4ca7-a2c8-006ed36cc76f created
2026-08-09 20:18:04 | team | sess_9589d852e986 | INFO | [fullstack1] processing 1 unread messages (steer=True)
2026-08-09 20:18:04 | team | sess_9589d852e986 | INFO | Message cb16b579-18a8-443b-9d19-49e40003f10e marked as read by fullstack1
2026-08-09 20:18:09 | team | sess_9589d852e986 | INFO | Message e10a87ab-fb12-401d-8b87-f129fa72fe5d created
2026-08-09 20:18:13 | team | sess_9589d852e986 | INFO | [fullstack1] processing 1 unread messages (steer=True)
2026-08-09 20:18:13 | team | sess_9589d852e986 | INFO | Message 05aac822-9465-47f3-b37f-7bc38d48ae30 marked as read by fullstack1
2026-08-09 20:18:20 | team | sess_9589d852e986 | INFO | Message 81ee4d33-e843-4066-9b78-f56d18b3b421 created
2026-08-09 20:18:25 | team | sess_9589d852e986 | INFO | [fullstack1] processing 1 unread messages (steer=True)
2026-08-09 20:18:25 | team | sess_9589d852e986 | INFO | Message 1ddb020e-6169-4b4a-8016-e371b023f883 marked as read by fullstack1
2026-08-09 20:18:26 | team | sess_9589d852e986 | INFO | [fullstack1] processing 1 unread messages (steer=True)
2026-08-09 20:18:26 | team | sess_9589d852e986 | INFO | Message 702186d4-350d-4868-a756-5ed6c02bdaf9 marked as read by fullstack1
2026-08-09 20:18:30 | team | sess_9589d852e986 | INFO | Message e6604a25-899d-48f6-8808-92ab39e8a0ae created
2026-08-09 20:19:13 | team | sess_9589d852e986 | INFO | Message d12680a4-d785-4b93-9300-e7e3208a148d created
2026-08-09 20:19:28 | team | sess_9589d852e986 | INFO | [fullstack1] processing 1 unread messages (steer=True)
2026-08-09 20:19:28 | team | sess_9589d852e986 | INFO | Message 0113efee-6938-47ba-9c4b-38712c60fb81 marked as read by fullstack1
2026-08-09 20:19:40 | team | sess_9589d852e986 | INFO | Message 3a84ec3e-5b62-4ae3-b525-dc1ff77888f3 created
2026-08-09 20:20:17 | team | sess_9589d852e986 | INFO | Message 81071632-e0c0-48c3-9f39-53febea95e4b created
2026-08-09 20:20:17 | team | sess_9589d852e986 | INFO | Message 33998a4b-a2c0-40af-b459-7d9228768fcc created
2026-08-09 20:20:45 | team | sess_9589d852e986 | INFO | Message e874f587-41bc-4059-84ae-800e0a39c03f created
2026-08-09 20:20:45 | team | sess_9589d852e986 | INFO | Message 3ad9da8d-989f-4f9e-9fa2-0a47d5adbf1d created
2026-08-09 20:20:56 | team | sess_9589d852e986 | INFO | task list drained for team jiuwen_team_sess_9589d852e986: 5 terminal task(s)
2026-08-09 20:21:16 | team | sess_9589d852e986 | INFO | team jiuwen_team_sess_9589d852e986 reported completed: 9 members, 5 tasks
2026-08-09 20:21:16 | team | sess_9589d852e986 | INFO | [fullstack1] received TEAM_STANDBY, pausing polls
2026-08-09 20:21:16 | team | sess_9589d852e986 | INFO | EventBus[teammate] pausing polls
