2026-08-09 20:13:56 | team | sess_9589d852e986 | INFO | Team workspace directory ensured at /srv/jwteam_clone/shared/run_current
2026-08-09 20:13:56 | team | sess_9589d852e986 | INFO | AgentTeam manager initialized for jiuwen_team_sess_9589d852e986, member=team_leader
2026-08-09 20:13:56 | team | sess_9589d852e986 | INFO | [team_leader] TeamPolicyRail static sections: section_names=['team_role', 'team_workflow', 'team_swarmflow', 'team_lifecycle', 'team_persona']
2026-08-09 20:13:57 | team | sess_9589d852e986 | INFO | Session tables ready for session sess_9589d852e986
2026-08-09 20:13:57 | team | sess_9589d852e986 | INFO | Team database initialized
2026-08-09 20:13:57 | team | default_trace_id | INFO | Team workspace directory ensured at /srv/jwteam_clone/shared/run_current
2026-08-09 20:13:57 | team | default_trace_id | INFO | AgentTeam manager initialized for jiuwen_team_sess_9589d852e986, member=planner1
2026-08-09 20:13:57 | team | default_trace_id | INFO | [planner1] TeamPolicyRail static sections: section_names=['team_role', 'team_persona']
2026-08-09 20:13:57 | team | sess_9589d852e986 | INFO | [planner1] invoke start, role=teammate
2026-08-09 20:13:57 | team | sess_9589d852e986 | INFO | [planner1] coordination starting
2026-08-09 20:13:57 | team | sess_9589d852e986 | INFO | Session tables ready for session sess_9589d852e986
2026-08-09 20:13:57 | team | sess_9589d852e986 | INFO | Workspace /srv/jwteam_clone/shared/run_current initialized as plain shared directory (version_control disabled)
2026-08-09 20:13:57 | team | sess_9589d852e986 | INFO | EventBus[teammate] starting
2026-08-09 20:15:19 | team | sess_9589d852e986 | INFO | [planner1] HITT section refresh: human_agent_names=[]
2026-08-09 20:15:26 | team | sess_9589d852e986 | INFO | [planner1] received TASK_CLAIMED for self, task_id=plan, human_agent=False
2026-08-09 20:15:54 | team | sess_9589d852e986 | INFO | [planner1] processing 1 unread messages (steer=True)
2026-08-09 20:15:54 | team | sess_9589d852e986 | INFO | Message 6b8a8f90-4172-4e13-96a9-7d007b84fd06 marked as read by planner1
2026-08-09 20:16:05 | team | sess_9589d852e986 | INFO | Message ded44176-af6f-4082-a1c4-31a54055613b created
2026-08-09 20:16:06 | team | sess_9589d852e986 | INFO | [planner1] processing 1 unread messages (steer=True)
2026-08-09 20:16:06 | team | sess_9589d852e986 | INFO | Message ca566acf-70b8-4447-8e49-ee03b28fabf2 marked as read by planner1
2026-08-09 20:16:22 | team | sess_9589d852e986 | INFO | [planner1] processing 1 unread messages (steer=True)
2026-08-09 20:16:22 | team | sess_9589d852e986 | INFO | Message 95dfd6bb-17e6-4a40-b940-9adc098a6c67 marked as read by planner1
2026-08-09 20:16:25 | team | sess_9589d852e986 | INFO | [planner1] processing 1 unread messages (steer=True)
2026-08-09 20:16:25 | team | sess_9589d852e986 | INFO | Message 88488631-f10d-408c-8b98-f933752efc53 marked as read by planner1
2026-08-09 20:16:28 | team | sess_9589d852e986 | INFO | Message 722ae1a2-c11c-4deb-8d0e-92103d2fc83c created
2026-08-09 20:16:28 | team | sess_9589d852e986 | INFO | Message 9f7d38a6-5ca1-4909-8a17-1cdfdb54980f created
2026-08-09 20:16:49 | team | sess_9589d852e986 | INFO | Message efc89a9a-fd1e-4d46-b6da-f122b30641f2 created
2026-08-09 20:16:49 | team | sess_9589d852e986 | INFO | Message d6afe476-b4c7-45fd-926a-ffef52cc6fb3 created
2026-08-09 20:16:49 | team | sess_9589d852e986 | INFO | Message 449ef24b-12e1-428d-8b2f-92751bf250c6 created
2026-08-09 20:17:31 | team | sess_9589d852e986 | INFO | [planner1] processing 1 unread messages (steer=True)
2026-08-09 20:17:31 | team | sess_9589d852e986 | INFO | Message faf59452-70f7-4053-a152-5cab11d0e203 marked as read by planner1
2026-08-09 20:17:41 | team | sess_9589d852e986 | INFO | Message 8472fd85-4de2-495a-b0f5-e970652fe232 created
2026-08-09 20:17:45 | team | sess_9589d852e986 | INFO | [planner1] processing 1 unread messages (steer=True)
2026-08-09 20:17:45 | team | sess_9589d852e986 | INFO | Message a147d70c-c09e-431a-bb67-d7b71fe19490 marked as read by planner1
2026-08-09 20:17:46 | team | sess_9589d852e986 | INFO | [planner1] processing 1 unread messages (steer=True)
2026-08-09 20:17:46 | team | sess_9589d852e986 | INFO | Message e591e9d5-ad82-4de7-9a86-b643e03b51e8 marked as read by planner1
2026-08-09 20:17:52 | team | sess_9589d852e986 | INFO | Task plan completed at 1786303072945
2026-08-09 20:17:52 | team | sess_9589d852e986 | INFO | Message 68393ff5-6c52-48cd-9847-41af56dacf6b created
2026-08-09 20:17:52 | team | sess_9589d852e986 | INFO | Resolved 3 dependencies for task plan
2026-08-09 20:17:52 | team | sess_9589d852e986 | INFO | Task implement_kdf unblocked (all deps resolved)
2026-08-09 20:17:52 | team | sess_9589d852e986 | INFO | Task implement_nonce unblocked (all deps resolved)
2026-08-09 20:17:52 | team | sess_9589d852e986 | INFO | Task implement_tag unblocked (all deps resolved)
2026-08-09 20:17:52 | team | sess_9589d852e986 | INFO | Task plan completed
2026-08-09 20:17:52 | team | sess_9589d852e986 | INFO | Unblocked 3 tasks
2026-08-09 20:17:59 | team | sess_9589d852e986 | INFO | [planner1] processing 1 unread messages (steer=True)
2026-08-09 20:17:59 | team | sess_9589d852e986 | INFO | Message 610e05fc-0124-48aa-bcd9-6430912b9d3a marked as read by planner1
2026-08-09 20:18:04 | team | sess_9589d852e986 | INFO | Message cb16b579-18a8-443b-9d19-49e40003f10e created
2026-08-09 20:18:20 | team | sess_9589d852e986 | INFO | [planner1] processing 1 unread messages (steer=True)
2026-08-09 20:18:20 | team | sess_9589d852e986 | INFO | Message 81ee4d33-e843-4066-9b78-f56d18b3b421 marked as read by planner1
2026-08-09 20:18:26 | team | sess_9589d852e986 | INFO | Message 702186d4-350d-4868-a756-5ed6c02bdaf9 created
2026-08-09 20:20:56 | team | sess_9589d852e986 | INFO | task list drained for team jiuwen_team_sess_9589d852e986: 5 terminal task(s)
2026-08-09 20:21:16 | team | sess_9589d852e986 | INFO | team jiuwen_team_sess_9589d852e986 reported completed: 9 members, 5 tasks
2026-08-09 20:21:16 | team | sess_9589d852e986 | INFO | [planner1] received TEAM_STANDBY, pausing polls
2026-08-09 20:21:16 | team | sess_9589d852e986 | INFO | EventBus[teammate] pausing polls
