2026-08-09 20:14:01 | team | sess_9589d852e986 | INFO | Team workspace directory ensured at /srv/jwteam_clone/shared/run_current
2026-08-09 20:14:01 | team | sess_9589d852e986 | INFO | AgentTeam manager initialized for jiuwen_team_sess_9589d852e986, member=team_leader
2026-08-09 20:14:01 | team | sess_9589d852e986 | INFO | [team_leader] TeamPolicyRail static sections: section_names=['team_role', 'team_workflow', 'team_swarmflow', 'team_lifecycle', 'team_persona']
2026-08-09 20:14:02 | team | sess_9589d852e986 | INFO | Session tables ready for session sess_9589d852e986
2026-08-09 20:14:02 | team | sess_9589d852e986 | INFO | Team database initialized
2026-08-09 20:14:02 | team | default_trace_id | INFO | Team workspace directory ensured at /srv/jwteam_clone/shared/run_current
2026-08-09 20:14:02 | team | default_trace_id | INFO | AgentTeam manager initialized for jiuwen_team_sess_9589d852e986, member=verifier1
2026-08-09 20:14:02 | team | default_trace_id | INFO | [verifier1] TeamPolicyRail static sections: section_names=['team_role', 'team_persona']
2026-08-09 20:14:02 | team | sess_9589d852e986 | INFO | [verifier1] invoke start, role=teammate
2026-08-09 20:14:02 | team | sess_9589d852e986 | INFO | [verifier1] coordination starting
2026-08-09 20:14:02 | team | sess_9589d852e986 | INFO | Session tables ready for session sess_9589d852e986
2026-08-09 20:14:02 | team | sess_9589d852e986 | INFO | Workspace /srv/jwteam_clone/shared/run_current initialized as plain shared directory (version_control disabled)
2026-08-09 20:14:02 | team | sess_9589d852e986 | INFO | EventBus[teammate] starting
2026-08-09 20:15:20 | team | sess_9589d852e986 | INFO | [verifier1] HITT section refresh: human_agent_names=[]
2026-08-09 20:16:10 | team | sess_9589d852e986 | INFO | [verifier1] processing 1 unread messages (steer=True)
2026-08-09 20:16:10 | team | sess_9589d852e986 | INFO | Message 0ae6cfa1-d293-408b-829e-fdd1abfeda50 marked as read by verifier1
2026-08-09 20:16:31 | team | sess_9589d852e986 | INFO | Message bd9e5c84-1365-4d65-a038-f7fdc714d044 created
2026-08-09 20:16:42 | team | sess_9589d852e986 | INFO | [verifier1] processing 1 unread messages (steer=True)
2026-08-09 20:16:42 | team | sess_9589d852e986 | INFO | Message c6bc5afe-95c5-4fdc-8dba-b0c2af16ac95 marked as read by verifier1
2026-08-09 20:18:17 | team | sess_9589d852e986 | INFO | [verifier1] processing 1 unread messages (steer=True)
2026-08-09 20:18:17 | team | sess_9589d852e986 | INFO | Message 1ddbec69-4835-484e-9ad6-eb3f08373726 marked as read by verifier1
2026-08-09 20:18:42 | team | sess_9589d852e986 | INFO | [verifier1] processing 1 unread messages (steer=True)
2026-08-09 20:18:42 | team | sess_9589d852e986 | INFO | Message 9cd262d4-857f-4062-a3c7-ed00228be954 marked as read by verifier1
2026-08-09 20:19:20 | team | sess_9589d852e986 | INFO | [verifier1] processing 1 unread messages (steer=True)
2026-08-09 20:19:20 | team | sess_9589d852e986 | INFO | Message 5a28b5b7-230e-44ce-995c-bdee97babb94 marked as read by verifier1
2026-08-09 20:19:25 | team | sess_9589d852e986 | INFO | [verifier1] received TASK_CLAIMED for self, task_id=verify, human_agent=False
2026-08-09 20:19:38 | team | sess_9589d852e986 | INFO | [verifier1] processing 1 unread messages (steer=True)
2026-08-09 20:19:38 | team | sess_9589d852e986 | INFO | Message f6d2c6b6-9923-4f73-ac00-05a2175cc643 marked as read by verifier1
2026-08-09 20:20:03 | team | sess_9589d852e986 | INFO | Message 0e1ab5ab-b389-41dc-bbc2-63f528fe02b3 created
2026-08-09 20:20:08 | team | sess_9589d852e986 | INFO | [verifier1] processing 1 unread messages (steer=True)
2026-08-09 20:20:08 | team | sess_9589d852e986 | INFO | Message 9caa6980-2046-412e-9e82-202a6bd046c1 marked as read by verifier1
2026-08-09 20:20:17 | team | sess_9589d852e986 | INFO | [verifier1] processing 1 unread messages (steer=True)
2026-08-09 20:20:17 | team | sess_9589d852e986 | INFO | Message 81071632-e0c0-48c3-9f39-53febea95e4b marked as read by verifier1
2026-08-09 20:20:35 | team | sess_9589d852e986 | INFO | [verifier1] processing 1 unread messages (steer=True)
2026-08-09 20:20:35 | team | sess_9589d852e986 | INFO | Message 6cbe9007-c5ea-453f-94ba-f1cd2f4e6e30 marked as read by verifier1
2026-08-09 20:20:45 | team | sess_9589d852e986 | INFO | [verifier1] processing 1 unread messages (steer=True)
2026-08-09 20:20:45 | team | sess_9589d852e986 | INFO | Message 3ad9da8d-989f-4f9e-9fa2-0a47d5adbf1d marked as read by verifier1
2026-08-09 20:20:56 | team | sess_9589d852e986 | INFO | Task verify completed at 1786303256884
2026-08-09 20:20:56 | team | sess_9589d852e986 | INFO | Message e1432b0e-7ed4-459b-833c-23496c4bf688 created
2026-08-09 20:20:56 | team | sess_9589d852e986 | INFO | Task verify completed
2026-08-09 20:21:16 | team | sess_9589d852e986 | INFO | team jiuwen_team_sess_9589d852e986 reported completed: 9 members, 5 tasks
2026-08-09 20:21:16 | team | sess_9589d852e986 | INFO | [verifier1] received TEAM_STANDBY, pausing polls
2026-08-09 20:21:16 | team | sess_9589d852e986 | INFO | EventBus[teammate] pausing polls
