2026-08-09 20:14:00 | team | sess_9589d852e986 | INFO | Team workspace directory ensured at /srv/jwteam_clone/shared/run_current
2026-08-09 20:14:00 | team | sess_9589d852e986 | INFO | AgentTeam manager initialized for jiuwen_team_sess_9589d852e986, member=team_leader
2026-08-09 20:14:00 | team | sess_9589d852e986 | INFO | [team_leader] TeamPolicyRail static sections: section_names=['team_role', 'team_workflow', 'team_swarmflow', 'team_lifecycle', 'team_persona']
2026-08-09 20:14:00 | team | sess_9589d852e986 | INFO | Session tables ready for session sess_9589d852e986
2026-08-09 20:14:00 | team | sess_9589d852e986 | INFO | Team database initialized
2026-08-09 20:14:00 | team | default_trace_id | INFO | Team workspace directory ensured at /srv/jwteam_clone/shared/run_current
2026-08-09 20:14:00 | team | default_trace_id | INFO | AgentTeam manager initialized for jiuwen_team_sess_9589d852e986, member=executor3
2026-08-09 20:14:00 | team | default_trace_id | INFO | [executor3] TeamPolicyRail static sections: section_names=['team_role', 'team_persona']
2026-08-09 20:14:00 | team | sess_9589d852e986 | INFO | [executor3] invoke start, role=teammate
2026-08-09 20:14:00 | team | sess_9589d852e986 | INFO | [executor3] coordination starting
2026-08-09 20:14:00 | team | sess_9589d852e986 | INFO | Session tables ready for session sess_9589d852e986
2026-08-09 20:14:00 | team | sess_9589d852e986 | INFO | Workspace /srv/jwteam_clone/shared/run_current initialized as plain shared directory (version_control disabled)
2026-08-09 20:14:00 | team | sess_9589d852e986 | INFO | EventBus[teammate] starting
2026-08-09 20:15:20 | team | sess_9589d852e986 | INFO | [executor3] HITT section refresh: human_agent_names=[]
2026-08-09 20:17:16 | team | sess_9589d852e986 | INFO | [executor3] processing 1 unread messages (steer=True)
2026-08-09 20:17:16 | team | sess_9589d852e986 | INFO | Message 544fb0e9-dc2f-4819-8665-71591620af70 marked as read by executor3
2026-08-09 20:17:29 | team | sess_9589d852e986 | INFO | Message 142daf1d-f2bb-47a1-9e92-e307d2908d64 created
2026-08-09 20:17:45 | team | sess_9589d852e986 | INFO | [executor3] processing 1 unread messages (steer=True)
2026-08-09 20:17:45 | team | sess_9589d852e986 | INFO | Message 62762e17-9175-4ee0-825e-55b48d791d77 marked as read by executor3
2026-08-09 20:17:59 | team | sess_9589d852e986 | INFO | Task implement_tag claimed by member executor3
2026-08-09 20:17:59 | team | sess_9589d852e986 | INFO | Task implement_tag claimed by member executor3
2026-08-09 20:17:59 | team | sess_9589d852e986 | INFO | [executor3] processing 1 unread messages (steer=True)
2026-08-09 20:17:59 | team | sess_9589d852e986 | INFO | Message 9b4833bd-affa-4ec4-8e13-53d8fc204b90 marked as read by executor3
2026-08-09 20:19:13 | team | sess_9589d852e986 | INFO | [executor3] processing 1 unread messages (steer=True)
2026-08-09 20:19:13 | team | sess_9589d852e986 | INFO | Message d12680a4-d785-4b93-9300-e7e3208a148d marked as read by executor3
2026-08-09 20:19:20 | team | sess_9589d852e986 | INFO | Task implement_tag completed at 1786303160084
2026-08-09 20:19:20 | team | sess_9589d852e986 | INFO | Message 5a28b5b7-230e-44ce-995c-bdee97babb94 created
2026-08-09 20:19:20 | team | sess_9589d852e986 | INFO | Resolved 1 dependencies for task implement_tag
2026-08-09 20:19:20 | team | sess_9589d852e986 | INFO | Task verify unblocked (all deps resolved)
2026-08-09 20:19:20 | team | sess_9589d852e986 | INFO | Task implement_tag completed
2026-08-09 20:19:20 | team | sess_9589d852e986 | INFO | Unblocked 1 tasks
2026-08-09 20:19:20 | team | sess_9589d852e986 | INFO | Message 85a3860c-fa48-47bf-a70c-26503d11d337 created
2026-08-09 20:19:28 | team | sess_9589d852e986 | INFO | Message 0113efee-6938-47ba-9c4b-38712c60fb81 created
2026-08-09 20:19:40 | team | sess_9589d852e986 | INFO | [executor3] processing 1 unread messages (steer=True)
2026-08-09 20:19:40 | team | sess_9589d852e986 | INFO | Message 3a84ec3e-5b62-4ae3-b525-dc1ff77888f3 marked as read by executor3
2026-08-09 20:20:56 | team | sess_9589d852e986 | INFO | task list drained for team jiuwen_team_sess_9589d852e986: 5 terminal task(s)
2026-08-09 20:21:16 | team | sess_9589d852e986 | INFO | team jiuwen_team_sess_9589d852e986 reported completed: 9 members, 5 tasks
2026-08-09 20:21:16 | team | sess_9589d852e986 | INFO | [executor3] received TEAM_STANDBY, pausing polls
2026-08-09 20:21:16 | team | sess_9589d852e986 | INFO | EventBus[teammate] pausing polls
