2026-08-09 20:13:57 | team | sess_9589d852e986 | INFO | Team workspace directory ensured at /srv/jwteam_clone/shared/run_current
2026-08-09 20:13:57 | team | sess_9589d852e986 | INFO | AgentTeam manager initialized for jiuwen_team_sess_9589d852e986, member=team_leader
2026-08-09 20:13:57 | team | sess_9589d852e986 | INFO | [team_leader] TeamPolicyRail static sections: section_names=['team_role', 'team_workflow', 'team_swarmflow', 'team_lifecycle', 'team_persona']
2026-08-09 20:13:57 | team | sess_9589d852e986 | INFO | Session tables ready for session sess_9589d852e986
2026-08-09 20:13:57 | team | sess_9589d852e986 | INFO | Team database initialized
2026-08-09 20:13:57 | team | default_trace_id | INFO | Team workspace directory ensured at /srv/jwteam_clone/shared/run_current
2026-08-09 20:13:57 | team | default_trace_id | INFO | AgentTeam manager initialized for jiuwen_team_sess_9589d852e986, member=planner2
2026-08-09 20:13:57 | team | default_trace_id | INFO | [planner2] TeamPolicyRail static sections: section_names=['team_role', 'team_persona']
2026-08-09 20:13:57 | team | sess_9589d852e986 | INFO | [planner2] invoke start, role=teammate
2026-08-09 20:13:57 | team | sess_9589d852e986 | INFO | [planner2] coordination starting
2026-08-09 20:13:57 | team | sess_9589d852e986 | INFO | Session tables ready for session sess_9589d852e986
2026-08-09 20:13:57 | team | sess_9589d852e986 | INFO | Workspace /srv/jwteam_clone/shared/run_current initialized as plain shared directory (version_control disabled)
2026-08-09 20:13:57 | team | sess_9589d852e986 | INFO | EventBus[teammate] starting
2026-08-09 20:15:20 | team | sess_9589d852e986 | INFO | [planner2] HITT section refresh: human_agent_names=[]
2026-08-09 20:15:54 | team | sess_9589d852e986 | INFO | [planner2] processing 1 unread messages (steer=True)
2026-08-09 20:15:54 | team | sess_9589d852e986 | INFO | Message c36ea32f-c80a-41a3-8751-74a8f95162d6 marked as read by planner2
2026-08-09 20:16:05 | team | sess_9589d852e986 | INFO | [planner2] processing 1 unread messages (steer=True)
2026-08-09 20:16:05 | team | sess_9589d852e986 | INFO | Message ded44176-af6f-4082-a1c4-31a54055613b marked as read by planner2
2026-08-09 20:16:22 | team | sess_9589d852e986 | INFO | Message 95dfd6bb-17e6-4a40-b940-9adc098a6c67 created
2026-08-09 20:16:25 | team | sess_9589d852e986 | INFO | [planner2] processing 1 unread messages (steer=True)
2026-08-09 20:16:25 | team | sess_9589d852e986 | INFO | Message edceb114-7e2d-4a9d-aaf2-58b539f0f7d5 marked as read by planner2
2026-08-09 20:16:49 | team | sess_9589d852e986 | INFO | [planner2] processing 1 unread messages (steer=True)
2026-08-09 20:16:49 | team | sess_9589d852e986 | INFO | Message efc89a9a-fd1e-4d46-b6da-f122b30641f2 marked as read by planner2
2026-08-09 20:17:16 | team | sess_9589d852e986 | INFO | Message cc7e852d-f4d5-490d-a0c7-3c7ba38fd5e0 created
2026-08-09 20:17:16 | team | sess_9589d852e986 | INFO | Message 544fb0e9-dc2f-4819-8665-71591620af70 created
2026-08-09 20:17:29 | team | sess_9589d852e986 | INFO | [planner2] processing 1 unread messages (steer=True)
2026-08-09 20:17:29 | team | sess_9589d852e986 | INFO | Message 142daf1d-f2bb-47a1-9e92-e307d2908d64 marked as read by planner2
2026-08-09 20:17:39 | team | sess_9589d852e986 | INFO | [planner2] processing 1 unread messages (steer=True)
2026-08-09 20:17:39 | team | sess_9589d852e986 | INFO | Message 7a0315fb-12de-406b-9743-64af9962e6ac marked as read by planner2
2026-08-09 20:17:45 | team | sess_9589d852e986 | INFO | Message 62762e17-9175-4ee0-825e-55b48d791d77 created
2026-08-09 20:17:45 | team | sess_9589d852e986 | INFO | Message a147d70c-c09e-431a-bb67-d7b71fe19490 created
2026-08-09 20:17:45 | team | sess_9589d852e986 | INFO | Message 4d3d6630-073b-4bb8-ac49-3b702eb74c2b created
2026-08-09 20:17:45 | team | sess_9589d852e986 | INFO | Message 9120f66c-7786-41c6-a0e1-65dbf9c9ef80 created
2026-08-09 20:17:52 | team | sess_9589d852e986 | INFO | [planner2] processing 1 unread messages (steer=True)
2026-08-09 20:17:52 | team | sess_9589d852e986 | INFO | Message 68393ff5-6c52-48cd-9847-41af56dacf6b marked as read by planner2
2026-08-09 20:17:57 | team | sess_9589d852e986 | INFO | [planner2] processing 1 unread messages (steer=True)
2026-08-09 20:17:57 | team | sess_9589d852e986 | INFO | Message cf882d2c-1f3c-44df-99dc-a2ddf67b4155 marked as read by planner2
2026-08-09 20:17:59 | team | sess_9589d852e986 | INFO | Message 9b4833bd-affa-4ec4-8e13-53d8fc204b90 created
2026-08-09 20:17:59 | team | sess_9589d852e986 | INFO | Message 4af0f4b8-3d08-4b07-bacd-3d1781732d87 created
2026-08-09 20:17:59 | team | sess_9589d852e986 | INFO | Message 610e05fc-0124-48aa-bcd9-6430912b9d3a created
2026-08-09 20:18:13 | team | sess_9589d852e986 | INFO | Message 05aac822-9465-47f3-b37f-7bc38d48ae30 created
2026-08-09 20:18:30 | team | sess_9589d852e986 | INFO | [planner2] processing 1 unread messages (steer=True)
2026-08-09 20:18:30 | team | sess_9589d852e986 | INFO | Message e6604a25-899d-48f6-8808-92ab39e8a0ae marked as read by planner2
2026-08-09 20:20:56 | team | sess_9589d852e986 | INFO | task list drained for team jiuwen_team_sess_9589d852e986: 5 terminal task(s)
2026-08-09 20:21:16 | team | sess_9589d852e986 | INFO | team jiuwen_team_sess_9589d852e986 reported completed: 9 members, 5 tasks
2026-08-09 20:21:16 | team | sess_9589d852e986 | INFO | [planner2] received TEAM_STANDBY, pausing polls
2026-08-09 20:21:16 | team | sess_9589d852e986 | INFO | EventBus[teammate] pausing polls
