2026-08-09 20:13:59 | team | sess_9589d852e986 | INFO | Team workspace directory ensured at /srv/jwteam_clone/shared/run_current
2026-08-09 20:13:59 | team | sess_9589d852e986 | INFO | AgentTeam manager initialized for jiuwen_team_sess_9589d852e986, member=team_leader
2026-08-09 20:13:59 | team | sess_9589d852e986 | INFO | [team_leader] TeamPolicyRail static sections: section_names=['team_role', 'team_workflow', 'team_swarmflow', 'team_lifecycle', 'team_persona']
2026-08-09 20:13:59 | team | sess_9589d852e986 | INFO | Session tables ready for session sess_9589d852e986
2026-08-09 20:13:59 | team | sess_9589d852e986 | INFO | Team database initialized
2026-08-09 20:13:59 | team | default_trace_id | INFO | Team workspace directory ensured at /srv/jwteam_clone/shared/run_current
2026-08-09 20:13:59 | team | default_trace_id | INFO | AgentTeam manager initialized for jiuwen_team_sess_9589d852e986, member=executor2
2026-08-09 20:13:59 | team | default_trace_id | INFO | [executor2] TeamPolicyRail static sections: section_names=['team_role', 'team_persona']
2026-08-09 20:13:59 | team | sess_9589d852e986 | INFO | [executor2] invoke start, role=teammate
2026-08-09 20:13:59 | team | sess_9589d852e986 | INFO | [executor2] coordination starting
2026-08-09 20:13:59 | team | sess_9589d852e986 | INFO | Session tables ready for session sess_9589d852e986
2026-08-09 20:14:00 | team | sess_9589d852e986 | INFO | Workspace /srv/jwteam_clone/shared/run_current initialized as plain shared directory (version_control disabled)
2026-08-09 20:14:00 | team | sess_9589d852e986 | INFO | EventBus[teammate] starting
2026-08-09 20:15:20 | team | sess_9589d852e986 | INFO | [executor2] HITT section refresh: human_agent_names=[]
2026-08-09 20:16:06 | team | sess_9589d852e986 | INFO | Message ca566acf-70b8-4447-8e49-ee03b28fabf2 created
2026-08-09 20:16:28 | team | sess_9589d852e986 | INFO | [executor2] processing 1 unread messages (steer=True)
2026-08-09 20:16:28 | team | sess_9589d852e986 | INFO | Message 9f7d38a6-5ca1-4909-8a17-1cdfdb54980f marked as read by executor2
2026-08-09 20:16:49 | team | sess_9589d852e986 | INFO | [executor2] processing 1 unread messages (steer=True)
2026-08-09 20:16:49 | team | sess_9589d852e986 | INFO | Message 449ef24b-12e1-428d-8b2f-92751bf250c6 marked as read by executor2
2026-08-09 20:17:31 | team | sess_9589d852e986 | INFO | [executor2] processing 1 unread messages (steer=True)
2026-08-09 20:17:31 | team | sess_9589d852e986 | INFO | Message 4a9320d8-1228-462c-84d7-b1a7656a1b76 marked as read by executor2
2026-08-09 20:17:45 | team | sess_9589d852e986 | INFO | Message 90637b55-ea2e-48ac-9484-91d3df2197ce created
2026-08-09 20:17:57 | team | sess_9589d852e986 | INFO | [executor2] processing 1 unread messages (steer=True)
2026-08-09 20:17:57 | team | sess_9589d852e986 | INFO | Message fe586690-1aac-4ca7-a2c8-006ed36cc76f marked as read by executor2
2026-08-09 20:17:59 | team | sess_9589d852e986 | INFO | Task implement_kdf claimed by member executor2
2026-08-09 20:17:59 | team | sess_9589d852e986 | INFO | Task implement_kdf claimed by member executor2
2026-08-09 20:18:05 | team | sess_9589d852e986 | INFO | Task implement_kdf completed at 1786303085888
2026-08-09 20:18:05 | team | sess_9589d852e986 | INFO | Resolved 1 dependencies for task implement_kdf
2026-08-09 20:18:05 | team | sess_9589d852e986 | INFO | Task implement_kdf completed
2026-08-09 20:18:09 | team | sess_9589d852e986 | INFO | [executor2] processing 1 unread messages (steer=True)
2026-08-09 20:18:09 | team | sess_9589d852e986 | INFO | Message e10a87ab-fb12-401d-8b87-f129fa72fe5d marked as read by executor2
2026-08-09 20:18:17 | team | sess_9589d852e986 | INFO | Message 1ddbec69-4835-484e-9ad6-eb3f08373726 created
2026-08-09 20:18:17 | team | sess_9589d852e986 | INFO | Message 6dcf811d-c91f-48d9-9d0c-0e70b0bc27eb created
2026-08-09 20:18:25 | team | sess_9589d852e986 | INFO | Message 1ddb020e-6169-4b4a-8016-e371b023f883 created
2026-08-09 20:18:30 | team | sess_9589d852e986 | INFO | [executor2] processing 1 unread messages (steer=True)
2026-08-09 20:18:30 | team | sess_9589d852e986 | INFO | Message 8655876d-3734-4732-ac80-ad04fbf142eb marked as read by executor2
2026-08-09 20:18:39 | team | sess_9589d852e986 | INFO | Message 519f9ea1-e9b5-4684-911d-8ea55782c411 created
2026-08-09 20:20:56 | team | sess_9589d852e986 | INFO | task list drained for team jiuwen_team_sess_9589d852e986: 5 terminal task(s)
2026-08-09 20:21:16 | team | sess_9589d852e986 | INFO | team jiuwen_team_sess_9589d852e986 reported completed: 9 members, 5 tasks
2026-08-09 20:21:16 | team | sess_9589d852e986 | INFO | [executor2] received TEAM_STANDBY, pausing polls
2026-08-09 20:21:16 | team | sess_9589d852e986 | INFO | EventBus[teammate] pausing polls
