2026-08-08 04:37:32 | team | sess_db1908cad528 | INFO | Team workspace directory ensured at /srv/jwteam_clone/shared/run_current
2026-08-08 04:37:32 | team | sess_db1908cad528 | INFO | AgentTeam manager initialized for jiuwen_team_sess_db1908cad528, member=team_leader
2026-08-08 04:37:32 | team | sess_db1908cad528 | INFO | [team_leader] TeamPolicyRail static sections: section_names=['team_role', 'team_workflow', 'team_swarmflow', 'team_lifecycle', 'team_persona']
2026-08-08 04:37:32 | team | sess_db1908cad528 | INFO | Session tables ready for session sess_db1908cad528
2026-08-08 04:37:32 | team | sess_db1908cad528 | INFO | Team database initialized
2026-08-08 04:37:32 | team | default_trace_id | INFO | Team workspace directory ensured at /srv/jwteam_clone/shared/run_current
2026-08-08 04:37:32 | team | default_trace_id | INFO | AgentTeam manager initialized for jiuwen_team_sess_db1908cad528, member=executor1
2026-08-08 04:37:32 | team | default_trace_id | INFO | [executor1] TeamPolicyRail static sections: section_names=['team_role', 'team_persona']
2026-08-08 04:37:32 | team | sess_db1908cad528 | INFO | [executor1] invoke start, role=teammate
2026-08-08 04:37:32 | team | sess_db1908cad528 | INFO | [executor1] coordination starting
2026-08-08 04:37:32 | team | sess_db1908cad528 | INFO | Session tables ready for session sess_db1908cad528
2026-08-08 04:37:32 | team | sess_db1908cad528 | INFO | Workspace /srv/jwteam_clone/shared/run_current initialized as plain shared directory (version_control disabled)
2026-08-08 04:37:32 | team | sess_db1908cad528 | INFO | EventBus[teammate] starting
2026-08-08 04:37:59 | team | sess_db1908cad528 | INFO | [executor1] HITT section refresh: human_agent_names=[]
2026-08-08 04:38:11 | team | sess_db1908cad528 | INFO | [executor1] processing 1 unread messages (steer=True)
2026-08-08 04:38:11 | team | sess_db1908cad528 | INFO | Message 134efaa7-b0f7-4f5d-80e5-ef8d3dc188e1 marked as read by executor1
2026-08-08 04:39:16 | team | sess_db1908cad528 | INFO | [executor1] processing 1 unread messages (steer=True)
2026-08-08 04:39:16 | team | sess_db1908cad528 | INFO | Message 79906e13-3db6-4dcf-ab82-100124500867 marked as read by executor1
2026-08-08 04:39:21 | team | sess_db1908cad528 | INFO | Task p5-implement claimed by member executor1
2026-08-08 04:39:21 | team | sess_db1908cad528 | INFO | Task p5-implement claimed by member executor1
2026-08-08 04:40:23 | team | sess_db1908cad528 | INFO | Task p5-implement completed at 1786160423181
2026-08-08 04:40:23 | team | sess_db1908cad528 | INFO | Resolved 1 dependencies for task p5-implement
2026-08-08 04:40:23 | team | sess_db1908cad528 | INFO | Task p5-verify unblocked (all deps resolved)
2026-08-08 04:40:23 | team | sess_db1908cad528 | INFO | Task p5-implement completed
2026-08-08 04:40:23 | team | sess_db1908cad528 | INFO | Unblocked 1 tasks
2026-08-08 04:40:28 | team | sess_db1908cad528 | INFO | Message 01f9b9d1-c23f-4f57-ae4a-3d3469701623 created
2026-08-08 04:40:41 | team | sess_db1908cad528 | INFO | Message 33d3bd62-a897-4a4e-8920-149e68c75a29 created
2026-08-08 04:40:53 | team | sess_db1908cad528 | INFO | [executor1] processing 1 unread messages (steer=True)
2026-08-08 04:40:53 | team | sess_db1908cad528 | INFO | Message 9552c678-027f-4de7-bd5f-b84082dd508c marked as read by executor1
2026-08-08 04:43:36 | team | sess_db1908cad528 | INFO | task list drained for team jiuwen_team_sess_db1908cad528: 6 terminal task(s)
2026-08-08 04:43:56 | team | sess_db1908cad528 | INFO | [executor1] processing 1 unread messages (steer=True)
2026-08-08 04:43:56 | team | sess_db1908cad528 | INFO | Message 5158d9cd-68db-465b-a27d-9ac717b190ba marked as read by executor1
2026-08-08 04:44:05 | team | sess_db1908cad528 | INFO | team jiuwen_team_sess_db1908cad528 reported completed: 9 members, 6 tasks
2026-08-08 04:44:06 | team | sess_db1908cad528 | INFO | [executor1] received TEAM_STANDBY, pausing polls
2026-08-08 04:44:06 | team | sess_db1908cad528 | INFO | EventBus[teammate] pausing polls
