2026-08-08 04:37:34 | team | sess_db1908cad528 | INFO | Team workspace directory ensured at /srv/jwteam_clone/shared/run_current
2026-08-08 04:37:34 | team | sess_db1908cad528 | INFO | AgentTeam manager initialized for jiuwen_team_sess_db1908cad528, member=team_leader
2026-08-08 04:37:34 | team | sess_db1908cad528 | INFO | [team_leader] TeamPolicyRail static sections: section_names=['team_role', 'team_workflow', 'team_swarmflow', 'team_lifecycle', 'team_persona']
2026-08-08 04:37:34 | team | sess_db1908cad528 | INFO | Session tables ready for session sess_db1908cad528
2026-08-08 04:37:34 | team | sess_db1908cad528 | INFO | Team database initialized
2026-08-08 04:37:34 | team | default_trace_id | INFO | Team workspace directory ensured at /srv/jwteam_clone/shared/run_current
2026-08-08 04:37:34 | team | default_trace_id | INFO | AgentTeam manager initialized for jiuwen_team_sess_db1908cad528, member=executor3
2026-08-08 04:37:34 | team | default_trace_id | INFO | [executor3] TeamPolicyRail static sections: section_names=['team_role', 'team_persona']
2026-08-08 04:37:34 | team | sess_db1908cad528 | INFO | [executor3] invoke start, role=teammate
2026-08-08 04:37:34 | team | sess_db1908cad528 | INFO | [executor3] coordination starting
2026-08-08 04:37:34 | team | sess_db1908cad528 | INFO | Session tables ready for session sess_db1908cad528
2026-08-08 04:37:34 | team | sess_db1908cad528 | INFO | Workspace /srv/jwteam_clone/shared/run_current initialized as plain shared directory (version_control disabled)
2026-08-08 04:37:34 | team | sess_db1908cad528 | INFO | EventBus[teammate] starting
2026-08-08 04:37:59 | team | sess_db1908cad528 | INFO | [executor3] HITT section refresh: human_agent_names=[]
2026-08-08 04:38:11 | team | sess_db1908cad528 | INFO | [executor3] processing 1 unread messages (steer=True)
2026-08-08 04:38:11 | team | sess_db1908cad528 | INFO | Message 134efaa7-b0f7-4f5d-80e5-ef8d3dc188e1 marked as read by executor3
2026-08-08 04:38:39 | team | sess_db1908cad528 | INFO | Message d2742766-8707-4a00-9728-2e8f8f015ef4 created
2026-08-08 04:39:00 | team | sess_db1908cad528 | INFO | [executor3] processing 1 unread messages (steer=True)
2026-08-08 04:39:00 | team | sess_db1908cad528 | INFO | Message 8cc2f1e9-8f32-404b-9714-af32b39df60c marked as read by executor3
2026-08-08 04:43:36 | team | sess_db1908cad528 | INFO | task list drained for team jiuwen_team_sess_db1908cad528: 6 terminal task(s)
2026-08-08 04:43:56 | team | sess_db1908cad528 | INFO | [executor3] processing 1 unread messages (steer=True)
2026-08-08 04:43:57 | team | sess_db1908cad528 | INFO | Message 5158d9cd-68db-465b-a27d-9ac717b190ba marked as read by executor3
2026-08-08 04:44:05 | team | sess_db1908cad528 | INFO | team jiuwen_team_sess_db1908cad528 reported completed: 9 members, 6 tasks
2026-08-08 04:44:06 | team | sess_db1908cad528 | INFO | [executor3] received TEAM_STANDBY, pausing polls
2026-08-08 04:44:06 | team | sess_db1908cad528 | INFO | EventBus[teammate] pausing polls
