2026-08-08 04:37:35 | team | sess_db1908cad528 | INFO | Team workspace directory ensured at /srv/jwteam_clone/shared/run_current
2026-08-08 04:37:35 | team | sess_db1908cad528 | INFO | AgentTeam manager initialized for jiuwen_team_sess_db1908cad528, member=team_leader
2026-08-08 04:37:35 | team | sess_db1908cad528 | INFO | [team_leader] TeamPolicyRail static sections: section_names=['team_role', 'team_workflow', 'team_swarmflow', 'team_lifecycle', 'team_persona']
2026-08-08 04:37:35 | team | sess_db1908cad528 | INFO | Session tables ready for session sess_db1908cad528
2026-08-08 04:37:35 | team | sess_db1908cad528 | INFO | Team database initialized
2026-08-08 04:37:35 | team | default_trace_id | INFO | Team workspace directory ensured at /srv/jwteam_clone/shared/run_current
2026-08-08 04:37:35 | team | default_trace_id | INFO | AgentTeam manager initialized for jiuwen_team_sess_db1908cad528, member=verifier1
2026-08-08 04:37:35 | team | default_trace_id | INFO | [verifier1] TeamPolicyRail static sections: section_names=['team_role', 'team_persona']
2026-08-08 04:37:35 | team | sess_db1908cad528 | INFO | [verifier1] invoke start, role=teammate
2026-08-08 04:37:35 | team | sess_db1908cad528 | INFO | [verifier1] coordination starting
2026-08-08 04:37:35 | team | sess_db1908cad528 | INFO | Session tables ready for session sess_db1908cad528
2026-08-08 04:37:35 | team | sess_db1908cad528 | INFO | Workspace /srv/jwteam_clone/shared/run_current initialized as plain shared directory (version_control disabled)
2026-08-08 04:37:35 | team | sess_db1908cad528 | INFO | EventBus[teammate] starting
2026-08-08 04:37:59 | team | sess_db1908cad528 | INFO | [verifier1] HITT section refresh: human_agent_names=[]
2026-08-08 04:38:11 | team | sess_db1908cad528 | INFO | [verifier1] processing 1 unread messages (steer=True)
2026-08-08 04:38:11 | team | sess_db1908cad528 | INFO | Message 134efaa7-b0f7-4f5d-80e5-ef8d3dc188e1 marked as read by verifier1
2026-08-08 04:38:16 | team | sess_db1908cad528 | INFO | Message 6ae9b9a3-ac1f-4578-b13e-a6cd0fda69f1 created
2026-08-08 04:38:37 | team | sess_db1908cad528 | INFO | Message 97070812-7c41-4cea-9fa5-da62eef5e348 created
2026-08-08 04:38:40 | team | sess_db1908cad528 | INFO | [verifier1] processing 1 unread messages (steer=True)
2026-08-08 04:38:40 | team | sess_db1908cad528 | INFO | Message 6982b59a-4706-4db5-af01-071a3187b2ed marked as read by verifier1
2026-08-08 04:39:00 | team | sess_db1908cad528 | INFO | [verifier1] processing 1 unread messages (steer=True)
2026-08-08 04:39:00 | team | sess_db1908cad528 | INFO | Message ede72d84-d7ff-4503-8e51-5aa72da7ab73 marked as read by verifier1
2026-08-08 04:40:28 | team | sess_db1908cad528 | INFO | [verifier1] processing 1 unread messages (steer=True)
2026-08-08 04:40:28 | team | sess_db1908cad528 | INFO | Message 01f9b9d1-c23f-4f57-ae4a-3d3469701623 marked as read by verifier1
2026-08-08 04:40:28 | team | sess_db1908cad528 | INFO | Task p5-verify claimed by member verifier1
2026-08-08 04:40:28 | team | sess_db1908cad528 | INFO | Task p5-verify claimed by member verifier1
2026-08-08 04:41:30 | team | sess_db1908cad528 | INFO | Task p5-verify completed at 1786160490831
2026-08-08 04:41:30 | team | sess_db1908cad528 | INFO | Message f459b650-6945-41d9-b9d6-3c7e80e31509 created
2026-08-08 04:41:30 | team | sess_db1908cad528 | INFO | Task p5-verify completed
2026-08-08 04:41:38 | team | sess_db1908cad528 | INFO | [verifier1] processing 1 unread messages (steer=True)
2026-08-08 04:41:38 | team | sess_db1908cad528 | INFO | Message 64d71e42-67e3-4824-a307-af14d266e4ca marked as read by verifier1
2026-08-08 04:43:36 | team | sess_db1908cad528 | INFO | task list drained for team jiuwen_team_sess_db1908cad528: 6 terminal task(s)
2026-08-08 04:43:56 | team | sess_db1908cad528 | INFO | [verifier1] processing 1 unread messages (steer=True)
2026-08-08 04:43:56 | team | sess_db1908cad528 | INFO | Message 5158d9cd-68db-465b-a27d-9ac717b190ba marked as read by verifier1
2026-08-08 04:44:05 | team | sess_db1908cad528 | INFO | team jiuwen_team_sess_db1908cad528 reported completed: 9 members, 6 tasks
2026-08-08 04:44:06 | team | sess_db1908cad528 | INFO | [verifier1] received TEAM_STANDBY, pausing polls
2026-08-08 04:44:06 | team | sess_db1908cad528 | INFO | EventBus[teammate] pausing polls
