2026-08-08 04:37:33 | team | sess_db1908cad528 | INFO | Team workspace directory ensured at /srv/jwteam_clone/shared/run_current
2026-08-08 04:37:33 | team | sess_db1908cad528 | INFO | AgentTeam manager initialized for jiuwen_team_sess_db1908cad528, member=team_leader
2026-08-08 04:37:33 | team | sess_db1908cad528 | INFO | [team_leader] TeamPolicyRail static sections: section_names=['team_role', 'team_workflow', 'team_swarmflow', 'team_lifecycle', 'team_persona']
2026-08-08 04:37:33 | team | sess_db1908cad528 | INFO | Session tables ready for session sess_db1908cad528
2026-08-08 04:37:33 | team | sess_db1908cad528 | INFO | Team database initialized
2026-08-08 04:37:33 | team | default_trace_id | INFO | Team workspace directory ensured at /srv/jwteam_clone/shared/run_current
2026-08-08 04:37:33 | team | default_trace_id | INFO | AgentTeam manager initialized for jiuwen_team_sess_db1908cad528, member=executor2
2026-08-08 04:37:33 | team | default_trace_id | INFO | [executor2] TeamPolicyRail static sections: section_names=['team_role', 'team_persona']
2026-08-08 04:37:33 | team | sess_db1908cad528 | INFO | [executor2] invoke start, role=teammate
2026-08-08 04:37:33 | team | sess_db1908cad528 | INFO | [executor2] coordination starting
2026-08-08 04:37:33 | team | sess_db1908cad528 | INFO | Session tables ready for session sess_db1908cad528
2026-08-08 04:37:33 | team | sess_db1908cad528 | INFO | Workspace /srv/jwteam_clone/shared/run_current initialized as plain shared directory (version_control disabled)
2026-08-08 04:37:33 | team | sess_db1908cad528 | INFO | EventBus[teammate] starting
2026-08-08 04:37:59 | team | sess_db1908cad528 | INFO | [executor2] HITT section refresh: human_agent_names=[]
2026-08-08 04:38:11 | team | sess_db1908cad528 | INFO | [executor2] processing 1 unread messages (steer=True)
2026-08-08 04:38:11 | team | sess_db1908cad528 | INFO | Message 134efaa7-b0f7-4f5d-80e5-ef8d3dc188e1 marked as read by executor2
2026-08-08 04:39:08 | team | sess_db1908cad528 | INFO | [executor2] processing 1 unread messages (steer=True)
2026-08-08 04:39:08 | team | sess_db1908cad528 | INFO | Message f72e211d-230d-4c40-b055-c7a3563bec16 marked as read by executor2
2026-08-08 04:39:24 | team | sess_db1908cad528 | INFO | [executor2] processing 1 unread messages (steer=True)
2026-08-08 04:39:24 | team | sess_db1908cad528 | INFO | Message d81cbfc7-e466-4ae3-b2f8-d6d2665868d3 marked as read by executor2
2026-08-08 04:39:35 | team | sess_db1908cad528 | INFO | Message ec69d526-efd0-4632-b023-662bcca5ee8a created
2026-08-08 04:39:40 | team | sess_db1908cad528 | INFO | Task test9-implement claimed by member executor2
2026-08-08 04:39:40 | team | sess_db1908cad528 | INFO | Task test9-implement claimed by member executor2
2026-08-08 04:39:47 | team | sess_db1908cad528 | INFO | [executor2] processing 1 unread messages (steer=True)
2026-08-08 04:39:47 | team | sess_db1908cad528 | INFO | Message 7911c359-79e5-4c1b-ac4b-2baec188d141 marked as read by executor2
2026-08-08 04:40:29 | team | sess_db1908cad528 | INFO | Task test9-implement completed at 1786160429765
2026-08-08 04:40:29 | team | sess_db1908cad528 | INFO | Resolved 1 dependencies for task test9-implement
2026-08-08 04:40:29 | team | sess_db1908cad528 | INFO | Task test9-verify unblocked (all deps resolved)
2026-08-08 04:40:29 | team | sess_db1908cad528 | INFO | Task test9-implement completed
2026-08-08 04:40:29 | team | sess_db1908cad528 | INFO | Unblocked 1 tasks
2026-08-08 04:40:36 | team | sess_db1908cad528 | INFO | Task test9-implement completed
2026-08-08 04:40:45 | team | sess_db1908cad528 | INFO | Message 2579bcfa-2868-4033-9d4f-b1d49ab55b8c created
2026-08-08 04:43:36 | team | sess_db1908cad528 | INFO | task list drained for team jiuwen_team_sess_db1908cad528: 6 terminal task(s)
2026-08-08 04:43:56 | team | sess_db1908cad528 | INFO | [executor2] processing 1 unread messages (steer=True)
2026-08-08 04:43:57 | team | sess_db1908cad528 | INFO | Message 5158d9cd-68db-465b-a27d-9ac717b190ba marked as read by executor2
2026-08-08 04:44:05 | team | sess_db1908cad528 | INFO | team jiuwen_team_sess_db1908cad528 reported completed: 9 members, 6 tasks
2026-08-08 04:44:06 | team | sess_db1908cad528 | INFO | [executor2] received TEAM_STANDBY, pausing polls
2026-08-08 04:44:06 | team | sess_db1908cad528 | INFO | EventBus[teammate] pausing polls
