2026-08-08 04:37:37 | team | sess_db1908cad528 | INFO | Team workspace directory ensured at /srv/jwteam_clone/shared/run_current
2026-08-08 04:37:37 | team | sess_db1908cad528 | INFO | AgentTeam manager initialized for jiuwen_team_sess_db1908cad528, member=team_leader
2026-08-08 04:37:37 | team | sess_db1908cad528 | INFO | [team_leader] TeamPolicyRail static sections: section_names=['team_role', 'team_workflow', 'team_swarmflow', 'team_lifecycle', 'team_persona']
2026-08-08 04:37:37 | team | sess_db1908cad528 | INFO | Session tables ready for session sess_db1908cad528
2026-08-08 04:37:37 | team | sess_db1908cad528 | INFO | Team database initialized
2026-08-08 04:37:37 | team | default_trace_id | INFO | Team workspace directory ensured at /srv/jwteam_clone/shared/run_current
2026-08-08 04:37:37 | team | default_trace_id | INFO | AgentTeam manager initialized for jiuwen_team_sess_db1908cad528, member=fullstack1
2026-08-08 04:37:37 | team | default_trace_id | INFO | [fullstack1] TeamPolicyRail static sections: section_names=['team_role', 'team_persona']
2026-08-08 04:37:37 | team | sess_db1908cad528 | INFO | [fullstack1] invoke start, role=teammate
2026-08-08 04:37:37 | team | sess_db1908cad528 | INFO | [fullstack1] coordination starting
2026-08-08 04:37:37 | team | sess_db1908cad528 | INFO | Session tables ready for session sess_db1908cad528
2026-08-08 04:37:37 | team | sess_db1908cad528 | INFO | Workspace /srv/jwteam_clone/shared/run_current initialized as plain shared directory (version_control disabled)
2026-08-08 04:37:37 | team | sess_db1908cad528 | INFO | EventBus[teammate] starting
2026-08-08 04:37:59 | team | sess_db1908cad528 | INFO | [fullstack1] HITT section refresh: human_agent_names=[]
2026-08-08 04:38:11 | team | sess_db1908cad528 | INFO | [fullstack1] processing 1 unread messages (steer=True)
2026-08-08 04:38:11 | team | sess_db1908cad528 | INFO | Message 134efaa7-b0f7-4f5d-80e5-ef8d3dc188e1 marked as read by fullstack1
2026-08-08 04:38:18 | team | sess_db1908cad528 | INFO | Task test9-plan claimed by member fullstack1
2026-08-08 04:38:18 | team | sess_db1908cad528 | INFO | Task test9-plan claimed by member fullstack1
2026-08-08 04:39:24 | team | sess_db1908cad528 | INFO | Message d81cbfc7-e466-4ae3-b2f8-d6d2665868d3 created
2026-08-08 04:39:32 | team | sess_db1908cad528 | INFO | Task test9-plan completed at 1786160372550
2026-08-08 04:39:32 | team | sess_db1908cad528 | INFO | Resolved 1 dependencies for task test9-plan
2026-08-08 04:39:32 | team | sess_db1908cad528 | INFO | Task test9-implement unblocked (all deps resolved)
2026-08-08 04:39:32 | team | sess_db1908cad528 | INFO | Task test9-plan completed
2026-08-08 04:39:32 | team | sess_db1908cad528 | INFO | Unblocked 1 tasks
2026-08-08 04:39:35 | team | sess_db1908cad528 | INFO | [fullstack1] processing 1 unread messages (steer=True)
2026-08-08 04:39:35 | team | sess_db1908cad528 | INFO | Message ec69d526-efd0-4632-b023-662bcca5ee8a marked as read by fullstack1
2026-08-08 04:39:40 | team | sess_db1908cad528 | INFO | Message bd0d8995-78dc-45b9-996e-8cacc4cc6087 created
2026-08-08 04:39:47 | team | sess_db1908cad528 | INFO | Message 7911c359-79e5-4c1b-ac4b-2baec188d141 created
2026-08-08 04:39:50 | team | sess_db1908cad528 | INFO | [fullstack1] processing 1 unread messages (steer=True)
2026-08-08 04:39:50 | team | sess_db1908cad528 | INFO | Message bfd0a168-a2ca-4644-ae80-c9a68fc2c230 marked as read by fullstack1
2026-08-08 04:43:36 | team | sess_db1908cad528 | INFO | task list drained for team jiuwen_team_sess_db1908cad528: 6 terminal task(s)
2026-08-08 04:43:56 | team | sess_db1908cad528 | INFO | [fullstack1] processing 1 unread messages (steer=True)
2026-08-08 04:43:56 | team | sess_db1908cad528 | INFO | Message 5158d9cd-68db-465b-a27d-9ac717b190ba marked as read by fullstack1
2026-08-08 04:44:05 | team | sess_db1908cad528 | INFO | team jiuwen_team_sess_db1908cad528 reported completed: 9 members, 6 tasks
2026-08-08 04:44:06 | team | sess_db1908cad528 | INFO | [fullstack1] received TEAM_STANDBY, pausing polls
2026-08-08 04:44:06 | team | sess_db1908cad528 | INFO | EventBus[teammate] pausing polls
