2026-08-08 04:37:36 | team | sess_db1908cad528 | INFO | Team workspace directory ensured at /srv/jwteam_clone/shared/run_current
2026-08-08 04:37:36 | team | sess_db1908cad528 | INFO | AgentTeam manager initialized for jiuwen_team_sess_db1908cad528, member=team_leader
2026-08-08 04:37:36 | team | sess_db1908cad528 | INFO | [team_leader] TeamPolicyRail static sections: section_names=['team_role', 'team_workflow', 'team_swarmflow', 'team_lifecycle', 'team_persona']
2026-08-08 04:37:36 | team | sess_db1908cad528 | INFO | Session tables ready for session sess_db1908cad528
2026-08-08 04:37:36 | team | sess_db1908cad528 | INFO | Team database initialized
2026-08-08 04:37:36 | team | default_trace_id | INFO | Team workspace directory ensured at /srv/jwteam_clone/shared/run_current
2026-08-08 04:37:36 | team | default_trace_id | INFO | AgentTeam manager initialized for jiuwen_team_sess_db1908cad528, member=verifier2
2026-08-08 04:37:36 | team | default_trace_id | INFO | [verifier2] TeamPolicyRail static sections: section_names=['team_role', 'team_persona']
2026-08-08 04:37:36 | team | sess_db1908cad528 | INFO | [verifier2] invoke start, role=teammate
2026-08-08 04:37:36 | team | sess_db1908cad528 | INFO | [verifier2] coordination starting
2026-08-08 04:37:36 | team | sess_db1908cad528 | INFO | Session tables ready for session sess_db1908cad528
2026-08-08 04:37:36 | team | sess_db1908cad528 | INFO | Workspace /srv/jwteam_clone/shared/run_current initialized as plain shared directory (version_control disabled)
2026-08-08 04:37:36 | team | sess_db1908cad528 | INFO | EventBus[teammate] starting
2026-08-08 04:37:59 | team | sess_db1908cad528 | INFO | [verifier2] HITT section refresh: human_agent_names=[]
2026-08-08 04:38:11 | team | sess_db1908cad528 | INFO | [verifier2] processing 1 unread messages (steer=True)
2026-08-08 04:38:11 | team | sess_db1908cad528 | INFO | Message 134efaa7-b0f7-4f5d-80e5-ef8d3dc188e1 marked as read by verifier2
2026-08-08 04:40:38 | team | sess_db1908cad528 | INFO | Task test9-verify claimed by member verifier2
2026-08-08 04:40:38 | team | sess_db1908cad528 | INFO | Task test9-verify claimed by member verifier2
2026-08-08 04:40:45 | team | sess_db1908cad528 | INFO | [verifier2] processing 1 unread messages (steer=True)
2026-08-08 04:40:45 | team | sess_db1908cad528 | INFO | Message 2579bcfa-2868-4033-9d4f-b1d49ab55b8c marked as read by verifier2
2026-08-08 04:43:36 | team | sess_db1908cad528 | INFO | Task test9-verify completed at 1786160616687
2026-08-08 04:43:36 | team | sess_db1908cad528 | INFO | Task test9-verify completed
2026-08-08 04:43:43 | team | sess_db1908cad528 | INFO | Message df675a79-a3ff-4503-b27c-4b447b3b8f69 created
2026-08-08 04:43:50 | team | sess_db1908cad528 | INFO | [verifier2] processing 1 unread messages (steer=True)
2026-08-08 04:43:50 | team | sess_db1908cad528 | INFO | Message 84c3e548-91ff-460e-8631-3d6680cfac87 marked as read by verifier2
2026-08-08 04:43:56 | team | sess_db1908cad528 | INFO | [verifier2] processing 1 unread messages (steer=True)
2026-08-08 04:43:56 | team | sess_db1908cad528 | INFO | Message 5158d9cd-68db-465b-a27d-9ac717b190ba marked as read by verifier2
2026-08-08 04:44:05 | team | sess_db1908cad528 | INFO | team jiuwen_team_sess_db1908cad528 reported completed: 9 members, 6 tasks
2026-08-08 04:44:06 | team | sess_db1908cad528 | INFO | [verifier2] received TEAM_STANDBY, pausing polls
2026-08-08 04:44:06 | team | sess_db1908cad528 | INFO | EventBus[teammate] pausing polls
