2026-08-10 08:26:08 | team | sess_348bf82d316a | INFO | Team workspace directory ensured at /srv/jwteam_clone/shared/run_current
2026-08-10 08:26:08 | team | sess_348bf82d316a | INFO | AgentTeam manager initialized for jiuwen_team_sess_348bf82d316a, member=team_leader
2026-08-10 08:26:08 | team | sess_348bf82d316a | INFO | [team_leader] TeamPolicyRail static sections: section_names=['team_role', 'team_workflow', 'team_swarmflow', 'team_lifecycle', 'team_persona']
2026-08-10 08:26:08 | team | sess_348bf82d316a | INFO | Session tables ready for session sess_348bf82d316a
2026-08-10 08:26:08 | team | sess_348bf82d316a | INFO | Team database initialized
2026-08-10 08:26:08 | team | default_trace_id | INFO | Team workspace directory ensured at /srv/jwteam_clone/shared/run_current
2026-08-10 08:26:08 | team | default_trace_id | INFO | AgentTeam manager initialized for jiuwen_team_sess_348bf82d316a, member=fullstack1
2026-08-10 08:26:08 | team | default_trace_id | INFO | [fullstack1] TeamPolicyRail static sections: section_names=['team_role', 'team_persona']
2026-08-10 08:26:08 | team | sess_348bf82d316a | INFO | [fullstack1] invoke start, role=teammate
2026-08-10 08:26:08 | team | sess_348bf82d316a | INFO | [fullstack1] coordination starting
2026-08-10 08:26:08 | team | sess_348bf82d316a | INFO | Session tables ready for session sess_348bf82d316a
2026-08-10 08:26:08 | team | sess_348bf82d316a | INFO | Workspace /srv/jwteam_clone/shared/run_current initialized as plain shared directory (version_control disabled)
2026-08-10 08:26:08 | team | sess_348bf82d316a | INFO | EventBus[teammate] starting
2026-08-10 08:26:24 | team | sess_348bf82d316a | INFO | [fullstack1] HITT section refresh: human_agent_names=[]
2026-08-10 08:26:34 | team | sess_348bf82d316a | INFO | [fullstack1] processing 1 unread messages (steer=True)
2026-08-10 08:26:34 | team | sess_348bf82d316a | INFO | Message 248af1d6-c291-4a78-b026-8b8c52dfa362 marked as read by fullstack1
2026-08-10 08:26:49 | team | sess_348bf82d316a | INFO | Message cb95be8a-425c-4194-bf12-039a66b55c0e created
2026-08-10 08:26:56 | team | sess_348bf82d316a | INFO | [fullstack1] processing 1 unread messages (steer=True)
2026-08-10 08:26:56 | team | sess_348bf82d316a | INFO | Message e8f02529-900c-4943-b3c7-ec4f88ece6f3 marked as read by fullstack1
2026-08-10 08:32:05 | team | sess_348bf82d316a | INFO | task list drained for team jiuwen_team_sess_348bf82d316a: 3 terminal task(s)
2026-08-10 08:32:23 | team | sess_348bf82d316a | INFO | [fullstack1] processing 1 unread messages (steer=True)
2026-08-10 08:32:23 | team | sess_348bf82d316a | INFO | Message 4f14b73e-5701-44c0-8b8d-cd761624a889 marked as read by fullstack1
2026-08-10 08:32:50 | team | sess_348bf82d316a | INFO | team jiuwen_team_sess_348bf82d316a reported completed: 9 members, 3 tasks
2026-08-10 08:32:50 | team | sess_348bf82d316a | INFO | [fullstack1] received TEAM_STANDBY, pausing polls
2026-08-10 08:32:50 | team | sess_348bf82d316a | INFO | EventBus[teammate] pausing polls
