2026-08-10 08:26:00 | team | sess_348bf82d316a | INFO | Team workspace directory ensured at /srv/jwteam_clone/shared/run_current
2026-08-10 08:26:00 | team | sess_348bf82d316a | INFO | AgentTeam manager initialized for jiuwen_team_sess_348bf82d316a, member=team_leader
2026-08-10 08:26:00 | team | sess_348bf82d316a | INFO | [team_leader] TeamPolicyRail static sections: section_names=['team_role', 'team_workflow', 'team_swarmflow', 'team_lifecycle', 'team_persona']
2026-08-10 08:26:01 | team | sess_348bf82d316a | INFO | Session tables ready for session sess_348bf82d316a
2026-08-10 08:26:01 | team | sess_348bf82d316a | INFO | Team database initialized
2026-08-10 08:26:01 | team | default_trace_id | INFO | Team workspace directory ensured at /srv/jwteam_clone/shared/run_current
2026-08-10 08:26:01 | team | default_trace_id | INFO | AgentTeam manager initialized for jiuwen_team_sess_348bf82d316a, member=planner1
2026-08-10 08:26:01 | team | default_trace_id | INFO | [planner1] TeamPolicyRail static sections: section_names=['team_role', 'team_persona']
2026-08-10 08:26:01 | team | sess_348bf82d316a | INFO | [planner1] invoke start, role=teammate
2026-08-10 08:26:01 | team | sess_348bf82d316a | INFO | [planner1] coordination starting
2026-08-10 08:26:01 | team | sess_348bf82d316a | INFO | Session tables ready for session sess_348bf82d316a
2026-08-10 08:26:01 | team | sess_348bf82d316a | INFO | Workspace /srv/jwteam_clone/shared/run_current initialized as plain shared directory (version_control disabled)
2026-08-10 08:26:01 | team | sess_348bf82d316a | INFO | EventBus[teammate] starting
2026-08-10 08:26:24 | team | sess_348bf82d316a | INFO | [planner1] HITT section refresh: human_agent_names=[]
2026-08-10 08:26:34 | team | sess_348bf82d316a | INFO | [planner1] processing 1 unread messages (steer=True)
2026-08-10 08:26:34 | team | sess_348bf82d316a | INFO | Message 248af1d6-c291-4a78-b026-8b8c52dfa362 marked as read by planner1
2026-08-10 08:26:44 | team | sess_348bf82d316a | INFO | Message 51ca78f2-26fc-4530-a596-78dbcee76c9d created
2026-08-10 08:27:04 | team | sess_348bf82d316a | INFO | Message 90400eb2-4221-40f1-b734-32bc4e0685d8 created
2026-08-10 08:27:04 | team | sess_348bf82d316a | INFO | Message 58f7057f-e475-4756-be21-cd607dc9890a created
2026-08-10 08:27:17 | team | sess_348bf82d316a | INFO | [planner1] processing 1 unread messages (steer=True)
2026-08-10 08:27:17 | team | sess_348bf82d316a | INFO | Message c88967a7-7abc-4789-a276-82448ee94a81 marked as read by planner1
2026-08-10 08:27:23 | team | sess_348bf82d316a | INFO | [planner1] processing 1 unread messages (steer=True)
2026-08-10 08:27:23 | team | sess_348bf82d316a | INFO | Message 87d20596-3464-48f4-8541-01dfcdbe9731 marked as read by planner1
2026-08-10 08:27:34 | team | sess_348bf82d316a | INFO | Message 3b0fda78-b43f-4e39-bf7e-00e2942f687d created
2026-08-10 08:27:34 | team | sess_348bf82d316a | INFO | Message 2e3a9e78-b4af-44b1-a995-930abbe20dc3 created
2026-08-10 08:28:30 | team | sess_348bf82d316a | INFO | [planner1] processing 1 unread messages (steer=True)
2026-08-10 08:28:30 | team | sess_348bf82d316a | INFO | Message cfca053e-6765-4d9c-81a0-3ee1cd5423c4 marked as read by planner1
2026-08-10 08:28:35 | team | sess_348bf82d316a | INFO | Message cb2264aa-e466-49d0-bff1-c6f72edb0b74 created
2026-08-10 08:32:05 | team | sess_348bf82d316a | INFO | task list drained for team jiuwen_team_sess_348bf82d316a: 3 terminal task(s)
2026-08-10 08:32:23 | team | sess_348bf82d316a | INFO | [planner1] processing 1 unread messages (steer=True)
2026-08-10 08:32:23 | team | sess_348bf82d316a | INFO | Message 4f14b73e-5701-44c0-8b8d-cd761624a889 marked as read by planner1
2026-08-10 08:32:50 | team | sess_348bf82d316a | INFO | team jiuwen_team_sess_348bf82d316a reported completed: 9 members, 3 tasks
2026-08-10 08:32:50 | team | sess_348bf82d316a | INFO | [planner1] received TEAM_STANDBY, pausing polls
2026-08-10 08:32:50 | team | sess_348bf82d316a | INFO | EventBus[teammate] pausing polls
