2026-08-10 08:26:07 | team | sess_348bf82d316a | INFO | Team workspace directory ensured at /srv/jwteam_clone/shared/run_current
2026-08-10 08:26:07 | team | sess_348bf82d316a | INFO | AgentTeam manager initialized for jiuwen_team_sess_348bf82d316a, member=team_leader
2026-08-10 08:26:07 | team | sess_348bf82d316a | INFO | [team_leader] TeamPolicyRail static sections: section_names=['team_role', 'team_workflow', 'team_swarmflow', 'team_lifecycle', 'team_persona']
2026-08-10 08:26:07 | team | sess_348bf82d316a | INFO | Session tables ready for session sess_348bf82d316a
2026-08-10 08:26:07 | team | sess_348bf82d316a | INFO | Team database initialized
2026-08-10 08:26:07 | team | default_trace_id | INFO | Team workspace directory ensured at /srv/jwteam_clone/shared/run_current
2026-08-10 08:26:07 | team | default_trace_id | INFO | AgentTeam manager initialized for jiuwen_team_sess_348bf82d316a, member=verifier2
2026-08-10 08:26:07 | team | default_trace_id | INFO | [verifier2] TeamPolicyRail static sections: section_names=['team_role', 'team_persona']
2026-08-10 08:26:07 | team | sess_348bf82d316a | INFO | [verifier2] invoke start, role=teammate
2026-08-10 08:26:07 | team | sess_348bf82d316a | INFO | [verifier2] coordination starting
2026-08-10 08:26:07 | team | sess_348bf82d316a | INFO | Session tables ready for session sess_348bf82d316a
2026-08-10 08:26:07 | team | sess_348bf82d316a | INFO | Workspace /srv/jwteam_clone/shared/run_current initialized as plain shared directory (version_control disabled)
2026-08-10 08:26:07 | team | sess_348bf82d316a | INFO | EventBus[teammate] starting
2026-08-10 08:26:24 | team | sess_348bf82d316a | INFO | [verifier2] HITT section refresh: human_agent_names=[]
2026-08-10 08:26:34 | team | sess_348bf82d316a | INFO | [verifier2] processing 1 unread messages (steer=True)
2026-08-10 08:26:34 | team | sess_348bf82d316a | INFO | Message 248af1d6-c291-4a78-b026-8b8c52dfa362 marked as read by verifier2
2026-08-10 08:27:09 | team | sess_348bf82d316a | INFO | Message 4f136964-e340-4833-8248-19362b4a5206 created
2026-08-10 08:27:09 | team | sess_348bf82d316a | INFO | Message 02309bdd-daf4-48b9-9ad3-9b47d8f0ac3d created
2026-08-10 08:27:17 | team | sess_348bf82d316a | INFO | [verifier2] processing 1 unread messages (steer=True)
2026-08-10 08:27:17 | team | sess_348bf82d316a | INFO | Message 76b7fa31-20d4-4ca5-921c-e16341acf6aa marked as read by verifier2
2026-08-10 08:27:29 | team | sess_348bf82d316a | INFO | Message ed21648e-0762-41cc-a626-10ebae739ae4 created
2026-08-10 08:27:36 | team | sess_348bf82d316a | INFO | [verifier2] processing 1 unread messages (steer=True)
2026-08-10 08:27:36 | team | sess_348bf82d316a | INFO | Message 336cccaf-afa3-46fb-8bd8-16068f5316a5 marked as read by verifier2
2026-08-10 08:27:41 | team | sess_348bf82d316a | INFO | Message 8f831027-04fe-4e95-a28c-5a00bc0ea70e created
2026-08-10 08:27:45 | team | sess_348bf82d316a | INFO | [verifier2] processing 1 unread messages (steer=True)
2026-08-10 08:27:45 | team | sess_348bf82d316a | INFO | Message 6c546d26-e0f9-4ff2-98a7-4ddad4398dc6 marked as read by verifier2
2026-08-10 08:27:56 | team | sess_348bf82d316a | INFO | Message ff8510b9-101c-40ac-ada0-496412f4e84d created
2026-08-10 08:29:25 | team | sess_348bf82d316a | INFO | [verifier2] processing 1 unread messages (steer=True)
2026-08-10 08:29:25 | team | sess_348bf82d316a | INFO | Message 85255b87-5195-4c12-a2f7-6b9bf77f5662 marked as read by verifier2
2026-08-10 08:29:30 | team | sess_348bf82d316a | INFO | Message bf405225-0b50-4e11-a419-b35aa1eac68b created
2026-08-10 08:30:53 | team | sess_348bf82d316a | INFO | [verifier2] processing 1 unread messages (steer=True)
2026-08-10 08:30:53 | team | sess_348bf82d316a | INFO | Message ce7bdfd2-7a3e-4cd1-ad9d-2144ca292fa0 marked as read by verifier2
2026-08-10 08:31:32 | team | sess_348bf82d316a | INFO | Message 2618f14f-48bf-4656-9863-6f3a35d36c00 created
2026-08-10 08:32:05 | team | sess_348bf82d316a | INFO | task list drained for team jiuwen_team_sess_348bf82d316a: 3 terminal task(s)
2026-08-10 08:32:23 | team | sess_348bf82d316a | INFO | [verifier2] processing 1 unread messages (steer=True)
2026-08-10 08:32:23 | team | sess_348bf82d316a | INFO | Message 4f14b73e-5701-44c0-8b8d-cd761624a889 marked as read by verifier2
2026-08-10 08:32:50 | team | sess_348bf82d316a | INFO | team jiuwen_team_sess_348bf82d316a reported completed: 9 members, 3 tasks
2026-08-10 08:32:50 | team | sess_348bf82d316a | INFO | [verifier2] received TEAM_STANDBY, pausing polls
2026-08-10 08:32:50 | team | sess_348bf82d316a | INFO | EventBus[teammate] pausing polls
