2026-08-10 08:26:02 | team | sess_348bf82d316a | INFO | Team workspace directory ensured at /srv/jwteam_clone/shared/run_current
2026-08-10 08:26:02 | team | sess_348bf82d316a | INFO | AgentTeam manager initialized for jiuwen_team_sess_348bf82d316a, member=team_leader
2026-08-10 08:26:02 | team | sess_348bf82d316a | INFO | [team_leader] TeamPolicyRail static sections: section_names=['team_role', 'team_workflow', 'team_swarmflow', 'team_lifecycle', 'team_persona']
2026-08-10 08:26:02 | team | sess_348bf82d316a | INFO | Session tables ready for session sess_348bf82d316a
2026-08-10 08:26:02 | team | sess_348bf82d316a | INFO | Team database initialized
2026-08-10 08:26:02 | team | default_trace_id | INFO | Team workspace directory ensured at /srv/jwteam_clone/shared/run_current
2026-08-10 08:26:02 | team | default_trace_id | INFO | AgentTeam manager initialized for jiuwen_team_sess_348bf82d316a, member=planner2
2026-08-10 08:26:02 | team | default_trace_id | INFO | [planner2] TeamPolicyRail static sections: section_names=['team_role', 'team_persona']
2026-08-10 08:26:02 | team | sess_348bf82d316a | INFO | [planner2] invoke start, role=teammate
2026-08-10 08:26:02 | team | sess_348bf82d316a | INFO | [planner2] coordination starting
2026-08-10 08:26:02 | team | sess_348bf82d316a | INFO | Session tables ready for session sess_348bf82d316a
2026-08-10 08:26:02 | team | sess_348bf82d316a | INFO | Workspace /srv/jwteam_clone/shared/run_current initialized as plain shared directory (version_control disabled)
2026-08-10 08:26:02 | team | sess_348bf82d316a | INFO | EventBus[teammate] starting
2026-08-10 08:26:24 | team | sess_348bf82d316a | INFO | [planner2] HITT section refresh: human_agent_names=[]
2026-08-10 08:26:29 | team | sess_348bf82d316a | INFO | Task plan claimed by member planner2
2026-08-10 08:26:29 | team | sess_348bf82d316a | INFO | Task plan claimed by member planner2
2026-08-10 08:26:34 | team | sess_348bf82d316a | INFO | [planner2] processing 1 unread messages (steer=True)
2026-08-10 08:26:34 | team | sess_348bf82d316a | INFO | Message 248af1d6-c291-4a78-b026-8b8c52dfa362 marked as read by planner2
2026-08-10 08:26:44 | team | sess_348bf82d316a | INFO | [planner2] processing 1 unread messages (steer=True)
2026-08-10 08:26:44 | team | sess_348bf82d316a | INFO | Message 51ca78f2-26fc-4530-a596-78dbcee76c9d marked as read by planner2
2026-08-10 08:27:04 | team | sess_348bf82d316a | INFO | [planner2] processing 1 unread messages (steer=True)
2026-08-10 08:27:04 | team | sess_348bf82d316a | INFO | Message 58f7057f-e475-4756-be21-cd607dc9890a marked as read by planner2
2026-08-10 08:27:17 | team | sess_348bf82d316a | INFO | Message c88967a7-7abc-4789-a276-82448ee94a81 created
2026-08-10 08:27:21 | team | sess_348bf82d316a | INFO | Task plan completed at 1786346841806
2026-08-10 08:27:21 | team | sess_348bf82d316a | INFO | Resolved 1 dependencies for task plan
2026-08-10 08:27:21 | team | sess_348bf82d316a | INFO | Task implement unblocked (all deps resolved)
2026-08-10 08:27:21 | team | sess_348bf82d316a | INFO | Task plan completed
2026-08-10 08:27:21 | team | sess_348bf82d316a | INFO | Unblocked 1 tasks
2026-08-10 08:27:29 | team | sess_348bf82d316a | INFO | Message c72e8536-1d01-43a2-8141-9b9bf248761d created
2026-08-10 08:27:34 | team | sess_348bf82d316a | INFO | [planner2] processing 1 unread messages (steer=True)
2026-08-10 08:27:34 | team | sess_348bf82d316a | INFO | Message 2e3a9e78-b4af-44b1-a995-930abbe20dc3 marked as read by planner2
2026-08-10 08:27:45 | team | sess_348bf82d316a | INFO | [planner2] processing 1 unread messages (steer=True)
2026-08-10 08:27:45 | team | sess_348bf82d316a | INFO | Message 76c5240e-1d7c-4226-b704-a1f9a095ea7d marked as read by planner2
2026-08-10 08:27:51 | team | sess_348bf82d316a | INFO | [planner2] processing 1 unread messages (steer=True)
2026-08-10 08:27:51 | team | sess_348bf82d316a | INFO | Message 813d52c1-f632-4182-9c14-501422ca8f7f marked as read by planner2
2026-08-10 08:28:18 | team | sess_348bf82d316a | INFO | Message 8e6a85a3-2a30-4adb-bcf3-cc2ca3da9e5b created
2026-08-10 08:28:30 | team | sess_348bf82d316a | INFO | Message cfca053e-6765-4d9c-81a0-3ee1cd5423c4 created
2026-08-10 08:28:30 | team | sess_348bf82d316a | INFO | Message 5cf688e1-f8a1-4833-a0d1-e41f087a8339 created
2026-08-10 08:28:30 | team | sess_348bf82d316a | INFO | Message 7aa4ab37-dbb0-42f3-b588-c1714947195d created
2026-08-10 08:28:35 | team | sess_348bf82d316a | INFO | [planner2] processing 1 unread messages (steer=True)
2026-08-10 08:28:35 | team | sess_348bf82d316a | INFO | Message f42eea5b-9ee1-4bd9-8da9-52f5ef848341 marked as read by planner2
2026-08-10 08:28:35 | team | sess_348bf82d316a | INFO | [planner2] processing 1 unread messages (steer=True)
2026-08-10 08:28:35 | team | sess_348bf82d316a | INFO | Message cb2264aa-e466-49d0-bff1-c6f72edb0b74 marked as read by planner2
2026-08-10 08:29:19 | team | sess_348bf82d316a | INFO | [planner2] processing 1 unread messages (steer=True)
2026-08-10 08:29:19 | team | sess_348bf82d316a | INFO | Message 0a0b58d7-35d0-4643-9305-7b03977a48d9 marked as read by planner2
2026-08-10 08:32:05 | team | sess_348bf82d316a | INFO | task list drained for team jiuwen_team_sess_348bf82d316a: 3 terminal task(s)
2026-08-10 08:32:23 | team | sess_348bf82d316a | INFO | [planner2] processing 1 unread messages (steer=True)
2026-08-10 08:32:23 | team | sess_348bf82d316a | INFO | Message 4f14b73e-5701-44c0-8b8d-cd761624a889 marked as read by planner2
2026-08-10 08:32:50 | team | sess_348bf82d316a | INFO | team jiuwen_team_sess_348bf82d316a reported completed: 9 members, 3 tasks
2026-08-10 08:32:50 | team | sess_348bf82d316a | INFO | [planner2] received TEAM_STANDBY, pausing polls
2026-08-10 08:32:50 | team | sess_348bf82d316a | INFO | EventBus[teammate] pausing polls
