2026-08-10 08:26:02 | team | sess_348bf82d316a | INFO | Team workspace directory ensured at /srv/jwteam_clone/shared/run_current
2026-08-10 08:26:02 | team | sess_348bf82d316a | INFO | AgentTeam manager initialized for jiuwen_team_sess_348bf82d316a, member=team_leader
2026-08-10 08:26:02 | team | sess_348bf82d316a | INFO | [team_leader] TeamPolicyRail static sections: section_names=['team_role', 'team_workflow', 'team_swarmflow', 'team_lifecycle', 'team_persona']
2026-08-10 08:26:03 | team | sess_348bf82d316a | INFO | Session tables ready for session sess_348bf82d316a
2026-08-10 08:26:03 | team | sess_348bf82d316a | INFO | Team database initialized
2026-08-10 08:26:03 | team | default_trace_id | INFO | Team workspace directory ensured at /srv/jwteam_clone/shared/run_current
2026-08-10 08:26:03 | team | default_trace_id | INFO | AgentTeam manager initialized for jiuwen_team_sess_348bf82d316a, member=executor1
2026-08-10 08:26:03 | team | default_trace_id | INFO | [executor1] TeamPolicyRail static sections: section_names=['team_role', 'team_persona']
2026-08-10 08:26:03 | team | sess_348bf82d316a | INFO | [executor1] invoke start, role=teammate
2026-08-10 08:26:03 | team | sess_348bf82d316a | INFO | [executor1] coordination starting
2026-08-10 08:26:03 | team | sess_348bf82d316a | INFO | Session tables ready for session sess_348bf82d316a
2026-08-10 08:26:03 | team | sess_348bf82d316a | INFO | Workspace /srv/jwteam_clone/shared/run_current initialized as plain shared directory (version_control disabled)
2026-08-10 08:26:03 | team | sess_348bf82d316a | INFO | EventBus[teammate] starting
2026-08-10 08:26:24 | team | sess_348bf82d316a | INFO | [executor1] HITT section refresh: human_agent_names=[]
2026-08-10 08:26:34 | team | sess_348bf82d316a | INFO | [executor1] processing 1 unread messages (steer=True)
2026-08-10 08:26:34 | team | sess_348bf82d316a | INFO | Message 248af1d6-c291-4a78-b026-8b8c52dfa362 marked as read by executor1
2026-08-10 08:27:28 | team | sess_348bf82d316a | INFO | Task implement claimed by member executor1
2026-08-10 08:27:28 | team | sess_348bf82d316a | INFO | Task implement claimed by member executor1
2026-08-10 08:27:45 | team | sess_348bf82d316a | INFO | Message 76c5240e-1d7c-4226-b704-a1f9a095ea7d created
2026-08-10 08:28:18 | team | sess_348bf82d316a | INFO | [executor1] processing 1 unread messages (steer=True)
2026-08-10 08:28:18 | team | sess_348bf82d316a | INFO | Message 8e6a85a3-2a30-4adb-bcf3-cc2ca3da9e5b marked as read by executor1
2026-08-10 08:28:30 | team | sess_348bf82d316a | INFO | [executor1] processing 1 unread messages (steer=True)
2026-08-10 08:28:30 | team | sess_348bf82d316a | INFO | Message 7aa4ab37-dbb0-42f3-b588-c1714947195d marked as read by executor1
2026-08-10 08:29:19 | team | sess_348bf82d316a | INFO | Task implement completed at 1786346959639
2026-08-10 08:29:19 | team | sess_348bf82d316a | INFO | Message 0a0b58d7-35d0-4643-9305-7b03977a48d9 created
2026-08-10 08:29:19 | team | sess_348bf82d316a | INFO | Message 10fdea73-6acc-406b-9ab5-56f581a5cd5a created
2026-08-10 08:29:19 | team | sess_348bf82d316a | INFO | Resolved 1 dependencies for task implement
2026-08-10 08:29:19 | team | sess_348bf82d316a | INFO | Task verify unblocked (all deps resolved)
2026-08-10 08:29:19 | team | sess_348bf82d316a | INFO | Task implement completed
2026-08-10 08:29:19 | team | sess_348bf82d316a | INFO | Unblocked 1 tasks
2026-08-10 08:32:05 | team | sess_348bf82d316a | INFO | task list drained for team jiuwen_team_sess_348bf82d316a: 3 terminal task(s)
2026-08-10 08:32:23 | team | sess_348bf82d316a | INFO | [executor1] processing 1 unread messages (steer=True)
2026-08-10 08:32:23 | team | sess_348bf82d316a | INFO | Message 4f14b73e-5701-44c0-8b8d-cd761624a889 marked as read by executor1
2026-08-10 08:32:50 | team | sess_348bf82d316a | INFO | team jiuwen_team_sess_348bf82d316a reported completed: 9 members, 3 tasks
2026-08-10 08:32:50 | team | sess_348bf82d316a | INFO | [executor1] received TEAM_STANDBY, pausing polls
2026-08-10 08:32:50 | team | sess_348bf82d316a | INFO | EventBus[teammate] pausing polls
