2026-08-10 08:26:05 | team | sess_348bf82d316a | INFO | Team workspace directory ensured at /srv/jwteam_clone/shared/run_current
2026-08-10 08:26:05 | team | sess_348bf82d316a | INFO | AgentTeam manager initialized for jiuwen_team_sess_348bf82d316a, member=team_leader
2026-08-10 08:26:05 | team | sess_348bf82d316a | INFO | [team_leader] TeamPolicyRail static sections: section_names=['team_role', 'team_workflow', 'team_swarmflow', 'team_lifecycle', 'team_persona']
2026-08-10 08:26:06 | team | sess_348bf82d316a | INFO | Session tables ready for session sess_348bf82d316a
2026-08-10 08:26:06 | team | sess_348bf82d316a | INFO | Team database initialized
2026-08-10 08:26:06 | team | default_trace_id | INFO | Team workspace directory ensured at /srv/jwteam_clone/shared/run_current
2026-08-10 08:26:06 | team | default_trace_id | INFO | AgentTeam manager initialized for jiuwen_team_sess_348bf82d316a, member=verifier1
2026-08-10 08:26:06 | team | default_trace_id | INFO | [verifier1] TeamPolicyRail static sections: section_names=['team_role', 'team_persona']
2026-08-10 08:26:06 | team | sess_348bf82d316a | INFO | [verifier1] invoke start, role=teammate
2026-08-10 08:26:06 | team | sess_348bf82d316a | INFO | [verifier1] coordination starting
2026-08-10 08:26:06 | team | sess_348bf82d316a | INFO | Session tables ready for session sess_348bf82d316a
2026-08-10 08:26:06 | team | sess_348bf82d316a | INFO | Workspace /srv/jwteam_clone/shared/run_current initialized as plain shared directory (version_control disabled)
2026-08-10 08:26:06 | team | sess_348bf82d316a | INFO | EventBus[teammate] starting
2026-08-10 08:26:24 | team | sess_348bf82d316a | INFO | [verifier1] HITT section refresh: human_agent_names=[]
2026-08-10 08:26:34 | team | sess_348bf82d316a | INFO | [verifier1] processing 1 unread messages (steer=True)
2026-08-10 08:26:34 | team | sess_348bf82d316a | INFO | Message 248af1d6-c291-4a78-b026-8b8c52dfa362 marked as read by verifier1
2026-08-10 08:26:50 | team | sess_348bf82d316a | INFO | Message db811536-2bf9-4a1e-a1fe-4d019ff63192 created
2026-08-10 08:27:01 | team | sess_348bf82d316a | INFO | [verifier1] processing 1 unread messages (steer=True)
2026-08-10 08:27:01 | team | sess_348bf82d316a | INFO | Message bc15b4b7-072f-4738-8bdc-33b160b42450 marked as read by verifier1
2026-08-10 08:27:09 | team | sess_348bf82d316a | INFO | [verifier1] processing 1 unread messages (steer=True)
2026-08-10 08:27:09 | team | sess_348bf82d316a | INFO | Message 4f136964-e340-4833-8248-19362b4a5206 marked as read by verifier1
2026-08-10 08:27:17 | team | sess_348bf82d316a | INFO | Message 76b7fa31-20d4-4ca5-921c-e16341acf6aa created
2026-08-10 08:27:30 | team | sess_348bf82d316a | INFO | [verifier1] processing 1 unread messages (steer=True)
2026-08-10 08:27:30 | team | sess_348bf82d316a | INFO | Message ed21648e-0762-41cc-a626-10ebae739ae4 marked as read by verifier1
2026-08-10 08:27:45 | team | sess_348bf82d316a | INFO | Message 6c546d26-e0f9-4ff2-98a7-4ddad4398dc6 created
2026-08-10 08:27:56 | team | sess_348bf82d316a | INFO | [verifier1] processing 1 unread messages (steer=True)
2026-08-10 08:27:56 | team | sess_348bf82d316a | INFO | Message ff8510b9-101c-40ac-ada0-496412f4e84d marked as read by verifier1
2026-08-10 08:29:19 | team | sess_348bf82d316a | INFO | [verifier1] processing 1 unread messages (steer=True)
2026-08-10 08:29:19 | team | sess_348bf82d316a | INFO | Message 10fdea73-6acc-406b-9ab5-56f581a5cd5a marked as read by verifier1
2026-08-10 08:29:25 | team | sess_348bf82d316a | INFO | Message 85255b87-5195-4c12-a2f7-6b9bf77f5662 created
2026-08-10 08:29:25 | team | sess_348bf82d316a | INFO | Task verify claimed by member verifier1
2026-08-10 08:29:25 | team | sess_348bf82d316a | INFO | Task verify claimed by member verifier1
2026-08-10 08:29:30 | team | sess_348bf82d316a | INFO | [verifier1] processing 1 unread messages (steer=True)
2026-08-10 08:29:30 | team | sess_348bf82d316a | INFO | Message bf405225-0b50-4e11-a419-b35aa1eac68b marked as read by verifier1
2026-08-10 08:30:53 | team | sess_348bf82d316a | INFO | Message ce7bdfd2-7a3e-4cd1-ad9d-2144ca292fa0 created
2026-08-10 08:31:32 | team | sess_348bf82d316a | INFO | [verifier1] processing 1 unread messages (steer=True)
2026-08-10 08:31:32 | team | sess_348bf82d316a | INFO | Message 2618f14f-48bf-4656-9863-6f3a35d36c00 marked as read by verifier1
2026-08-10 08:32:05 | team | sess_348bf82d316a | INFO | Task verify completed at 1786347125709
2026-08-10 08:32:05 | team | sess_348bf82d316a | INFO | Message d8f907a1-da0f-465f-b535-ff3bceb851cb created
2026-08-10 08:32:05 | team | sess_348bf82d316a | INFO | Task verify completed
2026-08-10 08:32:23 | team | sess_348bf82d316a | INFO | [verifier1] processing 1 unread messages (steer=True)
2026-08-10 08:32:23 | team | sess_348bf82d316a | INFO | Message 4f14b73e-5701-44c0-8b8d-cd761624a889 marked as read by verifier1
2026-08-10 08:32:50 | team | sess_348bf82d316a | INFO | team jiuwen_team_sess_348bf82d316a reported completed: 9 members, 3 tasks
2026-08-10 08:32:50 | team | sess_348bf82d316a | INFO | [verifier1] received TEAM_STANDBY, pausing polls
2026-08-10 08:32:50 | team | sess_348bf82d316a | INFO | EventBus[teammate] pausing polls
