2026-08-09 16:08:01 | team | sess_39c638bb8362 | INFO | Team workspace directory ensured at /srv/jwteam_clone/shared/run_current
2026-08-09 16:08:01 | team | sess_39c638bb8362 | INFO | AgentTeam manager initialized for jiuwen_team_sess_39c638bb8362, member=team_leader
2026-08-09 16:08:01 | team | sess_39c638bb8362 | INFO | [team_leader] TeamPolicyRail static sections: section_names=['team_role', 'team_workflow', 'team_swarmflow', 'team_lifecycle', 'team_persona']
2026-08-09 16:08:01 | team | sess_39c638bb8362 | INFO | Session tables ready for session sess_39c638bb8362
2026-08-09 16:08:01 | team | sess_39c638bb8362 | INFO | Team database initialized
2026-08-09 16:08:01 | team | default_trace_id | INFO | Team workspace directory ensured at /srv/jwteam_clone/shared/run_current
2026-08-09 16:08:01 | team | default_trace_id | INFO | AgentTeam manager initialized for jiuwen_team_sess_39c638bb8362, member=fullstack1
2026-08-09 16:08:01 | team | default_trace_id | INFO | [fullstack1] TeamPolicyRail static sections: section_names=['team_role', 'team_persona']
2026-08-09 16:08:01 | team | sess_39c638bb8362 | INFO | [fullstack1] invoke start, role=teammate
2026-08-09 16:08:01 | team | sess_39c638bb8362 | INFO | [fullstack1] coordination starting
2026-08-09 16:08:01 | team | sess_39c638bb8362 | INFO | Session tables ready for session sess_39c638bb8362
2026-08-09 16:08:01 | team | sess_39c638bb8362 | INFO | Workspace /srv/jwteam_clone/shared/run_current initialized as plain shared directory (version_control disabled)
2026-08-09 16:08:01 | team | sess_39c638bb8362 | INFO | EventBus[teammate] starting
2026-08-09 16:09:07 | team | sess_39c638bb8362 | INFO | [fullstack1] HITT section refresh: human_agent_names=[]
2026-08-09 16:09:18 | team | sess_39c638bb8362 | INFO | [fullstack1] processing 1 unread messages (steer=True)
2026-08-09 16:09:18 | team | sess_39c638bb8362 | INFO | Message 41421364-19f0-4558-9278-f3e8adad1483 marked as read by fullstack1
2026-08-09 16:16:55 | team | sess_39c638bb8362 | INFO | task list drained for team jiuwen_team_sess_39c638bb8362: 3 terminal task(s)
2026-08-09 16:17:25 | team | sess_39c638bb8362 | INFO | task list drained for team jiuwen_team_sess_39c638bb8362: 4 terminal task(s)
2026-08-09 16:17:58 | team | sess_39c638bb8362 | INFO | [fullstack1] processing 1 unread messages (steer=True)
2026-08-09 16:17:58 | team | sess_39c638bb8362 | INFO | Message abb109c3-6268-46be-a7e5-680571716484 marked as read by fullstack1
2026-08-09 16:18:43 | team | sess_39c638bb8362 | INFO | team jiuwen_team_sess_39c638bb8362 reported completed: 9 members, 4 tasks
2026-08-09 16:18:43 | team | sess_39c638bb8362 | INFO | [fullstack1] received TEAM_STANDBY, pausing polls
2026-08-09 16:18:43 | team | sess_39c638bb8362 | INFO | EventBus[teammate] pausing polls
