2026-08-09 16:07:54 | team | sess_39c638bb8362 | INFO | Team workspace directory ensured at /srv/jwteam_clone/shared/run_current
2026-08-09 16:07:54 | team | sess_39c638bb8362 | INFO | AgentTeam manager initialized for jiuwen_team_sess_39c638bb8362, member=team_leader
2026-08-09 16:07:54 | team | sess_39c638bb8362 | INFO | [team_leader] TeamPolicyRail static sections: section_names=['team_role', 'team_workflow', 'team_swarmflow', 'team_lifecycle', 'team_persona']
2026-08-09 16:07:55 | team | sess_39c638bb8362 | INFO | Session tables ready for session sess_39c638bb8362
2026-08-09 16:07:55 | team | sess_39c638bb8362 | INFO | Team database initialized
2026-08-09 16:07:55 | team | default_trace_id | INFO | Team workspace directory ensured at /srv/jwteam_clone/shared/run_current
2026-08-09 16:07:55 | team | default_trace_id | INFO | AgentTeam manager initialized for jiuwen_team_sess_39c638bb8362, member=planner2
2026-08-09 16:07:55 | team | default_trace_id | INFO | [planner2] TeamPolicyRail static sections: section_names=['team_role', 'team_persona']
2026-08-09 16:07:55 | team | sess_39c638bb8362 | INFO | [planner2] invoke start, role=teammate
2026-08-09 16:07:55 | team | sess_39c638bb8362 | INFO | [planner2] coordination starting
2026-08-09 16:07:55 | team | sess_39c638bb8362 | INFO | Session tables ready for session sess_39c638bb8362
2026-08-09 16:07:55 | team | sess_39c638bb8362 | INFO | Workspace /srv/jwteam_clone/shared/run_current initialized as plain shared directory (version_control disabled)
2026-08-09 16:07:55 | team | sess_39c638bb8362 | INFO | EventBus[teammate] starting
2026-08-09 16:09:07 | team | sess_39c638bb8362 | INFO | [planner2] HITT section refresh: human_agent_names=[]
2026-08-09 16:09:18 | team | sess_39c638bb8362 | INFO | [planner2] processing 1 unread messages (steer=True)
2026-08-09 16:09:18 | team | sess_39c638bb8362 | INFO | Message 41421364-19f0-4558-9278-f3e8adad1483 marked as read by planner2
2026-08-09 16:09:24 | team | sess_39c638bb8362 | INFO | Message 7eca6781-447b-495c-b86d-e220bcf6c716 created
2026-08-09 16:09:38 | team | sess_39c638bb8362 | INFO | [planner2] processing 1 unread messages (steer=True)
2026-08-09 16:09:38 | team | sess_39c638bb8362 | INFO | Message 56bf6356-0022-45f3-b876-371337145d08 marked as read by planner2
2026-08-09 16:09:48 | team | sess_39c638bb8362 | INFO | Message be36421d-2af7-4076-98d5-ae8be8ab7e12 created
2026-08-09 16:10:01 | team | sess_39c638bb8362 | INFO | Message ed9304ed-c3b5-4d8f-8566-d64aa4e2fb8c created
2026-08-09 16:10:23 | team | sess_39c638bb8362 | INFO | [planner2] processing 1 unread messages (steer=True)
2026-08-09 16:10:23 | team | sess_39c638bb8362 | INFO | Message 9fe9db38-c564-4c1c-a78f-e678d601be1a marked as read by planner2
2026-08-09 16:10:27 | team | sess_39c638bb8362 | INFO | Message d4ddce82-5644-4c7a-96cf-19de740fc7dc created
2026-08-09 16:16:55 | team | sess_39c638bb8362 | INFO | task list drained for team jiuwen_team_sess_39c638bb8362: 3 terminal task(s)
2026-08-09 16:17:25 | team | sess_39c638bb8362 | INFO | task list drained for team jiuwen_team_sess_39c638bb8362: 4 terminal task(s)
2026-08-09 16:17:30 | team | sess_39c638bb8362 | INFO | Message faf38bc4-8ba2-42f8-a90f-5735fac03a46 created
2026-08-09 16:17:58 | team | sess_39c638bb8362 | INFO | [planner2] processing 1 unread messages (steer=True)
2026-08-09 16:17:58 | team | sess_39c638bb8362 | INFO | Message abb109c3-6268-46be-a7e5-680571716484 marked as read by planner2
2026-08-09 16:17:58 | team | sess_39c638bb8362 | INFO | [planner2] processing 1 unread messages (steer=True)
2026-08-09 16:17:58 | team | sess_39c638bb8362 | INFO | Message d2e6f43d-e2b2-45d5-b25f-e20d801d567c marked as read by planner2
2026-08-09 16:18:43 | team | sess_39c638bb8362 | INFO | team jiuwen_team_sess_39c638bb8362 reported completed: 9 members, 4 tasks
2026-08-09 16:18:43 | team | sess_39c638bb8362 | INFO | [planner2] received TEAM_STANDBY, pausing polls
2026-08-09 16:18:43 | team | sess_39c638bb8362 | INFO | EventBus[teammate] pausing polls
