2026-08-09 16:07:53 | team | sess_39c638bb8362 | INFO | Team workspace directory ensured at /srv/jwteam_clone/shared/run_current
2026-08-09 16:07:53 | team | sess_39c638bb8362 | INFO | AgentTeam manager initialized for jiuwen_team_sess_39c638bb8362, member=team_leader
2026-08-09 16:07:53 | team | sess_39c638bb8362 | INFO | [team_leader] TeamPolicyRail static sections: section_names=['team_role', 'team_workflow', 'team_swarmflow', 'team_lifecycle', 'team_persona']
2026-08-09 16:07:54 | team | sess_39c638bb8362 | INFO | Session tables ready for session sess_39c638bb8362
2026-08-09 16:07:54 | team | sess_39c638bb8362 | INFO | Team database initialized
2026-08-09 16:07:54 | team | default_trace_id | INFO | Team workspace directory ensured at /srv/jwteam_clone/shared/run_current
2026-08-09 16:07:54 | team | default_trace_id | INFO | AgentTeam manager initialized for jiuwen_team_sess_39c638bb8362, member=planner1
2026-08-09 16:07:54 | team | default_trace_id | INFO | [planner1] TeamPolicyRail static sections: section_names=['team_role', 'team_persona']
2026-08-09 16:07:54 | team | sess_39c638bb8362 | INFO | [planner1] invoke start, role=teammate
2026-08-09 16:07:54 | team | sess_39c638bb8362 | INFO | [planner1] coordination starting
2026-08-09 16:07:54 | team | sess_39c638bb8362 | INFO | Session tables ready for session sess_39c638bb8362
2026-08-09 16:07:54 | team | sess_39c638bb8362 | INFO | Workspace /srv/jwteam_clone/shared/run_current initialized as plain shared directory (version_control disabled)
2026-08-09 16:07:54 | team | sess_39c638bb8362 | INFO | EventBus[teammate] starting
2026-08-09 16:09:07 | team | sess_39c638bb8362 | INFO | [planner1] HITT section refresh: human_agent_names=[]
2026-08-09 16:09:12 | team | sess_39c638bb8362 | INFO | Task plan claimed by member planner1
2026-08-09 16:09:12 | team | sess_39c638bb8362 | INFO | Task plan claimed by member planner1
2026-08-09 16:09:18 | team | sess_39c638bb8362 | INFO | [planner1] processing 1 unread messages (steer=True)
2026-08-09 16:09:18 | team | sess_39c638bb8362 | INFO | Message 41421364-19f0-4558-9278-f3e8adad1483 marked as read by planner1
2026-08-09 16:09:24 | team | sess_39c638bb8362 | INFO | [planner1] processing 1 unread messages (steer=True)
2026-08-09 16:09:24 | team | sess_39c638bb8362 | INFO | Message 7eca6781-447b-495c-b86d-e220bcf6c716 marked as read by planner1
2026-08-09 16:09:38 | team | sess_39c638bb8362 | INFO | Message 56bf6356-0022-45f3-b876-371337145d08 created
2026-08-09 16:09:48 | team | sess_39c638bb8362 | INFO | [planner1] processing 1 unread messages (steer=True)
2026-08-09 16:09:48 | team | sess_39c638bb8362 | INFO | Message be36421d-2af7-4076-98d5-ae8be8ab7e12 marked as read by planner1
2026-08-09 16:09:53 | team | sess_39c638bb8362 | INFO | Message 8c0c95a1-cc5d-4a40-a542-735978e60d4d created
2026-08-09 16:09:58 | team | sess_39c638bb8362 | INFO | Task plan completed at 1786288198427
2026-08-09 16:09:58 | team | sess_39c638bb8362 | INFO | Resolved 1 dependencies for task plan
2026-08-09 16:09:58 | team | sess_39c638bb8362 | INFO | Task implement unblocked (all deps resolved)
2026-08-09 16:09:58 | team | sess_39c638bb8362 | INFO | Task plan completed
2026-08-09 16:09:58 | team | sess_39c638bb8362 | INFO | Unblocked 1 tasks
2026-08-09 16:10:05 | team | sess_39c638bb8362 | INFO | Message 773061b3-08ec-436e-8bd8-879ed50fcc89 created
2026-08-09 16:10:23 | team | sess_39c638bb8362 | INFO | [planner1] processing 1 unread messages (steer=True)
2026-08-09 16:10:23 | team | sess_39c638bb8362 | INFO | Message 7077928a-e860-4759-8d53-32690e5d6ed3 marked as read by planner1
2026-08-09 16:16:55 | team | sess_39c638bb8362 | INFO | task list drained for team jiuwen_team_sess_39c638bb8362: 3 terminal task(s)
2026-08-09 16:17:25 | team | sess_39c638bb8362 | INFO | task list drained for team jiuwen_team_sess_39c638bb8362: 4 terminal task(s)
2026-08-09 16:17:30 | team | sess_39c638bb8362 | INFO | Message 28e98cd7-6a4b-4b18-ad17-d79b6c220ba8 created
2026-08-09 16:17:58 | team | sess_39c638bb8362 | INFO | [planner1] processing 1 unread messages (steer=True)
2026-08-09 16:17:58 | team | sess_39c638bb8362 | INFO | Message abb109c3-6268-46be-a7e5-680571716484 marked as read by planner1
2026-08-09 16:17:58 | team | sess_39c638bb8362 | INFO | [planner1] processing 1 unread messages (steer=True)
2026-08-09 16:17:58 | team | sess_39c638bb8362 | INFO | Message 173bf97c-33fd-492f-84c9-26ac790e030b marked as read by planner1
2026-08-09 16:18:43 | team | sess_39c638bb8362 | INFO | team jiuwen_team_sess_39c638bb8362 reported completed: 9 members, 4 tasks
2026-08-09 16:18:43 | team | sess_39c638bb8362 | INFO | [planner1] received TEAM_STANDBY, pausing polls
2026-08-09 16:18:43 | team | sess_39c638bb8362 | INFO | EventBus[teammate] pausing polls
