2026-08-09 16:07:58 | team | sess_39c638bb8362 | INFO | Team workspace directory ensured at /srv/jwteam_clone/shared/run_current
2026-08-09 16:07:58 | team | sess_39c638bb8362 | INFO | AgentTeam manager initialized for jiuwen_team_sess_39c638bb8362, member=team_leader
2026-08-09 16:07:58 | team | sess_39c638bb8362 | INFO | [team_leader] TeamPolicyRail static sections: section_names=['team_role', 'team_workflow', 'team_swarmflow', 'team_lifecycle', 'team_persona']
2026-08-09 16:07:58 | team | sess_39c638bb8362 | INFO | Session tables ready for session sess_39c638bb8362
2026-08-09 16:07:58 | team | sess_39c638bb8362 | INFO | Team database initialized
2026-08-09 16:07:58 | team | default_trace_id | INFO | Team workspace directory ensured at /srv/jwteam_clone/shared/run_current
2026-08-09 16:07:58 | team | default_trace_id | INFO | AgentTeam manager initialized for jiuwen_team_sess_39c638bb8362, member=verifier1
2026-08-09 16:07:58 | team | default_trace_id | INFO | [verifier1] TeamPolicyRail static sections: section_names=['team_role', 'team_persona']
2026-08-09 16:07:58 | team | sess_39c638bb8362 | INFO | [verifier1] invoke start, role=teammate
2026-08-09 16:07:58 | team | sess_39c638bb8362 | INFO | [verifier1] coordination starting
2026-08-09 16:07:58 | team | sess_39c638bb8362 | INFO | Session tables ready for session sess_39c638bb8362
2026-08-09 16:07:58 | team | sess_39c638bb8362 | INFO | Workspace /srv/jwteam_clone/shared/run_current initialized as plain shared directory (version_control disabled)
2026-08-09 16:07:58 | team | sess_39c638bb8362 | INFO | EventBus[teammate] starting
2026-08-09 16:09:07 | team | sess_39c638bb8362 | INFO | [verifier1] HITT section refresh: human_agent_names=[]
2026-08-09 16:09:18 | team | sess_39c638bb8362 | INFO | [verifier1] processing 1 unread messages (steer=True)
2026-08-09 16:09:18 | team | sess_39c638bb8362 | INFO | Message 41421364-19f0-4558-9278-f3e8adad1483 marked as read by verifier1
2026-08-09 16:15:08 | team | sess_39c638bb8362 | INFO | Task verify claimed by member verifier1
2026-08-09 16:15:08 | team | sess_39c638bb8362 | INFO | Task verify claimed by member verifier1
2026-08-09 16:15:10 | team | sess_39c638bb8362 | INFO | [verifier1] processing 1 unread messages (steer=True)
2026-08-09 16:15:10 | team | sess_39c638bb8362 | INFO | Message 36bade4b-60eb-43a8-9c84-f36c1d5aa5af marked as read by verifier1
2026-08-09 16:16:55 | team | sess_39c638bb8362 | INFO | Message a6fcba9e-f8af-4b89-ab3a-df6c6158b87a created
2026-08-09 16:16:55 | team | sess_39c638bb8362 | INFO | Task verify completed at 1786288615362
2026-08-09 16:16:55 | team | sess_39c638bb8362 | INFO | Message 5958d280-840d-4e33-a261-c358450c3f4f created
2026-08-09 16:16:55 | team | sess_39c638bb8362 | INFO | Task verify completed
2026-08-09 16:17:11 | team | sess_39c638bb8362 | INFO | [verifier1] processing 2 unread messages (steer=True)
2026-08-09 16:17:11 | team | sess_39c638bb8362 | INFO | Message fcaaf68c-7e35-45ac-816e-6610cbaaed1e marked as read by verifier1
2026-08-09 16:17:11 | team | sess_39c638bb8362 | INFO | Message b017693f-9b07-4862-89d1-51386d827b84 marked as read by verifier1
2026-08-09 16:17:25 | team | sess_39c638bb8362 | INFO | task list drained for team jiuwen_team_sess_39c638bb8362: 4 terminal task(s)
2026-08-09 16:17:56 | team | sess_39c638bb8362 | INFO | Message 9fc2f9ca-0fde-4968-852b-a30c583822d7 created
2026-08-09 16:17:56 | team | sess_39c638bb8362 | INFO | Message 9534567c-7580-4e1f-9e2a-ec3e57d3c9f3 created
2026-08-09 16:17:58 | team | sess_39c638bb8362 | INFO | [verifier1] processing 1 unread messages (steer=True)
2026-08-09 16:17:58 | team | sess_39c638bb8362 | INFO | Message abb109c3-6268-46be-a7e5-680571716484 marked as read by verifier1
2026-08-09 16:18:43 | team | sess_39c638bb8362 | INFO | team jiuwen_team_sess_39c638bb8362 reported completed: 9 members, 4 tasks
2026-08-09 16:18:43 | team | sess_39c638bb8362 | INFO | [verifier1] received TEAM_STANDBY, pausing polls
2026-08-09 16:18:43 | team | sess_39c638bb8362 | INFO | EventBus[teammate] pausing polls
