2026-08-09 16:07:55 | team | sess_39c638bb8362 | INFO | Team workspace directory ensured at /srv/jwteam_clone/shared/run_current
2026-08-09 16:07:55 | team | sess_39c638bb8362 | INFO | AgentTeam manager initialized for jiuwen_team_sess_39c638bb8362, member=team_leader
2026-08-09 16:07:55 | team | sess_39c638bb8362 | INFO | [team_leader] TeamPolicyRail static sections: section_names=['team_role', 'team_workflow', 'team_swarmflow', 'team_lifecycle', 'team_persona']
2026-08-09 16:07:56 | team | sess_39c638bb8362 | INFO | Session tables ready for session sess_39c638bb8362
2026-08-09 16:07:56 | team | sess_39c638bb8362 | INFO | Team database initialized
2026-08-09 16:07:56 | team | default_trace_id | INFO | Team workspace directory ensured at /srv/jwteam_clone/shared/run_current
2026-08-09 16:07:56 | team | default_trace_id | INFO | AgentTeam manager initialized for jiuwen_team_sess_39c638bb8362, member=executor1
2026-08-09 16:07:56 | team | default_trace_id | INFO | [executor1] TeamPolicyRail static sections: section_names=['team_role', 'team_persona']
2026-08-09 16:07:56 | team | sess_39c638bb8362 | INFO | [executor1] invoke start, role=teammate
2026-08-09 16:07:56 | team | sess_39c638bb8362 | INFO | [executor1] coordination starting
2026-08-09 16:07:56 | team | sess_39c638bb8362 | INFO | Session tables ready for session sess_39c638bb8362
2026-08-09 16:07:56 | team | sess_39c638bb8362 | INFO | Workspace /srv/jwteam_clone/shared/run_current initialized as plain shared directory (version_control disabled)
2026-08-09 16:07:56 | team | sess_39c638bb8362 | INFO | EventBus[teammate] starting
2026-08-09 16:09:07 | team | sess_39c638bb8362 | INFO | [executor1] HITT section refresh: human_agent_names=[]
2026-08-09 16:09:18 | team | sess_39c638bb8362 | INFO | [executor1] processing 1 unread messages (steer=True)
2026-08-09 16:09:18 | team | sess_39c638bb8362 | INFO | Message 41421364-19f0-4558-9278-f3e8adad1483 marked as read by executor1
2026-08-09 16:09:53 | team | sess_39c638bb8362 | INFO | [executor1] processing 1 unread messages (steer=True)
2026-08-09 16:09:53 | team | sess_39c638bb8362 | INFO | Message 8c0c95a1-cc5d-4a40-a542-735978e60d4d marked as read by executor1
2026-08-09 16:10:49 | team | sess_39c638bb8362 | INFO | Message 8729c3d6-8741-47b7-b280-42352dfba737 created
2026-08-09 16:10:55 | team | sess_39c638bb8362 | INFO | Message 853ab5ad-033a-4e3b-a799-042718754137 created
2026-08-09 16:11:11 | team | sess_39c638bb8362 | INFO | [executor1] processing 1 unread messages (steer=True)
2026-08-09 16:11:12 | team | sess_39c638bb8362 | INFO | Message f24e4554-7613-481b-98ce-f12b0de52570 marked as read by executor1
2026-08-09 16:11:16 | team | sess_39c638bb8362 | INFO | Task implement claimed by member executor1
2026-08-09 16:11:16 | team | sess_39c638bb8362 | INFO | Task implement claimed by member executor1
2026-08-09 16:11:32 | team | sess_39c638bb8362 | INFO | [executor1] processing 1 unread messages (steer=True)
2026-08-09 16:11:32 | team | sess_39c638bb8362 | INFO | Message 3aca24c0-23ed-4f48-82c5-1fa578f21969 marked as read by executor1
2026-08-09 16:15:01 | team | sess_39c638bb8362 | INFO | Task implement completed at 1786288501517
2026-08-09 16:15:01 | team | sess_39c638bb8362 | INFO | Resolved 1 dependencies for task implement
2026-08-09 16:15:01 | team | sess_39c638bb8362 | INFO | Task verify unblocked (all deps resolved)
2026-08-09 16:15:01 | team | sess_39c638bb8362 | INFO | Task implement completed
2026-08-09 16:15:01 | team | sess_39c638bb8362 | INFO | Unblocked 1 tasks
2026-08-09 16:15:10 | team | sess_39c638bb8362 | INFO | Message 36bade4b-60eb-43a8-9c84-f36c1d5aa5af created
2026-08-09 16:16:55 | team | sess_39c638bb8362 | INFO | [executor1] processing 1 unread messages (steer=True)
2026-08-09 16:16:55 | team | sess_39c638bb8362 | INFO | Message a6fcba9e-f8af-4b89-ab3a-df6c6158b87a marked as read by executor1
2026-08-09 16:16:55 | team | sess_39c638bb8362 | INFO | task list drained for team jiuwen_team_sess_39c638bb8362: 3 terminal task(s)
2026-08-09 16:17:11 | team | sess_39c638bb8362 | INFO | Message fcaaf68c-7e35-45ac-816e-6610cbaaed1e created
2026-08-09 16:17:16 | team | sess_39c638bb8362 | INFO | Task fix-pagesize claimed by member executor1
2026-08-09 16:17:16 | team | sess_39c638bb8362 | INFO | Task fix-pagesize claimed by member executor1
2026-08-09 16:17:25 | team | sess_39c638bb8362 | INFO | Task fix-pagesize completed at 1786288645478
2026-08-09 16:17:25 | team | sess_39c638bb8362 | INFO | Task fix-pagesize completed
2026-08-09 16:17:56 | team | sess_39c638bb8362 | INFO | [executor1] processing 1 unread messages (steer=True)
2026-08-09 16:17:56 | team | sess_39c638bb8362 | INFO | Message 9534567c-7580-4e1f-9e2a-ec3e57d3c9f3 marked as read by executor1
2026-08-09 16:17:58 | team | sess_39c638bb8362 | INFO | [executor1] processing 1 unread messages (steer=True)
2026-08-09 16:17:58 | team | sess_39c638bb8362 | INFO | Message abb109c3-6268-46be-a7e5-680571716484 marked as read by executor1
2026-08-09 16:18:43 | team | sess_39c638bb8362 | INFO | team jiuwen_team_sess_39c638bb8362 reported completed: 9 members, 4 tasks
2026-08-09 16:18:43 | team | sess_39c638bb8362 | INFO | [executor1] received TEAM_STANDBY, pausing polls
2026-08-09 16:18:43 | team | sess_39c638bb8362 | INFO | EventBus[teammate] pausing polls
