2026-08-09 16:07:58 | team | sess_39c638bb8362 | INFO | Team workspace directory ensured at /srv/jwteam_clone/shared/run_current
2026-08-09 16:07:58 | team | sess_39c638bb8362 | INFO | AgentTeam manager initialized for jiuwen_team_sess_39c638bb8362, member=team_leader
2026-08-09 16:07:58 | team | sess_39c638bb8362 | INFO | [team_leader] TeamPolicyRail static sections: section_names=['team_role', 'team_workflow', 'team_swarmflow', 'team_lifecycle', 'team_persona']
2026-08-09 16:07:58 | team | sess_39c638bb8362 | INFO | Session tables ready for session sess_39c638bb8362
2026-08-09 16:07:58 | team | sess_39c638bb8362 | INFO | Team database initialized
2026-08-09 16:07:58 | team | default_trace_id | INFO | Team workspace directory ensured at /srv/jwteam_clone/shared/run_current
2026-08-09 16:07:58 | team | default_trace_id | INFO | AgentTeam manager initialized for jiuwen_team_sess_39c638bb8362, member=executor3
2026-08-09 16:07:58 | team | default_trace_id | INFO | [executor3] TeamPolicyRail static sections: section_names=['team_role', 'team_persona']
2026-08-09 16:07:58 | team | sess_39c638bb8362 | INFO | [executor3] invoke start, role=teammate
2026-08-09 16:07:58 | team | sess_39c638bb8362 | INFO | [executor3] coordination starting
2026-08-09 16:07:58 | team | sess_39c638bb8362 | INFO | Session tables ready for session sess_39c638bb8362
2026-08-09 16:07:58 | team | sess_39c638bb8362 | INFO | Workspace /srv/jwteam_clone/shared/run_current initialized as plain shared directory (version_control disabled)
2026-08-09 16:07:58 | team | sess_39c638bb8362 | INFO | EventBus[teammate] starting
2026-08-09 16:09:07 | team | sess_39c638bb8362 | INFO | [executor3] HITT section refresh: human_agent_names=[]
2026-08-09 16:09:18 | team | sess_39c638bb8362 | INFO | [executor3] processing 1 unread messages (steer=True)
2026-08-09 16:09:18 | team | sess_39c638bb8362 | INFO | Message 41421364-19f0-4558-9278-f3e8adad1483 marked as read by executor3
2026-08-09 16:10:11 | team | sess_39c638bb8362 | INFO | Task implement claimed by member executor3
2026-08-09 16:10:11 | team | sess_39c638bb8362 | INFO | Task implement claimed by member executor3
2026-08-09 16:10:49 | team | sess_39c638bb8362 | INFO | [executor3] processing 1 unread messages (steer=True)
2026-08-09 16:10:49 | team | sess_39c638bb8362 | INFO | Message 8729c3d6-8741-47b7-b280-42352dfba737 marked as read by executor3
2026-08-09 16:11:11 | team | sess_39c638bb8362 | INFO | [executor3] processing 1 unread messages (steer=True)
2026-08-09 16:11:11 | team | sess_39c638bb8362 | INFO | Message fbe70f40-d81c-4d01-8aae-07461f902a58 marked as read by executor3
2026-08-09 16:11:12 | team | sess_39c638bb8362 | INFO | [executor3] processing 1 unread messages (steer=True)
2026-08-09 16:11:12 | team | sess_39c638bb8362 | INFO | Message e839cacf-1db3-4ad9-a3f4-5ad05b2d6f4a marked as read by executor3
2026-08-09 16:11:32 | team | sess_39c638bb8362 | INFO | Message 3aca24c0-23ed-4f48-82c5-1fa578f21969 created
2026-08-09 16:11:32 | team | sess_39c638bb8362 | INFO | Message cb6a693a-0182-4d03-8e46-c7c9eeb7178b created
2026-08-09 16:16:55 | team | sess_39c638bb8362 | INFO | task list drained for team jiuwen_team_sess_39c638bb8362: 3 terminal task(s)
2026-08-09 16:17:25 | team | sess_39c638bb8362 | INFO | task list drained for team jiuwen_team_sess_39c638bb8362: 4 terminal task(s)
2026-08-09 16:17:58 | team | sess_39c638bb8362 | INFO | [executor3] processing 1 unread messages (steer=True)
2026-08-09 16:17:58 | team | sess_39c638bb8362 | INFO | Message abb109c3-6268-46be-a7e5-680571716484 marked as read by executor3
2026-08-09 16:18:43 | team | sess_39c638bb8362 | INFO | team jiuwen_team_sess_39c638bb8362 reported completed: 9 members, 4 tasks
2026-08-09 16:18:43 | team | sess_39c638bb8362 | INFO | [executor3] received TEAM_STANDBY, pausing polls
2026-08-09 16:18:43 | team | sess_39c638bb8362 | INFO | EventBus[teammate] pausing polls
