2026-08-09 18:38:15 | team | sess_ac3e731734a0 | INFO | Team workspace directory ensured at /srv/jwteam_clone/shared/run_current
2026-08-09 18:38:15 | team | sess_ac3e731734a0 | INFO | AgentTeam manager initialized for jiuwen_team_sess_ac3e731734a0, member=team_leader
2026-08-09 18:38:15 | team | sess_ac3e731734a0 | INFO | [team_leader] TeamPolicyRail static sections: section_names=['team_role', 'team_workflow', 'team_swarmflow', 'team_lifecycle', 'team_persona']
2026-08-09 18:38:15 | team | sess_ac3e731734a0 | INFO | Session tables ready for session sess_ac3e731734a0
2026-08-09 18:38:15 | team | sess_ac3e731734a0 | INFO | Team database initialized
2026-08-09 18:38:15 | team | default_trace_id | INFO | Team workspace directory ensured at /srv/jwteam_clone/shared/run_current
2026-08-09 18:38:15 | team | default_trace_id | INFO | AgentTeam manager initialized for jiuwen_team_sess_ac3e731734a0, member=executor1
2026-08-09 18:38:15 | team | default_trace_id | INFO | [executor1] TeamPolicyRail static sections: section_names=['team_role', 'team_persona']
2026-08-09 18:38:16 | team | sess_ac3e731734a0 | INFO | [executor1] invoke start, role=teammate
2026-08-09 18:38:16 | team | sess_ac3e731734a0 | INFO | [executor1] coordination starting
2026-08-09 18:38:16 | team | sess_ac3e731734a0 | INFO | Session tables ready for session sess_ac3e731734a0
2026-08-09 18:38:16 | team | sess_ac3e731734a0 | INFO | Workspace /srv/jwteam_clone/shared/run_current initialized as plain shared directory (version_control disabled)
2026-08-09 18:38:16 | team | sess_ac3e731734a0 | INFO | EventBus[teammate] starting
2026-08-09 18:39:23 | team | sess_ac3e731734a0 | INFO | [executor1] HITT section refresh: human_agent_names=[]
2026-08-09 18:39:35 | team | sess_ac3e731734a0 | INFO | [executor1] processing 1 unread messages (steer=True)
2026-08-09 18:39:35 | team | sess_ac3e731734a0 | INFO | Message 31dc469f-a9dc-4b22-937a-846eff71ed52 marked as read by executor1
2026-08-09 18:39:55 | team | sess_ac3e731734a0 | INFO | Message 8b140877-83f3-435c-9f64-76d56d21a819 created
2026-08-09 18:40:30 | team | sess_ac3e731734a0 | INFO | [executor1] processing 1 unread messages (steer=True)
2026-08-09 18:40:30 | team | sess_ac3e731734a0 | INFO | Message f9264901-70ad-4a0f-a70f-577c06cf7768 marked as read by executor1
2026-08-09 18:40:44 | team | sess_ac3e731734a0 | INFO | Message 53ed1e7d-f88c-4c61-bafb-7ae4262fd088 created
2026-08-09 18:41:13 | team | sess_ac3e731734a0 | INFO | [executor1] processing 1 unread messages (steer=True)
2026-08-09 18:41:13 | team | sess_ac3e731734a0 | INFO | Message 8ddc3976-35b5-464d-b94f-10860e3a531e marked as read by executor1
2026-08-09 18:41:17 | team | sess_ac3e731734a0 | INFO | [executor1] processing 1 unread messages (steer=True)
2026-08-09 18:41:17 | team | sess_ac3e731734a0 | INFO | Message 16908448-550a-4b59-a939-d39e6d2b7669 marked as read by executor1
2026-08-09 18:41:22 | team | sess_ac3e731734a0 | INFO | Message 18e61b97-84fb-4cdf-ac22-d0ea2cfa315a created
2026-08-09 18:41:22 | team | sess_ac3e731734a0 | INFO | Task implement claimed by member executor1
2026-08-09 18:41:22 | team | sess_ac3e731734a0 | INFO | Task implement claimed by member executor1
2026-08-09 18:44:37 | team | sess_ac3e731734a0 | INFO | Task implement completed at 1786297477240
2026-08-09 18:44:37 | team | sess_ac3e731734a0 | INFO | Resolved 2 dependencies for task implement
2026-08-09 18:44:37 | team | sess_ac3e731734a0 | INFO | Task verify1 unblocked (all deps resolved)
2026-08-09 18:44:37 | team | sess_ac3e731734a0 | INFO | Task verify2 unblocked (all deps resolved)
2026-08-09 18:44:37 | team | sess_ac3e731734a0 | INFO | Task implement completed
2026-08-09 18:44:37 | team | sess_ac3e731734a0 | INFO | Unblocked 2 tasks
2026-08-09 18:44:48 | team | sess_ac3e731734a0 | INFO | Message 0ca07b4d-9c88-4d3a-903e-384c07aa1378 created
2026-08-09 18:44:48 | team | sess_ac3e731734a0 | INFO | Message 755ec6de-00c7-49e9-ac3f-06ca92c7725e created
2026-08-09 18:45:08 | team | sess_ac3e731734a0 | INFO | Message 185771a1-9a7b-4044-81f0-28d5f324a0d1 created
2026-08-09 18:48:51 | team | sess_ac3e731734a0 | INFO | task list drained for team jiuwen_team_sess_ac3e731734a0: 4 terminal task(s)
2026-08-09 18:49:31 | team | sess_ac3e731734a0 | INFO | [executor1] received TASK_CLAIMED for self, task_id=fix, human_agent=False
2026-08-09 18:49:40 | team | sess_ac3e731734a0 | INFO | [executor1] processing 1 unread messages (steer=True)
2026-08-09 18:49:40 | team | sess_ac3e731734a0 | INFO | Message 2f9f9c48-48b4-4993-832c-dc21c63980d6 marked as read by executor1
2026-08-09 18:50:04 | team | sess_ac3e731734a0 | INFO | [executor1] processing 1 unread messages (steer=True)
2026-08-09 18:50:04 | team | sess_ac3e731734a0 | INFO | Message 2e543408-e0c8-4800-a3c9-5c36a6875ecd marked as read by executor1
2026-08-09 18:54:17 | team | sess_ac3e731734a0 | INFO | Task fix completed at 1786298057409
2026-08-09 18:54:17 | team | sess_ac3e731734a0 | INFO | Message bf289dc4-1620-4df0-af61-83f6eacf9185 created
2026-08-09 18:54:17 | team | sess_ac3e731734a0 | INFO | Resolved 2 dependencies for task fix
2026-08-09 18:54:17 | team | sess_ac3e731734a0 | INFO | Task verify1-r2 unblocked (all deps resolved)
2026-08-09 18:54:17 | team | sess_ac3e731734a0 | INFO | Task verify2-r2 unblocked (all deps resolved)
2026-08-09 18:54:17 | team | sess_ac3e731734a0 | INFO | Task fix completed
2026-08-09 18:54:17 | team | sess_ac3e731734a0 | INFO | Unblocked 2 tasks
2026-08-09 18:54:17 | team | sess_ac3e731734a0 | INFO | Message d88b2f1f-36d8-40df-8928-0007e9437b3c created
2026-08-09 18:54:25 | team | sess_ac3e731734a0 | INFO | Message cf7537a1-b08c-44b0-b696-eaad420e2f7a created
2026-08-09 18:56:21 | team | sess_ac3e731734a0 | INFO | task list drained for team jiuwen_team_sess_ac3e731734a0: 7 terminal task(s)
2026-08-09 18:57:01 | team | sess_ac3e731734a0 | INFO | team jiuwen_team_sess_ac3e731734a0 reported completed: 9 members, 7 tasks
2026-08-09 18:57:01 | team | sess_ac3e731734a0 | INFO | [executor1] received TEAM_STANDBY, pausing polls
2026-08-09 18:57:01 | team | sess_ac3e731734a0 | INFO | EventBus[teammate] pausing polls
