2026-08-09 18:38:13 | team | sess_ac3e731734a0 | INFO | Team workspace directory ensured at /srv/jwteam_clone/shared/run_current
2026-08-09 18:38:13 | team | sess_ac3e731734a0 | INFO | AgentTeam manager initialized for jiuwen_team_sess_ac3e731734a0, member=team_leader
2026-08-09 18:38:13 | team | sess_ac3e731734a0 | INFO | [team_leader] TeamPolicyRail static sections: section_names=['team_role', 'team_workflow', 'team_swarmflow', 'team_lifecycle', 'team_persona']
2026-08-09 18:38:13 | team | sess_ac3e731734a0 | INFO | Session tables ready for session sess_ac3e731734a0
2026-08-09 18:38:13 | team | sess_ac3e731734a0 | INFO | Team database initialized
2026-08-09 18:38:14 | team | default_trace_id | INFO | Team workspace directory ensured at /srv/jwteam_clone/shared/run_current
2026-08-09 18:38:14 | team | default_trace_id | INFO | AgentTeam manager initialized for jiuwen_team_sess_ac3e731734a0, member=planner1
2026-08-09 18:38:14 | team | default_trace_id | INFO | [planner1] TeamPolicyRail static sections: section_names=['team_role', 'team_persona']
2026-08-09 18:38:14 | team | sess_ac3e731734a0 | INFO | [planner1] invoke start, role=teammate
2026-08-09 18:38:14 | team | sess_ac3e731734a0 | INFO | [planner1] coordination starting
2026-08-09 18:38:14 | team | sess_ac3e731734a0 | INFO | Session tables ready for session sess_ac3e731734a0
2026-08-09 18:38:14 | team | sess_ac3e731734a0 | INFO | Workspace /srv/jwteam_clone/shared/run_current initialized as plain shared directory (version_control disabled)
2026-08-09 18:38:14 | team | sess_ac3e731734a0 | INFO | EventBus[teammate] starting
2026-08-09 18:39:23 | team | sess_ac3e731734a0 | INFO | [planner1] HITT section refresh: human_agent_names=[]
2026-08-09 18:39:35 | team | sess_ac3e731734a0 | INFO | [planner1] processing 1 unread messages (steer=True)
2026-08-09 18:39:35 | team | sess_ac3e731734a0 | INFO | Message 31dc469f-a9dc-4b22-937a-846eff71ed52 marked as read by planner1
2026-08-09 18:39:36 | team | sess_ac3e731734a0 | INFO | Task plan claimed by member planner1
2026-08-09 18:39:36 | team | sess_ac3e731734a0 | INFO | Task plan claimed by member planner1
2026-08-09 18:39:55 | team | sess_ac3e731734a0 | INFO | [planner1] processing 1 unread messages (steer=True)
2026-08-09 18:39:55 | team | sess_ac3e731734a0 | INFO | Message 8b140877-83f3-435c-9f64-76d56d21a819 marked as read by planner1
2026-08-09 18:41:13 | team | sess_ac3e731734a0 | INFO | Message 8ddc3976-35b5-464d-b94f-10860e3a531e created
2026-08-09 18:41:16 | team | sess_ac3e731734a0 | INFO | Task plan completed at 1786297276932
2026-08-09 18:41:16 | team | sess_ac3e731734a0 | INFO | Resolved 1 dependencies for task plan
2026-08-09 18:41:16 | team | sess_ac3e731734a0 | INFO | Task implement unblocked (all deps resolved)
2026-08-09 18:41:16 | team | sess_ac3e731734a0 | INFO | Task plan completed
2026-08-09 18:41:16 | team | sess_ac3e731734a0 | INFO | Unblocked 1 tasks
2026-08-09 18:41:22 | team | sess_ac3e731734a0 | INFO | [planner1] processing 1 unread messages (steer=True)
2026-08-09 18:41:22 | team | sess_ac3e731734a0 | INFO | Message 18e61b97-84fb-4cdf-ac22-d0ea2cfa315a marked as read by planner1
2026-08-09 18:48:51 | team | sess_ac3e731734a0 | INFO | task list drained for team jiuwen_team_sess_ac3e731734a0: 4 terminal task(s)
2026-08-09 18:50:04 | team | sess_ac3e731734a0 | INFO | Message 2e543408-e0c8-4800-a3c9-5c36a6875ecd created
2026-08-09 18:56:21 | team | sess_ac3e731734a0 | INFO | task list drained for team jiuwen_team_sess_ac3e731734a0: 7 terminal task(s)
2026-08-09 18:57:01 | team | sess_ac3e731734a0 | INFO | team jiuwen_team_sess_ac3e731734a0 reported completed: 9 members, 7 tasks
2026-08-09 18:57:01 | team | sess_ac3e731734a0 | INFO | [planner1] received TEAM_STANDBY, pausing polls
2026-08-09 18:57:01 | team | sess_ac3e731734a0 | INFO | EventBus[teammate] pausing polls
