2026-08-09 18:38:17 | team | sess_ac3e731734a0 | INFO | Team workspace directory ensured at /srv/jwteam_clone/shared/run_current
2026-08-09 18:38:17 | team | sess_ac3e731734a0 | INFO | AgentTeam manager initialized for jiuwen_team_sess_ac3e731734a0, member=team_leader
2026-08-09 18:38:17 | team | sess_ac3e731734a0 | INFO | [team_leader] TeamPolicyRail static sections: section_names=['team_role', 'team_workflow', 'team_swarmflow', 'team_lifecycle', 'team_persona']
2026-08-09 18:38:17 | team | sess_ac3e731734a0 | INFO | Session tables ready for session sess_ac3e731734a0
2026-08-09 18:38:17 | team | sess_ac3e731734a0 | INFO | Team database initialized
2026-08-09 18:38:17 | team | default_trace_id | INFO | Team workspace directory ensured at /srv/jwteam_clone/shared/run_current
2026-08-09 18:38:17 | team | default_trace_id | INFO | AgentTeam manager initialized for jiuwen_team_sess_ac3e731734a0, member=executor3
2026-08-09 18:38:17 | team | default_trace_id | INFO | [executor3] TeamPolicyRail static sections: section_names=['team_role', 'team_persona']
2026-08-09 18:38:18 | team | sess_ac3e731734a0 | INFO | [executor3] invoke start, role=teammate
2026-08-09 18:38:18 | team | sess_ac3e731734a0 | INFO | [executor3] coordination starting
2026-08-09 18:38:18 | team | sess_ac3e731734a0 | INFO | Session tables ready for session sess_ac3e731734a0
2026-08-09 18:38:18 | team | sess_ac3e731734a0 | INFO | Workspace /srv/jwteam_clone/shared/run_current initialized as plain shared directory (version_control disabled)
2026-08-09 18:38:18 | team | sess_ac3e731734a0 | INFO | EventBus[teammate] starting
2026-08-09 18:39:23 | team | sess_ac3e731734a0 | INFO | [executor3] HITT section refresh: human_agent_names=[]
2026-08-09 18:39:35 | team | sess_ac3e731734a0 | INFO | [executor3] processing 1 unread messages (steer=True)
2026-08-09 18:39:35 | team | sess_ac3e731734a0 | INFO | Message 31dc469f-a9dc-4b22-937a-846eff71ed52 marked as read by executor3
2026-08-09 18:40:30 | team | sess_ac3e731734a0 | INFO | Message f9264901-70ad-4a0f-a70f-577c06cf7768 created
2026-08-09 18:40:44 | team | sess_ac3e731734a0 | INFO | [executor3] processing 1 unread messages (steer=True)
2026-08-09 18:40:44 | team | sess_ac3e731734a0 | INFO | Message 53ed1e7d-f88c-4c61-bafb-7ae4262fd088 marked as read by executor3
2026-08-09 18:41:17 | team | sess_ac3e731734a0 | INFO | Message 16908448-550a-4b59-a939-d39e6d2b7669 created
2026-08-09 18:48:51 | team | sess_ac3e731734a0 | INFO | task list drained for team jiuwen_team_sess_ac3e731734a0: 4 terminal task(s)
2026-08-09 18:56:21 | team | sess_ac3e731734a0 | INFO | task list drained for team jiuwen_team_sess_ac3e731734a0: 7 terminal task(s)
2026-08-09 18:57:01 | team | sess_ac3e731734a0 | INFO | team jiuwen_team_sess_ac3e731734a0 reported completed: 9 members, 7 tasks
2026-08-09 18:57:01 | team | sess_ac3e731734a0 | INFO | [executor3] received TEAM_STANDBY, pausing polls
2026-08-09 18:57:01 | team | sess_ac3e731734a0 | INFO | EventBus[teammate] pausing polls
