2026-08-09 18:38:19 | team | sess_ac3e731734a0 | INFO | Team workspace directory ensured at /srv/jwteam_clone/shared/run_current
2026-08-09 18:38:19 | team | sess_ac3e731734a0 | INFO | AgentTeam manager initialized for jiuwen_team_sess_ac3e731734a0, member=team_leader
2026-08-09 18:38:19 | team | sess_ac3e731734a0 | INFO | [team_leader] TeamPolicyRail static sections: section_names=['team_role', 'team_workflow', 'team_swarmflow', 'team_lifecycle', 'team_persona']
2026-08-09 18:38:20 | team | sess_ac3e731734a0 | INFO | Session tables ready for session sess_ac3e731734a0
2026-08-09 18:38:20 | team | sess_ac3e731734a0 | INFO | Team database initialized
2026-08-09 18:38:20 | team | default_trace_id | INFO | Team workspace directory ensured at /srv/jwteam_clone/shared/run_current
2026-08-09 18:38:20 | team | default_trace_id | INFO | AgentTeam manager initialized for jiuwen_team_sess_ac3e731734a0, member=verifier2
2026-08-09 18:38:20 | team | default_trace_id | INFO | [verifier2] TeamPolicyRail static sections: section_names=['team_role', 'team_persona']
2026-08-09 18:38:20 | team | sess_ac3e731734a0 | INFO | [verifier2] invoke start, role=teammate
2026-08-09 18:38:20 | team | sess_ac3e731734a0 | INFO | [verifier2] coordination starting
2026-08-09 18:38:20 | team | sess_ac3e731734a0 | INFO | Session tables ready for session sess_ac3e731734a0
2026-08-09 18:38:20 | team | sess_ac3e731734a0 | INFO | Workspace /srv/jwteam_clone/shared/run_current initialized as plain shared directory (version_control disabled)
2026-08-09 18:38:20 | team | sess_ac3e731734a0 | INFO | EventBus[teammate] starting
2026-08-09 18:39:23 | team | sess_ac3e731734a0 | INFO | [verifier2] HITT section refresh: human_agent_names=[]
2026-08-09 18:39:35 | team | sess_ac3e731734a0 | INFO | [verifier2] processing 1 unread messages (steer=True)
2026-08-09 18:39:35 | team | sess_ac3e731734a0 | INFO | Message 31dc469f-a9dc-4b22-937a-846eff71ed52 marked as read by verifier2
2026-08-09 18:40:19 | team | sess_ac3e731734a0 | INFO | Message 5dcdb9fa-11b7-4f4f-8a83-5e2c2b1be935 created
2026-08-09 18:44:43 | team | sess_ac3e731734a0 | INFO | Task verify2 claimed by member verifier2
2026-08-09 18:44:43 | team | sess_ac3e731734a0 | INFO | Task verify2 claimed by member verifier2
2026-08-09 18:44:48 | team | sess_ac3e731734a0 | INFO | [verifier2] processing 1 unread messages (steer=True)
2026-08-09 18:44:48 | team | sess_ac3e731734a0 | INFO | Message 755ec6de-00c7-49e9-ac3f-06ca92c7725e marked as read by verifier2
2026-08-09 18:47:28 | team | sess_ac3e731734a0 | INFO | Task verify2 completed at 1786297648940
2026-08-09 18:47:28 | team | sess_ac3e731734a0 | INFO | Task verify2 completed
2026-08-09 18:47:40 | team | sess_ac3e731734a0 | INFO | Message 6175c1e3-a14e-480e-abf8-f40c3c3c0d1f created
2026-08-09 18:48:51 | team | sess_ac3e731734a0 | INFO | task list drained for team jiuwen_team_sess_ac3e731734a0: 4 terminal task(s)
2026-08-09 18:54:17 | team | sess_ac3e731734a0 | INFO | [verifier2] processing 1 unread messages (steer=True)
2026-08-09 18:54:17 | team | sess_ac3e731734a0 | INFO | Message d88b2f1f-36d8-40df-8928-0007e9437b3c marked as read by verifier2
2026-08-09 18:54:24 | team | sess_ac3e731734a0 | INFO | [verifier2] received TASK_CLAIMED for self, task_id=verify2-r2, human_agent=False
2026-08-09 18:56:21 | team | sess_ac3e731734a0 | INFO | Task verify2-r2 completed at 1786298181372
2026-08-09 18:56:21 | team | sess_ac3e731734a0 | INFO | Task verify2-r2 completed
2026-08-09 18:56:34 | team | sess_ac3e731734a0 | INFO | Message a4987b52-27de-4320-8cec-30f22b9aa6ef created
2026-08-09 18:57:01 | team | sess_ac3e731734a0 | INFO | team jiuwen_team_sess_ac3e731734a0 reported completed: 9 members, 7 tasks
2026-08-09 18:57:01 | team | sess_ac3e731734a0 | INFO | [verifier2] received TEAM_STANDBY, pausing polls
2026-08-09 18:57:01 | team | sess_ac3e731734a0 | INFO | EventBus[teammate] pausing polls
