2026-08-09 18:38:20 | team | sess_ac3e731734a0 | INFO | Team workspace directory ensured at /srv/jwteam_clone/shared/run_current
2026-08-09 18:38:20 | team | sess_ac3e731734a0 | INFO | AgentTeam manager initialized for jiuwen_team_sess_ac3e731734a0, member=team_leader
2026-08-09 18:38:20 | team | sess_ac3e731734a0 | INFO | [team_leader] TeamPolicyRail static sections: section_names=['team_role', 'team_workflow', 'team_swarmflow', 'team_lifecycle', 'team_persona']
2026-08-09 18:38:20 | team | sess_ac3e731734a0 | INFO | Session tables ready for session sess_ac3e731734a0
2026-08-09 18:38:20 | team | sess_ac3e731734a0 | INFO | Team database initialized
2026-08-09 18:38:20 | team | default_trace_id | INFO | Team workspace directory ensured at /srv/jwteam_clone/shared/run_current
2026-08-09 18:38:20 | team | default_trace_id | INFO | AgentTeam manager initialized for jiuwen_team_sess_ac3e731734a0, member=fullstack1
2026-08-09 18:38:20 | team | default_trace_id | INFO | [fullstack1] TeamPolicyRail static sections: section_names=['team_role', 'team_persona']
2026-08-09 18:38:20 | team | sess_ac3e731734a0 | INFO | [fullstack1] invoke start, role=teammate
2026-08-09 18:38:20 | team | sess_ac3e731734a0 | INFO | [fullstack1] coordination starting
2026-08-09 18:38:20 | team | sess_ac3e731734a0 | INFO | Session tables ready for session sess_ac3e731734a0
2026-08-09 18:38:20 | team | sess_ac3e731734a0 | INFO | Workspace /srv/jwteam_clone/shared/run_current initialized as plain shared directory (version_control disabled)
2026-08-09 18:38:21 | team | sess_ac3e731734a0 | INFO | EventBus[teammate] starting
2026-08-09 18:39:23 | team | sess_ac3e731734a0 | INFO | [fullstack1] HITT section refresh: human_agent_names=[]
2026-08-09 18:39:35 | team | sess_ac3e731734a0 | INFO | [fullstack1] processing 1 unread messages (steer=True)
2026-08-09 18:39:35 | team | sess_ac3e731734a0 | INFO | Message 31dc469f-a9dc-4b22-937a-846eff71ed52 marked as read by fullstack1
2026-08-09 18:48:51 | team | sess_ac3e731734a0 | INFO | task list drained for team jiuwen_team_sess_ac3e731734a0: 4 terminal task(s)
2026-08-09 18:56:21 | team | sess_ac3e731734a0 | INFO | task list drained for team jiuwen_team_sess_ac3e731734a0: 7 terminal task(s)
2026-08-09 18:57:01 | team | sess_ac3e731734a0 | INFO | team jiuwen_team_sess_ac3e731734a0 reported completed: 9 members, 7 tasks
2026-08-09 18:57:01 | team | sess_ac3e731734a0 | INFO | [fullstack1] received TEAM_STANDBY, pausing polls
2026-08-09 18:57:01 | team | sess_ac3e731734a0 | INFO | EventBus[teammate] pausing polls
