2026-08-10 00:08:33 | team | sess_aeff9445457f | INFO | Team workspace directory ensured at /srv/jwteam_clone/shared/run_current
2026-08-10 00:08:33 | team | sess_aeff9445457f | INFO | AgentTeam manager initialized for jiuwen_team_sess_aeff9445457f, member=team_leader
2026-08-10 00:08:33 | team | sess_aeff9445457f | INFO | [team_leader] TeamPolicyRail static sections: section_names=['team_role', 'team_workflow', 'team_swarmflow', 'team_lifecycle', 'team_persona']
2026-08-10 00:08:33 | team | sess_aeff9445457f | INFO | Session tables ready for session sess_aeff9445457f
2026-08-10 00:08:33 | team | sess_aeff9445457f | INFO | Team database initialized
2026-08-10 00:08:33 | team | default_trace_id | INFO | Team workspace directory ensured at /srv/jwteam_clone/shared/run_current
2026-08-10 00:08:33 | team | default_trace_id | INFO | AgentTeam manager initialized for jiuwen_team_sess_aeff9445457f, member=verifier2
2026-08-10 00:08:33 | team | default_trace_id | INFO | [verifier2] TeamPolicyRail static sections: section_names=['team_role', 'team_persona']
2026-08-10 00:08:33 | team | sess_aeff9445457f | INFO | [verifier2] invoke start, role=teammate
2026-08-10 00:08:33 | team | sess_aeff9445457f | INFO | [verifier2] coordination starting
2026-08-10 00:08:33 | team | sess_aeff9445457f | INFO | Session tables ready for session sess_aeff9445457f
2026-08-10 00:08:33 | team | sess_aeff9445457f | INFO | Workspace /srv/jwteam_clone/shared/run_current initialized as plain shared directory (version_control disabled)
2026-08-10 00:08:33 | team | sess_aeff9445457f | INFO | EventBus[teammate] starting
2026-08-10 00:09:04 | team | sess_aeff9445457f | INFO | [verifier2] HITT section refresh: human_agent_names=[]
2026-08-10 00:09:19 | team | sess_aeff9445457f | INFO | [verifier2] processing 1 unread messages (steer=True)
2026-08-10 00:09:19 | team | sess_aeff9445457f | INFO | Message fd740817-61ed-4aa5-a844-90b1dd474f18 marked as read by verifier2
2026-08-10 00:09:28 | team | sess_aeff9445457f | INFO | Message e0a4b058-9728-4392-b8e2-c04fe19a0448 created
2026-08-10 00:12:21 | team | sess_aeff9445457f | INFO | [verifier2] processing 1 unread messages (steer=True)
2026-08-10 00:12:21 | team | sess_aeff9445457f | INFO | Message 9a73c84a-33d6-4e6d-8e7b-0ccfdd0d6094 marked as read by verifier2
2026-08-10 00:12:34 | team | sess_aeff9445457f | INFO | Task verify_tests claimed by member verifier2
2026-08-10 00:12:34 | team | sess_aeff9445457f | INFO | Task verify_tests claimed by member verifier2
2026-08-10 00:12:36 | team | sess_aeff9445457f | INFO | [verifier2] processing 1 unread messages (steer=True)
2026-08-10 00:12:36 | team | sess_aeff9445457f | INFO | Message 2e227bd6-5c8e-4473-b6c0-a0b8bb368c00 marked as read by verifier2
2026-08-10 00:12:46 | team | sess_aeff9445457f | INFO | [verifier2] processing 1 unread messages (steer=True)
2026-08-10 00:12:46 | team | sess_aeff9445457f | INFO | Message 052c4cc6-a7e0-4790-8119-f97058af6997 marked as read by verifier2
2026-08-10 00:13:05 | team | sess_aeff9445457f | INFO | Message c98c14a5-4ba4-4bb4-ae4b-8fc7396d098f created
2026-08-10 00:13:08 | team | sess_aeff9445457f | INFO | Task verify_tests completed at 1786317188638
2026-08-10 00:13:08 | team | sess_aeff9445457f | INFO | Task verify_tests completed
2026-08-10 00:13:16 | team | sess_aeff9445457f | INFO | Message eb1b8f2f-5814-45bb-883f-e90cadf8cc03 created
2026-08-10 00:13:21 | team | sess_aeff9445457f | INFO | task list drained for team jiuwen_team_sess_aeff9445457f: 5 terminal task(s)
2026-08-10 00:13:26 | team | sess_aeff9445457f | INFO | [verifier2] processing 1 unread messages (steer=True)
2026-08-10 00:13:27 | team | sess_aeff9445457f | INFO | Message 5744d69d-3254-4d01-8c51-b21aadd3b294 marked as read by verifier2
2026-08-10 00:13:44 | team | sess_aeff9445457f | INFO | [verifier2] processing 1 unread messages (steer=True)
2026-08-10 00:13:44 | team | sess_aeff9445457f | INFO | Message 0b402125-1145-4427-be1d-653209f1d7c1 marked as read by verifier2
2026-08-10 00:14:02 | team | sess_aeff9445457f | INFO | team jiuwen_team_sess_aeff9445457f reported completed: 9 members, 5 tasks
2026-08-10 00:14:02 | team | sess_aeff9445457f | INFO | [verifier2] received TEAM_STANDBY, pausing polls
2026-08-10 00:14:02 | team | sess_aeff9445457f | INFO | EventBus[teammate] pausing polls
