2026-08-10 00:08:32 | team | sess_aeff9445457f | INFO | Team workspace directory ensured at /srv/jwteam_clone/shared/run_current
2026-08-10 00:08:32 | team | sess_aeff9445457f | INFO | AgentTeam manager initialized for jiuwen_team_sess_aeff9445457f, member=team_leader
2026-08-10 00:08:32 | team | sess_aeff9445457f | INFO | [team_leader] TeamPolicyRail static sections: section_names=['team_role', 'team_workflow', 'team_swarmflow', 'team_lifecycle', 'team_persona']
2026-08-10 00:08:32 | team | sess_aeff9445457f | INFO | Session tables ready for session sess_aeff9445457f
2026-08-10 00:08:32 | team | sess_aeff9445457f | INFO | Team database initialized
2026-08-10 00:08:32 | team | default_trace_id | INFO | Team workspace directory ensured at /srv/jwteam_clone/shared/run_current
2026-08-10 00:08:32 | team | default_trace_id | INFO | AgentTeam manager initialized for jiuwen_team_sess_aeff9445457f, member=verifier1
2026-08-10 00:08:32 | team | default_trace_id | INFO | [verifier1] TeamPolicyRail static sections: section_names=['team_role', 'team_persona']
2026-08-10 00:08:32 | team | sess_aeff9445457f | INFO | [verifier1] invoke start, role=teammate
2026-08-10 00:08:32 | team | sess_aeff9445457f | INFO | [verifier1] coordination starting
2026-08-10 00:08:32 | team | sess_aeff9445457f | INFO | Session tables ready for session sess_aeff9445457f
2026-08-10 00:08:32 | team | sess_aeff9445457f | INFO | Workspace /srv/jwteam_clone/shared/run_current initialized as plain shared directory (version_control disabled)
2026-08-10 00:08:32 | team | sess_aeff9445457f | INFO | EventBus[teammate] starting
2026-08-10 00:09:04 | team | sess_aeff9445457f | INFO | [verifier1] HITT section refresh: human_agent_names=[]
2026-08-10 00:09:19 | team | sess_aeff9445457f | INFO | [verifier1] processing 1 unread messages (steer=True)
2026-08-10 00:09:19 | team | sess_aeff9445457f | INFO | Message fd740817-61ed-4aa5-a844-90b1dd474f18 marked as read by verifier1
2026-08-10 00:09:29 | team | sess_aeff9445457f | INFO | Message a5cf5cdd-b2e6-492c-bc5b-4c05af410a76 created
2026-08-10 00:12:21 | team | sess_aeff9445457f | INFO | [verifier1] processing 1 unread messages (steer=True)
2026-08-10 00:12:21 | team | sess_aeff9445457f | INFO | Message 14c36405-2539-41ee-8f59-81013ea9ea7b marked as read by verifier1
2026-08-10 00:12:36 | team | sess_aeff9445457f | INFO | [verifier1] processing 1 unread messages (steer=True)
2026-08-10 00:12:36 | team | sess_aeff9445457f | INFO | Message 05bead9f-d4c2-4e8b-9fd1-6705a5492f12 marked as read by verifier1
2026-08-10 00:12:42 | team | sess_aeff9445457f | INFO | Task verify_security claimed by member verifier1
2026-08-10 00:12:42 | team | sess_aeff9445457f | INFO | Task verify_security claimed by member verifier1
2026-08-10 00:12:46 | team | sess_aeff9445457f | INFO | Message 052c4cc6-a7e0-4790-8119-f97058af6997 created
2026-08-10 00:12:48 | team | sess_aeff9445457f | INFO | [verifier1] processing 1 unread messages (steer=True)
2026-08-10 00:12:48 | team | sess_aeff9445457f | INFO | Message 3ffe003b-ef0e-4fc1-8bf1-adf9ba786a2e marked as read by verifier1
2026-08-10 00:13:05 | team | sess_aeff9445457f | INFO | [verifier1] processing 1 unread messages (steer=True)
2026-08-10 00:13:05 | team | sess_aeff9445457f | INFO | Message c98c14a5-4ba4-4bb4-ae4b-8fc7396d098f marked as read by verifier1
2026-08-10 00:13:21 | team | sess_aeff9445457f | INFO | Task verify_security completed at 1786317201265
2026-08-10 00:13:21 | team | sess_aeff9445457f | INFO | Task verify_security completed
2026-08-10 00:13:28 | team | sess_aeff9445457f | INFO | Message 3ac9d003-c4ea-4bd2-9eff-78526846c74f created
2026-08-10 00:13:28 | team | sess_aeff9445457f | INFO | Message 92db0db1-169d-4403-a9d5-b8ba5e4aeabd created
2026-08-10 00:13:44 | team | sess_aeff9445457f | INFO | [verifier1] processing 1 unread messages (steer=True)
2026-08-10 00:13:44 | team | sess_aeff9445457f | INFO | Message 0b402125-1145-4427-be1d-653209f1d7c1 marked as read by verifier1
2026-08-10 00:14:02 | team | sess_aeff9445457f | INFO | team jiuwen_team_sess_aeff9445457f reported completed: 9 members, 5 tasks
2026-08-10 00:14:02 | team | sess_aeff9445457f | INFO | [verifier1] received TEAM_STANDBY, pausing polls
2026-08-10 00:14:02 | team | sess_aeff9445457f | INFO | EventBus[teammate] pausing polls
