2026-08-10 00:08:29 | team | sess_aeff9445457f | INFO | Team workspace directory ensured at /srv/jwteam_clone/shared/run_current
2026-08-10 00:08:29 | team | sess_aeff9445457f | INFO | AgentTeam manager initialized for jiuwen_team_sess_aeff9445457f, member=team_leader
2026-08-10 00:08:29 | team | sess_aeff9445457f | INFO | [team_leader] TeamPolicyRail static sections: section_names=['team_role', 'team_workflow', 'team_swarmflow', 'team_lifecycle', 'team_persona']
2026-08-10 00:08:29 | team | sess_aeff9445457f | INFO | Session tables ready for session sess_aeff9445457f
2026-08-10 00:08:29 | team | sess_aeff9445457f | INFO | Team database initialized
2026-08-10 00:08:29 | team | default_trace_id | INFO | Team workspace directory ensured at /srv/jwteam_clone/shared/run_current
2026-08-10 00:08:29 | team | default_trace_id | INFO | AgentTeam manager initialized for jiuwen_team_sess_aeff9445457f, member=planner2
2026-08-10 00:08:29 | team | default_trace_id | INFO | [planner2] TeamPolicyRail static sections: section_names=['team_role', 'team_persona']
2026-08-10 00:08:29 | team | sess_aeff9445457f | INFO | [planner2] invoke start, role=teammate
2026-08-10 00:08:29 | team | sess_aeff9445457f | INFO | [planner2] coordination starting
2026-08-10 00:08:29 | team | sess_aeff9445457f | INFO | Session tables ready for session sess_aeff9445457f
2026-08-10 00:08:29 | team | sess_aeff9445457f | INFO | Workspace /srv/jwteam_clone/shared/run_current initialized as plain shared directory (version_control disabled)
2026-08-10 00:08:29 | team | sess_aeff9445457f | INFO | EventBus[teammate] starting
2026-08-10 00:09:03 | team | sess_aeff9445457f | INFO | [planner2] HITT section refresh: human_agent_names=[]
2026-08-10 00:09:16 | team | sess_aeff9445457f | INFO | Task plan claimed by member planner2
2026-08-10 00:09:16 | team | sess_aeff9445457f | INFO | Task plan claimed by member planner2
2026-08-10 00:09:19 | team | sess_aeff9445457f | INFO | [planner2] processing 1 unread messages (steer=True)
2026-08-10 00:09:19 | team | sess_aeff9445457f | INFO | Message fd740817-61ed-4aa5-a844-90b1dd474f18 marked as read by planner2
2026-08-10 00:09:34 | team | sess_aeff9445457f | INFO | Message 7c780447-5535-4d32-b88c-69edbf56719c created
2026-08-10 00:09:38 | team | sess_aeff9445457f | INFO | [planner2] processing 1 unread messages (steer=True)
2026-08-10 00:09:38 | team | sess_aeff9445457f | INFO | Message c79738b8-1f8c-430b-9760-9f798f28d72a marked as read by planner2
2026-08-10 00:09:48 | team | sess_aeff9445457f | INFO | [planner2] processing 1 unread messages (steer=True)
2026-08-10 00:09:48 | team | sess_aeff9445457f | INFO | Message 6b5c9016-94f3-494e-ac4f-252a9118dc1b marked as read by planner2
2026-08-10 00:10:10 | team | sess_aeff9445457f | INFO | Message 9933dbdd-4f57-42fb-b6f0-dae14114af22 created
2026-08-10 00:10:10 | team | sess_aeff9445457f | INFO | Message 04164eda-aa71-4af7-93d8-c96c7ea30202 created
2026-08-10 00:10:21 | team | sess_aeff9445457f | INFO | [planner2] processing 1 unread messages (steer=True)
2026-08-10 00:10:21 | team | sess_aeff9445457f | INFO | Message e8338d6b-31c0-42fe-974d-ad88f52665d3 marked as read by planner2
2026-08-10 00:10:22 | team | sess_aeff9445457f | INFO | [planner2] processing 1 unread messages (steer=True)
2026-08-10 00:10:22 | team | sess_aeff9445457f | INFO | Message 7d26b3cd-b475-410e-b8c4-1114056f23b6 marked as read by planner2
2026-08-10 00:10:34 | team | sess_aeff9445457f | INFO | Message 94d499c4-a3fd-442f-b2f4-7afe883144e5 created
2026-08-10 00:10:34 | team | sess_aeff9445457f | INFO | Message 4a135ff1-63ed-4cf8-ad35-425cbb692d5f created
2026-08-10 00:10:41 | team | sess_aeff9445457f | INFO | [planner2] processing 1 unread messages (steer=True)
2026-08-10 00:10:41 | team | sess_aeff9445457f | INFO | Message 4217dafc-42f2-4698-8d9b-f1cf1236aff4 marked as read by planner2
2026-08-10 00:10:47 | team | sess_aeff9445457f | INFO | Message ec8092b7-ff96-4fab-a4ba-03b2a16dbe6f created
2026-08-10 00:10:47 | team | sess_aeff9445457f | INFO | [planner2] processing 1 unread messages (steer=True)
2026-08-10 00:10:47 | team | sess_aeff9445457f | INFO | Message b5f66204-af8a-4d81-b75c-9854a467d884 marked as read by planner2
2026-08-10 00:10:51 | team | sess_aeff9445457f | INFO | Task plan completed at 1786317051429
2026-08-10 00:10:51 | team | sess_aeff9445457f | INFO | Resolved 1 dependencies for task plan
2026-08-10 00:10:51 | team | sess_aeff9445457f | INFO | Task implement unblocked (all deps resolved)
2026-08-10 00:10:51 | team | sess_aeff9445457f | INFO | Task plan completed
2026-08-10 00:10:51 | team | sess_aeff9445457f | INFO | Unblocked 1 tasks
2026-08-10 00:10:56 | team | sess_aeff9445457f | INFO | Message 33580d60-2179-4e0c-970f-f919ef6d9955 created
2026-08-10 00:11:05 | team | sess_aeff9445457f | INFO | [planner2] processing 1 unread messages (steer=True)
2026-08-10 00:11:05 | team | sess_aeff9445457f | INFO | Message 1b6b25d7-f711-4446-ab07-70e2bb1a43d2 marked as read by planner2
2026-08-10 00:11:05 | team | sess_aeff9445457f | INFO | [planner2] processing 1 unread messages (steer=True)
2026-08-10 00:11:05 | team | sess_aeff9445457f | INFO | Message 5f2bec96-e3ef-40c9-aeab-f13648e6dfcf marked as read by planner2
2026-08-10 00:11:19 | team | sess_aeff9445457f | INFO | Message d1f125cb-d03c-4710-bddb-67b751aafe44 created
2026-08-10 00:11:19 | team | sess_aeff9445457f | INFO | Message 1b6d2aa7-8231-42a6-9ffa-186195fab1cb created
2026-08-10 00:11:25 | team | sess_aeff9445457f | INFO | [planner2] processing 1 unread messages (steer=True)
2026-08-10 00:11:25 | team | sess_aeff9445457f | INFO | Message 5f6d65c4-6b9c-4796-9aa2-e4cb8af94434 marked as read by planner2
2026-08-10 00:13:21 | team | sess_aeff9445457f | INFO | task list drained for team jiuwen_team_sess_aeff9445457f: 5 terminal task(s)
2026-08-10 00:13:44 | team | sess_aeff9445457f | INFO | [planner2] processing 1 unread messages (steer=True)
2026-08-10 00:13:44 | team | sess_aeff9445457f | INFO | Message 0b402125-1145-4427-be1d-653209f1d7c1 marked as read by planner2
2026-08-10 00:14:02 | team | sess_aeff9445457f | INFO | team jiuwen_team_sess_aeff9445457f reported completed: 9 members, 5 tasks
2026-08-10 00:14:02 | team | sess_aeff9445457f | INFO | [planner2] received TEAM_STANDBY, pausing polls
2026-08-10 00:14:02 | team | sess_aeff9445457f | INFO | EventBus[teammate] pausing polls
