2026-08-10 00:08:31 | team | sess_aeff9445457f | INFO | Team workspace directory ensured at /srv/jwteam_clone/shared/run_current
2026-08-10 00:08:31 | team | sess_aeff9445457f | INFO | AgentTeam manager initialized for jiuwen_team_sess_aeff9445457f, member=team_leader
2026-08-10 00:08:31 | team | sess_aeff9445457f | INFO | [team_leader] TeamPolicyRail static sections: section_names=['team_role', 'team_workflow', 'team_swarmflow', 'team_lifecycle', 'team_persona']
2026-08-10 00:08:32 | team | sess_aeff9445457f | INFO | Session tables ready for session sess_aeff9445457f
2026-08-10 00:08:32 | team | sess_aeff9445457f | INFO | Team database initialized
2026-08-10 00:08:32 | team | default_trace_id | INFO | Team workspace directory ensured at /srv/jwteam_clone/shared/run_current
2026-08-10 00:08:32 | team | default_trace_id | INFO | AgentTeam manager initialized for jiuwen_team_sess_aeff9445457f, member=executor3
2026-08-10 00:08:32 | team | default_trace_id | INFO | [executor3] TeamPolicyRail static sections: section_names=['team_role', 'team_persona']
2026-08-10 00:08:32 | team | sess_aeff9445457f | INFO | [executor3] invoke start, role=teammate
2026-08-10 00:08:32 | team | sess_aeff9445457f | INFO | [executor3] coordination starting
2026-08-10 00:08:32 | team | sess_aeff9445457f | INFO | Session tables ready for session sess_aeff9445457f
2026-08-10 00:08:32 | team | sess_aeff9445457f | INFO | Workspace /srv/jwteam_clone/shared/run_current initialized as plain shared directory (version_control disabled)
2026-08-10 00:08:32 | team | sess_aeff9445457f | INFO | EventBus[teammate] starting
2026-08-10 00:09:03 | team | sess_aeff9445457f | INFO | [executor3] HITT section refresh: human_agent_names=[]
2026-08-10 00:09:19 | team | sess_aeff9445457f | INFO | [executor3] processing 1 unread messages (steer=True)
2026-08-10 00:09:19 | team | sess_aeff9445457f | INFO | Message fd740817-61ed-4aa5-a844-90b1dd474f18 marked as read by executor3
2026-08-10 00:09:34 | team | sess_aeff9445457f | INFO | [executor3] processing 1 unread messages (steer=True)
2026-08-10 00:09:34 | team | sess_aeff9445457f | INFO | Message 7c780447-5535-4d32-b88c-69edbf56719c marked as read by executor3
2026-08-10 00:09:48 | team | sess_aeff9445457f | INFO | Message 6b5c9016-94f3-494e-ac4f-252a9118dc1b created
2026-08-10 00:09:56 | team | sess_aeff9445457f | INFO | [executor3] processing 1 unread messages (steer=True)
2026-08-10 00:09:56 | team | sess_aeff9445457f | INFO | Message 83e06c26-9167-4f90-b006-f7e383931ff7 marked as read by executor3
2026-08-10 00:10:10 | team | sess_aeff9445457f | INFO | [executor3] processing 2 unread messages (steer=True)
2026-08-10 00:10:10 | team | sess_aeff9445457f | INFO | Message 04164eda-aa71-4af7-93d8-c96c7ea30202 marked as read by executor3
2026-08-10 00:10:10 | team | sess_aeff9445457f | INFO | Message b04f9405-6683-4490-be4a-22bf04a3c606 marked as read by executor3
2026-08-10 00:10:11 | team | sess_aeff9445457f | INFO | Message 39585c38-0d27-4e80-afbc-862c70acd1c9 created
2026-08-10 00:10:21 | team | sess_aeff9445457f | INFO | Message e8338d6b-31c0-42fe-974d-ad88f52665d3 created
2026-08-10 00:10:21 | team | sess_aeff9445457f | INFO | Message dddab0c8-9a73-4f4d-82e9-c68aecbf2eec created
2026-08-10 00:10:23 | team | sess_aeff9445457f | INFO | [executor3] processing 1 unread messages (steer=True)
2026-08-10 00:10:23 | team | sess_aeff9445457f | INFO | Message 25571957-4b29-4a56-bfac-8c385551a3bb marked as read by executor3
2026-08-10 00:10:29 | team | sess_aeff9445457f | INFO | [executor3] processing 1 unread messages (steer=True)
2026-08-10 00:10:29 | team | sess_aeff9445457f | INFO | Message cea2952b-ca75-4718-8ff7-ef599122318c marked as read by executor3
2026-08-10 00:10:34 | team | sess_aeff9445457f | INFO | [executor3] processing 1 unread messages (steer=True)
2026-08-10 00:10:34 | team | sess_aeff9445457f | INFO | Message 94d499c4-a3fd-442f-b2f4-7afe883144e5 marked as read by executor3
2026-08-10 00:10:39 | team | sess_aeff9445457f | INFO | Message cc4c980a-6622-4c3b-8885-df1f6b9c132b created
2026-08-10 00:10:47 | team | sess_aeff9445457f | INFO | Message b5f66204-af8a-4d81-b75c-9854a467d884 created
2026-08-10 00:10:55 | team | sess_aeff9445457f | INFO | Message d1539b43-b8ef-4363-9dfd-f137ad38a1d8 created
2026-08-10 00:10:57 | team | sess_aeff9445457f | INFO | [executor3] processing 1 unread messages (steer=True)
2026-08-10 00:10:57 | team | sess_aeff9445457f | INFO | Message 33580d60-2179-4e0c-970f-f919ef6d9955 marked as read by executor3
2026-08-10 00:10:58 | team | sess_aeff9445457f | INFO | [executor3] processing 1 unread messages (steer=True)
2026-08-10 00:10:58 | team | sess_aeff9445457f | INFO | Message 95e8ccc6-0102-4d68-be78-39eae6023c13 marked as read by executor3
2026-08-10 00:10:59 | team | sess_aeff9445457f | INFO | Task implement claimed by member executor3
2026-08-10 00:10:59 | team | sess_aeff9445457f | INFO | Task implement claimed by member executor3
2026-08-10 00:11:05 | team | sess_aeff9445457f | INFO | Message 1b6b25d7-f711-4446-ab07-70e2bb1a43d2 created
2026-08-10 00:11:05 | team | sess_aeff9445457f | INFO | Message cf24bcc8-7fd5-4ea5-83e3-10172bbb7e77 created
2026-08-10 00:11:19 | team | sess_aeff9445457f | INFO | [executor3] processing 1 unread messages (steer=True)
2026-08-10 00:11:19 | team | sess_aeff9445457f | INFO | Message 1b6d2aa7-8231-42a6-9ffa-186195fab1cb marked as read by executor3
2026-08-10 00:12:21 | team | sess_aeff9445457f | INFO | Message 281b2ce4-3a55-4be7-a740-8c1852419cfe created
2026-08-10 00:12:21 | team | sess_aeff9445457f | INFO | Message 14c36405-2539-41ee-8f59-81013ea9ea7b created
2026-08-10 00:12:21 | team | sess_aeff9445457f | INFO | Message 9a73c84a-33d6-4e6d-8e7b-0ccfdd0d6094 created
2026-08-10 00:12:26 | team | sess_aeff9445457f | INFO | Task implement completed at 1786317146056
2026-08-10 00:12:26 | team | sess_aeff9445457f | INFO | Resolved 2 dependencies for task implement
2026-08-10 00:12:26 | team | sess_aeff9445457f | INFO | Task verify_security unblocked (all deps resolved)
2026-08-10 00:12:26 | team | sess_aeff9445457f | INFO | Task verify_tests unblocked (all deps resolved)
2026-08-10 00:12:26 | team | sess_aeff9445457f | INFO | Task implement completed
2026-08-10 00:12:26 | team | sess_aeff9445457f | INFO | Unblocked 2 tasks
2026-08-10 00:12:40 | team | sess_aeff9445457f | INFO | Message d5e8beba-8ddc-4032-b59f-0907ef288ea2 created
2026-08-10 00:12:40 | team | sess_aeff9445457f | INFO | [executor3] processing 1 unread messages (steer=True)
2026-08-10 00:12:40 | team | sess_aeff9445457f | INFO | Message 51ac3d6d-2bbc-43aa-a593-301a17918ca2 marked as read by executor3
2026-08-10 00:12:53 | team | sess_aeff9445457f | INFO | Message b9a3d813-710d-44c2-81ea-d0442f8fa4b0 created
2026-08-10 00:12:58 | team | sess_aeff9445457f | INFO | [executor3] processing 1 unread messages (steer=True)
2026-08-10 00:12:58 | team | sess_aeff9445457f | INFO | Message a5c1bcf8-ed53-4772-83fd-9f478d1a4900 marked as read by executor3
2026-08-10 00:13:21 | team | sess_aeff9445457f | INFO | task list drained for team jiuwen_team_sess_aeff9445457f: 5 terminal task(s)
2026-08-10 00:13:28 | team | sess_aeff9445457f | INFO | [executor3] processing 1 unread messages (steer=True)
2026-08-10 00:13:28 | team | sess_aeff9445457f | INFO | Message 3ac9d003-c4ea-4bd2-9eff-78526846c74f marked as read by executor3
2026-08-10 00:13:44 | team | sess_aeff9445457f | INFO | [executor3] processing 1 unread messages (steer=True)
2026-08-10 00:13:44 | team | sess_aeff9445457f | INFO | Message 0b402125-1145-4427-be1d-653209f1d7c1 marked as read by executor3
2026-08-10 00:14:02 | team | sess_aeff9445457f | INFO | team jiuwen_team_sess_aeff9445457f reported completed: 9 members, 5 tasks
2026-08-10 00:14:02 | team | sess_aeff9445457f | INFO | [executor3] received TEAM_STANDBY, pausing polls
2026-08-10 00:14:02 | team | sess_aeff9445457f | INFO | EventBus[teammate] pausing polls
