2026-08-10 00:08:31 | team | sess_aeff9445457f | INFO | Team workspace directory ensured at /srv/jwteam_clone/shared/run_current
2026-08-10 00:08:31 | team | sess_aeff9445457f | INFO | AgentTeam manager initialized for jiuwen_team_sess_aeff9445457f, member=team_leader
2026-08-10 00:08:31 | team | sess_aeff9445457f | INFO | [team_leader] TeamPolicyRail static sections: section_names=['team_role', 'team_workflow', 'team_swarmflow', 'team_lifecycle', 'team_persona']
2026-08-10 00:08:31 | team | sess_aeff9445457f | INFO | Session tables ready for session sess_aeff9445457f
2026-08-10 00:08:31 | team | sess_aeff9445457f | INFO | Team database initialized
2026-08-10 00:08:31 | team | default_trace_id | INFO | Team workspace directory ensured at /srv/jwteam_clone/shared/run_current
2026-08-10 00:08:31 | team | default_trace_id | INFO | AgentTeam manager initialized for jiuwen_team_sess_aeff9445457f, member=executor2
2026-08-10 00:08:31 | team | default_trace_id | INFO | [executor2] TeamPolicyRail static sections: section_names=['team_role', 'team_persona']
2026-08-10 00:08:31 | team | sess_aeff9445457f | INFO | [executor2] invoke start, role=teammate
2026-08-10 00:08:31 | team | sess_aeff9445457f | INFO | [executor2] coordination starting
2026-08-10 00:08:31 | team | sess_aeff9445457f | INFO | Session tables ready for session sess_aeff9445457f
2026-08-10 00:08:31 | team | sess_aeff9445457f | INFO | Workspace /srv/jwteam_clone/shared/run_current initialized as plain shared directory (version_control disabled)
2026-08-10 00:08:31 | team | sess_aeff9445457f | INFO | EventBus[teammate] starting
2026-08-10 00:09:03 | team | sess_aeff9445457f | INFO | [executor2] HITT section refresh: human_agent_names=[]
2026-08-10 00:09:19 | team | sess_aeff9445457f | INFO | [executor2] processing 1 unread messages (steer=True)
2026-08-10 00:09:19 | team | sess_aeff9445457f | INFO | Message fd740817-61ed-4aa5-a844-90b1dd474f18 marked as read by executor2
2026-08-10 00:11:05 | team | sess_aeff9445457f | INFO | Message 3fcbfa85-60f1-49b8-83cc-063d859e37f1 created
2026-08-10 00:11:12 | team | sess_aeff9445457f | INFO | [executor2] processing 1 unread messages (steer=True)
2026-08-10 00:11:12 | team | sess_aeff9445457f | INFO | Message 37647a17-45d4-4aa6-b09f-43de55f8f7a1 marked as read by executor2
2026-08-10 00:12:46 | team | sess_aeff9445457f | INFO | Message f9dbdfab-9c03-4107-9d0f-e2379635f28c created
2026-08-10 00:12:58 | team | sess_aeff9445457f | INFO | [executor2] processing 1 unread messages (steer=True)
2026-08-10 00:12:58 | team | sess_aeff9445457f | INFO | Message 5d09edd5-0969-4b5f-b757-84dbc17eec8f marked as read by executor2
2026-08-10 00:13:21 | team | sess_aeff9445457f | INFO | task list drained for team jiuwen_team_sess_aeff9445457f: 5 terminal task(s)
2026-08-10 00:13:44 | team | sess_aeff9445457f | INFO | [executor2] processing 1 unread messages (steer=True)
2026-08-10 00:13:44 | team | sess_aeff9445457f | INFO | Message 0b402125-1145-4427-be1d-653209f1d7c1 marked as read by executor2
2026-08-10 00:14:02 | team | sess_aeff9445457f | INFO | team jiuwen_team_sess_aeff9445457f reported completed: 9 members, 5 tasks
2026-08-10 00:14:02 | team | sess_aeff9445457f | INFO | [executor2] received TEAM_STANDBY, pausing polls
2026-08-10 00:14:02 | team | sess_aeff9445457f | INFO | EventBus[teammate] pausing polls
