2026-08-10 00:08:30 | team | sess_aeff9445457f | INFO | Team workspace directory ensured at /srv/jwteam_clone/shared/run_current
2026-08-10 00:08:30 | team | sess_aeff9445457f | INFO | AgentTeam manager initialized for jiuwen_team_sess_aeff9445457f, member=team_leader
2026-08-10 00:08:30 | team | sess_aeff9445457f | INFO | [team_leader] TeamPolicyRail static sections: section_names=['team_role', 'team_workflow', 'team_swarmflow', 'team_lifecycle', 'team_persona']
2026-08-10 00:08:30 | team | sess_aeff9445457f | INFO | Session tables ready for session sess_aeff9445457f
2026-08-10 00:08:30 | team | sess_aeff9445457f | INFO | Team database initialized
2026-08-10 00:08:30 | team | default_trace_id | INFO | Team workspace directory ensured at /srv/jwteam_clone/shared/run_current
2026-08-10 00:08:30 | team | default_trace_id | INFO | AgentTeam manager initialized for jiuwen_team_sess_aeff9445457f, member=executor1
2026-08-10 00:08:30 | team | default_trace_id | INFO | [executor1] TeamPolicyRail static sections: section_names=['team_role', 'team_persona']
2026-08-10 00:08:30 | team | sess_aeff9445457f | INFO | [executor1] invoke start, role=teammate
2026-08-10 00:08:30 | team | sess_aeff9445457f | INFO | [executor1] coordination starting
2026-08-10 00:08:30 | team | sess_aeff9445457f | INFO | Session tables ready for session sess_aeff9445457f
2026-08-10 00:08:30 | team | sess_aeff9445457f | INFO | Workspace /srv/jwteam_clone/shared/run_current initialized as plain shared directory (version_control disabled)
2026-08-10 00:08:30 | team | sess_aeff9445457f | INFO | EventBus[teammate] starting
2026-08-10 00:09:03 | team | sess_aeff9445457f | INFO | [executor1] HITT section refresh: human_agent_names=[]
2026-08-10 00:09:19 | team | sess_aeff9445457f | INFO | [executor1] processing 1 unread messages (steer=True)
2026-08-10 00:09:19 | team | sess_aeff9445457f | INFO | Message fd740817-61ed-4aa5-a844-90b1dd474f18 marked as read by executor1
2026-08-10 00:09:24 | team | sess_aeff9445457f | INFO | Task compat_steward claimed by member executor1
2026-08-10 00:09:24 | team | sess_aeff9445457f | INFO | Task compat_steward claimed by member executor1
2026-08-10 00:10:34 | team | sess_aeff9445457f | INFO | [executor1] processing 1 unread messages (steer=True)
2026-08-10 00:10:34 | team | sess_aeff9445457f | INFO | Message 4a135ff1-63ed-4cf8-ad35-425cbb692d5f marked as read by executor1
2026-08-10 00:10:41 | team | sess_aeff9445457f | INFO | Message 4217dafc-42f2-4698-8d9b-f1cf1236aff4 created
2026-08-10 00:12:38 | team | sess_aeff9445457f | INFO | Task compat_steward completed at 1786317158122
2026-08-10 00:12:38 | team | sess_aeff9445457f | INFO | Task compat_steward completed
2026-08-10 00:12:43 | team | sess_aeff9445457f | INFO | Message 5efedd15-5c4c-4107-9405-ec99fe4a4535 created
2026-08-10 00:12:58 | team | sess_aeff9445457f | INFO | [executor1] processing 1 unread messages (steer=True)
2026-08-10 00:12:58 | team | sess_aeff9445457f | INFO | Message b0bd7aa6-1977-412e-9101-da5f05c60e1f marked as read by executor1
2026-08-10 00:13:02 | team | sess_aeff9445457f | INFO | Message 930bb74e-319d-4a17-a4fd-b0e671372ea6 created
2026-08-10 00:13:21 | team | sess_aeff9445457f | INFO | task list drained for team jiuwen_team_sess_aeff9445457f: 5 terminal task(s)
2026-08-10 00:13:44 | team | sess_aeff9445457f | INFO | [executor1] processing 1 unread messages (steer=True)
2026-08-10 00:13:44 | team | sess_aeff9445457f | INFO | Message 0b402125-1145-4427-be1d-653209f1d7c1 marked as read by executor1
2026-08-10 00:14:02 | team | sess_aeff9445457f | INFO | team jiuwen_team_sess_aeff9445457f reported completed: 9 members, 5 tasks
2026-08-10 00:14:02 | team | sess_aeff9445457f | INFO | [executor1] received TEAM_STANDBY, pausing polls
2026-08-10 00:14:02 | team | sess_aeff9445457f | INFO | EventBus[teammate] pausing polls
