2026-08-10 00:08:34 | team | sess_aeff9445457f | INFO | Team workspace directory ensured at /srv/jwteam_clone/shared/run_current
2026-08-10 00:08:34 | team | sess_aeff9445457f | INFO | AgentTeam manager initialized for jiuwen_team_sess_aeff9445457f, member=team_leader
2026-08-10 00:08:34 | team | sess_aeff9445457f | INFO | [team_leader] TeamPolicyRail static sections: section_names=['team_role', 'team_workflow', 'team_swarmflow', 'team_lifecycle', 'team_persona']
2026-08-10 00:08:34 | team | sess_aeff9445457f | INFO | Session tables ready for session sess_aeff9445457f
2026-08-10 00:08:34 | team | sess_aeff9445457f | INFO | Team database initialized
2026-08-10 00:08:34 | team | default_trace_id | INFO | Team workspace directory ensured at /srv/jwteam_clone/shared/run_current
2026-08-10 00:08:34 | team | default_trace_id | INFO | AgentTeam manager initialized for jiuwen_team_sess_aeff9445457f, member=fullstack1
2026-08-10 00:08:34 | team | default_trace_id | INFO | [fullstack1] TeamPolicyRail static sections: section_names=['team_role', 'team_persona']
2026-08-10 00:08:34 | team | sess_aeff9445457f | INFO | [fullstack1] invoke start, role=teammate
2026-08-10 00:08:34 | team | sess_aeff9445457f | INFO | [fullstack1] coordination starting
2026-08-10 00:08:34 | team | sess_aeff9445457f | INFO | Session tables ready for session sess_aeff9445457f
2026-08-10 00:08:34 | team | sess_aeff9445457f | INFO | Workspace /srv/jwteam_clone/shared/run_current initialized as plain shared directory (version_control disabled)
2026-08-10 00:08:34 | team | sess_aeff9445457f | INFO | EventBus[teammate] starting
2026-08-10 00:09:04 | team | sess_aeff9445457f | INFO | [fullstack1] HITT section refresh: human_agent_names=[]
2026-08-10 00:09:19 | team | sess_aeff9445457f | INFO | [fullstack1] processing 1 unread messages (steer=True)
2026-08-10 00:09:19 | team | sess_aeff9445457f | INFO | Message fd740817-61ed-4aa5-a844-90b1dd474f18 marked as read by fullstack1
2026-08-10 00:09:56 | team | sess_aeff9445457f | INFO | Message a009560c-b938-4767-b5a1-57272e7e87b6 created
2026-08-10 00:09:56 | team | sess_aeff9445457f | INFO | Message 83e06c26-9167-4f90-b006-f7e383931ff7 created
2026-08-10 00:10:04 | team | sess_aeff9445457f | INFO | [fullstack1] processing 1 unread messages (steer=True)
2026-08-10 00:10:04 | team | sess_aeff9445457f | INFO | Message 04174aea-0429-412c-9bb6-fc2f65723ec3 marked as read by fullstack1
2026-08-10 00:10:10 | team | sess_aeff9445457f | INFO | Message b04f9405-6683-4490-be4a-22bf04a3c606 created
2026-08-10 00:10:11 | team | sess_aeff9445457f | INFO | [fullstack1] processing 1 unread messages (steer=True)
2026-08-10 00:10:11 | team | sess_aeff9445457f | INFO | Message 39585c38-0d27-4e80-afbc-862c70acd1c9 marked as read by fullstack1
2026-08-10 00:10:21 | team | sess_aeff9445457f | INFO | [fullstack1] processing 1 unread messages (steer=True)
2026-08-10 00:10:21 | team | sess_aeff9445457f | INFO | Message dddab0c8-9a73-4f4d-82e9-c68aecbf2eec marked as read by fullstack1
2026-08-10 00:10:23 | team | sess_aeff9445457f | INFO | Message 25571957-4b29-4a56-bfac-8c385551a3bb created
2026-08-10 00:10:29 | team | sess_aeff9445457f | INFO | Message cea2952b-ca75-4718-8ff7-ef599122318c created
2026-08-10 00:10:39 | team | sess_aeff9445457f | INFO | [fullstack1] processing 1 unread messages (steer=True)
2026-08-10 00:10:39 | team | sess_aeff9445457f | INFO | Message cc4c980a-6622-4c3b-8885-df1f6b9c132b marked as read by fullstack1
2026-08-10 00:10:55 | team | sess_aeff9445457f | INFO | [fullstack1] processing 1 unread messages (steer=True)
2026-08-10 00:10:55 | team | sess_aeff9445457f | INFO | Message d1539b43-b8ef-4363-9dfd-f137ad38a1d8 marked as read by fullstack1
2026-08-10 00:10:58 | team | sess_aeff9445457f | INFO | Message 95e8ccc6-0102-4d68-be78-39eae6023c13 created
2026-08-10 00:11:05 | team | sess_aeff9445457f | INFO | [fullstack1] processing 1 unread messages (steer=True)
2026-08-10 00:11:05 | team | sess_aeff9445457f | INFO | Message cf24bcc8-7fd5-4ea5-83e3-10172bbb7e77 marked as read by fullstack1
2026-08-10 00:12:21 | team | sess_aeff9445457f | INFO | [fullstack1] processing 1 unread messages (steer=True)
2026-08-10 00:12:21 | team | sess_aeff9445457f | INFO | Message 281b2ce4-3a55-4be7-a740-8c1852419cfe marked as read by fullstack1
2026-08-10 00:12:40 | team | sess_aeff9445457f | INFO | Message 51ac3d6d-2bbc-43aa-a593-301a17918ca2 created
2026-08-10 00:12:53 | team | sess_aeff9445457f | INFO | [fullstack1] processing 1 unread messages (steer=True)
2026-08-10 00:12:53 | team | sess_aeff9445457f | INFO | Message b9a3d813-710d-44c2-81ea-d0442f8fa4b0 marked as read by fullstack1
2026-08-10 00:13:21 | team | sess_aeff9445457f | INFO | task list drained for team jiuwen_team_sess_aeff9445457f: 5 terminal task(s)
2026-08-10 00:13:44 | team | sess_aeff9445457f | INFO | [fullstack1] processing 1 unread messages (steer=True)
2026-08-10 00:13:44 | team | sess_aeff9445457f | INFO | Message 0b402125-1145-4427-be1d-653209f1d7c1 marked as read by fullstack1
2026-08-10 00:14:02 | team | sess_aeff9445457f | INFO | team jiuwen_team_sess_aeff9445457f reported completed: 9 members, 5 tasks
2026-08-10 00:14:02 | team | sess_aeff9445457f | INFO | [fullstack1] received TEAM_STANDBY, pausing polls
2026-08-10 00:14:02 | team | sess_aeff9445457f | INFO | EventBus[teammate] pausing polls
