2026-08-10 01:22:02 | team | sess_eee1cbd477d2 | INFO | Team workspace directory ensured at /srv/jwteam_clone/shared/run_current
2026-08-10 01:22:02 | team | sess_eee1cbd477d2 | INFO | AgentTeam manager initialized for jiuwen_team_sess_eee1cbd477d2, member=team_leader
2026-08-10 01:22:02 | team | sess_eee1cbd477d2 | INFO | [team_leader] TeamPolicyRail static sections: section_names=['team_role', 'team_workflow', 'team_swarmflow', 'team_lifecycle', 'team_persona']
2026-08-10 01:22:02 | team | sess_eee1cbd477d2 | INFO | Session tables ready for session sess_eee1cbd477d2
2026-08-10 01:22:02 | team | sess_eee1cbd477d2 | INFO | Team database initialized
2026-08-10 01:22:02 | team | default_trace_id | INFO | Team workspace directory ensured at /srv/jwteam_clone/shared/run_current
2026-08-10 01:22:02 | team | default_trace_id | INFO | AgentTeam manager initialized for jiuwen_team_sess_eee1cbd477d2, member=executor2
2026-08-10 01:22:02 | team | default_trace_id | INFO | [executor2] TeamPolicyRail static sections: section_names=['team_role', 'team_persona']
2026-08-10 01:22:02 | team | sess_eee1cbd477d2 | INFO | [executor2] invoke start, role=teammate
2026-08-10 01:22:02 | team | sess_eee1cbd477d2 | INFO | [executor2] coordination starting
2026-08-10 01:22:02 | team | sess_eee1cbd477d2 | INFO | Session tables ready for session sess_eee1cbd477d2
2026-08-10 01:22:02 | team | sess_eee1cbd477d2 | INFO | Workspace /srv/jwteam_clone/shared/run_current initialized as plain shared directory (version_control disabled)
2026-08-10 01:22:02 | team | sess_eee1cbd477d2 | INFO | EventBus[teammate] starting
2026-08-10 01:22:17 | team | sess_eee1cbd477d2 | INFO | [executor2] HITT section refresh: human_agent_names=[]
2026-08-10 01:22:27 | team | sess_eee1cbd477d2 | INFO | [executor2] processing 1 unread messages (steer=True)
2026-08-10 01:22:27 | team | sess_eee1cbd477d2 | INFO | Message 319b0284-abd0-4c0a-a5e0-4dff0ad6cb7a marked as read by executor2
2026-08-10 01:22:50 | team | sess_eee1cbd477d2 | INFO | Message 1e49eaf5-65ca-4c29-8bcd-183483d67035 created
2026-08-10 01:23:10 | team | sess_eee1cbd477d2 | INFO | [executor2] processing 1 unread messages (steer=True)
2026-08-10 01:23:10 | team | sess_eee1cbd477d2 | INFO | Message b3cd6e28-a77d-4078-a437-a1e966925fa3 marked as read by executor2
2026-08-10 01:27:48 | team | sess_eee1cbd477d2 | INFO | Message d61b14b4-2a2d-4fff-a11f-82ef5ef0cca1 created
2026-08-10 01:28:53 | team | sess_eee1cbd477d2 | INFO | [executor2] processing 1 unread messages (steer=True)
2026-08-10 01:28:53 | team | sess_eee1cbd477d2 | INFO | Message bda5b169-44d3-4124-bdb0-280bceae1093 marked as read by executor2
2026-08-10 01:29:00 | team | sess_eee1cbd477d2 | INFO | Message 6f5c5717-4d5b-4162-aee7-95b12355c128 created
2026-08-10 01:29:04 | team | sess_eee1cbd477d2 | INFO | task list drained for team jiuwen_team_sess_eee1cbd477d2: 3 terminal task(s)
2026-08-10 01:29:21 | team | sess_eee1cbd477d2 | INFO | [executor2] processing 1 unread messages (steer=True)
2026-08-10 01:29:22 | team | sess_eee1cbd477d2 | INFO | Message 5e18e404-7985-4bec-b9d1-e8f4540645e0 marked as read by executor2
2026-08-10 01:29:36 | team | sess_eee1cbd477d2 | INFO | team jiuwen_team_sess_eee1cbd477d2 reported completed: 9 members, 3 tasks
2026-08-10 01:29:36 | team | sess_eee1cbd477d2 | INFO | [executor2] received TEAM_STANDBY, pausing polls
2026-08-10 01:29:36 | team | sess_eee1cbd477d2 | INFO | EventBus[teammate] pausing polls
