2026-08-10 01:21:59 | team | sess_eee1cbd477d2 | INFO | Team workspace directory ensured at /srv/jwteam_clone/shared/run_current
2026-08-10 01:21:59 | team | sess_eee1cbd477d2 | INFO | AgentTeam manager initialized for jiuwen_team_sess_eee1cbd477d2, member=team_leader
2026-08-10 01:21:59 | team | sess_eee1cbd477d2 | INFO | [team_leader] TeamPolicyRail static sections: section_names=['team_role', 'team_workflow', 'team_swarmflow', 'team_lifecycle', 'team_persona']
2026-08-10 01:21:59 | team | sess_eee1cbd477d2 | INFO | Session tables ready for session sess_eee1cbd477d2
2026-08-10 01:21:59 | team | sess_eee1cbd477d2 | INFO | Team database initialized
2026-08-10 01:21:59 | team | default_trace_id | INFO | Team workspace directory ensured at /srv/jwteam_clone/shared/run_current
2026-08-10 01:21:59 | team | default_trace_id | INFO | AgentTeam manager initialized for jiuwen_team_sess_eee1cbd477d2, member=planner1
2026-08-10 01:21:59 | team | default_trace_id | INFO | [planner1] TeamPolicyRail static sections: section_names=['team_role', 'team_persona']
2026-08-10 01:21:59 | team | sess_eee1cbd477d2 | INFO | [planner1] invoke start, role=teammate
2026-08-10 01:21:59 | team | sess_eee1cbd477d2 | INFO | [planner1] coordination starting
2026-08-10 01:21:59 | team | sess_eee1cbd477d2 | INFO | Session tables ready for session sess_eee1cbd477d2
2026-08-10 01:21:59 | team | sess_eee1cbd477d2 | INFO | Workspace /srv/jwteam_clone/shared/run_current initialized as plain shared directory (version_control disabled)
2026-08-10 01:21:59 | team | sess_eee1cbd477d2 | INFO | EventBus[teammate] starting
2026-08-10 01:22:17 | team | sess_eee1cbd477d2 | INFO | [planner1] HITT section refresh: human_agent_names=[]
2026-08-10 01:22:27 | team | sess_eee1cbd477d2 | INFO | [planner1] processing 1 unread messages (steer=True)
2026-08-10 01:22:27 | team | sess_eee1cbd477d2 | INFO | Message 319b0284-abd0-4c0a-a5e0-4dff0ad6cb7a marked as read by planner1
2026-08-10 01:22:27 | team | sess_eee1cbd477d2 | INFO | Task plan claimed by member planner1
2026-08-10 01:22:27 | team | sess_eee1cbd477d2 | INFO | Task plan claimed by member planner1
2026-08-10 01:22:36 | team | sess_eee1cbd477d2 | INFO | [planner1] processing 1 unread messages (steer=True)
2026-08-10 01:22:36 | team | sess_eee1cbd477d2 | INFO | Message a1c3d594-304f-4cf8-9848-c44409b3527a marked as read by planner1
2026-08-10 01:22:47 | team | sess_eee1cbd477d2 | INFO | [planner1] processing 1 unread messages (steer=True)
2026-08-10 01:22:47 | team | sess_eee1cbd477d2 | INFO | Message 2ad8b031-ecdc-4391-be13-7dd59ddedba3 marked as read by planner1
2026-08-10 01:22:55 | team | sess_eee1cbd477d2 | INFO | [planner1] processing 1 unread messages (steer=True)
2026-08-10 01:22:55 | team | sess_eee1cbd477d2 | INFO | Message 75239da2-6271-443b-8678-d5027bdd0d6d marked as read by planner1
2026-08-10 01:23:01 | team | sess_eee1cbd477d2 | INFO | Message c2decd26-2740-4c3b-a1bc-2fd360f23049 created
2026-08-10 01:23:04 | team | sess_eee1cbd477d2 | INFO | [planner1] processing 1 unread messages (steer=True)
2026-08-10 01:23:04 | team | sess_eee1cbd477d2 | INFO | Message d36edc18-06bf-480c-84bc-ddb8b7cf50a7 marked as read by planner1
2026-08-10 01:23:10 | team | sess_eee1cbd477d2 | INFO | Task plan completed at 1786321390636
2026-08-10 01:23:10 | team | sess_eee1cbd477d2 | INFO | Message d4478ba6-5db6-4f3c-a321-454b0bc36c80 created
2026-08-10 01:23:10 | team | sess_eee1cbd477d2 | INFO | Message 1c279640-a65b-4d7c-b787-86f10d4fe986 created
2026-08-10 01:23:10 | team | sess_eee1cbd477d2 | INFO | Message 82ba291d-3231-4048-9537-fb1720ec41b8 created
2026-08-10 01:23:10 | team | sess_eee1cbd477d2 | INFO | Resolved 1 dependencies for task plan
2026-08-10 01:23:10 | team | sess_eee1cbd477d2 | INFO | Task implement unblocked (all deps resolved)
2026-08-10 01:23:10 | team | sess_eee1cbd477d2 | INFO | Task plan completed
2026-08-10 01:23:10 | team | sess_eee1cbd477d2 | INFO | Unblocked 1 tasks
2026-08-10 01:23:13 | team | sess_eee1cbd477d2 | INFO | [planner1] processing 1 unread messages (steer=True)
2026-08-10 01:23:13 | team | sess_eee1cbd477d2 | INFO | Message 4ab7d60d-d56e-45bf-a082-6b51402a4b9a marked as read by planner1
2026-08-10 01:23:16 | team | sess_eee1cbd477d2 | INFO | [planner1] processing 1 unread messages (steer=True)
2026-08-10 01:23:16 | team | sess_eee1cbd477d2 | INFO | Message 696a495f-450d-4f4d-ada9-8d45436eb1cf marked as read by planner1
2026-08-10 01:23:17 | team | sess_eee1cbd477d2 | INFO | Message 407454a5-eb77-467e-a921-bc806f1c21ce created
2026-08-10 01:23:20 | team | sess_eee1cbd477d2 | INFO | [planner1] processing 1 unread messages (steer=True)
2026-08-10 01:23:20 | team | sess_eee1cbd477d2 | INFO | Message 2f47e1ca-789c-484f-af7a-1fe6f038eaac marked as read by planner1
2026-08-10 01:23:32 | team | sess_eee1cbd477d2 | INFO | [planner1] processing 1 unread messages (steer=True)
2026-08-10 01:23:33 | team | sess_eee1cbd477d2 | INFO | Message 1c108da2-b326-47c8-97d6-2b3ffe32f067 marked as read by planner1
2026-08-10 01:27:47 | team | sess_eee1cbd477d2 | INFO | Message 51601b3b-3cfd-46b7-9068-bc46065875a0 created
2026-08-10 01:28:53 | team | sess_eee1cbd477d2 | INFO | [planner1] processing 1 unread messages (steer=True)
2026-08-10 01:28:53 | team | sess_eee1cbd477d2 | INFO | Message 9b1c6221-beb5-4f56-a3cc-215f5df74f28 marked as read by planner1
2026-08-10 01:29:02 | team | sess_eee1cbd477d2 | INFO | Message 372ee8c8-30c9-4ded-afd9-0bf2b02f487e created
2026-08-10 01:29:02 | team | sess_eee1cbd477d2 | INFO | Message 7f5ebcdc-b37f-4132-ad56-9eeffe2e2881 created
2026-08-10 01:29:04 | team | sess_eee1cbd477d2 | INFO | task list drained for team jiuwen_team_sess_eee1cbd477d2: 3 terminal task(s)
2026-08-10 01:29:21 | team | sess_eee1cbd477d2 | INFO | [planner1] processing 1 unread messages (steer=True)
2026-08-10 01:29:22 | team | sess_eee1cbd477d2 | INFO | Message 5e18e404-7985-4bec-b9d1-e8f4540645e0 marked as read by planner1
2026-08-10 01:29:36 | team | sess_eee1cbd477d2 | INFO | team jiuwen_team_sess_eee1cbd477d2 reported completed: 9 members, 3 tasks
2026-08-10 01:29:36 | team | sess_eee1cbd477d2 | INFO | [planner1] received TEAM_STANDBY, pausing polls
2026-08-10 01:29:36 | team | sess_eee1cbd477d2 | INFO | EventBus[teammate] pausing polls
