2026-08-10 01:22:06 | team | sess_eee1cbd477d2 | INFO | Team workspace directory ensured at /srv/jwteam_clone/shared/run_current
2026-08-10 01:22:06 | team | sess_eee1cbd477d2 | INFO | AgentTeam manager initialized for jiuwen_team_sess_eee1cbd477d2, member=team_leader
2026-08-10 01:22:06 | team | sess_eee1cbd477d2 | INFO | [team_leader] TeamPolicyRail static sections: section_names=['team_role', 'team_workflow', 'team_swarmflow', 'team_lifecycle', 'team_persona']
2026-08-10 01:22:06 | team | sess_eee1cbd477d2 | INFO | Session tables ready for session sess_eee1cbd477d2
2026-08-10 01:22:06 | team | sess_eee1cbd477d2 | INFO | Team database initialized
2026-08-10 01:22:06 | team | default_trace_id | INFO | Team workspace directory ensured at /srv/jwteam_clone/shared/run_current
2026-08-10 01:22:06 | team | default_trace_id | INFO | AgentTeam manager initialized for jiuwen_team_sess_eee1cbd477d2, member=fullstack1
2026-08-10 01:22:06 | team | default_trace_id | INFO | [fullstack1] TeamPolicyRail static sections: section_names=['team_role', 'team_persona']
2026-08-10 01:22:06 | team | sess_eee1cbd477d2 | INFO | [fullstack1] invoke start, role=teammate
2026-08-10 01:22:06 | team | sess_eee1cbd477d2 | INFO | [fullstack1] coordination starting
2026-08-10 01:22:06 | team | sess_eee1cbd477d2 | INFO | Session tables ready for session sess_eee1cbd477d2
2026-08-10 01:22:06 | team | sess_eee1cbd477d2 | INFO | Workspace /srv/jwteam_clone/shared/run_current initialized as plain shared directory (version_control disabled)
2026-08-10 01:22:06 | team | sess_eee1cbd477d2 | INFO | EventBus[teammate] starting
2026-08-10 01:22:17 | team | sess_eee1cbd477d2 | INFO | [fullstack1] HITT section refresh: human_agent_names=[]
2026-08-10 01:22:27 | team | sess_eee1cbd477d2 | INFO | [fullstack1] processing 1 unread messages (steer=True)
2026-08-10 01:22:27 | team | sess_eee1cbd477d2 | INFO | Message 319b0284-abd0-4c0a-a5e0-4dff0ad6cb7a marked as read by fullstack1
2026-08-10 01:23:04 | team | sess_eee1cbd477d2 | INFO | Message d36edc18-06bf-480c-84bc-ddb8b7cf50a7 created
2026-08-10 01:23:04 | team | sess_eee1cbd477d2 | INFO | Message 003e49a5-2251-4e10-889c-1711a3be60f0 created
2026-08-10 01:23:04 | team | sess_eee1cbd477d2 | INFO | Message 701c00d8-b267-4bd0-9420-d11061dd75b7 created
2026-08-10 01:23:13 | team | sess_eee1cbd477d2 | INFO | [fullstack1] processing 1 unread messages (steer=True)
2026-08-10 01:23:13 | team | sess_eee1cbd477d2 | INFO | Message 625d0b3b-e255-43c7-8c71-318387a2d7d4 marked as read by fullstack1
2026-08-10 01:23:16 | team | sess_eee1cbd477d2 | INFO | [fullstack1] processing 1 unread messages (steer=True)
2026-08-10 01:23:16 | team | sess_eee1cbd477d2 | INFO | Message fb11469b-c4ec-450f-abb9-3dae31ed3130 marked as read by fullstack1
2026-08-10 01:23:17 | team | sess_eee1cbd477d2 | INFO | [fullstack1] processing 1 unread messages (steer=True)
2026-08-10 01:23:17 | team | sess_eee1cbd477d2 | INFO | Message 407454a5-eb77-467e-a921-bc806f1c21ce marked as read by fullstack1
2026-08-10 01:23:32 | team | sess_eee1cbd477d2 | INFO | Message 1c108da2-b326-47c8-97d6-2b3ffe32f067 created
2026-08-10 01:23:32 | team | sess_eee1cbd477d2 | INFO | Message f2c4eea6-c5e9-4475-bd05-f2c2838b1c34 created
2026-08-10 01:23:32 | team | sess_eee1cbd477d2 | INFO | Message 2e08fb28-e503-46a6-9f36-58b5fc7b87df created
2026-08-10 01:23:37 | team | sess_eee1cbd477d2 | INFO | [fullstack1] processing 1 unread messages (steer=True)
2026-08-10 01:23:37 | team | sess_eee1cbd477d2 | INFO | Message 321b4648-13a2-4cfe-b486-6d933f6e5ef4 marked as read by fullstack1
2026-08-10 01:27:30 | team | sess_eee1cbd477d2 | INFO | [fullstack1] processing 1 unread messages (steer=True)
2026-08-10 01:27:30 | team | sess_eee1cbd477d2 | INFO | Message d6004cbb-2b2e-4a4a-b101-d581134ea45d marked as read by fullstack1
2026-08-10 01:27:43 | team | sess_eee1cbd477d2 | INFO | Message 4ac432ab-e1ba-4d10-bd21-c53712735271 created
2026-08-10 01:27:53 | team | sess_eee1cbd477d2 | INFO | Message 6ace62ea-9beb-411c-a27a-6b63a6060d9e created
2026-08-10 01:28:34 | team | sess_eee1cbd477d2 | INFO | [fullstack1] processing 1 unread messages (steer=True)
2026-08-10 01:28:34 | team | sess_eee1cbd477d2 | INFO | Message 596a306a-06ff-4477-9444-000bca7d82b0 marked as read by fullstack1
2026-08-10 01:28:35 | team | sess_eee1cbd477d2 | INFO | [fullstack1] processing 1 unread messages (steer=True)
2026-08-10 01:28:35 | team | sess_eee1cbd477d2 | INFO | Message f7829150-e23d-4375-aee0-f0e2ec1e1791 marked as read by fullstack1
2026-08-10 01:28:41 | team | sess_eee1cbd477d2 | INFO | Message d21a3350-1644-4d40-af9e-5fc70dd95d0d created
2026-08-10 01:29:02 | team | sess_eee1cbd477d2 | INFO | [fullstack1] processing 1 unread messages (steer=True)
2026-08-10 01:29:02 | team | sess_eee1cbd477d2 | INFO | Message 64c4f11e-5fa5-49dd-90f1-50b2f6783293 marked as read by fullstack1
2026-08-10 01:29:04 | team | sess_eee1cbd477d2 | INFO | Message beb70a62-eed9-408f-91cf-8eb6f2c3e842 created
2026-08-10 01:29:04 | team | sess_eee1cbd477d2 | INFO | Message 5aa370c4-9c4c-4f40-b02e-889f1087eee9 created
2026-08-10 01:29:04 | team | sess_eee1cbd477d2 | INFO | task list drained for team jiuwen_team_sess_eee1cbd477d2: 3 terminal task(s)
2026-08-10 01:29:16 | team | sess_eee1cbd477d2 | INFO | [fullstack1] processing 1 unread messages (steer=True)
2026-08-10 01:29:16 | team | sess_eee1cbd477d2 | INFO | Message f4970f7e-4444-4797-98be-2b1e01fe20cf marked as read by fullstack1
2026-08-10 01:29:21 | team | sess_eee1cbd477d2 | INFO | [fullstack1] processing 1 unread messages (steer=True)
2026-08-10 01:29:22 | team | sess_eee1cbd477d2 | INFO | Message 5e18e404-7985-4bec-b9d1-e8f4540645e0 marked as read by fullstack1
2026-08-10 01:29:27 | team | sess_eee1cbd477d2 | INFO | Message 32890ed5-2323-49c4-b360-f9e39003c0ea created
2026-08-10 01:29:36 | team | sess_eee1cbd477d2 | INFO | team jiuwen_team_sess_eee1cbd477d2 reported completed: 9 members, 3 tasks
2026-08-10 01:29:36 | team | sess_eee1cbd477d2 | INFO | [fullstack1] received TEAM_STANDBY, pausing polls
2026-08-10 01:29:36 | team | sess_eee1cbd477d2 | INFO | EventBus[teammate] pausing polls
