2026-08-10 01:22:00 | team | sess_eee1cbd477d2 | INFO | Team workspace directory ensured at /srv/jwteam_clone/shared/run_current
2026-08-10 01:22:00 | team | sess_eee1cbd477d2 | INFO | AgentTeam manager initialized for jiuwen_team_sess_eee1cbd477d2, member=team_leader
2026-08-10 01:22:00 | team | sess_eee1cbd477d2 | INFO | [team_leader] TeamPolicyRail static sections: section_names=['team_role', 'team_workflow', 'team_swarmflow', 'team_lifecycle', 'team_persona']
2026-08-10 01:22:01 | team | sess_eee1cbd477d2 | INFO | Session tables ready for session sess_eee1cbd477d2
2026-08-10 01:22:01 | team | sess_eee1cbd477d2 | INFO | Team database initialized
2026-08-10 01:22:01 | team | default_trace_id | INFO | Team workspace directory ensured at /srv/jwteam_clone/shared/run_current
2026-08-10 01:22:01 | team | default_trace_id | INFO | AgentTeam manager initialized for jiuwen_team_sess_eee1cbd477d2, member=planner2
2026-08-10 01:22:01 | team | default_trace_id | INFO | [planner2] TeamPolicyRail static sections: section_names=['team_role', 'team_persona']
2026-08-10 01:22:01 | team | sess_eee1cbd477d2 | INFO | [planner2] invoke start, role=teammate
2026-08-10 01:22:01 | team | sess_eee1cbd477d2 | INFO | [planner2] coordination starting
2026-08-10 01:22:01 | team | sess_eee1cbd477d2 | INFO | Session tables ready for session sess_eee1cbd477d2
2026-08-10 01:22:01 | team | sess_eee1cbd477d2 | INFO | Workspace /srv/jwteam_clone/shared/run_current initialized as plain shared directory (version_control disabled)
2026-08-10 01:22:01 | team | sess_eee1cbd477d2 | INFO | EventBus[teammate] starting
2026-08-10 01:22:17 | team | sess_eee1cbd477d2 | INFO | [planner2] HITT section refresh: human_agent_names=[]
2026-08-10 01:22:27 | team | sess_eee1cbd477d2 | INFO | [planner2] processing 1 unread messages (steer=True)
2026-08-10 01:22:27 | team | sess_eee1cbd477d2 | INFO | Message 319b0284-abd0-4c0a-a5e0-4dff0ad6cb7a marked as read by planner2
2026-08-10 01:22:36 | team | sess_eee1cbd477d2 | INFO | [planner2] processing 1 unread messages (steer=True)
2026-08-10 01:22:36 | team | sess_eee1cbd477d2 | INFO | Message 0e8e480e-c68f-4f6e-9345-dbbad466c726 marked as read by planner2
2026-08-10 01:22:38 | team | sess_eee1cbd477d2 | INFO | Message 4bfacb6a-90bc-424c-b27e-0cdc94730fdb created
2026-08-10 01:22:42 | team | sess_eee1cbd477d2 | INFO | Message 5b0c52ae-483f-4ccf-9435-016e421e2f9d created
2026-08-10 01:22:47 | team | sess_eee1cbd477d2 | INFO | Message 2ad8b031-ecdc-4391-be13-7dd59ddedba3 created
2026-08-10 01:22:55 | team | sess_eee1cbd477d2 | INFO | [planner2] processing 1 unread messages (steer=True)
2026-08-10 01:22:55 | team | sess_eee1cbd477d2 | INFO | Message 97c67737-f17d-4f32-b990-5f8f4ca7fe8b marked as read by planner2
2026-08-10 01:23:10 | team | sess_eee1cbd477d2 | INFO | [planner2] processing 1 unread messages (steer=True)
2026-08-10 01:23:10 | team | sess_eee1cbd477d2 | INFO | Message 82ba291d-3231-4048-9537-fb1720ec41b8 marked as read by planner2
2026-08-10 01:23:13 | team | sess_eee1cbd477d2 | INFO | Message 4ab7d60d-d56e-45bf-a082-6b51402a4b9a created
2026-08-10 01:23:13 | team | sess_eee1cbd477d2 | INFO | Message af7963b4-79f1-4e16-82dd-ac7cbedc61c3 created
2026-08-10 01:23:20 | team | sess_eee1cbd477d2 | INFO | Message f36f1950-f446-4078-aa20-1f5612e76a20 created
2026-08-10 01:23:20 | team | sess_eee1cbd477d2 | INFO | Message 2f47e1ca-789c-484f-af7a-1fe6f038eaac created
2026-08-10 01:27:41 | team | sess_eee1cbd477d2 | INFO | Message 6127a9d3-eb94-4d2c-a454-9e7dc98e3767 created
2026-08-10 01:28:53 | team | sess_eee1cbd477d2 | INFO | [planner2] processing 1 unread messages (steer=True)
2026-08-10 01:28:53 | team | sess_eee1cbd477d2 | INFO | Message 016ecb14-279f-4fdd-a633-2e1157c675a1 marked as read by planner2
2026-08-10 01:29:00 | team | sess_eee1cbd477d2 | INFO | Message bff79caa-f4e0-4a3f-aff2-509a6b491643 created
2026-08-10 01:29:04 | team | sess_eee1cbd477d2 | INFO | task list drained for team jiuwen_team_sess_eee1cbd477d2: 3 terminal task(s)
2026-08-10 01:29:21 | team | sess_eee1cbd477d2 | INFO | [planner2] processing 1 unread messages (steer=True)
2026-08-10 01:29:22 | team | sess_eee1cbd477d2 | INFO | Message 5e18e404-7985-4bec-b9d1-e8f4540645e0 marked as read by planner2
2026-08-10 01:29:36 | team | sess_eee1cbd477d2 | INFO | team jiuwen_team_sess_eee1cbd477d2 reported completed: 9 members, 3 tasks
2026-08-10 01:29:36 | team | sess_eee1cbd477d2 | INFO | [planner2] received TEAM_STANDBY, pausing polls
2026-08-10 01:29:36 | team | sess_eee1cbd477d2 | INFO | EventBus[teammate] pausing polls
