2026-08-10 01:22:04 | team | sess_eee1cbd477d2 | INFO | Team workspace directory ensured at /srv/jwteam_clone/shared/run_current
2026-08-10 01:22:04 | team | sess_eee1cbd477d2 | INFO | AgentTeam manager initialized for jiuwen_team_sess_eee1cbd477d2, member=team_leader
2026-08-10 01:22:04 | team | sess_eee1cbd477d2 | INFO | [team_leader] TeamPolicyRail static sections: section_names=['team_role', 'team_workflow', 'team_swarmflow', 'team_lifecycle', 'team_persona']
2026-08-10 01:22:05 | team | sess_eee1cbd477d2 | INFO | Session tables ready for session sess_eee1cbd477d2
2026-08-10 01:22:05 | team | sess_eee1cbd477d2 | INFO | Team database initialized
2026-08-10 01:22:05 | team | default_trace_id | INFO | Team workspace directory ensured at /srv/jwteam_clone/shared/run_current
2026-08-10 01:22:05 | team | default_trace_id | INFO | AgentTeam manager initialized for jiuwen_team_sess_eee1cbd477d2, member=verifier2
2026-08-10 01:22:05 | team | default_trace_id | INFO | [verifier2] TeamPolicyRail static sections: section_names=['team_role', 'team_persona']
2026-08-10 01:22:05 | team | sess_eee1cbd477d2 | INFO | [verifier2] invoke start, role=teammate
2026-08-10 01:22:05 | team | sess_eee1cbd477d2 | INFO | [verifier2] coordination starting
2026-08-10 01:22:05 | team | sess_eee1cbd477d2 | INFO | Session tables ready for session sess_eee1cbd477d2
2026-08-10 01:22:05 | team | sess_eee1cbd477d2 | INFO | Workspace /srv/jwteam_clone/shared/run_current initialized as plain shared directory (version_control disabled)
2026-08-10 01:22:05 | team | sess_eee1cbd477d2 | INFO | EventBus[teammate] starting
2026-08-10 01:22:17 | team | sess_eee1cbd477d2 | INFO | [verifier2] HITT section refresh: human_agent_names=[]
2026-08-10 01:22:27 | team | sess_eee1cbd477d2 | INFO | [verifier2] processing 1 unread messages (steer=True)
2026-08-10 01:22:27 | team | sess_eee1cbd477d2 | INFO | Message 319b0284-abd0-4c0a-a5e0-4dff0ad6cb7a marked as read by verifier2
2026-08-10 01:22:42 | team | sess_eee1cbd477d2 | INFO | Message 41c2b53d-e52c-467d-bca8-3931be9376b1 created
2026-08-10 01:23:04 | team | sess_eee1cbd477d2 | INFO | [verifier2] processing 1 unread messages (steer=True)
2026-08-10 01:23:04 | team | sess_eee1cbd477d2 | INFO | Message 003e49a5-2251-4e10-889c-1711a3be60f0 marked as read by verifier2
2026-08-10 01:23:13 | team | sess_eee1cbd477d2 | INFO | Message 625d0b3b-e255-43c7-8c71-318387a2d7d4 created
2026-08-10 01:23:32 | team | sess_eee1cbd477d2 | INFO | [verifier2] processing 1 unread messages (steer=True)
2026-08-10 01:23:33 | team | sess_eee1cbd477d2 | INFO | Message 2e08fb28-e503-46a6-9f36-58b5fc7b87df marked as read by verifier2
2026-08-10 01:23:37 | team | sess_eee1cbd477d2 | INFO | Message 321b4648-13a2-4cfe-b486-6d933f6e5ef4 created
2026-08-10 01:27:24 | team | sess_eee1cbd477d2 | INFO | [verifier2] processing 1 unread messages (steer=True)
2026-08-10 01:27:24 | team | sess_eee1cbd477d2 | INFO | Message 0cdf154a-41c1-4ac3-8d22-0f9767b11516 marked as read by verifier2
2026-08-10 01:27:30 | team | sess_eee1cbd477d2 | INFO | Message d6004cbb-2b2e-4a4a-b101-d581134ea45d created
2026-08-10 01:27:34 | team | sess_eee1cbd477d2 | INFO | [verifier2] processing 1 unread messages (steer=True)
2026-08-10 01:27:34 | team | sess_eee1cbd477d2 | INFO | Message 363b4964-2c46-47c7-b94a-7b12895ddd75 marked as read by verifier2
2026-08-10 01:27:41 | team | sess_eee1cbd477d2 | INFO | [verifier2] processing 1 unread messages (steer=True)
2026-08-10 01:27:41 | team | sess_eee1cbd477d2 | INFO | Message 6127a9d3-eb94-4d2c-a454-9e7dc98e3767 marked as read by verifier2
2026-08-10 01:27:44 | team | sess_eee1cbd477d2 | INFO | [verifier2] processing 1 unread messages (steer=True)
2026-08-10 01:27:44 | team | sess_eee1cbd477d2 | INFO | Message 4ac432ab-e1ba-4d10-bd21-c53712735271 marked as read by verifier2
2026-08-10 01:27:47 | team | sess_eee1cbd477d2 | INFO | [verifier2] processing 1 unread messages (steer=True)
2026-08-10 01:27:47 | team | sess_eee1cbd477d2 | INFO | Message 51601b3b-3cfd-46b7-9068-bc46065875a0 marked as read by verifier2
2026-08-10 01:27:48 | team | sess_eee1cbd477d2 | INFO | [verifier2] processing 1 unread messages (steer=True)
2026-08-10 01:27:48 | team | sess_eee1cbd477d2 | INFO | Message d61b14b4-2a2d-4fff-a11f-82ef5ef0cca1 marked as read by verifier2
2026-08-10 01:28:34 | team | sess_eee1cbd477d2 | INFO | Message 5ba520fb-1eca-4933-b4d9-7377288b9662 created
2026-08-10 01:28:34 | team | sess_eee1cbd477d2 | INFO | Message f7829150-e23d-4375-aee0-f0e2ec1e1791 created
2026-08-10 01:28:53 | team | sess_eee1cbd477d2 | INFO | Message 016ecb14-279f-4fdd-a633-2e1157c675a1 created
2026-08-10 01:28:53 | team | sess_eee1cbd477d2 | INFO | Message 1a391262-b4b1-46ee-8a20-cf642aeaa2e5 created
2026-08-10 01:28:53 | team | sess_eee1cbd477d2 | INFO | Message 9b1c6221-beb5-4f56-a3cc-215f5df74f28 created
2026-08-10 01:28:53 | team | sess_eee1cbd477d2 | INFO | Message bda5b169-44d3-4124-bdb0-280bceae1093 created
2026-08-10 01:28:53 | team | sess_eee1cbd477d2 | INFO | Message 7e449ad2-c661-4a29-9b5e-0109e334cd85 created
2026-08-10 01:28:59 | team | sess_eee1cbd477d2 | INFO | [verifier2] processing 1 unread messages (steer=True)
2026-08-10 01:28:59 | team | sess_eee1cbd477d2 | INFO | Message f0191bba-49c8-4446-8690-5acf4845073f marked as read by verifier2
2026-08-10 01:29:00 | team | sess_eee1cbd477d2 | INFO | [verifier2] processing 1 unread messages (steer=True)
2026-08-10 01:29:00 | team | sess_eee1cbd477d2 | INFO | Message 6f5c5717-4d5b-4162-aee7-95b12355c128 marked as read by verifier2
2026-08-10 01:29:00 | team | sess_eee1cbd477d2 | INFO | [verifier2] processing 1 unread messages (steer=True)
2026-08-10 01:29:00 | team | sess_eee1cbd477d2 | INFO | Message bff79caa-f4e0-4a3f-aff2-509a6b491643 marked as read by verifier2
2026-08-10 01:29:02 | team | sess_eee1cbd477d2 | INFO | [verifier2] processing 1 unread messages (steer=True)
2026-08-10 01:29:02 | team | sess_eee1cbd477d2 | INFO | Message d27711db-80c5-4f9f-8a71-efc9929371c6 marked as read by verifier2
2026-08-10 01:29:02 | team | sess_eee1cbd477d2 | INFO | [verifier2] processing 1 unread messages (steer=True)
2026-08-10 01:29:02 | team | sess_eee1cbd477d2 | INFO | Message 7f5ebcdc-b37f-4132-ad56-9eeffe2e2881 marked as read by verifier2
2026-08-10 01:29:04 | team | sess_eee1cbd477d2 | INFO | [verifier2] processing 1 unread messages (steer=True)
2026-08-10 01:29:04 | team | sess_eee1cbd477d2 | INFO | Message beb70a62-eed9-408f-91cf-8eb6f2c3e842 marked as read by verifier2
2026-08-10 01:29:04 | team | sess_eee1cbd477d2 | INFO | task list drained for team jiuwen_team_sess_eee1cbd477d2: 3 terminal task(s)
2026-08-10 01:29:10 | team | sess_eee1cbd477d2 | INFO | [verifier2] processing 1 unread messages (steer=True)
2026-08-10 01:29:10 | team | sess_eee1cbd477d2 | INFO | Message 96c507bc-e264-4e42-8bc1-6297243cb6e5 marked as read by verifier2
2026-08-10 01:29:16 | team | sess_eee1cbd477d2 | INFO | Message 433e8d1e-ff43-46ea-a6c3-61fe28c856df created
2026-08-10 01:29:16 | team | sess_eee1cbd477d2 | INFO | Message f4970f7e-4444-4797-98be-2b1e01fe20cf created
2026-08-10 01:29:21 | team | sess_eee1cbd477d2 | INFO | [verifier2] processing 1 unread messages (steer=True)
2026-08-10 01:29:21 | team | sess_eee1cbd477d2 | INFO | Message 5e18e404-7985-4bec-b9d1-e8f4540645e0 marked as read by verifier2
2026-08-10 01:29:24 | team | sess_eee1cbd477d2 | INFO | [verifier2] processing 1 unread messages (steer=True)
2026-08-10 01:29:24 | team | sess_eee1cbd477d2 | INFO | Message 83a3fd92-2637-4260-87bf-ef00015017b2 marked as read by verifier2
2026-08-10 01:29:25 | team | sess_eee1cbd477d2 | INFO | Message c1e35bfa-dadb-44be-be58-05e2a4da7010 created
2026-08-10 01:29:36 | team | sess_eee1cbd477d2 | INFO | team jiuwen_team_sess_eee1cbd477d2 reported completed: 9 members, 3 tasks
2026-08-10 01:29:36 | team | sess_eee1cbd477d2 | INFO | [verifier2] received TEAM_STANDBY, pausing polls
2026-08-10 01:29:36 | team | sess_eee1cbd477d2 | INFO | EventBus[teammate] pausing polls
