2026-08-10 01:22:03 | team | sess_eee1cbd477d2 | INFO | Team workspace directory ensured at /srv/jwteam_clone/shared/run_current
2026-08-10 01:22:03 | team | sess_eee1cbd477d2 | INFO | AgentTeam manager initialized for jiuwen_team_sess_eee1cbd477d2, member=team_leader
2026-08-10 01:22:03 | team | sess_eee1cbd477d2 | INFO | [team_leader] TeamPolicyRail static sections: section_names=['team_role', 'team_workflow', 'team_swarmflow', 'team_lifecycle', 'team_persona']
2026-08-10 01:22:03 | team | sess_eee1cbd477d2 | INFO | Session tables ready for session sess_eee1cbd477d2
2026-08-10 01:22:03 | team | sess_eee1cbd477d2 | INFO | Team database initialized
2026-08-10 01:22:03 | team | default_trace_id | INFO | Team workspace directory ensured at /srv/jwteam_clone/shared/run_current
2026-08-10 01:22:03 | team | default_trace_id | INFO | AgentTeam manager initialized for jiuwen_team_sess_eee1cbd477d2, member=executor3
2026-08-10 01:22:03 | team | default_trace_id | INFO | [executor3] TeamPolicyRail static sections: section_names=['team_role', 'team_persona']
2026-08-10 01:22:03 | team | sess_eee1cbd477d2 | INFO | [executor3] invoke start, role=teammate
2026-08-10 01:22:03 | team | sess_eee1cbd477d2 | INFO | [executor3] coordination starting
2026-08-10 01:22:03 | team | sess_eee1cbd477d2 | INFO | Session tables ready for session sess_eee1cbd477d2
2026-08-10 01:22:03 | team | sess_eee1cbd477d2 | INFO | Workspace /srv/jwteam_clone/shared/run_current initialized as plain shared directory (version_control disabled)
2026-08-10 01:22:03 | team | sess_eee1cbd477d2 | INFO | EventBus[teammate] starting
2026-08-10 01:22:17 | team | sess_eee1cbd477d2 | INFO | [executor3] HITT section refresh: human_agent_names=[]
2026-08-10 01:22:27 | team | sess_eee1cbd477d2 | INFO | [executor3] processing 1 unread messages (steer=True)
2026-08-10 01:22:27 | team | sess_eee1cbd477d2 | INFO | Message 319b0284-abd0-4c0a-a5e0-4dff0ad6cb7a marked as read by executor3
2026-08-10 01:22:36 | team | sess_eee1cbd477d2 | INFO | Message a1c3d594-304f-4cf8-9848-c44409b3527a created
2026-08-10 01:22:36 | team | sess_eee1cbd477d2 | INFO | Message 0e8e480e-c68f-4f6e-9345-dbbad466c726 created
2026-08-10 01:22:42 | team | sess_eee1cbd477d2 | INFO | [executor3] processing 1 unread messages (steer=True)
2026-08-10 01:22:42 | team | sess_eee1cbd477d2 | INFO | Message 5b0c52ae-483f-4ccf-9435-016e421e2f9d marked as read by executor3
2026-08-10 01:23:01 | team | sess_eee1cbd477d2 | INFO | [executor3] processing 1 unread messages (steer=True)
2026-08-10 01:23:01 | team | sess_eee1cbd477d2 | INFO | Message c2decd26-2740-4c3b-a1bc-2fd360f23049 marked as read by executor3
2026-08-10 01:23:04 | team | sess_eee1cbd477d2 | INFO | [executor3] processing 1 unread messages (steer=True)
2026-08-10 01:23:04 | team | sess_eee1cbd477d2 | INFO | Message 701c00d8-b267-4bd0-9420-d11061dd75b7 marked as read by executor3
2026-08-10 01:23:10 | team | sess_eee1cbd477d2 | INFO | [executor3] processing 1 unread messages (steer=True)
2026-08-10 01:23:10 | team | sess_eee1cbd477d2 | INFO | Message d4478ba6-5db6-4f3c-a321-454b0bc36c80 marked as read by executor3
2026-08-10 01:23:16 | team | sess_eee1cbd477d2 | INFO | Message 696a495f-450d-4f4d-ada9-8d45436eb1cf created
2026-08-10 01:23:16 | team | sess_eee1cbd477d2 | INFO | Message fb11469b-c4ec-450f-abb9-3dae31ed3130 created
2026-08-10 01:23:19 | team | sess_eee1cbd477d2 | INFO | Task implement claimed by member executor3
2026-08-10 01:23:19 | team | sess_eee1cbd477d2 | INFO | Task implement claimed by member executor3
2026-08-10 01:23:20 | team | sess_eee1cbd477d2 | INFO | [executor3] processing 1 unread messages (steer=True)
2026-08-10 01:23:20 | team | sess_eee1cbd477d2 | INFO | Message f36f1950-f446-4078-aa20-1f5612e76a20 marked as read by executor3
2026-08-10 01:23:32 | team | sess_eee1cbd477d2 | INFO | [executor3] processing 1 unread messages (steer=True)
2026-08-10 01:23:32 | team | sess_eee1cbd477d2 | INFO | Message f2c4eea6-c5e9-4475-bd05-f2c2838b1c34 marked as read by executor3
2026-08-10 01:24:54 | team | sess_eee1cbd477d2 | INFO | Message c2d4e203-5d9e-462c-aecb-82df81e5248b created
2026-08-10 01:25:09 | team | sess_eee1cbd477d2 | INFO | [executor3] processing 1 unread messages (steer=True)
2026-08-10 01:25:09 | team | sess_eee1cbd477d2 | INFO | Message db5464b8-d539-4090-a55c-f4e9fad6f44f marked as read by executor3
2026-08-10 01:25:20 | team | sess_eee1cbd477d2 | INFO | Message 795ca9f3-ff7c-4a33-b382-66d6717ce4c4 created
2026-08-10 01:27:24 | team | sess_eee1cbd477d2 | INFO | [executor3] processing 1 unread messages (steer=True)
2026-08-10 01:27:24 | team | sess_eee1cbd477d2 | INFO | Message 59d6d028-82ed-4965-a134-49ea3aba8f0f marked as read by executor3
2026-08-10 01:27:34 | team | sess_eee1cbd477d2 | INFO | Task implement completed at 1786321654118
2026-08-10 01:27:34 | team | sess_eee1cbd477d2 | INFO | Message 363b4964-2c46-47c7-b94a-7b12895ddd75 created
2026-08-10 01:27:34 | team | sess_eee1cbd477d2 | INFO | Resolved 1 dependencies for task implement
2026-08-10 01:27:34 | team | sess_eee1cbd477d2 | INFO | Task verify unblocked (all deps resolved)
2026-08-10 01:27:34 | team | sess_eee1cbd477d2 | INFO | Task implement completed
2026-08-10 01:27:34 | team | sess_eee1cbd477d2 | INFO | Unblocked 1 tasks
2026-08-10 01:28:53 | team | sess_eee1cbd477d2 | INFO | [executor3] processing 1 unread messages (steer=True)
2026-08-10 01:28:53 | team | sess_eee1cbd477d2 | INFO | Message 1a391262-b4b1-46ee-8a20-cf642aeaa2e5 marked as read by executor3
2026-08-10 01:28:59 | team | sess_eee1cbd477d2 | INFO | Message f0191bba-49c8-4446-8690-5acf4845073f created
2026-08-10 01:29:04 | team | sess_eee1cbd477d2 | INFO | task list drained for team jiuwen_team_sess_eee1cbd477d2: 3 terminal task(s)
2026-08-10 01:29:21 | team | sess_eee1cbd477d2 | INFO | [executor3] processing 1 unread messages (steer=True)
2026-08-10 01:29:22 | team | sess_eee1cbd477d2 | INFO | Message 5e18e404-7985-4bec-b9d1-e8f4540645e0 marked as read by executor3
2026-08-10 01:29:36 | team | sess_eee1cbd477d2 | INFO | team jiuwen_team_sess_eee1cbd477d2 reported completed: 9 members, 3 tasks
2026-08-10 01:29:36 | team | sess_eee1cbd477d2 | INFO | [executor3] received TEAM_STANDBY, pausing polls
2026-08-10 01:29:36 | team | sess_eee1cbd477d2 | INFO | EventBus[teammate] pausing polls
