2026-08-10 01:22:04 | team | sess_eee1cbd477d2 | INFO | Team workspace directory ensured at /srv/jwteam_clone/shared/run_current
2026-08-10 01:22:04 | team | sess_eee1cbd477d2 | INFO | AgentTeam manager initialized for jiuwen_team_sess_eee1cbd477d2, member=team_leader
2026-08-10 01:22:04 | team | sess_eee1cbd477d2 | INFO | [team_leader] TeamPolicyRail static sections: section_names=['team_role', 'team_workflow', 'team_swarmflow', 'team_lifecycle', 'team_persona']
2026-08-10 01:22:04 | team | sess_eee1cbd477d2 | INFO | Session tables ready for session sess_eee1cbd477d2
2026-08-10 01:22:04 | team | sess_eee1cbd477d2 | INFO | Team database initialized
2026-08-10 01:22:04 | team | default_trace_id | INFO | Team workspace directory ensured at /srv/jwteam_clone/shared/run_current
2026-08-10 01:22:04 | team | default_trace_id | INFO | AgentTeam manager initialized for jiuwen_team_sess_eee1cbd477d2, member=verifier1
2026-08-10 01:22:04 | team | default_trace_id | INFO | [verifier1] TeamPolicyRail static sections: section_names=['team_role', 'team_persona']
2026-08-10 01:22:04 | team | sess_eee1cbd477d2 | INFO | [verifier1] invoke start, role=teammate
2026-08-10 01:22:04 | team | sess_eee1cbd477d2 | INFO | [verifier1] coordination starting
2026-08-10 01:22:04 | team | sess_eee1cbd477d2 | INFO | Session tables ready for session sess_eee1cbd477d2
2026-08-10 01:22:04 | team | sess_eee1cbd477d2 | INFO | Workspace /srv/jwteam_clone/shared/run_current initialized as plain shared directory (version_control disabled)
2026-08-10 01:22:04 | team | sess_eee1cbd477d2 | INFO | EventBus[teammate] starting
2026-08-10 01:22:17 | team | sess_eee1cbd477d2 | INFO | [verifier1] HITT section refresh: human_agent_names=[]
2026-08-10 01:22:27 | team | sess_eee1cbd477d2 | INFO | [verifier1] processing 1 unread messages (steer=True)
2026-08-10 01:22:27 | team | sess_eee1cbd477d2 | INFO | Message 319b0284-abd0-4c0a-a5e0-4dff0ad6cb7a marked as read by verifier1
2026-08-10 01:27:45 | team | sess_eee1cbd477d2 | INFO | Task verify claimed by member verifier1
2026-08-10 01:27:45 | team | sess_eee1cbd477d2 | INFO | Task verify claimed by member verifier1
2026-08-10 01:27:53 | team | sess_eee1cbd477d2 | INFO | [verifier1] processing 1 unread messages (steer=True)
2026-08-10 01:27:53 | team | sess_eee1cbd477d2 | INFO | Message 6ace62ea-9beb-411c-a27a-6b63a6060d9e marked as read by verifier1
2026-08-10 01:28:34 | team | sess_eee1cbd477d2 | INFO | Message 596a306a-06ff-4477-9444-000bca7d82b0 created
2026-08-10 01:28:35 | team | sess_eee1cbd477d2 | INFO | [verifier1] processing 1 unread messages (steer=True)
2026-08-10 01:28:35 | team | sess_eee1cbd477d2 | INFO | Message 5ba520fb-1eca-4933-b4d9-7377288b9662 marked as read by verifier1
2026-08-10 01:28:41 | team | sess_eee1cbd477d2 | INFO | [verifier1] processing 1 unread messages (steer=True)
2026-08-10 01:28:41 | team | sess_eee1cbd477d2 | INFO | Message d21a3350-1644-4d40-af9e-5fc70dd95d0d marked as read by verifier1
2026-08-10 01:29:01 | team | sess_eee1cbd477d2 | INFO | Message d27711db-80c5-4f9f-8a71-efc9929371c6 created
2026-08-10 01:29:01 | team | sess_eee1cbd477d2 | INFO | Message 64c4f11e-5fa5-49dd-90f1-50b2f6783293 created
2026-08-10 01:29:04 | team | sess_eee1cbd477d2 | INFO | [verifier1] processing 1 unread messages (steer=True)
2026-08-10 01:29:04 | team | sess_eee1cbd477d2 | INFO | Message 5aa370c4-9c4c-4f40-b02e-889f1087eee9 marked as read by verifier1
2026-08-10 01:29:04 | team | sess_eee1cbd477d2 | INFO | Task verify completed at 1786321744558
2026-08-10 01:29:04 | team | sess_eee1cbd477d2 | INFO | Task verify completed
2026-08-10 01:29:16 | team | sess_eee1cbd477d2 | INFO | [verifier1] processing 1 unread messages (steer=True)
2026-08-10 01:29:16 | team | sess_eee1cbd477d2 | INFO | Message 433e8d1e-ff43-46ea-a6c3-61fe28c856df marked as read by verifier1
2026-08-10 01:29:18 | team | sess_eee1cbd477d2 | INFO | Message 209b9fb8-3daf-416d-a01c-3f7d4a547151 created
2026-08-10 01:29:21 | team | sess_eee1cbd477d2 | INFO | [verifier1] processing 1 unread messages (steer=True)
2026-08-10 01:29:22 | team | sess_eee1cbd477d2 | INFO | Message 5e18e404-7985-4bec-b9d1-e8f4540645e0 marked as read by verifier1
2026-08-10 01:29:24 | team | sess_eee1cbd477d2 | INFO | Message 83a3fd92-2637-4260-87bf-ef00015017b2 created
2026-08-10 01:29:27 | team | sess_eee1cbd477d2 | INFO | [verifier1] processing 1 unread messages (steer=True)
2026-08-10 01:29:27 | team | sess_eee1cbd477d2 | INFO | Message 32890ed5-2323-49c4-b360-f9e39003c0ea marked as read by verifier1
2026-08-10 01:29:36 | team | sess_eee1cbd477d2 | INFO | team jiuwen_team_sess_eee1cbd477d2 reported completed: 9 members, 3 tasks
2026-08-10 01:29:36 | team | sess_eee1cbd477d2 | INFO | [verifier1] received TEAM_STANDBY, pausing polls
2026-08-10 01:29:36 | team | sess_eee1cbd477d2 | INFO | EventBus[teammate] pausing polls
