2026-08-08 00:45:02 | team | sess_7b83b7ee5f88 | INFO | Team workspace directory ensured at /srv/jwteam_clone/shared/run_current
2026-08-08 00:45:02 | team | sess_7b83b7ee5f88 | INFO | AgentTeam manager initialized for jiuwen_team_sess_7b83b7ee5f88, member=team_leader
2026-08-08 00:45:02 | team | sess_7b83b7ee5f88 | INFO | [team_leader] TeamPolicyRail static sections: section_names=['team_role', 'team_workflow', 'team_swarmflow', 'team_lifecycle', 'team_persona']
2026-08-08 00:45:02 | team | sess_7b83b7ee5f88 | INFO | Session tables ready for session sess_7b83b7ee5f88
2026-08-08 00:45:02 | team | sess_7b83b7ee5f88 | INFO | Team database initialized
2026-08-08 00:45:02 | team | default_trace_id | INFO | Team workspace directory ensured at /srv/jwteam_clone/shared/run_current
2026-08-08 00:45:02 | team | default_trace_id | INFO | AgentTeam manager initialized for jiuwen_team_sess_7b83b7ee5f88, member=executor1
2026-08-08 00:45:02 | team | default_trace_id | INFO | [executor1] TeamPolicyRail static sections: section_names=['team_role', 'team_persona']
2026-08-08 00:45:02 | team | sess_7b83b7ee5f88 | INFO | [executor1] invoke start, role=teammate
2026-08-08 00:45:02 | team | sess_7b83b7ee5f88 | INFO | [executor1] coordination starting
2026-08-08 00:45:02 | team | sess_7b83b7ee5f88 | INFO | Session tables ready for session sess_7b83b7ee5f88
2026-08-08 00:45:02 | team | sess_7b83b7ee5f88 | INFO | Workspace /srv/jwteam_clone/shared/run_current initialized as plain shared directory (version_control disabled)
2026-08-08 00:45:02 | team | sess_7b83b7ee5f88 | INFO | EventBus[teammate] starting
2026-08-08 00:45:22 | team | sess_7b83b7ee5f88 | INFO | [executor1] HITT section refresh: human_agent_names=[]
2026-08-08 00:45:32 | team | sess_7b83b7ee5f88 | INFO | [executor1] processing 1 unread messages (steer=True)
2026-08-08 00:45:32 | team | sess_7b83b7ee5f88 | INFO | Message 8a35a4e2-cf1b-4540-82ef-d68b430a5c90 marked as read by executor1
2026-08-08 00:45:59 | team | sess_7b83b7ee5f88 | INFO | [executor1] processing 1 unread messages (steer=True)
2026-08-08 00:45:59 | team | sess_7b83b7ee5f88 | INFO | Message 72005e44-e422-46d0-8748-ce70da07a6b9 marked as read by executor1
2026-08-08 00:46:05 | team | sess_7b83b7ee5f88 | INFO | Message 3ce54ab1-d9ac-4457-a073-72b3c5939cc6 created
2026-08-08 00:46:05 | team | sess_7b83b7ee5f88 | INFO | Task implement claimed by member executor1
2026-08-08 00:46:05 | team | sess_7b83b7ee5f88 | INFO | Task implement claimed by member executor1
2026-08-08 00:47:17 | team | sess_7b83b7ee5f88 | INFO | Task implement completed at 1786146437066
2026-08-08 00:47:17 | team | sess_7b83b7ee5f88 | INFO | Message 73d83e21-2eb1-4d5c-84d3-5cf05fe3fef7 created
2026-08-08 00:47:17 | team | sess_7b83b7ee5f88 | INFO | Resolved 1 dependencies for task implement
2026-08-08 00:47:17 | team | sess_7b83b7ee5f88 | INFO | Task verify unblocked (all deps resolved)
2026-08-08 00:47:17 | team | sess_7b83b7ee5f88 | INFO | Task implement completed
2026-08-08 00:47:17 | team | sess_7b83b7ee5f88 | INFO | Unblocked 1 tasks
2026-08-08 00:47:59 | team | sess_7b83b7ee5f88 | INFO | task list drained for team jiuwen_team_sess_7b83b7ee5f88: 3 terminal task(s)
2026-08-08 00:47:59 | team | sess_7b83b7ee5f88 | INFO | [executor1] processing 1 unread messages (steer=True)
2026-08-08 00:47:59 | team | sess_7b83b7ee5f88 | INFO | Message 1e6c1aa0-65eb-4291-9622-dc4ca6d9bb19 marked as read by executor1
2026-08-08 00:48:03 | team | sess_7b83b7ee5f88 | INFO | Message 48866fc1-2633-466c-ae1f-7342b334e178 created
2026-08-08 00:48:11 | team | sess_7b83b7ee5f88 | INFO | [executor1] processing 1 unread messages (steer=True)
2026-08-08 00:48:11 | team | sess_7b83b7ee5f88 | INFO | Message 84ceacdc-97a4-45c5-b7fe-43a18efe4adb marked as read by executor1
2026-08-08 00:48:43 | team | sess_7b83b7ee5f88 | INFO | team jiuwen_team_sess_7b83b7ee5f88 reported completed: 9 members, 3 tasks
2026-08-08 00:48:43 | team | sess_7b83b7ee5f88 | INFO | [executor1] received TEAM_STANDBY, pausing polls
2026-08-08 00:48:43 | team | sess_7b83b7ee5f88 | INFO | EventBus[teammate] pausing polls
