2026-08-08 00:45:06 | team | sess_7b83b7ee5f88 | INFO | Team workspace directory ensured at /srv/jwteam_clone/shared/run_current
2026-08-08 00:45:06 | team | sess_7b83b7ee5f88 | INFO | AgentTeam manager initialized for jiuwen_team_sess_7b83b7ee5f88, member=team_leader
2026-08-08 00:45:06 | team | sess_7b83b7ee5f88 | INFO | [team_leader] TeamPolicyRail static sections: section_names=['team_role', 'team_workflow', 'team_swarmflow', 'team_lifecycle', 'team_persona']
2026-08-08 00:45:06 | team | sess_7b83b7ee5f88 | INFO | Session tables ready for session sess_7b83b7ee5f88
2026-08-08 00:45:06 | team | sess_7b83b7ee5f88 | INFO | Team database initialized
2026-08-08 00:45:06 | team | default_trace_id | INFO | Team workspace directory ensured at /srv/jwteam_clone/shared/run_current
2026-08-08 00:45:06 | team | default_trace_id | INFO | AgentTeam manager initialized for jiuwen_team_sess_7b83b7ee5f88, member=verifier1
2026-08-08 00:45:06 | team | default_trace_id | INFO | [verifier1] TeamPolicyRail static sections: section_names=['team_role', 'team_persona']
2026-08-08 00:45:06 | team | sess_7b83b7ee5f88 | INFO | [verifier1] invoke start, role=teammate
2026-08-08 00:45:06 | team | sess_7b83b7ee5f88 | INFO | [verifier1] coordination starting
2026-08-08 00:45:06 | team | sess_7b83b7ee5f88 | INFO | Session tables ready for session sess_7b83b7ee5f88
2026-08-08 00:45:06 | team | sess_7b83b7ee5f88 | INFO | Workspace /srv/jwteam_clone/shared/run_current initialized as plain shared directory (version_control disabled)
2026-08-08 00:45:06 | team | sess_7b83b7ee5f88 | INFO | EventBus[teammate] starting
2026-08-08 00:45:22 | team | sess_7b83b7ee5f88 | INFO | [verifier1] HITT section refresh: human_agent_names=[]
2026-08-08 00:45:32 | team | sess_7b83b7ee5f88 | INFO | [verifier1] processing 1 unread messages (steer=True)
2026-08-08 00:45:32 | team | sess_7b83b7ee5f88 | INFO | Message 8a35a4e2-cf1b-4540-82ef-d68b430a5c90 marked as read by verifier1
2026-08-08 00:45:48 | team | sess_7b83b7ee5f88 | INFO | Message 6eae580b-d4b6-4538-a0e9-2dc244dde9aa created
2026-08-08 00:45:56 | team | sess_7b83b7ee5f88 | INFO | [verifier1] processing 1 unread messages (steer=True)
2026-08-08 00:45:56 | team | sess_7b83b7ee5f88 | INFO | Message d488aaba-2b5f-40bc-9937-fe91a8d20691 marked as read by verifier1
2026-08-08 00:47:17 | team | sess_7b83b7ee5f88 | INFO | [verifier1] processing 1 unread messages (steer=True)
2026-08-08 00:47:17 | team | sess_7b83b7ee5f88 | INFO | Message 73d83e21-2eb1-4d5c-84d3-5cf05fe3fef7 marked as read by verifier1
2026-08-08 00:47:21 | team | sess_7b83b7ee5f88 | INFO | Task verify claimed by member verifier1
2026-08-08 00:47:21 | team | sess_7b83b7ee5f88 | INFO | Task verify claimed by member verifier1
2026-08-08 00:47:59 | team | sess_7b83b7ee5f88 | INFO | Task verify completed at 1786146479642
2026-08-08 00:47:59 | team | sess_7b83b7ee5f88 | INFO | Message 690e5b8e-1f0c-4b99-b3bd-f230999893c9 created
2026-08-08 00:47:59 | team | sess_7b83b7ee5f88 | INFO | Task verify completed
2026-08-08 00:47:59 | team | sess_7b83b7ee5f88 | INFO | Message 1e6c1aa0-65eb-4291-9622-dc4ca6d9bb19 created
2026-08-08 00:48:03 | team | sess_7b83b7ee5f88 | INFO | [verifier1] processing 1 unread messages (steer=True)
2026-08-08 00:48:03 | team | sess_7b83b7ee5f88 | INFO | Message 48866fc1-2633-466c-ae1f-7342b334e178 marked as read by verifier1
2026-08-08 00:48:11 | team | sess_7b83b7ee5f88 | INFO | [verifier1] processing 1 unread messages (steer=True)
2026-08-08 00:48:11 | team | sess_7b83b7ee5f88 | INFO | Message 84ceacdc-97a4-45c5-b7fe-43a18efe4adb marked as read by verifier1
2026-08-08 00:48:14 | team | sess_7b83b7ee5f88 | INFO | [verifier1] processing 1 unread messages (steer=True)
2026-08-08 00:48:14 | team | sess_7b83b7ee5f88 | INFO | Message 3b0b9fc9-cd75-4e89-913b-3721a861d442 marked as read by verifier1
2026-08-08 00:48:22 | team | sess_7b83b7ee5f88 | INFO | Message de2ff053-73e0-4ec6-999f-31e3b81a7ccf created
2026-08-08 00:48:43 | team | sess_7b83b7ee5f88 | INFO | team jiuwen_team_sess_7b83b7ee5f88 reported completed: 9 members, 3 tasks
2026-08-08 00:48:43 | team | sess_7b83b7ee5f88 | INFO | [verifier1] received TEAM_STANDBY, pausing polls
2026-08-08 00:48:43 | team | sess_7b83b7ee5f88 | INFO | EventBus[teammate] pausing polls
