2026-08-07 23:39:37 | team | sess_1428d1d35b5c | INFO | Team workspace directory ensured at /srv/jwteam_clone/shared/run_current
2026-08-07 23:39:37 | team | sess_1428d1d35b5c | INFO | AgentTeam manager initialized for jiuwen_team_sess_1428d1d35b5c, member=team_leader
2026-08-07 23:39:37 | team | sess_1428d1d35b5c | INFO | [team_leader] TeamPolicyRail static sections: section_names=['team_role', 'team_workflow', 'team_swarmflow', 'team_lifecycle', 'team_persona']
2026-08-07 23:39:37 | team | sess_1428d1d35b5c | INFO | Session tables ready for session sess_1428d1d35b5c
2026-08-07 23:39:37 | team | sess_1428d1d35b5c | INFO | Team database initialized
2026-08-07 23:39:37 | team | default_trace_id | INFO | Team workspace directory ensured at /srv/jwteam_clone/shared/run_current
2026-08-07 23:39:37 | team | default_trace_id | INFO | AgentTeam manager initialized for jiuwen_team_sess_1428d1d35b5c, member=verifier2
2026-08-07 23:39:37 | team | default_trace_id | INFO | [verifier2] TeamPolicyRail static sections: section_names=['team_role', 'team_persona']
2026-08-07 23:39:37 | team | sess_1428d1d35b5c | INFO | [verifier2] invoke start, role=teammate
2026-08-07 23:39:37 | team | sess_1428d1d35b5c | INFO | [verifier2] coordination starting
2026-08-07 23:39:37 | team | sess_1428d1d35b5c | INFO | Session tables ready for session sess_1428d1d35b5c
2026-08-07 23:39:37 | team | sess_1428d1d35b5c | INFO | Workspace /srv/jwteam_clone/shared/run_current initialized as plain shared directory (version_control disabled)
2026-08-07 23:39:37 | team | sess_1428d1d35b5c | INFO | EventBus[teammate] starting
2026-08-07 23:39:47 | team | sess_1428d1d35b5c | INFO | [verifier2] HITT section refresh: human_agent_names=[]
2026-08-07 23:39:57 | team | sess_1428d1d35b5c | INFO | [verifier2] processing 1 unread messages (steer=True)
2026-08-07 23:39:57 | team | sess_1428d1d35b5c | INFO | Message cfddc332-955f-48a7-9b75-81309aa5215a marked as read by verifier2
2026-08-07 23:40:03 | team | sess_1428d1d35b5c | INFO | Message b3e19fbd-18e0-4978-bc0e-5366f39ecde2 created
2026-08-07 23:42:31 | team | sess_1428d1d35b5c | INFO | Message 99363e05-492b-4265-b238-7ef77ad6c4f6 created
2026-08-07 23:43:11 | team | sess_1428d1d35b5c | INFO | task list drained for team jiuwen_team_sess_1428d1d35b5c: 3 terminal task(s)
2026-08-07 23:43:23 | team | sess_1428d1d35b5c | INFO | [verifier2] processing 1 unread messages (steer=True)
2026-08-07 23:43:23 | team | sess_1428d1d35b5c | INFO | Message 1450dd72-5203-435e-8229-45eccd4ccb6d marked as read by verifier2
2026-08-07 23:43:29 | team | sess_1428d1d35b5c | INFO | team jiuwen_team_sess_1428d1d35b5c reported completed: 9 members, 3 tasks
2026-08-07 23:43:30 | team | sess_1428d1d35b5c | INFO | [verifier2] received TEAM_STANDBY, pausing polls
2026-08-07 23:43:30 | team | sess_1428d1d35b5c | INFO | EventBus[teammate] pausing polls
