2026-08-07 23:39:33 | team | sess_1428d1d35b5c | INFO | Team workspace directory ensured at /srv/jwteam_clone/shared/run_current
2026-08-07 23:39:33 | team | sess_1428d1d35b5c | INFO | AgentTeam manager initialized for jiuwen_team_sess_1428d1d35b5c, member=team_leader
2026-08-07 23:39:33 | team | sess_1428d1d35b5c | INFO | [team_leader] TeamPolicyRail static sections: section_names=['team_role', 'team_workflow', 'team_swarmflow', 'team_lifecycle', 'team_persona']
2026-08-07 23:39:33 | team | sess_1428d1d35b5c | INFO | Session tables ready for session sess_1428d1d35b5c
2026-08-07 23:39:33 | team | sess_1428d1d35b5c | INFO | Team database initialized
2026-08-07 23:39:33 | team | default_trace_id | INFO | Team workspace directory ensured at /srv/jwteam_clone/shared/run_current
2026-08-07 23:39:33 | team | default_trace_id | INFO | AgentTeam manager initialized for jiuwen_team_sess_1428d1d35b5c, member=executor1
2026-08-07 23:39:33 | team | default_trace_id | INFO | [executor1] TeamPolicyRail static sections: section_names=['team_role', 'team_persona']
2026-08-07 23:39:33 | team | sess_1428d1d35b5c | INFO | [executor1] invoke start, role=teammate
2026-08-07 23:39:33 | team | sess_1428d1d35b5c | INFO | [executor1] coordination starting
2026-08-07 23:39:33 | team | sess_1428d1d35b5c | INFO | Session tables ready for session sess_1428d1d35b5c
2026-08-07 23:39:33 | team | sess_1428d1d35b5c | INFO | Workspace /srv/jwteam_clone/shared/run_current initialized as plain shared directory (version_control disabled)
2026-08-07 23:39:33 | team | sess_1428d1d35b5c | INFO | EventBus[teammate] starting
2026-08-07 23:39:48 | team | sess_1428d1d35b5c | INFO | [executor1] HITT section refresh: human_agent_names=[]
2026-08-07 23:39:57 | team | sess_1428d1d35b5c | INFO | [executor1] processing 1 unread messages (steer=True)
2026-08-07 23:39:57 | team | sess_1428d1d35b5c | INFO | Message cfddc332-955f-48a7-9b75-81309aa5215a marked as read by executor1
2026-08-07 23:40:38 | team | sess_1428d1d35b5c | INFO | [executor1] processing 1 unread messages (steer=True)
2026-08-07 23:40:38 | team | sess_1428d1d35b5c | INFO | Message d59957d6-7061-4b2b-904b-0f8025d03272 marked as read by executor1
2026-08-07 23:40:46 | team | sess_1428d1d35b5c | INFO | Task implement claimed by member executor1
2026-08-07 23:40:46 | team | sess_1428d1d35b5c | INFO | Task implement claimed by member executor1
2026-08-07 23:41:17 | team | sess_1428d1d35b5c | INFO | [executor1] processing 1 unread messages (steer=True)
2026-08-07 23:41:17 | team | sess_1428d1d35b5c | INFO | Message 0575052e-88c2-4fc2-b7de-7f2425b5e1b5 marked as read by executor1
2026-08-07 23:42:18 | team | sess_1428d1d35b5c | INFO | Task implement completed at 1786142538349
2026-08-07 23:42:18 | team | sess_1428d1d35b5c | INFO | Message 6735748f-7b1d-4135-a185-d03e52c95b57 created
2026-08-07 23:42:18 | team | sess_1428d1d35b5c | INFO | Resolved 1 dependencies for task implement
2026-08-07 23:42:18 | team | sess_1428d1d35b5c | INFO | Task verify unblocked (all deps resolved)
2026-08-07 23:42:18 | team | sess_1428d1d35b5c | INFO | Task implement completed
2026-08-07 23:42:18 | team | sess_1428d1d35b5c | INFO | Unblocked 1 tasks
2026-08-07 23:43:11 | team | sess_1428d1d35b5c | INFO | [executor1] processing 1 unread messages (steer=True)
2026-08-07 23:43:11 | team | sess_1428d1d35b5c | INFO | Message 5e5ab409-c602-491f-a870-8f7641306aa0 marked as read by executor1
2026-08-07 23:43:11 | team | sess_1428d1d35b5c | INFO | task list drained for team jiuwen_team_sess_1428d1d35b5c: 3 terminal task(s)
2026-08-07 23:43:23 | team | sess_1428d1d35b5c | INFO | [executor1] processing 1 unread messages (steer=True)
2026-08-07 23:43:23 | team | sess_1428d1d35b5c | INFO | Message 1450dd72-5203-435e-8229-45eccd4ccb6d marked as read by executor1
2026-08-07 23:43:29 | team | sess_1428d1d35b5c | INFO | team jiuwen_team_sess_1428d1d35b5c reported completed: 9 members, 3 tasks
2026-08-07 23:43:30 | team | sess_1428d1d35b5c | INFO | [executor1] received TEAM_STANDBY, pausing polls
2026-08-07 23:43:30 | team | sess_1428d1d35b5c | INFO | EventBus[teammate] pausing polls
