2026-08-07 23:39:31 | team | sess_1428d1d35b5c | INFO | Team workspace directory ensured at /srv/jwteam_clone/shared/run_current
2026-08-07 23:39:31 | team | sess_1428d1d35b5c | INFO | AgentTeam manager initialized for jiuwen_team_sess_1428d1d35b5c, member=team_leader
2026-08-07 23:39:31 | team | sess_1428d1d35b5c | INFO | [team_leader] TeamPolicyRail static sections: section_names=['team_role', 'team_workflow', 'team_swarmflow', 'team_lifecycle', 'team_persona']
2026-08-07 23:39:31 | team | sess_1428d1d35b5c | INFO | Session tables ready for session sess_1428d1d35b5c
2026-08-07 23:39:31 | team | sess_1428d1d35b5c | INFO | Team database initialized
2026-08-07 23:39:31 | team | default_trace_id | INFO | Team workspace directory ensured at /srv/jwteam_clone/shared/run_current
2026-08-07 23:39:31 | team | default_trace_id | INFO | AgentTeam manager initialized for jiuwen_team_sess_1428d1d35b5c, member=planner1
2026-08-07 23:39:31 | team | default_trace_id | INFO | [planner1] TeamPolicyRail static sections: section_names=['team_role', 'team_persona']
2026-08-07 23:39:31 | team | sess_1428d1d35b5c | INFO | [planner1] invoke start, role=teammate
2026-08-07 23:39:31 | team | sess_1428d1d35b5c | INFO | [planner1] coordination starting
2026-08-07 23:39:31 | team | sess_1428d1d35b5c | INFO | Session tables ready for session sess_1428d1d35b5c
2026-08-07 23:39:31 | team | sess_1428d1d35b5c | INFO | Workspace /srv/jwteam_clone/shared/run_current initialized as plain shared directory (version_control disabled)
2026-08-07 23:39:31 | team | sess_1428d1d35b5c | INFO | EventBus[teammate] starting
2026-08-07 23:39:47 | team | sess_1428d1d35b5c | INFO | [planner1] HITT section refresh: human_agent_names=[]
2026-08-07 23:39:56 | team | sess_1428d1d35b5c | INFO | Task plan claimed by member planner1
2026-08-07 23:39:56 | team | sess_1428d1d35b5c | INFO | Task plan claimed by member planner1
2026-08-07 23:39:57 | team | sess_1428d1d35b5c | INFO | [planner1] processing 1 unread messages (steer=True)
2026-08-07 23:39:57 | team | sess_1428d1d35b5c | INFO | Message cfddc332-955f-48a7-9b75-81309aa5215a marked as read by planner1
2026-08-07 23:40:38 | team | sess_1428d1d35b5c | INFO | Message d59957d6-7061-4b2b-904b-0f8025d03272 created
2026-08-07 23:40:45 | team | sess_1428d1d35b5c | INFO | Task plan completed at 1786142445954
2026-08-07 23:40:45 | team | sess_1428d1d35b5c | INFO | Message c3603ec6-b015-4fdb-a702-dc329f3b5c2c created
2026-08-07 23:40:45 | team | sess_1428d1d35b5c | INFO | Resolved 1 dependencies for task plan
2026-08-07 23:40:45 | team | sess_1428d1d35b5c | INFO | Task implement unblocked (all deps resolved)
2026-08-07 23:40:45 | team | sess_1428d1d35b5c | INFO | Task plan completed
2026-08-07 23:40:45 | team | sess_1428d1d35b5c | INFO | Unblocked 1 tasks
2026-08-07 23:40:51 | team | sess_1428d1d35b5c | INFO | [planner1] processing 1 unread messages (steer=True)
2026-08-07 23:40:51 | team | sess_1428d1d35b5c | INFO | Message 18d334a4-4c9c-4554-a778-48f31f949914 marked as read by planner1
2026-08-07 23:43:11 | team | sess_1428d1d35b5c | INFO | task list drained for team jiuwen_team_sess_1428d1d35b5c: 3 terminal task(s)
2026-08-07 23:43:23 | team | sess_1428d1d35b5c | INFO | [planner1] processing 1 unread messages (steer=True)
2026-08-07 23:43:23 | team | sess_1428d1d35b5c | INFO | Message 1450dd72-5203-435e-8229-45eccd4ccb6d marked as read by planner1
2026-08-07 23:43:29 | team | sess_1428d1d35b5c | INFO | team jiuwen_team_sess_1428d1d35b5c reported completed: 9 members, 3 tasks
2026-08-07 23:43:30 | team | sess_1428d1d35b5c | INFO | [planner1] received TEAM_STANDBY, pausing polls
2026-08-07 23:43:30 | team | sess_1428d1d35b5c | INFO | EventBus[teammate] pausing polls
