2026-08-10 03:32:29 | team | sess_9e46adf3f9a7 | INFO | Team workspace directory ensured at /srv/jwteam_clone/shared/run_current
2026-08-10 03:32:29 | team | sess_9e46adf3f9a7 | INFO | AgentTeam manager initialized for jiuwen_team_sess_9e46adf3f9a7, member=team_leader
2026-08-10 03:32:29 | team | sess_9e46adf3f9a7 | INFO | [team_leader] TeamPolicyRail static sections: section_names=['team_role', 'team_workflow', 'team_swarmflow', 'team_lifecycle', 'team_persona']
2026-08-10 03:32:29 | team | sess_9e46adf3f9a7 | INFO | Session tables ready for session sess_9e46adf3f9a7
2026-08-10 03:32:29 | team | sess_9e46adf3f9a7 | INFO | Team database initialized
2026-08-10 03:32:29 | team | default_trace_id | INFO | Team workspace directory ensured at /srv/jwteam_clone/shared/run_current
2026-08-10 03:32:29 | team | default_trace_id | INFO | AgentTeam manager initialized for jiuwen_team_sess_9e46adf3f9a7, member=executor3
2026-08-10 03:32:29 | team | default_trace_id | INFO | [executor3] TeamPolicyRail static sections: section_names=['team_role', 'team_persona']
2026-08-10 03:32:29 | team | sess_9e46adf3f9a7 | INFO | [executor3] invoke start, role=teammate
2026-08-10 03:32:29 | team | sess_9e46adf3f9a7 | INFO | [executor3] coordination starting
2026-08-10 03:32:29 | team | sess_9e46adf3f9a7 | INFO | Session tables ready for session sess_9e46adf3f9a7
2026-08-10 03:32:30 | team | sess_9e46adf3f9a7 | INFO | Workspace /srv/jwteam_clone/shared/run_current initialized as plain shared directory (version_control disabled)
2026-08-10 03:32:30 | team | sess_9e46adf3f9a7 | INFO | EventBus[teammate] starting
2026-08-10 03:32:52 | team | sess_9e46adf3f9a7 | INFO | [executor3] HITT section refresh: human_agent_names=[]
2026-08-10 03:33:02 | team | sess_9e46adf3f9a7 | INFO | [executor3] processing 1 unread messages (steer=True)
2026-08-10 03:33:02 | team | sess_9e46adf3f9a7 | INFO | Message b764f5ef-fc81-4ba2-9116-222ec80383e2 marked as read by executor3
2026-08-10 03:36:05 | team | sess_9e46adf3f9a7 | INFO | [executor3] processing 1 unread messages (steer=True)
2026-08-10 03:36:05 | team | sess_9e46adf3f9a7 | INFO | Message 82a4c40d-d10a-4e08-9f31-3a3565cda798 marked as read by executor3
2026-08-10 03:36:11 | team | sess_9e46adf3f9a7 | INFO | Message fc21eed1-89d3-4661-9856-274a287b3002 created
2026-08-10 03:37:54 | team | sess_9e46adf3f9a7 | INFO | Task implement-app claimed by member executor3
2026-08-10 03:37:54 | team | sess_9e46adf3f9a7 | INFO | Task implement-app claimed by member executor3
2026-08-10 03:37:58 | team | sess_9e46adf3f9a7 | INFO | [executor3] processing 1 unread messages (steer=True)
2026-08-10 03:37:58 | team | sess_9e46adf3f9a7 | INFO | Message 7bdd3b64-c495-482f-b26f-25975820e30c marked as read by executor3
2026-08-10 03:37:58 | team | sess_9e46adf3f9a7 | INFO | [executor3] processing 1 unread messages (steer=True)
2026-08-10 03:37:58 | team | sess_9e46adf3f9a7 | INFO | Message db68434a-5401-4a78-a0f6-6a8d3620a395 marked as read by executor3
2026-08-10 03:38:00 | team | sess_9e46adf3f9a7 | INFO | [executor3] processing 1 unread messages (steer=True)
2026-08-10 03:38:00 | team | sess_9e46adf3f9a7 | INFO | Message 27d1bc0d-4da5-4bf7-844c-a7f1cce16c52 marked as read by executor3
2026-08-10 03:38:05 | team | sess_9e46adf3f9a7 | INFO | [executor3] processing 1 unread messages (steer=True)
2026-08-10 03:38:05 | team | sess_9e46adf3f9a7 | INFO | Message 1e1845a6-e12b-4e28-960b-309fe8ee900f marked as read by executor3
2026-08-10 03:38:08 | team | sess_9e46adf3f9a7 | INFO | Message 0f813033-e9d2-4356-b83c-e351415a0745 created
2026-08-10 03:38:12 | team | sess_9e46adf3f9a7 | INFO | [executor3] processing 1 unread messages (steer=True)
2026-08-10 03:38:12 | team | sess_9e46adf3f9a7 | INFO | Message 8056165e-97e1-44d5-97b4-322f93b6ade8 marked as read by executor3
2026-08-10 03:38:14 | team | sess_9e46adf3f9a7 | INFO | Message 8262e126-ffd7-42bb-ae2f-ae2cf662dc58 created
2026-08-10 03:38:19 | team | sess_9e46adf3f9a7 | INFO | [executor3] processing 1 unread messages (steer=True)
2026-08-10 03:38:19 | team | sess_9e46adf3f9a7 | INFO | Message 0ee62754-f9b7-4b56-aedc-fcadb06832a6 marked as read by executor3
2026-08-10 03:38:20 | team | sess_9e46adf3f9a7 | INFO | Message 89ff65b3-43b4-4a71-b68d-4c639f607a99 created
2026-08-10 03:38:24 | team | sess_9e46adf3f9a7 | INFO | [executor3] processing 1 unread messages (steer=True)
2026-08-10 03:38:24 | team | sess_9e46adf3f9a7 | INFO | Message d823df90-a86e-4207-93a0-2cacb96f049b marked as read by executor3
2026-08-10 03:38:24 | team | sess_9e46adf3f9a7 | INFO | [executor3] processing 1 unread messages (steer=True)
2026-08-10 03:38:24 | team | sess_9e46adf3f9a7 | INFO | Message 68f49904-837d-40bc-9a3a-a29ef60c21e2 marked as read by executor3
2026-08-10 03:38:31 | team | sess_9e46adf3f9a7 | INFO | [executor3] processing 1 unread messages (steer=True)
2026-08-10 03:38:31 | team | sess_9e46adf3f9a7 | INFO | Message 69808bcd-5817-44ca-9a7f-e8169046bc19 marked as read by executor3
2026-08-10 03:38:46 | team | sess_9e46adf3f9a7 | INFO | Message ce32a1f1-bc1b-4845-8a5f-5e65045f2153 created
2026-08-10 03:38:54 | team | sess_9e46adf3f9a7 | INFO | [executor3] processing 1 unread messages (steer=True)
2026-08-10 03:38:54 | team | sess_9e46adf3f9a7 | INFO | Message 8a0e4ccb-737f-45f5-afef-b97778512376 marked as read by executor3
2026-08-10 03:39:12 | team | sess_9e46adf3f9a7 | INFO | Message 45665343-5beb-458c-a5f6-daf9c8f0d280 created
2026-08-10 03:39:23 | team | sess_9e46adf3f9a7 | INFO | [executor3] processing 1 unread messages (steer=True)
2026-08-10 03:39:23 | team | sess_9e46adf3f9a7 | INFO | Message de15d33b-d76e-43e5-abad-5e56afef8857 marked as read by executor3
2026-08-10 03:39:26 | team | sess_9e46adf3f9a7 | INFO | [executor3] processing 1 unread messages (steer=True)
2026-08-10 03:39:26 | team | sess_9e46adf3f9a7 | INFO | Message d70a4d7c-8fdc-422d-b801-6a772b4ab737 marked as read by executor3
2026-08-10 03:39:26 | team | sess_9e46adf3f9a7 | INFO | Message ef4385bb-7896-4928-a9aa-8d9ec4a4ff25 created
2026-08-10 03:39:34 | team | sess_9e46adf3f9a7 | INFO | Message 98b06a00-7b54-4677-9e96-95b4c2a33459 created
2026-08-10 03:39:34 | team | sess_9e46adf3f9a7 | INFO | Message 4474e9b9-c109-4664-8257-dc0644a1bfb0 created
2026-08-10 03:39:40 | team | sess_9e46adf3f9a7 | INFO | [executor3] processing 1 unread messages (steer=True)
2026-08-10 03:39:40 | team | sess_9e46adf3f9a7 | INFO | Message ee20dd1b-0d94-4221-aff8-3ae6f0ee73c6 marked as read by executor3
2026-08-10 03:39:51 | team | sess_9e46adf3f9a7 | INFO | [executor3] processing 1 unread messages (steer=True)
2026-08-10 03:39:51 | team | sess_9e46adf3f9a7 | INFO | Message c9bad737-607a-49b4-b0b0-f43cde2a377d marked as read by executor3
2026-08-10 03:40:00 | team | sess_9e46adf3f9a7 | INFO | [executor3] processing 1 unread messages (steer=True)
2026-08-10 03:40:00 | team | sess_9e46adf3f9a7 | INFO | Message 45680d21-8946-4811-bee6-b757e91fbc80 marked as read by executor3
2026-08-10 03:40:01 | team | sess_9e46adf3f9a7 | INFO | Message 9711b196-52dd-4275-9080-7694c706ee02 created
2026-08-10 03:40:18 | team | sess_9e46adf3f9a7 | INFO | Message 11036da4-872e-4e56-a14a-302ccffbc469 created
2026-08-10 03:40:18 | team | sess_9e46adf3f9a7 | INFO | Message 9a2c5b36-1ad1-490a-8a3d-846a72d36b83 created
2026-08-10 03:40:20 | team | sess_9e46adf3f9a7 | INFO | [executor3] processing 1 unread messages (steer=True)
2026-08-10 03:40:20 | team | sess_9e46adf3f9a7 | INFO | Message cbb4307c-4af8-4baa-b63d-2c7dcdb2a763 marked as read by executor3
2026-08-10 03:40:23 | team | sess_9e46adf3f9a7 | INFO | [executor3] processing 1 unread messages (steer=True)
2026-08-10 03:40:23 | team | sess_9e46adf3f9a7 | INFO | Message 872f77fb-e6fa-4b1b-8748-85b960133c39 marked as read by executor3
2026-08-10 03:40:34 | team | sess_9e46adf3f9a7 | INFO | [executor3] processing 1 unread messages (steer=True)
2026-08-10 03:40:34 | team | sess_9e46adf3f9a7 | INFO | Message 96104ed1-ed03-4c33-a77d-80c7e25f2dee marked as read by executor3
2026-08-10 03:40:58 | team | sess_9e46adf3f9a7 | INFO | Message 4352c821-02aa-4e35-a34d-bb2d4b14214d created
2026-08-10 03:41:04 | team | sess_9e46adf3f9a7 | INFO | Message e4f98d9a-af41-4ab4-bf31-d004ee911880 created
2026-08-10 03:41:18 | team | sess_9e46adf3f9a7 | INFO | [executor3] processing 1 unread messages (steer=True)
2026-08-10 03:41:18 | team | sess_9e46adf3f9a7 | INFO | Message 78d584f3-b165-40d6-909d-fd1a518ea9d4 marked as read by executor3
2026-08-10 03:41:19 | team | sess_9e46adf3f9a7 | INFO | [executor3] processing 1 unread messages (steer=True)
2026-08-10 03:41:20 | team | sess_9e46adf3f9a7 | INFO | Message 71f7e4b1-cc2e-4fd5-a44a-c553fef21a6d marked as read by executor3
2026-08-10 03:41:32 | team | sess_9e46adf3f9a7 | INFO | Task implement-app completed at 1786329692653
2026-08-10 03:41:32 | team | sess_9e46adf3f9a7 | INFO | Message 499c76c4-26e2-4f16-afe0-505c031631fb created
2026-08-10 03:41:32 | team | sess_9e46adf3f9a7 | INFO | Message 9dc4e692-1de7-4687-bc91-7e2ea169ae8c created
2026-08-10 03:41:32 | team | sess_9e46adf3f9a7 | INFO | Resolved 2 dependencies for task implement-app
2026-08-10 03:41:32 | team | sess_9e46adf3f9a7 | INFO | Task verify-compliance unblocked (all deps resolved)
2026-08-10 03:41:32 | team | sess_9e46adf3f9a7 | INFO | Task verify-security unblocked (all deps resolved)
2026-08-10 03:41:32 | team | sess_9e46adf3f9a7 | INFO | Task implement-app completed
2026-08-10 03:41:32 | team | sess_9e46adf3f9a7 | INFO | Unblocked 2 tasks
2026-08-10 03:41:32 | team | sess_9e46adf3f9a7 | INFO | Message 19877435-7ee2-4cd6-be29-7cbc9a70a577 created
2026-08-10 03:41:39 | team | sess_9e46adf3f9a7 | INFO | Message 615dc165-3605-4f8c-943f-3b0144b19383 created
2026-08-10 03:41:42 | team | sess_9e46adf3f9a7 | INFO | [executor3] processing 1 unread messages (steer=True)
2026-08-10 03:41:42 | team | sess_9e46adf3f9a7 | INFO | Message ce38bd51-cc2f-4a64-8e1c-f0a8c88a44bd marked as read by executor3
2026-08-10 03:41:50 | team | sess_9e46adf3f9a7 | INFO | [executor3] processing 1 unread messages (steer=True)
2026-08-10 03:41:50 | team | sess_9e46adf3f9a7 | INFO | Message ba551d86-8127-48d7-943f-17bc77d69a8b marked as read by executor3
2026-08-10 03:48:39 | team | sess_9e46adf3f9a7 | INFO | task list drained for team jiuwen_team_sess_9e46adf3f9a7: 5 terminal task(s)
2026-08-10 03:49:06 | team | sess_9e46adf3f9a7 | INFO | [executor3] processing 1 unread messages (steer=True)
2026-08-10 03:49:06 | team | sess_9e46adf3f9a7 | INFO | Message b279dff2-6fd0-415e-93bc-373c1fb2be67 marked as read by executor3
2026-08-10 03:50:00 | team | sess_9e46adf3f9a7 | INFO | team jiuwen_team_sess_9e46adf3f9a7 reported completed: 9 members, 5 tasks
2026-08-10 03:50:00 | team | sess_9e46adf3f9a7 | INFO | [executor3] received TEAM_STANDBY, pausing polls
2026-08-10 03:50:00 | team | sess_9e46adf3f9a7 | INFO | EventBus[teammate] pausing polls
