2026-08-10 03:32:32 | team | sess_9e46adf3f9a7 | INFO | Team workspace directory ensured at /srv/jwteam_clone/shared/run_current
2026-08-10 03:32:32 | team | sess_9e46adf3f9a7 | INFO | AgentTeam manager initialized for jiuwen_team_sess_9e46adf3f9a7, member=team_leader
2026-08-10 03:32:33 | team | sess_9e46adf3f9a7 | INFO | [team_leader] TeamPolicyRail static sections: section_names=['team_role', 'team_workflow', 'team_swarmflow', 'team_lifecycle', 'team_persona']
2026-08-10 03:32:33 | team | sess_9e46adf3f9a7 | INFO | Session tables ready for session sess_9e46adf3f9a7
2026-08-10 03:32:33 | team | sess_9e46adf3f9a7 | INFO | Team database initialized
2026-08-10 03:32:33 | team | default_trace_id | INFO | Team workspace directory ensured at /srv/jwteam_clone/shared/run_current
2026-08-10 03:32:33 | team | default_trace_id | INFO | AgentTeam manager initialized for jiuwen_team_sess_9e46adf3f9a7, member=fullstack1
2026-08-10 03:32:33 | team | default_trace_id | INFO | [fullstack1] TeamPolicyRail static sections: section_names=['team_role', 'team_persona']
2026-08-10 03:32:33 | team | sess_9e46adf3f9a7 | INFO | [fullstack1] invoke start, role=teammate
2026-08-10 03:32:33 | team | sess_9e46adf3f9a7 | INFO | [fullstack1] coordination starting
2026-08-10 03:32:33 | team | sess_9e46adf3f9a7 | INFO | Session tables ready for session sess_9e46adf3f9a7
2026-08-10 03:32:33 | team | sess_9e46adf3f9a7 | INFO | Workspace /srv/jwteam_clone/shared/run_current initialized as plain shared directory (version_control disabled)
2026-08-10 03:32:33 | team | sess_9e46adf3f9a7 | INFO | EventBus[teammate] starting
2026-08-10 03:32:52 | team | sess_9e46adf3f9a7 | INFO | [fullstack1] HITT section refresh: human_agent_names=[]
2026-08-10 03:33:02 | team | sess_9e46adf3f9a7 | INFO | [fullstack1] processing 1 unread messages (steer=True)
2026-08-10 03:33:02 | team | sess_9e46adf3f9a7 | INFO | Message b764f5ef-fc81-4ba2-9116-222ec80383e2 marked as read by fullstack1
2026-08-10 03:33:18 | team | sess_9e46adf3f9a7 | INFO | Message 29667997-71fd-4d89-a31c-3f34f01533a1 created
2026-08-10 03:33:39 | team | sess_9e46adf3f9a7 | INFO | [fullstack1] processing 1 unread messages (steer=True)
2026-08-10 03:33:39 | team | sess_9e46adf3f9a7 | INFO | Message 7a33dd8d-a8f0-4fc2-8e75-a76d4ac904a2 marked as read by fullstack1
2026-08-10 03:34:16 | team | sess_9e46adf3f9a7 | INFO | Message 38237618-5546-4475-84a6-e591856568fc created
2026-08-10 03:34:16 | team | sess_9e46adf3f9a7 | INFO | Message 9c3e701e-889e-4ec7-93b1-c5fb611b222a created
2026-08-10 03:34:23 | team | sess_9e46adf3f9a7 | INFO | [fullstack1] processing 1 unread messages (steer=True)
2026-08-10 03:34:23 | team | sess_9e46adf3f9a7 | INFO | Message 581d4be6-6c81-4c0c-a0a7-2d04ac4d5aa4 marked as read by fullstack1
2026-08-10 03:34:29 | team | sess_9e46adf3f9a7 | INFO | Message 355c983a-d1ac-43c2-b0ec-5b9708e817f9 created
2026-08-10 03:34:45 | team | sess_9e46adf3f9a7 | INFO | [fullstack1] processing 1 unread messages (steer=True)
2026-08-10 03:34:45 | team | sess_9e46adf3f9a7 | INFO | Message 444f50eb-c9a6-4493-b1b6-39fdfd742dab marked as read by fullstack1
2026-08-10 03:34:48 | team | sess_9e46adf3f9a7 | INFO | Message 5196c561-f84c-448f-9cc9-d52036749ff6 created
2026-08-10 03:35:55 | team | sess_9e46adf3f9a7 | INFO | [fullstack1] processing 1 unread messages (steer=True)
2026-08-10 03:35:55 | team | sess_9e46adf3f9a7 | INFO | Message 9825c1ba-e094-4544-9cd0-8fec76a14f7f marked as read by fullstack1
2026-08-10 03:36:23 | team | sess_9e46adf3f9a7 | INFO | Message 942b0173-fd3f-4059-8566-964794ba9faf created
2026-08-10 03:36:23 | team | sess_9e46adf3f9a7 | INFO | Message 1d22494e-eccb-49b9-8245-09e752cea85e created
2026-08-10 03:36:54 | team | sess_9e46adf3f9a7 | INFO | [fullstack1] processing 1 unread messages (steer=True)
2026-08-10 03:36:54 | team | sess_9e46adf3f9a7 | INFO | Message b7afdcfd-e99f-42e9-bc2a-1b7fd03a93b5 marked as read by fullstack1
2026-08-10 03:36:59 | team | sess_9e46adf3f9a7 | INFO | Message 681e0b7f-e6a9-42fb-89f8-4acbbe1ca9e0 created
2026-08-10 03:37:09 | team | sess_9e46adf3f9a7 | INFO | [fullstack1] processing 1 unread messages (steer=True)
2026-08-10 03:37:09 | team | sess_9e46adf3f9a7 | INFO | Message 030a19d0-8308-4060-88c7-40d3372e8fbe marked as read by fullstack1
2026-08-10 03:37:13 | team | sess_9e46adf3f9a7 | INFO | Message 66cd3e0c-fda1-4dbd-8e80-350f1ab6226f created
2026-08-10 03:37:25 | team | sess_9e46adf3f9a7 | INFO | [fullstack1] processing 1 unread messages (steer=True)
2026-08-10 03:37:25 | team | sess_9e46adf3f9a7 | INFO | Message 5661131f-791f-4c0a-b67d-fc30c380c933 marked as read by fullstack1
2026-08-10 03:38:05 | team | sess_9e46adf3f9a7 | INFO | Message 1e1845a6-e12b-4e28-960b-309fe8ee900f created
2026-08-10 03:38:14 | team | sess_9e46adf3f9a7 | INFO | [fullstack1] processing 1 unread messages (steer=True)
2026-08-10 03:38:14 | team | sess_9e46adf3f9a7 | INFO | Message 8262e126-ffd7-42bb-ae2f-ae2cf662dc58 marked as read by fullstack1
2026-08-10 03:38:24 | team | sess_9e46adf3f9a7 | INFO | Message d823df90-a86e-4207-93a0-2cacb96f049b created
2026-08-10 03:38:33 | team | sess_9e46adf3f9a7 | INFO | Message 34d9096c-6a95-4655-b9b3-5ac591ddc888 created
2026-08-10 03:38:46 | team | sess_9e46adf3f9a7 | INFO | [fullstack1] processing 1 unread messages (steer=True)
2026-08-10 03:38:46 | team | sess_9e46adf3f9a7 | INFO | Message 5e6f2642-1b1a-4e5c-bc1b-f2de26d50da6 marked as read by fullstack1
2026-08-10 03:38:54 | team | sess_9e46adf3f9a7 | INFO | Message 8a0e4ccb-737f-45f5-afef-b97778512376 created
2026-08-10 03:39:03 | team | sess_9e46adf3f9a7 | INFO | Message 10e96f37-17d4-4ca3-8868-8c87a43010ab created
2026-08-10 03:39:09 | team | sess_9e46adf3f9a7 | INFO | Message 0cff46ec-330c-47a0-83cb-c668109b1c93 created
2026-08-10 03:39:12 | team | sess_9e46adf3f9a7 | INFO | [fullstack1] processing 1 unread messages (steer=True)
2026-08-10 03:39:12 | team | sess_9e46adf3f9a7 | INFO | Message 45665343-5beb-458c-a5f6-daf9c8f0d280 marked as read by fullstack1
2026-08-10 03:39:21 | team | sess_9e46adf3f9a7 | INFO | [fullstack1] processing 1 unread messages (steer=True)
2026-08-10 03:39:21 | team | sess_9e46adf3f9a7 | INFO | Message 9f9aa3e1-127d-44a9-9154-bf2e741269c7 marked as read by fullstack1
2026-08-10 03:39:26 | team | sess_9e46adf3f9a7 | INFO | Message 2ab1ab98-d7fa-4faa-be75-c0411e55b13c created
2026-08-10 03:39:26 | team | sess_9e46adf3f9a7 | INFO | Message d70a4d7c-8fdc-422d-b801-6a772b4ab737 created
2026-08-10 03:39:34 | team | sess_9e46adf3f9a7 | INFO | [fullstack1] processing 1 unread messages (steer=True)
2026-08-10 03:39:34 | team | sess_9e46adf3f9a7 | INFO | Message 98b06a00-7b54-4677-9e96-95b4c2a33459 marked as read by fullstack1
2026-08-10 03:39:51 | team | sess_9e46adf3f9a7 | INFO | Message c9bad737-607a-49b4-b0b0-f43cde2a377d created
2026-08-10 03:39:51 | team | sess_9e46adf3f9a7 | INFO | Message 221a5b09-a22e-4040-bba5-7571599caa76 created
2026-08-10 03:40:18 | team | sess_9e46adf3f9a7 | INFO | [fullstack1] processing 1 unread messages (steer=True)
2026-08-10 03:40:18 | team | sess_9e46adf3f9a7 | INFO | Message 11036da4-872e-4e56-a14a-302ccffbc469 marked as read by fullstack1
2026-08-10 03:40:20 | team | sess_9e46adf3f9a7 | INFO | [fullstack1] processing 1 unread messages (steer=True)
2026-08-10 03:40:20 | team | sess_9e46adf3f9a7 | INFO | Message ba3893fd-200e-46b8-bc57-dbe0489d0515 marked as read by fullstack1
2026-08-10 03:40:23 | team | sess_9e46adf3f9a7 | INFO | Message 872f77fb-e6fa-4b1b-8748-85b960133c39 created
2026-08-10 03:40:34 | team | sess_9e46adf3f9a7 | INFO | Message 96104ed1-ed03-4c33-a77d-80c7e25f2dee created
2026-08-10 03:41:04 | team | sess_9e46adf3f9a7 | INFO | [fullstack1] processing 1 unread messages (steer=True)
2026-08-10 03:41:04 | team | sess_9e46adf3f9a7 | INFO | Message e4f98d9a-af41-4ab4-bf31-d004ee911880 marked as read by fullstack1
2026-08-10 03:41:18 | team | sess_9e46adf3f9a7 | INFO | Message 5332ffdf-388b-43a0-bf03-6ac9880ec30f created
2026-08-10 03:41:18 | team | sess_9e46adf3f9a7 | INFO | Message 78d584f3-b165-40d6-909d-fd1a518ea9d4 created
2026-08-10 03:41:36 | team | sess_9e46adf3f9a7 | INFO | [fullstack1] processing 1 unread messages (steer=True)
2026-08-10 03:41:36 | team | sess_9e46adf3f9a7 | INFO | Message 92010dd2-d39c-4411-9378-9156ce4f0ade marked as read by fullstack1
2026-08-10 03:41:54 | team | sess_9e46adf3f9a7 | INFO | Message 0cddc312-365d-4f06-93c3-6b102c95f5b3 created
2026-08-10 03:41:54 | team | sess_9e46adf3f9a7 | INFO | Message 19d6dd46-a999-4c8d-98d9-5b672ad1e63e created
2026-08-10 03:41:54 | team | sess_9e46adf3f9a7 | INFO | Message 663df200-1693-46e3-8874-bcdd744479eb created
2026-08-10 03:42:30 | team | sess_9e46adf3f9a7 | INFO | [fullstack1] processing 1 unread messages (steer=True)
2026-08-10 03:42:30 | team | sess_9e46adf3f9a7 | INFO | Message 4b58dbf4-25f8-4c39-aa50-49b5a3feee0d marked as read by fullstack1
2026-08-10 03:42:36 | team | sess_9e46adf3f9a7 | INFO | Message b6e5fb05-d93e-4700-91d8-a101180a8c35 created
2026-08-10 03:42:47 | team | sess_9e46adf3f9a7 | INFO | [fullstack1] processing 1 unread messages (steer=True)
2026-08-10 03:42:47 | team | sess_9e46adf3f9a7 | INFO | Message 74fbff52-68d7-4467-bc44-48da7e510643 marked as read by fullstack1
2026-08-10 03:48:39 | team | sess_9e46adf3f9a7 | INFO | task list drained for team jiuwen_team_sess_9e46adf3f9a7: 5 terminal task(s)
2026-08-10 03:49:06 | team | sess_9e46adf3f9a7 | INFO | [fullstack1] processing 1 unread messages (steer=True)
2026-08-10 03:49:06 | team | sess_9e46adf3f9a7 | INFO | Message b279dff2-6fd0-415e-93bc-373c1fb2be67 marked as read by fullstack1
2026-08-10 03:50:00 | team | sess_9e46adf3f9a7 | INFO | team jiuwen_team_sess_9e46adf3f9a7 reported completed: 9 members, 5 tasks
2026-08-10 03:50:00 | team | sess_9e46adf3f9a7 | INFO | [fullstack1] received TEAM_STANDBY, pausing polls
2026-08-10 03:50:00 | team | sess_9e46adf3f9a7 | INFO | EventBus[teammate] pausing polls
