2026-08-10 03:32:26 | team | sess_9e46adf3f9a7 | INFO | Team workspace directory ensured at /srv/jwteam_clone/shared/run_current
2026-08-10 03:32:26 | team | sess_9e46adf3f9a7 | INFO | AgentTeam manager initialized for jiuwen_team_sess_9e46adf3f9a7, member=team_leader
2026-08-10 03:32:26 | team | sess_9e46adf3f9a7 | INFO | [team_leader] TeamPolicyRail static sections: section_names=['team_role', 'team_workflow', 'team_swarmflow', 'team_lifecycle', 'team_persona']
2026-08-10 03:32:26 | team | sess_9e46adf3f9a7 | INFO | Session tables ready for session sess_9e46adf3f9a7
2026-08-10 03:32:26 | team | sess_9e46adf3f9a7 | INFO | Team database initialized
2026-08-10 03:32:26 | team | default_trace_id | INFO | Team workspace directory ensured at /srv/jwteam_clone/shared/run_current
2026-08-10 03:32:26 | team | default_trace_id | INFO | AgentTeam manager initialized for jiuwen_team_sess_9e46adf3f9a7, member=planner2
2026-08-10 03:32:26 | team | default_trace_id | INFO | [planner2] TeamPolicyRail static sections: section_names=['team_role', 'team_persona']
2026-08-10 03:32:26 | team | sess_9e46adf3f9a7 | INFO | [planner2] invoke start, role=teammate
2026-08-10 03:32:26 | team | sess_9e46adf3f9a7 | INFO | [planner2] coordination starting
2026-08-10 03:32:26 | team | sess_9e46adf3f9a7 | INFO | Session tables ready for session sess_9e46adf3f9a7
2026-08-10 03:32:26 | team | sess_9e46adf3f9a7 | INFO | Workspace /srv/jwteam_clone/shared/run_current initialized as plain shared directory (version_control disabled)
2026-08-10 03:32:26 | team | sess_9e46adf3f9a7 | INFO | EventBus[teammate] starting
2026-08-10 03:32:52 | team | sess_9e46adf3f9a7 | INFO | [planner2] HITT section refresh: human_agent_names=[]
2026-08-10 03:33:02 | team | sess_9e46adf3f9a7 | INFO | [planner2] processing 1 unread messages (steer=True)
2026-08-10 03:33:02 | team | sess_9e46adf3f9a7 | INFO | Message b764f5ef-fc81-4ba2-9116-222ec80383e2 marked as read by planner2
2026-08-10 03:33:28 | team | sess_9e46adf3f9a7 | INFO | Message b1615bfc-7b99-48a8-89f1-e647d8489467 created
2026-08-10 03:33:28 | team | sess_9e46adf3f9a7 | INFO | Message 62f1d4a0-8839-4817-aff1-b5cf6bd8114f created
2026-08-10 03:34:01 | team | sess_9e46adf3f9a7 | INFO | [planner2] processing 1 unread messages (steer=True)
2026-08-10 03:34:01 | team | sess_9e46adf3f9a7 | INFO | Message b908b1d8-7c47-4dce-bad0-e7a584b29fd2 marked as read by planner2
2026-08-10 03:36:36 | team | sess_9e46adf3f9a7 | INFO | Message 1d016f04-de88-4f55-a7bf-8d8a1f834204 created
2026-08-10 03:38:12 | team | sess_9e46adf3f9a7 | INFO | Message 8056165e-97e1-44d5-97b4-322f93b6ade8 created
2026-08-10 03:38:20 | team | sess_9e46adf3f9a7 | INFO | [planner2] processing 1 unread messages (steer=True)
2026-08-10 03:38:20 | team | sess_9e46adf3f9a7 | INFO | Message 89ff65b3-43b4-4a71-b68d-4c639f607a99 marked as read by planner2
2026-08-10 03:38:24 | team | sess_9e46adf3f9a7 | INFO | Message 68f49904-837d-40bc-9a3a-a29ef60c21e2 created
2026-08-10 03:41:53 | team | sess_9e46adf3f9a7 | INFO | Message 5ac6d456-8cd0-4600-b57d-76709f180f9d created
2026-08-10 03:42:30 | team | sess_9e46adf3f9a7 | INFO | [planner2] processing 1 unread messages (steer=True)
2026-08-10 03:42:30 | team | sess_9e46adf3f9a7 | INFO | Message d6b716a6-73f2-4ff3-9f9c-a30fe6af3cc8 marked as read by planner2
2026-08-10 03:42:38 | team | sess_9e46adf3f9a7 | INFO | Message 1de61686-2a96-49ee-8555-cb526f6bb731 created
2026-08-10 03:42:47 | team | sess_9e46adf3f9a7 | INFO | [planner2] processing 1 unread messages (steer=True)
2026-08-10 03:42:47 | team | sess_9e46adf3f9a7 | INFO | Message 816bd07d-861d-4481-8145-497be51179c3 marked as read by planner2
2026-08-10 03:42:52 | team | sess_9e46adf3f9a7 | INFO | Message bc428395-de3f-4c53-8e88-94c8a15fdee4 created
2026-08-10 03:48:39 | team | sess_9e46adf3f9a7 | INFO | task list drained for team jiuwen_team_sess_9e46adf3f9a7: 5 terminal task(s)
2026-08-10 03:49:06 | team | sess_9e46adf3f9a7 | INFO | [planner2] processing 1 unread messages (steer=True)
2026-08-10 03:49:06 | team | sess_9e46adf3f9a7 | INFO | Message b279dff2-6fd0-415e-93bc-373c1fb2be67 marked as read by planner2
2026-08-10 03:49:32 | team | sess_9e46adf3f9a7 | INFO | Message a0ba266a-f501-434d-8b9f-5f2b3941ac13 created
2026-08-10 03:49:46 | team | sess_9e46adf3f9a7 | INFO | [planner2] processing 1 unread messages (steer=True)
2026-08-10 03:49:46 | team | sess_9e46adf3f9a7 | INFO | Message 8f85b57a-fb05-4a6d-bbae-e13be3d9c13f marked as read by planner2
2026-08-10 03:49:52 | team | sess_9e46adf3f9a7 | INFO | Message ed4441b1-a46f-432d-a14f-cf9725d51a1f created
2026-08-10 03:50:00 | team | sess_9e46adf3f9a7 | INFO | team jiuwen_team_sess_9e46adf3f9a7 reported completed: 9 members, 5 tasks
2026-08-10 03:50:00 | team | sess_9e46adf3f9a7 | INFO | [planner2] received TEAM_STANDBY, pausing polls
2026-08-10 03:50:00 | team | sess_9e46adf3f9a7 | INFO | EventBus[teammate] pausing polls
