2026-08-10 03:32:31 | team | sess_9e46adf3f9a7 | INFO | Team workspace directory ensured at /srv/jwteam_clone/shared/run_current
2026-08-10 03:32:31 | team | sess_9e46adf3f9a7 | INFO | AgentTeam manager initialized for jiuwen_team_sess_9e46adf3f9a7, member=team_leader
2026-08-10 03:32:31 | team | sess_9e46adf3f9a7 | INFO | [team_leader] TeamPolicyRail static sections: section_names=['team_role', 'team_workflow', 'team_swarmflow', 'team_lifecycle', 'team_persona']
2026-08-10 03:32:32 | team | sess_9e46adf3f9a7 | INFO | Session tables ready for session sess_9e46adf3f9a7
2026-08-10 03:32:32 | team | sess_9e46adf3f9a7 | INFO | Team database initialized
2026-08-10 03:32:32 | team | default_trace_id | INFO | Team workspace directory ensured at /srv/jwteam_clone/shared/run_current
2026-08-10 03:32:32 | team | default_trace_id | INFO | AgentTeam manager initialized for jiuwen_team_sess_9e46adf3f9a7, member=verifier2
2026-08-10 03:32:32 | team | default_trace_id | INFO | [verifier2] TeamPolicyRail static sections: section_names=['team_role', 'team_persona']
2026-08-10 03:32:32 | team | sess_9e46adf3f9a7 | INFO | [verifier2] invoke start, role=teammate
2026-08-10 03:32:32 | team | sess_9e46adf3f9a7 | INFO | [verifier2] coordination starting
2026-08-10 03:32:32 | team | sess_9e46adf3f9a7 | INFO | Session tables ready for session sess_9e46adf3f9a7
2026-08-10 03:32:32 | team | sess_9e46adf3f9a7 | INFO | Workspace /srv/jwteam_clone/shared/run_current initialized as plain shared directory (version_control disabled)
2026-08-10 03:32:32 | team | sess_9e46adf3f9a7 | INFO | EventBus[teammate] starting
2026-08-10 03:32:52 | team | sess_9e46adf3f9a7 | INFO | [verifier2] HITT section refresh: human_agent_names=[]
2026-08-10 03:33:02 | team | sess_9e46adf3f9a7 | INFO | [verifier2] processing 1 unread messages (steer=True)
2026-08-10 03:33:02 | team | sess_9e46adf3f9a7 | INFO | Message b764f5ef-fc81-4ba2-9116-222ec80383e2 marked as read by verifier2
2026-08-10 03:33:35 | team | sess_9e46adf3f9a7 | INFO | Message 7295b6d0-1f63-4446-b0e2-e2ebc003914f created
2026-08-10 03:34:01 | team | sess_9e46adf3f9a7 | INFO | [verifier2] processing 1 unread messages (steer=True)
2026-08-10 03:34:01 | team | sess_9e46adf3f9a7 | INFO | Message 4bf49df6-d203-4553-84d0-ef1b14a43093 marked as read by verifier2
2026-08-10 03:34:11 | team | sess_9e46adf3f9a7 | INFO | Message 1543719b-1024-4934-899d-a5051694fe28 created
2026-08-10 03:34:23 | team | sess_9e46adf3f9a7 | INFO | [verifier2] processing 1 unread messages (steer=True)
2026-08-10 03:34:23 | team | sess_9e46adf3f9a7 | INFO | Message 6fa24a76-0719-4a7a-af61-c0e3411c9da1 marked as read by verifier2
2026-08-10 03:36:15 | team | sess_9e46adf3f9a7 | INFO | Message 78fa0e75-c701-4383-b10b-e0aaacc77210 created
2026-08-10 03:36:33 | team | sess_9e46adf3f9a7 | INFO | [verifier2] processing 1 unread messages (steer=True)
2026-08-10 03:36:33 | team | sess_9e46adf3f9a7 | INFO | Message e2d02b53-6c45-4eec-a803-39001f774a8a marked as read by verifier2
2026-08-10 03:36:41 | team | sess_9e46adf3f9a7 | INFO | Message d211bceb-fcb8-488b-93d0-9fc4ec2c59ec created
2026-08-10 03:37:05 | team | sess_9e46adf3f9a7 | INFO | [verifier2] processing 1 unread messages (steer=True)
2026-08-10 03:37:05 | team | sess_9e46adf3f9a7 | INFO | Message e00f0ad0-f952-4cda-a17b-c072e13fa23f marked as read by verifier2
2026-08-10 03:37:12 | team | sess_9e46adf3f9a7 | INFO | Message 12e57d44-34bd-4a08-86e3-9e2d27e49e0f created
2026-08-10 03:37:25 | team | sess_9e46adf3f9a7 | INFO | [verifier2] processing 1 unread messages (steer=True)
2026-08-10 03:37:25 | team | sess_9e46adf3f9a7 | INFO | Message 5879bb30-5325-400e-a5d3-27bfb101830b marked as read by verifier2
2026-08-10 03:37:57 | team | sess_9e46adf3f9a7 | INFO | [verifier2] processing 1 unread messages (steer=True)
2026-08-10 03:37:57 | team | sess_9e46adf3f9a7 | INFO | Message 8013ec3a-d2f7-4729-961f-d42e09aa7083 marked as read by verifier2
2026-08-10 03:37:58 | team | sess_9e46adf3f9a7 | INFO | Message 7bdd3b64-c495-482f-b26f-25975820e30c created
2026-08-10 03:38:08 | team | sess_9e46adf3f9a7 | INFO | [verifier2] processing 1 unread messages (steer=True)
2026-08-10 03:38:08 | team | sess_9e46adf3f9a7 | INFO | Message 0f813033-e9d2-4356-b83c-e351415a0745 marked as read by verifier2
2026-08-10 03:38:15 | team | sess_9e46adf3f9a7 | INFO | Message ded2d7cf-779c-4c63-a66c-4d55d7b19dd3 created
2026-08-10 03:38:18 | team | sess_9e46adf3f9a7 | INFO | Message 0ee62754-f9b7-4b56-aedc-fcadb06832a6 created
2026-08-10 03:38:36 | team | sess_9e46adf3f9a7 | INFO | [verifier2] processing 1 unread messages (steer=True)
2026-08-10 03:38:36 | team | sess_9e46adf3f9a7 | INFO | Message 0c3a71e2-4275-442f-9536-a3761e1bd1ac marked as read by verifier2
2026-08-10 03:38:41 | team | sess_9e46adf3f9a7 | INFO | Message 698ff4b8-d2cd-410e-9cfa-66902554f500 created
2026-08-10 03:38:45 | team | sess_9e46adf3f9a7 | INFO | [verifier2] processing 1 unread messages (steer=True)
2026-08-10 03:38:45 | team | sess_9e46adf3f9a7 | INFO | Message 23ef3a76-4504-4700-aa93-eae72b4d1ee6 marked as read by verifier2
2026-08-10 03:38:51 | team | sess_9e46adf3f9a7 | INFO | Message 6c18e4ed-02f8-4246-9f68-3e8222ce89b0 created
2026-08-10 03:38:58 | team | sess_9e46adf3f9a7 | INFO | [verifier2] processing 1 unread messages (steer=True)
2026-08-10 03:38:58 | team | sess_9e46adf3f9a7 | INFO | Message 20c375f4-a329-478e-9e18-3cfa265d5a1e marked as read by verifier2
2026-08-10 03:41:32 | team | sess_9e46adf3f9a7 | INFO | [verifier2] processing 1 unread messages (steer=True)
2026-08-10 03:41:32 | team | sess_9e46adf3f9a7 | INFO | Message 19877435-7ee2-4cd6-be29-7cbc9a70a577 marked as read by verifier2
2026-08-10 03:41:36 | team | sess_9e46adf3f9a7 | INFO | [verifier2] processing 1 unread messages (steer=True)
2026-08-10 03:41:36 | team | sess_9e46adf3f9a7 | INFO | Message 40dbd888-c9e6-4f80-9b54-8481d0e502d4 marked as read by verifier2
2026-08-10 03:41:39 | team | sess_9e46adf3f9a7 | INFO | Task verify-security claimed by member verifier2
2026-08-10 03:41:39 | team | sess_9e46adf3f9a7 | INFO | Task verify-security claimed by member verifier2
2026-08-10 03:41:53 | team | sess_9e46adf3f9a7 | INFO | [verifier2] processing 1 unread messages (steer=True)
2026-08-10 03:41:53 | team | sess_9e46adf3f9a7 | INFO | Message 5ac6d456-8cd0-4600-b57d-76709f180f9d marked as read by verifier2
2026-08-10 03:41:54 | team | sess_9e46adf3f9a7 | INFO | [verifier2] processing 1 unread messages (steer=True)
2026-08-10 03:41:54 | team | sess_9e46adf3f9a7 | INFO | Message 663df200-1693-46e3-8874-bcdd744479eb marked as read by verifier2
2026-08-10 03:41:58 | team | sess_9e46adf3f9a7 | INFO | [verifier2] processing 1 unread messages (steer=True)
2026-08-10 03:41:58 | team | sess_9e46adf3f9a7 | INFO | Message ad0b260a-159c-4e6c-acb1-d85bcc750e0e marked as read by verifier2
2026-08-10 03:42:07 | team | sess_9e46adf3f9a7 | INFO | [verifier2] processing 1 unread messages (steer=True)
2026-08-10 03:42:07 | team | sess_9e46adf3f9a7 | INFO | Message 91f79252-9adc-42c0-9606-06fe99e05b1b marked as read by verifier2
2026-08-10 03:42:20 | team | sess_9e46adf3f9a7 | INFO | [verifier2] processing 1 unread messages (steer=True)
2026-08-10 03:42:20 | team | sess_9e46adf3f9a7 | INFO | Message 5b05dcb7-0094-4057-bd78-85a962a0fd7d marked as read by verifier2
2026-08-10 03:42:30 | team | sess_9e46adf3f9a7 | INFO | Message 4b58dbf4-25f8-4c39-aa50-49b5a3feee0d created
2026-08-10 03:42:30 | team | sess_9e46adf3f9a7 | INFO | Message d6b716a6-73f2-4ff3-9f9c-a30fe6af3cc8 created
2026-08-10 03:42:30 | team | sess_9e46adf3f9a7 | INFO | Message d86dc662-89da-469a-988a-7ec5084ab3c0 created
2026-08-10 03:42:36 | team | sess_9e46adf3f9a7 | INFO | [verifier2] processing 1 unread messages (steer=True)
2026-08-10 03:42:36 | team | sess_9e46adf3f9a7 | INFO | Message b6e5fb05-d93e-4700-91d8-a101180a8c35 marked as read by verifier2
2026-08-10 03:42:38 | team | sess_9e46adf3f9a7 | INFO | [verifier2] processing 1 unread messages (steer=True)
2026-08-10 03:42:38 | team | sess_9e46adf3f9a7 | INFO | Message 1de61686-2a96-49ee-8555-cb526f6bb731 marked as read by verifier2
2026-08-10 03:42:40 | team | sess_9e46adf3f9a7 | INFO | Message c6f318c4-df40-4254-ba4d-318c79c06a54 created
2026-08-10 03:42:40 | team | sess_9e46adf3f9a7 | INFO | Message c5766f04-3ce0-47ba-937a-b3096a76c304 created
2026-08-10 03:42:41 | team | sess_9e46adf3f9a7 | INFO | [verifier2] processing 1 unread messages (steer=True)
2026-08-10 03:42:41 | team | sess_9e46adf3f9a7 | INFO | Message a727456e-c656-417b-a07d-fb4b935a2d37 marked as read by verifier2
2026-08-10 03:42:47 | team | sess_9e46adf3f9a7 | INFO | Message 816bd07d-861d-4481-8145-497be51179c3 created
2026-08-10 03:42:47 | team | sess_9e46adf3f9a7 | INFO | Message 74fbff52-68d7-4467-bc44-48da7e510643 created
2026-08-10 03:42:52 | team | sess_9e46adf3f9a7 | INFO | [verifier2] processing 1 unread messages (steer=True)
2026-08-10 03:42:52 | team | sess_9e46adf3f9a7 | INFO | Message bc428395-de3f-4c53-8e88-94c8a15fdee4 marked as read by verifier2
2026-08-10 03:42:53 | team | sess_9e46adf3f9a7 | INFO | Message 1806479e-6386-4dd0-9355-40cef0cd178e created
2026-08-10 03:46:41 | team | sess_9e46adf3f9a7 | INFO | [verifier2] processing 1 unread messages (steer=True)
2026-08-10 03:46:41 | team | sess_9e46adf3f9a7 | INFO | Message 7113f936-f6e7-4354-b09a-b700ee4e3749 marked as read by verifier2
2026-08-10 03:48:39 | team | sess_9e46adf3f9a7 | INFO | Task verify-security completed at 1786330119365
2026-08-10 03:48:39 | team | sess_9e46adf3f9a7 | INFO | Task verify-security completed
2026-08-10 03:48:56 | team | sess_9e46adf3f9a7 | INFO | Message 6eb5e1a2-0b80-4655-af33-a60fdef169b6 created
2026-08-10 03:48:56 | team | sess_9e46adf3f9a7 | INFO | Message 4200651d-3981-47cb-8e41-55f1af9e706b created
2026-08-10 03:49:06 | team | sess_9e46adf3f9a7 | INFO | [verifier2] processing 1 unread messages (steer=True)
2026-08-10 03:49:06 | team | sess_9e46adf3f9a7 | INFO | Message b279dff2-6fd0-415e-93bc-373c1fb2be67 marked as read by verifier2
2026-08-10 03:49:15 | team | sess_9e46adf3f9a7 | INFO | [verifier2] processing 1 unread messages (steer=True)
2026-08-10 03:49:15 | team | sess_9e46adf3f9a7 | INFO | Message ad276273-226a-4c2a-b4f5-838231a29028 marked as read by verifier2
2026-08-10 03:49:21 | team | sess_9e46adf3f9a7 | INFO | Message 73cfe427-4393-4627-8094-a49135a30c15 created
2026-08-10 03:50:00 | team | sess_9e46adf3f9a7 | INFO | team jiuwen_team_sess_9e46adf3f9a7 reported completed: 9 members, 5 tasks
2026-08-10 03:50:00 | team | sess_9e46adf3f9a7 | INFO | [verifier2] received TEAM_STANDBY, pausing polls
2026-08-10 03:50:00 | team | sess_9e46adf3f9a7 | INFO | EventBus[teammate] pausing polls
