2026-08-10 03:32:25 | team | sess_9e46adf3f9a7 | INFO | Team workspace directory ensured at /srv/jwteam_clone/shared/run_current
2026-08-10 03:32:25 | team | sess_9e46adf3f9a7 | INFO | AgentTeam manager initialized for jiuwen_team_sess_9e46adf3f9a7, member=team_leader
2026-08-10 03:32:25 | team | sess_9e46adf3f9a7 | INFO | [team_leader] TeamPolicyRail static sections: section_names=['team_role', 'team_workflow', 'team_swarmflow', 'team_lifecycle', 'team_persona']
2026-08-10 03:32:25 | team | sess_9e46adf3f9a7 | INFO | Session tables ready for session sess_9e46adf3f9a7
2026-08-10 03:32:25 | team | sess_9e46adf3f9a7 | INFO | Team database initialized
2026-08-10 03:32:25 | team | default_trace_id | INFO | Team workspace directory ensured at /srv/jwteam_clone/shared/run_current
2026-08-10 03:32:25 | team | default_trace_id | INFO | AgentTeam manager initialized for jiuwen_team_sess_9e46adf3f9a7, member=planner1
2026-08-10 03:32:25 | team | default_trace_id | INFO | [planner1] TeamPolicyRail static sections: section_names=['team_role', 'team_persona']
2026-08-10 03:32:25 | team | sess_9e46adf3f9a7 | INFO | [planner1] invoke start, role=teammate
2026-08-10 03:32:25 | team | sess_9e46adf3f9a7 | INFO | [planner1] coordination starting
2026-08-10 03:32:25 | team | sess_9e46adf3f9a7 | INFO | Session tables ready for session sess_9e46adf3f9a7
2026-08-10 03:32:25 | team | sess_9e46adf3f9a7 | INFO | Workspace /srv/jwteam_clone/shared/run_current initialized as plain shared directory (version_control disabled)
2026-08-10 03:32:25 | team | sess_9e46adf3f9a7 | INFO | EventBus[teammate] starting
2026-08-10 03:32:52 | team | sess_9e46adf3f9a7 | INFO | [planner1] HITT section refresh: human_agent_names=[]
2026-08-10 03:33:02 | team | sess_9e46adf3f9a7 | INFO | Task plan-audit claimed by member planner1
2026-08-10 03:33:02 | team | sess_9e46adf3f9a7 | INFO | Task plan-audit claimed by member planner1
2026-08-10 03:33:02 | team | sess_9e46adf3f9a7 | INFO | [planner1] processing 1 unread messages (steer=True)
2026-08-10 03:33:02 | team | sess_9e46adf3f9a7 | INFO | Message b764f5ef-fc81-4ba2-9116-222ec80383e2 marked as read by planner1
2026-08-10 03:33:21 | team | sess_9e46adf3f9a7 | INFO | [planner1] processing 1 unread messages (steer=True)
2026-08-10 03:33:21 | team | sess_9e46adf3f9a7 | INFO | Message 8a519cbd-956e-4d22-a30b-290dd5c43914 marked as read by planner1
2026-08-10 03:33:28 | team | sess_9e46adf3f9a7 | INFO | [planner1] processing 1 unread messages (steer=True)
2026-08-10 03:33:28 | team | sess_9e46adf3f9a7 | INFO | Message b1615bfc-7b99-48a8-89f1-e647d8489467 marked as read by planner1
2026-08-10 03:33:35 | team | sess_9e46adf3f9a7 | INFO | [planner1] processing 1 unread messages (steer=True)
2026-08-10 03:33:35 | team | sess_9e46adf3f9a7 | INFO | Message 7295b6d0-1f63-4446-b0e2-e2ebc003914f marked as read by planner1
2026-08-10 03:33:39 | team | sess_9e46adf3f9a7 | INFO | Message 7a33dd8d-a8f0-4fc2-8e75-a76d4ac904a2 created
2026-08-10 03:33:50 | team | sess_9e46adf3f9a7 | INFO | [planner1] processing 1 unread messages (steer=True)
2026-08-10 03:33:50 | team | sess_9e46adf3f9a7 | INFO | Message ab57b9fe-9ee0-4f2b-bd2a-576fea7f4eb8 marked as read by planner1
2026-08-10 03:34:01 | team | sess_9e46adf3f9a7 | INFO | Message b908b1d8-7c47-4dce-bad0-e7a584b29fd2 created
2026-08-10 03:34:01 | team | sess_9e46adf3f9a7 | INFO | Message 4bf49df6-d203-4553-84d0-ef1b14a43093 created
2026-08-10 03:34:01 | team | sess_9e46adf3f9a7 | INFO | Message e38b2df5-ef86-4675-8a71-fffef5d64a68 created
2026-08-10 03:34:07 | team | sess_9e46adf3f9a7 | INFO | [planner1] processing 1 unread messages (steer=True)
2026-08-10 03:34:07 | team | sess_9e46adf3f9a7 | INFO | Message 0a344962-c7f7-41b5-a822-c5e050781f97 marked as read by planner1
2026-08-10 03:34:08 | team | sess_9e46adf3f9a7 | INFO | Message 47ceff1f-0d24-474f-907f-bfbc03af2656 created
2026-08-10 03:34:11 | team | sess_9e46adf3f9a7 | INFO | [planner1] processing 1 unread messages (steer=True)
2026-08-10 03:34:11 | team | sess_9e46adf3f9a7 | INFO | Message 1543719b-1024-4934-899d-a5051694fe28 marked as read by planner1
2026-08-10 03:34:16 | team | sess_9e46adf3f9a7 | INFO | [planner1] processing 1 unread messages (steer=True)
2026-08-10 03:34:16 | team | sess_9e46adf3f9a7 | INFO | Message 9c3e701e-889e-4ec7-93b1-c5fb611b222a marked as read by planner1
2026-08-10 03:34:16 | team | sess_9e46adf3f9a7 | INFO | [planner1] processing 1 unread messages (steer=True)
2026-08-10 03:34:16 | team | sess_9e46adf3f9a7 | INFO | Message 905a2701-d8b2-4303-b523-20fa8d4351c2 marked as read by planner1
2026-08-10 03:34:23 | team | sess_9e46adf3f9a7 | INFO | Message 581d4be6-6c81-4c0c-a0a7-2d04ac4d5aa4 created
2026-08-10 03:34:23 | team | sess_9e46adf3f9a7 | INFO | Message 6fa24a76-0719-4a7a-af61-c0e3411c9da1 created
2026-08-10 03:34:29 | team | sess_9e46adf3f9a7 | INFO | [planner1] processing 1 unread messages (steer=True)
2026-08-10 03:34:29 | team | sess_9e46adf3f9a7 | INFO | Message 355c983a-d1ac-43c2-b0ec-5b9708e817f9 marked as read by planner1
2026-08-10 03:34:40 | team | sess_9e46adf3f9a7 | INFO | [planner1] processing 1 unread messages (steer=True)
2026-08-10 03:34:40 | team | sess_9e46adf3f9a7 | INFO | Message 6808c102-2262-4aaa-a7ca-a440391dfcd4 marked as read by planner1
2026-08-10 03:35:08 | team | sess_9e46adf3f9a7 | INFO | Message a91292db-cf5f-4c0b-8296-816ade059f50 created
2026-08-10 03:35:16 | team | sess_9e46adf3f9a7 | INFO | [planner1] processing 1 unread messages (steer=True)
2026-08-10 03:35:16 | team | sess_9e46adf3f9a7 | INFO | Message 5081c7e8-04b8-47ba-9389-4f1024546832 marked as read by planner1
2026-08-10 03:35:18 | team | sess_9e46adf3f9a7 | INFO | Message 03b17a26-730f-4470-8998-b578d401a58d created
2026-08-10 03:36:05 | team | sess_9e46adf3f9a7 | INFO | Message 82a4c40d-d10a-4e08-9f31-3a3565cda798 created
2026-08-10 03:36:08 | team | sess_9e46adf3f9a7 | INFO | Task plan-audit completed at 1786329368239
2026-08-10 03:36:08 | team | sess_9e46adf3f9a7 | INFO | Resolved 1 dependencies for task plan-audit
2026-08-10 03:36:08 | team | sess_9e46adf3f9a7 | INFO | Task implement-audit unblocked (all deps resolved)
2026-08-10 03:36:08 | team | sess_9e46adf3f9a7 | INFO | Task plan-audit completed
2026-08-10 03:36:08 | team | sess_9e46adf3f9a7 | INFO | Unblocked 1 tasks
2026-08-10 03:36:11 | team | sess_9e46adf3f9a7 | INFO | [planner1] processing 1 unread messages (steer=True)
2026-08-10 03:36:11 | team | sess_9e46adf3f9a7 | INFO | Message fc21eed1-89d3-4661-9856-274a287b3002 marked as read by planner1
2026-08-10 03:36:17 | team | sess_9e46adf3f9a7 | INFO | Message ce1a0061-c3fd-4134-a1ab-2587f8f555d6 created
2026-08-10 03:36:24 | team | sess_9e46adf3f9a7 | INFO | [planner1] processing 1 unread messages (steer=True)
2026-08-10 03:36:24 | team | sess_9e46adf3f9a7 | INFO | Message 20d30630-af0c-441c-ba28-cd41f502702c marked as read by planner1
2026-08-10 03:36:38 | team | sess_9e46adf3f9a7 | INFO | [planner1] processing 1 unread messages (steer=True)
2026-08-10 03:36:38 | team | sess_9e46adf3f9a7 | INFO | Message e4e948f5-d1b4-4721-90a2-99c79ab11a23 marked as read by planner1
2026-08-10 03:36:38 | team | sess_9e46adf3f9a7 | INFO | Message fc1a4d0b-ef14-430a-a23c-6f6c66403e83 created
2026-08-10 03:36:50 | team | sess_9e46adf3f9a7 | INFO | Message 504c628c-9610-4d10-9810-c5fc4c7bd8ed created
2026-08-10 03:36:50 | team | sess_9e46adf3f9a7 | INFO | Message b58d5d48-cd03-42e3-b140-534a0e5f715f created
2026-08-10 03:37:58 | team | sess_9e46adf3f9a7 | INFO | Message db68434a-5401-4a78-a0f6-6a8d3620a395 created
2026-08-10 03:41:47 | team | sess_9e46adf3f9a7 | INFO | Message 709e670e-ef04-4d51-8bdb-4e09d96e619b created
2026-08-10 03:41:58 | team | sess_9e46adf3f9a7 | INFO | Message ceb488fb-2669-4bfa-885b-d70fbed7b805 created
2026-08-10 03:41:58 | team | sess_9e46adf3f9a7 | INFO | Message ad0b260a-159c-4e6c-acb1-d85bcc750e0e created
2026-08-10 03:42:14 | team | sess_9e46adf3f9a7 | INFO | [planner1] processing 1 unread messages (steer=True)
2026-08-10 03:42:14 | team | sess_9e46adf3f9a7 | INFO | Message 8655908b-26d0-4207-87e0-71b4f6b099f0 marked as read by planner1
2026-08-10 03:48:39 | team | sess_9e46adf3f9a7 | INFO | task list drained for team jiuwen_team_sess_9e46adf3f9a7: 5 terminal task(s)
2026-08-10 03:49:06 | team | sess_9e46adf3f9a7 | INFO | [planner1] processing 1 unread messages (steer=True)
2026-08-10 03:49:06 | team | sess_9e46adf3f9a7 | INFO | Message b279dff2-6fd0-415e-93bc-373c1fb2be67 marked as read by planner1
2026-08-10 03:50:00 | team | sess_9e46adf3f9a7 | INFO | team jiuwen_team_sess_9e46adf3f9a7 reported completed: 9 members, 5 tasks
2026-08-10 03:50:00 | team | sess_9e46adf3f9a7 | INFO | [planner1] received TEAM_STANDBY, pausing polls
2026-08-10 03:50:00 | team | sess_9e46adf3f9a7 | INFO | EventBus[teammate] pausing polls
