2026-08-10 03:32:27 | team | sess_9e46adf3f9a7 | INFO | Team workspace directory ensured at /srv/jwteam_clone/shared/run_current
2026-08-10 03:32:27 | team | sess_9e46adf3f9a7 | INFO | AgentTeam manager initialized for jiuwen_team_sess_9e46adf3f9a7, member=team_leader
2026-08-10 03:32:27 | team | sess_9e46adf3f9a7 | INFO | [team_leader] TeamPolicyRail static sections: section_names=['team_role', 'team_workflow', 'team_swarmflow', 'team_lifecycle', 'team_persona']
2026-08-10 03:32:27 | team | sess_9e46adf3f9a7 | INFO | Session tables ready for session sess_9e46adf3f9a7
2026-08-10 03:32:27 | team | sess_9e46adf3f9a7 | INFO | Team database initialized
2026-08-10 03:32:27 | team | default_trace_id | INFO | Team workspace directory ensured at /srv/jwteam_clone/shared/run_current
2026-08-10 03:32:27 | team | default_trace_id | INFO | AgentTeam manager initialized for jiuwen_team_sess_9e46adf3f9a7, member=executor1
2026-08-10 03:32:27 | team | default_trace_id | INFO | [executor1] TeamPolicyRail static sections: section_names=['team_role', 'team_persona']
2026-08-10 03:32:27 | team | sess_9e46adf3f9a7 | INFO | [executor1] invoke start, role=teammate
2026-08-10 03:32:27 | team | sess_9e46adf3f9a7 | INFO | [executor1] coordination starting
2026-08-10 03:32:27 | team | sess_9e46adf3f9a7 | INFO | Session tables ready for session sess_9e46adf3f9a7
2026-08-10 03:32:27 | team | sess_9e46adf3f9a7 | INFO | Workspace /srv/jwteam_clone/shared/run_current initialized as plain shared directory (version_control disabled)
2026-08-10 03:32:27 | team | sess_9e46adf3f9a7 | INFO | EventBus[teammate] starting
2026-08-10 03:32:52 | team | sess_9e46adf3f9a7 | INFO | [executor1] HITT section refresh: human_agent_names=[]
2026-08-10 03:33:02 | team | sess_9e46adf3f9a7 | INFO | [executor1] processing 1 unread messages (steer=True)
2026-08-10 03:33:02 | team | sess_9e46adf3f9a7 | INFO | Message b764f5ef-fc81-4ba2-9116-222ec80383e2 marked as read by executor1
2026-08-10 03:33:21 | team | sess_9e46adf3f9a7 | INFO | Message 8a519cbd-956e-4d22-a30b-290dd5c43914 created
2026-08-10 03:33:50 | team | sess_9e46adf3f9a7 | INFO | Message 68cf1841-2842-4185-8eae-718c08cba8ac created
2026-08-10 03:33:50 | team | sess_9e46adf3f9a7 | INFO | Message ab57b9fe-9ee0-4f2b-bd2a-576fea7f4eb8 created
2026-08-10 03:34:01 | team | sess_9e46adf3f9a7 | INFO | [executor1] processing 1 unread messages (steer=True)
2026-08-10 03:34:01 | team | sess_9e46adf3f9a7 | INFO | Message e38b2df5-ef86-4675-8a71-fffef5d64a68 marked as read by executor1
2026-08-10 03:34:07 | team | sess_9e46adf3f9a7 | INFO | Message 0a344962-c7f7-41b5-a822-c5e050781f97 created
2026-08-10 03:34:08 | team | sess_9e46adf3f9a7 | INFO | [executor1] processing 1 unread messages (steer=True)
2026-08-10 03:34:08 | team | sess_9e46adf3f9a7 | INFO | Message 47ceff1f-0d24-474f-907f-bfbc03af2656 marked as read by executor1
2026-08-10 03:34:16 | team | sess_9e46adf3f9a7 | INFO | Message 905a2701-d8b2-4303-b523-20fa8d4351c2 created
2026-08-10 03:35:08 | team | sess_9e46adf3f9a7 | INFO | [executor1] processing 1 unread messages (steer=True)
2026-08-10 03:35:08 | team | sess_9e46adf3f9a7 | INFO | Message a91292db-cf5f-4c0b-8296-816ade059f50 marked as read by executor1
2026-08-10 03:35:16 | team | sess_9e46adf3f9a7 | INFO | Message 5081c7e8-04b8-47ba-9389-4f1024546832 created
2026-08-10 03:35:55 | team | sess_9e46adf3f9a7 | INFO | Message 9825c1ba-e094-4544-9cd0-8fec76a14f7f created
2026-08-10 03:36:15 | team | sess_9e46adf3f9a7 | INFO | [executor1] processing 1 unread messages (steer=True)
2026-08-10 03:36:15 | team | sess_9e46adf3f9a7 | INFO | Message 78fa0e75-c701-4383-b10b-e0aaacc77210 marked as read by executor1
2026-08-10 03:36:19 | team | sess_9e46adf3f9a7 | INFO | Message 920bf60f-cc2b-4452-b33f-c992f65a1b45 created
2026-08-10 03:36:23 | team | sess_9e46adf3f9a7 | INFO | [executor1] processing 1 unread messages (steer=True)
2026-08-10 03:36:23 | team | sess_9e46adf3f9a7 | INFO | Message 942b0173-fd3f-4059-8566-964794ba9faf marked as read by executor1
2026-08-10 03:36:33 | team | sess_9e46adf3f9a7 | INFO | Message e2d02b53-6c45-4eec-a803-39001f774a8a created
2026-08-10 03:36:33 | team | sess_9e46adf3f9a7 | INFO | Message 70972500-a621-4b53-a054-90aaa679d831 created
2026-08-10 03:36:33 | team | sess_9e46adf3f9a7 | INFO | Message 270892c5-db75-483f-a710-122de791a471 created
2026-08-10 03:36:41 | team | sess_9e46adf3f9a7 | INFO | [executor1] processing 1 unread messages (steer=True)
2026-08-10 03:36:41 | team | sess_9e46adf3f9a7 | INFO | Message d211bceb-fcb8-488b-93d0-9fc4ec2c59ec marked as read by executor1
2026-08-10 03:36:42 | team | sess_9e46adf3f9a7 | INFO | [executor1] processing 1 unread messages (steer=True)
2026-08-10 03:36:42 | team | sess_9e46adf3f9a7 | INFO | Message 73873267-7e16-4ebb-b45f-1cea41b07c3d marked as read by executor1
2026-08-10 03:36:54 | team | sess_9e46adf3f9a7 | INFO | Message b7afdcfd-e99f-42e9-bc2a-1b7fd03a93b5 created
2026-08-10 03:36:54 | team | sess_9e46adf3f9a7 | INFO | Message 808a45ef-a6e2-441d-a50c-c0e398cf35b8 created
2026-08-10 03:36:59 | team | sess_9e46adf3f9a7 | INFO | [executor1] processing 1 unread messages (steer=True)
2026-08-10 03:36:59 | team | sess_9e46adf3f9a7 | INFO | Message 681e0b7f-e6a9-42fb-89f8-4acbbe1ca9e0 marked as read by executor1
2026-08-10 03:37:04 | team | sess_9e46adf3f9a7 | INFO | Message 3b32bf3f-d9e7-4bd7-be73-ad7dd39db315 created
2026-08-10 03:37:04 | team | sess_9e46adf3f9a7 | INFO | Message e00f0ad0-f952-4cda-a17b-c072e13fa23f created
2026-08-10 03:37:09 | team | sess_9e46adf3f9a7 | INFO | Message 030a19d0-8308-4060-88c7-40d3372e8fbe created
2026-08-10 03:37:12 | team | sess_9e46adf3f9a7 | INFO | [executor1] processing 1 unread messages (steer=True)
2026-08-10 03:37:12 | team | sess_9e46adf3f9a7 | INFO | Message 12e57d44-34bd-4a08-86e3-9e2d27e49e0f marked as read by executor1
2026-08-10 03:37:13 | team | sess_9e46adf3f9a7 | INFO | [executor1] processing 1 unread messages (steer=True)
2026-08-10 03:37:13 | team | sess_9e46adf3f9a7 | INFO | Message 66cd3e0c-fda1-4dbd-8e80-350f1ab6226f marked as read by executor1
2026-08-10 03:37:25 | team | sess_9e46adf3f9a7 | INFO | Message 5661131f-791f-4c0a-b67d-fc30c380c933 created
2026-08-10 03:37:25 | team | sess_9e46adf3f9a7 | INFO | Message 5879bb30-5325-400e-a5d3-27bfb101830b created
2026-08-10 03:38:00 | team | sess_9e46adf3f9a7 | INFO | Message 27d1bc0d-4da5-4bf7-844c-a7f1cce16c52 created
2026-08-10 03:38:04 | team | sess_9e46adf3f9a7 | INFO | [executor1] processing 1 unread messages (steer=True)
2026-08-10 03:38:04 | team | sess_9e46adf3f9a7 | INFO | Message fb368fb6-b0ef-4dba-95a2-02f63c948c67 marked as read by executor1
2026-08-10 03:38:06 | team | sess_9e46adf3f9a7 | INFO | Message 999cd871-f9c3-48da-af4f-261659b06b04 created
2026-08-10 03:38:17 | team | sess_9e46adf3f9a7 | INFO | Message 0871b4a6-ee27-4055-98f8-2f676a05f954 created
2026-08-10 03:38:26 | team | sess_9e46adf3f9a7 | INFO | [executor1] processing 1 unread messages (steer=True)
2026-08-10 03:38:26 | team | sess_9e46adf3f9a7 | INFO | Message e09993c9-a465-4155-bd31-f0362759dee3 marked as read by executor1
2026-08-10 03:38:31 | team | sess_9e46adf3f9a7 | INFO | [executor1] processing 1 unread messages (steer=True)
2026-08-10 03:38:31 | team | sess_9e46adf3f9a7 | INFO | Message 841ffb5c-0a16-4903-845d-5ed969db73c8 marked as read by executor1
2026-08-10 03:38:45 | team | sess_9e46adf3f9a7 | INFO | Message 5cad1ef6-4179-49a9-ba01-39abfd4781fd created
2026-08-10 03:38:45 | team | sess_9e46adf3f9a7 | INFO | Message 23ef3a76-4504-4700-aa93-eae72b4d1ee6 created
2026-08-10 03:38:50 | team | sess_9e46adf3f9a7 | INFO | Message f96b9999-b1be-484a-a3aa-31413843a729 created
2026-08-10 03:38:51 | team | sess_9e46adf3f9a7 | INFO | [executor1] processing 1 unread messages (steer=True)
2026-08-10 03:38:51 | team | sess_9e46adf3f9a7 | INFO | Message 6c18e4ed-02f8-4246-9f68-3e8222ce89b0 marked as read by executor1
2026-08-10 03:38:58 | team | sess_9e46adf3f9a7 | INFO | Message 20c375f4-a329-478e-9e18-3cfa265d5a1e created
2026-08-10 03:48:39 | team | sess_9e46adf3f9a7 | INFO | task list drained for team jiuwen_team_sess_9e46adf3f9a7: 5 terminal task(s)
2026-08-10 03:49:06 | team | sess_9e46adf3f9a7 | INFO | [executor1] processing 1 unread messages (steer=True)
2026-08-10 03:49:06 | team | sess_9e46adf3f9a7 | INFO | Message b279dff2-6fd0-415e-93bc-373c1fb2be67 marked as read by executor1
2026-08-10 03:50:00 | team | sess_9e46adf3f9a7 | INFO | team jiuwen_team_sess_9e46adf3f9a7 reported completed: 9 members, 5 tasks
2026-08-10 03:50:00 | team | sess_9e46adf3f9a7 | INFO | [executor1] received TEAM_STANDBY, pausing polls
2026-08-10 03:50:00 | team | sess_9e46adf3f9a7 | INFO | EventBus[teammate] pausing polls
