2026-08-10 03:32:28 | team | sess_9e46adf3f9a7 | INFO | Team workspace directory ensured at /srv/jwteam_clone/shared/run_current
2026-08-10 03:32:28 | team | sess_9e46adf3f9a7 | INFO | AgentTeam manager initialized for jiuwen_team_sess_9e46adf3f9a7, member=team_leader
2026-08-10 03:32:28 | team | sess_9e46adf3f9a7 | INFO | [team_leader] TeamPolicyRail static sections: section_names=['team_role', 'team_workflow', 'team_swarmflow', 'team_lifecycle', 'team_persona']
2026-08-10 03:32:28 | team | sess_9e46adf3f9a7 | INFO | Session tables ready for session sess_9e46adf3f9a7
2026-08-10 03:32:28 | team | sess_9e46adf3f9a7 | INFO | Team database initialized
2026-08-10 03:32:28 | team | default_trace_id | INFO | Team workspace directory ensured at /srv/jwteam_clone/shared/run_current
2026-08-10 03:32:28 | team | default_trace_id | INFO | AgentTeam manager initialized for jiuwen_team_sess_9e46adf3f9a7, member=executor2
2026-08-10 03:32:28 | team | default_trace_id | INFO | [executor2] TeamPolicyRail static sections: section_names=['team_role', 'team_persona']
2026-08-10 03:32:28 | team | sess_9e46adf3f9a7 | INFO | [executor2] invoke start, role=teammate
2026-08-10 03:32:28 | team | sess_9e46adf3f9a7 | INFO | [executor2] coordination starting
2026-08-10 03:32:28 | team | sess_9e46adf3f9a7 | INFO | Session tables ready for session sess_9e46adf3f9a7
2026-08-10 03:32:28 | team | sess_9e46adf3f9a7 | INFO | Workspace /srv/jwteam_clone/shared/run_current initialized as plain shared directory (version_control disabled)
2026-08-10 03:32:28 | team | sess_9e46adf3f9a7 | INFO | EventBus[teammate] starting
2026-08-10 03:32:52 | team | sess_9e46adf3f9a7 | INFO | [executor2] HITT section refresh: human_agent_names=[]
2026-08-10 03:33:02 | team | sess_9e46adf3f9a7 | INFO | [executor2] processing 1 unread messages (steer=True)
2026-08-10 03:33:02 | team | sess_9e46adf3f9a7 | INFO | Message b764f5ef-fc81-4ba2-9116-222ec80383e2 marked as read by executor2
2026-08-10 03:36:13 | team | sess_9e46adf3f9a7 | INFO | Task implement-audit claimed by member executor2
2026-08-10 03:36:13 | team | sess_9e46adf3f9a7 | INFO | Task implement-audit claimed by member executor2
2026-08-10 03:36:24 | team | sess_9e46adf3f9a7 | INFO | Message 20d30630-af0c-441c-ba28-cd41f502702c created
2026-08-10 03:36:33 | team | sess_9e46adf3f9a7 | INFO | [executor2] processing 1 unread messages (steer=True)
2026-08-10 03:36:33 | team | sess_9e46adf3f9a7 | INFO | Message 270892c5-db75-483f-a710-122de791a471 marked as read by executor2
2026-08-10 03:36:37 | team | sess_9e46adf3f9a7 | INFO | [executor2] processing 1 unread messages (steer=True)
2026-08-10 03:36:37 | team | sess_9e46adf3f9a7 | INFO | Message 1d016f04-de88-4f55-a7bf-8d8a1f834204 marked as read by executor2
2026-08-10 03:36:38 | team | sess_9e46adf3f9a7 | INFO | [executor2] processing 1 unread messages (steer=True)
2026-08-10 03:36:38 | team | sess_9e46adf3f9a7 | INFO | Message 1c2c2703-e436-4e2e-baa5-a6b910c5f472 marked as read by executor2
2026-08-10 03:36:39 | team | sess_9e46adf3f9a7 | INFO | [executor2] processing 1 unread messages (steer=True)
2026-08-10 03:36:39 | team | sess_9e46adf3f9a7 | INFO | Message fc1a4d0b-ef14-430a-a23c-6f6c66403e83 marked as read by executor2
2026-08-10 03:36:42 | team | sess_9e46adf3f9a7 | INFO | Message 73873267-7e16-4ebb-b45f-1cea41b07c3d created
2026-08-10 03:36:50 | team | sess_9e46adf3f9a7 | INFO | [executor2] processing 1 unread messages (steer=True)
2026-08-10 03:36:50 | team | sess_9e46adf3f9a7 | INFO | Message b58d5d48-cd03-42e3-b140-534a0e5f715f marked as read by executor2
2026-08-10 03:36:54 | team | sess_9e46adf3f9a7 | INFO | [executor2] processing 1 unread messages (steer=True)
2026-08-10 03:36:54 | team | sess_9e46adf3f9a7 | INFO | Message 808a45ef-a6e2-441d-a50c-c0e398cf35b8 marked as read by executor2
2026-08-10 03:37:05 | team | sess_9e46adf3f9a7 | INFO | [executor2] processing 1 unread messages (steer=True)
2026-08-10 03:37:05 | team | sess_9e46adf3f9a7 | INFO | Message 3b32bf3f-d9e7-4bd7-be73-ad7dd39db315 marked as read by executor2
2026-08-10 03:37:49 | team | sess_9e46adf3f9a7 | INFO | Task implement-audit completed at 1786329469614
2026-08-10 03:37:49 | team | sess_9e46adf3f9a7 | INFO | Resolved 3 dependencies for task implement-audit
2026-08-10 03:37:49 | team | sess_9e46adf3f9a7 | INFO | Task implement-app unblocked (all deps resolved)
2026-08-10 03:37:49 | team | sess_9e46adf3f9a7 | INFO | Task implement-audit completed
2026-08-10 03:37:49 | team | sess_9e46adf3f9a7 | INFO | Unblocked 1 tasks
2026-08-10 03:37:57 | team | sess_9e46adf3f9a7 | INFO | Message 1a336e20-0f48-482b-849c-34291f479b9f created
2026-08-10 03:37:57 | team | sess_9e46adf3f9a7 | INFO | Message 8013ec3a-d2f7-4729-961f-d42e09aa7083 created
2026-08-10 03:38:04 | team | sess_9e46adf3f9a7 | INFO | Message fb368fb6-b0ef-4dba-95a2-02f63c948c67 created
2026-08-10 03:38:06 | team | sess_9e46adf3f9a7 | INFO | [executor2] processing 1 unread messages (steer=True)
2026-08-10 03:38:06 | team | sess_9e46adf3f9a7 | INFO | Message 999cd871-f9c3-48da-af4f-261659b06b04 marked as read by executor2
2026-08-10 03:38:07 | team | sess_9e46adf3f9a7 | INFO | [executor2] processing 1 unread messages (steer=True)
2026-08-10 03:38:07 | team | sess_9e46adf3f9a7 | INFO | Message c95a9696-e73e-41b3-ae58-92ab4cd61a8c marked as read by executor2
2026-08-10 03:38:15 | team | sess_9e46adf3f9a7 | INFO | [executor2] processing 1 unread messages (steer=True)
2026-08-10 03:38:15 | team | sess_9e46adf3f9a7 | INFO | Message ded2d7cf-779c-4c63-a66c-4d55d7b19dd3 marked as read by executor2
2026-08-10 03:38:17 | team | sess_9e46adf3f9a7 | INFO | [executor2] processing 1 unread messages (steer=True)
2026-08-10 03:38:17 | team | sess_9e46adf3f9a7 | INFO | Message 0871b4a6-ee27-4055-98f8-2f676a05f954 marked as read by executor2
2026-08-10 03:38:26 | team | sess_9e46adf3f9a7 | INFO | Message e09993c9-a465-4155-bd31-f0362759dee3 created
2026-08-10 03:38:33 | team | sess_9e46adf3f9a7 | INFO | [executor2] processing 1 unread messages (steer=True)
2026-08-10 03:38:33 | team | sess_9e46adf3f9a7 | INFO | Message 34d9096c-6a95-4655-b9b3-5ac591ddc888 marked as read by executor2
2026-08-10 03:38:45 | team | sess_9e46adf3f9a7 | INFO | [executor2] processing 1 unread messages (steer=True)
2026-08-10 03:38:45 | team | sess_9e46adf3f9a7 | INFO | Message 5cad1ef6-4179-49a9-ba01-39abfd4781fd marked as read by executor2
2026-08-10 03:38:46 | team | sess_9e46adf3f9a7 | INFO | Message 5e6f2642-1b1a-4e5c-bc1b-f2de26d50da6 created
2026-08-10 03:39:03 | team | sess_9e46adf3f9a7 | INFO | [executor2] processing 1 unread messages (steer=True)
2026-08-10 03:39:03 | team | sess_9e46adf3f9a7 | INFO | Message 10e96f37-17d4-4ca3-8868-8c87a43010ab marked as read by executor2
2026-08-10 03:39:20 | team | sess_9e46adf3f9a7 | INFO | Message 9f9aa3e1-127d-44a9-9154-bf2e741269c7 created
2026-08-10 03:39:26 | team | sess_9e46adf3f9a7 | INFO | [executor2] processing 1 unread messages (steer=True)
2026-08-10 03:39:27 | team | sess_9e46adf3f9a7 | INFO | Message ef4385bb-7896-4928-a9aa-8d9ec4a4ff25 marked as read by executor2
2026-08-10 03:39:40 | team | sess_9e46adf3f9a7 | INFO | Message ee20dd1b-0d94-4221-aff8-3ae6f0ee73c6 created
2026-08-10 03:39:51 | team | sess_9e46adf3f9a7 | INFO | [executor2] processing 1 unread messages (steer=True)
2026-08-10 03:39:51 | team | sess_9e46adf3f9a7 | INFO | Message 221a5b09-a22e-4040-bba5-7571599caa76 marked as read by executor2
2026-08-10 03:40:01 | team | sess_9e46adf3f9a7 | INFO | [executor2] processing 1 unread messages (steer=True)
2026-08-10 03:40:01 | team | sess_9e46adf3f9a7 | INFO | Message 9711b196-52dd-4275-9080-7694c706ee02 marked as read by executor2
2026-08-10 03:40:06 | team | sess_9e46adf3f9a7 | INFO | [executor2] processing 1 unread messages (steer=True)
2026-08-10 03:40:06 | team | sess_9e46adf3f9a7 | INFO | Message 942ab393-0966-4c9f-bc9a-de9d3f885c71 marked as read by executor2
2026-08-10 03:40:20 | team | sess_9e46adf3f9a7 | INFO | Message ba3893fd-200e-46b8-bc57-dbe0489d0515 created
2026-08-10 03:40:20 | team | sess_9e46adf3f9a7 | INFO | Message cbb4307c-4af8-4baa-b63d-2c7dcdb2a763 created
2026-08-10 03:40:26 | team | sess_9e46adf3f9a7 | INFO | Message 1822114e-d7b5-4feb-9585-6fffe0121448 created
2026-08-10 03:40:58 | team | sess_9e46adf3f9a7 | INFO | [executor2] processing 1 unread messages (steer=True)
2026-08-10 03:40:58 | team | sess_9e46adf3f9a7 | INFO | Message 4352c821-02aa-4e35-a34d-bb2d4b14214d marked as read by executor2
2026-08-10 03:41:18 | team | sess_9e46adf3f9a7 | INFO | [executor2] processing 1 unread messages (steer=True)
2026-08-10 03:41:18 | team | sess_9e46adf3f9a7 | INFO | Message 5332ffdf-388b-43a0-bf03-6ac9880ec30f marked as read by executor2
2026-08-10 03:41:19 | team | sess_9e46adf3f9a7 | INFO | Message 71f7e4b1-cc2e-4fd5-a44a-c553fef21a6d created
2026-08-10 03:41:32 | team | sess_9e46adf3f9a7 | INFO | [executor2] processing 1 unread messages (steer=True)
2026-08-10 03:41:32 | team | sess_9e46adf3f9a7 | INFO | Message 499c76c4-26e2-4f16-afe0-505c031631fb marked as read by executor2
2026-08-10 03:41:36 | team | sess_9e46adf3f9a7 | INFO | Message 92010dd2-d39c-4411-9378-9156ce4f0ade created
2026-08-10 03:41:36 | team | sess_9e46adf3f9a7 | INFO | Message 65b5efa5-eeb9-476e-a057-89f3f332312e created
2026-08-10 03:41:36 | team | sess_9e46adf3f9a7 | INFO | Message 40dbd888-c9e6-4f80-9b54-8481d0e502d4 created
2026-08-10 03:41:41 | team | sess_9e46adf3f9a7 | INFO | Message ce38bd51-cc2f-4a64-8e1c-f0a8c88a44bd created
2026-08-10 03:41:54 | team | sess_9e46adf3f9a7 | INFO | [executor2] processing 1 unread messages (steer=True)
2026-08-10 03:41:54 | team | sess_9e46adf3f9a7 | INFO | Message 0cddc312-365d-4f06-93c3-6b102c95f5b3 marked as read by executor2
2026-08-10 03:48:39 | team | sess_9e46adf3f9a7 | INFO | task list drained for team jiuwen_team_sess_9e46adf3f9a7: 5 terminal task(s)
2026-08-10 03:49:06 | team | sess_9e46adf3f9a7 | INFO | [executor2] processing 1 unread messages (steer=True)
2026-08-10 03:49:06 | team | sess_9e46adf3f9a7 | INFO | Message b279dff2-6fd0-415e-93bc-373c1fb2be67 marked as read by executor2
2026-08-10 03:50:00 | team | sess_9e46adf3f9a7 | INFO | team jiuwen_team_sess_9e46adf3f9a7 reported completed: 9 members, 5 tasks
2026-08-10 03:50:00 | team | sess_9e46adf3f9a7 | INFO | [executor2] received TEAM_STANDBY, pausing polls
2026-08-10 03:50:00 | team | sess_9e46adf3f9a7 | INFO | EventBus[teammate] pausing polls
