2026-08-10 03:32:30 | team | sess_9e46adf3f9a7 | INFO | Team workspace directory ensured at /srv/jwteam_clone/shared/run_current
2026-08-10 03:32:30 | team | sess_9e46adf3f9a7 | INFO | AgentTeam manager initialized for jiuwen_team_sess_9e46adf3f9a7, member=team_leader
2026-08-10 03:32:30 | team | sess_9e46adf3f9a7 | INFO | [team_leader] TeamPolicyRail static sections: section_names=['team_role', 'team_workflow', 'team_swarmflow', 'team_lifecycle', 'team_persona']
2026-08-10 03:32:30 | team | sess_9e46adf3f9a7 | INFO | Session tables ready for session sess_9e46adf3f9a7
2026-08-10 03:32:30 | team | sess_9e46adf3f9a7 | INFO | Team database initialized
2026-08-10 03:32:30 | team | default_trace_id | INFO | Team workspace directory ensured at /srv/jwteam_clone/shared/run_current
2026-08-10 03:32:30 | team | default_trace_id | INFO | AgentTeam manager initialized for jiuwen_team_sess_9e46adf3f9a7, member=verifier1
2026-08-10 03:32:30 | team | default_trace_id | INFO | [verifier1] TeamPolicyRail static sections: section_names=['team_role', 'team_persona']
2026-08-10 03:32:30 | team | sess_9e46adf3f9a7 | INFO | [verifier1] invoke start, role=teammate
2026-08-10 03:32:30 | team | sess_9e46adf3f9a7 | INFO | [verifier1] coordination starting
2026-08-10 03:32:30 | team | sess_9e46adf3f9a7 | INFO | Session tables ready for session sess_9e46adf3f9a7
2026-08-10 03:32:30 | team | sess_9e46adf3f9a7 | INFO | Workspace /srv/jwteam_clone/shared/run_current initialized as plain shared directory (version_control disabled)
2026-08-10 03:32:30 | team | sess_9e46adf3f9a7 | INFO | EventBus[teammate] starting
2026-08-10 03:32:52 | team | sess_9e46adf3f9a7 | INFO | [verifier1] HITT section refresh: human_agent_names=[]
2026-08-10 03:33:02 | team | sess_9e46adf3f9a7 | INFO | [verifier1] processing 1 unread messages (steer=True)
2026-08-10 03:33:02 | team | sess_9e46adf3f9a7 | INFO | Message b764f5ef-fc81-4ba2-9116-222ec80383e2 marked as read by verifier1
2026-08-10 03:33:38 | team | sess_9e46adf3f9a7 | INFO | Message 17297fce-7f0e-4ee7-a3b3-8e9668e83eaf created
2026-08-10 03:37:57 | team | sess_9e46adf3f9a7 | INFO | [verifier1] processing 1 unread messages (steer=True)
2026-08-10 03:37:57 | team | sess_9e46adf3f9a7 | INFO | Message 1a336e20-0f48-482b-849c-34291f479b9f marked as read by verifier1
2026-08-10 03:38:07 | team | sess_9e46adf3f9a7 | INFO | Message c95a9696-e73e-41b3-ae58-92ab4cd61a8c created
2026-08-10 03:38:31 | team | sess_9e46adf3f9a7 | INFO | [verifier1] processing 1 unread messages (steer=True)
2026-08-10 03:38:31 | team | sess_9e46adf3f9a7 | INFO | Message 00bf2710-4de9-4adc-b1e0-6dde9f78d574 marked as read by verifier1
2026-08-10 03:38:39 | team | sess_9e46adf3f9a7 | INFO | Message 869c98b2-2f4e-49de-8625-554098fc1dbf created
2026-08-10 03:41:32 | team | sess_9e46adf3f9a7 | INFO | [verifier1] processing 1 unread messages (steer=True)
2026-08-10 03:41:33 | team | sess_9e46adf3f9a7 | INFO | Message 9dc4e692-1de7-4687-bc91-7e2ea169ae8c marked as read by verifier1
2026-08-10 03:41:36 | team | sess_9e46adf3f9a7 | INFO | [verifier1] processing 1 unread messages (steer=True)
2026-08-10 03:41:36 | team | sess_9e46adf3f9a7 | INFO | Message 65b5efa5-eeb9-476e-a057-89f3f332312e marked as read by verifier1
2026-08-10 03:41:37 | team | sess_9e46adf3f9a7 | INFO | Task verify-compliance claimed by member verifier1
2026-08-10 03:41:37 | team | sess_9e46adf3f9a7 | INFO | Task verify-compliance claimed by member verifier1
2026-08-10 03:41:54 | team | sess_9e46adf3f9a7 | INFO | [verifier1] processing 1 unread messages (steer=True)
2026-08-10 03:41:54 | team | sess_9e46adf3f9a7 | INFO | Message 19d6dd46-a999-4c8d-98d9-5b672ad1e63e marked as read by verifier1
2026-08-10 03:41:58 | team | sess_9e46adf3f9a7 | INFO | [verifier1] processing 1 unread messages (steer=True)
2026-08-10 03:41:58 | team | sess_9e46adf3f9a7 | INFO | Message ceb488fb-2669-4bfa-885b-d70fbed7b805 marked as read by verifier1
2026-08-10 03:42:07 | team | sess_9e46adf3f9a7 | INFO | [verifier1] processing 1 unread messages (steer=True)
2026-08-10 03:42:07 | team | sess_9e46adf3f9a7 | INFO | Message 09ce7d88-ea3b-4175-8ecb-bf217070d188 marked as read by verifier1
2026-08-10 03:42:20 | team | sess_9e46adf3f9a7 | INFO | Message 5b05dcb7-0094-4057-bd78-85a962a0fd7d created
2026-08-10 03:42:20 | team | sess_9e46adf3f9a7 | INFO | Message 7b1c4c33-bc13-4c37-b270-b22d8d3eaca5 created
2026-08-10 03:42:30 | team | sess_9e46adf3f9a7 | INFO | [verifier1] processing 1 unread messages (steer=True)
2026-08-10 03:42:30 | team | sess_9e46adf3f9a7 | INFO | Message d86dc662-89da-469a-988a-7ec5084ab3c0 marked as read by verifier1
2026-08-10 03:42:40 | team | sess_9e46adf3f9a7 | INFO | [verifier1] processing 1 unread messages (steer=True)
2026-08-10 03:42:40 | team | sess_9e46adf3f9a7 | INFO | Message c6f318c4-df40-4254-ba4d-318c79c06a54 marked as read by verifier1
2026-08-10 03:42:41 | team | sess_9e46adf3f9a7 | INFO | Message a727456e-c656-417b-a07d-fb4b935a2d37 created
2026-08-10 03:42:53 | team | sess_9e46adf3f9a7 | INFO | [verifier1] processing 1 unread messages (steer=True)
2026-08-10 03:42:53 | team | sess_9e46adf3f9a7 | INFO | Message 1806479e-6386-4dd0-9355-40cef0cd178e marked as read by verifier1
2026-08-10 03:43:28 | team | sess_9e46adf3f9a7 | INFO | Message f1bda4fc-d375-4a93-a0ea-aa339289e9b0 created
2026-08-10 03:43:42 | team | sess_9e46adf3f9a7 | INFO | [verifier1] processing 1 unread messages (steer=True)
2026-08-10 03:43:42 | team | sess_9e46adf3f9a7 | INFO | Message 760ae378-6c60-46a7-a31c-519eaacc36ac marked as read by verifier1
2026-08-10 03:45:17 | team | sess_9e46adf3f9a7 | INFO | Message 669236fa-ad79-472e-ba03-d18aa7fdd623 created
2026-08-10 03:45:40 | team | sess_9e46adf3f9a7 | INFO | [verifier1] processing 1 unread messages (steer=True)
2026-08-10 03:45:40 | team | sess_9e46adf3f9a7 | INFO | Message 21c4e0e7-bf77-4029-9da3-c05bbef9227b marked as read by verifier1
2026-08-10 03:46:41 | team | sess_9e46adf3f9a7 | INFO | Message 7113f936-f6e7-4354-b09a-b700ee4e3749 created
2026-08-10 03:46:45 | team | sess_9e46adf3f9a7 | INFO | Task verify-compliance completed at 1786330005087
2026-08-10 03:46:45 | team | sess_9e46adf3f9a7 | INFO | Task verify-compliance completed
2026-08-10 03:46:56 | team | sess_9e46adf3f9a7 | INFO | Message 048e7db6-a8d9-473f-85a5-9df611ed924e created
2026-08-10 03:47:05 | team | sess_9e46adf3f9a7 | INFO | [verifier1] processing 1 unread messages (steer=True)
2026-08-10 03:47:05 | team | sess_9e46adf3f9a7 | INFO | Message 83d4cfc9-4792-441e-857b-070333b813b4 marked as read by verifier1
2026-08-10 03:48:39 | team | sess_9e46adf3f9a7 | INFO | task list drained for team jiuwen_team_sess_9e46adf3f9a7: 5 terminal task(s)
2026-08-10 03:48:56 | team | sess_9e46adf3f9a7 | INFO | [verifier1] processing 1 unread messages (steer=True)
2026-08-10 03:48:56 | team | sess_9e46adf3f9a7 | INFO | Message 4200651d-3981-47cb-8e41-55f1af9e706b marked as read by verifier1
2026-08-10 03:49:06 | team | sess_9e46adf3f9a7 | INFO | [verifier1] processing 1 unread messages (steer=True)
2026-08-10 03:49:06 | team | sess_9e46adf3f9a7 | INFO | Message b279dff2-6fd0-415e-93bc-373c1fb2be67 marked as read by verifier1
2026-08-10 03:50:00 | team | sess_9e46adf3f9a7 | INFO | team jiuwen_team_sess_9e46adf3f9a7 reported completed: 9 members, 5 tasks
2026-08-10 03:50:00 | team | sess_9e46adf3f9a7 | INFO | [verifier1] received TEAM_STANDBY, pausing polls
2026-08-10 03:50:00 | team | sess_9e46adf3f9a7 | INFO | EventBus[teammate] pausing polls
