2026-08-09 23:48:23 | team | sess_6559c69c7ca8 | INFO | Team workspace directory ensured at /srv/jwteam_clone/shared/run_current
2026-08-09 23:48:23 | team | sess_6559c69c7ca8 | INFO | AgentTeam manager initialized for jiuwen_team_sess_6559c69c7ca8, member=team_leader
2026-08-09 23:48:23 | team | sess_6559c69c7ca8 | INFO | [team_leader] TeamPolicyRail static sections: section_names=['team_role', 'team_workflow', 'team_swarmflow', 'team_lifecycle', 'team_persona']
2026-08-09 23:48:24 | team | sess_6559c69c7ca8 | INFO | Session tables ready for session sess_6559c69c7ca8
2026-08-09 23:48:24 | team | sess_6559c69c7ca8 | INFO | Team database initialized
2026-08-09 23:48:24 | team | default_trace_id | INFO | Team workspace directory ensured at /srv/jwteam_clone/shared/run_current
2026-08-09 23:48:24 | team | default_trace_id | INFO | AgentTeam manager initialized for jiuwen_team_sess_6559c69c7ca8, member=planner1
2026-08-09 23:48:24 | team | default_trace_id | INFO | [planner1] TeamPolicyRail static sections: section_names=['team_role', 'team_persona']
2026-08-09 23:48:24 | team | sess_6559c69c7ca8 | INFO | [planner1] invoke start, role=teammate
2026-08-09 23:48:24 | team | sess_6559c69c7ca8 | INFO | [planner1] coordination starting
2026-08-09 23:48:24 | team | sess_6559c69c7ca8 | INFO | Session tables ready for session sess_6559c69c7ca8
2026-08-09 23:48:24 | team | sess_6559c69c7ca8 | INFO | Workspace /srv/jwteam_clone/shared/run_current initialized as plain shared directory (version_control disabled)
2026-08-09 23:48:24 | team | sess_6559c69c7ca8 | INFO | EventBus[teammate] starting
2026-08-09 23:49:16 | team | sess_6559c69c7ca8 | INFO | [planner1] HITT section refresh: human_agent_names=[]
2026-08-09 23:49:27 | team | sess_6559c69c7ca8 | INFO | [planner1] processing 1 unread messages (steer=True)
2026-08-09 23:49:27 | team | sess_6559c69c7ca8 | INFO | Message f67fbdf0-320c-477a-9d08-f27508dd1288 marked as read by planner1
2026-08-09 23:49:33 | team | sess_6559c69c7ca8 | INFO | [planner1] processing 1 unread messages (steer=True)
2026-08-09 23:49:33 | team | sess_6559c69c7ca8 | INFO | Message 5bdfeca7-9822-44ce-a8e6-c638fd539192 marked as read by planner1
2026-08-09 23:49:37 | team | sess_6559c69c7ca8 | INFO | [planner1] processing 1 unread messages (steer=True)
2026-08-09 23:49:37 | team | sess_6559c69c7ca8 | INFO | Message 238d3d44-6c85-431a-aaec-88c7ab8dc45c marked as read by planner1
2026-08-09 23:49:40 | team | sess_6559c69c7ca8 | INFO | Message 8a3203bd-fa11-4171-aacf-4f88fa4494df created
2026-08-09 23:49:42 | team | sess_6559c69c7ca8 | INFO | [planner1] processing 1 unread messages (steer=True)
2026-08-09 23:49:42 | team | sess_6559c69c7ca8 | INFO | Message de03013c-512a-47ba-b25f-66675ac224a2 marked as read by planner1
2026-08-09 23:49:52 | team | sess_6559c69c7ca8 | INFO | [planner1] processing 1 unread messages (steer=True)
2026-08-09 23:49:52 | team | sess_6559c69c7ca8 | INFO | Message f9fba1fd-0144-497f-9105-77480d0409a5 marked as read by planner1
2026-08-09 23:50:10 | team | sess_6559c69c7ca8 | INFO | Message da341ca5-f219-4671-8ccc-98d156fc94f1 created
2026-08-09 23:50:38 | team | sess_6559c69c7ca8 | INFO | [planner1] processing 1 unread messages (steer=True)
2026-08-09 23:50:38 | team | sess_6559c69c7ca8 | INFO | Message 22f359b9-a2f8-4a55-b5d3-650cb40f8e59 marked as read by planner1
2026-08-09 23:50:39 | team | sess_6559c69c7ca8 | INFO | Message 5f024e36-9468-4ca9-8662-5f1e1733088b created
2026-08-09 23:50:39 | team | sess_6559c69c7ca8 | INFO | Message 525e81c0-6036-4a61-a27b-f410e8dbac5a created
2026-08-09 23:50:57 | team | sess_6559c69c7ca8 | INFO | Message 10de1035-e94f-4970-8bbd-0d4e7279ec03 created
2026-08-09 23:53:59 | team | sess_6559c69c7ca8 | INFO | task list drained for team jiuwen_team_sess_6559c69c7ca8: 4 terminal task(s)
2026-08-09 23:54:12 | team | sess_6559c69c7ca8 | INFO | [planner1] processing 1 unread messages (steer=True)
2026-08-09 23:54:13 | team | sess_6559c69c7ca8 | INFO | Message 62aff529-3b53-40ee-95c8-e01954aa5dd3 marked as read by planner1
2026-08-09 23:54:43 | team | sess_6559c69c7ca8 | INFO | team jiuwen_team_sess_6559c69c7ca8 reported completed: 9 members, 4 tasks
2026-08-09 23:54:43 | team | sess_6559c69c7ca8 | INFO | [planner1] received TEAM_STANDBY, pausing polls
2026-08-09 23:54:43 | team | sess_6559c69c7ca8 | INFO | EventBus[teammate] pausing polls
