2026-08-09 23:48:24 | team | sess_6559c69c7ca8 | INFO | Team workspace directory ensured at /srv/jwteam_clone/shared/run_current
2026-08-09 23:48:24 | team | sess_6559c69c7ca8 | INFO | AgentTeam manager initialized for jiuwen_team_sess_6559c69c7ca8, member=team_leader
2026-08-09 23:48:24 | team | sess_6559c69c7ca8 | INFO | [team_leader] TeamPolicyRail static sections: section_names=['team_role', 'team_workflow', 'team_swarmflow', 'team_lifecycle', 'team_persona']
2026-08-09 23:48:24 | team | sess_6559c69c7ca8 | INFO | Session tables ready for session sess_6559c69c7ca8
2026-08-09 23:48:24 | team | sess_6559c69c7ca8 | INFO | Team database initialized
2026-08-09 23:48:24 | team | default_trace_id | INFO | Team workspace directory ensured at /srv/jwteam_clone/shared/run_current
2026-08-09 23:48:24 | team | default_trace_id | INFO | AgentTeam manager initialized for jiuwen_team_sess_6559c69c7ca8, member=planner2
2026-08-09 23:48:24 | team | default_trace_id | INFO | [planner2] TeamPolicyRail static sections: section_names=['team_role', 'team_persona']
2026-08-09 23:48:24 | team | sess_6559c69c7ca8 | INFO | [planner2] invoke start, role=teammate
2026-08-09 23:48:24 | team | sess_6559c69c7ca8 | INFO | [planner2] coordination starting
2026-08-09 23:48:24 | team | sess_6559c69c7ca8 | INFO | Session tables ready for session sess_6559c69c7ca8
2026-08-09 23:48:24 | team | sess_6559c69c7ca8 | INFO | Workspace /srv/jwteam_clone/shared/run_current initialized as plain shared directory (version_control disabled)
2026-08-09 23:48:24 | team | sess_6559c69c7ca8 | INFO | EventBus[teammate] starting
2026-08-09 23:49:16 | team | sess_6559c69c7ca8 | INFO | [planner2] HITT section refresh: human_agent_names=[]
2026-08-09 23:49:27 | team | sess_6559c69c7ca8 | INFO | [planner2] processing 1 unread messages (steer=True)
2026-08-09 23:49:27 | team | sess_6559c69c7ca8 | INFO | Message f67fbdf0-320c-477a-9d08-f27508dd1288 marked as read by planner2
2026-08-09 23:49:27 | team | sess_6559c69c7ca8 | INFO | Task plan claimed by member planner2
2026-08-09 23:49:27 | team | sess_6559c69c7ca8 | INFO | Task plan claimed by member planner2
2026-08-09 23:49:33 | team | sess_6559c69c7ca8 | INFO | [planner2] processing 1 unread messages (steer=True)
2026-08-09 23:49:33 | team | sess_6559c69c7ca8 | INFO | Message 6ad53be2-9b8c-4ef0-b6a5-b4bfcf0a4746 marked as read by planner2
2026-08-09 23:49:37 | team | sess_6559c69c7ca8 | INFO | [planner2] processing 1 unread messages (steer=True)
2026-08-09 23:49:37 | team | sess_6559c69c7ca8 | INFO | Message 57af3bd7-4165-4b0d-9442-c832e3735926 marked as read by planner2
2026-08-09 23:49:40 | team | sess_6559c69c7ca8 | INFO | [planner2] processing 1 unread messages (steer=True)
2026-08-09 23:49:40 | team | sess_6559c69c7ca8 | INFO | Message 8a3203bd-fa11-4171-aacf-4f88fa4494df marked as read by planner2
2026-08-09 23:49:52 | team | sess_6559c69c7ca8 | INFO | Message f9fba1fd-0144-497f-9105-77480d0409a5 created
2026-08-09 23:50:00 | team | sess_6559c69c7ca8 | INFO | [planner2] processing 1 unread messages (steer=True)
2026-08-09 23:50:00 | team | sess_6559c69c7ca8 | INFO | Message b66259da-969a-43c5-8fe2-b56b36ef655b marked as read by planner2
2026-08-09 23:50:10 | team | sess_6559c69c7ca8 | INFO | [planner2] processing 1 unread messages (steer=True)
2026-08-09 23:50:10 | team | sess_6559c69c7ca8 | INFO | Message da341ca5-f219-4671-8ccc-98d156fc94f1 marked as read by planner2
2026-08-09 23:50:27 | team | sess_6559c69c7ca8 | INFO | Message b777e68d-df26-4c68-b3aa-0311c076bc11 created
2026-08-09 23:50:27 | team | sess_6559c69c7ca8 | INFO | Message 35bdc2bc-0518-4642-9f49-f0f12d86853f created
2026-08-09 23:50:38 | team | sess_6559c69c7ca8 | INFO | Message 82da6fb6-5716-4ac9-908b-000f733422d6 created
2026-08-09 23:50:38 | team | sess_6559c69c7ca8 | INFO | Message 22f359b9-a2f8-4a55-b5d3-650cb40f8e59 created
2026-08-09 23:50:41 | team | sess_6559c69c7ca8 | INFO | [planner2] processing 1 unread messages (steer=True)
2026-08-09 23:50:41 | team | sess_6559c69c7ca8 | INFO | Message d53ea34a-8d81-4eb3-9692-6f64c97fb3be marked as read by planner2
2026-08-09 23:50:41 | team | sess_6559c69c7ca8 | INFO | Task plan completed at 1786315841375
2026-08-09 23:50:41 | team | sess_6559c69c7ca8 | INFO | Resolved 2 dependencies for task plan
2026-08-09 23:50:41 | team | sess_6559c69c7ca8 | INFO | Task implement-zone-a unblocked (all deps resolved)
2026-08-09 23:50:41 | team | sess_6559c69c7ca8 | INFO | Task implement-zone-b unblocked (all deps resolved)
2026-08-09 23:50:41 | team | sess_6559c69c7ca8 | INFO | Task plan completed
2026-08-09 23:50:41 | team | sess_6559c69c7ca8 | INFO | Unblocked 2 tasks
2026-08-09 23:50:47 | team | sess_6559c69c7ca8 | INFO | Message 6410f275-d5f8-46f3-b012-a96c524a9067 created
2026-08-09 23:53:59 | team | sess_6559c69c7ca8 | INFO | task list drained for team jiuwen_team_sess_6559c69c7ca8: 4 terminal task(s)
2026-08-09 23:54:12 | team | sess_6559c69c7ca8 | INFO | [planner2] processing 1 unread messages (steer=True)
2026-08-09 23:54:13 | team | sess_6559c69c7ca8 | INFO | Message 62aff529-3b53-40ee-95c8-e01954aa5dd3 marked as read by planner2
2026-08-09 23:54:43 | team | sess_6559c69c7ca8 | INFO | team jiuwen_team_sess_6559c69c7ca8 reported completed: 9 members, 4 tasks
2026-08-09 23:54:43 | team | sess_6559c69c7ca8 | INFO | [planner2] received TEAM_STANDBY, pausing polls
2026-08-09 23:54:43 | team | sess_6559c69c7ca8 | INFO | EventBus[teammate] pausing polls
