2026-08-09 23:48:29 | team | sess_6559c69c7ca8 | INFO | Team workspace directory ensured at /srv/jwteam_clone/shared/run_current
2026-08-09 23:48:29 | team | sess_6559c69c7ca8 | INFO | AgentTeam manager initialized for jiuwen_team_sess_6559c69c7ca8, member=team_leader
2026-08-09 23:48:29 | team | sess_6559c69c7ca8 | INFO | [team_leader] TeamPolicyRail static sections: section_names=['team_role', 'team_workflow', 'team_swarmflow', 'team_lifecycle', 'team_persona']
2026-08-09 23:48:29 | team | sess_6559c69c7ca8 | INFO | Session tables ready for session sess_6559c69c7ca8
2026-08-09 23:48:29 | team | sess_6559c69c7ca8 | INFO | Team database initialized
2026-08-09 23:48:29 | team | default_trace_id | INFO | Team workspace directory ensured at /srv/jwteam_clone/shared/run_current
2026-08-09 23:48:29 | team | default_trace_id | INFO | AgentTeam manager initialized for jiuwen_team_sess_6559c69c7ca8, member=fullstack1
2026-08-09 23:48:29 | team | default_trace_id | INFO | [fullstack1] TeamPolicyRail static sections: section_names=['team_role', 'team_persona']
2026-08-09 23:48:29 | team | sess_6559c69c7ca8 | INFO | [fullstack1] invoke start, role=teammate
2026-08-09 23:48:29 | team | sess_6559c69c7ca8 | INFO | [fullstack1] coordination starting
2026-08-09 23:48:29 | team | sess_6559c69c7ca8 | INFO | Session tables ready for session sess_6559c69c7ca8
2026-08-09 23:48:29 | team | sess_6559c69c7ca8 | INFO | Workspace /srv/jwteam_clone/shared/run_current initialized as plain shared directory (version_control disabled)
2026-08-09 23:48:29 | team | sess_6559c69c7ca8 | INFO | EventBus[teammate] starting
2026-08-09 23:49:16 | team | sess_6559c69c7ca8 | INFO | [fullstack1] HITT section refresh: human_agent_names=[]
2026-08-09 23:49:27 | team | sess_6559c69c7ca8 | INFO | [fullstack1] processing 1 unread messages (steer=True)
2026-08-09 23:49:27 | team | sess_6559c69c7ca8 | INFO | Message f67fbdf0-320c-477a-9d08-f27508dd1288 marked as read by fullstack1
2026-08-09 23:50:00 | team | sess_6559c69c7ca8 | INFO | Message b66259da-969a-43c5-8fe2-b56b36ef655b created
2026-08-09 23:50:38 | team | sess_6559c69c7ca8 | INFO | [fullstack1] processing 1 unread messages (steer=True)
2026-08-09 23:50:38 | team | sess_6559c69c7ca8 | INFO | Message 82da6fb6-5716-4ac9-908b-000f733422d6 marked as read by fullstack1
2026-08-09 23:50:53 | team | sess_6559c69c7ca8 | INFO | Task implement-zone-b claimed by member fullstack1
2026-08-09 23:50:53 | team | sess_6559c69c7ca8 | INFO | Task implement-zone-b claimed by member fullstack1
2026-08-09 23:51:10 | team | sess_6559c69c7ca8 | INFO | [fullstack1] processing 1 unread messages (steer=True)
2026-08-09 23:51:10 | team | sess_6559c69c7ca8 | INFO | Message cb6f5078-1929-4811-a7a2-da594718aec0 marked as read by fullstack1
2026-08-09 23:51:11 | team | sess_6559c69c7ca8 | INFO | Message f6769a41-9de6-4619-93b3-03f3b18259c0 created
2026-08-09 23:51:18 | team | sess_6559c69c7ca8 | INFO | Task implement-zone-b completed at 1786315878295
2026-08-09 23:51:18 | team | sess_6559c69c7ca8 | INFO | Message 1872ad29-8534-4820-afeb-8407c0702f71 created
2026-08-09 23:51:18 | team | sess_6559c69c7ca8 | INFO | Resolved 1 dependencies for task implement-zone-b
2026-08-09 23:51:18 | team | sess_6559c69c7ca8 | INFO | Task implement-zone-b completed
2026-08-09 23:51:23 | team | sess_6559c69c7ca8 | INFO | [fullstack1] processing 1 unread messages (steer=True)
2026-08-09 23:51:23 | team | sess_6559c69c7ca8 | INFO | Message 3e46833f-1e56-4d8a-82ce-8ab93da0c8ff marked as read by fullstack1
2026-08-09 23:51:26 | team | sess_6559c69c7ca8 | INFO | [fullstack1] processing 1 unread messages (steer=True)
2026-08-09 23:51:26 | team | sess_6559c69c7ca8 | INFO | Message 433e9848-c033-485f-b179-aee87058eb81 marked as read by fullstack1
2026-08-09 23:51:29 | team | sess_6559c69c7ca8 | INFO | Message 20862011-29db-4524-b1f0-40b9ea3b9bfd created
2026-08-09 23:51:57 | team | sess_6559c69c7ca8 | INFO | [fullstack1] processing 1 unread messages (steer=True)
2026-08-09 23:51:57 | team | sess_6559c69c7ca8 | INFO | Message a0d250a0-d513-4957-a784-87277ec2a6a1 marked as read by fullstack1
2026-08-09 23:52:37 | team | sess_6559c69c7ca8 | INFO | Message 31a0b502-5821-490e-a032-fd82a55365bb created
2026-08-09 23:52:56 | team | sess_6559c69c7ca8 | INFO | Message 1e41dca5-80e7-4caa-9037-d12a318e5e72 created
2026-08-09 23:53:59 | team | sess_6559c69c7ca8 | INFO | task list drained for team jiuwen_team_sess_6559c69c7ca8: 4 terminal task(s)
2026-08-09 23:54:12 | team | sess_6559c69c7ca8 | INFO | [fullstack1] processing 1 unread messages (steer=True)
2026-08-09 23:54:13 | team | sess_6559c69c7ca8 | INFO | Message 62aff529-3b53-40ee-95c8-e01954aa5dd3 marked as read by fullstack1
2026-08-09 23:54:43 | team | sess_6559c69c7ca8 | INFO | team jiuwen_team_sess_6559c69c7ca8 reported completed: 9 members, 4 tasks
2026-08-09 23:54:43 | team | sess_6559c69c7ca8 | INFO | [fullstack1] received TEAM_STANDBY, pausing polls
2026-08-09 23:54:43 | team | sess_6559c69c7ca8 | INFO | EventBus[teammate] pausing polls
