2026-08-09 23:48:27 | team | sess_6559c69c7ca8 | INFO | Team workspace directory ensured at /srv/jwteam_clone/shared/run_current
2026-08-09 23:48:27 | team | sess_6559c69c7ca8 | INFO | AgentTeam manager initialized for jiuwen_team_sess_6559c69c7ca8, member=team_leader
2026-08-09 23:48:27 | team | sess_6559c69c7ca8 | INFO | [team_leader] TeamPolicyRail static sections: section_names=['team_role', 'team_workflow', 'team_swarmflow', 'team_lifecycle', 'team_persona']
2026-08-09 23:48:28 | team | sess_6559c69c7ca8 | INFO | Session tables ready for session sess_6559c69c7ca8
2026-08-09 23:48:28 | team | sess_6559c69c7ca8 | INFO | Team database initialized
2026-08-09 23:48:28 | team | default_trace_id | INFO | Team workspace directory ensured at /srv/jwteam_clone/shared/run_current
2026-08-09 23:48:28 | team | default_trace_id | INFO | AgentTeam manager initialized for jiuwen_team_sess_6559c69c7ca8, member=verifier1
2026-08-09 23:48:28 | team | default_trace_id | INFO | [verifier1] TeamPolicyRail static sections: section_names=['team_role', 'team_persona']
2026-08-09 23:48:28 | team | sess_6559c69c7ca8 | INFO | [verifier1] invoke start, role=teammate
2026-08-09 23:48:28 | team | sess_6559c69c7ca8 | INFO | [verifier1] coordination starting
2026-08-09 23:48:28 | team | sess_6559c69c7ca8 | INFO | Session tables ready for session sess_6559c69c7ca8
2026-08-09 23:48:28 | team | sess_6559c69c7ca8 | INFO | Workspace /srv/jwteam_clone/shared/run_current initialized as plain shared directory (version_control disabled)
2026-08-09 23:48:28 | team | sess_6559c69c7ca8 | INFO | EventBus[teammate] starting
2026-08-09 23:49:16 | team | sess_6559c69c7ca8 | INFO | [verifier1] HITT section refresh: human_agent_names=[]
2026-08-09 23:49:27 | team | sess_6559c69c7ca8 | INFO | [verifier1] processing 1 unread messages (steer=True)
2026-08-09 23:49:27 | team | sess_6559c69c7ca8 | INFO | Message f67fbdf0-320c-477a-9d08-f27508dd1288 marked as read by verifier1
2026-08-09 23:51:18 | team | sess_6559c69c7ca8 | INFO | [verifier1] processing 1 unread messages (steer=True)
2026-08-09 23:51:18 | team | sess_6559c69c7ca8 | INFO | Message 1872ad29-8534-4820-afeb-8407c0702f71 marked as read by verifier1
2026-08-09 23:51:23 | team | sess_6559c69c7ca8 | INFO | Message 3e46833f-1e56-4d8a-82ce-8ab93da0c8ff created
2026-08-09 23:53:15 | team | sess_6559c69c7ca8 | INFO | Task verify claimed by member verifier1
2026-08-09 23:53:15 | team | sess_6559c69c7ca8 | INFO | Task verify claimed by member verifier1
2026-08-09 23:53:18 | team | sess_6559c69c7ca8 | INFO | [verifier1] processing 1 unread messages (steer=True)
2026-08-09 23:53:18 | team | sess_6559c69c7ca8 | INFO | Message 1ad3de78-4707-420d-bedb-3a9ca21cb00e marked as read by verifier1
2026-08-09 23:53:28 | team | sess_6559c69c7ca8 | INFO | [verifier1] processing 1 unread messages (steer=True)
2026-08-09 23:53:28 | team | sess_6559c69c7ca8 | INFO | Message f6673144-486b-4838-964c-e1d63f18dfba marked as read by verifier1
2026-08-09 23:53:59 | team | sess_6559c69c7ca8 | INFO | Task verify completed at 1786316039569
2026-08-09 23:53:59 | team | sess_6559c69c7ca8 | INFO | Message e3d9dc02-6f19-486a-affc-480290cad7e8 created
2026-08-09 23:53:59 | team | sess_6559c69c7ca8 | INFO | Task verify completed
2026-08-09 23:53:59 | team | sess_6559c69c7ca8 | INFO | Message a4255e2b-83a9-4243-98e4-d09e2261f25d created
2026-08-09 23:53:59 | team | sess_6559c69c7ca8 | INFO | Message 03cb08e4-b45f-4bf8-8bdf-ae3de9ed3841 created
2026-08-09 23:54:06 | team | sess_6559c69c7ca8 | INFO | [verifier1] processing 1 unread messages (steer=True)
2026-08-09 23:54:06 | team | sess_6559c69c7ca8 | INFO | Message bb8534ec-9b16-4545-b4c4-2231d31801a9 marked as read by verifier1
2026-08-09 23:54:12 | team | sess_6559c69c7ca8 | INFO | [verifier1] processing 1 unread messages (steer=True)
2026-08-09 23:54:13 | team | sess_6559c69c7ca8 | INFO | Message 62aff529-3b53-40ee-95c8-e01954aa5dd3 marked as read by verifier1
2026-08-09 23:54:43 | team | sess_6559c69c7ca8 | INFO | team jiuwen_team_sess_6559c69c7ca8 reported completed: 9 members, 4 tasks
2026-08-09 23:54:43 | team | sess_6559c69c7ca8 | INFO | [verifier1] received TEAM_STANDBY, pausing polls
2026-08-09 23:54:43 | team | sess_6559c69c7ca8 | INFO | EventBus[teammate] pausing polls
