2026-08-09 23:48:26 | team | sess_6559c69c7ca8 | INFO | Team workspace directory ensured at /srv/jwteam_clone/shared/run_current
2026-08-09 23:48:26 | team | sess_6559c69c7ca8 | INFO | AgentTeam manager initialized for jiuwen_team_sess_6559c69c7ca8, member=team_leader
2026-08-09 23:48:26 | team | sess_6559c69c7ca8 | INFO | [team_leader] TeamPolicyRail static sections: section_names=['team_role', 'team_workflow', 'team_swarmflow', 'team_lifecycle', 'team_persona']
2026-08-09 23:48:27 | team | sess_6559c69c7ca8 | INFO | Session tables ready for session sess_6559c69c7ca8
2026-08-09 23:48:27 | team | sess_6559c69c7ca8 | INFO | Team database initialized
2026-08-09 23:48:27 | team | default_trace_id | INFO | Team workspace directory ensured at /srv/jwteam_clone/shared/run_current
2026-08-09 23:48:27 | team | default_trace_id | INFO | AgentTeam manager initialized for jiuwen_team_sess_6559c69c7ca8, member=executor3
2026-08-09 23:48:27 | team | default_trace_id | INFO | [executor3] TeamPolicyRail static sections: section_names=['team_role', 'team_persona']
2026-08-09 23:48:27 | team | sess_6559c69c7ca8 | INFO | [executor3] invoke start, role=teammate
2026-08-09 23:48:27 | team | sess_6559c69c7ca8 | INFO | [executor3] coordination starting
2026-08-09 23:48:27 | team | sess_6559c69c7ca8 | INFO | Session tables ready for session sess_6559c69c7ca8
2026-08-09 23:48:27 | team | sess_6559c69c7ca8 | INFO | Workspace /srv/jwteam_clone/shared/run_current initialized as plain shared directory (version_control disabled)
2026-08-09 23:48:27 | team | sess_6559c69c7ca8 | INFO | EventBus[teammate] starting
2026-08-09 23:49:16 | team | sess_6559c69c7ca8 | INFO | [executor3] HITT section refresh: human_agent_names=[]
2026-08-09 23:49:27 | team | sess_6559c69c7ca8 | INFO | [executor3] processing 1 unread messages (steer=True)
2026-08-09 23:49:27 | team | sess_6559c69c7ca8 | INFO | Message f67fbdf0-320c-477a-9d08-f27508dd1288 marked as read by executor3
2026-08-09 23:49:37 | team | sess_6559c69c7ca8 | INFO | Message 238d3d44-6c85-431a-aaec-88c7ab8dc45c created
2026-08-09 23:49:37 | team | sess_6559c69c7ca8 | INFO | Message 57af3bd7-4165-4b0d-9442-c832e3735926 created
2026-08-09 23:50:27 | team | sess_6559c69c7ca8 | INFO | [executor3] processing 1 unread messages (steer=True)
2026-08-09 23:50:27 | team | sess_6559c69c7ca8 | INFO | Message b777e68d-df26-4c68-b3aa-0311c076bc11 marked as read by executor3
2026-08-09 23:50:39 | team | sess_6559c69c7ca8 | INFO | [executor3] processing 1 unread messages (steer=True)
2026-08-09 23:50:39 | team | sess_6559c69c7ca8 | INFO | Message 525e81c0-6036-4a61-a27b-f410e8dbac5a marked as read by executor3
2026-08-09 23:50:50 | team | sess_6559c69c7ca8 | INFO | [executor3] processing 1 unread messages (steer=True)
2026-08-09 23:50:50 | team | sess_6559c69c7ca8 | INFO | Message 4a69f35e-24d4-4b88-b889-92c8781d4181 marked as read by executor3
2026-08-09 23:51:10 | team | sess_6559c69c7ca8 | INFO | Message 463c7ef3-3db4-4a3e-ae38-5dbeb92e02a6 created
2026-08-09 23:51:10 | team | sess_6559c69c7ca8 | INFO | Message cb6f5078-1929-4811-a7a2-da594718aec0 created
2026-08-09 23:51:11 | team | sess_6559c69c7ca8 | INFO | [executor3] processing 1 unread messages (steer=True)
2026-08-09 23:51:11 | team | sess_6559c69c7ca8 | INFO | Message f6769a41-9de6-4619-93b3-03f3b18259c0 marked as read by executor3
2026-08-09 23:51:17 | team | sess_6559c69c7ca8 | INFO | [executor3] processing 1 unread messages (steer=True)
2026-08-09 23:51:17 | team | sess_6559c69c7ca8 | INFO | Message 3bf17d67-9162-4547-8d90-f8aacb8fd1b3 marked as read by executor3
2026-08-09 23:51:26 | team | sess_6559c69c7ca8 | INFO | [executor3] processing 1 unread messages (steer=True)
2026-08-09 23:51:26 | team | sess_6559c69c7ca8 | INFO | Message 369583ad-f6c4-4dd2-bc6b-88afa862bf48 marked as read by executor3
2026-08-09 23:52:03 | team | sess_6559c69c7ca8 | INFO | Message a10fe301-8853-4872-8f52-3fbcdecffc0e created
2026-08-09 23:52:33 | team | sess_6559c69c7ca8 | INFO | [executor3] processing 1 unread messages (steer=True)
2026-08-09 23:52:33 | team | sess_6559c69c7ca8 | INFO | Message 355976e8-0c40-476d-9064-0e5ad8a8929d marked as read by executor3
2026-08-09 23:52:45 | team | sess_6559c69c7ca8 | INFO | Message 10a44378-4b55-4e3f-93a5-36a3fd3de4c8 created
2026-08-09 23:53:59 | team | sess_6559c69c7ca8 | INFO | task list drained for team jiuwen_team_sess_6559c69c7ca8: 4 terminal task(s)
2026-08-09 23:54:12 | team | sess_6559c69c7ca8 | INFO | [executor3] processing 1 unread messages (steer=True)
2026-08-09 23:54:13 | team | sess_6559c69c7ca8 | INFO | Message 62aff529-3b53-40ee-95c8-e01954aa5dd3 marked as read by executor3
2026-08-09 23:54:43 | team | sess_6559c69c7ca8 | INFO | team jiuwen_team_sess_6559c69c7ca8 reported completed: 9 members, 4 tasks
2026-08-09 23:54:43 | team | sess_6559c69c7ca8 | INFO | [executor3] received TEAM_STANDBY, pausing polls
2026-08-09 23:54:43 | team | sess_6559c69c7ca8 | INFO | EventBus[teammate] pausing polls
