2026-08-09 23:48:25 | team | sess_6559c69c7ca8 | INFO | Team workspace directory ensured at /srv/jwteam_clone/shared/run_current
2026-08-09 23:48:25 | team | sess_6559c69c7ca8 | INFO | AgentTeam manager initialized for jiuwen_team_sess_6559c69c7ca8, member=team_leader
2026-08-09 23:48:25 | team | sess_6559c69c7ca8 | INFO | [team_leader] TeamPolicyRail static sections: section_names=['team_role', 'team_workflow', 'team_swarmflow', 'team_lifecycle', 'team_persona']
2026-08-09 23:48:25 | team | sess_6559c69c7ca8 | INFO | Session tables ready for session sess_6559c69c7ca8
2026-08-09 23:48:25 | team | sess_6559c69c7ca8 | INFO | Team database initialized
2026-08-09 23:48:25 | team | default_trace_id | INFO | Team workspace directory ensured at /srv/jwteam_clone/shared/run_current
2026-08-09 23:48:25 | team | default_trace_id | INFO | AgentTeam manager initialized for jiuwen_team_sess_6559c69c7ca8, member=executor1
2026-08-09 23:48:25 | team | default_trace_id | INFO | [executor1] TeamPolicyRail static sections: section_names=['team_role', 'team_persona']
2026-08-09 23:48:25 | team | sess_6559c69c7ca8 | INFO | [executor1] invoke start, role=teammate
2026-08-09 23:48:25 | team | sess_6559c69c7ca8 | INFO | [executor1] coordination starting
2026-08-09 23:48:25 | team | sess_6559c69c7ca8 | INFO | Session tables ready for session sess_6559c69c7ca8
2026-08-09 23:48:25 | team | sess_6559c69c7ca8 | INFO | Workspace /srv/jwteam_clone/shared/run_current initialized as plain shared directory (version_control disabled)
2026-08-09 23:48:25 | team | sess_6559c69c7ca8 | INFO | EventBus[teammate] starting
2026-08-09 23:49:16 | team | sess_6559c69c7ca8 | INFO | [executor1] HITT section refresh: human_agent_names=[]
2026-08-09 23:49:27 | team | sess_6559c69c7ca8 | INFO | [executor1] processing 1 unread messages (steer=True)
2026-08-09 23:49:27 | team | sess_6559c69c7ca8 | INFO | Message f67fbdf0-320c-477a-9d08-f27508dd1288 marked as read by executor1
2026-08-09 23:49:33 | team | sess_6559c69c7ca8 | INFO | Message 5bdfeca7-9822-44ce-a8e6-c638fd539192 created
2026-08-09 23:49:33 | team | sess_6559c69c7ca8 | INFO | Message 6ad53be2-9b8c-4ef0-b6a5-b4bfcf0a4746 created
2026-08-09 23:50:27 | team | sess_6559c69c7ca8 | INFO | [executor1] processing 1 unread messages (steer=True)
2026-08-09 23:50:27 | team | sess_6559c69c7ca8 | INFO | Message 35bdc2bc-0518-4642-9f49-f0f12d86853f marked as read by executor1
2026-08-09 23:50:39 | team | sess_6559c69c7ca8 | INFO | [executor1] processing 1 unread messages (steer=True)
2026-08-09 23:50:39 | team | sess_6559c69c7ca8 | INFO | Message 5f024e36-9468-4ca9-8662-5f1e1733088b marked as read by executor1
2026-08-09 23:50:41 | team | sess_6559c69c7ca8 | INFO | Message d53ea34a-8d81-4eb3-9692-6f64c97fb3be created
2026-08-09 23:50:47 | team | sess_6559c69c7ca8 | INFO | [executor1] processing 1 unread messages (steer=True)
2026-08-09 23:50:47 | team | sess_6559c69c7ca8 | INFO | Message 6410f275-d5f8-46f3-b012-a96c524a9067 marked as read by executor1
2026-08-09 23:50:49 | team | sess_6559c69c7ca8 | INFO | Task implement-zone-a claimed by member executor1
2026-08-09 23:50:49 | team | sess_6559c69c7ca8 | INFO | Task implement-zone-a claimed by member executor1
2026-08-09 23:50:50 | team | sess_6559c69c7ca8 | INFO | [executor1] processing 1 unread messages (steer=True)
2026-08-09 23:50:50 | team | sess_6559c69c7ca8 | INFO | Message b6227aee-f7fe-4b43-b8aa-9c9ee32d2b78 marked as read by executor1
2026-08-09 23:51:26 | team | sess_6559c69c7ca8 | INFO | Message 433e9848-c033-485f-b179-aee87058eb81 created
2026-08-09 23:51:26 | team | sess_6559c69c7ca8 | INFO | Message 369583ad-f6c4-4dd2-bc6b-88afa862bf48 created
2026-08-09 23:51:29 | team | sess_6559c69c7ca8 | INFO | [executor1] processing 1 unread messages (steer=True)
2026-08-09 23:51:29 | team | sess_6559c69c7ca8 | INFO | Message 20862011-29db-4524-b1f0-40b9ea3b9bfd marked as read by executor1
2026-08-09 23:51:57 | team | sess_6559c69c7ca8 | INFO | Message a0d250a0-d513-4957-a784-87277ec2a6a1 created
2026-08-09 23:52:03 | team | sess_6559c69c7ca8 | INFO | [executor1] processing 1 unread messages (steer=True)
2026-08-09 23:52:03 | team | sess_6559c69c7ca8 | INFO | Message a10fe301-8853-4872-8f52-3fbcdecffc0e marked as read by executor1
2026-08-09 23:52:33 | team | sess_6559c69c7ca8 | INFO | Message 355976e8-0c40-476d-9064-0e5ad8a8929d created
2026-08-09 23:52:37 | team | sess_6559c69c7ca8 | INFO | [executor1] processing 1 unread messages (steer=True)
2026-08-09 23:52:37 | team | sess_6559c69c7ca8 | INFO | Message 31a0b502-5821-490e-a032-fd82a55365bb marked as read by executor1
2026-08-09 23:52:45 | team | sess_6559c69c7ca8 | INFO | [executor1] processing 1 unread messages (steer=True)
2026-08-09 23:52:45 | team | sess_6559c69c7ca8 | INFO | Message 10a44378-4b55-4e3f-93a5-36a3fd3de4c8 marked as read by executor1
2026-08-09 23:52:56 | team | sess_6559c69c7ca8 | INFO | [executor1] processing 1 unread messages (steer=True)
2026-08-09 23:52:56 | team | sess_6559c69c7ca8 | INFO | Message 1e41dca5-80e7-4caa-9037-d12a318e5e72 marked as read by executor1
2026-08-09 23:53:09 | team | sess_6559c69c7ca8 | INFO | Task implement-zone-a completed at 1786315989164
2026-08-09 23:53:09 | team | sess_6559c69c7ca8 | INFO | Resolved 1 dependencies for task implement-zone-a
2026-08-09 23:53:09 | team | sess_6559c69c7ca8 | INFO | Task verify unblocked (all deps resolved)
2026-08-09 23:53:09 | team | sess_6559c69c7ca8 | INFO | Task implement-zone-a completed
2026-08-09 23:53:09 | team | sess_6559c69c7ca8 | INFO | Unblocked 1 tasks
2026-08-09 23:53:18 | team | sess_6559c69c7ca8 | INFO | Message 1ad3de78-4707-420d-bedb-3a9ca21cb00e created
2026-08-09 23:53:18 | team | sess_6559c69c7ca8 | INFO | Message 327e7ede-0189-4666-9fa7-3165a0573b7f created
2026-08-09 23:53:28 | team | sess_6559c69c7ca8 | INFO | [executor1] processing 1 unread messages (steer=True)
2026-08-09 23:53:28 | team | sess_6559c69c7ca8 | INFO | Message 53e0e683-6a71-4fe7-bc16-eff2c019960c marked as read by executor1
2026-08-09 23:53:59 | team | sess_6559c69c7ca8 | INFO | task list drained for team jiuwen_team_sess_6559c69c7ca8: 4 terminal task(s)
2026-08-09 23:53:59 | team | sess_6559c69c7ca8 | INFO | [executor1] processing 1 unread messages (steer=True)
2026-08-09 23:53:59 | team | sess_6559c69c7ca8 | INFO | Message 03cb08e4-b45f-4bf8-8bdf-ae3de9ed3841 marked as read by executor1
2026-08-09 23:54:12 | team | sess_6559c69c7ca8 | INFO | [executor1] processing 1 unread messages (steer=True)
2026-08-09 23:54:13 | team | sess_6559c69c7ca8 | INFO | Message 62aff529-3b53-40ee-95c8-e01954aa5dd3 marked as read by executor1
2026-08-09 23:54:43 | team | sess_6559c69c7ca8 | INFO | team jiuwen_team_sess_6559c69c7ca8 reported completed: 9 members, 4 tasks
2026-08-09 23:54:43 | team | sess_6559c69c7ca8 | INFO | [executor1] received TEAM_STANDBY, pausing polls
2026-08-09 23:54:43 | team | sess_6559c69c7ca8 | INFO | EventBus[teammate] pausing polls
