2026-08-09 23:48:28 | team | sess_6559c69c7ca8 | INFO | Team workspace directory ensured at /srv/jwteam_clone/shared/run_current
2026-08-09 23:48:28 | team | sess_6559c69c7ca8 | INFO | AgentTeam manager initialized for jiuwen_team_sess_6559c69c7ca8, member=team_leader
2026-08-09 23:48:28 | team | sess_6559c69c7ca8 | INFO | [team_leader] TeamPolicyRail static sections: section_names=['team_role', 'team_workflow', 'team_swarmflow', 'team_lifecycle', 'team_persona']
2026-08-09 23:48:28 | team | sess_6559c69c7ca8 | INFO | Session tables ready for session sess_6559c69c7ca8
2026-08-09 23:48:28 | team | sess_6559c69c7ca8 | INFO | Team database initialized
2026-08-09 23:48:28 | team | default_trace_id | INFO | Team workspace directory ensured at /srv/jwteam_clone/shared/run_current
2026-08-09 23:48:28 | team | default_trace_id | INFO | AgentTeam manager initialized for jiuwen_team_sess_6559c69c7ca8, member=verifier2
2026-08-09 23:48:28 | team | default_trace_id | INFO | [verifier2] TeamPolicyRail static sections: section_names=['team_role', 'team_persona']
2026-08-09 23:48:28 | team | sess_6559c69c7ca8 | INFO | [verifier2] invoke start, role=teammate
2026-08-09 23:48:28 | team | sess_6559c69c7ca8 | INFO | [verifier2] coordination starting
2026-08-09 23:48:28 | team | sess_6559c69c7ca8 | INFO | Session tables ready for session sess_6559c69c7ca8
2026-08-09 23:48:28 | team | sess_6559c69c7ca8 | INFO | Workspace /srv/jwteam_clone/shared/run_current initialized as plain shared directory (version_control disabled)
2026-08-09 23:48:28 | team | sess_6559c69c7ca8 | INFO | EventBus[teammate] starting
2026-08-09 23:49:16 | team | sess_6559c69c7ca8 | INFO | [verifier2] HITT section refresh: human_agent_names=[]
2026-08-09 23:49:27 | team | sess_6559c69c7ca8 | INFO | [verifier2] processing 1 unread messages (steer=True)
2026-08-09 23:49:27 | team | sess_6559c69c7ca8 | INFO | Message f67fbdf0-320c-477a-9d08-f27508dd1288 marked as read by verifier2
2026-08-09 23:49:42 | team | sess_6559c69c7ca8 | INFO | Message de03013c-512a-47ba-b25f-66675ac224a2 created
2026-08-09 23:50:50 | team | sess_6559c69c7ca8 | INFO | Message b6227aee-f7fe-4b43-b8aa-9c9ee32d2b78 created
2026-08-09 23:50:50 | team | sess_6559c69c7ca8 | INFO | Message 4a69f35e-24d4-4b88-b889-92c8781d4181 created
2026-08-09 23:51:10 | team | sess_6559c69c7ca8 | INFO | [verifier2] processing 1 unread messages (steer=True)
2026-08-09 23:51:11 | team | sess_6559c69c7ca8 | INFO | Message 463c7ef3-3db4-4a3e-ae38-5dbeb92e02a6 marked as read by verifier2
2026-08-09 23:51:17 | team | sess_6559c69c7ca8 | INFO | Message 3bf17d67-9162-4547-8d90-f8aacb8fd1b3 created
2026-08-09 23:53:18 | team | sess_6559c69c7ca8 | INFO | [verifier2] processing 1 unread messages (steer=True)
2026-08-09 23:53:18 | team | sess_6559c69c7ca8 | INFO | Message 327e7ede-0189-4666-9fa7-3165a0573b7f marked as read by verifier2
2026-08-09 23:53:28 | team | sess_6559c69c7ca8 | INFO | Message f6673144-486b-4838-964c-e1d63f18dfba created
2026-08-09 23:53:28 | team | sess_6559c69c7ca8 | INFO | Message 53e0e683-6a71-4fe7-bc16-eff2c019960c created
2026-08-09 23:53:59 | team | sess_6559c69c7ca8 | INFO | task list drained for team jiuwen_team_sess_6559c69c7ca8: 4 terminal task(s)
2026-08-09 23:53:59 | team | sess_6559c69c7ca8 | INFO | [verifier2] processing 1 unread messages (steer=True)
2026-08-09 23:53:59 | team | sess_6559c69c7ca8 | INFO | Message a4255e2b-83a9-4243-98e4-d09e2261f25d marked as read by verifier2
2026-08-09 23:54:06 | team | sess_6559c69c7ca8 | INFO | Message bb8534ec-9b16-4545-b4c4-2231d31801a9 created
2026-08-09 23:54:12 | team | sess_6559c69c7ca8 | INFO | [verifier2] processing 1 unread messages (steer=True)
2026-08-09 23:54:13 | team | sess_6559c69c7ca8 | INFO | Message 62aff529-3b53-40ee-95c8-e01954aa5dd3 marked as read by verifier2
2026-08-09 23:54:43 | team | sess_6559c69c7ca8 | INFO | team jiuwen_team_sess_6559c69c7ca8 reported completed: 9 members, 4 tasks
2026-08-09 23:54:43 | team | sess_6559c69c7ca8 | INFO | [verifier2] received TEAM_STANDBY, pausing polls
2026-08-09 23:54:43 | team | sess_6559c69c7ca8 | INFO | EventBus[teammate] pausing polls
