2026-08-08 21:51:59 | team | sess_9520f609a8e1 | INFO | Team workspace directory ensured at /srv/jwteam_clone/shared/run_current
2026-08-08 21:51:59 | team | sess_9520f609a8e1 | INFO | AgentTeam manager initialized for jiuwen_team_sess_9520f609a8e1, member=team_leader
2026-08-08 21:51:59 | team | sess_9520f609a8e1 | INFO | [team_leader] TeamPolicyRail static sections: section_names=['team_role', 'team_workflow', 'team_swarmflow', 'team_lifecycle', 'team_persona']
2026-08-08 21:51:59 | team | sess_9520f609a8e1 | INFO | Session tables ready for session sess_9520f609a8e1
2026-08-08 21:51:59 | team | sess_9520f609a8e1 | INFO | Team database initialized
2026-08-08 21:51:59 | team | default_trace_id | INFO | Team workspace directory ensured at /srv/jwteam_clone/shared/run_current
2026-08-08 21:51:59 | team | default_trace_id | INFO | AgentTeam manager initialized for jiuwen_team_sess_9520f609a8e1, member=planner2
2026-08-08 21:51:59 | team | default_trace_id | INFO | [planner2] TeamPolicyRail static sections: section_names=['team_role', 'team_persona']
2026-08-08 21:51:59 | team | sess_9520f609a8e1 | INFO | [planner2] invoke start, role=teammate
2026-08-08 21:51:59 | team | sess_9520f609a8e1 | INFO | [planner2] coordination starting
2026-08-08 21:51:59 | team | sess_9520f609a8e1 | INFO | Session tables ready for session sess_9520f609a8e1
2026-08-08 21:51:59 | team | sess_9520f609a8e1 | INFO | Workspace /srv/jwteam_clone/shared/run_current initialized as plain shared directory (version_control disabled)
2026-08-08 21:51:59 | team | sess_9520f609a8e1 | INFO | EventBus[teammate] starting
2026-08-08 21:52:21 | team | sess_9520f609a8e1 | INFO | [planner2] HITT section refresh: human_agent_names=[]
2026-08-08 21:52:33 | team | sess_9520f609a8e1 | INFO | [planner2] processing 1 unread messages (steer=True)
2026-08-08 21:52:33 | team | sess_9520f609a8e1 | INFO | Message 6945f8d1-4b27-44e6-8421-41a6533987c4 marked as read by planner2
2026-08-08 21:52:34 | team | sess_9520f609a8e1 | INFO | Task plan claimed by member planner2
2026-08-08 21:52:34 | team | sess_9520f609a8e1 | INFO | Task plan claimed by member planner2
2026-08-08 21:53:05 | team | sess_9520f609a8e1 | INFO | Message ee870716-5da1-46ee-afc5-65ae2bfe4d8d created
2026-08-08 21:53:26 | team | sess_9520f609a8e1 | INFO | [planner2] processing 1 unread messages (steer=True)
2026-08-08 21:53:26 | team | sess_9520f609a8e1 | INFO | Message 5a7af926-6724-4d06-a6f1-ddf51016e9bd marked as read by planner2
2026-08-08 21:54:41 | team | sess_9520f609a8e1 | INFO | Message fa62fb9f-1919-4309-9542-ab65f3b23afb created
2026-08-08 21:54:45 | team | sess_9520f609a8e1 | INFO | Task plan completed at 1786222485896
2026-08-08 21:54:45 | team | sess_9520f609a8e1 | INFO | Resolved 1 dependencies for task plan
2026-08-08 21:54:45 | team | sess_9520f609a8e1 | INFO | Task implement unblocked (all deps resolved)
2026-08-08 21:54:45 | team | sess_9520f609a8e1 | INFO | Task plan completed
2026-08-08 21:54:45 | team | sess_9520f609a8e1 | INFO | Unblocked 1 tasks
2026-08-08 21:54:55 | team | sess_9520f609a8e1 | INFO | Message 7b136ce5-ff78-407d-8d6d-29ecfe958949 created
2026-08-08 21:59:08 | team | sess_9520f609a8e1 | INFO | task list drained for team jiuwen_team_sess_9520f609a8e1: 3 terminal task(s)
2026-08-08 21:59:31 | team | sess_9520f609a8e1 | INFO | [planner2] processing 1 unread messages (steer=True)
2026-08-08 21:59:31 | team | sess_9520f609a8e1 | INFO | Message a2760ae5-21e5-4c84-86d1-e8ce351189ba marked as read by planner2
2026-08-08 22:00:19 | team | sess_9520f609a8e1 | INFO | team jiuwen_team_sess_9520f609a8e1 reported completed: 9 members, 3 tasks
2026-08-08 22:00:19 | team | sess_9520f609a8e1 | INFO | [planner2] received TEAM_STANDBY, pausing polls
2026-08-08 22:00:19 | team | sess_9520f609a8e1 | INFO | EventBus[teammate] pausing polls
