2026-08-08 21:51:58 | team | sess_9520f609a8e1 | INFO | Team workspace directory ensured at /srv/jwteam_clone/shared/run_current
2026-08-08 21:51:58 | team | sess_9520f609a8e1 | INFO | AgentTeam manager initialized for jiuwen_team_sess_9520f609a8e1, member=team_leader
2026-08-08 21:51:58 | team | sess_9520f609a8e1 | INFO | [team_leader] TeamPolicyRail static sections: section_names=['team_role', 'team_workflow', 'team_swarmflow', 'team_lifecycle', 'team_persona']
2026-08-08 21:51:58 | team | sess_9520f609a8e1 | INFO | Session tables ready for session sess_9520f609a8e1
2026-08-08 21:51:58 | team | sess_9520f609a8e1 | INFO | Team database initialized
2026-08-08 21:51:58 | team | default_trace_id | INFO | Team workspace directory ensured at /srv/jwteam_clone/shared/run_current
2026-08-08 21:51:58 | team | default_trace_id | INFO | AgentTeam manager initialized for jiuwen_team_sess_9520f609a8e1, member=planner1
2026-08-08 21:51:58 | team | default_trace_id | INFO | [planner1] TeamPolicyRail static sections: section_names=['team_role', 'team_persona']
2026-08-08 21:51:58 | team | sess_9520f609a8e1 | INFO | [planner1] invoke start, role=teammate
2026-08-08 21:51:58 | team | sess_9520f609a8e1 | INFO | [planner1] coordination starting
2026-08-08 21:51:58 | team | sess_9520f609a8e1 | INFO | Session tables ready for session sess_9520f609a8e1
2026-08-08 21:51:58 | team | sess_9520f609a8e1 | INFO | Workspace /srv/jwteam_clone/shared/run_current initialized as plain shared directory (version_control disabled)
2026-08-08 21:51:58 | team | sess_9520f609a8e1 | INFO | EventBus[teammate] starting
2026-08-08 21:52:21 | team | sess_9520f609a8e1 | INFO | [planner1] HITT section refresh: human_agent_names=[]
2026-08-08 21:52:33 | team | sess_9520f609a8e1 | INFO | [planner1] processing 1 unread messages (steer=True)
2026-08-08 21:52:33 | team | sess_9520f609a8e1 | INFO | Message 6945f8d1-4b27-44e6-8421-41a6533987c4 marked as read by planner1
2026-08-08 21:52:44 | team | sess_9520f609a8e1 | INFO | Message 94ed99e5-a530-4ce3-a4d1-1bf966d0e189 created
2026-08-08 21:53:02 | team | sess_9520f609a8e1 | INFO | [planner1] processing 1 unread messages (steer=True)
2026-08-08 21:53:02 | team | sess_9520f609a8e1 | INFO | Message 1534630f-d124-4a04-a025-1062e954bc04 marked as read by planner1
2026-08-08 21:57:37 | team | sess_9520f609a8e1 | INFO | Message bee86037-0136-403a-8162-07e742dd4494 created
2026-08-08 21:57:44 | team | sess_9520f609a8e1 | INFO | [planner1] processing 1 unread messages (steer=True)
2026-08-08 21:57:44 | team | sess_9520f609a8e1 | INFO | Message 1dcacf5e-15a2-4916-ab93-a62978b3c5f9 marked as read by planner1
2026-08-08 21:59:08 | team | sess_9520f609a8e1 | INFO | task list drained for team jiuwen_team_sess_9520f609a8e1: 3 terminal task(s)
2026-08-08 21:59:31 | team | sess_9520f609a8e1 | INFO | [planner1] processing 1 unread messages (steer=True)
2026-08-08 21:59:31 | team | sess_9520f609a8e1 | INFO | Message a2760ae5-21e5-4c84-86d1-e8ce351189ba marked as read by planner1
2026-08-08 22:00:19 | team | sess_9520f609a8e1 | INFO | team jiuwen_team_sess_9520f609a8e1 reported completed: 9 members, 3 tasks
2026-08-08 22:00:19 | team | sess_9520f609a8e1 | INFO | [planner1] received TEAM_STANDBY, pausing polls
2026-08-08 22:00:19 | team | sess_9520f609a8e1 | INFO | EventBus[teammate] pausing polls
