2026-08-08 21:52:03 | team | sess_9520f609a8e1 | INFO | Team workspace directory ensured at /srv/jwteam_clone/shared/run_current
2026-08-08 21:52:03 | team | sess_9520f609a8e1 | INFO | AgentTeam manager initialized for jiuwen_team_sess_9520f609a8e1, member=team_leader
2026-08-08 21:52:03 | team | sess_9520f609a8e1 | INFO | [team_leader] TeamPolicyRail static sections: section_names=['team_role', 'team_workflow', 'team_swarmflow', 'team_lifecycle', 'team_persona']
2026-08-08 21:52:03 | team | sess_9520f609a8e1 | INFO | Session tables ready for session sess_9520f609a8e1
2026-08-08 21:52:03 | team | sess_9520f609a8e1 | INFO | Team database initialized
2026-08-08 21:52:03 | team | default_trace_id | INFO | Team workspace directory ensured at /srv/jwteam_clone/shared/run_current
2026-08-08 21:52:03 | team | default_trace_id | INFO | AgentTeam manager initialized for jiuwen_team_sess_9520f609a8e1, member=verifier1
2026-08-08 21:52:03 | team | default_trace_id | INFO | [verifier1] TeamPolicyRail static sections: section_names=['team_role', 'team_persona']
2026-08-08 21:52:03 | team | sess_9520f609a8e1 | INFO | [verifier1] invoke start, role=teammate
2026-08-08 21:52:03 | team | sess_9520f609a8e1 | INFO | [verifier1] coordination starting
2026-08-08 21:52:03 | team | sess_9520f609a8e1 | INFO | Session tables ready for session sess_9520f609a8e1
2026-08-08 21:52:03 | team | sess_9520f609a8e1 | INFO | Workspace /srv/jwteam_clone/shared/run_current initialized as plain shared directory (version_control disabled)
2026-08-08 21:52:03 | team | sess_9520f609a8e1 | INFO | EventBus[teammate] starting
2026-08-08 21:52:21 | team | sess_9520f609a8e1 | INFO | [verifier1] HITT section refresh: human_agent_names=[]
2026-08-08 21:52:33 | team | sess_9520f609a8e1 | INFO | [verifier1] processing 1 unread messages (steer=True)
2026-08-08 21:52:33 | team | sess_9520f609a8e1 | INFO | Message 6945f8d1-4b27-44e6-8421-41a6533987c4 marked as read by verifier1
2026-08-08 21:53:21 | team | sess_9520f609a8e1 | INFO | Message a1d0f205-4b0a-4282-9b0f-ea108d6e308a created
2026-08-08 21:53:38 | team | sess_9520f609a8e1 | INFO | [verifier1] processing 1 unread messages (steer=True)
2026-08-08 21:53:38 | team | sess_9520f609a8e1 | INFO | Message 705fd561-565a-4dcf-92fc-fa05a2ca0491 marked as read by verifier1
2026-08-08 21:57:08 | team | sess_9520f609a8e1 | INFO | [verifier1] processing 1 unread messages (steer=True)
2026-08-08 21:57:08 | team | sess_9520f609a8e1 | INFO | Message 48da9172-275d-4e5a-b7c4-34faa7fc0f77 marked as read by verifier1
2026-08-08 21:57:49 | team | sess_9520f609a8e1 | INFO | Message 893cb507-7517-4883-abb9-c94d0ad8a472 created
2026-08-08 21:59:08 | team | sess_9520f609a8e1 | INFO | task list drained for team jiuwen_team_sess_9520f609a8e1: 3 terminal task(s)
2026-08-08 21:59:24 | team | sess_9520f609a8e1 | INFO | Message 52c98147-bae6-43de-baab-89c6c6abf943 created
2026-08-08 21:59:31 | team | sess_9520f609a8e1 | INFO | Message 6a263cb0-53b2-43d7-ab66-7a44c9abec3d created
2026-08-08 21:59:31 | team | sess_9520f609a8e1 | INFO | [verifier1] processing 1 unread messages (steer=True)
2026-08-08 21:59:31 | team | sess_9520f609a8e1 | INFO | Message a2760ae5-21e5-4c84-86d1-e8ce351189ba marked as read by verifier1
2026-08-08 22:00:19 | team | sess_9520f609a8e1 | INFO | team jiuwen_team_sess_9520f609a8e1 reported completed: 9 members, 3 tasks
2026-08-08 22:00:19 | team | sess_9520f609a8e1 | INFO | [verifier1] received TEAM_STANDBY, pausing polls
2026-08-08 22:00:19 | team | sess_9520f609a8e1 | INFO | EventBus[teammate] pausing polls
