2026-08-08 21:52:05 | team | sess_9520f609a8e1 | INFO | Team workspace directory ensured at /srv/jwteam_clone/shared/run_current
2026-08-08 21:52:05 | team | sess_9520f609a8e1 | INFO | AgentTeam manager initialized for jiuwen_team_sess_9520f609a8e1, member=team_leader
2026-08-08 21:52:05 | team | sess_9520f609a8e1 | INFO | [team_leader] TeamPolicyRail static sections: section_names=['team_role', 'team_workflow', 'team_swarmflow', 'team_lifecycle', 'team_persona']
2026-08-08 21:52:05 | team | sess_9520f609a8e1 | INFO | Session tables ready for session sess_9520f609a8e1
2026-08-08 21:52:05 | team | sess_9520f609a8e1 | INFO | Team database initialized
2026-08-08 21:52:05 | team | default_trace_id | INFO | Team workspace directory ensured at /srv/jwteam_clone/shared/run_current
2026-08-08 21:52:05 | team | default_trace_id | INFO | AgentTeam manager initialized for jiuwen_team_sess_9520f609a8e1, member=fullstack1
2026-08-08 21:52:05 | team | default_trace_id | INFO | [fullstack1] TeamPolicyRail static sections: section_names=['team_role', 'team_persona']
2026-08-08 21:52:05 | team | sess_9520f609a8e1 | INFO | [fullstack1] invoke start, role=teammate
2026-08-08 21:52:05 | team | sess_9520f609a8e1 | INFO | [fullstack1] coordination starting
2026-08-08 21:52:05 | team | sess_9520f609a8e1 | INFO | Session tables ready for session sess_9520f609a8e1
2026-08-08 21:52:05 | team | sess_9520f609a8e1 | INFO | Workspace /srv/jwteam_clone/shared/run_current initialized as plain shared directory (version_control disabled)
2026-08-08 21:52:05 | team | sess_9520f609a8e1 | INFO | EventBus[teammate] starting
2026-08-08 21:52:21 | team | sess_9520f609a8e1 | INFO | [fullstack1] HITT section refresh: human_agent_names=[]
2026-08-08 21:52:33 | team | sess_9520f609a8e1 | INFO | [fullstack1] processing 1 unread messages (steer=True)
2026-08-08 21:52:33 | team | sess_9520f609a8e1 | INFO | Message 6945f8d1-4b27-44e6-8421-41a6533987c4 marked as read by fullstack1
2026-08-08 21:54:58 | team | sess_9520f609a8e1 | INFO | Task implement claimed by member fullstack1
2026-08-08 21:54:58 | team | sess_9520f609a8e1 | INFO | Task implement claimed by member fullstack1
2026-08-08 21:57:08 | team | sess_9520f609a8e1 | INFO | Message 48da9172-275d-4e5a-b7c4-34faa7fc0f77 created
2026-08-08 21:57:13 | team | sess_9520f609a8e1 | INFO | Task implement completed at 1786222633872
2026-08-08 21:57:13 | team | sess_9520f609a8e1 | INFO | Resolved 1 dependencies for task implement
2026-08-08 21:57:13 | team | sess_9520f609a8e1 | INFO | Task verify unblocked (all deps resolved)
2026-08-08 21:57:13 | team | sess_9520f609a8e1 | INFO | Task implement completed
2026-08-08 21:57:13 | team | sess_9520f609a8e1 | INFO | Unblocked 1 tasks
2026-08-08 21:57:24 | team | sess_9520f609a8e1 | INFO | Message 3b02b75b-24ba-4f37-9d99-c6d6118033a4 created
2026-08-08 21:59:08 | team | sess_9520f609a8e1 | INFO | task list drained for team jiuwen_team_sess_9520f609a8e1: 3 terminal task(s)
2026-08-08 21:59:24 | team | sess_9520f609a8e1 | INFO | [fullstack1] processing 1 unread messages (steer=True)
2026-08-08 21:59:24 | team | sess_9520f609a8e1 | INFO | Message 52c98147-bae6-43de-baab-89c6c6abf943 marked as read by fullstack1
2026-08-08 21:59:31 | team | sess_9520f609a8e1 | INFO | [fullstack1] processing 1 unread messages (steer=True)
2026-08-08 21:59:31 | team | sess_9520f609a8e1 | INFO | Message a2760ae5-21e5-4c84-86d1-e8ce351189ba marked as read by fullstack1
2026-08-08 22:00:19 | team | sess_9520f609a8e1 | INFO | team jiuwen_team_sess_9520f609a8e1 reported completed: 9 members, 3 tasks
2026-08-08 22:00:19 | team | sess_9520f609a8e1 | INFO | [fullstack1] received TEAM_STANDBY, pausing polls
2026-08-08 22:00:19 | team | sess_9520f609a8e1 | INFO | EventBus[teammate] pausing polls
