2026-08-08 14:58:32 | team | sess_0ce328f32f86 | INFO | Team workspace directory ensured at /srv/jwteam_clone/shared/run_current
2026-08-08 14:58:32 | team | sess_0ce328f32f86 | INFO | AgentTeam manager initialized for jiuwen_team_sess_0ce328f32f86, member=team_leader
2026-08-08 14:58:32 | team | sess_0ce328f32f86 | INFO | [team_leader] TeamPolicyRail static sections: section_names=['team_role', 'team_workflow', 'team_swarmflow', 'team_lifecycle', 'team_persona']
2026-08-08 14:58:32 | team | sess_0ce328f32f86 | INFO | Session tables ready for session sess_0ce328f32f86
2026-08-08 14:58:32 | team | sess_0ce328f32f86 | INFO | Team database initialized
2026-08-08 14:58:32 | team | default_trace_id | INFO | Team workspace directory ensured at /srv/jwteam_clone/shared/run_current
2026-08-08 14:58:32 | team | default_trace_id | INFO | AgentTeam manager initialized for jiuwen_team_sess_0ce328f32f86, member=verifier1
2026-08-08 14:58:32 | team | default_trace_id | INFO | [verifier1] TeamPolicyRail static sections: section_names=['team_role', 'team_persona']
2026-08-08 14:58:32 | team | sess_0ce328f32f86 | INFO | [verifier1] invoke start, role=teammate
2026-08-08 14:58:32 | team | sess_0ce328f32f86 | INFO | [verifier1] coordination starting
2026-08-08 14:58:32 | team | sess_0ce328f32f86 | INFO | Session tables ready for session sess_0ce328f32f86
2026-08-08 14:58:32 | team | sess_0ce328f32f86 | INFO | Workspace /srv/jwteam_clone/shared/run_current initialized as plain shared directory (version_control disabled)
2026-08-08 14:58:32 | team | sess_0ce328f32f86 | INFO | EventBus[teammate] starting
2026-08-08 14:59:34 | team | sess_0ce328f32f86 | INFO | [verifier1] HITT section refresh: human_agent_names=[]
2026-08-08 14:59:49 | team | sess_0ce328f32f86 | INFO | [verifier1] processing 1 unread messages (steer=True)
2026-08-08 14:59:49 | team | sess_0ce328f32f86 | INFO | Message 69ed4bfc-4513-40cf-8bf4-2d6f0005bd76 marked as read by verifier1
2026-08-08 15:02:42 | team | sess_0ce328f32f86 | INFO | [verifier1] processing 1 unread messages (steer=True)
2026-08-08 15:02:42 | team | sess_0ce328f32f86 | INFO | Message e8a1300f-5c63-4436-a4fe-716da48ce3b4 marked as read by verifier1
2026-08-08 15:02:50 | team | sess_0ce328f32f86 | INFO | Task multi4-verify claimed by member verifier1
2026-08-08 15:02:50 | team | sess_0ce328f32f86 | INFO | Task multi4-verify claimed by member verifier1
2026-08-08 15:05:15 | team | sess_0ce328f32f86 | INFO | Task multi4-verify completed at 1786197915705
2026-08-08 15:05:15 | team | sess_0ce328f32f86 | INFO | Message feb4d138-a15a-4f2f-a4ed-0a9b754aded4 created
2026-08-08 15:05:15 | team | sess_0ce328f32f86 | INFO | Task multi4-verify completed
2026-08-08 15:05:40 | team | sess_0ce328f32f86 | INFO | [verifier1] processing 1 unread messages (steer=True)
2026-08-08 15:05:41 | team | sess_0ce328f32f86 | INFO | Message 5b0f5940-8313-4cc1-863f-20ecbe2f6126 marked as read by verifier1
2026-08-08 15:12:45 | team | sess_0ce328f32f86 | INFO | team jiuwen_team_sess_0ce328f32f86 reported completed: 9 members, 6 tasks
2026-08-08 15:12:46 | team | sess_0ce328f32f86 | INFO | [verifier1] received TEAM_STANDBY, pausing polls
2026-08-08 15:12:46 | team | sess_0ce328f32f86 | INFO | EventBus[teammate] pausing polls
