2026-08-08 14:58:28 | team | sess_0ce328f32f86 | INFO | Team workspace directory ensured at /srv/jwteam_clone/shared/run_current
2026-08-08 14:58:28 | team | sess_0ce328f32f86 | INFO | AgentTeam manager initialized for jiuwen_team_sess_0ce328f32f86, member=team_leader
2026-08-08 14:58:28 | team | sess_0ce328f32f86 | INFO | [team_leader] TeamPolicyRail static sections: section_names=['team_role', 'team_workflow', 'team_swarmflow', 'team_lifecycle', 'team_persona']
2026-08-08 14:58:28 | team | sess_0ce328f32f86 | INFO | Session tables ready for session sess_0ce328f32f86
2026-08-08 14:58:28 | team | sess_0ce328f32f86 | INFO | Team database initialized
2026-08-08 14:58:28 | team | default_trace_id | INFO | Team workspace directory ensured at /srv/jwteam_clone/shared/run_current
2026-08-08 14:58:28 | team | default_trace_id | INFO | AgentTeam manager initialized for jiuwen_team_sess_0ce328f32f86, member=executor1
2026-08-08 14:58:28 | team | default_trace_id | INFO | [executor1] TeamPolicyRail static sections: section_names=['team_role', 'team_persona']
2026-08-08 14:58:28 | team | sess_0ce328f32f86 | INFO | [executor1] invoke start, role=teammate
2026-08-08 14:58:28 | team | sess_0ce328f32f86 | INFO | [executor1] coordination starting
2026-08-08 14:58:28 | team | sess_0ce328f32f86 | INFO | Session tables ready for session sess_0ce328f32f86
2026-08-08 14:58:28 | team | sess_0ce328f32f86 | INFO | Workspace /srv/jwteam_clone/shared/run_current initialized as plain shared directory (version_control disabled)
2026-08-08 14:58:28 | team | sess_0ce328f32f86 | INFO | EventBus[teammate] starting
2026-08-08 14:59:34 | team | sess_0ce328f32f86 | INFO | [executor1] HITT section refresh: human_agent_names=[]
2026-08-08 14:59:49 | team | sess_0ce328f32f86 | INFO | [executor1] processing 1 unread messages (steer=True)
2026-08-08 14:59:49 | team | sess_0ce328f32f86 | INFO | Message 69ed4bfc-4513-40cf-8bf4-2d6f0005bd76 marked as read by executor1
2026-08-08 15:00:11 | team | sess_0ce328f32f86 | INFO | [executor1] processing 1 unread messages (steer=True)
2026-08-08 15:00:11 | team | sess_0ce328f32f86 | INFO | Message 09b73688-df81-4882-bb2b-1037006d44d5 marked as read by executor1
2026-08-08 15:01:06 | team | sess_0ce328f32f86 | INFO | Message a7f65c6e-f8b1-47b1-9f4f-3fcff06f53cc created
2026-08-08 15:01:11 | team | sess_0ce328f32f86 | INFO | Message d56dc0ba-570b-45a5-ba5c-3ee6c03e1579 created
2026-08-08 15:01:28 | team | sess_0ce328f32f86 | INFO | [executor1] processing 1 unread messages (steer=True)
2026-08-08 15:01:28 | team | sess_0ce328f32f86 | INFO | Message 1c6e3bea-f0a0-41e5-a444-21959c8abdba marked as read by executor1
2026-08-08 15:01:37 | team | sess_0ce328f32f86 | INFO | Message 0a9a6645-882f-4476-b59e-72f732eb7a8f created
2026-08-08 15:05:15 | team | sess_0ce328f32f86 | INFO | task list drained for team jiuwen_team_sess_0ce328f32f86: 6 terminal task(s)
2026-08-08 15:05:40 | team | sess_0ce328f32f86 | INFO | [executor1] processing 1 unread messages (steer=True)
2026-08-08 15:05:41 | team | sess_0ce328f32f86 | INFO | Message 5b0f5940-8313-4cc1-863f-20ecbe2f6126 marked as read by executor1
2026-08-08 15:12:45 | team | sess_0ce328f32f86 | INFO | team jiuwen_team_sess_0ce328f32f86 reported completed: 9 members, 6 tasks
2026-08-08 15:12:46 | team | sess_0ce328f32f86 | INFO | [executor1] received TEAM_STANDBY, pausing polls
2026-08-08 15:12:46 | team | sess_0ce328f32f86 | INFO | EventBus[teammate] pausing polls
