2026-08-08 14:58:25 | team | sess_0ce328f32f86 | INFO | Team workspace directory ensured at /srv/jwteam_clone/shared/run_current
2026-08-08 14:58:25 | team | sess_0ce328f32f86 | INFO | AgentTeam manager initialized for jiuwen_team_sess_0ce328f32f86, member=team_leader
2026-08-08 14:58:25 | team | sess_0ce328f32f86 | INFO | [team_leader] TeamPolicyRail static sections: section_names=['team_role', 'team_workflow', 'team_swarmflow', 'team_lifecycle', 'team_persona']
2026-08-08 14:58:25 | team | sess_0ce328f32f86 | INFO | Session tables ready for session sess_0ce328f32f86
2026-08-08 14:58:25 | team | sess_0ce328f32f86 | INFO | Team database initialized
2026-08-08 14:58:25 | team | default_trace_id | INFO | Team workspace directory ensured at /srv/jwteam_clone/shared/run_current
2026-08-08 14:58:25 | team | default_trace_id | INFO | AgentTeam manager initialized for jiuwen_team_sess_0ce328f32f86, member=planner1
2026-08-08 14:58:25 | team | default_trace_id | INFO | [planner1] TeamPolicyRail static sections: section_names=['team_role', 'team_persona']
2026-08-08 14:58:25 | team | sess_0ce328f32f86 | INFO | [planner1] invoke start, role=teammate
2026-08-08 14:58:25 | team | sess_0ce328f32f86 | INFO | [planner1] coordination starting
2026-08-08 14:58:25 | team | sess_0ce328f32f86 | INFO | Session tables ready for session sess_0ce328f32f86
2026-08-08 14:58:25 | team | sess_0ce328f32f86 | INFO | Workspace /srv/jwteam_clone/shared/run_current initialized as plain shared directory (version_control disabled)
2026-08-08 14:58:25 | team | sess_0ce328f32f86 | INFO | EventBus[teammate] starting
2026-08-08 14:59:33 | team | sess_0ce328f32f86 | INFO | [planner1] HITT section refresh: human_agent_names=[]
2026-08-08 14:59:39 | team | sess_0ce328f32f86 | INFO | Task multi4-plan claimed by member planner1
2026-08-08 14:59:39 | team | sess_0ce328f32f86 | INFO | Task multi4-plan claimed by member planner1
2026-08-08 14:59:49 | team | sess_0ce328f32f86 | INFO | [planner1] processing 1 unread messages (steer=True)
2026-08-08 14:59:49 | team | sess_0ce328f32f86 | INFO | Message 69ed4bfc-4513-40cf-8bf4-2d6f0005bd76 marked as read by planner1
2026-08-08 15:00:11 | team | sess_0ce328f32f86 | INFO | Message 09b73688-df81-4882-bb2b-1037006d44d5 created
2026-08-08 15:00:17 | team | sess_0ce328f32f86 | INFO | Task multi4-plan completed at 1786197617262
2026-08-08 15:00:17 | team | sess_0ce328f32f86 | INFO | Resolved 1 dependencies for task multi4-plan
2026-08-08 15:00:17 | team | sess_0ce328f32f86 | INFO | Task multi4-implement unblocked (all deps resolved)
2026-08-08 15:00:17 | team | sess_0ce328f32f86 | INFO | Task multi4-plan completed
2026-08-08 15:00:17 | team | sess_0ce328f32f86 | INFO | Unblocked 1 tasks
2026-08-08 15:00:47 | team | sess_0ce328f32f86 | INFO | Message 6257a58b-a7a5-45ea-a7d5-5d72918c2fa5 created
2026-08-08 15:01:00 | team | sess_0ce328f32f86 | INFO | [planner1] processing 1 unread messages (steer=True)
2026-08-08 15:01:00 | team | sess_0ce328f32f86 | INFO | Message b4b46470-30c0-45a9-90c7-08bd325ba15d marked as read by planner1
2026-08-08 15:01:10 | team | sess_0ce328f32f86 | INFO | Message 85461f1b-01f6-4404-b27a-d2f5c7de03f2 created
2026-08-08 15:01:11 | team | sess_0ce328f32f86 | INFO | [planner1] processing 1 unread messages (steer=True)
2026-08-08 15:01:11 | team | sess_0ce328f32f86 | INFO | Message d56dc0ba-570b-45a5-ba5c-3ee6c03e1579 marked as read by planner1
2026-08-08 15:01:15 | team | sess_0ce328f32f86 | INFO | Message 4a194446-c03c-4a4e-add0-970600fa964f created
2026-08-08 15:05:15 | team | sess_0ce328f32f86 | INFO | task list drained for team jiuwen_team_sess_0ce328f32f86: 6 terminal task(s)
2026-08-08 15:05:40 | team | sess_0ce328f32f86 | INFO | [planner1] processing 1 unread messages (steer=True)
2026-08-08 15:05:40 | team | sess_0ce328f32f86 | INFO | Message 5b0f5940-8313-4cc1-863f-20ecbe2f6126 marked as read by planner1
2026-08-08 15:12:45 | team | sess_0ce328f32f86 | INFO | team jiuwen_team_sess_0ce328f32f86 reported completed: 9 members, 6 tasks
2026-08-08 15:12:46 | team | sess_0ce328f32f86 | INFO | [planner1] received TEAM_STANDBY, pausing polls
2026-08-08 15:12:46 | team | sess_0ce328f32f86 | INFO | EventBus[teammate] pausing polls
