2026-08-08 14:58:32 | team | sess_0ce328f32f86 | INFO | Team workspace directory ensured at /srv/jwteam_clone/shared/run_current
2026-08-08 14:58:32 | team | sess_0ce328f32f86 | INFO | AgentTeam manager initialized for jiuwen_team_sess_0ce328f32f86, member=team_leader
2026-08-08 14:58:32 | team | sess_0ce328f32f86 | INFO | [team_leader] TeamPolicyRail static sections: section_names=['team_role', 'team_workflow', 'team_swarmflow', 'team_lifecycle', 'team_persona']
2026-08-08 14:58:33 | team | sess_0ce328f32f86 | INFO | Session tables ready for session sess_0ce328f32f86
2026-08-08 14:58:33 | team | sess_0ce328f32f86 | INFO | Team database initialized
2026-08-08 14:58:33 | team | default_trace_id | INFO | Team workspace directory ensured at /srv/jwteam_clone/shared/run_current
2026-08-08 14:58:33 | team | default_trace_id | INFO | AgentTeam manager initialized for jiuwen_team_sess_0ce328f32f86, member=verifier2
2026-08-08 14:58:33 | team | default_trace_id | INFO | [verifier2] TeamPolicyRail static sections: section_names=['team_role', 'team_persona']
2026-08-08 14:58:33 | team | sess_0ce328f32f86 | INFO | [verifier2] invoke start, role=teammate
2026-08-08 14:58:33 | team | sess_0ce328f32f86 | INFO | [verifier2] coordination starting
2026-08-08 14:58:33 | team | sess_0ce328f32f86 | INFO | Session tables ready for session sess_0ce328f32f86
2026-08-08 14:58:33 | team | sess_0ce328f32f86 | INFO | Workspace /srv/jwteam_clone/shared/run_current initialized as plain shared directory (version_control disabled)
2026-08-08 14:58:33 | team | sess_0ce328f32f86 | INFO | EventBus[teammate] starting
2026-08-08 14:59:34 | team | sess_0ce328f32f86 | INFO | [verifier2] HITT section refresh: human_agent_names=[]
2026-08-08 14:59:49 | team | sess_0ce328f32f86 | INFO | [verifier2] processing 1 unread messages (steer=True)
2026-08-08 14:59:49 | team | sess_0ce328f32f86 | INFO | Message 69ed4bfc-4513-40cf-8bf4-2d6f0005bd76 marked as read by verifier2
2026-08-08 15:02:00 | team | sess_0ce328f32f86 | INFO | [verifier2] processing 1 unread messages (steer=True)
2026-08-08 15:02:01 | team | sess_0ce328f32f86 | INFO | Message 2893d2f0-0806-4f37-9289-a7fd979e50c6 marked as read by verifier2
2026-08-08 15:02:06 | team | sess_0ce328f32f86 | INFO | Task spec5-verify claimed by member verifier2
2026-08-08 15:02:06 | team | sess_0ce328f32f86 | INFO | Task spec5-verify claimed by member verifier2
2026-08-08 15:03:38 | team | sess_0ce328f32f86 | INFO | Task spec5-verify completed at 1786197818199
2026-08-08 15:03:38 | team | sess_0ce328f32f86 | INFO | Task spec5-verify completed
2026-08-08 15:03:43 | team | sess_0ce328f32f86 | INFO | Message 964af85a-31bd-45b2-9542-60037c45960a created
2026-08-08 15:05:15 | team | sess_0ce328f32f86 | INFO | task list drained for team jiuwen_team_sess_0ce328f32f86: 6 terminal task(s)
2026-08-08 15:05:40 | team | sess_0ce328f32f86 | INFO | [verifier2] processing 1 unread messages (steer=True)
2026-08-08 15:05:41 | team | sess_0ce328f32f86 | INFO | Message 5b0f5940-8313-4cc1-863f-20ecbe2f6126 marked as read by verifier2
2026-08-08 15:12:45 | team | sess_0ce328f32f86 | INFO | team jiuwen_team_sess_0ce328f32f86 reported completed: 9 members, 6 tasks
2026-08-08 15:12:46 | team | sess_0ce328f32f86 | INFO | [verifier2] received TEAM_STANDBY, pausing polls
2026-08-08 15:12:46 | team | sess_0ce328f32f86 | INFO | EventBus[teammate] pausing polls
