2026-08-07 23:59:44 | team | sess_ee9f0bd59534 | INFO | Team workspace directory ensured at /srv/jwteam_clone/shared/run_current
2026-08-07 23:59:44 | team | sess_ee9f0bd59534 | INFO | AgentTeam manager initialized for jiuwen_team_sess_ee9f0bd59534, member=team_leader
2026-08-07 23:59:44 | team | sess_ee9f0bd59534 | INFO | [team_leader] TeamPolicyRail static sections: section_names=['team_role', 'team_workflow', 'team_swarmflow', 'team_lifecycle', 'team_persona']
2026-08-07 23:59:44 | team | sess_ee9f0bd59534 | INFO | Session tables ready for session sess_ee9f0bd59534
2026-08-07 23:59:44 | team | sess_ee9f0bd59534 | INFO | Team database initialized
2026-08-07 23:59:44 | team | default_trace_id | INFO | Team workspace directory ensured at /srv/jwteam_clone/shared/run_current
2026-08-07 23:59:44 | team | default_trace_id | INFO | AgentTeam manager initialized for jiuwen_team_sess_ee9f0bd59534, member=planner2
2026-08-07 23:59:44 | team | default_trace_id | INFO | [planner2] TeamPolicyRail static sections: section_names=['team_role', 'team_persona']
2026-08-07 23:59:44 | team | sess_ee9f0bd59534 | INFO | [planner2] invoke start, role=teammate
2026-08-07 23:59:44 | team | sess_ee9f0bd59534 | INFO | [planner2] coordination starting
2026-08-07 23:59:44 | team | sess_ee9f0bd59534 | INFO | Session tables ready for session sess_ee9f0bd59534
2026-08-07 23:59:44 | team | sess_ee9f0bd59534 | INFO | Workspace /srv/jwteam_clone/shared/run_current initialized as plain shared directory (version_control disabled)
2026-08-07 23:59:44 | team | sess_ee9f0bd59534 | INFO | EventBus[teammate] starting
2026-08-08 00:00:03 | team | sess_ee9f0bd59534 | INFO | [planner2] HITT section refresh: human_agent_names=[]
2026-08-08 00:00:07 | team | sess_ee9f0bd59534 | INFO | Task plan-audit claimed by member planner2
2026-08-08 00:00:07 | team | sess_ee9f0bd59534 | INFO | Task plan-audit claimed by member planner2
2026-08-08 00:00:33 | team | sess_ee9f0bd59534 | INFO | [planner2] processing 1 unread messages (steer=True)
2026-08-08 00:00:33 | team | sess_ee9f0bd59534 | INFO | Message 13ebcb69-428a-4371-a7cb-687e8faaeeed marked as read by planner2
2026-08-08 00:01:00 | team | sess_ee9f0bd59534 | INFO | Message bf502ae3-4a6e-48d6-9924-3e0a1620d13a created
2026-08-08 00:01:08 | team | sess_ee9f0bd59534 | INFO | Task plan-audit completed at 1786143668514
2026-08-08 00:01:08 | team | sess_ee9f0bd59534 | INFO | Resolved 1 dependencies for task plan-audit
2026-08-08 00:01:08 | team | sess_ee9f0bd59534 | INFO | Task impl-audit unblocked (all deps resolved)
2026-08-08 00:01:08 | team | sess_ee9f0bd59534 | INFO | Task plan-audit completed
2026-08-08 00:01:08 | team | sess_ee9f0bd59534 | INFO | Unblocked 1 tasks
2026-08-08 00:01:13 | team | sess_ee9f0bd59534 | INFO | Message 197c5e37-eae1-44a4-984b-5b7a806f93b3 created
2026-08-08 00:01:55 | team | sess_ee9f0bd59534 | INFO | Message 0c2538b9-96b9-4af6-93f5-f2e0473dda64 created
2026-08-08 00:02:40 | team | sess_ee9f0bd59534 | INFO | task list drained for team jiuwen_team_sess_ee9f0bd59534: 3 terminal task(s)
2026-08-08 00:02:51 | team | sess_ee9f0bd59534 | INFO | [planner2] processing 1 unread messages (steer=True)
2026-08-08 00:02:51 | team | sess_ee9f0bd59534 | INFO | Message 1ebfca13-ea1b-4a6b-ab48-acbac6aa00c8 marked as read by planner2
2026-08-08 00:03:20 | team | sess_ee9f0bd59534 | INFO | team jiuwen_team_sess_ee9f0bd59534 reported completed: 9 members, 3 tasks
2026-08-08 00:03:20 | team | sess_ee9f0bd59534 | INFO | [planner2] received TEAM_STANDBY, pausing polls
2026-08-08 00:03:20 | team | sess_ee9f0bd59534 | INFO | EventBus[teammate] pausing polls
