2026-08-07 23:59:45 | team | sess_ee9f0bd59534 | INFO | Team workspace directory ensured at /srv/jwteam_clone/shared/run_current
2026-08-07 23:59:45 | team | sess_ee9f0bd59534 | INFO | AgentTeam manager initialized for jiuwen_team_sess_ee9f0bd59534, member=team_leader
2026-08-07 23:59:45 | team | sess_ee9f0bd59534 | INFO | [team_leader] TeamPolicyRail static sections: section_names=['team_role', 'team_workflow', 'team_swarmflow', 'team_lifecycle', 'team_persona']
2026-08-07 23:59:45 | team | sess_ee9f0bd59534 | INFO | Session tables ready for session sess_ee9f0bd59534
2026-08-07 23:59:45 | team | sess_ee9f0bd59534 | INFO | Team database initialized
2026-08-07 23:59:45 | team | default_trace_id | INFO | Team workspace directory ensured at /srv/jwteam_clone/shared/run_current
2026-08-07 23:59:45 | team | default_trace_id | INFO | AgentTeam manager initialized for jiuwen_team_sess_ee9f0bd59534, member=executor1
2026-08-07 23:59:45 | team | default_trace_id | INFO | [executor1] TeamPolicyRail static sections: section_names=['team_role', 'team_persona']
2026-08-07 23:59:45 | team | sess_ee9f0bd59534 | INFO | [executor1] invoke start, role=teammate
2026-08-07 23:59:45 | team | sess_ee9f0bd59534 | INFO | [executor1] coordination starting
2026-08-07 23:59:45 | team | sess_ee9f0bd59534 | INFO | Session tables ready for session sess_ee9f0bd59534
2026-08-07 23:59:45 | team | sess_ee9f0bd59534 | INFO | Workspace /srv/jwteam_clone/shared/run_current initialized as plain shared directory (version_control disabled)
2026-08-07 23:59:45 | team | sess_ee9f0bd59534 | INFO | EventBus[teammate] starting
2026-08-08 00:00:03 | team | sess_ee9f0bd59534 | INFO | [executor1] HITT section refresh: human_agent_names=[]
2026-08-08 00:00:33 | team | sess_ee9f0bd59534 | INFO | [executor1] processing 1 unread messages (steer=True)
2026-08-08 00:00:33 | team | sess_ee9f0bd59534 | INFO | Message 13ebcb69-428a-4371-a7cb-687e8faaeeed marked as read by executor1
2026-08-08 00:00:45 | team | sess_ee9f0bd59534 | INFO | [executor1] processing 1 unread messages (steer=True)
2026-08-08 00:00:45 | team | sess_ee9f0bd59534 | INFO | Message 887f76e7-862e-41f5-9119-a5ce4a0a7c84 marked as read by executor1
2026-08-08 00:00:54 | team | sess_ee9f0bd59534 | INFO | Message 28740d78-e065-4dd8-9ad2-749776a83c6a created
2026-08-08 00:01:00 | team | sess_ee9f0bd59534 | INFO | [executor1] processing 1 unread messages (steer=True)
2026-08-08 00:01:00 | team | sess_ee9f0bd59534 | INFO | Message bf502ae3-4a6e-48d6-9924-3e0a1620d13a marked as read by executor1
2026-08-08 00:01:08 | team | sess_ee9f0bd59534 | INFO | Task impl-audit claimed by member executor1
2026-08-08 00:01:08 | team | sess_ee9f0bd59534 | INFO | Task impl-audit claimed by member executor1
2026-08-08 00:01:46 | team | sess_ee9f0bd59534 | INFO | Task impl-audit completed at 1786143706704
2026-08-08 00:01:46 | team | sess_ee9f0bd59534 | INFO | Message 19495f02-0b63-4369-847c-83d23c28b086 created
2026-08-08 00:01:46 | team | sess_ee9f0bd59534 | INFO | Resolved 1 dependencies for task impl-audit
2026-08-08 00:01:46 | team | sess_ee9f0bd59534 | INFO | Task verify-audit unblocked (all deps resolved)
2026-08-08 00:01:46 | team | sess_ee9f0bd59534 | INFO | Task impl-audit completed
2026-08-08 00:01:46 | team | sess_ee9f0bd59534 | INFO | Unblocked 1 tasks
2026-08-08 00:02:40 | team | sess_ee9f0bd59534 | INFO | task list drained for team jiuwen_team_sess_ee9f0bd59534: 3 terminal task(s)
2026-08-08 00:02:46 | team | sess_ee9f0bd59534 | INFO | [executor1] processing 1 unread messages (steer=True)
2026-08-08 00:02:47 | team | sess_ee9f0bd59534 | INFO | Message e1c778e3-8b03-4aeb-ba32-8c78f2f5e574 marked as read by executor1
2026-08-08 00:02:51 | team | sess_ee9f0bd59534 | INFO | [executor1] processing 1 unread messages (steer=True)
2026-08-08 00:02:51 | team | sess_ee9f0bd59534 | INFO | Message 1ebfca13-ea1b-4a6b-ab48-acbac6aa00c8 marked as read by executor1
2026-08-08 00:02:52 | team | sess_ee9f0bd59534 | INFO | Message 6221895b-aa3a-4151-82a5-c8805fc62b83 created
2026-08-08 00:03:20 | team | sess_ee9f0bd59534 | INFO | team jiuwen_team_sess_ee9f0bd59534 reported completed: 9 members, 3 tasks
2026-08-08 00:03:20 | team | sess_ee9f0bd59534 | INFO | [executor1] received TEAM_STANDBY, pausing polls
2026-08-08 00:03:20 | team | sess_ee9f0bd59534 | INFO | EventBus[teammate] pausing polls
