2026-08-08 05:20:03 | team | sess_ccc9374785db | INFO | Team workspace directory ensured at /srv/jwteam_clone/shared/run_current
2026-08-08 05:20:03 | team | sess_ccc9374785db | INFO | AgentTeam manager initialized for jiuwen_team_sess_ccc9374785db, member=team_leader
2026-08-08 05:20:03 | team | sess_ccc9374785db | INFO | [team_leader] TeamPolicyRail static sections: section_names=['team_role', 'team_workflow', 'team_swarmflow', 'team_lifecycle', 'team_persona']
2026-08-08 05:20:03 | team | sess_ccc9374785db | INFO | Session tables ready for session sess_ccc9374785db
2026-08-08 05:20:03 | team | sess_ccc9374785db | INFO | Team database initialized
2026-08-08 05:20:03 | team | default_trace_id | INFO | Team workspace directory ensured at /srv/jwteam_clone/shared/run_current
2026-08-08 05:20:03 | team | default_trace_id | INFO | AgentTeam manager initialized for jiuwen_team_sess_ccc9374785db, member=executor2
2026-08-08 05:20:03 | team | default_trace_id | INFO | [executor2] TeamPolicyRail static sections: section_names=['team_role', 'team_persona']
2026-08-08 05:20:03 | team | sess_ccc9374785db | INFO | [executor2] invoke start, role=teammate
2026-08-08 05:20:03 | team | sess_ccc9374785db | INFO | [executor2] coordination starting
2026-08-08 05:20:03 | team | sess_ccc9374785db | INFO | Session tables ready for session sess_ccc9374785db
2026-08-08 05:20:03 | team | sess_ccc9374785db | INFO | Workspace /srv/jwteam_clone/shared/run_current initialized as plain shared directory (version_control disabled)
2026-08-08 05:20:03 | team | sess_ccc9374785db | INFO | EventBus[teammate] starting
2026-08-08 05:20:29 | team | sess_ccc9374785db | INFO | [executor2] HITT section refresh: human_agent_names=[]
2026-08-08 05:20:40 | team | sess_ccc9374785db | INFO | [executor2] processing 1 unread messages (steer=True)
2026-08-08 05:20:40 | team | sess_ccc9374785db | INFO | Message 34f85b9a-d44a-456c-8b24-be67af748452 marked as read by executor2
2026-08-08 05:20:56 | team | sess_ccc9374785db | INFO | Message dc20e7fe-9aa9-47c5-a644-744f1bff0527 created
2026-08-08 05:21:03 | team | sess_ccc9374785db | INFO | [executor2] processing 1 unread messages (steer=True)
2026-08-08 05:21:03 | team | sess_ccc9374785db | INFO | Message 5ec886a8-c677-4549-955d-ec46c30cda88 marked as read by executor2
2026-08-08 05:21:09 | team | sess_ccc9374785db | INFO | Message 2553a2a5-4a18-41be-8dea-633f6629ee0d created
2026-08-08 05:21:15 | team | sess_ccc9374785db | INFO | Message a4f24bc2-9b5b-413a-854d-60e033791b1f created
2026-08-08 05:21:54 | team | sess_ccc9374785db | INFO | [executor2] processing 1 unread messages (steer=True)
2026-08-08 05:21:54 | team | sess_ccc9374785db | INFO | Message 8a314dd2-cea5-4686-b3b5-439985c08430 marked as read by executor2
2026-08-08 05:22:01 | team | sess_ccc9374785db | INFO | Task lh5_implement claimed by member executor2
2026-08-08 05:22:01 | team | sess_ccc9374785db | INFO | Task lh5_implement claimed by member executor2
2026-08-08 05:22:07 | team | sess_ccc9374785db | INFO | Message 6236d326-8f78-48a9-81ab-f1092c55b4b5 created
2026-08-08 05:23:25 | team | sess_ccc9374785db | INFO | Task lh5_implement completed at 1786163005413
2026-08-08 05:23:25 | team | sess_ccc9374785db | INFO | Resolved 1 dependencies for task lh5_implement
2026-08-08 05:23:25 | team | sess_ccc9374785db | INFO | Task lh5_verify unblocked (all deps resolved)
2026-08-08 05:23:25 | team | sess_ccc9374785db | INFO | Task lh5_implement completed
2026-08-08 05:23:25 | team | sess_ccc9374785db | INFO | Unblocked 1 tasks
2026-08-08 05:23:31 | team | sess_ccc9374785db | INFO | Message 4c3dd789-0ecd-4f1e-8470-77125be8a6a4 created
2026-08-08 05:26:29 | team | sess_ccc9374785db | INFO | task list drained for team jiuwen_team_sess_ccc9374785db: 6 terminal task(s)
2026-08-08 05:26:38 | team | sess_ccc9374785db | INFO | [executor2] processing 1 unread messages (steer=True)
2026-08-08 05:26:39 | team | sess_ccc9374785db | INFO | Message 5fc3ec74-54fa-4fd3-82a1-481960cdf501 marked as read by executor2
2026-08-08 05:26:50 | team | sess_ccc9374785db | INFO | team jiuwen_team_sess_ccc9374785db reported completed: 9 members, 6 tasks
2026-08-08 05:26:51 | team | sess_ccc9374785db | INFO | [executor2] received TEAM_STANDBY, pausing polls
2026-08-08 05:26:51 | team | sess_ccc9374785db | INFO | EventBus[teammate] pausing polls
