2026-08-08 05:20:03 | team | sess_ccc9374785db | INFO | Team workspace directory ensured at /srv/jwteam_clone/shared/run_current
2026-08-08 05:20:03 | team | sess_ccc9374785db | INFO | AgentTeam manager initialized for jiuwen_team_sess_ccc9374785db, member=team_leader
2026-08-08 05:20:03 | team | sess_ccc9374785db | INFO | [team_leader] TeamPolicyRail static sections: section_names=['team_role', 'team_workflow', 'team_swarmflow', 'team_lifecycle', 'team_persona']
2026-08-08 05:20:03 | team | sess_ccc9374785db | INFO | Session tables ready for session sess_ccc9374785db
2026-08-08 05:20:03 | team | sess_ccc9374785db | INFO | Team database initialized
2026-08-08 05:20:03 | team | default_trace_id | INFO | Team workspace directory ensured at /srv/jwteam_clone/shared/run_current
2026-08-08 05:20:03 | team | default_trace_id | INFO | AgentTeam manager initialized for jiuwen_team_sess_ccc9374785db, member=executor3
2026-08-08 05:20:03 | team | default_trace_id | INFO | [executor3] TeamPolicyRail static sections: section_names=['team_role', 'team_persona']
2026-08-08 05:20:03 | team | sess_ccc9374785db | INFO | [executor3] invoke start, role=teammate
2026-08-08 05:20:03 | team | sess_ccc9374785db | INFO | [executor3] coordination starting
2026-08-08 05:20:03 | team | sess_ccc9374785db | INFO | Session tables ready for session sess_ccc9374785db
2026-08-08 05:20:04 | team | sess_ccc9374785db | INFO | Workspace /srv/jwteam_clone/shared/run_current initialized as plain shared directory (version_control disabled)
2026-08-08 05:20:04 | team | sess_ccc9374785db | INFO | EventBus[teammate] starting
2026-08-08 05:20:29 | team | sess_ccc9374785db | INFO | [executor3] HITT section refresh: human_agent_names=[]
2026-08-08 05:20:40 | team | sess_ccc9374785db | INFO | [executor3] processing 1 unread messages (steer=True)
2026-08-08 05:20:40 | team | sess_ccc9374785db | INFO | Message 34f85b9a-d44a-456c-8b24-be67af748452 marked as read by executor3
2026-08-08 05:21:00 | team | sess_ccc9374785db | INFO | Message 522de3cb-b4f1-4d84-805c-1fde843d5de4 created
2026-08-08 05:26:29 | team | sess_ccc9374785db | INFO | task list drained for team jiuwen_team_sess_ccc9374785db: 6 terminal task(s)
2026-08-08 05:26:38 | team | sess_ccc9374785db | INFO | [executor3] processing 1 unread messages (steer=True)
2026-08-08 05:26:39 | team | sess_ccc9374785db | INFO | Message 5fc3ec74-54fa-4fd3-82a1-481960cdf501 marked as read by executor3
2026-08-08 05:26:50 | team | sess_ccc9374785db | INFO | team jiuwen_team_sess_ccc9374785db reported completed: 9 members, 6 tasks
2026-08-08 05:26:51 | team | sess_ccc9374785db | INFO | [executor3] received TEAM_STANDBY, pausing polls
2026-08-08 05:26:51 | team | sess_ccc9374785db | INFO | EventBus[teammate] pausing polls
