2026-08-08 05:20:07 | team | sess_ccc9374785db | INFO | Team workspace directory ensured at /srv/jwteam_clone/shared/run_current
2026-08-08 05:20:07 | team | sess_ccc9374785db | INFO | AgentTeam manager initialized for jiuwen_team_sess_ccc9374785db, member=team_leader
2026-08-08 05:20:07 | team | sess_ccc9374785db | INFO | [team_leader] TeamPolicyRail static sections: section_names=['team_role', 'team_workflow', 'team_swarmflow', 'team_lifecycle', 'team_persona']
2026-08-08 05:20:07 | team | sess_ccc9374785db | INFO | Session tables ready for session sess_ccc9374785db
2026-08-08 05:20:07 | team | sess_ccc9374785db | INFO | Team database initialized
2026-08-08 05:20:07 | team | default_trace_id | INFO | Team workspace directory ensured at /srv/jwteam_clone/shared/run_current
2026-08-08 05:20:07 | team | default_trace_id | INFO | AgentTeam manager initialized for jiuwen_team_sess_ccc9374785db, member=fullstack1
2026-08-08 05:20:07 | team | default_trace_id | INFO | [fullstack1] TeamPolicyRail static sections: section_names=['team_role', 'team_persona']
2026-08-08 05:20:07 | team | sess_ccc9374785db | INFO | [fullstack1] invoke start, role=teammate
2026-08-08 05:20:07 | team | sess_ccc9374785db | INFO | [fullstack1] coordination starting
2026-08-08 05:20:07 | team | sess_ccc9374785db | INFO | Session tables ready for session sess_ccc9374785db
2026-08-08 05:20:07 | team | sess_ccc9374785db | INFO | Workspace /srv/jwteam_clone/shared/run_current initialized as plain shared directory (version_control disabled)
2026-08-08 05:20:07 | team | sess_ccc9374785db | INFO | EventBus[teammate] starting
2026-08-08 05:20:29 | team | sess_ccc9374785db | INFO | [fullstack1] HITT section refresh: human_agent_names=[]
2026-08-08 05:20:40 | team | sess_ccc9374785db | INFO | [fullstack1] processing 1 unread messages (steer=True)
2026-08-08 05:20:40 | team | sess_ccc9374785db | INFO | Message 34f85b9a-d44a-456c-8b24-be67af748452 marked as read by fullstack1
2026-08-08 05:21:05 | team | sess_ccc9374785db | INFO | Message 3e01e37d-7dd4-4f3e-ada6-0d2dfeb92c96 created
2026-08-08 05:21:57 | team | sess_ccc9374785db | INFO | Task pipe3_implement claimed by member fullstack1
2026-08-08 05:21:57 | team | sess_ccc9374785db | INFO | Task pipe3_implement claimed by member fullstack1
2026-08-08 05:22:12 | team | sess_ccc9374785db | INFO | Message 845c4d3c-a8b3-4e12-81c3-d4bfe9d9d660 created
2026-08-08 05:22:24 | team | sess_ccc9374785db | INFO | [fullstack1] processing 1 unread messages (steer=True)
2026-08-08 05:22:24 | team | sess_ccc9374785db | INFO | Message 5f96ac26-b9d6-4f98-b89e-2791f6bc0120 marked as read by fullstack1
2026-08-08 05:23:02 | team | sess_ccc9374785db | INFO | Task pipe3_implement completed at 1786162982591
2026-08-08 05:23:02 | team | sess_ccc9374785db | INFO | Message 17d752be-421f-4589-8511-5f5bd23481f3 created
2026-08-08 05:23:02 | team | sess_ccc9374785db | INFO | Resolved 1 dependencies for task pipe3_implement
2026-08-08 05:23:02 | team | sess_ccc9374785db | INFO | Task pipe3_verify unblocked (all deps resolved)
2026-08-08 05:23:02 | team | sess_ccc9374785db | INFO | Task pipe3_implement completed
2026-08-08 05:23:02 | team | sess_ccc9374785db | INFO | Unblocked 1 tasks
2026-08-08 05:23:08 | team | sess_ccc9374785db | INFO | Message dec14231-ebf4-4559-ab2f-4c6a0a7643a4 created
2026-08-08 05:26:29 | team | sess_ccc9374785db | INFO | task list drained for team jiuwen_team_sess_ccc9374785db: 6 terminal task(s)
2026-08-08 05:26:38 | team | sess_ccc9374785db | INFO | [fullstack1] processing 1 unread messages (steer=True)
2026-08-08 05:26:39 | team | sess_ccc9374785db | INFO | Message 5fc3ec74-54fa-4fd3-82a1-481960cdf501 marked as read by fullstack1
2026-08-08 05:26:50 | team | sess_ccc9374785db | INFO | team jiuwen_team_sess_ccc9374785db reported completed: 9 members, 6 tasks
2026-08-08 05:26:51 | team | sess_ccc9374785db | INFO | [fullstack1] received TEAM_STANDBY, pausing polls
2026-08-08 05:26:51 | team | sess_ccc9374785db | INFO | EventBus[teammate] pausing polls
