2026-08-08 05:20:05 | team | sess_ccc9374785db | INFO | Team workspace directory ensured at /srv/jwteam_clone/shared/run_current
2026-08-08 05:20:05 | team | sess_ccc9374785db | INFO | AgentTeam manager initialized for jiuwen_team_sess_ccc9374785db, member=team_leader
2026-08-08 05:20:05 | team | sess_ccc9374785db | INFO | [team_leader] TeamPolicyRail static sections: section_names=['team_role', 'team_workflow', 'team_swarmflow', 'team_lifecycle', 'team_persona']
2026-08-08 05:20:06 | team | sess_ccc9374785db | INFO | Session tables ready for session sess_ccc9374785db
2026-08-08 05:20:06 | team | sess_ccc9374785db | INFO | Team database initialized
2026-08-08 05:20:06 | team | default_trace_id | INFO | Team workspace directory ensured at /srv/jwteam_clone/shared/run_current
2026-08-08 05:20:06 | team | default_trace_id | INFO | AgentTeam manager initialized for jiuwen_team_sess_ccc9374785db, member=verifier2
2026-08-08 05:20:06 | team | default_trace_id | INFO | [verifier2] TeamPolicyRail static sections: section_names=['team_role', 'team_persona']
2026-08-08 05:20:06 | team | sess_ccc9374785db | INFO | [verifier2] invoke start, role=teammate
2026-08-08 05:20:06 | team | sess_ccc9374785db | INFO | [verifier2] coordination starting
2026-08-08 05:20:06 | team | sess_ccc9374785db | INFO | Session tables ready for session sess_ccc9374785db
2026-08-08 05:20:06 | team | sess_ccc9374785db | INFO | Workspace /srv/jwteam_clone/shared/run_current initialized as plain shared directory (version_control disabled)
2026-08-08 05:20:06 | team | sess_ccc9374785db | INFO | EventBus[teammate] starting
2026-08-08 05:20:29 | team | sess_ccc9374785db | INFO | [verifier2] HITT section refresh: human_agent_names=[]
2026-08-08 05:20:40 | team | sess_ccc9374785db | INFO | [verifier2] processing 1 unread messages (steer=True)
2026-08-08 05:20:40 | team | sess_ccc9374785db | INFO | Message 34f85b9a-d44a-456c-8b24-be67af748452 marked as read by verifier2
2026-08-08 05:20:55 | team | sess_ccc9374785db | INFO | Message b665e1e7-8ff4-48a3-b860-d34d34cf7d32 created
2026-08-08 05:23:30 | team | sess_ccc9374785db | INFO | Task lh5_verify claimed by member verifier2
2026-08-08 05:23:30 | team | sess_ccc9374785db | INFO | Task lh5_verify claimed by member verifier2
2026-08-08 05:23:31 | team | sess_ccc9374785db | INFO | [verifier2] processing 1 unread messages (steer=True)
2026-08-08 05:23:31 | team | sess_ccc9374785db | INFO | Message 4c3dd789-0ecd-4f1e-8470-77125be8a6a4 marked as read by verifier2
2026-08-08 05:26:29 | team | sess_ccc9374785db | INFO | Task lh5_verify completed at 1786163189316
2026-08-08 05:26:29 | team | sess_ccc9374785db | INFO | Message 1da80424-b8f9-407b-b73e-193dd7e7f737 created
2026-08-08 05:26:29 | team | sess_ccc9374785db | INFO | Task lh5_verify completed
2026-08-08 05:26:38 | team | sess_ccc9374785db | INFO | [verifier2] processing 1 unread messages (steer=True)
2026-08-08 05:26:38 | team | sess_ccc9374785db | INFO | Message 5fc3ec74-54fa-4fd3-82a1-481960cdf501 marked as read by verifier2
2026-08-08 05:26:50 | team | sess_ccc9374785db | INFO | team jiuwen_team_sess_ccc9374785db reported completed: 9 members, 6 tasks
2026-08-08 05:26:51 | team | sess_ccc9374785db | INFO | [verifier2] received TEAM_STANDBY, pausing polls
2026-08-08 05:26:51 | team | sess_ccc9374785db | INFO | EventBus[teammate] pausing polls
