2026-08-08 11:54:57 | team | sess_94c4aac9ad6d | INFO | Team workspace directory ensured at /srv/jwteam_clone/shared/run_current
2026-08-08 11:54:57 | team | sess_94c4aac9ad6d | INFO | AgentTeam manager initialized for jiuwen_team_sess_94c4aac9ad6d, member=team_leader
2026-08-08 11:54:57 | team | sess_94c4aac9ad6d | INFO | [team_leader] TeamPolicyRail static sections: section_names=['team_role', 'team_workflow', 'team_swarmflow', 'team_lifecycle', 'team_persona']
2026-08-08 11:54:57 | team | sess_94c4aac9ad6d | INFO | Session tables ready for session sess_94c4aac9ad6d
2026-08-08 11:54:57 | team | sess_94c4aac9ad6d | INFO | Team database initialized
2026-08-08 11:54:57 | team | default_trace_id | INFO | Team workspace directory ensured at /srv/jwteam_clone/shared/run_current
2026-08-08 11:54:57 | team | default_trace_id | INFO | AgentTeam manager initialized for jiuwen_team_sess_94c4aac9ad6d, member=planner1
2026-08-08 11:54:57 | team | default_trace_id | INFO | [planner1] TeamPolicyRail static sections: section_names=['team_role', 'team_persona']
2026-08-08 11:54:57 | team | sess_94c4aac9ad6d | INFO | [planner1] invoke start, role=teammate
2026-08-08 11:54:57 | team | sess_94c4aac9ad6d | INFO | [planner1] coordination starting
2026-08-08 11:54:57 | team | sess_94c4aac9ad6d | INFO | Session tables ready for session sess_94c4aac9ad6d
2026-08-08 11:54:58 | team | sess_94c4aac9ad6d | INFO | Workspace /srv/jwteam_clone/shared/run_current initialized as plain shared directory (version_control disabled)
2026-08-08 11:54:58 | team | sess_94c4aac9ad6d | INFO | EventBus[teammate] starting
2026-08-08 11:55:18 | team | sess_94c4aac9ad6d | INFO | [planner1] HITT section refresh: human_agent_names=[]
2026-08-08 11:55:28 | team | sess_94c4aac9ad6d | INFO | [planner1] processing 1 unread messages (steer=True)
2026-08-08 11:55:28 | team | sess_94c4aac9ad6d | INFO | Message 6f6b1a3e-bc39-41f0-8d65-532ceca92fc6 marked as read by planner1
2026-08-08 11:55:46 | team | sess_94c4aac9ad6d | INFO | Message f128bd11-5f70-4af0-ada2-2aa2a92483b2 created
2026-08-08 11:55:55 | team | sess_94c4aac9ad6d | INFO | Message 400726ea-5444-463f-8ab9-2456941b9ba6 created
2026-08-08 11:56:07 | team | sess_94c4aac9ad6d | INFO | [planner1] processing 1 unread messages (steer=True)
2026-08-08 11:56:07 | team | sess_94c4aac9ad6d | INFO | Message 444f6713-9202-4023-b799-dc8bd8058f90 marked as read by planner1
2026-08-08 11:56:09 | team | sess_94c4aac9ad6d | INFO | Message 503b5463-8e78-4da7-95f9-1d05dfcf5cc2 created
2026-08-08 11:56:20 | team | sess_94c4aac9ad6d | INFO | [planner1] processing 1 unread messages (steer=True)
2026-08-08 11:56:20 | team | sess_94c4aac9ad6d | INFO | Message 7a995a56-bb01-4b21-b723-fa6ef018a42d marked as read by planner1
2026-08-08 11:56:21 | team | sess_94c4aac9ad6d | INFO | Message 1ae7a288-dc16-40b0-8373-2a6731bac956 created
2026-08-08 11:56:27 | team | sess_94c4aac9ad6d | INFO | Message 7242c947-58be-42fb-afd7-5db627a24cba created
2026-08-08 11:56:30 | team | sess_94c4aac9ad6d | INFO | [planner1] processing 1 unread messages (steer=True)
2026-08-08 11:56:30 | team | sess_94c4aac9ad6d | INFO | Message 0456a5ca-d0b7-4f91-8d89-58a3d82d3fc6 marked as read by planner1
2026-08-08 11:56:41 | team | sess_94c4aac9ad6d | INFO | [planner1] processing 1 unread messages (steer=True)
2026-08-08 11:56:41 | team | sess_94c4aac9ad6d | INFO | Message ca7e2678-88a5-467b-81ae-07a956a1d5fd marked as read by planner1
2026-08-08 11:57:05 | team | sess_94c4aac9ad6d | INFO | Message 7929cd72-02bd-4d3a-ad9e-701dba32214c created
2026-08-08 11:57:10 | team | sess_94c4aac9ad6d | INFO | [planner1] processing 1 unread messages (steer=True)
2026-08-08 11:57:10 | team | sess_94c4aac9ad6d | INFO | Message bac1684c-38e3-4e31-869c-b374dd4cf6d6 marked as read by planner1
2026-08-08 11:58:52 | team | sess_94c4aac9ad6d | INFO | task list drained for team jiuwen_team_sess_94c4aac9ad6d: 3 terminal task(s)
2026-08-08 11:59:06 | team | sess_94c4aac9ad6d | INFO | [planner1] processing 1 unread messages (steer=True)
2026-08-08 11:59:06 | team | sess_94c4aac9ad6d | INFO | Message fa40800c-0743-48b9-a8a0-37729e19fc87 marked as read by planner1
2026-08-08 11:59:28 | team | sess_94c4aac9ad6d | INFO | team jiuwen_team_sess_94c4aac9ad6d reported completed: 9 members, 3 tasks
2026-08-08 11:59:28 | team | sess_94c4aac9ad6d | INFO | [planner1] received TEAM_STANDBY, pausing polls
2026-08-08 11:59:28 | team | sess_94c4aac9ad6d | INFO | EventBus[teammate] pausing polls
