2026-08-08 11:55:02 | team | sess_94c4aac9ad6d | INFO | Team workspace directory ensured at /srv/jwteam_clone/shared/run_current
2026-08-08 11:55:02 | team | sess_94c4aac9ad6d | INFO | AgentTeam manager initialized for jiuwen_team_sess_94c4aac9ad6d, member=team_leader
2026-08-08 11:55:02 | team | sess_94c4aac9ad6d | INFO | [team_leader] TeamPolicyRail static sections: section_names=['team_role', 'team_workflow', 'team_swarmflow', 'team_lifecycle', 'team_persona']
2026-08-08 11:55:02 | team | sess_94c4aac9ad6d | INFO | Session tables ready for session sess_94c4aac9ad6d
2026-08-08 11:55:02 | team | sess_94c4aac9ad6d | INFO | Team database initialized
2026-08-08 11:55:02 | team | default_trace_id | INFO | Team workspace directory ensured at /srv/jwteam_clone/shared/run_current
2026-08-08 11:55:02 | team | default_trace_id | INFO | AgentTeam manager initialized for jiuwen_team_sess_94c4aac9ad6d, member=verifier1
2026-08-08 11:55:02 | team | default_trace_id | INFO | [verifier1] TeamPolicyRail static sections: section_names=['team_role', 'team_persona']
2026-08-08 11:55:02 | team | sess_94c4aac9ad6d | INFO | [verifier1] invoke start, role=teammate
2026-08-08 11:55:02 | team | sess_94c4aac9ad6d | INFO | [verifier1] coordination starting
2026-08-08 11:55:02 | team | sess_94c4aac9ad6d | INFO | Session tables ready for session sess_94c4aac9ad6d
2026-08-08 11:55:02 | team | sess_94c4aac9ad6d | INFO | Workspace /srv/jwteam_clone/shared/run_current initialized as plain shared directory (version_control disabled)
2026-08-08 11:55:02 | team | sess_94c4aac9ad6d | INFO | EventBus[teammate] starting
2026-08-08 11:55:18 | team | sess_94c4aac9ad6d | INFO | [verifier1] HITT section refresh: human_agent_names=[]
2026-08-08 11:55:28 | team | sess_94c4aac9ad6d | INFO | [verifier1] processing 1 unread messages (steer=True)
2026-08-08 11:55:28 | team | sess_94c4aac9ad6d | INFO | Message 6f6b1a3e-bc39-41f0-8d65-532ceca92fc6 marked as read by verifier1
2026-08-08 11:57:39 | team | sess_94c4aac9ad6d | INFO | [verifier1] processing 1 unread messages (steer=True)
2026-08-08 11:57:39 | team | sess_94c4aac9ad6d | INFO | Message 55540f8a-7884-4e57-a7fb-98bdb3268bc0 marked as read by verifier1
2026-08-08 11:58:52 | team | sess_94c4aac9ad6d | INFO | task list drained for team jiuwen_team_sess_94c4aac9ad6d: 3 terminal task(s)
2026-08-08 11:59:06 | team | sess_94c4aac9ad6d | INFO | [verifier1] processing 1 unread messages (steer=True)
2026-08-08 11:59:06 | team | sess_94c4aac9ad6d | INFO | Message fa40800c-0743-48b9-a8a0-37729e19fc87 marked as read by verifier1
2026-08-08 11:59:28 | team | sess_94c4aac9ad6d | INFO | team jiuwen_team_sess_94c4aac9ad6d reported completed: 9 members, 3 tasks
2026-08-08 11:59:28 | team | sess_94c4aac9ad6d | INFO | [verifier1] received TEAM_STANDBY, pausing polls
2026-08-08 11:59:28 | team | sess_94c4aac9ad6d | INFO | EventBus[teammate] pausing polls
