2026-08-08 11:54:58 | team | sess_94c4aac9ad6d | INFO | Team workspace directory ensured at /srv/jwteam_clone/shared/run_current
2026-08-08 11:54:58 | team | sess_94c4aac9ad6d | INFO | AgentTeam manager initialized for jiuwen_team_sess_94c4aac9ad6d, member=team_leader
2026-08-08 11:54:58 | team | sess_94c4aac9ad6d | INFO | [team_leader] TeamPolicyRail static sections: section_names=['team_role', 'team_workflow', 'team_swarmflow', 'team_lifecycle', 'team_persona']
2026-08-08 11:54:59 | team | sess_94c4aac9ad6d | INFO | Session tables ready for session sess_94c4aac9ad6d
2026-08-08 11:54:59 | team | sess_94c4aac9ad6d | INFO | Team database initialized
2026-08-08 11:54:59 | team | default_trace_id | INFO | Team workspace directory ensured at /srv/jwteam_clone/shared/run_current
2026-08-08 11:54:59 | team | default_trace_id | INFO | AgentTeam manager initialized for jiuwen_team_sess_94c4aac9ad6d, member=planner2
2026-08-08 11:54:59 | team | default_trace_id | INFO | [planner2] TeamPolicyRail static sections: section_names=['team_role', 'team_persona']
2026-08-08 11:54:59 | team | sess_94c4aac9ad6d | INFO | [planner2] invoke start, role=teammate
2026-08-08 11:54:59 | team | sess_94c4aac9ad6d | INFO | [planner2] coordination starting
2026-08-08 11:54:59 | team | sess_94c4aac9ad6d | INFO | Session tables ready for session sess_94c4aac9ad6d
2026-08-08 11:54:59 | team | sess_94c4aac9ad6d | INFO | Workspace /srv/jwteam_clone/shared/run_current initialized as plain shared directory (version_control disabled)
2026-08-08 11:54:59 | team | sess_94c4aac9ad6d | INFO | EventBus[teammate] starting
2026-08-08 11:55:18 | team | sess_94c4aac9ad6d | INFO | [planner2] HITT section refresh: human_agent_names=[]
2026-08-08 11:55:24 | team | sess_94c4aac9ad6d | INFO | Task plan claimed by member planner2
2026-08-08 11:55:24 | team | sess_94c4aac9ad6d | INFO | Task plan claimed by member planner2
2026-08-08 11:55:28 | team | sess_94c4aac9ad6d | INFO | [planner2] processing 1 unread messages (steer=True)
2026-08-08 11:55:28 | team | sess_94c4aac9ad6d | INFO | Message 6f6b1a3e-bc39-41f0-8d65-532ceca92fc6 marked as read by planner2
2026-08-08 11:55:44 | team | sess_94c4aac9ad6d | INFO | Message 4b21b873-5921-4701-a5d0-c7bc6095dfd5 created
2026-08-08 11:55:46 | team | sess_94c4aac9ad6d | INFO | [planner2] processing 1 unread messages (steer=True)
2026-08-08 11:55:46 | team | sess_94c4aac9ad6d | INFO | Message f128bd11-5f70-4af0-ada2-2aa2a92483b2 marked as read by planner2
2026-08-08 11:55:55 | team | sess_94c4aac9ad6d | INFO | Task plan completed at 1786186555156
2026-08-08 11:55:55 | team | sess_94c4aac9ad6d | INFO | Message c753c1b7-5b5d-47de-87eb-e230fd70e47e created
2026-08-08 11:55:55 | team | sess_94c4aac9ad6d | INFO | Resolved 1 dependencies for task plan
2026-08-08 11:55:55 | team | sess_94c4aac9ad6d | INFO | Task implement unblocked (all deps resolved)
2026-08-08 11:55:55 | team | sess_94c4aac9ad6d | INFO | Task plan completed
2026-08-08 11:55:55 | team | sess_94c4aac9ad6d | INFO | Unblocked 1 tasks
2026-08-08 11:56:03 | team | sess_94c4aac9ad6d | INFO | [planner2] processing 1 unread messages (steer=True)
2026-08-08 11:56:03 | team | sess_94c4aac9ad6d | INFO | Message ade5a727-ae6c-412f-b795-c91f4d3e2814 marked as read by planner2
2026-08-08 11:56:07 | team | sess_94c4aac9ad6d | INFO | Message 444f6713-9202-4023-b799-dc8bd8058f90 created
2026-08-08 11:56:15 | team | sess_94c4aac9ad6d | INFO | Message db8c2b5b-2fce-448d-83c5-b1a754758cb9 created
2026-08-08 11:56:20 | team | sess_94c4aac9ad6d | INFO | [planner2] processing 1 unread messages (steer=True)
2026-08-08 11:56:20 | team | sess_94c4aac9ad6d | INFO | Message 1a9a34c0-70d0-4b0d-a132-ec995085e90b marked as read by planner2
2026-08-08 11:56:21 | team | sess_94c4aac9ad6d | INFO | [planner2] processing 1 unread messages (steer=True)
2026-08-08 11:56:21 | team | sess_94c4aac9ad6d | INFO | Message 1ae7a288-dc16-40b0-8373-2a6731bac956 marked as read by planner2
2026-08-08 11:56:30 | team | sess_94c4aac9ad6d | INFO | [planner2] processing 1 unread messages (steer=True)
2026-08-08 11:56:30 | team | sess_94c4aac9ad6d | INFO | Message f60500a5-11df-45c8-a104-d28e9a1dca90 marked as read by planner2
2026-08-08 11:56:41 | team | sess_94c4aac9ad6d | INFO | Message 333af5b2-876e-4199-8106-ad281314795a created
2026-08-08 11:56:41 | team | sess_94c4aac9ad6d | INFO | Message ca7e2678-88a5-467b-81ae-07a956a1d5fd created
2026-08-08 11:57:05 | team | sess_94c4aac9ad6d | INFO | [planner2] processing 1 unread messages (steer=True)
2026-08-08 11:57:05 | team | sess_94c4aac9ad6d | INFO | Message 7929cd72-02bd-4d3a-ad9e-701dba32214c marked as read by planner2
2026-08-08 11:57:10 | team | sess_94c4aac9ad6d | INFO | Message bac1684c-38e3-4e31-869c-b374dd4cf6d6 created
2026-08-08 11:58:52 | team | sess_94c4aac9ad6d | INFO | task list drained for team jiuwen_team_sess_94c4aac9ad6d: 3 terminal task(s)
2026-08-08 11:59:06 | team | sess_94c4aac9ad6d | INFO | [planner2] processing 1 unread messages (steer=True)
2026-08-08 11:59:06 | team | sess_94c4aac9ad6d | INFO | Message fa40800c-0743-48b9-a8a0-37729e19fc87 marked as read by planner2
2026-08-08 11:59:28 | team | sess_94c4aac9ad6d | INFO | team jiuwen_team_sess_94c4aac9ad6d reported completed: 9 members, 3 tasks
2026-08-08 11:59:28 | team | sess_94c4aac9ad6d | INFO | [planner2] received TEAM_STANDBY, pausing polls
2026-08-08 11:59:28 | team | sess_94c4aac9ad6d | INFO | EventBus[teammate] pausing polls
