2026-08-08 11:54:59 | team | sess_94c4aac9ad6d | INFO | Team workspace directory ensured at /srv/jwteam_clone/shared/run_current
2026-08-08 11:54:59 | team | sess_94c4aac9ad6d | INFO | AgentTeam manager initialized for jiuwen_team_sess_94c4aac9ad6d, member=team_leader
2026-08-08 11:54:59 | team | sess_94c4aac9ad6d | INFO | [team_leader] TeamPolicyRail static sections: section_names=['team_role', 'team_workflow', 'team_swarmflow', 'team_lifecycle', 'team_persona']
2026-08-08 11:54:59 | team | sess_94c4aac9ad6d | INFO | Session tables ready for session sess_94c4aac9ad6d
2026-08-08 11:54:59 | team | sess_94c4aac9ad6d | INFO | Team database initialized
2026-08-08 11:54:59 | team | default_trace_id | INFO | Team workspace directory ensured at /srv/jwteam_clone/shared/run_current
2026-08-08 11:54:59 | team | default_trace_id | INFO | AgentTeam manager initialized for jiuwen_team_sess_94c4aac9ad6d, member=executor1
2026-08-08 11:54:59 | team | default_trace_id | INFO | [executor1] TeamPolicyRail static sections: section_names=['team_role', 'team_persona']
2026-08-08 11:54:59 | team | sess_94c4aac9ad6d | INFO | [executor1] invoke start, role=teammate
2026-08-08 11:54:59 | team | sess_94c4aac9ad6d | INFO | [executor1] coordination starting
2026-08-08 11:54:59 | team | sess_94c4aac9ad6d | INFO | Session tables ready for session sess_94c4aac9ad6d
2026-08-08 11:54:59 | team | sess_94c4aac9ad6d | INFO | Workspace /srv/jwteam_clone/shared/run_current initialized as plain shared directory (version_control disabled)
2026-08-08 11:54:59 | team | sess_94c4aac9ad6d | INFO | EventBus[teammate] starting
2026-08-08 11:55:18 | team | sess_94c4aac9ad6d | INFO | [executor1] HITT section refresh: human_agent_names=[]
2026-08-08 11:55:28 | team | sess_94c4aac9ad6d | INFO | [executor1] processing 1 unread messages (steer=True)
2026-08-08 11:55:28 | team | sess_94c4aac9ad6d | INFO | Message 6f6b1a3e-bc39-41f0-8d65-532ceca92fc6 marked as read by executor1
2026-08-08 11:55:44 | team | sess_94c4aac9ad6d | INFO | [executor1] processing 1 unread messages (steer=True)
2026-08-08 11:55:44 | team | sess_94c4aac9ad6d | INFO | Message 4b21b873-5921-4701-a5d0-c7bc6095dfd5 marked as read by executor1
2026-08-08 11:56:03 | team | sess_94c4aac9ad6d | INFO | Message ade5a727-ae6c-412f-b795-c91f4d3e2814 created
2026-08-08 11:56:15 | team | sess_94c4aac9ad6d | INFO | [executor1] processing 1 unread messages (steer=True)
2026-08-08 11:56:15 | team | sess_94c4aac9ad6d | INFO | Message db8c2b5b-2fce-448d-83c5-b1a754758cb9 marked as read by executor1
2026-08-08 11:56:15 | team | sess_94c4aac9ad6d | INFO | Message 865e0189-ffb2-4958-a9f0-c781cde3619c created
2026-08-08 11:56:25 | team | sess_94c4aac9ad6d | INFO | Message 1c9e024e-2f51-4b45-a703-0600e91135bb created
2026-08-08 11:56:30 | team | sess_94c4aac9ad6d | INFO | [executor1] processing 1 unread messages (steer=True)
2026-08-08 11:56:30 | team | sess_94c4aac9ad6d | INFO | Message e99c1c2f-be54-4c89-b658-b74fefd9f4c7 marked as read by executor1
2026-08-08 11:56:30 | team | sess_94c4aac9ad6d | INFO | Message f60500a5-11df-45c8-a104-d28e9a1dca90 created
2026-08-08 11:56:36 | team | sess_94c4aac9ad6d | INFO | Message adc38830-be63-458b-85f4-ff6f5a59eb8e created
2026-08-08 11:57:55 | team | sess_94c4aac9ad6d | INFO | Message 845a232e-b992-43cb-bfa2-462e2716ec3a created
2026-08-08 11:58:52 | team | sess_94c4aac9ad6d | INFO | task list drained for team jiuwen_team_sess_94c4aac9ad6d: 3 terminal task(s)
2026-08-08 11:59:06 | team | sess_94c4aac9ad6d | INFO | [executor1] processing 1 unread messages (steer=True)
2026-08-08 11:59:06 | team | sess_94c4aac9ad6d | INFO | Message fa40800c-0743-48b9-a8a0-37729e19fc87 marked as read by executor1
2026-08-08 11:59:28 | team | sess_94c4aac9ad6d | INFO | team jiuwen_team_sess_94c4aac9ad6d reported completed: 9 members, 3 tasks
2026-08-08 11:59:28 | team | sess_94c4aac9ad6d | INFO | [executor1] received TEAM_STANDBY, pausing polls
2026-08-08 11:59:28 | team | sess_94c4aac9ad6d | INFO | EventBus[teammate] pausing polls
