2026-08-09 05:19:42 | team | sess_301566ed5d87 | INFO | Team workspace directory ensured at /srv/jwteam_clone/shared/run_current
2026-08-09 05:19:42 | team | sess_301566ed5d87 | INFO | AgentTeam manager initialized for jiuwen_team_sess_301566ed5d87, member=team_leader
2026-08-09 05:19:42 | team | sess_301566ed5d87 | INFO | [team_leader] TeamPolicyRail static sections: section_names=['team_role', 'team_workflow', 'team_swarmflow', 'team_lifecycle', 'team_persona']
2026-08-09 05:19:42 | team | sess_301566ed5d87 | INFO | Session tables ready for session sess_301566ed5d87
2026-08-09 05:19:42 | team | sess_301566ed5d87 | INFO | Team database initialized
2026-08-09 05:19:42 | team | default_trace_id | INFO | Team workspace directory ensured at /srv/jwteam_clone/shared/run_current
2026-08-09 05:19:42 | team | default_trace_id | INFO | AgentTeam manager initialized for jiuwen_team_sess_301566ed5d87, member=fullstack1
2026-08-09 05:19:42 | team | default_trace_id | INFO | [fullstack1] TeamPolicyRail static sections: section_names=['team_role', 'team_persona']
2026-08-09 05:19:42 | team | sess_301566ed5d87 | INFO | [fullstack1] invoke start, role=teammate
2026-08-09 05:19:42 | team | sess_301566ed5d87 | INFO | [fullstack1] coordination starting
2026-08-09 05:19:42 | team | sess_301566ed5d87 | INFO | Session tables ready for session sess_301566ed5d87
2026-08-09 05:19:42 | team | sess_301566ed5d87 | INFO | Workspace /srv/jwteam_clone/shared/run_current initialized as plain shared directory (version_control disabled)
2026-08-09 05:19:42 | team | sess_301566ed5d87 | INFO | EventBus[teammate] starting
2026-08-09 05:20:01 | team | sess_301566ed5d87 | INFO | [fullstack1] HITT section refresh: human_agent_names=[]
2026-08-09 05:20:14 | team | sess_301566ed5d87 | INFO | [fullstack1] processing 1 unread messages (steer=True)
2026-08-09 05:20:14 | team | sess_301566ed5d87 | INFO | Message 71ad4d5f-e934-4114-968e-2db24996e2e3 marked as read by fullstack1
2026-08-09 05:22:29 | team | sess_301566ed5d87 | INFO | [fullstack1] received TASK_CLAIMED for self, task_id=implement, human_agent=False
2026-08-09 05:22:41 | team | sess_301566ed5d87 | INFO | [fullstack1] processing 1 unread messages (steer=True)
2026-08-09 05:22:41 | team | sess_301566ed5d87 | INFO | Message 0c6f8204-cf3e-48ba-bd72-0b3d990f4e22 marked as read by fullstack1
2026-08-09 05:22:53 | team | sess_301566ed5d87 | INFO | Message 107e89e0-fbfd-4384-9df6-b153666953d6 created
2026-08-09 05:23:02 | team | sess_301566ed5d87 | INFO | [fullstack1] processing 1 unread messages (steer=True)
2026-08-09 05:23:02 | team | sess_301566ed5d87 | INFO | Message d1bce100-2c48-46ed-8ded-575832ec3260 marked as read by fullstack1
2026-08-09 05:23:10 | team | sess_301566ed5d87 | INFO | [fullstack1] processing 1 unread messages (steer=True)
2026-08-09 05:23:10 | team | sess_301566ed5d87 | INFO | Message 62a488c4-af9c-4d76-ac56-55a84ec3b384 marked as read by fullstack1
2026-08-09 05:23:38 | team | sess_301566ed5d87 | INFO | Message f39141da-7153-4303-9565-fd39bc16a68a created
2026-08-09 05:23:46 | team | sess_301566ed5d87 | INFO | [fullstack1] processing 1 unread messages (steer=True)
2026-08-09 05:23:46 | team | sess_301566ed5d87 | INFO | Message 1ad006a3-6bfd-49eb-8a25-b0287a86715a marked as read by fullstack1
2026-08-09 05:25:00 | team | sess_301566ed5d87 | INFO | Message e42e2cfa-0fc2-407a-a626-b26d0a70a015 created
2026-08-09 05:27:23 | team | sess_301566ed5d87 | INFO | [fullstack1] processing 1 unread messages (steer=True)
2026-08-09 05:27:23 | team | sess_301566ed5d87 | INFO | Message 361073fd-21b4-4470-a65e-e9ca7ab08a1d marked as read by fullstack1
2026-08-09 05:27:32 | team | sess_301566ed5d87 | INFO | Message ce8301a3-aae4-4bf8-a954-c3ef2ca1ce88 created
2026-08-09 05:27:36 | team | sess_301566ed5d87 | INFO | [fullstack1] processing 1 unread messages (steer=True)
2026-08-09 05:27:36 | team | sess_301566ed5d87 | INFO | Message 58c99779-d527-4740-8bb2-28a783869df9 marked as read by fullstack1
2026-08-09 05:27:42 | team | sess_301566ed5d87 | INFO | Task implement completed at 1786249662086
2026-08-09 05:27:42 | team | sess_301566ed5d87 | INFO | Resolved 1 dependencies for task implement
2026-08-09 05:27:42 | team | sess_301566ed5d87 | INFO | Task verify unblocked (all deps resolved)
2026-08-09 05:27:42 | team | sess_301566ed5d87 | INFO | Task implement completed
2026-08-09 05:27:42 | team | sess_301566ed5d87 | INFO | Unblocked 1 tasks
2026-08-09 05:29:04 | team | sess_301566ed5d87 | INFO | [fullstack1] processing 1 unread messages (steer=True)
2026-08-09 05:29:04 | team | sess_301566ed5d87 | INFO | Message cf9112cb-2a8f-4d36-8936-384f879300fa marked as read by fullstack1
2026-08-09 05:29:06 | team | sess_301566ed5d87 | INFO | task list drained for team jiuwen_team_sess_301566ed5d87: 3 terminal task(s)
