2026-08-09 05:19:40 | team | sess_301566ed5d87 | INFO | Team workspace directory ensured at /srv/jwteam_clone/shared/run_current
2026-08-09 05:19:40 | team | sess_301566ed5d87 | INFO | AgentTeam manager initialized for jiuwen_team_sess_301566ed5d87, member=team_leader
2026-08-09 05:19:40 | team | sess_301566ed5d87 | INFO | [team_leader] TeamPolicyRail static sections: section_names=['team_role', 'team_workflow', 'team_swarmflow', 'team_lifecycle', 'team_persona']
2026-08-09 05:19:40 | team | sess_301566ed5d87 | INFO | Session tables ready for session sess_301566ed5d87
2026-08-09 05:19:40 | team | sess_301566ed5d87 | INFO | Team database initialized
2026-08-09 05:19:40 | team | default_trace_id | INFO | Team workspace directory ensured at /srv/jwteam_clone/shared/run_current
2026-08-09 05:19:40 | team | default_trace_id | INFO | AgentTeam manager initialized for jiuwen_team_sess_301566ed5d87, member=verifier1
2026-08-09 05:19:40 | team | default_trace_id | INFO | [verifier1] TeamPolicyRail static sections: section_names=['team_role', 'team_persona']
2026-08-09 05:19:40 | team | sess_301566ed5d87 | INFO | [verifier1] invoke start, role=teammate
2026-08-09 05:19:40 | team | sess_301566ed5d87 | INFO | [verifier1] coordination starting
2026-08-09 05:19:40 | team | sess_301566ed5d87 | INFO | Session tables ready for session sess_301566ed5d87
2026-08-09 05:19:40 | team | sess_301566ed5d87 | INFO | Workspace /srv/jwteam_clone/shared/run_current initialized as plain shared directory (version_control disabled)
2026-08-09 05:19:40 | team | sess_301566ed5d87 | INFO | EventBus[teammate] starting
2026-08-09 05:20:01 | team | sess_301566ed5d87 | INFO | [verifier1] HITT section refresh: human_agent_names=[]
2026-08-09 05:20:14 | team | sess_301566ed5d87 | INFO | [verifier1] processing 1 unread messages (steer=True)
2026-08-09 05:20:14 | team | sess_301566ed5d87 | INFO | Message 71ad4d5f-e934-4114-968e-2db24996e2e3 marked as read by verifier1
2026-08-09 05:20:41 | team | sess_301566ed5d87 | INFO | Message df30945e-34c6-4911-a064-f5a22148eebe created
2026-08-09 05:27:23 | team | sess_301566ed5d87 | INFO | [verifier1] processing 1 unread messages (steer=True)
2026-08-09 05:27:23 | team | sess_301566ed5d87 | INFO | Message 89bf9ddd-cb26-4528-9c0f-f5d1d770bd80 marked as read by verifier1
2026-08-09 05:27:32 | team | sess_301566ed5d87 | INFO | [verifier1] processing 1 unread messages (steer=True)
2026-08-09 05:27:32 | team | sess_301566ed5d87 | INFO | Message ce8301a3-aae4-4bf8-a954-c3ef2ca1ce88 marked as read by verifier1
2026-08-09 05:29:04 | team | sess_301566ed5d87 | INFO | Message cf9112cb-2a8f-4d36-8936-384f879300fa created
2026-08-09 05:29:04 | team | sess_301566ed5d87 | INFO | Message 9b4faca7-088f-4762-8abc-443b9342bb5d created
2026-08-09 05:29:06 | team | sess_301566ed5d87 | INFO | task list drained for team jiuwen_team_sess_301566ed5d87: 3 terminal task(s)
