2026-08-09 05:19:35 | team | sess_301566ed5d87 | INFO | Team workspace directory ensured at /srv/jwteam_clone/shared/run_current
2026-08-09 05:19:35 | team | sess_301566ed5d87 | INFO | AgentTeam manager initialized for jiuwen_team_sess_301566ed5d87, member=team_leader
2026-08-09 05:19:35 | team | sess_301566ed5d87 | INFO | [team_leader] TeamPolicyRail static sections: section_names=['team_role', 'team_workflow', 'team_swarmflow', 'team_lifecycle', 'team_persona']
2026-08-09 05:19:35 | team | sess_301566ed5d87 | INFO | Session tables ready for session sess_301566ed5d87
2026-08-09 05:19:35 | team | sess_301566ed5d87 | INFO | Team database initialized
2026-08-09 05:19:35 | team | default_trace_id | INFO | Team workspace directory ensured at /srv/jwteam_clone/shared/run_current
2026-08-09 05:19:35 | team | default_trace_id | INFO | AgentTeam manager initialized for jiuwen_team_sess_301566ed5d87, member=planner1
2026-08-09 05:19:35 | team | default_trace_id | INFO | [planner1] TeamPolicyRail static sections: section_names=['team_role', 'team_persona']
2026-08-09 05:19:35 | team | sess_301566ed5d87 | INFO | [planner1] invoke start, role=teammate
2026-08-09 05:19:35 | team | sess_301566ed5d87 | INFO | [planner1] coordination starting
2026-08-09 05:19:35 | team | sess_301566ed5d87 | INFO | Session tables ready for session sess_301566ed5d87
2026-08-09 05:19:35 | team | sess_301566ed5d87 | INFO | Workspace /srv/jwteam_clone/shared/run_current initialized as plain shared directory (version_control disabled)
2026-08-09 05:19:35 | team | sess_301566ed5d87 | INFO | EventBus[teammate] starting
2026-08-09 05:20:01 | team | sess_301566ed5d87 | INFO | [planner1] HITT section refresh: human_agent_names=[]
2026-08-09 05:20:07 | team | sess_301566ed5d87 | INFO | Task plan claimed by member planner1
2026-08-09 05:20:07 | team | sess_301566ed5d87 | INFO | Task plan claimed by member planner1
2026-08-09 05:20:14 | team | sess_301566ed5d87 | INFO | [planner1] processing 1 unread messages (steer=True)
2026-08-09 05:20:14 | team | sess_301566ed5d87 | INFO | Message 71ad4d5f-e934-4114-968e-2db24996e2e3 marked as read by planner1
2026-08-09 05:20:45 | team | sess_301566ed5d87 | INFO | Message e3c68fd1-b063-4f67-bd09-dad2a41bee09 created
2026-08-09 05:20:47 | team | sess_301566ed5d87 | INFO | Task plan completed at 1786249247829
2026-08-09 05:20:47 | team | sess_301566ed5d87 | INFO | Resolved 1 dependencies for task plan
2026-08-09 05:20:47 | team | sess_301566ed5d87 | INFO | Task implement unblocked (all deps resolved)
2026-08-09 05:20:47 | team | sess_301566ed5d87 | INFO | Task plan completed
2026-08-09 05:20:47 | team | sess_301566ed5d87 | INFO | Unblocked 1 tasks
2026-08-09 05:20:59 | team | sess_301566ed5d87 | INFO | Message 8314e990-437f-45df-af64-c66709a55a84 created
2026-08-09 05:21:49 | team | sess_301566ed5d87 | INFO | [planner1] processing 1 unread messages (steer=True)
2026-08-09 05:21:49 | team | sess_301566ed5d87 | INFO | Message d7e62866-f21a-49ec-9ff2-af0bf98b6a53 marked as read by planner1
2026-08-09 05:22:22 | team | sess_301566ed5d87 | INFO | [planner1] processing 1 unread messages (steer=True)
2026-08-09 05:22:22 | team | sess_301566ed5d87 | INFO | Message b89e1b8b-bf0f-4a48-8dc2-966969581680 marked as read by planner1
2026-08-09 05:22:41 | team | sess_301566ed5d87 | INFO | [planner1] processing 1 unread messages (steer=True)
2026-08-09 05:22:41 | team | sess_301566ed5d87 | INFO | Message cb7f186e-870c-4b4f-90ac-157818bb8a2f marked as read by planner1
2026-08-09 05:22:45 | team | sess_301566ed5d87 | INFO | Message 22960c43-b9d7-482b-a022-51cce4fe3790 created
2026-08-09 05:22:53 | team | sess_301566ed5d87 | INFO | [planner1] processing 1 unread messages (steer=True)
2026-08-09 05:22:53 | team | sess_301566ed5d87 | INFO | Message 107e89e0-fbfd-4384-9df6-b153666953d6 marked as read by planner1
2026-08-09 05:22:56 | team | sess_301566ed5d87 | INFO | [planner1] processing 1 unread messages (steer=True)
2026-08-09 05:22:56 | team | sess_301566ed5d87 | INFO | Message 64e37a18-a76a-431e-945a-9400390f874e marked as read by planner1
2026-08-09 05:23:02 | team | sess_301566ed5d87 | INFO | Message d1bce100-2c48-46ed-8ded-575832ec3260 created
2026-08-09 05:23:10 | team | sess_301566ed5d87 | INFO | Message 4f908b4b-8cfa-4b05-9734-d92a22d4b7de created
2026-08-09 05:23:10 | team | sess_301566ed5d87 | INFO | Message 62a488c4-af9c-4d76-ac56-55a84ec3b384 created
2026-08-09 05:23:38 | team | sess_301566ed5d87 | INFO | [planner1] processing 1 unread messages (steer=True)
2026-08-09 05:23:38 | team | sess_301566ed5d87 | INFO | Message f39141da-7153-4303-9565-fd39bc16a68a marked as read by planner1
2026-08-09 05:23:46 | team | sess_301566ed5d87 | INFO | Message 1ad006a3-6bfd-49eb-8a25-b0287a86715a created
2026-08-09 05:29:06 | team | sess_301566ed5d87 | INFO | task list drained for team jiuwen_team_sess_301566ed5d87: 3 terminal task(s)
