2026-08-09 05:19:41 | team | sess_301566ed5d87 | INFO | Team workspace directory ensured at /srv/jwteam_clone/shared/run_current
2026-08-09 05:19:41 | team | sess_301566ed5d87 | INFO | AgentTeam manager initialized for jiuwen_team_sess_301566ed5d87, member=team_leader
2026-08-09 05:19:41 | team | sess_301566ed5d87 | INFO | [team_leader] TeamPolicyRail static sections: section_names=['team_role', 'team_workflow', 'team_swarmflow', 'team_lifecycle', 'team_persona']
2026-08-09 05:19:41 | team | sess_301566ed5d87 | INFO | Session tables ready for session sess_301566ed5d87
2026-08-09 05:19:41 | team | sess_301566ed5d87 | INFO | Team database initialized
2026-08-09 05:19:41 | team | default_trace_id | INFO | Team workspace directory ensured at /srv/jwteam_clone/shared/run_current
2026-08-09 05:19:41 | team | default_trace_id | INFO | AgentTeam manager initialized for jiuwen_team_sess_301566ed5d87, member=verifier2
2026-08-09 05:19:41 | team | default_trace_id | INFO | [verifier2] TeamPolicyRail static sections: section_names=['team_role', 'team_persona']
2026-08-09 05:19:41 | team | sess_301566ed5d87 | INFO | [verifier2] invoke start, role=teammate
2026-08-09 05:19:41 | team | sess_301566ed5d87 | INFO | [verifier2] coordination starting
2026-08-09 05:19:41 | team | sess_301566ed5d87 | INFO | Session tables ready for session sess_301566ed5d87
2026-08-09 05:19:41 | team | sess_301566ed5d87 | INFO | Workspace /srv/jwteam_clone/shared/run_current initialized as plain shared directory (version_control disabled)
2026-08-09 05:19:41 | team | sess_301566ed5d87 | INFO | EventBus[teammate] starting
2026-08-09 05:20:01 | team | sess_301566ed5d87 | INFO | [verifier2] HITT section refresh: human_agent_names=[]
2026-08-09 05:20:14 | team | sess_301566ed5d87 | INFO | [verifier2] processing 1 unread messages (steer=True)
2026-08-09 05:20:14 | team | sess_301566ed5d87 | INFO | Message 71ad4d5f-e934-4114-968e-2db24996e2e3 marked as read by verifier2
2026-08-09 05:27:47 | team | sess_301566ed5d87 | INFO | Task verify claimed by member verifier2
2026-08-09 05:27:47 | team | sess_301566ed5d87 | INFO | Task verify claimed by member verifier2
2026-08-09 05:29:06 | team | sess_301566ed5d87 | INFO | Task verify completed at 1786249746013
2026-08-09 05:29:06 | team | sess_301566ed5d87 | INFO | Task verify completed
2026-08-09 05:29:16 | team | sess_301566ed5d87 | INFO | [verifier2] processing 1 unread messages (steer=True)
2026-08-09 05:29:16 | team | sess_301566ed5d87 | INFO | Message cbde98c7-651e-44ec-bb60-52adefc0d68c marked as read by verifier2
2026-08-09 05:29:19 | team | sess_301566ed5d87 | INFO | Message a79a911a-2a3b-4a2c-87f5-5ca4918b4cc2 created
2026-08-09 05:29:40 | team | sess_301566ed5d87 | INFO | [verifier2] processing 1 unread messages (steer=True)
2026-08-09 05:29:40 | team | sess_301566ed5d87 | INFO | Message 16e05e19-7139-4b0b-ae67-1f8e8c53f44f marked as read by verifier2
