2026-08-09 05:19:37 | team | sess_301566ed5d87 | INFO | Team workspace directory ensured at /srv/jwteam_clone/shared/run_current
2026-08-09 05:19:37 | team | sess_301566ed5d87 | INFO | AgentTeam manager initialized for jiuwen_team_sess_301566ed5d87, member=team_leader
2026-08-09 05:19:37 | team | sess_301566ed5d87 | INFO | [team_leader] TeamPolicyRail static sections: section_names=['team_role', 'team_workflow', 'team_swarmflow', 'team_lifecycle', 'team_persona']
2026-08-09 05:19:37 | team | sess_301566ed5d87 | INFO | Session tables ready for session sess_301566ed5d87
2026-08-09 05:19:37 | team | sess_301566ed5d87 | INFO | Team database initialized
2026-08-09 05:19:37 | team | default_trace_id | INFO | Team workspace directory ensured at /srv/jwteam_clone/shared/run_current
2026-08-09 05:19:37 | team | default_trace_id | INFO | AgentTeam manager initialized for jiuwen_team_sess_301566ed5d87, member=executor1
2026-08-09 05:19:37 | team | default_trace_id | INFO | [executor1] TeamPolicyRail static sections: section_names=['team_role', 'team_persona']
2026-08-09 05:19:37 | team | sess_301566ed5d87 | INFO | [executor1] invoke start, role=teammate
2026-08-09 05:19:37 | team | sess_301566ed5d87 | INFO | [executor1] coordination starting
2026-08-09 05:19:37 | team | sess_301566ed5d87 | INFO | Session tables ready for session sess_301566ed5d87
2026-08-09 05:19:37 | team | sess_301566ed5d87 | INFO | Workspace /srv/jwteam_clone/shared/run_current initialized as plain shared directory (version_control disabled)
2026-08-09 05:19:37 | team | sess_301566ed5d87 | INFO | EventBus[teammate] starting
2026-08-09 05:20:01 | team | sess_301566ed5d87 | INFO | [executor1] HITT section refresh: human_agent_names=[]
2026-08-09 05:20:14 | team | sess_301566ed5d87 | INFO | [executor1] processing 1 unread messages (steer=True)
2026-08-09 05:20:14 | team | sess_301566ed5d87 | INFO | Message 71ad4d5f-e934-4114-968e-2db24996e2e3 marked as read by executor1
2026-08-09 05:20:45 | team | sess_301566ed5d87 | INFO | [executor1] processing 1 unread messages (steer=True)
2026-08-09 05:20:45 | team | sess_301566ed5d87 | INFO | Message e3c68fd1-b063-4f67-bd09-dad2a41bee09 marked as read by executor1
2026-08-09 05:20:58 | team | sess_301566ed5d87 | INFO | Task implement claimed by member executor1
2026-08-09 05:20:58 | team | sess_301566ed5d87 | INFO | Task implement claimed by member executor1
2026-08-09 05:21:40 | team | sess_301566ed5d87 | INFO | Message 907ae39f-e447-4b01-8f17-b3c4a9e7f8b6 created
2026-08-09 05:21:49 | team | sess_301566ed5d87 | INFO | Message d7e62866-f21a-49ec-9ff2-af0bf98b6a53 created
2026-08-09 05:21:55 | team | sess_301566ed5d87 | INFO | [executor1] processing 1 unread messages (steer=True)
2026-08-09 05:21:55 | team | sess_301566ed5d87 | INFO | Message bc5eb523-89d4-4f94-93f1-cca75ff36fee marked as read by executor1
2026-08-09 05:22:16 | team | sess_301566ed5d87 | INFO | Message f24610f7-782b-453d-8fa0-59f0c5c2c80d created
2026-08-09 05:22:22 | team | sess_301566ed5d87 | INFO | Message b89e1b8b-bf0f-4a48-8dc2-966969581680 created
2026-08-09 05:22:40 | team | sess_301566ed5d87 | INFO | Message 4ffae159-a7c6-43b8-9054-41424ae56d6e created
2026-08-09 05:22:41 | team | sess_301566ed5d87 | INFO | [executor1] processing 1 unread messages (steer=True)
2026-08-09 05:22:41 | team | sess_301566ed5d87 | INFO | Message 99c1e69f-c7c0-4a99-8b00-f7ea0b0a53b9 marked as read by executor1
2026-08-09 05:22:45 | team | sess_301566ed5d87 | INFO | [executor1] processing 1 unread messages (steer=True)
2026-08-09 05:22:45 | team | sess_301566ed5d87 | INFO | Message 22960c43-b9d7-482b-a022-51cce4fe3790 marked as read by executor1
2026-08-09 05:22:56 | team | sess_301566ed5d87 | INFO | Message 64e37a18-a76a-431e-945a-9400390f874e created
2026-08-09 05:23:10 | team | sess_301566ed5d87 | INFO | [executor1] processing 1 unread messages (steer=True)
2026-08-09 05:23:10 | team | sess_301566ed5d87 | INFO | Message 4f908b4b-8cfa-4b05-9734-d92a22d4b7de marked as read by executor1
2026-08-09 05:29:06 | team | sess_301566ed5d87 | INFO | task list drained for team jiuwen_team_sess_301566ed5d87: 3 terminal task(s)
