2026-08-09 16:20:07 | team | sess_54eedf0e245d | INFO | Team workspace directory ensured at /srv/jwteam_clone/shared/run_current
2026-08-09 16:20:07 | team | sess_54eedf0e245d | INFO | AgentTeam manager initialized for jiuwen_team_sess_54eedf0e245d, member=team_leader
2026-08-09 16:20:07 | team | sess_54eedf0e245d | INFO | [team_leader] TeamPolicyRail static sections: section_names=['team_role', 'team_workflow', 'team_swarmflow', 'team_lifecycle', 'team_persona']
2026-08-09 16:20:07 | team | sess_54eedf0e245d | INFO | Session tables ready for session sess_54eedf0e245d
2026-08-09 16:20:07 | team | sess_54eedf0e245d | INFO | Team database initialized
2026-08-09 16:20:07 | team | default_trace_id | INFO | Team workspace directory ensured at /srv/jwteam_clone/shared/run_current
2026-08-09 16:20:07 | team | default_trace_id | INFO | AgentTeam manager initialized for jiuwen_team_sess_54eedf0e245d, member=executor1
2026-08-09 16:20:07 | team | default_trace_id | INFO | [executor1] TeamPolicyRail static sections: section_names=['team_role', 'team_persona']
2026-08-09 16:20:07 | team | sess_54eedf0e245d | INFO | [executor1] invoke start, role=teammate
2026-08-09 16:20:07 | team | sess_54eedf0e245d | INFO | [executor1] coordination starting
2026-08-09 16:20:07 | team | sess_54eedf0e245d | INFO | Session tables ready for session sess_54eedf0e245d
2026-08-09 16:20:07 | team | sess_54eedf0e245d | INFO | Workspace /srv/jwteam_clone/shared/run_current initialized as plain shared directory (version_control disabled)
2026-08-09 16:20:07 | team | sess_54eedf0e245d | INFO | EventBus[teammate] starting
2026-08-09 16:20:31 | team | sess_54eedf0e245d | INFO | [executor1] HITT section refresh: human_agent_names=[]
2026-08-09 16:20:44 | team | sess_54eedf0e245d | INFO | [executor1] processing 1 unread messages (steer=True)
2026-08-09 16:20:44 | team | sess_54eedf0e245d | INFO | Message 744949bd-3962-4d83-8d4b-13fa25b72b66 marked as read by executor1
2026-08-09 16:21:02 | team | sess_54eedf0e245d | INFO | Message e041208e-19e8-4d98-abcb-789bca288b17 created
2026-08-09 16:21:55 | team | sess_54eedf0e245d | INFO | [executor1] processing 1 unread messages (steer=True)
2026-08-09 16:21:55 | team | sess_54eedf0e245d | INFO | Message 3a7dc3fc-f651-4dcb-84b7-71995d6ec644 marked as read by executor1
2026-08-09 16:22:04 | team | sess_54eedf0e245d | INFO | [executor1] processing 1 unread messages (steer=True)
2026-08-09 16:22:04 | team | sess_54eedf0e245d | INFO | Message 8181e01c-37d7-4e05-8e98-ebead333e0e4 marked as read by executor1
2026-08-09 16:22:31 | team | sess_54eedf0e245d | INFO | Message 044bf5e7-cb5c-4006-9bc6-c28636d1adab created
2026-08-09 16:23:49 | team | sess_54eedf0e245d | INFO | [executor1] processing 1 unread messages (steer=True)
2026-08-09 16:23:49 | team | sess_54eedf0e245d | INFO | Message dd2f1a0e-b959-4f86-8f69-9ed167f036d4 marked as read by executor1
2026-08-09 16:24:00 | team | sess_54eedf0e245d | INFO | Task implement claimed by member executor1
2026-08-09 16:24:00 | team | sess_54eedf0e245d | INFO | Task implement claimed by member executor1
2026-08-09 16:25:50 | team | sess_54eedf0e245d | INFO | Task implement completed at 1786289150182
2026-08-09 16:25:50 | team | sess_54eedf0e245d | INFO | Message 470ee718-132b-42e7-af77-2ec80be8c480 created
2026-08-09 16:25:50 | team | sess_54eedf0e245d | INFO | Resolved 1 dependencies for task implement
2026-08-09 16:25:50 | team | sess_54eedf0e245d | INFO | Task verify unblocked (all deps resolved)
2026-08-09 16:25:50 | team | sess_54eedf0e245d | INFO | Task implement completed
2026-08-09 16:25:50 | team | sess_54eedf0e245d | INFO | Unblocked 1 tasks
2026-08-09 16:25:59 | team | sess_54eedf0e245d | INFO | Message 065ce66d-4e94-4552-98c1-c021e9508975 created
2026-08-09 16:25:59 | team | sess_54eedf0e245d | INFO | Message b899f2b7-6d99-448b-8fb9-ba6d8a868f6b created
2026-08-09 16:26:08 | team | sess_54eedf0e245d | INFO | [executor1] processing 1 unread messages (steer=True)
2026-08-09 16:26:08 | team | sess_54eedf0e245d | INFO | Message 55523d25-0219-4b25-9fa4-06c60fd43401 marked as read by executor1
2026-08-09 16:27:09 | team | sess_54eedf0e245d | INFO | [executor1] processing 1 unread messages (steer=True)
2026-08-09 16:27:09 | team | sess_54eedf0e245d | INFO | Message 5637c58f-bef4-4a86-9552-371c70fa0e1e marked as read by executor1
2026-08-09 16:27:09 | team | sess_54eedf0e245d | INFO | task list drained for team jiuwen_team_sess_54eedf0e245d: 3 terminal task(s)
2026-08-09 16:27:25 | team | sess_54eedf0e245d | INFO | [executor1] processing 1 unread messages (steer=True)
2026-08-09 16:27:25 | team | sess_54eedf0e245d | INFO | Message e80e8257-80de-4927-b564-e1fa5a0cfa3a marked as read by executor1
2026-08-09 16:27:35 | team | sess_54eedf0e245d | INFO | team jiuwen_team_sess_54eedf0e245d reported completed: 9 members, 3 tasks
2026-08-09 16:27:35 | team | sess_54eedf0e245d | INFO | [executor1] received TEAM_STANDBY, pausing polls
2026-08-09 16:27:35 | team | sess_54eedf0e245d | INFO | EventBus[teammate] pausing polls
