2026-08-09 16:20:10 | team | sess_54eedf0e245d | INFO | Team workspace directory ensured at /srv/jwteam_clone/shared/run_current
2026-08-09 16:20:10 | team | sess_54eedf0e245d | INFO | AgentTeam manager initialized for jiuwen_team_sess_54eedf0e245d, member=team_leader
2026-08-09 16:20:10 | team | sess_54eedf0e245d | INFO | [team_leader] TeamPolicyRail static sections: section_names=['team_role', 'team_workflow', 'team_swarmflow', 'team_lifecycle', 'team_persona']
2026-08-09 16:20:10 | team | sess_54eedf0e245d | INFO | Session tables ready for session sess_54eedf0e245d
2026-08-09 16:20:10 | team | sess_54eedf0e245d | INFO | Team database initialized
2026-08-09 16:20:10 | team | default_trace_id | INFO | Team workspace directory ensured at /srv/jwteam_clone/shared/run_current
2026-08-09 16:20:10 | team | default_trace_id | INFO | AgentTeam manager initialized for jiuwen_team_sess_54eedf0e245d, member=verifier1
2026-08-09 16:20:10 | team | default_trace_id | INFO | [verifier1] TeamPolicyRail static sections: section_names=['team_role', 'team_persona']
2026-08-09 16:20:11 | team | sess_54eedf0e245d | INFO | [verifier1] invoke start, role=teammate
2026-08-09 16:20:11 | team | sess_54eedf0e245d | INFO | [verifier1] coordination starting
2026-08-09 16:20:11 | team | sess_54eedf0e245d | INFO | Session tables ready for session sess_54eedf0e245d
2026-08-09 16:20:11 | team | sess_54eedf0e245d | INFO | Workspace /srv/jwteam_clone/shared/run_current initialized as plain shared directory (version_control disabled)
2026-08-09 16:20:11 | team | sess_54eedf0e245d | INFO | EventBus[teammate] starting
2026-08-09 16:20:31 | team | sess_54eedf0e245d | INFO | [verifier1] HITT section refresh: human_agent_names=[]
2026-08-09 16:20:44 | team | sess_54eedf0e245d | INFO | [verifier1] processing 1 unread messages (steer=True)
2026-08-09 16:20:44 | team | sess_54eedf0e245d | INFO | Message 744949bd-3962-4d83-8d4b-13fa25b72b66 marked as read by verifier1
2026-08-09 16:25:50 | team | sess_54eedf0e245d | INFO | [verifier1] processing 1 unread messages (steer=True)
2026-08-09 16:25:50 | team | sess_54eedf0e245d | INFO | Message 470ee718-132b-42e7-af77-2ec80be8c480 marked as read by verifier1
2026-08-09 16:25:59 | team | sess_54eedf0e245d | INFO | [verifier1] processing 1 unread messages (steer=True)
2026-08-09 16:25:59 | team | sess_54eedf0e245d | INFO | Message 3843f05d-4e10-4ac8-99b7-1c642947b40b marked as read by verifier1
2026-08-09 16:26:04 | team | sess_54eedf0e245d | INFO | Task verify claimed by member verifier1
2026-08-09 16:26:04 | team | sess_54eedf0e245d | INFO | Task verify claimed by member verifier1
2026-08-09 16:27:09 | team | sess_54eedf0e245d | INFO | Task verify completed at 1786289229826
2026-08-09 16:27:09 | team | sess_54eedf0e245d | INFO | Message 0af2290e-7c96-4bf9-ae32-1c9ce29806a2 created
2026-08-09 16:27:09 | team | sess_54eedf0e245d | INFO | Message 5637c58f-bef4-4a86-9552-371c70fa0e1e created
2026-08-09 16:27:09 | team | sess_54eedf0e245d | INFO | Task verify completed
2026-08-09 16:27:25 | team | sess_54eedf0e245d | INFO | [verifier1] processing 1 unread messages (steer=True)
2026-08-09 16:27:25 | team | sess_54eedf0e245d | INFO | Message e80e8257-80de-4927-b564-e1fa5a0cfa3a marked as read by verifier1
2026-08-09 16:27:35 | team | sess_54eedf0e245d | INFO | team jiuwen_team_sess_54eedf0e245d reported completed: 9 members, 3 tasks
2026-08-09 16:27:35 | team | sess_54eedf0e245d | INFO | [verifier1] received TEAM_STANDBY, pausing polls
2026-08-09 16:27:35 | team | sess_54eedf0e245d | INFO | EventBus[teammate] pausing polls
