2026-08-09 16:20:05 | team | sess_54eedf0e245d | INFO | Team workspace directory ensured at /srv/jwteam_clone/shared/run_current
2026-08-09 16:20:05 | team | sess_54eedf0e245d | INFO | AgentTeam manager initialized for jiuwen_team_sess_54eedf0e245d, member=team_leader
2026-08-09 16:20:05 | team | sess_54eedf0e245d | INFO | [team_leader] TeamPolicyRail static sections: section_names=['team_role', 'team_workflow', 'team_swarmflow', 'team_lifecycle', 'team_persona']
2026-08-09 16:20:05 | team | sess_54eedf0e245d | INFO | Session tables ready for session sess_54eedf0e245d
2026-08-09 16:20:05 | team | sess_54eedf0e245d | INFO | Team database initialized
2026-08-09 16:20:05 | team | default_trace_id | INFO | Team workspace directory ensured at /srv/jwteam_clone/shared/run_current
2026-08-09 16:20:05 | team | default_trace_id | INFO | AgentTeam manager initialized for jiuwen_team_sess_54eedf0e245d, member=planner2
2026-08-09 16:20:05 | team | default_trace_id | INFO | [planner2] TeamPolicyRail static sections: section_names=['team_role', 'team_persona']
2026-08-09 16:20:05 | team | sess_54eedf0e245d | INFO | [planner2] invoke start, role=teammate
2026-08-09 16:20:05 | team | sess_54eedf0e245d | INFO | [planner2] coordination starting
2026-08-09 16:20:05 | team | sess_54eedf0e245d | INFO | Session tables ready for session sess_54eedf0e245d
2026-08-09 16:20:05 | team | sess_54eedf0e245d | INFO | Workspace /srv/jwteam_clone/shared/run_current initialized as plain shared directory (version_control disabled)
2026-08-09 16:20:05 | team | sess_54eedf0e245d | INFO | EventBus[teammate] starting
2026-08-09 16:20:31 | team | sess_54eedf0e245d | INFO | [planner2] HITT section refresh: human_agent_names=[]
2026-08-09 16:20:44 | team | sess_54eedf0e245d | INFO | [planner2] processing 1 unread messages (steer=True)
2026-08-09 16:20:44 | team | sess_54eedf0e245d | INFO | Message 744949bd-3962-4d83-8d4b-13fa25b72b66 marked as read by planner2
2026-08-09 16:21:06 | team | sess_54eedf0e245d | INFO | Message 8ff49128-4482-42be-9a22-63e1e8a777c1 created
2026-08-09 16:24:11 | team | sess_54eedf0e245d | INFO | Message 509d7251-3aa8-46f4-a6a7-ad5bb54be386 created
2026-08-09 16:25:59 | team | sess_54eedf0e245d | INFO | Message be3a7400-1cfa-4f1a-b250-23a40b406107 created
2026-08-09 16:27:09 | team | sess_54eedf0e245d | INFO | task list drained for team jiuwen_team_sess_54eedf0e245d: 3 terminal task(s)
2026-08-09 16:27:25 | team | sess_54eedf0e245d | INFO | [planner2] processing 1 unread messages (steer=True)
2026-08-09 16:27:25 | team | sess_54eedf0e245d | INFO | Message e80e8257-80de-4927-b564-e1fa5a0cfa3a marked as read by planner2
2026-08-09 16:27:35 | team | sess_54eedf0e245d | INFO | team jiuwen_team_sess_54eedf0e245d reported completed: 9 members, 3 tasks
2026-08-09 16:27:35 | team | sess_54eedf0e245d | INFO | [planner2] received TEAM_STANDBY, pausing polls
2026-08-09 16:27:35 | team | sess_54eedf0e245d | INFO | EventBus[teammate] pausing polls
