2026-08-08 20:56:46 | team | sess_af6dbfc64993 | INFO | Team workspace directory ensured at /srv/jwteam_clone/shared/run_current
2026-08-08 20:56:46 | team | sess_af6dbfc64993 | INFO | AgentTeam manager initialized for jiuwen_team_sess_af6dbfc64993, member=team_leader
2026-08-08 20:56:46 | team | sess_af6dbfc64993 | INFO | [team_leader] TeamPolicyRail static sections: section_names=['team_role', 'team_workflow', 'team_swarmflow', 'team_lifecycle', 'team_persona']
2026-08-08 20:56:46 | team | sess_af6dbfc64993 | INFO | Session tables ready for session sess_af6dbfc64993
2026-08-08 20:56:46 | team | sess_af6dbfc64993 | INFO | Team database initialized
2026-08-08 20:56:46 | team | default_trace_id | INFO | Team workspace directory ensured at /srv/jwteam_clone/shared/run_current
2026-08-08 20:56:46 | team | default_trace_id | INFO | AgentTeam manager initialized for jiuwen_team_sess_af6dbfc64993, member=executor1
2026-08-08 20:56:46 | team | default_trace_id | INFO | [executor1] TeamPolicyRail static sections: section_names=['team_role', 'team_persona']
2026-08-08 20:56:46 | team | sess_af6dbfc64993 | INFO | [executor1] invoke start, role=teammate
2026-08-08 20:56:46 | team | sess_af6dbfc64993 | INFO | [executor1] coordination starting
2026-08-08 20:56:46 | team | sess_af6dbfc64993 | INFO | Session tables ready for session sess_af6dbfc64993
2026-08-08 20:56:46 | team | sess_af6dbfc64993 | INFO | Workspace /srv/jwteam_clone/shared/run_current initialized as plain shared directory (version_control disabled)
2026-08-08 20:56:46 | team | sess_af6dbfc64993 | INFO | EventBus[teammate] starting
2026-08-08 20:57:02 | team | sess_af6dbfc64993 | INFO | [executor1] HITT section refresh: human_agent_names=[]
2026-08-08 20:57:11 | team | sess_af6dbfc64993 | INFO | [executor1] processing 1 unread messages (steer=True)
2026-08-08 20:57:11 | team | sess_af6dbfc64993 | INFO | Message 66fb81fa-69e1-4730-82d0-81f11be8bfe1 marked as read by executor1
2026-08-08 20:58:51 | team | sess_af6dbfc64993 | INFO | [executor1] processing 1 unread messages (steer=True)
2026-08-08 20:58:51 | team | sess_af6dbfc64993 | INFO | Message 500ed913-3c98-4029-945e-ea68a2a7e55c marked as read by executor1
2026-08-08 20:58:55 | team | sess_af6dbfc64993 | INFO | Task fix-translator claimed by member executor1
2026-08-08 20:58:55 | team | sess_af6dbfc64993 | INFO | Task fix-translator claimed by member executor1
2026-08-08 21:00:07 | team | sess_af6dbfc64993 | INFO | Message 913df35d-e5b1-4715-a41b-d843aa4e824b created
2026-08-08 21:01:26 | team | sess_af6dbfc64993 | INFO | [executor1] processing 1 unread messages (steer=True)
2026-08-08 21:01:26 | team | sess_af6dbfc64993 | INFO | Message c49f3376-03e9-4cbf-a338-50e7ba1b556a marked as read by executor1
2026-08-08 21:01:33 | team | sess_af6dbfc64993 | INFO | Message a77ec59f-a667-4145-97d8-2f616e0236d4 created
2026-08-08 21:02:11 | team | sess_af6dbfc64993 | INFO | [executor1] processing 1 unread messages (steer=True)
2026-08-08 21:02:11 | team | sess_af6dbfc64993 | INFO | Message 61c38df4-ead0-40d2-a7e4-40ffc0d09c7d marked as read by executor1
2026-08-08 21:02:21 | team | sess_af6dbfc64993 | INFO | Message b52e9755-7402-41dc-b309-d3b56681fc13 created
2026-08-08 21:02:34 | team | sess_af6dbfc64993 | INFO | [executor1] processing 1 unread messages (steer=True)
2026-08-08 21:02:34 | team | sess_af6dbfc64993 | INFO | Message 58d0283a-9b15-409f-b0f0-e73203f777a4 marked as read by executor1
2026-08-08 21:02:46 | team | sess_af6dbfc64993 | INFO | Message 42482779-b46e-4292-b071-7a6ef92a5457 created
2026-08-08 21:03:01 | team | sess_af6dbfc64993 | INFO | [executor1] processing 1 unread messages (steer=True)
2026-08-08 21:03:01 | team | sess_af6dbfc64993 | INFO | Message 1acaef90-6796-4557-99ac-99ed5ce421cb marked as read by executor1
2026-08-08 21:03:09 | team | sess_af6dbfc64993 | INFO | [executor1] processing 1 unread messages (steer=True)
2026-08-08 21:03:09 | team | sess_af6dbfc64993 | INFO | Message 49bd0db6-72d6-4ca1-829d-514c142ebf41 marked as read by executor1
2026-08-08 21:03:09 | team | sess_af6dbfc64993 | INFO | Message 97fb5dfe-7326-4645-9955-47cee7340612 created
2026-08-08 21:03:13 | team | sess_af6dbfc64993 | INFO | Message 110e5330-c113-4420-9178-fe179d086166 created
2026-08-08 21:03:21 | team | sess_af6dbfc64993 | INFO | [executor1] processing 1 unread messages (steer=True)
2026-08-08 21:03:21 | team | sess_af6dbfc64993 | INFO | Message 7a1dfd47-de0b-4354-8bcb-e879c585d236 marked as read by executor1
2026-08-08 21:04:40 | team | sess_af6dbfc64993 | INFO | task list drained for team jiuwen_team_sess_af6dbfc64993: 7 terminal task(s)
2026-08-08 21:04:54 | team | sess_af6dbfc64993 | INFO | [executor1] processing 1 unread messages (steer=True)
2026-08-08 21:04:54 | team | sess_af6dbfc64993 | INFO | Message b432318a-c08e-4c25-9e1c-3fbf3e0ebe72 marked as read by executor1
2026-08-08 21:05:10 | team | sess_af6dbfc64993 | INFO | team jiuwen_team_sess_af6dbfc64993 reported completed: 9 members, 7 tasks
2026-08-08 21:05:10 | team | sess_af6dbfc64993 | INFO | [executor1] received TEAM_STANDBY, pausing polls
2026-08-08 21:05:10 | team | sess_af6dbfc64993 | INFO | EventBus[teammate] pausing polls
