2026-08-08 20:56:50 | team | sess_af6dbfc64993 | INFO | Team workspace directory ensured at /srv/jwteam_clone/shared/run_current
2026-08-08 20:56:50 | team | sess_af6dbfc64993 | INFO | AgentTeam manager initialized for jiuwen_team_sess_af6dbfc64993, member=team_leader
2026-08-08 20:56:50 | team | sess_af6dbfc64993 | INFO | [team_leader] TeamPolicyRail static sections: section_names=['team_role', 'team_workflow', 'team_swarmflow', 'team_lifecycle', 'team_persona']
2026-08-08 20:56:50 | team | sess_af6dbfc64993 | INFO | Session tables ready for session sess_af6dbfc64993
2026-08-08 20:56:50 | team | sess_af6dbfc64993 | INFO | Team database initialized
2026-08-08 20:56:50 | team | default_trace_id | INFO | Team workspace directory ensured at /srv/jwteam_clone/shared/run_current
2026-08-08 20:56:50 | team | default_trace_id | INFO | AgentTeam manager initialized for jiuwen_team_sess_af6dbfc64993, member=fullstack1
2026-08-08 20:56:50 | team | default_trace_id | INFO | [fullstack1] TeamPolicyRail static sections: section_names=['team_role', 'team_persona']
2026-08-08 20:56:50 | team | sess_af6dbfc64993 | INFO | [fullstack1] invoke start, role=teammate
2026-08-08 20:56:50 | team | sess_af6dbfc64993 | INFO | [fullstack1] coordination starting
2026-08-08 20:56:50 | team | sess_af6dbfc64993 | INFO | Session tables ready for session sess_af6dbfc64993
2026-08-08 20:56:50 | team | sess_af6dbfc64993 | INFO | Workspace /srv/jwteam_clone/shared/run_current initialized as plain shared directory (version_control disabled)
2026-08-08 20:56:50 | team | sess_af6dbfc64993 | INFO | EventBus[teammate] starting
2026-08-08 20:57:02 | team | sess_af6dbfc64993 | INFO | [fullstack1] HITT section refresh: human_agent_names=[]
2026-08-08 20:57:11 | team | sess_af6dbfc64993 | INFO | [fullstack1] processing 1 unread messages (steer=True)
2026-08-08 20:57:11 | team | sess_af6dbfc64993 | INFO | Message 66fb81fa-69e1-4730-82d0-81f11be8bfe1 marked as read by fullstack1
2026-08-08 21:01:26 | team | sess_af6dbfc64993 | INFO | [fullstack1] processing 1 unread messages (steer=True)
2026-08-08 21:01:26 | team | sess_af6dbfc64993 | INFO | Message 79ceb289-4289-4dc9-abb0-efc02f1d5a2b marked as read by fullstack1
2026-08-08 21:01:39 | team | sess_af6dbfc64993 | INFO | Message 4c3b8902-c0c4-41e5-addb-4158ffb10c6f created
2026-08-08 21:02:37 | team | sess_af6dbfc64993 | INFO | [fullstack1] received TASK_CLAIMED for self, task_id=fix-error-mapper-v2, human_agent=False
2026-08-08 21:02:37 | team | sess_af6dbfc64993 | INFO | [fullstack1] received TASK_CLAIMED for self, task_id=fix-translator-v2, human_agent=False
2026-08-08 21:02:45 | team | sess_af6dbfc64993 | INFO | Message d63dd1a1-43a1-4644-a1c7-edd5aff13dcd created
2026-08-08 21:02:50 | team | sess_af6dbfc64993 | INFO | [fullstack1] processing 1 unread messages (steer=True)
2026-08-08 21:02:50 | team | sess_af6dbfc64993 | INFO | Message bc230bb4-962d-414d-89f3-b0827b98b6be marked as read by fullstack1
2026-08-08 21:02:52 | team | sess_af6dbfc64993 | INFO | [fullstack1] processing 2 unread messages (steer=True)
2026-08-08 21:02:52 | team | sess_af6dbfc64993 | INFO | Message 4f748549-e8ea-4ff7-8d57-bd9fb283c12c marked as read by fullstack1
2026-08-08 21:02:52 | team | sess_af6dbfc64993 | INFO | Message b58d1738-ef22-419b-ad99-56540c35ae89 marked as read by fullstack1
2026-08-08 21:03:01 | team | sess_af6dbfc64993 | INFO | [fullstack1] processing 1 unread messages (steer=True)
2026-08-08 21:03:01 | team | sess_af6dbfc64993 | INFO | Message 1d349abd-f772-4ccc-b57d-3ea4efb4f2d1 marked as read by fullstack1
2026-08-08 21:03:09 | team | sess_af6dbfc64993 | INFO | [fullstack1] processing 1 unread messages (steer=True)
2026-08-08 21:03:09 | team | sess_af6dbfc64993 | INFO | Message 64381326-4775-4463-80bd-bc7bb9bc7448 marked as read by fullstack1
2026-08-08 21:03:52 | team | sess_af6dbfc64993 | INFO | Task fix-translator-v2 completed at 1786219432311
2026-08-08 21:03:52 | team | sess_af6dbfc64993 | INFO | Task fix-error-mapper-v2 completed at 1786219432311
2026-08-08 21:03:52 | team | sess_af6dbfc64993 | INFO | Resolved 1 dependencies for task fix-error-mapper-v2
2026-08-08 21:03:52 | team | sess_af6dbfc64993 | INFO | Task fix-error-mapper-v2 completed
2026-08-08 21:03:52 | team | sess_af6dbfc64993 | INFO | Resolved 1 dependencies for task fix-translator-v2
2026-08-08 21:03:52 | team | sess_af6dbfc64993 | INFO | Task verify-v2 unblocked (all deps resolved)
2026-08-08 21:03:52 | team | sess_af6dbfc64993 | INFO | Task fix-translator-v2 completed
2026-08-08 21:03:52 | team | sess_af6dbfc64993 | INFO | Unblocked 1 tasks
2026-08-08 21:03:59 | team | sess_af6dbfc64993 | INFO | Message 13946298-c65a-4d24-8478-8dcded03d50f created
2026-08-08 21:04:06 | team | sess_af6dbfc64993 | INFO | Message 0a3b1e85-9982-4f89-be8d-a2c445c5562b created
2026-08-08 21:04:40 | team | sess_af6dbfc64993 | INFO | task list drained for team jiuwen_team_sess_af6dbfc64993: 7 terminal task(s)
2026-08-08 21:04:48 | team | sess_af6dbfc64993 | INFO | [fullstack1] processing 1 unread messages (steer=True)
2026-08-08 21:04:48 | team | sess_af6dbfc64993 | INFO | Message 7b08f19f-a8cc-4c38-8050-d67ef0094eec marked as read by fullstack1
2026-08-08 21:04:54 | team | sess_af6dbfc64993 | INFO | [fullstack1] processing 1 unread messages (steer=True)
2026-08-08 21:04:54 | team | sess_af6dbfc64993 | INFO | Message b432318a-c08e-4c25-9e1c-3fbf3e0ebe72 marked as read by fullstack1
2026-08-08 21:05:10 | team | sess_af6dbfc64993 | INFO | team jiuwen_team_sess_af6dbfc64993 reported completed: 9 members, 7 tasks
2026-08-08 21:05:10 | team | sess_af6dbfc64993 | INFO | [fullstack1] received TEAM_STANDBY, pausing polls
2026-08-08 21:05:10 | team | sess_af6dbfc64993 | INFO | EventBus[teammate] pausing polls
