2026-08-08 20:56:46 | team | sess_af6dbfc64993 | INFO | Team workspace directory ensured at /srv/jwteam_clone/shared/run_current
2026-08-08 20:56:46 | team | sess_af6dbfc64993 | INFO | AgentTeam manager initialized for jiuwen_team_sess_af6dbfc64993, member=team_leader
2026-08-08 20:56:46 | team | sess_af6dbfc64993 | INFO | [team_leader] TeamPolicyRail static sections: section_names=['team_role', 'team_workflow', 'team_swarmflow', 'team_lifecycle', 'team_persona']
2026-08-08 20:56:46 | team | sess_af6dbfc64993 | INFO | Session tables ready for session sess_af6dbfc64993
2026-08-08 20:56:46 | team | sess_af6dbfc64993 | INFO | Team database initialized
2026-08-08 20:56:46 | team | default_trace_id | INFO | Team workspace directory ensured at /srv/jwteam_clone/shared/run_current
2026-08-08 20:56:46 | team | default_trace_id | INFO | AgentTeam manager initialized for jiuwen_team_sess_af6dbfc64993, member=executor2
2026-08-08 20:56:46 | team | default_trace_id | INFO | [executor2] TeamPolicyRail static sections: section_names=['team_role', 'team_persona']
2026-08-08 20:56:47 | team | sess_af6dbfc64993 | INFO | [executor2] invoke start, role=teammate
2026-08-08 20:56:47 | team | sess_af6dbfc64993 | INFO | [executor2] coordination starting
2026-08-08 20:56:47 | team | sess_af6dbfc64993 | INFO | Session tables ready for session sess_af6dbfc64993
2026-08-08 20:56:47 | team | sess_af6dbfc64993 | INFO | Workspace /srv/jwteam_clone/shared/run_current initialized as plain shared directory (version_control disabled)
2026-08-08 20:56:47 | team | sess_af6dbfc64993 | INFO | EventBus[teammate] starting
2026-08-08 20:57:02 | team | sess_af6dbfc64993 | INFO | [executor2] HITT section refresh: human_agent_names=[]
2026-08-08 20:57:11 | team | sess_af6dbfc64993 | INFO | [executor2] processing 1 unread messages (steer=True)
2026-08-08 20:57:11 | team | sess_af6dbfc64993 | INFO | Message 66fb81fa-69e1-4730-82d0-81f11be8bfe1 marked as read by executor2
2026-08-08 20:57:46 | team | sess_af6dbfc64993 | INFO | Message 6827dcce-2435-48d7-bd24-6bf3104a1dec created
2026-08-08 20:58:51 | team | sess_af6dbfc64993 | INFO | [executor2] processing 1 unread messages (steer=True)
2026-08-08 20:58:51 | team | sess_af6dbfc64993 | INFO | Message b9ed43e2-d685-446f-8c39-122b9ec40f13 marked as read by executor2
2026-08-08 20:58:59 | team | sess_af6dbfc64993 | INFO | Task fix-error-mapper claimed by member executor2
2026-08-08 20:58:59 | team | sess_af6dbfc64993 | INFO | Task fix-error-mapper claimed by member executor2
2026-08-08 21:00:50 | team | sess_af6dbfc64993 | INFO | Message 4423bf05-e7aa-4771-9a19-ba7156f5353b created
2026-08-08 21:01:26 | team | sess_af6dbfc64993 | INFO | [executor2] processing 1 unread messages (steer=True)
2026-08-08 21:01:26 | team | sess_af6dbfc64993 | INFO | Message 8503ff02-5c44-4108-b400-87b99dc5fdb1 marked as read by executor2
2026-08-08 21:02:11 | team | sess_af6dbfc64993 | INFO | [executor2] processing 1 unread messages (steer=True)
2026-08-08 21:02:11 | team | sess_af6dbfc64993 | INFO | Message 5d02b811-d3ca-4ccc-9ec6-dc640621386a marked as read by executor2
2026-08-08 21:02:24 | team | sess_af6dbfc64993 | INFO | Message 002418e4-747c-4bac-a533-8eaab6fcb4d1 created
2026-08-08 21:02:50 | team | sess_af6dbfc64993 | INFO | Message bc230bb4-962d-414d-89f3-b0827b98b6be created
2026-08-08 21:03:09 | team | sess_af6dbfc64993 | INFO | [executor2] processing 1 unread messages (steer=True)
2026-08-08 21:03:09 | team | sess_af6dbfc64993 | INFO | Message 2d4c4429-cd5a-47e9-9c2c-646d952d6e28 marked as read by executor2
2026-08-08 21:04:40 | team | sess_af6dbfc64993 | INFO | task list drained for team jiuwen_team_sess_af6dbfc64993: 7 terminal task(s)
2026-08-08 21:04:54 | team | sess_af6dbfc64993 | INFO | [executor2] processing 1 unread messages (steer=True)
2026-08-08 21:04:54 | team | sess_af6dbfc64993 | INFO | Message b432318a-c08e-4c25-9e1c-3fbf3e0ebe72 marked as read by executor2
2026-08-08 21:05:10 | team | sess_af6dbfc64993 | INFO | team jiuwen_team_sess_af6dbfc64993 reported completed: 9 members, 7 tasks
2026-08-08 21:05:10 | team | sess_af6dbfc64993 | INFO | [executor2] received TEAM_STANDBY, pausing polls
2026-08-08 21:05:10 | team | sess_af6dbfc64993 | INFO | EventBus[teammate] pausing polls
