2026-08-08 20:56:49 | team | sess_af6dbfc64993 | INFO | Team workspace directory ensured at /srv/jwteam_clone/shared/run_current
2026-08-08 20:56:49 | team | sess_af6dbfc64993 | INFO | AgentTeam manager initialized for jiuwen_team_sess_af6dbfc64993, member=team_leader
2026-08-08 20:56:49 | team | sess_af6dbfc64993 | INFO | [team_leader] TeamPolicyRail static sections: section_names=['team_role', 'team_workflow', 'team_swarmflow', 'team_lifecycle', 'team_persona']
2026-08-08 20:56:49 | team | sess_af6dbfc64993 | INFO | Session tables ready for session sess_af6dbfc64993
2026-08-08 20:56:49 | team | sess_af6dbfc64993 | INFO | Team database initialized
2026-08-08 20:56:49 | team | default_trace_id | INFO | Team workspace directory ensured at /srv/jwteam_clone/shared/run_current
2026-08-08 20:56:49 | team | default_trace_id | INFO | AgentTeam manager initialized for jiuwen_team_sess_af6dbfc64993, member=verifier2
2026-08-08 20:56:49 | team | default_trace_id | INFO | [verifier2] TeamPolicyRail static sections: section_names=['team_role', 'team_persona']
2026-08-08 20:56:49 | team | sess_af6dbfc64993 | INFO | [verifier2] invoke start, role=teammate
2026-08-08 20:56:49 | team | sess_af6dbfc64993 | INFO | [verifier2] coordination starting
2026-08-08 20:56:49 | team | sess_af6dbfc64993 | INFO | Session tables ready for session sess_af6dbfc64993
2026-08-08 20:56:49 | team | sess_af6dbfc64993 | INFO | Workspace /srv/jwteam_clone/shared/run_current initialized as plain shared directory (version_control disabled)
2026-08-08 20:56:49 | team | sess_af6dbfc64993 | INFO | EventBus[teammate] starting
2026-08-08 20:57:02 | team | sess_af6dbfc64993 | INFO | [verifier2] HITT section refresh: human_agent_names=[]
2026-08-08 20:57:11 | team | sess_af6dbfc64993 | INFO | [verifier2] processing 1 unread messages (steer=True)
2026-08-08 20:57:11 | team | sess_af6dbfc64993 | INFO | Message 66fb81fa-69e1-4730-82d0-81f11be8bfe1 marked as read by verifier2
2026-08-08 21:02:22 | team | sess_af6dbfc64993 | INFO | Task verify claimed by member verifier2
2026-08-08 21:02:22 | team | sess_af6dbfc64993 | INFO | Task verify claimed by member verifier2
2026-08-08 21:02:49 | team | sess_af6dbfc64993 | INFO | [verifier2] processing 1 unread messages (steer=True)
2026-08-08 21:02:49 | team | sess_af6dbfc64993 | INFO | Message f4a0214f-9c21-4381-b276-b4d82f2bb636 marked as read by verifier2
2026-08-08 21:03:09 | team | sess_af6dbfc64993 | INFO | [verifier2] processing 1 unread messages (steer=True)
2026-08-08 21:03:09 | team | sess_af6dbfc64993 | INFO | Message d3b2b368-8693-4bb1-9460-6a4ceabdea2e marked as read by verifier2
2026-08-08 21:04:40 | team | sess_af6dbfc64993 | INFO | task list drained for team jiuwen_team_sess_af6dbfc64993: 7 terminal task(s)
2026-08-08 21:04:54 | team | sess_af6dbfc64993 | INFO | [verifier2] processing 1 unread messages (steer=True)
2026-08-08 21:04:54 | team | sess_af6dbfc64993 | INFO | Message b432318a-c08e-4c25-9e1c-3fbf3e0ebe72 marked as read by verifier2
2026-08-08 21:05:10 | team | sess_af6dbfc64993 | INFO | team jiuwen_team_sess_af6dbfc64993 reported completed: 9 members, 7 tasks
2026-08-08 21:05:10 | team | sess_af6dbfc64993 | INFO | [verifier2] received TEAM_STANDBY, pausing polls
2026-08-08 21:05:10 | team | sess_af6dbfc64993 | INFO | EventBus[teammate] pausing polls
