2026-08-08 20:56:44 | team | sess_af6dbfc64993 | INFO | Team workspace directory ensured at /srv/jwteam_clone/shared/run_current
2026-08-08 20:56:44 | team | sess_af6dbfc64993 | INFO | AgentTeam manager initialized for jiuwen_team_sess_af6dbfc64993, member=team_leader
2026-08-08 20:56:44 | team | sess_af6dbfc64993 | INFO | [team_leader] TeamPolicyRail static sections: section_names=['team_role', 'team_workflow', 'team_swarmflow', 'team_lifecycle', 'team_persona']
2026-08-08 20:56:44 | team | sess_af6dbfc64993 | INFO | Session tables ready for session sess_af6dbfc64993
2026-08-08 20:56:44 | team | sess_af6dbfc64993 | INFO | Team database initialized
2026-08-08 20:56:44 | team | default_trace_id | INFO | Team workspace directory ensured at /srv/jwteam_clone/shared/run_current
2026-08-08 20:56:44 | team | default_trace_id | INFO | AgentTeam manager initialized for jiuwen_team_sess_af6dbfc64993, member=planner1
2026-08-08 20:56:45 | team | default_trace_id | INFO | [planner1] TeamPolicyRail static sections: section_names=['team_role', 'team_persona']
2026-08-08 20:56:45 | team | sess_af6dbfc64993 | INFO | [planner1] invoke start, role=teammate
2026-08-08 20:56:45 | team | sess_af6dbfc64993 | INFO | [planner1] coordination starting
2026-08-08 20:56:45 | team | sess_af6dbfc64993 | INFO | Session tables ready for session sess_af6dbfc64993
2026-08-08 20:56:45 | team | sess_af6dbfc64993 | INFO | Workspace /srv/jwteam_clone/shared/run_current initialized as plain shared directory (version_control disabled)
2026-08-08 20:56:45 | team | sess_af6dbfc64993 | INFO | EventBus[teammate] starting
2026-08-08 20:57:02 | team | sess_af6dbfc64993 | INFO | [planner1] HITT section refresh: human_agent_names=[]
2026-08-08 20:57:11 | team | sess_af6dbfc64993 | INFO | [planner1] processing 1 unread messages (steer=True)
2026-08-08 20:57:11 | team | sess_af6dbfc64993 | INFO | Message 66fb81fa-69e1-4730-82d0-81f11be8bfe1 marked as read by planner1
2026-08-08 20:57:12 | team | sess_af6dbfc64993 | INFO | Task plan claimed by member planner1
2026-08-08 20:57:12 | team | sess_af6dbfc64993 | INFO | Task plan claimed by member planner1
2026-08-08 20:58:51 | team | sess_af6dbfc64993 | INFO | Message b9ed43e2-d685-446f-8c39-122b9ec40f13 created
2026-08-08 20:58:51 | team | sess_af6dbfc64993 | INFO | Message dddd3845-6a0f-472e-80d6-bc2582a55ef4 created
2026-08-08 20:58:51 | team | sess_af6dbfc64993 | INFO | Message 500ed913-3c98-4029-945e-ea68a2a7e55c created
2026-08-08 20:58:54 | team | sess_af6dbfc64993 | INFO | Task plan completed at 1786219134696
2026-08-08 20:58:54 | team | sess_af6dbfc64993 | INFO | Resolved 2 dependencies for task plan
2026-08-08 20:58:54 | team | sess_af6dbfc64993 | INFO | Task fix-error-mapper unblocked (all deps resolved)
2026-08-08 20:58:54 | team | sess_af6dbfc64993 | INFO | Task fix-translator unblocked (all deps resolved)
2026-08-08 20:58:54 | team | sess_af6dbfc64993 | INFO | Task plan completed
2026-08-08 20:58:54 | team | sess_af6dbfc64993 | INFO | Unblocked 2 tasks
2026-08-08 21:02:27 | team | sess_af6dbfc64993 | INFO | Message fb4228af-9d61-4a96-96d5-157c488d8197 created
2026-08-08 21:02:34 | team | sess_af6dbfc64993 | INFO | Message 58d0283a-9b15-409f-b0f0-e73203f777a4 created
2026-08-08 21:02:44 | team | sess_af6dbfc64993 | INFO | [planner1] processing 1 unread messages (steer=True)
2026-08-08 21:02:44 | team | sess_af6dbfc64993 | INFO | Message f4891f02-d1ad-4a19-b520-9c9562ff2815 marked as read by planner1
2026-08-08 21:02:45 | team | sess_af6dbfc64993 | INFO | [planner1] processing 1 unread messages (steer=True)
2026-08-08 21:02:45 | team | sess_af6dbfc64993 | INFO | Message d63dd1a1-43a1-4644-a1c7-edd5aff13dcd marked as read by planner1
2026-08-08 21:02:46 | team | sess_af6dbfc64993 | INFO | [planner1] processing 1 unread messages (steer=True)
2026-08-08 21:02:46 | team | sess_af6dbfc64993 | INFO | Message 42482779-b46e-4292-b071-7a6ef92a5457 marked as read by planner1
2026-08-08 21:02:52 | team | sess_af6dbfc64993 | INFO | Message b58d1738-ef22-419b-ad99-56540c35ae89 created
2026-08-08 21:02:52 | team | sess_af6dbfc64993 | INFO | Message 4f748549-e8ea-4ff7-8d57-bd9fb283c12c created
2026-08-08 21:03:01 | team | sess_af6dbfc64993 | INFO | Message 38eed687-5854-49eb-9f94-184931e8c557 created
2026-08-08 21:03:01 | team | sess_af6dbfc64993 | INFO | Message 1d349abd-f772-4ccc-b57d-3ea4efb4f2d1 created
2026-08-08 21:03:01 | team | sess_af6dbfc64993 | INFO | Message 1acaef90-6796-4557-99ac-99ed5ce421cb created
2026-08-08 21:03:09 | team | sess_af6dbfc64993 | INFO | [planner1] processing 1 unread messages (steer=True)
2026-08-08 21:03:09 | team | sess_af6dbfc64993 | INFO | Message 5d714543-6dd3-49b4-bb2c-bf15eb3d9989 marked as read by planner1
2026-08-08 21:03:09 | team | sess_af6dbfc64993 | INFO | [planner1] processing 1 unread messages (steer=True)
2026-08-08 21:03:09 | team | sess_af6dbfc64993 | INFO | Message 97fb5dfe-7326-4645-9955-47cee7340612 marked as read by planner1
2026-08-08 21:03:11 | team | sess_af6dbfc64993 | INFO | [planner1] processing 1 unread messages (steer=True)
2026-08-08 21:03:11 | team | sess_af6dbfc64993 | INFO | Message c8dc28e7-f289-40ee-bd74-6d64ac9c1545 marked as read by planner1
2026-08-08 21:03:16 | team | sess_af6dbfc64993 | INFO | Message 16c152ad-9bbf-4fb7-b25b-911fc9ae3c1f created
2026-08-08 21:03:21 | team | sess_af6dbfc64993 | INFO | Message 7a1dfd47-de0b-4354-8bcb-e879c585d236 created
2026-08-08 21:03:21 | team | sess_af6dbfc64993 | INFO | Message 023d5269-b3bb-4ea6-8ae7-652005ad6b7f created
2026-08-08 21:03:25 | team | sess_af6dbfc64993 | INFO | [planner1] processing 1 unread messages (steer=True)
2026-08-08 21:03:25 | team | sess_af6dbfc64993 | INFO | Message b81c5314-b372-45a0-b8b1-fc2263388a3a marked as read by planner1
2026-08-08 21:03:57 | team | sess_af6dbfc64993 | INFO | Message 5b2059d3-05b7-467c-af74-eec420cc9574 created
2026-08-08 21:04:40 | team | sess_af6dbfc64993 | INFO | task list drained for team jiuwen_team_sess_af6dbfc64993: 7 terminal task(s)
2026-08-08 21:04:54 | team | sess_af6dbfc64993 | INFO | [planner1] processing 1 unread messages (steer=True)
2026-08-08 21:04:54 | team | sess_af6dbfc64993 | INFO | Message b432318a-c08e-4c25-9e1c-3fbf3e0ebe72 marked as read by planner1
2026-08-08 21:05:10 | team | sess_af6dbfc64993 | INFO | team jiuwen_team_sess_af6dbfc64993 reported completed: 9 members, 7 tasks
2026-08-08 21:05:10 | team | sess_af6dbfc64993 | INFO | [planner1] received TEAM_STANDBY, pausing polls
2026-08-08 21:05:10 | team | sess_af6dbfc64993 | INFO | EventBus[teammate] pausing polls
