2026-08-08 20:56:48 | team | sess_af6dbfc64993 | INFO | Team workspace directory ensured at /srv/jwteam_clone/shared/run_current
2026-08-08 20:56:48 | team | sess_af6dbfc64993 | INFO | AgentTeam manager initialized for jiuwen_team_sess_af6dbfc64993, member=team_leader
2026-08-08 20:56:48 | team | sess_af6dbfc64993 | INFO | [team_leader] TeamPolicyRail static sections: section_names=['team_role', 'team_workflow', 'team_swarmflow', 'team_lifecycle', 'team_persona']
2026-08-08 20:56:48 | team | sess_af6dbfc64993 | INFO | Session tables ready for session sess_af6dbfc64993
2026-08-08 20:56:48 | team | sess_af6dbfc64993 | INFO | Team database initialized
2026-08-08 20:56:48 | team | default_trace_id | INFO | Team workspace directory ensured at /srv/jwteam_clone/shared/run_current
2026-08-08 20:56:48 | team | default_trace_id | INFO | AgentTeam manager initialized for jiuwen_team_sess_af6dbfc64993, member=verifier1
2026-08-08 20:56:48 | team | default_trace_id | INFO | [verifier1] TeamPolicyRail static sections: section_names=['team_role', 'team_persona']
2026-08-08 20:56:48 | team | sess_af6dbfc64993 | INFO | [verifier1] invoke start, role=teammate
2026-08-08 20:56:48 | team | sess_af6dbfc64993 | INFO | [verifier1] coordination starting
2026-08-08 20:56:48 | team | sess_af6dbfc64993 | INFO | Session tables ready for session sess_af6dbfc64993
2026-08-08 20:56:48 | team | sess_af6dbfc64993 | INFO | Workspace /srv/jwteam_clone/shared/run_current initialized as plain shared directory (version_control disabled)
2026-08-08 20:56:48 | team | sess_af6dbfc64993 | INFO | EventBus[teammate] starting
2026-08-08 20:57:02 | team | sess_af6dbfc64993 | INFO | [verifier1] HITT section refresh: human_agent_names=[]
2026-08-08 20:57:11 | team | sess_af6dbfc64993 | INFO | [verifier1] processing 1 unread messages (steer=True)
2026-08-08 20:57:11 | team | sess_af6dbfc64993 | INFO | Message 66fb81fa-69e1-4730-82d0-81f11be8bfe1 marked as read by verifier1
2026-08-08 20:57:20 | team | sess_af6dbfc64993 | INFO | Message addca9d2-de4a-4e9f-bcf9-a47e82b8df2f created
2026-08-08 21:02:27 | team | sess_af6dbfc64993 | INFO | [verifier1] processing 1 unread messages (steer=True)
2026-08-08 21:02:27 | team | sess_af6dbfc64993 | INFO | Message fb4228af-9d61-4a96-96d5-157c488d8197 marked as read by verifier1
2026-08-08 21:02:32 | team | sess_af6dbfc64993 | INFO | Message 7bb1a371-1023-4910-ba87-6e52ee78cc3d created
2026-08-08 21:02:44 | team | sess_af6dbfc64993 | INFO | Message bad718a2-9f66-4542-8ee6-6ba9f24f7729 created
2026-08-08 21:02:44 | team | sess_af6dbfc64993 | INFO | Message f4891f02-d1ad-4a19-b520-9c9562ff2815 created
2026-08-08 21:03:01 | team | sess_af6dbfc64993 | INFO | [verifier1] processing 1 unread messages (steer=True)
2026-08-08 21:03:01 | team | sess_af6dbfc64993 | INFO | Message 38eed687-5854-49eb-9f94-184931e8c557 marked as read by verifier1
2026-08-08 21:03:09 | team | sess_af6dbfc64993 | INFO | [verifier1] processing 1 unread messages (steer=True)
2026-08-08 21:03:09 | team | sess_af6dbfc64993 | INFO | Message 86f558d8-71e3-4eee-8380-bd98fb83a9ab marked as read by verifier1
2026-08-08 21:03:10 | team | sess_af6dbfc64993 | INFO | Message c8dc28e7-f289-40ee-bd74-6d64ac9c1545 created
2026-08-08 21:03:16 | team | sess_af6dbfc64993 | INFO | Message 4531e5d9-5454-4743-9035-eb46f3b8e166 created
2026-08-08 21:03:21 | team | sess_af6dbfc64993 | INFO | [verifier1] processing 1 unread messages (steer=True)
2026-08-08 21:03:21 | team | sess_af6dbfc64993 | INFO | Message 023d5269-b3bb-4ea6-8ae7-652005ad6b7f marked as read by verifier1
2026-08-08 21:03:25 | team | sess_af6dbfc64993 | INFO | Message b81c5314-b372-45a0-b8b1-fc2263388a3a created
2026-08-08 21:03:57 | team | sess_af6dbfc64993 | INFO | [verifier1] processing 1 unread messages (steer=True)
2026-08-08 21:03:57 | team | sess_af6dbfc64993 | INFO | Message 5b2059d3-05b7-467c-af74-eec420cc9574 marked as read by verifier1
2026-08-08 21:03:57 | team | sess_af6dbfc64993 | INFO | Task verify-v2 claimed by member verifier1
2026-08-08 21:03:57 | team | sess_af6dbfc64993 | INFO | Task verify-v2 claimed by member verifier1
2026-08-08 21:03:59 | team | sess_af6dbfc64993 | INFO | [verifier1] processing 1 unread messages (steer=True)
2026-08-08 21:03:59 | team | sess_af6dbfc64993 | INFO | Message 13946298-c65a-4d24-8478-8dcded03d50f marked as read by verifier1
2026-08-08 21:04:40 | team | sess_af6dbfc64993 | INFO | Task verify-v2 completed at 1786219480739
2026-08-08 21:04:40 | team | sess_af6dbfc64993 | INFO | Task verify-v2 completed
2026-08-08 21:04:48 | team | sess_af6dbfc64993 | INFO | Message 7b08f19f-a8cc-4c38-8050-d67ef0094eec created
2026-08-08 21:04:48 | team | sess_af6dbfc64993 | INFO | Message b40323f2-3db7-4b64-984f-ed81858a899f created
2026-08-08 21:04:54 | team | sess_af6dbfc64993 | INFO | [verifier1] processing 1 unread messages (steer=True)
2026-08-08 21:04:54 | team | sess_af6dbfc64993 | INFO | Message b432318a-c08e-4c25-9e1c-3fbf3e0ebe72 marked as read by verifier1
2026-08-08 21:05:00 | team | sess_af6dbfc64993 | INFO | Message 6a62d4fc-f8e9-4e98-85e5-be4fde7fa84c created
2026-08-08 21:05:10 | team | sess_af6dbfc64993 | INFO | team jiuwen_team_sess_af6dbfc64993 reported completed: 9 members, 7 tasks
2026-08-08 21:05:10 | team | sess_af6dbfc64993 | INFO | [verifier1] received TEAM_STANDBY, pausing polls
2026-08-08 21:05:10 | team | sess_af6dbfc64993 | INFO | EventBus[teammate] pausing polls
