2026-08-08 13:19:24 | team | sess_476f9655f6b9 | INFO | Team workspace directory ensured at /srv/jwteam_clone/shared/run_current
2026-08-08 13:19:24 | team | sess_476f9655f6b9 | INFO | AgentTeam manager initialized for jiuwen_team_sess_476f9655f6b9, member=team_leader
2026-08-08 13:19:24 | team | sess_476f9655f6b9 | INFO | [team_leader] TeamPolicyRail static sections: section_names=['team_role', 'team_workflow', 'team_swarmflow', 'team_lifecycle', 'team_persona']
2026-08-08 13:19:24 | team | sess_476f9655f6b9 | INFO | Session tables ready for session sess_476f9655f6b9
2026-08-08 13:19:24 | team | sess_476f9655f6b9 | INFO | Team database initialized
2026-08-08 13:19:24 | team | default_trace_id | INFO | Team workspace directory ensured at /srv/jwteam_clone/shared/run_current
2026-08-08 13:19:24 | team | default_trace_id | INFO | AgentTeam manager initialized for jiuwen_team_sess_476f9655f6b9, member=planner2
2026-08-08 13:19:24 | team | default_trace_id | INFO | [planner2] TeamPolicyRail static sections: section_names=['team_role', 'team_persona']
2026-08-08 13:19:24 | team | sess_476f9655f6b9 | INFO | [planner2] invoke start, role=teammate
2026-08-08 13:19:24 | team | sess_476f9655f6b9 | INFO | [planner2] coordination starting
2026-08-08 13:19:24 | team | sess_476f9655f6b9 | INFO | Session tables ready for session sess_476f9655f6b9
2026-08-08 13:19:24 | team | sess_476f9655f6b9 | INFO | Workspace /srv/jwteam_clone/shared/run_current initialized as plain shared directory (version_control disabled)
2026-08-08 13:19:24 | team | sess_476f9655f6b9 | INFO | EventBus[teammate] starting
2026-08-08 13:21:06 | team | sess_476f9655f6b9 | INFO | [planner2] HITT section refresh: human_agent_names=[]
2026-08-08 13:21:18 | team | sess_476f9655f6b9 | INFO | [planner2] processing 1 unread messages (steer=True)
2026-08-08 13:21:18 | team | sess_476f9655f6b9 | INFO | Message 8a9eb728-09c6-43fa-86ca-4284fa8575d3 marked as read by planner2
2026-08-08 13:21:35 | team | sess_476f9655f6b9 | INFO | Message f7c118f5-8ec2-49d5-89b4-c784f41c71f1 created
2026-08-08 13:22:00 | team | sess_476f9655f6b9 | INFO | Task ir2-plan claimed by member planner2
2026-08-08 13:22:00 | team | sess_476f9655f6b9 | INFO | Task ir2-plan claimed by member planner2
2026-08-08 13:22:13 | team | sess_476f9655f6b9 | INFO | [planner2] processing 1 unread messages (steer=True)
2026-08-08 13:22:13 | team | sess_476f9655f6b9 | INFO | Message e74327f6-5a6d-451a-8630-c27a83ef4ae5 marked as read by planner2
2026-08-08 13:22:27 | team | sess_476f9655f6b9 | INFO | Message ed5a27c4-749d-4f9d-aa35-a39d48674b3c created
2026-08-08 13:22:34 | team | sess_476f9655f6b9 | INFO | Task ir2-plan completed at 1786191754246
2026-08-08 13:22:34 | team | sess_476f9655f6b9 | INFO | Resolved 1 dependencies for task ir2-plan
2026-08-08 13:22:34 | team | sess_476f9655f6b9 | INFO | Task ir2-implement unblocked (all deps resolved)
2026-08-08 13:22:34 | team | sess_476f9655f6b9 | INFO | Task ir2-plan completed
2026-08-08 13:22:34 | team | sess_476f9655f6b9 | INFO | Unblocked 1 tasks
2026-08-08 13:22:43 | team | sess_476f9655f6b9 | INFO | Message 32ce78ac-eb52-4c5e-8198-4d5344ce0f99 created
2026-08-08 13:26:14 | team | sess_476f9655f6b9 | INFO | task list drained for team jiuwen_team_sess_476f9655f6b9: 6 terminal task(s)
2026-08-08 13:26:27 | team | sess_476f9655f6b9 | INFO | [planner2] processing 1 unread messages (steer=True)
2026-08-08 13:26:27 | team | sess_476f9655f6b9 | INFO | Message 881d34d1-4eed-4b9e-aa0b-ef97bba9ebc4 marked as read by planner2
2026-08-08 13:26:46 | team | sess_476f9655f6b9 | INFO | team jiuwen_team_sess_476f9655f6b9 reported completed: 9 members, 6 tasks
2026-08-08 13:26:47 | team | sess_476f9655f6b9 | INFO | [planner2] received TEAM_STANDBY, pausing polls
2026-08-08 13:26:47 | team | sess_476f9655f6b9 | INFO | EventBus[teammate] pausing polls
