2026-08-08 13:19:26 | team | sess_476f9655f6b9 | INFO | Team workspace directory ensured at /srv/jwteam_clone/shared/run_current
2026-08-08 13:19:26 | team | sess_476f9655f6b9 | INFO | AgentTeam manager initialized for jiuwen_team_sess_476f9655f6b9, member=team_leader
2026-08-08 13:19:26 | team | sess_476f9655f6b9 | INFO | [team_leader] TeamPolicyRail static sections: section_names=['team_role', 'team_workflow', 'team_swarmflow', 'team_lifecycle', 'team_persona']
2026-08-08 13:19:27 | team | sess_476f9655f6b9 | INFO | Session tables ready for session sess_476f9655f6b9
2026-08-08 13:19:27 | team | sess_476f9655f6b9 | INFO | Team database initialized
2026-08-08 13:19:27 | team | default_trace_id | INFO | Team workspace directory ensured at /srv/jwteam_clone/shared/run_current
2026-08-08 13:19:27 | team | default_trace_id | INFO | AgentTeam manager initialized for jiuwen_team_sess_476f9655f6b9, member=verifier1
2026-08-08 13:19:27 | team | default_trace_id | INFO | [verifier1] TeamPolicyRail static sections: section_names=['team_role', 'team_persona']
2026-08-08 13:19:27 | team | sess_476f9655f6b9 | INFO | [verifier1] invoke start, role=teammate
2026-08-08 13:19:27 | team | sess_476f9655f6b9 | INFO | [verifier1] coordination starting
2026-08-08 13:19:27 | team | sess_476f9655f6b9 | INFO | Session tables ready for session sess_476f9655f6b9
2026-08-08 13:19:27 | team | sess_476f9655f6b9 | INFO | Workspace /srv/jwteam_clone/shared/run_current initialized as plain shared directory (version_control disabled)
2026-08-08 13:19:27 | team | sess_476f9655f6b9 | INFO | EventBus[teammate] starting
2026-08-08 13:21:06 | team | sess_476f9655f6b9 | INFO | [verifier1] HITT section refresh: human_agent_names=[]
2026-08-08 13:21:18 | team | sess_476f9655f6b9 | INFO | [verifier1] processing 1 unread messages (steer=True)
2026-08-08 13:21:18 | team | sess_476f9655f6b9 | INFO | Message 8a9eb728-09c6-43fa-86ca-4284fa8575d3 marked as read by verifier1
2026-08-08 13:24:45 | team | sess_476f9655f6b9 | INFO | [verifier1] processing 1 unread messages (steer=True)
2026-08-08 13:24:45 | team | sess_476f9655f6b9 | INFO | Message 11f52eab-ddd6-4598-92a9-2ca03cfb172f marked as read by verifier1
2026-08-08 13:24:50 | team | sess_476f9655f6b9 | INFO | Task api1-verify claimed by member verifier1
2026-08-08 13:24:50 | team | sess_476f9655f6b9 | INFO | Task api1-verify claimed by member verifier1
2026-08-08 13:26:14 | team | sess_476f9655f6b9 | INFO | Task api1-verify completed at 1786191974580
2026-08-08 13:26:14 | team | sess_476f9655f6b9 | INFO | Message 1b16540a-9cdd-4ce5-8057-e3dca6355337 created
2026-08-08 13:26:14 | team | sess_476f9655f6b9 | INFO | Task api1-verify completed
2026-08-08 13:26:27 | team | sess_476f9655f6b9 | INFO | [verifier1] processing 2 unread messages (steer=True)
2026-08-08 13:26:27 | team | sess_476f9655f6b9 | INFO | Message 6c06afbf-b00a-43e1-a217-89f483022304 marked as read by verifier1
2026-08-08 13:26:27 | team | sess_476f9655f6b9 | INFO | Message 881d34d1-4eed-4b9e-aa0b-ef97bba9ebc4 marked as read by verifier1
2026-08-08 13:26:37 | team | sess_476f9655f6b9 | INFO | Message 03073177-0649-4e2e-ac4f-81040496437a created
2026-08-08 13:26:46 | team | sess_476f9655f6b9 | INFO | team jiuwen_team_sess_476f9655f6b9 reported completed: 9 members, 6 tasks
2026-08-08 13:26:47 | team | sess_476f9655f6b9 | INFO | [verifier1] received TEAM_STANDBY, pausing polls
2026-08-08 13:26:47 | team | sess_476f9655f6b9 | INFO | EventBus[teammate] pausing polls
