2026-08-08 13:19:28 | team | sess_476f9655f6b9 | INFO | Team workspace directory ensured at /srv/jwteam_clone/shared/run_current
2026-08-08 13:19:28 | team | sess_476f9655f6b9 | INFO | AgentTeam manager initialized for jiuwen_team_sess_476f9655f6b9, member=team_leader
2026-08-08 13:19:28 | team | sess_476f9655f6b9 | INFO | [team_leader] TeamPolicyRail static sections: section_names=['team_role', 'team_workflow', 'team_swarmflow', 'team_lifecycle', 'team_persona']
2026-08-08 13:19:28 | team | sess_476f9655f6b9 | INFO | Session tables ready for session sess_476f9655f6b9
2026-08-08 13:19:28 | team | sess_476f9655f6b9 | INFO | Team database initialized
2026-08-08 13:19:28 | team | default_trace_id | INFO | Team workspace directory ensured at /srv/jwteam_clone/shared/run_current
2026-08-08 13:19:28 | team | default_trace_id | INFO | AgentTeam manager initialized for jiuwen_team_sess_476f9655f6b9, member=fullstack1
2026-08-08 13:19:28 | team | default_trace_id | INFO | [fullstack1] TeamPolicyRail static sections: section_names=['team_role', 'team_persona']
2026-08-08 13:19:28 | team | sess_476f9655f6b9 | INFO | [fullstack1] invoke start, role=teammate
2026-08-08 13:19:28 | team | sess_476f9655f6b9 | INFO | [fullstack1] coordination starting
2026-08-08 13:19:28 | team | sess_476f9655f6b9 | INFO | Session tables ready for session sess_476f9655f6b9
2026-08-08 13:19:28 | team | sess_476f9655f6b9 | INFO | Workspace /srv/jwteam_clone/shared/run_current initialized as plain shared directory (version_control disabled)
2026-08-08 13:19:28 | team | sess_476f9655f6b9 | INFO | EventBus[teammate] starting
2026-08-08 13:21:06 | team | sess_476f9655f6b9 | INFO | [fullstack1] HITT section refresh: human_agent_names=[]
2026-08-08 13:21:18 | team | sess_476f9655f6b9 | INFO | [fullstack1] processing 1 unread messages (steer=True)
2026-08-08 13:21:18 | team | sess_476f9655f6b9 | INFO | Message 8a9eb728-09c6-43fa-86ca-4284fa8575d3 marked as read by fullstack1
2026-08-08 13:21:20 | team | sess_476f9655f6b9 | INFO | Task ir2-plan claimed by member fullstack1
2026-08-08 13:21:20 | team | sess_476f9655f6b9 | INFO | Task ir2-plan claimed by member fullstack1
2026-08-08 13:21:53 | team | sess_476f9655f6b9 | INFO | Message 96072756-6750-481b-8aee-c83254cb873b created
2026-08-08 13:21:54 | team | sess_476f9655f6b9 | INFO | [fullstack1] processing 1 unread messages (steer=True)
2026-08-08 13:21:54 | team | sess_476f9655f6b9 | INFO | Message 2a31be3a-7798-4be6-a05b-b414c0e2dade marked as read by fullstack1
2026-08-08 13:22:33 | team | sess_476f9655f6b9 | INFO | Message 2780aff5-3d83-4279-b6bf-b3efcb6badcb created
2026-08-08 13:22:39 | team | sess_476f9655f6b9 | INFO | Task api1-implement claimed by member fullstack1
2026-08-08 13:22:39 | team | sess_476f9655f6b9 | INFO | Task api1-implement claimed by member fullstack1
2026-08-08 13:22:53 | team | sess_476f9655f6b9 | INFO | [fullstack1] processing 1 unread messages (steer=True)
2026-08-08 13:22:53 | team | sess_476f9655f6b9 | INFO | Message fc42cc67-3fcd-44e8-ba4b-9c8f5a91d0df marked as read by fullstack1
2026-08-08 13:23:02 | team | sess_476f9655f6b9 | INFO | Message 7ea2afad-710c-4fbf-913e-bc65f8906519 created
2026-08-08 13:23:19 | team | sess_476f9655f6b9 | INFO | Message c454ff7e-cbb8-4c2b-a139-1f955f9eb52a created
2026-08-08 13:23:20 | team | sess_476f9655f6b9 | INFO | [fullstack1] processing 1 unread messages (steer=True)
2026-08-08 13:23:20 | team | sess_476f9655f6b9 | INFO | Message fa4b3a9b-661e-42ad-b5c2-91570071f267 marked as read by fullstack1
2026-08-08 13:23:21 | team | sess_476f9655f6b9 | INFO | [fullstack1] processing 1 unread messages (steer=True)
2026-08-08 13:23:21 | team | sess_476f9655f6b9 | INFO | Message 9690e556-4bd3-4f92-a587-723950905b11 marked as read by fullstack1
2026-08-08 13:23:29 | team | sess_476f9655f6b9 | INFO | [fullstack1] processing 1 unread messages (steer=True)
2026-08-08 13:23:29 | team | sess_476f9655f6b9 | INFO | Message 0d21c557-0155-492a-b451-9b535a043526 marked as read by fullstack1
2026-08-08 13:23:39 | team | sess_476f9655f6b9 | INFO | Message 9484b8c7-87a1-44d3-a6db-7968fdb7f3f4 created
2026-08-08 13:23:39 | team | sess_476f9655f6b9 | INFO | Message 1e0eca00-b562-49d7-9659-2a601abcb20e created
2026-08-08 13:23:57 | team | sess_476f9655f6b9 | INFO | [fullstack1] processing 1 unread messages (steer=True)
2026-08-08 13:23:57 | team | sess_476f9655f6b9 | INFO | Message efda7251-7138-45c4-820f-bcd95d956759 marked as read by fullstack1
2026-08-08 13:24:01 | team | sess_476f9655f6b9 | INFO | [fullstack1] processing 1 unread messages (steer=True)
2026-08-08 13:24:01 | team | sess_476f9655f6b9 | INFO | Message eee80eb0-6597-4e44-a525-38afdb4d1230 marked as read by fullstack1
2026-08-08 13:24:18 | team | sess_476f9655f6b9 | INFO | Message 909baea0-d66e-447e-af5e-5d420d6e7cb7 created
2026-08-08 13:24:42 | team | sess_476f9655f6b9 | INFO | [fullstack1] processing 1 unread messages (steer=True)
2026-08-08 13:24:42 | team | sess_476f9655f6b9 | INFO | Message dd8dd199-0cf4-4021-9fb1-57b707404b5e marked as read by fullstack1
2026-08-08 13:24:47 | team | sess_476f9655f6b9 | INFO | Message ee944b25-0bd6-4334-bda1-3b04804a6fcc created
2026-08-08 13:25:03 | team | sess_476f9655f6b9 | INFO | Message 41cbe0a1-ce88-403d-8c69-5ffd5868af75 created
2026-08-08 13:26:14 | team | sess_476f9655f6b9 | INFO | task list drained for team jiuwen_team_sess_476f9655f6b9: 6 terminal task(s)
2026-08-08 13:26:27 | team | sess_476f9655f6b9 | INFO | [fullstack1] processing 1 unread messages (steer=True)
2026-08-08 13:26:27 | team | sess_476f9655f6b9 | INFO | Message 881d34d1-4eed-4b9e-aa0b-ef97bba9ebc4 marked as read by fullstack1
2026-08-08 13:26:46 | team | sess_476f9655f6b9 | INFO | team jiuwen_team_sess_476f9655f6b9 reported completed: 9 members, 6 tasks
2026-08-08 13:26:47 | team | sess_476f9655f6b9 | INFO | [fullstack1] received TEAM_STANDBY, pausing polls
2026-08-08 13:26:47 | team | sess_476f9655f6b9 | INFO | EventBus[teammate] pausing polls
