2026-08-08 13:19:24 | team | sess_476f9655f6b9 | INFO | Team workspace directory ensured at /srv/jwteam_clone/shared/run_current
2026-08-08 13:19:24 | team | sess_476f9655f6b9 | INFO | AgentTeam manager initialized for jiuwen_team_sess_476f9655f6b9, member=team_leader
2026-08-08 13:19:24 | team | sess_476f9655f6b9 | INFO | [team_leader] TeamPolicyRail static sections: section_names=['team_role', 'team_workflow', 'team_swarmflow', 'team_lifecycle', 'team_persona']
2026-08-08 13:19:24 | team | sess_476f9655f6b9 | INFO | Session tables ready for session sess_476f9655f6b9
2026-08-08 13:19:24 | team | sess_476f9655f6b9 | INFO | Team database initialized
2026-08-08 13:19:24 | team | default_trace_id | INFO | Team workspace directory ensured at /srv/jwteam_clone/shared/run_current
2026-08-08 13:19:24 | team | default_trace_id | INFO | AgentTeam manager initialized for jiuwen_team_sess_476f9655f6b9, member=executor1
2026-08-08 13:19:24 | team | default_trace_id | INFO | [executor1] TeamPolicyRail static sections: section_names=['team_role', 'team_persona']
2026-08-08 13:19:24 | team | sess_476f9655f6b9 | INFO | [executor1] invoke start, role=teammate
2026-08-08 13:19:24 | team | sess_476f9655f6b9 | INFO | [executor1] coordination starting
2026-08-08 13:19:24 | team | sess_476f9655f6b9 | INFO | Session tables ready for session sess_476f9655f6b9
2026-08-08 13:19:24 | team | sess_476f9655f6b9 | INFO | Workspace /srv/jwteam_clone/shared/run_current initialized as plain shared directory (version_control disabled)
2026-08-08 13:19:24 | team | sess_476f9655f6b9 | INFO | EventBus[teammate] starting
2026-08-08 13:21:06 | team | sess_476f9655f6b9 | INFO | [executor1] HITT section refresh: human_agent_names=[]
2026-08-08 13:21:18 | team | sess_476f9655f6b9 | INFO | [executor1] processing 1 unread messages (steer=True)
2026-08-08 13:21:18 | team | sess_476f9655f6b9 | INFO | Message 8a9eb728-09c6-43fa-86ca-4284fa8575d3 marked as read by executor1
2026-08-08 13:22:20 | team | sess_476f9655f6b9 | INFO | [executor1] processing 1 unread messages (steer=True)
2026-08-08 13:22:20 | team | sess_476f9655f6b9 | INFO | Message 1419cf71-1e54-4cb1-95b9-3fe60a46136a marked as read by executor1
2026-08-08 13:23:21 | team | sess_476f9655f6b9 | INFO | Message 9690e556-4bd3-4f92-a587-723950905b11 created
2026-08-08 13:23:39 | team | sess_476f9655f6b9 | INFO | [executor1] processing 1 unread messages (steer=True)
2026-08-08 13:23:39 | team | sess_476f9655f6b9 | INFO | Message 1e0eca00-b562-49d7-9659-2a601abcb20e marked as read by executor1
2026-08-08 13:23:51 | team | sess_476f9655f6b9 | INFO | Message c703c1ae-b019-4a85-8e47-47a96277b374 created
2026-08-08 13:24:07 | team | sess_476f9655f6b9 | INFO | Task api1-implement claimed by member executor1
2026-08-08 13:24:07 | team | sess_476f9655f6b9 | INFO | Task api1-implement claimed by member executor1
2026-08-08 13:24:19 | team | sess_476f9655f6b9 | INFO | [executor1] processing 1 unread messages (steer=True)
2026-08-08 13:24:19 | team | sess_476f9655f6b9 | INFO | Message c01172f5-b601-4e55-99fb-b3316c12c3ae marked as read by executor1
2026-08-08 13:24:45 | team | sess_476f9655f6b9 | INFO | Task api1-implement completed at 1786191885447
2026-08-08 13:24:45 | team | sess_476f9655f6b9 | INFO | Message 11f52eab-ddd6-4598-92a9-2ca03cfb172f created
2026-08-08 13:24:45 | team | sess_476f9655f6b9 | INFO | Resolved 1 dependencies for task api1-implement
2026-08-08 13:24:45 | team | sess_476f9655f6b9 | INFO | Task api1-verify unblocked (all deps resolved)
2026-08-08 13:24:45 | team | sess_476f9655f6b9 | INFO | Task api1-implement completed
2026-08-08 13:24:45 | team | sess_476f9655f6b9 | INFO | Unblocked 1 tasks
2026-08-08 13:26:14 | team | sess_476f9655f6b9 | INFO | task list drained for team jiuwen_team_sess_476f9655f6b9: 6 terminal task(s)
2026-08-08 13:26:27 | team | sess_476f9655f6b9 | INFO | [executor1] processing 1 unread messages (steer=True)
2026-08-08 13:26:27 | team | sess_476f9655f6b9 | INFO | Message 881d34d1-4eed-4b9e-aa0b-ef97bba9ebc4 marked as read by executor1
2026-08-08 13:26:46 | team | sess_476f9655f6b9 | INFO | team jiuwen_team_sess_476f9655f6b9 reported completed: 9 members, 6 tasks
2026-08-08 13:26:47 | team | sess_476f9655f6b9 | INFO | [executor1] received TEAM_STANDBY, pausing polls
2026-08-08 13:26:47 | team | sess_476f9655f6b9 | INFO | EventBus[teammate] pausing polls
