2026-08-08 13:19:23 | team | sess_476f9655f6b9 | INFO | Team workspace directory ensured at /srv/jwteam_clone/shared/run_current
2026-08-08 13:19:23 | team | sess_476f9655f6b9 | INFO | AgentTeam manager initialized for jiuwen_team_sess_476f9655f6b9, member=team_leader
2026-08-08 13:19:23 | team | sess_476f9655f6b9 | INFO | [team_leader] TeamPolicyRail static sections: section_names=['team_role', 'team_workflow', 'team_swarmflow', 'team_lifecycle', 'team_persona']
2026-08-08 13:19:23 | team | sess_476f9655f6b9 | INFO | Session tables ready for session sess_476f9655f6b9
2026-08-08 13:19:23 | team | sess_476f9655f6b9 | INFO | Team database initialized
2026-08-08 13:19:23 | team | default_trace_id | INFO | Team workspace directory ensured at /srv/jwteam_clone/shared/run_current
2026-08-08 13:19:23 | team | default_trace_id | INFO | AgentTeam manager initialized for jiuwen_team_sess_476f9655f6b9, member=planner1
2026-08-08 13:19:23 | team | default_trace_id | INFO | [planner1] TeamPolicyRail static sections: section_names=['team_role', 'team_persona']
2026-08-08 13:19:23 | team | sess_476f9655f6b9 | INFO | [planner1] invoke start, role=teammate
2026-08-08 13:19:23 | team | sess_476f9655f6b9 | INFO | [planner1] coordination starting
2026-08-08 13:19:23 | team | sess_476f9655f6b9 | INFO | Session tables ready for session sess_476f9655f6b9
2026-08-08 13:19:23 | team | sess_476f9655f6b9 | INFO | Workspace /srv/jwteam_clone/shared/run_current initialized as plain shared directory (version_control disabled)
2026-08-08 13:19:23 | team | sess_476f9655f6b9 | INFO | EventBus[teammate] starting
2026-08-08 13:21:06 | team | sess_476f9655f6b9 | INFO | [planner1] HITT section refresh: human_agent_names=[]
2026-08-08 13:21:13 | team | sess_476f9655f6b9 | INFO | Task api1-plan claimed by member planner1
2026-08-08 13:21:13 | team | sess_476f9655f6b9 | INFO | Task api1-plan claimed by member planner1
2026-08-08 13:21:18 | team | sess_476f9655f6b9 | INFO | [planner1] processing 1 unread messages (steer=True)
2026-08-08 13:21:18 | team | sess_476f9655f6b9 | INFO | Message 8a9eb728-09c6-43fa-86ca-4284fa8575d3 marked as read by planner1
2026-08-08 13:22:20 | team | sess_476f9655f6b9 | INFO | Message 1419cf71-1e54-4cb1-95b9-3fe60a46136a created
2026-08-08 13:22:29 | team | sess_476f9655f6b9 | INFO | Task api1-plan completed at 1786191749433
2026-08-08 13:22:29 | team | sess_476f9655f6b9 | INFO | Message 6b918394-f21b-42d5-82f7-ca24ba583aec created
2026-08-08 13:22:29 | team | sess_476f9655f6b9 | INFO | Resolved 1 dependencies for task api1-plan
2026-08-08 13:22:29 | team | sess_476f9655f6b9 | INFO | Task api1-implement unblocked (all deps resolved)
2026-08-08 13:22:29 | team | sess_476f9655f6b9 | INFO | Task api1-plan completed
2026-08-08 13:22:29 | team | sess_476f9655f6b9 | INFO | Unblocked 1 tasks
2026-08-08 13:23:02 | team | sess_476f9655f6b9 | INFO | [planner1] processing 1 unread messages (steer=True)
2026-08-08 13:23:02 | team | sess_476f9655f6b9 | INFO | Message 7ea2afad-710c-4fbf-913e-bc65f8906519 marked as read by planner1
2026-08-08 13:23:20 | team | sess_476f9655f6b9 | INFO | Message fa4b3a9b-661e-42ad-b5c2-91570071f267 created
2026-08-08 13:23:39 | team | sess_476f9655f6b9 | INFO | [planner1] processing 1 unread messages (steer=True)
2026-08-08 13:23:39 | team | sess_476f9655f6b9 | INFO | Message 9484b8c7-87a1-44d3-a6db-7968fdb7f3f4 marked as read by planner1
2026-08-08 13:23:57 | team | sess_476f9655f6b9 | INFO | Message efda7251-7138-45c4-820f-bcd95d956759 created
2026-08-08 13:26:14 | team | sess_476f9655f6b9 | INFO | task list drained for team jiuwen_team_sess_476f9655f6b9: 6 terminal task(s)
2026-08-08 13:26:27 | team | sess_476f9655f6b9 | INFO | [planner1] processing 1 unread messages (steer=True)
2026-08-08 13:26:27 | team | sess_476f9655f6b9 | INFO | Message 881d34d1-4eed-4b9e-aa0b-ef97bba9ebc4 marked as read by planner1
2026-08-08 13:26:46 | team | sess_476f9655f6b9 | INFO | team jiuwen_team_sess_476f9655f6b9 reported completed: 9 members, 6 tasks
2026-08-08 13:26:47 | team | sess_476f9655f6b9 | INFO | [planner1] received TEAM_STANDBY, pausing polls
2026-08-08 13:26:47 | team | sess_476f9655f6b9 | INFO | EventBus[teammate] pausing polls
