2026-08-08 13:19:27 | team | sess_476f9655f6b9 | INFO | Team workspace directory ensured at /srv/jwteam_clone/shared/run_current
2026-08-08 13:19:27 | team | sess_476f9655f6b9 | INFO | AgentTeam manager initialized for jiuwen_team_sess_476f9655f6b9, member=team_leader
2026-08-08 13:19:27 | team | sess_476f9655f6b9 | INFO | [team_leader] TeamPolicyRail static sections: section_names=['team_role', 'team_workflow', 'team_swarmflow', 'team_lifecycle', 'team_persona']
2026-08-08 13:19:27 | team | sess_476f9655f6b9 | INFO | Session tables ready for session sess_476f9655f6b9
2026-08-08 13:19:27 | team | sess_476f9655f6b9 | INFO | Team database initialized
2026-08-08 13:19:27 | team | default_trace_id | INFO | Team workspace directory ensured at /srv/jwteam_clone/shared/run_current
2026-08-08 13:19:27 | team | default_trace_id | INFO | AgentTeam manager initialized for jiuwen_team_sess_476f9655f6b9, member=verifier2
2026-08-08 13:19:27 | team | default_trace_id | INFO | [verifier2] TeamPolicyRail static sections: section_names=['team_role', 'team_persona']
2026-08-08 13:19:27 | team | sess_476f9655f6b9 | INFO | [verifier2] invoke start, role=teammate
2026-08-08 13:19:27 | team | sess_476f9655f6b9 | INFO | [verifier2] coordination starting
2026-08-08 13:19:27 | team | sess_476f9655f6b9 | INFO | Session tables ready for session sess_476f9655f6b9
2026-08-08 13:19:27 | team | sess_476f9655f6b9 | INFO | Workspace /srv/jwteam_clone/shared/run_current initialized as plain shared directory (version_control disabled)
2026-08-08 13:19:27 | team | sess_476f9655f6b9 | INFO | EventBus[teammate] starting
2026-08-08 13:21:06 | team | sess_476f9655f6b9 | INFO | [verifier2] HITT section refresh: human_agent_names=[]
2026-08-08 13:21:18 | team | sess_476f9655f6b9 | INFO | [verifier2] processing 1 unread messages (steer=True)
2026-08-08 13:21:18 | team | sess_476f9655f6b9 | INFO | Message 8a9eb728-09c6-43fa-86ca-4284fa8575d3 marked as read by verifier2
2026-08-08 13:23:22 | team | sess_476f9655f6b9 | INFO | [verifier2] processing 1 unread messages (steer=True)
2026-08-08 13:23:22 | team | sess_476f9655f6b9 | INFO | Message a378310b-ba58-4ed0-868d-53370b6f0f3a marked as read by verifier2
2026-08-08 13:23:28 | team | sess_476f9655f6b9 | INFO | Task ir2-verify claimed by member verifier2
2026-08-08 13:23:28 | team | sess_476f9655f6b9 | INFO | Task ir2-verify claimed by member verifier2
2026-08-08 13:24:10 | team | sess_476f9655f6b9 | INFO | Task ir2-verify completed at 1786191850623
2026-08-08 13:24:10 | team | sess_476f9655f6b9 | INFO | Task ir2-verify completed
2026-08-08 13:24:18 | team | sess_476f9655f6b9 | INFO | Message 0bc0d987-e9bc-4aaa-80bf-3a2561eceba0 created
2026-08-08 13:24:42 | team | sess_476f9655f6b9 | INFO | [verifier2] processing 1 unread messages (steer=True)
2026-08-08 13:24:42 | team | sess_476f9655f6b9 | INFO | Message 66dbf729-c081-4f27-a601-e41542dac9f5 marked as read by verifier2
2026-08-08 13:26:14 | team | sess_476f9655f6b9 | INFO | task list drained for team jiuwen_team_sess_476f9655f6b9: 6 terminal task(s)
2026-08-08 13:26:27 | team | sess_476f9655f6b9 | INFO | [verifier2] processing 1 unread messages (steer=True)
2026-08-08 13:26:27 | team | sess_476f9655f6b9 | INFO | Message 881d34d1-4eed-4b9e-aa0b-ef97bba9ebc4 marked as read by verifier2
2026-08-08 13:26:46 | team | sess_476f9655f6b9 | INFO | team jiuwen_team_sess_476f9655f6b9 reported completed: 9 members, 6 tasks
2026-08-08 13:26:47 | team | sess_476f9655f6b9 | INFO | [verifier2] received TEAM_STANDBY, pausing polls
2026-08-08 13:26:47 | team | sess_476f9655f6b9 | INFO | EventBus[teammate] pausing polls
