2026-08-10 10:01:32 | team | sess_1de78819f95b | INFO | Team workspace directory ensured at /srv/jwteam_clone/shared/run_current
2026-08-10 10:01:32 | team | sess_1de78819f95b | INFO | AgentTeam manager initialized for jiuwen_team_sess_1de78819f95b, member=team_leader
2026-08-10 10:01:32 | team | sess_1de78819f95b | INFO | [team_leader] TeamPolicyRail static sections: section_names=['team_role', 'team_workflow', 'team_swarmflow', 'team_lifecycle', 'team_persona']
2026-08-10 10:01:32 | team | sess_1de78819f95b | INFO | Session tables ready for session sess_1de78819f95b
2026-08-10 10:01:32 | team | sess_1de78819f95b | INFO | Team database initialized
2026-08-10 10:01:32 | team | default_trace_id | INFO | Team workspace directory ensured at /srv/jwteam_clone/shared/run_current
2026-08-10 10:01:32 | team | default_trace_id | INFO | AgentTeam manager initialized for jiuwen_team_sess_1de78819f95b, member=fullstack1
2026-08-10 10:01:32 | team | default_trace_id | INFO | [fullstack1] TeamPolicyRail static sections: section_names=['team_role', 'team_persona']
2026-08-10 10:01:32 | team | sess_1de78819f95b | INFO | [fullstack1] invoke start, role=teammate
2026-08-10 10:01:32 | team | sess_1de78819f95b | INFO | [fullstack1] coordination starting
2026-08-10 10:01:32 | team | sess_1de78819f95b | INFO | Session tables ready for session sess_1de78819f95b
2026-08-10 10:01:32 | team | sess_1de78819f95b | INFO | Workspace /srv/jwteam_clone/shared/run_current initialized as plain shared directory (version_control disabled)
2026-08-10 10:01:32 | team | sess_1de78819f95b | INFO | EventBus[teammate] starting
2026-08-10 10:02:02 | team | sess_1de78819f95b | INFO | [fullstack1] HITT section refresh: human_agent_names=[]
2026-08-10 10:02:12 | team | sess_1de78819f95b | INFO | [fullstack1] processing 1 unread messages (steer=True)
2026-08-10 10:02:12 | team | sess_1de78819f95b | INFO | Message 633598ee-021c-43f7-b398-d7986991f92e marked as read by fullstack1
2026-08-10 10:02:35 | team | sess_1de78819f95b | INFO | Message 596f8993-05da-43e2-af79-867efa5c9de6 created
2026-08-10 10:03:00 | team | sess_1de78819f95b | INFO | Message b4f2bbca-52fe-4a9a-b3ae-61e67e95f60f created
2026-08-10 10:03:17 | team | sess_1de78819f95b | INFO | [fullstack1] processing 1 unread messages (steer=True)
2026-08-10 10:03:17 | team | sess_1de78819f95b | INFO | Message e6a3f7a8-7154-454a-b5a6-48295df2296c marked as read by fullstack1
2026-08-10 10:03:45 | team | sess_1de78819f95b | INFO | Message 6d015634-f30d-4408-b7d6-5b8401c4252a created
2026-08-10 10:03:54 | team | sess_1de78819f95b | INFO | Message 9aff5df6-71e5-433f-ad4e-4fd922093e6d created
2026-08-10 10:04:04 | team | sess_1de78819f95b | INFO | [fullstack1] processing 1 unread messages (steer=True)
2026-08-10 10:04:04 | team | sess_1de78819f95b | INFO | Message 3863dbe4-4949-44e5-a169-06fb80f8eaea marked as read by fullstack1
2026-08-10 10:04:21 | team | sess_1de78819f95b | INFO | Message 2c6f95fc-cf68-409a-bb0b-6397ac4a22a4 created
2026-08-10 10:04:34 | team | sess_1de78819f95b | INFO | task list drained for team jiuwen_team_sess_1de78819f95b: 3 terminal task(s)
2026-08-10 10:04:47 | team | sess_1de78819f95b | INFO | [fullstack1] processing 1 unread messages (steer=True)
2026-08-10 10:04:47 | team | sess_1de78819f95b | INFO | Message 4cfdd0a1-f306-4d8b-b8aa-7bd4f8f3494f marked as read by fullstack1
2026-08-10 10:05:19 | team | sess_1de78819f95b | INFO | team jiuwen_team_sess_1de78819f95b reported completed: 9 members, 3 tasks
2026-08-10 10:05:19 | team | sess_1de78819f95b | INFO | [fullstack1] received TEAM_STANDBY, pausing polls
2026-08-10 10:05:19 | team | sess_1de78819f95b | INFO | EventBus[teammate] pausing polls
