2026-08-10 10:01:29 | team | sess_1de78819f95b | INFO | Team workspace directory ensured at /srv/jwteam_clone/shared/run_current
2026-08-10 10:01:29 | team | sess_1de78819f95b | INFO | AgentTeam manager initialized for jiuwen_team_sess_1de78819f95b, member=team_leader
2026-08-10 10:01:29 | team | sess_1de78819f95b | INFO | [team_leader] TeamPolicyRail static sections: section_names=['team_role', 'team_workflow', 'team_swarmflow', 'team_lifecycle', 'team_persona']
2026-08-10 10:01:29 | team | sess_1de78819f95b | INFO | Session tables ready for session sess_1de78819f95b
2026-08-10 10:01:29 | team | sess_1de78819f95b | INFO | Team database initialized
2026-08-10 10:01:29 | team | default_trace_id | INFO | Team workspace directory ensured at /srv/jwteam_clone/shared/run_current
2026-08-10 10:01:29 | team | default_trace_id | INFO | AgentTeam manager initialized for jiuwen_team_sess_1de78819f95b, member=executor3
2026-08-10 10:01:29 | team | default_trace_id | INFO | [executor3] TeamPolicyRail static sections: section_names=['team_role', 'team_persona']
2026-08-10 10:01:29 | team | sess_1de78819f95b | INFO | [executor3] invoke start, role=teammate
2026-08-10 10:01:29 | team | sess_1de78819f95b | INFO | [executor3] coordination starting
2026-08-10 10:01:29 | team | sess_1de78819f95b | INFO | Session tables ready for session sess_1de78819f95b
2026-08-10 10:01:29 | team | sess_1de78819f95b | INFO | Workspace /srv/jwteam_clone/shared/run_current initialized as plain shared directory (version_control disabled)
2026-08-10 10:01:29 | team | sess_1de78819f95b | INFO | EventBus[teammate] starting
2026-08-10 10:02:02 | team | sess_1de78819f95b | INFO | [executor3] HITT section refresh: human_agent_names=[]
2026-08-10 10:02:12 | team | sess_1de78819f95b | INFO | [executor3] processing 1 unread messages (steer=True)
2026-08-10 10:02:12 | team | sess_1de78819f95b | INFO | Message 633598ee-021c-43f7-b398-d7986991f92e marked as read by executor3
2026-08-10 10:02:36 | team | sess_1de78819f95b | INFO | Message 2b9d4999-d863-4af6-8bb9-033a050b7f95 created
2026-08-10 10:03:39 | team | sess_1de78819f95b | INFO | Message 7325fff2-5d71-4b9f-89b9-990b66022fb2 created
2026-08-10 10:03:51 | team | sess_1de78819f95b | INFO | [executor3] processing 1 unread messages (steer=True)
2026-08-10 10:03:51 | team | sess_1de78819f95b | INFO | Message 7f206d12-d5ff-44ec-b1a5-2037479ec33d marked as read by executor3
2026-08-10 10:04:13 | team | sess_1de78819f95b | INFO | Message 04c8935c-0a18-4dd4-8989-5ccc82f09e78 created
2026-08-10 10:04:34 | team | sess_1de78819f95b | INFO | task list drained for team jiuwen_team_sess_1de78819f95b: 3 terminal task(s)
2026-08-10 10:04:47 | team | sess_1de78819f95b | INFO | [executor3] processing 1 unread messages (steer=True)
2026-08-10 10:04:47 | team | sess_1de78819f95b | INFO | Message 4cfdd0a1-f306-4d8b-b8aa-7bd4f8f3494f marked as read by executor3
2026-08-10 10:05:19 | team | sess_1de78819f95b | INFO | team jiuwen_team_sess_1de78819f95b reported completed: 9 members, 3 tasks
2026-08-10 10:05:19 | team | sess_1de78819f95b | INFO | [executor3] received TEAM_STANDBY, pausing polls
2026-08-10 10:05:19 | team | sess_1de78819f95b | INFO | EventBus[teammate] pausing polls
