2026-08-10 10:01:26 | team | sess_1de78819f95b | INFO | Team workspace directory ensured at /srv/jwteam_clone/shared/run_current
2026-08-10 10:01:26 | team | sess_1de78819f95b | INFO | AgentTeam manager initialized for jiuwen_team_sess_1de78819f95b, member=team_leader
2026-08-10 10:01:26 | team | sess_1de78819f95b | INFO | [team_leader] TeamPolicyRail static sections: section_names=['team_role', 'team_workflow', 'team_swarmflow', 'team_lifecycle', 'team_persona']
2026-08-10 10:01:26 | team | sess_1de78819f95b | INFO | Session tables ready for session sess_1de78819f95b
2026-08-10 10:01:26 | team | sess_1de78819f95b | INFO | Team database initialized
2026-08-10 10:01:26 | team | default_trace_id | INFO | Team workspace directory ensured at /srv/jwteam_clone/shared/run_current
2026-08-10 10:01:26 | team | default_trace_id | INFO | AgentTeam manager initialized for jiuwen_team_sess_1de78819f95b, member=planner2
2026-08-10 10:01:26 | team | default_trace_id | INFO | [planner2] TeamPolicyRail static sections: section_names=['team_role', 'team_persona']
2026-08-10 10:01:26 | team | sess_1de78819f95b | INFO | [planner2] invoke start, role=teammate
2026-08-10 10:01:26 | team | sess_1de78819f95b | INFO | [planner2] coordination starting
2026-08-10 10:01:26 | team | sess_1de78819f95b | INFO | Session tables ready for session sess_1de78819f95b
2026-08-10 10:01:26 | team | sess_1de78819f95b | INFO | Workspace /srv/jwteam_clone/shared/run_current initialized as plain shared directory (version_control disabled)
2026-08-10 10:01:26 | team | sess_1de78819f95b | INFO | EventBus[teammate] starting
2026-08-10 10:02:02 | team | sess_1de78819f95b | INFO | [planner2] HITT section refresh: human_agent_names=[]
2026-08-10 10:02:08 | team | sess_1de78819f95b | INFO | Task plan claimed by member planner2
2026-08-10 10:02:08 | team | sess_1de78819f95b | INFO | Task plan claimed by member planner2
2026-08-10 10:02:12 | team | sess_1de78819f95b | INFO | [planner2] processing 1 unread messages (steer=True)
2026-08-10 10:02:12 | team | sess_1de78819f95b | INFO | Message 633598ee-021c-43f7-b398-d7986991f92e marked as read by planner2
2026-08-10 10:02:25 | team | sess_1de78819f95b | INFO | [planner2] processing 1 unread messages (steer=True)
2026-08-10 10:02:25 | team | sess_1de78819f95b | INFO | Message eb91121f-b915-46e7-bc0a-54345958e974 marked as read by planner2
2026-08-10 10:02:54 | team | sess_1de78819f95b | INFO | Message 91bb4f20-a0d1-4814-b769-6c3774806f18 created
2026-08-10 10:03:00 | team | sess_1de78819f95b | INFO | [planner2] processing 1 unread messages (steer=True)
2026-08-10 10:03:00 | team | sess_1de78819f95b | INFO | Message b4f2bbca-52fe-4a9a-b3ae-61e67e95f60f marked as read by planner2
2026-08-10 10:03:11 | team | sess_1de78819f95b | INFO | Message eac06859-dc1e-48e4-a66a-14cded8ef185 created
2026-08-10 10:03:17 | team | sess_1de78819f95b | INFO | Message e6a3f7a8-7154-454a-b5a6-48295df2296c created
2026-08-10 10:03:21 | team | sess_1de78819f95b | INFO | Task plan completed at 1786352601238
2026-08-10 10:03:21 | team | sess_1de78819f95b | INFO | Resolved 1 dependencies for task plan
2026-08-10 10:03:21 | team | sess_1de78819f95b | INFO | Task implement unblocked (all deps resolved)
2026-08-10 10:03:21 | team | sess_1de78819f95b | INFO | Task plan completed
2026-08-10 10:03:21 | team | sess_1de78819f95b | INFO | Unblocked 1 tasks
2026-08-10 10:03:29 | team | sess_1de78819f95b | INFO | [planner2] processing 1 unread messages (steer=True)
2026-08-10 10:03:29 | team | sess_1de78819f95b | INFO | Message cc152135-f344-40e6-9835-3fb5d0525ba8 marked as read by planner2
2026-08-10 10:03:37 | team | sess_1de78819f95b | INFO | Message 1c45cbf1-887b-4264-85a6-50a85d4c183b created
2026-08-10 10:03:48 | team | sess_1de78819f95b | INFO | [planner2] processing 1 unread messages (steer=True)
2026-08-10 10:03:49 | team | sess_1de78819f95b | INFO | Message 96c8c696-b6bf-4ca5-937a-2e1624971eaf marked as read by planner2
2026-08-10 10:04:34 | team | sess_1de78819f95b | INFO | task list drained for team jiuwen_team_sess_1de78819f95b: 3 terminal task(s)
2026-08-10 10:04:47 | team | sess_1de78819f95b | INFO | [planner2] processing 1 unread messages (steer=True)
2026-08-10 10:04:47 | team | sess_1de78819f95b | INFO | Message 4cfdd0a1-f306-4d8b-b8aa-7bd4f8f3494f marked as read by planner2
2026-08-10 10:05:19 | team | sess_1de78819f95b | INFO | team jiuwen_team_sess_1de78819f95b reported completed: 9 members, 3 tasks
2026-08-10 10:05:19 | team | sess_1de78819f95b | INFO | [planner2] received TEAM_STANDBY, pausing polls
2026-08-10 10:05:19 | team | sess_1de78819f95b | INFO | EventBus[teammate] pausing polls
