2026-08-10 10:01:30 | team | sess_1de78819f95b | INFO | Team workspace directory ensured at /srv/jwteam_clone/shared/run_current
2026-08-10 10:01:30 | team | sess_1de78819f95b | INFO | AgentTeam manager initialized for jiuwen_team_sess_1de78819f95b, member=team_leader
2026-08-10 10:01:30 | team | sess_1de78819f95b | INFO | [team_leader] TeamPolicyRail static sections: section_names=['team_role', 'team_workflow', 'team_swarmflow', 'team_lifecycle', 'team_persona']
2026-08-10 10:01:30 | team | sess_1de78819f95b | INFO | Session tables ready for session sess_1de78819f95b
2026-08-10 10:01:30 | team | sess_1de78819f95b | INFO | Team database initialized
2026-08-10 10:01:30 | team | default_trace_id | INFO | Team workspace directory ensured at /srv/jwteam_clone/shared/run_current
2026-08-10 10:01:30 | team | default_trace_id | INFO | AgentTeam manager initialized for jiuwen_team_sess_1de78819f95b, member=verifier1
2026-08-10 10:01:30 | team | default_trace_id | INFO | [verifier1] TeamPolicyRail static sections: section_names=['team_role', 'team_persona']
2026-08-10 10:01:30 | team | sess_1de78819f95b | INFO | [verifier1] invoke start, role=teammate
2026-08-10 10:01:30 | team | sess_1de78819f95b | INFO | [verifier1] coordination starting
2026-08-10 10:01:30 | team | sess_1de78819f95b | INFO | Session tables ready for session sess_1de78819f95b
2026-08-10 10:01:30 | team | sess_1de78819f95b | INFO | Workspace /srv/jwteam_clone/shared/run_current initialized as plain shared directory (version_control disabled)
2026-08-10 10:01:30 | team | sess_1de78819f95b | INFO | EventBus[teammate] starting
2026-08-10 10:02:02 | team | sess_1de78819f95b | INFO | [verifier1] HITT section refresh: human_agent_names=[]
2026-08-10 10:02:12 | team | sess_1de78819f95b | INFO | [verifier1] processing 1 unread messages (steer=True)
2026-08-10 10:02:12 | team | sess_1de78819f95b | INFO | Message 633598ee-021c-43f7-b398-d7986991f92e marked as read by verifier1
2026-08-10 10:04:00 | team | sess_1de78819f95b | INFO | [verifier1] processing 1 unread messages (steer=True)
2026-08-10 10:04:00 | team | sess_1de78819f95b | INFO | Message c578b82c-eff6-4af2-b6d4-9a578cb37c12 marked as read by verifier1
2026-08-10 10:04:34 | team | sess_1de78819f95b | INFO | task list drained for team jiuwen_team_sess_1de78819f95b: 3 terminal task(s)
2026-08-10 10:04:35 | team | sess_1de78819f95b | INFO | Message 06936662-93bd-436d-9225-18ccfa8954df created
2026-08-10 10:04:47 | team | sess_1de78819f95b | INFO | [verifier1] processing 1 unread messages (steer=True)
2026-08-10 10:04:47 | team | sess_1de78819f95b | INFO | Message 4cfdd0a1-f306-4d8b-b8aa-7bd4f8f3494f marked as read by verifier1
2026-08-10 10:04:47 | team | sess_1de78819f95b | INFO | [verifier1] processing 1 unread messages (steer=True)
2026-08-10 10:04:47 | team | sess_1de78819f95b | INFO | Message 4ab88f49-ec5c-44db-8be5-576aa031c8be marked as read by verifier1
2026-08-10 10:04:53 | team | sess_1de78819f95b | INFO | Message ee77e923-936f-466e-9879-2d2e4447dc5e created
2026-08-10 10:04:53 | team | sess_1de78819f95b | INFO | Message 933d6021-f60b-4d82-a8d6-84531ca85f33 created
2026-08-10 10:04:59 | team | sess_1de78819f95b | INFO | Message 10b2ef32-68ac-4f00-8c77-ccf6b76cf2e5 created
2026-08-10 10:05:19 | team | sess_1de78819f95b | INFO | team jiuwen_team_sess_1de78819f95b reported completed: 9 members, 3 tasks
2026-08-10 10:05:19 | team | sess_1de78819f95b | INFO | [verifier1] received TEAM_STANDBY, pausing polls
2026-08-10 10:05:19 | team | sess_1de78819f95b | INFO | EventBus[teammate] pausing polls
