2026-08-10 10:01:27 | team | sess_1de78819f95b | INFO | Team workspace directory ensured at /srv/jwteam_clone/shared/run_current
2026-08-10 10:01:27 | team | sess_1de78819f95b | INFO | AgentTeam manager initialized for jiuwen_team_sess_1de78819f95b, member=team_leader
2026-08-10 10:01:27 | team | sess_1de78819f95b | INFO | [team_leader] TeamPolicyRail static sections: section_names=['team_role', 'team_workflow', 'team_swarmflow', 'team_lifecycle', 'team_persona']
2026-08-10 10:01:27 | team | sess_1de78819f95b | INFO | Session tables ready for session sess_1de78819f95b
2026-08-10 10:01:27 | team | sess_1de78819f95b | INFO | Team database initialized
2026-08-10 10:01:27 | team | default_trace_id | INFO | Team workspace directory ensured at /srv/jwteam_clone/shared/run_current
2026-08-10 10:01:27 | team | default_trace_id | INFO | AgentTeam manager initialized for jiuwen_team_sess_1de78819f95b, member=executor1
2026-08-10 10:01:27 | team | default_trace_id | INFO | [executor1] TeamPolicyRail static sections: section_names=['team_role', 'team_persona']
2026-08-10 10:01:27 | team | sess_1de78819f95b | INFO | [executor1] invoke start, role=teammate
2026-08-10 10:01:27 | team | sess_1de78819f95b | INFO | [executor1] coordination starting
2026-08-10 10:01:27 | team | sess_1de78819f95b | INFO | Session tables ready for session sess_1de78819f95b
2026-08-10 10:01:27 | team | sess_1de78819f95b | INFO | Workspace /srv/jwteam_clone/shared/run_current initialized as plain shared directory (version_control disabled)
2026-08-10 10:01:27 | team | sess_1de78819f95b | INFO | EventBus[teammate] starting
2026-08-10 10:02:02 | team | sess_1de78819f95b | INFO | [executor1] HITT section refresh: human_agent_names=[]
2026-08-10 10:02:12 | team | sess_1de78819f95b | INFO | [executor1] processing 1 unread messages (steer=True)
2026-08-10 10:02:12 | team | sess_1de78819f95b | INFO | Message 633598ee-021c-43f7-b398-d7986991f92e marked as read by executor1
2026-08-10 10:02:54 | team | sess_1de78819f95b | INFO | [executor1] processing 1 unread messages (steer=True)
2026-08-10 10:02:54 | team | sess_1de78819f95b | INFO | Message 91bb4f20-a0d1-4814-b769-6c3774806f18 marked as read by executor1
2026-08-10 10:03:14 | team | sess_1de78819f95b | INFO | [executor1] processing 1 unread messages (steer=True)
2026-08-10 10:03:14 | team | sess_1de78819f95b | INFO | Message 0fe9ddb0-fc02-4378-861a-5aaec2648a2c marked as read by executor1
2026-08-10 10:03:29 | team | sess_1de78819f95b | INFO | Task implement claimed by member executor1
2026-08-10 10:03:29 | team | sess_1de78819f95b | INFO | Task implement claimed by member executor1
2026-08-10 10:03:39 | team | sess_1de78819f95b | INFO | [executor1] processing 1 unread messages (steer=True)
2026-08-10 10:03:39 | team | sess_1de78819f95b | INFO | Message 7325fff2-5d71-4b9f-89b9-990b66022fb2 marked as read by executor1
2026-08-10 10:03:45 | team | sess_1de78819f95b | INFO | [executor1] processing 1 unread messages (steer=True)
2026-08-10 10:03:45 | team | sess_1de78819f95b | INFO | Message 6d015634-f30d-4408-b7d6-5b8401c4252a marked as read by executor1
2026-08-10 10:03:51 | team | sess_1de78819f95b | INFO | Message 7f206d12-d5ff-44ec-b1a5-2037479ec33d created
2026-08-10 10:04:00 | team | sess_1de78819f95b | INFO | Task implement completed at 1786352640027
2026-08-10 10:04:00 | team | sess_1de78819f95b | INFO | Message c578b82c-eff6-4af2-b6d4-9a578cb37c12 created
2026-08-10 10:04:00 | team | sess_1de78819f95b | INFO | Resolved 1 dependencies for task implement
2026-08-10 10:04:00 | team | sess_1de78819f95b | INFO | Task verify unblocked (all deps resolved)
2026-08-10 10:04:00 | team | sess_1de78819f95b | INFO | Task implement completed
2026-08-10 10:04:00 | team | sess_1de78819f95b | INFO | Unblocked 1 tasks
2026-08-10 10:04:04 | team | sess_1de78819f95b | INFO | Message 3863dbe4-4949-44e5-a169-06fb80f8eaea created
2026-08-10 10:04:13 | team | sess_1de78819f95b | INFO | [executor1] processing 1 unread messages (steer=True)
2026-08-10 10:04:13 | team | sess_1de78819f95b | INFO | Message 04c8935c-0a18-4dd4-8989-5ccc82f09e78 marked as read by executor1
2026-08-10 10:04:21 | team | sess_1de78819f95b | INFO | [executor1] processing 1 unread messages (steer=True)
2026-08-10 10:04:21 | team | sess_1de78819f95b | INFO | Message 2c6f95fc-cf68-409a-bb0b-6397ac4a22a4 marked as read by executor1
2026-08-10 10:04:34 | team | sess_1de78819f95b | INFO | task list drained for team jiuwen_team_sess_1de78819f95b: 3 terminal task(s)
2026-08-10 10:04:47 | team | sess_1de78819f95b | INFO | [executor1] processing 1 unread messages (steer=True)
2026-08-10 10:04:47 | team | sess_1de78819f95b | INFO | Message 4cfdd0a1-f306-4d8b-b8aa-7bd4f8f3494f marked as read by executor1
2026-08-10 10:04:53 | team | sess_1de78819f95b | INFO | [executor1] processing 1 unread messages (steer=True)
2026-08-10 10:04:53 | team | sess_1de78819f95b | INFO | Message 933d6021-f60b-4d82-a8d6-84531ca85f33 marked as read by executor1
2026-08-10 10:05:19 | team | sess_1de78819f95b | INFO | team jiuwen_team_sess_1de78819f95b reported completed: 9 members, 3 tasks
2026-08-10 10:05:19 | team | sess_1de78819f95b | INFO | [executor1] received TEAM_STANDBY, pausing polls
2026-08-10 10:05:19 | team | sess_1de78819f95b | INFO | EventBus[teammate] pausing polls
