2026-08-08 08:54:19 | team | sess_731adf8e6b2c | INFO | Team workspace directory ensured at /srv/jwteam_clone/shared/run_current
2026-08-08 08:54:19 | team | sess_731adf8e6b2c | INFO | AgentTeam manager initialized for jiuwen_team_sess_731adf8e6b2c, member=team_leader
2026-08-08 08:54:19 | team | sess_731adf8e6b2c | INFO | [team_leader] TeamPolicyRail static sections: section_names=['team_role', 'team_workflow', 'team_swarmflow', 'team_lifecycle', 'team_persona']
2026-08-08 08:54:19 | team | sess_731adf8e6b2c | INFO | Session tables ready for session sess_731adf8e6b2c
2026-08-08 08:54:19 | team | sess_731adf8e6b2c | INFO | Team database initialized
2026-08-08 08:54:19 | team | default_trace_id | INFO | Team workspace directory ensured at /srv/jwteam_clone/shared/run_current
2026-08-08 08:54:19 | team | default_trace_id | INFO | AgentTeam manager initialized for jiuwen_team_sess_731adf8e6b2c, member=executor3
2026-08-08 08:54:19 | team | default_trace_id | INFO | [executor3] TeamPolicyRail static sections: section_names=['team_role', 'team_persona']
2026-08-08 08:54:19 | team | sess_731adf8e6b2c | INFO | [executor3] invoke start, role=teammate
2026-08-08 08:54:19 | team | sess_731adf8e6b2c | INFO | [executor3] coordination starting
2026-08-08 08:54:19 | team | sess_731adf8e6b2c | INFO | Session tables ready for session sess_731adf8e6b2c
2026-08-08 08:54:19 | team | sess_731adf8e6b2c | INFO | Workspace /srv/jwteam_clone/shared/run_current initialized as plain shared directory (version_control disabled)
2026-08-08 08:54:19 | team | sess_731adf8e6b2c | INFO | EventBus[teammate] starting
2026-08-08 08:54:39 | team | sess_731adf8e6b2c | INFO | [executor3] HITT section refresh: human_agent_names=[]
2026-08-08 08:54:48 | team | sess_731adf8e6b2c | INFO | [executor3] processing 1 unread messages (steer=True)
2026-08-08 08:54:48 | team | sess_731adf8e6b2c | INFO | Message c767689d-b5d7-456b-ac85-3bc33d43988f marked as read by executor3
2026-08-08 08:58:53 | team | sess_731adf8e6b2c | INFO | task list drained for team jiuwen_team_sess_731adf8e6b2c: 3 terminal task(s)
2026-08-08 08:59:11 | team | sess_731adf8e6b2c | INFO | [executor3] processing 1 unread messages (steer=True)
2026-08-08 08:59:11 | team | sess_731adf8e6b2c | INFO | Message ad2fa5a4-0a88-4cd8-b033-ba830eefb3a6 marked as read by executor3
2026-08-08 08:59:40 | team | sess_731adf8e6b2c | INFO | team jiuwen_team_sess_731adf8e6b2c reported completed: 9 members, 3 tasks
2026-08-08 08:59:40 | team | sess_731adf8e6b2c | INFO | [executor3] received TEAM_STANDBY, pausing polls
2026-08-08 08:59:40 | team | sess_731adf8e6b2c | INFO | EventBus[teammate] pausing polls
