2026-08-08 08:54:15 | team | sess_731adf8e6b2c | INFO | Team workspace directory ensured at /srv/jwteam_clone/shared/run_current
2026-08-08 08:54:15 | team | sess_731adf8e6b2c | INFO | AgentTeam manager initialized for jiuwen_team_sess_731adf8e6b2c, member=team_leader
2026-08-08 08:54:15 | team | sess_731adf8e6b2c | INFO | [team_leader] TeamPolicyRail static sections: section_names=['team_role', 'team_workflow', 'team_swarmflow', 'team_lifecycle', 'team_persona']
2026-08-08 08:54:15 | team | sess_731adf8e6b2c | INFO | Session tables ready for session sess_731adf8e6b2c
2026-08-08 08:54:15 | team | sess_731adf8e6b2c | INFO | Team database initialized
2026-08-08 08:54:16 | team | default_trace_id | INFO | Team workspace directory ensured at /srv/jwteam_clone/shared/run_current
2026-08-08 08:54:16 | team | default_trace_id | INFO | AgentTeam manager initialized for jiuwen_team_sess_731adf8e6b2c, member=planner2
2026-08-08 08:54:16 | team | default_trace_id | INFO | [planner2] TeamPolicyRail static sections: section_names=['team_role', 'team_persona']
2026-08-08 08:54:16 | team | sess_731adf8e6b2c | INFO | [planner2] invoke start, role=teammate
2026-08-08 08:54:16 | team | sess_731adf8e6b2c | INFO | [planner2] coordination starting
2026-08-08 08:54:16 | team | sess_731adf8e6b2c | INFO | Session tables ready for session sess_731adf8e6b2c
2026-08-08 08:54:16 | team | sess_731adf8e6b2c | INFO | Workspace /srv/jwteam_clone/shared/run_current initialized as plain shared directory (version_control disabled)
2026-08-08 08:54:16 | team | sess_731adf8e6b2c | INFO | EventBus[teammate] starting
2026-08-08 08:54:39 | team | sess_731adf8e6b2c | INFO | [planner2] HITT section refresh: human_agent_names=[]
2026-08-08 08:54:48 | team | sess_731adf8e6b2c | INFO | [planner2] processing 1 unread messages (steer=True)
2026-08-08 08:54:48 | team | sess_731adf8e6b2c | INFO | Message c767689d-b5d7-456b-ac85-3bc33d43988f marked as read by planner2
2026-08-08 08:54:49 | team | sess_731adf8e6b2c | INFO | Task plan claimed by member planner2
2026-08-08 08:54:49 | team | sess_731adf8e6b2c | INFO | Task plan claimed by member planner2
2026-08-08 08:55:21 | team | sess_731adf8e6b2c | INFO | [planner2] processing 1 unread messages (steer=True)
2026-08-08 08:55:21 | team | sess_731adf8e6b2c | INFO | Message a78ee0c3-f81c-4653-8266-1dca46d21353 marked as read by planner2
2026-08-08 08:55:43 | team | sess_731adf8e6b2c | INFO | Message 672ad5fd-c1b0-4851-ba12-b20ab20dc08f created
2026-08-08 08:56:04 | team | sess_731adf8e6b2c | INFO | [planner2] processing 1 unread messages (steer=True)
2026-08-08 08:56:04 | team | sess_731adf8e6b2c | INFO | Message 4d7550a1-cee5-4a8c-b299-8e2038b4a2f1 marked as read by planner2
2026-08-08 08:56:47 | team | sess_731adf8e6b2c | INFO | Message b233d95e-99df-4d53-8111-abb104ffd6e7 created
2026-08-08 08:56:51 | team | sess_731adf8e6b2c | INFO | Task plan completed at 1786175811592
2026-08-08 08:56:51 | team | sess_731adf8e6b2c | INFO | Resolved 1 dependencies for task plan
2026-08-08 08:56:51 | team | sess_731adf8e6b2c | INFO | Task implement unblocked (all deps resolved)
2026-08-08 08:56:51 | team | sess_731adf8e6b2c | INFO | Task plan completed
2026-08-08 08:56:51 | team | sess_731adf8e6b2c | INFO | Unblocked 1 tasks
2026-08-08 08:56:58 | team | sess_731adf8e6b2c | INFO | Message ff903b0f-3874-473e-aebc-a29878853024 created
2026-08-08 08:57:14 | team | sess_731adf8e6b2c | INFO | [planner2] processing 1 unread messages (steer=True)
2026-08-08 08:57:14 | team | sess_731adf8e6b2c | INFO | Message 30fcbbb5-40ff-4c76-b946-f8c2a3524e92 marked as read by planner2
2026-08-08 08:58:53 | team | sess_731adf8e6b2c | INFO | task list drained for team jiuwen_team_sess_731adf8e6b2c: 3 terminal task(s)
2026-08-08 08:59:11 | team | sess_731adf8e6b2c | INFO | [planner2] processing 1 unread messages (steer=True)
2026-08-08 08:59:11 | team | sess_731adf8e6b2c | INFO | Message ad2fa5a4-0a88-4cd8-b033-ba830eefb3a6 marked as read by planner2
2026-08-08 08:59:40 | team | sess_731adf8e6b2c | INFO | team jiuwen_team_sess_731adf8e6b2c reported completed: 9 members, 3 tasks
2026-08-08 08:59:40 | team | sess_731adf8e6b2c | INFO | [planner2] received TEAM_STANDBY, pausing polls
2026-08-08 08:59:40 | team | sess_731adf8e6b2c | INFO | EventBus[teammate] pausing polls
