2026-08-08 08:54:17 | team | sess_731adf8e6b2c | INFO | Team workspace directory ensured at /srv/jwteam_clone/shared/run_current
2026-08-08 08:54:17 | team | sess_731adf8e6b2c | INFO | AgentTeam manager initialized for jiuwen_team_sess_731adf8e6b2c, member=team_leader
2026-08-08 08:54:17 | team | sess_731adf8e6b2c | INFO | [team_leader] TeamPolicyRail static sections: section_names=['team_role', 'team_workflow', 'team_swarmflow', 'team_lifecycle', 'team_persona']
2026-08-08 08:54:17 | team | sess_731adf8e6b2c | INFO | Session tables ready for session sess_731adf8e6b2c
2026-08-08 08:54:17 | team | sess_731adf8e6b2c | INFO | Team database initialized
2026-08-08 08:54:17 | team | default_trace_id | INFO | Team workspace directory ensured at /srv/jwteam_clone/shared/run_current
2026-08-08 08:54:17 | team | default_trace_id | INFO | AgentTeam manager initialized for jiuwen_team_sess_731adf8e6b2c, member=executor1
2026-08-08 08:54:17 | team | default_trace_id | INFO | [executor1] TeamPolicyRail static sections: section_names=['team_role', 'team_persona']
2026-08-08 08:54:17 | team | sess_731adf8e6b2c | INFO | [executor1] invoke start, role=teammate
2026-08-08 08:54:17 | team | sess_731adf8e6b2c | INFO | [executor1] coordination starting
2026-08-08 08:54:17 | team | sess_731adf8e6b2c | INFO | Session tables ready for session sess_731adf8e6b2c
2026-08-08 08:54:17 | team | sess_731adf8e6b2c | INFO | Workspace /srv/jwteam_clone/shared/run_current initialized as plain shared directory (version_control disabled)
2026-08-08 08:54:17 | team | sess_731adf8e6b2c | INFO | EventBus[teammate] starting
2026-08-08 08:54:39 | team | sess_731adf8e6b2c | INFO | [executor1] HITT section refresh: human_agent_names=[]
2026-08-08 08:54:48 | team | sess_731adf8e6b2c | INFO | [executor1] processing 1 unread messages (steer=True)
2026-08-08 08:54:48 | team | sess_731adf8e6b2c | INFO | Message c767689d-b5d7-456b-ac85-3bc33d43988f marked as read by executor1
2026-08-08 08:55:51 | team | sess_731adf8e6b2c | INFO | [executor1] processing 1 unread messages (steer=True)
2026-08-08 08:55:51 | team | sess_731adf8e6b2c | INFO | Message d8505392-870d-4235-ab0f-4671766c7ffe marked as read by executor1
2026-08-08 08:56:04 | team | sess_731adf8e6b2c | INFO | [executor1] processing 1 unread messages (steer=True)
2026-08-08 08:56:04 | team | sess_731adf8e6b2c | INFO | Message a809769b-a045-4f8a-a81f-a5c10f0b22e7 marked as read by executor1
2026-08-08 08:56:47 | team | sess_731adf8e6b2c | INFO | [executor1] processing 1 unread messages (steer=True)
2026-08-08 08:56:47 | team | sess_731adf8e6b2c | INFO | Message b233d95e-99df-4d53-8111-abb104ffd6e7 marked as read by executor1
2026-08-08 08:56:57 | team | sess_731adf8e6b2c | INFO | [executor1] received TASK_CLAIMED for self, task_id=implement, human_agent=False
2026-08-08 08:57:13 | team | sess_731adf8e6b2c | INFO | [executor1] processing 1 unread messages (steer=True)
2026-08-08 08:57:13 | team | sess_731adf8e6b2c | INFO | Message 347ae973-8585-4186-b1ac-2941b6c3d6bb marked as read by executor1
2026-08-08 08:57:52 | team | sess_731adf8e6b2c | INFO | Task implement completed at 1786175872877
2026-08-08 08:57:52 | team | sess_731adf8e6b2c | INFO | Resolved 1 dependencies for task implement
2026-08-08 08:57:52 | team | sess_731adf8e6b2c | INFO | Task verify unblocked (all deps resolved)
2026-08-08 08:57:52 | team | sess_731adf8e6b2c | INFO | Task implement completed
2026-08-08 08:57:52 | team | sess_731adf8e6b2c | INFO | Unblocked 1 tasks
2026-08-08 08:57:59 | team | sess_731adf8e6b2c | INFO | Message 6b369721-8be4-4fef-82b3-6c0a204b059c created
2026-08-08 08:58:53 | team | sess_731adf8e6b2c | INFO | task list drained for team jiuwen_team_sess_731adf8e6b2c: 3 terminal task(s)
2026-08-08 08:59:11 | team | sess_731adf8e6b2c | INFO | [executor1] processing 1 unread messages (steer=True)
2026-08-08 08:59:11 | team | sess_731adf8e6b2c | INFO | Message ad2fa5a4-0a88-4cd8-b033-ba830eefb3a6 marked as read by executor1
2026-08-08 08:59:40 | team | sess_731adf8e6b2c | INFO | team jiuwen_team_sess_731adf8e6b2c reported completed: 9 members, 3 tasks
2026-08-08 08:59:40 | team | sess_731adf8e6b2c | INFO | [executor1] received TEAM_STANDBY, pausing polls
2026-08-08 08:59:40 | team | sess_731adf8e6b2c | INFO | EventBus[teammate] pausing polls
