2026-08-09 16:34:40 | team | sess_a923d753b639 | INFO | Team workspace directory ensured at /srv/jwteam_clone/shared/run_current
2026-08-09 16:34:40 | team | sess_a923d753b639 | INFO | AgentTeam manager initialized for jiuwen_team_sess_a923d753b639, member=team_leader
2026-08-09 16:34:40 | team | sess_a923d753b639 | INFO | [team_leader] TeamPolicyRail static sections: section_names=['team_role', 'team_workflow', 'team_swarmflow', 'team_lifecycle', 'team_persona']
2026-08-09 16:34:40 | team | sess_a923d753b639 | INFO | Session tables ready for session sess_a923d753b639
2026-08-09 16:34:40 | team | sess_a923d753b639 | INFO | Team database initialized
2026-08-09 16:34:40 | team | default_trace_id | INFO | Team workspace directory ensured at /srv/jwteam_clone/shared/run_current
2026-08-09 16:34:40 | team | default_trace_id | INFO | AgentTeam manager initialized for jiuwen_team_sess_a923d753b639, member=executor3
2026-08-09 16:34:40 | team | default_trace_id | INFO | [executor3] TeamPolicyRail static sections: section_names=['team_role', 'team_persona']
2026-08-09 16:34:41 | team | sess_a923d753b639 | INFO | [executor3] invoke start, role=teammate
2026-08-09 16:34:41 | team | sess_a923d753b639 | INFO | [executor3] coordination starting
2026-08-09 16:34:41 | team | sess_a923d753b639 | INFO | Session tables ready for session sess_a923d753b639
2026-08-09 16:34:41 | team | sess_a923d753b639 | INFO | Workspace /srv/jwteam_clone/shared/run_current initialized as plain shared directory (version_control disabled)
2026-08-09 16:34:41 | team | sess_a923d753b639 | INFO | EventBus[teammate] starting
2026-08-09 16:35:02 | team | sess_a923d753b639 | INFO | [executor3] HITT section refresh: human_agent_names=[]
2026-08-09 16:35:11 | team | sess_a923d753b639 | INFO | [executor3] processing 1 unread messages (steer=True)
2026-08-09 16:35:11 | team | sess_a923d753b639 | INFO | Message 2e32a450-e1db-470e-a52a-11232b358c07 marked as read by executor3
2026-08-09 16:38:40 | team | sess_a923d753b639 | INFO | task list drained for team jiuwen_team_sess_a923d753b639: 3 terminal task(s)
2026-08-09 16:38:55 | team | sess_a923d753b639 | INFO | [executor3] processing 1 unread messages (steer=True)
2026-08-09 16:38:55 | team | sess_a923d753b639 | INFO | Message 4054cd66-5f21-4514-9819-18a2cae05d50 marked as read by executor3
2026-08-09 16:40:12 | team | sess_a923d753b639 | INFO | task list drained for team jiuwen_team_sess_a923d753b639: 5 terminal task(s)
2026-08-09 16:40:23 | team | sess_a923d753b639 | INFO | [executor3] processing 1 unread messages (steer=True)
2026-08-09 16:40:24 | team | sess_a923d753b639 | INFO | Message cfa01ce1-1556-436c-ac94-e79bbb476be5 marked as read by executor3
2026-08-09 16:40:43 | team | sess_a923d753b639 | INFO | team jiuwen_team_sess_a923d753b639 reported completed: 9 members, 5 tasks
2026-08-09 16:40:43 | team | sess_a923d753b639 | INFO | [executor3] received TEAM_STANDBY, pausing polls
2026-08-09 16:40:43 | team | sess_a923d753b639 | INFO | EventBus[teammate] pausing polls
