2026-08-09 16:34:41 | team | sess_a923d753b639 | INFO | Team workspace directory ensured at /srv/jwteam_clone/shared/run_current
2026-08-09 16:34:41 | team | sess_a923d753b639 | INFO | AgentTeam manager initialized for jiuwen_team_sess_a923d753b639, member=team_leader
2026-08-09 16:34:41 | team | sess_a923d753b639 | INFO | [team_leader] TeamPolicyRail static sections: section_names=['team_role', 'team_workflow', 'team_swarmflow', 'team_lifecycle', 'team_persona']
2026-08-09 16:34:41 | team | sess_a923d753b639 | INFO | Session tables ready for session sess_a923d753b639
2026-08-09 16:34:41 | team | sess_a923d753b639 | INFO | Team database initialized
2026-08-09 16:34:41 | team | default_trace_id | INFO | Team workspace directory ensured at /srv/jwteam_clone/shared/run_current
2026-08-09 16:34:41 | team | default_trace_id | INFO | AgentTeam manager initialized for jiuwen_team_sess_a923d753b639, member=verifier1
2026-08-09 16:34:41 | team | default_trace_id | INFO | [verifier1] TeamPolicyRail static sections: section_names=['team_role', 'team_persona']
2026-08-09 16:34:41 | team | sess_a923d753b639 | INFO | [verifier1] invoke start, role=teammate
2026-08-09 16:34:41 | team | sess_a923d753b639 | INFO | [verifier1] coordination starting
2026-08-09 16:34:41 | team | sess_a923d753b639 | INFO | Session tables ready for session sess_a923d753b639
2026-08-09 16:34:42 | team | sess_a923d753b639 | INFO | Workspace /srv/jwteam_clone/shared/run_current initialized as plain shared directory (version_control disabled)
2026-08-09 16:34:42 | team | sess_a923d753b639 | INFO | EventBus[teammate] starting
2026-08-09 16:35:02 | team | sess_a923d753b639 | INFO | [verifier1] HITT section refresh: human_agent_names=[]
2026-08-09 16:35:11 | team | sess_a923d753b639 | INFO | [verifier1] processing 1 unread messages (steer=True)
2026-08-09 16:35:11 | team | sess_a923d753b639 | INFO | Message 2e32a450-e1db-470e-a52a-11232b358c07 marked as read by verifier1
2026-08-09 16:37:41 | team | sess_a923d753b639 | INFO | Task verify-crypto1 claimed by member verifier1
2026-08-09 16:37:41 | team | sess_a923d753b639 | INFO | Task verify-crypto1 claimed by member verifier1
2026-08-09 16:37:43 | team | sess_a923d753b639 | INFO | [verifier1] processing 1 unread messages (steer=True)
2026-08-09 16:37:43 | team | sess_a923d753b639 | INFO | Message 48d35654-6459-48e9-a86d-18c3b87cf932 marked as read by verifier1
2026-08-09 16:38:40 | team | sess_a923d753b639 | INFO | Task verify-crypto1 completed at 1786289920304
2026-08-09 16:38:40 | team | sess_a923d753b639 | INFO | Message c38b80db-f70a-4275-a7eb-ac5604a657a2 created
2026-08-09 16:38:40 | team | sess_a923d753b639 | INFO | Task verify-crypto1 completed
2026-08-09 16:38:46 | team | sess_a923d753b639 | INFO | Message 5685acea-372c-42ed-9255-5915333d5a32 created
2026-08-09 16:38:55 | team | sess_a923d753b639 | INFO | [verifier1] processing 1 unread messages (steer=True)
2026-08-09 16:38:56 | team | sess_a923d753b639 | INFO | Message 4054cd66-5f21-4514-9819-18a2cae05d50 marked as read by verifier1
2026-08-09 16:39:40 | team | sess_a923d753b639 | INFO | [verifier1] processing 1 unread messages (steer=True)
2026-08-09 16:39:40 | team | sess_a923d753b639 | INFO | Message 2acd344c-cc5d-4f02-aa9e-7f0020d72c56 marked as read by verifier1
2026-08-09 16:39:56 | team | sess_a923d753b639 | INFO | Message 2c3929df-8bcf-41a3-b50a-aca9fa599e30 created
2026-08-09 16:40:12 | team | sess_a923d753b639 | INFO | task list drained for team jiuwen_team_sess_a923d753b639: 5 terminal task(s)
2026-08-09 16:40:23 | team | sess_a923d753b639 | INFO | [verifier1] processing 1 unread messages (steer=True)
2026-08-09 16:40:24 | team | sess_a923d753b639 | INFO | Message cfa01ce1-1556-436c-ac94-e79bbb476be5 marked as read by verifier1
2026-08-09 16:40:43 | team | sess_a923d753b639 | INFO | team jiuwen_team_sess_a923d753b639 reported completed: 9 members, 5 tasks
2026-08-09 16:40:43 | team | sess_a923d753b639 | INFO | [verifier1] received TEAM_STANDBY, pausing polls
2026-08-09 16:40:43 | team | sess_a923d753b639 | INFO | EventBus[teammate] pausing polls
