2026-08-09 15:53:57 | team | sess_b8a8e39b561e | INFO | Team workspace directory ensured at /srv/jwteam_clone/shared/run_current
2026-08-09 15:53:57 | team | sess_b8a8e39b561e | INFO | AgentTeam manager initialized for jiuwen_team_sess_b8a8e39b561e, member=team_leader
2026-08-09 15:53:57 | team | sess_b8a8e39b561e | INFO | [team_leader] TeamPolicyRail static sections: section_names=['team_role', 'team_workflow', 'team_swarmflow', 'team_lifecycle', 'team_persona']
2026-08-09 15:53:57 | team | sess_b8a8e39b561e | INFO | Session tables ready for session sess_b8a8e39b561e
2026-08-09 15:53:57 | team | sess_b8a8e39b561e | INFO | Team database initialized
2026-08-09 15:53:57 | team | default_trace_id | INFO | Team workspace directory ensured at /srv/jwteam_clone/shared/run_current
2026-08-09 15:53:57 | team | default_trace_id | INFO | AgentTeam manager initialized for jiuwen_team_sess_b8a8e39b561e, member=planner1
2026-08-09 15:53:57 | team | default_trace_id | INFO | [planner1] TeamPolicyRail static sections: section_names=['team_role', 'team_persona']
2026-08-09 15:53:57 | team | sess_b8a8e39b561e | INFO | [planner1] invoke start, role=teammate
2026-08-09 15:53:57 | team | sess_b8a8e39b561e | INFO | [planner1] coordination starting
2026-08-09 15:53:57 | team | sess_b8a8e39b561e | INFO | Session tables ready for session sess_b8a8e39b561e
2026-08-09 15:53:57 | team | sess_b8a8e39b561e | INFO | Workspace /srv/jwteam_clone/shared/run_current initialized as plain shared directory (version_control disabled)
2026-08-09 15:53:57 | team | sess_b8a8e39b561e | INFO | EventBus[teammate] starting
2026-08-09 15:54:40 | team | sess_b8a8e39b561e | INFO | [planner1] HITT section refresh: human_agent_names=[]
2026-08-09 15:54:52 | team | sess_b8a8e39b561e | INFO | [planner1] processing 1 unread messages (steer=True)
2026-08-09 15:54:52 | team | sess_b8a8e39b561e | INFO | Message 79606630-0260-4dd9-a208-52397ebeaae1 marked as read by planner1
2026-08-09 15:54:53 | team | sess_b8a8e39b561e | INFO | Task plan claimed by member planner1
2026-08-09 15:54:53 | team | sess_b8a8e39b561e | INFO | Task plan claimed by member planner1
2026-08-09 15:56:23 | team | sess_b8a8e39b561e | INFO | Message 77c00920-4eb1-45f4-bc8b-5a970fb5c30c created
2026-08-09 15:56:31 | team | sess_b8a8e39b561e | INFO | Task plan completed at 1786287391612
2026-08-09 15:56:31 | team | sess_b8a8e39b561e | INFO | Message 6c2a326e-e883-49ab-851e-e6ee57153294 created
2026-08-09 15:56:31 | team | sess_b8a8e39b561e | INFO | Resolved 1 dependencies for task plan
2026-08-09 15:56:31 | team | sess_b8a8e39b561e | INFO | Task implement unblocked (all deps resolved)
2026-08-09 15:56:31 | team | sess_b8a8e39b561e | INFO | Task plan completed
2026-08-09 15:56:31 | team | sess_b8a8e39b561e | INFO | Unblocked 1 tasks
2026-08-09 15:56:41 | team | sess_b8a8e39b561e | INFO | [planner1] processing 1 unread messages (steer=True)
2026-08-09 15:56:41 | team | sess_b8a8e39b561e | INFO | Message 56cf6e3c-57c1-45f2-8d66-71f8239d01ff marked as read by planner1
2026-08-09 15:56:42 | team | sess_b8a8e39b561e | INFO | [planner1] processing 1 unread messages (steer=True)
2026-08-09 15:56:42 | team | sess_b8a8e39b561e | INFO | Message baddfe63-95af-4f7a-b1da-e55e74efb13e marked as read by planner1
2026-08-09 15:59:51 | team | sess_b8a8e39b561e | INFO | task list drained for team jiuwen_team_sess_b8a8e39b561e: 4 terminal task(s)
2026-08-09 16:00:03 | team | sess_b8a8e39b561e | INFO | [planner1] processing 1 unread messages (steer=True)
2026-08-09 16:00:03 | team | sess_b8a8e39b561e | INFO | Message 5956dfee-aee7-439b-b15b-5ff88bda3e9b marked as read by planner1
2026-08-09 16:00:29 | team | sess_b8a8e39b561e | INFO | team jiuwen_team_sess_b8a8e39b561e reported completed: 9 members, 4 tasks
2026-08-09 16:00:29 | team | sess_b8a8e39b561e | INFO | [planner1] received TEAM_STANDBY, pausing polls
2026-08-09 16:00:29 | team | sess_b8a8e39b561e | INFO | EventBus[teammate] pausing polls
