2026-08-09 15:54:04 | team | sess_b8a8e39b561e | INFO | Team workspace directory ensured at /srv/jwteam_clone/shared/run_current
2026-08-09 15:54:04 | team | sess_b8a8e39b561e | INFO | AgentTeam manager initialized for jiuwen_team_sess_b8a8e39b561e, member=team_leader
2026-08-09 15:54:04 | team | sess_b8a8e39b561e | INFO | [team_leader] TeamPolicyRail static sections: section_names=['team_role', 'team_workflow', 'team_swarmflow', 'team_lifecycle', 'team_persona']
2026-08-09 15:54:04 | team | sess_b8a8e39b561e | INFO | Session tables ready for session sess_b8a8e39b561e
2026-08-09 15:54:04 | team | sess_b8a8e39b561e | INFO | Team database initialized
2026-08-09 15:54:04 | team | default_trace_id | INFO | Team workspace directory ensured at /srv/jwteam_clone/shared/run_current
2026-08-09 15:54:04 | team | default_trace_id | INFO | AgentTeam manager initialized for jiuwen_team_sess_b8a8e39b561e, member=verifier2
2026-08-09 15:54:04 | team | default_trace_id | INFO | [verifier2] TeamPolicyRail static sections: section_names=['team_role', 'team_persona']
2026-08-09 15:54:04 | team | sess_b8a8e39b561e | INFO | [verifier2] invoke start, role=teammate
2026-08-09 15:54:04 | team | sess_b8a8e39b561e | INFO | [verifier2] coordination starting
2026-08-09 15:54:04 | team | sess_b8a8e39b561e | INFO | Session tables ready for session sess_b8a8e39b561e
2026-08-09 15:54:04 | team | sess_b8a8e39b561e | INFO | Workspace /srv/jwteam_clone/shared/run_current initialized as plain shared directory (version_control disabled)
2026-08-09 15:54:04 | team | sess_b8a8e39b561e | INFO | EventBus[teammate] starting
2026-08-09 15:54:40 | team | sess_b8a8e39b561e | INFO | [verifier2] HITT section refresh: human_agent_names=[]
2026-08-09 15:54:52 | team | sess_b8a8e39b561e | INFO | [verifier2] processing 1 unread messages (steer=True)
2026-08-09 15:54:52 | team | sess_b8a8e39b561e | INFO | Message 79606630-0260-4dd9-a208-52397ebeaae1 marked as read by verifier2
2026-08-09 15:58:03 | team | sess_b8a8e39b561e | INFO | [verifier2] received TASK_CLAIMED for self, task_id=verify-2, human_agent=False
2026-08-09 15:58:03 | team | sess_b8a8e39b561e | INFO | [verifier2] processing 1 unread messages (steer=True)
2026-08-09 15:58:03 | team | sess_b8a8e39b561e | INFO | Message b87d1487-3274-4193-9a0b-f35beb5bc398 marked as read by verifier2
2026-08-09 15:59:51 | team | sess_b8a8e39b561e | INFO | Task verify-2 completed at 1786287591597
2026-08-09 15:59:51 | team | sess_b8a8e39b561e | INFO | Task verify-2 completed
2026-08-09 15:59:59 | team | sess_b8a8e39b561e | INFO | Message 7cd9a5c0-6f58-4bd3-b374-baedc0e6557a created
2026-08-09 16:00:03 | team | sess_b8a8e39b561e | INFO | [verifier2] processing 1 unread messages (steer=True)
2026-08-09 16:00:03 | team | sess_b8a8e39b561e | INFO | Message 5956dfee-aee7-439b-b15b-5ff88bda3e9b marked as read by verifier2
2026-08-09 16:00:08 | team | sess_b8a8e39b561e | INFO | [verifier2] processing 1 unread messages (steer=True)
2026-08-09 16:00:08 | team | sess_b8a8e39b561e | INFO | Message f406439e-c81d-40c2-be37-b75cf5cd355f marked as read by verifier2
2026-08-09 16:00:29 | team | sess_b8a8e39b561e | INFO | team jiuwen_team_sess_b8a8e39b561e reported completed: 9 members, 4 tasks
2026-08-09 16:00:29 | team | sess_b8a8e39b561e | INFO | [verifier2] received TEAM_STANDBY, pausing polls
2026-08-09 16:00:29 | team | sess_b8a8e39b561e | INFO | EventBus[teammate] pausing polls
