2026-08-09 15:53:59 | team | sess_b8a8e39b561e | INFO | Team workspace directory ensured at /srv/jwteam_clone/shared/run_current
2026-08-09 15:53:59 | team | sess_b8a8e39b561e | INFO | AgentTeam manager initialized for jiuwen_team_sess_b8a8e39b561e, member=team_leader
2026-08-09 15:53:59 | team | sess_b8a8e39b561e | INFO | [team_leader] TeamPolicyRail static sections: section_names=['team_role', 'team_workflow', 'team_swarmflow', 'team_lifecycle', 'team_persona']
2026-08-09 15:53:59 | team | sess_b8a8e39b561e | INFO | Session tables ready for session sess_b8a8e39b561e
2026-08-09 15:53:59 | team | sess_b8a8e39b561e | INFO | Team database initialized
2026-08-09 15:53:59 | team | default_trace_id | INFO | Team workspace directory ensured at /srv/jwteam_clone/shared/run_current
2026-08-09 15:53:59 | team | default_trace_id | INFO | AgentTeam manager initialized for jiuwen_team_sess_b8a8e39b561e, member=executor1
2026-08-09 15:53:59 | team | default_trace_id | INFO | [executor1] TeamPolicyRail static sections: section_names=['team_role', 'team_persona']
2026-08-09 15:53:59 | team | sess_b8a8e39b561e | INFO | [executor1] invoke start, role=teammate
2026-08-09 15:53:59 | team | sess_b8a8e39b561e | INFO | [executor1] coordination starting
2026-08-09 15:53:59 | team | sess_b8a8e39b561e | INFO | Session tables ready for session sess_b8a8e39b561e
2026-08-09 15:53:59 | team | sess_b8a8e39b561e | INFO | Workspace /srv/jwteam_clone/shared/run_current initialized as plain shared directory (version_control disabled)
2026-08-09 15:53:59 | team | sess_b8a8e39b561e | INFO | EventBus[teammate] starting
2026-08-09 15:54:40 | team | sess_b8a8e39b561e | INFO | [executor1] HITT section refresh: human_agent_names=[]
2026-08-09 15:54:52 | team | sess_b8a8e39b561e | INFO | [executor1] processing 1 unread messages (steer=True)
2026-08-09 15:54:52 | team | sess_b8a8e39b561e | INFO | Message 79606630-0260-4dd9-a208-52397ebeaae1 marked as read by executor1
2026-08-09 15:55:03 | team | sess_b8a8e39b561e | INFO | Message cd77a20c-0492-41f4-8d55-eee9deb121f3 created
2026-08-09 15:55:19 | team | sess_b8a8e39b561e | INFO | [executor1] processing 1 unread messages (steer=True)
2026-08-09 15:55:19 | team | sess_b8a8e39b561e | INFO | Message 123f66db-5c2c-426f-bfac-f3120cb507f7 marked as read by executor1
2026-08-09 15:56:23 | team | sess_b8a8e39b561e | INFO | [executor1] processing 1 unread messages (steer=True)
2026-08-09 15:56:23 | team | sess_b8a8e39b561e | INFO | Message 77c00920-4eb1-45f4-bc8b-5a970fb5c30c marked as read by executor1
2026-08-09 15:56:42 | team | sess_b8a8e39b561e | INFO | [executor1] received TASK_CLAIMED for self, task_id=implement, human_agent=False
2026-08-09 15:57:58 | team | sess_b8a8e39b561e | INFO | Task implement completed at 1786287478017
2026-08-09 15:57:58 | team | sess_b8a8e39b561e | INFO | Resolved 2 dependencies for task implement
2026-08-09 15:57:58 | team | sess_b8a8e39b561e | INFO | Task verify-1 unblocked (all deps resolved)
2026-08-09 15:57:58 | team | sess_b8a8e39b561e | INFO | Task verify-2 unblocked (all deps resolved)
2026-08-09 15:57:58 | team | sess_b8a8e39b561e | INFO | Task implement completed
2026-08-09 15:57:58 | team | sess_b8a8e39b561e | INFO | Unblocked 2 tasks
2026-08-09 15:58:03 | team | sess_b8a8e39b561e | INFO | Message b788f608-aa58-46bb-a9f0-71851c88edf5 created
2026-08-09 15:58:03 | team | sess_b8a8e39b561e | INFO | Message b87d1487-3274-4193-9a0b-f35beb5bc398 created
2026-08-09 15:58:11 | team | sess_b8a8e39b561e | INFO | Message 23d1da76-48c5-48f5-a9af-fe7b84153163 created
2026-08-09 15:58:16 | team | sess_b8a8e39b561e | INFO | [executor1] processing 1 unread messages (steer=True)
2026-08-09 15:58:16 | team | sess_b8a8e39b561e | INFO | Message a8bda461-05b7-4672-85c0-eb7604275364 marked as read by executor1
2026-08-09 15:59:51 | team | sess_b8a8e39b561e | INFO | task list drained for team jiuwen_team_sess_b8a8e39b561e: 4 terminal task(s)
2026-08-09 16:00:03 | team | sess_b8a8e39b561e | INFO | [executor1] processing 1 unread messages (steer=True)
2026-08-09 16:00:03 | team | sess_b8a8e39b561e | INFO | Message 5956dfee-aee7-439b-b15b-5ff88bda3e9b marked as read by executor1
2026-08-09 16:00:29 | team | sess_b8a8e39b561e | INFO | team jiuwen_team_sess_b8a8e39b561e reported completed: 9 members, 4 tasks
2026-08-09 16:00:29 | team | sess_b8a8e39b561e | INFO | [executor1] received TEAM_STANDBY, pausing polls
2026-08-09 16:00:29 | team | sess_b8a8e39b561e | INFO | EventBus[teammate] pausing polls
