2026-08-08 07:31:18 | team | sess_af4ca49bf26a | INFO | Team workspace directory ensured at /srv/jwteam_clone/shared/run_current
2026-08-08 07:31:18 | team | sess_af4ca49bf26a | INFO | AgentTeam manager initialized for jiuwen_team_sess_af4ca49bf26a, member=team_leader
2026-08-08 07:31:18 | team | sess_af4ca49bf26a | INFO | [team_leader] TeamPolicyRail static sections: section_names=['team_role', 'team_workflow', 'team_swarmflow', 'team_lifecycle', 'team_persona']
2026-08-08 07:31:18 | team | sess_af4ca49bf26a | INFO | Session tables ready for session sess_af4ca49bf26a
2026-08-08 07:31:18 | team | sess_af4ca49bf26a | INFO | Team database initialized
2026-08-08 07:31:18 | team | default_trace_id | INFO | Team workspace directory ensured at /srv/jwteam_clone/shared/run_current
2026-08-08 07:31:18 | team | default_trace_id | INFO | AgentTeam manager initialized for jiuwen_team_sess_af4ca49bf26a, member=planner2
2026-08-08 07:31:18 | team | default_trace_id | INFO | [planner2] TeamPolicyRail static sections: section_names=['team_role', 'team_persona']
2026-08-08 07:31:18 | team | sess_af4ca49bf26a | INFO | [planner2] invoke start, role=teammate
2026-08-08 07:31:18 | team | sess_af4ca49bf26a | INFO | [planner2] coordination starting
2026-08-08 07:31:18 | team | sess_af4ca49bf26a | INFO | Session tables ready for session sess_af4ca49bf26a
2026-08-08 07:31:18 | team | sess_af4ca49bf26a | INFO | Workspace /srv/jwteam_clone/shared/run_current initialized as plain shared directory (version_control disabled)
2026-08-08 07:31:18 | team | sess_af4ca49bf26a | INFO | EventBus[teammate] starting
2026-08-08 07:31:56 | team | sess_af4ca49bf26a | INFO | [planner2] HITT section refresh: human_agent_names=[]
2026-08-08 07:32:05 | team | sess_af4ca49bf26a | INFO | [planner2] processing 1 unread messages (steer=True)
2026-08-08 07:32:05 | team | sess_af4ca49bf26a | INFO | Message 43dec076-6c84-4e3b-a871-7e7bd58c6d83 marked as read by planner2
2026-08-08 07:37:31 | team | sess_af4ca49bf26a | INFO | task list drained for team jiuwen_team_sess_af4ca49bf26a: 4 terminal task(s)
2026-08-08 07:37:50 | team | sess_af4ca49bf26a | INFO | [planner2] processing 1 unread messages (steer=True)
2026-08-08 07:37:51 | team | sess_af4ca49bf26a | INFO | Message 9f241721-5193-4bd1-8f2d-7a69696bfcda marked as read by planner2
2026-08-08 07:38:05 | team | sess_af4ca49bf26a | INFO | team jiuwen_team_sess_af4ca49bf26a reported completed: 9 members, 4 tasks
2026-08-08 07:38:05 | team | sess_af4ca49bf26a | INFO | [planner2] received TEAM_STANDBY, pausing polls
2026-08-08 07:38:05 | team | sess_af4ca49bf26a | INFO | EventBus[teammate] pausing polls
