2026-08-10 02:32:32 | team | sess_2a3dc90e296a | INFO | Team workspace directory ensured at /srv/jwteam_clone/shared/run_current
2026-08-10 02:32:32 | team | sess_2a3dc90e296a | INFO | AgentTeam manager initialized for jiuwen_team_sess_2a3dc90e296a, member=team_leader
2026-08-10 02:32:32 | team | sess_2a3dc90e296a | INFO | [team_leader] TeamPolicyRail static sections: section_names=['team_role', 'team_workflow', 'team_swarmflow', 'team_lifecycle', 'team_persona']
2026-08-10 02:32:32 | team | sess_2a3dc90e296a | INFO | Session tables ready for session sess_2a3dc90e296a
2026-08-10 02:32:32 | team | sess_2a3dc90e296a | INFO | Team database initialized
2026-08-10 02:32:32 | team | default_trace_id | INFO | Team workspace directory ensured at /srv/jwteam_clone/shared/run_current
2026-08-10 02:32:32 | team | default_trace_id | INFO | AgentTeam manager initialized for jiuwen_team_sess_2a3dc90e296a, member=executor2
2026-08-10 02:32:32 | team | default_trace_id | INFO | [executor2] TeamPolicyRail static sections: section_names=['team_role', 'team_persona']
2026-08-10 02:32:32 | team | sess_2a3dc90e296a | INFO | [executor2] invoke start, role=teammate
2026-08-10 02:32:32 | team | sess_2a3dc90e296a | INFO | [executor2] coordination starting
2026-08-10 02:32:32 | team | sess_2a3dc90e296a | INFO | Session tables ready for session sess_2a3dc90e296a
2026-08-10 02:32:32 | team | sess_2a3dc90e296a | INFO | Workspace /srv/jwteam_clone/shared/run_current initialized as plain shared directory (version_control disabled)
2026-08-10 02:32:32 | team | sess_2a3dc90e296a | INFO | EventBus[teammate] starting
2026-08-10 02:33:14 | team | sess_2a3dc90e296a | INFO | [executor2] HITT section refresh: human_agent_names=[]
2026-08-10 02:33:35 | team | sess_2a3dc90e296a | INFO | [executor2] processing 1 unread messages (steer=True)
2026-08-10 02:33:35 | team | sess_2a3dc90e296a | INFO | Message acad01ad-6373-4342-8029-9151902efc35 marked as read by executor2
2026-08-10 02:39:01 | team | sess_2a3dc90e296a | INFO | Message f5387e1b-69df-4720-82b8-79e093827bb6 created
2026-08-10 02:39:37 | team | sess_2a3dc90e296a | INFO | [executor2] processing 1 unread messages (steer=True)
2026-08-10 02:39:38 | team | sess_2a3dc90e296a | INFO | Message ff5b657e-fdb5-4112-9385-de0f90f6a34d marked as read by executor2
2026-08-10 02:44:20 | team | sess_2a3dc90e296a | INFO | task list drained for team jiuwen_team_sess_2a3dc90e296a: 4 terminal task(s)
2026-08-10 02:44:53 | team | sess_2a3dc90e296a | INFO | [executor2] processing 1 unread messages (steer=True)
2026-08-10 02:44:54 | team | sess_2a3dc90e296a | INFO | Message cf0363d3-836f-4f9c-828c-7cd7e395d133 marked as read by executor2
2026-08-10 02:45:07 | team | sess_2a3dc90e296a | INFO | team jiuwen_team_sess_2a3dc90e296a reported completed: 9 members, 4 tasks
2026-08-10 02:45:07 | team | sess_2a3dc90e296a | INFO | [executor2] received TEAM_STANDBY, pausing polls
2026-08-10 02:45:07 | team | sess_2a3dc90e296a | INFO | EventBus[teammate] pausing polls
