2026-08-10 02:32:30 | team | sess_2a3dc90e296a | INFO | Team workspace directory ensured at /srv/jwteam_clone/shared/run_current
2026-08-10 02:32:30 | team | sess_2a3dc90e296a | INFO | AgentTeam manager initialized for jiuwen_team_sess_2a3dc90e296a, member=team_leader
2026-08-10 02:32:30 | team | sess_2a3dc90e296a | INFO | [team_leader] TeamPolicyRail static sections: section_names=['team_role', 'team_workflow', 'team_swarmflow', 'team_lifecycle', 'team_persona']
2026-08-10 02:32:30 | team | sess_2a3dc90e296a | INFO | Session tables ready for session sess_2a3dc90e296a
2026-08-10 02:32:30 | team | sess_2a3dc90e296a | INFO | Team database initialized
2026-08-10 02:32:30 | team | default_trace_id | INFO | Team workspace directory ensured at /srv/jwteam_clone/shared/run_current
2026-08-10 02:32:30 | team | default_trace_id | INFO | AgentTeam manager initialized for jiuwen_team_sess_2a3dc90e296a, member=planner1
2026-08-10 02:32:30 | team | default_trace_id | INFO | [planner1] TeamPolicyRail static sections: section_names=['team_role', 'team_persona']
2026-08-10 02:32:30 | team | sess_2a3dc90e296a | INFO | [planner1] invoke start, role=teammate
2026-08-10 02:32:30 | team | sess_2a3dc90e296a | INFO | [planner1] coordination starting
2026-08-10 02:32:30 | team | sess_2a3dc90e296a | INFO | Session tables ready for session sess_2a3dc90e296a
2026-08-10 02:32:30 | team | sess_2a3dc90e296a | INFO | Workspace /srv/jwteam_clone/shared/run_current initialized as plain shared directory (version_control disabled)
2026-08-10 02:32:30 | team | sess_2a3dc90e296a | INFO | EventBus[teammate] starting
2026-08-10 02:33:14 | team | sess_2a3dc90e296a | INFO | [planner1] HITT section refresh: human_agent_names=[]
2026-08-10 02:33:25 | team | sess_2a3dc90e296a | INFO | Task plan claimed by member planner1
2026-08-10 02:33:25 | team | sess_2a3dc90e296a | INFO | Task plan claimed by member planner1
2026-08-10 02:33:35 | team | sess_2a3dc90e296a | INFO | [planner1] processing 1 unread messages (steer=True)
2026-08-10 02:33:35 | team | sess_2a3dc90e296a | INFO | Message acad01ad-6373-4342-8029-9151902efc35 marked as read by planner1
2026-08-10 02:34:08 | team | sess_2a3dc90e296a | INFO | Message 73d0647f-8c33-4dc4-b233-a91d229e1a0a created
2026-08-10 02:34:12 | team | sess_2a3dc90e296a | INFO | Task plan completed at 1786325652350
2026-08-10 02:34:12 | team | sess_2a3dc90e296a | INFO | Resolved 1 dependencies for task plan
2026-08-10 02:34:12 | team | sess_2a3dc90e296a | INFO | Task implement unblocked (all deps resolved)
2026-08-10 02:34:12 | team | sess_2a3dc90e296a | INFO | Task plan completed
2026-08-10 02:34:12 | team | sess_2a3dc90e296a | INFO | Unblocked 1 tasks
2026-08-10 02:34:20 | team | sess_2a3dc90e296a | INFO | Message c2a10389-ac8c-4101-b751-30d5359d908e created
2026-08-10 02:34:23 | team | sess_2a3dc90e296a | INFO | [planner1] processing 1 unread messages (steer=True)
2026-08-10 02:34:23 | team | sess_2a3dc90e296a | INFO | Message 4db39a99-9a11-464f-9c43-53e61dffd855 marked as read by planner1
2026-08-10 02:34:40 | team | sess_2a3dc90e296a | INFO | [planner1] processing 1 unread messages (steer=True)
2026-08-10 02:34:40 | team | sess_2a3dc90e296a | INFO | Message 89b6a486-6ce4-4b1e-ae13-e1d98a6a91ed marked as read by planner1
2026-08-10 02:34:48 | team | sess_2a3dc90e296a | INFO | Message a18cf4bd-27df-4d85-9aab-17d6281f8e11 created
2026-08-10 02:34:48 | team | sess_2a3dc90e296a | INFO | Message a111f5ce-97f0-4144-8daa-555c7a7e69d5 created
2026-08-10 02:34:54 | team | sess_2a3dc90e296a | INFO | [planner1] processing 1 unread messages (steer=True)
2026-08-10 02:34:54 | team | sess_2a3dc90e296a | INFO | Message 1c9af02b-a831-465a-8833-603fc536c007 marked as read by planner1
2026-08-10 02:35:00 | team | sess_2a3dc90e296a | INFO | [planner1] processing 1 unread messages (steer=True)
2026-08-10 02:35:00 | team | sess_2a3dc90e296a | INFO | Message 07124d5c-016f-426c-8e4a-3372c1a8cd82 marked as read by planner1
2026-08-10 02:35:01 | team | sess_2a3dc90e296a | INFO | [planner1] processing 1 unread messages (steer=True)
2026-08-10 02:35:01 | team | sess_2a3dc90e296a | INFO | Message 24f12b00-f0b4-418f-afa5-7d0984b491a3 marked as read by planner1
2026-08-10 02:35:10 | team | sess_2a3dc90e296a | INFO | [planner1] processing 1 unread messages (steer=True)
2026-08-10 02:35:10 | team | sess_2a3dc90e296a | INFO | Message 94336044-e9d4-4332-bcec-91c95de161f8 marked as read by planner1
2026-08-10 02:35:11 | team | sess_2a3dc90e296a | INFO | Message 5a5bff6a-394c-400c-bbb8-f0095db064f6 created
2026-08-10 02:35:26 | team | sess_2a3dc90e296a | INFO | Message 316a0ffc-d5d7-4a45-ab69-71d5dcd9830e created
2026-08-10 02:35:26 | team | sess_2a3dc90e296a | INFO | Message 5a0e4195-f00c-4227-b37f-177df62102fc created
2026-08-10 02:35:26 | team | sess_2a3dc90e296a | INFO | Message 71f5a5c6-2588-4d3a-ad2d-6098dd20228c created
2026-08-10 02:35:26 | team | sess_2a3dc90e296a | INFO | Message 2d93b86a-511e-454e-88e7-94ffafc30fb8 created
2026-08-10 02:35:30 | team | sess_2a3dc90e296a | INFO | [planner1] processing 1 unread messages (steer=True)
2026-08-10 02:35:30 | team | sess_2a3dc90e296a | INFO | Message 54c76398-62a9-4330-9951-4b2d7ae3ab1f marked as read by planner1
2026-08-10 02:35:40 | team | sess_2a3dc90e296a | INFO | [planner1] processing 1 unread messages (steer=True)
2026-08-10 02:35:40 | team | sess_2a3dc90e296a | INFO | Message 3f92596f-1483-403c-9985-ed8bfa0dac8a marked as read by planner1
2026-08-10 02:35:41 | team | sess_2a3dc90e296a | INFO | [planner1] processing 1 unread messages (steer=True)
2026-08-10 02:35:41 | team | sess_2a3dc90e296a | INFO | Message 59d5e87b-8245-4532-a8f7-be9cad29d581 marked as read by planner1
2026-08-10 02:37:19 | team | sess_2a3dc90e296a | INFO | [planner1] processing 1 unread messages (steer=True)
2026-08-10 02:37:19 | team | sess_2a3dc90e296a | INFO | Message 94d33e81-a436-4230-89f0-bf73ce8f6c77 marked as read by planner1
2026-08-10 02:37:41 | team | sess_2a3dc90e296a | INFO | Message 5eb26294-f00f-4208-83cc-961bc818d46e created
2026-08-10 02:40:09 | team | sess_2a3dc90e296a | INFO | [planner1] processing 1 unread messages (steer=True)
2026-08-10 02:40:09 | team | sess_2a3dc90e296a | INFO | Message 94c7dec1-4dab-411b-876e-d9e3359f42bb marked as read by planner1
2026-08-10 02:40:24 | team | sess_2a3dc90e296a | INFO | Message 2cb0549c-1aad-468a-a6f6-18b423776840 created
2026-08-10 02:41:54 | team | sess_2a3dc90e296a | INFO | [planner1] processing 1 unread messages (steer=True)
2026-08-10 02:41:54 | team | sess_2a3dc90e296a | INFO | Message d61b56f3-b53c-4cc0-99ab-246308e65b3e marked as read by planner1
2026-08-10 02:44:20 | team | sess_2a3dc90e296a | INFO | task list drained for team jiuwen_team_sess_2a3dc90e296a: 4 terminal task(s)
2026-08-10 02:44:53 | team | sess_2a3dc90e296a | INFO | [planner1] processing 1 unread messages (steer=True)
2026-08-10 02:44:54 | team | sess_2a3dc90e296a | INFO | Message cf0363d3-836f-4f9c-828c-7cd7e395d133 marked as read by planner1
2026-08-10 02:45:07 | team | sess_2a3dc90e296a | INFO | team jiuwen_team_sess_2a3dc90e296a reported completed: 9 members, 4 tasks
2026-08-10 02:45:07 | team | sess_2a3dc90e296a | INFO | [planner1] received TEAM_STANDBY, pausing polls
2026-08-10 02:45:07 | team | sess_2a3dc90e296a | INFO | EventBus[teammate] pausing polls
