2026-08-10 02:32:34 | team | sess_2a3dc90e296a | INFO | Team workspace directory ensured at /srv/jwteam_clone/shared/run_current
2026-08-10 02:32:34 | team | sess_2a3dc90e296a | INFO | AgentTeam manager initialized for jiuwen_team_sess_2a3dc90e296a, member=team_leader
2026-08-10 02:32:34 | team | sess_2a3dc90e296a | INFO | [team_leader] TeamPolicyRail static sections: section_names=['team_role', 'team_workflow', 'team_swarmflow', 'team_lifecycle', 'team_persona']
2026-08-10 02:32:35 | team | sess_2a3dc90e296a | INFO | Session tables ready for session sess_2a3dc90e296a
2026-08-10 02:32:35 | team | sess_2a3dc90e296a | INFO | Team database initialized
2026-08-10 02:32:35 | team | default_trace_id | INFO | Team workspace directory ensured at /srv/jwteam_clone/shared/run_current
2026-08-10 02:32:35 | team | default_trace_id | INFO | AgentTeam manager initialized for jiuwen_team_sess_2a3dc90e296a, member=verifier2
2026-08-10 02:32:35 | team | default_trace_id | INFO | [verifier2] TeamPolicyRail static sections: section_names=['team_role', 'team_persona']
2026-08-10 02:32:35 | team | sess_2a3dc90e296a | INFO | [verifier2] invoke start, role=teammate
2026-08-10 02:32:35 | team | sess_2a3dc90e296a | INFO | [verifier2] coordination starting
2026-08-10 02:32:35 | team | sess_2a3dc90e296a | INFO | Session tables ready for session sess_2a3dc90e296a
2026-08-10 02:32:35 | team | sess_2a3dc90e296a | INFO | Workspace /srv/jwteam_clone/shared/run_current initialized as plain shared directory (version_control disabled)
2026-08-10 02:32:35 | team | sess_2a3dc90e296a | INFO | EventBus[teammate] starting
2026-08-10 02:33:14 | team | sess_2a3dc90e296a | INFO | [verifier2] HITT section refresh: human_agent_names=[]
2026-08-10 02:33:35 | team | sess_2a3dc90e296a | INFO | [verifier2] processing 1 unread messages (steer=True)
2026-08-10 02:33:35 | team | sess_2a3dc90e296a | INFO | Message acad01ad-6373-4342-8029-9151902efc35 marked as read by verifier2
2026-08-10 02:33:53 | team | sess_2a3dc90e296a | INFO | Message 8499b90d-73eb-4cd5-9a7b-4ac2d24d251c created
2026-08-10 02:34:23 | team | sess_2a3dc90e296a | INFO | [verifier2] processing 1 unread messages (steer=True)
2026-08-10 02:34:23 | team | sess_2a3dc90e296a | INFO | Message 40510d9c-4d71-432d-b21e-5acc0eb60f5f marked as read by verifier2
2026-08-10 02:34:32 | team | sess_2a3dc90e296a | INFO | Message 1ca24b65-161c-40f3-9d46-07461d00a6ba created
2026-08-10 02:34:43 | team | sess_2a3dc90e296a | INFO | [verifier2] processing 1 unread messages (steer=True)
2026-08-10 02:34:43 | team | sess_2a3dc90e296a | INFO | Message c953ec5e-cdf6-49f1-8583-3472700757e5 marked as read by verifier2
2026-08-10 02:37:07 | team | sess_2a3dc90e296a | INFO | Message 0349ccb9-978f-4361-8b58-019cdec41198 created
2026-08-10 02:37:09 | team | sess_2a3dc90e296a | INFO | [verifier2] processing 1 unread messages (steer=True)
2026-08-10 02:37:10 | team | sess_2a3dc90e296a | INFO | Message ed1fc722-502b-48cd-9a12-714c83077c82 marked as read by verifier2
2026-08-10 02:37:19 | team | sess_2a3dc90e296a | INFO | [verifier2] processing 1 unread messages (steer=True)
2026-08-10 02:37:19 | team | sess_2a3dc90e296a | INFO | Message 06dc499b-c411-4bec-bff4-d760a2aecca0 marked as read by verifier2
2026-08-10 02:37:31 | team | sess_2a3dc90e296a | INFO | Message 165f34fc-c11a-4116-97f8-5cf04dc78ffe created
2026-08-10 02:37:31 | team | sess_2a3dc90e296a | INFO | Message b988d5c1-0351-482a-b866-6aa0627cb28e created
2026-08-10 02:37:42 | team | sess_2a3dc90e296a | INFO | Message 89c1a6b9-de4b-48a3-9882-eccdd5dfdd46 created
2026-08-10 02:37:48 | team | sess_2a3dc90e296a | INFO | [verifier2] processing 1 unread messages (steer=True)
2026-08-10 02:37:48 | team | sess_2a3dc90e296a | INFO | Message 3e48b79e-5e4b-4a2a-9dc9-44154c28161d marked as read by verifier2
2026-08-10 02:37:51 | team | sess_2a3dc90e296a | INFO | [verifier2] processing 1 unread messages (steer=True)
2026-08-10 02:37:51 | team | sess_2a3dc90e296a | INFO | Message 24ed3aa9-80ab-47dc-a156-e5e2abf01286 marked as read by verifier2
2026-08-10 02:37:54 | team | sess_2a3dc90e296a | INFO | [verifier2] processing 1 unread messages (steer=True)
2026-08-10 02:37:54 | team | sess_2a3dc90e296a | INFO | Message 38844beb-1d02-4735-abdb-bf9ac1765b09 marked as read by verifier2
2026-08-10 02:38:02 | team | sess_2a3dc90e296a | INFO | Message 138f9011-84b4-4607-894d-8599e82fe69c created
2026-08-10 02:38:20 | team | sess_2a3dc90e296a | INFO | Message fefd2a77-9a2c-43b3-91f2-39f3f4ad7a3e created
2026-08-10 02:38:20 | team | sess_2a3dc90e296a | INFO | Message f5ce5385-e12a-483e-85a0-59d5e94cf567 created
2026-08-10 02:38:41 | team | sess_2a3dc90e296a | INFO | Task verify_tests claimed by member verifier2
2026-08-10 02:38:41 | team | sess_2a3dc90e296a | INFO | Task verify_tests claimed by member verifier2
2026-08-10 02:38:51 | team | sess_2a3dc90e296a | INFO | [verifier2] processing 1 unread messages (steer=True)
2026-08-10 02:38:51 | team | sess_2a3dc90e296a | INFO | Message 1f2e2202-63b9-4ce3-b3d9-04e8021f49d4 marked as read by verifier2
2026-08-10 02:39:01 | team | sess_2a3dc90e296a | INFO | [verifier2] processing 1 unread messages (steer=True)
2026-08-10 02:39:01 | team | sess_2a3dc90e296a | INFO | Message f5387e1b-69df-4720-82b8-79e093827bb6 marked as read by verifier2
2026-08-10 02:39:17 | team | sess_2a3dc90e296a | INFO | Message 9404de31-b590-4bf7-be94-8e030ca46a9d created
2026-08-10 02:39:17 | team | sess_2a3dc90e296a | INFO | [verifier2] processing 1 unread messages (steer=True)
2026-08-10 02:39:17 | team | sess_2a3dc90e296a | INFO | Message 4d0555c0-1539-4a0e-878d-4b33ca733eb8 marked as read by verifier2
2026-08-10 02:39:27 | team | sess_2a3dc90e296a | INFO | [verifier2] processing 1 unread messages (steer=True)
2026-08-10 02:39:27 | team | sess_2a3dc90e296a | INFO | Message 39ad889b-cc66-496a-91ce-d56aafd25ce1 marked as read by verifier2
2026-08-10 02:39:37 | team | sess_2a3dc90e296a | INFO | Message ff5b657e-fdb5-4112-9385-de0f90f6a34d created
2026-08-10 02:39:37 | team | sess_2a3dc90e296a | INFO | Message 625a73ad-9095-4969-a031-3e77e0c00389 created
2026-08-10 02:39:37 | team | sess_2a3dc90e296a | INFO | Message f1e65fed-3d32-4c63-9311-81a714e99e32 created
2026-08-10 02:39:55 | team | sess_2a3dc90e296a | INFO | Message 879472f9-28d7-4195-98c8-ab7546e27120 created
2026-08-10 02:39:55 | team | sess_2a3dc90e296a | INFO | Message 214b9a37-1837-470b-9c7b-4a1c9cc7c06d created
2026-08-10 02:39:58 | team | sess_2a3dc90e296a | INFO | [verifier2] processing 1 unread messages (steer=True)
2026-08-10 02:39:58 | team | sess_2a3dc90e296a | INFO | Message ba81cfb5-070b-4ff5-861c-05b2ba29cc9d marked as read by verifier2
2026-08-10 02:40:02 | team | sess_2a3dc90e296a | INFO | [verifier2] processing 1 unread messages (steer=True)
2026-08-10 02:40:02 | team | sess_2a3dc90e296a | INFO | Message d2b39636-87f6-4433-b5c2-b9076593b42b marked as read by verifier2
2026-08-10 02:40:09 | team | sess_2a3dc90e296a | INFO | Message 03455bfb-1e23-457c-80d0-58ea7119719f created
2026-08-10 02:40:09 | team | sess_2a3dc90e296a | INFO | Message 94c7dec1-4dab-411b-876e-d9e3359f42bb created
2026-08-10 02:40:09 | team | sess_2a3dc90e296a | INFO | Message 059be619-889d-4065-8d19-791f39ce7164 created
2026-08-10 02:40:21 | team | sess_2a3dc90e296a | INFO | [verifier2] processing 1 unread messages (steer=True)
2026-08-10 02:40:21 | team | sess_2a3dc90e296a | INFO | Message 1324e964-9921-47bb-ad1a-5274980e00eb marked as read by verifier2
2026-08-10 02:40:24 | team | sess_2a3dc90e296a | INFO | [verifier2] processing 1 unread messages (steer=True)
2026-08-10 02:40:24 | team | sess_2a3dc90e296a | INFO | Message 2cb0549c-1aad-468a-a6f6-18b423776840 marked as read by verifier2
2026-08-10 02:40:28 | team | sess_2a3dc90e296a | INFO | [verifier2] processing 1 unread messages (steer=True)
2026-08-10 02:40:28 | team | sess_2a3dc90e296a | INFO | Message c7c68df5-dd68-4c49-822b-973ba38c1da1 marked as read by verifier2
2026-08-10 02:41:19 | team | sess_2a3dc90e296a | INFO | Message be49ff91-b88b-417c-be58-b24e1194c143 created
2026-08-10 02:41:19 | team | sess_2a3dc90e296a | INFO | Message 3f933887-2a80-47cf-a7a4-97b380c954ef created
2026-08-10 02:41:20 | team | sess_2a3dc90e296a | INFO | [verifier2] processing 1 unread messages (steer=True)
2026-08-10 02:41:20 | team | sess_2a3dc90e296a | INFO | Message 767debd3-8d6f-48ea-9cda-d0ae4f8274e5 marked as read by verifier2
2026-08-10 02:41:25 | team | sess_2a3dc90e296a | INFO | [verifier2] processing 1 unread messages (steer=True)
2026-08-10 02:41:25 | team | sess_2a3dc90e296a | INFO | Message a5ac43b5-fb55-41e2-96b8-1cfebe9ab799 marked as read by verifier2
2026-08-10 02:41:54 | team | sess_2a3dc90e296a | INFO | Message d61b56f3-b53c-4cc0-99ab-246308e65b3e created
2026-08-10 02:41:54 | team | sess_2a3dc90e296a | INFO | Message 01e85bdc-c2da-48d5-a64c-06a65260c386 created
2026-08-10 02:41:54 | team | sess_2a3dc90e296a | INFO | Message e2c1d782-25d2-4f59-a13e-b9c206e27d08 created
2026-08-10 02:42:00 | team | sess_2a3dc90e296a | INFO | [verifier2] processing 1 unread messages (steer=True)
2026-08-10 02:42:00 | team | sess_2a3dc90e296a | INFO | Message 5cd0e18a-74d8-4374-98a3-074dd2aa3e18 marked as read by verifier2
2026-08-10 02:42:10 | team | sess_2a3dc90e296a | INFO | [verifier2] processing 1 unread messages (steer=True)
2026-08-10 02:42:10 | team | sess_2a3dc90e296a | INFO | Message 8e019970-d503-4b56-b68e-8ee772f1bc22 marked as read by verifier2
2026-08-10 02:42:22 | team | sess_2a3dc90e296a | INFO | [verifier2] processing 1 unread messages (steer=True)
2026-08-10 02:42:22 | team | sess_2a3dc90e296a | INFO | Message 7958e136-7eb9-45e1-93ce-4b38926a0dee marked as read by verifier2
2026-08-10 02:42:53 | team | sess_2a3dc90e296a | INFO | Message 6c1ba9e4-b62d-4008-8c08-9b964e329a20 created
2026-08-10 02:42:53 | team | sess_2a3dc90e296a | INFO | Message 0e2cd95f-85da-4ace-8bbb-c8fa121c9211 created
2026-08-10 02:43:02 | team | sess_2a3dc90e296a | INFO | [verifier2] processing 1 unread messages (steer=True)
2026-08-10 02:43:02 | team | sess_2a3dc90e296a | INFO | Message 0e4398a8-7005-405f-be23-c8ab4ca69654 marked as read by verifier2
2026-08-10 02:43:07 | team | sess_2a3dc90e296a | INFO | [verifier2] processing 1 unread messages (steer=True)
2026-08-10 02:43:07 | team | sess_2a3dc90e296a | INFO | Message 0e00ab9e-a5bc-4696-a372-25b559baada2 marked as read by verifier2
2026-08-10 02:43:13 | team | sess_2a3dc90e296a | INFO | Message aa186cda-87d6-4cd6-be92-7aeeb15a9dd4 created
2026-08-10 02:43:28 | team | sess_2a3dc90e296a | INFO | Message d8d0d187-67d6-4131-9c38-844412d2cc69 created
2026-08-10 02:43:28 | team | sess_2a3dc90e296a | INFO | Message c07b8a5c-a995-47c5-81b2-360bf6356c5a created
2026-08-10 02:43:35 | team | sess_2a3dc90e296a | INFO | [verifier2] processing 1 unread messages (steer=True)
2026-08-10 02:43:35 | team | sess_2a3dc90e296a | INFO | Message f7b06717-729e-48b7-a2f0-bf579467ea03 marked as read by verifier2
2026-08-10 02:43:42 | team | sess_2a3dc90e296a | INFO | [verifier2] processing 1 unread messages (steer=True)
2026-08-10 02:43:42 | team | sess_2a3dc90e296a | INFO | Message 02d78e88-ed9b-4f2a-824b-87059e326d0b marked as read by verifier2
2026-08-10 02:43:44 | team | sess_2a3dc90e296a | INFO | Message ae659c27-ab5d-4d13-8a02-29d662ab804f created
2026-08-10 02:43:53 | team | sess_2a3dc90e296a | INFO | [verifier2] processing 1 unread messages (steer=True)
2026-08-10 02:43:53 | team | sess_2a3dc90e296a | INFO | Message 7c4eefb0-f913-496e-8194-58f378a4effc marked as read by verifier2
2026-08-10 02:44:12 | team | sess_2a3dc90e296a | INFO | Message 9056ace0-8e5b-43f7-8b70-771d725df292 created
2026-08-10 02:44:12 | team | sess_2a3dc90e296a | INFO | Message b4f6eba5-3649-4c2e-bfbf-486ea85e8cf4 created
2026-08-10 02:44:20 | team | sess_2a3dc90e296a | INFO | Task verify_tests completed at 1786326260580
2026-08-10 02:44:20 | team | sess_2a3dc90e296a | INFO | Message f9c745b5-ef59-44d3-a872-67b4d56db107 created
2026-08-10 02:44:20 | team | sess_2a3dc90e296a | INFO | Task verify_tests completed
2026-08-10 02:44:53 | team | sess_2a3dc90e296a | INFO | [verifier2] processing 1 unread messages (steer=True)
2026-08-10 02:44:54 | team | sess_2a3dc90e296a | INFO | Message cf0363d3-836f-4f9c-828c-7cd7e395d133 marked as read by verifier2
2026-08-10 02:45:07 | team | sess_2a3dc90e296a | INFO | team jiuwen_team_sess_2a3dc90e296a reported completed: 9 members, 4 tasks
2026-08-10 02:45:07 | team | sess_2a3dc90e296a | INFO | [verifier2] received TEAM_STANDBY, pausing polls
2026-08-10 02:45:07 | team | sess_2a3dc90e296a | INFO | EventBus[teammate] pausing polls
