2026-08-10 02:32:34 | team | sess_2a3dc90e296a | INFO | Team workspace directory ensured at /srv/jwteam_clone/shared/run_current
2026-08-10 02:32:34 | team | sess_2a3dc90e296a | INFO | AgentTeam manager initialized for jiuwen_team_sess_2a3dc90e296a, member=team_leader
2026-08-10 02:32:34 | team | sess_2a3dc90e296a | INFO | [team_leader] TeamPolicyRail static sections: section_names=['team_role', 'team_workflow', 'team_swarmflow', 'team_lifecycle', 'team_persona']
2026-08-10 02:32:34 | team | sess_2a3dc90e296a | INFO | Session tables ready for session sess_2a3dc90e296a
2026-08-10 02:32:34 | team | sess_2a3dc90e296a | INFO | Team database initialized
2026-08-10 02:32:34 | team | default_trace_id | INFO | Team workspace directory ensured at /srv/jwteam_clone/shared/run_current
2026-08-10 02:32:34 | team | default_trace_id | INFO | AgentTeam manager initialized for jiuwen_team_sess_2a3dc90e296a, member=verifier1
2026-08-10 02:32:34 | team | default_trace_id | INFO | [verifier1] TeamPolicyRail static sections: section_names=['team_role', 'team_persona']
2026-08-10 02:32:34 | team | sess_2a3dc90e296a | INFO | [verifier1] invoke start, role=teammate
2026-08-10 02:32:34 | team | sess_2a3dc90e296a | INFO | [verifier1] coordination starting
2026-08-10 02:32:34 | team | sess_2a3dc90e296a | INFO | Session tables ready for session sess_2a3dc90e296a
2026-08-10 02:32:34 | team | sess_2a3dc90e296a | INFO | Workspace /srv/jwteam_clone/shared/run_current initialized as plain shared directory (version_control disabled)
2026-08-10 02:32:34 | team | sess_2a3dc90e296a | INFO | EventBus[teammate] starting
2026-08-10 02:33:14 | team | sess_2a3dc90e296a | INFO | [verifier1] HITT section refresh: human_agent_names=[]
2026-08-10 02:33:35 | team | sess_2a3dc90e296a | INFO | [verifier1] processing 1 unread messages (steer=True)
2026-08-10 02:33:35 | team | sess_2a3dc90e296a | INFO | Message acad01ad-6373-4342-8029-9151902efc35 marked as read by verifier1
2026-08-10 02:33:53 | team | sess_2a3dc90e296a | INFO | [verifier1] processing 1 unread messages (steer=True)
2026-08-10 02:33:53 | team | sess_2a3dc90e296a | INFO | Message 8499b90d-73eb-4cd5-9a7b-4ac2d24d251c marked as read by verifier1
2026-08-10 02:34:23 | team | sess_2a3dc90e296a | INFO | Message 40510d9c-4d71-432d-b21e-5acc0eb60f5f created
2026-08-10 02:34:23 | team | sess_2a3dc90e296a | INFO | Message 4db39a99-9a11-464f-9c43-53e61dffd855 created
2026-08-10 02:34:31 | team | sess_2a3dc90e296a | INFO | Message 6c2b8b57-4c69-420e-b25c-c68f60538ffe created
2026-08-10 02:34:32 | team | sess_2a3dc90e296a | INFO | [verifier1] processing 1 unread messages (steer=True)
2026-08-10 02:34:32 | team | sess_2a3dc90e296a | INFO | Message 1ca24b65-161c-40f3-9d46-07461d00a6ba marked as read by verifier1
2026-08-10 02:34:38 | team | sess_2a3dc90e296a | INFO | Message 7bc031b2-e8e9-403f-b1e6-3defffe24f11 created
2026-08-10 02:34:43 | team | sess_2a3dc90e296a | INFO | Message c953ec5e-cdf6-49f1-8583-3472700757e5 created
2026-08-10 02:34:48 | team | sess_2a3dc90e296a | INFO | [verifier1] processing 1 unread messages (steer=True)
2026-08-10 02:34:48 | team | sess_2a3dc90e296a | INFO | Message a18cf4bd-27df-4d85-9aab-17d6281f8e11 marked as read by verifier1
2026-08-10 02:35:00 | team | sess_2a3dc90e296a | INFO | Message 07124d5c-016f-426c-8e4a-3372c1a8cd82 created
2026-08-10 02:35:26 | team | sess_2a3dc90e296a | INFO | [verifier1] processing 1 unread messages (steer=True)
2026-08-10 02:35:26 | team | sess_2a3dc90e296a | INFO | Message 5a0e4195-f00c-4227-b37f-177df62102fc marked as read by verifier1
2026-08-10 02:35:30 | team | sess_2a3dc90e296a | INFO | Message 54c76398-62a9-4330-9951-4b2d7ae3ab1f created
2026-08-10 02:36:59 | team | sess_2a3dc90e296a | INFO | Task verify_security claimed by member verifier1
2026-08-10 02:36:59 | team | sess_2a3dc90e296a | INFO | Task verify_security claimed by member verifier1
2026-08-10 02:37:07 | team | sess_2a3dc90e296a | INFO | [verifier1] processing 1 unread messages (steer=True)
2026-08-10 02:37:07 | team | sess_2a3dc90e296a | INFO | Message 0349ccb9-978f-4361-8b58-019cdec41198 marked as read by verifier1
2026-08-10 02:37:10 | team | sess_2a3dc90e296a | INFO | [verifier1] processing 1 unread messages (steer=True)
2026-08-10 02:37:10 | team | sess_2a3dc90e296a | INFO | Message 01d65482-4feb-48ef-bac3-d452578dd7b6 marked as read by verifier1
2026-08-10 02:37:18 | team | sess_2a3dc90e296a | INFO | [verifier1] processing 1 unread messages (steer=True)
2026-08-10 02:37:18 | team | sess_2a3dc90e296a | INFO | Message 7c8dd31a-0a2f-4de9-a102-cc3482b01651 marked as read by verifier1
2026-08-10 02:37:19 | team | sess_2a3dc90e296a | INFO | Message 94d33e81-a436-4230-89f0-bf73ce8f6c77 created
2026-08-10 02:37:19 | team | sess_2a3dc90e296a | INFO | Message 84f1bb10-f00c-4ef0-8583-3e086ebd5b97 created
2026-08-10 02:37:19 | team | sess_2a3dc90e296a | INFO | [verifier1] processing 1 unread messages (steer=True)
2026-08-10 02:37:19 | team | sess_2a3dc90e296a | INFO | Message d786689b-ea46-4e89-ae6d-3aad72f1866d marked as read by verifier1
2026-08-10 02:37:39 | team | sess_2a3dc90e296a | INFO | [verifier1] processing 1 unread messages (steer=True)
2026-08-10 02:37:39 | team | sess_2a3dc90e296a | INFO | Message d74ba457-1d57-47af-a065-c7d729726a9e marked as read by verifier1
2026-08-10 02:37:41 | team | sess_2a3dc90e296a | INFO | [verifier1] processing 1 unread messages (steer=True)
2026-08-10 02:37:41 | team | sess_2a3dc90e296a | INFO | Message bb40db37-91ce-42d9-ba37-dff852e35400 marked as read by verifier1
2026-08-10 02:37:41 | team | sess_2a3dc90e296a | INFO | [verifier1] processing 1 unread messages (steer=True)
2026-08-10 02:37:41 | team | sess_2a3dc90e296a | INFO | Message 5eb26294-f00f-4208-83cc-961bc818d46e marked as read by verifier1
2026-08-10 02:37:47 | team | sess_2a3dc90e296a | INFO | Message 9aabb3c8-ca4c-44bc-94e7-f5181aca0cac created
2026-08-10 02:37:47 | team | sess_2a3dc90e296a | INFO | Message 3e48b79e-5e4b-4a2a-9dc9-44154c28161d created
2026-08-10 02:37:47 | team | sess_2a3dc90e296a | INFO | Message 91b97eb8-9a71-4302-b41d-ea5a2c90d4c1 created
2026-08-10 02:38:02 | team | sess_2a3dc90e296a | INFO | [verifier1] processing 1 unread messages (steer=True)
2026-08-10 02:38:02 | team | sess_2a3dc90e296a | INFO | Message 138f9011-84b4-4607-894d-8599e82fe69c marked as read by verifier1
2026-08-10 02:38:11 | team | sess_2a3dc90e296a | INFO | [verifier1] processing 1 unread messages (steer=True)
2026-08-10 02:38:11 | team | sess_2a3dc90e296a | INFO | Message 5f9cecb5-d3c1-49c6-910d-1fa08a589a6d marked as read by verifier1
2026-08-10 02:40:09 | team | sess_2a3dc90e296a | INFO | [verifier1] processing 1 unread messages (steer=True)
2026-08-10 02:40:09 | team | sess_2a3dc90e296a | INFO | Message 059be619-889d-4065-8d19-791f39ce7164 marked as read by verifier1
2026-08-10 02:40:21 | team | sess_2a3dc90e296a | INFO | Message 1324e964-9921-47bb-ad1a-5274980e00eb created
2026-08-10 02:40:58 | team | sess_2a3dc90e296a | INFO | Message ec52839c-4cff-46dd-8c29-5ea706717313 created
2026-08-10 02:41:06 | team | sess_2a3dc90e296a | INFO | Message 3c489a90-1537-46ca-8391-0c659a99c3e8 created
2026-08-10 02:41:20 | team | sess_2a3dc90e296a | INFO | [verifier1] processing 1 unread messages (steer=True)
2026-08-10 02:41:20 | team | sess_2a3dc90e296a | INFO | Message b89d0954-2e13-4e70-8abf-c0a0e5252450 marked as read by verifier1
2026-08-10 02:41:33 | team | sess_2a3dc90e296a | INFO | Message da6c6335-b4b9-41a0-94dd-e7b32e9591b5 created
2026-08-10 02:41:41 | team | sess_2a3dc90e296a | INFO | [verifier1] processing 1 unread messages (steer=True)
2026-08-10 02:41:41 | team | sess_2a3dc90e296a | INFO | Message 91cb25a8-f427-45a5-ae49-54a9f26b5ff2 marked as read by verifier1
2026-08-10 02:41:48 | team | sess_2a3dc90e296a | INFO | Message 384f3fe3-161a-414a-be61-1b9dcf9a751e created
2026-08-10 02:41:53 | team | sess_2a3dc90e296a | INFO | [verifier1] processing 1 unread messages (steer=True)
2026-08-10 02:41:53 | team | sess_2a3dc90e296a | INFO | Message b2b2696b-86fc-48b1-a6ed-842ba131ba0c marked as read by verifier1
2026-08-10 02:41:54 | team | sess_2a3dc90e296a | INFO | [verifier1] processing 1 unread messages (steer=True)
2026-08-10 02:41:54 | team | sess_2a3dc90e296a | INFO | Message e2c1d782-25d2-4f59-a13e-b9c206e27d08 marked as read by verifier1
2026-08-10 02:42:10 | team | sess_2a3dc90e296a | INFO | Message 8e019970-d503-4b56-b68e-8ee772f1bc22 created
2026-08-10 02:42:22 | team | sess_2a3dc90e296a | INFO | [verifier1] processing 1 unread messages (steer=True)
2026-08-10 02:42:22 | team | sess_2a3dc90e296a | INFO | Message c4ef8ba0-b23d-413d-b6be-5906f83d5039 marked as read by verifier1
2026-08-10 02:42:53 | team | sess_2a3dc90e296a | INFO | [verifier1] processing 1 unread messages (steer=True)
2026-08-10 02:42:53 | team | sess_2a3dc90e296a | INFO | Message 6c1ba9e4-b62d-4008-8c08-9b964e329a20 marked as read by verifier1
2026-08-10 02:42:55 | team | sess_2a3dc90e296a | INFO | Message 1552b928-9e5e-4d68-b31d-661cbdcdbee1 created
2026-08-10 02:42:55 | team | sess_2a3dc90e296a | INFO | Message a04eb16b-c55e-42ac-9797-3a4f866cf2bf created
2026-08-10 02:43:02 | team | sess_2a3dc90e296a | INFO | Message 0e4398a8-7005-405f-be23-c8ab4ca69654 created
2026-08-10 02:43:10 | team | sess_2a3dc90e296a | INFO | Task verify_security completed at 1786326190815
2026-08-10 02:43:10 | team | sess_2a3dc90e296a | INFO | Task verify_security completed
2026-08-10 02:43:28 | team | sess_2a3dc90e296a | INFO | [verifier1] processing 1 unread messages (steer=True)
2026-08-10 02:43:28 | team | sess_2a3dc90e296a | INFO | Message c07b8a5c-a995-47c5-81b2-360bf6356c5a marked as read by verifier1
2026-08-10 02:43:35 | team | sess_2a3dc90e296a | INFO | Message f7b06717-729e-48b7-a2f0-bf579467ea03 created
2026-08-10 02:43:44 | team | sess_2a3dc90e296a | INFO | [verifier1] processing 1 unread messages (steer=True)
2026-08-10 02:43:44 | team | sess_2a3dc90e296a | INFO | Message ae659c27-ab5d-4d13-8a02-29d662ab804f marked as read by verifier1
2026-08-10 02:43:58 | team | sess_2a3dc90e296a | INFO | [verifier1] processing 1 unread messages (steer=True)
2026-08-10 02:43:58 | team | sess_2a3dc90e296a | INFO | Message a75be809-b1b3-4544-96c7-4b8d1c4e1ad7 marked as read by verifier1
2026-08-10 02:44:05 | team | sess_2a3dc90e296a | INFO | Message cb92d3d2-1e67-4b07-89c7-99ecfadb23dd created
2026-08-10 02:44:20 | team | sess_2a3dc90e296a | INFO | task list drained for team jiuwen_team_sess_2a3dc90e296a: 4 terminal task(s)
2026-08-10 02:44:53 | team | sess_2a3dc90e296a | INFO | [verifier1] processing 1 unread messages (steer=True)
2026-08-10 02:44:54 | team | sess_2a3dc90e296a | INFO | Message cf0363d3-836f-4f9c-828c-7cd7e395d133 marked as read by verifier1
2026-08-10 02:45:07 | team | sess_2a3dc90e296a | INFO | team jiuwen_team_sess_2a3dc90e296a reported completed: 9 members, 4 tasks
2026-08-10 02:45:07 | team | sess_2a3dc90e296a | INFO | [verifier1] received TEAM_STANDBY, pausing polls
2026-08-10 02:45:07 | team | sess_2a3dc90e296a | INFO | EventBus[teammate] pausing polls
