2026-08-10 02:32:33 | team | sess_2a3dc90e296a | INFO | Team workspace directory ensured at /srv/jwteam_clone/shared/run_current
2026-08-10 02:32:33 | team | sess_2a3dc90e296a | INFO | AgentTeam manager initialized for jiuwen_team_sess_2a3dc90e296a, member=team_leader
2026-08-10 02:32:33 | team | sess_2a3dc90e296a | INFO | [team_leader] TeamPolicyRail static sections: section_names=['team_role', 'team_workflow', 'team_swarmflow', 'team_lifecycle', 'team_persona']
2026-08-10 02:32:33 | team | sess_2a3dc90e296a | INFO | Session tables ready for session sess_2a3dc90e296a
2026-08-10 02:32:33 | team | sess_2a3dc90e296a | INFO | Team database initialized
2026-08-10 02:32:33 | team | default_trace_id | INFO | Team workspace directory ensured at /srv/jwteam_clone/shared/run_current
2026-08-10 02:32:33 | team | default_trace_id | INFO | AgentTeam manager initialized for jiuwen_team_sess_2a3dc90e296a, member=executor3
2026-08-10 02:32:33 | team | default_trace_id | INFO | [executor3] TeamPolicyRail static sections: section_names=['team_role', 'team_persona']
2026-08-10 02:32:33 | team | sess_2a3dc90e296a | INFO | [executor3] invoke start, role=teammate
2026-08-10 02:32:33 | team | sess_2a3dc90e296a | INFO | [executor3] coordination starting
2026-08-10 02:32:33 | team | sess_2a3dc90e296a | INFO | Session tables ready for session sess_2a3dc90e296a
2026-08-10 02:32:33 | team | sess_2a3dc90e296a | INFO | Workspace /srv/jwteam_clone/shared/run_current initialized as plain shared directory (version_control disabled)
2026-08-10 02:32:33 | team | sess_2a3dc90e296a | INFO | EventBus[teammate] starting
2026-08-10 02:33:15 | team | sess_2a3dc90e296a | INFO | [executor3] HITT section refresh: human_agent_names=[]
2026-08-10 02:33:35 | team | sess_2a3dc90e296a | INFO | [executor3] processing 1 unread messages (steer=True)
2026-08-10 02:33:35 | team | sess_2a3dc90e296a | INFO | Message acad01ad-6373-4342-8029-9151902efc35 marked as read by executor3
2026-08-10 02:34:24 | team | sess_2a3dc90e296a | INFO | Task implement claimed by member executor3
2026-08-10 02:34:24 | team | sess_2a3dc90e296a | INFO | Task implement claimed by member executor3
2026-08-10 02:34:36 | team | sess_2a3dc90e296a | INFO | [executor3] processing 1 unread messages (steer=True)
2026-08-10 02:34:37 | team | sess_2a3dc90e296a | INFO | Message 36b8b296-8039-41bc-bb1e-5210c22d8e6e marked as read by executor3
2026-08-10 02:34:51 | team | sess_2a3dc90e296a | INFO | Message ac222024-6b81-4505-8fd2-7feaaadc83df created
2026-08-10 02:34:57 | team | sess_2a3dc90e296a | INFO | [executor3] processing 1 unread messages (steer=True)
2026-08-10 02:34:57 | team | sess_2a3dc90e296a | INFO | Message 7ffab50a-21ca-4e51-bf4a-a0dfb08b6cbe marked as read by executor3
2026-08-10 02:35:11 | team | sess_2a3dc90e296a | INFO | [executor3] processing 1 unread messages (steer=True)
2026-08-10 02:35:11 | team | sess_2a3dc90e296a | INFO | Message 5a5bff6a-394c-400c-bbb8-f0095db064f6 marked as read by executor3
2026-08-10 02:35:15 | team | sess_2a3dc90e296a | INFO | Message 2ffbb6cf-41d7-4913-8cc3-77d0015bcdda created
2026-08-10 02:35:18 | team | sess_2a3dc90e296a | INFO | [executor3] processing 1 unread messages (steer=True)
2026-08-10 02:35:18 | team | sess_2a3dc90e296a | INFO | Message 128a9d0b-8e42-4b17-8fcb-0f98782904ac marked as read by executor3
2026-08-10 02:35:25 | team | sess_2a3dc90e296a | INFO | [executor3] processing 1 unread messages (steer=True)
2026-08-10 02:35:25 | team | sess_2a3dc90e296a | INFO | Message 017861e7-c9e1-4049-aaf3-50e4e0f8061a marked as read by executor3
2026-08-10 02:35:30 | team | sess_2a3dc90e296a | INFO | [executor3] processing 1 unread messages (steer=True)
2026-08-10 02:35:30 | team | sess_2a3dc90e296a | INFO | Message bd4e1b40-34d2-43ca-b794-31f3805cda5c marked as read by executor3
2026-08-10 02:35:41 | team | sess_2a3dc90e296a | INFO | [executor3] processing 1 unread messages (steer=True)
2026-08-10 02:35:41 | team | sess_2a3dc90e296a | INFO | Message fbcc1607-ae40-4ebf-9f7e-3360a6b62ec2 marked as read by executor3
2026-08-10 02:36:53 | team | sess_2a3dc90e296a | INFO | Task implement completed at 1786325813020
2026-08-10 02:36:53 | team | sess_2a3dc90e296a | INFO | Resolved 2 dependencies for task implement
2026-08-10 02:36:53 | team | sess_2a3dc90e296a | INFO | Task verify_security unblocked (all deps resolved)
2026-08-10 02:36:53 | team | sess_2a3dc90e296a | INFO | Task verify_tests unblocked (all deps resolved)
2026-08-10 02:36:53 | team | sess_2a3dc90e296a | INFO | Task implement completed
2026-08-10 02:36:53 | team | sess_2a3dc90e296a | INFO | Unblocked 2 tasks
2026-08-10 02:37:09 | team | sess_2a3dc90e296a | INFO | Message 01d65482-4feb-48ef-bac3-d452578dd7b6 created
2026-08-10 02:37:09 | team | sess_2a3dc90e296a | INFO | Message ed1fc722-502b-48cd-9a12-714c83077c82 created
2026-08-10 02:37:19 | team | sess_2a3dc90e296a | INFO | [executor3] processing 1 unread messages (steer=True)
2026-08-10 02:37:19 | team | sess_2a3dc90e296a | INFO | Message 84f1bb10-f00c-4ef0-8583-3e086ebd5b97 marked as read by executor3
2026-08-10 02:37:31 | team | sess_2a3dc90e296a | INFO | [executor3] processing 1 unread messages (steer=True)
2026-08-10 02:37:31 | team | sess_2a3dc90e296a | INFO | Message b988d5c1-0351-482a-b866-6aa0627cb28e marked as read by executor3
2026-08-10 02:37:41 | team | sess_2a3dc90e296a | INFO | Message bb40db37-91ce-42d9-ba37-dff852e35400 created
2026-08-10 02:37:48 | team | sess_2a3dc90e296a | INFO | [executor3] processing 1 unread messages (steer=True)
2026-08-10 02:37:48 | team | sess_2a3dc90e296a | INFO | Message 91b97eb8-9a71-4302-b41d-ea5a2c90d4c1 marked as read by executor3
2026-08-10 02:38:11 | team | sess_2a3dc90e296a | INFO | Message 5f9cecb5-d3c1-49c6-910d-1fa08a589a6d created
2026-08-10 02:39:37 | team | sess_2a3dc90e296a | INFO | [executor3] processing 1 unread messages (steer=True)
2026-08-10 02:39:38 | team | sess_2a3dc90e296a | INFO | Message 625a73ad-9095-4969-a031-3e77e0c00389 marked as read by executor3
2026-08-10 02:39:58 | team | sess_2a3dc90e296a | INFO | Message ba81cfb5-070b-4ff5-861c-05b2ba29cc9d created
2026-08-10 02:40:58 | team | sess_2a3dc90e296a | INFO | [executor3] processing 1 unread messages (steer=True)
2026-08-10 02:40:58 | team | sess_2a3dc90e296a | INFO | Message ec52839c-4cff-46dd-8c29-5ea706717313 marked as read by executor3
2026-08-10 02:41:19 | team | sess_2a3dc90e296a | INFO | [executor3] processing 1 unread messages (steer=True)
2026-08-10 02:41:19 | team | sess_2a3dc90e296a | INFO | Message be49ff91-b88b-417c-be58-b24e1194c143 marked as read by executor3
2026-08-10 02:42:22 | team | sess_2a3dc90e296a | INFO | Message 7958e136-7eb9-45e1-93ce-4b38926a0dee created
2026-08-10 02:42:22 | team | sess_2a3dc90e296a | INFO | Message c4ef8ba0-b23d-413d-b6be-5906f83d5039 created
2026-08-10 02:42:53 | team | sess_2a3dc90e296a | INFO | [executor3] processing 1 unread messages (steer=True)
2026-08-10 02:42:53 | team | sess_2a3dc90e296a | INFO | Message 0e2cd95f-85da-4ace-8bbb-c8fa121c9211 marked as read by executor3
2026-08-10 02:42:55 | team | sess_2a3dc90e296a | INFO | [executor3] processing 1 unread messages (steer=True)
2026-08-10 02:42:55 | team | sess_2a3dc90e296a | INFO | Message a04eb16b-c55e-42ac-9797-3a4f866cf2bf marked as read by executor3
2026-08-10 02:43:07 | team | sess_2a3dc90e296a | INFO | Message 0e00ab9e-a5bc-4696-a372-25b559baada2 created
2026-08-10 02:43:28 | team | sess_2a3dc90e296a | INFO | [executor3] processing 1 unread messages (steer=True)
2026-08-10 02:43:28 | team | sess_2a3dc90e296a | INFO | Message d8d0d187-67d6-4131-9c38-844412d2cc69 marked as read by executor3
2026-08-10 02:43:42 | team | sess_2a3dc90e296a | INFO | Message 02d78e88-ed9b-4f2a-824b-87059e326d0b created
2026-08-10 02:44:12 | team | sess_2a3dc90e296a | INFO | [executor3] processing 1 unread messages (steer=True)
2026-08-10 02:44:12 | team | sess_2a3dc90e296a | INFO | Message b4f6eba5-3649-4c2e-bfbf-486ea85e8cf4 marked as read by executor3
2026-08-10 02:44:20 | team | sess_2a3dc90e296a | INFO | task list drained for team jiuwen_team_sess_2a3dc90e296a: 4 terminal task(s)
2026-08-10 02:44:53 | team | sess_2a3dc90e296a | INFO | [executor3] processing 1 unread messages (steer=True)
2026-08-10 02:44:54 | team | sess_2a3dc90e296a | INFO | Message cf0363d3-836f-4f9c-828c-7cd7e395d133 marked as read by executor3
2026-08-10 02:45:07 | team | sess_2a3dc90e296a | INFO | team jiuwen_team_sess_2a3dc90e296a reported completed: 9 members, 4 tasks
2026-08-10 02:45:07 | team | sess_2a3dc90e296a | INFO | [executor3] received TEAM_STANDBY, pausing polls
2026-08-10 02:45:07 | team | sess_2a3dc90e296a | INFO | EventBus[teammate] pausing polls
