2026-08-10 02:32:35 | team | sess_2a3dc90e296a | INFO | Team workspace directory ensured at /srv/jwteam_clone/shared/run_current
2026-08-10 02:32:35 | team | sess_2a3dc90e296a | INFO | AgentTeam manager initialized for jiuwen_team_sess_2a3dc90e296a, member=team_leader
2026-08-10 02:32:35 | team | sess_2a3dc90e296a | INFO | [team_leader] TeamPolicyRail static sections: section_names=['team_role', 'team_workflow', 'team_swarmflow', 'team_lifecycle', 'team_persona']
2026-08-10 02:32:36 | team | sess_2a3dc90e296a | INFO | Session tables ready for session sess_2a3dc90e296a
2026-08-10 02:32:36 | team | sess_2a3dc90e296a | INFO | Team database initialized
2026-08-10 02:32:36 | team | default_trace_id | INFO | Team workspace directory ensured at /srv/jwteam_clone/shared/run_current
2026-08-10 02:32:36 | team | default_trace_id | INFO | AgentTeam manager initialized for jiuwen_team_sess_2a3dc90e296a, member=fullstack1
2026-08-10 02:32:36 | team | default_trace_id | INFO | [fullstack1] TeamPolicyRail static sections: section_names=['team_role', 'team_persona']
2026-08-10 02:32:36 | team | sess_2a3dc90e296a | INFO | [fullstack1] invoke start, role=teammate
2026-08-10 02:32:36 | team | sess_2a3dc90e296a | INFO | [fullstack1] coordination starting
2026-08-10 02:32:36 | team | sess_2a3dc90e296a | INFO | Session tables ready for session sess_2a3dc90e296a
2026-08-10 02:32:36 | team | sess_2a3dc90e296a | INFO | Workspace /srv/jwteam_clone/shared/run_current initialized as plain shared directory (version_control disabled)
2026-08-10 02:32:36 | team | sess_2a3dc90e296a | INFO | EventBus[teammate] starting
2026-08-10 02:33:15 | team | sess_2a3dc90e296a | INFO | [fullstack1] HITT section refresh: human_agent_names=[]
2026-08-10 02:33:35 | team | sess_2a3dc90e296a | INFO | [fullstack1] processing 1 unread messages (steer=True)
2026-08-10 02:33:35 | team | sess_2a3dc90e296a | INFO | Message acad01ad-6373-4342-8029-9151902efc35 marked as read by fullstack1
2026-08-10 02:34:36 | team | sess_2a3dc90e296a | INFO | Message 36b8b296-8039-41bc-bb1e-5210c22d8e6e created
2026-08-10 02:34:51 | team | sess_2a3dc90e296a | INFO | [fullstack1] processing 1 unread messages (steer=True)
2026-08-10 02:34:51 | team | sess_2a3dc90e296a | INFO | Message ac222024-6b81-4505-8fd2-7feaaadc83df marked as read by fullstack1
2026-08-10 02:35:01 | team | sess_2a3dc90e296a | INFO | Message 24f12b00-f0b4-418f-afa5-7d0984b491a3 created
2026-08-10 02:35:25 | team | sess_2a3dc90e296a | INFO | Message 017861e7-c9e1-4049-aaf3-50e4e0f8061a created
2026-08-10 02:35:26 | team | sess_2a3dc90e296a | INFO | [fullstack1] processing 1 unread messages (steer=True)
2026-08-10 02:35:26 | team | sess_2a3dc90e296a | INFO | Message 2d93b86a-511e-454e-88e7-94ffafc30fb8 marked as read by fullstack1
2026-08-10 02:35:41 | team | sess_2a3dc90e296a | INFO | Message 59d5e87b-8245-4532-a8f7-be9cad29d581 created
2026-08-10 02:35:41 | team | sess_2a3dc90e296a | INFO | Message fbcc1607-ae40-4ebf-9f7e-3360a6b62ec2 created
2026-08-10 02:37:09 | team | sess_2a3dc90e296a | INFO | Task verify_tests claimed by member fullstack1
2026-08-10 02:37:09 | team | sess_2a3dc90e296a | INFO | Task verify_tests claimed by member fullstack1
2026-08-10 02:37:18 | team | sess_2a3dc90e296a | INFO | Message 7c8dd31a-0a2f-4de9-a102-cc3482b01651 created
2026-08-10 02:37:31 | team | sess_2a3dc90e296a | INFO | [fullstack1] processing 1 unread messages (steer=True)
2026-08-10 02:37:31 | team | sess_2a3dc90e296a | INFO | Message 165f34fc-c11a-4116-97f8-5cf04dc78ffe marked as read by fullstack1
2026-08-10 02:37:47 | team | sess_2a3dc90e296a | INFO | [fullstack1] processing 1 unread messages (steer=True)
2026-08-10 02:37:47 | team | sess_2a3dc90e296a | INFO | Message 9aabb3c8-ca4c-44bc-94e7-f5181aca0cac marked as read by fullstack1
2026-08-10 02:37:51 | team | sess_2a3dc90e296a | INFO | Message ffaecabd-7918-49cf-b352-3febdaf56323 created
2026-08-10 02:37:51 | team | sess_2a3dc90e296a | INFO | Message 24ed3aa9-80ab-47dc-a156-e5e2abf01286 created
2026-08-10 02:38:04 | team | sess_2a3dc90e296a | INFO | [fullstack1] processing 1 unread messages (steer=True)
2026-08-10 02:38:04 | team | sess_2a3dc90e296a | INFO | Message 33bc92dc-b68d-4b1f-b736-16347721ae81 marked as read by fullstack1
2026-08-10 02:38:20 | team | sess_2a3dc90e296a | INFO | [fullstack1] processing 1 unread messages (steer=True)
2026-08-10 02:38:20 | team | sess_2a3dc90e296a | INFO | Message fefd2a77-9a2c-43b3-91f2-39f3f4ad7a3e marked as read by fullstack1
2026-08-10 02:39:17 | team | sess_2a3dc90e296a | INFO | Message 4d0555c0-1539-4a0e-878d-4b33ca733eb8 created
2026-08-10 02:39:31 | team | sess_2a3dc90e296a | INFO | Message f2b50a55-b7b5-45e8-8baa-c05855611c33 created
2026-08-10 02:39:55 | team | sess_2a3dc90e296a | INFO | [fullstack1] processing 1 unread messages (steer=True)
2026-08-10 02:39:55 | team | sess_2a3dc90e296a | INFO | Message 879472f9-28d7-4195-98c8-ab7546e27120 marked as read by fullstack1
2026-08-10 02:41:06 | team | sess_2a3dc90e296a | INFO | [fullstack1] processing 1 unread messages (steer=True)
2026-08-10 02:41:06 | team | sess_2a3dc90e296a | INFO | Message 3c489a90-1537-46ca-8391-0c659a99c3e8 marked as read by fullstack1
2026-08-10 02:41:20 | team | sess_2a3dc90e296a | INFO | Message b89d0954-2e13-4e70-8abf-c0a0e5252450 created
2026-08-10 02:41:20 | team | sess_2a3dc90e296a | INFO | Message 767debd3-8d6f-48ea-9cda-d0ae4f8274e5 created
2026-08-10 02:41:33 | team | sess_2a3dc90e296a | INFO | [fullstack1] processing 1 unread messages (steer=True)
2026-08-10 02:41:33 | team | sess_2a3dc90e296a | INFO | Message da6c6335-b4b9-41a0-94dd-e7b32e9591b5 marked as read by fullstack1
2026-08-10 02:41:41 | team | sess_2a3dc90e296a | INFO | Message 91cb25a8-f427-45a5-ae49-54a9f26b5ff2 created
2026-08-10 02:41:48 | team | sess_2a3dc90e296a | INFO | [fullstack1] processing 1 unread messages (steer=True)
2026-08-10 02:41:48 | team | sess_2a3dc90e296a | INFO | Message 384f3fe3-161a-414a-be61-1b9dcf9a751e marked as read by fullstack1
2026-08-10 02:41:53 | team | sess_2a3dc90e296a | INFO | Message b2b2696b-86fc-48b1-a6ed-842ba131ba0c created
2026-08-10 02:44:04 | team | sess_2a3dc90e296a | INFO | [fullstack1] processing 1 unread messages (steer=True)
2026-08-10 02:44:04 | team | sess_2a3dc90e296a | INFO | Message 9685f1ff-3c0e-4f12-a8cd-6a7afe9a61e3 marked as read by fullstack1
2026-08-10 02:44:10 | team | sess_2a3dc90e296a | INFO | Message c893238e-597c-41a0-8330-d4f3644a590b created
2026-08-10 02:44:20 | team | sess_2a3dc90e296a | INFO | task list drained for team jiuwen_team_sess_2a3dc90e296a: 4 terminal task(s)
2026-08-10 02:44:53 | team | sess_2a3dc90e296a | INFO | [fullstack1] processing 1 unread messages (steer=True)
2026-08-10 02:44:54 | team | sess_2a3dc90e296a | INFO | Message cf0363d3-836f-4f9c-828c-7cd7e395d133 marked as read by fullstack1
2026-08-10 02:45:07 | team | sess_2a3dc90e296a | INFO | team jiuwen_team_sess_2a3dc90e296a reported completed: 9 members, 4 tasks
2026-08-10 02:45:07 | team | sess_2a3dc90e296a | INFO | [fullstack1] received TEAM_STANDBY, pausing polls
2026-08-10 02:45:07 | team | sess_2a3dc90e296a | INFO | EventBus[teammate] pausing polls
