2026-08-10 02:32:31 | team | sess_2a3dc90e296a | INFO | Team workspace directory ensured at /srv/jwteam_clone/shared/run_current
2026-08-10 02:32:31 | team | sess_2a3dc90e296a | INFO | AgentTeam manager initialized for jiuwen_team_sess_2a3dc90e296a, member=team_leader
2026-08-10 02:32:31 | team | sess_2a3dc90e296a | INFO | [team_leader] TeamPolicyRail static sections: section_names=['team_role', 'team_workflow', 'team_swarmflow', 'team_lifecycle', 'team_persona']
2026-08-10 02:32:31 | team | sess_2a3dc90e296a | INFO | Session tables ready for session sess_2a3dc90e296a
2026-08-10 02:32:31 | team | sess_2a3dc90e296a | INFO | Team database initialized
2026-08-10 02:32:32 | team | default_trace_id | INFO | Team workspace directory ensured at /srv/jwteam_clone/shared/run_current
2026-08-10 02:32:32 | team | default_trace_id | INFO | AgentTeam manager initialized for jiuwen_team_sess_2a3dc90e296a, member=executor1
2026-08-10 02:32:32 | team | default_trace_id | INFO | [executor1] TeamPolicyRail static sections: section_names=['team_role', 'team_persona']
2026-08-10 02:32:32 | team | sess_2a3dc90e296a | INFO | [executor1] invoke start, role=teammate
2026-08-10 02:32:32 | team | sess_2a3dc90e296a | INFO | [executor1] coordination starting
2026-08-10 02:32:32 | team | sess_2a3dc90e296a | INFO | Session tables ready for session sess_2a3dc90e296a
2026-08-10 02:32:32 | team | sess_2a3dc90e296a | INFO | Workspace /srv/jwteam_clone/shared/run_current initialized as plain shared directory (version_control disabled)
2026-08-10 02:32:32 | team | sess_2a3dc90e296a | INFO | EventBus[teammate] starting
2026-08-10 02:33:15 | team | sess_2a3dc90e296a | INFO | [executor1] HITT section refresh: human_agent_names=[]
2026-08-10 02:33:35 | team | sess_2a3dc90e296a | INFO | [executor1] processing 1 unread messages (steer=True)
2026-08-10 02:33:35 | team | sess_2a3dc90e296a | INFO | Message acad01ad-6373-4342-8029-9151902efc35 marked as read by executor1
2026-08-10 02:34:08 | team | sess_2a3dc90e296a | INFO | [executor1] processing 1 unread messages (steer=True)
2026-08-10 02:34:08 | team | sess_2a3dc90e296a | INFO | Message 73d0647f-8c33-4dc4-b233-a91d229e1a0a marked as read by executor1
2026-08-10 02:34:48 | team | sess_2a3dc90e296a | INFO | [executor1] processing 1 unread messages (steer=True)
2026-08-10 02:34:48 | team | sess_2a3dc90e296a | INFO | Message a111f5ce-97f0-4144-8daa-555c7a7e69d5 marked as read by executor1
2026-08-10 02:34:57 | team | sess_2a3dc90e296a | INFO | Message 7ffab50a-21ca-4e51-bf4a-a0dfb08b6cbe created
2026-08-10 02:35:10 | team | sess_2a3dc90e296a | INFO | Message 94336044-e9d4-4332-bcec-91c95de161f8 created
2026-08-10 02:35:15 | team | sess_2a3dc90e296a | INFO | [executor1] processing 1 unread messages (steer=True)
2026-08-10 02:35:15 | team | sess_2a3dc90e296a | INFO | Message 2ffbb6cf-41d7-4913-8cc3-77d0015bcdda marked as read by executor1
2026-08-10 02:35:26 | team | sess_2a3dc90e296a | INFO | [executor1] processing 1 unread messages (steer=True)
2026-08-10 02:35:26 | team | sess_2a3dc90e296a | INFO | Message 71f5a5c6-2588-4d3a-ad2d-6098dd20228c marked as read by executor1
2026-08-10 02:35:30 | team | sess_2a3dc90e296a | INFO | Message bd4e1b40-34d2-43ca-b794-31f3805cda5c created
2026-08-10 02:35:40 | team | sess_2a3dc90e296a | INFO | Message 3f92596f-1483-403c-9985-ed8bfa0dac8a created
2026-08-10 02:37:39 | team | sess_2a3dc90e296a | INFO | Message d74ba457-1d57-47af-a065-c7d729726a9e created
2026-08-10 02:40:09 | team | sess_2a3dc90e296a | INFO | [executor1] processing 1 unread messages (steer=True)
2026-08-10 02:40:09 | team | sess_2a3dc90e296a | INFO | Message 03455bfb-1e23-457c-80d0-58ea7119719f marked as read by executor1
2026-08-10 02:40:28 | team | sess_2a3dc90e296a | INFO | Message c7c68df5-dd68-4c49-822b-973ba38c1da1 created
2026-08-10 02:41:54 | team | sess_2a3dc90e296a | INFO | [executor1] processing 1 unread messages (steer=True)
2026-08-10 02:41:54 | team | sess_2a3dc90e296a | INFO | Message 01e85bdc-c2da-48d5-a64c-06a65260c386 marked as read by executor1
2026-08-10 02:42:00 | team | sess_2a3dc90e296a | INFO | Message 5cd0e18a-74d8-4374-98a3-074dd2aa3e18 created
2026-08-10 02:44:20 | team | sess_2a3dc90e296a | INFO | task list drained for team jiuwen_team_sess_2a3dc90e296a: 4 terminal task(s)
2026-08-10 02:44:53 | team | sess_2a3dc90e296a | INFO | [executor1] processing 1 unread messages (steer=True)
2026-08-10 02:44:54 | team | sess_2a3dc90e296a | INFO | Message cf0363d3-836f-4f9c-828c-7cd7e395d133 marked as read by executor1
2026-08-10 02:45:07 | team | sess_2a3dc90e296a | INFO | team jiuwen_team_sess_2a3dc90e296a reported completed: 9 members, 4 tasks
2026-08-10 02:45:07 | team | sess_2a3dc90e296a | INFO | [executor1] received TEAM_STANDBY, pausing polls
2026-08-10 02:45:07 | team | sess_2a3dc90e296a | INFO | EventBus[teammate] pausing polls
