2026-08-10 02:32:30 | team | sess_2a3dc90e296a | INFO | Team workspace directory ensured at /srv/jwteam_clone/shared/run_current
2026-08-10 02:32:30 | team | sess_2a3dc90e296a | INFO | AgentTeam manager initialized for jiuwen_team_sess_2a3dc90e296a, member=team_leader
2026-08-10 02:32:30 | team | sess_2a3dc90e296a | INFO | [team_leader] TeamPolicyRail static sections: section_names=['team_role', 'team_workflow', 'team_swarmflow', 'team_lifecycle', 'team_persona']
2026-08-10 02:32:30 | team | sess_2a3dc90e296a | INFO | Session tables ready for session sess_2a3dc90e296a
2026-08-10 02:32:30 | team | sess_2a3dc90e296a | INFO | Team database initialized
2026-08-10 02:32:30 | team | default_trace_id | INFO | Team workspace directory ensured at /srv/jwteam_clone/shared/run_current
2026-08-10 02:32:30 | team | default_trace_id | INFO | AgentTeam manager initialized for jiuwen_team_sess_2a3dc90e296a, member=planner2
2026-08-10 02:32:30 | team | default_trace_id | INFO | [planner2] TeamPolicyRail static sections: section_names=['team_role', 'team_persona']
2026-08-10 02:32:31 | team | sess_2a3dc90e296a | INFO | [planner2] invoke start, role=teammate
2026-08-10 02:32:31 | team | sess_2a3dc90e296a | INFO | [planner2] coordination starting
2026-08-10 02:32:31 | team | sess_2a3dc90e296a | INFO | Session tables ready for session sess_2a3dc90e296a
2026-08-10 02:32:31 | team | sess_2a3dc90e296a | INFO | Workspace /srv/jwteam_clone/shared/run_current initialized as plain shared directory (version_control disabled)
2026-08-10 02:32:31 | team | sess_2a3dc90e296a | INFO | EventBus[teammate] starting
2026-08-10 02:33:14 | team | sess_2a3dc90e296a | INFO | [planner2] HITT section refresh: human_agent_names=[]
2026-08-10 02:33:35 | team | sess_2a3dc90e296a | INFO | [planner2] processing 1 unread messages (steer=True)
2026-08-10 02:33:35 | team | sess_2a3dc90e296a | INFO | Message acad01ad-6373-4342-8029-9151902efc35 marked as read by planner2
2026-08-10 02:34:54 | team | sess_2a3dc90e296a | INFO | Message 1c9af02b-a831-465a-8833-603fc536c007 created
2026-08-10 02:35:18 | team | sess_2a3dc90e296a | INFO | Message 128a9d0b-8e42-4b17-8fcb-0f98782904ac created
2026-08-10 02:35:26 | team | sess_2a3dc90e296a | INFO | [planner2] processing 1 unread messages (steer=True)
2026-08-10 02:35:26 | team | sess_2a3dc90e296a | INFO | Message 316a0ffc-d5d7-4a45-ab69-71d5dcd9830e marked as read by planner2
2026-08-10 02:37:19 | team | sess_2a3dc90e296a | INFO | Message d786689b-ea46-4e89-ae6d-3aad72f1866d created
2026-08-10 02:37:19 | team | sess_2a3dc90e296a | INFO | Message 06dc499b-c411-4bec-bff4-d760a2aecca0 created
2026-08-10 02:37:42 | team | sess_2a3dc90e296a | INFO | [planner2] processing 1 unread messages (steer=True)
2026-08-10 02:37:42 | team | sess_2a3dc90e296a | INFO | Message 89c1a6b9-de4b-48a3-9882-eccdd5dfdd46 marked as read by planner2
2026-08-10 02:37:54 | team | sess_2a3dc90e296a | INFO | Message 38844beb-1d02-4735-abdb-bf9ac1765b09 created
2026-08-10 02:38:20 | team | sess_2a3dc90e296a | INFO | [planner2] processing 1 unread messages (steer=True)
2026-08-10 02:38:20 | team | sess_2a3dc90e296a | INFO | Message f5ce5385-e12a-483e-85a0-59d5e94cf567 marked as read by planner2
2026-08-10 02:38:51 | team | sess_2a3dc90e296a | INFO | Message 1f2e2202-63b9-4ce3-b3d9-04e8021f49d4 created
2026-08-10 02:39:17 | team | sess_2a3dc90e296a | INFO | [planner2] processing 1 unread messages (steer=True)
2026-08-10 02:39:17 | team | sess_2a3dc90e296a | INFO | Message 9404de31-b590-4bf7-be94-8e030ca46a9d marked as read by planner2
2026-08-10 02:39:27 | team | sess_2a3dc90e296a | INFO | Message 39ad889b-cc66-496a-91ce-d56aafd25ce1 created
2026-08-10 02:39:37 | team | sess_2a3dc90e296a | INFO | [planner2] processing 1 unread messages (steer=True)
2026-08-10 02:39:38 | team | sess_2a3dc90e296a | INFO | Message f1e65fed-3d32-4c63-9311-81a714e99e32 marked as read by planner2
2026-08-10 02:39:55 | team | sess_2a3dc90e296a | INFO | [planner2] processing 1 unread messages (steer=True)
2026-08-10 02:39:55 | team | sess_2a3dc90e296a | INFO | Message 214b9a37-1837-470b-9c7b-4a1c9cc7c06d marked as read by planner2
2026-08-10 02:40:02 | team | sess_2a3dc90e296a | INFO | Message d2b39636-87f6-4433-b5c2-b9076593b42b created
2026-08-10 02:41:19 | team | sess_2a3dc90e296a | INFO | [planner2] processing 1 unread messages (steer=True)
2026-08-10 02:41:20 | team | sess_2a3dc90e296a | INFO | Message 3f933887-2a80-47cf-a7a4-97b380c954ef marked as read by planner2
2026-08-10 02:41:25 | team | sess_2a3dc90e296a | INFO | Message a5ac43b5-fb55-41e2-96b8-1cfebe9ab799 created
2026-08-10 02:44:20 | team | sess_2a3dc90e296a | INFO | task list drained for team jiuwen_team_sess_2a3dc90e296a: 4 terminal task(s)
2026-08-10 02:44:53 | team | sess_2a3dc90e296a | INFO | [planner2] processing 1 unread messages (steer=True)
2026-08-10 02:44:54 | team | sess_2a3dc90e296a | INFO | Message cf0363d3-836f-4f9c-828c-7cd7e395d133 marked as read by planner2
2026-08-10 02:45:07 | team | sess_2a3dc90e296a | INFO | team jiuwen_team_sess_2a3dc90e296a reported completed: 9 members, 4 tasks
2026-08-10 02:45:07 | team | sess_2a3dc90e296a | INFO | [planner2] received TEAM_STANDBY, pausing polls
2026-08-10 02:45:07 | team | sess_2a3dc90e296a | INFO | EventBus[teammate] pausing polls
