2026-08-10 00:46:18 | team | sess_52a80f62bf6b | INFO | Team workspace directory ensured at /srv/jwteam_clone/shared/run_current
2026-08-10 00:46:18 | team | sess_52a80f62bf6b | INFO | AgentTeam manager initialized for jiuwen_team_sess_52a80f62bf6b, member=team_leader
2026-08-10 00:46:18 | team | sess_52a80f62bf6b | INFO | [team_leader] TeamPolicyRail static sections: section_names=['team_role', 'team_workflow', 'team_swarmflow', 'team_lifecycle', 'team_persona']
2026-08-10 00:46:18 | team | sess_52a80f62bf6b | INFO | Session tables ready for session sess_52a80f62bf6b
2026-08-10 00:46:18 | team | sess_52a80f62bf6b | INFO | Team database initialized
2026-08-10 00:46:18 | team | default_trace_id | INFO | Team workspace directory ensured at /srv/jwteam_clone/shared/run_current
2026-08-10 00:46:18 | team | default_trace_id | INFO | AgentTeam manager initialized for jiuwen_team_sess_52a80f62bf6b, member=verifier1
2026-08-10 00:46:18 | team | default_trace_id | INFO | [verifier1] TeamPolicyRail static sections: section_names=['team_role', 'team_persona']
2026-08-10 00:46:18 | team | sess_52a80f62bf6b | INFO | [verifier1] invoke start, role=teammate
2026-08-10 00:46:18 | team | sess_52a80f62bf6b | INFO | [verifier1] coordination starting
2026-08-10 00:46:18 | team | sess_52a80f62bf6b | INFO | Session tables ready for session sess_52a80f62bf6b
2026-08-10 00:46:18 | team | sess_52a80f62bf6b | INFO | Workspace /srv/jwteam_clone/shared/run_current initialized as plain shared directory (version_control disabled)
2026-08-10 00:46:18 | team | sess_52a80f62bf6b | INFO | EventBus[teammate] starting
2026-08-10 00:46:54 | team | sess_52a80f62bf6b | INFO | [verifier1] HITT section refresh: human_agent_names=[]
2026-08-10 00:47:03 | team | sess_52a80f62bf6b | INFO | [verifier1] processing 1 unread messages (steer=True)
2026-08-10 00:47:03 | team | sess_52a80f62bf6b | INFO | Message 91dc6d46-bb9d-4ca0-85bb-0f36f59b27b8 marked as read by verifier1
2026-08-10 00:47:12 | team | sess_52a80f62bf6b | INFO | Message b374a30a-4c29-4e9e-9706-bb35ffd15c11 created
2026-08-10 00:47:23 | team | sess_52a80f62bf6b | INFO | [verifier1] processing 1 unread messages (steer=True)
2026-08-10 00:47:23 | team | sess_52a80f62bf6b | INFO | Message ded23cee-d8bc-42a7-a26a-6dfad0f5eefc marked as read by verifier1
2026-08-10 00:47:30 | team | sess_52a80f62bf6b | INFO | Message e02b7469-3e5a-4a58-bfd4-df237a856491 created
2026-08-10 00:47:38 | team | sess_52a80f62bf6b | INFO | [verifier1] processing 1 unread messages (steer=True)
2026-08-10 00:47:38 | team | sess_52a80f62bf6b | INFO | Message cf1cd8e7-cfdd-441e-a34e-a29cb55c8737 marked as read by verifier1
2026-08-10 00:47:46 | team | sess_52a80f62bf6b | INFO | Message f49ed4b6-3b3a-4954-aeb6-3a3f11b17b96 created
2026-08-10 00:47:52 | team | sess_52a80f62bf6b | INFO | [verifier1] processing 1 unread messages (steer=True)
2026-08-10 00:47:53 | team | sess_52a80f62bf6b | INFO | Message a729ab38-4d19-40ba-8a54-d4a011b05be7 marked as read by verifier1
2026-08-10 00:47:57 | team | sess_52a80f62bf6b | INFO | Message f8712cb0-c1fc-497b-8928-2ad449523bb3 created
2026-08-10 00:50:20 | team | sess_52a80f62bf6b | INFO | [verifier1] processing 1 unread messages (steer=True)
2026-08-10 00:50:20 | team | sess_52a80f62bf6b | INFO | Message 3793c32c-81a1-4923-b8e2-144f4338528a marked as read by verifier1
2026-08-10 00:50:29 | team | sess_52a80f62bf6b | INFO | Message e849ed56-1cdf-41fa-b09e-599806ba6816 created
2026-08-10 00:50:44 | team | sess_52a80f62bf6b | INFO | [verifier1] processing 1 unread messages (steer=True)
2026-08-10 00:50:45 | team | sess_52a80f62bf6b | INFO | Message 06762418-c5bf-4a6c-ba5d-2d2026914b7f marked as read by verifier1
2026-08-10 00:50:50 | team | sess_52a80f62bf6b | INFO | Task verify-protocol claimed by member verifier1
2026-08-10 00:50:50 | team | sess_52a80f62bf6b | INFO | Task verify-protocol claimed by member verifier1
2026-08-10 00:51:04 | team | sess_52a80f62bf6b | INFO | [verifier1] processing 1 unread messages (steer=True)
2026-08-10 00:51:04 | team | sess_52a80f62bf6b | INFO | Message 7d61fa71-fe15-4e1d-a341-87c12c57d14c marked as read by verifier1
2026-08-10 00:51:04 | team | sess_52a80f62bf6b | INFO | [verifier1] processing 1 unread messages (steer=True)
2026-08-10 00:51:04 | team | sess_52a80f62bf6b | INFO | Message ff29cd64-5735-49c0-9a2e-a557edbb89b8 marked as read by verifier1
2026-08-10 00:51:58 | team | sess_52a80f62bf6b | INFO | [verifier1] processing 1 unread messages (steer=True)
2026-08-10 00:51:58 | team | sess_52a80f62bf6b | INFO | Message fc9be5b4-9cf0-4cf1-ac69-4c13fa85cdde marked as read by verifier1
2026-08-10 00:52:01 | team | sess_52a80f62bf6b | INFO | [verifier1] processing 1 unread messages (steer=True)
2026-08-10 00:52:01 | team | sess_52a80f62bf6b | INFO | Message 0d6ca967-e076-4899-95cb-f41132bc16f9 marked as read by verifier1
2026-08-10 00:52:01 | team | sess_52a80f62bf6b | INFO | Message 6f1f07c9-03b6-4ddb-afd0-472b8b69642b created
2026-08-10 00:52:01 | team | sess_52a80f62bf6b | INFO | Message 8ac00aa0-aa83-4eed-8b8f-aabe8a038fa7 created
2026-08-10 00:52:16 | team | sess_52a80f62bf6b | INFO | [verifier1] processing 1 unread messages (steer=True)
2026-08-10 00:52:16 | team | sess_52a80f62bf6b | INFO | Message f425df14-71d2-4a04-8bdc-61c1d799fbc8 marked as read by verifier1
2026-08-10 00:53:12 | team | sess_52a80f62bf6b | INFO | Message 6c7a9daa-ad25-4f94-bc35-faf50d45a027 created
2026-08-10 00:53:12 | team | sess_52a80f62bf6b | INFO | Message 9e23d48e-bfbf-4df8-af4c-a58762a185ea created
2026-08-10 00:53:19 | team | sess_52a80f62bf6b | INFO | Task verify-protocol completed at 1786319599818
2026-08-10 00:53:19 | team | sess_52a80f62bf6b | INFO | Message 646e78a7-c826-49b6-8b70-648eaaa5d012 created
2026-08-10 00:53:19 | team | sess_52a80f62bf6b | INFO | Task verify-protocol completed
2026-08-10 00:53:32 | team | sess_52a80f62bf6b | INFO | [verifier1] processing 1 unread messages (steer=True)
2026-08-10 00:53:32 | team | sess_52a80f62bf6b | INFO | Message d1e5e84f-d2b3-4098-b918-b85197aa2168 marked as read by verifier1
2026-08-10 00:54:04 | team | sess_52a80f62bf6b | INFO | team jiuwen_team_sess_52a80f62bf6b reported completed: 9 members, 3 tasks
2026-08-10 00:54:04 | team | sess_52a80f62bf6b | INFO | [verifier1] received TEAM_STANDBY, pausing polls
2026-08-10 00:54:04 | team | sess_52a80f62bf6b | INFO | EventBus[teammate] pausing polls
