2026-08-10 00:46:15 | team | sess_52a80f62bf6b | INFO | Team workspace directory ensured at /srv/jwteam_clone/shared/run_current
2026-08-10 00:46:15 | team | sess_52a80f62bf6b | INFO | AgentTeam manager initialized for jiuwen_team_sess_52a80f62bf6b, member=team_leader
2026-08-10 00:46:15 | team | sess_52a80f62bf6b | INFO | [team_leader] TeamPolicyRail static sections: section_names=['team_role', 'team_workflow', 'team_swarmflow', 'team_lifecycle', 'team_persona']
2026-08-10 00:46:15 | team | sess_52a80f62bf6b | INFO | Session tables ready for session sess_52a80f62bf6b
2026-08-10 00:46:15 | team | sess_52a80f62bf6b | INFO | Team database initialized
2026-08-10 00:46:15 | team | default_trace_id | INFO | Team workspace directory ensured at /srv/jwteam_clone/shared/run_current
2026-08-10 00:46:15 | team | default_trace_id | INFO | AgentTeam manager initialized for jiuwen_team_sess_52a80f62bf6b, member=executor2
2026-08-10 00:46:15 | team | default_trace_id | INFO | [executor2] TeamPolicyRail static sections: section_names=['team_role', 'team_persona']
2026-08-10 00:46:15 | team | sess_52a80f62bf6b | INFO | [executor2] invoke start, role=teammate
2026-08-10 00:46:15 | team | sess_52a80f62bf6b | INFO | [executor2] coordination starting
2026-08-10 00:46:15 | team | sess_52a80f62bf6b | INFO | Session tables ready for session sess_52a80f62bf6b
2026-08-10 00:46:15 | team | sess_52a80f62bf6b | INFO | Workspace /srv/jwteam_clone/shared/run_current initialized as plain shared directory (version_control disabled)
2026-08-10 00:46:15 | team | sess_52a80f62bf6b | INFO | EventBus[teammate] starting
2026-08-10 00:46:54 | team | sess_52a80f62bf6b | INFO | [executor2] HITT section refresh: human_agent_names=[]
2026-08-10 00:47:03 | team | sess_52a80f62bf6b | INFO | [executor2] processing 1 unread messages (steer=True)
2026-08-10 00:47:03 | team | sess_52a80f62bf6b | INFO | Message 91dc6d46-bb9d-4ca0-85bb-0f36f59b27b8 marked as read by executor2
2026-08-10 00:47:12 | team | sess_52a80f62bf6b | INFO | [executor2] processing 1 unread messages (steer=True)
2026-08-10 00:47:12 | team | sess_52a80f62bf6b | INFO | Message b374a30a-4c29-4e9e-9706-bb35ffd15c11 marked as read by executor2
2026-08-10 00:48:57 | team | sess_52a80f62bf6b | INFO | [executor2] processing 1 unread messages (steer=True)
2026-08-10 00:48:57 | team | sess_52a80f62bf6b | INFO | Message 452da684-36e4-483f-9012-22bb42962ec4 marked as read by executor2
2026-08-10 00:49:02 | team | sess_52a80f62bf6b | INFO | Message 89b16ee5-1ce1-4adf-a22d-4859577b272b created
2026-08-10 00:49:15 | team | sess_52a80f62bf6b | INFO | Task implement-protocol claimed by member executor2
2026-08-10 00:49:15 | team | sess_52a80f62bf6b | INFO | Task implement-protocol claimed by member executor2
2026-08-10 00:50:01 | team | sess_52a80f62bf6b | INFO | [executor2] processing 1 unread messages (steer=True)
2026-08-10 00:50:01 | team | sess_52a80f62bf6b | INFO | Message a423fbe2-22d2-433e-ac72-c6fe786edc86 marked as read by executor2
2026-08-10 00:50:44 | team | sess_52a80f62bf6b | INFO | Task implement-protocol completed at 1786319444949
2026-08-10 00:50:44 | team | sess_52a80f62bf6b | INFO | Message 06762418-c5bf-4a6c-ba5d-2d2026914b7f created
2026-08-10 00:50:44 | team | sess_52a80f62bf6b | INFO | Resolved 1 dependencies for task implement-protocol
2026-08-10 00:50:44 | team | sess_52a80f62bf6b | INFO | Task verify-protocol unblocked (all deps resolved)
2026-08-10 00:50:44 | team | sess_52a80f62bf6b | INFO | Task implement-protocol completed
2026-08-10 00:50:44 | team | sess_52a80f62bf6b | INFO | Unblocked 1 tasks
2026-08-10 00:51:04 | team | sess_52a80f62bf6b | INFO | [executor2] processing 1 unread messages (steer=True)
2026-08-10 00:51:04 | team | sess_52a80f62bf6b | INFO | Message e5e2cb91-ebe9-47ff-afc4-52fcd0b24d1b marked as read by executor2
2026-08-10 00:52:01 | team | sess_52a80f62bf6b | INFO | Message 0d6ca967-e076-4899-95cb-f41132bc16f9 created
2026-08-10 00:52:01 | team | sess_52a80f62bf6b | INFO | Message bdbe56b9-58d4-4dab-ad69-427dbfd70bf7 created
2026-08-10 00:52:08 | team | sess_52a80f62bf6b | INFO | [executor2] processing 1 unread messages (steer=True)
2026-08-10 00:52:08 | team | sess_52a80f62bf6b | INFO | Message 472ae55d-c25a-47c7-85a6-5cb1815eabb4 marked as read by executor2
2026-08-10 00:53:12 | team | sess_52a80f62bf6b | INFO | [executor2] processing 1 unread messages (steer=True)
2026-08-10 00:53:12 | team | sess_52a80f62bf6b | INFO | Message 6c7a9daa-ad25-4f94-bc35-faf50d45a027 marked as read by executor2
2026-08-10 00:53:19 | team | sess_52a80f62bf6b | INFO | task list drained for team jiuwen_team_sess_52a80f62bf6b: 3 terminal task(s)
2026-08-10 00:53:32 | team | sess_52a80f62bf6b | INFO | [executor2] processing 1 unread messages (steer=True)
2026-08-10 00:53:32 | team | sess_52a80f62bf6b | INFO | Message d1e5e84f-d2b3-4098-b918-b85197aa2168 marked as read by executor2
2026-08-10 00:54:04 | team | sess_52a80f62bf6b | INFO | team jiuwen_team_sess_52a80f62bf6b reported completed: 9 members, 3 tasks
2026-08-10 00:54:04 | team | sess_52a80f62bf6b | INFO | [executor2] received TEAM_STANDBY, pausing polls
2026-08-10 00:54:04 | team | sess_52a80f62bf6b | INFO | EventBus[teammate] pausing polls
