2026-08-10 00:46:12 | team | sess_52a80f62bf6b | INFO | Team workspace directory ensured at /srv/jwteam_clone/shared/run_current
2026-08-10 00:46:12 | team | sess_52a80f62bf6b | INFO | AgentTeam manager initialized for jiuwen_team_sess_52a80f62bf6b, member=team_leader
2026-08-10 00:46:12 | team | sess_52a80f62bf6b | INFO | [team_leader] TeamPolicyRail static sections: section_names=['team_role', 'team_workflow', 'team_swarmflow', 'team_lifecycle', 'team_persona']
2026-08-10 00:46:12 | team | sess_52a80f62bf6b | INFO | Session tables ready for session sess_52a80f62bf6b
2026-08-10 00:46:12 | team | sess_52a80f62bf6b | INFO | Team database initialized
2026-08-10 00:46:12 | team | default_trace_id | INFO | Team workspace directory ensured at /srv/jwteam_clone/shared/run_current
2026-08-10 00:46:12 | team | default_trace_id | INFO | AgentTeam manager initialized for jiuwen_team_sess_52a80f62bf6b, member=planner1
2026-08-10 00:46:12 | team | default_trace_id | INFO | [planner1] TeamPolicyRail static sections: section_names=['team_role', 'team_persona']
2026-08-10 00:46:12 | team | sess_52a80f62bf6b | INFO | [planner1] invoke start, role=teammate
2026-08-10 00:46:12 | team | sess_52a80f62bf6b | INFO | [planner1] coordination starting
2026-08-10 00:46:12 | team | sess_52a80f62bf6b | INFO | Session tables ready for session sess_52a80f62bf6b
2026-08-10 00:46:12 | team | sess_52a80f62bf6b | INFO | Workspace /srv/jwteam_clone/shared/run_current initialized as plain shared directory (version_control disabled)
2026-08-10 00:46:12 | team | sess_52a80f62bf6b | INFO | EventBus[teammate] starting
2026-08-10 00:46:54 | team | sess_52a80f62bf6b | INFO | [planner1] HITT section refresh: human_agent_names=[]
2026-08-10 00:46:59 | team | sess_52a80f62bf6b | INFO | Task plan-protocol claimed by member planner1
2026-08-10 00:46:59 | team | sess_52a80f62bf6b | INFO | Task plan-protocol claimed by member planner1
2026-08-10 00:47:03 | team | sess_52a80f62bf6b | INFO | [planner1] processing 1 unread messages (steer=True)
2026-08-10 00:47:03 | team | sess_52a80f62bf6b | INFO | Message 91dc6d46-bb9d-4ca0-85bb-0f36f59b27b8 marked as read by planner1
2026-08-10 00:47:12 | team | sess_52a80f62bf6b | INFO | [planner1] processing 1 unread messages (steer=True)
2026-08-10 00:47:12 | team | sess_52a80f62bf6b | INFO | Message b374a30a-4c29-4e9e-9706-bb35ffd15c11 marked as read by planner1
2026-08-10 00:47:19 | team | sess_52a80f62bf6b | INFO | [planner1] processing 1 unread messages (steer=True)
2026-08-10 00:47:19 | team | sess_52a80f62bf6b | INFO | Message 2fb37ac5-c8b0-4a92-818a-004b7c230e81 marked as read by planner1
2026-08-10 00:47:26 | team | sess_52a80f62bf6b | INFO | Message 6a7d4d7d-8cbe-48ad-af70-ee61c264e001 created
2026-08-10 00:47:32 | team | sess_52a80f62bf6b | INFO | Message 72857dfa-6fd3-4f3c-9906-fb58043d5d7e created
2026-08-10 00:47:47 | team | sess_52a80f62bf6b | INFO | [planner1] processing 1 unread messages (steer=True)
2026-08-10 00:47:47 | team | sess_52a80f62bf6b | INFO | Message 397addd4-2ed7-4191-a395-992e93d95892 marked as read by planner1
2026-08-10 00:47:59 | team | sess_52a80f62bf6b | INFO | [planner1] processing 1 unread messages (steer=True)
2026-08-10 00:47:59 | team | sess_52a80f62bf6b | INFO | Message b19496f8-b41c-4f0f-9a2d-565de2daabe3 marked as read by planner1
2026-08-10 00:48:05 | team | sess_52a80f62bf6b | INFO | Message 8a6bc6dc-ec29-42cb-a113-5456702292d1 created
2026-08-10 00:48:10 | team | sess_52a80f62bf6b | INFO | Message 3e1621ab-1491-421b-80a4-6bc4ec02d71d created
2026-08-10 00:48:26 | team | sess_52a80f62bf6b | INFO | [planner1] processing 1 unread messages (steer=True)
2026-08-10 00:48:26 | team | sess_52a80f62bf6b | INFO | Message 47a04560-9a18-49ca-a3c6-8721083a15b9 marked as read by planner1
2026-08-10 00:48:36 | team | sess_52a80f62bf6b | INFO | [planner1] processing 1 unread messages (steer=True)
2026-08-10 00:48:36 | team | sess_52a80f62bf6b | INFO | Message 02108447-989c-48a7-94be-73944ea5acc5 marked as read by planner1
2026-08-10 00:48:55 | team | sess_52a80f62bf6b | INFO | [planner1] processing 1 unread messages (steer=True)
2026-08-10 00:48:55 | team | sess_52a80f62bf6b | INFO | Message 7ffb6649-d3e6-4bd2-a10e-353f033f8c60 marked as read by planner1
2026-08-10 00:48:57 | team | sess_52a80f62bf6b | INFO | Message 452da684-36e4-483f-9012-22bb42962ec4 created
2026-08-10 00:49:02 | team | sess_52a80f62bf6b | INFO | [planner1] processing 1 unread messages (steer=True)
2026-08-10 00:49:02 | team | sess_52a80f62bf6b | INFO | Message 89b16ee5-1ce1-4adf-a22d-4859577b272b marked as read by planner1
2026-08-10 00:49:05 | team | sess_52a80f62bf6b | INFO | Message 174ed754-115a-4f19-a86c-a6faf6746d13 created
2026-08-10 00:49:09 | team | sess_52a80f62bf6b | INFO | Task plan-protocol completed at 1786319349935
2026-08-10 00:49:09 | team | sess_52a80f62bf6b | INFO | Message d936cfbb-3c87-40a2-919c-51e8f5e12e38 created
2026-08-10 00:49:09 | team | sess_52a80f62bf6b | INFO | Resolved 1 dependencies for task plan-protocol
2026-08-10 00:49:09 | team | sess_52a80f62bf6b | INFO | Task implement-protocol unblocked (all deps resolved)
2026-08-10 00:49:09 | team | sess_52a80f62bf6b | INFO | Task plan-protocol completed
2026-08-10 00:49:09 | team | sess_52a80f62bf6b | INFO | Unblocked 1 tasks
2026-08-10 00:50:01 | team | sess_52a80f62bf6b | INFO | [planner1] processing 1 unread messages (steer=True)
2026-08-10 00:50:01 | team | sess_52a80f62bf6b | INFO | Message 662f8c9e-3bfc-40aa-b64f-fc7560a9e8b8 marked as read by planner1
2026-08-10 00:50:12 | team | sess_52a80f62bf6b | INFO | [planner1] processing 1 unread messages (steer=True)
2026-08-10 00:50:12 | team | sess_52a80f62bf6b | INFO | Message 4d693e7d-271e-46bf-9f33-2d5af2e39e28 marked as read by planner1
2026-08-10 00:51:04 | team | sess_52a80f62bf6b | INFO | [planner1] processing 1 unread messages (steer=True)
2026-08-10 00:51:04 | team | sess_52a80f62bf6b | INFO | Message 2e669b46-49c8-41bd-9eb4-5033e704696d marked as read by planner1
2026-08-10 00:53:19 | team | sess_52a80f62bf6b | INFO | task list drained for team jiuwen_team_sess_52a80f62bf6b: 3 terminal task(s)
2026-08-10 00:53:32 | team | sess_52a80f62bf6b | INFO | [planner1] processing 1 unread messages (steer=True)
2026-08-10 00:53:32 | team | sess_52a80f62bf6b | INFO | Message d1e5e84f-d2b3-4098-b918-b85197aa2168 marked as read by planner1
2026-08-10 00:54:04 | team | sess_52a80f62bf6b | INFO | team jiuwen_team_sess_52a80f62bf6b reported completed: 9 members, 3 tasks
2026-08-10 00:54:04 | team | sess_52a80f62bf6b | INFO | [planner1] received TEAM_STANDBY, pausing polls
2026-08-10 00:54:04 | team | sess_52a80f62bf6b | INFO | EventBus[teammate] pausing polls
