2026-08-10 00:46:13 | team | sess_52a80f62bf6b | INFO | Team workspace directory ensured at /srv/jwteam_clone/shared/run_current
2026-08-10 00:46:13 | team | sess_52a80f62bf6b | INFO | AgentTeam manager initialized for jiuwen_team_sess_52a80f62bf6b, member=team_leader
2026-08-10 00:46:13 | team | sess_52a80f62bf6b | INFO | [team_leader] TeamPolicyRail static sections: section_names=['team_role', 'team_workflow', 'team_swarmflow', 'team_lifecycle', 'team_persona']
2026-08-10 00:46:13 | team | sess_52a80f62bf6b | INFO | Session tables ready for session sess_52a80f62bf6b
2026-08-10 00:46:13 | team | sess_52a80f62bf6b | INFO | Team database initialized
2026-08-10 00:46:13 | team | default_trace_id | INFO | Team workspace directory ensured at /srv/jwteam_clone/shared/run_current
2026-08-10 00:46:13 | team | default_trace_id | INFO | AgentTeam manager initialized for jiuwen_team_sess_52a80f62bf6b, member=planner2
2026-08-10 00:46:13 | team | default_trace_id | INFO | [planner2] TeamPolicyRail static sections: section_names=['team_role', 'team_persona']
2026-08-10 00:46:13 | team | sess_52a80f62bf6b | INFO | [planner2] invoke start, role=teammate
2026-08-10 00:46:13 | team | sess_52a80f62bf6b | INFO | [planner2] coordination starting
2026-08-10 00:46:13 | team | sess_52a80f62bf6b | INFO | Session tables ready for session sess_52a80f62bf6b
2026-08-10 00:46:13 | team | sess_52a80f62bf6b | INFO | Workspace /srv/jwteam_clone/shared/run_current initialized as plain shared directory (version_control disabled)
2026-08-10 00:46:13 | team | sess_52a80f62bf6b | INFO | EventBus[teammate] starting
2026-08-10 00:46:54 | team | sess_52a80f62bf6b | INFO | [planner2] HITT section refresh: human_agent_names=[]
2026-08-10 00:47:03 | team | sess_52a80f62bf6b | INFO | [planner2] processing 1 unread messages (steer=True)
2026-08-10 00:47:03 | team | sess_52a80f62bf6b | INFO | Message 91dc6d46-bb9d-4ca0-85bb-0f36f59b27b8 marked as read by planner2
2026-08-10 00:47:12 | team | sess_52a80f62bf6b | INFO | [planner2] processing 1 unread messages (steer=True)
2026-08-10 00:47:12 | team | sess_52a80f62bf6b | INFO | Message b374a30a-4c29-4e9e-9706-bb35ffd15c11 marked as read by planner2
2026-08-10 00:47:23 | team | sess_52a80f62bf6b | INFO | Message ded23cee-d8bc-42a7-a26a-6dfad0f5eefc created
2026-08-10 00:47:30 | team | sess_52a80f62bf6b | INFO | [planner2] processing 1 unread messages (steer=True)
2026-08-10 00:47:30 | team | sess_52a80f62bf6b | INFO | Message e02b7469-3e5a-4a58-bfd4-df237a856491 marked as read by planner2
2026-08-10 00:47:38 | team | sess_52a80f62bf6b | INFO | Message cf1cd8e7-cfdd-441e-a34e-a29cb55c8737 created
2026-08-10 00:47:46 | team | sess_52a80f62bf6b | INFO | [planner2] processing 1 unread messages (steer=True)
2026-08-10 00:47:46 | team | sess_52a80f62bf6b | INFO | Message f49ed4b6-3b3a-4954-aeb6-3a3f11b17b96 marked as read by planner2
2026-08-10 00:47:47 | team | sess_52a80f62bf6b | INFO | Message 397addd4-2ed7-4191-a395-992e93d95892 created
2026-08-10 00:47:50 | team | sess_52a80f62bf6b | INFO | [planner2] processing 1 unread messages (steer=True)
2026-08-10 00:47:50 | team | sess_52a80f62bf6b | INFO | Message f48d983a-6618-4db7-8911-20a87a2ac793 marked as read by planner2
2026-08-10 00:47:52 | team | sess_52a80f62bf6b | INFO | Message a729ab38-4d19-40ba-8a54-d4a011b05be7 created
2026-08-10 00:47:57 | team | sess_52a80f62bf6b | INFO | [planner2] processing 1 unread messages (steer=True)
2026-08-10 00:47:57 | team | sess_52a80f62bf6b | INFO | Message f8712cb0-c1fc-497b-8928-2ad449523bb3 marked as read by planner2
2026-08-10 00:48:05 | team | sess_52a80f62bf6b | INFO | [planner2] processing 1 unread messages (steer=True)
2026-08-10 00:48:05 | team | sess_52a80f62bf6b | INFO | Message 8a6bc6dc-ec29-42cb-a113-5456702292d1 marked as read by planner2
2026-08-10 00:48:36 | team | sess_52a80f62bf6b | INFO | Message 02108447-989c-48a7-94be-73944ea5acc5 created
2026-08-10 00:48:36 | team | sess_52a80f62bf6b | INFO | Message 5a4c6d35-1a11-446e-9d5b-e23f8682b559 created
2026-08-10 00:48:36 | team | sess_52a80f62bf6b | INFO | Message 070ddf66-f133-4cbc-8f7f-4a79cb3da050 created
2026-08-10 00:49:02 | team | sess_52a80f62bf6b | INFO | [planner2] processing 1 unread messages (steer=True)
2026-08-10 00:49:02 | team | sess_52a80f62bf6b | INFO | Message 0f1bd62f-df1f-48f0-98b2-3808b403f25b marked as read by planner2
2026-08-10 00:49:09 | team | sess_52a80f62bf6b | INFO | [planner2] processing 1 unread messages (steer=True)
2026-08-10 00:49:10 | team | sess_52a80f62bf6b | INFO | Message d936cfbb-3c87-40a2-919c-51e8f5e12e38 marked as read by planner2
2026-08-10 00:50:01 | team | sess_52a80f62bf6b | INFO | Message 662f8c9e-3bfc-40aa-b64f-fc7560a9e8b8 created
2026-08-10 00:50:01 | team | sess_52a80f62bf6b | INFO | Message a423fbe2-22d2-433e-ac72-c6fe786edc86 created
2026-08-10 00:50:11 | team | sess_52a80f62bf6b | INFO | Message 5bc149b0-bfe0-4d14-9c13-33e8293af905 created
2026-08-10 00:50:11 | team | sess_52a80f62bf6b | INFO | Message 4d693e7d-271e-46bf-9f33-2d5af2e39e28 created
2026-08-10 00:50:20 | team | sess_52a80f62bf6b | INFO | Message 3793c32c-81a1-4923-b8e2-144f4338528a created
2026-08-10 00:50:29 | team | sess_52a80f62bf6b | INFO | [planner2] processing 1 unread messages (steer=True)
2026-08-10 00:50:29 | team | sess_52a80f62bf6b | INFO | Message e849ed56-1cdf-41fa-b09e-599806ba6816 marked as read by planner2
2026-08-10 00:51:04 | team | sess_52a80f62bf6b | INFO | Message e5e2cb91-ebe9-47ff-afc4-52fcd0b24d1b created
2026-08-10 00:51:04 | team | sess_52a80f62bf6b | INFO | Message ff29cd64-5735-49c0-9a2e-a557edbb89b8 created
2026-08-10 00:51:04 | team | sess_52a80f62bf6b | INFO | Message 2e669b46-49c8-41bd-9eb4-5033e704696d created
2026-08-10 00:52:01 | team | sess_52a80f62bf6b | INFO | [planner2] processing 1 unread messages (steer=True)
2026-08-10 00:52:01 | team | sess_52a80f62bf6b | INFO | Message bdbe56b9-58d4-4dab-ad69-427dbfd70bf7 marked as read by planner2
2026-08-10 00:52:01 | team | sess_52a80f62bf6b | INFO | [planner2] processing 1 unread messages (steer=True)
2026-08-10 00:52:01 | team | sess_52a80f62bf6b | INFO | Message 6f1f07c9-03b6-4ddb-afd0-472b8b69642b marked as read by planner2
2026-08-10 00:52:08 | team | sess_52a80f62bf6b | INFO | Message 472ae55d-c25a-47c7-85a6-5cb1815eabb4 created
2026-08-10 00:52:16 | team | sess_52a80f62bf6b | INFO | Message f425df14-71d2-4a04-8bdc-61c1d799fbc8 created
2026-08-10 00:53:19 | team | sess_52a80f62bf6b | INFO | task list drained for team jiuwen_team_sess_52a80f62bf6b: 3 terminal task(s)
2026-08-10 00:53:32 | team | sess_52a80f62bf6b | INFO | [planner2] processing 1 unread messages (steer=True)
2026-08-10 00:53:32 | team | sess_52a80f62bf6b | INFO | Message d1e5e84f-d2b3-4098-b918-b85197aa2168 marked as read by planner2
2026-08-10 00:54:04 | team | sess_52a80f62bf6b | INFO | team jiuwen_team_sess_52a80f62bf6b reported completed: 9 members, 3 tasks
2026-08-10 00:54:04 | team | sess_52a80f62bf6b | INFO | [planner2] received TEAM_STANDBY, pausing polls
2026-08-10 00:54:04 | team | sess_52a80f62bf6b | INFO | EventBus[teammate] pausing polls
