2026-08-10 00:46:19 | team | sess_52a80f62bf6b | INFO | Team workspace directory ensured at /srv/jwteam_clone/shared/run_current
2026-08-10 00:46:19 | team | sess_52a80f62bf6b | INFO | AgentTeam manager initialized for jiuwen_team_sess_52a80f62bf6b, member=team_leader
2026-08-10 00:46:19 | team | sess_52a80f62bf6b | INFO | [team_leader] TeamPolicyRail static sections: section_names=['team_role', 'team_workflow', 'team_swarmflow', 'team_lifecycle', 'team_persona']
2026-08-10 00:46:19 | team | sess_52a80f62bf6b | INFO | Session tables ready for session sess_52a80f62bf6b
2026-08-10 00:46:19 | team | sess_52a80f62bf6b | INFO | Team database initialized
2026-08-10 00:46:19 | team | default_trace_id | INFO | Team workspace directory ensured at /srv/jwteam_clone/shared/run_current
2026-08-10 00:46:19 | team | default_trace_id | INFO | AgentTeam manager initialized for jiuwen_team_sess_52a80f62bf6b, member=verifier2
2026-08-10 00:46:19 | team | default_trace_id | INFO | [verifier2] TeamPolicyRail static sections: section_names=['team_role', 'team_persona']
2026-08-10 00:46:19 | team | sess_52a80f62bf6b | INFO | [verifier2] invoke start, role=teammate
2026-08-10 00:46:19 | team | sess_52a80f62bf6b | INFO | [verifier2] coordination starting
2026-08-10 00:46:19 | team | sess_52a80f62bf6b | INFO | Session tables ready for session sess_52a80f62bf6b
2026-08-10 00:46:19 | team | sess_52a80f62bf6b | INFO | Workspace /srv/jwteam_clone/shared/run_current initialized as plain shared directory (version_control disabled)
2026-08-10 00:46:19 | team | sess_52a80f62bf6b | INFO | EventBus[teammate] starting
2026-08-10 00:46:54 | team | sess_52a80f62bf6b | INFO | [verifier2] HITT section refresh: human_agent_names=[]
2026-08-10 00:47:03 | team | sess_52a80f62bf6b | INFO | [verifier2] processing 1 unread messages (steer=True)
2026-08-10 00:47:03 | team | sess_52a80f62bf6b | INFO | Message 91dc6d46-bb9d-4ca0-85bb-0f36f59b27b8 marked as read by verifier2
2026-08-10 00:47:12 | team | sess_52a80f62bf6b | INFO | [verifier2] processing 1 unread messages (steer=True)
2026-08-10 00:47:12 | team | sess_52a80f62bf6b | INFO | Message b374a30a-4c29-4e9e-9706-bb35ffd15c11 marked as read by verifier2
2026-08-10 00:51:04 | team | sess_52a80f62bf6b | INFO | Message 7d61fa71-fe15-4e1d-a341-87c12c57d14c created
2026-08-10 00:51:58 | team | sess_52a80f62bf6b | INFO | Message fc9be5b4-9cf0-4cf1-ac69-4c13fa85cdde created
2026-08-10 00:52:01 | team | sess_52a80f62bf6b | INFO | [verifier2] processing 1 unread messages (steer=True)
2026-08-10 00:52:01 | team | sess_52a80f62bf6b | INFO | Message 8ac00aa0-aa83-4eed-8b8f-aabe8a038fa7 marked as read by verifier2
2026-08-10 00:52:04 | team | sess_52a80f62bf6b | INFO | Message cfec0675-b780-45ac-b0d0-ea01b99f7e43 created
2026-08-10 00:52:09 | team | sess_52a80f62bf6b | INFO | [verifier2] processing 1 unread messages (steer=True)
2026-08-10 00:52:09 | team | sess_52a80f62bf6b | INFO | Message 99bf61f4-2041-46f8-a2bf-0008049b59e0 marked as read by verifier2
2026-08-10 00:53:12 | team | sess_52a80f62bf6b | INFO | [verifier2] processing 1 unread messages (steer=True)
2026-08-10 00:53:12 | team | sess_52a80f62bf6b | INFO | Message 9e23d48e-bfbf-4df8-af4c-a58762a185ea marked as read by verifier2
2026-08-10 00:53:19 | team | sess_52a80f62bf6b | INFO | task list drained for team jiuwen_team_sess_52a80f62bf6b: 3 terminal task(s)
2026-08-10 00:53:32 | team | sess_52a80f62bf6b | INFO | [verifier2] processing 1 unread messages (steer=True)
2026-08-10 00:53:32 | team | sess_52a80f62bf6b | INFO | Message d1e5e84f-d2b3-4098-b918-b85197aa2168 marked as read by verifier2
2026-08-10 00:54:04 | team | sess_52a80f62bf6b | INFO | team jiuwen_team_sess_52a80f62bf6b reported completed: 9 members, 3 tasks
2026-08-10 00:54:04 | team | sess_52a80f62bf6b | INFO | [verifier2] received TEAM_STANDBY, pausing polls
2026-08-10 00:54:04 | team | sess_52a80f62bf6b | INFO | EventBus[teammate] pausing polls
