2026-08-10 00:46:20 | team | sess_52a80f62bf6b | INFO | Team workspace directory ensured at /srv/jwteam_clone/shared/run_current
2026-08-10 00:46:20 | team | sess_52a80f62bf6b | INFO | AgentTeam manager initialized for jiuwen_team_sess_52a80f62bf6b, member=team_leader
2026-08-10 00:46:20 | team | sess_52a80f62bf6b | INFO | [team_leader] TeamPolicyRail static sections: section_names=['team_role', 'team_workflow', 'team_swarmflow', 'team_lifecycle', 'team_persona']
2026-08-10 00:46:20 | team | sess_52a80f62bf6b | INFO | Session tables ready for session sess_52a80f62bf6b
2026-08-10 00:46:20 | team | sess_52a80f62bf6b | INFO | Team database initialized
2026-08-10 00:46:20 | team | default_trace_id | INFO | Team workspace directory ensured at /srv/jwteam_clone/shared/run_current
2026-08-10 00:46:20 | team | default_trace_id | INFO | AgentTeam manager initialized for jiuwen_team_sess_52a80f62bf6b, member=fullstack1
2026-08-10 00:46:20 | team | default_trace_id | INFO | [fullstack1] TeamPolicyRail static sections: section_names=['team_role', 'team_persona']
2026-08-10 00:46:20 | team | sess_52a80f62bf6b | INFO | [fullstack1] invoke start, role=teammate
2026-08-10 00:46:20 | team | sess_52a80f62bf6b | INFO | [fullstack1] coordination starting
2026-08-10 00:46:20 | team | sess_52a80f62bf6b | INFO | Session tables ready for session sess_52a80f62bf6b
2026-08-10 00:46:20 | team | sess_52a80f62bf6b | INFO | Workspace /srv/jwteam_clone/shared/run_current initialized as plain shared directory (version_control disabled)
2026-08-10 00:46:20 | team | sess_52a80f62bf6b | INFO | EventBus[teammate] starting
2026-08-10 00:46:54 | team | sess_52a80f62bf6b | INFO | [fullstack1] HITT section refresh: human_agent_names=[]
2026-08-10 00:47:03 | team | sess_52a80f62bf6b | INFO | [fullstack1] processing 1 unread messages (steer=True)
2026-08-10 00:47:03 | team | sess_52a80f62bf6b | INFO | Message 91dc6d46-bb9d-4ca0-85bb-0f36f59b27b8 marked as read by fullstack1
2026-08-10 00:47:12 | team | sess_52a80f62bf6b | INFO | [fullstack1] processing 1 unread messages (steer=True)
2026-08-10 00:47:12 | team | sess_52a80f62bf6b | INFO | Message b374a30a-4c29-4e9e-9706-bb35ffd15c11 marked as read by fullstack1
2026-08-10 00:47:19 | team | sess_52a80f62bf6b | INFO | Message 2fb37ac5-c8b0-4a92-818a-004b7c230e81 created
2026-08-10 00:47:26 | team | sess_52a80f62bf6b | INFO | [fullstack1] processing 1 unread messages (steer=True)
2026-08-10 00:47:26 | team | sess_52a80f62bf6b | INFO | Message 6a7d4d7d-8cbe-48ad-af70-ee61c264e001 marked as read by fullstack1
2026-08-10 00:47:32 | team | sess_52a80f62bf6b | INFO | [fullstack1] processing 1 unread messages (steer=True)
2026-08-10 00:47:32 | team | sess_52a80f62bf6b | INFO | Message 72857dfa-6fd3-4f3c-9906-fb58043d5d7e marked as read by fullstack1
2026-08-10 00:47:50 | team | sess_52a80f62bf6b | INFO | Message f48d983a-6618-4db7-8911-20a87a2ac793 created
2026-08-10 00:47:59 | team | sess_52a80f62bf6b | INFO | Message b19496f8-b41c-4f0f-9a2d-565de2daabe3 created
2026-08-10 00:48:10 | team | sess_52a80f62bf6b | INFO | [fullstack1] processing 1 unread messages (steer=True)
2026-08-10 00:48:10 | team | sess_52a80f62bf6b | INFO | Message 3e1621ab-1491-421b-80a4-6bc4ec02d71d marked as read by fullstack1
2026-08-10 00:48:26 | team | sess_52a80f62bf6b | INFO | Message 47a04560-9a18-49ca-a3c6-8721083a15b9 created
2026-08-10 00:48:36 | team | sess_52a80f62bf6b | INFO | [fullstack1] processing 1 unread messages (steer=True)
2026-08-10 00:48:36 | team | sess_52a80f62bf6b | INFO | Message 5a4c6d35-1a11-446e-9d5b-e23f8682b559 marked as read by fullstack1
2026-08-10 00:49:02 | team | sess_52a80f62bf6b | INFO | Message 0f1bd62f-df1f-48f0-98b2-3808b403f25b created
2026-08-10 00:50:11 | team | sess_52a80f62bf6b | INFO | [fullstack1] processing 1 unread messages (steer=True)
2026-08-10 00:50:12 | team | sess_52a80f62bf6b | INFO | Message 5bc149b0-bfe0-4d14-9c13-33e8293af905 marked as read by fullstack1
2026-08-10 00:53:19 | team | sess_52a80f62bf6b | INFO | task list drained for team jiuwen_team_sess_52a80f62bf6b: 3 terminal task(s)
2026-08-10 00:53:32 | team | sess_52a80f62bf6b | INFO | [fullstack1] processing 1 unread messages (steer=True)
2026-08-10 00:53:32 | team | sess_52a80f62bf6b | INFO | Message d1e5e84f-d2b3-4098-b918-b85197aa2168 marked as read by fullstack1
2026-08-10 00:54:04 | team | sess_52a80f62bf6b | INFO | team jiuwen_team_sess_52a80f62bf6b reported completed: 9 members, 3 tasks
2026-08-10 00:54:04 | team | sess_52a80f62bf6b | INFO | [fullstack1] received TEAM_STANDBY, pausing polls
2026-08-10 00:54:04 | team | sess_52a80f62bf6b | INFO | EventBus[teammate] pausing polls
