2026-08-09 19:13:00 | team | sess_a16b6101bc84 | INFO | Team workspace directory ensured at /srv/jwteam_clone/shared/run_current
2026-08-09 19:13:00 | team | sess_a16b6101bc84 | INFO | AgentTeam manager initialized for jiuwen_team_sess_a16b6101bc84, member=team_leader
2026-08-09 19:13:00 | team | sess_a16b6101bc84 | INFO | [team_leader] TeamPolicyRail static sections: section_names=['team_role', 'team_workflow', 'team_swarmflow', 'team_lifecycle', 'team_persona']
2026-08-09 19:13:00 | team | sess_a16b6101bc84 | INFO | Session tables ready for session sess_a16b6101bc84
2026-08-09 19:13:00 | team | sess_a16b6101bc84 | INFO | Team database initialized
2026-08-09 19:13:00 | team | default_trace_id | INFO | Team workspace directory ensured at /srv/jwteam_clone/shared/run_current
2026-08-09 19:13:00 | team | default_trace_id | INFO | AgentTeam manager initialized for jiuwen_team_sess_a16b6101bc84, member=verifier1
2026-08-09 19:13:00 | team | default_trace_id | INFO | [verifier1] TeamPolicyRail static sections: section_names=['team_role', 'team_persona']
2026-08-09 19:13:01 | team | sess_a16b6101bc84 | INFO | [verifier1] invoke start, role=teammate
2026-08-09 19:13:01 | team | sess_a16b6101bc84 | INFO | [verifier1] coordination starting
2026-08-09 19:13:01 | team | sess_a16b6101bc84 | INFO | Session tables ready for session sess_a16b6101bc84
2026-08-09 19:13:01 | team | sess_a16b6101bc84 | INFO | Workspace /srv/jwteam_clone/shared/run_current initialized as plain shared directory (version_control disabled)
2026-08-09 19:13:01 | team | sess_a16b6101bc84 | INFO | EventBus[teammate] starting
2026-08-09 19:14:22 | team | sess_a16b6101bc84 | INFO | [verifier1] HITT section refresh: human_agent_names=[]
2026-08-09 19:14:35 | team | sess_a16b6101bc84 | INFO | [verifier1] processing 1 unread messages (steer=True)
2026-08-09 19:14:35 | team | sess_a16b6101bc84 | INFO | Message 71c55877-d09b-4de4-a74b-af2539ddc9d8 marked as read by verifier1
2026-08-09 19:15:36 | team | sess_a16b6101bc84 | INFO | Message 6b2f4bd6-8902-45d7-8b0f-7ae4a1d07c29 created
2026-08-09 19:16:52 | team | sess_a16b6101bc84 | INFO | [verifier1] processing 1 unread messages (steer=True)
2026-08-09 19:16:52 | team | sess_a16b6101bc84 | INFO | Message 9b450b65-b276-428a-8b84-1295f5ed7511 marked as read by verifier1
2026-08-09 19:17:21 | team | sess_a16b6101bc84 | INFO | Message fe09870a-3d67-43c7-9fac-ac3ff7c64a4b created
2026-08-09 19:17:31 | team | sess_a16b6101bc84 | INFO | [verifier1] processing 1 unread messages (steer=True)
2026-08-09 19:17:31 | team | sess_a16b6101bc84 | INFO | Message 2c60bffc-f257-4741-a06b-e46656516d70 marked as read by verifier1
2026-08-09 19:20:43 | team | sess_a16b6101bc84 | INFO | [verifier1] processing 1 unread messages (steer=True)
2026-08-09 19:20:43 | team | sess_a16b6101bc84 | INFO | Message 023d0d49-32e5-49be-a64f-49e0333ff5ce marked as read by verifier1
2026-08-09 19:21:27 | team | sess_a16b6101bc84 | INFO | Message 19828fdc-7a17-43ea-aaf8-be22be484f46 created
2026-08-09 19:21:34 | team | sess_a16b6101bc84 | INFO | [verifier1] processing 1 unread messages (steer=True)
2026-08-09 19:21:34 | team | sess_a16b6101bc84 | INFO | Message cc2628b0-081f-4965-9d95-2bd3831ccb08 marked as read by verifier1
2026-08-09 19:21:54 | team | sess_a16b6101bc84 | INFO | [verifier1] processing 1 unread messages (steer=True)
2026-08-09 19:21:54 | team | sess_a16b6101bc84 | INFO | Message 529cb1d3-3469-4efa-a45d-97a4a73aedf1 marked as read by verifier1
2026-08-09 19:22:00 | team | sess_a16b6101bc84 | INFO | [verifier1] processing 1 unread messages (steer=True)
2026-08-09 19:22:00 | team | sess_a16b6101bc84 | INFO | Message 9c9752fa-f28d-4943-b23d-bbea0b915ff5 marked as read by verifier1
2026-08-09 19:22:00 | team | sess_a16b6101bc84 | INFO | Message 51a503cb-a895-4b72-9f8e-3820eb67eed7 created
2026-08-09 19:22:06 | team | sess_a16b6101bc84 | INFO | Task verify claimed by member verifier1
2026-08-09 19:22:06 | team | sess_a16b6101bc84 | INFO | Task verify claimed by member verifier1
2026-08-09 19:22:31 | team | sess_a16b6101bc84 | INFO | [verifier1] processing 1 unread messages (steer=True)
2026-08-09 19:22:31 | team | sess_a16b6101bc84 | INFO | Message fcc2036d-2e6e-4780-bd75-5c381b36d749 marked as read by verifier1
2026-08-09 19:23:38 | team | sess_a16b6101bc84 | INFO | Message 1fe2c0d9-f513-4263-b2ce-e1100bbfb83d created
2026-08-09 19:24:08 | team | sess_a16b6101bc84 | INFO | [verifier1] processing 1 unread messages (steer=True)
2026-08-09 19:24:08 | team | sess_a16b6101bc84 | INFO | Message b935153b-e3de-4943-8454-a77f4114de49 marked as read by verifier1
2026-08-09 19:24:43 | team | sess_a16b6101bc84 | INFO | Message bb5a0895-ff6e-4837-8240-ca3e38327142 created
2026-08-09 19:25:06 | team | sess_a16b6101bc84 | INFO | Task verify completed at 1786299906129
2026-08-09 19:25:06 | team | sess_a16b6101bc84 | INFO | Task verify completed
2026-08-09 19:25:16 | team | sess_a16b6101bc84 | INFO | [verifier1] processing 1 unread messages (steer=True)
2026-08-09 19:25:16 | team | sess_a16b6101bc84 | INFO | Message f16c8f99-2aa7-441e-8432-020a54578be5 marked as read by verifier1
2026-08-09 19:25:17 | team | sess_a16b6101bc84 | INFO | Message 3a2eac24-b267-48ff-b5d3-56ec0e560783 created
2026-08-09 19:25:33 | team | sess_a16b6101bc84 | INFO | [verifier1] processing 1 unread messages (steer=True)
2026-08-09 19:25:33 | team | sess_a16b6101bc84 | INFO | Message 3f3c8a2a-4ca5-4c46-9a86-8f7d1e284b17 marked as read by verifier1
2026-08-09 19:26:16 | team | sess_a16b6101bc84 | INFO | team jiuwen_team_sess_a16b6101bc84 reported completed: 9 members, 4 tasks
2026-08-09 19:26:16 | team | sess_a16b6101bc84 | INFO | [verifier1] received TEAM_STANDBY, pausing polls
2026-08-09 19:26:16 | team | sess_a16b6101bc84 | INFO | EventBus[teammate] pausing polls
