2026-08-09 19:13:01 | team | sess_a16b6101bc84 | INFO | Team workspace directory ensured at /srv/jwteam_clone/shared/run_current
2026-08-09 19:13:01 | team | sess_a16b6101bc84 | INFO | AgentTeam manager initialized for jiuwen_team_sess_a16b6101bc84, member=team_leader
2026-08-09 19:13:01 | team | sess_a16b6101bc84 | INFO | [team_leader] TeamPolicyRail static sections: section_names=['team_role', 'team_workflow', 'team_swarmflow', 'team_lifecycle', 'team_persona']
2026-08-09 19:13:01 | team | sess_a16b6101bc84 | INFO | Session tables ready for session sess_a16b6101bc84
2026-08-09 19:13:01 | team | sess_a16b6101bc84 | INFO | Team database initialized
2026-08-09 19:13:01 | team | default_trace_id | INFO | Team workspace directory ensured at /srv/jwteam_clone/shared/run_current
2026-08-09 19:13:01 | team | default_trace_id | INFO | AgentTeam manager initialized for jiuwen_team_sess_a16b6101bc84, member=verifier2
2026-08-09 19:13:01 | team | default_trace_id | INFO | [verifier2] TeamPolicyRail static sections: section_names=['team_role', 'team_persona']
2026-08-09 19:13:01 | team | sess_a16b6101bc84 | INFO | [verifier2] invoke start, role=teammate
2026-08-09 19:13:01 | team | sess_a16b6101bc84 | INFO | [verifier2] coordination starting
2026-08-09 19:13:01 | team | sess_a16b6101bc84 | INFO | Session tables ready for session sess_a16b6101bc84
2026-08-09 19:13:02 | team | sess_a16b6101bc84 | INFO | Workspace /srv/jwteam_clone/shared/run_current initialized as plain shared directory (version_control disabled)
2026-08-09 19:13:02 | team | sess_a16b6101bc84 | INFO | EventBus[teammate] starting
2026-08-09 19:14:21 | team | sess_a16b6101bc84 | INFO | [verifier2] HITT section refresh: human_agent_names=[]
2026-08-09 19:14:35 | team | sess_a16b6101bc84 | INFO | [verifier2] processing 1 unread messages (steer=True)
2026-08-09 19:14:35 | team | sess_a16b6101bc84 | INFO | Message 71c55877-d09b-4de4-a74b-af2539ddc9d8 marked as read by verifier2
2026-08-09 19:22:31 | team | sess_a16b6101bc84 | INFO | Message fcc2036d-2e6e-4780-bd75-5c381b36d749 created
2026-08-09 19:23:38 | team | sess_a16b6101bc84 | INFO | [verifier2] processing 1 unread messages (steer=True)
2026-08-09 19:23:38 | team | sess_a16b6101bc84 | INFO | Message 1fe2c0d9-f513-4263-b2ce-e1100bbfb83d marked as read by verifier2
2026-08-09 19:24:08 | team | sess_a16b6101bc84 | INFO | Message b935153b-e3de-4943-8454-a77f4114de49 created
2026-08-09 19:24:43 | team | sess_a16b6101bc84 | INFO | [verifier2] processing 1 unread messages (steer=True)
2026-08-09 19:24:43 | team | sess_a16b6101bc84 | INFO | Message bb5a0895-ff6e-4837-8240-ca3e38327142 marked as read by verifier2
2026-08-09 19:25:06 | team | sess_a16b6101bc84 | INFO | task list drained for team jiuwen_team_sess_a16b6101bc84: 4 terminal task(s)
2026-08-09 19:25:16 | team | sess_a16b6101bc84 | INFO | [verifier2] processing 1 unread messages (steer=True)
2026-08-09 19:25:16 | team | sess_a16b6101bc84 | INFO | Message f16c8f99-2aa7-441e-8432-020a54578be5 marked as read by verifier2
2026-08-09 19:26:16 | team | sess_a16b6101bc84 | INFO | team jiuwen_team_sess_a16b6101bc84 reported completed: 9 members, 4 tasks
2026-08-09 19:26:16 | team | sess_a16b6101bc84 | INFO | [verifier2] received TEAM_STANDBY, pausing polls
2026-08-09 19:26:16 | team | sess_a16b6101bc84 | INFO | EventBus[teammate] pausing polls
