2026-08-09 19:12:56 | team | sess_a16b6101bc84 | INFO | Team workspace directory ensured at /srv/jwteam_clone/shared/run_current
2026-08-09 19:12:56 | team | sess_a16b6101bc84 | INFO | AgentTeam manager initialized for jiuwen_team_sess_a16b6101bc84, member=team_leader
2026-08-09 19:12:56 | team | sess_a16b6101bc84 | INFO | [team_leader] TeamPolicyRail static sections: section_names=['team_role', 'team_workflow', 'team_swarmflow', 'team_lifecycle', 'team_persona']
2026-08-09 19:12:56 | team | sess_a16b6101bc84 | INFO | Session tables ready for session sess_a16b6101bc84
2026-08-09 19:12:56 | team | sess_a16b6101bc84 | INFO | Team database initialized
2026-08-09 19:12:56 | team | default_trace_id | INFO | Team workspace directory ensured at /srv/jwteam_clone/shared/run_current
2026-08-09 19:12:56 | team | default_trace_id | INFO | AgentTeam manager initialized for jiuwen_team_sess_a16b6101bc84, member=planner1
2026-08-09 19:12:56 | team | default_trace_id | INFO | [planner1] TeamPolicyRail static sections: section_names=['team_role', 'team_persona']
2026-08-09 19:12:56 | team | sess_a16b6101bc84 | INFO | [planner1] invoke start, role=teammate
2026-08-09 19:12:56 | team | sess_a16b6101bc84 | INFO | [planner1] coordination starting
2026-08-09 19:12:56 | team | sess_a16b6101bc84 | INFO | Session tables ready for session sess_a16b6101bc84
2026-08-09 19:12:56 | team | sess_a16b6101bc84 | INFO | Workspace /srv/jwteam_clone/shared/run_current initialized as plain shared directory (version_control disabled)
2026-08-09 19:12:56 | team | sess_a16b6101bc84 | INFO | EventBus[teammate] starting
2026-08-09 19:14:21 | team | sess_a16b6101bc84 | INFO | [planner1] HITT section refresh: human_agent_names=[]
2026-08-09 19:14:35 | team | sess_a16b6101bc84 | INFO | [planner1] processing 1 unread messages (steer=True)
2026-08-09 19:14:35 | team | sess_a16b6101bc84 | INFO | Message 71c55877-d09b-4de4-a74b-af2539ddc9d8 marked as read by planner1
2026-08-09 19:14:59 | team | sess_a16b6101bc84 | INFO | Message 28154821-f064-4d13-b25f-ea4c928d0ff6 created
2026-08-09 19:14:59 | team | sess_a16b6101bc84 | INFO | Message dff08f3a-b1f7-4075-b4e4-907a8d64dbcf created
2026-08-09 19:15:27 | team | sess_a16b6101bc84 | INFO | [planner1] processing 1 unread messages (steer=True)
2026-08-09 19:15:27 | team | sess_a16b6101bc84 | INFO | Message 6328c2d0-5643-4d19-9f9c-49c2bf497cdb marked as read by planner1
2026-08-09 19:15:30 | team | sess_a16b6101bc84 | INFO | [planner1] processing 1 unread messages (steer=True)
2026-08-09 19:15:30 | team | sess_a16b6101bc84 | INFO | Message 9e6e929a-fb69-4de8-b5d2-45dc82a509e9 marked as read by planner1
2026-08-09 19:15:46 | team | sess_a16b6101bc84 | INFO | [planner1] received TASK_CLAIMED for self, task_id=plan, human_agent=False
2026-08-09 19:16:01 | team | sess_a16b6101bc84 | INFO | Message b65be92c-f2af-477c-bd7b-02c8546c0e23 created
2026-08-09 19:16:01 | team | sess_a16b6101bc84 | INFO | Message fffd4109-0930-4906-8c44-32de326d35f1 created
2026-08-09 19:16:02 | team | sess_a16b6101bc84 | INFO | [planner1] processing 1 unread messages (steer=True)
2026-08-09 19:16:02 | team | sess_a16b6101bc84 | INFO | Message 5528ff78-e988-4f04-9058-a43d298741d7 marked as read by planner1
2026-08-09 19:16:10 | team | sess_a16b6101bc84 | INFO | [planner1] processing 1 unread messages (steer=True)
2026-08-09 19:16:10 | team | sess_a16b6101bc84 | INFO | Message 104fedf5-65db-4fe6-8655-9320731be272 marked as read by planner1
2026-08-09 19:16:19 | team | sess_a16b6101bc84 | INFO | [planner1] processing 1 unread messages (steer=True)
2026-08-09 19:16:19 | team | sess_a16b6101bc84 | INFO | Message d0b123e2-88f7-42a1-bce3-bec967d16c0c marked as read by planner1
2026-08-09 19:16:29 | team | sess_a16b6101bc84 | INFO | [planner1] processing 1 unread messages (steer=True)
2026-08-09 19:16:29 | team | sess_a16b6101bc84 | INFO | Message f4bd9423-e555-4ca3-b746-2928fdf1c844 marked as read by planner1
2026-08-09 19:16:29 | team | sess_a16b6101bc84 | INFO | Message a0d3dd63-8dac-4b4e-9a92-3d508e2318f7 created
2026-08-09 19:17:20 | team | sess_a16b6101bc84 | INFO | [planner1] processing 1 unread messages (steer=True)
2026-08-09 19:17:20 | team | sess_a16b6101bc84 | INFO | Message b42884b6-d749-4e60-ba0c-f6af75c72465 marked as read by planner1
2026-08-09 19:17:41 | team | sess_a16b6101bc84 | INFO | [planner1] processing 1 unread messages (steer=True)
2026-08-09 19:17:41 | team | sess_a16b6101bc84 | INFO | Message a54a1eef-85ba-455b-970d-4a5244d12a90 marked as read by planner1
2026-08-09 19:17:54 | team | sess_a16b6101bc84 | INFO | Message f9ec003e-9ecf-4ad8-a403-202b6ff9ff52 created
2026-08-09 19:17:54 | team | sess_a16b6101bc84 | INFO | Message bffb2d78-18f5-41b6-81d3-2f4396688b6a created
2026-08-09 19:18:09 | team | sess_a16b6101bc84 | INFO | [planner1] processing 1 unread messages (steer=True)
2026-08-09 19:18:09 | team | sess_a16b6101bc84 | INFO | Message 35455959-cfe6-4a15-af04-e8fc5d43cd9c marked as read by planner1
2026-08-09 19:18:17 | team | sess_a16b6101bc84 | INFO | Message da34e70b-3b8e-4d5b-8bc3-13215c287d27 created
2026-08-09 19:18:17 | team | sess_a16b6101bc84 | INFO | Message 82feeb22-2d84-4587-b0dd-a6f5ddd315d5 created
2026-08-09 19:18:26 | team | sess_a16b6101bc84 | INFO | Task plan completed at 1786299506489
2026-08-09 19:18:26 | team | sess_a16b6101bc84 | INFO | Resolved 1 dependencies for task plan
2026-08-09 19:18:26 | team | sess_a16b6101bc84 | INFO | Task implement-audit unblocked (all deps resolved)
2026-08-09 19:18:26 | team | sess_a16b6101bc84 | INFO | Task plan completed
2026-08-09 19:18:26 | team | sess_a16b6101bc84 | INFO | Unblocked 1 tasks
2026-08-09 19:18:36 | team | sess_a16b6101bc84 | INFO | Message 3b0dc5a6-3547-4b28-b568-d35a2d754700 created
2026-08-09 19:18:55 | team | sess_a16b6101bc84 | INFO | [planner1] processing 1 unread messages (steer=True)
2026-08-09 19:18:55 | team | sess_a16b6101bc84 | INFO | Message 9e85fb3d-d62a-4733-9bcf-ed5592e97d45 marked as read by planner1
2026-08-09 19:18:58 | team | sess_a16b6101bc84 | INFO | Message 17018a27-64a6-47bb-abc0-7ce5b1a23813 created
2026-08-09 19:19:07 | team | sess_a16b6101bc84 | INFO | Message 5441f6b9-e99f-406d-ba78-c50fb0179e81 created
2026-08-09 19:19:16 | team | sess_a16b6101bc84 | INFO | [planner1] processing 1 unread messages (steer=True)
2026-08-09 19:19:16 | team | sess_a16b6101bc84 | INFO | Message 82cc8687-fce4-45ac-ad43-29e73fa2102c marked as read by planner1
2026-08-09 19:19:23 | team | sess_a16b6101bc84 | INFO | Message 38db2d90-2026-44e4-9015-fdcb44b62619 created
2026-08-09 19:19:29 | team | sess_a16b6101bc84 | INFO | [planner1] processing 1 unread messages (steer=True)
2026-08-09 19:19:29 | team | sess_a16b6101bc84 | INFO | Message d9016d1a-df0d-40fb-be48-68c46128b943 marked as read by planner1
2026-08-09 19:19:35 | team | sess_a16b6101bc84 | INFO | Message 93464d29-22e4-4ce5-8d8f-26f2fbeebb8d created
2026-08-09 19:25:06 | team | sess_a16b6101bc84 | INFO | task list drained for team jiuwen_team_sess_a16b6101bc84: 4 terminal task(s)
2026-08-09 19:25:16 | team | sess_a16b6101bc84 | INFO | [planner1] processing 1 unread messages (steer=True)
2026-08-09 19:25:17 | team | sess_a16b6101bc84 | INFO | Message f16c8f99-2aa7-441e-8432-020a54578be5 marked as read by planner1
2026-08-09 19:25:23 | team | sess_a16b6101bc84 | INFO | Message 1093572a-4765-4d97-8083-9538a5385145 created
2026-08-09 19:26:16 | team | sess_a16b6101bc84 | INFO | team jiuwen_team_sess_a16b6101bc84 reported completed: 9 members, 4 tasks
2026-08-09 19:26:16 | team | sess_a16b6101bc84 | INFO | [planner1] received TEAM_STANDBY, pausing polls
2026-08-09 19:26:16 | team | sess_a16b6101bc84 | INFO | EventBus[teammate] pausing polls
