2026-08-09 19:12:57 | team | sess_a16b6101bc84 | INFO | Team workspace directory ensured at /srv/jwteam_clone/shared/run_current
2026-08-09 19:12:57 | team | sess_a16b6101bc84 | INFO | AgentTeam manager initialized for jiuwen_team_sess_a16b6101bc84, member=team_leader
2026-08-09 19:12:57 | team | sess_a16b6101bc84 | INFO | [team_leader] TeamPolicyRail static sections: section_names=['team_role', 'team_workflow', 'team_swarmflow', 'team_lifecycle', 'team_persona']
2026-08-09 19:12:57 | team | sess_a16b6101bc84 | INFO | Session tables ready for session sess_a16b6101bc84
2026-08-09 19:12:57 | team | sess_a16b6101bc84 | INFO | Team database initialized
2026-08-09 19:12:57 | team | default_trace_id | INFO | Team workspace directory ensured at /srv/jwteam_clone/shared/run_current
2026-08-09 19:12:57 | team | default_trace_id | INFO | AgentTeam manager initialized for jiuwen_team_sess_a16b6101bc84, member=planner2
2026-08-09 19:12:57 | team | default_trace_id | INFO | [planner2] TeamPolicyRail static sections: section_names=['team_role', 'team_persona']
2026-08-09 19:12:57 | team | sess_a16b6101bc84 | INFO | [planner2] invoke start, role=teammate
2026-08-09 19:12:57 | team | sess_a16b6101bc84 | INFO | [planner2] coordination starting
2026-08-09 19:12:57 | team | sess_a16b6101bc84 | INFO | Session tables ready for session sess_a16b6101bc84
2026-08-09 19:12:57 | team | sess_a16b6101bc84 | INFO | Workspace /srv/jwteam_clone/shared/run_current initialized as plain shared directory (version_control disabled)
2026-08-09 19:12:57 | team | sess_a16b6101bc84 | INFO | EventBus[teammate] starting
2026-08-09 19:14:21 | team | sess_a16b6101bc84 | INFO | [planner2] HITT section refresh: human_agent_names=[]
2026-08-09 19:14:35 | team | sess_a16b6101bc84 | INFO | [planner2] processing 1 unread messages (steer=True)
2026-08-09 19:14:35 | team | sess_a16b6101bc84 | INFO | Message 71c55877-d09b-4de4-a74b-af2539ddc9d8 marked as read by planner2
2026-08-09 19:15:26 | team | sess_a16b6101bc84 | INFO | Message 7b794af6-ab10-47a1-ae67-293703ca57a1 created
2026-08-09 19:16:02 | team | sess_a16b6101bc84 | INFO | Message 5528ff78-e988-4f04-9058-a43d298741d7 created
2026-08-09 19:16:10 | team | sess_a16b6101bc84 | INFO | [planner2] processing 1 unread messages (steer=True)
2026-08-09 19:16:10 | team | sess_a16b6101bc84 | INFO | Message d827b62f-e09d-4305-bd03-5f2329c0d463 marked as read by planner2
2026-08-09 19:16:29 | team | sess_a16b6101bc84 | INFO | [planner2] processing 1 unread messages (steer=True)
2026-08-09 19:16:29 | team | sess_a16b6101bc84 | INFO | Message a0d3dd63-8dac-4b4e-9a92-3d508e2318f7 marked as read by planner2
2026-08-09 19:17:20 | team | sess_a16b6101bc84 | INFO | Message b42884b6-d749-4e60-ba0c-f6af75c72465 created
2026-08-09 19:17:41 | team | sess_a16b6101bc84 | INFO | Message a54a1eef-85ba-455b-970d-4a5244d12a90 created
2026-08-09 19:17:55 | team | sess_a16b6101bc84 | INFO | Message 152fa64e-6ee5-451f-a75d-ec64241fdb59 created
2026-08-09 19:18:05 | team | sess_a16b6101bc84 | INFO | [planner2] processing 1 unread messages (steer=True)
2026-08-09 19:18:05 | team | sess_a16b6101bc84 | INFO | Message 6304ea2a-c943-42da-a287-1d319e17969f marked as read by planner2
2026-08-09 19:18:17 | team | sess_a16b6101bc84 | INFO | [planner2] processing 1 unread messages (steer=True)
2026-08-09 19:18:17 | team | sess_a16b6101bc84 | INFO | Message 82feeb22-2d84-4587-b0dd-a6f5ddd315d5 marked as read by planner2
2026-08-09 19:25:06 | team | sess_a16b6101bc84 | INFO | task list drained for team jiuwen_team_sess_a16b6101bc84: 4 terminal task(s)
2026-08-09 19:25:16 | team | sess_a16b6101bc84 | INFO | [planner2] processing 1 unread messages (steer=True)
2026-08-09 19:25:16 | team | sess_a16b6101bc84 | INFO | Message f16c8f99-2aa7-441e-8432-020a54578be5 marked as read by planner2
2026-08-09 19:26:16 | team | sess_a16b6101bc84 | INFO | team jiuwen_team_sess_a16b6101bc84 reported completed: 9 members, 4 tasks
2026-08-09 19:26:16 | team | sess_a16b6101bc84 | INFO | [planner2] received TEAM_STANDBY, pausing polls
2026-08-09 19:26:16 | team | sess_a16b6101bc84 | INFO | EventBus[teammate] pausing polls
