2026-08-09 19:12:58 | team | sess_a16b6101bc84 | INFO | Team workspace directory ensured at /srv/jwteam_clone/shared/run_current
2026-08-09 19:12:58 | team | sess_a16b6101bc84 | INFO | AgentTeam manager initialized for jiuwen_team_sess_a16b6101bc84, member=team_leader
2026-08-09 19:12:58 | team | sess_a16b6101bc84 | INFO | [team_leader] TeamPolicyRail static sections: section_names=['team_role', 'team_workflow', 'team_swarmflow', 'team_lifecycle', 'team_persona']
2026-08-09 19:12:58 | team | sess_a16b6101bc84 | INFO | Session tables ready for session sess_a16b6101bc84
2026-08-09 19:12:58 | team | sess_a16b6101bc84 | INFO | Team database initialized
2026-08-09 19:12:58 | team | default_trace_id | INFO | Team workspace directory ensured at /srv/jwteam_clone/shared/run_current
2026-08-09 19:12:58 | team | default_trace_id | INFO | AgentTeam manager initialized for jiuwen_team_sess_a16b6101bc84, member=executor1
2026-08-09 19:12:58 | team | default_trace_id | INFO | [executor1] TeamPolicyRail static sections: section_names=['team_role', 'team_persona']
2026-08-09 19:12:58 | team | sess_a16b6101bc84 | INFO | [executor1] invoke start, role=teammate
2026-08-09 19:12:58 | team | sess_a16b6101bc84 | INFO | [executor1] coordination starting
2026-08-09 19:12:58 | team | sess_a16b6101bc84 | INFO | Session tables ready for session sess_a16b6101bc84
2026-08-09 19:12:58 | team | sess_a16b6101bc84 | INFO | Workspace /srv/jwteam_clone/shared/run_current initialized as plain shared directory (version_control disabled)
2026-08-09 19:12:58 | team | sess_a16b6101bc84 | INFO | EventBus[teammate] starting
2026-08-09 19:14:21 | team | sess_a16b6101bc84 | INFO | [executor1] HITT section refresh: human_agent_names=[]
2026-08-09 19:14:35 | team | sess_a16b6101bc84 | INFO | [executor1] processing 1 unread messages (steer=True)
2026-08-09 19:14:35 | team | sess_a16b6101bc84 | INFO | Message 71c55877-d09b-4de4-a74b-af2539ddc9d8 marked as read by executor1
2026-08-09 19:17:54 | team | sess_a16b6101bc84 | INFO | [executor1] processing 1 unread messages (steer=True)
2026-08-09 19:17:54 | team | sess_a16b6101bc84 | INFO | Message f9ec003e-9ecf-4ad8-a403-202b6ff9ff52 marked as read by executor1
2026-08-09 19:18:17 | team | sess_a16b6101bc84 | INFO | [executor1] processing 1 unread messages (steer=True)
2026-08-09 19:18:17 | team | sess_a16b6101bc84 | INFO | Message da34e70b-3b8e-4d5b-8bc3-13215c287d27 marked as read by executor1
2026-08-09 19:19:23 | team | sess_a16b6101bc84 | INFO | Message 528cb01c-0bd6-4242-9e60-cbad2e835870 created
2026-08-09 19:19:29 | team | sess_a16b6101bc84 | INFO | Message d9016d1a-df0d-40fb-be48-68c46128b943 created
2026-08-09 19:19:35 | team | sess_a16b6101bc84 | INFO | [executor1] processing 1 unread messages (steer=True)
2026-08-09 19:19:35 | team | sess_a16b6101bc84 | INFO | Message 93464d29-22e4-4ce5-8d8f-26f2fbeebb8d marked as read by executor1
2026-08-09 19:20:35 | team | sess_a16b6101bc84 | INFO | Message cf073538-ea63-4486-9475-20da0765fe6e created
2026-08-09 19:20:43 | team | sess_a16b6101bc84 | INFO | Message 023d0d49-32e5-49be-a64f-49e0333ff5ce created
2026-08-09 19:20:48 | team | sess_a16b6101bc84 | INFO | Task implement-audit completed at 1786299648169
2026-08-09 19:20:48 | team | sess_a16b6101bc84 | INFO | Resolved 2 dependencies for task implement-audit
2026-08-09 19:20:48 | team | sess_a16b6101bc84 | INFO | Task implement-integration unblocked (all deps resolved)
2026-08-09 19:20:48 | team | sess_a16b6101bc84 | INFO | Task implement-audit completed
2026-08-09 19:20:48 | team | sess_a16b6101bc84 | INFO | Unblocked 1 tasks
2026-08-09 19:20:50 | team | sess_a16b6101bc84 | INFO | [executor1] processing 1 unread messages (steer=True)
2026-08-09 19:20:50 | team | sess_a16b6101bc84 | INFO | Message e3b1caee-6f26-44fd-b201-8dfad5873210 marked as read by executor1
2026-08-09 19:21:07 | team | sess_a16b6101bc84 | INFO | Message 62226704-8a75-4c56-af50-ab80a21ed3e4 created
2026-08-09 19:21:27 | team | sess_a16b6101bc84 | INFO | [executor1] processing 1 unread messages (steer=True)
2026-08-09 19:21:27 | team | sess_a16b6101bc84 | INFO | Message 19828fdc-7a17-43ea-aaf8-be22be484f46 marked as read by executor1
2026-08-09 19:21:34 | team | sess_a16b6101bc84 | INFO | Message cc2628b0-081f-4965-9d95-2bd3831ccb08 created
2026-08-09 19:22:02 | team | sess_a16b6101bc84 | INFO | [executor1] processing 1 unread messages (steer=True)
2026-08-09 19:22:02 | team | sess_a16b6101bc84 | INFO | Message 07626722-f4e7-4c7a-8849-9c5489d01258 marked as read by executor1
2026-08-09 19:22:18 | team | sess_a16b6101bc84 | INFO | Message e9335212-a5f8-4abc-9815-977291558355 created
2026-08-09 19:25:06 | team | sess_a16b6101bc84 | INFO | task list drained for team jiuwen_team_sess_a16b6101bc84: 4 terminal task(s)
2026-08-09 19:25:16 | team | sess_a16b6101bc84 | INFO | [executor1] processing 1 unread messages (steer=True)
2026-08-09 19:25:16 | team | sess_a16b6101bc84 | INFO | Message f16c8f99-2aa7-441e-8432-020a54578be5 marked as read by executor1
2026-08-09 19:26:16 | team | sess_a16b6101bc84 | INFO | team jiuwen_team_sess_a16b6101bc84 reported completed: 9 members, 4 tasks
2026-08-09 19:26:16 | team | sess_a16b6101bc84 | INFO | [executor1] received TEAM_STANDBY, pausing polls
2026-08-09 19:26:16 | team | sess_a16b6101bc84 | INFO | EventBus[teammate] pausing polls
