2026-08-09 19:13:00 | team | sess_a16b6101bc84 | INFO | Team workspace directory ensured at /srv/jwteam_clone/shared/run_current
2026-08-09 19:13:00 | team | sess_a16b6101bc84 | INFO | AgentTeam manager initialized for jiuwen_team_sess_a16b6101bc84, member=team_leader
2026-08-09 19:13:00 | team | sess_a16b6101bc84 | INFO | [team_leader] TeamPolicyRail static sections: section_names=['team_role', 'team_workflow', 'team_swarmflow', 'team_lifecycle', 'team_persona']
2026-08-09 19:13:00 | team | sess_a16b6101bc84 | INFO | Session tables ready for session sess_a16b6101bc84
2026-08-09 19:13:00 | team | sess_a16b6101bc84 | INFO | Team database initialized
2026-08-09 19:13:00 | team | default_trace_id | INFO | Team workspace directory ensured at /srv/jwteam_clone/shared/run_current
2026-08-09 19:13:00 | team | default_trace_id | INFO | AgentTeam manager initialized for jiuwen_team_sess_a16b6101bc84, member=executor3
2026-08-09 19:13:00 | team | default_trace_id | INFO | [executor3] TeamPolicyRail static sections: section_names=['team_role', 'team_persona']
2026-08-09 19:13:00 | team | sess_a16b6101bc84 | INFO | [executor3] invoke start, role=teammate
2026-08-09 19:13:00 | team | sess_a16b6101bc84 | INFO | [executor3] coordination starting
2026-08-09 19:13:00 | team | sess_a16b6101bc84 | INFO | Session tables ready for session sess_a16b6101bc84
2026-08-09 19:13:00 | team | sess_a16b6101bc84 | INFO | Workspace /srv/jwteam_clone/shared/run_current initialized as plain shared directory (version_control disabled)
2026-08-09 19:13:00 | team | sess_a16b6101bc84 | INFO | EventBus[teammate] starting
2026-08-09 19:14:22 | team | sess_a16b6101bc84 | INFO | [executor3] HITT section refresh: human_agent_names=[]
2026-08-09 19:14:35 | team | sess_a16b6101bc84 | INFO | [executor3] processing 1 unread messages (steer=True)
2026-08-09 19:14:35 | team | sess_a16b6101bc84 | INFO | Message 71c55877-d09b-4de4-a74b-af2539ddc9d8 marked as read by executor3
2026-08-09 19:17:54 | team | sess_a16b6101bc84 | INFO | [executor3] processing 1 unread messages (steer=True)
2026-08-09 19:17:54 | team | sess_a16b6101bc84 | INFO | Message bffb2d78-18f5-41b6-81d3-2f4396688b6a marked as read by executor3
2026-08-09 19:18:09 | team | sess_a16b6101bc84 | INFO | Message 35455959-cfe6-4a15-af04-e8fc5d43cd9c created
2026-08-09 19:20:52 | team | sess_a16b6101bc84 | INFO | Task implement-integration claimed by member executor3
2026-08-09 19:20:52 | team | sess_a16b6101bc84 | INFO | Task implement-integration claimed by member executor3
2026-08-09 19:22:00 | team | sess_a16b6101bc84 | INFO | Task implement-integration completed at 1786299720216
2026-08-09 19:22:00 | team | sess_a16b6101bc84 | INFO | Message 9c9752fa-f28d-4943-b23d-bbea0b915ff5 created
2026-08-09 19:22:00 | team | sess_a16b6101bc84 | INFO | Resolved 1 dependencies for task implement-integration
2026-08-09 19:22:00 | team | sess_a16b6101bc84 | INFO | Task verify unblocked (all deps resolved)
2026-08-09 19:22:00 | team | sess_a16b6101bc84 | INFO | Task implement-integration completed
2026-08-09 19:22:00 | team | sess_a16b6101bc84 | INFO | Unblocked 1 tasks
2026-08-09 19:25:06 | team | sess_a16b6101bc84 | INFO | task list drained for team jiuwen_team_sess_a16b6101bc84: 4 terminal task(s)
2026-08-09 19:25:16 | team | sess_a16b6101bc84 | INFO | [executor3] processing 1 unread messages (steer=True)
2026-08-09 19:25:17 | team | sess_a16b6101bc84 | INFO | Message f16c8f99-2aa7-441e-8432-020a54578be5 marked as read by executor3
2026-08-09 19:26:16 | team | sess_a16b6101bc84 | INFO | team jiuwen_team_sess_a16b6101bc84 reported completed: 9 members, 4 tasks
2026-08-09 19:26:16 | team | sess_a16b6101bc84 | INFO | [executor3] received TEAM_STANDBY, pausing polls
2026-08-09 19:26:16 | team | sess_a16b6101bc84 | INFO | EventBus[teammate] pausing polls
