2026-08-09 19:12:59 | team | sess_a16b6101bc84 | INFO | Team workspace directory ensured at /srv/jwteam_clone/shared/run_current
2026-08-09 19:12:59 | team | sess_a16b6101bc84 | INFO | AgentTeam manager initialized for jiuwen_team_sess_a16b6101bc84, member=team_leader
2026-08-09 19:12:59 | team | sess_a16b6101bc84 | INFO | [team_leader] TeamPolicyRail static sections: section_names=['team_role', 'team_workflow', 'team_swarmflow', 'team_lifecycle', 'team_persona']
2026-08-09 19:12:59 | team | sess_a16b6101bc84 | INFO | Session tables ready for session sess_a16b6101bc84
2026-08-09 19:12:59 | team | sess_a16b6101bc84 | INFO | Team database initialized
2026-08-09 19:12:59 | team | default_trace_id | INFO | Team workspace directory ensured at /srv/jwteam_clone/shared/run_current
2026-08-09 19:12:59 | team | default_trace_id | INFO | AgentTeam manager initialized for jiuwen_team_sess_a16b6101bc84, member=executor2
2026-08-09 19:12:59 | team | default_trace_id | INFO | [executor2] TeamPolicyRail static sections: section_names=['team_role', 'team_persona']
2026-08-09 19:12:59 | team | sess_a16b6101bc84 | INFO | [executor2] invoke start, role=teammate
2026-08-09 19:12:59 | team | sess_a16b6101bc84 | INFO | [executor2] coordination starting
2026-08-09 19:12:59 | team | sess_a16b6101bc84 | INFO | Session tables ready for session sess_a16b6101bc84
2026-08-09 19:12:59 | team | sess_a16b6101bc84 | INFO | Workspace /srv/jwteam_clone/shared/run_current initialized as plain shared directory (version_control disabled)
2026-08-09 19:12:59 | team | sess_a16b6101bc84 | INFO | EventBus[teammate] starting
2026-08-09 19:14:21 | team | sess_a16b6101bc84 | INFO | [executor2] HITT section refresh: human_agent_names=[]
2026-08-09 19:14:35 | team | sess_a16b6101bc84 | INFO | [executor2] processing 1 unread messages (steer=True)
2026-08-09 19:14:35 | team | sess_a16b6101bc84 | INFO | Message 71c55877-d09b-4de4-a74b-af2539ddc9d8 marked as read by executor2
2026-08-09 19:18:31 | team | sess_a16b6101bc84 | INFO | Task implement-audit claimed by member executor2
2026-08-09 19:18:31 | team | sess_a16b6101bc84 | INFO | Task implement-audit claimed by member executor2
2026-08-09 19:18:55 | team | sess_a16b6101bc84 | INFO | [executor2] processing 1 unread messages (steer=True)
2026-08-09 19:18:55 | team | sess_a16b6101bc84 | INFO | Message ee443d45-2af3-441a-a771-abf2fa526b5a marked as read by executor2
2026-08-09 19:18:58 | team | sess_a16b6101bc84 | INFO | [executor2] processing 1 unread messages (steer=True)
2026-08-09 19:18:58 | team | sess_a16b6101bc84 | INFO | Message 17018a27-64a6-47bb-abc0-7ce5b1a23813 marked as read by executor2
2026-08-09 19:19:23 | team | sess_a16b6101bc84 | INFO | [executor2] processing 1 unread messages (steer=True)
2026-08-09 19:19:23 | team | sess_a16b6101bc84 | INFO | Message 528cb01c-0bd6-4242-9e60-cbad2e835870 marked as read by executor2
2026-08-09 19:20:35 | team | sess_a16b6101bc84 | INFO | [executor2] processing 1 unread messages (steer=True)
2026-08-09 19:20:35 | team | sess_a16b6101bc84 | INFO | Message cf073538-ea63-4486-9475-20da0765fe6e marked as read by executor2
2026-08-09 19:20:50 | team | sess_a16b6101bc84 | INFO | Message e3b1caee-6f26-44fd-b201-8dfad5873210 created
2026-08-09 19:21:07 | team | sess_a16b6101bc84 | INFO | [executor2] processing 1 unread messages (steer=True)
2026-08-09 19:21:07 | team | sess_a16b6101bc84 | INFO | Message 62226704-8a75-4c56-af50-ab80a21ed3e4 marked as read by executor2
2026-08-09 19:21:43 | team | sess_a16b6101bc84 | INFO | Task implement-audit completed
2026-08-09 19:21:54 | team | sess_a16b6101bc84 | INFO | Message 529cb1d3-3469-4efa-a45d-97a4a73aedf1 created
2026-08-09 19:22:00 | team | sess_a16b6101bc84 | INFO | [executor2] processing 1 unread messages (steer=True)
2026-08-09 19:22:00 | team | sess_a16b6101bc84 | INFO | Message 51a503cb-a895-4b72-9f8e-3820eb67eed7 marked as read by executor2
2026-08-09 19:22:02 | team | sess_a16b6101bc84 | INFO | Message 07626722-f4e7-4c7a-8849-9c5489d01258 created
2026-08-09 19:22:14 | team | sess_a16b6101bc84 | INFO | Message 9ca6af11-2696-4dbd-a3e1-f8308d30a496 created
2026-08-09 19:22:18 | team | sess_a16b6101bc84 | INFO | [executor2] processing 1 unread messages (steer=True)
2026-08-09 19:22:18 | team | sess_a16b6101bc84 | INFO | Message e9335212-a5f8-4abc-9815-977291558355 marked as read by executor2
2026-08-09 19:22:26 | team | sess_a16b6101bc84 | INFO | [executor2] processing 1 unread messages (steer=True)
2026-08-09 19:22:26 | team | sess_a16b6101bc84 | INFO | Message 81b73b6c-7ba9-4e42-b803-b9c39602f6eb marked as read by executor2
2026-08-09 19:25:06 | team | sess_a16b6101bc84 | INFO | task list drained for team jiuwen_team_sess_a16b6101bc84: 4 terminal task(s)
2026-08-09 19:25:16 | team | sess_a16b6101bc84 | INFO | [executor2] processing 1 unread messages (steer=True)
2026-08-09 19:25:16 | team | sess_a16b6101bc84 | INFO | Message f16c8f99-2aa7-441e-8432-020a54578be5 marked as read by executor2
2026-08-09 19:26:16 | team | sess_a16b6101bc84 | INFO | team jiuwen_team_sess_a16b6101bc84 reported completed: 9 members, 4 tasks
2026-08-09 19:26:16 | team | sess_a16b6101bc84 | INFO | [executor2] received TEAM_STANDBY, pausing polls
2026-08-09 19:26:16 | team | sess_a16b6101bc84 | INFO | EventBus[teammate] pausing polls
