2026-08-09 19:13:02 | team | sess_a16b6101bc84 | INFO | Team workspace directory ensured at /srv/jwteam_clone/shared/run_current
2026-08-09 19:13:02 | team | sess_a16b6101bc84 | INFO | AgentTeam manager initialized for jiuwen_team_sess_a16b6101bc84, member=team_leader
2026-08-09 19:13:02 | team | sess_a16b6101bc84 | INFO | [team_leader] TeamPolicyRail static sections: section_names=['team_role', 'team_workflow', 'team_swarmflow', 'team_lifecycle', 'team_persona']
2026-08-09 19:13:02 | team | sess_a16b6101bc84 | INFO | Session tables ready for session sess_a16b6101bc84
2026-08-09 19:13:02 | team | sess_a16b6101bc84 | INFO | Team database initialized
2026-08-09 19:13:03 | team | default_trace_id | INFO | Team workspace directory ensured at /srv/jwteam_clone/shared/run_current
2026-08-09 19:13:03 | team | default_trace_id | INFO | AgentTeam manager initialized for jiuwen_team_sess_a16b6101bc84, member=fullstack1
2026-08-09 19:13:03 | team | default_trace_id | INFO | [fullstack1] TeamPolicyRail static sections: section_names=['team_role', 'team_persona']
2026-08-09 19:13:03 | team | sess_a16b6101bc84 | INFO | [fullstack1] invoke start, role=teammate
2026-08-09 19:13:03 | team | sess_a16b6101bc84 | INFO | [fullstack1] coordination starting
2026-08-09 19:13:03 | team | sess_a16b6101bc84 | INFO | Session tables ready for session sess_a16b6101bc84
2026-08-09 19:13:03 | team | sess_a16b6101bc84 | INFO | Workspace /srv/jwteam_clone/shared/run_current initialized as plain shared directory (version_control disabled)
2026-08-09 19:13:03 | team | sess_a16b6101bc84 | INFO | EventBus[teammate] starting
2026-08-09 19:14:21 | team | sess_a16b6101bc84 | INFO | [fullstack1] HITT section refresh: human_agent_names=[]
2026-08-09 19:14:35 | team | sess_a16b6101bc84 | INFO | [fullstack1] processing 1 unread messages (steer=True)
2026-08-09 19:14:35 | team | sess_a16b6101bc84 | INFO | Message 71c55877-d09b-4de4-a74b-af2539ddc9d8 marked as read by fullstack1
2026-08-09 19:14:39 | team | sess_a16b6101bc84 | INFO | Task plan claimed by member fullstack1
2026-08-09 19:14:39 | team | sess_a16b6101bc84 | INFO | Task plan claimed by member fullstack1
2026-08-09 19:14:59 | team | sess_a16b6101bc84 | INFO | [fullstack1] processing 1 unread messages (steer=True)
2026-08-09 19:14:59 | team | sess_a16b6101bc84 | INFO | Message dff08f3a-b1f7-4075-b4e4-907a8d64dbcf marked as read by fullstack1
2026-08-09 19:15:27 | team | sess_a16b6101bc84 | INFO | Message 708ea68f-8c8b-4a71-b2c8-41bde9e9510b created
2026-08-09 19:15:27 | team | sess_a16b6101bc84 | INFO | Message 6328c2d0-5643-4d19-9f9c-49c2bf497cdb created
2026-08-09 19:16:01 | team | sess_a16b6101bc84 | INFO | [fullstack1] processing 1 unread messages (steer=True)
2026-08-09 19:16:01 | team | sess_a16b6101bc84 | INFO | Message fffd4109-0930-4906-8c44-32de326d35f1 marked as read by fullstack1
2026-08-09 19:16:10 | team | sess_a16b6101bc84 | INFO | [fullstack1] processing 1 unread messages (steer=True)
2026-08-09 19:16:10 | team | sess_a16b6101bc84 | INFO | Message 03446b11-6198-4a24-a425-864f12b5467e marked as read by fullstack1
2026-08-09 19:16:19 | team | sess_a16b6101bc84 | INFO | Message d0b123e2-88f7-42a1-bce3-bec967d16c0c created
2026-08-09 19:16:31 | team | sess_a16b6101bc84 | INFO | Message 7e945163-af72-4da8-8420-8fe9ee72c9c8 created
2026-08-09 19:16:42 | team | sess_a16b6101bc84 | INFO | [fullstack1] processing 1 unread messages (steer=True)
2026-08-09 19:16:42 | team | sess_a16b6101bc84 | INFO | Message c3f735a6-cfe5-4aba-aa54-7ad65befb1ae marked as read by fullstack1
2026-08-09 19:25:06 | team | sess_a16b6101bc84 | INFO | task list drained for team jiuwen_team_sess_a16b6101bc84: 4 terminal task(s)
2026-08-09 19:25:16 | team | sess_a16b6101bc84 | INFO | [fullstack1] processing 1 unread messages (steer=True)
2026-08-09 19:25:17 | team | sess_a16b6101bc84 | INFO | Message f16c8f99-2aa7-441e-8432-020a54578be5 marked as read by fullstack1
2026-08-09 19:26:16 | team | sess_a16b6101bc84 | INFO | team jiuwen_team_sess_a16b6101bc84 reported completed: 9 members, 4 tasks
2026-08-09 19:26:16 | team | sess_a16b6101bc84 | INFO | [fullstack1] received TEAM_STANDBY, pausing polls
2026-08-09 19:26:16 | team | sess_a16b6101bc84 | INFO | EventBus[teammate] pausing polls
