2026-08-23 15:41:44 | team | sess_33a85bed89a0 | INFO | Team workspace directory ensured at /srv/jwteam_clone/shared/run_current
2026-08-23 15:41:44 | team | sess_33a85bed89a0 | INFO | AgentTeam manager initialized for jiuwen_team_sess_33a85bed89a0, member=team_leader
2026-08-23 15:41:44 | team | sess_33a85bed89a0 | INFO | [team_leader] TeamPolicyRail static sections: section_names=['team_role', 'team_workflow', 'team_swarmflow', 'team_lifecycle', 'team_persona']
2026-08-23 15:41:44 | team | sess_33a85bed89a0 | INFO | Session tables ready for session sess_33a85bed89a0
2026-08-23 15:41:44 | team | sess_33a85bed89a0 | INFO | Team database initialized
2026-08-23 15:41:44 | team | default_trace_id | INFO | Team workspace directory ensured at /srv/jwteam_clone/shared/run_current
2026-08-23 15:41:44 | team | default_trace_id | INFO | AgentTeam manager initialized for jiuwen_team_sess_33a85bed89a0, member=verifier2
2026-08-23 15:41:44 | team | default_trace_id | INFO | [verifier2] TeamPolicyRail static sections: section_names=['team_role', 'team_persona']
2026-08-23 15:41:44 | team | sess_33a85bed89a0 | INFO | [verifier2] invoke start, role=teammate
2026-08-23 15:41:44 | team | sess_33a85bed89a0 | INFO | [verifier2] coordination starting
2026-08-23 15:41:44 | team | sess_33a85bed89a0 | INFO | Session tables ready for session sess_33a85bed89a0
2026-08-23 15:41:44 | team | sess_33a85bed89a0 | INFO | Workspace /srv/jwteam_clone/shared/run_current initialized as plain shared directory (version_control disabled)
2026-08-23 15:41:44 | team | sess_33a85bed89a0 | INFO | EventBus[teammate] starting
2026-08-23 15:44:27 | team | sess_33a85bed89a0 | INFO | [verifier2] HITT section refresh: human_agent_names=[]
2026-08-23 15:52:12 | team | sess_33a85bed89a0 | INFO | [verifier2] processing 1 unread messages (steer=True)
2026-08-23 15:52:12 | team | sess_33a85bed89a0 | INFO | Message 3ca87200-ec48-4bdb-b4ff-e3cc567262f2 marked as read by verifier2
2026-08-23 15:53:50 | team | sess_33a85bed89a0 | INFO | Message 1894ddbb-d9cd-46fc-9428-f23af7e8c94d created
2026-08-23 15:54:31 | team | sess_33a85bed89a0 | INFO | [verifier2] processing 1 unread messages (steer=True)
2026-08-23 15:54:31 | team | sess_33a85bed89a0 | INFO | Message f4f25ce4-2962-488a-8147-b6499dce313c marked as read by verifier2
2026-08-23 15:54:40 | team | sess_33a85bed89a0 | INFO | task list drained for team jiuwen_team_sess_33a85bed89a0: 6 terminal task(s)
2026-08-23 16:03:23 | team | sess_33a85bed89a0 | INFO | Task ver_test9 claimed by member verifier2
2026-08-23 16:03:23 | team | sess_33a85bed89a0 | INFO | Task ver_test9 claimed by member verifier2
2026-08-23 16:03:50 | team | sess_33a85bed89a0 | INFO | [verifier2] processing 1 unread messages (steer=True)
2026-08-23 16:03:50 | team | sess_33a85bed89a0 | INFO | Message 9de22235-7907-4e0d-a3f9-1d710c2aceba marked as read by verifier2
