2026-08-23 15:41:45 | team | sess_33a85bed89a0 | INFO | Team workspace directory ensured at /srv/jwteam_clone/shared/run_current
2026-08-23 15:41:45 | team | sess_33a85bed89a0 | INFO | AgentTeam manager initialized for jiuwen_team_sess_33a85bed89a0, member=team_leader
2026-08-23 15:41:45 | team | sess_33a85bed89a0 | INFO | [team_leader] TeamPolicyRail static sections: section_names=['team_role', 'team_workflow', 'team_swarmflow', 'team_lifecycle', 'team_persona']
2026-08-23 15:41:45 | team | sess_33a85bed89a0 | INFO | Session tables ready for session sess_33a85bed89a0
2026-08-23 15:41:45 | team | sess_33a85bed89a0 | INFO | Team database initialized
2026-08-23 15:41:45 | team | default_trace_id | INFO | Team workspace directory ensured at /srv/jwteam_clone/shared/run_current
2026-08-23 15:41:45 | team | default_trace_id | INFO | AgentTeam manager initialized for jiuwen_team_sess_33a85bed89a0, member=fullstack1
2026-08-23 15:41:45 | team | default_trace_id | INFO | [fullstack1] TeamPolicyRail static sections: section_names=['team_role', 'team_persona']
2026-08-23 15:41:45 | team | sess_33a85bed89a0 | INFO | [fullstack1] invoke start, role=teammate
2026-08-23 15:41:45 | team | sess_33a85bed89a0 | INFO | [fullstack1] coordination starting
2026-08-23 15:41:45 | team | sess_33a85bed89a0 | INFO | Session tables ready for session sess_33a85bed89a0
2026-08-23 15:41:45 | team | sess_33a85bed89a0 | INFO | Workspace /srv/jwteam_clone/shared/run_current initialized as plain shared directory (version_control disabled)
2026-08-23 15:41:45 | team | sess_33a85bed89a0 | INFO | EventBus[teammate] starting
2026-08-23 15:44:27 | team | sess_33a85bed89a0 | INFO | [fullstack1] HITT section refresh: human_agent_names=[]
2026-08-23 15:52:58 | team | sess_33a85bed89a0 | INFO | Task verify_test9 claimed by member fullstack1
2026-08-23 15:52:58 | team | sess_33a85bed89a0 | INFO | Task verify_test9 claimed by member fullstack1
2026-08-23 15:53:50 | team | sess_33a85bed89a0 | INFO | [fullstack1] processing 1 unread messages (steer=True)
2026-08-23 15:53:50 | team | sess_33a85bed89a0 | INFO | Message 1894ddbb-d9cd-46fc-9428-f23af7e8c94d marked as read by fullstack1
2026-08-23 15:54:31 | team | sess_33a85bed89a0 | INFO | Message f4f25ce4-2962-488a-8147-b6499dce313c created
2026-08-23 15:54:39 | team | sess_33a85bed89a0 | INFO | Task verify_test9 completed at 1787496879993
2026-08-23 15:54:40 | team | sess_33a85bed89a0 | INFO | Task verify_test9 completed
2026-08-23 15:54:45 | team | sess_33a85bed89a0 | INFO | Message a309a35c-0c31-41fb-90ee-149049f05cb6 created
