2026-08-23 15:41:39 | team | sess_33a85bed89a0 | INFO | Team workspace directory ensured at /srv/jwteam_clone/shared/run_current
2026-08-23 15:41:39 | team | sess_33a85bed89a0 | INFO | AgentTeam manager initialized for jiuwen_team_sess_33a85bed89a0, member=team_leader
2026-08-23 15:41:39 | team | sess_33a85bed89a0 | INFO | [team_leader] TeamPolicyRail static sections: section_names=['team_role', 'team_workflow', 'team_swarmflow', 'team_lifecycle', 'team_persona']
2026-08-23 15:41:39 | team | sess_33a85bed89a0 | INFO | Session tables ready for session sess_33a85bed89a0
2026-08-23 15:41:39 | team | sess_33a85bed89a0 | INFO | Team database initialized
2026-08-23 15:41:39 | team | default_trace_id | INFO | Team workspace directory ensured at /srv/jwteam_clone/shared/run_current
2026-08-23 15:41:39 | team | default_trace_id | INFO | AgentTeam manager initialized for jiuwen_team_sess_33a85bed89a0, member=planner2
2026-08-23 15:41:39 | team | default_trace_id | INFO | [planner2] TeamPolicyRail static sections: section_names=['team_role', 'team_persona']
2026-08-23 15:41:39 | team | sess_33a85bed89a0 | INFO | [planner2] invoke start, role=teammate
2026-08-23 15:41:39 | team | sess_33a85bed89a0 | INFO | [planner2] coordination starting
2026-08-23 15:41:39 | team | sess_33a85bed89a0 | INFO | Session tables ready for session sess_33a85bed89a0
2026-08-23 15:41:39 | team | sess_33a85bed89a0 | INFO | Workspace /srv/jwteam_clone/shared/run_current initialized as plain shared directory (version_control disabled)
2026-08-23 15:41:39 | team | sess_33a85bed89a0 | INFO | EventBus[teammate] starting
2026-08-23 15:44:27 | team | sess_33a85bed89a0 | INFO | [planner2] HITT section refresh: human_agent_names=[]
2026-08-23 15:44:47 | team | sess_33a85bed89a0 | INFO | Task plan_test9 claimed by member planner2
2026-08-23 15:44:47 | team | sess_33a85bed89a0 | INFO | Task plan_test9 claimed by member planner2
2026-08-23 15:45:53 | team | sess_33a85bed89a0 | INFO | Message 27299972-6545-475e-b38b-b4c7f45e9895 created
2026-08-23 15:45:57 | team | sess_33a85bed89a0 | INFO | Task plan_test9 completed at 1787496357074
2026-08-23 15:45:57 | team | sess_33a85bed89a0 | INFO | Resolved 1 dependencies for task plan_test9
2026-08-23 15:45:57 | team | sess_33a85bed89a0 | INFO | Task implement_test9 unblocked (all deps resolved)
2026-08-23 15:45:57 | team | sess_33a85bed89a0 | INFO | Task plan_test9 completed
2026-08-23 15:45:57 | team | sess_33a85bed89a0 | INFO | Unblocked 1 tasks
2026-08-23 15:54:40 | team | sess_33a85bed89a0 | INFO | task list drained for team jiuwen_team_sess_33a85bed89a0: 6 terminal task(s)
2026-08-23 16:04:08 | team | sess_33a85bed89a0 | INFO | Message c0a85f38-71e6-4abe-aea6-4cc117a17e73 created
2026-08-23 16:04:48 | team | sess_33a85bed89a0 | INFO | [planner2] processing 1 unread messages (steer=True)
2026-08-23 16:04:49 | team | sess_33a85bed89a0 | INFO | Message 6277f6e0-c851-4678-a16a-357d0c8d2722 marked as read by planner2
2026-08-23 16:04:59 | team | sess_33a85bed89a0 | INFO | Message 4dc55f10-cb16-4727-a646-96176fe1c3c9 created
