2026-08-23 15:41:43 | team | sess_33a85bed89a0 | INFO | Team workspace directory ensured at /srv/jwteam_clone/shared/run_current
2026-08-23 15:41:43 | team | sess_33a85bed89a0 | INFO | AgentTeam manager initialized for jiuwen_team_sess_33a85bed89a0, member=team_leader
2026-08-23 15:41:43 | team | sess_33a85bed89a0 | INFO | [team_leader] TeamPolicyRail static sections: section_names=['team_role', 'team_workflow', 'team_swarmflow', 'team_lifecycle', 'team_persona']
2026-08-23 15:41:43 | team | sess_33a85bed89a0 | INFO | Session tables ready for session sess_33a85bed89a0
2026-08-23 15:41:43 | team | sess_33a85bed89a0 | INFO | Team database initialized
2026-08-23 15:41:43 | team | default_trace_id | INFO | Team workspace directory ensured at /srv/jwteam_clone/shared/run_current
2026-08-23 15:41:43 | team | default_trace_id | INFO | AgentTeam manager initialized for jiuwen_team_sess_33a85bed89a0, member=verifier1
2026-08-23 15:41:43 | team | default_trace_id | INFO | [verifier1] TeamPolicyRail static sections: section_names=['team_role', 'team_persona']
2026-08-23 15:41:43 | team | sess_33a85bed89a0 | INFO | [verifier1] invoke start, role=teammate
2026-08-23 15:41:43 | team | sess_33a85bed89a0 | INFO | [verifier1] coordination starting
2026-08-23 15:41:43 | team | sess_33a85bed89a0 | INFO | Session tables ready for session sess_33a85bed89a0
2026-08-23 15:41:43 | team | sess_33a85bed89a0 | INFO | Workspace /srv/jwteam_clone/shared/run_current initialized as plain shared directory (version_control disabled)
2026-08-23 15:41:43 | team | sess_33a85bed89a0 | INFO | EventBus[teammate] starting
2026-08-23 15:44:27 | team | sess_33a85bed89a0 | INFO | [verifier1] HITT section refresh: human_agent_names=[]
2026-08-23 15:47:13 | team | sess_33a85bed89a0 | INFO | [verifier1] processing 1 unread messages (steer=True)
2026-08-23 15:47:13 | team | sess_33a85bed89a0 | INFO | Message 03510c64-cd52-4566-9e12-dcb68d30fd5e marked as read by verifier1
2026-08-23 15:47:24 | team | sess_33a85bed89a0 | INFO | Task verify_p5 claimed by member verifier1
2026-08-23 15:47:24 | team | sess_33a85bed89a0 | INFO | Task verify_p5 claimed by member verifier1
2026-08-23 15:52:13 | team | sess_33a85bed89a0 | INFO | Task verify_p5 completed at 1787496733405
2026-08-23 15:52:13 | team | sess_33a85bed89a0 | INFO | Resolved 1 dependencies for task verify_p5
2026-08-23 15:52:13 | team | sess_33a85bed89a0 | INFO | Task verify_test9 unblocked (all deps resolved)
2026-08-23 15:52:13 | team | sess_33a85bed89a0 | INFO | Task verify_p5 completed
2026-08-23 15:52:13 | team | sess_33a85bed89a0 | INFO | Unblocked 1 tasks
2026-08-23 15:52:23 | team | sess_33a85bed89a0 | INFO | Message b5fa59f4-99d7-46cb-91a0-a19d3f860651 created
2026-08-23 15:52:23 | team | sess_33a85bed89a0 | INFO | Message 0e81b620-0a7a-4426-a7cd-398593ed6081 created
2026-08-23 15:54:40 | team | sess_33a85bed89a0 | INFO | task list drained for team jiuwen_team_sess_33a85bed89a0: 6 terminal task(s)
2026-08-23 16:03:29 | team | sess_33a85bed89a0 | INFO | [verifier1] processing 1 unread messages (steer=True)
2026-08-23 16:03:29 | team | sess_33a85bed89a0 | INFO | Message c3ff87d6-7b2e-482d-8e93-c35065576b95 marked as read by verifier1
2026-08-23 16:03:49 | team | sess_33a85bed89a0 | INFO | Task ver_p5 claimed by member verifier1
2026-08-23 16:03:49 | team | sess_33a85bed89a0 | INFO | Task ver_p5 claimed by member verifier1
2026-08-23 16:04:31 | team | sess_33a85bed89a0 | INFO | Task ver_p5 completed at 1787497471396
2026-08-23 16:04:31 | team | sess_33a85bed89a0 | INFO | Task ver_p5 completed
2026-08-23 16:04:39 | team | sess_33a85bed89a0 | INFO | Message 2edd9691-177a-4966-b1c6-0a218123267b created
2026-08-23 16:04:39 | team | sess_33a85bed89a0 | INFO | Message 387033d9-d9c5-428e-9b32-926075ea76bb created
