2026-08-09 16:01:30 | team | sess_bc2885b6629d | INFO | Team workspace directory ensured at /srv/jwteam_clone/shared/run_current
2026-08-09 16:01:30 | team | sess_bc2885b6629d | INFO | AgentTeam manager initialized for jiuwen_team_sess_bc2885b6629d, member=team_leader
2026-08-09 16:01:30 | team | sess_bc2885b6629d | INFO | [team_leader] TeamPolicyRail static sections: section_names=['team_role', 'team_workflow', 'team_swarmflow', 'team_lifecycle', 'team_persona']
2026-08-09 16:01:30 | team | sess_bc2885b6629d | INFO | Session tables ready for session sess_bc2885b6629d
2026-08-09 16:01:30 | team | sess_bc2885b6629d | INFO | Team database initialized
2026-08-09 16:01:30 | team | default_trace_id | INFO | Team workspace directory ensured at /srv/jwteam_clone/shared/run_current
2026-08-09 16:01:30 | team | default_trace_id | INFO | AgentTeam manager initialized for jiuwen_team_sess_bc2885b6629d, member=verifier2
2026-08-09 16:01:30 | team | default_trace_id | INFO | [verifier2] TeamPolicyRail static sections: section_names=['team_role', 'team_persona']
2026-08-09 16:01:30 | team | sess_bc2885b6629d | INFO | [verifier2] invoke start, role=teammate
2026-08-09 16:01:30 | team | sess_bc2885b6629d | INFO | [verifier2] coordination starting
2026-08-09 16:01:30 | team | sess_bc2885b6629d | INFO | Session tables ready for session sess_bc2885b6629d
2026-08-09 16:01:30 | team | sess_bc2885b6629d | INFO | Workspace /srv/jwteam_clone/shared/run_current initialized as plain shared directory (version_control disabled)
2026-08-09 16:01:30 | team | sess_bc2885b6629d | INFO | EventBus[teammate] starting
2026-08-09 16:01:56 | team | sess_bc2885b6629d | INFO | [verifier2] HITT section refresh: human_agent_names=[]
2026-08-09 16:02:11 | team | sess_bc2885b6629d | INFO | [verifier2] processing 1 unread messages (steer=True)
2026-08-09 16:02:11 | team | sess_bc2885b6629d | INFO | Message 04e79351-72f4-4329-adf0-080ab2138e61 marked as read by verifier2
2026-08-09 16:02:15 | team | sess_bc2885b6629d | INFO | Message cdc8b0a2-03b0-455c-8229-e580647f129a created
2026-08-09 16:02:23 | team | sess_bc2885b6629d | INFO | Message bcc0b715-295e-4ef9-bbe5-0a45e4a0e4a2 created
2026-08-09 16:02:25 | team | sess_bc2885b6629d | INFO | [verifier2] processing 1 unread messages (steer=True)
2026-08-09 16:02:25 | team | sess_bc2885b6629d | INFO | Message c9f48203-7030-42be-a439-2a819560ed33 marked as read by verifier2
2026-08-09 16:03:29 | team | sess_bc2885b6629d | INFO | Message 3074513d-679d-4619-a892-86b1c51db30c created
2026-08-09 16:05:30 | team | sess_bc2885b6629d | INFO | Message f189b3cc-c384-4703-af32-b3139014e088 created
2026-08-09 16:06:22 | team | sess_bc2885b6629d | INFO | task list drained for team jiuwen_team_sess_bc2885b6629d: 3 terminal task(s)
2026-08-09 16:06:42 | team | sess_bc2885b6629d | INFO | [verifier2] processing 1 unread messages (steer=True)
2026-08-09 16:06:42 | team | sess_bc2885b6629d | INFO | Message e82d8e39-ac09-4670-ae05-b1e6c2a68d7f marked as read by verifier2
2026-08-09 16:06:49 | team | sess_bc2885b6629d | INFO | Message 78d15339-3da2-466e-9e10-d8e2f41fe3ca created
2026-08-09 16:06:56 | team | sess_bc2885b6629d | INFO | team jiuwen_team_sess_bc2885b6629d reported completed: 9 members, 3 tasks
2026-08-09 16:06:56 | team | sess_bc2885b6629d | INFO | [verifier2] received TEAM_STANDBY, pausing polls
2026-08-09 16:06:56 | team | sess_bc2885b6629d | INFO | EventBus[teammate] pausing polls
