2026-08-10 03:18:53 | team | sess_cbeece6530c5 | INFO | Team workspace directory ensured at /srv/jwteam_clone/shared/run_current
2026-08-10 03:18:53 | team | sess_cbeece6530c5 | INFO | AgentTeam manager initialized for jiuwen_team_sess_cbeece6530c5, member=team_leader
2026-08-10 03:18:53 | team | sess_cbeece6530c5 | INFO | [team_leader] TeamPolicyRail static sections: section_names=['team_role', 'team_workflow', 'team_swarmflow', 'team_lifecycle', 'team_persona']
2026-08-10 03:18:54 | team | sess_cbeece6530c5 | INFO | Session tables ready for session sess_cbeece6530c5
2026-08-10 03:18:54 | team | sess_cbeece6530c5 | INFO | Team database initialized
2026-08-10 03:18:54 | team | default_trace_id | INFO | Team workspace directory ensured at /srv/jwteam_clone/shared/run_current
2026-08-10 03:18:54 | team | default_trace_id | INFO | AgentTeam manager initialized for jiuwen_team_sess_cbeece6530c5, member=planner1
2026-08-10 03:18:54 | team | default_trace_id | INFO | [planner1] TeamPolicyRail static sections: section_names=['team_role', 'team_persona']
2026-08-10 03:18:54 | team | sess_cbeece6530c5 | INFO | [planner1] invoke start, role=teammate
2026-08-10 03:18:54 | team | sess_cbeece6530c5 | INFO | [planner1] coordination starting
2026-08-10 03:18:54 | team | sess_cbeece6530c5 | INFO | Session tables ready for session sess_cbeece6530c5
2026-08-10 03:18:54 | team | sess_cbeece6530c5 | INFO | Workspace /srv/jwteam_clone/shared/run_current initialized as plain shared directory (version_control disabled)
2026-08-10 03:18:54 | team | sess_cbeece6530c5 | INFO | EventBus[teammate] starting
2026-08-10 03:19:18 | team | sess_cbeece6530c5 | INFO | [planner1] HITT section refresh: human_agent_names=[]
2026-08-10 03:19:32 | team | sess_cbeece6530c5 | INFO | [planner1] processing 1 unread messages (steer=True)
2026-08-10 03:19:32 | team | sess_cbeece6530c5 | INFO | Message 4f5d12fb-cfc4-45b5-8b8e-eec80c43c32c marked as read by planner1
2026-08-10 03:19:36 | team | sess_cbeece6530c5 | INFO | [planner1] processing 1 unread messages (steer=True)
2026-08-10 03:19:36 | team | sess_cbeece6530c5 | INFO | Message 64114de7-1747-4559-8c4d-876ded650bd6 marked as read by planner1
2026-08-10 03:19:38 | team | sess_cbeece6530c5 | INFO | [planner1] processing 1 unread messages (steer=True)
2026-08-10 03:19:38 | team | sess_cbeece6530c5 | INFO | Message 8f35f00d-0f36-493b-b527-982b9def34dc marked as read by planner1
2026-08-10 03:19:51 | team | sess_cbeece6530c5 | INFO | Message 6e41122b-ffae-4af4-9382-7017a2b6c9a7 created
2026-08-10 03:19:51 | team | sess_cbeece6530c5 | INFO | Message 5a4ee58b-c1d5-42ac-add5-97b2377bc7b2 created
2026-08-10 03:19:51 | team | sess_cbeece6530c5 | INFO | Message f4c9df63-2b2a-4889-881e-b73f32bb21fc created
2026-08-10 03:19:57 | team | sess_cbeece6530c5 | INFO | Message 4aecaee9-62ec-4dfe-ba1f-2a6537f0c899 created
2026-08-10 03:19:57 | team | sess_cbeece6530c5 | INFO | [planner1] processing 1 unread messages (steer=True)
2026-08-10 03:19:57 | team | sess_cbeece6530c5 | INFO | Message 9959b384-1052-464a-9126-b092e6684e06 marked as read by planner1
2026-08-10 03:19:59 | team | sess_cbeece6530c5 | INFO | [planner1] processing 1 unread messages (steer=True)
2026-08-10 03:19:59 | team | sess_cbeece6530c5 | INFO | Message df3963b9-286b-4df6-9a3d-6d965f2ceac0 marked as read by planner1
2026-08-10 03:20:02 | team | sess_cbeece6530c5 | INFO | [planner1] processing 1 unread messages (steer=True)
2026-08-10 03:20:02 | team | sess_cbeece6530c5 | INFO | Message 21939808-7f4d-49c4-b1f7-c356fcddcbc3 marked as read by planner1
2026-08-10 03:20:04 | team | sess_cbeece6530c5 | INFO | [planner1] processing 1 unread messages (steer=True)
2026-08-10 03:20:04 | team | sess_cbeece6530c5 | INFO | Message 3508d97a-79c8-489f-b191-0ba799de3e34 marked as read by planner1
2026-08-10 03:20:13 | team | sess_cbeece6530c5 | INFO | Message e40c4ec1-d5cf-4992-9734-017152ab51f7 created
2026-08-10 03:20:13 | team | sess_cbeece6530c5 | INFO | Message b29df930-136d-4f22-acb9-23351d5d544e created
2026-08-10 03:20:13 | team | sess_cbeece6530c5 | INFO | Message 3b8017a8-1775-48e2-8431-959e6a043754 created
2026-08-10 03:20:19 | team | sess_cbeece6530c5 | INFO | [planner1] processing 1 unread messages (steer=True)
2026-08-10 03:20:19 | team | sess_cbeece6530c5 | INFO | Message 94f007f8-d739-4331-ab91-c18b6aeeb4c6 marked as read by planner1
2026-08-10 03:20:21 | team | sess_cbeece6530c5 | INFO | Message d3d31a78-fa1d-4fec-95b0-bc126b402f74 created
2026-08-10 03:20:27 | team | sess_cbeece6530c5 | INFO | Message c2a8078e-dd9c-4bd8-a972-2e73fe4d3361 created
2026-08-10 03:20:31 | team | sess_cbeece6530c5 | INFO | [planner1] processing 1 unread messages (steer=True)
2026-08-10 03:20:31 | team | sess_cbeece6530c5 | INFO | Message d1064876-918a-4642-ba71-8e6187141647 marked as read by planner1
2026-08-10 03:21:00 | team | sess_cbeece6530c5 | INFO | [planner1] processing 1 unread messages (steer=True)
2026-08-10 03:21:00 | team | sess_cbeece6530c5 | INFO | Message 7749482f-e24b-4ec1-b8ef-756e5f95198e marked as read by planner1
2026-08-10 03:21:05 | team | sess_cbeece6530c5 | INFO | Message 42ad9449-eeca-4861-aa2e-5925e04cfefe created
2026-08-10 03:21:19 | team | sess_cbeece6530c5 | INFO | [planner1] processing 1 unread messages (steer=True)
2026-08-10 03:21:19 | team | sess_cbeece6530c5 | INFO | Message e5617c91-8b12-4193-b285-44b015ea0477 marked as read by planner1
2026-08-10 03:21:23 | team | sess_cbeece6530c5 | INFO | Message c922fbfb-a805-48dc-847f-ae80ad1f9d58 created
2026-08-10 03:23:58 | team | sess_cbeece6530c5 | INFO | task list drained for team jiuwen_team_sess_cbeece6530c5: 3 terminal task(s)
2026-08-10 03:24:11 | team | sess_cbeece6530c5 | INFO | [planner1] processing 1 unread messages (steer=True)
2026-08-10 03:24:11 | team | sess_cbeece6530c5 | INFO | Message 636b11b5-0fc8-4970-bd93-9be4c7901218 marked as read by planner1
2026-08-10 03:24:58 | team | sess_cbeece6530c5 | INFO | team jiuwen_team_sess_cbeece6530c5 reported completed: 9 members, 3 tasks
2026-08-10 03:24:58 | team | sess_cbeece6530c5 | INFO | [planner1] received TEAM_STANDBY, pausing polls
2026-08-10 03:24:58 | team | sess_cbeece6530c5 | INFO | EventBus[teammate] pausing polls
