2026-08-10 03:18:54 | team | sess_cbeece6530c5 | INFO | Team workspace directory ensured at /srv/jwteam_clone/shared/run_current
2026-08-10 03:18:54 | team | sess_cbeece6530c5 | INFO | AgentTeam manager initialized for jiuwen_team_sess_cbeece6530c5, member=team_leader
2026-08-10 03:18:54 | team | sess_cbeece6530c5 | INFO | [team_leader] TeamPolicyRail static sections: section_names=['team_role', 'team_workflow', 'team_swarmflow', 'team_lifecycle', 'team_persona']
2026-08-10 03:18:54 | team | sess_cbeece6530c5 | INFO | Session tables ready for session sess_cbeece6530c5
2026-08-10 03:18:54 | team | sess_cbeece6530c5 | INFO | Team database initialized
2026-08-10 03:18:54 | team | default_trace_id | INFO | Team workspace directory ensured at /srv/jwteam_clone/shared/run_current
2026-08-10 03:18:54 | team | default_trace_id | INFO | AgentTeam manager initialized for jiuwen_team_sess_cbeece6530c5, member=planner2
2026-08-10 03:18:54 | team | default_trace_id | INFO | [planner2] TeamPolicyRail static sections: section_names=['team_role', 'team_persona']
2026-08-10 03:18:54 | team | sess_cbeece6530c5 | INFO | [planner2] invoke start, role=teammate
2026-08-10 03:18:54 | team | sess_cbeece6530c5 | INFO | [planner2] coordination starting
2026-08-10 03:18:54 | team | sess_cbeece6530c5 | INFO | Session tables ready for session sess_cbeece6530c5
2026-08-10 03:18:54 | team | sess_cbeece6530c5 | INFO | Workspace /srv/jwteam_clone/shared/run_current initialized as plain shared directory (version_control disabled)
2026-08-10 03:18:54 | team | sess_cbeece6530c5 | INFO | EventBus[teammate] starting
2026-08-10 03:19:18 | team | sess_cbeece6530c5 | INFO | [planner2] HITT section refresh: human_agent_names=[]
2026-08-10 03:19:27 | team | sess_cbeece6530c5 | INFO | Task plan claimed by member planner2
2026-08-10 03:19:27 | team | sess_cbeece6530c5 | INFO | Task plan claimed by member planner2
2026-08-10 03:19:43 | team | sess_cbeece6530c5 | INFO | [planner2] processing 1 unread messages (steer=True)
2026-08-10 03:19:43 | team | sess_cbeece6530c5 | INFO | Message bae8a687-7c1f-4873-a21b-c432a10f9ced marked as read by planner2
2026-08-10 03:19:57 | team | sess_cbeece6530c5 | INFO | [planner2] processing 1 unread messages (steer=True)
2026-08-10 03:19:57 | team | sess_cbeece6530c5 | INFO | Message 4aecaee9-62ec-4dfe-ba1f-2a6537f0c899 marked as read by planner2
2026-08-10 03:19:59 | team | sess_cbeece6530c5 | INFO | Message 56e131b4-3410-476a-ab65-a7c5b29101b2 created
2026-08-10 03:20:04 | team | sess_cbeece6530c5 | INFO | Message 3508d97a-79c8-489f-b191-0ba799de3e34 created
2026-08-10 03:20:21 | team | sess_cbeece6530c5 | INFO | [planner2] processing 1 unread messages (steer=True)
2026-08-10 03:20:21 | team | sess_cbeece6530c5 | INFO | Message d3d31a78-fa1d-4fec-95b0-bc126b402f74 marked as read by planner2
2026-08-10 03:20:43 | team | sess_cbeece6530c5 | INFO | [planner2] processing 1 unread messages (steer=True)
2026-08-10 03:20:43 | team | sess_cbeece6530c5 | INFO | Message 11c7862f-87dd-4e01-917c-6d1070254579 marked as read by planner2
2026-08-10 03:20:44 | team | sess_cbeece6530c5 | INFO | Message d543de57-70b1-4820-a99c-2f247a9d958f created
2026-08-10 03:21:00 | team | sess_cbeece6530c5 | INFO | Message 6555d425-a82b-4160-9e82-2c0c825b2bb9 created
2026-08-10 03:21:00 | team | sess_cbeece6530c5 | INFO | Message 7749482f-e24b-4ec1-b8ef-756e5f95198e created
2026-08-10 03:21:05 | team | sess_cbeece6530c5 | INFO | Task plan completed at 1786328465574
2026-08-10 03:21:05 | team | sess_cbeece6530c5 | INFO | Resolved 1 dependencies for task plan
2026-08-10 03:21:05 | team | sess_cbeece6530c5 | INFO | Task implement unblocked (all deps resolved)
2026-08-10 03:21:05 | team | sess_cbeece6530c5 | INFO | Task plan completed
2026-08-10 03:21:05 | team | sess_cbeece6530c5 | INFO | Unblocked 1 tasks
2026-08-10 03:21:05 | team | sess_cbeece6530c5 | INFO | [planner2] processing 1 unread messages (steer=True)
2026-08-10 03:21:05 | team | sess_cbeece6530c5 | INFO | Message 42ad9449-eeca-4861-aa2e-5925e04cfefe marked as read by planner2
2026-08-10 03:21:18 | team | sess_cbeece6530c5 | INFO | Message e5617c91-8b12-4193-b285-44b015ea0477 created
2026-08-10 03:21:23 | team | sess_cbeece6530c5 | INFO | [planner2] processing 1 unread messages (steer=True)
2026-08-10 03:21:23 | team | sess_cbeece6530c5 | INFO | Message c922fbfb-a805-48dc-847f-ae80ad1f9d58 marked as read by planner2
2026-08-10 03:21:25 | team | sess_cbeece6530c5 | INFO | Message 5dd41797-ba73-40e9-bcfb-64a0b298f1ba created
2026-08-10 03:23:58 | team | sess_cbeece6530c5 | INFO | task list drained for team jiuwen_team_sess_cbeece6530c5: 3 terminal task(s)
2026-08-10 03:24:11 | team | sess_cbeece6530c5 | INFO | [planner2] processing 1 unread messages (steer=True)
2026-08-10 03:24:11 | team | sess_cbeece6530c5 | INFO | Message 636b11b5-0fc8-4970-bd93-9be4c7901218 marked as read by planner2
2026-08-10 03:24:58 | team | sess_cbeece6530c5 | INFO | team jiuwen_team_sess_cbeece6530c5 reported completed: 9 members, 3 tasks
2026-08-10 03:24:58 | team | sess_cbeece6530c5 | INFO | [planner2] received TEAM_STANDBY, pausing polls
2026-08-10 03:24:58 | team | sess_cbeece6530c5 | INFO | EventBus[teammate] pausing polls
