2026-08-10 03:18:55 | team | sess_cbeece6530c5 | INFO | Team workspace directory ensured at /srv/jwteam_clone/shared/run_current
2026-08-10 03:18:55 | team | sess_cbeece6530c5 | INFO | AgentTeam manager initialized for jiuwen_team_sess_cbeece6530c5, member=team_leader
2026-08-10 03:18:55 | team | sess_cbeece6530c5 | INFO | [team_leader] TeamPolicyRail static sections: section_names=['team_role', 'team_workflow', 'team_swarmflow', 'team_lifecycle', 'team_persona']
2026-08-10 03:18:55 | team | sess_cbeece6530c5 | INFO | Session tables ready for session sess_cbeece6530c5
2026-08-10 03:18:55 | team | sess_cbeece6530c5 | INFO | Team database initialized
2026-08-10 03:18:55 | team | default_trace_id | INFO | Team workspace directory ensured at /srv/jwteam_clone/shared/run_current
2026-08-10 03:18:55 | team | default_trace_id | INFO | AgentTeam manager initialized for jiuwen_team_sess_cbeece6530c5, member=executor1
2026-08-10 03:18:55 | team | default_trace_id | INFO | [executor1] TeamPolicyRail static sections: section_names=['team_role', 'team_persona']
2026-08-10 03:18:55 | team | sess_cbeece6530c5 | INFO | [executor1] invoke start, role=teammate
2026-08-10 03:18:55 | team | sess_cbeece6530c5 | INFO | [executor1] coordination starting
2026-08-10 03:18:55 | team | sess_cbeece6530c5 | INFO | Session tables ready for session sess_cbeece6530c5
2026-08-10 03:18:55 | team | sess_cbeece6530c5 | INFO | Workspace /srv/jwteam_clone/shared/run_current initialized as plain shared directory (version_control disabled)
2026-08-10 03:18:55 | team | sess_cbeece6530c5 | INFO | EventBus[teammate] starting
2026-08-10 03:19:18 | team | sess_cbeece6530c5 | INFO | [executor1] HITT section refresh: human_agent_names=[]
2026-08-10 03:19:36 | team | sess_cbeece6530c5 | INFO | Message 64114de7-1747-4559-8c4d-876ded650bd6 created
2026-08-10 03:19:51 | team | sess_cbeece6530c5 | INFO | [executor1] processing 1 unread messages (steer=True)
2026-08-10 03:19:51 | team | sess_cbeece6530c5 | INFO | Message f4c9df63-2b2a-4889-881e-b73f32bb21fc marked as read by executor1
2026-08-10 03:20:02 | team | sess_cbeece6530c5 | INFO | Message 21939808-7f4d-49c4-b1f7-c356fcddcbc3 created
2026-08-10 03:20:13 | team | sess_cbeece6530c5 | INFO | [executor1] processing 1 unread messages (steer=True)
2026-08-10 03:20:13 | team | sess_cbeece6530c5 | INFO | Message 3b8017a8-1775-48e2-8431-959e6a043754 marked as read by executor1
2026-08-10 03:20:19 | team | sess_cbeece6530c5 | INFO | Message 94f007f8-d739-4331-ab91-c18b6aeeb4c6 created
2026-08-10 03:20:27 | team | sess_cbeece6530c5 | INFO | [executor1] processing 1 unread messages (steer=True)
2026-08-10 03:20:27 | team | sess_cbeece6530c5 | INFO | Message c2a8078e-dd9c-4bd8-a972-2e73fe4d3361 marked as read by executor1
2026-08-10 03:20:31 | team | sess_cbeece6530c5 | INFO | Message d1064876-918a-4642-ba71-8e6187141647 created
2026-08-10 03:21:20 | team | sess_cbeece6530c5 | INFO | Message 725aa534-253b-458f-96df-a3a1638c9fe7 created
2026-08-10 03:22:30 | team | sess_cbeece6530c5 | INFO | [executor1] processing 1 unread messages (steer=True)
2026-08-10 03:22:30 | team | sess_cbeece6530c5 | INFO | Message 93cd590f-3a54-4b48-bbfb-5f92aa172607 marked as read by executor1
2026-08-10 03:22:33 | team | sess_cbeece6530c5 | INFO | Message 636e138d-0f03-4a45-ab3e-945ca3f7bf2a created
2026-08-10 03:22:38 | team | sess_cbeece6530c5 | INFO | Message 32c7d9d1-63c8-4947-b62b-3e6b135ef2b0 created
2026-08-10 03:23:25 | team | sess_cbeece6530c5 | INFO | [executor1] processing 1 unread messages (steer=True)
2026-08-10 03:23:25 | team | sess_cbeece6530c5 | INFO | Message f606361d-4890-458f-a070-6b143961e4d4 marked as read by executor1
2026-08-10 03:23:29 | team | sess_cbeece6530c5 | INFO | Message e7fffc42-fe9a-436a-a4c3-f639259f4f93 created
2026-08-10 03:23:58 | team | sess_cbeece6530c5 | INFO | task list drained for team jiuwen_team_sess_cbeece6530c5: 3 terminal task(s)
2026-08-10 03:24:11 | team | sess_cbeece6530c5 | INFO | [executor1] processing 1 unread messages (steer=True)
2026-08-10 03:24:11 | team | sess_cbeece6530c5 | INFO | Message 636b11b5-0fc8-4970-bd93-9be4c7901218 marked as read by executor1
2026-08-10 03:24:58 | team | sess_cbeece6530c5 | INFO | team jiuwen_team_sess_cbeece6530c5 reported completed: 9 members, 3 tasks
2026-08-10 03:24:58 | team | sess_cbeece6530c5 | INFO | [executor1] received TEAM_STANDBY, pausing polls
2026-08-10 03:24:58 | team | sess_cbeece6530c5 | INFO | EventBus[teammate] pausing polls
