2026-08-10 03:18:57 | team | sess_cbeece6530c5 | INFO | Team workspace directory ensured at /srv/jwteam_clone/shared/run_current
2026-08-10 03:18:57 | team | sess_cbeece6530c5 | INFO | AgentTeam manager initialized for jiuwen_team_sess_cbeece6530c5, member=team_leader
2026-08-10 03:18:57 | team | sess_cbeece6530c5 | INFO | [team_leader] TeamPolicyRail static sections: section_names=['team_role', 'team_workflow', 'team_swarmflow', 'team_lifecycle', 'team_persona']
2026-08-10 03:18:57 | team | sess_cbeece6530c5 | INFO | Session tables ready for session sess_cbeece6530c5
2026-08-10 03:18:57 | team | sess_cbeece6530c5 | INFO | Team database initialized
2026-08-10 03:18:57 | team | default_trace_id | INFO | Team workspace directory ensured at /srv/jwteam_clone/shared/run_current
2026-08-10 03:18:57 | team | default_trace_id | INFO | AgentTeam manager initialized for jiuwen_team_sess_cbeece6530c5, member=executor3
2026-08-10 03:18:57 | team | default_trace_id | INFO | [executor3] TeamPolicyRail static sections: section_names=['team_role', 'team_persona']
2026-08-10 03:18:57 | team | sess_cbeece6530c5 | INFO | [executor3] invoke start, role=teammate
2026-08-10 03:18:57 | team | sess_cbeece6530c5 | INFO | [executor3] coordination starting
2026-08-10 03:18:57 | team | sess_cbeece6530c5 | INFO | Session tables ready for session sess_cbeece6530c5
2026-08-10 03:18:57 | team | sess_cbeece6530c5 | INFO | Workspace /srv/jwteam_clone/shared/run_current initialized as plain shared directory (version_control disabled)
2026-08-10 03:18:57 | team | sess_cbeece6530c5 | INFO | EventBus[teammate] starting
2026-08-10 03:19:18 | team | sess_cbeece6530c5 | INFO | [executor3] HITT section refresh: human_agent_names=[]
2026-08-10 03:19:42 | team | sess_cbeece6530c5 | INFO | Message 7700aa73-cf7d-485f-bf58-e5b5f073ff83 created
2026-08-10 03:19:48 | team | sess_cbeece6530c5 | INFO | [executor3] processing 1 unread messages (steer=True)
2026-08-10 03:19:48 | team | sess_cbeece6530c5 | INFO | Message 2f890ca3-5182-4e01-a634-371f95f83c90 marked as read by executor3
2026-08-10 03:19:54 | team | sess_cbeece6530c5 | INFO | Message e88acd96-b260-47e4-9ba8-c0ba4bf54801 created
2026-08-10 03:23:58 | team | sess_cbeece6530c5 | INFO | task list drained for team jiuwen_team_sess_cbeece6530c5: 3 terminal task(s)
2026-08-10 03:24:11 | team | sess_cbeece6530c5 | INFO | [executor3] processing 1 unread messages (steer=True)
2026-08-10 03:24:11 | team | sess_cbeece6530c5 | INFO | Message 636b11b5-0fc8-4970-bd93-9be4c7901218 marked as read by executor3
2026-08-10 03:24:58 | team | sess_cbeece6530c5 | INFO | team jiuwen_team_sess_cbeece6530c5 reported completed: 9 members, 3 tasks
2026-08-10 03:24:58 | team | sess_cbeece6530c5 | INFO | [executor3] received TEAM_STANDBY, pausing polls
2026-08-10 03:24:58 | team | sess_cbeece6530c5 | INFO | EventBus[teammate] pausing polls
