2026-08-10 03:18:58 | team | sess_cbeece6530c5 | INFO | Team workspace directory ensured at /srv/jwteam_clone/shared/run_current
2026-08-10 03:18:58 | team | sess_cbeece6530c5 | INFO | AgentTeam manager initialized for jiuwen_team_sess_cbeece6530c5, member=team_leader
2026-08-10 03:18:58 | team | sess_cbeece6530c5 | INFO | [team_leader] TeamPolicyRail static sections: section_names=['team_role', 'team_workflow', 'team_swarmflow', 'team_lifecycle', 'team_persona']
2026-08-10 03:18:58 | team | sess_cbeece6530c5 | INFO | Session tables ready for session sess_cbeece6530c5
2026-08-10 03:18:58 | team | sess_cbeece6530c5 | INFO | Team database initialized
2026-08-10 03:18:58 | team | default_trace_id | INFO | Team workspace directory ensured at /srv/jwteam_clone/shared/run_current
2026-08-10 03:18:58 | team | default_trace_id | INFO | AgentTeam manager initialized for jiuwen_team_sess_cbeece6530c5, member=verifier1
2026-08-10 03:18:58 | team | default_trace_id | INFO | [verifier1] TeamPolicyRail static sections: section_names=['team_role', 'team_persona']
2026-08-10 03:18:58 | team | sess_cbeece6530c5 | INFO | [verifier1] invoke start, role=teammate
2026-08-10 03:18:58 | team | sess_cbeece6530c5 | INFO | [verifier1] coordination starting
2026-08-10 03:18:58 | team | sess_cbeece6530c5 | INFO | Session tables ready for session sess_cbeece6530c5
2026-08-10 03:18:58 | team | sess_cbeece6530c5 | INFO | Workspace /srv/jwteam_clone/shared/run_current initialized as plain shared directory (version_control disabled)
2026-08-10 03:18:58 | team | sess_cbeece6530c5 | INFO | EventBus[teammate] starting
2026-08-10 03:19:18 | team | sess_cbeece6530c5 | INFO | [verifier1] HITT section refresh: human_agent_names=[]
2026-08-10 03:19:38 | team | sess_cbeece6530c5 | INFO | Message 8f35f00d-0f36-493b-b527-982b9def34dc created
2026-08-10 03:19:51 | team | sess_cbeece6530c5 | INFO | [verifier1] processing 1 unread messages (steer=True)
2026-08-10 03:19:51 | team | sess_cbeece6530c5 | INFO | Message 5a4ee58b-c1d5-42ac-add5-97b2377bc7b2 marked as read by verifier1
2026-08-10 03:19:57 | team | sess_cbeece6530c5 | INFO | Message 9959b384-1052-464a-9126-b092e6684e06 created
2026-08-10 03:20:13 | team | sess_cbeece6530c5 | INFO | [verifier1] processing 1 unread messages (steer=True)
2026-08-10 03:20:13 | team | sess_cbeece6530c5 | INFO | Message b29df930-136d-4f22-acb9-23351d5d544e marked as read by verifier1
2026-08-10 03:21:12 | team | sess_cbeece6530c5 | INFO | Message 959ec5a3-19c4-4468-8a4c-ec399dfebcc0 created
2026-08-10 03:22:23 | team | sess_cbeece6530c5 | INFO | Task verify claimed by member verifier1
2026-08-10 03:22:23 | team | sess_cbeece6530c5 | INFO | Task verify claimed by member verifier1
2026-08-10 03:22:30 | team | sess_cbeece6530c5 | INFO | [verifier1] processing 1 unread messages (steer=True)
2026-08-10 03:22:30 | team | sess_cbeece6530c5 | INFO | Message 2a7b5b81-95dc-4ad0-8950-421d1652a479 marked as read by verifier1
2026-08-10 03:22:33 | team | sess_cbeece6530c5 | INFO | [verifier1] processing 1 unread messages (steer=True)
2026-08-10 03:22:33 | team | sess_cbeece6530c5 | INFO | Message 636e138d-0f03-4a45-ab3e-945ca3f7bf2a marked as read by verifier1
2026-08-10 03:22:36 | team | sess_cbeece6530c5 | INFO | [verifier1] processing 1 unread messages (steer=True)
2026-08-10 03:22:36 | team | sess_cbeece6530c5 | INFO | Message 90936938-7b59-4813-8b1c-e1955e5f49ad marked as read by verifier1
2026-08-10 03:22:37 | team | sess_cbeece6530c5 | INFO | [verifier1] processing 1 unread messages (steer=True)
2026-08-10 03:22:37 | team | sess_cbeece6530c5 | INFO | Message 93949ab9-335b-4123-b6d7-eb29e4ea3437 marked as read by verifier1
2026-08-10 03:23:25 | team | sess_cbeece6530c5 | INFO | Message f606361d-4890-458f-a070-6b143961e4d4 created
2026-08-10 03:23:25 | team | sess_cbeece6530c5 | INFO | Message eb58b848-019b-4fc7-8fb1-71e6ce07a5cb created
2026-08-10 03:23:25 | team | sess_cbeece6530c5 | INFO | Message 9eb2d709-8bcd-48f9-a10b-b7c5b7cfdd51 created
2026-08-10 03:23:25 | team | sess_cbeece6530c5 | INFO | Message 44fc71d9-0745-45bb-a422-86eff7aa0174 created
2026-08-10 03:23:29 | team | sess_cbeece6530c5 | INFO | [verifier1] processing 1 unread messages (steer=True)
2026-08-10 03:23:29 | team | sess_cbeece6530c5 | INFO | Message e7fffc42-fe9a-436a-a4c3-f639259f4f93 marked as read by verifier1
2026-08-10 03:23:31 | team | sess_cbeece6530c5 | INFO | [verifier1] processing 1 unread messages (steer=True)
2026-08-10 03:23:31 | team | sess_cbeece6530c5 | INFO | Message 6c269810-c151-4318-a09c-89ad93a24efb marked as read by verifier1
2026-08-10 03:23:33 | team | sess_cbeece6530c5 | INFO | [verifier1] processing 1 unread messages (steer=True)
2026-08-10 03:23:33 | team | sess_cbeece6530c5 | INFO | Message a5377320-b619-404e-a291-8c5f911d875b marked as read by verifier1
2026-08-10 03:23:58 | team | sess_cbeece6530c5 | INFO | Task verify completed at 1786328638745
2026-08-10 03:23:58 | team | sess_cbeece6530c5 | INFO | Message fc01a5f8-a91c-45e3-aa74-f65187556494 created
2026-08-10 03:23:58 | team | sess_cbeece6530c5 | INFO | Task verify completed
2026-08-10 03:24:11 | team | sess_cbeece6530c5 | INFO | [verifier1] processing 1 unread messages (steer=True)
2026-08-10 03:24:11 | team | sess_cbeece6530c5 | INFO | Message 636b11b5-0fc8-4970-bd93-9be4c7901218 marked as read by verifier1
2026-08-10 03:24:11 | team | sess_cbeece6530c5 | INFO | [verifier1] processing 1 unread messages (steer=True)
2026-08-10 03:24:11 | team | sess_cbeece6530c5 | INFO | Message f91aff27-0d9d-4cbf-90b0-02f13efa2936 marked as read by verifier1
2026-08-10 03:24:20 | team | sess_cbeece6530c5 | INFO | [verifier1] processing 1 unread messages (steer=True)
2026-08-10 03:24:20 | team | sess_cbeece6530c5 | INFO | Message ba1dfa26-8500-402f-b742-1dc31a857c21 marked as read by verifier1
2026-08-10 03:24:58 | team | sess_cbeece6530c5 | INFO | team jiuwen_team_sess_cbeece6530c5 reported completed: 9 members, 3 tasks
2026-08-10 03:24:58 | team | sess_cbeece6530c5 | INFO | [verifier1] received TEAM_STANDBY, pausing polls
2026-08-10 03:24:58 | team | sess_cbeece6530c5 | INFO | EventBus[teammate] pausing polls
