2026-08-10 03:18:59 | team | sess_cbeece6530c5 | INFO | Team workspace directory ensured at /srv/jwteam_clone/shared/run_current
2026-08-10 03:18:59 | team | sess_cbeece6530c5 | INFO | AgentTeam manager initialized for jiuwen_team_sess_cbeece6530c5, member=team_leader
2026-08-10 03:18:59 | team | sess_cbeece6530c5 | INFO | [team_leader] TeamPolicyRail static sections: section_names=['team_role', 'team_workflow', 'team_swarmflow', 'team_lifecycle', 'team_persona']
2026-08-10 03:18:59 | team | sess_cbeece6530c5 | INFO | Session tables ready for session sess_cbeece6530c5
2026-08-10 03:18:59 | team | sess_cbeece6530c5 | INFO | Team database initialized
2026-08-10 03:18:59 | team | default_trace_id | INFO | Team workspace directory ensured at /srv/jwteam_clone/shared/run_current
2026-08-10 03:18:59 | team | default_trace_id | INFO | AgentTeam manager initialized for jiuwen_team_sess_cbeece6530c5, member=verifier2
2026-08-10 03:18:59 | team | default_trace_id | INFO | [verifier2] TeamPolicyRail static sections: section_names=['team_role', 'team_persona']
2026-08-10 03:18:59 | team | sess_cbeece6530c5 | INFO | [verifier2] invoke start, role=teammate
2026-08-10 03:18:59 | team | sess_cbeece6530c5 | INFO | [verifier2] coordination starting
2026-08-10 03:18:59 | team | sess_cbeece6530c5 | INFO | Session tables ready for session sess_cbeece6530c5
2026-08-10 03:18:59 | team | sess_cbeece6530c5 | INFO | Workspace /srv/jwteam_clone/shared/run_current initialized as plain shared directory (version_control disabled)
2026-08-10 03:18:59 | team | sess_cbeece6530c5 | INFO | EventBus[teammate] starting
2026-08-10 03:19:18 | team | sess_cbeece6530c5 | INFO | [verifier2] HITT section refresh: human_agent_names=[]
2026-08-10 03:22:36 | team | sess_cbeece6530c5 | INFO | Message 90936938-7b59-4813-8b1c-e1955e5f49ad created
2026-08-10 03:23:25 | team | sess_cbeece6530c5 | INFO | [verifier2] processing 1 unread messages (steer=True)
2026-08-10 03:23:25 | team | sess_cbeece6530c5 | INFO | Message 9eb2d709-8bcd-48f9-a10b-b7c5b7cfdd51 marked as read by verifier2
2026-08-10 03:23:58 | team | sess_cbeece6530c5 | INFO | task list drained for team jiuwen_team_sess_cbeece6530c5: 3 terminal task(s)
2026-08-10 03:24:11 | team | sess_cbeece6530c5 | INFO | [verifier2] processing 1 unread messages (steer=True)
2026-08-10 03:24:11 | team | sess_cbeece6530c5 | INFO | Message 636b11b5-0fc8-4970-bd93-9be4c7901218 marked as read by verifier2
2026-08-10 03:24:20 | team | sess_cbeece6530c5 | INFO | Message ba1dfa26-8500-402f-b742-1dc31a857c21 created
2026-08-10 03:24:58 | team | sess_cbeece6530c5 | INFO | team jiuwen_team_sess_cbeece6530c5 reported completed: 9 members, 3 tasks
2026-08-10 03:24:58 | team | sess_cbeece6530c5 | INFO | [verifier2] received TEAM_STANDBY, pausing polls
2026-08-10 03:24:58 | team | sess_cbeece6530c5 | INFO | EventBus[teammate] pausing polls
