2026-08-10 03:18:56 | team | sess_cbeece6530c5 | INFO | Team workspace directory ensured at /srv/jwteam_clone/shared/run_current
2026-08-10 03:18:56 | team | sess_cbeece6530c5 | INFO | AgentTeam manager initialized for jiuwen_team_sess_cbeece6530c5, member=team_leader
2026-08-10 03:18:56 | team | sess_cbeece6530c5 | INFO | [team_leader] TeamPolicyRail static sections: section_names=['team_role', 'team_workflow', 'team_swarmflow', 'team_lifecycle', 'team_persona']
2026-08-10 03:18:56 | team | sess_cbeece6530c5 | INFO | Session tables ready for session sess_cbeece6530c5
2026-08-10 03:18:56 | team | sess_cbeece6530c5 | INFO | Team database initialized
2026-08-10 03:18:56 | team | default_trace_id | INFO | Team workspace directory ensured at /srv/jwteam_clone/shared/run_current
2026-08-10 03:18:56 | team | default_trace_id | INFO | AgentTeam manager initialized for jiuwen_team_sess_cbeece6530c5, member=executor2
2026-08-10 03:18:56 | team | default_trace_id | INFO | [executor2] TeamPolicyRail static sections: section_names=['team_role', 'team_persona']
2026-08-10 03:18:56 | team | sess_cbeece6530c5 | INFO | [executor2] invoke start, role=teammate
2026-08-10 03:18:56 | team | sess_cbeece6530c5 | INFO | [executor2] coordination starting
2026-08-10 03:18:56 | team | sess_cbeece6530c5 | INFO | Session tables ready for session sess_cbeece6530c5
2026-08-10 03:18:56 | team | sess_cbeece6530c5 | INFO | Workspace /srv/jwteam_clone/shared/run_current initialized as plain shared directory (version_control disabled)
2026-08-10 03:18:56 | team | sess_cbeece6530c5 | INFO | EventBus[teammate] starting
2026-08-10 03:19:18 | team | sess_cbeece6530c5 | INFO | [executor2] HITT section refresh: human_agent_names=[]
2026-08-10 03:20:44 | team | sess_cbeece6530c5 | INFO | [executor2] processing 1 unread messages (steer=True)
2026-08-10 03:20:45 | team | sess_cbeece6530c5 | INFO | Message d543de57-70b1-4820-a99c-2f247a9d958f marked as read by executor2
2026-08-10 03:21:07 | team | sess_cbeece6530c5 | INFO | Task implement claimed by member executor2
2026-08-10 03:21:07 | team | sess_cbeece6530c5 | INFO | Task implement claimed by member executor2
2026-08-10 03:21:12 | team | sess_cbeece6530c5 | INFO | [executor2] processing 1 unread messages (steer=True)
2026-08-10 03:21:12 | team | sess_cbeece6530c5 | INFO | Message 959ec5a3-19c4-4468-8a4c-ec399dfebcc0 marked as read by executor2
2026-08-10 03:21:20 | team | sess_cbeece6530c5 | INFO | [executor2] processing 1 unread messages (steer=True)
2026-08-10 03:21:20 | team | sess_cbeece6530c5 | INFO | Message 725aa534-253b-458f-96df-a3a1638c9fe7 marked as read by executor2
2026-08-10 03:21:32 | team | sess_cbeece6530c5 | INFO | [executor2] processing 1 unread messages (steer=True)
2026-08-10 03:21:32 | team | sess_cbeece6530c5 | INFO | Message 0a1f7297-8d1d-45ec-b0cf-c30c13c753e7 marked as read by executor2
2026-08-10 03:22:18 | team | sess_cbeece6530c5 | INFO | Task implement completed at 1786328538744
2026-08-10 03:22:18 | team | sess_cbeece6530c5 | INFO | Resolved 1 dependencies for task implement
2026-08-10 03:22:18 | team | sess_cbeece6530c5 | INFO | Task verify unblocked (all deps resolved)
2026-08-10 03:22:18 | team | sess_cbeece6530c5 | INFO | Task implement completed
2026-08-10 03:22:18 | team | sess_cbeece6530c5 | INFO | Unblocked 1 tasks
2026-08-10 03:22:30 | team | sess_cbeece6530c5 | INFO | Message 93cd590f-3a54-4b48-bbfb-5f92aa172607 created
2026-08-10 03:22:30 | team | sess_cbeece6530c5 | INFO | Message 2a7b5b81-95dc-4ad0-8950-421d1652a479 created
2026-08-10 03:22:30 | team | sess_cbeece6530c5 | INFO | Message cb3f7486-e888-465f-ad40-51c32929b5f2 created
2026-08-10 03:22:38 | team | sess_cbeece6530c5 | INFO | [executor2] processing 1 unread messages (steer=True)
2026-08-10 03:22:38 | team | sess_cbeece6530c5 | INFO | Message 32c7d9d1-63c8-4947-b62b-3e6b135ef2b0 marked as read by executor2
2026-08-10 03:22:43 | team | sess_cbeece6530c5 | INFO | [executor2] processing 1 unread messages (steer=True)
2026-08-10 03:22:43 | team | sess_cbeece6530c5 | INFO | Message e38b77d9-3b9d-4db5-b8e4-51d61b4b39c7 marked as read by executor2
2026-08-10 03:22:51 | team | sess_cbeece6530c5 | INFO | Message 0aa79727-1667-485c-9efe-7442b1ba012a created
2026-08-10 03:23:25 | team | sess_cbeece6530c5 | INFO | [executor2] processing 1 unread messages (steer=True)
2026-08-10 03:23:25 | team | sess_cbeece6530c5 | INFO | Message 44fc71d9-0745-45bb-a422-86eff7aa0174 marked as read by executor2
2026-08-10 03:23:31 | team | sess_cbeece6530c5 | INFO | Message 6c269810-c151-4318-a09c-89ad93a24efb created
2026-08-10 03:23:58 | team | sess_cbeece6530c5 | INFO | task list drained for team jiuwen_team_sess_cbeece6530c5: 3 terminal task(s)
2026-08-10 03:24:11 | team | sess_cbeece6530c5 | INFO | [executor2] processing 1 unread messages (steer=True)
2026-08-10 03:24:11 | team | sess_cbeece6530c5 | INFO | Message 636b11b5-0fc8-4970-bd93-9be4c7901218 marked as read by executor2
2026-08-10 03:24:58 | team | sess_cbeece6530c5 | INFO | team jiuwen_team_sess_cbeece6530c5 reported completed: 9 members, 3 tasks
2026-08-10 03:24:58 | team | sess_cbeece6530c5 | INFO | [executor2] received TEAM_STANDBY, pausing polls
2026-08-10 03:24:58 | team | sess_cbeece6530c5 | INFO | EventBus[teammate] pausing polls
