2026-08-10 03:19:00 | team | sess_cbeece6530c5 | INFO | Team workspace directory ensured at /srv/jwteam_clone/shared/run_current
2026-08-10 03:19:00 | team | sess_cbeece6530c5 | INFO | AgentTeam manager initialized for jiuwen_team_sess_cbeece6530c5, member=team_leader
2026-08-10 03:19:00 | team | sess_cbeece6530c5 | INFO | [team_leader] TeamPolicyRail static sections: section_names=['team_role', 'team_workflow', 'team_swarmflow', 'team_lifecycle', 'team_persona']
2026-08-10 03:19:00 | team | sess_cbeece6530c5 | INFO | Session tables ready for session sess_cbeece6530c5
2026-08-10 03:19:00 | team | sess_cbeece6530c5 | INFO | Team database initialized
2026-08-10 03:19:00 | team | default_trace_id | INFO | Team workspace directory ensured at /srv/jwteam_clone/shared/run_current
2026-08-10 03:19:00 | team | default_trace_id | INFO | AgentTeam manager initialized for jiuwen_team_sess_cbeece6530c5, member=fullstack1
2026-08-10 03:19:00 | team | default_trace_id | INFO | [fullstack1] TeamPolicyRail static sections: section_names=['team_role', 'team_persona']
2026-08-10 03:19:00 | team | sess_cbeece6530c5 | INFO | [fullstack1] invoke start, role=teammate
2026-08-10 03:19:00 | team | sess_cbeece6530c5 | INFO | [fullstack1] coordination starting
2026-08-10 03:19:00 | team | sess_cbeece6530c5 | INFO | Session tables ready for session sess_cbeece6530c5
2026-08-10 03:19:00 | team | sess_cbeece6530c5 | INFO | Workspace /srv/jwteam_clone/shared/run_current initialized as plain shared directory (version_control disabled)
2026-08-10 03:19:00 | team | sess_cbeece6530c5 | INFO | EventBus[teammate] starting
2026-08-10 03:19:18 | team | sess_cbeece6530c5 | INFO | [fullstack1] HITT section refresh: human_agent_names=[]
2026-08-10 03:19:43 | team | sess_cbeece6530c5 | INFO | Message bae8a687-7c1f-4873-a21b-c432a10f9ced created
2026-08-10 03:19:59 | team | sess_cbeece6530c5 | INFO | [fullstack1] processing 1 unread messages (steer=True)
2026-08-10 03:19:59 | team | sess_cbeece6530c5 | INFO | Message 56e131b4-3410-476a-ab65-a7c5b29101b2 marked as read by fullstack1
2026-08-10 03:20:43 | team | sess_cbeece6530c5 | INFO | Message 11c7862f-87dd-4e01-917c-6d1070254579 created
2026-08-10 03:21:00 | team | sess_cbeece6530c5 | INFO | [fullstack1] processing 1 unread messages (steer=True)
2026-08-10 03:21:00 | team | sess_cbeece6530c5 | INFO | Message 6555d425-a82b-4160-9e82-2c0c825b2bb9 marked as read by fullstack1
2026-08-10 03:21:32 | team | sess_cbeece6530c5 | INFO | Message 0a1f7297-8d1d-45ec-b0cf-c30c13c753e7 created
2026-08-10 03:22:08 | team | sess_cbeece6530c5 | INFO | Message 8080322d-dbea-410c-83b2-515e34cacae1 created
2026-08-10 03:22:19 | team | sess_cbeece6530c5 | INFO | [fullstack1] processing 1 unread messages (steer=True)
2026-08-10 03:22:19 | team | sess_cbeece6530c5 | INFO | Message b1e4ebb8-2e26-4ae3-8873-4277738685cf marked as read by fullstack1
2026-08-10 03:22:30 | team | sess_cbeece6530c5 | INFO | [fullstack1] processing 1 unread messages (steer=True)
2026-08-10 03:22:30 | team | sess_cbeece6530c5 | INFO | Message cb3f7486-e888-465f-ad40-51c32929b5f2 marked as read by fullstack1
2026-08-10 03:22:37 | team | sess_cbeece6530c5 | INFO | Message 687c356e-e7a4-4423-86d5-078e3b160d0e created
2026-08-10 03:22:37 | team | sess_cbeece6530c5 | INFO | Message 93949ab9-335b-4123-b6d7-eb29e4ea3437 created
2026-08-10 03:22:43 | team | sess_cbeece6530c5 | INFO | Message e38b77d9-3b9d-4db5-b8e4-51d61b4b39c7 created
2026-08-10 03:22:51 | team | sess_cbeece6530c5 | INFO | [fullstack1] processing 1 unread messages (steer=True)
2026-08-10 03:22:51 | team | sess_cbeece6530c5 | INFO | Message 0aa79727-1667-485c-9efe-7442b1ba012a marked as read by fullstack1
2026-08-10 03:23:25 | team | sess_cbeece6530c5 | INFO | [fullstack1] processing 1 unread messages (steer=True)
2026-08-10 03:23:25 | team | sess_cbeece6530c5 | INFO | Message eb58b848-019b-4fc7-8fb1-71e6ce07a5cb marked as read by fullstack1
2026-08-10 03:23:33 | team | sess_cbeece6530c5 | INFO | Message a5377320-b619-404e-a291-8c5f911d875b created
2026-08-10 03:23:58 | team | sess_cbeece6530c5 | INFO | [fullstack1] processing 1 unread messages (steer=True)
2026-08-10 03:23:58 | team | sess_cbeece6530c5 | INFO | Message fc01a5f8-a91c-45e3-aa74-f65187556494 marked as read by fullstack1
2026-08-10 03:23:58 | team | sess_cbeece6530c5 | INFO | task list drained for team jiuwen_team_sess_cbeece6530c5: 3 terminal task(s)
2026-08-10 03:24:11 | team | sess_cbeece6530c5 | INFO | [fullstack1] processing 1 unread messages (steer=True)
2026-08-10 03:24:11 | team | sess_cbeece6530c5 | INFO | Message 636b11b5-0fc8-4970-bd93-9be4c7901218 marked as read by fullstack1
2026-08-10 03:24:11 | team | sess_cbeece6530c5 | INFO | Message f91aff27-0d9d-4cbf-90b0-02f13efa2936 created
2026-08-10 03:24:33 | team | sess_cbeece6530c5 | INFO | Message fbe6bc6a-03af-4cab-828b-0b67aafea539 created
2026-08-10 03:24:58 | team | sess_cbeece6530c5 | INFO | team jiuwen_team_sess_cbeece6530c5 reported completed: 9 members, 3 tasks
2026-08-10 03:24:58 | team | sess_cbeece6530c5 | INFO | [fullstack1] received TEAM_STANDBY, pausing polls
2026-08-10 03:24:58 | team | sess_cbeece6530c5 | INFO | EventBus[teammate] pausing polls
