2026-08-09 22:42:24 | team | sess_ac68b106918f | INFO | Team workspace directory ensured at /srv/jwteam_clone/shared/run_current
2026-08-09 22:42:24 | team | sess_ac68b106918f | INFO | AgentTeam manager initialized for jiuwen_team_sess_ac68b106918f, member=team_leader
2026-08-09 22:42:24 | team | sess_ac68b106918f | INFO | [team_leader] TeamPolicyRail static sections: section_names=['team_role', 'team_workflow', 'team_swarmflow', 'team_lifecycle', 'team_persona']
2026-08-09 22:42:24 | team | sess_ac68b106918f | INFO | Session tables ready for session sess_ac68b106918f
2026-08-09 22:42:24 | team | sess_ac68b106918f | INFO | Team database initialized
2026-08-09 22:42:24 | team | default_trace_id | INFO | Team workspace directory ensured at /srv/jwteam_clone/shared/run_current
2026-08-09 22:42:24 | team | default_trace_id | INFO | AgentTeam manager initialized for jiuwen_team_sess_ac68b106918f, member=verifier2
2026-08-09 22:42:24 | team | default_trace_id | INFO | [verifier2] TeamPolicyRail static sections: section_names=['team_role', 'team_persona']
2026-08-09 22:42:24 | team | sess_ac68b106918f | INFO | [verifier2] invoke start, role=teammate
2026-08-09 22:42:24 | team | sess_ac68b106918f | INFO | [verifier2] coordination starting
2026-08-09 22:42:24 | team | sess_ac68b106918f | INFO | Session tables ready for session sess_ac68b106918f
2026-08-09 22:42:24 | team | sess_ac68b106918f | INFO | Workspace /srv/jwteam_clone/shared/run_current initialized as plain shared directory (version_control disabled)
2026-08-09 22:42:24 | team | sess_ac68b106918f | INFO | EventBus[teammate] starting
2026-08-09 22:42:44 | team | sess_ac68b106918f | INFO | [verifier2] HITT section refresh: human_agent_names=[]
2026-08-09 22:42:56 | team | sess_ac68b106918f | INFO | [verifier2] processing 1 unread messages (steer=True)
2026-08-09 22:42:56 | team | sess_ac68b106918f | INFO | Message a40d1228-a8f2-402f-b686-b18c63aa1c8c marked as read by verifier2
2026-08-09 22:45:30 | team | sess_ac68b106918f | INFO | Message 6b16a80c-2779-42d5-893a-e8743a798586 created
2026-08-09 22:45:52 | team | sess_ac68b106918f | INFO | [verifier2] processing 1 unread messages (steer=True)
2026-08-09 22:45:52 | team | sess_ac68b106918f | INFO | Message b3727a7c-b5c3-449e-9923-fe36d83d7829 marked as read by verifier2
2026-08-09 22:46:04 | team | sess_ac68b106918f | INFO | Message 987f1fa8-2383-407c-81b2-0cbaf85eada7 created
2026-08-09 22:51:35 | team | sess_ac68b106918f | INFO | Message 9560a427-ecdb-4cfe-9912-770a2e2ec178 created
2026-08-09 22:51:50 | team | sess_ac68b106918f | INFO | [verifier2] processing 1 unread messages (steer=True)
2026-08-09 22:51:50 | team | sess_ac68b106918f | INFO | Message d9b0e74e-4909-4c60-b029-782870a310c6 marked as read by verifier2
2026-08-09 22:53:33 | team | sess_ac68b106918f | INFO | Message eca76d97-f8e6-4a72-8c63-b1fa85f3537f created
2026-08-09 22:54:32 | team | sess_ac68b106918f | INFO | [verifier2] processing 1 unread messages (steer=True)
2026-08-09 22:54:32 | team | sess_ac68b106918f | INFO | Message a86990d7-bde1-4b42-81bf-90865390457e marked as read by verifier2
