2026-08-09 22:42:23 | team | sess_ac68b106918f | INFO | Team workspace directory ensured at /srv/jwteam_clone/shared/run_current
2026-08-09 22:42:23 | team | sess_ac68b106918f | INFO | AgentTeam manager initialized for jiuwen_team_sess_ac68b106918f, member=team_leader
2026-08-09 22:42:23 | team | sess_ac68b106918f | INFO | [team_leader] TeamPolicyRail static sections: section_names=['team_role', 'team_workflow', 'team_swarmflow', 'team_lifecycle', 'team_persona']
2026-08-09 22:42:23 | team | sess_ac68b106918f | INFO | Session tables ready for session sess_ac68b106918f
2026-08-09 22:42:23 | team | sess_ac68b106918f | INFO | Team database initialized
2026-08-09 22:42:23 | team | default_trace_id | INFO | Team workspace directory ensured at /srv/jwteam_clone/shared/run_current
2026-08-09 22:42:23 | team | default_trace_id | INFO | AgentTeam manager initialized for jiuwen_team_sess_ac68b106918f, member=verifier1
2026-08-09 22:42:23 | team | default_trace_id | INFO | [verifier1] TeamPolicyRail static sections: section_names=['team_role', 'team_persona']
2026-08-09 22:42:23 | team | sess_ac68b106918f | INFO | [verifier1] invoke start, role=teammate
2026-08-09 22:42:23 | team | sess_ac68b106918f | INFO | [verifier1] coordination starting
2026-08-09 22:42:23 | team | sess_ac68b106918f | INFO | Session tables ready for session sess_ac68b106918f
2026-08-09 22:42:23 | team | sess_ac68b106918f | INFO | Workspace /srv/jwteam_clone/shared/run_current initialized as plain shared directory (version_control disabled)
2026-08-09 22:42:23 | team | sess_ac68b106918f | INFO | EventBus[teammate] starting
2026-08-09 22:42:44 | team | sess_ac68b106918f | INFO | [verifier1] HITT section refresh: human_agent_names=[]
2026-08-09 22:42:56 | team | sess_ac68b106918f | INFO | [verifier1] processing 1 unread messages (steer=True)
2026-08-09 22:42:56 | team | sess_ac68b106918f | INFO | Message a40d1228-a8f2-402f-b686-b18c63aa1c8c marked as read by verifier1
2026-08-09 22:45:30 | team | sess_ac68b106918f | INFO | [verifier1] processing 1 unread messages (steer=True)
2026-08-09 22:45:30 | team | sess_ac68b106918f | INFO | Message 6b16a80c-2779-42d5-893a-e8743a798586 marked as read by verifier1
2026-08-09 22:45:52 | team | sess_ac68b106918f | INFO | Message b3727a7c-b5c3-449e-9923-fe36d83d7829 created
2026-08-09 22:46:04 | team | sess_ac68b106918f | INFO | [verifier1] processing 1 unread messages (steer=True)
2026-08-09 22:46:05 | team | sess_ac68b106918f | INFO | Message 987f1fa8-2383-407c-81b2-0cbaf85eada7 marked as read by verifier1
2026-08-09 22:47:12 | team | sess_ac68b106918f | INFO | [verifier1] processing 1 unread messages (steer=True)
2026-08-09 22:47:12 | team | sess_ac68b106918f | INFO | Message 67d22933-d943-43b7-a853-a1d1b42ae508 marked as read by verifier1
2026-08-09 22:47:18 | team | sess_ac68b106918f | INFO | Message bd8180df-09cc-49cf-9914-bacb7080d25d created
2026-08-09 22:50:12 | team | sess_ac68b106918f | INFO | [verifier1] processing 1 unread messages (steer=True)
2026-08-09 22:50:12 | team | sess_ac68b106918f | INFO | Message cce699d3-176b-4f55-ad02-e5d75ad66c9e marked as read by verifier1
2026-08-09 22:50:21 | team | sess_ac68b106918f | INFO | Message ea3b0b19-e5c1-47f2-9e49-1e8f44790745 created
2026-08-09 22:50:31 | team | sess_ac68b106918f | INFO | [verifier1] processing 1 unread messages (steer=True)
2026-08-09 22:50:31 | team | sess_ac68b106918f | INFO | Message 6d05c310-c56b-45b2-9c1c-b753babc4e47 marked as read by verifier1
2026-08-09 22:51:22 | team | sess_ac68b106918f | INFO | [verifier1] processing 1 unread messages (steer=True)
2026-08-09 22:51:23 | team | sess_ac68b106918f | INFO | Message ca665fe9-7689-487b-80cd-1a1e6dbe3e7f marked as read by verifier1
2026-08-09 22:51:28 | team | sess_ac68b106918f | INFO | Message c29661d6-8194-4792-b564-b5d4ad4a9d73 created
2026-08-09 22:51:35 | team | sess_ac68b106918f | INFO | [verifier1] processing 1 unread messages (steer=True)
2026-08-09 22:51:35 | team | sess_ac68b106918f | INFO | Message 9560a427-ecdb-4cfe-9912-770a2e2ec178 marked as read by verifier1
2026-08-09 22:51:39 | team | sess_ac68b106918f | INFO | [verifier1] processing 1 unread messages (steer=True)
2026-08-09 22:51:39 | team | sess_ac68b106918f | INFO | Message abf5b3de-f962-4697-8fd5-88e3fa46bcf4 marked as read by verifier1
2026-08-09 22:51:41 | team | sess_ac68b106918f | INFO | Task verify claimed by member verifier1
2026-08-09 22:51:41 | team | sess_ac68b106918f | INFO | Task verify claimed by member verifier1
2026-08-09 22:51:45 | team | sess_ac68b106918f | INFO | [verifier1] processing 1 unread messages (steer=True)
2026-08-09 22:51:45 | team | sess_ac68b106918f | INFO | Message 10cc7b89-0b2d-4326-a09a-139736cfcf5c marked as read by verifier1
2026-08-09 22:51:50 | team | sess_ac68b106918f | INFO | Message d9b0e74e-4909-4c60-b029-782870a310c6 created
2026-08-09 22:51:50 | team | sess_ac68b106918f | INFO | Message ed5ced74-44bb-4438-969b-6168afb35bd5 created
2026-08-09 22:52:00 | team | sess_ac68b106918f | INFO | [verifier1] processing 1 unread messages (steer=True)
2026-08-09 22:52:00 | team | sess_ac68b106918f | INFO | Message bf403562-ebd6-4e94-9e2c-531360a51879 marked as read by verifier1
2026-08-09 22:52:36 | team | sess_ac68b106918f | INFO | Message 2413313a-8249-446d-8ac5-61159c94dbe6 created
2026-08-09 22:52:36 | team | sess_ac68b106918f | INFO | Message a748e171-8ba4-49de-b6ea-ed6fc3432bd8 created
2026-08-09 22:52:48 | team | sess_ac68b106918f | INFO | [verifier1] processing 1 unread messages (steer=True)
2026-08-09 22:52:48 | team | sess_ac68b106918f | INFO | Message b1d76842-c181-410e-895e-01931a01f6e8 marked as read by verifier1
2026-08-09 22:53:33 | team | sess_ac68b106918f | INFO | [verifier1] processing 1 unread messages (steer=True)
2026-08-09 22:53:33 | team | sess_ac68b106918f | INFO | Message eca76d97-f8e6-4a72-8c63-b1fa85f3537f marked as read by verifier1
2026-08-09 22:54:32 | team | sess_ac68b106918f | INFO | Message a86990d7-bde1-4b42-81bf-90865390457e created
