2026-08-09 22:42:20 | team | sess_ac68b106918f | INFO | Team workspace directory ensured at /srv/jwteam_clone/shared/run_current
2026-08-09 22:42:20 | team | sess_ac68b106918f | INFO | AgentTeam manager initialized for jiuwen_team_sess_ac68b106918f, member=team_leader
2026-08-09 22:42:20 | team | sess_ac68b106918f | INFO | [team_leader] TeamPolicyRail static sections: section_names=['team_role', 'team_workflow', 'team_swarmflow', 'team_lifecycle', 'team_persona']
2026-08-09 22:42:20 | team | sess_ac68b106918f | INFO | Session tables ready for session sess_ac68b106918f
2026-08-09 22:42:20 | team | sess_ac68b106918f | INFO | Team database initialized
2026-08-09 22:42:20 | team | default_trace_id | INFO | Team workspace directory ensured at /srv/jwteam_clone/shared/run_current
2026-08-09 22:42:20 | team | default_trace_id | INFO | AgentTeam manager initialized for jiuwen_team_sess_ac68b106918f, member=executor1
2026-08-09 22:42:20 | team | default_trace_id | INFO | [executor1] TeamPolicyRail static sections: section_names=['team_role', 'team_persona']
2026-08-09 22:42:20 | team | sess_ac68b106918f | INFO | [executor1] invoke start, role=teammate
2026-08-09 22:42:20 | team | sess_ac68b106918f | INFO | [executor1] coordination starting
2026-08-09 22:42:20 | team | sess_ac68b106918f | INFO | Session tables ready for session sess_ac68b106918f
2026-08-09 22:42:20 | team | sess_ac68b106918f | INFO | Workspace /srv/jwteam_clone/shared/run_current initialized as plain shared directory (version_control disabled)
2026-08-09 22:42:20 | team | sess_ac68b106918f | INFO | EventBus[teammate] starting
2026-08-09 22:42:44 | team | sess_ac68b106918f | INFO | [executor1] HITT section refresh: human_agent_names=[]
2026-08-09 22:42:56 | team | sess_ac68b106918f | INFO | [executor1] processing 1 unread messages (steer=True)
2026-08-09 22:42:56 | team | sess_ac68b106918f | INFO | Message a40d1228-a8f2-402f-b686-b18c63aa1c8c marked as read by executor1
2026-08-09 22:43:51 | team | sess_ac68b106918f | INFO | [executor1] processing 1 unread messages (steer=True)
2026-08-09 22:43:51 | team | sess_ac68b106918f | INFO | Message 611b98a7-3c54-41a1-9152-e6fb6ee0dce1 marked as read by executor1
2026-08-09 22:44:08 | team | sess_ac68b106918f | INFO | Message f6776d0c-eebe-4666-9700-2792ebb58b8d created
2026-08-09 22:44:26 | team | sess_ac68b106918f | INFO | [executor1] processing 1 unread messages (steer=True)
2026-08-09 22:44:26 | team | sess_ac68b106918f | INFO | Message 35d3c0b2-a4af-42e4-9fbe-e350b48958f9 marked as read by executor1
2026-08-09 22:44:36 | team | sess_ac68b106918f | INFO | Message 6f749da2-d3db-4f37-b8de-fa29557dcb6d created
2026-08-09 22:44:59 | team | sess_ac68b106918f | INFO | [executor1] processing 1 unread messages (steer=True)
2026-08-09 22:44:59 | team | sess_ac68b106918f | INFO | Message 7bc2dbff-b33b-41e2-9da2-ebc595b8f6c5 marked as read by executor1
2026-08-09 22:45:17 | team | sess_ac68b106918f | INFO | Message fd62ae18-8ee5-4346-a332-12bc025c841f created
2026-08-09 22:45:17 | team | sess_ac68b106918f | INFO | Task extend-tests claimed by member executor1
2026-08-09 22:45:17 | team | sess_ac68b106918f | INFO | Task extend-tests claimed by member executor1
2026-08-09 22:45:28 | team | sess_ac68b106918f | INFO | [executor1] processing 1 unread messages (steer=True)
2026-08-09 22:45:28 | team | sess_ac68b106918f | INFO | Message 3f8d21c1-bc63-4046-91c4-84e6f98322dc marked as read by executor1
2026-08-09 22:47:31 | team | sess_ac68b106918f | INFO | [executor1] processing 1 unread messages (steer=True)
2026-08-09 22:47:31 | team | sess_ac68b106918f | INFO | Message 69e8302d-9b71-4906-9881-a8658dd82118 marked as read by executor1
2026-08-09 22:48:36 | team | sess_ac68b106918f | INFO | [executor1] processing 1 unread messages (steer=True)
2026-08-09 22:48:36 | team | sess_ac68b106918f | INFO | Message 9c6742e9-53c5-4a6a-98ba-0d23194dda16 marked as read by executor1
2026-08-09 22:49:11 | team | sess_ac68b106918f | INFO | Message 6bace020-ea87-4f1a-93a7-b7b04d264595 created
2026-08-09 22:49:42 | team | sess_ac68b106918f | INFO | [executor1] processing 1 unread messages (steer=True)
2026-08-09 22:49:42 | team | sess_ac68b106918f | INFO | Message edcdd8e8-85e4-43c3-bdf2-8f695c0bb100 marked as read by executor1
2026-08-09 22:49:53 | team | sess_ac68b106918f | INFO | Message 4d073b2e-3a10-4f0b-a017-2bd3b2780faf created
2026-08-09 22:50:00 | team | sess_ac68b106918f | INFO | [executor1] processing 1 unread messages (steer=True)
2026-08-09 22:50:00 | team | sess_ac68b106918f | INFO | Message 1c9b338a-4f0d-4b69-af7d-96778747052b marked as read by executor1
2026-08-09 22:51:22 | team | sess_ac68b106918f | INFO | Message ca665fe9-7689-487b-80cd-1a1e6dbe3e7f created
2026-08-09 22:51:27 | team | sess_ac68b106918f | INFO | Task extend-tests completed at 1786312287545
2026-08-09 22:51:27 | team | sess_ac68b106918f | INFO | Resolved 1 dependencies for task extend-tests
2026-08-09 22:51:27 | team | sess_ac68b106918f | INFO | Task verify unblocked (all deps resolved)
2026-08-09 22:51:27 | team | sess_ac68b106918f | INFO | Task extend-tests completed
2026-08-09 22:51:27 | team | sess_ac68b106918f | INFO | Unblocked 1 tasks
2026-08-09 22:51:28 | team | sess_ac68b106918f | INFO | [executor1] processing 1 unread messages (steer=True)
2026-08-09 22:51:28 | team | sess_ac68b106918f | INFO | Message c29661d6-8194-4792-b564-b5d4ad4a9d73 marked as read by executor1
2026-08-09 22:51:35 | team | sess_ac68b106918f | INFO | Message 86ebadd2-d868-4119-bd70-e496ff71c4a6 created
2026-08-09 22:51:45 | team | sess_ac68b106918f | INFO | Message 10cc7b89-0b2d-4326-a09a-139736cfcf5c created
2026-08-09 22:52:36 | team | sess_ac68b106918f | INFO | [executor1] processing 1 unread messages (steer=True)
2026-08-09 22:52:36 | team | sess_ac68b106918f | INFO | Message a748e171-8ba4-49de-b6ea-ed6fc3432bd8 marked as read by executor1
