2026-08-09 22:42:17 | team | sess_ac68b106918f | INFO | Team workspace directory ensured at /srv/jwteam_clone/shared/run_current
2026-08-09 22:42:17 | team | sess_ac68b106918f | INFO | AgentTeam manager initialized for jiuwen_team_sess_ac68b106918f, member=team_leader
2026-08-09 22:42:17 | team | sess_ac68b106918f | INFO | [team_leader] TeamPolicyRail static sections: section_names=['team_role', 'team_workflow', 'team_swarmflow', 'team_lifecycle', 'team_persona']
2026-08-09 22:42:18 | team | sess_ac68b106918f | INFO | Session tables ready for session sess_ac68b106918f
2026-08-09 22:42:18 | team | sess_ac68b106918f | INFO | Team database initialized
2026-08-09 22:42:18 | team | default_trace_id | INFO | Team workspace directory ensured at /srv/jwteam_clone/shared/run_current
2026-08-09 22:42:18 | team | default_trace_id | INFO | AgentTeam manager initialized for jiuwen_team_sess_ac68b106918f, member=planner1
2026-08-09 22:42:18 | team | default_trace_id | INFO | [planner1] TeamPolicyRail static sections: section_names=['team_role', 'team_persona']
2026-08-09 22:42:18 | team | sess_ac68b106918f | INFO | [planner1] invoke start, role=teammate
2026-08-09 22:42:18 | team | sess_ac68b106918f | INFO | [planner1] coordination starting
2026-08-09 22:42:18 | team | sess_ac68b106918f | INFO | Session tables ready for session sess_ac68b106918f
2026-08-09 22:42:18 | team | sess_ac68b106918f | INFO | Workspace /srv/jwteam_clone/shared/run_current initialized as plain shared directory (version_control disabled)
2026-08-09 22:42:18 | team | sess_ac68b106918f | INFO | EventBus[teammate] starting
2026-08-09 22:42:44 | team | sess_ac68b106918f | INFO | [planner1] HITT section refresh: human_agent_names=[]
2026-08-09 22:42:53 | team | sess_ac68b106918f | INFO | Task plan claimed by member planner1
2026-08-09 22:42:53 | team | sess_ac68b106918f | INFO | Task plan claimed by member planner1
2026-08-09 22:42:56 | team | sess_ac68b106918f | INFO | [planner1] processing 1 unread messages (steer=True)
2026-08-09 22:42:56 | team | sess_ac68b106918f | INFO | Message a40d1228-a8f2-402f-b686-b18c63aa1c8c marked as read by planner1
2026-08-09 22:44:10 | team | sess_ac68b106918f | INFO | Message f0708f33-3066-4d5c-b0f9-2de4dfd731d5 created
2026-08-09 22:44:40 | team | sess_ac68b106918f | INFO | [planner1] processing 1 unread messages (steer=True)
2026-08-09 22:44:40 | team | sess_ac68b106918f | INFO | Message f5f1c26b-da54-4f3e-ad47-704bc149468a marked as read by planner1
2026-08-09 22:44:59 | team | sess_ac68b106918f | INFO | Message 7bc2dbff-b33b-41e2-9da2-ebc595b8f6c5 created
2026-08-09 22:45:08 | team | sess_ac68b106918f | INFO | Task plan completed at 1786311908368
2026-08-09 22:45:08 | team | sess_ac68b106918f | INFO | Resolved 2 dependencies for task plan
2026-08-09 22:45:08 | team | sess_ac68b106918f | INFO | Task extend-tests unblocked (all deps resolved)
2026-08-09 22:45:08 | team | sess_ac68b106918f | INFO | Task implement-protocol unblocked (all deps resolved)
2026-08-09 22:45:08 | team | sess_ac68b106918f | INFO | Task plan completed
2026-08-09 22:45:08 | team | sess_ac68b106918f | INFO | Unblocked 2 tasks
2026-08-09 22:45:17 | team | sess_ac68b106918f | INFO | [planner1] processing 1 unread messages (steer=True)
2026-08-09 22:45:17 | team | sess_ac68b106918f | INFO | Message fd62ae18-8ee5-4346-a332-12bc025c841f marked as read by planner1
2026-08-09 22:45:20 | team | sess_ac68b106918f | INFO | Message 8be8e68b-e8be-4dbb-a4f0-b77f31ffec2e created
2026-08-09 22:45:28 | team | sess_ac68b106918f | INFO | Message 3f8d21c1-bc63-4046-91c4-84e6f98322dc created
