2026-08-09 22:42:22 | team | sess_ac68b106918f | INFO | Team workspace directory ensured at /srv/jwteam_clone/shared/run_current
2026-08-09 22:42:22 | team | sess_ac68b106918f | INFO | AgentTeam manager initialized for jiuwen_team_sess_ac68b106918f, member=team_leader
2026-08-09 22:42:22 | team | sess_ac68b106918f | INFO | [team_leader] TeamPolicyRail static sections: section_names=['team_role', 'team_workflow', 'team_swarmflow', 'team_lifecycle', 'team_persona']
2026-08-09 22:42:22 | team | sess_ac68b106918f | INFO | Session tables ready for session sess_ac68b106918f
2026-08-09 22:42:22 | team | sess_ac68b106918f | INFO | Team database initialized
2026-08-09 22:42:22 | team | default_trace_id | INFO | Team workspace directory ensured at /srv/jwteam_clone/shared/run_current
2026-08-09 22:42:22 | team | default_trace_id | INFO | AgentTeam manager initialized for jiuwen_team_sess_ac68b106918f, member=executor3
2026-08-09 22:42:22 | team | default_trace_id | INFO | [executor3] TeamPolicyRail static sections: section_names=['team_role', 'team_persona']
2026-08-09 22:42:22 | team | sess_ac68b106918f | INFO | [executor3] invoke start, role=teammate
2026-08-09 22:42:22 | team | sess_ac68b106918f | INFO | [executor3] coordination starting
2026-08-09 22:42:22 | team | sess_ac68b106918f | INFO | Session tables ready for session sess_ac68b106918f
2026-08-09 22:42:22 | team | sess_ac68b106918f | INFO | Workspace /srv/jwteam_clone/shared/run_current initialized as plain shared directory (version_control disabled)
2026-08-09 22:42:22 | team | sess_ac68b106918f | INFO | EventBus[teammate] starting
2026-08-09 22:42:44 | team | sess_ac68b106918f | INFO | [executor3] HITT section refresh: human_agent_names=[]
2026-08-09 22:42:56 | team | sess_ac68b106918f | INFO | [executor3] processing 1 unread messages (steer=True)
2026-08-09 22:42:56 | team | sess_ac68b106918f | INFO | Message a40d1228-a8f2-402f-b686-b18c63aa1c8c marked as read by executor3
2026-08-09 22:44:10 | team | sess_ac68b106918f | INFO | [executor3] processing 1 unread messages (steer=True)
2026-08-09 22:44:10 | team | sess_ac68b106918f | INFO | Message f0708f33-3066-4d5c-b0f9-2de4dfd731d5 marked as read by executor3
2026-08-09 22:44:40 | team | sess_ac68b106918f | INFO | Message f5f1c26b-da54-4f3e-ad47-704bc149468a created
2026-08-09 22:45:14 | team | sess_ac68b106918f | INFO | Task implement-protocol claimed by member executor3
2026-08-09 22:45:14 | team | sess_ac68b106918f | INFO | Task implement-protocol claimed by member executor3
2026-08-09 22:46:59 | team | sess_ac68b106918f | INFO | Task implement-protocol completed at 1786312019613
2026-08-09 22:46:59 | team | sess_ac68b106918f | INFO | Resolved 1 dependencies for task implement-protocol
2026-08-09 22:46:59 | team | sess_ac68b106918f | INFO | Task implement-protocol completed
2026-08-09 22:47:12 | team | sess_ac68b106918f | INFO | Message 67d22933-d943-43b7-a853-a1d1b42ae508 created
2026-08-09 22:47:18 | team | sess_ac68b106918f | INFO | [executor3] processing 1 unread messages (steer=True)
2026-08-09 22:47:18 | team | sess_ac68b106918f | INFO | Message bd8180df-09cc-49cf-9914-bacb7080d25d marked as read by executor3
2026-08-09 22:47:45 | team | sess_ac68b106918f | INFO | [executor3] processing 1 unread messages (steer=True)
2026-08-09 22:47:45 | team | sess_ac68b106918f | INFO | Message 275569e2-35c8-4117-8fbf-3d4091025bb8 marked as read by executor3
2026-08-09 22:48:03 | team | sess_ac68b106918f | INFO | Message 4e6fa3e5-edeb-4070-9cde-129469e37b04 created
2026-08-09 22:48:24 | team | sess_ac68b106918f | INFO | [executor3] processing 1 unread messages (steer=True)
2026-08-09 22:48:24 | team | sess_ac68b106918f | INFO | Message df2e224d-dd17-4a3b-8168-ddf23245e93c marked as read by executor3
2026-08-09 22:48:41 | team | sess_ac68b106918f | INFO | Message 0a270c75-1a6f-48ea-8311-3cfdf4c0c51c created
