2026-08-09 22:42:20 | team | sess_ac68b106918f | INFO | Team workspace directory ensured at /srv/jwteam_clone/shared/run_current
2026-08-09 22:42:20 | team | sess_ac68b106918f | INFO | AgentTeam manager initialized for jiuwen_team_sess_ac68b106918f, member=team_leader
2026-08-09 22:42:20 | team | sess_ac68b106918f | INFO | [team_leader] TeamPolicyRail static sections: section_names=['team_role', 'team_workflow', 'team_swarmflow', 'team_lifecycle', 'team_persona']
2026-08-09 22:42:20 | team | sess_ac68b106918f | INFO | Session tables ready for session sess_ac68b106918f
2026-08-09 22:42:20 | team | sess_ac68b106918f | INFO | Team database initialized
2026-08-09 22:42:20 | team | default_trace_id | INFO | Team workspace directory ensured at /srv/jwteam_clone/shared/run_current
2026-08-09 22:42:20 | team | default_trace_id | INFO | AgentTeam manager initialized for jiuwen_team_sess_ac68b106918f, member=executor2
2026-08-09 22:42:20 | team | default_trace_id | INFO | [executor2] TeamPolicyRail static sections: section_names=['team_role', 'team_persona']
2026-08-09 22:42:20 | team | sess_ac68b106918f | INFO | [executor2] invoke start, role=teammate
2026-08-09 22:42:20 | team | sess_ac68b106918f | INFO | [executor2] coordination starting
2026-08-09 22:42:20 | team | sess_ac68b106918f | INFO | Session tables ready for session sess_ac68b106918f
2026-08-09 22:42:20 | team | sess_ac68b106918f | INFO | Workspace /srv/jwteam_clone/shared/run_current initialized as plain shared directory (version_control disabled)
2026-08-09 22:42:20 | team | sess_ac68b106918f | INFO | EventBus[teammate] starting
2026-08-09 22:42:44 | team | sess_ac68b106918f | INFO | [executor2] HITT section refresh: human_agent_names=[]
2026-08-09 22:42:56 | team | sess_ac68b106918f | INFO | [executor2] processing 1 unread messages (steer=True)
2026-08-09 22:42:56 | team | sess_ac68b106918f | INFO | Message a40d1228-a8f2-402f-b686-b18c63aa1c8c marked as read by executor2
2026-08-09 22:43:41 | team | sess_ac68b106918f | INFO | Message 9b5b522e-09be-4bf5-bdc4-4382ab9384b0 created
2026-08-09 22:43:51 | team | sess_ac68b106918f | INFO | Message 611b98a7-3c54-41a1-9152-e6fb6ee0dce1 created
2026-08-09 22:44:08 | team | sess_ac68b106918f | INFO | [executor2] processing 1 unread messages (steer=True)
2026-08-09 22:44:08 | team | sess_ac68b106918f | INFO | Message f6776d0c-eebe-4666-9700-2792ebb58b8d marked as read by executor2
2026-08-09 22:44:26 | team | sess_ac68b106918f | INFO | Message 35d3c0b2-a4af-42e4-9fbe-e350b48958f9 created
2026-08-09 22:44:36 | team | sess_ac68b106918f | INFO | [executor2] processing 1 unread messages (steer=True)
2026-08-09 22:44:36 | team | sess_ac68b106918f | INFO | Message 6f749da2-d3db-4f37-b8de-fa29557dcb6d marked as read by executor2
2026-08-09 22:47:31 | team | sess_ac68b106918f | INFO | Message 69e8302d-9b71-4906-9881-a8658dd82118 created
2026-08-09 22:47:44 | team | sess_ac68b106918f | INFO | Message 275569e2-35c8-4117-8fbf-3d4091025bb8 created
2026-08-09 22:48:03 | team | sess_ac68b106918f | INFO | [executor2] processing 1 unread messages (steer=True)
2026-08-09 22:48:03 | team | sess_ac68b106918f | INFO | Message 4e6fa3e5-edeb-4070-9cde-129469e37b04 marked as read by executor2
2026-08-09 22:48:24 | team | sess_ac68b106918f | INFO | Message df2e224d-dd17-4a3b-8168-ddf23245e93c created
2026-08-09 22:48:36 | team | sess_ac68b106918f | INFO | Message 9c6742e9-53c5-4a6a-98ba-0d23194dda16 created
2026-08-09 22:48:41 | team | sess_ac68b106918f | INFO | [executor2] processing 1 unread messages (steer=True)
2026-08-09 22:48:41 | team | sess_ac68b106918f | INFO | Message 0a270c75-1a6f-48ea-8311-3cfdf4c0c51c marked as read by executor2
2026-08-09 22:49:11 | team | sess_ac68b106918f | INFO | [executor2] processing 1 unread messages (steer=True)
2026-08-09 22:49:11 | team | sess_ac68b106918f | INFO | Message 6bace020-ea87-4f1a-93a7-b7b04d264595 marked as read by executor2
2026-08-09 22:49:42 | team | sess_ac68b106918f | INFO | Message edcdd8e8-85e4-43c3-bdf2-8f695c0bb100 created
2026-08-09 22:49:53 | team | sess_ac68b106918f | INFO | [executor2] processing 1 unread messages (steer=True)
2026-08-09 22:49:53 | team | sess_ac68b106918f | INFO | Message 4d073b2e-3a10-4f0b-a017-2bd3b2780faf marked as read by executor2
2026-08-09 22:50:00 | team | sess_ac68b106918f | INFO | Message 1c9b338a-4f0d-4b69-af7d-96778747052b created
2026-08-09 22:50:12 | team | sess_ac68b106918f | INFO | Message cce699d3-176b-4f55-ad02-e5d75ad66c9e created
2026-08-09 22:50:19 | team | sess_ac68b106918f | INFO | Message b59e0f22-3858-4fe6-96a0-d76c3a4394f9 created
2026-08-09 22:50:21 | team | sess_ac68b106918f | INFO | [executor2] processing 1 unread messages (steer=True)
2026-08-09 22:50:21 | team | sess_ac68b106918f | INFO | Message ea3b0b19-e5c1-47f2-9e49-1e8f44790745 marked as read by executor2
2026-08-09 22:50:31 | team | sess_ac68b106918f | INFO | Message 6d05c310-c56b-45b2-9c1c-b753babc4e47 created
2026-08-09 22:51:39 | team | sess_ac68b106918f | INFO | Message abf5b3de-f962-4697-8fd5-88e3fa46bcf4 created
2026-08-09 22:51:50 | team | sess_ac68b106918f | INFO | [executor2] processing 1 unread messages (steer=True)
2026-08-09 22:51:50 | team | sess_ac68b106918f | INFO | Message ed5ced74-44bb-4438-969b-6168afb35bd5 marked as read by executor2
