2026-08-09 10:13:48 | team | sess_cbd0d314bfe3 | INFO | Team workspace directory ensured at /srv/jwteam_clone/shared/run_current
2026-08-09 10:13:48 | team | sess_cbd0d314bfe3 | INFO | AgentTeam manager initialized for jiuwen_team_sess_cbd0d314bfe3, member=team_leader
2026-08-09 10:13:48 | team | sess_cbd0d314bfe3 | INFO | [team_leader] TeamPolicyRail static sections: section_names=['team_role', 'team_workflow', 'team_swarmflow', 'team_lifecycle', 'team_persona']
2026-08-09 10:13:48 | team | sess_cbd0d314bfe3 | INFO | Session tables ready for session sess_cbd0d314bfe3
2026-08-09 10:13:48 | team | sess_cbd0d314bfe3 | INFO | Team database initialized
2026-08-09 10:13:48 | team | default_trace_id | INFO | Team workspace directory ensured at /srv/jwteam_clone/shared/run_current
2026-08-09 10:13:48 | team | default_trace_id | INFO | AgentTeam manager initialized for jiuwen_team_sess_cbd0d314bfe3, member=executor1
2026-08-09 10:13:48 | team | default_trace_id | INFO | [executor1] TeamPolicyRail static sections: section_names=['team_role', 'team_persona']
2026-08-09 10:13:48 | team | sess_cbd0d314bfe3 | INFO | [executor1] invoke start, role=teammate
2026-08-09 10:13:48 | team | sess_cbd0d314bfe3 | INFO | [executor1] coordination starting
2026-08-09 10:13:48 | team | sess_cbd0d314bfe3 | INFO | Session tables ready for session sess_cbd0d314bfe3
2026-08-09 10:13:48 | team | sess_cbd0d314bfe3 | INFO | Workspace /srv/jwteam_clone/shared/run_current initialized as plain shared directory (version_control disabled)
2026-08-09 10:13:48 | team | sess_cbd0d314bfe3 | INFO | EventBus[teammate] starting
2026-08-09 10:14:26 | team | sess_cbd0d314bfe3 | INFO | [executor1] HITT section refresh: human_agent_names=[]
2026-08-09 10:14:38 | team | sess_cbd0d314bfe3 | INFO | [executor1] processing 1 unread messages (steer=True)
2026-08-09 10:14:38 | team | sess_cbd0d314bfe3 | INFO | Message 7a4dfab5-a827-4f3e-ad42-4871f5a02137 marked as read by executor1
2026-08-09 10:15:13 | team | sess_cbd0d314bfe3 | INFO | [executor1] processing 1 unread messages (steer=True)
2026-08-09 10:15:13 | team | sess_cbd0d314bfe3 | INFO | Message 8809dad6-5dfa-4d6b-9865-267d05327edc marked as read by executor1
2026-08-09 10:15:15 | team | sess_cbd0d314bfe3 | INFO | [executor1] processing 1 unread messages (steer=True)
2026-08-09 10:15:15 | team | sess_cbd0d314bfe3 | INFO | Message d5bdd4f5-c3b6-47d9-8f4e-5098f65672fe marked as read by executor1
2026-08-09 10:15:37 | team | sess_cbd0d314bfe3 | INFO | Message 82febf4d-d43a-49c7-b50c-1dd2e5d9a1ce created
2026-08-09 10:15:37 | team | sess_cbd0d314bfe3 | INFO | Message 2be23daa-33cc-44e6-a19d-e8e0b6154b24 created
2026-08-09 10:15:47 | team | sess_cbd0d314bfe3 | INFO | Message 4bce1ba8-9d9d-4124-b632-f30850457f9c created
2026-08-09 10:15:48 | team | sess_cbd0d314bfe3 | INFO | [executor1] processing 1 unread messages (steer=True)
2026-08-09 10:15:48 | team | sess_cbd0d314bfe3 | INFO | Message 49a17f14-bf19-4fb1-936b-06439d0aaba9 marked as read by executor1
2026-08-09 10:15:59 | team | sess_cbd0d314bfe3 | INFO | Message 288c2b12-47cb-4d52-b4a4-96999b504470 created
2026-08-09 10:16:08 | team | sess_cbd0d314bfe3 | INFO | [executor1] processing 1 unread messages (steer=True)
2026-08-09 10:16:08 | team | sess_cbd0d314bfe3 | INFO | Message b0011bdc-cf70-4ace-a637-a9d3842dcb71 marked as read by executor1
2026-08-09 10:16:20 | team | sess_cbd0d314bfe3 | INFO | [executor1] processing 1 unread messages (steer=True)
2026-08-09 10:16:20 | team | sess_cbd0d314bfe3 | INFO | Message 1ece050c-5498-47c0-a9a4-087c0a6a1388 marked as read by executor1
2026-08-09 10:16:21 | team | sess_cbd0d314bfe3 | INFO | Message 040e7192-4240-456f-93cd-4df01254c682 created
2026-08-09 10:16:21 | team | sess_cbd0d314bfe3 | INFO | Message f9f0ef56-bff7-4a7b-b97e-dda32c2a4a21 created
2026-08-09 10:16:28 | team | sess_cbd0d314bfe3 | INFO | Message 91c0b4dc-5742-4782-8e52-8bfa4729b3ca created
2026-08-09 10:16:39 | team | sess_cbd0d314bfe3 | INFO | [executor1] processing 1 unread messages (steer=True)
2026-08-09 10:16:39 | team | sess_cbd0d314bfe3 | INFO | Message 96449e32-9926-4c48-9733-af6a530467b0 marked as read by executor1
2026-08-09 10:16:42 | team | sess_cbd0d314bfe3 | INFO | [executor1] processing 1 unread messages (steer=True)
2026-08-09 10:16:42 | team | sess_cbd0d314bfe3 | INFO | Message 073c5b82-9b7f-489f-b4d0-7ddaf14fac48 marked as read by executor1
2026-08-09 10:16:51 | team | sess_cbd0d314bfe3 | INFO | [executor1] received TASK_CLAIMED for self, task_id=implement_audit, human_agent=False
2026-08-09 10:16:53 | team | sess_cbd0d314bfe3 | INFO | Message 57e1d2f0-4276-48e2-a963-cec46fafb3c6 created
2026-08-09 10:17:05 | team | sess_cbd0d314bfe3 | INFO | Message 220cff3b-4ec4-47fe-a2ba-38f4c0bcf5bf created
2026-08-09 10:17:05 | team | sess_cbd0d314bfe3 | INFO | Message ae0f8a07-aeba-4807-afbb-1f538f5d796f created
2026-08-09 10:17:07 | team | sess_cbd0d314bfe3 | INFO | [executor1] processing 1 unread messages (steer=True)
2026-08-09 10:17:07 | team | sess_cbd0d314bfe3 | INFO | Message b928ec0c-7fe6-4d7e-97e7-409aabe91952 marked as read by executor1
2026-08-09 10:17:55 | team | sess_cbd0d314bfe3 | INFO | Task implement_audit completed at 1786267075863
2026-08-09 10:17:55 | team | sess_cbd0d314bfe3 | INFO | Message d12c6d27-34c6-4ef8-9c2e-ea256f6507a2 created
2026-08-09 10:17:55 | team | sess_cbd0d314bfe3 | INFO | Message b0ef0746-49de-414e-ba59-e04fdb231a81 created
2026-08-09 10:17:55 | team | sess_cbd0d314bfe3 | INFO | Resolved 2 dependencies for task implement_audit
2026-08-09 10:17:55 | team | sess_cbd0d314bfe3 | INFO | Task verify1 unblocked (all deps resolved)
2026-08-09 10:17:55 | team | sess_cbd0d314bfe3 | INFO | Task verify2 unblocked (all deps resolved)
2026-08-09 10:17:55 | team | sess_cbd0d314bfe3 | INFO | Task implement_audit completed
2026-08-09 10:17:55 | team | sess_cbd0d314bfe3 | INFO | Unblocked 2 tasks
2026-08-09 10:17:55 | team | sess_cbd0d314bfe3 | INFO | Message bb4d938a-2c19-4d1e-a335-023aa2e65fd6 created
2026-08-09 10:18:04 | team | sess_cbd0d314bfe3 | INFO | [executor1] processing 1 unread messages (steer=True)
2026-08-09 10:18:04 | team | sess_cbd0d314bfe3 | INFO | Message 5546ad97-8ab9-440e-adac-381e7121d85b marked as read by executor1
2026-08-09 10:18:05 | team | sess_cbd0d314bfe3 | INFO | Message 1afff884-2843-41a4-92d8-bda9eec2609e created
2026-08-09 10:19:01 | team | sess_cbd0d314bfe3 | INFO | [executor1] processing 1 unread messages (steer=True)
2026-08-09 10:19:01 | team | sess_cbd0d314bfe3 | INFO | Message b60eafa5-2c73-491a-996c-f0fa8b765061 marked as read by executor1
2026-08-09 10:19:11 | team | sess_cbd0d314bfe3 | INFO | Message ea027b41-e219-4733-81d1-b7cac809f1b3 created
2026-08-09 10:19:18 | team | sess_cbd0d314bfe3 | INFO | [executor1] processing 1 unread messages (steer=True)
2026-08-09 10:19:18 | team | sess_cbd0d314bfe3 | INFO | Message 1f9cb10c-b7b2-4502-bd88-62df6ec38faf marked as read by executor1
2026-08-09 10:20:13 | team | sess_cbd0d314bfe3 | INFO | task list drained for team jiuwen_team_sess_cbd0d314bfe3: 6 terminal task(s)
2026-08-09 10:20:28 | team | sess_cbd0d314bfe3 | INFO | [executor1] processing 1 unread messages (steer=True)
2026-08-09 10:20:28 | team | sess_cbd0d314bfe3 | INFO | Message 2a3a59cf-7691-4eea-adaf-fe5ac164b787 marked as read by executor1
2026-08-09 10:20:44 | team | sess_cbd0d314bfe3 | INFO | team jiuwen_team_sess_cbd0d314bfe3 reported completed: 9 members, 6 tasks
2026-08-09 10:20:44 | team | sess_cbd0d314bfe3 | INFO | [executor1] received TEAM_STANDBY, pausing polls
2026-08-09 10:20:44 | team | sess_cbd0d314bfe3 | INFO | EventBus[teammate] pausing polls
