2026-08-09 10:13:53 | team | sess_cbd0d314bfe3 | INFO | Team workspace directory ensured at /srv/jwteam_clone/shared/run_current
2026-08-09 10:13:53 | team | sess_cbd0d314bfe3 | INFO | AgentTeam manager initialized for jiuwen_team_sess_cbd0d314bfe3, member=team_leader
2026-08-09 10:13:53 | team | sess_cbd0d314bfe3 | INFO | [team_leader] TeamPolicyRail static sections: section_names=['team_role', 'team_workflow', 'team_swarmflow', 'team_lifecycle', 'team_persona']
2026-08-09 10:13:53 | team | sess_cbd0d314bfe3 | INFO | Session tables ready for session sess_cbd0d314bfe3
2026-08-09 10:13:53 | team | sess_cbd0d314bfe3 | INFO | Team database initialized
2026-08-09 10:13:53 | team | default_trace_id | INFO | Team workspace directory ensured at /srv/jwteam_clone/shared/run_current
2026-08-09 10:13:53 | team | default_trace_id | INFO | AgentTeam manager initialized for jiuwen_team_sess_cbd0d314bfe3, member=fullstack1
2026-08-09 10:13:53 | team | default_trace_id | INFO | [fullstack1] TeamPolicyRail static sections: section_names=['team_role', 'team_persona']
2026-08-09 10:13:53 | team | sess_cbd0d314bfe3 | INFO | [fullstack1] invoke start, role=teammate
2026-08-09 10:13:53 | team | sess_cbd0d314bfe3 | INFO | [fullstack1] coordination starting
2026-08-09 10:13:53 | team | sess_cbd0d314bfe3 | INFO | Session tables ready for session sess_cbd0d314bfe3
2026-08-09 10:13:53 | team | sess_cbd0d314bfe3 | INFO | Workspace /srv/jwteam_clone/shared/run_current initialized as plain shared directory (version_control disabled)
2026-08-09 10:13:53 | team | sess_cbd0d314bfe3 | INFO | EventBus[teammate] starting
2026-08-09 10:14:26 | team | sess_cbd0d314bfe3 | INFO | [fullstack1] HITT section refresh: human_agent_names=[]
2026-08-09 10:14:38 | team | sess_cbd0d314bfe3 | INFO | [fullstack1] processing 1 unread messages (steer=True)
2026-08-09 10:14:38 | team | sess_cbd0d314bfe3 | INFO | Message 7a4dfab5-a827-4f3e-ad42-4871f5a02137 marked as read by fullstack1
2026-08-09 10:15:08 | team | sess_cbd0d314bfe3 | INFO | [fullstack1] processing 1 unread messages (steer=True)
2026-08-09 10:15:08 | team | sess_cbd0d314bfe3 | INFO | Message 90c9f4fa-2fdb-4dac-b277-597e0edfb34b marked as read by fullstack1
2026-08-09 10:15:15 | team | sess_cbd0d314bfe3 | INFO | [fullstack1] processing 1 unread messages (steer=True)
2026-08-09 10:15:15 | team | sess_cbd0d314bfe3 | INFO | Message ce0f7537-7447-4a11-9477-e3389e797f28 marked as read by fullstack1
2026-08-09 10:15:47 | team | sess_cbd0d314bfe3 | INFO | [fullstack1] processing 1 unread messages (steer=True)
2026-08-09 10:15:47 | team | sess_cbd0d314bfe3 | INFO | Message 4bce1ba8-9d9d-4124-b632-f30850457f9c marked as read by fullstack1
2026-08-09 10:15:48 | team | sess_cbd0d314bfe3 | INFO | [fullstack1] processing 1 unread messages (steer=True)
2026-08-09 10:15:48 | team | sess_cbd0d314bfe3 | INFO | Message 222c7f79-3656-46f4-aaff-f863ba6c99b0 marked as read by fullstack1
2026-08-09 10:15:51 | team | sess_cbd0d314bfe3 | INFO | Message b678dd7f-4ccd-41f3-8dc7-62e1ccb76236 created
2026-08-09 10:15:51 | team | sess_cbd0d314bfe3 | INFO | Message e0b17ee0-d320-4618-bd08-3893d7a0164f created
2026-08-09 10:16:08 | team | sess_cbd0d314bfe3 | INFO | Message b0011bdc-cf70-4ace-a637-a9d3842dcb71 created
2026-08-09 10:16:08 | team | sess_cbd0d314bfe3 | INFO | Message 5340b5f0-822d-409b-a980-1eca0d07f03b created
2026-08-09 10:16:21 | team | sess_cbd0d314bfe3 | INFO | [fullstack1] processing 1 unread messages (steer=True)
2026-08-09 10:16:21 | team | sess_cbd0d314bfe3 | INFO | Message f9f0ef56-bff7-4a7b-b97e-dda32c2a4a21 marked as read by fullstack1
2026-08-09 10:16:28 | team | sess_cbd0d314bfe3 | INFO | [fullstack1] processing 1 unread messages (steer=True)
2026-08-09 10:16:28 | team | sess_cbd0d314bfe3 | INFO | Message e73b1578-8688-49ec-8f75-1394c87405f7 marked as read by fullstack1
2026-08-09 10:16:35 | team | sess_cbd0d314bfe3 | INFO | Message 79491a19-6265-4f0f-b705-3fe5f231c7b8 created
2026-08-09 10:16:35 | team | sess_cbd0d314bfe3 | INFO | Task implement_app claimed by member fullstack1
2026-08-09 10:16:35 | team | sess_cbd0d314bfe3 | INFO | Task implement_app claimed by member fullstack1
2026-08-09 10:16:42 | team | sess_cbd0d314bfe3 | INFO | [fullstack1] processing 1 unread messages (steer=True)
2026-08-09 10:16:42 | team | sess_cbd0d314bfe3 | INFO | Message 8fbdafee-78e1-4185-808c-e962f578dec0 marked as read by fullstack1
2026-08-09 10:17:09 | team | sess_cbd0d314bfe3 | INFO | [fullstack1] processing 1 unread messages (steer=True)
2026-08-09 10:17:09 | team | sess_cbd0d314bfe3 | INFO | Message b11f0ff4-bd5c-4f27-9dee-c6c952fcdbbe marked as read by fullstack1
2026-08-09 10:17:41 | team | sess_cbd0d314bfe3 | INFO | Task implement_app completed at 1786267061389
2026-08-09 10:17:41 | team | sess_cbd0d314bfe3 | INFO | Message 2d761fd3-5d8d-4ca5-ad27-34c785789700 created
2026-08-09 10:17:41 | team | sess_cbd0d314bfe3 | INFO | Resolved 2 dependencies for task implement_app
2026-08-09 10:17:41 | team | sess_cbd0d314bfe3 | INFO | Task implement_app completed
2026-08-09 10:17:48 | team | sess_cbd0d314bfe3 | INFO | Message b1cd4ced-44aa-4d37-913e-8f163becdbe0 created
2026-08-09 10:17:48 | team | sess_cbd0d314bfe3 | INFO | Message eef89954-7387-44c9-af47-1495fc529b36 created
2026-08-09 10:17:55 | team | sess_cbd0d314bfe3 | INFO | [fullstack1] processing 1 unread messages (steer=True)
2026-08-09 10:17:55 | team | sess_cbd0d314bfe3 | INFO | Message d64c5269-07dc-4daa-aa10-d4ae9362d596 marked as read by fullstack1
2026-08-09 10:18:04 | team | sess_cbd0d314bfe3 | INFO | [fullstack1] processing 1 unread messages (steer=True)
2026-08-09 10:18:04 | team | sess_cbd0d314bfe3 | INFO | Message e82c73a4-2296-4195-9c38-599cacd120d5 marked as read by fullstack1
2026-08-09 10:20:13 | team | sess_cbd0d314bfe3 | INFO | task list drained for team jiuwen_team_sess_cbd0d314bfe3: 6 terminal task(s)
2026-08-09 10:20:28 | team | sess_cbd0d314bfe3 | INFO | [fullstack1] processing 1 unread messages (steer=True)
2026-08-09 10:20:28 | team | sess_cbd0d314bfe3 | INFO | Message 2a3a59cf-7691-4eea-adaf-fe5ac164b787 marked as read by fullstack1
2026-08-09 10:20:44 | team | sess_cbd0d314bfe3 | INFO | team jiuwen_team_sess_cbd0d314bfe3 reported completed: 9 members, 6 tasks
2026-08-09 10:20:44 | team | sess_cbd0d314bfe3 | INFO | [fullstack1] received TEAM_STANDBY, pausing polls
2026-08-09 10:20:44 | team | sess_cbd0d314bfe3 | INFO | EventBus[teammate] pausing polls
