2026-08-09 10:13:50 | team | sess_cbd0d314bfe3 | INFO | Team workspace directory ensured at /srv/jwteam_clone/shared/run_current
2026-08-09 10:13:50 | team | sess_cbd0d314bfe3 | INFO | AgentTeam manager initialized for jiuwen_team_sess_cbd0d314bfe3, member=team_leader
2026-08-09 10:13:50 | team | sess_cbd0d314bfe3 | INFO | [team_leader] TeamPolicyRail static sections: section_names=['team_role', 'team_workflow', 'team_swarmflow', 'team_lifecycle', 'team_persona']
2026-08-09 10:13:50 | team | sess_cbd0d314bfe3 | INFO | Session tables ready for session sess_cbd0d314bfe3
2026-08-09 10:13:50 | team | sess_cbd0d314bfe3 | INFO | Team database initialized
2026-08-09 10:13:50 | team | default_trace_id | INFO | Team workspace directory ensured at /srv/jwteam_clone/shared/run_current
2026-08-09 10:13:50 | team | default_trace_id | INFO | AgentTeam manager initialized for jiuwen_team_sess_cbd0d314bfe3, member=executor3
2026-08-09 10:13:50 | team | default_trace_id | INFO | [executor3] TeamPolicyRail static sections: section_names=['team_role', 'team_persona']
2026-08-09 10:13:50 | team | sess_cbd0d314bfe3 | INFO | [executor3] invoke start, role=teammate
2026-08-09 10:13:50 | team | sess_cbd0d314bfe3 | INFO | [executor3] coordination starting
2026-08-09 10:13:50 | team | sess_cbd0d314bfe3 | INFO | Session tables ready for session sess_cbd0d314bfe3
2026-08-09 10:13:50 | team | sess_cbd0d314bfe3 | INFO | Workspace /srv/jwteam_clone/shared/run_current initialized as plain shared directory (version_control disabled)
2026-08-09 10:13:50 | team | sess_cbd0d314bfe3 | INFO | EventBus[teammate] starting
2026-08-09 10:14:26 | team | sess_cbd0d314bfe3 | INFO | [executor3] HITT section refresh: human_agent_names=[]
2026-08-09 10:14:38 | team | sess_cbd0d314bfe3 | INFO | [executor3] processing 1 unread messages (steer=True)
2026-08-09 10:14:38 | team | sess_cbd0d314bfe3 | INFO | Message 7a4dfab5-a827-4f3e-ad42-4871f5a02137 marked as read by executor3
2026-08-09 10:17:09 | team | sess_cbd0d314bfe3 | INFO | Message b11f0ff4-bd5c-4f27-9dee-c6c952fcdbbe created
2026-08-09 10:17:41 | team | sess_cbd0d314bfe3 | INFO | [executor3] processing 1 unread messages (steer=True)
2026-08-09 10:17:41 | team | sess_cbd0d314bfe3 | INFO | Message 2d761fd3-5d8d-4ca5-ad27-34c785789700 marked as read by executor3
2026-08-09 10:18:04 | team | sess_cbd0d314bfe3 | INFO | Message e82c73a4-2296-4195-9c38-599cacd120d5 created
2026-08-09 10:20:13 | team | sess_cbd0d314bfe3 | INFO | task list drained for team jiuwen_team_sess_cbd0d314bfe3: 6 terminal task(s)
2026-08-09 10:20:28 | team | sess_cbd0d314bfe3 | INFO | [executor3] processing 1 unread messages (steer=True)
2026-08-09 10:20:28 | team | sess_cbd0d314bfe3 | INFO | Message 2a3a59cf-7691-4eea-adaf-fe5ac164b787 marked as read by executor3
2026-08-09 10:20:44 | team | sess_cbd0d314bfe3 | INFO | team jiuwen_team_sess_cbd0d314bfe3 reported completed: 9 members, 6 tasks
2026-08-09 10:20:44 | team | sess_cbd0d314bfe3 | INFO | [executor3] received TEAM_STANDBY, pausing polls
2026-08-09 10:20:44 | team | sess_cbd0d314bfe3 | INFO | EventBus[teammate] pausing polls
