2026-08-09 10:13:51 | team | sess_cbd0d314bfe3 | INFO | Team workspace directory ensured at /srv/jwteam_clone/shared/run_current
2026-08-09 10:13:51 | team | sess_cbd0d314bfe3 | INFO | AgentTeam manager initialized for jiuwen_team_sess_cbd0d314bfe3, member=team_leader
2026-08-09 10:13:51 | team | sess_cbd0d314bfe3 | INFO | [team_leader] TeamPolicyRail static sections: section_names=['team_role', 'team_workflow', 'team_swarmflow', 'team_lifecycle', 'team_persona']
2026-08-09 10:13:51 | team | sess_cbd0d314bfe3 | INFO | Session tables ready for session sess_cbd0d314bfe3
2026-08-09 10:13:51 | team | sess_cbd0d314bfe3 | INFO | Team database initialized
2026-08-09 10:13:51 | team | default_trace_id | INFO | Team workspace directory ensured at /srv/jwteam_clone/shared/run_current
2026-08-09 10:13:51 | team | default_trace_id | INFO | AgentTeam manager initialized for jiuwen_team_sess_cbd0d314bfe3, member=verifier1
2026-08-09 10:13:51 | team | default_trace_id | INFO | [verifier1] TeamPolicyRail static sections: section_names=['team_role', 'team_persona']
2026-08-09 10:13:51 | team | sess_cbd0d314bfe3 | INFO | [verifier1] invoke start, role=teammate
2026-08-09 10:13:51 | team | sess_cbd0d314bfe3 | INFO | [verifier1] coordination starting
2026-08-09 10:13:51 | team | sess_cbd0d314bfe3 | INFO | Session tables ready for session sess_cbd0d314bfe3
2026-08-09 10:13:51 | team | sess_cbd0d314bfe3 | INFO | Workspace /srv/jwteam_clone/shared/run_current initialized as plain shared directory (version_control disabled)
2026-08-09 10:13:51 | team | sess_cbd0d314bfe3 | INFO | EventBus[teammate] starting
2026-08-09 10:14:26 | team | sess_cbd0d314bfe3 | INFO | [verifier1] HITT section refresh: human_agent_names=[]
2026-08-09 10:14:38 | team | sess_cbd0d314bfe3 | INFO | [verifier1] processing 1 unread messages (steer=True)
2026-08-09 10:14:38 | team | sess_cbd0d314bfe3 | INFO | Message 7a4dfab5-a827-4f3e-ad42-4871f5a02137 marked as read by verifier1
2026-08-09 10:15:11 | team | sess_cbd0d314bfe3 | INFO | Message 8cf90ae9-d18d-42fd-a8af-af2f5ece54e4 created
2026-08-09 10:17:48 | team | sess_cbd0d314bfe3 | INFO | [verifier1] processing 1 unread messages (steer=True)
2026-08-09 10:17:48 | team | sess_cbd0d314bfe3 | INFO | Message b1cd4ced-44aa-4d37-913e-8f163becdbe0 marked as read by verifier1
2026-08-09 10:17:55 | team | sess_cbd0d314bfe3 | INFO | Message d64c5269-07dc-4daa-aa10-d4ae9362d596 created
2026-08-09 10:17:55 | team | sess_cbd0d314bfe3 | INFO | [verifier1] processing 1 unread messages (steer=True)
2026-08-09 10:17:55 | team | sess_cbd0d314bfe3 | INFO | Message b0ef0746-49de-414e-ba59-e04fdb231a81 marked as read by verifier1
2026-08-09 10:18:02 | team | sess_cbd0d314bfe3 | INFO | [verifier1] received TASK_CLAIMED for self, task_id=verify1, human_agent=False
2026-08-09 10:18:04 | team | sess_cbd0d314bfe3 | INFO | Message 5546ad97-8ab9-440e-adac-381e7121d85b created
2026-08-09 10:19:30 | team | sess_cbd0d314bfe3 | INFO | Task verify1 completed at 1786267170325
2026-08-09 10:19:30 | team | sess_cbd0d314bfe3 | INFO | Message dc44bc94-b715-4b85-90cf-188909d2a710 created
2026-08-09 10:19:30 | team | sess_cbd0d314bfe3 | INFO | Task verify1 completed
2026-08-09 10:20:13 | team | sess_cbd0d314bfe3 | INFO | task list drained for team jiuwen_team_sess_cbd0d314bfe3: 6 terminal task(s)
2026-08-09 10:20:28 | team | sess_cbd0d314bfe3 | INFO | [verifier1] processing 1 unread messages (steer=True)
2026-08-09 10:20:28 | team | sess_cbd0d314bfe3 | INFO | Message 2a3a59cf-7691-4eea-adaf-fe5ac164b787 marked as read by verifier1
2026-08-09 10:20:44 | team | sess_cbd0d314bfe3 | INFO | team jiuwen_team_sess_cbd0d314bfe3 reported completed: 9 members, 6 tasks
2026-08-09 10:20:44 | team | sess_cbd0d314bfe3 | INFO | [verifier1] received TEAM_STANDBY, pausing polls
2026-08-09 10:20:44 | team | sess_cbd0d314bfe3 | INFO | EventBus[teammate] pausing polls
