2026-08-09 10:13:47 | team | sess_cbd0d314bfe3 | INFO | Team workspace directory ensured at /srv/jwteam_clone/shared/run_current
2026-08-09 10:13:47 | team | sess_cbd0d314bfe3 | INFO | AgentTeam manager initialized for jiuwen_team_sess_cbd0d314bfe3, member=team_leader
2026-08-09 10:13:47 | team | sess_cbd0d314bfe3 | INFO | [team_leader] TeamPolicyRail static sections: section_names=['team_role', 'team_workflow', 'team_swarmflow', 'team_lifecycle', 'team_persona']
2026-08-09 10:13:47 | team | sess_cbd0d314bfe3 | INFO | Session tables ready for session sess_cbd0d314bfe3
2026-08-09 10:13:47 | team | sess_cbd0d314bfe3 | INFO | Team database initialized
2026-08-09 10:13:47 | team | default_trace_id | INFO | Team workspace directory ensured at /srv/jwteam_clone/shared/run_current
2026-08-09 10:13:47 | team | default_trace_id | INFO | AgentTeam manager initialized for jiuwen_team_sess_cbd0d314bfe3, member=planner2
2026-08-09 10:13:47 | team | default_trace_id | INFO | [planner2] TeamPolicyRail static sections: section_names=['team_role', 'team_persona']
2026-08-09 10:13:47 | team | sess_cbd0d314bfe3 | INFO | [planner2] invoke start, role=teammate
2026-08-09 10:13:47 | team | sess_cbd0d314bfe3 | INFO | [planner2] coordination starting
2026-08-09 10:13:47 | team | sess_cbd0d314bfe3 | INFO | Session tables ready for session sess_cbd0d314bfe3
2026-08-09 10:13:47 | team | sess_cbd0d314bfe3 | INFO | Workspace /srv/jwteam_clone/shared/run_current initialized as plain shared directory (version_control disabled)
2026-08-09 10:13:47 | team | sess_cbd0d314bfe3 | INFO | EventBus[teammate] starting
2026-08-09 10:14:26 | team | sess_cbd0d314bfe3 | INFO | [planner2] HITT section refresh: human_agent_names=[]
2026-08-09 10:14:38 | team | sess_cbd0d314bfe3 | INFO | [planner2] processing 1 unread messages (steer=True)
2026-08-09 10:14:38 | team | sess_cbd0d314bfe3 | INFO | Message 7a4dfab5-a827-4f3e-ad42-4871f5a02137 marked as read by planner2
2026-08-09 10:14:42 | team | sess_cbd0d314bfe3 | INFO | Task plan_app claimed by member planner2
2026-08-09 10:14:42 | team | sess_cbd0d314bfe3 | INFO | Task plan_app claimed by member planner2
2026-08-09 10:15:08 | team | sess_cbd0d314bfe3 | INFO | Message 90c9f4fa-2fdb-4dac-b277-597e0edfb34b created
2026-08-09 10:15:51 | team | sess_cbd0d314bfe3 | INFO | [planner2] processing 1 unread messages (steer=True)
2026-08-09 10:15:51 | team | sess_cbd0d314bfe3 | INFO | Message e0b17ee0-d320-4618-bd08-3893d7a0164f marked as read by planner2
2026-08-09 10:16:28 | team | sess_cbd0d314bfe3 | INFO | Message e73b1578-8688-49ec-8f75-1394c87405f7 created
2026-08-09 10:16:32 | team | sess_cbd0d314bfe3 | INFO | Task plan_app completed at 1786266992098
2026-08-09 10:16:32 | team | sess_cbd0d314bfe3 | INFO | Resolved 1 dependencies for task plan_app
2026-08-09 10:16:32 | team | sess_cbd0d314bfe3 | INFO | Task implement_app unblocked (all deps resolved)
2026-08-09 10:16:32 | team | sess_cbd0d314bfe3 | INFO | Task plan_app completed
2026-08-09 10:16:32 | team | sess_cbd0d314bfe3 | INFO | Unblocked 1 tasks
2026-08-09 10:16:35 | team | sess_cbd0d314bfe3 | INFO | [planner2] processing 1 unread messages (steer=True)
2026-08-09 10:16:35 | team | sess_cbd0d314bfe3 | INFO | Message 79491a19-6265-4f0f-b705-3fe5f231c7b8 marked as read by planner2
2026-08-09 10:20:13 | team | sess_cbd0d314bfe3 | INFO | task list drained for team jiuwen_team_sess_cbd0d314bfe3: 6 terminal task(s)
2026-08-09 10:20:28 | team | sess_cbd0d314bfe3 | INFO | [planner2] processing 1 unread messages (steer=True)
2026-08-09 10:20:28 | team | sess_cbd0d314bfe3 | INFO | Message 2a3a59cf-7691-4eea-adaf-fe5ac164b787 marked as read by planner2
2026-08-09 10:20:44 | team | sess_cbd0d314bfe3 | INFO | team jiuwen_team_sess_cbd0d314bfe3 reported completed: 9 members, 6 tasks
2026-08-09 10:20:44 | team | sess_cbd0d314bfe3 | INFO | [planner2] received TEAM_STANDBY, pausing polls
2026-08-09 10:20:44 | team | sess_cbd0d314bfe3 | INFO | EventBus[teammate] pausing polls
