2026-08-09 10:13:46 | team | sess_cbd0d314bfe3 | INFO | Team workspace directory ensured at /srv/jwteam_clone/shared/run_current
2026-08-09 10:13:46 | team | sess_cbd0d314bfe3 | INFO | AgentTeam manager initialized for jiuwen_team_sess_cbd0d314bfe3, member=team_leader
2026-08-09 10:13:46 | team | sess_cbd0d314bfe3 | INFO | [team_leader] TeamPolicyRail static sections: section_names=['team_role', 'team_workflow', 'team_swarmflow', 'team_lifecycle', 'team_persona']
2026-08-09 10:13:46 | team | sess_cbd0d314bfe3 | INFO | Session tables ready for session sess_cbd0d314bfe3
2026-08-09 10:13:46 | team | sess_cbd0d314bfe3 | INFO | Team database initialized
2026-08-09 10:13:46 | team | default_trace_id | INFO | Team workspace directory ensured at /srv/jwteam_clone/shared/run_current
2026-08-09 10:13:46 | team | default_trace_id | INFO | AgentTeam manager initialized for jiuwen_team_sess_cbd0d314bfe3, member=planner1
2026-08-09 10:13:46 | team | default_trace_id | INFO | [planner1] TeamPolicyRail static sections: section_names=['team_role', 'team_persona']
2026-08-09 10:13:46 | team | sess_cbd0d314bfe3 | INFO | [planner1] invoke start, role=teammate
2026-08-09 10:13:46 | team | sess_cbd0d314bfe3 | INFO | [planner1] coordination starting
2026-08-09 10:13:46 | team | sess_cbd0d314bfe3 | INFO | Session tables ready for session sess_cbd0d314bfe3
2026-08-09 10:13:46 | team | sess_cbd0d314bfe3 | INFO | Workspace /srv/jwteam_clone/shared/run_current initialized as plain shared directory (version_control disabled)
2026-08-09 10:13:46 | team | sess_cbd0d314bfe3 | INFO | EventBus[teammate] starting
2026-08-09 10:14:26 | team | sess_cbd0d314bfe3 | INFO | [planner1] HITT section refresh: human_agent_names=[]
2026-08-09 10:14:34 | team | sess_cbd0d314bfe3 | INFO | Task plan_audit claimed by member planner1
2026-08-09 10:14:34 | team | sess_cbd0d314bfe3 | INFO | Task plan_audit claimed by member planner1
2026-08-09 10:14:38 | team | sess_cbd0d314bfe3 | INFO | [planner1] processing 1 unread messages (steer=True)
2026-08-09 10:14:38 | team | sess_cbd0d314bfe3 | INFO | Message 7a4dfab5-a827-4f3e-ad42-4871f5a02137 marked as read by planner1
2026-08-09 10:15:15 | team | sess_cbd0d314bfe3 | INFO | Message d5bdd4f5-c3b6-47d9-8f4e-5098f65672fe created
2026-08-09 10:15:15 | team | sess_cbd0d314bfe3 | INFO | Message ce0f7537-7447-4a11-9477-e3389e797f28 created
2026-08-09 10:15:37 | team | sess_cbd0d314bfe3 | INFO | [planner1] processing 1 unread messages (steer=True)
2026-08-09 10:15:37 | team | sess_cbd0d314bfe3 | INFO | Message 82febf4d-d43a-49c7-b50c-1dd2e5d9a1ce marked as read by planner1
2026-08-09 10:15:51 | team | sess_cbd0d314bfe3 | INFO | [planner1] processing 1 unread messages (steer=True)
2026-08-09 10:15:51 | team | sess_cbd0d314bfe3 | INFO | Message b678dd7f-4ccd-41f3-8dc7-62e1ccb76236 marked as read by planner1
2026-08-09 10:16:39 | team | sess_cbd0d314bfe3 | INFO | Message 96449e32-9926-4c48-9733-af6a530467b0 created
2026-08-09 10:16:44 | team | sess_cbd0d314bfe3 | INFO | Task plan_audit completed at 1786267004394
2026-08-09 10:16:44 | team | sess_cbd0d314bfe3 | INFO | Resolved 1 dependencies for task plan_audit
2026-08-09 10:16:44 | team | sess_cbd0d314bfe3 | INFO | Task implement_audit unblocked (all deps resolved)
2026-08-09 10:16:44 | team | sess_cbd0d314bfe3 | INFO | Task plan_audit completed
2026-08-09 10:16:44 | team | sess_cbd0d314bfe3 | INFO | Unblocked 1 tasks
2026-08-09 10:16:52 | team | sess_cbd0d314bfe3 | INFO | Message 2fee8482-59dc-4939-84bb-7dce1a9ac8de created
2026-08-09 10:17:05 | team | sess_cbd0d314bfe3 | INFO | [planner1] processing 1 unread messages (steer=True)
2026-08-09 10:17:05 | team | sess_cbd0d314bfe3 | INFO | Message ae0f8a07-aeba-4807-afbb-1f538f5d796f marked as read by planner1
2026-08-09 10:20:13 | team | sess_cbd0d314bfe3 | INFO | task list drained for team jiuwen_team_sess_cbd0d314bfe3: 6 terminal task(s)
2026-08-09 10:20:28 | team | sess_cbd0d314bfe3 | INFO | [planner1] processing 1 unread messages (steer=True)
2026-08-09 10:20:28 | team | sess_cbd0d314bfe3 | INFO | Message 2a3a59cf-7691-4eea-adaf-fe5ac164b787 marked as read by planner1
2026-08-09 10:20:44 | team | sess_cbd0d314bfe3 | INFO | team jiuwen_team_sess_cbd0d314bfe3 reported completed: 9 members, 6 tasks
2026-08-09 10:20:44 | team | sess_cbd0d314bfe3 | INFO | [planner1] received TEAM_STANDBY, pausing polls
2026-08-09 10:20:44 | team | sess_cbd0d314bfe3 | INFO | EventBus[teammate] pausing polls
