2026-08-09 10:13:49 | team | sess_cbd0d314bfe3 | INFO | Team workspace directory ensured at /srv/jwteam_clone/shared/run_current
2026-08-09 10:13:49 | team | sess_cbd0d314bfe3 | INFO | AgentTeam manager initialized for jiuwen_team_sess_cbd0d314bfe3, member=team_leader
2026-08-09 10:13:49 | team | sess_cbd0d314bfe3 | INFO | [team_leader] TeamPolicyRail static sections: section_names=['team_role', 'team_workflow', 'team_swarmflow', 'team_lifecycle', 'team_persona']
2026-08-09 10:13:49 | team | sess_cbd0d314bfe3 | INFO | Session tables ready for session sess_cbd0d314bfe3
2026-08-09 10:13:49 | team | sess_cbd0d314bfe3 | INFO | Team database initialized
2026-08-09 10:13:49 | team | default_trace_id | INFO | Team workspace directory ensured at /srv/jwteam_clone/shared/run_current
2026-08-09 10:13:49 | team | default_trace_id | INFO | AgentTeam manager initialized for jiuwen_team_sess_cbd0d314bfe3, member=executor2
2026-08-09 10:13:49 | team | default_trace_id | INFO | [executor2] TeamPolicyRail static sections: section_names=['team_role', 'team_persona']
2026-08-09 10:13:49 | team | sess_cbd0d314bfe3 | INFO | [executor2] invoke start, role=teammate
2026-08-09 10:13:49 | team | sess_cbd0d314bfe3 | INFO | [executor2] coordination starting
2026-08-09 10:13:49 | team | sess_cbd0d314bfe3 | INFO | Session tables ready for session sess_cbd0d314bfe3
2026-08-09 10:13:49 | team | sess_cbd0d314bfe3 | INFO | Workspace /srv/jwteam_clone/shared/run_current initialized as plain shared directory (version_control disabled)
2026-08-09 10:13:49 | team | sess_cbd0d314bfe3 | INFO | EventBus[teammate] starting
2026-08-09 10:14:26 | team | sess_cbd0d314bfe3 | INFO | [executor2] HITT section refresh: human_agent_names=[]
2026-08-09 10:14:38 | team | sess_cbd0d314bfe3 | INFO | [executor2] processing 1 unread messages (steer=True)
2026-08-09 10:14:38 | team | sess_cbd0d314bfe3 | INFO | Message 7a4dfab5-a827-4f3e-ad42-4871f5a02137 marked as read by executor2
2026-08-09 10:15:13 | team | sess_cbd0d314bfe3 | INFO | Message 8809dad6-5dfa-4d6b-9865-267d05327edc created
2026-08-09 10:15:37 | team | sess_cbd0d314bfe3 | INFO | [executor2] processing 1 unread messages (steer=True)
2026-08-09 10:15:37 | team | sess_cbd0d314bfe3 | INFO | Message 2be23daa-33cc-44e6-a19d-e8e0b6154b24 marked as read by executor2
2026-08-09 10:15:48 | team | sess_cbd0d314bfe3 | INFO | Message 222c7f79-3656-46f4-aaff-f863ba6c99b0 created
2026-08-09 10:15:48 | team | sess_cbd0d314bfe3 | INFO | Message 49a17f14-bf19-4fb1-936b-06439d0aaba9 created
2026-08-09 10:15:59 | team | sess_cbd0d314bfe3 | INFO | [executor2] processing 1 unread messages (steer=True)
2026-08-09 10:15:59 | team | sess_cbd0d314bfe3 | INFO | Message 288c2b12-47cb-4d52-b4a4-96999b504470 marked as read by executor2
2026-08-09 10:16:08 | team | sess_cbd0d314bfe3 | INFO | [executor2] processing 1 unread messages (steer=True)
2026-08-09 10:16:08 | team | sess_cbd0d314bfe3 | INFO | Message 5340b5f0-822d-409b-a980-1eca0d07f03b marked as read by executor2
2026-08-09 10:16:20 | team | sess_cbd0d314bfe3 | INFO | Message 1ece050c-5498-47c0-a9a4-087c0a6a1388 created
2026-08-09 10:16:21 | team | sess_cbd0d314bfe3 | INFO | [executor2] processing 1 unread messages (steer=True)
2026-08-09 10:16:21 | team | sess_cbd0d314bfe3 | INFO | Message 040e7192-4240-456f-93cd-4df01254c682 marked as read by executor2
2026-08-09 10:16:28 | team | sess_cbd0d314bfe3 | INFO | [executor2] processing 1 unread messages (steer=True)
2026-08-09 10:16:28 | team | sess_cbd0d314bfe3 | INFO | Message 91c0b4dc-5742-4782-8e52-8bfa4729b3ca marked as read by executor2
2026-08-09 10:16:42 | team | sess_cbd0d314bfe3 | INFO | Message 073c5b82-9b7f-489f-b4d0-7ddaf14fac48 created
2026-08-09 10:16:42 | team | sess_cbd0d314bfe3 | INFO | Message 8fbdafee-78e1-4185-808c-e962f578dec0 created
2026-08-09 10:16:53 | team | sess_cbd0d314bfe3 | INFO | [executor2] processing 1 unread messages (steer=True)
2026-08-09 10:16:53 | team | sess_cbd0d314bfe3 | INFO | Message 57e1d2f0-4276-48e2-a963-cec46fafb3c6 marked as read by executor2
2026-08-09 10:17:05 | team | sess_cbd0d314bfe3 | INFO | [executor2] processing 1 unread messages (steer=True)
2026-08-09 10:17:05 | team | sess_cbd0d314bfe3 | INFO | Message 220cff3b-4ec4-47fe-a2ba-38f4c0bcf5bf marked as read by executor2
2026-08-09 10:17:07 | team | sess_cbd0d314bfe3 | INFO | Message b928ec0c-7fe6-4d7e-97e7-409aabe91952 created
2026-08-09 10:17:55 | team | sess_cbd0d314bfe3 | INFO | [executor2] processing 1 unread messages (steer=True)
2026-08-09 10:17:56 | team | sess_cbd0d314bfe3 | INFO | Message d12c6d27-34c6-4ef8-9c2e-ea256f6507a2 marked as read by executor2
2026-08-09 10:19:01 | team | sess_cbd0d314bfe3 | INFO | Message b60eafa5-2c73-491a-996c-f0fa8b765061 created
2026-08-09 10:19:11 | team | sess_cbd0d314bfe3 | INFO | [executor2] processing 1 unread messages (steer=True)
2026-08-09 10:19:11 | team | sess_cbd0d314bfe3 | INFO | Message ea027b41-e219-4733-81d1-b7cac809f1b3 marked as read by executor2
2026-08-09 10:19:18 | team | sess_cbd0d314bfe3 | INFO | Message 1f9cb10c-b7b2-4502-bd88-62df6ec38faf created
2026-08-09 10:20:13 | team | sess_cbd0d314bfe3 | INFO | task list drained for team jiuwen_team_sess_cbd0d314bfe3: 6 terminal task(s)
2026-08-09 10:20:28 | team | sess_cbd0d314bfe3 | INFO | [executor2] processing 1 unread messages (steer=True)
2026-08-09 10:20:28 | team | sess_cbd0d314bfe3 | INFO | Message 2a3a59cf-7691-4eea-adaf-fe5ac164b787 marked as read by executor2
2026-08-09 10:20:44 | team | sess_cbd0d314bfe3 | INFO | team jiuwen_team_sess_cbd0d314bfe3 reported completed: 9 members, 6 tasks
2026-08-09 10:20:44 | team | sess_cbd0d314bfe3 | INFO | [executor2] received TEAM_STANDBY, pausing polls
2026-08-09 10:20:44 | team | sess_cbd0d314bfe3 | INFO | EventBus[teammate] pausing polls
