2026-08-09 10:13:52 | team | sess_cbd0d314bfe3 | INFO | Team workspace directory ensured at /srv/jwteam_clone/shared/run_current
2026-08-09 10:13:52 | team | sess_cbd0d314bfe3 | INFO | AgentTeam manager initialized for jiuwen_team_sess_cbd0d314bfe3, member=team_leader
2026-08-09 10:13:52 | team | sess_cbd0d314bfe3 | INFO | [team_leader] TeamPolicyRail static sections: section_names=['team_role', 'team_workflow', 'team_swarmflow', 'team_lifecycle', 'team_persona']
2026-08-09 10:13:52 | team | sess_cbd0d314bfe3 | INFO | Session tables ready for session sess_cbd0d314bfe3
2026-08-09 10:13:52 | team | sess_cbd0d314bfe3 | INFO | Team database initialized
2026-08-09 10:13:52 | team | default_trace_id | INFO | Team workspace directory ensured at /srv/jwteam_clone/shared/run_current
2026-08-09 10:13:52 | team | default_trace_id | INFO | AgentTeam manager initialized for jiuwen_team_sess_cbd0d314bfe3, member=verifier2
2026-08-09 10:13:52 | team | default_trace_id | INFO | [verifier2] TeamPolicyRail static sections: section_names=['team_role', 'team_persona']
2026-08-09 10:13:52 | team | sess_cbd0d314bfe3 | INFO | [verifier2] invoke start, role=teammate
2026-08-09 10:13:52 | team | sess_cbd0d314bfe3 | INFO | [verifier2] coordination starting
2026-08-09 10:13:52 | team | sess_cbd0d314bfe3 | INFO | Session tables ready for session sess_cbd0d314bfe3
2026-08-09 10:13:52 | team | sess_cbd0d314bfe3 | INFO | Workspace /srv/jwteam_clone/shared/run_current initialized as plain shared directory (version_control disabled)
2026-08-09 10:13:52 | team | sess_cbd0d314bfe3 | INFO | EventBus[teammate] starting
2026-08-09 10:14:26 | team | sess_cbd0d314bfe3 | INFO | [verifier2] HITT section refresh: human_agent_names=[]
2026-08-09 10:14:38 | team | sess_cbd0d314bfe3 | INFO | [verifier2] processing 1 unread messages (steer=True)
2026-08-09 10:14:38 | team | sess_cbd0d314bfe3 | INFO | Message 7a4dfab5-a827-4f3e-ad42-4871f5a02137 marked as read by verifier2
2026-08-09 10:14:47 | team | sess_cbd0d314bfe3 | INFO | Message 03c43bf3-9053-4250-b922-074fb7775bc0 created
2026-08-09 10:17:48 | team | sess_cbd0d314bfe3 | INFO | [verifier2] processing 1 unread messages (steer=True)
2026-08-09 10:17:48 | team | sess_cbd0d314bfe3 | INFO | Message eef89954-7387-44c9-af47-1495fc529b36 marked as read by verifier2
2026-08-09 10:17:56 | team | sess_cbd0d314bfe3 | INFO | [verifier2] processing 1 unread messages (steer=True)
2026-08-09 10:17:56 | team | sess_cbd0d314bfe3 | INFO | Message bb4d938a-2c19-4d1e-a335-023aa2e65fd6 marked as read by verifier2
2026-08-09 10:18:01 | team | sess_cbd0d314bfe3 | INFO | Task verify2 claimed by member verifier2
2026-08-09 10:18:01 | team | sess_cbd0d314bfe3 | INFO | Task verify2 claimed by member verifier2
2026-08-09 10:20:13 | team | sess_cbd0d314bfe3 | INFO | Task verify2 completed at 1786267213747
2026-08-09 10:20:13 | team | sess_cbd0d314bfe3 | INFO | Task verify2 completed
2026-08-09 10:20:20 | team | sess_cbd0d314bfe3 | INFO | Message 3fade094-bf2b-4081-a3d8-ac7ad61d5ce1 created
2026-08-09 10:20:28 | team | sess_cbd0d314bfe3 | INFO | [verifier2] processing 1 unread messages (steer=True)
2026-08-09 10:20:28 | team | sess_cbd0d314bfe3 | INFO | Message 2a3a59cf-7691-4eea-adaf-fe5ac164b787 marked as read by verifier2
2026-08-09 10:20:44 | team | sess_cbd0d314bfe3 | INFO | team jiuwen_team_sess_cbd0d314bfe3 reported completed: 9 members, 6 tasks
2026-08-09 10:20:44 | team | sess_cbd0d314bfe3 | INFO | [verifier2] received TEAM_STANDBY, pausing polls
2026-08-09 10:20:44 | team | sess_cbd0d314bfe3 | INFO | EventBus[teammate] pausing polls
