2026-08-08 17:58:16 | team | sess_23ee05b6b3f2 | INFO | Team workspace directory ensured at /srv/jwteam_clone/shared/run_current
2026-08-08 17:58:16 | team | sess_23ee05b6b3f2 | INFO | AgentTeam manager initialized for jiuwen_team_sess_23ee05b6b3f2, member=team_leader
2026-08-08 17:58:16 | team | sess_23ee05b6b3f2 | INFO | [team_leader] TeamPolicyRail static sections: section_names=['team_role', 'team_workflow', 'team_swarmflow', 'team_lifecycle', 'team_persona']
2026-08-08 17:58:16 | team | sess_23ee05b6b3f2 | INFO | Session tables ready for session sess_23ee05b6b3f2
2026-08-08 17:58:16 | team | sess_23ee05b6b3f2 | INFO | Team database initialized
2026-08-08 17:58:16 | team | default_trace_id | INFO | Team workspace directory ensured at /srv/jwteam_clone/shared/run_current
2026-08-08 17:58:16 | team | default_trace_id | INFO | AgentTeam manager initialized for jiuwen_team_sess_23ee05b6b3f2, member=executor1
2026-08-08 17:58:16 | team | default_trace_id | INFO | [executor1] TeamPolicyRail static sections: section_names=['team_role', 'team_persona']
2026-08-08 17:58:16 | team | sess_23ee05b6b3f2 | INFO | [executor1] invoke start, role=teammate
2026-08-08 17:58:16 | team | sess_23ee05b6b3f2 | INFO | [executor1] coordination starting
2026-08-08 17:58:16 | team | sess_23ee05b6b3f2 | INFO | Session tables ready for session sess_23ee05b6b3f2
2026-08-08 17:58:16 | team | sess_23ee05b6b3f2 | INFO | Workspace /srv/jwteam_clone/shared/run_current initialized as plain shared directory (version_control disabled)
2026-08-08 17:58:16 | team | sess_23ee05b6b3f2 | INFO | EventBus[teammate] starting
2026-08-08 17:58:35 | team | sess_23ee05b6b3f2 | INFO | [executor1] HITT section refresh: human_agent_names=[]
2026-08-08 17:58:46 | team | sess_23ee05b6b3f2 | INFO | [executor1] processing 1 unread messages (steer=True)
2026-08-08 17:58:46 | team | sess_23ee05b6b3f2 | INFO | Message e19bbef5-9b49-4bfe-a779-3295effd794c marked as read by executor1
2026-08-08 17:58:58 | team | sess_23ee05b6b3f2 | INFO | Message bbe56661-9695-4fa5-9d56-04ec814b4c33 created
2026-08-08 17:59:27 | team | sess_23ee05b6b3f2 | INFO | [executor1] processing 1 unread messages (steer=True)
2026-08-08 17:59:27 | team | sess_23ee05b6b3f2 | INFO | Message f2b179fa-83fa-477f-8408-8f2fa52595b0 marked as read by executor1
2026-08-08 17:59:48 | team | sess_23ee05b6b3f2 | INFO | Message 93952870-6201-40b4-aa8f-83c2aabdb17a created
2026-08-08 18:00:06 | team | sess_23ee05b6b3f2 | INFO | [executor1] processing 1 unread messages (steer=True)
2026-08-08 18:00:06 | team | sess_23ee05b6b3f2 | INFO | Message 78a02b96-881f-4873-9986-648ffdb80b09 marked as read by executor1
2026-08-08 18:00:13 | team | sess_23ee05b6b3f2 | INFO | Message 0f9d36d4-963a-498d-bc99-f950436b2ccc created
2026-08-08 18:00:25 | team | sess_23ee05b6b3f2 | INFO | Message 8757175c-7caf-4a18-9564-f4b213ad3d18 created
2026-08-08 18:01:30 | team | sess_23ee05b6b3f2 | INFO | [executor1] processing 1 unread messages (steer=True)
2026-08-08 18:01:30 | team | sess_23ee05b6b3f2 | INFO | Message 3144a02f-0be2-42f6-9893-3b57e45a69a3 marked as read by executor1
2026-08-08 18:02:03 | team | sess_23ee05b6b3f2 | INFO | Message 4cb09527-23a0-47f8-b802-56f725feb86a created
2026-08-08 18:02:13 | team | sess_23ee05b6b3f2 | INFO | [executor1] processing 1 unread messages (steer=True)
2026-08-08 18:02:13 | team | sess_23ee05b6b3f2 | INFO | Message 39da35c1-2bce-4d34-bd37-ca22d40a00fc marked as read by executor1
2026-08-08 18:02:28 | team | sess_23ee05b6b3f2 | INFO | Message 40f873d0-55e4-4d74-b3a5-6e5fcedb4325 created
2026-08-08 18:02:35 | team | sess_23ee05b6b3f2 | INFO | Message ff986b68-b4f9-4a17-854b-498fbe0f51c1 created
2026-08-08 18:03:25 | team | sess_23ee05b6b3f2 | INFO | [executor1] processing 1 unread messages (steer=True)
2026-08-08 18:03:25 | team | sess_23ee05b6b3f2 | INFO | Message 9a184beb-0bfc-4014-9b06-f4110ad360e2 marked as read by executor1
2026-08-08 18:04:03 | team | sess_23ee05b6b3f2 | INFO | [executor1] processing 1 unread messages (steer=True)
2026-08-08 18:04:03 | team | sess_23ee05b6b3f2 | INFO | Message 35500b09-b216-460e-b5ba-0f81702df998 marked as read by executor1
2026-08-08 18:05:45 | team | sess_23ee05b6b3f2 | INFO | [executor1] processing 1 unread messages (steer=True)
2026-08-08 18:05:45 | team | sess_23ee05b6b3f2 | INFO | Message 504b64f0-3044-43bf-b224-fedb3cb93131 marked as read by executor1
2026-08-08 18:06:02 | team | sess_23ee05b6b3f2 | INFO | task list drained for team jiuwen_team_sess_23ee05b6b3f2: 6 terminal task(s)
2026-08-08 18:06:22 | team | sess_23ee05b6b3f2 | INFO | team jiuwen_team_sess_23ee05b6b3f2 reported completed: 9 members, 6 tasks
2026-08-08 18:06:23 | team | sess_23ee05b6b3f2 | INFO | [executor1] received TEAM_STANDBY, pausing polls
2026-08-08 18:06:23 | team | sess_23ee05b6b3f2 | INFO | EventBus[teammate] pausing polls
