2026-08-08 17:58:19 | team | sess_23ee05b6b3f2 | INFO | Team workspace directory ensured at /srv/jwteam_clone/shared/run_current
2026-08-08 17:58:19 | team | sess_23ee05b6b3f2 | INFO | AgentTeam manager initialized for jiuwen_team_sess_23ee05b6b3f2, member=team_leader
2026-08-08 17:58:19 | team | sess_23ee05b6b3f2 | INFO | [team_leader] TeamPolicyRail static sections: section_names=['team_role', 'team_workflow', 'team_swarmflow', 'team_lifecycle', 'team_persona']
2026-08-08 17:58:19 | team | sess_23ee05b6b3f2 | INFO | Session tables ready for session sess_23ee05b6b3f2
2026-08-08 17:58:19 | team | sess_23ee05b6b3f2 | INFO | Team database initialized
2026-08-08 17:58:19 | team | default_trace_id | INFO | Team workspace directory ensured at /srv/jwteam_clone/shared/run_current
2026-08-08 17:58:19 | team | default_trace_id | INFO | AgentTeam manager initialized for jiuwen_team_sess_23ee05b6b3f2, member=verifier1
2026-08-08 17:58:19 | team | default_trace_id | INFO | [verifier1] TeamPolicyRail static sections: section_names=['team_role', 'team_persona']
2026-08-08 17:58:19 | team | sess_23ee05b6b3f2 | INFO | [verifier1] invoke start, role=teammate
2026-08-08 17:58:19 | team | sess_23ee05b6b3f2 | INFO | [verifier1] coordination starting
2026-08-08 17:58:19 | team | sess_23ee05b6b3f2 | INFO | Session tables ready for session sess_23ee05b6b3f2
2026-08-08 17:58:19 | team | sess_23ee05b6b3f2 | INFO | Workspace /srv/jwteam_clone/shared/run_current initialized as plain shared directory (version_control disabled)
2026-08-08 17:58:19 | team | sess_23ee05b6b3f2 | INFO | EventBus[teammate] starting
2026-08-08 17:58:35 | team | sess_23ee05b6b3f2 | INFO | [verifier1] HITT section refresh: human_agent_names=[]
2026-08-08 17:58:46 | team | sess_23ee05b6b3f2 | INFO | [verifier1] processing 1 unread messages (steer=True)
2026-08-08 17:58:46 | team | sess_23ee05b6b3f2 | INFO | Message e19bbef5-9b49-4bfe-a779-3295effd794c marked as read by verifier1
2026-08-08 17:59:12 | team | sess_23ee05b6b3f2 | INFO | Message 15ba6b4c-8c4a-4691-8407-b2d4e75147be created
2026-08-08 18:00:25 | team | sess_23ee05b6b3f2 | INFO | Task verify claimed by member verifier1
2026-08-08 18:00:25 | team | sess_23ee05b6b3f2 | INFO | Task verify claimed by member verifier1
2026-08-08 18:00:44 | team | sess_23ee05b6b3f2 | INFO | Message 2ed99e8f-2f55-4762-aac1-9ab6b848d6eb created
2026-08-08 18:00:44 | team | sess_23ee05b6b3f2 | INFO | Message a0fac1fc-60b1-407b-b989-598dfb785cd4 created
2026-08-08 18:01:05 | team | sess_23ee05b6b3f2 | INFO | [verifier1] processing 1 unread messages (steer=True)
2026-08-08 18:01:05 | team | sess_23ee05b6b3f2 | INFO | Message 3d00f34d-d35c-4f5c-8f55-90f226428577 marked as read by verifier1
2026-08-08 18:01:06 | team | sess_23ee05b6b3f2 | INFO | [verifier1] processing 1 unread messages (steer=True)
2026-08-08 18:01:06 | team | sess_23ee05b6b3f2 | INFO | Message b0a60da6-125a-46d0-a3da-b5b5c7161af2 marked as read by verifier1
2026-08-08 18:01:30 | team | sess_23ee05b6b3f2 | INFO | [verifier1] processing 1 unread messages (steer=True)
2026-08-08 18:01:30 | team | sess_23ee05b6b3f2 | INFO | Message 2a94ab3d-8661-4a35-bba0-66c11ab4c823 marked as read by verifier1
2026-08-08 18:01:34 | team | sess_23ee05b6b3f2 | INFO | Message b254814e-cc6a-4fd7-b91b-b84bf486952d created
2026-08-08 18:03:53 | team | sess_23ee05b6b3f2 | INFO | [verifier1] processing 1 unread messages (steer=True)
2026-08-08 18:03:53 | team | sess_23ee05b6b3f2 | INFO | Message a029190c-cb30-4480-9c8f-1d08c2113f61 marked as read by verifier1
2026-08-08 18:05:30 | team | sess_23ee05b6b3f2 | INFO | Message 1f855736-def1-40c2-825e-8fb337b8e969 created
2026-08-08 18:05:36 | team | sess_23ee05b6b3f2 | INFO | Message d8d37886-5527-428c-a02a-32df2049e89c created
2026-08-08 18:05:41 | team | sess_23ee05b6b3f2 | INFO | [verifier1] processing 1 unread messages (steer=True)
2026-08-08 18:05:41 | team | sess_23ee05b6b3f2 | INFO | Message 19f4134d-4356-4dbe-884e-b92c93eb61f7 marked as read by verifier1
2026-08-08 18:05:45 | team | sess_23ee05b6b3f2 | INFO | [verifier1] processing 1 unread messages (steer=True)
2026-08-08 18:05:45 | team | sess_23ee05b6b3f2 | INFO | Message 504b64f0-3044-43bf-b224-fedb3cb93131 marked as read by verifier1
2026-08-08 18:06:02 | team | sess_23ee05b6b3f2 | INFO | task list drained for team jiuwen_team_sess_23ee05b6b3f2: 6 terminal task(s)
2026-08-08 18:06:22 | team | sess_23ee05b6b3f2 | INFO | team jiuwen_team_sess_23ee05b6b3f2 reported completed: 9 members, 6 tasks
2026-08-08 18:06:23 | team | sess_23ee05b6b3f2 | INFO | [verifier1] received TEAM_STANDBY, pausing polls
2026-08-08 18:06:23 | team | sess_23ee05b6b3f2 | INFO | EventBus[teammate] pausing polls
