2026-08-08 17:58:21 | team | sess_23ee05b6b3f2 | INFO | Team workspace directory ensured at /srv/jwteam_clone/shared/run_current
2026-08-08 17:58:21 | team | sess_23ee05b6b3f2 | INFO | AgentTeam manager initialized for jiuwen_team_sess_23ee05b6b3f2, member=team_leader
2026-08-08 17:58:21 | team | sess_23ee05b6b3f2 | INFO | [team_leader] TeamPolicyRail static sections: section_names=['team_role', 'team_workflow', 'team_swarmflow', 'team_lifecycle', 'team_persona']
2026-08-08 17:58:21 | team | sess_23ee05b6b3f2 | INFO | Session tables ready for session sess_23ee05b6b3f2
2026-08-08 17:58:21 | team | sess_23ee05b6b3f2 | INFO | Team database initialized
2026-08-08 17:58:21 | team | default_trace_id | INFO | Team workspace directory ensured at /srv/jwteam_clone/shared/run_current
2026-08-08 17:58:21 | team | default_trace_id | INFO | AgentTeam manager initialized for jiuwen_team_sess_23ee05b6b3f2, member=fullstack1
2026-08-08 17:58:21 | team | default_trace_id | INFO | [fullstack1] TeamPolicyRail static sections: section_names=['team_role', 'team_persona']
2026-08-08 17:58:21 | team | sess_23ee05b6b3f2 | INFO | [fullstack1] invoke start, role=teammate
2026-08-08 17:58:21 | team | sess_23ee05b6b3f2 | INFO | [fullstack1] coordination starting
2026-08-08 17:58:21 | team | sess_23ee05b6b3f2 | INFO | Session tables ready for session sess_23ee05b6b3f2
2026-08-08 17:58:21 | team | sess_23ee05b6b3f2 | INFO | Workspace /srv/jwteam_clone/shared/run_current initialized as plain shared directory (version_control disabled)
2026-08-08 17:58:21 | team | sess_23ee05b6b3f2 | INFO | EventBus[teammate] starting
2026-08-08 17:58:35 | team | sess_23ee05b6b3f2 | INFO | [fullstack1] HITT section refresh: human_agent_names=[]
2026-08-08 17:58:46 | team | sess_23ee05b6b3f2 | INFO | [fullstack1] processing 1 unread messages (steer=True)
2026-08-08 17:58:46 | team | sess_23ee05b6b3f2 | INFO | Message e19bbef5-9b49-4bfe-a779-3295effd794c marked as read by fullstack1
2026-08-08 17:59:09 | team | sess_23ee05b6b3f2 | INFO | Message 1f57ce6f-ea90-4a1e-9ab9-0b5d8c006891 created
2026-08-08 17:59:21 | team | sess_23ee05b6b3f2 | INFO | [fullstack1] processing 1 unread messages (steer=True)
2026-08-08 17:59:21 | team | sess_23ee05b6b3f2 | INFO | Message 99dcf915-2913-420a-b884-d843508f6b46 marked as read by fullstack1
2026-08-08 17:59:33 | team | sess_23ee05b6b3f2 | INFO | Message fe3a4b84-bde3-44f8-9daf-ffab7494c9b2 created
2026-08-08 17:59:56 | team | sess_23ee05b6b3f2 | INFO | Task implement claimed by member fullstack1
2026-08-08 17:59:56 | team | sess_23ee05b6b3f2 | INFO | Task implement claimed by member fullstack1
2026-08-08 18:00:06 | team | sess_23ee05b6b3f2 | INFO | Message 78a02b96-881f-4873-9986-648ffdb80b09 created
2026-08-08 18:00:06 | team | sess_23ee05b6b3f2 | INFO | Message 8ed1228d-6e6e-4abb-a921-b1720bb361d4 created
2026-08-08 18:00:13 | team | sess_23ee05b6b3f2 | INFO | [fullstack1] processing 1 unread messages (steer=True)
2026-08-08 18:00:13 | team | sess_23ee05b6b3f2 | INFO | Message 2c834371-5d59-4e2a-86b2-065b3caeec2c marked as read by fullstack1
2026-08-08 18:00:20 | team | sess_23ee05b6b3f2 | INFO | [fullstack1] processing 1 unread messages (steer=True)
2026-08-08 18:00:20 | team | sess_23ee05b6b3f2 | INFO | Message c9d62845-2a9c-4566-82bd-96009d72079b marked as read by fullstack1
2026-08-08 18:00:25 | team | sess_23ee05b6b3f2 | INFO | [fullstack1] processing 1 unread messages (steer=True)
2026-08-08 18:00:25 | team | sess_23ee05b6b3f2 | INFO | Message 8757175c-7caf-4a18-9564-f4b213ad3d18 marked as read by fullstack1
2026-08-08 18:00:27 | team | sess_23ee05b6b3f2 | INFO | [fullstack1] processing 1 unread messages (steer=True)
2026-08-08 18:00:27 | team | sess_23ee05b6b3f2 | INFO | Message 61257b09-6524-49af-b47c-e0a9f7a455c0 marked as read by fullstack1
2026-08-08 18:00:40 | team | sess_23ee05b6b3f2 | INFO | Message 304213bc-71ed-40b7-846c-78c8397017a9 created
2026-08-08 18:00:40 | team | sess_23ee05b6b3f2 | INFO | Message 13092a56-1fc4-4a49-b2e3-a91a0e0986c4 created
2026-08-08 18:00:44 | team | sess_23ee05b6b3f2 | INFO | [fullstack1] processing 1 unread messages (steer=True)
2026-08-08 18:00:44 | team | sess_23ee05b6b3f2 | INFO | Message a0fac1fc-60b1-407b-b989-598dfb785cd4 marked as read by fullstack1
2026-08-08 18:00:54 | team | sess_23ee05b6b3f2 | INFO | Message 69a7d81c-2200-4dce-8b20-dcce7cf0f956 created
2026-08-08 18:01:06 | team | sess_23ee05b6b3f2 | INFO | Message b0a60da6-125a-46d0-a3da-b5b5c7161af2 created
2026-08-08 18:01:06 | team | sess_23ee05b6b3f2 | INFO | Task plan-impl claimed by member fullstack1
2026-08-08 18:01:06 | team | sess_23ee05b6b3f2 | INFO | Task plan-impl claimed by member fullstack1
2026-08-08 18:01:07 | team | sess_23ee05b6b3f2 | INFO | [fullstack1] processing 1 unread messages (steer=True)
2026-08-08 18:01:07 | team | sess_23ee05b6b3f2 | INFO | Message 3988c9d1-388e-4017-8d37-58f58f27961f marked as read by fullstack1
2026-08-08 18:01:29 | team | sess_23ee05b6b3f2 | INFO | Message 768a80fb-d250-437e-86d0-79517ae1b03c created
2026-08-08 18:01:29 | team | sess_23ee05b6b3f2 | INFO | Message ea63f05c-cf4d-467f-8be6-8893648f8aa9 created
2026-08-08 18:01:38 | team | sess_23ee05b6b3f2 | INFO | [fullstack1] processing 1 unread messages (steer=True)
2026-08-08 18:01:38 | team | sess_23ee05b6b3f2 | INFO | Message 1971a790-067e-467b-8903-06ba6c2e19c0 marked as read by fullstack1
2026-08-08 18:02:03 | team | sess_23ee05b6b3f2 | INFO | [fullstack1] processing 1 unread messages (steer=True)
2026-08-08 18:02:03 | team | sess_23ee05b6b3f2 | INFO | Message 4cb09527-23a0-47f8-b802-56f725feb86a marked as read by fullstack1
2026-08-08 18:02:12 | team | sess_23ee05b6b3f2 | INFO | [fullstack1] processing 1 unread messages (steer=True)
2026-08-08 18:02:12 | team | sess_23ee05b6b3f2 | INFO | Message 8e01fc48-5571-4cea-8db6-0f711ac1fc2b marked as read by fullstack1
2026-08-08 18:02:13 | team | sess_23ee05b6b3f2 | INFO | Message 39da35c1-2bce-4d34-bd37-ca22d40a00fc created
2026-08-08 18:02:28 | team | sess_23ee05b6b3f2 | INFO | [fullstack1] processing 1 unread messages (steer=True)
2026-08-08 18:02:28 | team | sess_23ee05b6b3f2 | INFO | Message 40f873d0-55e4-4d74-b3a5-6e5fcedb4325 marked as read by fullstack1
2026-08-08 18:02:51 | team | sess_23ee05b6b3f2 | INFO | [fullstack1] processing 1 unread messages (steer=True)
2026-08-08 18:02:51 | team | sess_23ee05b6b3f2 | INFO | Message 58f8c205-84d5-4460-a9fe-890b707e7332 marked as read by fullstack1
2026-08-08 18:03:25 | team | sess_23ee05b6b3f2 | INFO | [fullstack1] processing 1 unread messages (steer=True)
2026-08-08 18:03:25 | team | sess_23ee05b6b3f2 | INFO | Message 56b334fc-1db5-46f4-b6d0-047ee82af585 marked as read by fullstack1
2026-08-08 18:03:53 | team | sess_23ee05b6b3f2 | INFO | Message a029190c-cb30-4480-9c8f-1d08c2113f61 created
2026-08-08 18:03:53 | team | sess_23ee05b6b3f2 | INFO | Message 1174d108-566c-481a-b126-c8dc225feffd created
2026-08-08 18:04:02 | team | sess_23ee05b6b3f2 | INFO | [fullstack1] processing 1 unread messages (steer=True)
2026-08-08 18:04:02 | team | sess_23ee05b6b3f2 | INFO | Message f5e2f800-cbbe-4a61-b92c-4ff80db58b36 marked as read by fullstack1
2026-08-08 18:04:03 | team | sess_23ee05b6b3f2 | INFO | Task plan-impl completed at 1786208643494
2026-08-08 18:04:03 | team | sess_23ee05b6b3f2 | INFO | Message 551e9409-4b7c-44ae-bc85-8f01133a8105 created
2026-08-08 18:04:03 | team | sess_23ee05b6b3f2 | INFO | Resolved 1 dependencies for task plan-impl
2026-08-08 18:04:03 | team | sess_23ee05b6b3f2 | INFO | Task verify-v2 unblocked (all deps resolved)
2026-08-08 18:04:03 | team | sess_23ee05b6b3f2 | INFO | Task plan-impl completed
2026-08-08 18:04:03 | team | sess_23ee05b6b3f2 | INFO | Unblocked 1 tasks
2026-08-08 18:04:03 | team | sess_23ee05b6b3f2 | INFO | Message 35500b09-b216-460e-b5ba-0f81702df998 created
2026-08-08 18:05:36 | team | sess_23ee05b6b3f2 | INFO | [fullstack1] processing 1 unread messages (steer=True)
2026-08-08 18:05:37 | team | sess_23ee05b6b3f2 | INFO | Message d8d37886-5527-428c-a02a-32df2049e89c marked as read by fullstack1
2026-08-08 18:05:41 | team | sess_23ee05b6b3f2 | INFO | Message 19f4134d-4356-4dbe-884e-b92c93eb61f7 created
2026-08-08 18:05:45 | team | sess_23ee05b6b3f2 | INFO | [fullstack1] processing 1 unread messages (steer=True)
2026-08-08 18:05:45 | team | sess_23ee05b6b3f2 | INFO | Message 504b64f0-3044-43bf-b224-fedb3cb93131 marked as read by fullstack1
2026-08-08 18:06:02 | team | sess_23ee05b6b3f2 | INFO | task list drained for team jiuwen_team_sess_23ee05b6b3f2: 6 terminal task(s)
2026-08-08 18:06:22 | team | sess_23ee05b6b3f2 | INFO | team jiuwen_team_sess_23ee05b6b3f2 reported completed: 9 members, 6 tasks
2026-08-08 18:06:23 | team | sess_23ee05b6b3f2 | INFO | [fullstack1] received TEAM_STANDBY, pausing polls
2026-08-08 18:06:23 | team | sess_23ee05b6b3f2 | INFO | EventBus[teammate] pausing polls
