2026-08-08 17:58:20 | team | sess_23ee05b6b3f2 | INFO | Team workspace directory ensured at /srv/jwteam_clone/shared/run_current
2026-08-08 17:58:20 | team | sess_23ee05b6b3f2 | INFO | AgentTeam manager initialized for jiuwen_team_sess_23ee05b6b3f2, member=team_leader
2026-08-08 17:58:20 | team | sess_23ee05b6b3f2 | INFO | [team_leader] TeamPolicyRail static sections: section_names=['team_role', 'team_workflow', 'team_swarmflow', 'team_lifecycle', 'team_persona']
2026-08-08 17:58:20 | team | sess_23ee05b6b3f2 | INFO | Session tables ready for session sess_23ee05b6b3f2
2026-08-08 17:58:20 | team | sess_23ee05b6b3f2 | INFO | Team database initialized
2026-08-08 17:58:20 | team | default_trace_id | INFO | Team workspace directory ensured at /srv/jwteam_clone/shared/run_current
2026-08-08 17:58:20 | team | default_trace_id | INFO | AgentTeam manager initialized for jiuwen_team_sess_23ee05b6b3f2, member=verifier2
2026-08-08 17:58:20 | team | default_trace_id | INFO | [verifier2] TeamPolicyRail static sections: section_names=['team_role', 'team_persona']
2026-08-08 17:58:20 | team | sess_23ee05b6b3f2 | INFO | [verifier2] invoke start, role=teammate
2026-08-08 17:58:20 | team | sess_23ee05b6b3f2 | INFO | [verifier2] coordination starting
2026-08-08 17:58:20 | team | sess_23ee05b6b3f2 | INFO | Session tables ready for session sess_23ee05b6b3f2
2026-08-08 17:58:20 | team | sess_23ee05b6b3f2 | INFO | Workspace /srv/jwteam_clone/shared/run_current initialized as plain shared directory (version_control disabled)
2026-08-08 17:58:20 | team | sess_23ee05b6b3f2 | INFO | EventBus[teammate] starting
2026-08-08 17:58:36 | team | sess_23ee05b6b3f2 | INFO | [verifier2] HITT section refresh: human_agent_names=[]
2026-08-08 17:58:46 | team | sess_23ee05b6b3f2 | INFO | [verifier2] processing 1 unread messages (steer=True)
2026-08-08 17:58:46 | team | sess_23ee05b6b3f2 | INFO | Message e19bbef5-9b49-4bfe-a779-3295effd794c marked as read by verifier2
2026-08-08 18:01:07 | team | sess_23ee05b6b3f2 | INFO | Message 0d19a302-3262-4b47-93f9-384c51e54138 created
2026-08-08 18:04:07 | team | sess_23ee05b6b3f2 | INFO | Task verify-v2 claimed by member verifier2
2026-08-08 18:04:07 | team | sess_23ee05b6b3f2 | INFO | Task verify-v2 claimed by member verifier2
2026-08-08 18:05:45 | team | sess_23ee05b6b3f2 | INFO | [verifier2] processing 1 unread messages (steer=True)
2026-08-08 18:05:45 | team | sess_23ee05b6b3f2 | INFO | Message 504b64f0-3044-43bf-b224-fedb3cb93131 marked as read by verifier2
2026-08-08 18:06:02 | team | sess_23ee05b6b3f2 | INFO | Task verify-v2 completed at 1786208762562
2026-08-08 18:06:02 | team | sess_23ee05b6b3f2 | INFO | Task verify-v2 completed
2026-08-08 18:06:22 | team | sess_23ee05b6b3f2 | INFO | team jiuwen_team_sess_23ee05b6b3f2 reported completed: 9 members, 6 tasks
2026-08-08 18:06:23 | team | sess_23ee05b6b3f2 | INFO | [verifier2] received TEAM_STANDBY, pausing polls
2026-08-08 18:06:23 | team | sess_23ee05b6b3f2 | INFO | EventBus[teammate] pausing polls
