2026-08-08 17:58:15 | team | sess_23ee05b6b3f2 | INFO | Team workspace directory ensured at /srv/jwteam_clone/shared/run_current
2026-08-08 17:58:15 | team | sess_23ee05b6b3f2 | INFO | AgentTeam manager initialized for jiuwen_team_sess_23ee05b6b3f2, member=team_leader
2026-08-08 17:58:15 | team | sess_23ee05b6b3f2 | INFO | [team_leader] TeamPolicyRail static sections: section_names=['team_role', 'team_workflow', 'team_swarmflow', 'team_lifecycle', 'team_persona']
2026-08-08 17:58:15 | team | sess_23ee05b6b3f2 | INFO | Session tables ready for session sess_23ee05b6b3f2
2026-08-08 17:58:15 | team | sess_23ee05b6b3f2 | INFO | Team database initialized
2026-08-08 17:58:15 | team | default_trace_id | INFO | Team workspace directory ensured at /srv/jwteam_clone/shared/run_current
2026-08-08 17:58:15 | team | default_trace_id | INFO | AgentTeam manager initialized for jiuwen_team_sess_23ee05b6b3f2, member=planner2
2026-08-08 17:58:15 | team | default_trace_id | INFO | [planner2] TeamPolicyRail static sections: section_names=['team_role', 'team_persona']
2026-08-08 17:58:15 | team | sess_23ee05b6b3f2 | INFO | [planner2] invoke start, role=teammate
2026-08-08 17:58:15 | team | sess_23ee05b6b3f2 | INFO | [planner2] coordination starting
2026-08-08 17:58:15 | team | sess_23ee05b6b3f2 | INFO | Session tables ready for session sess_23ee05b6b3f2
2026-08-08 17:58:15 | team | sess_23ee05b6b3f2 | INFO | Workspace /srv/jwteam_clone/shared/run_current initialized as plain shared directory (version_control disabled)
2026-08-08 17:58:15 | team | sess_23ee05b6b3f2 | INFO | EventBus[teammate] starting
2026-08-08 17:58:36 | team | sess_23ee05b6b3f2 | INFO | [planner2] HITT section refresh: human_agent_names=[]
2026-08-08 17:58:46 | team | sess_23ee05b6b3f2 | INFO | [planner2] processing 1 unread messages (steer=True)
2026-08-08 17:58:46 | team | sess_23ee05b6b3f2 | INFO | Message e19bbef5-9b49-4bfe-a779-3295effd794c marked as read by planner2
2026-08-08 17:58:48 | team | sess_23ee05b6b3f2 | INFO | Task plan claimed by member planner2
2026-08-08 17:58:48 | team | sess_23ee05b6b3f2 | INFO | Task plan claimed by member planner2
2026-08-08 17:59:09 | team | sess_23ee05b6b3f2 | INFO | [planner2] processing 1 unread messages (steer=True)
2026-08-08 17:59:09 | team | sess_23ee05b6b3f2 | INFO | Message 1f57ce6f-ea90-4a1e-9ab9-0b5d8c006891 marked as read by planner2
2026-08-08 17:59:21 | team | sess_23ee05b6b3f2 | INFO | Message 99dcf915-2913-420a-b884-d843508f6b46 created
2026-08-08 17:59:33 | team | sess_23ee05b6b3f2 | INFO | [planner2] processing 1 unread messages (steer=True)
2026-08-08 17:59:33 | team | sess_23ee05b6b3f2 | INFO | Message fe3a4b84-bde3-44f8-9daf-ffab7494c9b2 marked as read by planner2
2026-08-08 17:59:51 | team | sess_23ee05b6b3f2 | INFO | [planner2] processing 1 unread messages (steer=True)
2026-08-08 17:59:51 | team | sess_23ee05b6b3f2 | INFO | Message 92495549-8491-4be9-849c-18355648115c marked as read by planner2
2026-08-08 18:00:06 | team | sess_23ee05b6b3f2 | INFO | [planner2] processing 1 unread messages (steer=True)
2026-08-08 18:00:06 | team | sess_23ee05b6b3f2 | INFO | Message 8ed1228d-6e6e-4abb-a921-b1720bb361d4 marked as read by planner2
2026-08-08 18:00:07 | team | sess_23ee05b6b3f2 | INFO | Task plan-v2 claimed by member planner2
2026-08-08 18:00:07 | team | sess_23ee05b6b3f2 | INFO | Task plan-v2 claimed by member planner2
2026-08-08 18:00:27 | team | sess_23ee05b6b3f2 | INFO | Message 61257b09-6524-49af-b47c-e0a9f7a455c0 created
2026-08-08 18:00:37 | team | sess_23ee05b6b3f2 | INFO | [planner2] processing 1 unread messages (steer=True)
2026-08-08 18:00:37 | team | sess_23ee05b6b3f2 | INFO | Message 8c4d064b-ec9e-495c-95ac-2c13821954ad marked as read by planner2
2026-08-08 18:00:55 | team | sess_23ee05b6b3f2 | INFO | [planner2] processing 1 unread messages (steer=True)
2026-08-08 18:00:55 | team | sess_23ee05b6b3f2 | INFO | Message 69a7d81c-2200-4dce-8b20-dcce7cf0f956 marked as read by planner2
2026-08-08 18:00:58 | team | sess_23ee05b6b3f2 | INFO | [planner2] processing 1 unread messages (steer=True)
2026-08-08 18:00:58 | team | sess_23ee05b6b3f2 | INFO | Message cc52c85f-c41d-4f22-b4d5-c09bd9f492dd marked as read by planner2
2026-08-08 18:01:29 | team | sess_23ee05b6b3f2 | INFO | [planner2] processing 1 unread messages (steer=True)
2026-08-08 18:01:29 | team | sess_23ee05b6b3f2 | INFO | Message ea63f05c-cf4d-467f-8be6-8893648f8aa9 marked as read by planner2
2026-08-08 18:02:12 | team | sess_23ee05b6b3f2 | INFO | Message de47cf80-ff6e-49b2-9fb4-99ec0b95713d created
2026-08-08 18:02:12 | team | sess_23ee05b6b3f2 | INFO | Message 8e01fc48-5571-4cea-8db6-0f711ac1fc2b created
2026-08-08 18:02:20 | team | sess_23ee05b6b3f2 | INFO | [planner2] processing 1 unread messages (steer=True)
2026-08-08 18:02:20 | team | sess_23ee05b6b3f2 | INFO | Message 51a336e7-25b3-483e-bfab-ba150463c0a6 marked as read by planner2
2026-08-08 18:05:45 | team | sess_23ee05b6b3f2 | INFO | [planner2] processing 1 unread messages (steer=True)
2026-08-08 18:05:45 | team | sess_23ee05b6b3f2 | INFO | Message 504b64f0-3044-43bf-b224-fedb3cb93131 marked as read by planner2
2026-08-08 18:06:02 | team | sess_23ee05b6b3f2 | INFO | task list drained for team jiuwen_team_sess_23ee05b6b3f2: 6 terminal task(s)
2026-08-08 18:06:22 | team | sess_23ee05b6b3f2 | INFO | team jiuwen_team_sess_23ee05b6b3f2 reported completed: 9 members, 6 tasks
2026-08-08 18:06:23 | team | sess_23ee05b6b3f2 | INFO | [planner2] received TEAM_STANDBY, pausing polls
2026-08-08 18:06:23 | team | sess_23ee05b6b3f2 | INFO | EventBus[teammate] pausing polls
