2026-08-08 17:58:14 | team | sess_23ee05b6b3f2 | INFO | Team workspace directory ensured at /srv/jwteam_clone/shared/run_current
2026-08-08 17:58:14 | team | sess_23ee05b6b3f2 | INFO | AgentTeam manager initialized for jiuwen_team_sess_23ee05b6b3f2, member=team_leader
2026-08-08 17:58:14 | team | sess_23ee05b6b3f2 | INFO | [team_leader] TeamPolicyRail static sections: section_names=['team_role', 'team_workflow', 'team_swarmflow', 'team_lifecycle', 'team_persona']
2026-08-08 17:58:14 | team | sess_23ee05b6b3f2 | INFO | Session tables ready for session sess_23ee05b6b3f2
2026-08-08 17:58:14 | team | sess_23ee05b6b3f2 | INFO | Team database initialized
2026-08-08 17:58:14 | team | default_trace_id | INFO | Team workspace directory ensured at /srv/jwteam_clone/shared/run_current
2026-08-08 17:58:14 | team | default_trace_id | INFO | AgentTeam manager initialized for jiuwen_team_sess_23ee05b6b3f2, member=planner1
2026-08-08 17:58:14 | team | default_trace_id | INFO | [planner1] TeamPolicyRail static sections: section_names=['team_role', 'team_persona']
2026-08-08 17:58:14 | team | sess_23ee05b6b3f2 | INFO | [planner1] invoke start, role=teammate
2026-08-08 17:58:14 | team | sess_23ee05b6b3f2 | INFO | [planner1] coordination starting
2026-08-08 17:58:14 | team | sess_23ee05b6b3f2 | INFO | Session tables ready for session sess_23ee05b6b3f2
2026-08-08 17:58:14 | team | sess_23ee05b6b3f2 | INFO | Workspace /srv/jwteam_clone/shared/run_current initialized as plain shared directory (version_control disabled)
2026-08-08 17:58:14 | team | sess_23ee05b6b3f2 | INFO | EventBus[teammate] starting
2026-08-08 17:58:35 | team | sess_23ee05b6b3f2 | INFO | [planner1] HITT section refresh: human_agent_names=[]
2026-08-08 17:58:46 | team | sess_23ee05b6b3f2 | INFO | [planner1] processing 1 unread messages (steer=True)
2026-08-08 17:58:46 | team | sess_23ee05b6b3f2 | INFO | Message e19bbef5-9b49-4bfe-a779-3295effd794c marked as read by planner1
2026-08-08 17:58:58 | team | sess_23ee05b6b3f2 | INFO | [planner1] processing 1 unread messages (steer=True)
2026-08-08 17:58:58 | team | sess_23ee05b6b3f2 | INFO | Message bbe56661-9695-4fa5-9d56-04ec814b4c33 marked as read by planner1
2026-08-08 17:59:07 | team | sess_23ee05b6b3f2 | INFO | Message 470ad187-34b6-44b2-b12c-95ffdeecef31 created
2026-08-08 17:59:27 | team | sess_23ee05b6b3f2 | INFO | Message f2b179fa-83fa-477f-8408-8f2fa52595b0 created
2026-08-08 17:59:38 | team | sess_23ee05b6b3f2 | INFO | Message df6c4c80-7be7-4ddd-9c77-10f05794a633 created
2026-08-08 17:59:48 | team | sess_23ee05b6b3f2 | INFO | [planner1] processing 1 unread messages (steer=True)
2026-08-08 17:59:48 | team | sess_23ee05b6b3f2 | INFO | Message 93952870-6201-40b4-aa8f-83c2aabdb17a marked as read by planner1
2026-08-08 18:00:13 | team | sess_23ee05b6b3f2 | INFO | Message 2c834371-5d59-4e2a-86b2-065b3caeec2c created
2026-08-08 18:00:40 | team | sess_23ee05b6b3f2 | INFO | [planner1] processing 1 unread messages (steer=True)
2026-08-08 18:00:40 | team | sess_23ee05b6b3f2 | INFO | Message 13092a56-1fc4-4a49-b2e3-a91a0e0986c4 marked as read by planner1
2026-08-08 18:00:57 | team | sess_23ee05b6b3f2 | INFO | Message cc52c85f-c41d-4f22-b4d5-c09bd9f492dd created
2026-08-08 18:01:07 | team | sess_23ee05b6b3f2 | INFO | Message 3988c9d1-388e-4017-8d37-58f58f27961f created
2026-08-08 18:01:29 | team | sess_23ee05b6b3f2 | INFO | [planner1] processing 1 unread messages (steer=True)
2026-08-08 18:01:29 | team | sess_23ee05b6b3f2 | INFO | Message 768a80fb-d250-437e-86d0-79517ae1b03c marked as read by planner1
2026-08-08 18:01:38 | team | sess_23ee05b6b3f2 | INFO | Message 1971a790-067e-467b-8903-06ba6c2e19c0 created
2026-08-08 18:02:12 | team | sess_23ee05b6b3f2 | INFO | [planner1] processing 1 unread messages (steer=True)
2026-08-08 18:02:12 | team | sess_23ee05b6b3f2 | INFO | Message de47cf80-ff6e-49b2-9fb4-99ec0b95713d marked as read by planner1
2026-08-08 18:02:20 | team | sess_23ee05b6b3f2 | INFO | Message 51a336e7-25b3-483e-bfab-ba150463c0a6 created
2026-08-08 18:02:51 | team | sess_23ee05b6b3f2 | INFO | Message 58f8c205-84d5-4460-a9fe-890b707e7332 created
2026-08-08 18:04:03 | team | sess_23ee05b6b3f2 | INFO | [planner1] processing 1 unread messages (steer=True)
2026-08-08 18:04:03 | team | sess_23ee05b6b3f2 | INFO | Message 551e9409-4b7c-44ae-bc85-8f01133a8105 marked as read by planner1
2026-08-08 18:05:45 | team | sess_23ee05b6b3f2 | INFO | [planner1] processing 1 unread messages (steer=True)
2026-08-08 18:05:45 | team | sess_23ee05b6b3f2 | INFO | Message 504b64f0-3044-43bf-b224-fedb3cb93131 marked as read by planner1
2026-08-08 18:06:02 | team | sess_23ee05b6b3f2 | INFO | task list drained for team jiuwen_team_sess_23ee05b6b3f2: 6 terminal task(s)
2026-08-08 18:06:22 | team | sess_23ee05b6b3f2 | INFO | team jiuwen_team_sess_23ee05b6b3f2 reported completed: 9 members, 6 tasks
2026-08-08 18:06:23 | team | sess_23ee05b6b3f2 | INFO | [planner1] received TEAM_STANDBY, pausing polls
2026-08-08 18:06:23 | team | sess_23ee05b6b3f2 | INFO | EventBus[teammate] pausing polls
