2026-08-08 11:43:49 | team | sess_f10089116403 | INFO | Team workspace directory ensured at /srv/jwteam_clone/shared/run_current
2026-08-08 11:43:49 | team | sess_f10089116403 | INFO | AgentTeam manager initialized for jiuwen_team_sess_f10089116403, member=team_leader
2026-08-08 11:43:49 | team | sess_f10089116403 | INFO | [team_leader] TeamPolicyRail static sections: section_names=['team_role', 'team_workflow', 'team_swarmflow', 'team_lifecycle', 'team_persona']
2026-08-08 11:43:49 | team | sess_f10089116403 | INFO | Session tables ready for session sess_f10089116403
2026-08-08 11:43:49 | team | sess_f10089116403 | INFO | Team database initialized
2026-08-08 11:43:49 | team | default_trace_id | INFO | Team workspace directory ensured at /srv/jwteam_clone/shared/run_current
2026-08-08 11:43:49 | team | default_trace_id | INFO | AgentTeam manager initialized for jiuwen_team_sess_f10089116403, member=planner2
2026-08-08 11:43:49 | team | default_trace_id | INFO | [planner2] TeamPolicyRail static sections: section_names=['team_role', 'team_persona']
2026-08-08 11:43:49 | team | sess_f10089116403 | INFO | [planner2] invoke start, role=teammate
2026-08-08 11:43:49 | team | sess_f10089116403 | INFO | [planner2] coordination starting
2026-08-08 11:43:49 | team | sess_f10089116403 | INFO | Session tables ready for session sess_f10089116403
2026-08-08 11:43:49 | team | sess_f10089116403 | INFO | Workspace /srv/jwteam_clone/shared/run_current initialized as plain shared directory (version_control disabled)
2026-08-08 11:43:49 | team | sess_f10089116403 | INFO | EventBus[teammate] starting
2026-08-08 11:44:45 | team | sess_f10089116403 | INFO | [planner2] HITT section refresh: human_agent_names=[]
2026-08-08 11:44:56 | team | sess_f10089116403 | INFO | [planner2] processing 1 unread messages (steer=True)
2026-08-08 11:44:56 | team | sess_f10089116403 | INFO | Message 4e62437b-ad60-4b43-8298-427c778ecb40 marked as read by planner2
2026-08-08 11:45:30 | team | sess_f10089116403 | INFO | Message 07540bc9-62b0-4663-9076-58d3dfeaf19d created
2026-08-08 11:45:50 | team | sess_f10089116403 | INFO | [planner2] processing 1 unread messages (steer=True)
2026-08-08 11:45:50 | team | sess_f10089116403 | INFO | Message cc371d77-2168-4855-bc5f-922b5cabd884 marked as read by planner2
2026-08-08 11:48:06 | team | sess_f10089116403 | INFO | task list drained for team jiuwen_team_sess_f10089116403: 6 terminal task(s)
2026-08-08 11:48:18 | team | sess_f10089116403 | INFO | [planner2] processing 1 unread messages (steer=True)
2026-08-08 11:48:19 | team | sess_f10089116403 | INFO | Message 7cced776-32b0-4535-be8b-a7e0d86e6100 marked as read by planner2
2026-08-08 11:48:28 | team | sess_f10089116403 | INFO | team jiuwen_team_sess_f10089116403 reported completed: 9 members, 6 tasks
2026-08-08 11:48:29 | team | sess_f10089116403 | INFO | [planner2] received TEAM_STANDBY, pausing polls
2026-08-08 11:48:29 | team | sess_f10089116403 | INFO | EventBus[teammate] pausing polls
