2026-08-08 11:43:50 | team | sess_f10089116403 | INFO | Team workspace directory ensured at /srv/jwteam_clone/shared/run_current
2026-08-08 11:43:50 | team | sess_f10089116403 | INFO | AgentTeam manager initialized for jiuwen_team_sess_f10089116403, member=team_leader
2026-08-08 11:43:50 | team | sess_f10089116403 | INFO | [team_leader] TeamPolicyRail static sections: section_names=['team_role', 'team_workflow', 'team_swarmflow', 'team_lifecycle', 'team_persona']
2026-08-08 11:43:51 | team | sess_f10089116403 | INFO | Session tables ready for session sess_f10089116403
2026-08-08 11:43:51 | team | sess_f10089116403 | INFO | Team database initialized
2026-08-08 11:43:51 | team | default_trace_id | INFO | Team workspace directory ensured at /srv/jwteam_clone/shared/run_current
2026-08-08 11:43:51 | team | default_trace_id | INFO | AgentTeam manager initialized for jiuwen_team_sess_f10089116403, member=executor2
2026-08-08 11:43:51 | team | default_trace_id | INFO | [executor2] TeamPolicyRail static sections: section_names=['team_role', 'team_persona']
2026-08-08 11:43:51 | team | sess_f10089116403 | INFO | [executor2] invoke start, role=teammate
2026-08-08 11:43:51 | team | sess_f10089116403 | INFO | [executor2] coordination starting
2026-08-08 11:43:51 | team | sess_f10089116403 | INFO | Session tables ready for session sess_f10089116403
2026-08-08 11:43:51 | team | sess_f10089116403 | INFO | Workspace /srv/jwteam_clone/shared/run_current initialized as plain shared directory (version_control disabled)
2026-08-08 11:43:51 | team | sess_f10089116403 | INFO | EventBus[teammate] starting
2026-08-08 11:44:45 | team | sess_f10089116403 | INFO | [executor2] HITT section refresh: human_agent_names=[]
2026-08-08 11:44:56 | team | sess_f10089116403 | INFO | [executor2] processing 1 unread messages (steer=True)
2026-08-08 11:44:56 | team | sess_f10089116403 | INFO | Message 4e62437b-ad60-4b43-8298-427c778ecb40 marked as read by executor2
2026-08-08 11:45:17 | team | sess_f10089116403 | INFO | Message 1f349276-dbdd-4f73-8d98-18f7d2890ab6 created
2026-08-08 11:45:26 | team | sess_f10089116403 | INFO | [executor2] processing 1 unread messages (steer=True)
2026-08-08 11:45:26 | team | sess_f10089116403 | INFO | Message 39e126e0-efb2-4d81-9fd7-37c0f30bcfff marked as read by executor2
2026-08-08 11:45:42 | team | sess_f10089116403 | INFO | [executor2] processing 1 unread messages (steer=True)
2026-08-08 11:45:42 | team | sess_f10089116403 | INFO | Message 12426fe9-cfb4-406a-99ff-1c24fadeb7a8 marked as read by executor2
2026-08-08 11:45:53 | team | sess_f10089116403 | INFO | Task fix-kdf claimed by member executor2
2026-08-08 11:45:53 | team | sess_f10089116403 | INFO | Task fix-kdf claimed by member executor2
2026-08-08 11:46:37 | team | sess_f10089116403 | INFO | Task fix-kdf completed at 1786185997677
2026-08-08 11:46:37 | team | sess_f10089116403 | INFO | Resolved 2 dependencies for task fix-kdf
2026-08-08 11:46:37 | team | sess_f10089116403 | INFO | Task verify-1 unblocked (all deps resolved)
2026-08-08 11:46:37 | team | sess_f10089116403 | INFO | Task verify-2 unblocked (all deps resolved)
2026-08-08 11:46:37 | team | sess_f10089116403 | INFO | Task fix-kdf completed
2026-08-08 11:46:37 | team | sess_f10089116403 | INFO | Unblocked 2 tasks
2026-08-08 11:46:48 | team | sess_f10089116403 | INFO | Message e900eef5-18ee-48c4-90f5-ef882062374b created
2026-08-08 11:46:48 | team | sess_f10089116403 | INFO | Message 94aa688d-2de0-4bbc-9568-2a17ac32b8d4 created
2026-08-08 11:46:55 | team | sess_f10089116403 | INFO | Message e796c194-c814-4268-97b4-4df7032fc65b created
2026-08-08 11:48:06 | team | sess_f10089116403 | INFO | task list drained for team jiuwen_team_sess_f10089116403: 6 terminal task(s)
2026-08-08 11:48:18 | team | sess_f10089116403 | INFO | [executor2] processing 1 unread messages (steer=True)
2026-08-08 11:48:19 | team | sess_f10089116403 | INFO | Message 7cced776-32b0-4535-be8b-a7e0d86e6100 marked as read by executor2
2026-08-08 11:48:28 | team | sess_f10089116403 | INFO | team jiuwen_team_sess_f10089116403 reported completed: 9 members, 6 tasks
2026-08-08 11:48:29 | team | sess_f10089116403 | INFO | [executor2] received TEAM_STANDBY, pausing polls
2026-08-08 11:48:29 | team | sess_f10089116403 | INFO | EventBus[teammate] pausing polls
