2026-08-08 11:43:50 | team | sess_f10089116403 | INFO | Team workspace directory ensured at /srv/jwteam_clone/shared/run_current
2026-08-08 11:43:50 | team | sess_f10089116403 | INFO | AgentTeam manager initialized for jiuwen_team_sess_f10089116403, member=team_leader
2026-08-08 11:43:50 | team | sess_f10089116403 | INFO | [team_leader] TeamPolicyRail static sections: section_names=['team_role', 'team_workflow', 'team_swarmflow', 'team_lifecycle', 'team_persona']
2026-08-08 11:43:50 | team | sess_f10089116403 | INFO | Session tables ready for session sess_f10089116403
2026-08-08 11:43:50 | team | sess_f10089116403 | INFO | Team database initialized
2026-08-08 11:43:50 | team | default_trace_id | INFO | Team workspace directory ensured at /srv/jwteam_clone/shared/run_current
2026-08-08 11:43:50 | team | default_trace_id | INFO | AgentTeam manager initialized for jiuwen_team_sess_f10089116403, member=executor1
2026-08-08 11:43:50 | team | default_trace_id | INFO | [executor1] TeamPolicyRail static sections: section_names=['team_role', 'team_persona']
2026-08-08 11:43:50 | team | sess_f10089116403 | INFO | [executor1] invoke start, role=teammate
2026-08-08 11:43:50 | team | sess_f10089116403 | INFO | [executor1] coordination starting
2026-08-08 11:43:50 | team | sess_f10089116403 | INFO | Session tables ready for session sess_f10089116403
2026-08-08 11:43:50 | team | sess_f10089116403 | INFO | Workspace /srv/jwteam_clone/shared/run_current initialized as plain shared directory (version_control disabled)
2026-08-08 11:43:50 | team | sess_f10089116403 | INFO | EventBus[teammate] starting
2026-08-08 11:44:45 | team | sess_f10089116403 | INFO | [executor1] HITT section refresh: human_agent_names=[]
2026-08-08 11:44:56 | team | sess_f10089116403 | INFO | [executor1] processing 1 unread messages (steer=True)
2026-08-08 11:44:56 | team | sess_f10089116403 | INFO | Message 4e62437b-ad60-4b43-8298-427c778ecb40 marked as read by executor1
2026-08-08 11:45:42 | team | sess_f10089116403 | INFO | [executor1] processing 1 unread messages (steer=True)
2026-08-08 11:45:42 | team | sess_f10089116403 | INFO | Message b603d343-ae48-44ad-b3f1-d546715987e3 marked as read by executor1
2026-08-08 11:45:50 | team | sess_f10089116403 | INFO | Task fix-nonce claimed by member executor1
2026-08-08 11:45:50 | team | sess_f10089116403 | INFO | Task fix-nonce claimed by member executor1
2026-08-08 11:46:28 | team | sess_f10089116403 | INFO | Task fix-nonce completed at 1786185988581
2026-08-08 11:46:28 | team | sess_f10089116403 | INFO | Message 6017cf74-9dbb-4b7e-ac13-cdf57391ccd8 created
2026-08-08 11:46:28 | team | sess_f10089116403 | INFO | Message e2f86230-241d-425b-bc33-b9ffdb7fb8a5 created
2026-08-08 11:46:28 | team | sess_f10089116403 | INFO | Resolved 2 dependencies for task fix-nonce
2026-08-08 11:46:28 | team | sess_f10089116403 | INFO | Task fix-nonce completed
2026-08-08 11:46:35 | team | sess_f10089116403 | INFO | Message 1e4d6eed-efd1-48ef-9470-e59c4bbc331f created
2026-08-08 11:46:35 | team | sess_f10089116403 | INFO | [executor1] processing 1 unread messages (steer=True)
2026-08-08 11:46:35 | team | sess_f10089116403 | INFO | Message 8dea820a-3611-4c9e-bb6b-9ea838129be7 marked as read by executor1
2026-08-08 11:48:06 | team | sess_f10089116403 | INFO | task list drained for team jiuwen_team_sess_f10089116403: 6 terminal task(s)
2026-08-08 11:48:18 | team | sess_f10089116403 | INFO | [executor1] processing 1 unread messages (steer=True)
2026-08-08 11:48:18 | team | sess_f10089116403 | INFO | Message 7cced776-32b0-4535-be8b-a7e0d86e6100 marked as read by executor1
2026-08-08 11:48:28 | team | sess_f10089116403 | INFO | team jiuwen_team_sess_f10089116403 reported completed: 9 members, 6 tasks
2026-08-08 11:48:29 | team | sess_f10089116403 | INFO | [executor1] received TEAM_STANDBY, pausing polls
2026-08-08 11:48:29 | team | sess_f10089116403 | INFO | EventBus[teammate] pausing polls
