2026-08-08 11:43:54 | team | sess_f10089116403 | INFO | Team workspace directory ensured at /srv/jwteam_clone/shared/run_current
2026-08-08 11:43:54 | team | sess_f10089116403 | INFO | AgentTeam manager initialized for jiuwen_team_sess_f10089116403, member=team_leader
2026-08-08 11:43:54 | team | sess_f10089116403 | INFO | [team_leader] TeamPolicyRail static sections: section_names=['team_role', 'team_workflow', 'team_swarmflow', 'team_lifecycle', 'team_persona']
2026-08-08 11:43:54 | team | sess_f10089116403 | INFO | Session tables ready for session sess_f10089116403
2026-08-08 11:43:54 | team | sess_f10089116403 | INFO | Team database initialized
2026-08-08 11:43:54 | team | default_trace_id | INFO | Team workspace directory ensured at /srv/jwteam_clone/shared/run_current
2026-08-08 11:43:54 | team | default_trace_id | INFO | AgentTeam manager initialized for jiuwen_team_sess_f10089116403, member=verifier2
2026-08-08 11:43:54 | team | default_trace_id | INFO | [verifier2] TeamPolicyRail static sections: section_names=['team_role', 'team_persona']
2026-08-08 11:43:54 | team | sess_f10089116403 | INFO | [verifier2] invoke start, role=teammate
2026-08-08 11:43:54 | team | sess_f10089116403 | INFO | [verifier2] coordination starting
2026-08-08 11:43:54 | team | sess_f10089116403 | INFO | Session tables ready for session sess_f10089116403
2026-08-08 11:43:55 | team | sess_f10089116403 | INFO | Workspace /srv/jwteam_clone/shared/run_current initialized as plain shared directory (version_control disabled)
2026-08-08 11:43:55 | team | sess_f10089116403 | INFO | EventBus[teammate] starting
2026-08-08 11:44:45 | team | sess_f10089116403 | INFO | [verifier2] HITT section refresh: human_agent_names=[]
2026-08-08 11:44:56 | team | sess_f10089116403 | INFO | [verifier2] processing 1 unread messages (steer=True)
2026-08-08 11:44:56 | team | sess_f10089116403 | INFO | Message 4e62437b-ad60-4b43-8298-427c778ecb40 marked as read by verifier2
2026-08-08 11:46:28 | team | sess_f10089116403 | INFO | [verifier2] processing 1 unread messages (steer=True)
2026-08-08 11:46:28 | team | sess_f10089116403 | INFO | Message 6017cf74-9dbb-4b7e-ac13-cdf57391ccd8 marked as read by verifier2
2026-08-08 11:46:35 | team | sess_f10089116403 | INFO | Message 8dea820a-3611-4c9e-bb6b-9ea838129be7 created
2026-08-08 11:46:45 | team | sess_f10089116403 | INFO | Task verify-2 claimed by member verifier2
2026-08-08 11:46:45 | team | sess_f10089116403 | INFO | Task verify-2 claimed by member verifier2
2026-08-08 11:46:48 | team | sess_f10089116403 | INFO | [verifier2] processing 1 unread messages (steer=True)
2026-08-08 11:46:48 | team | sess_f10089116403 | INFO | Message 94aa688d-2de0-4bbc-9568-2a17ac32b8d4 marked as read by verifier2
2026-08-08 11:46:54 | team | sess_f10089116403 | INFO | [verifier2] processing 1 unread messages (steer=True)
2026-08-08 11:46:54 | team | sess_f10089116403 | INFO | Message d6919b6c-be24-40f4-ae0b-efcd44a736b4 marked as read by verifier2
2026-08-08 11:48:06 | team | sess_f10089116403 | INFO | Task verify-2 completed at 1786186086608
2026-08-08 11:48:06 | team | sess_f10089116403 | INFO | Task verify-2 completed
2026-08-08 11:48:14 | team | sess_f10089116403 | INFO | Message d407f388-67f2-4511-81fb-2ffeb85bbeab created
2026-08-08 11:48:18 | team | sess_f10089116403 | INFO | [verifier2] processing 1 unread messages (steer=True)
2026-08-08 11:48:18 | team | sess_f10089116403 | INFO | Message 7cced776-32b0-4535-be8b-a7e0d86e6100 marked as read by verifier2
2026-08-08 11:48:28 | team | sess_f10089116403 | INFO | team jiuwen_team_sess_f10089116403 reported completed: 9 members, 6 tasks
2026-08-08 11:48:29 | team | sess_f10089116403 | INFO | [verifier2] received TEAM_STANDBY, pausing polls
2026-08-08 11:48:29 | team | sess_f10089116403 | INFO | EventBus[teammate] pausing polls
