2026-08-08 11:43:53 | team | sess_f10089116403 | INFO | Team workspace directory ensured at /srv/jwteam_clone/shared/run_current
2026-08-08 11:43:53 | team | sess_f10089116403 | INFO | AgentTeam manager initialized for jiuwen_team_sess_f10089116403, member=team_leader
2026-08-08 11:43:53 | team | sess_f10089116403 | INFO | [team_leader] TeamPolicyRail static sections: section_names=['team_role', 'team_workflow', 'team_swarmflow', 'team_lifecycle', 'team_persona']
2026-08-08 11:43:53 | team | sess_f10089116403 | INFO | Session tables ready for session sess_f10089116403
2026-08-08 11:43:53 | team | sess_f10089116403 | INFO | Team database initialized
2026-08-08 11:43:53 | team | default_trace_id | INFO | Team workspace directory ensured at /srv/jwteam_clone/shared/run_current
2026-08-08 11:43:53 | team | default_trace_id | INFO | AgentTeam manager initialized for jiuwen_team_sess_f10089116403, member=verifier1
2026-08-08 11:43:53 | team | default_trace_id | INFO | [verifier1] TeamPolicyRail static sections: section_names=['team_role', 'team_persona']
2026-08-08 11:43:53 | team | sess_f10089116403 | INFO | [verifier1] invoke start, role=teammate
2026-08-08 11:43:53 | team | sess_f10089116403 | INFO | [verifier1] coordination starting
2026-08-08 11:43:53 | team | sess_f10089116403 | INFO | Session tables ready for session sess_f10089116403
2026-08-08 11:43:53 | team | sess_f10089116403 | INFO | Workspace /srv/jwteam_clone/shared/run_current initialized as plain shared directory (version_control disabled)
2026-08-08 11:43:53 | team | sess_f10089116403 | INFO | EventBus[teammate] starting
2026-08-08 11:44:45 | team | sess_f10089116403 | INFO | [verifier1] HITT section refresh: human_agent_names=[]
2026-08-08 11:44:56 | team | sess_f10089116403 | INFO | [verifier1] processing 1 unread messages (steer=True)
2026-08-08 11:44:56 | team | sess_f10089116403 | INFO | Message 4e62437b-ad60-4b43-8298-427c778ecb40 marked as read by verifier1
2026-08-08 11:46:28 | team | sess_f10089116403 | INFO | [verifier1] processing 1 unread messages (steer=True)
2026-08-08 11:46:28 | team | sess_f10089116403 | INFO | Message e2f86230-241d-425b-bc33-b9ffdb7fb8a5 marked as read by verifier1
2026-08-08 11:46:45 | team | sess_f10089116403 | INFO | Task verify-1 claimed by member verifier1
2026-08-08 11:46:45 | team | sess_f10089116403 | INFO | Task verify-1 claimed by member verifier1
2026-08-08 11:46:48 | team | sess_f10089116403 | INFO | [verifier1] processing 1 unread messages (steer=True)
2026-08-08 11:46:48 | team | sess_f10089116403 | INFO | Message e900eef5-18ee-48c4-90f5-ef882062374b marked as read by verifier1
2026-08-08 11:46:54 | team | sess_f10089116403 | INFO | [verifier1] processing 1 unread messages (steer=True)
2026-08-08 11:46:54 | team | sess_f10089116403 | INFO | Message e4a794e8-3799-4b2f-b224-45f5a0712267 marked as read by verifier1
2026-08-08 11:47:32 | team | sess_f10089116403 | INFO | Task verify-1 completed at 1786186052707
2026-08-08 11:47:32 | team | sess_f10089116403 | INFO | Task verify-1 completed
2026-08-08 11:47:43 | team | sess_f10089116403 | INFO | Message b200dd63-ec15-406b-a046-f0544d445ed3 created
2026-08-08 11:48:06 | team | sess_f10089116403 | INFO | task list drained for team jiuwen_team_sess_f10089116403: 6 terminal task(s)
2026-08-08 11:48:18 | team | sess_f10089116403 | INFO | [verifier1] processing 1 unread messages (steer=True)
2026-08-08 11:48:19 | team | sess_f10089116403 | INFO | Message 7cced776-32b0-4535-be8b-a7e0d86e6100 marked as read by verifier1
2026-08-08 11:48:28 | team | sess_f10089116403 | INFO | team jiuwen_team_sess_f10089116403 reported completed: 9 members, 6 tasks
2026-08-08 11:48:29 | team | sess_f10089116403 | INFO | [verifier1] received TEAM_STANDBY, pausing polls
2026-08-08 11:48:29 | team | sess_f10089116403 | INFO | EventBus[teammate] pausing polls
