2026-08-08 15:13:58 | team | sess_8add698da264 | INFO | Team workspace directory ensured at /srv/jwteam_clone/shared/run_current
2026-08-08 15:13:58 | team | sess_8add698da264 | INFO | AgentTeam manager initialized for jiuwen_team_sess_8add698da264, member=team_leader
2026-08-08 15:13:58 | team | sess_8add698da264 | INFO | [team_leader] TeamPolicyRail static sections: section_names=['team_role', 'team_workflow', 'team_swarmflow', 'team_lifecycle', 'team_persona']
2026-08-08 15:13:58 | team | sess_8add698da264 | INFO | Session tables ready for session sess_8add698da264
2026-08-08 15:13:58 | team | sess_8add698da264 | INFO | Team database initialized
2026-08-08 15:13:58 | team | default_trace_id | INFO | Team workspace directory ensured at /srv/jwteam_clone/shared/run_current
2026-08-08 15:13:58 | team | default_trace_id | INFO | AgentTeam manager initialized for jiuwen_team_sess_8add698da264, member=executor3
2026-08-08 15:13:58 | team | default_trace_id | INFO | [executor3] TeamPolicyRail static sections: section_names=['team_role', 'team_persona']
2026-08-08 15:13:59 | team | sess_8add698da264 | INFO | [executor3] invoke start, role=teammate
2026-08-08 15:13:59 | team | sess_8add698da264 | INFO | [executor3] coordination starting
2026-08-08 15:13:59 | team | sess_8add698da264 | INFO | Session tables ready for session sess_8add698da264
2026-08-08 15:13:59 | team | sess_8add698da264 | INFO | Workspace /srv/jwteam_clone/shared/run_current initialized as plain shared directory (version_control disabled)
2026-08-08 15:13:59 | team | sess_8add698da264 | INFO | EventBus[teammate] starting
2026-08-08 15:14:43 | team | sess_8add698da264 | INFO | [executor3] HITT section refresh: human_agent_names=[]
2026-08-08 15:14:56 | team | sess_8add698da264 | INFO | [executor3] processing 1 unread messages (steer=True)
2026-08-08 15:14:56 | team | sess_8add698da264 | INFO | Message e6bff55d-0499-4dc8-99d9-a084e0b40b9a marked as read by executor3
2026-08-08 15:39:11 | team | sess_8add698da264 | INFO | task list drained for team jiuwen_team_sess_8add698da264: 6 terminal task(s)
2026-08-08 15:39:20 | team | sess_8add698da264 | INFO | task list drained for team jiuwen_team_sess_8add698da264: 6 terminal task(s)
2026-08-08 15:39:35 | team | sess_8add698da264 | INFO | [executor3] processing 1 unread messages (steer=True)
2026-08-08 15:39:35 | team | sess_8add698da264 | INFO | Message 7096029b-f03c-4726-8dc3-a35dccb90c9d marked as read by executor3
2026-08-08 15:39:46 | team | sess_8add698da264 | INFO | team jiuwen_team_sess_8add698da264 reported completed: 9 members, 6 tasks
2026-08-08 15:39:47 | team | sess_8add698da264 | INFO | [executor3] received TEAM_STANDBY, pausing polls
2026-08-08 15:39:47 | team | sess_8add698da264 | INFO | EventBus[teammate] pausing polls
