2026-08-08 15:13:56 | team | sess_8add698da264 | INFO | Team workspace directory ensured at /srv/jwteam_clone/shared/run_current
2026-08-08 15:13:56 | team | sess_8add698da264 | INFO | AgentTeam manager initialized for jiuwen_team_sess_8add698da264, member=team_leader
2026-08-08 15:13:56 | team | sess_8add698da264 | INFO | [team_leader] TeamPolicyRail static sections: section_names=['team_role', 'team_workflow', 'team_swarmflow', 'team_lifecycle', 'team_persona']
2026-08-08 15:13:56 | team | sess_8add698da264 | INFO | Session tables ready for session sess_8add698da264
2026-08-08 15:13:56 | team | sess_8add698da264 | INFO | Team database initialized
2026-08-08 15:13:56 | team | default_trace_id | INFO | Team workspace directory ensured at /srv/jwteam_clone/shared/run_current
2026-08-08 15:13:56 | team | default_trace_id | INFO | AgentTeam manager initialized for jiuwen_team_sess_8add698da264, member=planner2
2026-08-08 15:13:56 | team | default_trace_id | INFO | [planner2] TeamPolicyRail static sections: section_names=['team_role', 'team_persona']
2026-08-08 15:13:56 | team | sess_8add698da264 | INFO | [planner2] invoke start, role=teammate
2026-08-08 15:13:56 | team | sess_8add698da264 | INFO | [planner2] coordination starting
2026-08-08 15:13:56 | team | sess_8add698da264 | INFO | Session tables ready for session sess_8add698da264
2026-08-08 15:13:56 | team | sess_8add698da264 | INFO | Workspace /srv/jwteam_clone/shared/run_current initialized as plain shared directory (version_control disabled)
2026-08-08 15:13:56 | team | sess_8add698da264 | INFO | EventBus[teammate] starting
2026-08-08 15:14:43 | team | sess_8add698da264 | INFO | [planner2] HITT section refresh: human_agent_names=[]
2026-08-08 15:14:49 | team | sess_8add698da264 | INFO | Task plan_spec5 claimed by member planner2
2026-08-08 15:14:49 | team | sess_8add698da264 | INFO | Task plan_spec5 claimed by member planner2
2026-08-08 15:14:56 | team | sess_8add698da264 | INFO | [planner2] processing 1 unread messages (steer=True)
2026-08-08 15:14:56 | team | sess_8add698da264 | INFO | Message e6bff55d-0499-4dc8-99d9-a084e0b40b9a marked as read by planner2
2026-08-08 15:15:14 | team | sess_8add698da264 | INFO | [planner2] processing 1 unread messages (steer=True)
2026-08-08 15:15:14 | team | sess_8add698da264 | INFO | Message 8fa2344f-cd0d-494c-9fb0-429628244989 marked as read by planner2
2026-08-08 15:24:56 | team | sess_8add698da264 | INFO | [planner2] self-nudged stale claimed task plan_spec5
2026-08-08 15:25:05 | team | sess_8add698da264 | INFO | Message 912c1d81-cf84-4ba6-b579-a9dfdcaf31db created
2026-08-08 15:25:05 | team | sess_8add698da264 | INFO | Message d9f09487-c019-432f-844a-2a3d5196fbb0 created
2026-08-08 15:25:08 | team | sess_8add698da264 | INFO | [planner2] processing 1 unread messages (steer=True)
2026-08-08 15:25:08 | team | sess_8add698da264 | INFO | Message df20c6ce-875b-42cd-bde6-41629896bc3e marked as read by planner2
2026-08-08 15:25:16 | team | sess_8add698da264 | INFO | Message 6cafa84d-f92a-4b27-8692-4d49b63834a0 created
2026-08-08 15:25:17 | team | sess_8add698da264 | INFO | [planner2] processing 1 unread messages (steer=True)
2026-08-08 15:25:17 | team | sess_8add698da264 | INFO | Message 6ab03c4d-6d85-4456-85d2-68cb24ab9257 marked as read by planner2
2026-08-08 15:25:25 | team | sess_8add698da264 | INFO | Message fc6fb8ae-cc85-4721-be12-6fdb13bb179a created
2026-08-08 15:25:40 | team | sess_8add698da264 | INFO | [planner2] processing 1 unread messages (steer=True)
2026-08-08 15:25:40 | team | sess_8add698da264 | INFO | Message 45c83653-31df-4f0d-9d12-e7ec8673fff6 marked as read by planner2
2026-08-08 15:34:56 | team | sess_8add698da264 | INFO | [planner2] self-nudged stale claimed task plan_spec5
2026-08-08 15:35:15 | team | sess_8add698da264 | INFO | [planner2] processing 1 unread messages (steer=True)
2026-08-08 15:35:15 | team | sess_8add698da264 | INFO | Message e9885826-03dd-410a-97e0-edf9d6d8c8ee marked as read by planner2
2026-08-08 15:35:31 | team | sess_8add698da264 | INFO | Message 389a9f21-1cbb-45dd-b5d4-a5844e4b5ddc created
2026-08-08 15:35:38 | team | sess_8add698da264 | INFO | [planner2] processing 1 unread messages (steer=True)
2026-08-08 15:35:38 | team | sess_8add698da264 | INFO | Message 5f052fc7-2495-4071-bf95-04339ab2e833 marked as read by planner2
2026-08-08 15:35:39 | team | sess_8add698da264 | INFO | Task plan_spec5 completed at 1786199739705
2026-08-08 15:35:39 | team | sess_8add698da264 | INFO | Message 57114647-60cd-47f3-aca6-a9345945a66f created
2026-08-08 15:35:39 | team | sess_8add698da264 | INFO | Resolved 1 dependencies for task plan_spec5
2026-08-08 15:35:39 | team | sess_8add698da264 | INFO | Task implement_spec5 unblocked (all deps resolved)
2026-08-08 15:35:39 | team | sess_8add698da264 | INFO | Task plan_spec5 completed
2026-08-08 15:35:39 | team | sess_8add698da264 | INFO | Unblocked 1 tasks
2026-08-08 15:35:45 | team | sess_8add698da264 | INFO | Message 56a570bb-ad65-4b0c-8241-5dc6649bdd11 created
2026-08-08 15:36:27 | team | sess_8add698da264 | INFO | [planner2] processing 1 unread messages (steer=True)
2026-08-08 15:36:27 | team | sess_8add698da264 | INFO | Message fffee2b6-2f20-4ecb-9435-3245b0b79e80 marked as read by planner2
2026-08-08 15:36:46 | team | sess_8add698da264 | INFO | Message 33714879-a97e-4211-a717-70dd1d61ca5f created
2026-08-08 15:36:58 | team | sess_8add698da264 | INFO | [planner2] processing 1 unread messages (steer=True)
2026-08-08 15:36:58 | team | sess_8add698da264 | INFO | Message 34af55fe-c1ff-4523-b472-fa1b10280cc9 marked as read by planner2
2026-08-08 15:39:11 | team | sess_8add698da264 | INFO | task list drained for team jiuwen_team_sess_8add698da264: 6 terminal task(s)
2026-08-08 15:39:20 | team | sess_8add698da264 | INFO | task list drained for team jiuwen_team_sess_8add698da264: 6 terminal task(s)
2026-08-08 15:39:35 | team | sess_8add698da264 | INFO | [planner2] processing 1 unread messages (steer=True)
2026-08-08 15:39:35 | team | sess_8add698da264 | INFO | Message 7096029b-f03c-4726-8dc3-a35dccb90c9d marked as read by planner2
2026-08-08 15:39:46 | team | sess_8add698da264 | INFO | team jiuwen_team_sess_8add698da264 reported completed: 9 members, 6 tasks
2026-08-08 15:39:47 | team | sess_8add698da264 | INFO | [planner2] received TEAM_STANDBY, pausing polls
2026-08-08 15:39:47 | team | sess_8add698da264 | INFO | EventBus[teammate] pausing polls
