2026-08-08 15:13:55 | team | sess_8add698da264 | INFO | Team workspace directory ensured at /srv/jwteam_clone/shared/run_current
2026-08-08 15:13:55 | team | sess_8add698da264 | INFO | AgentTeam manager initialized for jiuwen_team_sess_8add698da264, member=team_leader
2026-08-08 15:13:55 | team | sess_8add698da264 | INFO | [team_leader] TeamPolicyRail static sections: section_names=['team_role', 'team_workflow', 'team_swarmflow', 'team_lifecycle', 'team_persona']
2026-08-08 15:13:55 | team | sess_8add698da264 | INFO | Session tables ready for session sess_8add698da264
2026-08-08 15:13:55 | team | sess_8add698da264 | INFO | Team database initialized
2026-08-08 15:13:55 | team | default_trace_id | INFO | Team workspace directory ensured at /srv/jwteam_clone/shared/run_current
2026-08-08 15:13:55 | team | default_trace_id | INFO | AgentTeam manager initialized for jiuwen_team_sess_8add698da264, member=planner1
2026-08-08 15:13:55 | team | default_trace_id | INFO | [planner1] TeamPolicyRail static sections: section_names=['team_role', 'team_persona']
2026-08-08 15:13:55 | team | sess_8add698da264 | INFO | [planner1] invoke start, role=teammate
2026-08-08 15:13:55 | team | sess_8add698da264 | INFO | [planner1] coordination starting
2026-08-08 15:13:55 | team | sess_8add698da264 | INFO | Session tables ready for session sess_8add698da264
2026-08-08 15:13:55 | team | sess_8add698da264 | INFO | Workspace /srv/jwteam_clone/shared/run_current initialized as plain shared directory (version_control disabled)
2026-08-08 15:13:55 | team | sess_8add698da264 | INFO | EventBus[teammate] starting
2026-08-08 15:14:43 | team | sess_8add698da264 | INFO | [planner1] HITT section refresh: human_agent_names=[]
2026-08-08 15:14:56 | team | sess_8add698da264 | INFO | [planner1] processing 1 unread messages (steer=True)
2026-08-08 15:14:56 | team | sess_8add698da264 | INFO | Message e6bff55d-0499-4dc8-99d9-a084e0b40b9a marked as read by planner1
2026-08-08 15:14:59 | team | sess_8add698da264 | INFO | Task plan_lh5 claimed by member planner1
2026-08-08 15:14:59 | team | sess_8add698da264 | INFO | Task plan_lh5 claimed by member planner1
2026-08-08 15:15:14 | team | sess_8add698da264 | INFO | Message 8fa2344f-cd0d-494c-9fb0-429628244989 created
2026-08-08 15:15:14 | team | sess_8add698da264 | INFO | Message 641375e0-4da1-4ea4-83d4-604f01312192 created
2026-08-08 15:25:05 | team | sess_8add698da264 | INFO | [planner1] processing 1 unread messages (steer=True)
2026-08-08 15:25:05 | team | sess_8add698da264 | INFO | Message d9f09487-c019-432f-844a-2a3d5196fbb0 marked as read by planner1
2026-08-08 15:25:15 | team | sess_8add698da264 | INFO | [planner1] processing 1 unread messages (steer=True)
2026-08-08 15:25:15 | team | sess_8add698da264 | INFO | Message 9df17c78-5170-4185-8f4b-7ff10c63b79a marked as read by planner1
2026-08-08 15:25:17 | team | sess_8add698da264 | INFO | Message 6ab03c4d-6d85-4456-85d2-68cb24ab9257 created
2026-08-08 15:25:24 | team | sess_8add698da264 | INFO | Message 6d98cf05-dd81-4513-ad7f-cef80eb1e9c7 created
2026-08-08 15:25:25 | team | sess_8add698da264 | INFO | [planner1] self-nudged stale claimed task plan_lh5
2026-08-08 15:25:25 | team | sess_8add698da264 | INFO | [planner1] processing 1 unread messages (steer=True)
2026-08-08 15:25:25 | team | sess_8add698da264 | INFO | Message fc6fb8ae-cc85-4721-be12-6fdb13bb179a marked as read by planner1
2026-08-08 15:25:40 | team | sess_8add698da264 | INFO | Message 45c83653-31df-4f0d-9d12-e7ec8673fff6 created
2026-08-08 15:25:40 | team | sess_8add698da264 | INFO | Message fdb35ecb-bf88-4f6d-8152-25e1c96922c7 created
2026-08-08 15:35:15 | team | sess_8add698da264 | INFO | [planner1] processing 1 unread messages (steer=True)
2026-08-08 15:35:15 | team | sess_8add698da264 | INFO | Message e316fc04-76de-4ee2-aada-498308255b59 marked as read by planner1
2026-08-08 15:35:25 | team | sess_8add698da264 | INFO | [planner1] self-nudged stale claimed task plan_lh5
2026-08-08 15:35:38 | team | sess_8add698da264 | INFO | Message 5f052fc7-2495-4071-bf95-04339ab2e833 created
2026-08-08 15:35:45 | team | sess_8add698da264 | INFO | [planner1] processing 1 unread messages (steer=True)
2026-08-08 15:35:45 | team | sess_8add698da264 | INFO | Message 56a570bb-ad65-4b0c-8241-5dc6649bdd11 marked as read by planner1
2026-08-08 15:36:00 | team | sess_8add698da264 | INFO | [planner1] processing 1 unread messages (steer=True)
2026-08-08 15:36:00 | team | sess_8add698da264 | INFO | Message 83602aeb-8251-4582-8636-0de3c7be530b marked as read by planner1
2026-08-08 15:36:18 | team | sess_8add698da264 | INFO | Message e35c2041-e6cc-44ef-86c7-cfc46210d6f6 created
2026-08-08 15:36:27 | team | sess_8add698da264 | INFO | Task plan_lh5 completed at 1786199787308
2026-08-08 15:36:27 | team | sess_8add698da264 | INFO | Message e5270209-57fb-4fb3-9c7b-e75155982bc8 created
2026-08-08 15:36:27 | team | sess_8add698da264 | INFO | Resolved 1 dependencies for task plan_lh5
2026-08-08 15:36:27 | team | sess_8add698da264 | INFO | Task implement_lh5 unblocked (all deps resolved)
2026-08-08 15:36:27 | team | sess_8add698da264 | INFO | Task plan_lh5 completed
2026-08-08 15:36:27 | team | sess_8add698da264 | INFO | Unblocked 1 tasks
2026-08-08 15:36:27 | team | sess_8add698da264 | INFO | Message fffee2b6-2f20-4ecb-9435-3245b0b79e80 created
2026-08-08 15:36:36 | team | sess_8add698da264 | INFO | Message 54deadd5-7c5c-404e-82e8-118c48dd993a created
2026-08-08 15:36:46 | team | sess_8add698da264 | INFO | [planner1] processing 1 unread messages (steer=True)
2026-08-08 15:36:46 | team | sess_8add698da264 | INFO | Message 33714879-a97e-4211-a717-70dd1d61ca5f marked as read by planner1
2026-08-08 15:36:58 | team | sess_8add698da264 | INFO | Message 34af55fe-c1ff-4523-b472-fa1b10280cc9 created
2026-08-08 15:39:11 | team | sess_8add698da264 | INFO | task list drained for team jiuwen_team_sess_8add698da264: 6 terminal task(s)
2026-08-08 15:39:20 | team | sess_8add698da264 | INFO | task list drained for team jiuwen_team_sess_8add698da264: 6 terminal task(s)
2026-08-08 15:39:35 | team | sess_8add698da264 | INFO | [planner1] processing 1 unread messages (steer=True)
2026-08-08 15:39:35 | team | sess_8add698da264 | INFO | Message 7096029b-f03c-4726-8dc3-a35dccb90c9d marked as read by planner1
2026-08-08 15:39:46 | team | sess_8add698da264 | INFO | team jiuwen_team_sess_8add698da264 reported completed: 9 members, 6 tasks
2026-08-08 15:39:47 | team | sess_8add698da264 | INFO | [planner1] received TEAM_STANDBY, pausing polls
2026-08-08 15:39:47 | team | sess_8add698da264 | INFO | EventBus[teammate] pausing polls
