2026-08-10 03:05:39 | team | sess_d99274fb28dc | INFO | Team workspace directory ensured at /srv/jwteam_clone/shared/run_current
2026-08-10 03:05:39 | team | sess_d99274fb28dc | INFO | AgentTeam manager initialized for jiuwen_team_sess_d99274fb28dc, member=team_leader
2026-08-10 03:05:39 | team | sess_d99274fb28dc | INFO | [team_leader] TeamPolicyRail static sections: section_names=['team_role', 'team_workflow', 'team_swarmflow', 'team_lifecycle', 'team_persona']
2026-08-10 03:05:39 | team | sess_d99274fb28dc | INFO | Session tables ready for session sess_d99274fb28dc
2026-08-10 03:05:39 | team | sess_d99274fb28dc | INFO | Team database initialized
2026-08-10 03:05:39 | team | default_trace_id | INFO | Team workspace directory ensured at /srv/jwteam_clone/shared/run_current
2026-08-10 03:05:39 | team | default_trace_id | INFO | AgentTeam manager initialized for jiuwen_team_sess_d99274fb28dc, member=planner1
2026-08-10 03:05:39 | team | default_trace_id | INFO | [planner1] TeamPolicyRail static sections: section_names=['team_role', 'team_persona']
2026-08-10 03:05:39 | team | sess_d99274fb28dc | INFO | [planner1] invoke start, role=teammate
2026-08-10 03:05:39 | team | sess_d99274fb28dc | INFO | [planner1] coordination starting
2026-08-10 03:05:39 | team | sess_d99274fb28dc | INFO | Session tables ready for session sess_d99274fb28dc
2026-08-10 03:05:39 | team | sess_d99274fb28dc | INFO | Workspace /srv/jwteam_clone/shared/run_current initialized as plain shared directory (version_control disabled)
2026-08-10 03:05:39 | team | sess_d99274fb28dc | INFO | EventBus[teammate] starting
2026-08-10 03:06:03 | team | sess_d99274fb28dc | INFO | [planner1] HITT section refresh: human_agent_names=[]
2026-08-10 03:06:14 | team | sess_d99274fb28dc | INFO | [planner1] processing 1 unread messages (steer=True)
2026-08-10 03:06:14 | team | sess_d99274fb28dc | INFO | Message a9fa6468-fdaf-4a96-a92d-f9cb5fc974cf marked as read by planner1
2026-08-10 03:06:16 | team | sess_d99274fb28dc | INFO | Task plan claimed by member planner1
2026-08-10 03:06:16 | team | sess_d99274fb28dc | INFO | Task plan claimed by member planner1
2026-08-10 03:06:31 | team | sess_d99274fb28dc | INFO | Message 74b51fa2-6542-468d-ade8-2ff323a35df7 created
2026-08-10 03:06:33 | team | sess_d99274fb28dc | INFO | [planner1] processing 1 unread messages (steer=True)
2026-08-10 03:06:33 | team | sess_d99274fb28dc | INFO | Message 7486aa39-09f9-4bab-b540-fb0ae6b6b6ea marked as read by planner1
2026-08-10 03:06:39 | team | sess_d99274fb28dc | INFO | [planner1] processing 1 unread messages (steer=True)
2026-08-10 03:06:39 | team | sess_d99274fb28dc | INFO | Message 79f63574-971d-4863-8576-27adedd45d3b marked as read by planner1
2026-08-10 03:06:45 | team | sess_d99274fb28dc | INFO | Message d82f6e7f-3253-41c3-bf6a-4f0269ffa45f created
2026-08-10 03:06:54 | team | sess_d99274fb28dc | INFO | Message 5430b30a-5a90-4b10-9e91-dab8861db8d6 created
2026-08-10 03:06:55 | team | sess_d99274fb28dc | INFO | [planner1] processing 1 unread messages (steer=True)
2026-08-10 03:06:55 | team | sess_d99274fb28dc | INFO | Message 919bc245-5c63-4816-a0f6-0e1cacc36807 marked as read by planner1
2026-08-10 03:06:57 | team | sess_d99274fb28dc | INFO | [planner1] processing 1 unread messages (steer=True)
2026-08-10 03:06:57 | team | sess_d99274fb28dc | INFO | Message f1fe4f63-e7e8-466e-b5fe-5540c7d987af marked as read by planner1
2026-08-10 03:07:07 | team | sess_d99274fb28dc | INFO | Message f6d23523-1839-4a44-86c1-d84d3b5f4c3f created
2026-08-10 03:07:13 | team | sess_d99274fb28dc | INFO | Message 44664c18-1518-41be-8669-e7efecbbf4fc created
2026-08-10 03:07:14 | team | sess_d99274fb28dc | INFO | [planner1] processing 1 unread messages (steer=True)
2026-08-10 03:07:14 | team | sess_d99274fb28dc | INFO | Message ea4dd43b-d1a6-43df-839d-1a85fa2b29c1 marked as read by planner1
2026-08-10 03:07:15 | team | sess_d99274fb28dc | INFO | [planner1] processing 1 unread messages (steer=True)
2026-08-10 03:07:15 | team | sess_d99274fb28dc | INFO | Message fc707d49-ea1f-4375-81ba-56dcc5d3eda2 marked as read by planner1
2026-08-10 03:07:24 | team | sess_d99274fb28dc | INFO | Message 069ded6b-a43b-4b07-b4ea-0ad635b3b493 created
2026-08-10 03:07:33 | team | sess_d99274fb28dc | INFO | Task plan-checksums claimed by member planner1
2026-08-10 03:07:33 | team | sess_d99274fb28dc | INFO | Task plan-checksums claimed by member planner1
2026-08-10 03:07:43 | team | sess_d99274fb28dc | INFO | [planner1] processing 1 unread messages (steer=True)
2026-08-10 03:07:43 | team | sess_d99274fb28dc | INFO | Message ebe6783c-ba44-4c46-8f01-4b263d579ff7 marked as read by planner1
2026-08-10 03:07:43 | team | sess_d99274fb28dc | INFO | Message 7fb66e4e-7959-45aa-9f92-95cdb72a0bff created
2026-08-10 03:07:48 | team | sess_d99274fb28dc | INFO | [planner1] processing 1 unread messages (steer=True)
2026-08-10 03:07:48 | team | sess_d99274fb28dc | INFO | Message fb1f1b70-018b-4d63-938f-5ab0386098d6 marked as read by planner1
2026-08-10 03:08:00 | team | sess_d99274fb28dc | INFO | [planner1] processing 1 unread messages (steer=True)
2026-08-10 03:08:00 | team | sess_d99274fb28dc | INFO | Message 2d5d27f1-5833-44c0-8424-76b0b2b68419 marked as read by planner1
2026-08-10 03:08:28 | team | sess_d99274fb28dc | INFO | [planner1] processing 1 unread messages (steer=True)
2026-08-10 03:08:28 | team | sess_d99274fb28dc | INFO | Message 9c6220ff-6f91-46c1-a15e-f20ccdabbbff marked as read by planner1
2026-08-10 03:08:40 | team | sess_d99274fb28dc | INFO | Message 43ba4f32-a818-4e79-bccd-9e31f2eef717 created
2026-08-10 03:08:51 | team | sess_d99274fb28dc | INFO | Task plan-checksums completed at 1786327731718
2026-08-10 03:08:51 | team | sess_d99274fb28dc | INFO | Message 4af51fef-c79b-46ce-9b75-a0ff79b3abf1 created
2026-08-10 03:08:51 | team | sess_d99274fb28dc | INFO | Resolved 1 dependencies for task plan-checksums
2026-08-10 03:08:51 | team | sess_d99274fb28dc | INFO | Task plan-checksums completed
2026-08-10 03:09:03 | team | sess_d99274fb28dc | INFO | [planner1] processing 1 unread messages (steer=True)
2026-08-10 03:09:03 | team | sess_d99274fb28dc | INFO | Message bea412bd-5075-4b09-9432-dd5fcd1d9a13 marked as read by planner1
2026-08-10 03:09:17 | team | sess_d99274fb28dc | INFO | Message 766d866f-ad2a-488b-b42c-f7a08c1b4b3d created
2026-08-10 03:16:59 | team | sess_d99274fb28dc | INFO | task list drained for team jiuwen_team_sess_d99274fb28dc: 6 terminal task(s)
2026-08-10 03:17:09 | team | sess_d99274fb28dc | INFO | [planner1] processing 1 unread messages (steer=True)
2026-08-10 03:17:09 | team | sess_d99274fb28dc | INFO | Message 80282e55-c091-488b-a72d-f2a0cf2348c5 marked as read by planner1
2026-08-10 03:17:42 | team | sess_d99274fb28dc | INFO | team jiuwen_team_sess_d99274fb28dc reported completed: 9 members, 6 tasks
2026-08-10 03:17:42 | team | sess_d99274fb28dc | INFO | [planner1] received TEAM_STANDBY, pausing polls
2026-08-10 03:17:42 | team | sess_d99274fb28dc | INFO | EventBus[teammate] pausing polls
