2026-08-10 03:05:40 | team | sess_d99274fb28dc | INFO | Team workspace directory ensured at /srv/jwteam_clone/shared/run_current
2026-08-10 03:05:40 | team | sess_d99274fb28dc | INFO | AgentTeam manager initialized for jiuwen_team_sess_d99274fb28dc, member=team_leader
2026-08-10 03:05:40 | team | sess_d99274fb28dc | INFO | [team_leader] TeamPolicyRail static sections: section_names=['team_role', 'team_workflow', 'team_swarmflow', 'team_lifecycle', 'team_persona']
2026-08-10 03:05:40 | team | sess_d99274fb28dc | INFO | Session tables ready for session sess_d99274fb28dc
2026-08-10 03:05:40 | team | sess_d99274fb28dc | INFO | Team database initialized
2026-08-10 03:05:40 | team | default_trace_id | INFO | Team workspace directory ensured at /srv/jwteam_clone/shared/run_current
2026-08-10 03:05:40 | team | default_trace_id | INFO | AgentTeam manager initialized for jiuwen_team_sess_d99274fb28dc, member=planner2
2026-08-10 03:05:40 | team | default_trace_id | INFO | [planner2] TeamPolicyRail static sections: section_names=['team_role', 'team_persona']
2026-08-10 03:05:40 | team | sess_d99274fb28dc | INFO | [planner2] invoke start, role=teammate
2026-08-10 03:05:40 | team | sess_d99274fb28dc | INFO | [planner2] coordination starting
2026-08-10 03:05:40 | team | sess_d99274fb28dc | INFO | Session tables ready for session sess_d99274fb28dc
2026-08-10 03:05:40 | team | sess_d99274fb28dc | INFO | Workspace /srv/jwteam_clone/shared/run_current initialized as plain shared directory (version_control disabled)
2026-08-10 03:05:40 | team | sess_d99274fb28dc | INFO | EventBus[teammate] starting
2026-08-10 03:06:03 | team | sess_d99274fb28dc | INFO | [planner2] HITT section refresh: human_agent_names=[]
2026-08-10 03:06:14 | team | sess_d99274fb28dc | INFO | [planner2] processing 1 unread messages (steer=True)
2026-08-10 03:06:14 | team | sess_d99274fb28dc | INFO | Message a9fa6468-fdaf-4a96-a92d-f9cb5fc974cf marked as read by planner2
2026-08-10 03:06:33 | team | sess_d99274fb28dc | INFO | Message 7486aa39-09f9-4bab-b540-fb0ae6b6b6ea created
2026-08-10 03:06:46 | team | sess_d99274fb28dc | INFO | [planner2] processing 1 unread messages (steer=True)
2026-08-10 03:06:46 | team | sess_d99274fb28dc | INFO | Message d82f6e7f-3253-41c3-bf6a-4f0269ffa45f marked as read by planner2
2026-08-10 03:06:47 | team | sess_d99274fb28dc | INFO | Message b4193bd3-35f3-433c-aadc-2cc029807b75 created
2026-08-10 03:06:47 | team | sess_d99274fb28dc | INFO | Message aa6ecad8-1198-42f1-877a-c9644dd348f0 created
2026-08-10 03:06:57 | team | sess_d99274fb28dc | INFO | Message dc934102-7b8b-4b64-bfcf-a2d0fb8a3750 created
2026-08-10 03:06:57 | team | sess_d99274fb28dc | INFO | Message f1fe4f63-e7e8-466e-b5fe-5540c7d987af created
2026-08-10 03:07:03 | team | sess_d99274fb28dc | INFO | [planner2] processing 1 unread messages (steer=True)
2026-08-10 03:07:03 | team | sess_d99274fb28dc | INFO | Message 56dbdae2-1694-4556-bf87-c258664c46b2 marked as read by planner2
2026-08-10 03:07:07 | team | sess_d99274fb28dc | INFO | [planner2] processing 1 unread messages (steer=True)
2026-08-10 03:07:07 | team | sess_d99274fb28dc | INFO | Message f6d23523-1839-4a44-86c1-d84d3b5f4c3f marked as read by planner2
2026-08-10 03:07:14 | team | sess_d99274fb28dc | INFO | Message ea4dd43b-d1a6-43df-839d-1a85fa2b29c1 created
2026-08-10 03:07:14 | team | sess_d99274fb28dc | INFO | Message acc74154-66f8-4e31-a455-4ff78cb85b9f created
2026-08-10 03:07:24 | team | sess_d99274fb28dc | INFO | [planner2] processing 1 unread messages (steer=True)
2026-08-10 03:07:24 | team | sess_d99274fb28dc | INFO | Message 069ded6b-a43b-4b07-b4ea-0ad635b3b493 marked as read by planner2
2026-08-10 03:07:43 | team | sess_d99274fb28dc | INFO | Message ebe6783c-ba44-4c46-8f01-4b263d579ff7 created
2026-08-10 03:07:43 | team | sess_d99274fb28dc | INFO | [planner2] processing 1 unread messages (steer=True)
2026-08-10 03:07:43 | team | sess_d99274fb28dc | INFO | Message 7fb66e4e-7959-45aa-9f92-95cdb72a0bff marked as read by planner2
2026-08-10 03:07:46 | team | sess_d99274fb28dc | INFO | [planner2] received TASK_CLAIMED for self, task_id=plan-arch, human_agent=False
2026-08-10 03:07:48 | team | sess_d99274fb28dc | INFO | [planner2] processing 1 unread messages (steer=True)
2026-08-10 03:07:48 | team | sess_d99274fb28dc | INFO | Message 7571da19-5e63-45f5-a467-db76e65ada41 marked as read by planner2
2026-08-10 03:07:53 | team | sess_d99274fb28dc | INFO | [planner2] processing 1 unread messages (steer=True)
2026-08-10 03:07:53 | team | sess_d99274fb28dc | INFO | Message a1fea859-0591-47c7-812a-04c77cfb4f15 marked as read by planner2
2026-08-10 03:08:00 | team | sess_d99274fb28dc | INFO | [planner2] processing 1 unread messages (steer=True)
2026-08-10 03:08:00 | team | sess_d99274fb28dc | INFO | Message 2532d2d6-9b66-4efa-b393-273d8c768290 marked as read by planner2
2026-08-10 03:08:28 | team | sess_d99274fb28dc | INFO | Message 9c6220ff-6f91-46c1-a15e-f20ccdabbbff created
2026-08-10 03:08:28 | team | sess_d99274fb28dc | INFO | Message e9295158-7185-4f88-8257-5091f9a27d62 created
2026-08-10 03:08:45 | team | sess_d99274fb28dc | INFO | Message 934e909f-a567-408d-949c-7489a4717704 created
2026-08-10 03:08:51 | team | sess_d99274fb28dc | INFO | [planner2] processing 1 unread messages (steer=True)
2026-08-10 03:08:51 | team | sess_d99274fb28dc | INFO | Message 4af51fef-c79b-46ce-9b75-a0ff79b3abf1 marked as read by planner2
2026-08-10 03:08:54 | team | sess_d99274fb28dc | INFO | Task plan-arch completed at 1786327734081
2026-08-10 03:08:54 | team | sess_d99274fb28dc | INFO | Resolved 1 dependencies for task plan-arch
2026-08-10 03:08:54 | team | sess_d99274fb28dc | INFO | Task impl unblocked (all deps resolved)
2026-08-10 03:08:54 | team | sess_d99274fb28dc | INFO | Task plan-arch completed
2026-08-10 03:08:54 | team | sess_d99274fb28dc | INFO | Unblocked 1 tasks
2026-08-10 03:09:03 | team | sess_d99274fb28dc | INFO | Message bea412bd-5075-4b09-9432-dd5fcd1d9a13 created
2026-08-10 03:09:04 | team | sess_d99274fb28dc | INFO | [planner2] processing 1 unread messages (steer=True)
2026-08-10 03:09:04 | team | sess_d99274fb28dc | INFO | Message ab696e81-cbc6-4256-b3bf-c5ffa0bd3006 marked as read by planner2
2026-08-10 03:09:17 | team | sess_d99274fb28dc | INFO | [planner2] processing 1 unread messages (steer=True)
2026-08-10 03:09:17 | team | sess_d99274fb28dc | INFO | Message 766d866f-ad2a-488b-b42c-f7a08c1b4b3d marked as read by planner2
2026-08-10 03:09:18 | team | sess_d99274fb28dc | INFO | [planner2] processing 1 unread messages (steer=True)
2026-08-10 03:09:18 | team | sess_d99274fb28dc | INFO | Message 7e30826d-a967-464e-9004-701190d31155 marked as read by planner2
2026-08-10 03:09:24 | team | sess_d99274fb28dc | INFO | Message f1392ceb-bbb7-42bb-b237-db87368fc0c4 created
2026-08-10 03:09:32 | team | sess_d99274fb28dc | INFO | Message 56910536-82e8-41c6-bbd8-5dfd05150789 created
2026-08-10 03:16:59 | team | sess_d99274fb28dc | INFO | task list drained for team jiuwen_team_sess_d99274fb28dc: 6 terminal task(s)
2026-08-10 03:17:09 | team | sess_d99274fb28dc | INFO | [planner2] processing 1 unread messages (steer=True)
2026-08-10 03:17:09 | team | sess_d99274fb28dc | INFO | Message 80282e55-c091-488b-a72d-f2a0cf2348c5 marked as read by planner2
2026-08-10 03:17:42 | team | sess_d99274fb28dc | INFO | team jiuwen_team_sess_d99274fb28dc reported completed: 9 members, 6 tasks
2026-08-10 03:17:42 | team | sess_d99274fb28dc | INFO | [planner2] received TEAM_STANDBY, pausing polls
2026-08-10 03:17:42 | team | sess_d99274fb28dc | INFO | EventBus[teammate] pausing polls
