2026-08-10 03:05:44 | team | sess_d99274fb28dc | INFO | Team workspace directory ensured at /srv/jwteam_clone/shared/run_current
2026-08-10 03:05:44 | team | sess_d99274fb28dc | INFO | AgentTeam manager initialized for jiuwen_team_sess_d99274fb28dc, member=team_leader
2026-08-10 03:05:44 | team | sess_d99274fb28dc | INFO | [team_leader] TeamPolicyRail static sections: section_names=['team_role', 'team_workflow', 'team_swarmflow', 'team_lifecycle', 'team_persona']
2026-08-10 03:05:44 | team | sess_d99274fb28dc | INFO | Session tables ready for session sess_d99274fb28dc
2026-08-10 03:05:44 | team | sess_d99274fb28dc | INFO | Team database initialized
2026-08-10 03:05:44 | team | default_trace_id | INFO | Team workspace directory ensured at /srv/jwteam_clone/shared/run_current
2026-08-10 03:05:44 | team | default_trace_id | INFO | AgentTeam manager initialized for jiuwen_team_sess_d99274fb28dc, member=verifier2
2026-08-10 03:05:44 | team | default_trace_id | INFO | [verifier2] TeamPolicyRail static sections: section_names=['team_role', 'team_persona']
2026-08-10 03:05:44 | team | sess_d99274fb28dc | INFO | [verifier2] invoke start, role=teammate
2026-08-10 03:05:44 | team | sess_d99274fb28dc | INFO | [verifier2] coordination starting
2026-08-10 03:05:44 | team | sess_d99274fb28dc | INFO | Session tables ready for session sess_d99274fb28dc
2026-08-10 03:05:44 | team | sess_d99274fb28dc | INFO | Workspace /srv/jwteam_clone/shared/run_current initialized as plain shared directory (version_control disabled)
2026-08-10 03:05:44 | team | sess_d99274fb28dc | INFO | EventBus[teammate] starting
2026-08-10 03:06:03 | team | sess_d99274fb28dc | INFO | [verifier2] HITT section refresh: human_agent_names=[]
2026-08-10 03:06:14 | team | sess_d99274fb28dc | INFO | [verifier2] processing 1 unread messages (steer=True)
2026-08-10 03:06:14 | team | sess_d99274fb28dc | INFO | Message a9fa6468-fdaf-4a96-a92d-f9cb5fc974cf marked as read by verifier2
2026-08-10 03:14:14 | team | sess_d99274fb28dc | INFO | Task verify claimed by member verifier2
2026-08-10 03:14:14 | team | sess_d99274fb28dc | INFO | Task verify claimed by member verifier2
2026-08-10 03:14:22 | team | sess_d99274fb28dc | INFO | [verifier2] processing 1 unread messages (steer=True)
2026-08-10 03:14:22 | team | sess_d99274fb28dc | INFO | Message 243b4996-94dd-4ce4-a682-fb3783adb54a marked as read by verifier2
2026-08-10 03:14:37 | team | sess_d99274fb28dc | INFO | [verifier2] processing 1 unread messages (steer=True)
2026-08-10 03:14:37 | team | sess_d99274fb28dc | INFO | Message 196aa8b7-42b7-4c2b-b956-68623f08697c marked as read by verifier2
2026-08-10 03:14:53 | team | sess_d99274fb28dc | INFO | Message a4847f05-a30f-4a42-a255-ede21c5413e8 created
2026-08-10 03:14:53 | team | sess_d99274fb28dc | INFO | Task verify claimed by member verifier2
2026-08-10 03:14:53 | team | sess_d99274fb28dc | INFO | Task verify claimed by member verifier2
2026-08-10 03:15:24 | team | sess_d99274fb28dc | INFO | Message 82bee2da-1b69-49f6-8165-a4d41a64b3f2 created
2026-08-10 03:15:31 | team | sess_d99274fb28dc | INFO | [verifier2] processing 1 unread messages (steer=True)
2026-08-10 03:15:31 | team | sess_d99274fb28dc | INFO | Message 42f090d9-a5eb-4d8b-9fed-c58073e8113a marked as read by verifier2
2026-08-10 03:15:44 | team | sess_d99274fb28dc | INFO | [verifier2] processing 1 unread messages (steer=True)
2026-08-10 03:15:44 | team | sess_d99274fb28dc | INFO | Message a1321684-200e-4a7c-8e30-2c1a1c6ff8a2 marked as read by verifier2
2026-08-10 03:15:57 | team | sess_d99274fb28dc | INFO | [verifier2] processing 1 unread messages (steer=True)
2026-08-10 03:15:57 | team | sess_d99274fb28dc | INFO | Message 8ccaacb2-e351-48be-abf1-232cc98a145d marked as read by verifier2
2026-08-10 03:16:59 | team | sess_d99274fb28dc | INFO | Task verify completed at 1786328219687
2026-08-10 03:16:59 | team | sess_d99274fb28dc | INFO | Message 81e1a124-afc6-4fd2-8963-ea39798699e0 created
2026-08-10 03:16:59 | team | sess_d99274fb28dc | INFO | Task verify completed
2026-08-10 03:16:59 | team | sess_d99274fb28dc | INFO | Message 04a5440a-4829-4cd2-8706-3dcc60c56704 created
2026-08-10 03:17:09 | team | sess_d99274fb28dc | INFO | [verifier2] processing 1 unread messages (steer=True)
2026-08-10 03:17:09 | team | sess_d99274fb28dc | INFO | Message 80282e55-c091-488b-a72d-f2a0cf2348c5 marked as read by verifier2
2026-08-10 03:17:10 | team | sess_d99274fb28dc | INFO | [verifier2] processing 1 unread messages (steer=True)
2026-08-10 03:17:10 | team | sess_d99274fb28dc | INFO | Message 05c160e9-93c3-4358-ab02-00f8c22438d8 marked as read by verifier2
2026-08-10 03:17:42 | team | sess_d99274fb28dc | INFO | team jiuwen_team_sess_d99274fb28dc reported completed: 9 members, 6 tasks
2026-08-10 03:17:42 | team | sess_d99274fb28dc | INFO | [verifier2] received TEAM_STANDBY, pausing polls
2026-08-10 03:17:42 | team | sess_d99274fb28dc | INFO | EventBus[teammate] pausing polls
