2026-08-10 03:05:42 | team | sess_d99274fb28dc | INFO | Team workspace directory ensured at /srv/jwteam_clone/shared/run_current
2026-08-10 03:05:42 | team | sess_d99274fb28dc | INFO | AgentTeam manager initialized for jiuwen_team_sess_d99274fb28dc, member=team_leader
2026-08-10 03:05:42 | team | sess_d99274fb28dc | INFO | [team_leader] TeamPolicyRail static sections: section_names=['team_role', 'team_workflow', 'team_swarmflow', 'team_lifecycle', 'team_persona']
2026-08-10 03:05:42 | team | sess_d99274fb28dc | INFO | Session tables ready for session sess_d99274fb28dc
2026-08-10 03:05:42 | team | sess_d99274fb28dc | INFO | Team database initialized
2026-08-10 03:05:42 | team | default_trace_id | INFO | Team workspace directory ensured at /srv/jwteam_clone/shared/run_current
2026-08-10 03:05:42 | team | default_trace_id | INFO | AgentTeam manager initialized for jiuwen_team_sess_d99274fb28dc, member=executor2
2026-08-10 03:05:42 | team | default_trace_id | INFO | [executor2] TeamPolicyRail static sections: section_names=['team_role', 'team_persona']
2026-08-10 03:05:42 | team | sess_d99274fb28dc | INFO | [executor2] invoke start, role=teammate
2026-08-10 03:05:42 | team | sess_d99274fb28dc | INFO | [executor2] coordination starting
2026-08-10 03:05:42 | team | sess_d99274fb28dc | INFO | Session tables ready for session sess_d99274fb28dc
2026-08-10 03:05:42 | team | sess_d99274fb28dc | INFO | Workspace /srv/jwteam_clone/shared/run_current initialized as plain shared directory (version_control disabled)
2026-08-10 03:05:42 | team | sess_d99274fb28dc | INFO | EventBus[teammate] starting
2026-08-10 03:06:03 | team | sess_d99274fb28dc | INFO | [executor2] HITT section refresh: human_agent_names=[]
2026-08-10 03:06:14 | team | sess_d99274fb28dc | INFO | [executor2] processing 1 unread messages (steer=True)
2026-08-10 03:06:14 | team | sess_d99274fb28dc | INFO | Message a9fa6468-fdaf-4a96-a92d-f9cb5fc974cf marked as read by executor2
2026-08-10 03:06:51 | team | sess_d99274fb28dc | INFO | Message 429711f5-03e0-453e-aae3-0f5b9bb5acf1 created
2026-08-10 03:07:04 | team | sess_d99274fb28dc | INFO | [executor2] processing 1 unread messages (steer=True)
2026-08-10 03:07:04 | team | sess_d99274fb28dc | INFO | Message 5821f603-aa2d-4d36-857f-07fea2408149 marked as read by executor2
2026-08-10 03:16:59 | team | sess_d99274fb28dc | INFO | task list drained for team jiuwen_team_sess_d99274fb28dc: 6 terminal task(s)
2026-08-10 03:17:09 | team | sess_d99274fb28dc | INFO | [executor2] processing 1 unread messages (steer=True)
2026-08-10 03:17:09 | team | sess_d99274fb28dc | INFO | Message 80282e55-c091-488b-a72d-f2a0cf2348c5 marked as read by executor2
2026-08-10 03:17:42 | team | sess_d99274fb28dc | INFO | team jiuwen_team_sess_d99274fb28dc reported completed: 9 members, 6 tasks
2026-08-10 03:17:42 | team | sess_d99274fb28dc | INFO | [executor2] received TEAM_STANDBY, pausing polls
2026-08-10 03:17:42 | team | sess_d99274fb28dc | INFO | EventBus[teammate] pausing polls
