2026-08-10 03:05:43 | team | sess_d99274fb28dc | INFO | Team workspace directory ensured at /srv/jwteam_clone/shared/run_current
2026-08-10 03:05:43 | team | sess_d99274fb28dc | INFO | AgentTeam manager initialized for jiuwen_team_sess_d99274fb28dc, member=team_leader
2026-08-10 03:05:43 | team | sess_d99274fb28dc | INFO | [team_leader] TeamPolicyRail static sections: section_names=['team_role', 'team_workflow', 'team_swarmflow', 'team_lifecycle', 'team_persona']
2026-08-10 03:05:43 | team | sess_d99274fb28dc | INFO | Session tables ready for session sess_d99274fb28dc
2026-08-10 03:05:43 | team | sess_d99274fb28dc | INFO | Team database initialized
2026-08-10 03:05:43 | team | default_trace_id | INFO | Team workspace directory ensured at /srv/jwteam_clone/shared/run_current
2026-08-10 03:05:43 | team | default_trace_id | INFO | AgentTeam manager initialized for jiuwen_team_sess_d99274fb28dc, member=verifier1
2026-08-10 03:05:43 | team | default_trace_id | INFO | [verifier1] TeamPolicyRail static sections: section_names=['team_role', 'team_persona']
2026-08-10 03:05:43 | team | sess_d99274fb28dc | INFO | [verifier1] invoke start, role=teammate
2026-08-10 03:05:43 | team | sess_d99274fb28dc | INFO | [verifier1] coordination starting
2026-08-10 03:05:43 | team | sess_d99274fb28dc | INFO | Session tables ready for session sess_d99274fb28dc
2026-08-10 03:05:43 | team | sess_d99274fb28dc | INFO | Workspace /srv/jwteam_clone/shared/run_current initialized as plain shared directory (version_control disabled)
2026-08-10 03:05:43 | team | sess_d99274fb28dc | INFO | EventBus[teammate] starting
2026-08-10 03:06:02 | team | sess_d99274fb28dc | INFO | [verifier1] HITT section refresh: human_agent_names=[]
2026-08-10 03:06:14 | team | sess_d99274fb28dc | INFO | [verifier1] processing 1 unread messages (steer=True)
2026-08-10 03:06:14 | team | sess_d99274fb28dc | INFO | Message a9fa6468-fdaf-4a96-a92d-f9cb5fc974cf marked as read by verifier1
2026-08-10 03:08:05 | team | sess_d99274fb28dc | INFO | Task verify claimed by member verifier1
2026-08-10 03:08:05 | team | sess_d99274fb28dc | INFO | Task verify claimed by member verifier1
2026-08-10 03:08:26 | team | sess_d99274fb28dc | INFO | Message 159b443c-3567-4e42-b19e-9fb014022bbc created
2026-08-10 03:08:32 | team | sess_d99274fb28dc | INFO | [verifier1] processing 1 unread messages (steer=True)
2026-08-10 03:08:32 | team | sess_d99274fb28dc | INFO | Message 54aba718-91ff-4c0c-8476-b3ef6a5b77a6 marked as read by verifier1
2026-08-10 03:08:47 | team | sess_d99274fb28dc | INFO | [verifier1] processing 1 unread messages (steer=True)
2026-08-10 03:08:47 | team | sess_d99274fb28dc | INFO | Message 993d521a-6a33-43f5-8eb5-2e1effe7a042 marked as read by verifier1
2026-08-10 03:14:15 | team | sess_d99274fb28dc | INFO | [verifier1] processing 1 unread messages (steer=True)
2026-08-10 03:14:16 | team | sess_d99274fb28dc | INFO | Message d7570bb7-a8bc-493f-b238-b070ca0d64df marked as read by verifier1
2026-08-10 03:14:32 | team | sess_d99274fb28dc | INFO | Message 9f996669-9d43-4b6d-9a77-24836480ad8d created
2026-08-10 03:14:37 | team | sess_d99274fb28dc | INFO | Message 196aa8b7-42b7-4c2b-b956-68623f08697c created
2026-08-10 03:14:53 | team | sess_d99274fb28dc | INFO | [verifier1] processing 1 unread messages (steer=True)
2026-08-10 03:14:53 | team | sess_d99274fb28dc | INFO | Message a4847f05-a30f-4a42-a255-ede21c5413e8 marked as read by verifier1
2026-08-10 03:15:31 | team | sess_d99274fb28dc | INFO | Message 42f090d9-a5eb-4d8b-9fed-c58073e8113a created
2026-08-10 03:15:57 | team | sess_d99274fb28dc | INFO | Message 1dbb7433-2938-402a-8cdf-1e922b580509 created
2026-08-10 03:15:57 | team | sess_d99274fb28dc | INFO | Message 8ccaacb2-e351-48be-abf1-232cc98a145d created
2026-08-10 03:16:04 | team | sess_d99274fb28dc | INFO | [verifier1] processing 1 unread messages (steer=True)
2026-08-10 03:16:04 | team | sess_d99274fb28dc | INFO | Message 43aab5e7-b52e-4e2a-9843-4c21e3ae5453 marked as read by verifier1
2026-08-10 03:16:59 | team | sess_d99274fb28dc | INFO | task list drained for team jiuwen_team_sess_d99274fb28dc: 6 terminal task(s)
2026-08-10 03:16:59 | team | sess_d99274fb28dc | INFO | [verifier1] processing 1 unread messages (steer=True)
2026-08-10 03:16:59 | team | sess_d99274fb28dc | INFO | Message 04a5440a-4829-4cd2-8706-3dcc60c56704 marked as read by verifier1
2026-08-10 03:17:09 | team | sess_d99274fb28dc | INFO | [verifier1] processing 1 unread messages (steer=True)
2026-08-10 03:17:09 | team | sess_d99274fb28dc | INFO | Message 80282e55-c091-488b-a72d-f2a0cf2348c5 marked as read by verifier1
2026-08-10 03:17:09 | team | sess_d99274fb28dc | INFO | Message 05c160e9-93c3-4358-ab02-00f8c22438d8 created
2026-08-10 03:17:42 | team | sess_d99274fb28dc | INFO | team jiuwen_team_sess_d99274fb28dc reported completed: 9 members, 6 tasks
2026-08-10 03:17:42 | team | sess_d99274fb28dc | INFO | [verifier1] received TEAM_STANDBY, pausing polls
2026-08-10 03:17:42 | team | sess_d99274fb28dc | INFO | EventBus[teammate] pausing polls
