2026-08-10 03:05:41 | team | sess_d99274fb28dc | INFO | Team workspace directory ensured at /srv/jwteam_clone/shared/run_current
2026-08-10 03:05:41 | team | sess_d99274fb28dc | INFO | AgentTeam manager initialized for jiuwen_team_sess_d99274fb28dc, member=team_leader
2026-08-10 03:05:41 | team | sess_d99274fb28dc | INFO | [team_leader] TeamPolicyRail static sections: section_names=['team_role', 'team_workflow', 'team_swarmflow', 'team_lifecycle', 'team_persona']
2026-08-10 03:05:41 | team | sess_d99274fb28dc | INFO | Session tables ready for session sess_d99274fb28dc
2026-08-10 03:05:41 | team | sess_d99274fb28dc | INFO | Team database initialized
2026-08-10 03:05:41 | team | default_trace_id | INFO | Team workspace directory ensured at /srv/jwteam_clone/shared/run_current
2026-08-10 03:05:41 | team | default_trace_id | INFO | AgentTeam manager initialized for jiuwen_team_sess_d99274fb28dc, member=executor1
2026-08-10 03:05:41 | team | default_trace_id | INFO | [executor1] TeamPolicyRail static sections: section_names=['team_role', 'team_persona']
2026-08-10 03:05:41 | team | sess_d99274fb28dc | INFO | [executor1] invoke start, role=teammate
2026-08-10 03:05:41 | team | sess_d99274fb28dc | INFO | [executor1] coordination starting
2026-08-10 03:05:41 | team | sess_d99274fb28dc | INFO | Session tables ready for session sess_d99274fb28dc
2026-08-10 03:05:41 | team | sess_d99274fb28dc | INFO | Workspace /srv/jwteam_clone/shared/run_current initialized as plain shared directory (version_control disabled)
2026-08-10 03:05:41 | team | sess_d99274fb28dc | INFO | EventBus[teammate] starting
2026-08-10 03:06:03 | team | sess_d99274fb28dc | INFO | [executor1] HITT section refresh: human_agent_names=[]
2026-08-10 03:06:14 | team | sess_d99274fb28dc | INFO | [executor1] processing 1 unread messages (steer=True)
2026-08-10 03:06:14 | team | sess_d99274fb28dc | INFO | Message a9fa6468-fdaf-4a96-a92d-f9cb5fc974cf marked as read by executor1
2026-08-10 03:06:47 | team | sess_d99274fb28dc | INFO | [executor1] processing 1 unread messages (steer=True)
2026-08-10 03:06:47 | team | sess_d99274fb28dc | INFO | Message aa6ecad8-1198-42f1-877a-c9644dd348f0 marked as read by executor1
2026-08-10 03:07:22 | team | sess_d99274fb28dc | INFO | Task implement claimed by member executor1
2026-08-10 03:07:22 | team | sess_d99274fb28dc | INFO | Task implement claimed by member executor1
2026-08-10 03:07:31 | team | sess_d99274fb28dc | INFO | [executor1] processing 1 unread messages (steer=True)
2026-08-10 03:07:31 | team | sess_d99274fb28dc | INFO | Message 40fc3b96-0e27-471d-a78b-81fcd80bcbaa marked as read by executor1
2026-08-10 03:07:38 | team | sess_d99274fb28dc | INFO | [executor1] processing 1 unread messages (steer=True)
2026-08-10 03:07:38 | team | sess_d99274fb28dc | INFO | Message 8a8155eb-ebd4-4355-ad9a-3aa8b94fd5e9 marked as read by executor1
2026-08-10 03:07:53 | team | sess_d99274fb28dc | INFO | Message f13f099c-1b52-4811-83ae-2c44ee85e3b3 created
2026-08-10 03:07:53 | team | sess_d99274fb28dc | INFO | Message e553a2ab-eff2-4a30-9930-92c32302c95d created
2026-08-10 03:07:53 | team | sess_d99274fb28dc | INFO | Message a1fea859-0591-47c7-812a-04c77cfb4f15 created
2026-08-10 03:08:11 | team | sess_d99274fb28dc | INFO | Message e4837719-1429-4a07-aa8f-2adbc3a29ab9 created
2026-08-10 03:08:12 | team | sess_d99274fb28dc | INFO | [executor1] processing 1 unread messages (steer=True)
2026-08-10 03:08:12 | team | sess_d99274fb28dc | INFO | Message b336e3be-cac4-47b0-8280-92d1bb0fa641 marked as read by executor1
2026-08-10 03:08:28 | team | sess_d99274fb28dc | INFO | [executor1] processing 1 unread messages (steer=True)
2026-08-10 03:08:28 | team | sess_d99274fb28dc | INFO | Message e9295158-7185-4f88-8257-5091f9a27d62 marked as read by executor1
2026-08-10 03:08:35 | team | sess_d99274fb28dc | INFO | [executor1] processing 1 unread messages (steer=True)
2026-08-10 03:08:35 | team | sess_d99274fb28dc | INFO | Message 7ed49a97-e8dd-4e2e-a4f6-5fe7b176942f marked as read by executor1
2026-08-10 03:08:45 | team | sess_d99274fb28dc | INFO | Message af81ab09-e706-4abb-8093-c6f4a270a2db created
2026-08-10 03:09:04 | team | sess_d99274fb28dc | INFO | Message ab696e81-cbc6-4256-b3bf-c5ffa0bd3006 created
2026-08-10 03:09:04 | team | sess_d99274fb28dc | INFO | Message 17136c8e-e379-4661-865f-b6cb67acc874 created
2026-08-10 03:09:04 | team | sess_d99274fb28dc | INFO | Message 52c4c4c4-dfd5-42b8-bb24-8139072a5780 created
2026-08-10 03:09:24 | team | sess_d99274fb28dc | INFO | [executor1] processing 1 unread messages (steer=True)
2026-08-10 03:09:24 | team | sess_d99274fb28dc | INFO | Message f1392ceb-bbb7-42bb-b237-db87368fc0c4 marked as read by executor1
2026-08-10 03:09:35 | team | sess_d99274fb28dc | INFO | [executor1] processing 1 unread messages (steer=True)
2026-08-10 03:09:35 | team | sess_d99274fb28dc | INFO | Message aec53a8c-0e02-4904-b842-0a0239fcb3f0 marked as read by executor1
2026-08-10 03:11:05 | team | sess_d99274fb28dc | INFO | [executor1] processing 1 unread messages (steer=True)
2026-08-10 03:11:05 | team | sess_d99274fb28dc | INFO | Message f4654418-075a-43d3-8ff8-0493b1c5afca marked as read by executor1
2026-08-10 03:12:03 | team | sess_d99274fb28dc | INFO | Message b7bc8b5c-a4cc-4152-8294-f79cf5d12eed created
2026-08-10 03:14:25 | team | sess_d99274fb28dc | INFO | [executor1] processing 1 unread messages (steer=True)
2026-08-10 03:14:25 | team | sess_d99274fb28dc | INFO | Message ec0968c4-a855-4c60-83e2-5dc3c86c6250 marked as read by executor1
2026-08-10 03:14:32 | team | sess_d99274fb28dc | INFO | Message 7d754413-5bc3-4cea-b5a4-ffee35f7fd3b created
2026-08-10 03:16:59 | team | sess_d99274fb28dc | INFO | task list drained for team jiuwen_team_sess_d99274fb28dc: 6 terminal task(s)
2026-08-10 03:17:09 | team | sess_d99274fb28dc | INFO | [executor1] processing 1 unread messages (steer=True)
2026-08-10 03:17:09 | team | sess_d99274fb28dc | INFO | Message 80282e55-c091-488b-a72d-f2a0cf2348c5 marked as read by executor1
2026-08-10 03:17:42 | team | sess_d99274fb28dc | INFO | team jiuwen_team_sess_d99274fb28dc reported completed: 9 members, 6 tasks
2026-08-10 03:17:42 | team | sess_d99274fb28dc | INFO | [executor1] received TEAM_STANDBY, pausing polls
2026-08-10 03:17:42 | team | sess_d99274fb28dc | INFO | EventBus[teammate] pausing polls
