2026-08-10 03:05:45 | team | sess_d99274fb28dc | INFO | Team workspace directory ensured at /srv/jwteam_clone/shared/run_current
2026-08-10 03:05:45 | team | sess_d99274fb28dc | INFO | AgentTeam manager initialized for jiuwen_team_sess_d99274fb28dc, member=team_leader
2026-08-10 03:05:45 | team | sess_d99274fb28dc | INFO | [team_leader] TeamPolicyRail static sections: section_names=['team_role', 'team_workflow', 'team_swarmflow', 'team_lifecycle', 'team_persona']
2026-08-10 03:05:45 | team | sess_d99274fb28dc | INFO | Session tables ready for session sess_d99274fb28dc
2026-08-10 03:05:45 | team | sess_d99274fb28dc | INFO | Team database initialized
2026-08-10 03:05:45 | team | default_trace_id | INFO | Team workspace directory ensured at /srv/jwteam_clone/shared/run_current
2026-08-10 03:05:45 | team | default_trace_id | INFO | AgentTeam manager initialized for jiuwen_team_sess_d99274fb28dc, member=fullstack1
2026-08-10 03:05:45 | team | default_trace_id | INFO | [fullstack1] TeamPolicyRail static sections: section_names=['team_role', 'team_persona']
2026-08-10 03:05:45 | team | sess_d99274fb28dc | INFO | [fullstack1] invoke start, role=teammate
2026-08-10 03:05:45 | team | sess_d99274fb28dc | INFO | [fullstack1] coordination starting
2026-08-10 03:05:45 | team | sess_d99274fb28dc | INFO | Session tables ready for session sess_d99274fb28dc
2026-08-10 03:05:45 | team | sess_d99274fb28dc | INFO | Workspace /srv/jwteam_clone/shared/run_current initialized as plain shared directory (version_control disabled)
2026-08-10 03:05:45 | team | sess_d99274fb28dc | INFO | EventBus[teammate] starting
2026-08-10 03:06:02 | team | sess_d99274fb28dc | INFO | [fullstack1] HITT section refresh: human_agent_names=[]
2026-08-10 03:06:14 | team | sess_d99274fb28dc | INFO | [fullstack1] processing 1 unread messages (steer=True)
2026-08-10 03:06:14 | team | sess_d99274fb28dc | INFO | Message a9fa6468-fdaf-4a96-a92d-f9cb5fc974cf marked as read by fullstack1
2026-08-10 03:06:39 | team | sess_d99274fb28dc | INFO | Message 79f63574-971d-4863-8576-27adedd45d3b created
2026-08-10 03:06:47 | team | sess_d99274fb28dc | INFO | [fullstack1] processing 1 unread messages (steer=True)
2026-08-10 03:06:47 | team | sess_d99274fb28dc | INFO | Message b4193bd3-35f3-433c-aadc-2cc029807b75 marked as read by fullstack1
2026-08-10 03:06:54 | team | sess_d99274fb28dc | INFO | [fullstack1] processing 1 unread messages (steer=True)
2026-08-10 03:06:54 | team | sess_d99274fb28dc | INFO | Message 5430b30a-5a90-4b10-9e91-dab8861db8d6 marked as read by fullstack1
2026-08-10 03:07:03 | team | sess_d99274fb28dc | INFO | Message 56dbdae2-1694-4556-bf87-c258664c46b2 created
2026-08-10 03:07:13 | team | sess_d99274fb28dc | INFO | [fullstack1] processing 1 unread messages (steer=True)
2026-08-10 03:07:13 | team | sess_d99274fb28dc | INFO | Message 44664c18-1518-41be-8669-e7efecbbf4fc marked as read by fullstack1
2026-08-10 03:07:14 | team | sess_d99274fb28dc | INFO | [fullstack1] processing 1 unread messages (steer=True)
2026-08-10 03:07:14 | team | sess_d99274fb28dc | INFO | Message acc74154-66f8-4e31-a455-4ff78cb85b9f marked as read by fullstack1
2026-08-10 03:07:47 | team | sess_d99274fb28dc | INFO | Message 7571da19-5e63-45f5-a467-db76e65ada41 created
2026-08-10 03:07:47 | team | sess_d99274fb28dc | INFO | Message fb1f1b70-018b-4d63-938f-5ab0386098d6 created
2026-08-10 03:16:59 | team | sess_d99274fb28dc | INFO | task list drained for team jiuwen_team_sess_d99274fb28dc: 6 terminal task(s)
2026-08-10 03:17:09 | team | sess_d99274fb28dc | INFO | [fullstack1] processing 1 unread messages (steer=True)
2026-08-10 03:17:09 | team | sess_d99274fb28dc | INFO | Message 80282e55-c091-488b-a72d-f2a0cf2348c5 marked as read by fullstack1
2026-08-10 03:17:42 | team | sess_d99274fb28dc | INFO | team jiuwen_team_sess_d99274fb28dc reported completed: 9 members, 6 tasks
2026-08-10 03:17:42 | team | sess_d99274fb28dc | INFO | [fullstack1] received TEAM_STANDBY, pausing polls
2026-08-10 03:17:42 | team | sess_d99274fb28dc | INFO | EventBus[teammate] pausing polls
