2026-08-10 03:05:43 | team | sess_d99274fb28dc | INFO | Team workspace directory ensured at /srv/jwteam_clone/shared/run_current
2026-08-10 03:05:43 | team | sess_d99274fb28dc | INFO | AgentTeam manager initialized for jiuwen_team_sess_d99274fb28dc, member=team_leader
2026-08-10 03:05:43 | team | sess_d99274fb28dc | INFO | [team_leader] TeamPolicyRail static sections: section_names=['team_role', 'team_workflow', 'team_swarmflow', 'team_lifecycle', 'team_persona']
2026-08-10 03:05:43 | team | sess_d99274fb28dc | INFO | Session tables ready for session sess_d99274fb28dc
2026-08-10 03:05:43 | team | sess_d99274fb28dc | INFO | Team database initialized
2026-08-10 03:05:43 | team | default_trace_id | INFO | Team workspace directory ensured at /srv/jwteam_clone/shared/run_current
2026-08-10 03:05:43 | team | default_trace_id | INFO | AgentTeam manager initialized for jiuwen_team_sess_d99274fb28dc, member=executor3
2026-08-10 03:05:43 | team | default_trace_id | INFO | [executor3] TeamPolicyRail static sections: section_names=['team_role', 'team_persona']
2026-08-10 03:05:43 | team | sess_d99274fb28dc | INFO | [executor3] invoke start, role=teammate
2026-08-10 03:05:43 | team | sess_d99274fb28dc | INFO | [executor3] coordination starting
2026-08-10 03:05:43 | team | sess_d99274fb28dc | INFO | Session tables ready for session sess_d99274fb28dc
2026-08-10 03:05:43 | team | sess_d99274fb28dc | INFO | Workspace /srv/jwteam_clone/shared/run_current initialized as plain shared directory (version_control disabled)
2026-08-10 03:05:43 | team | sess_d99274fb28dc | INFO | EventBus[teammate] starting
2026-08-10 03:06:03 | team | sess_d99274fb28dc | INFO | [executor3] HITT section refresh: human_agent_names=[]
2026-08-10 03:06:14 | team | sess_d99274fb28dc | INFO | [executor3] processing 1 unread messages (steer=True)
2026-08-10 03:06:14 | team | sess_d99274fb28dc | INFO | Message a9fa6468-fdaf-4a96-a92d-f9cb5fc974cf marked as read by executor3
2026-08-10 03:07:31 | team | sess_d99274fb28dc | INFO | Message 40fc3b96-0e27-471d-a78b-81fcd80bcbaa created
2026-08-10 03:07:45 | team | sess_d99274fb28dc | INFO | Task implement claimed by member executor3
2026-08-10 03:07:45 | team | sess_d99274fb28dc | INFO | Task implement claimed by member executor3
2026-08-10 03:07:47 | team | sess_d99274fb28dc | INFO | [executor3] processing 1 unread messages (steer=True)
2026-08-10 03:07:47 | team | sess_d99274fb28dc | INFO | Message 6ae8667f-b816-46a0-b9dc-45e0890a7011 marked as read by executor3
2026-08-10 03:07:53 | team | sess_d99274fb28dc | INFO | [executor3] processing 1 unread messages (steer=True)
2026-08-10 03:07:53 | team | sess_d99274fb28dc | INFO | Message f13f099c-1b52-4811-83ae-2c44ee85e3b3 marked as read by executor3
2026-08-10 03:08:00 | team | sess_d99274fb28dc | INFO | Message 2d5d27f1-5833-44c0-8424-76b0b2b68419 created
2026-08-10 03:08:00 | team | sess_d99274fb28dc | INFO | Message 2532d2d6-9b66-4efa-b393-273d8c768290 created
2026-08-10 03:08:12 | team | sess_d99274fb28dc | INFO | Message b336e3be-cac4-47b0-8280-92d1bb0fa641 created
2026-08-10 03:08:26 | team | sess_d99274fb28dc | INFO | [executor3] processing 1 unread messages (steer=True)
2026-08-10 03:08:26 | team | sess_d99274fb28dc | INFO | Message 159b443c-3567-4e42-b19e-9fb014022bbc marked as read by executor3
2026-08-10 03:08:32 | team | sess_d99274fb28dc | INFO | Message 54aba718-91ff-4c0c-8476-b3ef6a5b77a6 created
2026-08-10 03:08:40 | team | sess_d99274fb28dc | INFO | [executor3] processing 1 unread messages (steer=True)
2026-08-10 03:08:40 | team | sess_d99274fb28dc | INFO | Message 43ba4f32-a818-4e79-bccd-9e31f2eef717 marked as read by executor3
2026-08-10 03:08:45 | team | sess_d99274fb28dc | INFO | [executor3] processing 1 unread messages (steer=True)
2026-08-10 03:08:45 | team | sess_d99274fb28dc | INFO | Message 934e909f-a567-408d-949c-7489a4717704 marked as read by executor3
2026-08-10 03:08:45 | team | sess_d99274fb28dc | INFO | [executor3] processing 1 unread messages (steer=True)
2026-08-10 03:08:45 | team | sess_d99274fb28dc | INFO | Message af81ab09-e706-4abb-8093-c6f4a270a2db marked as read by executor3
2026-08-10 03:08:54 | team | sess_d99274fb28dc | INFO | Task impl claimed by member executor3
2026-08-10 03:08:54 | team | sess_d99274fb28dc | INFO | Task impl claimed by member executor3
2026-08-10 03:09:01 | team | sess_d99274fb28dc | INFO | [executor3] processing 1 unread messages (steer=True)
2026-08-10 03:09:01 | team | sess_d99274fb28dc | INFO | Message cf295194-6b50-4243-99b1-58ff4255df9e marked as read by executor3
2026-08-10 03:09:04 | team | sess_d99274fb28dc | INFO | [executor3] processing 1 unread messages (steer=True)
2026-08-10 03:09:04 | team | sess_d99274fb28dc | INFO | Message 17136c8e-e379-4661-865f-b6cb67acc874 marked as read by executor3
2026-08-10 03:09:35 | team | sess_d99274fb28dc | INFO | Message aec53a8c-0e02-4904-b842-0a0239fcb3f0 created
2026-08-10 03:11:05 | team | sess_d99274fb28dc | INFO | Message f4654418-075a-43d3-8ff8-0493b1c5afca created
2026-08-10 03:12:03 | team | sess_d99274fb28dc | INFO | [executor3] processing 1 unread messages (steer=True)
2026-08-10 03:12:03 | team | sess_d99274fb28dc | INFO | Message b7bc8b5c-a4cc-4152-8294-f79cf5d12eed marked as read by executor3
2026-08-10 03:14:02 | team | sess_d99274fb28dc | INFO | Task impl claimed by member executor3
2026-08-10 03:14:02 | team | sess_d99274fb28dc | INFO | Task impl claimed by member executor3
2026-08-10 03:14:07 | team | sess_d99274fb28dc | INFO | Task impl completed at 1786328047336
2026-08-10 03:14:07 | team | sess_d99274fb28dc | INFO | Resolved 1 dependencies for task impl
2026-08-10 03:14:07 | team | sess_d99274fb28dc | INFO | Task verify unblocked (all deps resolved)
2026-08-10 03:14:07 | team | sess_d99274fb28dc | INFO | Task impl completed
2026-08-10 03:14:07 | team | sess_d99274fb28dc | INFO | Unblocked 1 tasks
2026-08-10 03:14:15 | team | sess_d99274fb28dc | INFO | Message d7570bb7-a8bc-493f-b238-b070ca0d64df created
2026-08-10 03:14:15 | team | sess_d99274fb28dc | INFO | Message 9665305c-2d6c-47ae-be8b-f44eb1fc908f created
2026-08-10 03:14:25 | team | sess_d99274fb28dc | INFO | Message ec0968c4-a855-4c60-83e2-5dc3c86c6250 created
2026-08-10 03:14:32 | team | sess_d99274fb28dc | INFO | [executor3] processing 1 unread messages (steer=True)
2026-08-10 03:14:32 | team | sess_d99274fb28dc | INFO | Message 9f996669-9d43-4b6d-9a77-24836480ad8d marked as read by executor3
2026-08-10 03:14:32 | team | sess_d99274fb28dc | INFO | [executor3] processing 1 unread messages (steer=True)
2026-08-10 03:14:32 | team | sess_d99274fb28dc | INFO | Message 7d754413-5bc3-4cea-b5a4-ffee35f7fd3b marked as read by executor3
2026-08-10 03:15:24 | team | sess_d99274fb28dc | INFO | [executor3] processing 1 unread messages (steer=True)
2026-08-10 03:15:24 | team | sess_d99274fb28dc | INFO | Message 82bee2da-1b69-49f6-8165-a4d41a64b3f2 marked as read by executor3
2026-08-10 03:15:44 | team | sess_d99274fb28dc | INFO | Message a1321684-200e-4a7c-8e30-2c1a1c6ff8a2 created
2026-08-10 03:16:59 | team | sess_d99274fb28dc | INFO | task list drained for team jiuwen_team_sess_d99274fb28dc: 6 terminal task(s)
2026-08-10 03:17:09 | team | sess_d99274fb28dc | INFO | [executor3] processing 1 unread messages (steer=True)
2026-08-10 03:17:09 | team | sess_d99274fb28dc | INFO | Message 80282e55-c091-488b-a72d-f2a0cf2348c5 marked as read by executor3
2026-08-10 03:17:42 | team | sess_d99274fb28dc | INFO | team jiuwen_team_sess_d99274fb28dc reported completed: 9 members, 6 tasks
2026-08-10 03:17:42 | team | sess_d99274fb28dc | INFO | [executor3] received TEAM_STANDBY, pausing polls
2026-08-10 03:17:42 | team | sess_d99274fb28dc | INFO | EventBus[teammate] pausing polls
