2026-08-08 12:11:15 | team | sess_50633cf27520 | INFO | Team workspace directory ensured at /srv/jwteam_clone/shared/run_current
2026-08-08 12:11:15 | team | sess_50633cf27520 | INFO | AgentTeam manager initialized for jiuwen_team_sess_50633cf27520, member=team_leader
2026-08-08 12:11:15 | team | sess_50633cf27520 | INFO | [team_leader] TeamPolicyRail static sections: section_names=['team_role', 'team_workflow', 'team_swarmflow', 'team_lifecycle', 'team_persona']
2026-08-08 12:11:15 | team | sess_50633cf27520 | INFO | Session tables ready for session sess_50633cf27520
2026-08-08 12:11:15 | team | sess_50633cf27520 | INFO | Team database initialized
2026-08-08 12:11:15 | team | default_trace_id | INFO | Team workspace directory ensured at /srv/jwteam_clone/shared/run_current
2026-08-08 12:11:15 | team | default_trace_id | INFO | AgentTeam manager initialized for jiuwen_team_sess_50633cf27520, member=executor1
2026-08-08 12:11:15 | team | default_trace_id | INFO | [executor1] TeamPolicyRail static sections: section_names=['team_role', 'team_persona']
2026-08-08 12:11:15 | team | sess_50633cf27520 | INFO | [executor1] invoke start, role=teammate
2026-08-08 12:11:15 | team | sess_50633cf27520 | INFO | [executor1] coordination starting
2026-08-08 12:11:15 | team | sess_50633cf27520 | INFO | Session tables ready for session sess_50633cf27520
2026-08-08 12:11:15 | team | sess_50633cf27520 | INFO | Workspace /srv/jwteam_clone/shared/run_current initialized as plain shared directory (version_control disabled)
2026-08-08 12:11:15 | team | sess_50633cf27520 | INFO | EventBus[teammate] starting
2026-08-08 12:12:01 | team | sess_50633cf27520 | INFO | [executor1] HITT section refresh: human_agent_names=[]
2026-08-08 12:12:12 | team | sess_50633cf27520 | INFO | [executor1] processing 1 unread messages (steer=True)
2026-08-08 12:12:12 | team | sess_50633cf27520 | INFO | Message 7aceb752-9fe9-4421-8718-6da1c7e780aa marked as read by executor1
2026-08-08 12:12:24 | team | sess_50633cf27520 | INFO | Message f9299626-df31-477c-8a69-7663a71ba707 created
2026-08-08 12:12:24 | team | sess_50633cf27520 | INFO | Message 04a1fd95-b7c7-4cd0-b084-925d3c56bbde created
2026-08-08 12:13:49 | team | sess_50633cf27520 | INFO | [executor1] processing 1 unread messages (steer=True)
2026-08-08 12:13:49 | team | sess_50633cf27520 | INFO | Message 441745c7-1b4f-42e9-8e52-2ecb81659de1 marked as read by executor1
2026-08-08 12:13:52 | team | sess_50633cf27520 | INFO | [executor1] processing 1 unread messages (steer=True)
2026-08-08 12:13:52 | team | sess_50633cf27520 | INFO | Message 7be43820-cd26-4311-a64c-fb4b118180de marked as read by executor1
2026-08-08 12:13:54 | team | sess_50633cf27520 | INFO | Task implement claimed by member executor1
2026-08-08 12:13:54 | team | sess_50633cf27520 | INFO | Task implement claimed by member executor1
2026-08-08 12:14:54 | team | sess_50633cf27520 | INFO | Task implement completed at 1786187694485
2026-08-08 12:14:54 | team | sess_50633cf27520 | INFO | Message 45d4d8e1-c33f-47bc-b9c4-253e84a2caa6 created
2026-08-08 12:14:54 | team | sess_50633cf27520 | INFO | Message 8f213d1f-ccea-4d43-9623-e36ffa5c9a02 created
2026-08-08 12:14:54 | team | sess_50633cf27520 | INFO | Resolved 1 dependencies for task implement
2026-08-08 12:14:54 | team | sess_50633cf27520 | INFO | Task verify_1 unblocked (all deps resolved)
2026-08-08 12:14:54 | team | sess_50633cf27520 | INFO | Task implement completed
2026-08-08 12:14:54 | team | sess_50633cf27520 | INFO | Unblocked 1 tasks
2026-08-08 12:17:30 | team | sess_50633cf27520 | INFO | task list drained for team jiuwen_team_sess_50633cf27520: 4 terminal task(s)
2026-08-08 12:17:41 | team | sess_50633cf27520 | INFO | [executor1] processing 1 unread messages (steer=True)
2026-08-08 12:17:41 | team | sess_50633cf27520 | INFO | Message 34718817-ba1b-4c3a-9424-0e1bf7afdae4 marked as read by executor1
2026-08-08 12:18:03 | team | sess_50633cf27520 | INFO | team jiuwen_team_sess_50633cf27520 reported completed: 9 members, 4 tasks
2026-08-08 12:18:03 | team | sess_50633cf27520 | INFO | [executor1] received TEAM_STANDBY, pausing polls
2026-08-08 12:18:03 | team | sess_50633cf27520 | INFO | EventBus[teammate] pausing polls
