2026-08-08 12:11:16 | team | sess_50633cf27520 | INFO | Team workspace directory ensured at /srv/jwteam_clone/shared/run_current
2026-08-08 12:11:16 | team | sess_50633cf27520 | INFO | AgentTeam manager initialized for jiuwen_team_sess_50633cf27520, member=team_leader
2026-08-08 12:11:16 | team | sess_50633cf27520 | INFO | [team_leader] TeamPolicyRail static sections: section_names=['team_role', 'team_workflow', 'team_swarmflow', 'team_lifecycle', 'team_persona']
2026-08-08 12:11:16 | team | sess_50633cf27520 | INFO | Session tables ready for session sess_50633cf27520
2026-08-08 12:11:16 | team | sess_50633cf27520 | INFO | Team database initialized
2026-08-08 12:11:16 | team | default_trace_id | INFO | Team workspace directory ensured at /srv/jwteam_clone/shared/run_current
2026-08-08 12:11:16 | team | default_trace_id | INFO | AgentTeam manager initialized for jiuwen_team_sess_50633cf27520, member=executor3
2026-08-08 12:11:16 | team | default_trace_id | INFO | [executor3] TeamPolicyRail static sections: section_names=['team_role', 'team_persona']
2026-08-08 12:11:16 | team | sess_50633cf27520 | INFO | [executor3] invoke start, role=teammate
2026-08-08 12:11:16 | team | sess_50633cf27520 | INFO | [executor3] coordination starting
2026-08-08 12:11:16 | team | sess_50633cf27520 | INFO | Session tables ready for session sess_50633cf27520
2026-08-08 12:11:16 | team | sess_50633cf27520 | INFO | Workspace /srv/jwteam_clone/shared/run_current initialized as plain shared directory (version_control disabled)
2026-08-08 12:11:16 | team | sess_50633cf27520 | INFO | EventBus[teammate] starting
2026-08-08 12:12:01 | team | sess_50633cf27520 | INFO | [executor3] HITT section refresh: human_agent_names=[]
2026-08-08 12:12:09 | team | sess_50633cf27520 | INFO | Message a079befc-de6e-4114-b5b0-217a0737d8ce created
2026-08-08 12:12:12 | team | sess_50633cf27520 | INFO | [executor3] processing 1 unread messages (steer=True)
2026-08-08 12:12:12 | team | sess_50633cf27520 | INFO | Message 7aceb752-9fe9-4421-8718-6da1c7e780aa marked as read by executor3
2026-08-08 12:12:17 | team | sess_50633cf27520 | INFO | [executor3] processing 1 unread messages (steer=True)
2026-08-08 12:12:17 | team | sess_50633cf27520 | INFO | Message b3d3811e-6fd1-42aa-bd21-8646c851e162 marked as read by executor3
2026-08-08 12:17:30 | team | sess_50633cf27520 | INFO | task list drained for team jiuwen_team_sess_50633cf27520: 4 terminal task(s)
2026-08-08 12:17:41 | team | sess_50633cf27520 | INFO | [executor3] processing 1 unread messages (steer=True)
2026-08-08 12:17:41 | team | sess_50633cf27520 | INFO | Message 34718817-ba1b-4c3a-9424-0e1bf7afdae4 marked as read by executor3
2026-08-08 12:18:03 | team | sess_50633cf27520 | INFO | team jiuwen_team_sess_50633cf27520 reported completed: 9 members, 4 tasks
2026-08-08 12:18:03 | team | sess_50633cf27520 | INFO | [executor3] received TEAM_STANDBY, pausing polls
2026-08-08 12:18:03 | team | sess_50633cf27520 | INFO | EventBus[teammate] pausing polls
