2026-08-08 12:11:17 | team | sess_50633cf27520 | INFO | Team workspace directory ensured at /srv/jwteam_clone/shared/run_current
2026-08-08 12:11:17 | team | sess_50633cf27520 | INFO | AgentTeam manager initialized for jiuwen_team_sess_50633cf27520, member=team_leader
2026-08-08 12:11:17 | team | sess_50633cf27520 | INFO | [team_leader] TeamPolicyRail static sections: section_names=['team_role', 'team_workflow', 'team_swarmflow', 'team_lifecycle', 'team_persona']
2026-08-08 12:11:17 | team | sess_50633cf27520 | INFO | Session tables ready for session sess_50633cf27520
2026-08-08 12:11:17 | team | sess_50633cf27520 | INFO | Team database initialized
2026-08-08 12:11:17 | team | default_trace_id | INFO | Team workspace directory ensured at /srv/jwteam_clone/shared/run_current
2026-08-08 12:11:17 | team | default_trace_id | INFO | AgentTeam manager initialized for jiuwen_team_sess_50633cf27520, member=verifier1
2026-08-08 12:11:17 | team | default_trace_id | INFO | [verifier1] TeamPolicyRail static sections: section_names=['team_role', 'team_persona']
2026-08-08 12:11:17 | team | sess_50633cf27520 | INFO | [verifier1] invoke start, role=teammate
2026-08-08 12:11:17 | team | sess_50633cf27520 | INFO | [verifier1] coordination starting
2026-08-08 12:11:17 | team | sess_50633cf27520 | INFO | Session tables ready for session sess_50633cf27520
2026-08-08 12:11:17 | team | sess_50633cf27520 | INFO | Workspace /srv/jwteam_clone/shared/run_current initialized as plain shared directory (version_control disabled)
2026-08-08 12:11:17 | team | sess_50633cf27520 | INFO | EventBus[teammate] starting
2026-08-08 12:12:01 | team | sess_50633cf27520 | INFO | [verifier1] HITT section refresh: human_agent_names=[]
2026-08-08 12:12:12 | team | sess_50633cf27520 | INFO | [verifier1] processing 1 unread messages (steer=True)
2026-08-08 12:12:12 | team | sess_50633cf27520 | INFO | Message 7aceb752-9fe9-4421-8718-6da1c7e780aa marked as read by verifier1
2026-08-08 12:14:54 | team | sess_50633cf27520 | INFO | [verifier1] processing 1 unread messages (steer=True)
2026-08-08 12:14:54 | team | sess_50633cf27520 | INFO | Message 45d4d8e1-c33f-47bc-b9c4-253e84a2caa6 marked as read by verifier1
2026-08-08 12:15:01 | team | sess_50633cf27520 | INFO | Task verify_1 claimed by member verifier1
2026-08-08 12:15:01 | team | sess_50633cf27520 | INFO | Task verify_1 claimed by member verifier1
2026-08-08 12:16:19 | team | sess_50633cf27520 | INFO | Task verify_1 completed at 1786187779541
2026-08-08 12:16:19 | team | sess_50633cf27520 | INFO | Message ae3b431b-50d7-43fe-96ea-a371aa013fc5 created
2026-08-08 12:16:19 | team | sess_50633cf27520 | INFO | Resolved 1 dependencies for task verify_1
2026-08-08 12:16:19 | team | sess_50633cf27520 | INFO | Task verify_2 unblocked (all deps resolved)
2026-08-08 12:16:19 | team | sess_50633cf27520 | INFO | Task verify_1 completed
2026-08-08 12:16:19 | team | sess_50633cf27520 | INFO | Unblocked 1 tasks
2026-08-08 12:16:26 | team | sess_50633cf27520 | INFO | Message 3d9363fc-42ee-498a-833d-521526d02f34 created
2026-08-08 12:17:30 | team | sess_50633cf27520 | INFO | task list drained for team jiuwen_team_sess_50633cf27520: 4 terminal task(s)
2026-08-08 12:17:41 | team | sess_50633cf27520 | INFO | [verifier1] processing 1 unread messages (steer=True)
2026-08-08 12:17:41 | team | sess_50633cf27520 | INFO | Message 34718817-ba1b-4c3a-9424-0e1bf7afdae4 marked as read by verifier1
2026-08-08 12:18:03 | team | sess_50633cf27520 | INFO | team jiuwen_team_sess_50633cf27520 reported completed: 9 members, 4 tasks
2026-08-08 12:18:03 | team | sess_50633cf27520 | INFO | [verifier1] received TEAM_STANDBY, pausing polls
2026-08-08 12:18:03 | team | sess_50633cf27520 | INFO | EventBus[teammate] pausing polls
