2026-08-08 12:11:14 | team | sess_50633cf27520 | INFO | Team workspace directory ensured at /srv/jwteam_clone/shared/run_current
2026-08-08 12:11:14 | team | sess_50633cf27520 | INFO | AgentTeam manager initialized for jiuwen_team_sess_50633cf27520, member=team_leader
2026-08-08 12:11:14 | team | sess_50633cf27520 | INFO | [team_leader] TeamPolicyRail static sections: section_names=['team_role', 'team_workflow', 'team_swarmflow', 'team_lifecycle', 'team_persona']
2026-08-08 12:11:14 | team | sess_50633cf27520 | INFO | Session tables ready for session sess_50633cf27520
2026-08-08 12:11:14 | team | sess_50633cf27520 | INFO | Team database initialized
2026-08-08 12:11:14 | team | default_trace_id | INFO | Team workspace directory ensured at /srv/jwteam_clone/shared/run_current
2026-08-08 12:11:14 | team | default_trace_id | INFO | AgentTeam manager initialized for jiuwen_team_sess_50633cf27520, member=planner2
2026-08-08 12:11:14 | team | default_trace_id | INFO | [planner2] TeamPolicyRail static sections: section_names=['team_role', 'team_persona']
2026-08-08 12:11:14 | team | sess_50633cf27520 | INFO | [planner2] invoke start, role=teammate
2026-08-08 12:11:14 | team | sess_50633cf27520 | INFO | [planner2] coordination starting
2026-08-08 12:11:14 | team | sess_50633cf27520 | INFO | Session tables ready for session sess_50633cf27520
2026-08-08 12:11:14 | team | sess_50633cf27520 | INFO | Workspace /srv/jwteam_clone/shared/run_current initialized as plain shared directory (version_control disabled)
2026-08-08 12:11:14 | team | sess_50633cf27520 | INFO | EventBus[teammate] starting
2026-08-08 12:12:01 | team | sess_50633cf27520 | INFO | [planner2] HITT section refresh: human_agent_names=[]
2026-08-08 12:12:12 | team | sess_50633cf27520 | INFO | [planner2] processing 1 unread messages (steer=True)
2026-08-08 12:12:12 | team | sess_50633cf27520 | INFO | Message 7aceb752-9fe9-4421-8718-6da1c7e780aa marked as read by planner2
2026-08-08 12:12:13 | team | sess_50633cf27520 | INFO | Task plan claimed by member planner2
2026-08-08 12:12:13 | team | sess_50633cf27520 | INFO | Task plan claimed by member planner2
2026-08-08 12:12:24 | team | sess_50633cf27520 | INFO | [planner2] processing 1 unread messages (steer=True)
2026-08-08 12:12:24 | team | sess_50633cf27520 | INFO | Message 04a1fd95-b7c7-4cd0-b084-925d3c56bbde marked as read by planner2
2026-08-08 12:13:49 | team | sess_50633cf27520 | INFO | Message 441745c7-1b4f-42e9-8e52-2ecb81659de1 created
2026-08-08 12:13:51 | team | sess_50633cf27520 | INFO | Task plan completed at 1786187631911
2026-08-08 12:13:51 | team | sess_50633cf27520 | INFO | Resolved 1 dependencies for task plan
2026-08-08 12:13:51 | team | sess_50633cf27520 | INFO | Task implement unblocked (all deps resolved)
2026-08-08 12:13:51 | team | sess_50633cf27520 | INFO | Task plan completed
2026-08-08 12:13:51 | team | sess_50633cf27520 | INFO | Unblocked 1 tasks
2026-08-08 12:13:57 | team | sess_50633cf27520 | INFO | Message a4a16574-61aa-43e0-85df-ede04e3ca7cf created
2026-08-08 12:17:30 | team | sess_50633cf27520 | INFO | task list drained for team jiuwen_team_sess_50633cf27520: 4 terminal task(s)
2026-08-08 12:17:41 | team | sess_50633cf27520 | INFO | [planner2] processing 1 unread messages (steer=True)
2026-08-08 12:17:41 | team | sess_50633cf27520 | INFO | Message 34718817-ba1b-4c3a-9424-0e1bf7afdae4 marked as read by planner2
2026-08-08 12:18:03 | team | sess_50633cf27520 | INFO | team jiuwen_team_sess_50633cf27520 reported completed: 9 members, 4 tasks
2026-08-08 12:18:03 | team | sess_50633cf27520 | INFO | [planner2] received TEAM_STANDBY, pausing polls
2026-08-08 12:18:03 | team | sess_50633cf27520 | INFO | EventBus[teammate] pausing polls
