2026-08-23 14:55:14 | team | sess_daa717debedd | INFO | Team workspace directory ensured at /srv/jwteam_clone/shared/run_current
2026-08-23 14:55:14 | team | sess_daa717debedd | INFO | AgentTeam manager initialized for jiuwen_team_sess_daa717debedd, member=team_leader
2026-08-23 14:55:14 | team | sess_daa717debedd | INFO | [team_leader] TeamPolicyRail static sections: section_names=['team_role', 'team_workflow', 'team_swarmflow', 'team_lifecycle', 'team_persona']
2026-08-23 14:55:14 | team | sess_daa717debedd | INFO | Session tables ready for session sess_daa717debedd
2026-08-23 14:55:14 | team | sess_daa717debedd | INFO | Team database initialized
2026-08-23 14:55:14 | team | default_trace_id | INFO | Team workspace directory ensured at /srv/jwteam_clone/shared/run_current
2026-08-23 14:55:14 | team | default_trace_id | INFO | AgentTeam manager initialized for jiuwen_team_sess_daa717debedd, member=verifier2
2026-08-23 14:55:14 | team | default_trace_id | INFO | [verifier2] TeamPolicyRail static sections: section_names=['team_role', 'team_persona']
2026-08-23 14:55:14 | team | sess_daa717debedd | INFO | [verifier2] invoke start, role=teammate
2026-08-23 14:55:14 | team | sess_daa717debedd | INFO | [verifier2] coordination starting
2026-08-23 14:55:14 | team | sess_daa717debedd | INFO | Session tables ready for session sess_daa717debedd
2026-08-23 14:55:14 | team | sess_daa717debedd | INFO | Workspace /srv/jwteam_clone/shared/run_current initialized as plain shared directory (version_control disabled)
2026-08-23 14:55:14 | team | sess_daa717debedd | INFO | EventBus[teammate] starting
2026-08-23 14:57:12 | team | sess_daa717debedd | INFO | [verifier2] HITT section refresh: human_agent_names=[]
2026-08-23 14:57:45 | team | sess_daa717debedd | INFO | [verifier2] processing 1 unread messages (steer=True)
2026-08-23 14:57:45 | team | sess_daa717debedd | INFO | Message 813e7a53-2f5a-439a-95e4-28021fb6a5b4 marked as read by verifier2
2026-08-23 15:03:07 | team | sess_daa717debedd | INFO | [verifier2] processing 1 unread messages (steer=True)
2026-08-23 15:03:07 | team | sess_daa717debedd | INFO | Message 6f9454f8-7c85-4df6-ba15-6aa1f0acc226 marked as read by verifier2
2026-08-23 15:05:38 | team | sess_daa717debedd | INFO | Message 15555b0a-5331-4e16-b13b-e3613d4de8b6 created
2026-08-23 15:08:04 | team | sess_daa717debedd | INFO | Task spec5_verify claimed by member verifier2
2026-08-23 15:08:04 | team | sess_daa717debedd | INFO | Task spec5_verify claimed by member verifier2
2026-08-23 15:08:10 | team | sess_daa717debedd | INFO | [verifier2] processing 1 unread messages (steer=True)
2026-08-23 15:08:10 | team | sess_daa717debedd | INFO | Message b340211c-766a-40f4-b89b-2c070ac1b615 marked as read by verifier2
2026-08-23 15:09:43 | team | sess_daa717debedd | INFO | Task spec5_verify completed at 1787494183005
2026-08-23 15:09:43 | team | sess_daa717debedd | INFO | Task spec5_verify completed
2026-08-23 15:09:51 | team | sess_daa717debedd | INFO | Message 025194b9-a0a9-4818-8b28-fa961d8c58f1 created
2026-08-23 15:09:51 | team | sess_daa717debedd | INFO | Message dd5ad09b-963f-45c3-b86f-229a66402963 created
2026-08-23 15:09:55 | team | sess_daa717debedd | INFO | [verifier2] processing 1 unread messages (steer=True)
2026-08-23 15:09:55 | team | sess_daa717debedd | INFO | Message dc9f8646-4639-4b38-91cf-b62184f1a585 marked as read by verifier2
2026-08-23 15:10:44 | team | sess_daa717debedd | INFO | team jiuwen_team_sess_daa717debedd reported completed: 9 members, 6 tasks
2026-08-23 15:10:44 | team | sess_daa717debedd | INFO | [verifier2] received TEAM_STANDBY, pausing polls
2026-08-23 15:10:44 | team | sess_daa717debedd | INFO | EventBus[teammate] pausing polls
