2026-08-23 14:55:13 | team | sess_daa717debedd | INFO | Team workspace directory ensured at /srv/jwteam_clone/shared/run_current
2026-08-23 14:55:13 | team | sess_daa717debedd | INFO | AgentTeam manager initialized for jiuwen_team_sess_daa717debedd, member=team_leader
2026-08-23 14:55:13 | team | sess_daa717debedd | INFO | [team_leader] TeamPolicyRail static sections: section_names=['team_role', 'team_workflow', 'team_swarmflow', 'team_lifecycle', 'team_persona']
2026-08-23 14:55:13 | team | sess_daa717debedd | INFO | Session tables ready for session sess_daa717debedd
2026-08-23 14:55:13 | team | sess_daa717debedd | INFO | Team database initialized
2026-08-23 14:55:13 | team | default_trace_id | INFO | Team workspace directory ensured at /srv/jwteam_clone/shared/run_current
2026-08-23 14:55:13 | team | default_trace_id | INFO | AgentTeam manager initialized for jiuwen_team_sess_daa717debedd, member=verifier1
2026-08-23 14:55:13 | team | default_trace_id | INFO | [verifier1] TeamPolicyRail static sections: section_names=['team_role', 'team_persona']
2026-08-23 14:55:13 | team | sess_daa717debedd | INFO | [verifier1] invoke start, role=teammate
2026-08-23 14:55:13 | team | sess_daa717debedd | INFO | [verifier1] coordination starting
2026-08-23 14:55:13 | team | sess_daa717debedd | INFO | Session tables ready for session sess_daa717debedd
2026-08-23 14:55:13 | team | sess_daa717debedd | INFO | Workspace /srv/jwteam_clone/shared/run_current initialized as plain shared directory (version_control disabled)
2026-08-23 14:55:13 | team | sess_daa717debedd | INFO | EventBus[teammate] starting
2026-08-23 14:57:11 | team | sess_daa717debedd | INFO | [verifier1] HITT section refresh: human_agent_names=[]
2026-08-23 14:57:45 | team | sess_daa717debedd | INFO | [verifier1] processing 1 unread messages (steer=True)
2026-08-23 14:57:45 | team | sess_daa717debedd | INFO | Message 813e7a53-2f5a-439a-95e4-28021fb6a5b4 marked as read by verifier1
2026-08-23 15:06:27 | team | sess_daa717debedd | INFO | [verifier1] processing 1 unread messages (steer=True)
2026-08-23 15:06:27 | team | sess_daa717debedd | INFO | Message b100cba0-214c-4f05-b348-9cc5a54b1264 marked as read by verifier1
2026-08-23 15:06:35 | team | sess_daa717debedd | INFO | [verifier1] received TASK_CLAIMED for self, task_id=cr4_verify, human_agent=False
2026-08-23 15:07:58 | team | sess_daa717debedd | INFO | Task cr4_verify completed at 1787494078223
2026-08-23 15:07:58 | team | sess_daa717debedd | INFO | Resolved 1 dependencies for task cr4_verify
2026-08-23 15:07:58 | team | sess_daa717debedd | INFO | Task spec5_verify unblocked (all deps resolved)
2026-08-23 15:07:58 | team | sess_daa717debedd | INFO | Task cr4_verify completed
2026-08-23 15:07:58 | team | sess_daa717debedd | INFO | Unblocked 1 tasks
2026-08-23 15:08:10 | team | sess_daa717debedd | INFO | Message 9ba16bd5-84e3-49d4-9f5c-9da907653523 created
2026-08-23 15:08:10 | team | sess_daa717debedd | INFO | Message b340211c-766a-40f4-b89b-2c070ac1b615 created
2026-08-23 15:09:43 | team | sess_daa717debedd | INFO | task list drained for team jiuwen_team_sess_daa717debedd: 6 terminal task(s)
2026-08-23 15:09:51 | team | sess_daa717debedd | INFO | [verifier1] processing 1 unread messages (steer=True)
2026-08-23 15:09:51 | team | sess_daa717debedd | INFO | Message dd5ad09b-963f-45c3-b86f-229a66402963 marked as read by verifier1
2026-08-23 15:09:55 | team | sess_daa717debedd | INFO | [verifier1] processing 1 unread messages (steer=True)
2026-08-23 15:09:55 | team | sess_daa717debedd | INFO | Message dc9f8646-4639-4b38-91cf-b62184f1a585 marked as read by verifier1
2026-08-23 15:10:44 | team | sess_daa717debedd | INFO | team jiuwen_team_sess_daa717debedd reported completed: 9 members, 6 tasks
2026-08-23 15:10:44 | team | sess_daa717debedd | INFO | [verifier1] received TEAM_STANDBY, pausing polls
2026-08-23 15:10:44 | team | sess_daa717debedd | INFO | EventBus[teammate] pausing polls
