2026-08-23 14:55:08 | team | sess_daa717debedd | INFO | Team workspace directory ensured at /srv/jwteam_clone/shared/run_current
2026-08-23 14:55:08 | team | sess_daa717debedd | INFO | AgentTeam manager initialized for jiuwen_team_sess_daa717debedd, member=team_leader
2026-08-23 14:55:08 | team | sess_daa717debedd | INFO | [team_leader] TeamPolicyRail static sections: section_names=['team_role', 'team_workflow', 'team_swarmflow', 'team_lifecycle', 'team_persona']
2026-08-23 14:55:08 | team | sess_daa717debedd | INFO | Session tables ready for session sess_daa717debedd
2026-08-23 14:55:08 | team | sess_daa717debedd | INFO | Team database initialized
2026-08-23 14:55:08 | team | default_trace_id | INFO | Team workspace directory ensured at /srv/jwteam_clone/shared/run_current
2026-08-23 14:55:08 | team | default_trace_id | INFO | AgentTeam manager initialized for jiuwen_team_sess_daa717debedd, member=planner1
2026-08-23 14:55:08 | team | default_trace_id | INFO | [planner1] TeamPolicyRail static sections: section_names=['team_role', 'team_persona']
2026-08-23 14:55:08 | team | sess_daa717debedd | INFO | [planner1] invoke start, role=teammate
2026-08-23 14:55:08 | team | sess_daa717debedd | INFO | [planner1] coordination starting
2026-08-23 14:55:08 | team | sess_daa717debedd | INFO | Session tables ready for session sess_daa717debedd
2026-08-23 14:55:08 | team | sess_daa717debedd | INFO | Workspace /srv/jwteam_clone/shared/run_current initialized as plain shared directory (version_control disabled)
2026-08-23 14:55:08 | team | sess_daa717debedd | INFO | EventBus[teammate] starting
2026-08-23 14:57:11 | team | sess_daa717debedd | INFO | [planner1] HITT section refresh: human_agent_names=[]
2026-08-23 14:57:15 | team | sess_daa717debedd | INFO | Task cr4_plan claimed by member planner1
2026-08-23 14:57:15 | team | sess_daa717debedd | INFO | Task cr4_plan claimed by member planner1
2026-08-23 14:57:45 | team | sess_daa717debedd | INFO | [planner1] processing 1 unread messages (steer=True)
2026-08-23 14:57:45 | team | sess_daa717debedd | INFO | Message 813e7a53-2f5a-439a-95e4-28021fb6a5b4 marked as read by planner1
2026-08-23 14:58:47 | team | sess_daa717debedd | INFO | Message dec883df-bccc-4f06-b53a-1026cfd448a0 created
2026-08-23 14:58:48 | team | sess_daa717debedd | INFO | [planner1] processing 1 unread messages (steer=True)
2026-08-23 14:58:48 | team | sess_daa717debedd | INFO | Message 2a1ff98c-30d1-4cc3-b7b2-36b212390927 marked as read by planner1
2026-08-23 14:58:54 | team | sess_daa717debedd | INFO | Task cr4_plan completed at 1787493534321
2026-08-23 14:58:54 | team | sess_daa717debedd | INFO | Message 56cb8c84-1233-4f74-8616-705168777793 created
2026-08-23 14:58:54 | team | sess_daa717debedd | INFO | Resolved 1 dependencies for task cr4_plan
2026-08-23 14:58:54 | team | sess_daa717debedd | INFO | Task cr4_implement unblocked (all deps resolved)
2026-08-23 14:58:54 | team | sess_daa717debedd | INFO | Task cr4_plan completed
2026-08-23 14:58:54 | team | sess_daa717debedd | INFO | Unblocked 1 tasks
2026-08-23 14:59:09 | team | sess_daa717debedd | INFO | Message a6ff6c20-cf27-4c00-b6f5-c2ef8afdfbdf created
2026-08-23 15:09:43 | team | sess_daa717debedd | INFO | task list drained for team jiuwen_team_sess_daa717debedd: 6 terminal task(s)
2026-08-23 15:09:55 | team | sess_daa717debedd | INFO | [planner1] processing 1 unread messages (steer=True)
2026-08-23 15:09:55 | team | sess_daa717debedd | INFO | Message dc9f8646-4639-4b38-91cf-b62184f1a585 marked as read by planner1
2026-08-23 15:10:44 | team | sess_daa717debedd | INFO | team jiuwen_team_sess_daa717debedd reported completed: 9 members, 6 tasks
2026-08-23 15:10:44 | team | sess_daa717debedd | INFO | [planner1] received TEAM_STANDBY, pausing polls
2026-08-23 15:10:44 | team | sess_daa717debedd | INFO | EventBus[teammate] pausing polls
