2026-08-23 14:55:12 | team | sess_daa717debedd | INFO | Team workspace directory ensured at /srv/jwteam_clone/shared/run_current
2026-08-23 14:55:12 | team | sess_daa717debedd | INFO | AgentTeam manager initialized for jiuwen_team_sess_daa717debedd, member=team_leader
2026-08-23 14:55:12 | team | sess_daa717debedd | INFO | [team_leader] TeamPolicyRail static sections: section_names=['team_role', 'team_workflow', 'team_swarmflow', 'team_lifecycle', 'team_persona']
2026-08-23 14:55:12 | team | sess_daa717debedd | INFO | Session tables ready for session sess_daa717debedd
2026-08-23 14:55:12 | team | sess_daa717debedd | INFO | Team database initialized
2026-08-23 14:55:12 | team | default_trace_id | INFO | Team workspace directory ensured at /srv/jwteam_clone/shared/run_current
2026-08-23 14:55:12 | team | default_trace_id | INFO | AgentTeam manager initialized for jiuwen_team_sess_daa717debedd, member=executor3
2026-08-23 14:55:12 | team | default_trace_id | INFO | [executor3] TeamPolicyRail static sections: section_names=['team_role', 'team_persona']
2026-08-23 14:55:12 | team | sess_daa717debedd | INFO | [executor3] invoke start, role=teammate
2026-08-23 14:55:12 | team | sess_daa717debedd | INFO | [executor3] coordination starting
2026-08-23 14:55:12 | team | sess_daa717debedd | INFO | Session tables ready for session sess_daa717debedd
2026-08-23 14:55:12 | team | sess_daa717debedd | INFO | Workspace /srv/jwteam_clone/shared/run_current initialized as plain shared directory (version_control disabled)
2026-08-23 14:55:12 | team | sess_daa717debedd | INFO | EventBus[teammate] starting
2026-08-23 14:57:11 | team | sess_daa717debedd | INFO | [executor3] HITT section refresh: human_agent_names=[]
2026-08-23 14:57:45 | team | sess_daa717debedd | INFO | [executor3] processing 1 unread messages (steer=True)
2026-08-23 14:57:45 | team | sess_daa717debedd | INFO | Message 813e7a53-2f5a-439a-95e4-28021fb6a5b4 marked as read by executor3
2026-08-23 15:09:43 | team | sess_daa717debedd | INFO | task list drained for team jiuwen_team_sess_daa717debedd: 6 terminal task(s)
2026-08-23 15:09:55 | team | sess_daa717debedd | INFO | [executor3] processing 1 unread messages (steer=True)
2026-08-23 15:09:55 | team | sess_daa717debedd | INFO | Message dc9f8646-4639-4b38-91cf-b62184f1a585 marked as read by executor3
2026-08-23 15:10:44 | team | sess_daa717debedd | INFO | team jiuwen_team_sess_daa717debedd reported completed: 9 members, 6 tasks
2026-08-23 15:10:44 | team | sess_daa717debedd | INFO | [executor3] received TEAM_STANDBY, pausing polls
2026-08-23 15:10:44 | team | sess_daa717debedd | INFO | EventBus[teammate] pausing polls
