2026-08-23 14:55:10 | team | sess_daa717debedd | INFO | Team workspace directory ensured at /srv/jwteam_clone/shared/run_current
2026-08-23 14:55:10 | team | sess_daa717debedd | INFO | AgentTeam manager initialized for jiuwen_team_sess_daa717debedd, member=team_leader
2026-08-23 14:55:10 | team | sess_daa717debedd | INFO | [team_leader] TeamPolicyRail static sections: section_names=['team_role', 'team_workflow', 'team_swarmflow', 'team_lifecycle', 'team_persona']
2026-08-23 14:55:10 | team | sess_daa717debedd | INFO | Session tables ready for session sess_daa717debedd
2026-08-23 14:55:10 | team | sess_daa717debedd | INFO | Team database initialized
2026-08-23 14:55:10 | team | default_trace_id | INFO | Team workspace directory ensured at /srv/jwteam_clone/shared/run_current
2026-08-23 14:55:10 | team | default_trace_id | INFO | AgentTeam manager initialized for jiuwen_team_sess_daa717debedd, member=executor1
2026-08-23 14:55:10 | team | default_trace_id | INFO | [executor1] TeamPolicyRail static sections: section_names=['team_role', 'team_persona']
2026-08-23 14:55:10 | team | sess_daa717debedd | INFO | [executor1] invoke start, role=teammate
2026-08-23 14:55:10 | team | sess_daa717debedd | INFO | [executor1] coordination starting
2026-08-23 14:55:10 | team | sess_daa717debedd | INFO | Session tables ready for session sess_daa717debedd
2026-08-23 14:55:10 | team | sess_daa717debedd | INFO | Workspace /srv/jwteam_clone/shared/run_current initialized as plain shared directory (version_control disabled)
2026-08-23 14:55:10 | team | sess_daa717debedd | INFO | EventBus[teammate] starting
2026-08-23 14:57:12 | team | sess_daa717debedd | INFO | [executor1] HITT section refresh: human_agent_names=[]
2026-08-23 14:57:45 | team | sess_daa717debedd | INFO | [executor1] processing 1 unread messages (steer=True)
2026-08-23 14:57:45 | team | sess_daa717debedd | INFO | Message 813e7a53-2f5a-439a-95e4-28021fb6a5b4 marked as read by executor1
2026-08-23 14:58:18 | team | sess_daa717debedd | INFO | Message f011c140-7039-4077-8c73-3c1eb0879cdc created
2026-08-23 15:00:37 | team | sess_daa717debedd | INFO | [executor1] processing 1 unread messages (steer=True)
2026-08-23 15:00:37 | team | sess_daa717debedd | INFO | Message f64c868c-7dbf-441e-916e-07ea39592abb marked as read by executor1
2026-08-23 15:00:42 | team | sess_daa717debedd | INFO | Task spec5_implement claimed by member executor1
2026-08-23 15:00:42 | team | sess_daa717debedd | INFO | Task spec5_implement claimed by member executor1
2026-08-23 15:01:09 | team | sess_daa717debedd | INFO | [executor1] processing 1 unread messages (steer=True)
2026-08-23 15:01:09 | team | sess_daa717debedd | INFO | Message a154a87f-f981-4792-99e3-1f18dad963bd marked as read by executor1
2026-08-23 15:02:57 | team | sess_daa717debedd | INFO | Task spec5_implement completed at 1787493777926
2026-08-23 15:02:57 | team | sess_daa717debedd | INFO | Resolved 1 dependencies for task spec5_implement
2026-08-23 15:02:57 | team | sess_daa717debedd | INFO | Task spec5_implement completed
2026-08-23 15:03:07 | team | sess_daa717debedd | INFO | Message 6f9454f8-7c85-4df6-ba15-6aa1f0acc226 created
2026-08-23 15:05:38 | team | sess_daa717debedd | INFO | [executor1] processing 1 unread messages (steer=True)
2026-08-23 15:05:38 | team | sess_daa717debedd | INFO | Message 15555b0a-5331-4e16-b13b-e3613d4de8b6 marked as read by executor1
2026-08-23 15:09:43 | team | sess_daa717debedd | INFO | task list drained for team jiuwen_team_sess_daa717debedd: 6 terminal task(s)
2026-08-23 15:09:55 | team | sess_daa717debedd | INFO | [executor1] processing 1 unread messages (steer=True)
2026-08-23 15:09:55 | team | sess_daa717debedd | INFO | Message dc9f8646-4639-4b38-91cf-b62184f1a585 marked as read by executor1
2026-08-23 15:10:44 | team | sess_daa717debedd | INFO | team jiuwen_team_sess_daa717debedd reported completed: 9 members, 6 tasks
2026-08-23 15:10:44 | team | sess_daa717debedd | INFO | [executor1] received TEAM_STANDBY, pausing polls
2026-08-23 15:10:44 | team | sess_daa717debedd | INFO | EventBus[teammate] pausing polls
