2026-08-10 09:53:51 | team | sess_0066565a019c | INFO | Team workspace directory ensured at /srv/jwteam_clone/shared/run_current
2026-08-10 09:53:51 | team | sess_0066565a019c | INFO | AgentTeam manager initialized for jiuwen_team_sess_0066565a019c, member=team_leader
2026-08-10 09:53:51 | team | sess_0066565a019c | INFO | [team_leader] TeamPolicyRail static sections: section_names=['team_role', 'team_workflow', 'team_swarmflow', 'team_lifecycle', 'team_persona']
2026-08-10 09:53:51 | team | sess_0066565a019c | INFO | Session tables ready for session sess_0066565a019c
2026-08-10 09:53:51 | team | sess_0066565a019c | INFO | Team database initialized
2026-08-10 09:53:51 | team | default_trace_id | INFO | Team workspace directory ensured at /srv/jwteam_clone/shared/run_current
2026-08-10 09:53:51 | team | default_trace_id | INFO | AgentTeam manager initialized for jiuwen_team_sess_0066565a019c, member=executor3
2026-08-10 09:53:51 | team | default_trace_id | INFO | [executor3] TeamPolicyRail static sections: section_names=['team_role', 'team_persona']
2026-08-10 09:53:51 | team | sess_0066565a019c | INFO | [executor3] invoke start, role=teammate
2026-08-10 09:53:51 | team | sess_0066565a019c | INFO | [executor3] coordination starting
2026-08-10 09:53:51 | team | sess_0066565a019c | INFO | Session tables ready for session sess_0066565a019c
2026-08-10 09:53:51 | team | sess_0066565a019c | INFO | Workspace /srv/jwteam_clone/shared/run_current initialized as plain shared directory (version_control disabled)
2026-08-10 09:53:51 | team | sess_0066565a019c | INFO | EventBus[teammate] starting
2026-08-10 09:54:24 | team | sess_0066565a019c | INFO | [executor3] HITT section refresh: human_agent_names=[]
2026-08-10 09:54:34 | team | sess_0066565a019c | INFO | [executor3] processing 1 unread messages (steer=True)
2026-08-10 09:54:34 | team | sess_0066565a019c | INFO | Message 19a24bb3-3ef9-4f93-8f3b-8cdc97a675b3 marked as read by executor3
2026-08-10 09:54:49 | team | sess_0066565a019c | INFO | Message 8e959a28-6444-4a56-b05e-52aef1969374 created
2026-08-10 09:54:49 | team | sess_0066565a019c | INFO | Message 84734cf4-8614-4357-9950-df411d4d0d99 created
2026-08-10 09:55:00 | team | sess_0066565a019c | INFO | [executor3] processing 1 unread messages (steer=True)
2026-08-10 09:55:00 | team | sess_0066565a019c | INFO | Message 0f3de78d-3396-480e-8bf3-73f4b0a6ea56 marked as read by executor3
2026-08-10 09:55:04 | team | sess_0066565a019c | INFO | Message 64b37112-0666-41d7-bf38-7647eeb74481 created
2026-08-10 09:55:19 | team | sess_0066565a019c | INFO | [executor3] processing 1 unread messages (steer=True)
2026-08-10 09:55:19 | team | sess_0066565a019c | INFO | Message 6d77d521-9766-4e57-bcf4-591727396b93 marked as read by executor3
2026-08-10 09:55:24 | team | sess_0066565a019c | INFO | Message 68fa50f2-931c-4589-849a-1ef6b2f2cedd created
2026-08-10 09:56:22 | team | sess_0066565a019c | INFO | [executor3] processing 1 unread messages (steer=True)
2026-08-10 09:56:22 | team | sess_0066565a019c | INFO | Message 90381cd3-e9ec-4c66-939d-d6d420f4a52b marked as read by executor3
2026-08-10 09:56:29 | team | sess_0066565a019c | INFO | Message 6be36a91-9ab7-4ea8-ab35-ee87f920c185 created
2026-08-10 09:56:42 | team | sess_0066565a019c | INFO | Task implement-imports claimed by member executor3
2026-08-10 09:56:42 | team | sess_0066565a019c | INFO | Task implement-imports claimed by member executor3
2026-08-10 09:56:58 | team | sess_0066565a019c | INFO | [executor3] processing 1 unread messages (steer=True)
2026-08-10 09:56:58 | team | sess_0066565a019c | INFO | Message 42a6754c-30a8-4031-a85a-c376b9959ed2 marked as read by executor3
2026-08-10 09:57:10 | team | sess_0066565a019c | INFO | Task implement-imports completed at 1786352230273
2026-08-10 09:57:10 | team | sess_0066565a019c | INFO | Message b451e9c6-213d-4161-badc-ec6dcb122587 created
2026-08-10 09:57:10 | team | sess_0066565a019c | INFO | Resolved 2 dependencies for task implement-imports
2026-08-10 09:57:10 | team | sess_0066565a019c | INFO | Task verify-versions unblocked (all deps resolved)
2026-08-10 09:57:10 | team | sess_0066565a019c | INFO | Task implement-imports completed
2026-08-10 09:57:10 | team | sess_0066565a019c | INFO | Unblocked 1 tasks
2026-08-10 09:57:21 | team | sess_0066565a019c | INFO | Message d879616d-2104-4edc-876f-9a1610ae8638 created
2026-08-10 09:57:42 | team | sess_0066565a019c | INFO | [executor3] processing 1 unread messages (steer=True)
2026-08-10 09:57:42 | team | sess_0066565a019c | INFO | Message 6cc24200-bb09-4023-930e-c75b417ade89 marked as read by executor3
2026-08-10 09:57:48 | team | sess_0066565a019c | INFO | Message b768b0a7-0680-4a82-88cc-0e2deb022583 created
2026-08-10 09:59:31 | team | sess_0066565a019c | INFO | task list drained for team jiuwen_team_sess_0066565a019c: 6 terminal task(s)
2026-08-10 09:59:45 | team | sess_0066565a019c | INFO | [executor3] processing 1 unread messages (steer=True)
2026-08-10 09:59:45 | team | sess_0066565a019c | INFO | Message 6f141a53-e7c2-45a0-aa84-3246cf30e4da marked as read by executor3
2026-08-10 10:00:03 | team | sess_0066565a019c | INFO | team jiuwen_team_sess_0066565a019c reported completed: 9 members, 6 tasks
2026-08-10 10:00:03 | team | sess_0066565a019c | INFO | [executor3] received TEAM_STANDBY, pausing polls
2026-08-10 10:00:03 | team | sess_0066565a019c | INFO | EventBus[teammate] pausing polls
