2026-08-10 09:53:53 | team | sess_0066565a019c | INFO | Team workspace directory ensured at /srv/jwteam_clone/shared/run_current
2026-08-10 09:53:53 | team | sess_0066565a019c | INFO | AgentTeam manager initialized for jiuwen_team_sess_0066565a019c, member=team_leader
2026-08-10 09:53:53 | team | sess_0066565a019c | INFO | [team_leader] TeamPolicyRail static sections: section_names=['team_role', 'team_workflow', 'team_swarmflow', 'team_lifecycle', 'team_persona']
2026-08-10 09:53:53 | team | sess_0066565a019c | INFO | Session tables ready for session sess_0066565a019c
2026-08-10 09:53:53 | team | sess_0066565a019c | INFO | Team database initialized
2026-08-10 09:53:53 | team | default_trace_id | INFO | Team workspace directory ensured at /srv/jwteam_clone/shared/run_current
2026-08-10 09:53:53 | team | default_trace_id | INFO | AgentTeam manager initialized for jiuwen_team_sess_0066565a019c, member=fullstack1
2026-08-10 09:53:53 | team | default_trace_id | INFO | [fullstack1] TeamPolicyRail static sections: section_names=['team_role', 'team_persona']
2026-08-10 09:53:53 | team | sess_0066565a019c | INFO | [fullstack1] invoke start, role=teammate
2026-08-10 09:53:53 | team | sess_0066565a019c | INFO | [fullstack1] coordination starting
2026-08-10 09:53:53 | team | sess_0066565a019c | INFO | Session tables ready for session sess_0066565a019c
2026-08-10 09:53:53 | team | sess_0066565a019c | INFO | Workspace /srv/jwteam_clone/shared/run_current initialized as plain shared directory (version_control disabled)
2026-08-10 09:53:53 | team | sess_0066565a019c | INFO | EventBus[teammate] starting
2026-08-10 09:54:24 | team | sess_0066565a019c | INFO | [fullstack1] HITT section refresh: human_agent_names=[]
2026-08-10 09:54:34 | team | sess_0066565a019c | INFO | [fullstack1] processing 1 unread messages (steer=True)
2026-08-10 09:54:34 | team | sess_0066565a019c | INFO | Message 19a24bb3-3ef9-4f93-8f3b-8cdc97a675b3 marked as read by fullstack1
2026-08-10 09:55:34 | team | sess_0066565a019c | INFO | Message 038f8c9f-5f1b-4547-92ca-db02353c9e61 created
2026-08-10 09:55:59 | team | sess_0066565a019c | INFO | [fullstack1] processing 1 unread messages (steer=True)
2026-08-10 09:56:00 | team | sess_0066565a019c | INFO | Message 2c876691-4743-466e-ac36-f6aedee0fb2f marked as read by fullstack1
2026-08-10 09:56:05 | team | sess_0066565a019c | INFO | Message e91b7ddd-a281-4601-8cd3-f1a3e1efcf51 created
2026-08-10 09:59:31 | team | sess_0066565a019c | INFO | task list drained for team jiuwen_team_sess_0066565a019c: 6 terminal task(s)
2026-08-10 09:59:45 | team | sess_0066565a019c | INFO | [fullstack1] processing 1 unread messages (steer=True)
2026-08-10 09:59:45 | team | sess_0066565a019c | INFO | Message 6f141a53-e7c2-45a0-aa84-3246cf30e4da marked as read by fullstack1
2026-08-10 10:00:03 | team | sess_0066565a019c | INFO | team jiuwen_team_sess_0066565a019c reported completed: 9 members, 6 tasks
2026-08-10 10:00:03 | team | sess_0066565a019c | INFO | [fullstack1] received TEAM_STANDBY, pausing polls
2026-08-10 10:00:03 | team | sess_0066565a019c | INFO | EventBus[teammate] pausing polls
