2026-08-10 09:53:48 | team | sess_0066565a019c | INFO | Team workspace directory ensured at /srv/jwteam_clone/shared/run_current
2026-08-10 09:53:48 | team | sess_0066565a019c | INFO | AgentTeam manager initialized for jiuwen_team_sess_0066565a019c, member=team_leader
2026-08-10 09:53:48 | team | sess_0066565a019c | INFO | [team_leader] TeamPolicyRail static sections: section_names=['team_role', 'team_workflow', 'team_swarmflow', 'team_lifecycle', 'team_persona']
2026-08-10 09:53:48 | team | sess_0066565a019c | INFO | Session tables ready for session sess_0066565a019c
2026-08-10 09:53:48 | team | sess_0066565a019c | INFO | Team database initialized
2026-08-10 09:53:48 | team | default_trace_id | INFO | Team workspace directory ensured at /srv/jwteam_clone/shared/run_current
2026-08-10 09:53:48 | team | default_trace_id | INFO | AgentTeam manager initialized for jiuwen_team_sess_0066565a019c, member=planner2
2026-08-10 09:53:48 | team | default_trace_id | INFO | [planner2] TeamPolicyRail static sections: section_names=['team_role', 'team_persona']
2026-08-10 09:53:48 | team | sess_0066565a019c | INFO | [planner2] invoke start, role=teammate
2026-08-10 09:53:48 | team | sess_0066565a019c | INFO | [planner2] coordination starting
2026-08-10 09:53:48 | team | sess_0066565a019c | INFO | Session tables ready for session sess_0066565a019c
2026-08-10 09:53:48 | team | sess_0066565a019c | INFO | Workspace /srv/jwteam_clone/shared/run_current initialized as plain shared directory (version_control disabled)
2026-08-10 09:53:48 | team | sess_0066565a019c | INFO | EventBus[teammate] starting
2026-08-10 09:54:24 | team | sess_0066565a019c | INFO | [planner2] HITT section refresh: human_agent_names=[]
2026-08-10 09:54:31 | team | sess_0066565a019c | INFO | Task plan claimed by member planner2
2026-08-10 09:54:31 | team | sess_0066565a019c | INFO | Task plan claimed by member planner2
2026-08-10 09:54:34 | team | sess_0066565a019c | INFO | [planner2] processing 1 unread messages (steer=True)
2026-08-10 09:54:34 | team | sess_0066565a019c | INFO | Message 19a24bb3-3ef9-4f93-8f3b-8cdc97a675b3 marked as read by planner2
2026-08-10 09:54:49 | team | sess_0066565a019c | INFO | [planner2] processing 1 unread messages (steer=True)
2026-08-10 09:54:49 | team | sess_0066565a019c | INFO | Message 8e959a28-6444-4a56-b05e-52aef1969374 marked as read by planner2
2026-08-10 09:55:00 | team | sess_0066565a019c | INFO | Message 0f3de78d-3396-480e-8bf3-73f4b0a6ea56 created
2026-08-10 09:55:04 | team | sess_0066565a019c | INFO | [planner2] processing 1 unread messages (steer=True)
2026-08-10 09:55:04 | team | sess_0066565a019c | INFO | Message 64b37112-0666-41d7-bf38-7647eeb74481 marked as read by planner2
2026-08-10 09:55:19 | team | sess_0066565a019c | INFO | [planner2] processing 1 unread messages (steer=True)
2026-08-10 09:55:19 | team | sess_0066565a019c | INFO | Message b6eead14-64d5-475b-9d3f-47c118460137 marked as read by planner2
2026-08-10 09:55:34 | team | sess_0066565a019c | INFO | [planner2] processing 1 unread messages (steer=True)
2026-08-10 09:55:34 | team | sess_0066565a019c | INFO | Message 038f8c9f-5f1b-4547-92ca-db02353c9e61 marked as read by planner2
2026-08-10 09:55:59 | team | sess_0066565a019c | INFO | Message 2c876691-4743-466e-ac36-f6aedee0fb2f created
2026-08-10 09:55:59 | team | sess_0066565a019c | INFO | Message 0466b381-c8b0-4fdd-98f7-e7f4f1faf8fc created
2026-08-10 09:56:05 | team | sess_0066565a019c | INFO | [planner2] processing 1 unread messages (steer=True)
2026-08-10 09:56:05 | team | sess_0066565a019c | INFO | Message e91b7ddd-a281-4601-8cd3-f1a3e1efcf51 marked as read by planner2
2026-08-10 09:56:08 | team | sess_0066565a019c | INFO | [planner2] processing 1 unread messages (steer=True)
2026-08-10 09:56:08 | team | sess_0066565a019c | INFO | Message d971b497-b5e1-47c0-83d1-798cc9c30cb7 marked as read by planner2
2026-08-10 09:56:08 | team | sess_0066565a019c | INFO | [planner2] processing 1 unread messages (steer=True)
2026-08-10 09:56:08 | team | sess_0066565a019c | INFO | Message a56d8c6f-5e05-4113-9c04-ee4483b85378 marked as read by planner2
2026-08-10 09:56:16 | team | sess_0066565a019c | INFO | [planner2] processing 1 unread messages (steer=True)
2026-08-10 09:56:16 | team | sess_0066565a019c | INFO | Message bc0ff50a-711a-4b80-8ba8-c5fdec404fc4 marked as read by planner2
2026-08-10 09:56:22 | team | sess_0066565a019c | INFO | Message 5839e6a0-5354-47e7-908c-c185a890b2bf created
2026-08-10 09:56:22 | team | sess_0066565a019c | INFO | Message 90381cd3-e9ec-4c66-939d-d6d420f4a52b created
2026-08-10 09:56:29 | team | sess_0066565a019c | INFO | [planner2] processing 1 unread messages (steer=True)
2026-08-10 09:56:29 | team | sess_0066565a019c | INFO | Message 6be36a91-9ab7-4ea8-ab35-ee87f920c185 marked as read by planner2
2026-08-10 09:56:32 | team | sess_0066565a019c | INFO | Task plan completed at 1786352192179
2026-08-10 09:56:32 | team | sess_0066565a019c | INFO | Message 5dde57b5-e77b-495f-bd0c-a528610cea60 created
2026-08-10 09:56:32 | team | sess_0066565a019c | INFO | Message b4d11cfb-65ba-4d9a-bc8d-046f6ba6fad0 created
2026-08-10 09:56:32 | team | sess_0066565a019c | INFO | Resolved 2 dependencies for task plan
2026-08-10 09:56:32 | team | sess_0066565a019c | INFO | Task implement-imports unblocked (all deps resolved)
2026-08-10 09:56:32 | team | sess_0066565a019c | INFO | Task implement-version unblocked (all deps resolved)
2026-08-10 09:56:32 | team | sess_0066565a019c | INFO | Task plan completed
2026-08-10 09:56:32 | team | sess_0066565a019c | INFO | Unblocked 2 tasks
2026-08-10 09:56:49 | team | sess_0066565a019c | INFO | [planner2] processing 1 unread messages (steer=True)
2026-08-10 09:56:49 | team | sess_0066565a019c | INFO | Message 6c6da46f-8f2e-4916-b98a-05dd0dedb384 marked as read by planner2
2026-08-10 09:59:31 | team | sess_0066565a019c | INFO | task list drained for team jiuwen_team_sess_0066565a019c: 6 terminal task(s)
2026-08-10 09:59:45 | team | sess_0066565a019c | INFO | [planner2] processing 1 unread messages (steer=True)
2026-08-10 09:59:45 | team | sess_0066565a019c | INFO | Message 6f141a53-e7c2-45a0-aa84-3246cf30e4da marked as read by planner2
2026-08-10 10:00:03 | team | sess_0066565a019c | INFO | team jiuwen_team_sess_0066565a019c reported completed: 9 members, 6 tasks
2026-08-10 10:00:03 | team | sess_0066565a019c | INFO | [planner2] received TEAM_STANDBY, pausing polls
2026-08-10 10:00:03 | team | sess_0066565a019c | INFO | EventBus[teammate] pausing polls
