2026-08-10 09:53:47 | team | sess_0066565a019c | INFO | Team workspace directory ensured at /srv/jwteam_clone/shared/run_current
2026-08-10 09:53:47 | team | sess_0066565a019c | INFO | AgentTeam manager initialized for jiuwen_team_sess_0066565a019c, member=team_leader
2026-08-10 09:53:47 | team | sess_0066565a019c | INFO | [team_leader] TeamPolicyRail static sections: section_names=['team_role', 'team_workflow', 'team_swarmflow', 'team_lifecycle', 'team_persona']
2026-08-10 09:53:47 | team | sess_0066565a019c | INFO | Session tables ready for session sess_0066565a019c
2026-08-10 09:53:47 | team | sess_0066565a019c | INFO | Team database initialized
2026-08-10 09:53:47 | team | default_trace_id | INFO | Team workspace directory ensured at /srv/jwteam_clone/shared/run_current
2026-08-10 09:53:47 | team | default_trace_id | INFO | AgentTeam manager initialized for jiuwen_team_sess_0066565a019c, member=planner1
2026-08-10 09:53:47 | team | default_trace_id | INFO | [planner1] TeamPolicyRail static sections: section_names=['team_role', 'team_persona']
2026-08-10 09:53:48 | team | sess_0066565a019c | INFO | [planner1] invoke start, role=teammate
2026-08-10 09:53:48 | team | sess_0066565a019c | INFO | [planner1] coordination starting
2026-08-10 09:53:48 | team | sess_0066565a019c | INFO | Session tables ready for session sess_0066565a019c
2026-08-10 09:53:48 | team | sess_0066565a019c | INFO | Workspace /srv/jwteam_clone/shared/run_current initialized as plain shared directory (version_control disabled)
2026-08-10 09:53:48 | team | sess_0066565a019c | INFO | EventBus[teammate] starting
2026-08-10 09:54:24 | team | sess_0066565a019c | INFO | [planner1] HITT section refresh: human_agent_names=[]
2026-08-10 09:54:34 | team | sess_0066565a019c | INFO | [planner1] processing 1 unread messages (steer=True)
2026-08-10 09:54:34 | team | sess_0066565a019c | INFO | Message 19a24bb3-3ef9-4f93-8f3b-8cdc97a675b3 marked as read by planner1
2026-08-10 09:54:49 | team | sess_0066565a019c | INFO | [planner1] processing 1 unread messages (steer=True)
2026-08-10 09:54:49 | team | sess_0066565a019c | INFO | Message 84734cf4-8614-4357-9950-df411d4d0d99 marked as read by planner1
2026-08-10 09:55:19 | team | sess_0066565a019c | INFO | Message 6d77d521-9766-4e57-bcf4-591727396b93 created
2026-08-10 09:55:19 | team | sess_0066565a019c | INFO | Message b6eead14-64d5-475b-9d3f-47c118460137 created
2026-08-10 09:55:24 | team | sess_0066565a019c | INFO | [planner1] processing 1 unread messages (steer=True)
2026-08-10 09:55:24 | team | sess_0066565a019c | INFO | Message 68fa50f2-931c-4589-849a-1ef6b2f2cedd marked as read by planner1
2026-08-10 09:55:57 | team | sess_0066565a019c | INFO | Message 0abce184-b641-4764-954f-af604e7cafc7 created
2026-08-10 09:55:59 | team | sess_0066565a019c | INFO | [planner1] processing 1 unread messages (steer=True)
2026-08-10 09:55:59 | team | sess_0066565a019c | INFO | Message 0466b381-c8b0-4fdd-98f7-e7f4f1faf8fc marked as read by planner1
2026-08-10 09:56:08 | team | sess_0066565a019c | INFO | [planner1] processing 1 unread messages (steer=True)
2026-08-10 09:56:08 | team | sess_0066565a019c | INFO | Message a56d8c6f-5e05-4113-9c04-ee4483b85378 created
2026-08-10 09:56:08 | team | sess_0066565a019c | INFO | Message 89b5b8bf-f0ed-4290-80b5-ebf06dde4a7e marked as read by planner1
2026-08-10 09:56:16 | team | sess_0066565a019c | INFO | Message bc0ff50a-711a-4b80-8ba8-c5fdec404fc4 created
2026-08-10 09:56:16 | team | sess_0066565a019c | INFO | Message 8ff24710-31f7-42e4-bd23-2738d965c615 created
2026-08-10 09:56:32 | team | sess_0066565a019c | INFO | [planner1] processing 1 unread messages (steer=True)
2026-08-10 09:56:32 | team | sess_0066565a019c | INFO | Message b4d11cfb-65ba-4d9a-bc8d-046f6ba6fad0 marked as read by planner1
2026-08-10 09:56:49 | team | sess_0066565a019c | INFO | Message 6c6da46f-8f2e-4916-b98a-05dd0dedb384 created
2026-08-10 09:56:58 | team | sess_0066565a019c | INFO | Message 5922f743-69d6-4a2c-b5a5-ee2df3de249b created
2026-08-10 09:56:58 | team | sess_0066565a019c | INFO | Message 42a6754c-30a8-4031-a85a-c376b9959ed2 created
2026-08-10 09:57:06 | team | sess_0066565a019c | INFO | [planner1] processing 1 unread messages (steer=True)
2026-08-10 09:57:06 | team | sess_0066565a019c | INFO | Message af78db4e-f342-4ef5-babf-467d6bf02afc marked as read by planner1
2026-08-10 09:57:14 | team | sess_0066565a019c | INFO | Message 74e789b8-52c1-480b-a8a1-97c436f078bd created
2026-08-10 09:57:21 | team | sess_0066565a019c | INFO | [planner1] processing 1 unread messages (steer=True)
2026-08-10 09:57:21 | team | sess_0066565a019c | INFO | Message d879616d-2104-4edc-876f-9a1610ae8638 marked as read by planner1
2026-08-10 09:57:42 | team | sess_0066565a019c | INFO | Message 6cc24200-bb09-4023-930e-c75b417ade89 created
2026-08-10 09:57:48 | team | sess_0066565a019c | INFO | [planner1] processing 1 unread messages (steer=True)
2026-08-10 09:57:48 | team | sess_0066565a019c | INFO | Message b768b0a7-0680-4a82-88cc-0e2deb022583 marked as read by planner1
2026-08-10 09:59:31 | team | sess_0066565a019c | INFO | task list drained for team jiuwen_team_sess_0066565a019c: 6 terminal task(s)
2026-08-10 09:59:45 | team | sess_0066565a019c | INFO | [planner1] processing 1 unread messages (steer=True)
2026-08-10 09:59:45 | team | sess_0066565a019c | INFO | Message 6f141a53-e7c2-45a0-aa84-3246cf30e4da marked as read by planner1
2026-08-10 10:00:03 | team | sess_0066565a019c | INFO | team jiuwen_team_sess_0066565a019c reported completed: 9 members, 6 tasks
2026-08-10 10:00:03 | team | sess_0066565a019c | INFO | [planner1] received TEAM_STANDBY, pausing polls
2026-08-10 10:00:03 | team | sess_0066565a019c | INFO | EventBus[teammate] pausing polls
