2026-08-10 09:53:52 | team | sess_0066565a019c | INFO | Team workspace directory ensured at /srv/jwteam_clone/shared/run_current
2026-08-10 09:53:52 | team | sess_0066565a019c | INFO | AgentTeam manager initialized for jiuwen_team_sess_0066565a019c, member=team_leader
2026-08-10 09:53:52 | team | sess_0066565a019c | INFO | [team_leader] TeamPolicyRail static sections: section_names=['team_role', 'team_workflow', 'team_swarmflow', 'team_lifecycle', 'team_persona']
2026-08-10 09:53:52 | team | sess_0066565a019c | INFO | Session tables ready for session sess_0066565a019c
2026-08-10 09:53:52 | team | sess_0066565a019c | INFO | Team database initialized
2026-08-10 09:53:52 | team | default_trace_id | INFO | Team workspace directory ensured at /srv/jwteam_clone/shared/run_current
2026-08-10 09:53:52 | team | default_trace_id | INFO | AgentTeam manager initialized for jiuwen_team_sess_0066565a019c, member=verifier1
2026-08-10 09:53:52 | team | default_trace_id | INFO | [verifier1] TeamPolicyRail static sections: section_names=['team_role', 'team_persona']
2026-08-10 09:53:52 | team | sess_0066565a019c | INFO | [verifier1] invoke start, role=teammate
2026-08-10 09:53:52 | team | sess_0066565a019c | INFO | [verifier1] coordination starting
2026-08-10 09:53:52 | team | sess_0066565a019c | INFO | Session tables ready for session sess_0066565a019c
2026-08-10 09:53:52 | team | sess_0066565a019c | INFO | Workspace /srv/jwteam_clone/shared/run_current initialized as plain shared directory (version_control disabled)
2026-08-10 09:53:52 | team | sess_0066565a019c | INFO | EventBus[teammate] starting
2026-08-10 09:54:23 | team | sess_0066565a019c | INFO | [verifier1] HITT section refresh: human_agent_names=[]
2026-08-10 09:54:34 | team | sess_0066565a019c | INFO | [verifier1] processing 1 unread messages (steer=True)
2026-08-10 09:54:34 | team | sess_0066565a019c | INFO | Message 19a24bb3-3ef9-4f93-8f3b-8cdc97a675b3 marked as read by verifier1
2026-08-10 09:55:07 | team | sess_0066565a019c | INFO | Message 0dcbcf0d-5b2d-48a9-aab8-95aa6430f003 created
2026-08-10 09:55:29 | team | sess_0066565a019c | INFO | [verifier1] processing 1 unread messages (steer=True)
2026-08-10 09:55:29 | team | sess_0066565a019c | INFO | Message b7c64430-a874-4874-9c53-1f9097dfc36f marked as read by verifier1
2026-08-10 09:55:35 | team | sess_0066565a019c | INFO | Message 82aa9b2e-ba0d-47d6-9de4-890b6624bb09 created
2026-08-10 09:57:16 | team | sess_0066565a019c | INFO | Task verify-versions claimed by member verifier1
2026-08-10 09:57:16 | team | sess_0066565a019c | INFO | Task verify-versions claimed by member verifier1
2026-08-10 09:57:53 | team | sess_0066565a019c | INFO | Message e34af4db-0c0d-4687-a9a0-a293b75274e2 created
2026-08-10 09:57:57 | team | sess_0066565a019c | INFO | Task verify-versions completed at 1786352277453
2026-08-10 09:57:57 | team | sess_0066565a019c | INFO | Resolved 1 dependencies for task verify-versions
2026-08-10 09:57:57 | team | sess_0066565a019c | INFO | Task verify-imports unblocked (all deps resolved)
2026-08-10 09:57:57 | team | sess_0066565a019c | INFO | Task verify-versions completed
2026-08-10 09:57:57 | team | sess_0066565a019c | INFO | Unblocked 1 tasks
2026-08-10 09:58:02 | team | sess_0066565a019c | INFO | Message 86551de8-b852-451e-bfce-46db6988e802 created
2026-08-10 09:59:31 | team | sess_0066565a019c | INFO | task list drained for team jiuwen_team_sess_0066565a019c: 6 terminal task(s)
2026-08-10 09:59:45 | team | sess_0066565a019c | INFO | [verifier1] processing 1 unread messages (steer=True)
2026-08-10 09:59:45 | team | sess_0066565a019c | INFO | Message 6f141a53-e7c2-45a0-aa84-3246cf30e4da marked as read by verifier1
2026-08-10 10:00:03 | team | sess_0066565a019c | INFO | team jiuwen_team_sess_0066565a019c reported completed: 9 members, 6 tasks
2026-08-10 10:00:03 | team | sess_0066565a019c | INFO | [verifier1] received TEAM_STANDBY, pausing polls
2026-08-10 10:00:03 | team | sess_0066565a019c | INFO | EventBus[teammate] pausing polls
