2026-08-10 09:53:49 | team | sess_0066565a019c | INFO | Team workspace directory ensured at /srv/jwteam_clone/shared/run_current
2026-08-10 09:53:49 | team | sess_0066565a019c | INFO | AgentTeam manager initialized for jiuwen_team_sess_0066565a019c, member=team_leader
2026-08-10 09:53:49 | team | sess_0066565a019c | INFO | [team_leader] TeamPolicyRail static sections: section_names=['team_role', 'team_workflow', 'team_swarmflow', 'team_lifecycle', 'team_persona']
2026-08-10 09:53:49 | team | sess_0066565a019c | INFO | Session tables ready for session sess_0066565a019c
2026-08-10 09:53:49 | team | sess_0066565a019c | INFO | Team database initialized
2026-08-10 09:53:49 | team | default_trace_id | INFO | Team workspace directory ensured at /srv/jwteam_clone/shared/run_current
2026-08-10 09:53:49 | team | default_trace_id | INFO | AgentTeam manager initialized for jiuwen_team_sess_0066565a019c, member=executor1
2026-08-10 09:53:49 | team | default_trace_id | INFO | [executor1] TeamPolicyRail static sections: section_names=['team_role', 'team_persona']
2026-08-10 09:53:49 | team | sess_0066565a019c | INFO | [executor1] invoke start, role=teammate
2026-08-10 09:53:49 | team | sess_0066565a019c | INFO | [executor1] coordination starting
2026-08-10 09:53:49 | team | sess_0066565a019c | INFO | Session tables ready for session sess_0066565a019c
2026-08-10 09:53:49 | team | sess_0066565a019c | INFO | Workspace /srv/jwteam_clone/shared/run_current initialized as plain shared directory (version_control disabled)
2026-08-10 09:53:49 | team | sess_0066565a019c | INFO | EventBus[teammate] starting
2026-08-10 09:54:24 | team | sess_0066565a019c | INFO | [executor1] HITT section refresh: human_agent_names=[]
2026-08-10 09:54:34 | team | sess_0066565a019c | INFO | [executor1] processing 1 unread messages (steer=True)
2026-08-10 09:54:34 | team | sess_0066565a019c | INFO | Message 19a24bb3-3ef9-4f93-8f3b-8cdc97a675b3 marked as read by executor1
2026-08-10 09:55:37 | team | sess_0066565a019c | INFO | [executor1] processing 1 unread messages (steer=True)
2026-08-10 09:55:37 | team | sess_0066565a019c | INFO | Message 173cb866-41cf-49a7-b575-3dd1dcebe692 marked as read by executor1
2026-08-10 09:55:49 | team | sess_0066565a019c | INFO | Message db04345f-0c2e-41c4-8146-a5bad9a53a9b created
2026-08-10 09:56:22 | team | sess_0066565a019c | INFO | [executor1] processing 1 unread messages (steer=True)
2026-08-10 09:56:22 | team | sess_0066565a019c | INFO | Message 5839e6a0-5354-47e7-908c-c185a890b2bf marked as read by executor1
2026-08-10 09:56:41 | team | sess_0066565a019c | INFO | Task implement-version claimed by member executor1
2026-08-10 09:56:41 | team | sess_0066565a019c | INFO | Task implement-version claimed by member executor1
2026-08-10 09:56:55 | team | sess_0066565a019c | INFO | Task implement-version completed at 1786352215617
2026-08-10 09:56:55 | team | sess_0066565a019c | INFO | Message 9253922a-54da-402b-bbe4-e39746946510 created
2026-08-10 09:56:55 | team | sess_0066565a019c | INFO | Resolved 2 dependencies for task implement-version
2026-08-10 09:56:55 | team | sess_0066565a019c | INFO | Task implement-version completed
2026-08-10 09:56:58 | team | sess_0066565a019c | INFO | [executor1] processing 1 unread messages (steer=True)
2026-08-10 09:56:58 | team | sess_0066565a019c | INFO | Message 5922f743-69d6-4a2c-b5a5-ee2df3de249b marked as read by executor1
2026-08-10 09:57:06 | team | sess_0066565a019c | INFO | Message af78db4e-f342-4ef5-babf-467d6bf02afc created
2026-08-10 09:57:14 | team | sess_0066565a019c | INFO | [executor1] processing 1 unread messages (steer=True)
2026-08-10 09:57:14 | team | sess_0066565a019c | INFO | Message 74e789b8-52c1-480b-a8a1-97c436f078bd marked as read by executor1
2026-08-10 09:59:31 | team | sess_0066565a019c | INFO | task list drained for team jiuwen_team_sess_0066565a019c: 6 terminal task(s)
2026-08-10 09:59:45 | team | sess_0066565a019c | INFO | [executor1] processing 1 unread messages (steer=True)
2026-08-10 09:59:45 | team | sess_0066565a019c | INFO | Message 6f141a53-e7c2-45a0-aa84-3246cf30e4da marked as read by executor1
2026-08-10 10:00:03 | team | sess_0066565a019c | INFO | team jiuwen_team_sess_0066565a019c reported completed: 9 members, 6 tasks
2026-08-10 10:00:03 | team | sess_0066565a019c | INFO | [executor1] received TEAM_STANDBY, pausing polls
2026-08-10 10:00:03 | team | sess_0066565a019c | INFO | EventBus[teammate] pausing polls
