2026-08-10 09:53:52 | team | sess_0066565a019c | INFO | Team workspace directory ensured at /srv/jwteam_clone/shared/run_current
2026-08-10 09:53:52 | team | sess_0066565a019c | INFO | AgentTeam manager initialized for jiuwen_team_sess_0066565a019c, member=team_leader
2026-08-10 09:53:52 | team | sess_0066565a019c | INFO | [team_leader] TeamPolicyRail static sections: section_names=['team_role', 'team_workflow', 'team_swarmflow', 'team_lifecycle', 'team_persona']
2026-08-10 09:53:52 | team | sess_0066565a019c | INFO | Session tables ready for session sess_0066565a019c
2026-08-10 09:53:52 | team | sess_0066565a019c | INFO | Team database initialized
2026-08-10 09:53:52 | team | default_trace_id | INFO | Team workspace directory ensured at /srv/jwteam_clone/shared/run_current
2026-08-10 09:53:52 | team | default_trace_id | INFO | AgentTeam manager initialized for jiuwen_team_sess_0066565a019c, member=verifier2
2026-08-10 09:53:52 | team | default_trace_id | INFO | [verifier2] TeamPolicyRail static sections: section_names=['team_role', 'team_persona']
2026-08-10 09:53:53 | team | sess_0066565a019c | INFO | [verifier2] invoke start, role=teammate
2026-08-10 09:53:53 | team | sess_0066565a019c | INFO | [verifier2] coordination starting
2026-08-10 09:53:53 | team | sess_0066565a019c | INFO | Session tables ready for session sess_0066565a019c
2026-08-10 09:53:53 | team | sess_0066565a019c | INFO | Workspace /srv/jwteam_clone/shared/run_current initialized as plain shared directory (version_control disabled)
2026-08-10 09:53:53 | team | sess_0066565a019c | INFO | EventBus[teammate] starting
2026-08-10 09:54:24 | team | sess_0066565a019c | INFO | [verifier2] HITT section refresh: human_agent_names=[]
2026-08-10 09:54:34 | team | sess_0066565a019c | INFO | [verifier2] processing 1 unread messages (steer=True)
2026-08-10 09:54:34 | team | sess_0066565a019c | INFO | Message 19a24bb3-3ef9-4f93-8f3b-8cdc97a675b3 marked as read by verifier2
2026-08-10 09:55:39 | team | sess_0066565a019c | INFO | Message 53518dc1-9dd4-40e0-a3c7-b045ba1fcbd7 created
2026-08-10 09:55:49 | team | sess_0066565a019c | INFO | [verifier2] processing 1 unread messages (steer=True)
2026-08-10 09:55:49 | team | sess_0066565a019c | INFO | Message 46c85793-2262-4e4a-ba6d-6f6187b99502 marked as read by verifier2
2026-08-10 09:56:55 | team | sess_0066565a019c | INFO | [verifier2] processing 1 unread messages (steer=True)
2026-08-10 09:56:55 | team | sess_0066565a019c | INFO | Message 9253922a-54da-402b-bbe4-e39746946510 marked as read by verifier2
2026-08-10 09:57:10 | team | sess_0066565a019c | INFO | [verifier2] processing 1 unread messages (steer=True)
2026-08-10 09:57:10 | team | sess_0066565a019c | INFO | Message b451e9c6-213d-4161-badc-ec6dcb122587 marked as read by verifier2
2026-08-10 09:57:53 | team | sess_0066565a019c | INFO | [verifier2] processing 1 unread messages (steer=True)
2026-08-10 09:57:53 | team | sess_0066565a019c | INFO | Message e34af4db-0c0d-4687-a9a0-a293b75274e2 marked as read by verifier2
2026-08-10 09:57:59 | team | sess_0066565a019c | INFO | Task verify-imports claimed by member verifier2
2026-08-10 09:57:59 | team | sess_0066565a019c | INFO | Task verify-imports claimed by member verifier2
2026-08-10 09:59:31 | team | sess_0066565a019c | INFO | Task verify-imports completed at 1786352371186
2026-08-10 09:59:31 | team | sess_0066565a019c | INFO | Task verify-imports completed
2026-08-10 09:59:39 | team | sess_0066565a019c | INFO | Message b46da65e-8be3-457e-a8bc-73b354807b9e created
2026-08-10 09:59:45 | team | sess_0066565a019c | INFO | [verifier2] processing 1 unread messages (steer=True)
2026-08-10 09:59:45 | team | sess_0066565a019c | INFO | Message 6f141a53-e7c2-45a0-aa84-3246cf30e4da marked as read by verifier2
2026-08-10 10:00:03 | team | sess_0066565a019c | INFO | team jiuwen_team_sess_0066565a019c reported completed: 9 members, 6 tasks
2026-08-10 10:00:03 | team | sess_0066565a019c | INFO | [verifier2] received TEAM_STANDBY, pausing polls
2026-08-10 10:00:03 | team | sess_0066565a019c | INFO | EventBus[teammate] pausing polls
