2026-08-08 03:05:29 | team | sess_4bb5219e9e3a | INFO | Team workspace directory ensured at /srv/jwteam_clone/shared/run_current
2026-08-08 03:05:29 | team | sess_4bb5219e9e3a | INFO | AgentTeam manager initialized for jiuwen_team_sess_4bb5219e9e3a, member=team_leader
2026-08-08 03:05:29 | team | sess_4bb5219e9e3a | INFO | [team_leader] TeamPolicyRail static sections: section_names=['team_role', 'team_workflow', 'team_swarmflow', 'team_lifecycle', 'team_persona']
2026-08-08 03:05:29 | team | sess_4bb5219e9e3a | INFO | Session tables ready for session sess_4bb5219e9e3a
2026-08-08 03:05:29 | team | sess_4bb5219e9e3a | INFO | Team database initialized
2026-08-08 03:05:29 | team | default_trace_id | INFO | Team workspace directory ensured at /srv/jwteam_clone/shared/run_current
2026-08-08 03:05:29 | team | default_trace_id | INFO | AgentTeam manager initialized for jiuwen_team_sess_4bb5219e9e3a, member=fullstack1
2026-08-08 03:05:29 | team | default_trace_id | INFO | [fullstack1] TeamPolicyRail static sections: section_names=['team_role', 'team_persona']
2026-08-08 03:05:29 | team | sess_4bb5219e9e3a | INFO | [fullstack1] invoke start, role=teammate
2026-08-08 03:05:29 | team | sess_4bb5219e9e3a | INFO | [fullstack1] coordination starting
2026-08-08 03:05:29 | team | sess_4bb5219e9e3a | INFO | Session tables ready for session sess_4bb5219e9e3a
2026-08-08 03:05:29 | team | sess_4bb5219e9e3a | INFO | Workspace /srv/jwteam_clone/shared/run_current initialized as plain shared directory (version_control disabled)
2026-08-08 03:05:29 | team | sess_4bb5219e9e3a | INFO | EventBus[teammate] starting
2026-08-08 03:06:33 | team | sess_4bb5219e9e3a | INFO | [fullstack1] HITT section refresh: human_agent_names=[]
2026-08-08 03:07:26 | team | sess_4bb5219e9e3a | INFO | [fullstack1] processing 1 unread messages (steer=True)
2026-08-08 03:07:27 | team | sess_4bb5219e9e3a | INFO | Message 55e3418f-600a-4937-b02e-12599526b0dc marked as read by fullstack1
2026-08-08 03:13:39 | team | sess_4bb5219e9e3a | INFO | task list drained for team jiuwen_team_sess_4bb5219e9e3a: 5 terminal task(s)
2026-08-08 03:13:57 | team | sess_4bb5219e9e3a | INFO | [fullstack1] processing 1 unread messages (steer=True)
2026-08-08 03:13:57 | team | sess_4bb5219e9e3a | INFO | Message c43981c6-70b8-4104-8e61-681245b56ccc marked as read by fullstack1
2026-08-08 03:14:15 | team | sess_4bb5219e9e3a | INFO | team jiuwen_team_sess_4bb5219e9e3a reported completed: 9 members, 5 tasks
2026-08-08 03:14:15 | team | sess_4bb5219e9e3a | INFO | [fullstack1] received TEAM_STANDBY, pausing polls
2026-08-08 03:14:15 | team | sess_4bb5219e9e3a | INFO | EventBus[teammate] pausing polls
