2026-08-08 03:05:25 | team | sess_4bb5219e9e3a | INFO | Team workspace directory ensured at /srv/jwteam_clone/shared/run_current
2026-08-08 03:05:25 | team | sess_4bb5219e9e3a | INFO | AgentTeam manager initialized for jiuwen_team_sess_4bb5219e9e3a, member=team_leader
2026-08-08 03:05:25 | team | sess_4bb5219e9e3a | INFO | [team_leader] TeamPolicyRail static sections: section_names=['team_role', 'team_workflow', 'team_swarmflow', 'team_lifecycle', 'team_persona']
2026-08-08 03:05:25 | team | sess_4bb5219e9e3a | INFO | Session tables ready for session sess_4bb5219e9e3a
2026-08-08 03:05:25 | team | sess_4bb5219e9e3a | INFO | Team database initialized
2026-08-08 03:05:25 | team | default_trace_id | INFO | Team workspace directory ensured at /srv/jwteam_clone/shared/run_current
2026-08-08 03:05:25 | team | default_trace_id | INFO | AgentTeam manager initialized for jiuwen_team_sess_4bb5219e9e3a, member=executor1
2026-08-08 03:05:25 | team | default_trace_id | INFO | [executor1] TeamPolicyRail static sections: section_names=['team_role', 'team_persona']
2026-08-08 03:05:25 | team | sess_4bb5219e9e3a | INFO | [executor1] invoke start, role=teammate
2026-08-08 03:05:25 | team | sess_4bb5219e9e3a | INFO | [executor1] coordination starting
2026-08-08 03:05:25 | team | sess_4bb5219e9e3a | INFO | Session tables ready for session sess_4bb5219e9e3a
2026-08-08 03:05:25 | team | sess_4bb5219e9e3a | INFO | Workspace /srv/jwteam_clone/shared/run_current initialized as plain shared directory (version_control disabled)
2026-08-08 03:05:25 | team | sess_4bb5219e9e3a | INFO | EventBus[teammate] starting
2026-08-08 03:06:33 | team | sess_4bb5219e9e3a | INFO | [executor1] HITT section refresh: human_agent_names=[]
2026-08-08 03:07:26 | team | sess_4bb5219e9e3a | INFO | [executor1] processing 1 unread messages (steer=True)
2026-08-08 03:07:27 | team | sess_4bb5219e9e3a | INFO | Message 55e3418f-600a-4937-b02e-12599526b0dc marked as read by executor1
2026-08-08 03:08:20 | team | sess_4bb5219e9e3a | INFO | [executor1] processing 1 unread messages (steer=True)
2026-08-08 03:08:20 | team | sess_4bb5219e9e3a | INFO | Message a6c5dddd-5d88-4455-a0ca-a2f747add49f marked as read by executor1
2026-08-08 03:08:52 | team | sess_4bb5219e9e3a | INFO | Task impl-queue claimed by member executor1
2026-08-08 03:08:52 | team | sess_4bb5219e9e3a | INFO | Task impl-queue claimed by member executor1
2026-08-08 03:08:54 | team | sess_4bb5219e9e3a | INFO | [executor1] processing 1 unread messages (steer=True)
2026-08-08 03:08:54 | team | sess_4bb5219e9e3a | INFO | Message 04ecde49-153c-420b-bace-aa03355e8407 marked as read by executor1
2026-08-08 03:10:06 | team | sess_4bb5219e9e3a | INFO | Task impl-queue completed at 1786155006245
2026-08-08 03:10:06 | team | sess_4bb5219e9e3a | INFO | Resolved 2 dependencies for task impl-queue
2026-08-08 03:10:06 | team | sess_4bb5219e9e3a | INFO | Task verify-1 unblocked (all deps resolved)
2026-08-08 03:10:06 | team | sess_4bb5219e9e3a | INFO | Task verify-2 unblocked (all deps resolved)
2026-08-08 03:10:06 | team | sess_4bb5219e9e3a | INFO | Task impl-queue completed
2026-08-08 03:10:06 | team | sess_4bb5219e9e3a | INFO | Unblocked 2 tasks
2026-08-08 03:10:13 | team | sess_4bb5219e9e3a | INFO | Message b7361604-d59c-49f1-96a9-898caf5f9cb7 created
2026-08-08 03:10:13 | team | sess_4bb5219e9e3a | INFO | Message 3fa5ce71-cc6e-4ae5-bcb0-c92507bf2ca8 created
2026-08-08 03:13:39 | team | sess_4bb5219e9e3a | INFO | task list drained for team jiuwen_team_sess_4bb5219e9e3a: 5 terminal task(s)
2026-08-08 03:13:57 | team | sess_4bb5219e9e3a | INFO | [executor1] processing 1 unread messages (steer=True)
2026-08-08 03:13:57 | team | sess_4bb5219e9e3a | INFO | Message c43981c6-70b8-4104-8e61-681245b56ccc marked as read by executor1
2026-08-08 03:14:15 | team | sess_4bb5219e9e3a | INFO | team jiuwen_team_sess_4bb5219e9e3a reported completed: 9 members, 5 tasks
2026-08-08 03:14:15 | team | sess_4bb5219e9e3a | INFO | [executor1] received TEAM_STANDBY, pausing polls
2026-08-08 03:14:15 | team | sess_4bb5219e9e3a | INFO | EventBus[teammate] pausing polls
