2026-08-08 03:05:26 | team | sess_4bb5219e9e3a | INFO | Team workspace directory ensured at /srv/jwteam_clone/shared/run_current
2026-08-08 03:05:26 | team | sess_4bb5219e9e3a | INFO | AgentTeam manager initialized for jiuwen_team_sess_4bb5219e9e3a, member=team_leader
2026-08-08 03:05:26 | team | sess_4bb5219e9e3a | INFO | [team_leader] TeamPolicyRail static sections: section_names=['team_role', 'team_workflow', 'team_swarmflow', 'team_lifecycle', 'team_persona']
2026-08-08 03:05:26 | team | sess_4bb5219e9e3a | INFO | Session tables ready for session sess_4bb5219e9e3a
2026-08-08 03:05:26 | team | sess_4bb5219e9e3a | INFO | Team database initialized
2026-08-08 03:05:26 | team | default_trace_id | INFO | Team workspace directory ensured at /srv/jwteam_clone/shared/run_current
2026-08-08 03:05:26 | team | default_trace_id | INFO | AgentTeam manager initialized for jiuwen_team_sess_4bb5219e9e3a, member=executor2
2026-08-08 03:05:26 | team | default_trace_id | INFO | [executor2] TeamPolicyRail static sections: section_names=['team_role', 'team_persona']
2026-08-08 03:05:26 | team | sess_4bb5219e9e3a | INFO | [executor2] invoke start, role=teammate
2026-08-08 03:05:26 | team | sess_4bb5219e9e3a | INFO | [executor2] coordination starting
2026-08-08 03:05:26 | team | sess_4bb5219e9e3a | INFO | Session tables ready for session sess_4bb5219e9e3a
2026-08-08 03:05:26 | team | sess_4bb5219e9e3a | INFO | Workspace /srv/jwteam_clone/shared/run_current initialized as plain shared directory (version_control disabled)
2026-08-08 03:05:26 | team | sess_4bb5219e9e3a | INFO | EventBus[teammate] starting
2026-08-08 03:06:33 | team | sess_4bb5219e9e3a | INFO | [executor2] HITT section refresh: human_agent_names=[]
2026-08-08 03:07:27 | team | sess_4bb5219e9e3a | INFO | [executor2] processing 1 unread messages (steer=True)
2026-08-08 03:07:27 | team | sess_4bb5219e9e3a | INFO | Message 55e3418f-600a-4937-b02e-12599526b0dc marked as read by executor2
2026-08-08 03:08:20 | team | sess_4bb5219e9e3a | INFO | [executor2] processing 1 unread messages (steer=True)
2026-08-08 03:08:20 | team | sess_4bb5219e9e3a | INFO | Message 3a96f28b-998d-4734-9952-fa7a02045db4 marked as read by executor2
2026-08-08 03:08:43 | team | sess_4bb5219e9e3a | INFO | Message 67ab87d7-8cde-4c99-902a-30fb0ca7a03b created
2026-08-08 03:08:53 | team | sess_4bb5219e9e3a | INFO | [executor2] received TASK_CLAIMED for self, task_id=impl-priority, human_agent=False
2026-08-08 03:08:54 | team | sess_4bb5219e9e3a | INFO | [executor2] processing 1 unread messages (steer=True)
2026-08-08 03:08:54 | team | sess_4bb5219e9e3a | INFO | Message 32767452-71cb-485b-a643-d27ef88ec933 marked as read by executor2
2026-08-08 03:09:05 | team | sess_4bb5219e9e3a | INFO | Task impl-priority completed at 1786154945587
2026-08-08 03:09:05 | team | sess_4bb5219e9e3a | INFO | Resolved 2 dependencies for task impl-priority
2026-08-08 03:09:05 | team | sess_4bb5219e9e3a | INFO | Task impl-priority completed
2026-08-08 03:09:15 | team | sess_4bb5219e9e3a | INFO | Message 2a3520a7-8b55-43d3-8460-1060b397d8f9 created
2026-08-08 03:09:15 | team | sess_4bb5219e9e3a | INFO | Message d97ea0b6-6dea-45be-a0e2-ce302c8ffb81 created
2026-08-08 03:09:21 | team | sess_4bb5219e9e3a | INFO | Message 84727a88-cf77-433a-8490-3324f213842f created
2026-08-08 03:09:21 | team | sess_4bb5219e9e3a | INFO | [executor2] processing 1 unread messages (steer=True)
2026-08-08 03:09:21 | team | sess_4bb5219e9e3a | INFO | Message 3dec815d-da21-4245-b265-9c4b0531521c marked as read by executor2
2026-08-08 03:09:21 | team | sess_4bb5219e9e3a | INFO | [executor2] processing 1 unread messages (steer=True)
2026-08-08 03:09:21 | team | sess_4bb5219e9e3a | INFO | Message 505c9416-9cbb-4ad8-988a-dd70bcf3bb75 marked as read by executor2
2026-08-08 03:13:39 | team | sess_4bb5219e9e3a | INFO | task list drained for team jiuwen_team_sess_4bb5219e9e3a: 5 terminal task(s)
2026-08-08 03:13:57 | team | sess_4bb5219e9e3a | INFO | [executor2] processing 1 unread messages (steer=True)
2026-08-08 03:13:57 | team | sess_4bb5219e9e3a | INFO | Message c43981c6-70b8-4104-8e61-681245b56ccc marked as read by executor2
2026-08-08 03:14:15 | team | sess_4bb5219e9e3a | INFO | team jiuwen_team_sess_4bb5219e9e3a reported completed: 9 members, 5 tasks
2026-08-08 03:14:15 | team | sess_4bb5219e9e3a | INFO | [executor2] received TEAM_STANDBY, pausing polls
2026-08-08 03:14:15 | team | sess_4bb5219e9e3a | INFO | EventBus[teammate] pausing polls
