2026-08-08 03:05:24 | team | sess_4bb5219e9e3a | INFO | Team workspace directory ensured at /srv/jwteam_clone/shared/run_current
2026-08-08 03:05:24 | team | sess_4bb5219e9e3a | INFO | AgentTeam manager initialized for jiuwen_team_sess_4bb5219e9e3a, member=team_leader
2026-08-08 03:05:24 | team | sess_4bb5219e9e3a | INFO | [team_leader] TeamPolicyRail static sections: section_names=['team_role', 'team_workflow', 'team_swarmflow', 'team_lifecycle', 'team_persona']
2026-08-08 03:05:24 | team | sess_4bb5219e9e3a | INFO | Session tables ready for session sess_4bb5219e9e3a
2026-08-08 03:05:24 | team | sess_4bb5219e9e3a | INFO | Team database initialized
2026-08-08 03:05:24 | team | default_trace_id | INFO | Team workspace directory ensured at /srv/jwteam_clone/shared/run_current
2026-08-08 03:05:24 | team | default_trace_id | INFO | AgentTeam manager initialized for jiuwen_team_sess_4bb5219e9e3a, member=planner2
2026-08-08 03:05:24 | team | default_trace_id | INFO | [planner2] TeamPolicyRail static sections: section_names=['team_role', 'team_persona']
2026-08-08 03:05:24 | team | sess_4bb5219e9e3a | INFO | [planner2] invoke start, role=teammate
2026-08-08 03:05:24 | team | sess_4bb5219e9e3a | INFO | [planner2] coordination starting
2026-08-08 03:05:24 | team | sess_4bb5219e9e3a | INFO | Session tables ready for session sess_4bb5219e9e3a
2026-08-08 03:05:24 | team | sess_4bb5219e9e3a | INFO | Workspace /srv/jwteam_clone/shared/run_current initialized as plain shared directory (version_control disabled)
2026-08-08 03:05:24 | team | sess_4bb5219e9e3a | INFO | EventBus[teammate] starting
2026-08-08 03:06:33 | team | sess_4bb5219e9e3a | INFO | [planner2] HITT section refresh: human_agent_names=[]
2026-08-08 03:06:39 | team | sess_4bb5219e9e3a | INFO | Task plan claimed by member planner2
2026-08-08 03:06:39 | team | sess_4bb5219e9e3a | INFO | Task plan claimed by member planner2
2026-08-08 03:06:40 | team | sess_4bb5219e9e3a | INFO | [planner2] processing 1 unread messages (steer=True)
2026-08-08 03:06:40 | team | sess_4bb5219e9e3a | INFO | Message 2ec2fb9a-b299-49ad-8198-db499033a961 marked as read by planner2
2026-08-08 03:07:05 | team | sess_4bb5219e9e3a | INFO | Task plan claimed by member planner2
2026-08-08 03:07:05 | team | sess_4bb5219e9e3a | INFO | Task plan claimed by member planner2
2026-08-08 03:07:15 | team | sess_4bb5219e9e3a | INFO | [planner2] processing 1 unread messages (steer=True)
2026-08-08 03:07:15 | team | sess_4bb5219e9e3a | INFO | Message f9c33756-7480-4662-9d5a-dbc4c83aa7a4 marked as read by planner2
2026-08-08 03:07:26 | team | sess_4bb5219e9e3a | INFO | [planner2] processing 1 unread messages (steer=True)
2026-08-08 03:07:27 | team | sess_4bb5219e9e3a | INFO | Message 55e3418f-600a-4937-b02e-12599526b0dc marked as read by planner2
2026-08-08 03:08:54 | team | sess_4bb5219e9e3a | INFO | Message 04ecde49-153c-420b-bace-aa03355e8407 created
2026-08-08 03:08:54 | team | sess_4bb5219e9e3a | INFO | Message 32767452-71cb-485b-a643-d27ef88ec933 created
2026-08-08 03:09:05 | team | sess_4bb5219e9e3a | INFO | Message cd71826f-7bee-4c4d-92a6-092bac16bb3f created
2026-08-08 03:13:39 | team | sess_4bb5219e9e3a | INFO | task list drained for team jiuwen_team_sess_4bb5219e9e3a: 5 terminal task(s)
2026-08-08 03:13:57 | team | sess_4bb5219e9e3a | INFO | [planner2] processing 1 unread messages (steer=True)
2026-08-08 03:13:57 | team | sess_4bb5219e9e3a | INFO | Message c43981c6-70b8-4104-8e61-681245b56ccc marked as read by planner2
2026-08-08 03:14:15 | team | sess_4bb5219e9e3a | INFO | team jiuwen_team_sess_4bb5219e9e3a reported completed: 9 members, 5 tasks
2026-08-08 03:14:15 | team | sess_4bb5219e9e3a | INFO | [planner2] received TEAM_STANDBY, pausing polls
2026-08-08 03:14:15 | team | sess_4bb5219e9e3a | INFO | EventBus[teammate] pausing polls
