2026-08-08 03:05:28 | team | sess_4bb5219e9e3a | INFO | Team workspace directory ensured at /srv/jwteam_clone/shared/run_current
2026-08-08 03:05:28 | team | sess_4bb5219e9e3a | INFO | AgentTeam manager initialized for jiuwen_team_sess_4bb5219e9e3a, member=team_leader
2026-08-08 03:05:28 | team | sess_4bb5219e9e3a | INFO | [team_leader] TeamPolicyRail static sections: section_names=['team_role', 'team_workflow', 'team_swarmflow', 'team_lifecycle', 'team_persona']
2026-08-08 03:05:28 | team | sess_4bb5219e9e3a | INFO | Session tables ready for session sess_4bb5219e9e3a
2026-08-08 03:05:28 | team | sess_4bb5219e9e3a | INFO | Team database initialized
2026-08-08 03:05:28 | team | default_trace_id | INFO | Team workspace directory ensured at /srv/jwteam_clone/shared/run_current
2026-08-08 03:05:28 | team | default_trace_id | INFO | AgentTeam manager initialized for jiuwen_team_sess_4bb5219e9e3a, member=verifier2
2026-08-08 03:05:28 | team | default_trace_id | INFO | [verifier2] TeamPolicyRail static sections: section_names=['team_role', 'team_persona']
2026-08-08 03:05:28 | team | sess_4bb5219e9e3a | INFO | [verifier2] invoke start, role=teammate
2026-08-08 03:05:28 | team | sess_4bb5219e9e3a | INFO | [verifier2] coordination starting
2026-08-08 03:05:28 | team | sess_4bb5219e9e3a | INFO | Session tables ready for session sess_4bb5219e9e3a
2026-08-08 03:05:28 | team | sess_4bb5219e9e3a | INFO | Workspace /srv/jwteam_clone/shared/run_current initialized as plain shared directory (version_control disabled)
2026-08-08 03:05:28 | team | sess_4bb5219e9e3a | INFO | EventBus[teammate] starting
2026-08-08 03:06:33 | team | sess_4bb5219e9e3a | INFO | [verifier2] HITT section refresh: human_agent_names=[]
2026-08-08 03:07:26 | team | sess_4bb5219e9e3a | INFO | [verifier2] processing 1 unread messages (steer=True)
2026-08-08 03:07:27 | team | sess_4bb5219e9e3a | INFO | Message 55e3418f-600a-4937-b02e-12599526b0dc marked as read by verifier2
2026-08-08 03:09:15 | team | sess_4bb5219e9e3a | INFO | [verifier2] processing 1 unread messages (steer=True)
2026-08-08 03:09:15 | team | sess_4bb5219e9e3a | INFO | Message d97ea0b6-6dea-45be-a0e2-ce302c8ffb81 marked as read by verifier2
2026-08-08 03:09:21 | team | sess_4bb5219e9e3a | INFO | Message 3dec815d-da21-4245-b265-9c4b0531521c created
2026-08-08 03:10:11 | team | sess_4bb5219e9e3a | INFO | Task verify-2 claimed by member verifier2
2026-08-08 03:10:11 | team | sess_4bb5219e9e3a | INFO | Task verify-2 claimed by member verifier2
2026-08-08 03:10:13 | team | sess_4bb5219e9e3a | INFO | [verifier2] processing 1 unread messages (steer=True)
2026-08-08 03:10:13 | team | sess_4bb5219e9e3a | INFO | Message 3fa5ce71-cc6e-4ae5-bcb0-c92507bf2ca8 marked as read by verifier2
2026-08-08 03:11:41 | team | sess_4bb5219e9e3a | INFO | Task verify-2 completed at 1786155101830
2026-08-08 03:11:41 | team | sess_4bb5219e9e3a | INFO | Message c2c5f745-e71a-458a-ac09-945cbdb392f0 created
2026-08-08 03:11:41 | team | sess_4bb5219e9e3a | INFO | Task verify-2 completed
2026-08-08 03:13:39 | team | sess_4bb5219e9e3a | INFO | task list drained for team jiuwen_team_sess_4bb5219e9e3a: 5 terminal task(s)
2026-08-08 03:13:57 | team | sess_4bb5219e9e3a | INFO | [verifier2] processing 1 unread messages (steer=True)
2026-08-08 03:13:57 | team | sess_4bb5219e9e3a | INFO | Message c43981c6-70b8-4104-8e61-681245b56ccc marked as read by verifier2
2026-08-08 03:14:15 | team | sess_4bb5219e9e3a | INFO | team jiuwen_team_sess_4bb5219e9e3a reported completed: 9 members, 5 tasks
2026-08-08 03:14:15 | team | sess_4bb5219e9e3a | INFO | [verifier2] received TEAM_STANDBY, pausing polls
2026-08-08 03:14:15 | team | sess_4bb5219e9e3a | INFO | EventBus[teammate] pausing polls
