2026-08-08 23:18:12 | team | sess_96eaa116d28d | INFO | Team workspace directory ensured at /srv/jwteam_clone/shared/run_current
2026-08-08 23:18:12 | team | sess_96eaa116d28d | INFO | AgentTeam manager initialized for jiuwen_team_sess_96eaa116d28d, member=team_leader
2026-08-08 23:18:12 | team | sess_96eaa116d28d | INFO | [team_leader] TeamPolicyRail static sections: section_names=['team_role', 'team_workflow', 'team_swarmflow', 'team_lifecycle', 'team_persona']
2026-08-08 23:18:12 | team | sess_96eaa116d28d | INFO | Session tables ready for session sess_96eaa116d28d
2026-08-08 23:18:12 | team | sess_96eaa116d28d | INFO | Team database initialized
2026-08-08 23:18:12 | team | default_trace_id | INFO | Team workspace directory ensured at /srv/jwteam_clone/shared/run_current
2026-08-08 23:18:12 | team | default_trace_id | INFO | AgentTeam manager initialized for jiuwen_team_sess_96eaa116d28d, member=verifier2
2026-08-08 23:18:12 | team | default_trace_id | INFO | [verifier2] TeamPolicyRail static sections: section_names=['team_role', 'team_persona']
2026-08-08 23:18:12 | team | sess_96eaa116d28d | INFO | [verifier2] invoke start, role=teammate
2026-08-08 23:18:12 | team | sess_96eaa116d28d | INFO | [verifier2] coordination starting
2026-08-08 23:18:12 | team | sess_96eaa116d28d | INFO | Session tables ready for session sess_96eaa116d28d
2026-08-08 23:18:12 | team | sess_96eaa116d28d | INFO | Workspace /srv/jwteam_clone/shared/run_current initialized as plain shared directory (version_control disabled)
2026-08-08 23:18:12 | team | sess_96eaa116d28d | INFO | EventBus[teammate] starting
2026-08-08 23:18:25 | team | sess_96eaa116d28d | INFO | [verifier2] HITT section refresh: human_agent_names=[]
2026-08-08 23:18:35 | team | sess_96eaa116d28d | INFO | [verifier2] processing 1 unread messages (steer=True)
2026-08-08 23:18:35 | team | sess_96eaa116d28d | INFO | Message 9cb6d2cf-5356-4b5a-99ad-c8c41ee6110a marked as read by verifier2
2026-08-08 23:20:19 | team | sess_96eaa116d28d | INFO | Task verify claimed by member verifier2
2026-08-08 23:20:19 | team | sess_96eaa116d28d | INFO | Task verify claimed by member verifier2
2026-08-08 23:20:20 | team | sess_96eaa116d28d | INFO | [verifier2] processing 1 unread messages (steer=True)
2026-08-08 23:20:20 | team | sess_96eaa116d28d | INFO | Message 3ecbc4fd-76d9-45c4-81e5-caf2a371775d marked as read by verifier2
2026-08-08 23:20:29 | team | sess_96eaa116d28d | INFO | [verifier2] processing 1 unread messages (steer=True)
2026-08-08 23:20:29 | team | sess_96eaa116d28d | INFO | Message c93e6b19-74af-4195-9bf3-a97a8890efa0 marked as read by verifier2
2026-08-08 23:20:39 | team | sess_96eaa116d28d | INFO | Task verify claimed by member verifier2
2026-08-08 23:20:39 | team | sess_96eaa116d28d | INFO | Task verify claimed by member verifier2
2026-08-08 23:21:33 | team | sess_96eaa116d28d | INFO | Message edb0b846-0f4a-49fe-8de0-d9d245361349 created
2026-08-08 23:21:44 | team | sess_96eaa116d28d | INFO | [verifier2] processing 1 unread messages (steer=True)
2026-08-08 23:21:44 | team | sess_96eaa116d28d | INFO | Message 30be7e52-da9b-48f0-b31f-4c8f0727a8be marked as read by verifier2
2026-08-08 23:21:48 | team | sess_96eaa116d28d | INFO | Task verify completed at 1786227708470
2026-08-08 23:21:48 | team | sess_96eaa116d28d | INFO | Task verify completed
2026-08-08 23:21:51 | team | sess_96eaa116d28d | INFO | Message e179e5c9-6dd3-4b6f-82b9-0297bba611ef created
2026-08-08 23:21:55 | team | sess_96eaa116d28d | INFO | [verifier2] processing 1 unread messages (steer=True)
2026-08-08 23:21:55 | team | sess_96eaa116d28d | INFO | Message 1dcce394-4492-4dad-9a27-db11210f680f marked as read by verifier2
2026-08-08 23:22:02 | team | sess_96eaa116d28d | INFO | team jiuwen_team_sess_96eaa116d28d reported completed: 9 members, 3 tasks
2026-08-08 23:22:02 | team | sess_96eaa116d28d | INFO | [verifier2] received TEAM_STANDBY, pausing polls
2026-08-08 23:22:02 | team | sess_96eaa116d28d | INFO | EventBus[teammate] pausing polls
