2026-08-08 23:18:06 | team | sess_96eaa116d28d | INFO | Team workspace directory ensured at /srv/jwteam_clone/shared/run_current
2026-08-08 23:18:06 | team | sess_96eaa116d28d | INFO | AgentTeam manager initialized for jiuwen_team_sess_96eaa116d28d, member=team_leader
2026-08-08 23:18:06 | team | sess_96eaa116d28d | INFO | [team_leader] TeamPolicyRail static sections: section_names=['team_role', 'team_workflow', 'team_swarmflow', 'team_lifecycle', 'team_persona']
2026-08-08 23:18:06 | team | sess_96eaa116d28d | INFO | Session tables ready for session sess_96eaa116d28d
2026-08-08 23:18:06 | team | sess_96eaa116d28d | INFO | Team database initialized
2026-08-08 23:18:06 | team | default_trace_id | INFO | Team workspace directory ensured at /srv/jwteam_clone/shared/run_current
2026-08-08 23:18:06 | team | default_trace_id | INFO | AgentTeam manager initialized for jiuwen_team_sess_96eaa116d28d, member=planner1
2026-08-08 23:18:06 | team | default_trace_id | INFO | [planner1] TeamPolicyRail static sections: section_names=['team_role', 'team_persona']
2026-08-08 23:18:06 | team | sess_96eaa116d28d | INFO | [planner1] invoke start, role=teammate
2026-08-08 23:18:06 | team | sess_96eaa116d28d | INFO | [planner1] coordination starting
2026-08-08 23:18:06 | team | sess_96eaa116d28d | INFO | Session tables ready for session sess_96eaa116d28d
2026-08-08 23:18:06 | team | sess_96eaa116d28d | INFO | Workspace /srv/jwteam_clone/shared/run_current initialized as plain shared directory (version_control disabled)
2026-08-08 23:18:06 | team | sess_96eaa116d28d | INFO | EventBus[teammate] starting
2026-08-08 23:18:25 | team | sess_96eaa116d28d | INFO | [planner1] HITT section refresh: human_agent_names=[]
2026-08-08 23:18:31 | team | sess_96eaa116d28d | INFO | Task plan claimed by member planner1
2026-08-08 23:18:31 | team | sess_96eaa116d28d | INFO | Task plan claimed by member planner1
2026-08-08 23:18:35 | team | sess_96eaa116d28d | INFO | [planner1] processing 1 unread messages (steer=True)
2026-08-08 23:18:35 | team | sess_96eaa116d28d | INFO | Message 9cb6d2cf-5356-4b5a-99ad-c8c41ee6110a marked as read by planner1
2026-08-08 23:18:59 | team | sess_96eaa116d28d | INFO | Message ed690421-3438-4c3f-b934-81b9d0aafe46 created
2026-08-08 23:19:04 | team | sess_96eaa116d28d | INFO | Message 51b2f727-cfd3-42dd-8755-df3925e330a7 created
2026-08-08 23:19:09 | team | sess_96eaa116d28d | INFO | [planner1] processing 1 unread messages (steer=True)
2026-08-08 23:19:09 | team | sess_96eaa116d28d | INFO | Message b2e0dc32-ed29-415e-ba37-2d8d9777bedd marked as read by planner1
2026-08-08 23:19:16 | team | sess_96eaa116d28d | INFO | [planner1] processing 1 unread messages (steer=True)
2026-08-08 23:19:16 | team | sess_96eaa116d28d | INFO | Message 5a8a567b-9457-4407-98b4-959b08def686 marked as read by planner1
2026-08-08 23:19:51 | team | sess_96eaa116d28d | INFO | Message 0114a12b-e84d-469f-9e12-a460354be502 created
2026-08-08 23:19:54 | team | sess_96eaa116d28d | INFO | Task plan completed at 1786227594533
2026-08-08 23:19:54 | team | sess_96eaa116d28d | INFO | Resolved 1 dependencies for task plan
2026-08-08 23:19:54 | team | sess_96eaa116d28d | INFO | Task implement unblocked (all deps resolved)
2026-08-08 23:19:54 | team | sess_96eaa116d28d | INFO | Task plan completed
2026-08-08 23:19:54 | team | sess_96eaa116d28d | INFO | Unblocked 1 tasks
2026-08-08 23:19:59 | team | sess_96eaa116d28d | INFO | Message c3f321f3-4ac6-484c-bab9-15e7a648c1d0 created
2026-08-08 23:20:08 | team | sess_96eaa116d28d | INFO | [planner1] processing 1 unread messages (steer=True)
2026-08-08 23:20:08 | team | sess_96eaa116d28d | INFO | Message 33d23ec6-64b3-4e20-a25f-b767339a51e0 marked as read by planner1
2026-08-08 23:21:48 | team | sess_96eaa116d28d | INFO | task list drained for team jiuwen_team_sess_96eaa116d28d: 3 terminal task(s)
2026-08-08 23:21:55 | team | sess_96eaa116d28d | INFO | [planner1] processing 1 unread messages (steer=True)
2026-08-08 23:21:55 | team | sess_96eaa116d28d | INFO | Message 1dcce394-4492-4dad-9a27-db11210f680f marked as read by planner1
2026-08-08 23:22:02 | team | sess_96eaa116d28d | INFO | team jiuwen_team_sess_96eaa116d28d reported completed: 9 members, 3 tasks
2026-08-08 23:22:02 | team | sess_96eaa116d28d | INFO | [planner1] received TEAM_STANDBY, pausing polls
2026-08-08 23:22:02 | team | sess_96eaa116d28d | INFO | EventBus[teammate] pausing polls
