2026-08-08 23:18:10 | team | sess_96eaa116d28d | INFO | Team workspace directory ensured at /srv/jwteam_clone/shared/run_current
2026-08-08 23:18:10 | team | sess_96eaa116d28d | INFO | AgentTeam manager initialized for jiuwen_team_sess_96eaa116d28d, member=team_leader
2026-08-08 23:18:10 | team | sess_96eaa116d28d | INFO | [team_leader] TeamPolicyRail static sections: section_names=['team_role', 'team_workflow', 'team_swarmflow', 'team_lifecycle', 'team_persona']
2026-08-08 23:18:10 | team | sess_96eaa116d28d | INFO | Session tables ready for session sess_96eaa116d28d
2026-08-08 23:18:10 | team | sess_96eaa116d28d | INFO | Team database initialized
2026-08-08 23:18:10 | team | default_trace_id | INFO | Team workspace directory ensured at /srv/jwteam_clone/shared/run_current
2026-08-08 23:18:10 | team | default_trace_id | INFO | AgentTeam manager initialized for jiuwen_team_sess_96eaa116d28d, member=executor3
2026-08-08 23:18:10 | team | default_trace_id | INFO | [executor3] TeamPolicyRail static sections: section_names=['team_role', 'team_persona']
2026-08-08 23:18:10 | team | sess_96eaa116d28d | INFO | [executor3] invoke start, role=teammate
2026-08-08 23:18:10 | team | sess_96eaa116d28d | INFO | [executor3] coordination starting
2026-08-08 23:18:10 | team | sess_96eaa116d28d | INFO | Session tables ready for session sess_96eaa116d28d
2026-08-08 23:18:10 | team | sess_96eaa116d28d | INFO | Workspace /srv/jwteam_clone/shared/run_current initialized as plain shared directory (version_control disabled)
2026-08-08 23:18:10 | team | sess_96eaa116d28d | INFO | EventBus[teammate] starting
2026-08-08 23:18:25 | team | sess_96eaa116d28d | INFO | [executor3] HITT section refresh: human_agent_names=[]
2026-08-08 23:18:35 | team | sess_96eaa116d28d | INFO | [executor3] processing 1 unread messages (steer=True)
2026-08-08 23:18:35 | team | sess_96eaa116d28d | INFO | Message 9cb6d2cf-5356-4b5a-99ad-c8c41ee6110a marked as read by executor3
2026-08-08 23:21:48 | team | sess_96eaa116d28d | INFO | task list drained for team jiuwen_team_sess_96eaa116d28d: 3 terminal task(s)
2026-08-08 23:21:55 | team | sess_96eaa116d28d | INFO | [executor3] processing 1 unread messages (steer=True)
2026-08-08 23:21:55 | team | sess_96eaa116d28d | INFO | Message 1dcce394-4492-4dad-9a27-db11210f680f marked as read by executor3
2026-08-08 23:22:02 | team | sess_96eaa116d28d | INFO | team jiuwen_team_sess_96eaa116d28d reported completed: 9 members, 3 tasks
2026-08-08 23:22:02 | team | sess_96eaa116d28d | INFO | [executor3] received TEAM_STANDBY, pausing polls
2026-08-08 23:22:02 | team | sess_96eaa116d28d | INFO | EventBus[teammate] pausing polls
