2026-08-09 05:33:55 | team | sess_492de7e9a81f | INFO | Team workspace directory ensured at /srv/jwteam_clone/shared/run_current
2026-08-09 05:33:55 | team | sess_492de7e9a81f | INFO | AgentTeam manager initialized for jiuwen_team_sess_492de7e9a81f, member=team_leader
2026-08-09 05:33:55 | team | sess_492de7e9a81f | INFO | [team_leader] TeamPolicyRail static sections: section_names=['team_role', 'team_workflow', 'team_swarmflow', 'team_lifecycle', 'team_persona']
2026-08-09 05:33:55 | team | sess_492de7e9a81f | INFO | Session tables ready for session sess_492de7e9a81f
2026-08-09 05:33:55 | team | sess_492de7e9a81f | INFO | Team database initialized
2026-08-09 05:33:55 | team | default_trace_id | INFO | Team workspace directory ensured at /srv/jwteam_clone/shared/run_current
2026-08-09 05:33:55 | team | default_trace_id | INFO | AgentTeam manager initialized for jiuwen_team_sess_492de7e9a81f, member=planner1
2026-08-09 05:33:55 | team | default_trace_id | INFO | [planner1] TeamPolicyRail static sections: section_names=['team_role', 'team_persona']
2026-08-09 05:33:55 | team | sess_492de7e9a81f | INFO | [planner1] invoke start, role=teammate
2026-08-09 05:33:55 | team | sess_492de7e9a81f | INFO | [planner1] coordination starting
2026-08-09 05:33:55 | team | sess_492de7e9a81f | INFO | Session tables ready for session sess_492de7e9a81f
2026-08-09 05:33:55 | team | sess_492de7e9a81f | INFO | Workspace /srv/jwteam_clone/shared/run_current initialized as plain shared directory (version_control disabled)
2026-08-09 05:33:55 | team | sess_492de7e9a81f | INFO | EventBus[teammate] starting
2026-08-09 05:34:26 | team | sess_492de7e9a81f | INFO | [planner1] HITT section refresh: human_agent_names=[]
2026-08-09 05:34:43 | team | sess_492de7e9a81f | INFO | [planner1] processing 1 unread messages (steer=True)
2026-08-09 05:34:43 | team | sess_492de7e9a81f | INFO | Message 62b965bb-715b-4ebf-88a9-fcc8526642ae marked as read by planner1
2026-08-09 05:35:13 | team | sess_492de7e9a81f | INFO | Message b3d71ddb-6f0b-4fa9-8c00-0298f9ddf248 created
2026-08-09 05:35:56 | team | sess_492de7e9a81f | INFO | [planner1] processing 1 unread messages (steer=True)
2026-08-09 05:35:56 | team | sess_492de7e9a81f | INFO | Message b9fd7aa3-e350-4e0a-9eac-22364a353eb0 marked as read by planner1
2026-08-09 05:36:08 | team | sess_492de7e9a81f | INFO | Message b4bed828-34fc-4218-9b12-838534c283c2 created
2026-08-09 05:38:12 | team | sess_492de7e9a81f | INFO | Message f4d9c3b8-bc6d-49ad-8baf-4f66558acab3 created
2026-08-09 05:38:48 | team | sess_492de7e9a81f | INFO | [planner1] processing 1 unread messages (steer=True)
2026-08-09 05:38:48 | team | sess_492de7e9a81f | INFO | Message 2bc649c8-bf0d-4db9-9fa1-b632a8958f9b marked as read by planner1
