2026-08-09 05:33:55 | team | sess_492de7e9a81f | INFO | Team workspace directory ensured at /srv/jwteam_clone/shared/run_current
2026-08-09 05:33:55 | team | sess_492de7e9a81f | INFO | AgentTeam manager initialized for jiuwen_team_sess_492de7e9a81f, member=team_leader
2026-08-09 05:33:55 | team | sess_492de7e9a81f | INFO | [team_leader] TeamPolicyRail static sections: section_names=['team_role', 'team_workflow', 'team_swarmflow', 'team_lifecycle', 'team_persona']
2026-08-09 05:33:56 | team | sess_492de7e9a81f | INFO | Session tables ready for session sess_492de7e9a81f
2026-08-09 05:33:56 | team | sess_492de7e9a81f | INFO | Team database initialized
2026-08-09 05:33:56 | team | default_trace_id | INFO | Team workspace directory ensured at /srv/jwteam_clone/shared/run_current
2026-08-09 05:33:56 | team | default_trace_id | INFO | AgentTeam manager initialized for jiuwen_team_sess_492de7e9a81f, member=planner2
2026-08-09 05:33:56 | team | default_trace_id | INFO | [planner2] TeamPolicyRail static sections: section_names=['team_role', 'team_persona']
2026-08-09 05:33:56 | team | sess_492de7e9a81f | INFO | [planner2] invoke start, role=teammate
2026-08-09 05:33:56 | team | sess_492de7e9a81f | INFO | [planner2] coordination starting
2026-08-09 05:33:56 | team | sess_492de7e9a81f | INFO | Session tables ready for session sess_492de7e9a81f
2026-08-09 05:33:56 | team | sess_492de7e9a81f | INFO | Workspace /srv/jwteam_clone/shared/run_current initialized as plain shared directory (version_control disabled)
2026-08-09 05:33:56 | team | sess_492de7e9a81f | INFO | EventBus[teammate] starting
2026-08-09 05:34:26 | team | sess_492de7e9a81f | INFO | [planner2] HITT section refresh: human_agent_names=[]
2026-08-09 05:34:43 | team | sess_492de7e9a81f | INFO | [planner2] processing 1 unread messages (steer=True)
2026-08-09 05:34:43 | team | sess_492de7e9a81f | INFO | Message 62b965bb-715b-4ebf-88a9-fcc8526642ae marked as read by planner2
2026-08-09 05:34:46 | team | sess_492de7e9a81f | INFO | Task plan claimed by member planner2
2026-08-09 05:34:46 | team | sess_492de7e9a81f | INFO | Task plan claimed by member planner2
2026-08-09 05:36:06 | team | sess_492de7e9a81f | INFO | [planner2] processing 1 unread messages (steer=True)
2026-08-09 05:36:06 | team | sess_492de7e9a81f | INFO | Message e58f9cd0-e0a7-40db-9594-194166d5985f marked as read by planner2
2026-08-09 05:36:08 | team | sess_492de7e9a81f | INFO | [planner2] processing 1 unread messages (steer=True)
2026-08-09 05:36:08 | team | sess_492de7e9a81f | INFO | Message b4bed828-34fc-4218-9b12-838534c283c2 marked as read by planner2
2026-08-09 05:36:54 | team | sess_492de7e9a81f | INFO | Message c78bf706-15dd-448e-acbf-d38ce67aa1b7 created
2026-08-09 05:37:17 | team | sess_492de7e9a81f | INFO | [planner2] processing 1 unread messages (steer=True)
2026-08-09 05:37:17 | team | sess_492de7e9a81f | INFO | Message 8ad67316-6c56-435c-b58d-3e8b720a276c marked as read by planner2
2026-08-09 05:37:28 | team | sess_492de7e9a81f | INFO | Message 3cdc22cd-6e23-4ca9-99f9-5c867981b4ce created
2026-08-09 05:37:38 | team | sess_492de7e9a81f | INFO | Task plan completed at 1786250258675
2026-08-09 05:37:38 | team | sess_492de7e9a81f | INFO | Message f69d41dc-6d6e-4e4e-bf3c-bb439b7af675 created
2026-08-09 05:37:38 | team | sess_492de7e9a81f | INFO | Resolved 1 dependencies for task plan
2026-08-09 05:37:38 | team | sess_492de7e9a81f | INFO | Task implement unblocked (all deps resolved)
2026-08-09 05:37:38 | team | sess_492de7e9a81f | INFO | Task plan completed
2026-08-09 05:37:38 | team | sess_492de7e9a81f | INFO | Unblocked 1 tasks
2026-08-09 05:37:59 | team | sess_492de7e9a81f | INFO | [planner2] processing 1 unread messages (steer=True)
2026-08-09 05:37:59 | team | sess_492de7e9a81f | INFO | Message 7cf635d0-9e30-4526-85c2-e63767e6a42e marked as read by planner2
