2026-08-09 05:34:01 | team | sess_492de7e9a81f | INFO | Team workspace directory ensured at /srv/jwteam_clone/shared/run_current
2026-08-09 05:34:01 | team | sess_492de7e9a81f | INFO | AgentTeam manager initialized for jiuwen_team_sess_492de7e9a81f, member=team_leader
2026-08-09 05:34:01 | team | sess_492de7e9a81f | INFO | [team_leader] TeamPolicyRail static sections: section_names=['team_role', 'team_workflow', 'team_swarmflow', 'team_lifecycle', 'team_persona']
2026-08-09 05:34:01 | team | sess_492de7e9a81f | INFO | Session tables ready for session sess_492de7e9a81f
2026-08-09 05:34:01 | team | sess_492de7e9a81f | INFO | Team database initialized
2026-08-09 05:34:01 | team | default_trace_id | INFO | Team workspace directory ensured at /srv/jwteam_clone/shared/run_current
2026-08-09 05:34:01 | team | default_trace_id | INFO | AgentTeam manager initialized for jiuwen_team_sess_492de7e9a81f, member=verifier2
2026-08-09 05:34:01 | team | default_trace_id | INFO | [verifier2] TeamPolicyRail static sections: section_names=['team_role', 'team_persona']
2026-08-09 05:34:01 | team | sess_492de7e9a81f | INFO | [verifier2] invoke start, role=teammate
2026-08-09 05:34:01 | team | sess_492de7e9a81f | INFO | [verifier2] coordination starting
2026-08-09 05:34:01 | team | sess_492de7e9a81f | INFO | Session tables ready for session sess_492de7e9a81f
2026-08-09 05:34:01 | team | sess_492de7e9a81f | INFO | Workspace /srv/jwteam_clone/shared/run_current initialized as plain shared directory (version_control disabled)
2026-08-09 05:34:01 | team | sess_492de7e9a81f | INFO | EventBus[teammate] starting
2026-08-09 05:34:25 | team | sess_492de7e9a81f | INFO | [verifier2] HITT section refresh: human_agent_names=[]
2026-08-09 05:34:43 | team | sess_492de7e9a81f | INFO | [verifier2] processing 1 unread messages (steer=True)
2026-08-09 05:34:43 | team | sess_492de7e9a81f | INFO | Message 62b965bb-715b-4ebf-88a9-fcc8526642ae marked as read by verifier2
2026-08-09 05:42:14 | team | sess_492de7e9a81f | INFO | Task verify claimed by member verifier2
2026-08-09 05:42:14 | team | sess_492de7e9a81f | INFO | Task verify claimed by member verifier2
2026-08-09 05:42:28 | team | sess_492de7e9a81f | INFO | [verifier2] processing 1 unread messages (steer=True)
2026-08-09 05:42:28 | team | sess_492de7e9a81f | INFO | Message f187b35a-39e4-4349-8235-3925a3cf0a3f marked as read by verifier2
