2026-08-09 05:33:57 | team | sess_492de7e9a81f | INFO | Team workspace directory ensured at /srv/jwteam_clone/shared/run_current
2026-08-09 05:33:57 | team | sess_492de7e9a81f | INFO | AgentTeam manager initialized for jiuwen_team_sess_492de7e9a81f, member=team_leader
2026-08-09 05:33:57 | team | sess_492de7e9a81f | INFO | [team_leader] TeamPolicyRail static sections: section_names=['team_role', 'team_workflow', 'team_swarmflow', 'team_lifecycle', 'team_persona']
2026-08-09 05:33:57 | team | sess_492de7e9a81f | INFO | Session tables ready for session sess_492de7e9a81f
2026-08-09 05:33:57 | team | sess_492de7e9a81f | INFO | Team database initialized
2026-08-09 05:33:57 | team | default_trace_id | INFO | Team workspace directory ensured at /srv/jwteam_clone/shared/run_current
2026-08-09 05:33:57 | team | default_trace_id | INFO | AgentTeam manager initialized for jiuwen_team_sess_492de7e9a81f, member=executor1
2026-08-09 05:33:57 | team | default_trace_id | INFO | [executor1] TeamPolicyRail static sections: section_names=['team_role', 'team_persona']
2026-08-09 05:33:57 | team | sess_492de7e9a81f | INFO | [executor1] invoke start, role=teammate
2026-08-09 05:33:57 | team | sess_492de7e9a81f | INFO | [executor1] coordination starting
2026-08-09 05:33:57 | team | sess_492de7e9a81f | INFO | Session tables ready for session sess_492de7e9a81f
2026-08-09 05:33:57 | team | sess_492de7e9a81f | INFO | Workspace /srv/jwteam_clone/shared/run_current initialized as plain shared directory (version_control disabled)
2026-08-09 05:33:57 | team | sess_492de7e9a81f | INFO | EventBus[teammate] starting
2026-08-09 05:34:25 | team | sess_492de7e9a81f | INFO | [executor1] HITT section refresh: human_agent_names=[]
2026-08-09 05:34:43 | team | sess_492de7e9a81f | INFO | [executor1] processing 1 unread messages (steer=True)
2026-08-09 05:34:43 | team | sess_492de7e9a81f | INFO | Message 62b965bb-715b-4ebf-88a9-fcc8526642ae marked as read by executor1
2026-08-09 05:36:54 | team | sess_492de7e9a81f | INFO | [executor1] processing 1 unread messages (steer=True)
2026-08-09 05:36:54 | team | sess_492de7e9a81f | INFO | Message c78bf706-15dd-448e-acbf-d38ce67aa1b7 marked as read by executor1
2026-08-09 05:37:16 | team | sess_492de7e9a81f | INFO | Message 8ad67316-6c56-435c-b58d-3e8b720a276c created
2026-08-09 05:37:38 | team | sess_492de7e9a81f | INFO | [executor1] processing 1 unread messages (steer=True)
2026-08-09 05:37:38 | team | sess_492de7e9a81f | INFO | Message f69d41dc-6d6e-4e4e-bf3c-bb439b7af675 marked as read by executor1
2026-08-09 05:37:43 | team | sess_492de7e9a81f | INFO | Task implement claimed by member executor1
2026-08-09 05:37:43 | team | sess_492de7e9a81f | INFO | Task implement claimed by member executor1
2026-08-09 05:37:59 | team | sess_492de7e9a81f | INFO | [executor1] processing 1 unread messages (steer=True)
2026-08-09 05:37:59 | team | sess_492de7e9a81f | INFO | Message 34206d13-ed73-427b-bfd9-85964acadc95 marked as read by executor1
2026-08-09 05:38:12 | team | sess_492de7e9a81f | INFO | [executor1] processing 1 unread messages (steer=True)
2026-08-09 05:38:12 | team | sess_492de7e9a81f | INFO | Message f4d9c3b8-bc6d-49ad-8baf-4f66558acab3 marked as read by executor1
2026-08-09 05:38:42 | team | sess_492de7e9a81f | INFO | Message 8fbd8e8e-e4ed-4be4-ac4a-9afef7941f84 created
2026-08-09 05:38:48 | team | sess_492de7e9a81f | INFO | Message 2bc649c8-bf0d-4db9-9fa1-b632a8958f9b created
2026-08-09 05:40:11 | team | sess_492de7e9a81f | INFO | [executor1] processing 1 unread messages (steer=True)
2026-08-09 05:40:11 | team | sess_492de7e9a81f | INFO | Message 70f5a571-3ae1-4667-8d36-ac9f63d9cf32 marked as read by executor1
2026-08-09 05:40:57 | team | sess_492de7e9a81f | INFO | Message 4a8eb254-3e66-44bb-8551-6ae243e22894 created
2026-08-09 05:41:56 | team | sess_492de7e9a81f | INFO | [executor1] processing 1 unread messages (steer=True)
2026-08-09 05:41:56 | team | sess_492de7e9a81f | INFO | Message d80977ff-62dc-449c-82f8-6a9b5a794f78 marked as read by executor1
2026-08-09 05:42:04 | team | sess_492de7e9a81f | INFO | Task implement completed at 1786250524829
2026-08-09 05:42:04 | team | sess_492de7e9a81f | INFO | Message 64ac8886-b426-46c7-842c-c475ec153258 created
2026-08-09 05:42:04 | team | sess_492de7e9a81f | INFO | Resolved 1 dependencies for task implement
2026-08-09 05:42:04 | team | sess_492de7e9a81f | INFO | Task verify unblocked (all deps resolved)
2026-08-09 05:42:04 | team | sess_492de7e9a81f | INFO | Task implement completed
2026-08-09 05:42:04 | team | sess_492de7e9a81f | INFO | Unblocked 1 tasks
2026-08-09 05:42:11 | team | sess_492de7e9a81f | INFO | Message b70304c4-a195-450e-8dcc-3d1925531612 created
