2026-08-23 16:30:21 | team | sess_9eafc4fbe810 | INFO | Team workspace directory ensured at /srv/jwteam_clone/shared/run_current
2026-08-23 16:30:21 | team | sess_9eafc4fbe810 | INFO | AgentTeam manager initialized for jiuwen_team_sess_9eafc4fbe810, member=team_leader
2026-08-23 16:30:21 | team | sess_9eafc4fbe810 | INFO | [team_leader] TeamPolicyRail static sections: section_names=['team_role', 'team_workflow', 'team_swarmflow', 'team_lifecycle', 'team_persona']
2026-08-23 16:30:21 | team | sess_9eafc4fbe810 | INFO | Session tables ready for session sess_9eafc4fbe810
2026-08-23 16:30:21 | team | sess_9eafc4fbe810 | INFO | Team database initialized
2026-08-23 16:30:21 | team | default_trace_id | INFO | Team workspace directory ensured at /srv/jwteam_clone/shared/run_current
2026-08-23 16:30:21 | team | default_trace_id | INFO | AgentTeam manager initialized for jiuwen_team_sess_9eafc4fbe810, member=executor3
2026-08-23 16:30:21 | team | default_trace_id | INFO | [executor3] TeamPolicyRail static sections: section_names=['team_role', 'team_persona']
2026-08-23 16:30:21 | team | sess_9eafc4fbe810 | INFO | [executor3] invoke start, role=teammate
2026-08-23 16:30:21 | team | sess_9eafc4fbe810 | INFO | [executor3] coordination starting
2026-08-23 16:30:21 | team | sess_9eafc4fbe810 | INFO | Session tables ready for session sess_9eafc4fbe810
2026-08-23 16:30:21 | team | sess_9eafc4fbe810 | INFO | Workspace /srv/jwteam_clone/shared/run_current initialized as plain shared directory (version_control disabled)
2026-08-23 16:30:21 | team | sess_9eafc4fbe810 | INFO | EventBus[teammate] starting
2026-08-23 16:35:44 | team | sess_9eafc4fbe810 | INFO | [executor3] HITT section refresh: human_agent_names=[]
2026-08-23 16:35:55 | team | sess_9eafc4fbe810 | INFO | [executor3] processing 1 unread messages (steer=True)
2026-08-23 16:35:55 | team | sess_9eafc4fbe810 | INFO | Message ba9162d6-e9f0-44c7-a577-e066d4339e66 marked as read by executor3
2026-08-23 16:36:48 | team | sess_9eafc4fbe810 | INFO | [executor3] processing 1 unread messages (steer=True)
2026-08-23 16:36:48 | team | sess_9eafc4fbe810 | INFO | Message 53da35b2-ab26-47cd-bb07-716dcca56e07 marked as read by executor3
2026-08-23 16:37:09 | team | sess_9eafc4fbe810 | INFO | Message 97b199f1-c6c5-4182-bdfe-6f7abca7175e created
2026-08-23 16:37:31 | team | sess_9eafc4fbe810 | INFO | [executor3] processing 1 unread messages (steer=True)
2026-08-23 16:37:31 | team | sess_9eafc4fbe810 | INFO | Message d495e20d-617b-44ab-9793-a2efa075ca6d marked as read by executor3
2026-08-23 16:38:15 | team | sess_9eafc4fbe810 | INFO | Task implement_crypto claimed by member executor3
2026-08-23 16:38:15 | team | sess_9eafc4fbe810 | INFO | Task implement_crypto claimed by member executor3
2026-08-23 16:38:58 | team | sess_9eafc4fbe810 | INFO | Task implement_crypto completed at 1787499538301
2026-08-23 16:38:58 | team | sess_9eafc4fbe810 | INFO | Message 52a832c1-d841-4cea-9326-ec109dd8379b created
2026-08-23 16:38:58 | team | sess_9eafc4fbe810 | INFO | Resolved 1 dependencies for task implement_crypto
2026-08-23 16:38:58 | team | sess_9eafc4fbe810 | INFO | Task verify_crypto unblocked (all deps resolved)
2026-08-23 16:38:58 | team | sess_9eafc4fbe810 | INFO | Task implement_crypto completed
2026-08-23 16:38:58 | team | sess_9eafc4fbe810 | INFO | Unblocked 1 tasks
2026-08-23 16:43:57 | team | sess_9eafc4fbe810 | INFO | task list drained for team jiuwen_team_sess_9eafc4fbe810: 6 terminal task(s)
2026-08-23 16:44:14 | team | sess_9eafc4fbe810 | INFO | [executor3] processing 1 unread messages (steer=True)
2026-08-23 16:44:15 | team | sess_9eafc4fbe810 | INFO | Message 29531ddb-fd62-4509-a083-a649672e3b72 marked as read by executor3
2026-08-23 16:44:37 | team | sess_9eafc4fbe810 | INFO | team jiuwen_team_sess_9eafc4fbe810 reported completed: 9 members, 6 tasks
2026-08-23 16:44:37 | team | sess_9eafc4fbe810 | INFO | [executor3] received TEAM_STANDBY, pausing polls
2026-08-23 16:44:37 | team | sess_9eafc4fbe810 | INFO | EventBus[teammate] pausing polls
