2026-08-23 16:30:22 | team | sess_9eafc4fbe810 | INFO | Team workspace directory ensured at /srv/jwteam_clone/shared/run_current
2026-08-23 16:30:22 | team | sess_9eafc4fbe810 | INFO | AgentTeam manager initialized for jiuwen_team_sess_9eafc4fbe810, member=team_leader
2026-08-23 16:30:22 | team | sess_9eafc4fbe810 | INFO | [team_leader] TeamPolicyRail static sections: section_names=['team_role', 'team_workflow', 'team_swarmflow', 'team_lifecycle', 'team_persona']
2026-08-23 16:30:22 | team | sess_9eafc4fbe810 | INFO | Session tables ready for session sess_9eafc4fbe810
2026-08-23 16:30:22 | team | sess_9eafc4fbe810 | INFO | Team database initialized
2026-08-23 16:30:22 | team | default_trace_id | INFO | Team workspace directory ensured at /srv/jwteam_clone/shared/run_current
2026-08-23 16:30:22 | team | default_trace_id | INFO | AgentTeam manager initialized for jiuwen_team_sess_9eafc4fbe810, member=verifier1
2026-08-23 16:30:22 | team | default_trace_id | INFO | [verifier1] TeamPolicyRail static sections: section_names=['team_role', 'team_persona']
2026-08-23 16:30:22 | team | sess_9eafc4fbe810 | INFO | [verifier1] invoke start, role=teammate
2026-08-23 16:30:22 | team | sess_9eafc4fbe810 | INFO | [verifier1] coordination starting
2026-08-23 16:30:22 | team | sess_9eafc4fbe810 | INFO | Session tables ready for session sess_9eafc4fbe810
2026-08-23 16:30:22 | team | sess_9eafc4fbe810 | INFO | Workspace /srv/jwteam_clone/shared/run_current initialized as plain shared directory (version_control disabled)
2026-08-23 16:30:22 | team | sess_9eafc4fbe810 | INFO | EventBus[teammate] starting
2026-08-23 16:35:44 | team | sess_9eafc4fbe810 | INFO | [verifier1] HITT section refresh: human_agent_names=[]
2026-08-23 16:35:55 | team | sess_9eafc4fbe810 | INFO | [verifier1] processing 1 unread messages (steer=True)
2026-08-23 16:35:55 | team | sess_9eafc4fbe810 | INFO | Message ba9162d6-e9f0-44c7-a577-e066d4339e66 marked as read by verifier1
2026-08-23 16:38:43 | team | sess_9eafc4fbe810 | INFO | [verifier1] processing 1 unread messages (steer=True)
2026-08-23 16:38:43 | team | sess_9eafc4fbe810 | INFO | Message 76623efe-69de-4e28-b571-623bfc861696 marked as read by verifier1
2026-08-23 16:43:10 | team | sess_9eafc4fbe810 | INFO | Task verify_ir claimed by member verifier1
2026-08-23 16:43:10 | team | sess_9eafc4fbe810 | INFO | Task verify_ir claimed by member verifier1
2026-08-23 16:43:57 | team | sess_9eafc4fbe810 | INFO | Task verify_ir completed at 1787499837759
2026-08-23 16:43:57 | team | sess_9eafc4fbe810 | INFO | Message 171f5632-425b-437d-8d20-6aa861bc4634 created
2026-08-23 16:43:57 | team | sess_9eafc4fbe810 | INFO | Task verify_ir completed
2026-08-23 16:44:14 | team | sess_9eafc4fbe810 | INFO | [verifier1] processing 1 unread messages (steer=True)
2026-08-23 16:44:14 | team | sess_9eafc4fbe810 | INFO | Message 29531ddb-fd62-4509-a083-a649672e3b72 marked as read by verifier1
2026-08-23 16:44:37 | team | sess_9eafc4fbe810 | INFO | team jiuwen_team_sess_9eafc4fbe810 reported completed: 9 members, 6 tasks
2026-08-23 16:44:37 | team | sess_9eafc4fbe810 | INFO | [verifier1] received TEAM_STANDBY, pausing polls
2026-08-23 16:44:37 | team | sess_9eafc4fbe810 | INFO | EventBus[teammate] pausing polls
