2026-08-23 16:30:16 | team | sess_9eafc4fbe810 | INFO | Team workspace directory ensured at /srv/jwteam_clone/shared/run_current
2026-08-23 16:30:16 | team | sess_9eafc4fbe810 | INFO | AgentTeam manager initialized for jiuwen_team_sess_9eafc4fbe810, member=team_leader
2026-08-23 16:30:16 | team | sess_9eafc4fbe810 | INFO | [team_leader] TeamPolicyRail static sections: section_names=['team_role', 'team_workflow', 'team_swarmflow', 'team_lifecycle', 'team_persona']
2026-08-23 16:30:16 | team | sess_9eafc4fbe810 | INFO | Session tables ready for session sess_9eafc4fbe810
2026-08-23 16:30:16 | team | sess_9eafc4fbe810 | INFO | Team database initialized
2026-08-23 16:30:16 | team | default_trace_id | INFO | Team workspace directory ensured at /srv/jwteam_clone/shared/run_current
2026-08-23 16:30:16 | team | default_trace_id | INFO | AgentTeam manager initialized for jiuwen_team_sess_9eafc4fbe810, member=planner1
2026-08-23 16:30:16 | team | default_trace_id | INFO | [planner1] TeamPolicyRail static sections: section_names=['team_role', 'team_persona']
2026-08-23 16:30:16 | team | sess_9eafc4fbe810 | INFO | [planner1] invoke start, role=teammate
2026-08-23 16:30:16 | team | sess_9eafc4fbe810 | INFO | [planner1] coordination starting
2026-08-23 16:30:16 | team | sess_9eafc4fbe810 | INFO | Session tables ready for session sess_9eafc4fbe810
2026-08-23 16:30:16 | team | sess_9eafc4fbe810 | INFO | Workspace /srv/jwteam_clone/shared/run_current initialized as plain shared directory (version_control disabled)
2026-08-23 16:30:16 | team | sess_9eafc4fbe810 | INFO | EventBus[teammate] starting
2026-08-23 16:35:44 | team | sess_9eafc4fbe810 | INFO | [planner1] HITT section refresh: human_agent_names=[]
2026-08-23 16:35:55 | team | sess_9eafc4fbe810 | INFO | [planner1] processing 1 unread messages (steer=True)
2026-08-23 16:35:55 | team | sess_9eafc4fbe810 | INFO | Message ba9162d6-e9f0-44c7-a577-e066d4339e66 marked as read by planner1
2026-08-23 16:35:55 | team | sess_9eafc4fbe810 | INFO | Task plan_ir claimed by member planner1
2026-08-23 16:35:55 | team | sess_9eafc4fbe810 | INFO | Task plan_ir claimed by member planner1
2026-08-23 16:36:56 | team | sess_9eafc4fbe810 | INFO | Message 2a4bad8a-778d-4bc4-b634-4cce48e9faeb created
2026-08-23 16:37:00 | team | sess_9eafc4fbe810 | INFO | Task plan_ir completed at 1787499420429
2026-08-23 16:37:00 | team | sess_9eafc4fbe810 | INFO | Resolved 1 dependencies for task plan_ir
2026-08-23 16:37:00 | team | sess_9eafc4fbe810 | INFO | Task implement_ir unblocked (all deps resolved)
2026-08-23 16:37:00 | team | sess_9eafc4fbe810 | INFO | Task plan_ir completed
2026-08-23 16:37:00 | team | sess_9eafc4fbe810 | INFO | Unblocked 1 tasks
2026-08-23 16:37:07 | team | sess_9eafc4fbe810 | INFO | Message 25f87d33-0a6a-430f-8ce8-3c60fcbd7d0c created
2026-08-23 16:43:57 | team | sess_9eafc4fbe810 | INFO | task list drained for team jiuwen_team_sess_9eafc4fbe810: 6 terminal task(s)
2026-08-23 16:44:14 | team | sess_9eafc4fbe810 | INFO | [planner1] processing 1 unread messages (steer=True)
2026-08-23 16:44:15 | team | sess_9eafc4fbe810 | INFO | Message 29531ddb-fd62-4509-a083-a649672e3b72 marked as read by planner1
2026-08-23 16:44:37 | team | sess_9eafc4fbe810 | INFO | team jiuwen_team_sess_9eafc4fbe810 reported completed: 9 members, 6 tasks
2026-08-23 16:44:37 | team | sess_9eafc4fbe810 | INFO | [planner1] received TEAM_STANDBY, pausing polls
2026-08-23 16:44:37 | team | sess_9eafc4fbe810 | INFO | EventBus[teammate] pausing polls
