2026-08-09 15:44:47 | team | sess_1427855d33e3 | INFO | Team workspace directory ensured at /srv/jwteam_clone/shared/run_current
2026-08-09 15:44:47 | team | sess_1427855d33e3 | INFO | AgentTeam manager initialized for jiuwen_team_sess_1427855d33e3, member=team_leader
2026-08-09 15:44:47 | team | sess_1427855d33e3 | INFO | [team_leader] TeamPolicyRail static sections: section_names=['team_role', 'team_workflow', 'team_swarmflow', 'team_lifecycle', 'team_persona']
2026-08-09 15:44:47 | team | sess_1427855d33e3 | INFO | Session tables ready for session sess_1427855d33e3
2026-08-09 15:44:47 | team | sess_1427855d33e3 | INFO | Team database initialized
2026-08-09 15:44:47 | team | default_trace_id | INFO | Team workspace directory ensured at /srv/jwteam_clone/shared/run_current
2026-08-09 15:44:47 | team | default_trace_id | INFO | AgentTeam manager initialized for jiuwen_team_sess_1427855d33e3, member=planner2
2026-08-09 15:44:47 | team | default_trace_id | INFO | [planner2] TeamPolicyRail static sections: section_names=['team_role', 'team_persona']
2026-08-09 15:44:47 | team | sess_1427855d33e3 | INFO | [planner2] invoke start, role=teammate
2026-08-09 15:44:47 | team | sess_1427855d33e3 | INFO | [planner2] coordination starting
2026-08-09 15:44:47 | team | sess_1427855d33e3 | INFO | Session tables ready for session sess_1427855d33e3
2026-08-09 15:44:47 | team | sess_1427855d33e3 | INFO | Workspace /srv/jwteam_clone/shared/run_current initialized as plain shared directory (version_control disabled)
2026-08-09 15:44:47 | team | sess_1427855d33e3 | INFO | EventBus[teammate] starting
2026-08-09 15:45:21 | team | sess_1427855d33e3 | INFO | [planner2] HITT section refresh: human_agent_names=[]
2026-08-09 15:45:26 | team | sess_1427855d33e3 | INFO | Task plan claimed by member planner2
2026-08-09 15:45:26 | team | sess_1427855d33e3 | INFO | Task plan claimed by member planner2
2026-08-09 15:45:32 | team | sess_1427855d33e3 | INFO | [planner2] processing 1 unread messages (steer=True)
2026-08-09 15:45:32 | team | sess_1427855d33e3 | INFO | Message 09e90ce9-a5f6-4343-9069-19cd80662e15 marked as read by planner2
2026-08-09 15:45:52 | team | sess_1427855d33e3 | INFO | Message 4d3c2bf0-9eee-4178-a668-a706bf2fa2b5 created
2026-08-09 15:46:06 | team | sess_1427855d33e3 | INFO | Message f9a301b8-ec07-4c36-8c03-2b35938676e4 created
2026-08-09 15:46:16 | team | sess_1427855d33e3 | INFO | [planner2] processing 1 unread messages (steer=True)
2026-08-09 15:46:16 | team | sess_1427855d33e3 | INFO | Message 42541aa5-e180-4270-84fb-2509d4fccf4b marked as read by planner2
2026-08-09 15:46:21 | team | sess_1427855d33e3 | INFO | [planner2] processing 1 unread messages (steer=True)
2026-08-09 15:46:21 | team | sess_1427855d33e3 | INFO | Message a4cb7ebd-a833-490b-95e7-2bb57c07a382 marked as read by planner2
2026-08-09 15:47:26 | team | sess_1427855d33e3 | INFO | Message ece9f279-b946-4fd1-acc8-c4e7cc760288 created
2026-08-09 15:47:32 | team | sess_1427855d33e3 | INFO | Task plan completed at 1786286852008
2026-08-09 15:47:32 | team | sess_1427855d33e3 | INFO | Resolved 1 dependencies for task plan
2026-08-09 15:47:32 | team | sess_1427855d33e3 | INFO | Task implement unblocked (all deps resolved)
2026-08-09 15:47:32 | team | sess_1427855d33e3 | INFO | Task plan completed
2026-08-09 15:47:32 | team | sess_1427855d33e3 | INFO | Unblocked 1 tasks
2026-08-09 15:47:39 | team | sess_1427855d33e3 | INFO | Message d5f2ca43-a124-41ee-b3fe-a93af782ccde created
2026-08-09 15:50:06 | team | sess_1427855d33e3 | INFO | task list drained for team jiuwen_team_sess_1427855d33e3: 3 terminal task(s)
2026-08-09 15:52:43 | team | sess_1427855d33e3 | INFO | team jiuwen_team_sess_1427855d33e3 reported completed: 9 members, 3 tasks
2026-08-09 15:52:43 | team | sess_1427855d33e3 | INFO | [planner2] received TEAM_STANDBY, pausing polls
2026-08-09 15:52:43 | team | sess_1427855d33e3 | INFO | EventBus[teammate] pausing polls
