2026-08-09 15:44:51 | team | sess_1427855d33e3 | INFO | Team workspace directory ensured at /srv/jwteam_clone/shared/run_current
2026-08-09 15:44:51 | team | sess_1427855d33e3 | INFO | AgentTeam manager initialized for jiuwen_team_sess_1427855d33e3, member=team_leader
2026-08-09 15:44:51 | team | sess_1427855d33e3 | INFO | [team_leader] TeamPolicyRail static sections: section_names=['team_role', 'team_workflow', 'team_swarmflow', 'team_lifecycle', 'team_persona']
2026-08-09 15:44:51 | team | sess_1427855d33e3 | INFO | Session tables ready for session sess_1427855d33e3
2026-08-09 15:44:51 | team | sess_1427855d33e3 | INFO | Team database initialized
2026-08-09 15:44:51 | team | default_trace_id | INFO | Team workspace directory ensured at /srv/jwteam_clone/shared/run_current
2026-08-09 15:44:51 | team | default_trace_id | INFO | AgentTeam manager initialized for jiuwen_team_sess_1427855d33e3, member=verifier1
2026-08-09 15:44:51 | team | default_trace_id | INFO | [verifier1] TeamPolicyRail static sections: section_names=['team_role', 'team_persona']
2026-08-09 15:44:51 | team | sess_1427855d33e3 | INFO | [verifier1] invoke start, role=teammate
2026-08-09 15:44:51 | team | sess_1427855d33e3 | INFO | [verifier1] coordination starting
2026-08-09 15:44:51 | team | sess_1427855d33e3 | INFO | Session tables ready for session sess_1427855d33e3
2026-08-09 15:44:51 | team | sess_1427855d33e3 | INFO | Workspace /srv/jwteam_clone/shared/run_current initialized as plain shared directory (version_control disabled)
2026-08-09 15:44:51 | team | sess_1427855d33e3 | INFO | EventBus[teammate] starting
2026-08-09 15:45:21 | team | sess_1427855d33e3 | INFO | [verifier1] HITT section refresh: human_agent_names=[]
2026-08-09 15:45:32 | team | sess_1427855d33e3 | INFO | [verifier1] processing 1 unread messages (steer=True)
2026-08-09 15:45:32 | team | sess_1427855d33e3 | INFO | Message 09e90ce9-a5f6-4343-9069-19cd80662e15 marked as read by verifier1
2026-08-09 15:45:50 | team | sess_1427855d33e3 | INFO | Message 92c82c80-6b9e-41f5-906a-45f631cd3524 created
2026-08-09 15:48:10 | team | sess_1427855d33e3 | INFO | [verifier1] processing 1 unread messages (steer=True)
2026-08-09 15:48:10 | team | sess_1427855d33e3 | INFO | Message 34a8776f-99a8-42f3-9c0d-4b19d56f4698 marked as read by verifier1
2026-08-09 15:48:15 | team | sess_1427855d33e3 | INFO | Task verify claimed by member verifier1
2026-08-09 15:48:15 | team | sess_1427855d33e3 | INFO | Task verify claimed by member verifier1
2026-08-09 15:48:18 | team | sess_1427855d33e3 | INFO | [verifier1] processing 1 unread messages (steer=True)
2026-08-09 15:48:18 | team | sess_1427855d33e3 | INFO | Message 1cde67fb-b4d8-4bd1-814c-c01d510adb3d marked as read by verifier1
2026-08-09 15:50:06 | team | sess_1427855d33e3 | INFO | Task verify completed at 1786287006719
2026-08-09 15:50:06 | team | sess_1427855d33e3 | INFO | Task verify completed
2026-08-09 15:50:14 | team | sess_1427855d33e3 | INFO | Message b317d039-1ffd-4036-9c08-4344921a0c52 created
2026-08-09 15:50:20 | team | sess_1427855d33e3 | INFO | Message b5fc4cd8-e4c1-4d6f-a431-0ad628431b72 created
2026-08-09 15:51:29 | team | sess_1427855d33e3 | INFO | [verifier1] processing 1 unread messages (steer=True)
2026-08-09 15:51:29 | team | sess_1427855d33e3 | INFO | Message 88156e45-6533-47d8-958d-22f01916c884 marked as read by verifier1
2026-08-09 15:52:13 | team | sess_1427855d33e3 | INFO | Message 253c31f0-1698-4ac0-879d-ac56a57ea447 created
2026-08-09 15:52:18 | team | sess_1427855d33e3 | INFO | Message 464cea90-8f46-4b0d-86ae-2e2730999065 created
2026-08-09 15:52:43 | team | sess_1427855d33e3 | INFO | team jiuwen_team_sess_1427855d33e3 reported completed: 9 members, 3 tasks
2026-08-09 15:52:43 | team | sess_1427855d33e3 | INFO | [verifier1] received TEAM_STANDBY, pausing polls
2026-08-09 15:52:43 | team | sess_1427855d33e3 | INFO | EventBus[teammate] pausing polls
