2026-08-09 15:44:52 | team | sess_1427855d33e3 | INFO | Team workspace directory ensured at /srv/jwteam_clone/shared/run_current
2026-08-09 15:44:52 | team | sess_1427855d33e3 | INFO | AgentTeam manager initialized for jiuwen_team_sess_1427855d33e3, member=team_leader
2026-08-09 15:44:52 | team | sess_1427855d33e3 | INFO | [team_leader] TeamPolicyRail static sections: section_names=['team_role', 'team_workflow', 'team_swarmflow', 'team_lifecycle', 'team_persona']
2026-08-09 15:44:52 | team | sess_1427855d33e3 | INFO | Session tables ready for session sess_1427855d33e3
2026-08-09 15:44:52 | team | sess_1427855d33e3 | INFO | Team database initialized
2026-08-09 15:44:52 | team | default_trace_id | INFO | Team workspace directory ensured at /srv/jwteam_clone/shared/run_current
2026-08-09 15:44:52 | team | default_trace_id | INFO | AgentTeam manager initialized for jiuwen_team_sess_1427855d33e3, member=fullstack1
2026-08-09 15:44:52 | team | default_trace_id | INFO | [fullstack1] TeamPolicyRail static sections: section_names=['team_role', 'team_persona']
2026-08-09 15:44:52 | team | sess_1427855d33e3 | INFO | [fullstack1] invoke start, role=teammate
2026-08-09 15:44:52 | team | sess_1427855d33e3 | INFO | [fullstack1] coordination starting
2026-08-09 15:44:52 | team | sess_1427855d33e3 | INFO | Session tables ready for session sess_1427855d33e3
2026-08-09 15:44:52 | team | sess_1427855d33e3 | INFO | Workspace /srv/jwteam_clone/shared/run_current initialized as plain shared directory (version_control disabled)
2026-08-09 15:44:52 | team | sess_1427855d33e3 | INFO | EventBus[teammate] starting
2026-08-09 15:45:21 | team | sess_1427855d33e3 | INFO | [fullstack1] HITT section refresh: human_agent_names=[]
2026-08-09 15:45:32 | team | sess_1427855d33e3 | INFO | [fullstack1] processing 1 unread messages (steer=True)
2026-08-09 15:45:32 | team | sess_1427855d33e3 | INFO | Message 09e90ce9-a5f6-4343-9069-19cd80662e15 marked as read by fullstack1
2026-08-09 15:47:49 | team | sess_1427855d33e3 | INFO | Message 811d3785-fb02-46a0-a6cf-63a07f50e20a created
2026-08-09 15:47:49 | team | sess_1427855d33e3 | INFO | Message b1c75840-41c3-4e24-9d05-6759292a3fae created
2026-08-09 15:48:18 | team | sess_1427855d33e3 | INFO | Message 1cde67fb-b4d8-4bd1-814c-c01d510adb3d created
2026-08-09 15:48:20 | team | sess_1427855d33e3 | INFO | [fullstack1] processing 1 unread messages (steer=True)
2026-08-09 15:48:20 | team | sess_1427855d33e3 | INFO | Message 8f30d5c9-a0fd-4f19-aa22-8efbfec59f0a marked as read by fullstack1
2026-08-09 15:48:30 | team | sess_1427855d33e3 | INFO | Message 4d3188f0-9a75-40cb-8255-c60385bd3566 created
2026-08-09 15:48:35 | team | sess_1427855d33e3 | INFO | [fullstack1] processing 1 unread messages (steer=True)
2026-08-09 15:48:35 | team | sess_1427855d33e3 | INFO | Message 6b3f9f12-68d0-4b93-af1f-8cf821493a43 marked as read by fullstack1
2026-08-09 15:50:06 | team | sess_1427855d33e3 | INFO | task list drained for team jiuwen_team_sess_1427855d33e3: 3 terminal task(s)
2026-08-09 15:50:21 | team | sess_1427855d33e3 | INFO | [fullstack1] processing 1 unread messages (steer=True)
2026-08-09 15:50:21 | team | sess_1427855d33e3 | INFO | Message b5fc4cd8-e4c1-4d6f-a431-0ad628431b72 marked as read by fullstack1
2026-08-09 15:51:29 | team | sess_1427855d33e3 | INFO | Message 88156e45-6533-47d8-958d-22f01916c884 created
2026-08-09 15:51:29 | team | sess_1427855d33e3 | INFO | Message 6028f315-38df-4ed1-8c2e-2fdb4bb632d8 created
2026-08-09 15:51:29 | team | sess_1427855d33e3 | INFO | Message 6dc165e2-19e4-4f96-9ee5-c1552fd7d78c created
2026-08-09 15:52:18 | team | sess_1427855d33e3 | INFO | [fullstack1] processing 1 unread messages (steer=True)
2026-08-09 15:52:18 | team | sess_1427855d33e3 | INFO | Message 464cea90-8f46-4b0d-86ae-2e2730999065 marked as read by fullstack1
2026-08-09 15:52:43 | team | sess_1427855d33e3 | INFO | team jiuwen_team_sess_1427855d33e3 reported completed: 9 members, 3 tasks
2026-08-09 15:52:43 | team | sess_1427855d33e3 | INFO | [fullstack1] received TEAM_STANDBY, pausing polls
2026-08-09 15:52:43 | team | sess_1427855d33e3 | INFO | EventBus[teammate] pausing polls
