2026-08-09 15:44:51 | team | sess_1427855d33e3 | INFO | Team workspace directory ensured at /srv/jwteam_clone/shared/run_current
2026-08-09 15:44:51 | team | sess_1427855d33e3 | INFO | AgentTeam manager initialized for jiuwen_team_sess_1427855d33e3, member=team_leader
2026-08-09 15:44:51 | team | sess_1427855d33e3 | INFO | [team_leader] TeamPolicyRail static sections: section_names=['team_role', 'team_workflow', 'team_swarmflow', 'team_lifecycle', 'team_persona']
2026-08-09 15:44:51 | team | sess_1427855d33e3 | INFO | Session tables ready for session sess_1427855d33e3
2026-08-09 15:44:51 | team | sess_1427855d33e3 | INFO | Team database initialized
2026-08-09 15:44:51 | team | default_trace_id | INFO | Team workspace directory ensured at /srv/jwteam_clone/shared/run_current
2026-08-09 15:44:51 | team | default_trace_id | INFO | AgentTeam manager initialized for jiuwen_team_sess_1427855d33e3, member=verifier2
2026-08-09 15:44:51 | team | default_trace_id | INFO | [verifier2] TeamPolicyRail static sections: section_names=['team_role', 'team_persona']
2026-08-09 15:44:51 | team | sess_1427855d33e3 | INFO | [verifier2] invoke start, role=teammate
2026-08-09 15:44:51 | team | sess_1427855d33e3 | INFO | [verifier2] coordination starting
2026-08-09 15:44:51 | team | sess_1427855d33e3 | INFO | Session tables ready for session sess_1427855d33e3
2026-08-09 15:44:51 | team | sess_1427855d33e3 | INFO | Workspace /srv/jwteam_clone/shared/run_current initialized as plain shared directory (version_control disabled)
2026-08-09 15:44:51 | team | sess_1427855d33e3 | INFO | EventBus[teammate] starting
2026-08-09 15:45:21 | team | sess_1427855d33e3 | INFO | [verifier2] HITT section refresh: human_agent_names=[]
2026-08-09 15:45:32 | team | sess_1427855d33e3 | INFO | [verifier2] processing 1 unread messages (steer=True)
2026-08-09 15:45:32 | team | sess_1427855d33e3 | INFO | Message 09e90ce9-a5f6-4343-9069-19cd80662e15 marked as read by verifier2
2026-08-09 15:50:06 | team | sess_1427855d33e3 | INFO | task list drained for team jiuwen_team_sess_1427855d33e3: 3 terminal task(s)
2026-08-09 15:52:43 | team | sess_1427855d33e3 | INFO | team jiuwen_team_sess_1427855d33e3 reported completed: 9 members, 3 tasks
2026-08-09 15:52:43 | team | sess_1427855d33e3 | INFO | [verifier2] received TEAM_STANDBY, pausing polls
2026-08-09 15:52:43 | team | sess_1427855d33e3 | INFO | EventBus[teammate] pausing polls
