2026-08-09 15:44:48 | team | sess_1427855d33e3 | INFO | Team workspace directory ensured at /srv/jwteam_clone/shared/run_current
2026-08-09 15:44:48 | team | sess_1427855d33e3 | INFO | AgentTeam manager initialized for jiuwen_team_sess_1427855d33e3, member=team_leader
2026-08-09 15:44:48 | team | sess_1427855d33e3 | INFO | [team_leader] TeamPolicyRail static sections: section_names=['team_role', 'team_workflow', 'team_swarmflow', 'team_lifecycle', 'team_persona']
2026-08-09 15:44:48 | team | sess_1427855d33e3 | INFO | Session tables ready for session sess_1427855d33e3
2026-08-09 15:44:48 | team | sess_1427855d33e3 | INFO | Team database initialized
2026-08-09 15:44:48 | team | default_trace_id | INFO | Team workspace directory ensured at /srv/jwteam_clone/shared/run_current
2026-08-09 15:44:48 | team | default_trace_id | INFO | AgentTeam manager initialized for jiuwen_team_sess_1427855d33e3, member=executor1
2026-08-09 15:44:48 | team | default_trace_id | INFO | [executor1] TeamPolicyRail static sections: section_names=['team_role', 'team_persona']
2026-08-09 15:44:48 | team | sess_1427855d33e3 | INFO | [executor1] invoke start, role=teammate
2026-08-09 15:44:48 | team | sess_1427855d33e3 | INFO | [executor1] coordination starting
2026-08-09 15:44:48 | team | sess_1427855d33e3 | INFO | Session tables ready for session sess_1427855d33e3
2026-08-09 15:44:48 | team | sess_1427855d33e3 | INFO | Workspace /srv/jwteam_clone/shared/run_current initialized as plain shared directory (version_control disabled)
2026-08-09 15:44:48 | team | sess_1427855d33e3 | INFO | EventBus[teammate] starting
2026-08-09 15:45:21 | team | sess_1427855d33e3 | INFO | [executor1] HITT section refresh: human_agent_names=[]
2026-08-09 15:45:32 | team | sess_1427855d33e3 | INFO | [executor1] processing 1 unread messages (steer=True)
2026-08-09 15:45:32 | team | sess_1427855d33e3 | INFO | Message 09e90ce9-a5f6-4343-9069-19cd80662e15 marked as read by executor1
2026-08-09 15:46:06 | team | sess_1427855d33e3 | INFO | [executor1] processing 1 unread messages (steer=True)
2026-08-09 15:46:06 | team | sess_1427855d33e3 | INFO | Message f9a301b8-ec07-4c36-8c03-2b35938676e4 marked as read by executor1
2026-08-09 15:46:07 | team | sess_1427855d33e3 | INFO | [executor1] processing 1 unread messages (steer=True)
2026-08-09 15:46:07 | team | sess_1427855d33e3 | INFO | Message 2c35aa31-5468-480c-9cef-23788ab8893d marked as read by executor1
2026-08-09 15:46:21 | team | sess_1427855d33e3 | INFO | Message a4cb7ebd-a833-490b-95e7-2bb57c07a382 created
2026-08-09 15:46:36 | team | sess_1427855d33e3 | INFO | Message d205758f-65ad-45d0-8001-a9fa7272d626 created
2026-08-09 15:47:26 | team | sess_1427855d33e3 | INFO | [executor1] processing 1 unread messages (steer=True)
2026-08-09 15:47:26 | team | sess_1427855d33e3 | INFO | Message ece9f279-b946-4fd1-acc8-c4e7cc760288 marked as read by executor1
2026-08-09 15:47:34 | team | sess_1427855d33e3 | INFO | Task implement claimed by member executor1
2026-08-09 15:47:34 | team | sess_1427855d33e3 | INFO | Task implement claimed by member executor1
2026-08-09 15:47:43 | team | sess_1427855d33e3 | INFO | [executor1] processing 1 unread messages (steer=True)
2026-08-09 15:47:43 | team | sess_1427855d33e3 | INFO | Message e248acea-233d-4da9-abde-057ea9a6c2c4 marked as read by executor1
2026-08-09 15:47:49 | team | sess_1427855d33e3 | INFO | [executor1] processing 1 unread messages (steer=True)
2026-08-09 15:47:49 | team | sess_1427855d33e3 | INFO | Message 811d3785-fb02-46a0-a6cf-63a07f50e20a marked as read by executor1
2026-08-09 15:48:10 | team | sess_1427855d33e3 | INFO | Task implement completed at 1786286890367
2026-08-09 15:48:10 | team | sess_1427855d33e3 | INFO | Message 34a8776f-99a8-42f3-9c0d-4b19d56f4698 created
2026-08-09 15:48:10 | team | sess_1427855d33e3 | INFO | Resolved 1 dependencies for task implement
2026-08-09 15:48:10 | team | sess_1427855d33e3 | INFO | Task verify unblocked (all deps resolved)
2026-08-09 15:48:10 | team | sess_1427855d33e3 | INFO | Task implement completed
2026-08-09 15:48:10 | team | sess_1427855d33e3 | INFO | Unblocked 1 tasks
2026-08-09 15:48:20 | team | sess_1427855d33e3 | INFO | Message fbcfc1bc-b063-429d-ad25-a8aefd202b40 created
2026-08-09 15:48:20 | team | sess_1427855d33e3 | INFO | Message 8f30d5c9-a0fd-4f19-aa22-8efbfec59f0a created
2026-08-09 15:48:30 | team | sess_1427855d33e3 | INFO | [executor1] processing 1 unread messages (steer=True)
2026-08-09 15:48:30 | team | sess_1427855d33e3 | INFO | Message 4d3188f0-9a75-40cb-8255-c60385bd3566 marked as read by executor1
2026-08-09 15:48:35 | team | sess_1427855d33e3 | INFO | Message 6b3f9f12-68d0-4b93-af1f-8cf821493a43 created
2026-08-09 15:50:06 | team | sess_1427855d33e3 | INFO | task list drained for team jiuwen_team_sess_1427855d33e3: 3 terminal task(s)
2026-08-09 15:51:29 | team | sess_1427855d33e3 | INFO | [executor1] processing 1 unread messages (steer=True)
2026-08-09 15:51:29 | team | sess_1427855d33e3 | INFO | Message 6dc165e2-19e4-4f96-9ee5-c1552fd7d78c marked as read by executor1
2026-08-09 15:52:43 | team | sess_1427855d33e3 | INFO | team jiuwen_team_sess_1427855d33e3 reported completed: 9 members, 3 tasks
2026-08-09 15:52:43 | team | sess_1427855d33e3 | INFO | [executor1] received TEAM_STANDBY, pausing polls
2026-08-09 15:52:43 | team | sess_1427855d33e3 | INFO | EventBus[teammate] pausing polls
