2026-08-09 09:05:19 | team | sess_311f539c6f62 | INFO | Team workspace directory ensured at /srv/jwteam_clone/shared/run_current
2026-08-09 09:05:19 | team | sess_311f539c6f62 | INFO | AgentTeam manager initialized for jiuwen_team_sess_311f539c6f62, member=team_leader
2026-08-09 09:05:19 | team | sess_311f539c6f62 | INFO | [team_leader] TeamPolicyRail static sections: section_names=['team_role', 'team_workflow', 'team_swarmflow', 'team_lifecycle', 'team_persona']
2026-08-09 09:05:19 | team | sess_311f539c6f62 | INFO | Session tables ready for session sess_311f539c6f62
2026-08-09 09:05:19 | team | sess_311f539c6f62 | INFO | Team database initialized
2026-08-09 09:05:19 | team | default_trace_id | INFO | Team workspace directory ensured at /srv/jwteam_clone/shared/run_current
2026-08-09 09:05:19 | team | default_trace_id | INFO | AgentTeam manager initialized for jiuwen_team_sess_311f539c6f62, member=executor2
2026-08-09 09:05:19 | team | default_trace_id | INFO | [executor2] TeamPolicyRail static sections: section_names=['team_role', 'team_persona']
2026-08-09 09:05:19 | team | sess_311f539c6f62 | INFO | [executor2] invoke start, role=teammate
2026-08-09 09:05:19 | team | sess_311f539c6f62 | INFO | [executor2] coordination starting
2026-08-09 09:05:19 | team | sess_311f539c6f62 | INFO | Session tables ready for session sess_311f539c6f62
2026-08-09 09:05:19 | team | sess_311f539c6f62 | INFO | Workspace /srv/jwteam_clone/shared/run_current initialized as plain shared directory (version_control disabled)
2026-08-09 09:05:19 | team | sess_311f539c6f62 | INFO | EventBus[teammate] starting
2026-08-09 09:05:35 | team | sess_311f539c6f62 | INFO | [executor2] HITT section refresh: human_agent_names=[]
2026-08-09 09:05:45 | team | sess_311f539c6f62 | INFO | [executor2] processing 1 unread messages (steer=True)
2026-08-09 09:05:45 | team | sess_311f539c6f62 | INFO | Message 4b77a404-ca68-4b6c-a4b6-3056a13c72e8 marked as read by executor2
2026-08-09 09:07:06 | team | sess_311f539c6f62 | INFO | Task implement-zone-a claimed by member executor2
2026-08-09 09:07:06 | team | sess_311f539c6f62 | INFO | Task implement-zone-a claimed by member executor2
2026-08-09 09:07:11 | team | sess_311f539c6f62 | INFO | [executor2] processing 1 unread messages (steer=True)
2026-08-09 09:07:11 | team | sess_311f539c6f62 | INFO | Message a1581eb0-859f-49f7-9c30-65d0c587f2b8 marked as read by executor2
2026-08-09 09:07:19 | team | sess_311f539c6f62 | INFO | [executor2] processing 1 unread messages (steer=True)
2026-08-09 09:07:20 | team | sess_311f539c6f62 | INFO | Message 38bef64c-3728-484a-a641-8e8c17792190 marked as read by executor2
2026-08-09 09:07:31 | team | sess_311f539c6f62 | INFO | Task implement-zone-a claimed by member executor2
2026-08-09 09:07:31 | team | sess_311f539c6f62 | INFO | Task implement-zone-a claimed by member executor2
2026-08-09 09:07:39 | team | sess_311f539c6f62 | INFO | Message b8f5b286-71b9-4031-ab69-ddcc725d8c93 created
2026-08-09 09:07:48 | team | sess_311f539c6f62 | INFO | [executor2] processing 1 unread messages (steer=True)
2026-08-09 09:07:48 | team | sess_311f539c6f62 | INFO | Message c4ef6551-8df1-4e3d-8751-9244fe1d8adc marked as read by executor2
2026-08-09 09:08:19 | team | sess_311f539c6f62 | INFO | Task implement-zone-a completed at 1786262899241
2026-08-09 09:08:19 | team | sess_311f539c6f62 | INFO | Resolved 1 dependencies for task implement-zone-a
2026-08-09 09:08:19 | team | sess_311f539c6f62 | INFO | Task implement-zone-a completed
2026-08-09 09:08:24 | team | sess_311f539c6f62 | INFO | Message 3ef04029-1137-49da-8090-9c151c2b4e8c created
2026-08-09 09:09:44 | team | sess_311f539c6f62 | INFO | task list drained for team jiuwen_team_sess_311f539c6f62: 4 terminal task(s)
2026-08-09 09:09:55 | team | sess_311f539c6f62 | INFO | team jiuwen_team_sess_311f539c6f62 reported completed: 9 members, 4 tasks
2026-08-09 09:09:56 | team | sess_311f539c6f62 | INFO | [executor2] received TEAM_STANDBY, pausing polls
2026-08-09 09:09:56 | team | sess_311f539c6f62 | INFO | EventBus[teammate] pausing polls
