2026-08-09 09:05:23 | team | sess_311f539c6f62 | INFO | Team workspace directory ensured at /srv/jwteam_clone/shared/run_current
2026-08-09 09:05:23 | team | sess_311f539c6f62 | INFO | AgentTeam manager initialized for jiuwen_team_sess_311f539c6f62, member=team_leader
2026-08-09 09:05:23 | team | sess_311f539c6f62 | INFO | [team_leader] TeamPolicyRail static sections: section_names=['team_role', 'team_workflow', 'team_swarmflow', 'team_lifecycle', 'team_persona']
2026-08-09 09:05:24 | team | sess_311f539c6f62 | INFO | Session tables ready for session sess_311f539c6f62
2026-08-09 09:05:24 | team | sess_311f539c6f62 | INFO | Team database initialized
2026-08-09 09:05:24 | team | default_trace_id | INFO | Team workspace directory ensured at /srv/jwteam_clone/shared/run_current
2026-08-09 09:05:24 | team | default_trace_id | INFO | AgentTeam manager initialized for jiuwen_team_sess_311f539c6f62, member=fullstack1
2026-08-09 09:05:24 | team | default_trace_id | INFO | [fullstack1] TeamPolicyRail static sections: section_names=['team_role', 'team_persona']
2026-08-09 09:05:24 | team | sess_311f539c6f62 | INFO | [fullstack1] invoke start, role=teammate
2026-08-09 09:05:24 | team | sess_311f539c6f62 | INFO | [fullstack1] coordination starting
2026-08-09 09:05:24 | team | sess_311f539c6f62 | INFO | Session tables ready for session sess_311f539c6f62
2026-08-09 09:05:24 | team | sess_311f539c6f62 | INFO | Workspace /srv/jwteam_clone/shared/run_current initialized as plain shared directory (version_control disabled)
2026-08-09 09:05:24 | team | sess_311f539c6f62 | INFO | EventBus[teammate] starting
2026-08-09 09:05:35 | team | sess_311f539c6f62 | INFO | [fullstack1] HITT section refresh: human_agent_names=[]
2026-08-09 09:05:45 | team | sess_311f539c6f62 | INFO | [fullstack1] processing 1 unread messages (steer=True)
2026-08-09 09:05:45 | team | sess_311f539c6f62 | INFO | Message 4b77a404-ca68-4b6c-a4b6-3056a13c72e8 marked as read by fullstack1
2026-08-09 09:07:05 | team | sess_311f539c6f62 | INFO | Task implement-zone-b claimed by member fullstack1
2026-08-09 09:07:05 | team | sess_311f539c6f62 | INFO | Task implement-zone-b claimed by member fullstack1
2026-08-09 09:07:14 | team | sess_311f539c6f62 | INFO | Message ad7ca7cf-c72e-458b-840f-82d7504f00bd created
2026-08-09 09:07:23 | team | sess_311f539c6f62 | INFO | [fullstack1] processing 1 unread messages (steer=True)
2026-08-09 09:07:23 | team | sess_311f539c6f62 | INFO | Message 3cc89ab0-67a7-41fe-aaab-be17fcdee33d marked as read by fullstack1
2026-08-09 09:07:33 | team | sess_311f539c6f62 | INFO | [fullstack1] processing 1 unread messages (steer=True)
2026-08-09 09:07:33 | team | sess_311f539c6f62 | INFO | Message df4c4e59-1af9-4330-bfa9-8299d77a9344 marked as read by fullstack1
2026-08-09 09:08:00 | team | sess_311f539c6f62 | INFO | Message 0b03815f-30bd-4380-b1a5-fdb16f19e54a created
2026-08-09 09:08:07 | team | sess_311f539c6f62 | INFO | [fullstack1] processing 1 unread messages (steer=True)
2026-08-09 09:08:07 | team | sess_311f539c6f62 | INFO | Message df0d6d09-e90d-4e12-96b7-74e81f385072 marked as read by fullstack1
2026-08-09 09:08:49 | team | sess_311f539c6f62 | INFO | Message ab1db8a3-821f-4158-89b1-4130830400e7 created
2026-08-09 09:08:52 | team | sess_311f539c6f62 | INFO | Task implement-zone-b completed at 1786262932880
2026-08-09 09:08:52 | team | sess_311f539c6f62 | INFO | Resolved 1 dependencies for task implement-zone-b
2026-08-09 09:08:52 | team | sess_311f539c6f62 | INFO | Task verify unblocked (all deps resolved)
2026-08-09 09:08:52 | team | sess_311f539c6f62 | INFO | Task implement-zone-b completed
2026-08-09 09:08:52 | team | sess_311f539c6f62 | INFO | Unblocked 1 tasks
2026-08-09 09:09:00 | team | sess_311f539c6f62 | INFO | Message 0fba5fb9-4461-454b-8a30-934ab57e3ddd created
2026-08-09 09:09:44 | team | sess_311f539c6f62 | INFO | task list drained for team jiuwen_team_sess_311f539c6f62: 4 terminal task(s)
2026-08-09 09:09:55 | team | sess_311f539c6f62 | INFO | team jiuwen_team_sess_311f539c6f62 reported completed: 9 members, 4 tasks
2026-08-09 09:09:56 | team | sess_311f539c6f62 | INFO | [fullstack1] received TEAM_STANDBY, pausing polls
2026-08-09 09:09:56 | team | sess_311f539c6f62 | INFO | EventBus[teammate] pausing polls
