2026-08-09 09:05:18 | team | sess_311f539c6f62 | INFO | Team workspace directory ensured at /srv/jwteam_clone/shared/run_current
2026-08-09 09:05:18 | team | sess_311f539c6f62 | INFO | AgentTeam manager initialized for jiuwen_team_sess_311f539c6f62, member=team_leader
2026-08-09 09:05:18 | team | sess_311f539c6f62 | INFO | [team_leader] TeamPolicyRail static sections: section_names=['team_role', 'team_workflow', 'team_swarmflow', 'team_lifecycle', 'team_persona']
2026-08-09 09:05:18 | team | sess_311f539c6f62 | INFO | Session tables ready for session sess_311f539c6f62
2026-08-09 09:05:18 | team | sess_311f539c6f62 | INFO | Team database initialized
2026-08-09 09:05:18 | team | default_trace_id | INFO | Team workspace directory ensured at /srv/jwteam_clone/shared/run_current
2026-08-09 09:05:18 | team | default_trace_id | INFO | AgentTeam manager initialized for jiuwen_team_sess_311f539c6f62, member=executor1
2026-08-09 09:05:18 | team | default_trace_id | INFO | [executor1] TeamPolicyRail static sections: section_names=['team_role', 'team_persona']
2026-08-09 09:05:18 | team | sess_311f539c6f62 | INFO | [executor1] invoke start, role=teammate
2026-08-09 09:05:18 | team | sess_311f539c6f62 | INFO | [executor1] coordination starting
2026-08-09 09:05:18 | team | sess_311f539c6f62 | INFO | Session tables ready for session sess_311f539c6f62
2026-08-09 09:05:18 | team | sess_311f539c6f62 | INFO | Workspace /srv/jwteam_clone/shared/run_current initialized as plain shared directory (version_control disabled)
2026-08-09 09:05:18 | team | sess_311f539c6f62 | INFO | EventBus[teammate] starting
2026-08-09 09:05:35 | team | sess_311f539c6f62 | INFO | [executor1] HITT section refresh: human_agent_names=[]
2026-08-09 09:05:45 | team | sess_311f539c6f62 | INFO | [executor1] processing 1 unread messages (steer=True)
2026-08-09 09:05:45 | team | sess_311f539c6f62 | INFO | Message 4b77a404-ca68-4b6c-a4b6-3056a13c72e8 marked as read by executor1
2026-08-09 09:06:53 | team | sess_311f539c6f62 | INFO | [executor1] processing 1 unread messages (steer=True)
2026-08-09 09:06:53 | team | sess_311f539c6f62 | INFO | Message 9be7f9da-9326-4aeb-82f7-8923ba9fa8f7 marked as read by executor1
2026-08-09 09:07:19 | team | sess_311f539c6f62 | INFO | Message 38bef64c-3728-484a-a641-8e8c17792190 created
2026-08-09 09:07:39 | team | sess_311f539c6f62 | INFO | [executor1] processing 1 unread messages (steer=True)
2026-08-09 09:07:39 | team | sess_311f539c6f62 | INFO | Message b8f5b286-71b9-4031-ab69-ddcc725d8c93 marked as read by executor1
2026-08-09 09:07:48 | team | sess_311f539c6f62 | INFO | Message c4ef6551-8df1-4e3d-8751-9244fe1d8adc created
2026-08-09 09:09:44 | team | sess_311f539c6f62 | INFO | task list drained for team jiuwen_team_sess_311f539c6f62: 4 terminal task(s)
2026-08-09 09:09:55 | team | sess_311f539c6f62 | INFO | team jiuwen_team_sess_311f539c6f62 reported completed: 9 members, 4 tasks
2026-08-09 09:09:56 | team | sess_311f539c6f62 | INFO | [executor1] received TEAM_STANDBY, pausing polls
2026-08-09 09:09:56 | team | sess_311f539c6f62 | INFO | EventBus[teammate] pausing polls
