2026-08-09 09:05:17 | team | sess_311f539c6f62 | INFO | Team workspace directory ensured at /srv/jwteam_clone/shared/run_current
2026-08-09 09:05:17 | team | sess_311f539c6f62 | INFO | AgentTeam manager initialized for jiuwen_team_sess_311f539c6f62, member=team_leader
2026-08-09 09:05:17 | team | sess_311f539c6f62 | INFO | [team_leader] TeamPolicyRail static sections: section_names=['team_role', 'team_workflow', 'team_swarmflow', 'team_lifecycle', 'team_persona']
2026-08-09 09:05:17 | team | sess_311f539c6f62 | INFO | Session tables ready for session sess_311f539c6f62
2026-08-09 09:05:17 | team | sess_311f539c6f62 | INFO | Team database initialized
2026-08-09 09:05:17 | team | default_trace_id | INFO | Team workspace directory ensured at /srv/jwteam_clone/shared/run_current
2026-08-09 09:05:17 | team | default_trace_id | INFO | AgentTeam manager initialized for jiuwen_team_sess_311f539c6f62, member=planner2
2026-08-09 09:05:17 | team | default_trace_id | INFO | [planner2] TeamPolicyRail static sections: section_names=['team_role', 'team_persona']
2026-08-09 09:05:17 | team | sess_311f539c6f62 | INFO | [planner2] invoke start, role=teammate
2026-08-09 09:05:17 | team | sess_311f539c6f62 | INFO | [planner2] coordination starting
2026-08-09 09:05:17 | team | sess_311f539c6f62 | INFO | Session tables ready for session sess_311f539c6f62
2026-08-09 09:05:18 | team | sess_311f539c6f62 | INFO | Workspace /srv/jwteam_clone/shared/run_current initialized as plain shared directory (version_control disabled)
2026-08-09 09:05:18 | team | sess_311f539c6f62 | INFO | EventBus[teammate] starting
2026-08-09 09:05:35 | team | sess_311f539c6f62 | INFO | [planner2] HITT section refresh: human_agent_names=[]
2026-08-09 09:05:45 | team | sess_311f539c6f62 | INFO | [planner2] processing 1 unread messages (steer=True)
2026-08-09 09:05:45 | team | sess_311f539c6f62 | INFO | Message 4b77a404-ca68-4b6c-a4b6-3056a13c72e8 marked as read by planner2
2026-08-09 09:05:46 | team | sess_311f539c6f62 | INFO | Task plan claimed by member planner2
2026-08-09 09:05:46 | team | sess_311f539c6f62 | INFO | Task plan claimed by member planner2
2026-08-09 09:06:15 | team | sess_311f539c6f62 | INFO | [planner2] processing 1 unread messages (steer=True)
2026-08-09 09:06:15 | team | sess_311f539c6f62 | INFO | Message 21a4d55c-c853-4038-bdd5-c6f87124267b marked as read by planner2
2026-08-09 09:06:19 | team | sess_311f539c6f62 | INFO | Task plan claimed by member planner2
2026-08-09 09:06:19 | team | sess_311f539c6f62 | INFO | Task plan claimed by member planner2
2026-08-09 09:06:53 | team | sess_311f539c6f62 | INFO | Message 02acc993-88a8-4864-be1d-212941a25ba6 created
2026-08-09 09:06:53 | team | sess_311f539c6f62 | INFO | Message 9be7f9da-9326-4aeb-82f7-8923ba9fa8f7 created
2026-08-09 09:06:59 | team | sess_311f539c6f62 | INFO | Task plan completed at 1786262819643
2026-08-09 09:06:59 | team | sess_311f539c6f62 | INFO | Message 9b7b94d2-edbe-46f8-941b-3b4c0afdb603 created
2026-08-09 09:06:59 | team | sess_311f539c6f62 | INFO | Resolved 2 dependencies for task plan
2026-08-09 09:06:59 | team | sess_311f539c6f62 | INFO | Task implement-zone-a unblocked (all deps resolved)
2026-08-09 09:06:59 | team | sess_311f539c6f62 | INFO | Task implement-zone-b unblocked (all deps resolved)
2026-08-09 09:06:59 | team | sess_311f539c6f62 | INFO | Task plan completed
2026-08-09 09:06:59 | team | sess_311f539c6f62 | INFO | Unblocked 2 tasks
2026-08-09 09:07:14 | team | sess_311f539c6f62 | INFO | [planner2] processing 1 unread messages (steer=True)
2026-08-09 09:07:14 | team | sess_311f539c6f62 | INFO | Message ad7ca7cf-c72e-458b-840f-82d7504f00bd marked as read by planner2
2026-08-09 09:07:23 | team | sess_311f539c6f62 | INFO | Message 3cc89ab0-67a7-41fe-aaab-be17fcdee33d created
2026-08-09 09:09:44 | team | sess_311f539c6f62 | INFO | task list drained for team jiuwen_team_sess_311f539c6f62: 4 terminal task(s)
2026-08-09 09:09:55 | team | sess_311f539c6f62 | INFO | team jiuwen_team_sess_311f539c6f62 reported completed: 9 members, 4 tasks
2026-08-09 09:09:56 | team | sess_311f539c6f62 | INFO | [planner2] received TEAM_STANDBY, pausing polls
2026-08-09 09:09:56 | team | sess_311f539c6f62 | INFO | EventBus[teammate] pausing polls
