2026-08-09 09:05:20 | team | sess_311f539c6f62 | INFO | Team workspace directory ensured at /srv/jwteam_clone/shared/run_current
2026-08-09 09:05:20 | team | sess_311f539c6f62 | INFO | AgentTeam manager initialized for jiuwen_team_sess_311f539c6f62, member=team_leader
2026-08-09 09:05:20 | team | sess_311f539c6f62 | INFO | [team_leader] TeamPolicyRail static sections: section_names=['team_role', 'team_workflow', 'team_swarmflow', 'team_lifecycle', 'team_persona']
2026-08-09 09:05:20 | team | sess_311f539c6f62 | INFO | Session tables ready for session sess_311f539c6f62
2026-08-09 09:05:20 | team | sess_311f539c6f62 | INFO | Team database initialized
2026-08-09 09:05:20 | team | default_trace_id | INFO | Team workspace directory ensured at /srv/jwteam_clone/shared/run_current
2026-08-09 09:05:20 | team | default_trace_id | INFO | AgentTeam manager initialized for jiuwen_team_sess_311f539c6f62, member=executor3
2026-08-09 09:05:20 | team | default_trace_id | INFO | [executor3] TeamPolicyRail static sections: section_names=['team_role', 'team_persona']
2026-08-09 09:05:20 | team | sess_311f539c6f62 | INFO | [executor3] invoke start, role=teammate
2026-08-09 09:05:20 | team | sess_311f539c6f62 | INFO | [executor3] coordination starting
2026-08-09 09:05:20 | team | sess_311f539c6f62 | INFO | Session tables ready for session sess_311f539c6f62
2026-08-09 09:05:20 | team | sess_311f539c6f62 | INFO | Workspace /srv/jwteam_clone/shared/run_current initialized as plain shared directory (version_control disabled)
2026-08-09 09:05:20 | team | sess_311f539c6f62 | INFO | EventBus[teammate] starting
2026-08-09 09:05:35 | team | sess_311f539c6f62 | INFO | [executor3] HITT section refresh: human_agent_names=[]
2026-08-09 09:05:45 | team | sess_311f539c6f62 | INFO | [executor3] processing 1 unread messages (steer=True)
2026-08-09 09:05:45 | team | sess_311f539c6f62 | INFO | Message 4b77a404-ca68-4b6c-a4b6-3056a13c72e8 marked as read by executor3
2026-08-09 09:06:53 | team | sess_311f539c6f62 | INFO | [executor3] processing 1 unread messages (steer=True)
2026-08-09 09:06:53 | team | sess_311f539c6f62 | INFO | Message 02acc993-88a8-4864-be1d-212941a25ba6 marked as read by executor3
2026-08-09 09:07:33 | team | sess_311f539c6f62 | INFO | Message 8e3c5eca-42e5-497c-a1ed-f32d94a168e1 created
2026-08-09 09:07:33 | team | sess_311f539c6f62 | INFO | Message df4c4e59-1af9-4330-bfa9-8299d77a9344 created
2026-08-09 09:08:00 | team | sess_311f539c6f62 | INFO | [executor3] processing 1 unread messages (steer=True)
2026-08-09 09:08:00 | team | sess_311f539c6f62 | INFO | Message 0b03815f-30bd-4380-b1a5-fdb16f19e54a marked as read by executor3
2026-08-09 09:08:07 | team | sess_311f539c6f62 | INFO | Message df0d6d09-e90d-4e12-96b7-74e81f385072 created
2026-08-09 09:09:44 | team | sess_311f539c6f62 | INFO | task list drained for team jiuwen_team_sess_311f539c6f62: 4 terminal task(s)
2026-08-09 09:09:55 | team | sess_311f539c6f62 | INFO | team jiuwen_team_sess_311f539c6f62 reported completed: 9 members, 4 tasks
2026-08-09 09:09:56 | team | sess_311f539c6f62 | INFO | [executor3] received TEAM_STANDBY, pausing polls
2026-08-09 09:09:56 | team | sess_311f539c6f62 | INFO | EventBus[teammate] pausing polls
