2026-08-09 09:05:21 | team | sess_311f539c6f62 | INFO | Team workspace directory ensured at /srv/jwteam_clone/shared/run_current
2026-08-09 09:05:21 | team | sess_311f539c6f62 | INFO | AgentTeam manager initialized for jiuwen_team_sess_311f539c6f62, member=team_leader
2026-08-09 09:05:21 | team | sess_311f539c6f62 | INFO | [team_leader] TeamPolicyRail static sections: section_names=['team_role', 'team_workflow', 'team_swarmflow', 'team_lifecycle', 'team_persona']
2026-08-09 09:05:21 | team | sess_311f539c6f62 | INFO | Session tables ready for session sess_311f539c6f62
2026-08-09 09:05:21 | team | sess_311f539c6f62 | INFO | Team database initialized
2026-08-09 09:05:21 | team | default_trace_id | INFO | Team workspace directory ensured at /srv/jwteam_clone/shared/run_current
2026-08-09 09:05:21 | team | default_trace_id | INFO | AgentTeam manager initialized for jiuwen_team_sess_311f539c6f62, member=verifier1
2026-08-09 09:05:21 | team | default_trace_id | INFO | [verifier1] TeamPolicyRail static sections: section_names=['team_role', 'team_persona']
2026-08-09 09:05:21 | team | sess_311f539c6f62 | INFO | [verifier1] invoke start, role=teammate
2026-08-09 09:05:21 | team | sess_311f539c6f62 | INFO | [verifier1] coordination starting
2026-08-09 09:05:21 | team | sess_311f539c6f62 | INFO | Session tables ready for session sess_311f539c6f62
2026-08-09 09:05:21 | team | sess_311f539c6f62 | INFO | Workspace /srv/jwteam_clone/shared/run_current initialized as plain shared directory (version_control disabled)
2026-08-09 09:05:21 | team | sess_311f539c6f62 | INFO | EventBus[teammate] starting
2026-08-09 09:05:35 | team | sess_311f539c6f62 | INFO | [verifier1] HITT section refresh: human_agent_names=[]
2026-08-09 09:05:45 | team | sess_311f539c6f62 | INFO | [verifier1] processing 1 unread messages (steer=True)
2026-08-09 09:05:45 | team | sess_311f539c6f62 | INFO | Message 4b77a404-ca68-4b6c-a4b6-3056a13c72e8 marked as read by verifier1
2026-08-09 09:07:33 | team | sess_311f539c6f62 | INFO | [verifier1] processing 1 unread messages (steer=True)
2026-08-09 09:07:33 | team | sess_311f539c6f62 | INFO | Message 8e3c5eca-42e5-497c-a1ed-f32d94a168e1 marked as read by verifier1
2026-08-09 09:08:24 | team | sess_311f539c6f62 | INFO | [verifier1] processing 1 unread messages (steer=True)
2026-08-09 09:08:24 | team | sess_311f539c6f62 | INFO | Message 3ef04029-1137-49da-8090-9c151c2b4e8c marked as read by verifier1
2026-08-09 09:08:49 | team | sess_311f539c6f62 | INFO | [verifier1] processing 1 unread messages (steer=True)
2026-08-09 09:08:49 | team | sess_311f539c6f62 | INFO | Message ab1db8a3-821f-4158-89b1-4130830400e7 marked as read by verifier1
2026-08-09 09:08:57 | team | sess_311f539c6f62 | INFO | [verifier1] received TASK_CLAIMED for self, task_id=verify, human_agent=False
2026-08-09 09:09:44 | team | sess_311f539c6f62 | INFO | Task verify completed at 1786262984396
2026-08-09 09:09:44 | team | sess_311f539c6f62 | INFO | Message 08ec50fb-6453-4b9a-b855-06e6d15012c6 created
2026-08-09 09:09:44 | team | sess_311f539c6f62 | INFO | Task verify completed
2026-08-09 09:09:55 | team | sess_311f539c6f62 | INFO | team jiuwen_team_sess_311f539c6f62 reported completed: 9 members, 4 tasks
2026-08-09 09:09:56 | team | sess_311f539c6f62 | INFO | [verifier1] received TEAM_STANDBY, pausing polls
2026-08-09 09:09:56 | team | sess_311f539c6f62 | INFO | EventBus[teammate] pausing polls
