2026-08-09 09:15:46 | team | sess_4e9b0c89eea3 | INFO | Team workspace directory ensured at /srv/jwteam_clone/shared/run_current
2026-08-09 09:15:46 | team | sess_4e9b0c89eea3 | INFO | AgentTeam manager initialized for jiuwen_team_sess_4e9b0c89eea3, member=team_leader
2026-08-09 09:15:46 | team | sess_4e9b0c89eea3 | INFO | [team_leader] TeamPolicyRail static sections: section_names=['team_role', 'team_workflow', 'team_swarmflow', 'team_lifecycle', 'team_persona']
2026-08-09 09:15:46 | team | sess_4e9b0c89eea3 | INFO | Session tables ready for session sess_4e9b0c89eea3
2026-08-09 09:15:46 | team | sess_4e9b0c89eea3 | INFO | Team database initialized
2026-08-09 09:15:46 | team | default_trace_id | INFO | Team workspace directory ensured at /srv/jwteam_clone/shared/run_current
2026-08-09 09:15:46 | team | default_trace_id | INFO | AgentTeam manager initialized for jiuwen_team_sess_4e9b0c89eea3, member=planner2
2026-08-09 09:15:46 | team | default_trace_id | INFO | [planner2] TeamPolicyRail static sections: section_names=['team_role', 'team_persona']
2026-08-09 09:15:46 | team | sess_4e9b0c89eea3 | INFO | [planner2] invoke start, role=teammate
2026-08-09 09:15:46 | team | sess_4e9b0c89eea3 | INFO | [planner2] coordination starting
2026-08-09 09:15:46 | team | sess_4e9b0c89eea3 | INFO | Session tables ready for session sess_4e9b0c89eea3
2026-08-09 09:15:46 | team | sess_4e9b0c89eea3 | INFO | Workspace /srv/jwteam_clone/shared/run_current initialized as plain shared directory (version_control disabled)
2026-08-09 09:15:46 | team | sess_4e9b0c89eea3 | INFO | EventBus[teammate] starting
2026-08-09 09:16:10 | team | sess_4e9b0c89eea3 | INFO | [planner2] HITT section refresh: human_agent_names=[]
2026-08-09 09:16:14 | team | sess_4e9b0c89eea3 | INFO | Task plan claimed by member planner2
2026-08-09 09:16:14 | team | sess_4e9b0c89eea3 | INFO | Task plan claimed by member planner2
2026-08-09 09:16:20 | team | sess_4e9b0c89eea3 | INFO | [planner2] processing 1 unread messages (steer=True)
2026-08-09 09:16:20 | team | sess_4e9b0c89eea3 | INFO | Message 04d14fea-d1df-4c4a-99e2-09d7f6009bc0 marked as read by planner2
2026-08-09 09:16:44 | team | sess_4e9b0c89eea3 | INFO | [planner2] processing 1 unread messages (steer=True)
2026-08-09 09:16:44 | team | sess_4e9b0c89eea3 | INFO | Message 61789e97-4f63-40ee-b8e6-c9691f4ca774 marked as read by planner2
2026-08-09 09:17:03 | team | sess_4e9b0c89eea3 | INFO | Message ba5a45b0-5c66-4471-88b6-fa71987e0dde created
2026-08-09 09:17:08 | team | sess_4e9b0c89eea3 | INFO | [planner2] processing 1 unread messages (steer=True)
2026-08-09 09:17:08 | team | sess_4e9b0c89eea3 | INFO | Message 60c09eae-ac6a-47cd-ad44-14ee5730f374 marked as read by planner2
2026-08-09 09:17:25 | team | sess_4e9b0c89eea3 | INFO | Message ee91de1d-b181-458c-ab8b-7a0958083f38 created
2026-08-09 09:17:25 | team | sess_4e9b0c89eea3 | INFO | Message 632e792b-a0a8-472b-8160-83af73e9be6e created
2026-08-09 09:17:37 | team | sess_4e9b0c89eea3 | INFO | [planner2] processing 1 unread messages (steer=True)
2026-08-09 09:17:37 | team | sess_4e9b0c89eea3 | INFO | Message dabecbd9-98d1-443d-af5d-3e876eb3af96 marked as read by planner2
2026-08-09 09:17:48 | team | sess_4e9b0c89eea3 | INFO | [planner2] processing 1 unread messages (steer=True)
2026-08-09 09:17:48 | team | sess_4e9b0c89eea3 | INFO | Message 4017d3e3-101d-4f52-a08d-9ceeb94d241c marked as read by planner2
2026-08-09 09:18:24 | team | sess_4e9b0c89eea3 | INFO | Message 9e0ca425-1fad-4f93-a028-8c0fb84f3d0f created
2026-08-09 09:18:24 | team | sess_4e9b0c89eea3 | INFO | Message a2444827-bd5c-4fb0-91bb-71b09f4605d7 created
2026-08-09 09:18:37 | team | sess_4e9b0c89eea3 | INFO | Message 80bd99d9-462f-4d74-b17f-ee1f64fbc6de created
2026-08-09 09:18:42 | team | sess_4e9b0c89eea3 | INFO | [planner2] processing 1 unread messages (steer=True)
2026-08-09 09:18:42 | team | sess_4e9b0c89eea3 | INFO | Message a7ac6b44-09f2-4abe-a28a-171e88eedae9 marked as read by planner2
2026-08-09 09:18:46 | team | sess_4e9b0c89eea3 | INFO | Task plan completed at 1786263526563
2026-08-09 09:18:46 | team | sess_4e9b0c89eea3 | INFO | Message fe2844b9-8217-413e-8ee2-10ed177cc3ad created
2026-08-09 09:18:46 | team | sess_4e9b0c89eea3 | INFO | Resolved 2 dependencies for task plan
2026-08-09 09:18:46 | team | sess_4e9b0c89eea3 | INFO | Task impl-zone-a unblocked (all deps resolved)
2026-08-09 09:18:46 | team | sess_4e9b0c89eea3 | INFO | Task impl-zone-b unblocked (all deps resolved)
2026-08-09 09:18:46 | team | sess_4e9b0c89eea3 | INFO | Task plan completed
2026-08-09 09:18:46 | team | sess_4e9b0c89eea3 | INFO | Unblocked 2 tasks
2026-08-09 09:18:54 | team | sess_4e9b0c89eea3 | INFO | Message 5e603801-f8cc-4eda-9b62-7297df1e4fda created
2026-08-09 09:20:53 | team | sess_4e9b0c89eea3 | INFO | task list drained for team jiuwen_team_sess_4e9b0c89eea3: 4 terminal task(s)
2026-08-09 09:21:07 | team | sess_4e9b0c89eea3 | INFO | [planner2] processing 1 unread messages (steer=True)
2026-08-09 09:21:07 | team | sess_4e9b0c89eea3 | INFO | Message b90db884-6510-444d-9f46-b523d3a09501 marked as read by planner2
2026-08-09 09:21:32 | team | sess_4e9b0c89eea3 | INFO | team jiuwen_team_sess_4e9b0c89eea3 reported completed: 9 members, 4 tasks
2026-08-09 09:21:32 | team | sess_4e9b0c89eea3 | INFO | [planner2] received TEAM_STANDBY, pausing polls
2026-08-09 09:21:32 | team | sess_4e9b0c89eea3 | INFO | EventBus[teammate] pausing polls
