2026-08-09 09:15:51 | team | sess_4e9b0c89eea3 | INFO | Team workspace directory ensured at /srv/jwteam_clone/shared/run_current
2026-08-09 09:15:51 | team | sess_4e9b0c89eea3 | INFO | AgentTeam manager initialized for jiuwen_team_sess_4e9b0c89eea3, member=team_leader
2026-08-09 09:15:51 | team | sess_4e9b0c89eea3 | INFO | [team_leader] TeamPolicyRail static sections: section_names=['team_role', 'team_workflow', 'team_swarmflow', 'team_lifecycle', 'team_persona']
2026-08-09 09:15:52 | team | sess_4e9b0c89eea3 | INFO | Session tables ready for session sess_4e9b0c89eea3
2026-08-09 09:15:52 | team | sess_4e9b0c89eea3 | INFO | Team database initialized
2026-08-09 09:15:52 | team | default_trace_id | INFO | Team workspace directory ensured at /srv/jwteam_clone/shared/run_current
2026-08-09 09:15:52 | team | default_trace_id | INFO | AgentTeam manager initialized for jiuwen_team_sess_4e9b0c89eea3, member=fullstack1
2026-08-09 09:15:52 | team | default_trace_id | INFO | [fullstack1] TeamPolicyRail static sections: section_names=['team_role', 'team_persona']
2026-08-09 09:15:52 | team | sess_4e9b0c89eea3 | INFO | [fullstack1] invoke start, role=teammate
2026-08-09 09:15:52 | team | sess_4e9b0c89eea3 | INFO | [fullstack1] coordination starting
2026-08-09 09:15:52 | team | sess_4e9b0c89eea3 | INFO | Session tables ready for session sess_4e9b0c89eea3
2026-08-09 09:15:52 | team | sess_4e9b0c89eea3 | INFO | Workspace /srv/jwteam_clone/shared/run_current initialized as plain shared directory (version_control disabled)
2026-08-09 09:15:52 | team | sess_4e9b0c89eea3 | INFO | EventBus[teammate] starting
2026-08-09 09:16:10 | team | sess_4e9b0c89eea3 | INFO | [fullstack1] HITT section refresh: human_agent_names=[]
2026-08-09 09:16:20 | team | sess_4e9b0c89eea3 | INFO | [fullstack1] processing 1 unread messages (steer=True)
2026-08-09 09:16:20 | team | sess_4e9b0c89eea3 | INFO | Message 04d14fea-d1df-4c4a-99e2-09d7f6009bc0 marked as read by fullstack1
2026-08-09 09:17:08 | team | sess_4e9b0c89eea3 | INFO | Message 60c09eae-ac6a-47cd-ad44-14ee5730f374 created
2026-08-09 09:18:52 | team | sess_4e9b0c89eea3 | INFO | Task impl-zone-b claimed by member fullstack1
2026-08-09 09:18:52 | team | sess_4e9b0c89eea3 | INFO | Task impl-zone-b claimed by member fullstack1
2026-08-09 09:19:08 | team | sess_4e9b0c89eea3 | INFO | [fullstack1] processing 1 unread messages (steer=True)
2026-08-09 09:19:08 | team | sess_4e9b0c89eea3 | INFO | Message 745bcc0b-39ac-4773-8257-f36e57c3bfba marked as read by fullstack1
2026-08-09 09:19:37 | team | sess_4e9b0c89eea3 | INFO | Message 8a3f0c4d-d1f1-4872-9013-303ffc3644ea created
2026-08-09 09:19:42 | team | sess_4e9b0c89eea3 | INFO | Task impl-zone-b completed at 1786263582441
2026-08-09 09:19:42 | team | sess_4e9b0c89eea3 | INFO | Resolved 1 dependencies for task impl-zone-b
2026-08-09 09:19:42 | team | sess_4e9b0c89eea3 | INFO | Task verify unblocked (all deps resolved)
2026-08-09 09:19:42 | team | sess_4e9b0c89eea3 | INFO | Task impl-zone-b completed
2026-08-09 09:19:42 | team | sess_4e9b0c89eea3 | INFO | Unblocked 1 tasks
2026-08-09 09:19:49 | team | sess_4e9b0c89eea3 | INFO | Message 2671937a-29f1-43bb-ac0f-2221ead1ccc5 created
2026-08-09 09:20:53 | team | sess_4e9b0c89eea3 | INFO | task list drained for team jiuwen_team_sess_4e9b0c89eea3: 4 terminal task(s)
2026-08-09 09:21:07 | team | sess_4e9b0c89eea3 | INFO | [fullstack1] processing 1 unread messages (steer=True)
2026-08-09 09:21:07 | team | sess_4e9b0c89eea3 | INFO | Message b90db884-6510-444d-9f46-b523d3a09501 marked as read by fullstack1
2026-08-09 09:21:32 | team | sess_4e9b0c89eea3 | INFO | team jiuwen_team_sess_4e9b0c89eea3 reported completed: 9 members, 4 tasks
2026-08-09 09:21:32 | team | sess_4e9b0c89eea3 | INFO | [fullstack1] received TEAM_STANDBY, pausing polls
2026-08-09 09:21:32 | team | sess_4e9b0c89eea3 | INFO | EventBus[teammate] pausing polls
