2026-08-09 09:15:50 | team | sess_4e9b0c89eea3 | INFO | Team workspace directory ensured at /srv/jwteam_clone/shared/run_current
2026-08-09 09:15:50 | team | sess_4e9b0c89eea3 | INFO | AgentTeam manager initialized for jiuwen_team_sess_4e9b0c89eea3, member=team_leader
2026-08-09 09:15:50 | team | sess_4e9b0c89eea3 | INFO | [team_leader] TeamPolicyRail static sections: section_names=['team_role', 'team_workflow', 'team_swarmflow', 'team_lifecycle', 'team_persona']
2026-08-09 09:15:50 | team | sess_4e9b0c89eea3 | INFO | Session tables ready for session sess_4e9b0c89eea3
2026-08-09 09:15:50 | team | sess_4e9b0c89eea3 | INFO | Team database initialized
2026-08-09 09:15:50 | team | default_trace_id | INFO | Team workspace directory ensured at /srv/jwteam_clone/shared/run_current
2026-08-09 09:15:50 | team | default_trace_id | INFO | AgentTeam manager initialized for jiuwen_team_sess_4e9b0c89eea3, member=verifier1
2026-08-09 09:15:50 | team | default_trace_id | INFO | [verifier1] TeamPolicyRail static sections: section_names=['team_role', 'team_persona']
2026-08-09 09:15:50 | team | sess_4e9b0c89eea3 | INFO | [verifier1] invoke start, role=teammate
2026-08-09 09:15:50 | team | sess_4e9b0c89eea3 | INFO | [verifier1] coordination starting
2026-08-09 09:15:50 | team | sess_4e9b0c89eea3 | INFO | Session tables ready for session sess_4e9b0c89eea3
2026-08-09 09:15:50 | team | sess_4e9b0c89eea3 | INFO | Workspace /srv/jwteam_clone/shared/run_current initialized as plain shared directory (version_control disabled)
2026-08-09 09:15:50 | team | sess_4e9b0c89eea3 | INFO | EventBus[teammate] starting
2026-08-09 09:16:10 | team | sess_4e9b0c89eea3 | INFO | [verifier1] HITT section refresh: human_agent_names=[]
2026-08-09 09:16:20 | team | sess_4e9b0c89eea3 | INFO | [verifier1] processing 1 unread messages (steer=True)
2026-08-09 09:16:20 | team | sess_4e9b0c89eea3 | INFO | Message 04d14fea-d1df-4c4a-99e2-09d7f6009bc0 marked as read by verifier1
2026-08-09 09:17:17 | team | sess_4e9b0c89eea3 | INFO | Message 24337577-5c47-42ad-8faf-507cffa9f8cb created
2026-08-09 09:19:22 | team | sess_4e9b0c89eea3 | INFO | [verifier1] processing 1 unread messages (steer=True)
2026-08-09 09:19:22 | team | sess_4e9b0c89eea3 | INFO | Message 7192b34b-0e25-4bb0-8941-a53edf7aa754 marked as read by verifier1
2026-08-09 09:19:35 | team | sess_4e9b0c89eea3 | INFO | Message c978d1ea-42f3-4a51-b462-c889a28d4889 created
2026-08-09 09:19:37 | team | sess_4e9b0c89eea3 | INFO | [verifier1] processing 1 unread messages (steer=True)
2026-08-09 09:19:37 | team | sess_4e9b0c89eea3 | INFO | Message 8a3f0c4d-d1f1-4872-9013-303ffc3644ea marked as read by verifier1
2026-08-09 09:19:42 | team | sess_4e9b0c89eea3 | INFO | [verifier1] processing 1 unread messages (steer=True)
2026-08-09 09:19:42 | team | sess_4e9b0c89eea3 | INFO | Message fb9c2b5e-dbee-49bc-a03b-76ed16cddc5d marked as read by verifier1
2026-08-09 09:20:23 | team | sess_4e9b0c89eea3 | INFO | Message 2ebb0797-f4dd-4676-b6f7-b0023734e080 created
2026-08-09 09:20:53 | team | sess_4e9b0c89eea3 | INFO | task list drained for team jiuwen_team_sess_4e9b0c89eea3: 4 terminal task(s)
2026-08-09 09:21:07 | team | sess_4e9b0c89eea3 | INFO | [verifier1] processing 1 unread messages (steer=True)
2026-08-09 09:21:07 | team | sess_4e9b0c89eea3 | INFO | Message b90db884-6510-444d-9f46-b523d3a09501 marked as read by verifier1
2026-08-09 09:21:32 | team | sess_4e9b0c89eea3 | INFO | team jiuwen_team_sess_4e9b0c89eea3 reported completed: 9 members, 4 tasks
2026-08-09 09:21:32 | team | sess_4e9b0c89eea3 | INFO | [verifier1] received TEAM_STANDBY, pausing polls
2026-08-09 09:21:32 | team | sess_4e9b0c89eea3 | INFO | EventBus[teammate] pausing polls
