2026-08-09 09:15:48 | team | sess_4e9b0c89eea3 | INFO | Team workspace directory ensured at /srv/jwteam_clone/shared/run_current
2026-08-09 09:15:48 | team | sess_4e9b0c89eea3 | INFO | AgentTeam manager initialized for jiuwen_team_sess_4e9b0c89eea3, member=team_leader
2026-08-09 09:15:48 | team | sess_4e9b0c89eea3 | INFO | [team_leader] TeamPolicyRail static sections: section_names=['team_role', 'team_workflow', 'team_swarmflow', 'team_lifecycle', 'team_persona']
2026-08-09 09:15:48 | team | sess_4e9b0c89eea3 | INFO | Session tables ready for session sess_4e9b0c89eea3
2026-08-09 09:15:48 | team | sess_4e9b0c89eea3 | INFO | Team database initialized
2026-08-09 09:15:48 | team | default_trace_id | INFO | Team workspace directory ensured at /srv/jwteam_clone/shared/run_current
2026-08-09 09:15:48 | team | default_trace_id | INFO | AgentTeam manager initialized for jiuwen_team_sess_4e9b0c89eea3, member=executor2
2026-08-09 09:15:48 | team | default_trace_id | INFO | [executor2] TeamPolicyRail static sections: section_names=['team_role', 'team_persona']
2026-08-09 09:15:48 | team | sess_4e9b0c89eea3 | INFO | [executor2] invoke start, role=teammate
2026-08-09 09:15:48 | team | sess_4e9b0c89eea3 | INFO | [executor2] coordination starting
2026-08-09 09:15:48 | team | sess_4e9b0c89eea3 | INFO | Session tables ready for session sess_4e9b0c89eea3
2026-08-09 09:15:48 | team | sess_4e9b0c89eea3 | INFO | Workspace /srv/jwteam_clone/shared/run_current initialized as plain shared directory (version_control disabled)
2026-08-09 09:15:48 | team | sess_4e9b0c89eea3 | INFO | EventBus[teammate] starting
2026-08-09 09:16:10 | team | sess_4e9b0c89eea3 | INFO | [executor2] HITT section refresh: human_agent_names=[]
2026-08-09 09:16:20 | team | sess_4e9b0c89eea3 | INFO | [executor2] processing 1 unread messages (steer=True)
2026-08-09 09:16:20 | team | sess_4e9b0c89eea3 | INFO | Message 04d14fea-d1df-4c4a-99e2-09d7f6009bc0 marked as read by executor2
2026-08-09 09:20:53 | team | sess_4e9b0c89eea3 | INFO | task list drained for team jiuwen_team_sess_4e9b0c89eea3: 4 terminal task(s)
2026-08-09 09:21:07 | team | sess_4e9b0c89eea3 | INFO | [executor2] processing 1 unread messages (steer=True)
2026-08-09 09:21:07 | team | sess_4e9b0c89eea3 | INFO | Message b90db884-6510-444d-9f46-b523d3a09501 marked as read by executor2
2026-08-09 09:21:32 | team | sess_4e9b0c89eea3 | INFO | team jiuwen_team_sess_4e9b0c89eea3 reported completed: 9 members, 4 tasks
2026-08-09 09:21:32 | team | sess_4e9b0c89eea3 | INFO | [executor2] received TEAM_STANDBY, pausing polls
2026-08-09 09:21:32 | team | sess_4e9b0c89eea3 | INFO | EventBus[teammate] pausing polls
