2026-08-09 09:15:46 | team | sess_4e9b0c89eea3 | INFO | Team workspace directory ensured at /srv/jwteam_clone/shared/run_current
2026-08-09 09:15:46 | team | sess_4e9b0c89eea3 | INFO | AgentTeam manager initialized for jiuwen_team_sess_4e9b0c89eea3, member=team_leader
2026-08-09 09:15:46 | team | sess_4e9b0c89eea3 | INFO | [team_leader] TeamPolicyRail static sections: section_names=['team_role', 'team_workflow', 'team_swarmflow', 'team_lifecycle', 'team_persona']
2026-08-09 09:15:46 | team | sess_4e9b0c89eea3 | INFO | Session tables ready for session sess_4e9b0c89eea3
2026-08-09 09:15:46 | team | sess_4e9b0c89eea3 | INFO | Team database initialized
2026-08-09 09:15:46 | team | default_trace_id | INFO | Team workspace directory ensured at /srv/jwteam_clone/shared/run_current
2026-08-09 09:15:46 | team | default_trace_id | INFO | AgentTeam manager initialized for jiuwen_team_sess_4e9b0c89eea3, member=executor1
2026-08-09 09:15:46 | team | default_trace_id | INFO | [executor1] TeamPolicyRail static sections: section_names=['team_role', 'team_persona']
2026-08-09 09:15:47 | team | sess_4e9b0c89eea3 | INFO | [executor1] invoke start, role=teammate
2026-08-09 09:15:47 | team | sess_4e9b0c89eea3 | INFO | [executor1] coordination starting
2026-08-09 09:15:47 | team | sess_4e9b0c89eea3 | INFO | Session tables ready for session sess_4e9b0c89eea3
2026-08-09 09:15:47 | team | sess_4e9b0c89eea3 | INFO | Workspace /srv/jwteam_clone/shared/run_current initialized as plain shared directory (version_control disabled)
2026-08-09 09:15:47 | team | sess_4e9b0c89eea3 | INFO | EventBus[teammate] starting
2026-08-09 09:16:10 | team | sess_4e9b0c89eea3 | INFO | [executor1] HITT section refresh: human_agent_names=[]
2026-08-09 09:16:20 | team | sess_4e9b0c89eea3 | INFO | [executor1] processing 1 unread messages (steer=True)
2026-08-09 09:16:20 | team | sess_4e9b0c89eea3 | INFO | Message 04d14fea-d1df-4c4a-99e2-09d7f6009bc0 marked as read by executor1
2026-08-09 09:17:25 | team | sess_4e9b0c89eea3 | INFO | [executor1] processing 1 unread messages (steer=True)
2026-08-09 09:17:25 | team | sess_4e9b0c89eea3 | INFO | Message 632e792b-a0a8-472b-8160-83af73e9be6e marked as read by executor1
2026-08-09 09:17:37 | team | sess_4e9b0c89eea3 | INFO | Message dabecbd9-98d1-443d-af5d-3e876eb3af96 created
2026-08-09 09:18:24 | team | sess_4e9b0c89eea3 | INFO | [executor1] processing 1 unread messages (steer=True)
2026-08-09 09:18:24 | team | sess_4e9b0c89eea3 | INFO | Message 9e0ca425-1fad-4f93-a028-8c0fb84f3d0f marked as read by executor1
2026-08-09 09:18:42 | team | sess_4e9b0c89eea3 | INFO | Message a7ac6b44-09f2-4abe-a28a-171e88eedae9 created
2026-08-09 09:18:51 | team | sess_4e9b0c89eea3 | INFO | Task impl-zone-a claimed by member executor1
2026-08-09 09:18:51 | team | sess_4e9b0c89eea3 | INFO | Task impl-zone-a claimed by member executor1
2026-08-09 09:18:54 | team | sess_4e9b0c89eea3 | INFO | [executor1] processing 1 unread messages (steer=True)
2026-08-09 09:18:54 | team | sess_4e9b0c89eea3 | INFO | Message 5e603801-f8cc-4eda-9b62-7297df1e4fda marked as read by executor1
2026-08-09 09:19:22 | team | sess_4e9b0c89eea3 | INFO | Message 7192b34b-0e25-4bb0-8941-a53edf7aa754 created
2026-08-09 09:19:26 | team | sess_4e9b0c89eea3 | INFO | Task impl-zone-a completed at 1786263566569
2026-08-09 09:19:26 | team | sess_4e9b0c89eea3 | INFO | Resolved 1 dependencies for task impl-zone-a
2026-08-09 09:19:26 | team | sess_4e9b0c89eea3 | INFO | Task impl-zone-a completed
2026-08-09 09:19:35 | team | sess_4e9b0c89eea3 | INFO | [executor1] processing 1 unread messages (steer=True)
2026-08-09 09:19:35 | team | sess_4e9b0c89eea3 | INFO | Message c978d1ea-42f3-4a51-b462-c889a28d4889 marked as read by executor1
2026-08-09 09:19:37 | team | sess_4e9b0c89eea3 | INFO | Message e117424b-eb78-4fc6-90fb-9f50ada42e2e created
2026-08-09 09:19:42 | team | sess_4e9b0c89eea3 | INFO | Message fb9c2b5e-dbee-49bc-a03b-76ed16cddc5d created
2026-08-09 09:20:53 | team | sess_4e9b0c89eea3 | INFO | task list drained for team jiuwen_team_sess_4e9b0c89eea3: 4 terminal task(s)
2026-08-09 09:21:07 | team | sess_4e9b0c89eea3 | INFO | [executor1] processing 1 unread messages (steer=True)
2026-08-09 09:21:07 | team | sess_4e9b0c89eea3 | INFO | Message b90db884-6510-444d-9f46-b523d3a09501 marked as read by executor1
2026-08-09 09:21:32 | team | sess_4e9b0c89eea3 | INFO | team jiuwen_team_sess_4e9b0c89eea3 reported completed: 9 members, 4 tasks
2026-08-09 09:21:32 | team | sess_4e9b0c89eea3 | INFO | [executor1] received TEAM_STANDBY, pausing polls
2026-08-09 09:21:32 | team | sess_4e9b0c89eea3 | INFO | EventBus[teammate] pausing polls
