2026-08-23 17:00:33 | team | sess_04d67b33fd44 | INFO | Team workspace directory ensured at /srv/jwteam_clone/shared/run_current
2026-08-23 17:00:33 | team | sess_04d67b33fd44 | INFO | AgentTeam manager initialized for jiuwen_team_sess_04d67b33fd44, member=team_leader
2026-08-23 17:00:33 | team | sess_04d67b33fd44 | INFO | [team_leader] TeamPolicyRail static sections: section_names=['team_role', 'team_workflow', 'team_swarmflow', 'team_lifecycle', 'team_persona']
2026-08-23 17:00:34 | team | sess_04d67b33fd44 | INFO | Session tables ready for session sess_04d67b33fd44
2026-08-23 17:00:34 | team | sess_04d67b33fd44 | INFO | Team database initialized
2026-08-23 17:00:34 | team | default_trace_id | INFO | Team workspace directory ensured at /srv/jwteam_clone/shared/run_current
2026-08-23 17:00:34 | team | default_trace_id | INFO | AgentTeam manager initialized for jiuwen_team_sess_04d67b33fd44, member=fullstack1
2026-08-23 17:00:34 | team | default_trace_id | INFO | [fullstack1] TeamPolicyRail static sections: section_names=['team_role', 'team_persona']
2026-08-23 17:00:34 | team | sess_04d67b33fd44 | INFO | [fullstack1] invoke start, role=teammate
2026-08-23 17:00:34 | team | sess_04d67b33fd44 | INFO | [fullstack1] coordination starting
2026-08-23 17:00:34 | team | sess_04d67b33fd44 | INFO | Session tables ready for session sess_04d67b33fd44
2026-08-23 17:00:34 | team | sess_04d67b33fd44 | INFO | Workspace /srv/jwteam_clone/shared/run_current initialized as plain shared directory (version_control disabled)
2026-08-23 17:00:34 | team | sess_04d67b33fd44 | INFO | EventBus[teammate] starting
2026-08-23 17:01:08 | team | sess_04d67b33fd44 | INFO | [fullstack1] HITT section refresh: human_agent_names=[]
2026-08-23 17:03:10 | team | sess_04d67b33fd44 | INFO | [fullstack1] processing 1 unread messages (steer=True)
2026-08-23 17:03:10 | team | sess_04d67b33fd44 | INFO | Message b1fed268-2bbe-4d0a-b371-f35561aaf6a0 marked as read by fullstack1
2026-08-23 17:10:24 | team | sess_04d67b33fd44 | INFO | Task attest claimed by member fullstack1
2026-08-23 17:10:24 | team | sess_04d67b33fd44 | INFO | Task attest claimed by member fullstack1
2026-08-23 17:10:55 | team | sess_04d67b33fd44 | INFO | [fullstack1] processing 1 unread messages (steer=True)
2026-08-23 17:10:55 | team | sess_04d67b33fd44 | INFO | Message f4bd0128-b5cb-4afa-b90f-288773daa2b7 marked as read by fullstack1
2026-08-23 17:11:07 | team | sess_04d67b33fd44 | INFO | [fullstack1] processing 2 unread messages (steer=True)
2026-08-23 17:11:07 | team | sess_04d67b33fd44 | INFO | Message 6803b9ec-b5a3-4b95-83fe-d9ead6c48b62 marked as read by fullstack1
2026-08-23 17:11:07 | team | sess_04d67b33fd44 | INFO | Message 48e96328-a176-454c-b82c-97d5f90b9942 marked as read by fullstack1
2026-08-23 17:12:55 | team | sess_04d67b33fd44 | INFO | Task attest completed at 1787501575463
2026-08-23 17:12:55 | team | sess_04d67b33fd44 | INFO | Task attest completed
2026-08-23 17:13:24 | team | sess_04d67b33fd44 | INFO | Message ba04b9f6-eb04-4138-9110-2e80fef73cb4 created
2026-08-23 17:13:24 | team | sess_04d67b33fd44 | INFO | Message 43105094-59d9-4b7a-aa28-580557553e85 created
2026-08-23 17:13:24 | team | sess_04d67b33fd44 | INFO | Message 045df05d-781d-41ec-9a31-014c5e6ae2b2 created
2026-08-23 17:14:50 | team | sess_04d67b33fd44 | INFO | team jiuwen_team_sess_04d67b33fd44 reported completed: 9 members, 7 tasks
2026-08-23 17:14:51 | team | sess_04d67b33fd44 | INFO | [fullstack1] received TEAM_STANDBY, pausing polls
2026-08-23 17:14:51 | team | sess_04d67b33fd44 | INFO | EventBus[teammate] pausing polls
