2026-08-23 17:00:32 | team | sess_04d67b33fd44 | INFO | Team workspace directory ensured at /srv/jwteam_clone/shared/run_current
2026-08-23 17:00:32 | team | sess_04d67b33fd44 | INFO | AgentTeam manager initialized for jiuwen_team_sess_04d67b33fd44, member=team_leader
2026-08-23 17:00:32 | team | sess_04d67b33fd44 | INFO | [team_leader] TeamPolicyRail static sections: section_names=['team_role', 'team_workflow', 'team_swarmflow', 'team_lifecycle', 'team_persona']
2026-08-23 17:00:32 | team | sess_04d67b33fd44 | INFO | Session tables ready for session sess_04d67b33fd44
2026-08-23 17:00:32 | team | sess_04d67b33fd44 | INFO | Team database initialized
2026-08-23 17:00:32 | team | default_trace_id | INFO | Team workspace directory ensured at /srv/jwteam_clone/shared/run_current
2026-08-23 17:00:32 | team | default_trace_id | INFO | AgentTeam manager initialized for jiuwen_team_sess_04d67b33fd44, member=verifier2
2026-08-23 17:00:32 | team | default_trace_id | INFO | [verifier2] TeamPolicyRail static sections: section_names=['team_role', 'team_persona']
2026-08-23 17:00:32 | team | sess_04d67b33fd44 | INFO | [verifier2] invoke start, role=teammate
2026-08-23 17:00:32 | team | sess_04d67b33fd44 | INFO | [verifier2] coordination starting
2026-08-23 17:00:32 | team | sess_04d67b33fd44 | INFO | Session tables ready for session sess_04d67b33fd44
2026-08-23 17:00:32 | team | sess_04d67b33fd44 | INFO | Workspace /srv/jwteam_clone/shared/run_current initialized as plain shared directory (version_control disabled)
2026-08-23 17:00:32 | team | sess_04d67b33fd44 | INFO | EventBus[teammate] starting
2026-08-23 17:01:08 | team | sess_04d67b33fd44 | INFO | [verifier2] HITT section refresh: human_agent_names=[]
2026-08-23 17:03:10 | team | sess_04d67b33fd44 | INFO | [verifier2] processing 1 unread messages (steer=True)
2026-08-23 17:03:10 | team | sess_04d67b33fd44 | INFO | Message b1fed268-2bbe-4d0a-b371-f35561aaf6a0 marked as read by verifier2
2026-08-23 17:04:18 | team | sess_04d67b33fd44 | INFO | [verifier2] received TASK_CLAIMED for self, task_id=verify_multi4, human_agent=False
2026-08-23 17:04:25 | team | sess_04d67b33fd44 | INFO | [verifier2] processing 1 unread messages (steer=True)
2026-08-23 17:04:25 | team | sess_04d67b33fd44 | INFO | Message 8c72ae3d-5d13-4bba-8241-709182533f1e marked as read by verifier2
2026-08-23 17:10:18 | team | sess_04d67b33fd44 | INFO | Task verify_multi4 completed at 1787501418199
2026-08-23 17:10:18 | team | sess_04d67b33fd44 | INFO | Resolved 1 dependencies for task verify_multi4
2026-08-23 17:10:18 | team | sess_04d67b33fd44 | INFO | Task attest unblocked (all deps resolved)
2026-08-23 17:10:18 | team | sess_04d67b33fd44 | INFO | Task verify_multi4 completed
2026-08-23 17:10:18 | team | sess_04d67b33fd44 | INFO | Unblocked 1 tasks
2026-08-23 17:10:43 | team | sess_04d67b33fd44 | INFO | Message a54dd1b9-74e7-4cfc-bf06-f05d2e8acca3 created
2026-08-23 17:10:43 | team | sess_04d67b33fd44 | INFO | Message 31c9a8f8-6328-4b63-b682-1c17a35f2f5d created
2026-08-23 17:10:55 | team | sess_04d67b33fd44 | INFO | Message f4bd0128-b5cb-4afa-b90f-288773daa2b7 created
2026-08-23 17:12:55 | team | sess_04d67b33fd44 | INFO | task list drained for team jiuwen_team_sess_04d67b33fd44: 7 terminal task(s)
2026-08-23 17:13:05 | team | sess_04d67b33fd44 | INFO | [verifier2] processing 1 unread messages (steer=True)
2026-08-23 17:13:05 | team | sess_04d67b33fd44 | INFO | Message 65719d5d-87dd-4dde-b55e-3f9f56f2d892 marked as read by verifier2
2026-08-23 17:13:16 | team | sess_04d67b33fd44 | INFO | Message 681be334-e11a-49ff-a007-eeba2a920619 created
2026-08-23 17:13:24 | team | sess_04d67b33fd44 | INFO | [verifier2] processing 1 unread messages (steer=True)
2026-08-23 17:13:25 | team | sess_04d67b33fd44 | INFO | Message ba04b9f6-eb04-4138-9110-2e80fef73cb4 marked as read by verifier2
2026-08-23 17:14:50 | team | sess_04d67b33fd44 | INFO | team jiuwen_team_sess_04d67b33fd44 reported completed: 9 members, 7 tasks
2026-08-23 17:14:51 | team | sess_04d67b33fd44 | INFO | [verifier2] received TEAM_STANDBY, pausing polls
2026-08-23 17:14:51 | team | sess_04d67b33fd44 | INFO | EventBus[teammate] pausing polls
