2026-08-23 17:00:29 | team | sess_04d67b33fd44 | INFO | Team workspace directory ensured at /srv/jwteam_clone/shared/run_current
2026-08-23 17:00:29 | team | sess_04d67b33fd44 | INFO | AgentTeam manager initialized for jiuwen_team_sess_04d67b33fd44, member=team_leader
2026-08-23 17:00:29 | team | sess_04d67b33fd44 | INFO | [team_leader] TeamPolicyRail static sections: section_names=['team_role', 'team_workflow', 'team_swarmflow', 'team_lifecycle', 'team_persona']
2026-08-23 17:00:29 | team | sess_04d67b33fd44 | INFO | Session tables ready for session sess_04d67b33fd44
2026-08-23 17:00:29 | team | sess_04d67b33fd44 | INFO | Team database initialized
2026-08-23 17:00:29 | team | default_trace_id | INFO | Team workspace directory ensured at /srv/jwteam_clone/shared/run_current
2026-08-23 17:00:29 | team | default_trace_id | INFO | AgentTeam manager initialized for jiuwen_team_sess_04d67b33fd44, member=executor2
2026-08-23 17:00:29 | team | default_trace_id | INFO | [executor2] TeamPolicyRail static sections: section_names=['team_role', 'team_persona']
2026-08-23 17:00:29 | team | sess_04d67b33fd44 | INFO | [executor2] invoke start, role=teammate
2026-08-23 17:00:29 | team | sess_04d67b33fd44 | INFO | [executor2] coordination starting
2026-08-23 17:00:29 | team | sess_04d67b33fd44 | INFO | Session tables ready for session sess_04d67b33fd44
2026-08-23 17:00:29 | team | sess_04d67b33fd44 | INFO | Workspace /srv/jwteam_clone/shared/run_current initialized as plain shared directory (version_control disabled)
2026-08-23 17:00:29 | team | sess_04d67b33fd44 | INFO | EventBus[teammate] starting
2026-08-23 17:01:08 | team | sess_04d67b33fd44 | INFO | [executor2] HITT section refresh: human_agent_names=[]
2026-08-23 17:03:10 | team | sess_04d67b33fd44 | INFO | [executor2] processing 1 unread messages (steer=True)
2026-08-23 17:03:10 | team | sess_04d67b33fd44 | INFO | Message b1fed268-2bbe-4d0a-b371-f35561aaf6a0 marked as read by executor2
2026-08-23 17:12:55 | team | sess_04d67b33fd44 | INFO | task list drained for team jiuwen_team_sess_04d67b33fd44: 7 terminal task(s)
2026-08-23 17:14:50 | team | sess_04d67b33fd44 | INFO | team jiuwen_team_sess_04d67b33fd44 reported completed: 9 members, 7 tasks
2026-08-23 17:14:51 | team | sess_04d67b33fd44 | INFO | [executor2] received TEAM_STANDBY, pausing polls
2026-08-23 17:14:51 | team | sess_04d67b33fd44 | INFO | EventBus[teammate] pausing polls
