2026-08-23 17:00:25 | team | sess_04d67b33fd44 | INFO | Team workspace directory ensured at /srv/jwteam_clone/shared/run_current
2026-08-23 17:00:25 | team | sess_04d67b33fd44 | INFO | AgentTeam manager initialized for jiuwen_team_sess_04d67b33fd44, member=team_leader
2026-08-23 17:00:25 | team | sess_04d67b33fd44 | INFO | [team_leader] TeamPolicyRail static sections: section_names=['team_role', 'team_workflow', 'team_swarmflow', 'team_lifecycle', 'team_persona']
2026-08-23 17:00:26 | team | sess_04d67b33fd44 | INFO | Session tables ready for session sess_04d67b33fd44
2026-08-23 17:00:26 | team | sess_04d67b33fd44 | INFO | Team database initialized
2026-08-23 17:00:26 | team | default_trace_id | INFO | Team workspace directory ensured at /srv/jwteam_clone/shared/run_current
2026-08-23 17:00:26 | team | default_trace_id | INFO | AgentTeam manager initialized for jiuwen_team_sess_04d67b33fd44, member=planner2
2026-08-23 17:00:26 | team | default_trace_id | INFO | [planner2] TeamPolicyRail static sections: section_names=['team_role', 'team_persona']
2026-08-23 17:00:26 | team | sess_04d67b33fd44 | INFO | [planner2] invoke start, role=teammate
2026-08-23 17:00:26 | team | sess_04d67b33fd44 | INFO | [planner2] coordination starting
2026-08-23 17:00:26 | team | sess_04d67b33fd44 | INFO | Session tables ready for session sess_04d67b33fd44
2026-08-23 17:00:26 | team | sess_04d67b33fd44 | INFO | Workspace /srv/jwteam_clone/shared/run_current initialized as plain shared directory (version_control disabled)
2026-08-23 17:00:26 | team | sess_04d67b33fd44 | INFO | EventBus[teammate] starting
2026-08-23 17:01:08 | team | sess_04d67b33fd44 | INFO | [planner2] HITT section refresh: human_agent_names=[]
2026-08-23 17:01:28 | team | sess_04d67b33fd44 | INFO | [planner2] received TASK_CLAIMED for self, task_id=plan_multi4, human_agent=False
2026-08-23 17:02:43 | team | sess_04d67b33fd44 | INFO | [planner2] processing 1 unread messages (steer=True)
2026-08-23 17:02:43 | team | sess_04d67b33fd44 | INFO | Message b683e2e8-0be8-4346-9dcc-27bdff7095ba marked as read by planner2
2026-08-23 17:02:48 | team | sess_04d67b33fd44 | INFO | Message 1978aa3d-f2c2-444d-bcb8-185bd5c72aa3 created
2026-08-23 17:03:10 | team | sess_04d67b33fd44 | INFO | [planner2] processing 1 unread messages (steer=True)
2026-08-23 17:03:10 | team | sess_04d67b33fd44 | INFO | Message b1fed268-2bbe-4d0a-b371-f35561aaf6a0 marked as read by planner2
2026-08-23 17:03:13 | team | sess_04d67b33fd44 | INFO | Message 878a3f87-8295-43e5-8f32-f09409a2fad5 created
2026-08-23 17:03:22 | team | sess_04d67b33fd44 | INFO | Task plan_multi4 completed at 1787501002038
2026-08-23 17:03:22 | team | sess_04d67b33fd44 | INFO | Message b7b2f468-8df9-4fc9-8843-26d713d250c0 created
2026-08-23 17:03:22 | team | sess_04d67b33fd44 | INFO | Resolved 1 dependencies for task plan_multi4
2026-08-23 17:03:22 | team | sess_04d67b33fd44 | INFO | Task implement_multi4 unblocked (all deps resolved)
2026-08-23 17:03:22 | team | sess_04d67b33fd44 | INFO | Task plan_multi4 completed
2026-08-23 17:03:22 | team | sess_04d67b33fd44 | INFO | Unblocked 1 tasks
2026-08-23 17:04:25 | team | sess_04d67b33fd44 | INFO | [planner2] processing 1 unread messages (steer=True)
2026-08-23 17:04:25 | team | sess_04d67b33fd44 | INFO | Message 91d8cbde-0da3-4a9a-bd35-05c7dd953f5d marked as read by planner2
2026-08-23 17:04:35 | team | sess_04d67b33fd44 | INFO | Message 35684718-bb3c-431d-adb6-a915b8442ded created
2026-08-23 17:10:58 | team | sess_04d67b33fd44 | INFO | Message 3cd8be49-bcfd-49bd-a398-b06c5820d593 created
2026-08-23 17:12:55 | team | sess_04d67b33fd44 | INFO | task list drained for team jiuwen_team_sess_04d67b33fd44: 7 terminal task(s)
2026-08-23 17:14:50 | team | sess_04d67b33fd44 | INFO | team jiuwen_team_sess_04d67b33fd44 reported completed: 9 members, 7 tasks
2026-08-23 17:14:51 | team | sess_04d67b33fd44 | INFO | [planner2] received TEAM_STANDBY, pausing polls
2026-08-23 17:14:51 | team | sess_04d67b33fd44 | INFO | EventBus[teammate] pausing polls
