2026-08-23 17:00:24 | team | sess_04d67b33fd44 | INFO | Team workspace directory ensured at /srv/jwteam_clone/shared/run_current
2026-08-23 17:00:24 | team | sess_04d67b33fd44 | INFO | AgentTeam manager initialized for jiuwen_team_sess_04d67b33fd44, member=team_leader
2026-08-23 17:00:24 | team | sess_04d67b33fd44 | INFO | [team_leader] TeamPolicyRail static sections: section_names=['team_role', 'team_workflow', 'team_swarmflow', 'team_lifecycle', 'team_persona']
2026-08-23 17:00:24 | team | sess_04d67b33fd44 | INFO | Session tables ready for session sess_04d67b33fd44
2026-08-23 17:00:24 | team | sess_04d67b33fd44 | INFO | Team database initialized
2026-08-23 17:00:24 | team | default_trace_id | INFO | Team workspace directory ensured at /srv/jwteam_clone/shared/run_current
2026-08-23 17:00:24 | team | default_trace_id | INFO | AgentTeam manager initialized for jiuwen_team_sess_04d67b33fd44, member=planner1
2026-08-23 17:00:24 | team | default_trace_id | INFO | [planner1] TeamPolicyRail static sections: section_names=['team_role', 'team_persona']
2026-08-23 17:00:25 | team | sess_04d67b33fd44 | INFO | [planner1] invoke start, role=teammate
2026-08-23 17:00:25 | team | sess_04d67b33fd44 | INFO | [planner1] coordination starting
2026-08-23 17:00:25 | team | sess_04d67b33fd44 | INFO | Session tables ready for session sess_04d67b33fd44
2026-08-23 17:00:25 | team | sess_04d67b33fd44 | INFO | Workspace /srv/jwteam_clone/shared/run_current initialized as plain shared directory (version_control disabled)
2026-08-23 17:00:25 | team | sess_04d67b33fd44 | INFO | EventBus[teammate] starting
2026-08-23 17:01:07 | team | sess_04d67b33fd44 | INFO | [planner1] HITT section refresh: human_agent_names=[]
2026-08-23 17:01:28 | team | sess_04d67b33fd44 | INFO | [planner1] received TASK_CLAIMED for self, task_id=plan_spec5, human_agent=False
2026-08-23 17:01:57 | team | sess_04d67b33fd44 | INFO | [planner1] processing 1 unread messages (steer=True)
2026-08-23 17:01:57 | team | sess_04d67b33fd44 | INFO | Message 69e0e719-12c6-4448-9b4c-b4848e4dc3a9 marked as read by planner1
2026-08-23 17:03:10 | team | sess_04d67b33fd44 | INFO | [planner1] processing 1 unread messages (steer=True)
2026-08-23 17:03:10 | team | sess_04d67b33fd44 | INFO | Message b1fed268-2bbe-4d0a-b371-f35561aaf6a0 marked as read by planner1
2026-08-23 17:03:55 | team | sess_04d67b33fd44 | INFO | Task plan_spec5 completed at 1787501035320
2026-08-23 17:03:55 | team | sess_04d67b33fd44 | INFO | Message a6d27d6b-43aa-49e3-af76-62fa479656c0 created
2026-08-23 17:03:55 | team | sess_04d67b33fd44 | INFO | Resolved 1 dependencies for task plan_spec5
2026-08-23 17:03:55 | team | sess_04d67b33fd44 | INFO | Task implement_spec5 unblocked (all deps resolved)
2026-08-23 17:03:55 | team | sess_04d67b33fd44 | INFO | Task plan_spec5 completed
2026-08-23 17:03:55 | team | sess_04d67b33fd44 | INFO | Unblocked 1 tasks
2026-08-23 17:03:55 | team | sess_04d67b33fd44 | INFO | Message 8e706837-505b-47fd-b246-1c3fa5a4f9ad created
2026-08-23 17:04:31 | team | sess_04d67b33fd44 | INFO | Message edb2fd8f-5cdb-4c09-8793-c9ee69a8de3c created
2026-08-23 17:05:20 | team | sess_04d67b33fd44 | INFO | [planner1] processing 1 unread messages (steer=True)
2026-08-23 17:05:20 | team | sess_04d67b33fd44 | INFO | Message adfc7df3-4513-42ca-9e8f-a517d437a7cd marked as read by planner1
2026-08-23 17:11:07 | team | sess_04d67b33fd44 | INFO | Message 48e96328-a176-454c-b82c-97d5f90b9942 created
2026-08-23 17:12:55 | team | sess_04d67b33fd44 | INFO | task list drained for team jiuwen_team_sess_04d67b33fd44: 7 terminal task(s)
2026-08-23 17:14:50 | team | sess_04d67b33fd44 | INFO | team jiuwen_team_sess_04d67b33fd44 reported completed: 9 members, 7 tasks
2026-08-23 17:14:51 | team | sess_04d67b33fd44 | INFO | [planner1] received TEAM_STANDBY, pausing polls
2026-08-23 17:14:51 | team | sess_04d67b33fd44 | INFO | EventBus[teammate] pausing polls
