2026-08-23 17:00:30 | team | sess_04d67b33fd44 | INFO | Team workspace directory ensured at /srv/jwteam_clone/shared/run_current
2026-08-23 17:00:30 | team | sess_04d67b33fd44 | INFO | AgentTeam manager initialized for jiuwen_team_sess_04d67b33fd44, member=team_leader
2026-08-23 17:00:30 | team | sess_04d67b33fd44 | INFO | [team_leader] TeamPolicyRail static sections: section_names=['team_role', 'team_workflow', 'team_swarmflow', 'team_lifecycle', 'team_persona']
2026-08-23 17:00:31 | team | sess_04d67b33fd44 | INFO | Session tables ready for session sess_04d67b33fd44
2026-08-23 17:00:31 | team | sess_04d67b33fd44 | INFO | Team database initialized
2026-08-23 17:00:31 | team | default_trace_id | INFO | Team workspace directory ensured at /srv/jwteam_clone/shared/run_current
2026-08-23 17:00:31 | team | default_trace_id | INFO | AgentTeam manager initialized for jiuwen_team_sess_04d67b33fd44, member=verifier1
2026-08-23 17:00:31 | team | default_trace_id | INFO | [verifier1] TeamPolicyRail static sections: section_names=['team_role', 'team_persona']
2026-08-23 17:00:31 | team | sess_04d67b33fd44 | INFO | [verifier1] invoke start, role=teammate
2026-08-23 17:00:31 | team | sess_04d67b33fd44 | INFO | [verifier1] coordination starting
2026-08-23 17:00:31 | team | sess_04d67b33fd44 | INFO | Session tables ready for session sess_04d67b33fd44
2026-08-23 17:00:31 | team | sess_04d67b33fd44 | INFO | Workspace /srv/jwteam_clone/shared/run_current initialized as plain shared directory (version_control disabled)
2026-08-23 17:00:31 | team | sess_04d67b33fd44 | INFO | EventBus[teammate] starting
2026-08-23 17:01:08 | team | sess_04d67b33fd44 | INFO | [verifier1] HITT section refresh: human_agent_names=[]
2026-08-23 17:03:10 | team | sess_04d67b33fd44 | INFO | [verifier1] processing 1 unread messages (steer=True)
2026-08-23 17:03:10 | team | sess_04d67b33fd44 | INFO | Message b1fed268-2bbe-4d0a-b371-f35561aaf6a0 marked as read by verifier1
2026-08-23 17:05:20 | team | sess_04d67b33fd44 | INFO | [verifier1] processing 1 unread messages (steer=True)
2026-08-23 17:05:20 | team | sess_04d67b33fd44 | INFO | Message ca75e3c1-56d5-469f-980d-2dbf97696a74 marked as read by verifier1
2026-08-23 17:05:26 | team | sess_04d67b33fd44 | INFO | [verifier1] received TASK_CLAIMED for self, task_id=verify_spec5, human_agent=False
2026-08-23 17:08:56 | team | sess_04d67b33fd44 | INFO | Message d9b8e764-a920-4a39-b4c7-d8f1f60e9e14 created
2026-08-23 17:08:56 | team | sess_04d67b33fd44 | INFO | Message 78778693-dca4-421c-8f35-f36f6a9f511e created
2026-08-23 17:09:00 | team | sess_04d67b33fd44 | INFO | Task verify_spec5 completed at 1787501340192
2026-08-23 17:09:00 | team | sess_04d67b33fd44 | INFO | Resolved 1 dependencies for task verify_spec5
2026-08-23 17:09:00 | team | sess_04d67b33fd44 | INFO | Task verify_spec5 completed
2026-08-23 17:11:07 | team | sess_04d67b33fd44 | INFO | Message 6803b9ec-b5a3-4b95-83fe-d9ead6c48b62 created
2026-08-23 17:12:55 | team | sess_04d67b33fd44 | INFO | task list drained for team jiuwen_team_sess_04d67b33fd44: 7 terminal task(s)
2026-08-23 17:13:24 | team | sess_04d67b33fd44 | INFO | [verifier1] processing 1 unread messages (steer=True)
2026-08-23 17:13:25 | team | sess_04d67b33fd44 | INFO | Message 43105094-59d9-4b7a-aa28-580557553e85 marked as read by verifier1
2026-08-23 17:14:50 | team | sess_04d67b33fd44 | INFO | team jiuwen_team_sess_04d67b33fd44 reported completed: 9 members, 7 tasks
2026-08-23 17:14:51 | team | sess_04d67b33fd44 | INFO | [verifier1] received TEAM_STANDBY, pausing polls
2026-08-23 17:14:51 | team | sess_04d67b33fd44 | INFO | EventBus[teammate] pausing polls
