2026-08-07 23:44:24 | team | sess_5131c289974a | INFO | Team workspace directory ensured at /srv/jwteam_clone/shared/run_current
2026-08-07 23:44:24 | team | sess_5131c289974a | INFO | AgentTeam manager initialized for jiuwen_team_sess_5131c289974a, member=team_leader
2026-08-07 23:44:24 | team | sess_5131c289974a | INFO | [team_leader] TeamPolicyRail static sections: section_names=['team_role', 'team_workflow', 'team_swarmflow', 'team_lifecycle', 'team_persona']
2026-08-07 23:44:24 | team | sess_5131c289974a | INFO | Session tables ready for session sess_5131c289974a
2026-08-07 23:44:24 | team | sess_5131c289974a | INFO | Team database initialized
2026-08-07 23:44:24 | team | default_trace_id | INFO | Team workspace directory ensured at /srv/jwteam_clone/shared/run_current
2026-08-07 23:44:24 | team | default_trace_id | INFO | AgentTeam manager initialized for jiuwen_team_sess_5131c289974a, member=executor3
2026-08-07 23:44:24 | team | default_trace_id | INFO | [executor3] TeamPolicyRail static sections: section_names=['team_role', 'team_persona']
2026-08-07 23:44:24 | team | sess_5131c289974a | INFO | [executor3] invoke start, role=teammate
2026-08-07 23:44:24 | team | sess_5131c289974a | INFO | [executor3] coordination starting
2026-08-07 23:44:24 | team | sess_5131c289974a | INFO | Session tables ready for session sess_5131c289974a
2026-08-07 23:44:24 | team | sess_5131c289974a | INFO | Workspace /srv/jwteam_clone/shared/run_current initialized as plain shared directory (version_control disabled)
2026-08-07 23:44:24 | team | sess_5131c289974a | INFO | EventBus[teammate] starting
2026-08-07 23:45:27 | team | sess_5131c289974a | INFO | [executor3] HITT section refresh: human_agent_names=[]
2026-08-07 23:45:42 | team | sess_5131c289974a | INFO | [executor3] processing 1 unread messages (steer=True)
2026-08-07 23:45:43 | team | sess_5131c289974a | INFO | Message b78c8e93-e6f7-41eb-a61d-b7d95c1e932c marked as read by executor3
2026-08-07 23:45:54 | team | sess_5131c289974a | INFO | Message 8e9472d9-b785-47e0-ae0c-01147e6c4149 created
2026-08-07 23:53:18 | team | sess_5131c289974a | INFO | task list drained for team jiuwen_team_sess_5131c289974a: 5 terminal task(s)
2026-08-07 23:53:56 | team | sess_5131c289974a | INFO | team jiuwen_team_sess_5131c289974a reported completed: 9 members, 5 tasks
2026-08-07 23:53:57 | team | sess_5131c289974a | INFO | [executor3] received TEAM_STANDBY, pausing polls
2026-08-07 23:53:57 | team | sess_5131c289974a | INFO | EventBus[teammate] pausing polls
