2026-08-07 23:44:26 | team | sess_5131c289974a | INFO | Team workspace directory ensured at /srv/jwteam_clone/shared/run_current
2026-08-07 23:44:26 | team | sess_5131c289974a | INFO | AgentTeam manager initialized for jiuwen_team_sess_5131c289974a, member=team_leader
2026-08-07 23:44:26 | team | sess_5131c289974a | INFO | [team_leader] TeamPolicyRail static sections: section_names=['team_role', 'team_workflow', 'team_swarmflow', 'team_lifecycle', 'team_persona']
2026-08-07 23:44:26 | team | sess_5131c289974a | INFO | Session tables ready for session sess_5131c289974a
2026-08-07 23:44:26 | team | sess_5131c289974a | INFO | Team database initialized
2026-08-07 23:44:26 | team | default_trace_id | INFO | Team workspace directory ensured at /srv/jwteam_clone/shared/run_current
2026-08-07 23:44:26 | team | default_trace_id | INFO | AgentTeam manager initialized for jiuwen_team_sess_5131c289974a, member=verifier2
2026-08-07 23:44:26 | team | default_trace_id | INFO | [verifier2] TeamPolicyRail static sections: section_names=['team_role', 'team_persona']
2026-08-07 23:44:26 | team | sess_5131c289974a | INFO | [verifier2] invoke start, role=teammate
2026-08-07 23:44:26 | team | sess_5131c289974a | INFO | [verifier2] coordination starting
2026-08-07 23:44:26 | team | sess_5131c289974a | INFO | Session tables ready for session sess_5131c289974a
2026-08-07 23:44:26 | team | sess_5131c289974a | INFO | Workspace /srv/jwteam_clone/shared/run_current initialized as plain shared directory (version_control disabled)
2026-08-07 23:44:26 | team | sess_5131c289974a | INFO | EventBus[teammate] starting
2026-08-07 23:45:27 | team | sess_5131c289974a | INFO | [verifier2] HITT section refresh: human_agent_names=[]
2026-08-07 23:45:42 | team | sess_5131c289974a | INFO | [verifier2] processing 1 unread messages (steer=True)
2026-08-07 23:45:42 | team | sess_5131c289974a | INFO | Message b78c8e93-e6f7-41eb-a61d-b7d95c1e932c marked as read by verifier2
2026-08-07 23:48:56 | team | sess_5131c289974a | INFO | Task verify-2 claimed by member verifier2
2026-08-07 23:48:56 | team | sess_5131c289974a | INFO | Task verify-2 claimed by member verifier2
2026-08-07 23:49:10 | team | sess_5131c289974a | INFO | [verifier2] processing 1 unread messages (steer=True)
2026-08-07 23:49:10 | team | sess_5131c289974a | INFO | Message 543bbde9-0961-440a-a883-36edf5f36955 marked as read by verifier2
2026-08-07 23:53:13 | team | sess_5131c289974a | INFO | Message adf68bc8-e5a8-4ca0-ba08-b2c4adfec274 created
2026-08-07 23:53:18 | team | sess_5131c289974a | INFO | Task verify-2 completed at 1786143198186
2026-08-07 23:53:18 | team | sess_5131c289974a | INFO | Task verify-2 completed
2026-08-07 23:53:19 | team | sess_5131c289974a | INFO | [verifier2] processing 1 unread messages (steer=True)
2026-08-07 23:53:19 | team | sess_5131c289974a | INFO | Message 74f5c672-626e-4d87-8fec-e281bd7b90ab marked as read by verifier2
2026-08-07 23:53:56 | team | sess_5131c289974a | INFO | team jiuwen_team_sess_5131c289974a reported completed: 9 members, 5 tasks
2026-08-07 23:53:57 | team | sess_5131c289974a | INFO | [verifier2] received TEAM_STANDBY, pausing polls
2026-08-07 23:53:57 | team | sess_5131c289974a | INFO | EventBus[teammate] pausing polls
