2026-08-07 23:44:19 | team | sess_5131c289974a | INFO | Team workspace directory ensured at /srv/jwteam_clone/shared/run_current
2026-08-07 23:44:19 | team | sess_5131c289974a | INFO | AgentTeam manager initialized for jiuwen_team_sess_5131c289974a, member=team_leader
2026-08-07 23:44:19 | team | sess_5131c289974a | INFO | [team_leader] TeamPolicyRail static sections: section_names=['team_role', 'team_workflow', 'team_swarmflow', 'team_lifecycle', 'team_persona']
2026-08-07 23:44:20 | team | sess_5131c289974a | INFO | Session tables ready for session sess_5131c289974a
2026-08-07 23:44:20 | team | sess_5131c289974a | INFO | Team database initialized
2026-08-07 23:44:20 | team | default_trace_id | INFO | Team workspace directory ensured at /srv/jwteam_clone/shared/run_current
2026-08-07 23:44:20 | team | default_trace_id | INFO | AgentTeam manager initialized for jiuwen_team_sess_5131c289974a, member=planner1
2026-08-07 23:44:20 | team | default_trace_id | INFO | [planner1] TeamPolicyRail static sections: section_names=['team_role', 'team_persona']
2026-08-07 23:44:20 | team | sess_5131c289974a | INFO | [planner1] invoke start, role=teammate
2026-08-07 23:44:20 | team | sess_5131c289974a | INFO | [planner1] coordination starting
2026-08-07 23:44:20 | team | sess_5131c289974a | INFO | Session tables ready for session sess_5131c289974a
2026-08-07 23:44:20 | team | sess_5131c289974a | INFO | Workspace /srv/jwteam_clone/shared/run_current initialized as plain shared directory (version_control disabled)
2026-08-07 23:44:20 | team | sess_5131c289974a | INFO | EventBus[teammate] starting
2026-08-07 23:45:27 | team | sess_5131c289974a | INFO | [planner1] HITT section refresh: human_agent_names=[]
2026-08-07 23:45:32 | team | sess_5131c289974a | INFO | Task plan claimed by member planner1
2026-08-07 23:45:32 | team | sess_5131c289974a | INFO | Task plan claimed by member planner1
2026-08-07 23:45:42 | team | sess_5131c289974a | INFO | [planner1] processing 1 unread messages (steer=True)
2026-08-07 23:45:42 | team | sess_5131c289974a | INFO | Message b78c8e93-e6f7-41eb-a61d-b7d95c1e932c marked as read by planner1
2026-08-07 23:45:53 | team | sess_5131c289974a | INFO | [planner1] processing 1 unread messages (steer=True)
2026-08-07 23:45:53 | team | sess_5131c289974a | INFO | Message 85c8bd57-41c9-4458-9032-cc8eca088de9 marked as read by planner1
2026-08-07 23:46:21 | team | sess_5131c289974a | INFO | Message 449a701f-8ec3-4422-9d8f-532941ba8064 created
2026-08-07 23:46:36 | team | sess_5131c289974a | INFO | [planner1] processing 1 unread messages (steer=True)
2026-08-07 23:46:36 | team | sess_5131c289974a | INFO | Message 57ce7cc5-c724-47f4-b8e4-86ad8aac4d25 marked as read by planner1
2026-08-07 23:46:57 | team | sess_5131c289974a | INFO | Message 4fb5637f-1d30-4ef4-98e1-c6455f03a3cf created
2026-08-07 23:46:57 | team | sess_5131c289974a | INFO | Message 42c9258f-d335-441f-824a-e15cfb50882e created
2026-08-07 23:47:04 | team | sess_5131c289974a | INFO | Task plan completed at 1786142824233
2026-08-07 23:47:04 | team | sess_5131c289974a | INFO | Resolved 2 dependencies for task plan
2026-08-07 23:47:04 | team | sess_5131c289974a | INFO | Task implement-must unblocked (all deps resolved)
2026-08-07 23:47:04 | team | sess_5131c289974a | INFO | Task plan completed
2026-08-07 23:47:04 | team | sess_5131c289974a | INFO | Unblocked 1 tasks
2026-08-07 23:47:11 | team | sess_5131c289974a | INFO | [planner1] processing 1 unread messages (steer=True)
2026-08-07 23:47:11 | team | sess_5131c289974a | INFO | Message 2038bcc0-cb85-457a-b9ee-b864a2375f36 marked as read by planner1
2026-08-07 23:53:18 | team | sess_5131c289974a | INFO | task list drained for team jiuwen_team_sess_5131c289974a: 5 terminal task(s)
2026-08-07 23:53:56 | team | sess_5131c289974a | INFO | team jiuwen_team_sess_5131c289974a reported completed: 9 members, 5 tasks
2026-08-07 23:53:57 | team | sess_5131c289974a | INFO | [planner1] received TEAM_STANDBY, pausing polls
2026-08-07 23:53:57 | team | sess_5131c289974a | INFO | EventBus[teammate] pausing polls
