2026-08-07 23:44:23 | team | sess_5131c289974a | INFO | Team workspace directory ensured at /srv/jwteam_clone/shared/run_current
2026-08-07 23:44:23 | team | sess_5131c289974a | INFO | AgentTeam manager initialized for jiuwen_team_sess_5131c289974a, member=team_leader
2026-08-07 23:44:23 | team | sess_5131c289974a | INFO | [team_leader] TeamPolicyRail static sections: section_names=['team_role', 'team_workflow', 'team_swarmflow', 'team_lifecycle', 'team_persona']
2026-08-07 23:44:23 | team | sess_5131c289974a | INFO | Session tables ready for session sess_5131c289974a
2026-08-07 23:44:23 | team | sess_5131c289974a | INFO | Team database initialized
2026-08-07 23:44:23 | team | default_trace_id | INFO | Team workspace directory ensured at /srv/jwteam_clone/shared/run_current
2026-08-07 23:44:23 | team | default_trace_id | INFO | AgentTeam manager initialized for jiuwen_team_sess_5131c289974a, member=executor2
2026-08-07 23:44:23 | team | default_trace_id | INFO | [executor2] TeamPolicyRail static sections: section_names=['team_role', 'team_persona']
2026-08-07 23:44:23 | team | sess_5131c289974a | INFO | [executor2] invoke start, role=teammate
2026-08-07 23:44:23 | team | sess_5131c289974a | INFO | [executor2] coordination starting
2026-08-07 23:44:23 | team | sess_5131c289974a | INFO | Session tables ready for session sess_5131c289974a
2026-08-07 23:44:23 | team | sess_5131c289974a | INFO | Workspace /srv/jwteam_clone/shared/run_current initialized as plain shared directory (version_control disabled)
2026-08-07 23:44:23 | team | sess_5131c289974a | INFO | EventBus[teammate] starting
2026-08-07 23:45:27 | team | sess_5131c289974a | INFO | [executor2] HITT section refresh: human_agent_names=[]
2026-08-07 23:45:42 | team | sess_5131c289974a | INFO | [executor2] processing 1 unread messages (steer=True)
2026-08-07 23:45:43 | team | sess_5131c289974a | INFO | Message b78c8e93-e6f7-41eb-a61d-b7d95c1e932c marked as read by executor2
2026-08-07 23:46:57 | team | sess_5131c289974a | INFO | [executor2] processing 1 unread messages (steer=True)
2026-08-07 23:46:57 | team | sess_5131c289974a | INFO | Message 42c9258f-d335-441f-824a-e15cfb50882e marked as read by executor2
2026-08-07 23:47:11 | team | sess_5131c289974a | INFO | Message 2038bcc0-cb85-457a-b9ee-b864a2375f36 created
2026-08-07 23:47:19 | team | sess_5131c289974a | INFO | Task implement-extended claimed by member executor2
2026-08-07 23:47:19 | team | sess_5131c289974a | INFO | Task implement-extended claimed by member executor2
2026-08-07 23:47:22 | team | sess_5131c289974a | INFO | [executor2] processing 1 unread messages (steer=True)
2026-08-07 23:47:23 | team | sess_5131c289974a | INFO | Message 64f1354b-9713-4b31-a652-cf3151235064 marked as read by executor2
2026-08-07 23:47:31 | team | sess_5131c289974a | INFO | Message 4e41ddbd-f0c7-46da-b97a-fd6556992da6 created
2026-08-07 23:48:51 | team | sess_5131c289974a | INFO | Task implement-extended completed at 1786142931264
2026-08-07 23:48:51 | team | sess_5131c289974a | INFO | Resolved 2 dependencies for task implement-extended
2026-08-07 23:48:51 | team | sess_5131c289974a | INFO | Task verify-1 unblocked (all deps resolved)
2026-08-07 23:48:51 | team | sess_5131c289974a | INFO | Task verify-2 unblocked (all deps resolved)
2026-08-07 23:48:51 | team | sess_5131c289974a | INFO | Task implement-extended completed
2026-08-07 23:48:51 | team | sess_5131c289974a | INFO | Unblocked 2 tasks
2026-08-07 23:49:10 | team | sess_5131c289974a | INFO | Message 6abd0fb4-e782-464c-b94a-a8d0ecf47a87 created
2026-08-07 23:49:10 | team | sess_5131c289974a | INFO | Message 543bbde9-0961-440a-a883-36edf5f36955 created
2026-08-07 23:49:17 | team | sess_5131c289974a | INFO | Message f15ccec7-4e76-426d-829c-9c8d79b56f95 created
2026-08-07 23:50:10 | team | sess_5131c289974a | INFO | [executor2] processing 1 unread messages (steer=True)
2026-08-07 23:50:10 | team | sess_5131c289974a | INFO | Message 920b3465-8c37-4ee4-9302-413edb6daad6 marked as read by executor2
2026-08-07 23:50:16 | team | sess_5131c289974a | INFO | Message 70a669ce-454b-44cf-845d-88cb54591ec8 created
2026-08-07 23:53:18 | team | sess_5131c289974a | INFO | task list drained for team jiuwen_team_sess_5131c289974a: 5 terminal task(s)
2026-08-07 23:53:56 | team | sess_5131c289974a | INFO | team jiuwen_team_sess_5131c289974a reported completed: 9 members, 5 tasks
2026-08-07 23:53:57 | team | sess_5131c289974a | INFO | [executor2] received TEAM_STANDBY, pausing polls
2026-08-07 23:53:57 | team | sess_5131c289974a | INFO | EventBus[teammate] pausing polls
