2026-08-07 23:44:22 | team | sess_5131c289974a | INFO | Team workspace directory ensured at /srv/jwteam_clone/shared/run_current
2026-08-07 23:44:22 | team | sess_5131c289974a | INFO | AgentTeam manager initialized for jiuwen_team_sess_5131c289974a, member=team_leader
2026-08-07 23:44:22 | team | sess_5131c289974a | INFO | [team_leader] TeamPolicyRail static sections: section_names=['team_role', 'team_workflow', 'team_swarmflow', 'team_lifecycle', 'team_persona']
2026-08-07 23:44:22 | team | sess_5131c289974a | INFO | Session tables ready for session sess_5131c289974a
2026-08-07 23:44:22 | team | sess_5131c289974a | INFO | Team database initialized
2026-08-07 23:44:22 | team | default_trace_id | INFO | Team workspace directory ensured at /srv/jwteam_clone/shared/run_current
2026-08-07 23:44:22 | team | default_trace_id | INFO | AgentTeam manager initialized for jiuwen_team_sess_5131c289974a, member=executor1
2026-08-07 23:44:22 | team | default_trace_id | INFO | [executor1] TeamPolicyRail static sections: section_names=['team_role', 'team_persona']
2026-08-07 23:44:22 | team | sess_5131c289974a | INFO | [executor1] invoke start, role=teammate
2026-08-07 23:44:22 | team | sess_5131c289974a | INFO | [executor1] coordination starting
2026-08-07 23:44:22 | team | sess_5131c289974a | INFO | Session tables ready for session sess_5131c289974a
2026-08-07 23:44:22 | team | sess_5131c289974a | INFO | Workspace /srv/jwteam_clone/shared/run_current initialized as plain shared directory (version_control disabled)
2026-08-07 23:44:22 | team | sess_5131c289974a | INFO | EventBus[teammate] starting
2026-08-07 23:45:27 | team | sess_5131c289974a | INFO | [executor1] HITT section refresh: human_agent_names=[]
2026-08-07 23:45:42 | team | sess_5131c289974a | INFO | [executor1] processing 1 unread messages (steer=True)
2026-08-07 23:45:42 | team | sess_5131c289974a | INFO | Message b78c8e93-e6f7-41eb-a61d-b7d95c1e932c marked as read by executor1
2026-08-07 23:46:21 | team | sess_5131c289974a | INFO | [executor1] processing 1 unread messages (steer=True)
2026-08-07 23:46:21 | team | sess_5131c289974a | INFO | Message 449a701f-8ec3-4422-9d8f-532941ba8064 marked as read by executor1
2026-08-07 23:46:36 | team | sess_5131c289974a | INFO | Message 57ce7cc5-c724-47f4-b8e4-86ad8aac4d25 created
2026-08-07 23:47:10 | team | sess_5131c289974a | INFO | Task implement-must claimed by member executor1
2026-08-07 23:47:10 | team | sess_5131c289974a | INFO | Task implement-must claimed by member executor1
2026-08-07 23:47:15 | team | sess_5131c289974a | INFO | Task implement-must completed at 1786142835956
2026-08-07 23:47:15 | team | sess_5131c289974a | INFO | Resolved 1 dependencies for task implement-must
2026-08-07 23:47:15 | team | sess_5131c289974a | INFO | Task implement-extended unblocked (all deps resolved)
2026-08-07 23:47:15 | team | sess_5131c289974a | INFO | Task implement-must completed
2026-08-07 23:47:15 | team | sess_5131c289974a | INFO | Unblocked 1 tasks
2026-08-07 23:47:22 | team | sess_5131c289974a | INFO | Message 64f1354b-9713-4b31-a652-cf3151235064 created
2026-08-07 23:47:31 | team | sess_5131c289974a | INFO | [executor1] processing 1 unread messages (steer=True)
2026-08-07 23:47:31 | team | sess_5131c289974a | INFO | Message 4e41ddbd-f0c7-46da-b97a-fd6556992da6 marked as read by executor1
2026-08-07 23:53:18 | team | sess_5131c289974a | INFO | task list drained for team jiuwen_team_sess_5131c289974a: 5 terminal task(s)
2026-08-07 23:53:56 | team | sess_5131c289974a | INFO | team jiuwen_team_sess_5131c289974a reported completed: 9 members, 5 tasks
2026-08-07 23:53:57 | team | sess_5131c289974a | INFO | [executor1] received TEAM_STANDBY, pausing polls
2026-08-07 23:53:57 | team | sess_5131c289974a | INFO | EventBus[teammate] pausing polls
