2026-08-08 00:25:30 | team | sess_85fe38f220d6 | INFO | Team workspace directory ensured at /srv/jwteam_clone/shared/run_current
2026-08-08 00:25:30 | team | sess_85fe38f220d6 | INFO | AgentTeam manager initialized for jiuwen_team_sess_85fe38f220d6, member=team_leader
2026-08-08 00:25:30 | team | sess_85fe38f220d6 | INFO | [team_leader] TeamPolicyRail static sections: section_names=['team_role', 'team_workflow', 'team_swarmflow', 'team_lifecycle', 'team_persona']
2026-08-08 00:25:30 | team | sess_85fe38f220d6 | INFO | Session tables ready for session sess_85fe38f220d6
2026-08-08 00:25:30 | team | sess_85fe38f220d6 | INFO | Team database initialized
2026-08-08 00:25:30 | team | default_trace_id | INFO | Team workspace directory ensured at /srv/jwteam_clone/shared/run_current
2026-08-08 00:25:30 | team | default_trace_id | INFO | AgentTeam manager initialized for jiuwen_team_sess_85fe38f220d6, member=executor2
2026-08-08 00:25:30 | team | default_trace_id | INFO | [executor2] TeamPolicyRail static sections: section_names=['team_role', 'team_persona']
2026-08-08 00:25:30 | team | sess_85fe38f220d6 | INFO | [executor2] invoke start, role=teammate
2026-08-08 00:25:30 | team | sess_85fe38f220d6 | INFO | [executor2] coordination starting
2026-08-08 00:25:30 | team | sess_85fe38f220d6 | INFO | Session tables ready for session sess_85fe38f220d6
2026-08-08 00:25:30 | team | sess_85fe38f220d6 | INFO | Workspace /srv/jwteam_clone/shared/run_current initialized as plain shared directory (version_control disabled)
2026-08-08 00:25:30 | team | sess_85fe38f220d6 | INFO | EventBus[teammate] starting
2026-08-08 00:26:06 | team | sess_85fe38f220d6 | INFO | [executor2] HITT section refresh: human_agent_names=[]
2026-08-08 00:26:14 | team | sess_85fe38f220d6 | INFO | [executor2] processing 1 unread messages (steer=True)
2026-08-08 00:26:14 | team | sess_85fe38f220d6 | INFO | Message d789bdf2-6be3-4747-a2c2-8a31ac9d98d1 marked as read by executor2
2026-08-08 00:28:57 | team | sess_85fe38f220d6 | INFO | task list drained for team jiuwen_team_sess_85fe38f220d6: 3 terminal task(s)
2026-08-08 00:29:10 | team | sess_85fe38f220d6 | INFO | [executor2] processing 1 unread messages (steer=True)
2026-08-08 00:29:10 | team | sess_85fe38f220d6 | INFO | Message 4e0ed662-8f18-41d8-aa82-31e31c818d97 marked as read by executor2
2026-08-08 00:29:45 | team | sess_85fe38f220d6 | INFO | team jiuwen_team_sess_85fe38f220d6 reported completed: 9 members, 3 tasks
2026-08-08 00:29:45 | team | sess_85fe38f220d6 | INFO | [executor2] received TEAM_STANDBY, pausing polls
2026-08-08 00:29:45 | team | sess_85fe38f220d6 | INFO | EventBus[teammate] pausing polls
