2026-08-08 05:05:37 | team | sess_7d4a4621ec45 | INFO | Team workspace directory ensured at /srv/jwteam_clone/shared/run_current
2026-08-08 05:05:37 | team | sess_7d4a4621ec45 | INFO | AgentTeam manager initialized for jiuwen_team_sess_7d4a4621ec45, member=team_leader
2026-08-08 05:05:37 | team | sess_7d4a4621ec45 | INFO | [team_leader] TeamPolicyRail static sections: section_names=['team_role', 'team_workflow', 'team_swarmflow', 'team_lifecycle', 'team_persona']
2026-08-08 05:05:37 | team | sess_7d4a4621ec45 | INFO | Session tables ready for session sess_7d4a4621ec45
2026-08-08 05:05:37 | team | sess_7d4a4621ec45 | INFO | Team database initialized
2026-08-08 05:05:37 | team | default_trace_id | INFO | Team workspace directory ensured at /srv/jwteam_clone/shared/run_current
2026-08-08 05:05:37 | team | default_trace_id | INFO | AgentTeam manager initialized for jiuwen_team_sess_7d4a4621ec45, member=executor2
2026-08-08 05:05:37 | team | default_trace_id | INFO | [executor2] TeamPolicyRail static sections: section_names=['team_role', 'team_persona']
2026-08-08 05:05:37 | team | sess_7d4a4621ec45 | INFO | [executor2] invoke start, role=teammate
2026-08-08 05:05:37 | team | sess_7d4a4621ec45 | INFO | [executor2] coordination starting
2026-08-08 05:05:37 | team | sess_7d4a4621ec45 | INFO | Session tables ready for session sess_7d4a4621ec45
2026-08-08 05:05:37 | team | sess_7d4a4621ec45 | INFO | Workspace /srv/jwteam_clone/shared/run_current initialized as plain shared directory (version_control disabled)
2026-08-08 05:05:37 | team | sess_7d4a4621ec45 | INFO | EventBus[teammate] starting
2026-08-08 05:06:13 | team | sess_7d4a4621ec45 | INFO | [executor2] HITT section refresh: human_agent_names=[]
2026-08-08 05:06:25 | team | sess_7d4a4621ec45 | INFO | [executor2] processing 1 unread messages (steer=True)
2026-08-08 05:06:25 | team | sess_7d4a4621ec45 | INFO | Message 3d7f1276-0ef5-4448-ad5b-3816814dc86a marked as read by executor2
2026-08-08 05:06:50 | team | sess_7d4a4621ec45 | INFO | [executor2] processing 1 unread messages (steer=True)
2026-08-08 05:06:50 | team | sess_7d4a4621ec45 | INFO | Message 5ba2fb1d-4d19-4613-a099-3860268f05d2 marked as read by executor2
2026-08-08 05:06:56 | team | sess_7d4a4621ec45 | INFO | Task ir2-implement claimed by member executor2
2026-08-08 05:06:56 | team | sess_7d4a4621ec45 | INFO | Task ir2-implement claimed by member executor2
2026-08-08 05:07:37 | team | sess_7d4a4621ec45 | INFO | Task ir2-implement completed at 1786162057289
2026-08-08 05:07:37 | team | sess_7d4a4621ec45 | INFO | Message e374fc3a-98fe-4cd1-8df4-650a6bf8b422 created
2026-08-08 05:07:37 | team | sess_7d4a4621ec45 | INFO | Resolved 1 dependencies for task ir2-implement
2026-08-08 05:07:37 | team | sess_7d4a4621ec45 | INFO | Task ir2-verify unblocked (all deps resolved)
2026-08-08 05:07:37 | team | sess_7d4a4621ec45 | INFO | Task ir2-implement completed
2026-08-08 05:07:37 | team | sess_7d4a4621ec45 | INFO | Unblocked 1 tasks
2026-08-08 05:18:35 | team | sess_7d4a4621ec45 | INFO | task list drained for team jiuwen_team_sess_7d4a4621ec45: 6 terminal task(s)
2026-08-08 05:18:51 | team | sess_7d4a4621ec45 | INFO | team jiuwen_team_sess_7d4a4621ec45 reported completed: 9 members, 6 tasks
2026-08-08 05:18:52 | team | sess_7d4a4621ec45 | INFO | [executor2] received TEAM_STANDBY, pausing polls
2026-08-08 05:18:52 | team | sess_7d4a4621ec45 | INFO | EventBus[teammate] pausing polls
