2026-08-08 05:05:39 | team | sess_7d4a4621ec45 | INFO | Team workspace directory ensured at /srv/jwteam_clone/shared/run_current
2026-08-08 05:05:39 | team | sess_7d4a4621ec45 | INFO | AgentTeam manager initialized for jiuwen_team_sess_7d4a4621ec45, member=team_leader
2026-08-08 05:05:39 | team | sess_7d4a4621ec45 | INFO | [team_leader] TeamPolicyRail static sections: section_names=['team_role', 'team_workflow', 'team_swarmflow', 'team_lifecycle', 'team_persona']
2026-08-08 05:05:39 | team | sess_7d4a4621ec45 | INFO | Session tables ready for session sess_7d4a4621ec45
2026-08-08 05:05:39 | team | sess_7d4a4621ec45 | INFO | Team database initialized
2026-08-08 05:05:39 | team | default_trace_id | INFO | Team workspace directory ensured at /srv/jwteam_clone/shared/run_current
2026-08-08 05:05:39 | team | default_trace_id | INFO | AgentTeam manager initialized for jiuwen_team_sess_7d4a4621ec45, member=verifier1
2026-08-08 05:05:39 | team | default_trace_id | INFO | [verifier1] TeamPolicyRail static sections: section_names=['team_role', 'team_persona']
2026-08-08 05:05:39 | team | sess_7d4a4621ec45 | INFO | [verifier1] invoke start, role=teammate
2026-08-08 05:05:39 | team | sess_7d4a4621ec45 | INFO | [verifier1] coordination starting
2026-08-08 05:05:39 | team | sess_7d4a4621ec45 | INFO | Session tables ready for session sess_7d4a4621ec45
2026-08-08 05:05:39 | team | sess_7d4a4621ec45 | INFO | Workspace /srv/jwteam_clone/shared/run_current initialized as plain shared directory (version_control disabled)
2026-08-08 05:05:39 | team | sess_7d4a4621ec45 | INFO | EventBus[teammate] starting
2026-08-08 05:06:13 | team | sess_7d4a4621ec45 | INFO | [verifier1] HITT section refresh: human_agent_names=[]
2026-08-08 05:06:25 | team | sess_7d4a4621ec45 | INFO | [verifier1] processing 1 unread messages (steer=True)
2026-08-08 05:06:25 | team | sess_7d4a4621ec45 | INFO | Message 3d7f1276-0ef5-4448-ad5b-3816814dc86a marked as read by verifier1
2026-08-08 05:07:52 | team | sess_7d4a4621ec45 | INFO | [verifier1] processing 1 unread messages (steer=True)
2026-08-08 05:07:52 | team | sess_7d4a4621ec45 | INFO | Message 845df04e-527e-40e3-a2d3-98aa09cacfdd marked as read by verifier1
2026-08-08 05:08:01 | team | sess_7d4a4621ec45 | INFO | Task crypto1-verify claimed by member verifier1
2026-08-08 05:08:01 | team | sess_7d4a4621ec45 | INFO | Task crypto1-verify claimed by member verifier1
2026-08-08 05:08:32 | team | sess_7d4a4621ec45 | INFO | Task crypto1-verify completed at 1786162112638
2026-08-08 05:08:32 | team | sess_7d4a4621ec45 | INFO | Message 6767ae91-f165-4633-bba8-ec63859cab10 created
2026-08-08 05:08:32 | team | sess_7d4a4621ec45 | INFO | Task crypto1-verify completed
2026-08-08 05:09:25 | team | sess_7d4a4621ec45 | INFO | [verifier1] processing 1 unread messages (steer=True)
2026-08-08 05:09:25 | team | sess_7d4a4621ec45 | INFO | Message 06d315c0-234f-497f-b729-8efa0d5be6ac marked as read by verifier1
2026-08-08 05:18:35 | team | sess_7d4a4621ec45 | INFO | task list drained for team jiuwen_team_sess_7d4a4621ec45: 6 terminal task(s)
2026-08-08 05:18:51 | team | sess_7d4a4621ec45 | INFO | team jiuwen_team_sess_7d4a4621ec45 reported completed: 9 members, 6 tasks
2026-08-08 05:18:52 | team | sess_7d4a4621ec45 | INFO | [verifier1] received TEAM_STANDBY, pausing polls
2026-08-08 05:18:52 | team | sess_7d4a4621ec45 | INFO | EventBus[teammate] pausing polls
