2026-08-08 05:05:36 | team | sess_7d4a4621ec45 | INFO | Team workspace directory ensured at /srv/jwteam_clone/shared/run_current
2026-08-08 05:05:36 | team | sess_7d4a4621ec45 | INFO | AgentTeam manager initialized for jiuwen_team_sess_7d4a4621ec45, member=team_leader
2026-08-08 05:05:36 | team | sess_7d4a4621ec45 | INFO | [team_leader] TeamPolicyRail static sections: section_names=['team_role', 'team_workflow', 'team_swarmflow', 'team_lifecycle', 'team_persona']
2026-08-08 05:05:36 | team | sess_7d4a4621ec45 | INFO | Session tables ready for session sess_7d4a4621ec45
2026-08-08 05:05:36 | team | sess_7d4a4621ec45 | INFO | Team database initialized
2026-08-08 05:05:36 | team | default_trace_id | INFO | Team workspace directory ensured at /srv/jwteam_clone/shared/run_current
2026-08-08 05:05:36 | team | default_trace_id | INFO | AgentTeam manager initialized for jiuwen_team_sess_7d4a4621ec45, member=executor1
2026-08-08 05:05:36 | team | default_trace_id | INFO | [executor1] TeamPolicyRail static sections: section_names=['team_role', 'team_persona']
2026-08-08 05:05:36 | team | sess_7d4a4621ec45 | INFO | [executor1] invoke start, role=teammate
2026-08-08 05:05:36 | team | sess_7d4a4621ec45 | INFO | [executor1] coordination starting
2026-08-08 05:05:36 | team | sess_7d4a4621ec45 | INFO | Session tables ready for session sess_7d4a4621ec45
2026-08-08 05:05:36 | team | sess_7d4a4621ec45 | INFO | Workspace /srv/jwteam_clone/shared/run_current initialized as plain shared directory (version_control disabled)
2026-08-08 05:05:36 | team | sess_7d4a4621ec45 | INFO | EventBus[teammate] starting
2026-08-08 05:06:13 | team | sess_7d4a4621ec45 | INFO | [executor1] HITT section refresh: human_agent_names=[]
2026-08-08 05:06:25 | team | sess_7d4a4621ec45 | INFO | [executor1] processing 1 unread messages (steer=True)
2026-08-08 05:06:25 | team | sess_7d4a4621ec45 | INFO | Message 3d7f1276-0ef5-4448-ad5b-3816814dc86a marked as read by executor1
2026-08-08 05:07:04 | team | sess_7d4a4621ec45 | INFO | [executor1] processing 1 unread messages (steer=True)
2026-08-08 05:07:04 | team | sess_7d4a4621ec45 | INFO | Message af1b2655-5e90-4af6-82c4-464c4b95c3c7 marked as read by executor1
2026-08-08 05:07:12 | team | sess_7d4a4621ec45 | INFO | Message 82930b30-4188-4449-96e8-69876e16bbe0 created
2026-08-08 05:07:12 | team | sess_7d4a4621ec45 | INFO | Task crypto1-implement claimed by member executor1
2026-08-08 05:07:12 | team | sess_7d4a4621ec45 | INFO | Task crypto1-implement claimed by member executor1
2026-08-08 05:07:52 | team | sess_7d4a4621ec45 | INFO | Task crypto1-implement completed at 1786162072481
2026-08-08 05:07:52 | team | sess_7d4a4621ec45 | INFO | Message 845df04e-527e-40e3-a2d3-98aa09cacfdd created
2026-08-08 05:07:52 | team | sess_7d4a4621ec45 | INFO | Resolved 1 dependencies for task crypto1-implement
2026-08-08 05:07:52 | team | sess_7d4a4621ec45 | INFO | Task crypto1-verify unblocked (all deps resolved)
2026-08-08 05:07:52 | team | sess_7d4a4621ec45 | INFO | Task crypto1-implement completed
2026-08-08 05:07:52 | team | sess_7d4a4621ec45 | INFO | Unblocked 1 tasks
2026-08-08 05:18:35 | team | sess_7d4a4621ec45 | INFO | task list drained for team jiuwen_team_sess_7d4a4621ec45: 6 terminal task(s)
2026-08-08 05:18:51 | team | sess_7d4a4621ec45 | INFO | team jiuwen_team_sess_7d4a4621ec45 reported completed: 9 members, 6 tasks
2026-08-08 05:18:52 | team | sess_7d4a4621ec45 | INFO | [executor1] received TEAM_STANDBY, pausing polls
2026-08-08 05:18:52 | team | sess_7d4a4621ec45 | INFO | EventBus[teammate] pausing polls
