2026-08-08 05:05:40 | team | sess_7d4a4621ec45 | INFO | Team workspace directory ensured at /srv/jwteam_clone/shared/run_current
2026-08-08 05:05:40 | team | sess_7d4a4621ec45 | INFO | AgentTeam manager initialized for jiuwen_team_sess_7d4a4621ec45, member=team_leader
2026-08-08 05:05:40 | team | sess_7d4a4621ec45 | INFO | [team_leader] TeamPolicyRail static sections: section_names=['team_role', 'team_workflow', 'team_swarmflow', 'team_lifecycle', 'team_persona']
2026-08-08 05:05:40 | team | sess_7d4a4621ec45 | INFO | Session tables ready for session sess_7d4a4621ec45
2026-08-08 05:05:40 | team | sess_7d4a4621ec45 | INFO | Team database initialized
2026-08-08 05:05:40 | team | default_trace_id | INFO | Team workspace directory ensured at /srv/jwteam_clone/shared/run_current
2026-08-08 05:05:40 | team | default_trace_id | INFO | AgentTeam manager initialized for jiuwen_team_sess_7d4a4621ec45, member=verifier2
2026-08-08 05:05:40 | team | default_trace_id | INFO | [verifier2] TeamPolicyRail static sections: section_names=['team_role', 'team_persona']
2026-08-08 05:05:40 | team | sess_7d4a4621ec45 | INFO | [verifier2] invoke start, role=teammate
2026-08-08 05:05:40 | team | sess_7d4a4621ec45 | INFO | [verifier2] coordination starting
2026-08-08 05:05:40 | team | sess_7d4a4621ec45 | INFO | Session tables ready for session sess_7d4a4621ec45
2026-08-08 05:05:40 | team | sess_7d4a4621ec45 | INFO | Workspace /srv/jwteam_clone/shared/run_current initialized as plain shared directory (version_control disabled)
2026-08-08 05:05:40 | team | sess_7d4a4621ec45 | INFO | EventBus[teammate] starting
2026-08-08 05:06:13 | team | sess_7d4a4621ec45 | INFO | [verifier2] HITT section refresh: human_agent_names=[]
2026-08-08 05:06:25 | team | sess_7d4a4621ec45 | INFO | [verifier2] processing 1 unread messages (steer=True)
2026-08-08 05:06:25 | team | sess_7d4a4621ec45 | INFO | Message 3d7f1276-0ef5-4448-ad5b-3816814dc86a marked as read by verifier2
2026-08-08 05:07:37 | team | sess_7d4a4621ec45 | INFO | [verifier2] processing 1 unread messages (steer=True)
2026-08-08 05:07:37 | team | sess_7d4a4621ec45 | INFO | Message e374fc3a-98fe-4cd1-8df4-650a6bf8b422 marked as read by verifier2
2026-08-08 05:07:54 | team | sess_7d4a4621ec45 | INFO | Message 793038e6-8f99-4d5d-8666-a2d198092d11 created
2026-08-08 05:08:02 | team | sess_7d4a4621ec45 | INFO | [verifier2] received TASK_CLAIMED for self, task_id=ir2-verify, human_agent=False
2026-08-08 05:09:25 | team | sess_7d4a4621ec45 | INFO | Message 06d315c0-234f-497f-b729-8efa0d5be6ac created
2026-08-08 05:18:10 | team | sess_7d4a4621ec45 | INFO | [verifier2] self-nudged stale claimed task ir2-verify
2026-08-08 05:18:11 | team | sess_7d4a4621ec45 | INFO | [verifier2] processing 1 unread messages (steer=True)
2026-08-08 05:18:11 | team | sess_7d4a4621ec45 | INFO | Message 3c6f0b7f-7104-431a-a702-68576b2f1ab0 marked as read by verifier2
2026-08-08 05:18:28 | team | sess_7d4a4621ec45 | INFO | Message 25ce7011-d1d4-49ed-b1a7-238a74367d97 created
2026-08-08 05:18:35 | team | sess_7d4a4621ec45 | INFO | Task ir2-verify completed at 1786162715116
2026-08-08 05:18:35 | team | sess_7d4a4621ec45 | INFO | Task ir2-verify completed
2026-08-08 05:18:51 | team | sess_7d4a4621ec45 | INFO | team jiuwen_team_sess_7d4a4621ec45 reported completed: 9 members, 6 tasks
2026-08-08 05:18:52 | team | sess_7d4a4621ec45 | INFO | [verifier2] received TEAM_STANDBY, pausing polls
2026-08-08 05:18:52 | team | sess_7d4a4621ec45 | INFO | EventBus[teammate] pausing polls
