2026-08-08 05:05:38 | team | sess_7d4a4621ec45 | INFO | Team workspace directory ensured at /srv/jwteam_clone/shared/run_current
2026-08-08 05:05:38 | team | sess_7d4a4621ec45 | INFO | AgentTeam manager initialized for jiuwen_team_sess_7d4a4621ec45, member=team_leader
2026-08-08 05:05:38 | team | sess_7d4a4621ec45 | INFO | [team_leader] TeamPolicyRail static sections: section_names=['team_role', 'team_workflow', 'team_swarmflow', 'team_lifecycle', 'team_persona']
2026-08-08 05:05:38 | team | sess_7d4a4621ec45 | INFO | Session tables ready for session sess_7d4a4621ec45
2026-08-08 05:05:38 | team | sess_7d4a4621ec45 | INFO | Team database initialized
2026-08-08 05:05:38 | team | default_trace_id | INFO | Team workspace directory ensured at /srv/jwteam_clone/shared/run_current
2026-08-08 05:05:38 | team | default_trace_id | INFO | AgentTeam manager initialized for jiuwen_team_sess_7d4a4621ec45, member=executor3
2026-08-08 05:05:38 | team | default_trace_id | INFO | [executor3] TeamPolicyRail static sections: section_names=['team_role', 'team_persona']
2026-08-08 05:05:38 | team | sess_7d4a4621ec45 | INFO | [executor3] invoke start, role=teammate
2026-08-08 05:05:38 | team | sess_7d4a4621ec45 | INFO | [executor3] coordination starting
2026-08-08 05:05:38 | team | sess_7d4a4621ec45 | INFO | Session tables ready for session sess_7d4a4621ec45
2026-08-08 05:05:38 | team | sess_7d4a4621ec45 | INFO | Workspace /srv/jwteam_clone/shared/run_current initialized as plain shared directory (version_control disabled)
2026-08-08 05:05:38 | team | sess_7d4a4621ec45 | INFO | EventBus[teammate] starting
2026-08-08 05:06:13 | team | sess_7d4a4621ec45 | INFO | [executor3] HITT section refresh: human_agent_names=[]
2026-08-08 05:06:25 | team | sess_7d4a4621ec45 | INFO | [executor3] processing 1 unread messages (steer=True)
2026-08-08 05:06:25 | team | sess_7d4a4621ec45 | INFO | Message 3d7f1276-0ef5-4448-ad5b-3816814dc86a marked as read by executor3
2026-08-08 05:06:53 | team | sess_7d4a4621ec45 | INFO | Message 5e45f0ef-7b07-43d4-8260-dfe3554ae527 created
2026-08-08 05:07:19 | team | sess_7d4a4621ec45 | INFO | [executor3] processing 1 unread messages (steer=True)
2026-08-08 05:07:19 | team | sess_7d4a4621ec45 | INFO | Message b649f130-6110-4f0e-9ab3-071d81766fd0 marked as read by executor3
2026-08-08 05:07:26 | team | sess_7d4a4621ec45 | INFO | Message d935bb9e-4b13-4aa5-82e5-f0999407f6ef created
2026-08-08 05:18:35 | team | sess_7d4a4621ec45 | INFO | task list drained for team jiuwen_team_sess_7d4a4621ec45: 6 terminal task(s)
2026-08-08 05:18:51 | team | sess_7d4a4621ec45 | INFO | team jiuwen_team_sess_7d4a4621ec45 reported completed: 9 members, 6 tasks
2026-08-08 05:18:52 | team | sess_7d4a4621ec45 | INFO | [executor3] received TEAM_STANDBY, pausing polls
2026-08-08 05:18:52 | team | sess_7d4a4621ec45 | INFO | EventBus[teammate] pausing polls
