2026-08-08 05:05:41 | team | sess_7d4a4621ec45 | INFO | Team workspace directory ensured at /srv/jwteam_clone/shared/run_current
2026-08-08 05:05:41 | team | sess_7d4a4621ec45 | INFO | AgentTeam manager initialized for jiuwen_team_sess_7d4a4621ec45, member=team_leader
2026-08-08 05:05:41 | team | sess_7d4a4621ec45 | INFO | [team_leader] TeamPolicyRail static sections: section_names=['team_role', 'team_workflow', 'team_swarmflow', 'team_lifecycle', 'team_persona']
2026-08-08 05:05:41 | team | sess_7d4a4621ec45 | INFO | Session tables ready for session sess_7d4a4621ec45
2026-08-08 05:05:41 | team | sess_7d4a4621ec45 | INFO | Team database initialized
2026-08-08 05:05:41 | team | default_trace_id | INFO | Team workspace directory ensured at /srv/jwteam_clone/shared/run_current
2026-08-08 05:05:41 | team | default_trace_id | INFO | AgentTeam manager initialized for jiuwen_team_sess_7d4a4621ec45, member=fullstack1
2026-08-08 05:05:41 | team | default_trace_id | INFO | [fullstack1] TeamPolicyRail static sections: section_names=['team_role', 'team_persona']
2026-08-08 05:05:41 | team | sess_7d4a4621ec45 | INFO | [fullstack1] invoke start, role=teammate
2026-08-08 05:05:41 | team | sess_7d4a4621ec45 | INFO | [fullstack1] coordination starting
2026-08-08 05:05:41 | team | sess_7d4a4621ec45 | INFO | Session tables ready for session sess_7d4a4621ec45
2026-08-08 05:05:41 | team | sess_7d4a4621ec45 | INFO | Workspace /srv/jwteam_clone/shared/run_current initialized as plain shared directory (version_control disabled)
2026-08-08 05:05:41 | team | sess_7d4a4621ec45 | INFO | EventBus[teammate] starting
2026-08-08 05:06:13 | team | sess_7d4a4621ec45 | INFO | [fullstack1] HITT section refresh: human_agent_names=[]
2026-08-08 05:06:25 | team | sess_7d4a4621ec45 | INFO | [fullstack1] processing 1 unread messages (steer=True)
2026-08-08 05:06:25 | team | sess_7d4a4621ec45 | INFO | Message 3d7f1276-0ef5-4448-ad5b-3816814dc86a marked as read by fullstack1
2026-08-08 05:07:42 | team | sess_7d4a4621ec45 | INFO | Task ir2-verify claimed by member fullstack1
2026-08-08 05:07:42 | team | sess_7d4a4621ec45 | INFO | Task ir2-verify claimed by member fullstack1
2026-08-08 05:07:45 | team | sess_7d4a4621ec45 | INFO | [fullstack1] processing 1 unread messages (steer=True)
2026-08-08 05:07:45 | team | sess_7d4a4621ec45 | INFO | Message 68c26641-f99b-4adc-942e-15a8478ef874 marked as read by fullstack1
2026-08-08 05:07:54 | team | sess_7d4a4621ec45 | INFO | [fullstack1] processing 1 unread messages (steer=True)
2026-08-08 05:07:54 | team | sess_7d4a4621ec45 | INFO | Message 793038e6-8f99-4d5d-8666-a2d198092d11 marked as read by fullstack1
2026-08-08 05:18:35 | team | sess_7d4a4621ec45 | INFO | task list drained for team jiuwen_team_sess_7d4a4621ec45: 6 terminal task(s)
2026-08-08 05:18:51 | team | sess_7d4a4621ec45 | INFO | team jiuwen_team_sess_7d4a4621ec45 reported completed: 9 members, 6 tasks
2026-08-08 05:18:52 | team | sess_7d4a4621ec45 | INFO | [fullstack1] received TEAM_STANDBY, pausing polls
2026-08-08 05:18:52 | team | sess_7d4a4621ec45 | INFO | EventBus[teammate] pausing polls
