2026-08-10 08:43:52 | team | sess_e5b48e3a5fcd | INFO | Team workspace directory ensured at /srv/jwteam_clone/shared/run_current
2026-08-10 08:43:52 | team | sess_e5b48e3a5fcd | INFO | AgentTeam manager initialized for jiuwen_team_sess_e5b48e3a5fcd, member=team_leader
2026-08-10 08:43:52 | team | sess_e5b48e3a5fcd | INFO | [team_leader] TeamPolicyRail static sections: section_names=['team_role', 'team_workflow', 'team_swarmflow', 'team_lifecycle', 'team_persona']
2026-08-10 08:43:52 | team | sess_e5b48e3a5fcd | INFO | Session tables ready for session sess_e5b48e3a5fcd
2026-08-10 08:43:52 | team | sess_e5b48e3a5fcd | INFO | Team database initialized
2026-08-10 08:43:52 | team | default_trace_id | INFO | Team workspace directory ensured at /srv/jwteam_clone/shared/run_current
2026-08-10 08:43:52 | team | default_trace_id | INFO | AgentTeam manager initialized for jiuwen_team_sess_e5b48e3a5fcd, member=executor2
2026-08-10 08:43:52 | team | default_trace_id | INFO | [executor2] TeamPolicyRail static sections: section_names=['team_role', 'team_persona']
2026-08-10 08:43:52 | team | sess_e5b48e3a5fcd | INFO | [executor2] invoke start, role=teammate
2026-08-10 08:43:52 | team | sess_e5b48e3a5fcd | INFO | [executor2] coordination starting
2026-08-10 08:43:52 | team | sess_e5b48e3a5fcd | INFO | Session tables ready for session sess_e5b48e3a5fcd
2026-08-10 08:43:52 | team | sess_e5b48e3a5fcd | INFO | Workspace /srv/jwteam_clone/shared/run_current initialized as plain shared directory (version_control disabled)
2026-08-10 08:43:52 | team | sess_e5b48e3a5fcd | INFO | EventBus[teammate] starting
2026-08-10 08:44:11 | team | sess_e5b48e3a5fcd | INFO | [executor2] HITT section refresh: human_agent_names=[]
2026-08-10 08:44:21 | team | sess_e5b48e3a5fcd | INFO | [executor2] processing 1 unread messages (steer=True)
2026-08-10 08:44:21 | team | sess_e5b48e3a5fcd | INFO | Message 3a29657f-87ee-4b4b-8391-0e28cc00ba34 marked as read by executor2
2026-08-10 08:46:50 | team | sess_e5b48e3a5fcd | INFO | [executor2] processing 1 unread messages (steer=True)
2026-08-10 08:46:50 | team | sess_e5b48e3a5fcd | INFO | Message d69a4eca-3e90-45c8-a646-d432ca0fd851 marked as read by executor2
2026-08-10 08:47:06 | team | sess_e5b48e3a5fcd | INFO | Message 78133ebb-66cb-4239-8d24-b6d773d525a6 created
2026-08-10 08:47:08 | team | sess_e5b48e3a5fcd | INFO | [executor2] processing 1 unread messages (steer=True)
2026-08-10 08:47:08 | team | sess_e5b48e3a5fcd | INFO | Message 2a657342-e4e1-44ff-9a7d-21756929677f marked as read by executor2
2026-08-10 08:47:21 | team | sess_e5b48e3a5fcd | INFO | [executor2] processing 1 unread messages (steer=True)
2026-08-10 08:47:21 | team | sess_e5b48e3a5fcd | INFO | Message 9b8d8591-a8c4-4afb-9b1e-1d7c3a78ac0a marked as read by executor2
2026-08-10 08:47:28 | team | sess_e5b48e3a5fcd | INFO | [executor2] received TASK_CLAIMED for self, task_id=implement, human_agent=False
2026-08-10 08:47:34 | team | sess_e5b48e3a5fcd | INFO | [executor2] processing 1 unread messages (steer=True)
2026-08-10 08:47:34 | team | sess_e5b48e3a5fcd | INFO | Message 5ef656e3-d2a1-4c55-bce0-9945b76139c5 marked as read by executor2
2026-08-10 08:47:43 | team | sess_e5b48e3a5fcd | INFO | [executor2] processing 1 unread messages (steer=True)
2026-08-10 08:47:43 | team | sess_e5b48e3a5fcd | INFO | Message 82b46174-db09-47b3-b3a4-f79d44ac3e82 marked as read by executor2
2026-08-10 08:47:43 | team | sess_e5b48e3a5fcd | INFO | [executor2] processing 1 unread messages (steer=True)
2026-08-10 08:47:43 | team | sess_e5b48e3a5fcd | INFO | Message b08082b7-9285-41e3-9baa-7c129cad81f9 marked as read by executor2
2026-08-10 08:47:52 | team | sess_e5b48e3a5fcd | INFO | Task implement claimed by member executor2
2026-08-10 08:47:52 | team | sess_e5b48e3a5fcd | INFO | Task implement claimed by member executor2
2026-08-10 08:48:01 | team | sess_e5b48e3a5fcd | INFO | Message 2154dbc7-9a73-43ab-aa25-3e47d360524e created
2026-08-10 08:48:25 | team | sess_e5b48e3a5fcd | INFO | [executor2] processing 1 unread messages (steer=True)
2026-08-10 08:48:25 | team | sess_e5b48e3a5fcd | INFO | Message 4b59e786-1101-4288-b8ac-b1524e9f944d marked as read by executor2
2026-08-10 08:49:20 | team | sess_e5b48e3a5fcd | INFO | Task implement completed at 1786348160911
2026-08-10 08:49:20 | team | sess_e5b48e3a5fcd | INFO | Resolved 3 dependencies for task implement
2026-08-10 08:49:20 | team | sess_e5b48e3a5fcd | INFO | Task verify-integration unblocked (all deps resolved)
2026-08-10 08:49:20 | team | sess_e5b48e3a5fcd | INFO | Task verify-unit unblocked (all deps resolved)
2026-08-10 08:49:20 | team | sess_e5b48e3a5fcd | INFO | Task implement completed
2026-08-10 08:49:20 | team | sess_e5b48e3a5fcd | INFO | Unblocked 2 tasks
2026-08-10 08:49:31 | team | sess_e5b48e3a5fcd | INFO | Message c87184f1-1159-4c32-a481-6374f11421d5 created
2026-08-10 08:49:31 | team | sess_e5b48e3a5fcd | INFO | Message 9e847ec2-292d-4822-90cd-6dccf55f93e0 created
2026-08-10 08:51:15 | team | sess_e5b48e3a5fcd | INFO | [executor2] processing 1 unread messages (steer=True)
2026-08-10 08:51:15 | team | sess_e5b48e3a5fcd | INFO | Message f788fea1-d1cc-4a8b-9921-41690f0a16f8 marked as read by executor2
2026-08-10 08:51:58 | team | sess_e5b48e3a5fcd | INFO | Message 473dedbc-dd63-4d08-ad8b-8e1e67543866 created
2026-08-10 08:54:13 | team | sess_e5b48e3a5fcd | INFO | task list drained for team jiuwen_team_sess_e5b48e3a5fcd: 5 terminal task(s)
2026-08-10 08:54:24 | team | sess_e5b48e3a5fcd | INFO | [executor2] processing 1 unread messages (steer=True)
2026-08-10 08:54:24 | team | sess_e5b48e3a5fcd | INFO | Message 0897653e-6425-4ab3-8187-863ef09eb771 marked as read by executor2
2026-08-10 08:54:53 | team | sess_e5b48e3a5fcd | INFO | team jiuwen_team_sess_e5b48e3a5fcd reported completed: 9 members, 5 tasks
2026-08-10 08:54:53 | team | sess_e5b48e3a5fcd | INFO | [executor2] received TEAM_STANDBY, pausing polls
2026-08-10 08:54:53 | team | sess_e5b48e3a5fcd | INFO | EventBus[teammate] pausing polls
