2026-08-10 08:43:54 | team | sess_e5b48e3a5fcd | INFO | Team workspace directory ensured at /srv/jwteam_clone/shared/run_current
2026-08-10 08:43:54 | team | sess_e5b48e3a5fcd | INFO | AgentTeam manager initialized for jiuwen_team_sess_e5b48e3a5fcd, member=team_leader
2026-08-10 08:43:54 | team | sess_e5b48e3a5fcd | INFO | [team_leader] TeamPolicyRail static sections: section_names=['team_role', 'team_workflow', 'team_swarmflow', 'team_lifecycle', 'team_persona']
2026-08-10 08:43:54 | team | sess_e5b48e3a5fcd | INFO | Session tables ready for session sess_e5b48e3a5fcd
2026-08-10 08:43:54 | team | sess_e5b48e3a5fcd | INFO | Team database initialized
2026-08-10 08:43:54 | team | default_trace_id | INFO | Team workspace directory ensured at /srv/jwteam_clone/shared/run_current
2026-08-10 08:43:54 | team | default_trace_id | INFO | AgentTeam manager initialized for jiuwen_team_sess_e5b48e3a5fcd, member=verifier2
2026-08-10 08:43:54 | team | default_trace_id | INFO | [verifier2] TeamPolicyRail static sections: section_names=['team_role', 'team_persona']
2026-08-10 08:43:54 | team | sess_e5b48e3a5fcd | INFO | [verifier2] invoke start, role=teammate
2026-08-10 08:43:54 | team | sess_e5b48e3a5fcd | INFO | [verifier2] coordination starting
2026-08-10 08:43:54 | team | sess_e5b48e3a5fcd | INFO | Session tables ready for session sess_e5b48e3a5fcd
2026-08-10 08:43:54 | team | sess_e5b48e3a5fcd | INFO | Workspace /srv/jwteam_clone/shared/run_current initialized as plain shared directory (version_control disabled)
2026-08-10 08:43:55 | team | sess_e5b48e3a5fcd | INFO | EventBus[teammate] starting
2026-08-10 08:44:10 | team | sess_e5b48e3a5fcd | INFO | [verifier2] HITT section refresh: human_agent_names=[]
2026-08-10 08:44:21 | team | sess_e5b48e3a5fcd | INFO | [verifier2] processing 1 unread messages (steer=True)
2026-08-10 08:44:21 | team | sess_e5b48e3a5fcd | INFO | Message 3a29657f-87ee-4b4b-8391-0e28cc00ba34 marked as read by verifier2
2026-08-10 08:44:38 | team | sess_e5b48e3a5fcd | INFO | Message 10c43f7d-5655-475c-b384-05d2c3e9a9d5 created
2026-08-10 08:44:53 | team | sess_e5b48e3a5fcd | INFO | [verifier2] processing 1 unread messages (steer=True)
2026-08-10 08:44:53 | team | sess_e5b48e3a5fcd | INFO | Message 17444888-394c-472f-8644-6e4e8032c7ee marked as read by verifier2
2026-08-10 08:49:26 | team | sess_e5b48e3a5fcd | INFO | [verifier2] received TASK_CLAIMED for self, task_id=verify-integration, human_agent=False
2026-08-10 08:49:31 | team | sess_e5b48e3a5fcd | INFO | [verifier2] processing 1 unread messages (steer=True)
2026-08-10 08:49:31 | team | sess_e5b48e3a5fcd | INFO | Message c87184f1-1159-4c32-a481-6374f11421d5 marked as read by verifier2
2026-08-10 08:50:40 | team | sess_e5b48e3a5fcd | INFO | Message 6ee4a9b8-921d-4941-b2ed-eac8b85b7ab7 created
2026-08-10 08:51:23 | team | sess_e5b48e3a5fcd | INFO | [verifier2] processing 1 unread messages (steer=True)
2026-08-10 08:51:23 | team | sess_e5b48e3a5fcd | INFO | Message 0746e5f0-0eac-4480-b343-81019980c4b3 marked as read by verifier2
2026-08-10 08:52:31 | team | sess_e5b48e3a5fcd | INFO | [verifier2] processing 1 unread messages (steer=True)
2026-08-10 08:52:31 | team | sess_e5b48e3a5fcd | INFO | Message b9ddc6b5-c0c6-47f7-8085-00a3cd60b2c8 marked as read by verifier2
2026-08-10 08:54:13 | team | sess_e5b48e3a5fcd | INFO | Task verify-integration completed at 1786348453721
2026-08-10 08:54:13 | team | sess_e5b48e3a5fcd | INFO | Task verify-integration completed
2026-08-10 08:54:24 | team | sess_e5b48e3a5fcd | INFO | Message 13fd927a-dad0-42a3-9106-3b86686409dc created
2026-08-10 08:54:24 | team | sess_e5b48e3a5fcd | INFO | [verifier2] processing 1 unread messages (steer=True)
2026-08-10 08:54:24 | team | sess_e5b48e3a5fcd | INFO | Message 0897653e-6425-4ab3-8187-863ef09eb771 marked as read by verifier2
2026-08-10 08:54:35 | team | sess_e5b48e3a5fcd | INFO | [verifier2] processing 1 unread messages (steer=True)
2026-08-10 08:54:35 | team | sess_e5b48e3a5fcd | INFO | Message 09147c52-62b0-4635-8b43-79adef47a97d marked as read by verifier2
2026-08-10 08:54:53 | team | sess_e5b48e3a5fcd | INFO | team jiuwen_team_sess_e5b48e3a5fcd reported completed: 9 members, 5 tasks
2026-08-10 08:54:53 | team | sess_e5b48e3a5fcd | INFO | [verifier2] received TEAM_STANDBY, pausing polls
2026-08-10 08:54:53 | team | sess_e5b48e3a5fcd | INFO | EventBus[teammate] pausing polls
