2026-08-10 08:43:48 | team | sess_e5b48e3a5fcd | INFO | Team workspace directory ensured at /srv/jwteam_clone/shared/run_current
2026-08-10 08:43:48 | team | sess_e5b48e3a5fcd | INFO | AgentTeam manager initialized for jiuwen_team_sess_e5b48e3a5fcd, member=team_leader
2026-08-10 08:43:48 | team | sess_e5b48e3a5fcd | INFO | [team_leader] TeamPolicyRail static sections: section_names=['team_role', 'team_workflow', 'team_swarmflow', 'team_lifecycle', 'team_persona']
2026-08-10 08:43:48 | team | sess_e5b48e3a5fcd | INFO | Session tables ready for session sess_e5b48e3a5fcd
2026-08-10 08:43:48 | team | sess_e5b48e3a5fcd | INFO | Team database initialized
2026-08-10 08:43:48 | team | default_trace_id | INFO | Team workspace directory ensured at /srv/jwteam_clone/shared/run_current
2026-08-10 08:43:48 | team | default_trace_id | INFO | AgentTeam manager initialized for jiuwen_team_sess_e5b48e3a5fcd, member=planner1
2026-08-10 08:43:48 | team | default_trace_id | INFO | [planner1] TeamPolicyRail static sections: section_names=['team_role', 'team_persona']
2026-08-10 08:43:48 | team | sess_e5b48e3a5fcd | INFO | [planner1] invoke start, role=teammate
2026-08-10 08:43:48 | team | sess_e5b48e3a5fcd | INFO | [planner1] coordination starting
2026-08-10 08:43:48 | team | sess_e5b48e3a5fcd | INFO | Session tables ready for session sess_e5b48e3a5fcd
2026-08-10 08:43:48 | team | sess_e5b48e3a5fcd | INFO | Workspace /srv/jwteam_clone/shared/run_current initialized as plain shared directory (version_control disabled)
2026-08-10 08:43:48 | team | sess_e5b48e3a5fcd | INFO | EventBus[teammate] starting
2026-08-10 08:44:11 | team | sess_e5b48e3a5fcd | INFO | [planner1] HITT section refresh: human_agent_names=[]
2026-08-10 08:44:21 | team | sess_e5b48e3a5fcd | INFO | [planner1] processing 1 unread messages (steer=True)
2026-08-10 08:44:21 | team | sess_e5b48e3a5fcd | INFO | Message 3a29657f-87ee-4b4b-8391-0e28cc00ba34 marked as read by planner1
2026-08-10 08:44:52 | team | sess_e5b48e3a5fcd | INFO | Message cb4e6310-b0dc-423a-8dc3-ef02ce449b52 created
2026-08-10 08:45:09 | team | sess_e5b48e3a5fcd | INFO | [planner1] processing 1 unread messages (steer=True)
2026-08-10 08:45:09 | team | sess_e5b48e3a5fcd | INFO | Message 7b862998-fc49-411d-8b11-69aa6ebc0cfa marked as read by planner1
2026-08-10 08:46:15 | team | sess_e5b48e3a5fcd | INFO | Message 73096d70-a8b3-43be-b9bf-ef603b4d8232 created
2026-08-10 08:46:23 | team | sess_e5b48e3a5fcd | INFO | Message 570299f8-4828-40aa-b71f-466d330add8a created
2026-08-10 08:46:29 | team | sess_e5b48e3a5fcd | INFO | [planner1] processing 1 unread messages (steer=True)
2026-08-10 08:46:29 | team | sess_e5b48e3a5fcd | INFO | Message f9d870c1-566d-4322-a4e9-5867119e3ce8 marked as read by planner1
2026-08-10 08:46:58 | team | sess_e5b48e3a5fcd | INFO | [planner1] processing 1 unread messages (steer=True)
2026-08-10 08:46:58 | team | sess_e5b48e3a5fcd | INFO | Message ebfec274-78d0-4afa-8ea9-0a408c8393e8 marked as read by planner1
2026-08-10 08:48:03 | team | sess_e5b48e3a5fcd | INFO | Message b25da2b8-6a15-4b4d-b227-02027148feff created
2026-08-10 08:48:16 | team | sess_e5b48e3a5fcd | INFO | [planner1] processing 1 unread messages (steer=True)
2026-08-10 08:48:16 | team | sess_e5b48e3a5fcd | INFO | Message 1ca73a9b-cc3b-481c-8fa5-2f17e067f88b marked as read by planner1
2026-08-10 08:54:13 | team | sess_e5b48e3a5fcd | INFO | task list drained for team jiuwen_team_sess_e5b48e3a5fcd: 5 terminal task(s)
2026-08-10 08:54:24 | team | sess_e5b48e3a5fcd | INFO | [planner1] processing 1 unread messages (steer=True)
2026-08-10 08:54:24 | team | sess_e5b48e3a5fcd | INFO | Message 0897653e-6425-4ab3-8187-863ef09eb771 marked as read by planner1
2026-08-10 08:54:53 | team | sess_e5b48e3a5fcd | INFO | team jiuwen_team_sess_e5b48e3a5fcd reported completed: 9 members, 5 tasks
2026-08-10 08:54:53 | team | sess_e5b48e3a5fcd | INFO | [planner1] received TEAM_STANDBY, pausing polls
2026-08-10 08:54:53 | team | sess_e5b48e3a5fcd | INFO | EventBus[teammate] pausing polls
