2026-08-10 08:43:53 | team | sess_e5b48e3a5fcd | INFO | Team workspace directory ensured at /srv/jwteam_clone/shared/run_current
2026-08-10 08:43:53 | team | sess_e5b48e3a5fcd | INFO | AgentTeam manager initialized for jiuwen_team_sess_e5b48e3a5fcd, member=team_leader
2026-08-10 08:43:53 | team | sess_e5b48e3a5fcd | INFO | [team_leader] TeamPolicyRail static sections: section_names=['team_role', 'team_workflow', 'team_swarmflow', 'team_lifecycle', 'team_persona']
2026-08-10 08:43:53 | team | sess_e5b48e3a5fcd | INFO | Session tables ready for session sess_e5b48e3a5fcd
2026-08-10 08:43:53 | team | sess_e5b48e3a5fcd | INFO | Team database initialized
2026-08-10 08:43:53 | team | default_trace_id | INFO | Team workspace directory ensured at /srv/jwteam_clone/shared/run_current
2026-08-10 08:43:53 | team | default_trace_id | INFO | AgentTeam manager initialized for jiuwen_team_sess_e5b48e3a5fcd, member=verifier1
2026-08-10 08:43:53 | team | default_trace_id | INFO | [verifier1] TeamPolicyRail static sections: section_names=['team_role', 'team_persona']
2026-08-10 08:43:53 | team | sess_e5b48e3a5fcd | INFO | [verifier1] invoke start, role=teammate
2026-08-10 08:43:53 | team | sess_e5b48e3a5fcd | INFO | [verifier1] coordination starting
2026-08-10 08:43:53 | team | sess_e5b48e3a5fcd | INFO | Session tables ready for session sess_e5b48e3a5fcd
2026-08-10 08:43:53 | team | sess_e5b48e3a5fcd | INFO | Workspace /srv/jwteam_clone/shared/run_current initialized as plain shared directory (version_control disabled)
2026-08-10 08:43:53 | team | sess_e5b48e3a5fcd | INFO | EventBus[teammate] starting
2026-08-10 08:44:10 | team | sess_e5b48e3a5fcd | INFO | [verifier1] HITT section refresh: human_agent_names=[]
2026-08-10 08:44:21 | team | sess_e5b48e3a5fcd | INFO | [verifier1] processing 1 unread messages (steer=True)
2026-08-10 08:44:21 | team | sess_e5b48e3a5fcd | INFO | Message 3a29657f-87ee-4b4b-8391-0e28cc00ba34 marked as read by verifier1
2026-08-10 08:49:26 | team | sess_e5b48e3a5fcd | INFO | Task verify-unit claimed by member verifier1
2026-08-10 08:49:26 | team | sess_e5b48e3a5fcd | INFO | Task verify-unit claimed by member verifier1
2026-08-10 08:49:31 | team | sess_e5b48e3a5fcd | INFO | [verifier1] processing 1 unread messages (steer=True)
2026-08-10 08:49:31 | team | sess_e5b48e3a5fcd | INFO | Message 9e847ec2-292d-4822-90cd-6dccf55f93e0 marked as read by verifier1
2026-08-10 08:50:40 | team | sess_e5b48e3a5fcd | INFO | [verifier1] processing 1 unread messages (steer=True)
2026-08-10 08:50:40 | team | sess_e5b48e3a5fcd | INFO | Message 6ee4a9b8-921d-4941-b2ed-eac8b85b7ab7 marked as read by verifier1
2026-08-10 08:51:15 | team | sess_e5b48e3a5fcd | INFO | Message f788fea1-d1cc-4a8b-9921-41690f0a16f8 created
2026-08-10 08:51:23 | team | sess_e5b48e3a5fcd | INFO | Message 0746e5f0-0eac-4480-b343-81019980c4b3 created
2026-08-10 08:51:58 | team | sess_e5b48e3a5fcd | INFO | [verifier1] processing 1 unread messages (steer=True)
2026-08-10 08:51:58 | team | sess_e5b48e3a5fcd | INFO | Message 473dedbc-dd63-4d08-ad8b-8e1e67543866 marked as read by verifier1
2026-08-10 08:52:31 | team | sess_e5b48e3a5fcd | INFO | Message b9ddc6b5-c0c6-47f7-8085-00a3cd60b2c8 created
2026-08-10 08:52:36 | team | sess_e5b48e3a5fcd | INFO | Task verify-unit completed at 1786348356421
2026-08-10 08:52:36 | team | sess_e5b48e3a5fcd | INFO | Task verify-unit completed
2026-08-10 08:54:13 | team | sess_e5b48e3a5fcd | INFO | task list drained for team jiuwen_team_sess_e5b48e3a5fcd: 5 terminal task(s)
2026-08-10 08:54:24 | team | sess_e5b48e3a5fcd | INFO | [verifier1] processing 1 unread messages (steer=True)
2026-08-10 08:54:24 | team | sess_e5b48e3a5fcd | INFO | Message 0897653e-6425-4ab3-8187-863ef09eb771 marked as read by verifier1
2026-08-10 08:54:53 | team | sess_e5b48e3a5fcd | INFO | team jiuwen_team_sess_e5b48e3a5fcd reported completed: 9 members, 5 tasks
2026-08-10 08:54:53 | team | sess_e5b48e3a5fcd | INFO | [verifier1] received TEAM_STANDBY, pausing polls
2026-08-10 08:54:53 | team | sess_e5b48e3a5fcd | INFO | EventBus[teammate] pausing polls
