2026-08-10 08:43:49 | team | sess_e5b48e3a5fcd | INFO | Team workspace directory ensured at /srv/jwteam_clone/shared/run_current
2026-08-10 08:43:49 | team | sess_e5b48e3a5fcd | INFO | AgentTeam manager initialized for jiuwen_team_sess_e5b48e3a5fcd, member=team_leader
2026-08-10 08:43:49 | team | sess_e5b48e3a5fcd | INFO | [team_leader] TeamPolicyRail static sections: section_names=['team_role', 'team_workflow', 'team_swarmflow', 'team_lifecycle', 'team_persona']
2026-08-10 08:43:50 | team | sess_e5b48e3a5fcd | INFO | Session tables ready for session sess_e5b48e3a5fcd
2026-08-10 08:43:50 | team | sess_e5b48e3a5fcd | INFO | Team database initialized
2026-08-10 08:43:50 | team | default_trace_id | INFO | Team workspace directory ensured at /srv/jwteam_clone/shared/run_current
2026-08-10 08:43:50 | team | default_trace_id | INFO | AgentTeam manager initialized for jiuwen_team_sess_e5b48e3a5fcd, member=planner2
2026-08-10 08:43:50 | team | default_trace_id | INFO | [planner2] TeamPolicyRail static sections: section_names=['team_role', 'team_persona']
2026-08-10 08:43:50 | team | sess_e5b48e3a5fcd | INFO | [planner2] invoke start, role=teammate
2026-08-10 08:43:50 | team | sess_e5b48e3a5fcd | INFO | [planner2] coordination starting
2026-08-10 08:43:50 | team | sess_e5b48e3a5fcd | INFO | Session tables ready for session sess_e5b48e3a5fcd
2026-08-10 08:43:50 | team | sess_e5b48e3a5fcd | INFO | Workspace /srv/jwteam_clone/shared/run_current initialized as plain shared directory (version_control disabled)
2026-08-10 08:43:50 | team | sess_e5b48e3a5fcd | INFO | EventBus[teammate] starting
2026-08-10 08:44:10 | team | sess_e5b48e3a5fcd | INFO | [planner2] HITT section refresh: human_agent_names=[]
2026-08-10 08:44:21 | team | sess_e5b48e3a5fcd | INFO | [planner2] processing 1 unread messages (steer=True)
2026-08-10 08:44:21 | team | sess_e5b48e3a5fcd | INFO | Message 3a29657f-87ee-4b4b-8391-0e28cc00ba34 marked as read by planner2
2026-08-10 08:44:25 | team | sess_e5b48e3a5fcd | INFO | Task plan claimed by member planner2
2026-08-10 08:44:25 | team | sess_e5b48e3a5fcd | INFO | Task plan claimed by member planner2
2026-08-10 08:44:52 | team | sess_e5b48e3a5fcd | INFO | [planner2] processing 1 unread messages (steer=True)
2026-08-10 08:44:52 | team | sess_e5b48e3a5fcd | INFO | Message cb4e6310-b0dc-423a-8dc3-ef02ce449b52 marked as read by planner2
2026-08-10 08:45:09 | team | sess_e5b48e3a5fcd | INFO | Message 7b862998-fc49-411d-8b11-69aa6ebc0cfa created
2026-08-10 08:46:15 | team | sess_e5b48e3a5fcd | INFO | [planner2] processing 1 unread messages (steer=True)
2026-08-10 08:46:15 | team | sess_e5b48e3a5fcd | INFO | Message 73096d70-a8b3-43be-b9bf-ef603b4d8232 marked as read by planner2
2026-08-10 08:46:50 | team | sess_e5b48e3a5fcd | INFO | Message d69a4eca-3e90-45c8-a646-d432ca0fd851 created
2026-08-10 08:46:58 | team | sess_e5b48e3a5fcd | INFO | Message ebfec274-78d0-4afa-8ea9-0a408c8393e8 created
2026-08-10 08:47:06 | team | sess_e5b48e3a5fcd | INFO | [planner2] processing 1 unread messages (steer=True)
2026-08-10 08:47:06 | team | sess_e5b48e3a5fcd | INFO | Message 78133ebb-66cb-4239-8d24-b6d773d525a6 marked as read by planner2
2026-08-10 08:47:08 | team | sess_e5b48e3a5fcd | INFO | Message 2a657342-e4e1-44ff-9a7d-21756929677f created
2026-08-10 08:47:14 | team | sess_e5b48e3a5fcd | INFO | Task plan completed at 1786348034747
2026-08-10 08:47:14 | team | sess_e5b48e3a5fcd | INFO | Resolved 1 dependencies for task plan
2026-08-10 08:47:14 | team | sess_e5b48e3a5fcd | INFO | Task implement unblocked (all deps resolved)
2026-08-10 08:47:14 | team | sess_e5b48e3a5fcd | INFO | Task plan completed
2026-08-10 08:47:14 | team | sess_e5b48e3a5fcd | INFO | Unblocked 1 tasks
2026-08-10 08:47:21 | team | sess_e5b48e3a5fcd | INFO | Message 9b8d8591-a8c4-4afb-9b1e-1d7c3a78ac0a created
2026-08-10 08:47:21 | team | sess_e5b48e3a5fcd | INFO | Message d94a6aef-b501-4070-a50b-bd197b5ebc0c created
2026-08-10 08:47:43 | team | sess_e5b48e3a5fcd | INFO | [planner2] processing 1 unread messages (steer=True)
2026-08-10 08:47:43 | team | sess_e5b48e3a5fcd | INFO | Message 0d12bde2-ddf3-4b1d-be0a-45a9108771c3 marked as read by planner2
2026-08-10 08:48:01 | team | sess_e5b48e3a5fcd | INFO | [planner2] processing 1 unread messages (steer=True)
2026-08-10 08:48:01 | team | sess_e5b48e3a5fcd | INFO | Message 2154dbc7-9a73-43ab-aa25-3e47d360524e marked as read by planner2
2026-08-10 08:48:25 | team | sess_e5b48e3a5fcd | INFO | Message 4b59e786-1101-4288-b8ac-b1524e9f944d created
2026-08-10 08:54:13 | team | sess_e5b48e3a5fcd | INFO | task list drained for team jiuwen_team_sess_e5b48e3a5fcd: 5 terminal task(s)
2026-08-10 08:54:24 | team | sess_e5b48e3a5fcd | INFO | [planner2] processing 1 unread messages (steer=True)
2026-08-10 08:54:24 | team | sess_e5b48e3a5fcd | INFO | Message 0897653e-6425-4ab3-8187-863ef09eb771 marked as read by planner2
2026-08-10 08:54:53 | team | sess_e5b48e3a5fcd | INFO | team jiuwen_team_sess_e5b48e3a5fcd reported completed: 9 members, 5 tasks
2026-08-10 08:54:53 | team | sess_e5b48e3a5fcd | INFO | [planner2] received TEAM_STANDBY, pausing polls
2026-08-10 08:54:53 | team | sess_e5b48e3a5fcd | INFO | EventBus[teammate] pausing polls
