2026-08-08 21:33:03 | team | sess_dce6bd6d85d4 | INFO | Team workspace directory ensured at /srv/jwteam_clone/shared/run_current
2026-08-08 21:33:03 | team | sess_dce6bd6d85d4 | INFO | AgentTeam manager initialized for jiuwen_team_sess_dce6bd6d85d4, member=team_leader
2026-08-08 21:33:03 | team | sess_dce6bd6d85d4 | INFO | [team_leader] TeamPolicyRail static sections: section_names=['team_role', 'team_workflow', 'team_swarmflow', 'team_lifecycle', 'team_persona']
2026-08-08 21:33:04 | team | sess_dce6bd6d85d4 | INFO | Session tables ready for session sess_dce6bd6d85d4
2026-08-08 21:33:04 | team | sess_dce6bd6d85d4 | INFO | Team database initialized
2026-08-08 21:33:04 | team | default_trace_id | INFO | Team workspace directory ensured at /srv/jwteam_clone/shared/run_current
2026-08-08 21:33:04 | team | default_trace_id | INFO | AgentTeam manager initialized for jiuwen_team_sess_dce6bd6d85d4, member=executor1
2026-08-08 21:33:04 | team | default_trace_id | INFO | [executor1] TeamPolicyRail static sections: section_names=['team_role', 'team_persona']
2026-08-08 21:33:04 | team | sess_dce6bd6d85d4 | INFO | [executor1] invoke start, role=teammate
2026-08-08 21:33:04 | team | sess_dce6bd6d85d4 | INFO | [executor1] coordination starting
2026-08-08 21:33:04 | team | sess_dce6bd6d85d4 | INFO | Session tables ready for session sess_dce6bd6d85d4
2026-08-08 21:33:04 | team | sess_dce6bd6d85d4 | INFO | Workspace /srv/jwteam_clone/shared/run_current initialized as plain shared directory (version_control disabled)
2026-08-08 21:33:04 | team | sess_dce6bd6d85d4 | INFO | EventBus[teammate] starting
2026-08-08 21:33:26 | team | sess_dce6bd6d85d4 | INFO | [executor1] HITT section refresh: human_agent_names=[]
2026-08-08 21:33:43 | team | sess_dce6bd6d85d4 | INFO | [executor1] processing 1 unread messages (steer=True)
2026-08-08 21:33:43 | team | sess_dce6bd6d85d4 | INFO | Message 1301d968-b477-44a2-a16d-c63e3f2da08d marked as read by executor1
2026-08-08 21:33:46 | team | sess_dce6bd6d85d4 | INFO | Message d5f743be-e308-4283-8031-5a5333241b7d created
2026-08-08 21:34:05 | team | sess_dce6bd6d85d4 | INFO | [executor1] processing 1 unread messages (steer=True)
2026-08-08 21:34:05 | team | sess_dce6bd6d85d4 | INFO | Message c6b179f0-059d-4f08-9389-aeb2684e5eaa marked as read by executor1
2026-08-08 21:34:36 | team | sess_dce6bd6d85d4 | INFO | [executor1] processing 1 unread messages (steer=True)
2026-08-08 21:34:36 | team | sess_dce6bd6d85d4 | INFO | Message 105f6a79-9fea-4a95-9f5d-1386781a8fb6 marked as read by executor1
2026-08-08 21:34:50 | team | sess_dce6bd6d85d4 | INFO | [executor1] processing 1 unread messages (steer=True)
2026-08-08 21:34:50 | team | sess_dce6bd6d85d4 | INFO | Message 41ca9dde-4cdb-4e47-9e4a-d62ad6cf4789 marked as read by executor1
2026-08-08 21:35:06 | team | sess_dce6bd6d85d4 | INFO | Message d8714182-5906-4565-9167-260c0ec45208 created
2026-08-08 21:35:19 | team | sess_dce6bd6d85d4 | INFO | Message 59130e31-fc50-4a2b-b45c-126ee22e2ef3 created
2026-08-08 21:35:19 | team | sess_dce6bd6d85d4 | INFO | Message 3944fc46-1c2e-4b45-98b5-faab7235cd2f created
2026-08-08 21:35:23 | team | sess_dce6bd6d85d4 | INFO | [executor1] processing 1 unread messages (steer=True)
2026-08-08 21:35:24 | team | sess_dce6bd6d85d4 | INFO | Message 77458178-7aad-4c31-aed8-730ab136fb2c marked as read by executor1
2026-08-08 21:35:33 | team | sess_dce6bd6d85d4 | INFO | [executor1] processing 1 unread messages (steer=True)
2026-08-08 21:35:33 | team | sess_dce6bd6d85d4 | INFO | Message 38531230-9d5d-40a2-818b-5b44bbafa6f9 marked as read by executor1
2026-08-08 21:35:41 | team | sess_dce6bd6d85d4 | INFO | Message 8120e47c-0537-46bd-a14f-1e110fceb228 created
2026-08-08 21:35:41 | team | sess_dce6bd6d85d4 | INFO | [executor1] processing 1 unread messages (steer=True)
2026-08-08 21:35:41 | team | sess_dce6bd6d85d4 | INFO | Message 6fee0796-d7a4-4cee-a075-5a7d94e1a868 marked as read by executor1
2026-08-08 21:35:42 | team | sess_dce6bd6d85d4 | INFO | [executor1] processing 1 unread messages (steer=True)
2026-08-08 21:35:42 | team | sess_dce6bd6d85d4 | INFO | Message ae4d87b6-9f84-4694-b3c6-3b4013965e69 marked as read by executor1
2026-08-08 21:35:54 | team | sess_dce6bd6d85d4 | INFO | Message 2688a1a6-e785-4811-98b3-065bc33b8f9d created
2026-08-08 21:39:57 | team | sess_dce6bd6d85d4 | INFO | task list drained for team jiuwen_team_sess_dce6bd6d85d4: 3 terminal task(s)
2026-08-08 21:40:52 | team | sess_dce6bd6d85d4 | INFO | [executor1] processing 1 unread messages (steer=True)
2026-08-08 21:40:53 | team | sess_dce6bd6d85d4 | INFO | Message 564c20dc-483d-463a-bcd1-8dc4036f45ff marked as read by executor1
2026-08-08 21:41:39 | team | sess_dce6bd6d85d4 | INFO | team jiuwen_team_sess_dce6bd6d85d4 reported completed: 9 members, 3 tasks
2026-08-08 21:41:39 | team | sess_dce6bd6d85d4 | INFO | [executor1] received TEAM_STANDBY, pausing polls
2026-08-08 21:41:39 | team | sess_dce6bd6d85d4 | INFO | EventBus[teammate] pausing polls
