2026-08-08 21:33:02 | team | sess_dce6bd6d85d4 | INFO | Team workspace directory ensured at /srv/jwteam_clone/shared/run_current
2026-08-08 21:33:02 | team | sess_dce6bd6d85d4 | INFO | AgentTeam manager initialized for jiuwen_team_sess_dce6bd6d85d4, member=team_leader
2026-08-08 21:33:02 | team | sess_dce6bd6d85d4 | INFO | [team_leader] TeamPolicyRail static sections: section_names=['team_role', 'team_workflow', 'team_swarmflow', 'team_lifecycle', 'team_persona']
2026-08-08 21:33:02 | team | sess_dce6bd6d85d4 | INFO | Session tables ready for session sess_dce6bd6d85d4
2026-08-08 21:33:02 | team | sess_dce6bd6d85d4 | INFO | Team database initialized
2026-08-08 21:33:02 | team | default_trace_id | INFO | Team workspace directory ensured at /srv/jwteam_clone/shared/run_current
2026-08-08 21:33:02 | team | default_trace_id | INFO | AgentTeam manager initialized for jiuwen_team_sess_dce6bd6d85d4, member=planner1
2026-08-08 21:33:02 | team | default_trace_id | INFO | [planner1] TeamPolicyRail static sections: section_names=['team_role', 'team_persona']
2026-08-08 21:33:02 | team | sess_dce6bd6d85d4 | INFO | [planner1] invoke start, role=teammate
2026-08-08 21:33:02 | team | sess_dce6bd6d85d4 | INFO | [planner1] coordination starting
2026-08-08 21:33:02 | team | sess_dce6bd6d85d4 | INFO | Session tables ready for session sess_dce6bd6d85d4
2026-08-08 21:33:02 | team | sess_dce6bd6d85d4 | INFO | Workspace /srv/jwteam_clone/shared/run_current initialized as plain shared directory (version_control disabled)
2026-08-08 21:33:02 | team | sess_dce6bd6d85d4 | INFO | EventBus[teammate] starting
2026-08-08 21:33:26 | team | sess_dce6bd6d85d4 | INFO | [planner1] HITT section refresh: human_agent_names=[]
2026-08-08 21:33:43 | team | sess_dce6bd6d85d4 | INFO | [planner1] processing 1 unread messages (steer=True)
2026-08-08 21:33:43 | team | sess_dce6bd6d85d4 | INFO | Message 1301d968-b477-44a2-a16d-c63e3f2da08d marked as read by planner1
2026-08-08 21:33:46 | team | sess_dce6bd6d85d4 | INFO | [planner1] processing 1 unread messages (steer=True)
2026-08-08 21:33:46 | team | sess_dce6bd6d85d4 | INFO | Message d5f743be-e308-4283-8031-5a5333241b7d marked as read by planner1
2026-08-08 21:34:05 | team | sess_dce6bd6d85d4 | INFO | Message c6b179f0-059d-4f08-9389-aeb2684e5eaa created
2026-08-08 21:34:05 | team | sess_dce6bd6d85d4 | INFO | Message 3bb06bb4-a3de-452e-b2af-033f90f764ed created
2026-08-08 21:34:05 | team | sess_dce6bd6d85d4 | INFO | Message 5ff9fd97-f0ec-40c8-b34e-5ccec8b61ba0 created
2026-08-08 21:34:36 | team | sess_dce6bd6d85d4 | INFO | [planner1] processing 1 unread messages (steer=True)
2026-08-08 21:34:36 | team | sess_dce6bd6d85d4 | INFO | Message e4610bb0-a887-4d89-8d94-ded370a0c520 marked as read by planner1
2026-08-08 21:34:48 | team | sess_dce6bd6d85d4 | INFO | Message 142171f6-878a-4f21-a6cd-1c81786a1d78 created
2026-08-08 21:34:50 | team | sess_dce6bd6d85d4 | INFO | [planner1] processing 1 unread messages (steer=True)
2026-08-08 21:34:50 | team | sess_dce6bd6d85d4 | INFO | Message 228aa5cc-f80b-4326-a6f8-0d5f866c844c marked as read by planner1
2026-08-08 21:34:59 | team | sess_dce6bd6d85d4 | INFO | Message 5d19a13a-54d8-401f-8c02-36481383b6c4 created
2026-08-08 21:39:57 | team | sess_dce6bd6d85d4 | INFO | task list drained for team jiuwen_team_sess_dce6bd6d85d4: 3 terminal task(s)
2026-08-08 21:40:52 | team | sess_dce6bd6d85d4 | INFO | [planner1] processing 1 unread messages (steer=True)
2026-08-08 21:40:53 | team | sess_dce6bd6d85d4 | INFO | Message 564c20dc-483d-463a-bcd1-8dc4036f45ff marked as read by planner1
2026-08-08 21:41:39 | team | sess_dce6bd6d85d4 | INFO | team jiuwen_team_sess_dce6bd6d85d4 reported completed: 9 members, 3 tasks
2026-08-08 21:41:39 | team | sess_dce6bd6d85d4 | INFO | [planner1] received TEAM_STANDBY, pausing polls
2026-08-08 21:41:39 | team | sess_dce6bd6d85d4 | INFO | EventBus[teammate] pausing polls
