2026-08-08 21:33:06 | team | sess_dce6bd6d85d4 | INFO | Team workspace directory ensured at /srv/jwteam_clone/shared/run_current
2026-08-08 21:33:06 | team | sess_dce6bd6d85d4 | INFO | AgentTeam manager initialized for jiuwen_team_sess_dce6bd6d85d4, member=team_leader
2026-08-08 21:33:06 | team | sess_dce6bd6d85d4 | INFO | [team_leader] TeamPolicyRail static sections: section_names=['team_role', 'team_workflow', 'team_swarmflow', 'team_lifecycle', 'team_persona']
2026-08-08 21:33:06 | team | sess_dce6bd6d85d4 | INFO | Session tables ready for session sess_dce6bd6d85d4
2026-08-08 21:33:06 | team | sess_dce6bd6d85d4 | INFO | Team database initialized
2026-08-08 21:33:06 | team | default_trace_id | INFO | Team workspace directory ensured at /srv/jwteam_clone/shared/run_current
2026-08-08 21:33:06 | team | default_trace_id | INFO | AgentTeam manager initialized for jiuwen_team_sess_dce6bd6d85d4, member=executor3
2026-08-08 21:33:06 | team | default_trace_id | INFO | [executor3] TeamPolicyRail static sections: section_names=['team_role', 'team_persona']
2026-08-08 21:33:06 | team | sess_dce6bd6d85d4 | INFO | [executor3] invoke start, role=teammate
2026-08-08 21:33:06 | team | sess_dce6bd6d85d4 | INFO | [executor3] coordination starting
2026-08-08 21:33:06 | team | sess_dce6bd6d85d4 | INFO | Session tables ready for session sess_dce6bd6d85d4
2026-08-08 21:33:06 | team | sess_dce6bd6d85d4 | INFO | Workspace /srv/jwteam_clone/shared/run_current initialized as plain shared directory (version_control disabled)
2026-08-08 21:33:06 | team | sess_dce6bd6d85d4 | INFO | EventBus[teammate] starting
2026-08-08 21:33:26 | team | sess_dce6bd6d85d4 | INFO | [executor3] HITT section refresh: human_agent_names=[]
2026-08-08 21:33:43 | team | sess_dce6bd6d85d4 | INFO | [executor3] processing 1 unread messages (steer=True)
2026-08-08 21:33:43 | team | sess_dce6bd6d85d4 | INFO | Message 1301d968-b477-44a2-a16d-c63e3f2da08d marked as read by executor3
2026-08-08 21:33:54 | team | sess_dce6bd6d85d4 | INFO | Message 3ec5a45d-1b38-4df9-9c5a-5e4f9bdd8eb9 created
2026-08-08 21:34:36 | team | sess_dce6bd6d85d4 | INFO | [executor3] processing 1 unread messages (steer=True)
2026-08-08 21:34:36 | team | sess_dce6bd6d85d4 | INFO | Message 149e5f07-e917-462a-a9a4-0035f192ea6e marked as read by executor3
2026-08-08 21:39:57 | team | sess_dce6bd6d85d4 | INFO | task list drained for team jiuwen_team_sess_dce6bd6d85d4: 3 terminal task(s)
2026-08-08 21:40:52 | team | sess_dce6bd6d85d4 | INFO | [executor3] processing 1 unread messages (steer=True)
2026-08-08 21:40:53 | team | sess_dce6bd6d85d4 | INFO | Message 564c20dc-483d-463a-bcd1-8dc4036f45ff marked as read by executor3
2026-08-08 21:41:39 | team | sess_dce6bd6d85d4 | INFO | team jiuwen_team_sess_dce6bd6d85d4 reported completed: 9 members, 3 tasks
2026-08-08 21:41:39 | team | sess_dce6bd6d85d4 | INFO | [executor3] received TEAM_STANDBY, pausing polls
2026-08-08 21:41:39 | team | sess_dce6bd6d85d4 | INFO | EventBus[teammate] pausing polls
