2026-08-08 21:33:06 | team | sess_dce6bd6d85d4 | INFO | Team workspace directory ensured at /srv/jwteam_clone/shared/run_current
2026-08-08 21:33:06 | team | sess_dce6bd6d85d4 | INFO | AgentTeam manager initialized for jiuwen_team_sess_dce6bd6d85d4, member=team_leader
2026-08-08 21:33:06 | team | sess_dce6bd6d85d4 | INFO | [team_leader] TeamPolicyRail static sections: section_names=['team_role', 'team_workflow', 'team_swarmflow', 'team_lifecycle', 'team_persona']
2026-08-08 21:33:07 | team | sess_dce6bd6d85d4 | INFO | Session tables ready for session sess_dce6bd6d85d4
2026-08-08 21:33:07 | team | sess_dce6bd6d85d4 | INFO | Team database initialized
2026-08-08 21:33:07 | team | default_trace_id | INFO | Team workspace directory ensured at /srv/jwteam_clone/shared/run_current
2026-08-08 21:33:07 | team | default_trace_id | INFO | AgentTeam manager initialized for jiuwen_team_sess_dce6bd6d85d4, member=verifier1
2026-08-08 21:33:07 | team | default_trace_id | INFO | [verifier1] TeamPolicyRail static sections: section_names=['team_role', 'team_persona']
2026-08-08 21:33:07 | team | sess_dce6bd6d85d4 | INFO | [verifier1] invoke start, role=teammate
2026-08-08 21:33:07 | team | sess_dce6bd6d85d4 | INFO | [verifier1] coordination starting
2026-08-08 21:33:07 | team | sess_dce6bd6d85d4 | INFO | Session tables ready for session sess_dce6bd6d85d4
2026-08-08 21:33:07 | team | sess_dce6bd6d85d4 | INFO | Workspace /srv/jwteam_clone/shared/run_current initialized as plain shared directory (version_control disabled)
2026-08-08 21:33:07 | team | sess_dce6bd6d85d4 | INFO | EventBus[teammate] starting
2026-08-08 21:33:26 | team | sess_dce6bd6d85d4 | INFO | [verifier1] HITT section refresh: human_agent_names=[]
2026-08-08 21:33:43 | team | sess_dce6bd6d85d4 | INFO | [verifier1] processing 1 unread messages (steer=True)
2026-08-08 21:33:43 | team | sess_dce6bd6d85d4 | INFO | Message 1301d968-b477-44a2-a16d-c63e3f2da08d marked as read by verifier1
2026-08-08 21:34:14 | team | sess_dce6bd6d85d4 | INFO | Message 2e72784d-4bdc-45cc-9739-d65fa56918a9 created
2026-08-08 21:35:01 | team | sess_dce6bd6d85d4 | INFO | [verifier1] processing 1 unread messages (steer=True)
2026-08-08 21:35:01 | team | sess_dce6bd6d85d4 | INFO | Message ce45d6d0-0fae-4371-8bb8-7042b8d816a6 marked as read by verifier1
2026-08-08 21:35:20 | team | sess_dce6bd6d85d4 | INFO | Message 910e6ce6-1408-45da-b966-a6993f08ae94 created
2026-08-08 21:37:50 | team | sess_dce6bd6d85d4 | INFO | [verifier1] processing 1 unread messages (steer=True)
2026-08-08 21:37:50 | team | sess_dce6bd6d85d4 | INFO | Message 329ee6b2-44a9-4a5e-b8dc-ba1a2b49907e marked as read by verifier1
2026-08-08 21:38:01 | team | sess_dce6bd6d85d4 | INFO | Task verify claimed by member verifier1
2026-08-08 21:38:01 | team | sess_dce6bd6d85d4 | INFO | Task verify claimed by member verifier1
2026-08-08 21:38:04 | team | sess_dce6bd6d85d4 | INFO | [verifier1] processing 1 unread messages (steer=True)
2026-08-08 21:38:04 | team | sess_dce6bd6d85d4 | INFO | Message 9e058da8-9bcd-4bd2-9219-98aa864ff17b marked as read by verifier1
2026-08-08 21:38:12 | team | sess_dce6bd6d85d4 | INFO | Message 9c05f4de-e1e7-47cf-92bc-5a8ed8750888 created
2026-08-08 21:38:12 | team | sess_dce6bd6d85d4 | INFO | Message 367efff7-1d54-493b-8d3e-97d065cb846e created
2026-08-08 21:38:20 | team | sess_dce6bd6d85d4 | INFO | Message 909e5b78-5ee7-45be-bc80-c85fd52ddd5a created
2026-08-08 21:38:31 | team | sess_dce6bd6d85d4 | INFO | [verifier1] processing 1 unread messages (steer=True)
2026-08-08 21:38:31 | team | sess_dce6bd6d85d4 | INFO | Message ae2f4c18-fcf1-46e0-ba7a-dd4b175cdd4a marked as read by verifier1
2026-08-08 21:38:45 | team | sess_dce6bd6d85d4 | INFO | Message 06c8098e-e0f6-4bdb-8e35-b1d19fd2f19f created
2026-08-08 21:38:49 | team | sess_dce6bd6d85d4 | INFO | [verifier1] processing 1 unread messages (steer=True)
2026-08-08 21:38:49 | team | sess_dce6bd6d85d4 | INFO | Message bb57d5f4-5723-4793-a611-a41ad1394317 marked as read by verifier1
2026-08-08 21:39:52 | team | sess_dce6bd6d85d4 | INFO | Message dc2a743d-ed2f-415b-b2e4-962b8dc633d9 created
2026-08-08 21:39:57 | team | sess_dce6bd6d85d4 | INFO | Task verify completed at 1786221597078
2026-08-08 21:39:57 | team | sess_dce6bd6d85d4 | INFO | Task verify completed
2026-08-08 21:40:52 | team | sess_dce6bd6d85d4 | INFO | [verifier1] processing 1 unread messages (steer=True)
2026-08-08 21:40:53 | team | sess_dce6bd6d85d4 | INFO | Message 564c20dc-483d-463a-bcd1-8dc4036f45ff marked as read by verifier1
2026-08-08 21:41:39 | team | sess_dce6bd6d85d4 | INFO | team jiuwen_team_sess_dce6bd6d85d4 reported completed: 9 members, 3 tasks
2026-08-08 21:41:39 | team | sess_dce6bd6d85d4 | INFO | [verifier1] received TEAM_STANDBY, pausing polls
2026-08-08 21:41:39 | team | sess_dce6bd6d85d4 | INFO | EventBus[teammate] pausing polls
