2026-08-08 21:33:03 | team | sess_dce6bd6d85d4 | INFO | Team workspace directory ensured at /srv/jwteam_clone/shared/run_current
2026-08-08 21:33:03 | team | sess_dce6bd6d85d4 | INFO | AgentTeam manager initialized for jiuwen_team_sess_dce6bd6d85d4, member=team_leader
2026-08-08 21:33:03 | team | sess_dce6bd6d85d4 | INFO | [team_leader] TeamPolicyRail static sections: section_names=['team_role', 'team_workflow', 'team_swarmflow', 'team_lifecycle', 'team_persona']
2026-08-08 21:33:03 | team | sess_dce6bd6d85d4 | INFO | Session tables ready for session sess_dce6bd6d85d4
2026-08-08 21:33:03 | team | sess_dce6bd6d85d4 | INFO | Team database initialized
2026-08-08 21:33:03 | team | default_trace_id | INFO | Team workspace directory ensured at /srv/jwteam_clone/shared/run_current
2026-08-08 21:33:03 | team | default_trace_id | INFO | AgentTeam manager initialized for jiuwen_team_sess_dce6bd6d85d4, member=planner2
2026-08-08 21:33:03 | team | default_trace_id | INFO | [planner2] TeamPolicyRail static sections: section_names=['team_role', 'team_persona']
2026-08-08 21:33:03 | team | sess_dce6bd6d85d4 | INFO | [planner2] invoke start, role=teammate
2026-08-08 21:33:03 | team | sess_dce6bd6d85d4 | INFO | [planner2] coordination starting
2026-08-08 21:33:03 | team | sess_dce6bd6d85d4 | INFO | Session tables ready for session sess_dce6bd6d85d4
2026-08-08 21:33:03 | team | sess_dce6bd6d85d4 | INFO | Workspace /srv/jwteam_clone/shared/run_current initialized as plain shared directory (version_control disabled)
2026-08-08 21:33:03 | team | sess_dce6bd6d85d4 | INFO | EventBus[teammate] starting
2026-08-08 21:33:26 | team | sess_dce6bd6d85d4 | INFO | [planner2] HITT section refresh: human_agent_names=[]
2026-08-08 21:33:43 | team | sess_dce6bd6d85d4 | INFO | [planner2] processing 1 unread messages (steer=True)
2026-08-08 21:33:43 | team | sess_dce6bd6d85d4 | INFO | Message 1301d968-b477-44a2-a16d-c63e3f2da08d marked as read by planner2
2026-08-08 21:33:47 | team | sess_dce6bd6d85d4 | INFO | Task plan claimed by member planner2
2026-08-08 21:33:47 | team | sess_dce6bd6d85d4 | INFO | Task plan claimed by member planner2
2026-08-08 21:34:05 | team | sess_dce6bd6d85d4 | INFO | [planner2] processing 1 unread messages (steer=True)
2026-08-08 21:34:05 | team | sess_dce6bd6d85d4 | INFO | Message 3bb06bb4-a3de-452e-b2af-033f90f764ed marked as read by planner2
2026-08-08 21:34:50 | team | sess_dce6bd6d85d4 | INFO | Message 228aa5cc-f80b-4326-a6f8-0d5f866c844c created
2026-08-08 21:34:50 | team | sess_dce6bd6d85d4 | INFO | Message 41ca9dde-4cdb-4e47-9e4a-d62ad6cf4789 created
2026-08-08 21:34:59 | team | sess_dce6bd6d85d4 | INFO | [planner2] processing 1 unread messages (steer=True)
2026-08-08 21:34:59 | team | sess_dce6bd6d85d4 | INFO | Message 5d19a13a-54d8-401f-8c02-36481383b6c4 marked as read by planner2
2026-08-08 21:35:00 | team | sess_dce6bd6d85d4 | INFO | Task plan completed at 1786221300919
2026-08-08 21:35:00 | team | sess_dce6bd6d85d4 | INFO | Message 3a0dad12-c2f9-483c-9b7a-f7734c85974d created
2026-08-08 21:35:00 | team | sess_dce6bd6d85d4 | INFO | Resolved 1 dependencies for task plan
2026-08-08 21:35:00 | team | sess_dce6bd6d85d4 | INFO | Task implement unblocked (all deps resolved)
2026-08-08 21:35:00 | team | sess_dce6bd6d85d4 | INFO | Task plan completed
2026-08-08 21:35:00 | team | sess_dce6bd6d85d4 | INFO | Unblocked 1 tasks
2026-08-08 21:35:06 | team | sess_dce6bd6d85d4 | INFO | [planner2] processing 1 unread messages (steer=True)
2026-08-08 21:35:06 | team | sess_dce6bd6d85d4 | INFO | Message d8714182-5906-4565-9167-260c0ec45208 marked as read by planner2
2026-08-08 21:35:23 | team | sess_dce6bd6d85d4 | INFO | Message 77458178-7aad-4c31-aed8-730ab136fb2c created
2026-08-08 21:39:57 | team | sess_dce6bd6d85d4 | INFO | task list drained for team jiuwen_team_sess_dce6bd6d85d4: 3 terminal task(s)
2026-08-08 21:40:52 | team | sess_dce6bd6d85d4 | INFO | [planner2] processing 1 unread messages (steer=True)
2026-08-08 21:40:53 | team | sess_dce6bd6d85d4 | INFO | Message 564c20dc-483d-463a-bcd1-8dc4036f45ff marked as read by planner2
2026-08-08 21:41:39 | team | sess_dce6bd6d85d4 | INFO | team jiuwen_team_sess_dce6bd6d85d4 reported completed: 9 members, 3 tasks
2026-08-08 21:41:39 | team | sess_dce6bd6d85d4 | INFO | [planner2] received TEAM_STANDBY, pausing polls
2026-08-08 21:41:39 | team | sess_dce6bd6d85d4 | INFO | EventBus[teammate] pausing polls
