2026-08-08 21:33:08 | team | sess_dce6bd6d85d4 | INFO | Team workspace directory ensured at /srv/jwteam_clone/shared/run_current
2026-08-08 21:33:08 | team | sess_dce6bd6d85d4 | INFO | AgentTeam manager initialized for jiuwen_team_sess_dce6bd6d85d4, member=team_leader
2026-08-08 21:33:08 | team | sess_dce6bd6d85d4 | INFO | [team_leader] TeamPolicyRail static sections: section_names=['team_role', 'team_workflow', 'team_swarmflow', 'team_lifecycle', 'team_persona']
2026-08-08 21:33:08 | team | sess_dce6bd6d85d4 | INFO | Session tables ready for session sess_dce6bd6d85d4
2026-08-08 21:33:08 | team | sess_dce6bd6d85d4 | INFO | Team database initialized
2026-08-08 21:33:08 | team | default_trace_id | INFO | Team workspace directory ensured at /srv/jwteam_clone/shared/run_current
2026-08-08 21:33:08 | team | default_trace_id | INFO | AgentTeam manager initialized for jiuwen_team_sess_dce6bd6d85d4, member=fullstack1
2026-08-08 21:33:08 | team | default_trace_id | INFO | [fullstack1] TeamPolicyRail static sections: section_names=['team_role', 'team_persona']
2026-08-08 21:33:08 | team | sess_dce6bd6d85d4 | INFO | [fullstack1] invoke start, role=teammate
2026-08-08 21:33:08 | team | sess_dce6bd6d85d4 | INFO | [fullstack1] coordination starting
2026-08-08 21:33:08 | team | sess_dce6bd6d85d4 | INFO | Session tables ready for session sess_dce6bd6d85d4
2026-08-08 21:33:08 | team | sess_dce6bd6d85d4 | INFO | Workspace /srv/jwteam_clone/shared/run_current initialized as plain shared directory (version_control disabled)
2026-08-08 21:33:08 | team | sess_dce6bd6d85d4 | INFO | EventBus[teammate] starting
2026-08-08 21:33:26 | team | sess_dce6bd6d85d4 | INFO | [fullstack1] HITT section refresh: human_agent_names=[]
2026-08-08 21:33:43 | team | sess_dce6bd6d85d4 | INFO | [fullstack1] processing 1 unread messages (steer=True)
2026-08-08 21:33:43 | team | sess_dce6bd6d85d4 | INFO | Message 1301d968-b477-44a2-a16d-c63e3f2da08d marked as read by fullstack1
2026-08-08 21:35:10 | team | sess_dce6bd6d85d4 | INFO | Task implement claimed by member fullstack1
2026-08-08 21:35:10 | team | sess_dce6bd6d85d4 | INFO | Task implement claimed by member fullstack1
2026-08-08 21:35:19 | team | sess_dce6bd6d85d4 | INFO | [fullstack1] processing 1 unread messages (steer=True)
2026-08-08 21:35:19 | team | sess_dce6bd6d85d4 | INFO | Message 59130e31-fc50-4a2b-b45c-126ee22e2ef3 marked as read by fullstack1
2026-08-08 21:35:33 | team | sess_dce6bd6d85d4 | INFO | [fullstack1] processing 1 unread messages (steer=True)
2026-08-08 21:35:33 | team | sess_dce6bd6d85d4 | INFO | Message ccbc9f09-b605-4621-8cf6-2456ec2a8a86 marked as read by fullstack1
2026-08-08 21:35:41 | team | sess_dce6bd6d85d4 | INFO | Message ae4d87b6-9f84-4694-b3c6-3b4013965e69 created
2026-08-08 21:35:54 | team | sess_dce6bd6d85d4 | INFO | [fullstack1] processing 1 unread messages (steer=True)
2026-08-08 21:35:54 | team | sess_dce6bd6d85d4 | INFO | Message 2688a1a6-e785-4811-98b3-065bc33b8f9d marked as read by fullstack1
2026-08-08 21:37:50 | team | sess_dce6bd6d85d4 | INFO | Task implement completed at 1786221470225
2026-08-08 21:37:50 | team | sess_dce6bd6d85d4 | INFO | Message 329ee6b2-44a9-4a5e-b8dc-ba1a2b49907e created
2026-08-08 21:37:50 | team | sess_dce6bd6d85d4 | INFO | Resolved 1 dependencies for task implement
2026-08-08 21:37:50 | team | sess_dce6bd6d85d4 | INFO | Task verify unblocked (all deps resolved)
2026-08-08 21:37:50 | team | sess_dce6bd6d85d4 | INFO | Task implement completed
2026-08-08 21:37:50 | team | sess_dce6bd6d85d4 | INFO | Unblocked 1 tasks
2026-08-08 21:38:04 | team | sess_dce6bd6d85d4 | INFO | Message 23477399-7c0a-4d28-8361-f61884ea1c96 created
2026-08-08 21:38:12 | team | sess_dce6bd6d85d4 | INFO | [fullstack1] processing 1 unread messages (steer=True)
2026-08-08 21:38:12 | team | sess_dce6bd6d85d4 | INFO | Message 9c05f4de-e1e7-47cf-92bc-5a8ed8750888 marked as read by fullstack1
2026-08-08 21:38:31 | team | sess_dce6bd6d85d4 | INFO | Message ae2f4c18-fcf1-46e0-ba7a-dd4b175cdd4a created
2026-08-08 21:38:45 | team | sess_dce6bd6d85d4 | INFO | [fullstack1] processing 1 unread messages (steer=True)
2026-08-08 21:38:45 | team | sess_dce6bd6d85d4 | INFO | Message 06c8098e-e0f6-4bdb-8e35-b1d19fd2f19f marked as read by fullstack1
2026-08-08 21:39:57 | team | sess_dce6bd6d85d4 | INFO | task list drained for team jiuwen_team_sess_dce6bd6d85d4: 3 terminal task(s)
2026-08-08 21:40:35 | team | sess_dce6bd6d85d4 | INFO | [fullstack1] processing 1 unread messages (steer=True)
2026-08-08 21:40:35 | team | sess_dce6bd6d85d4 | INFO | Message aae1a5be-06cb-4404-bdc7-6de3d6826aa8 marked as read by fullstack1
2026-08-08 21:40:52 | team | sess_dce6bd6d85d4 | INFO | [fullstack1] processing 1 unread messages (steer=True)
2026-08-08 21:40:52 | team | sess_dce6bd6d85d4 | INFO | Message 564c20dc-483d-463a-bcd1-8dc4036f45ff marked as read by fullstack1
2026-08-08 21:41:39 | team | sess_dce6bd6d85d4 | INFO | team jiuwen_team_sess_dce6bd6d85d4 reported completed: 9 members, 3 tasks
2026-08-08 21:41:39 | team | sess_dce6bd6d85d4 | INFO | [fullstack1] received TEAM_STANDBY, pausing polls
2026-08-08 21:41:39 | team | sess_dce6bd6d85d4 | INFO | EventBus[teammate] pausing polls
