2026-08-08 04:57:06 | team | sess_54fe3b34bed4 | INFO | Team workspace directory ensured at /srv/jwteam_clone/shared/run_current
2026-08-08 04:57:06 | team | sess_54fe3b34bed4 | INFO | AgentTeam manager initialized for jiuwen_team_sess_54fe3b34bed4, member=team_leader
2026-08-08 04:57:06 | team | sess_54fe3b34bed4 | INFO | [team_leader] TeamPolicyRail static sections: section_names=['team_role', 'team_workflow', 'team_swarmflow', 'team_lifecycle', 'team_persona']
2026-08-08 04:57:06 | team | sess_54fe3b34bed4 | INFO | Session tables ready for session sess_54fe3b34bed4
2026-08-08 04:57:06 | team | sess_54fe3b34bed4 | INFO | Team database initialized
2026-08-08 04:57:06 | team | default_trace_id | INFO | Team workspace directory ensured at /srv/jwteam_clone/shared/run_current
2026-08-08 04:57:06 | team | default_trace_id | INFO | AgentTeam manager initialized for jiuwen_team_sess_54fe3b34bed4, member=executor1
2026-08-08 04:57:06 | team | default_trace_id | INFO | [executor1] TeamPolicyRail static sections: section_names=['team_role', 'team_persona']
2026-08-08 04:57:06 | team | sess_54fe3b34bed4 | INFO | [executor1] invoke start, role=teammate
2026-08-08 04:57:06 | team | sess_54fe3b34bed4 | INFO | [executor1] coordination starting
2026-08-08 04:57:06 | team | sess_54fe3b34bed4 | INFO | Session tables ready for session sess_54fe3b34bed4
2026-08-08 04:57:06 | team | sess_54fe3b34bed4 | INFO | Workspace /srv/jwteam_clone/shared/run_current initialized as plain shared directory (version_control disabled)
2026-08-08 04:57:06 | team | sess_54fe3b34bed4 | INFO | EventBus[teammate] starting
2026-08-08 04:57:48 | team | sess_54fe3b34bed4 | INFO | [executor1] HITT section refresh: human_agent_names=[]
2026-08-08 04:58:00 | team | sess_54fe3b34bed4 | INFO | [executor1] processing 1 unread messages (steer=True)
2026-08-08 04:58:00 | team | sess_54fe3b34bed4 | INFO | Message 7e2bfa92-aac5-4131-b083-bd7b86f501bd marked as read by executor1
2026-08-08 04:59:14 | team | sess_54fe3b34bed4 | INFO | [executor1] processing 1 unread messages (steer=True)
2026-08-08 04:59:14 | team | sess_54fe3b34bed4 | INFO | Message fbe6385b-7a9a-46f3-9c5d-f344c4339a28 marked as read by executor1
2026-08-08 04:59:40 | team | sess_54fe3b34bed4 | INFO | Message fe728514-c937-45f1-85a1-6b3a5b45bd9d created
2026-08-08 04:59:56 | team | sess_54fe3b34bed4 | INFO | [executor1] processing 1 unread messages (steer=True)
2026-08-08 04:59:56 | team | sess_54fe3b34bed4 | INFO | Message d095135a-cb96-48b8-94a7-5f71f10531a7 marked as read by executor1
2026-08-08 05:03:39 | team | sess_54fe3b34bed4 | INFO | task list drained for team jiuwen_team_sess_54fe3b34bed4: 6 terminal task(s)
2026-08-08 05:03:52 | team | sess_54fe3b34bed4 | INFO | [executor1] processing 1 unread messages (steer=True)
2026-08-08 05:03:52 | team | sess_54fe3b34bed4 | INFO | Message 0af0a8da-5019-449b-a116-4a9968c9ab19 marked as read by executor1
2026-08-08 05:04:25 | team | sess_54fe3b34bed4 | INFO | team jiuwen_team_sess_54fe3b34bed4 reported completed: 9 members, 6 tasks
2026-08-08 05:04:25 | team | sess_54fe3b34bed4 | INFO | [executor1] received TEAM_STANDBY, pausing polls
2026-08-08 05:04:25 | team | sess_54fe3b34bed4 | INFO | EventBus[teammate] pausing polls
