2026-08-08 04:57:07 | team | sess_54fe3b34bed4 | INFO | Team workspace directory ensured at /srv/jwteam_clone/shared/run_current
2026-08-08 04:57:07 | team | sess_54fe3b34bed4 | INFO | AgentTeam manager initialized for jiuwen_team_sess_54fe3b34bed4, member=team_leader
2026-08-08 04:57:07 | team | sess_54fe3b34bed4 | INFO | [team_leader] TeamPolicyRail static sections: section_names=['team_role', 'team_workflow', 'team_swarmflow', 'team_lifecycle', 'team_persona']
2026-08-08 04:57:07 | team | sess_54fe3b34bed4 | INFO | Session tables ready for session sess_54fe3b34bed4
2026-08-08 04:57:07 | team | sess_54fe3b34bed4 | INFO | Team database initialized
2026-08-08 04:57:07 | team | default_trace_id | INFO | Team workspace directory ensured at /srv/jwteam_clone/shared/run_current
2026-08-08 04:57:07 | team | default_trace_id | INFO | AgentTeam manager initialized for jiuwen_team_sess_54fe3b34bed4, member=executor2
2026-08-08 04:57:07 | team | default_trace_id | INFO | [executor2] TeamPolicyRail static sections: section_names=['team_role', 'team_persona']
2026-08-08 04:57:07 | team | sess_54fe3b34bed4 | INFO | [executor2] invoke start, role=teammate
2026-08-08 04:57:07 | team | sess_54fe3b34bed4 | INFO | [executor2] coordination starting
2026-08-08 04:57:07 | team | sess_54fe3b34bed4 | INFO | Session tables ready for session sess_54fe3b34bed4
2026-08-08 04:57:07 | team | sess_54fe3b34bed4 | INFO | Workspace /srv/jwteam_clone/shared/run_current initialized as plain shared directory (version_control disabled)
2026-08-08 04:57:07 | team | sess_54fe3b34bed4 | INFO | EventBus[teammate] starting
2026-08-08 04:57:47 | team | sess_54fe3b34bed4 | INFO | [executor2] HITT section refresh: human_agent_names=[]
2026-08-08 04:58:00 | team | sess_54fe3b34bed4 | INFO | [executor2] processing 1 unread messages (steer=True)
2026-08-08 04:58:00 | team | sess_54fe3b34bed4 | INFO | Message 7e2bfa92-aac5-4131-b083-bd7b86f501bd marked as read by executor2
2026-08-08 04:58:50 | team | sess_54fe3b34bed4 | INFO | [executor2] processing 1 unread messages (steer=True)
2026-08-08 04:58:50 | team | sess_54fe3b34bed4 | INFO | Message 06f8dbdc-c323-40b0-b952-695b91362aa7 marked as read by executor2
2026-08-08 04:58:55 | team | sess_54fe3b34bed4 | INFO | Task test9-impl claimed by member executor2
2026-08-08 04:58:55 | team | sess_54fe3b34bed4 | INFO | Task test9-impl claimed by member executor2
2026-08-08 04:59:44 | team | sess_54fe3b34bed4 | INFO | Message 00efa4fa-e36f-43a4-b9f2-e47c89b286ea created
2026-08-08 04:59:48 | team | sess_54fe3b34bed4 | INFO | Task test9-impl completed at 1786161588285
2026-08-08 04:59:48 | team | sess_54fe3b34bed4 | INFO | Resolved 1 dependencies for task test9-impl
2026-08-08 04:59:48 | team | sess_54fe3b34bed4 | INFO | Task test9-verify unblocked (all deps resolved)
2026-08-08 04:59:48 | team | sess_54fe3b34bed4 | INFO | Task test9-impl completed
2026-08-08 04:59:48 | team | sess_54fe3b34bed4 | INFO | Unblocked 1 tasks
2026-08-08 04:59:55 | team | sess_54fe3b34bed4 | INFO | Message 9e765734-5589-4f28-8179-ceec33afb8d9 created
2026-08-08 05:00:42 | team | sess_54fe3b34bed4 | INFO | [executor2] processing 1 unread messages (steer=True)
2026-08-08 05:00:42 | team | sess_54fe3b34bed4 | INFO | Message cab181b9-7064-4c7f-886c-c0a06af0fb30 marked as read by executor2
2026-08-08 05:03:39 | team | sess_54fe3b34bed4 | INFO | task list drained for team jiuwen_team_sess_54fe3b34bed4: 6 terminal task(s)
2026-08-08 05:03:52 | team | sess_54fe3b34bed4 | INFO | [executor2] processing 1 unread messages (steer=True)
2026-08-08 05:03:52 | team | sess_54fe3b34bed4 | INFO | Message 0af0a8da-5019-449b-a116-4a9968c9ab19 marked as read by executor2
2026-08-08 05:04:25 | team | sess_54fe3b34bed4 | INFO | team jiuwen_team_sess_54fe3b34bed4 reported completed: 9 members, 6 tasks
2026-08-08 05:04:25 | team | sess_54fe3b34bed4 | INFO | [executor2] received TEAM_STANDBY, pausing polls
2026-08-08 05:04:25 | team | sess_54fe3b34bed4 | INFO | EventBus[teammate] pausing polls
