2026-08-08 04:57:10 | team | sess_54fe3b34bed4 | INFO | Team workspace directory ensured at /srv/jwteam_clone/shared/run_current
2026-08-08 04:57:10 | team | sess_54fe3b34bed4 | INFO | AgentTeam manager initialized for jiuwen_team_sess_54fe3b34bed4, member=team_leader
2026-08-08 04:57:10 | team | sess_54fe3b34bed4 | INFO | [team_leader] TeamPolicyRail static sections: section_names=['team_role', 'team_workflow', 'team_swarmflow', 'team_lifecycle', 'team_persona']
2026-08-08 04:57:10 | team | sess_54fe3b34bed4 | INFO | Session tables ready for session sess_54fe3b34bed4
2026-08-08 04:57:10 | team | sess_54fe3b34bed4 | INFO | Team database initialized
2026-08-08 04:57:10 | team | default_trace_id | INFO | Team workspace directory ensured at /srv/jwteam_clone/shared/run_current
2026-08-08 04:57:10 | team | default_trace_id | INFO | AgentTeam manager initialized for jiuwen_team_sess_54fe3b34bed4, member=fullstack1
2026-08-08 04:57:10 | team | default_trace_id | INFO | [fullstack1] TeamPolicyRail static sections: section_names=['team_role', 'team_persona']
2026-08-08 04:57:11 | team | sess_54fe3b34bed4 | INFO | [fullstack1] invoke start, role=teammate
2026-08-08 04:57:11 | team | sess_54fe3b34bed4 | INFO | [fullstack1] coordination starting
2026-08-08 04:57:11 | team | sess_54fe3b34bed4 | INFO | Session tables ready for session sess_54fe3b34bed4
2026-08-08 04:57:11 | team | sess_54fe3b34bed4 | INFO | Workspace /srv/jwteam_clone/shared/run_current initialized as plain shared directory (version_control disabled)
2026-08-08 04:57:11 | team | sess_54fe3b34bed4 | INFO | EventBus[teammate] starting
2026-08-08 04:57:47 | team | sess_54fe3b34bed4 | INFO | [fullstack1] HITT section refresh: human_agent_names=[]
2026-08-08 04:58:00 | team | sess_54fe3b34bed4 | INFO | [fullstack1] processing 1 unread messages (steer=True)
2026-08-08 04:58:00 | team | sess_54fe3b34bed4 | INFO | Message 7e2bfa92-aac5-4131-b083-bd7b86f501bd marked as read by fullstack1
2026-08-08 04:59:27 | team | sess_54fe3b34bed4 | INFO | Task cross3-impl claimed by member fullstack1
2026-08-08 04:59:27 | team | sess_54fe3b34bed4 | INFO | Task cross3-impl claimed by member fullstack1
2026-08-08 04:59:40 | team | sess_54fe3b34bed4 | INFO | [fullstack1] processing 1 unread messages (steer=True)
2026-08-08 04:59:40 | team | sess_54fe3b34bed4 | INFO | Message fe728514-c937-45f1-85a1-6b3a5b45bd9d marked as read by fullstack1
2026-08-08 04:59:52 | team | sess_54fe3b34bed4 | INFO | [fullstack1] processing 1 unread messages (steer=True)
2026-08-08 04:59:52 | team | sess_54fe3b34bed4 | INFO | Message 70e780d4-9c25-495d-a11b-432424e82827 marked as read by fullstack1
2026-08-08 04:59:56 | team | sess_54fe3b34bed4 | INFO | Message d095135a-cb96-48b8-94a7-5f71f10531a7 created
2026-08-08 05:00:05 | team | sess_54fe3b34bed4 | INFO | Task cross3-impl completed at 1786161605599
2026-08-08 05:00:05 | team | sess_54fe3b34bed4 | INFO | Message 8d3ea9c0-de72-4a47-8950-3f5828727a12 created
2026-08-08 05:00:05 | team | sess_54fe3b34bed4 | INFO | Resolved 1 dependencies for task cross3-impl
2026-08-08 05:00:05 | team | sess_54fe3b34bed4 | INFO | Task cross3-verify unblocked (all deps resolved)
2026-08-08 05:00:05 | team | sess_54fe3b34bed4 | INFO | Task cross3-impl completed
2026-08-08 05:00:05 | team | sess_54fe3b34bed4 | INFO | Unblocked 1 tasks
2026-08-08 05:00:05 | team | sess_54fe3b34bed4 | INFO | Message 1adbcc08-28b6-4227-ae9c-d9de91335fc4 created
2026-08-08 05:03:39 | team | sess_54fe3b34bed4 | INFO | task list drained for team jiuwen_team_sess_54fe3b34bed4: 6 terminal task(s)
2026-08-08 05:03:47 | team | sess_54fe3b34bed4 | INFO | [fullstack1] processing 1 unread messages (steer=True)
2026-08-08 05:03:47 | team | sess_54fe3b34bed4 | INFO | Message f92ce37e-da4f-4571-9fa5-0d50604218d0 marked as read by fullstack1
2026-08-08 05:03:52 | team | sess_54fe3b34bed4 | INFO | [fullstack1] processing 1 unread messages (steer=True)
2026-08-08 05:03:52 | team | sess_54fe3b34bed4 | INFO | Message 0af0a8da-5019-449b-a116-4a9968c9ab19 marked as read by fullstack1
2026-08-08 05:04:25 | team | sess_54fe3b34bed4 | INFO | team jiuwen_team_sess_54fe3b34bed4 reported completed: 9 members, 6 tasks
2026-08-08 05:04:25 | team | sess_54fe3b34bed4 | INFO | [fullstack1] received TEAM_STANDBY, pausing polls
2026-08-08 05:04:25 | team | sess_54fe3b34bed4 | INFO | EventBus[teammate] pausing polls
