2026-08-08 04:57:03 | team | sess_54fe3b34bed4 | INFO | Team workspace directory ensured at /srv/jwteam_clone/shared/run_current
2026-08-08 04:57:03 | team | sess_54fe3b34bed4 | INFO | AgentTeam manager initialized for jiuwen_team_sess_54fe3b34bed4, member=team_leader
2026-08-08 04:57:03 | team | sess_54fe3b34bed4 | INFO | [team_leader] TeamPolicyRail static sections: section_names=['team_role', 'team_workflow', 'team_swarmflow', 'team_lifecycle', 'team_persona']
2026-08-08 04:57:03 | team | sess_54fe3b34bed4 | INFO | Session tables ready for session sess_54fe3b34bed4
2026-08-08 04:57:03 | team | sess_54fe3b34bed4 | INFO | Team database initialized
2026-08-08 04:57:03 | team | default_trace_id | INFO | Team workspace directory ensured at /srv/jwteam_clone/shared/run_current
2026-08-08 04:57:03 | team | default_trace_id | INFO | AgentTeam manager initialized for jiuwen_team_sess_54fe3b34bed4, member=planner1
2026-08-08 04:57:03 | team | default_trace_id | INFO | [planner1] TeamPolicyRail static sections: section_names=['team_role', 'team_persona']
2026-08-08 04:57:03 | team | sess_54fe3b34bed4 | INFO | [planner1] invoke start, role=teammate
2026-08-08 04:57:03 | team | sess_54fe3b34bed4 | INFO | [planner1] coordination starting
2026-08-08 04:57:03 | team | sess_54fe3b34bed4 | INFO | Session tables ready for session sess_54fe3b34bed4
2026-08-08 04:57:03 | team | sess_54fe3b34bed4 | INFO | Workspace /srv/jwteam_clone/shared/run_current initialized as plain shared directory (version_control disabled)
2026-08-08 04:57:03 | team | sess_54fe3b34bed4 | INFO | EventBus[teammate] starting
2026-08-08 04:57:47 | team | sess_54fe3b34bed4 | INFO | [planner1] HITT section refresh: human_agent_names=[]
2026-08-08 04:58:00 | team | sess_54fe3b34bed4 | INFO | Task test9-plan claimed by member planner1
2026-08-08 04:58:00 | team | sess_54fe3b34bed4 | INFO | Task test9-plan claimed by member planner1
2026-08-08 04:58:00 | team | sess_54fe3b34bed4 | INFO | [planner1] processing 1 unread messages (steer=True)
2026-08-08 04:58:00 | team | sess_54fe3b34bed4 | INFO | Message 7e2bfa92-aac5-4131-b083-bd7b86f501bd marked as read by planner1
2026-08-08 04:58:27 | team | sess_54fe3b34bed4 | INFO | Message d7afd277-1760-4064-b8bb-15c825bfe3cd created
2026-08-08 04:58:50 | team | sess_54fe3b34bed4 | INFO | Message 06f8dbdc-c323-40b0-b952-695b91362aa7 created
2026-08-08 04:58:53 | team | sess_54fe3b34bed4 | INFO | Task test9-plan completed at 1786161533626
2026-08-08 04:58:53 | team | sess_54fe3b34bed4 | INFO | Resolved 1 dependencies for task test9-plan
2026-08-08 04:58:53 | team | sess_54fe3b34bed4 | INFO | Task test9-impl unblocked (all deps resolved)
2026-08-08 04:58:53 | team | sess_54fe3b34bed4 | INFO | Task test9-plan completed
2026-08-08 04:58:53 | team | sess_54fe3b34bed4 | INFO | Unblocked 1 tasks
2026-08-08 04:59:02 | team | sess_54fe3b34bed4 | INFO | Message 2b1d6b46-100c-4a59-a086-0f0ec20b91d8 created
2026-08-08 05:03:39 | team | sess_54fe3b34bed4 | INFO | task list drained for team jiuwen_team_sess_54fe3b34bed4: 6 terminal task(s)
2026-08-08 05:03:52 | team | sess_54fe3b34bed4 | INFO | [planner1] processing 1 unread messages (steer=True)
2026-08-08 05:03:52 | team | sess_54fe3b34bed4 | INFO | Message 0af0a8da-5019-449b-a116-4a9968c9ab19 marked as read by planner1
2026-08-08 05:04:25 | team | sess_54fe3b34bed4 | INFO | team jiuwen_team_sess_54fe3b34bed4 reported completed: 9 members, 6 tasks
2026-08-08 05:04:25 | team | sess_54fe3b34bed4 | INFO | [planner1] received TEAM_STANDBY, pausing polls
2026-08-08 05:04:25 | team | sess_54fe3b34bed4 | INFO | EventBus[teammate] pausing polls
