2026-08-08 04:57:08 | team | sess_54fe3b34bed4 | INFO | Team workspace directory ensured at /srv/jwteam_clone/shared/run_current
2026-08-08 04:57:08 | team | sess_54fe3b34bed4 | INFO | AgentTeam manager initialized for jiuwen_team_sess_54fe3b34bed4, member=team_leader
2026-08-08 04:57:08 | team | sess_54fe3b34bed4 | INFO | [team_leader] TeamPolicyRail static sections: section_names=['team_role', 'team_workflow', 'team_swarmflow', 'team_lifecycle', 'team_persona']
2026-08-08 04:57:08 | team | sess_54fe3b34bed4 | INFO | Session tables ready for session sess_54fe3b34bed4
2026-08-08 04:57:08 | team | sess_54fe3b34bed4 | INFO | Team database initialized
2026-08-08 04:57:08 | team | default_trace_id | INFO | Team workspace directory ensured at /srv/jwteam_clone/shared/run_current
2026-08-08 04:57:08 | team | default_trace_id | INFO | AgentTeam manager initialized for jiuwen_team_sess_54fe3b34bed4, member=executor3
2026-08-08 04:57:08 | team | default_trace_id | INFO | [executor3] TeamPolicyRail static sections: section_names=['team_role', 'team_persona']
2026-08-08 04:57:08 | team | sess_54fe3b34bed4 | INFO | [executor3] invoke start, role=teammate
2026-08-08 04:57:08 | team | sess_54fe3b34bed4 | INFO | [executor3] coordination starting
2026-08-08 04:57:08 | team | sess_54fe3b34bed4 | INFO | Session tables ready for session sess_54fe3b34bed4
2026-08-08 04:57:08 | team | sess_54fe3b34bed4 | INFO | Workspace /srv/jwteam_clone/shared/run_current initialized as plain shared directory (version_control disabled)
2026-08-08 04:57:08 | team | sess_54fe3b34bed4 | INFO | EventBus[teammate] starting
2026-08-08 04:57:47 | team | sess_54fe3b34bed4 | INFO | [executor3] HITT section refresh: human_agent_names=[]
2026-08-08 04:58:00 | team | sess_54fe3b34bed4 | INFO | [executor3] processing 1 unread messages (steer=True)
2026-08-08 04:58:00 | team | sess_54fe3b34bed4 | INFO | Message 7e2bfa92-aac5-4131-b083-bd7b86f501bd marked as read by executor3
2026-08-08 04:58:21 | team | sess_54fe3b34bed4 | INFO | Message 0615388b-32ba-411e-a990-ce599b75a629 created
2026-08-08 05:03:39 | team | sess_54fe3b34bed4 | INFO | task list drained for team jiuwen_team_sess_54fe3b34bed4: 6 terminal task(s)
2026-08-08 05:03:52 | team | sess_54fe3b34bed4 | INFO | [executor3] processing 1 unread messages (steer=True)
2026-08-08 05:03:52 | team | sess_54fe3b34bed4 | INFO | Message 0af0a8da-5019-449b-a116-4a9968c9ab19 marked as read by executor3
2026-08-08 05:04:25 | team | sess_54fe3b34bed4 | INFO | team jiuwen_team_sess_54fe3b34bed4 reported completed: 9 members, 6 tasks
2026-08-08 05:04:25 | team | sess_54fe3b34bed4 | INFO | [executor3] received TEAM_STANDBY, pausing polls
2026-08-08 05:04:25 | team | sess_54fe3b34bed4 | INFO | EventBus[teammate] pausing polls
