2026-08-08 04:57:09 | team | sess_54fe3b34bed4 | INFO | Team workspace directory ensured at /srv/jwteam_clone/shared/run_current
2026-08-08 04:57:09 | team | sess_54fe3b34bed4 | INFO | AgentTeam manager initialized for jiuwen_team_sess_54fe3b34bed4, member=team_leader
2026-08-08 04:57:09 | team | sess_54fe3b34bed4 | INFO | [team_leader] TeamPolicyRail static sections: section_names=['team_role', 'team_workflow', 'team_swarmflow', 'team_lifecycle', 'team_persona']
2026-08-08 04:57:09 | team | sess_54fe3b34bed4 | INFO | Session tables ready for session sess_54fe3b34bed4
2026-08-08 04:57:09 | team | sess_54fe3b34bed4 | INFO | Team database initialized
2026-08-08 04:57:09 | team | default_trace_id | INFO | Team workspace directory ensured at /srv/jwteam_clone/shared/run_current
2026-08-08 04:57:09 | team | default_trace_id | INFO | AgentTeam manager initialized for jiuwen_team_sess_54fe3b34bed4, member=verifier1
2026-08-08 04:57:09 | team | default_trace_id | INFO | [verifier1] TeamPolicyRail static sections: section_names=['team_role', 'team_persona']
2026-08-08 04:57:09 | team | sess_54fe3b34bed4 | INFO | [verifier1] invoke start, role=teammate
2026-08-08 04:57:09 | team | sess_54fe3b34bed4 | INFO | [verifier1] coordination starting
2026-08-08 04:57:09 | team | sess_54fe3b34bed4 | INFO | Session tables ready for session sess_54fe3b34bed4
2026-08-08 04:57:09 | team | sess_54fe3b34bed4 | INFO | Workspace /srv/jwteam_clone/shared/run_current initialized as plain shared directory (version_control disabled)
2026-08-08 04:57:09 | team | sess_54fe3b34bed4 | INFO | EventBus[teammate] starting
2026-08-08 04:57:47 | team | sess_54fe3b34bed4 | INFO | [verifier1] HITT section refresh: human_agent_names=[]
2026-08-08 04:58:00 | team | sess_54fe3b34bed4 | INFO | [verifier1] processing 1 unread messages (steer=True)
2026-08-08 04:58:00 | team | sess_54fe3b34bed4 | INFO | Message 7e2bfa92-aac5-4131-b083-bd7b86f501bd marked as read by verifier1
2026-08-08 04:58:20 | team | sess_54fe3b34bed4 | INFO | Message eb35b52a-91c5-40e6-9cc5-2348970426ea created
2026-08-08 05:00:05 | team | sess_54fe3b34bed4 | INFO | [verifier1] processing 1 unread messages (steer=True)
2026-08-08 05:00:05 | team | sess_54fe3b34bed4 | INFO | Message 8d3ea9c0-de72-4a47-8950-3f5828727a12 marked as read by verifier1
2026-08-08 05:00:13 | team | sess_54fe3b34bed4 | INFO | Task cross3-verify claimed by member verifier1
2026-08-08 05:00:13 | team | sess_54fe3b34bed4 | INFO | Task cross3-verify claimed by member verifier1
2026-08-08 05:03:39 | team | sess_54fe3b34bed4 | INFO | Task cross3-verify completed at 1786161819569
2026-08-08 05:03:39 | team | sess_54fe3b34bed4 | INFO | Task cross3-verify completed
2026-08-08 05:03:47 | team | sess_54fe3b34bed4 | INFO | Message f92ce37e-da4f-4571-9fa5-0d50604218d0 created
2026-08-08 05:03:47 | team | sess_54fe3b34bed4 | INFO | Message 7d355be7-022d-48a0-95c1-aed8e9c4eff9 created
2026-08-08 05:03:52 | team | sess_54fe3b34bed4 | INFO | [verifier1] processing 1 unread messages (steer=True)
2026-08-08 05:03:52 | team | sess_54fe3b34bed4 | INFO | Message 0af0a8da-5019-449b-a116-4a9968c9ab19 marked as read by verifier1
2026-08-08 05:04:25 | team | sess_54fe3b34bed4 | INFO | team jiuwen_team_sess_54fe3b34bed4 reported completed: 9 members, 6 tasks
2026-08-08 05:04:25 | team | sess_54fe3b34bed4 | INFO | [verifier1] received TEAM_STANDBY, pausing polls
2026-08-08 05:04:25 | team | sess_54fe3b34bed4 | INFO | EventBus[teammate] pausing polls
