2026-08-08 04:57:10 | team | sess_54fe3b34bed4 | INFO | Team workspace directory ensured at /srv/jwteam_clone/shared/run_current
2026-08-08 04:57:10 | team | sess_54fe3b34bed4 | INFO | AgentTeam manager initialized for jiuwen_team_sess_54fe3b34bed4, member=team_leader
2026-08-08 04:57:10 | team | sess_54fe3b34bed4 | INFO | [team_leader] TeamPolicyRail static sections: section_names=['team_role', 'team_workflow', 'team_swarmflow', 'team_lifecycle', 'team_persona']
2026-08-08 04:57:10 | team | sess_54fe3b34bed4 | INFO | Session tables ready for session sess_54fe3b34bed4
2026-08-08 04:57:10 | team | sess_54fe3b34bed4 | INFO | Team database initialized
2026-08-08 04:57:10 | team | default_trace_id | INFO | Team workspace directory ensured at /srv/jwteam_clone/shared/run_current
2026-08-08 04:57:10 | team | default_trace_id | INFO | AgentTeam manager initialized for jiuwen_team_sess_54fe3b34bed4, member=verifier2
2026-08-08 04:57:10 | team | default_trace_id | INFO | [verifier2] TeamPolicyRail static sections: section_names=['team_role', 'team_persona']
2026-08-08 04:57:10 | team | sess_54fe3b34bed4 | INFO | [verifier2] invoke start, role=teammate
2026-08-08 04:57:10 | team | sess_54fe3b34bed4 | INFO | [verifier2] coordination starting
2026-08-08 04:57:10 | team | sess_54fe3b34bed4 | INFO | Session tables ready for session sess_54fe3b34bed4
2026-08-08 04:57:10 | team | sess_54fe3b34bed4 | INFO | Workspace /srv/jwteam_clone/shared/run_current initialized as plain shared directory (version_control disabled)
2026-08-08 04:57:10 | team | sess_54fe3b34bed4 | INFO | EventBus[teammate] starting
2026-08-08 04:57:48 | team | sess_54fe3b34bed4 | INFO | [verifier2] HITT section refresh: human_agent_names=[]
2026-08-08 04:58:00 | team | sess_54fe3b34bed4 | INFO | [verifier2] processing 1 unread messages (steer=True)
2026-08-08 04:58:00 | team | sess_54fe3b34bed4 | INFO | Message 7e2bfa92-aac5-4131-b083-bd7b86f501bd marked as read by verifier2
2026-08-08 04:58:01 | team | sess_54fe3b34bed4 | INFO | Message 9f11ed90-eeed-47e1-b374-5c68fd22b0a8 created
2026-08-08 04:58:21 | team | sess_54fe3b34bed4 | INFO | [verifier2] processing 1 unread messages (steer=True)
2026-08-08 04:58:21 | team | sess_54fe3b34bed4 | INFO | Message 29967070-e85b-44eb-ae33-bca74621fe23 marked as read by verifier2
2026-08-08 04:58:25 | team | sess_54fe3b34bed4 | INFO | Message 35918246-c70d-45b3-b7e6-8b921b2e66ef created
2026-08-08 04:59:44 | team | sess_54fe3b34bed4 | INFO | [verifier2] processing 1 unread messages (steer=True)
2026-08-08 04:59:44 | team | sess_54fe3b34bed4 | INFO | Message 00efa4fa-e36f-43a4-b9f2-e47c89b286ea marked as read by verifier2
2026-08-08 04:59:50 | team | sess_54fe3b34bed4 | INFO | Task test9-verify claimed by member verifier2
2026-08-08 04:59:50 | team | sess_54fe3b34bed4 | INFO | Task test9-verify claimed by member verifier2
2026-08-08 05:00:41 | team | sess_54fe3b34bed4 | INFO | Task test9-verify completed at 1786161641979
2026-08-08 05:00:41 | team | sess_54fe3b34bed4 | INFO | Message a0bebc83-c139-4f50-be8d-2873485cdcbd created
2026-08-08 05:00:41 | team | sess_54fe3b34bed4 | INFO | Task test9-verify completed
2026-08-08 05:00:41 | team | sess_54fe3b34bed4 | INFO | Message cab181b9-7064-4c7f-886c-c0a06af0fb30 created
2026-08-08 05:03:39 | team | sess_54fe3b34bed4 | INFO | task list drained for team jiuwen_team_sess_54fe3b34bed4: 6 terminal task(s)
2026-08-08 05:03:52 | team | sess_54fe3b34bed4 | INFO | [verifier2] processing 1 unread messages (steer=True)
2026-08-08 05:03:52 | team | sess_54fe3b34bed4 | INFO | Message 0af0a8da-5019-449b-a116-4a9968c9ab19 marked as read by verifier2
2026-08-08 05:04:25 | team | sess_54fe3b34bed4 | INFO | team jiuwen_team_sess_54fe3b34bed4 reported completed: 9 members, 6 tasks
2026-08-08 05:04:25 | team | sess_54fe3b34bed4 | INFO | [verifier2] received TEAM_STANDBY, pausing polls
2026-08-08 05:04:25 | team | sess_54fe3b34bed4 | INFO | EventBus[teammate] pausing polls
