2026-08-09 23:33:06 | team | sess_38a8d5678370 | INFO | Team workspace directory ensured at /srv/jwteam_clone/shared/run_current
2026-08-09 23:33:06 | team | sess_38a8d5678370 | INFO | AgentTeam manager initialized for jiuwen_team_sess_38a8d5678370, member=team_leader
2026-08-09 23:33:06 | team | sess_38a8d5678370 | INFO | [team_leader] TeamPolicyRail static sections: section_names=['team_role', 'team_workflow', 'team_swarmflow', 'team_lifecycle', 'team_persona']
2026-08-09 23:33:07 | team | sess_38a8d5678370 | INFO | Session tables ready for session sess_38a8d5678370
2026-08-09 23:33:07 | team | sess_38a8d5678370 | INFO | Team database initialized
2026-08-09 23:33:07 | team | default_trace_id | INFO | Team workspace directory ensured at /srv/jwteam_clone/shared/run_current
2026-08-09 23:33:07 | team | default_trace_id | INFO | AgentTeam manager initialized for jiuwen_team_sess_38a8d5678370, member=verifier1
2026-08-09 23:33:07 | team | default_trace_id | INFO | [verifier1] TeamPolicyRail static sections: section_names=['team_role', 'team_persona']
2026-08-09 23:33:07 | team | sess_38a8d5678370 | INFO | [verifier1] invoke start, role=teammate
2026-08-09 23:33:07 | team | sess_38a8d5678370 | INFO | [verifier1] coordination starting
2026-08-09 23:33:07 | team | sess_38a8d5678370 | INFO | Session tables ready for session sess_38a8d5678370
2026-08-09 23:33:07 | team | sess_38a8d5678370 | INFO | Workspace /srv/jwteam_clone/shared/run_current initialized as plain shared directory (version_control disabled)
2026-08-09 23:33:07 | team | sess_38a8d5678370 | INFO | EventBus[teammate] starting
2026-08-09 23:33:29 | team | sess_38a8d5678370 | INFO | [verifier1] HITT section refresh: human_agent_names=[]
2026-08-09 23:33:40 | team | sess_38a8d5678370 | INFO | [verifier1] processing 1 unread messages (steer=True)
2026-08-09 23:33:40 | team | sess_38a8d5678370 | INFO | Message 80deac90-9bb8-4483-bdab-6163b3437c4c marked as read by verifier1
2026-08-09 23:35:17 | team | sess_38a8d5678370 | INFO | [verifier1] processing 1 unread messages (steer=True)
2026-08-09 23:35:17 | team | sess_38a8d5678370 | INFO | Message 485f4088-fe5e-4c5a-a649-14fa08dac432 marked as read by verifier1
2026-08-09 23:35:20 | team | sess_38a8d5678370 | INFO | [verifier1] processing 1 unread messages (steer=True)
2026-08-09 23:35:20 | team | sess_38a8d5678370 | INFO | Message c9df6540-0298-403b-97b6-0acfc120d999 marked as read by verifier1
2026-08-09 23:35:29 | team | sess_38a8d5678370 | INFO | Message a2370f9c-3506-4d04-bd93-b19fbcc68665 created
2026-08-09 23:35:38 | team | sess_38a8d5678370 | INFO | Message c93d7b20-5ba4-4ed4-8731-41f7227d8c48 created
2026-08-09 23:35:48 | team | sess_38a8d5678370 | INFO | [verifier1] processing 1 unread messages (steer=True)
2026-08-09 23:35:48 | team | sess_38a8d5678370 | INFO | Message 15502df5-388b-4539-bdc6-38df47d03566 marked as read by verifier1
2026-08-09 23:36:01 | team | sess_38a8d5678370 | INFO | Message 24d761d0-7ef6-4a0b-9bcd-4ee3b5bf9908 created
2026-08-09 23:36:10 | team | sess_38a8d5678370 | INFO | [verifier1] processing 1 unread messages (steer=True)
2026-08-09 23:36:10 | team | sess_38a8d5678370 | INFO | Message b80f3f3c-6d88-4da0-9bee-d0d5df8cfe76 marked as read by verifier1
2026-08-09 23:36:15 | team | sess_38a8d5678370 | INFO | Message 46384d69-0106-4760-a796-fabda626def3 created
2026-08-09 23:36:31 | team | sess_38a8d5678370 | INFO | [verifier1] processing 1 unread messages (steer=True)
2026-08-09 23:36:31 | team | sess_38a8d5678370 | INFO | Message fa0f6b1a-d43d-45d2-b160-f8267addcabb marked as read by verifier1
2026-08-09 23:36:37 | team | sess_38a8d5678370 | INFO | Message 73158179-36b6-4e53-b66a-7cb8aaac808d created
2026-08-09 23:36:40 | team | sess_38a8d5678370 | INFO | [verifier1] processing 1 unread messages (steer=True)
2026-08-09 23:36:40 | team | sess_38a8d5678370 | INFO | Message a6e52cb8-54a7-4a18-91fd-b7c548ed5ab0 marked as read by verifier1
2026-08-09 23:37:00 | team | sess_38a8d5678370 | INFO | Message 3c27dcad-2d03-492d-acff-55c426d20360 created
2026-08-09 23:37:00 | team | sess_38a8d5678370 | INFO | Message 4fc88959-0ace-4242-ad4d-192dc6e62c98 created
2026-08-09 23:37:00 | team | sess_38a8d5678370 | INFO | [verifier1] processing 1 unread messages (steer=True)
2026-08-09 23:37:00 | team | sess_38a8d5678370 | INFO | Message 8cb4eb71-cbe3-472c-bd4f-13d7c1291ec0 marked as read by verifier1
2026-08-09 23:37:04 | team | sess_38a8d5678370 | INFO | [verifier1] processing 1 unread messages (steer=True)
2026-08-09 23:37:04 | team | sess_38a8d5678370 | INFO | Message 32b1b90a-1ce9-4578-8c15-b35348feee27 marked as read by verifier1
2026-08-09 23:37:11 | team | sess_38a8d5678370 | INFO | [verifier1] processing 1 unread messages (steer=True)
2026-08-09 23:37:11 | team | sess_38a8d5678370 | INFO | Message d83d74a1-8eb8-4432-a6a9-e0deb8a8463f marked as read by verifier1
2026-08-09 23:37:11 | team | sess_38a8d5678370 | INFO | [verifier1] processing 1 unread messages (steer=True)
2026-08-09 23:37:11 | team | sess_38a8d5678370 | INFO | Message fc042ca5-d382-4c6a-a7b0-445e2f5cc9c9 marked as read by verifier1
2026-08-09 23:37:17 | team | sess_38a8d5678370 | INFO | Message bc92ebab-9384-4aa5-b7bd-1b25959059e4 created
2026-08-09 23:37:17 | team | sess_38a8d5678370 | INFO | Message bbd4d20c-c9b9-4b9e-993b-1d05d6a7954a created
2026-08-09 23:37:17 | team | sess_38a8d5678370 | INFO | Message b427a8a5-1fcd-459b-94de-45cd4dc56406 created
2026-08-09 23:37:24 | team | sess_38a8d5678370 | INFO | Message d32b716f-2b27-4da4-8682-0f466dc460df created
2026-08-09 23:37:24 | team | sess_38a8d5678370 | INFO | Message 0dc50232-b2cb-472c-8db0-e7e694c8ac29 created
2026-08-09 23:37:27 | team | sess_38a8d5678370 | INFO | [verifier1] processing 1 unread messages (steer=True)
2026-08-09 23:37:27 | team | sess_38a8d5678370 | INFO | Message 81e8b175-4f06-4eac-9a32-867f25821a43 marked as read by verifier1
2026-08-09 23:37:33 | team | sess_38a8d5678370 | INFO | Message ced7a059-d4e4-439b-99f1-ad1972214474 created
2026-08-09 23:37:43 | team | sess_38a8d5678370 | INFO | [verifier1] processing 1 unread messages (steer=True)
2026-08-09 23:37:43 | team | sess_38a8d5678370 | INFO | Message 26ce3063-950a-4c86-8880-aca01416887b marked as read by verifier1
2026-08-09 23:37:46 | team | sess_38a8d5678370 | INFO | task list drained for team jiuwen_team_sess_38a8d5678370: 5 terminal task(s)
2026-08-09 23:37:54 | team | sess_38a8d5678370 | INFO | Message 1c0415fd-d987-42ac-ab3f-8f439013e298 created
2026-08-09 23:37:58 | team | sess_38a8d5678370 | INFO | [verifier1] processing 1 unread messages (steer=True)
2026-08-09 23:37:58 | team | sess_38a8d5678370 | INFO | Message 47e4177b-6664-4003-980e-1e66c19f6fd1 marked as read by verifier1
2026-08-09 23:38:01 | team | sess_38a8d5678370 | INFO | [verifier1] processing 1 unread messages (steer=True)
2026-08-09 23:38:01 | team | sess_38a8d5678370 | INFO | Message f3ae7a99-8654-40f9-8085-125b9c617415 marked as read by verifier1
2026-08-09 23:38:09 | team | sess_38a8d5678370 | INFO | Message acc912a1-208d-4d6c-864a-50d223aa5001 created
2026-08-09 23:38:37 | team | sess_38a8d5678370 | INFO | team jiuwen_team_sess_38a8d5678370 reported completed: 9 members, 5 tasks
2026-08-09 23:38:37 | team | sess_38a8d5678370 | INFO | [verifier1] received TEAM_STANDBY, pausing polls
2026-08-09 23:38:37 | team | sess_38a8d5678370 | INFO | EventBus[teammate] pausing polls
