2026-08-09 23:33:08 | team | sess_38a8d5678370 | INFO | Team workspace directory ensured at /srv/jwteam_clone/shared/run_current
2026-08-09 23:33:08 | team | sess_38a8d5678370 | INFO | AgentTeam manager initialized for jiuwen_team_sess_38a8d5678370, member=team_leader
2026-08-09 23:33:08 | team | sess_38a8d5678370 | INFO | [team_leader] TeamPolicyRail static sections: section_names=['team_role', 'team_workflow', 'team_swarmflow', 'team_lifecycle', 'team_persona']
2026-08-09 23:33:08 | team | sess_38a8d5678370 | INFO | Session tables ready for session sess_38a8d5678370
2026-08-09 23:33:08 | team | sess_38a8d5678370 | INFO | Team database initialized
2026-08-09 23:33:08 | team | default_trace_id | INFO | Team workspace directory ensured at /srv/jwteam_clone/shared/run_current
2026-08-09 23:33:08 | team | default_trace_id | INFO | AgentTeam manager initialized for jiuwen_team_sess_38a8d5678370, member=fullstack1
2026-08-09 23:33:08 | team | default_trace_id | INFO | [fullstack1] TeamPolicyRail static sections: section_names=['team_role', 'team_persona']
2026-08-09 23:33:08 | team | sess_38a8d5678370 | INFO | [fullstack1] invoke start, role=teammate
2026-08-09 23:33:08 | team | sess_38a8d5678370 | INFO | [fullstack1] coordination starting
2026-08-09 23:33:08 | team | sess_38a8d5678370 | INFO | Session tables ready for session sess_38a8d5678370
2026-08-09 23:33:08 | team | sess_38a8d5678370 | INFO | Workspace /srv/jwteam_clone/shared/run_current initialized as plain shared directory (version_control disabled)
2026-08-09 23:33:08 | team | sess_38a8d5678370 | INFO | EventBus[teammate] starting
2026-08-09 23:33:29 | team | sess_38a8d5678370 | INFO | [fullstack1] HITT section refresh: human_agent_names=[]
2026-08-09 23:33:40 | team | sess_38a8d5678370 | INFO | [fullstack1] processing 1 unread messages (steer=True)
2026-08-09 23:33:40 | team | sess_38a8d5678370 | INFO | Message 80deac90-9bb8-4483-bdab-6163b3437c4c marked as read by fullstack1
2026-08-09 23:36:43 | team | sess_38a8d5678370 | INFO | Task verify_all claimed by member fullstack1
2026-08-09 23:36:43 | team | sess_38a8d5678370 | INFO | Task verify_all claimed by member fullstack1
2026-08-09 23:37:00 | team | sess_38a8d5678370 | INFO | [fullstack1] processing 1 unread messages (steer=True)
2026-08-09 23:37:00 | team | sess_38a8d5678370 | INFO | Message 4fc88959-0ace-4242-ad4d-192dc6e62c98 marked as read by fullstack1
2026-08-09 23:37:04 | team | sess_38a8d5678370 | INFO | [fullstack1] processing 1 unread messages (steer=True)
2026-08-09 23:37:04 | team | sess_38a8d5678370 | INFO | Message ed83f468-28bc-4d40-863e-3f3914621907 marked as read by fullstack1
2026-08-09 23:37:05 | team | sess_38a8d5678370 | INFO | [fullstack1] processing 1 unread messages (steer=True)
2026-08-09 23:37:05 | team | sess_38a8d5678370 | INFO | Message 948f4f64-486a-4342-84ab-9622a3c29d0d marked as read by fullstack1
2026-08-09 23:37:11 | team | sess_38a8d5678370 | INFO | Message fc042ca5-d382-4c6a-a7b0-445e2f5cc9c9 created
2026-08-09 23:37:11 | team | sess_38a8d5678370 | INFO | Message bdaa4f5f-9a89-406c-8014-c361bf0a180f created
2026-08-09 23:37:17 | team | sess_38a8d5678370 | INFO | [fullstack1] processing 1 unread messages (steer=True)
2026-08-09 23:37:17 | team | sess_38a8d5678370 | INFO | Message b427a8a5-1fcd-459b-94de-45cd4dc56406 marked as read by fullstack1
2026-08-09 23:37:22 | team | sess_38a8d5678370 | INFO | [fullstack1] processing 1 unread messages (steer=True)
2026-08-09 23:37:22 | team | sess_38a8d5678370 | INFO | Message 2da53b71-50bd-4e1d-8dc8-df7d3a864cae marked as read by fullstack1
2026-08-09 23:37:24 | team | sess_38a8d5678370 | INFO | [fullstack1] processing 1 unread messages (steer=True)
2026-08-09 23:37:24 | team | sess_38a8d5678370 | INFO | Message d32b716f-2b27-4da4-8682-0f466dc460df marked as read by fullstack1
2026-08-09 23:37:26 | team | sess_38a8d5678370 | INFO | Message 61e70ba6-2048-4aba-b446-6b4762c8d17f created
2026-08-09 23:37:42 | team | sess_38a8d5678370 | INFO | Message 46facc53-807b-4872-ad87-0cc26937afe0 created
2026-08-09 23:37:42 | team | sess_38a8d5678370 | INFO | Message 26ce3063-950a-4c86-8880-aca01416887b created
2026-08-09 23:37:46 | team | sess_38a8d5678370 | INFO | Task verify_all completed at 1786315066429
2026-08-09 23:37:46 | team | sess_38a8d5678370 | INFO | Task verify_all completed
2026-08-09 23:37:51 | team | sess_38a8d5678370 | INFO | [fullstack1] processing 1 unread messages (steer=True)
2026-08-09 23:37:51 | team | sess_38a8d5678370 | INFO | Message 6f997a83-62cc-4128-ad54-2afb9cad7b9f marked as read by fullstack1
2026-08-09 23:37:52 | team | sess_38a8d5678370 | INFO | Message b3d54d35-70e0-43e2-9a70-8c35ccfb9165 created
2026-08-09 23:37:54 | team | sess_38a8d5678370 | INFO | [fullstack1] processing 1 unread messages (steer=True)
2026-08-09 23:37:54 | team | sess_38a8d5678370 | INFO | Message 1c0415fd-d987-42ac-ab3f-8f439013e298 marked as read by fullstack1
2026-08-09 23:37:58 | team | sess_38a8d5678370 | INFO | [fullstack1] processing 1 unread messages (steer=True)
2026-08-09 23:37:58 | team | sess_38a8d5678370 | INFO | Message 47e4177b-6664-4003-980e-1e66c19f6fd1 marked as read by fullstack1
2026-08-09 23:38:01 | team | sess_38a8d5678370 | INFO | Message f3ae7a99-8654-40f9-8085-125b9c617415 created
2026-08-09 23:38:09 | team | sess_38a8d5678370 | INFO | [fullstack1] processing 1 unread messages (steer=True)
2026-08-09 23:38:09 | team | sess_38a8d5678370 | INFO | Message acc912a1-208d-4d6c-864a-50d223aa5001 marked as read by fullstack1
2026-08-09 23:38:37 | team | sess_38a8d5678370 | INFO | team jiuwen_team_sess_38a8d5678370 reported completed: 9 members, 5 tasks
2026-08-09 23:38:37 | team | sess_38a8d5678370 | INFO | [fullstack1] received TEAM_STANDBY, pausing polls
2026-08-09 23:38:37 | team | sess_38a8d5678370 | INFO | EventBus[teammate] pausing polls
