2026-08-09 23:33:04 | team | sess_38a8d5678370 | INFO | Team workspace directory ensured at /srv/jwteam_clone/shared/run_current
2026-08-09 23:33:04 | team | sess_38a8d5678370 | INFO | AgentTeam manager initialized for jiuwen_team_sess_38a8d5678370, member=team_leader
2026-08-09 23:33:04 | team | sess_38a8d5678370 | INFO | [team_leader] TeamPolicyRail static sections: section_names=['team_role', 'team_workflow', 'team_swarmflow', 'team_lifecycle', 'team_persona']
2026-08-09 23:33:04 | team | sess_38a8d5678370 | INFO | Session tables ready for session sess_38a8d5678370
2026-08-09 23:33:04 | team | sess_38a8d5678370 | INFO | Team database initialized
2026-08-09 23:33:04 | team | default_trace_id | INFO | Team workspace directory ensured at /srv/jwteam_clone/shared/run_current
2026-08-09 23:33:04 | team | default_trace_id | INFO | AgentTeam manager initialized for jiuwen_team_sess_38a8d5678370, member=executor2
2026-08-09 23:33:04 | team | default_trace_id | INFO | [executor2] TeamPolicyRail static sections: section_names=['team_role', 'team_persona']
2026-08-09 23:33:04 | team | sess_38a8d5678370 | INFO | [executor2] invoke start, role=teammate
2026-08-09 23:33:04 | team | sess_38a8d5678370 | INFO | [executor2] coordination starting
2026-08-09 23:33:04 | team | sess_38a8d5678370 | INFO | Session tables ready for session sess_38a8d5678370
2026-08-09 23:33:04 | team | sess_38a8d5678370 | INFO | Workspace /srv/jwteam_clone/shared/run_current initialized as plain shared directory (version_control disabled)
2026-08-09 23:33:04 | team | sess_38a8d5678370 | INFO | EventBus[teammate] starting
2026-08-09 23:33:29 | team | sess_38a8d5678370 | INFO | [executor2] HITT section refresh: human_agent_names=[]
2026-08-09 23:33:40 | team | sess_38a8d5678370 | INFO | [executor2] processing 1 unread messages (steer=True)
2026-08-09 23:33:40 | team | sess_38a8d5678370 | INFO | Message 80deac90-9bb8-4483-bdab-6163b3437c4c marked as read by executor2
2026-08-09 23:34:53 | team | sess_38a8d5678370 | INFO | [executor2] processing 1 unread messages (steer=True)
2026-08-09 23:34:53 | team | sess_38a8d5678370 | INFO | Message a82cb09e-186e-4241-ab2c-43e60d1536c2 marked as read by executor2
2026-08-09 23:35:22 | team | sess_38a8d5678370 | INFO | Task impl_translation claimed by member executor2
2026-08-09 23:35:22 | team | sess_38a8d5678370 | INFO | Task impl_translation claimed by member executor2
2026-08-09 23:36:31 | team | sess_38a8d5678370 | INFO | Task impl_translation completed at 1786314991348
2026-08-09 23:36:31 | team | sess_38a8d5678370 | INFO | Message fa0f6b1a-d43d-45d2-b160-f8267addcabb created
2026-08-09 23:36:31 | team | sess_38a8d5678370 | INFO | Resolved 1 dependencies for task impl_translation
2026-08-09 23:36:31 | team | sess_38a8d5678370 | INFO | Task verify_all unblocked (all deps resolved)
2026-08-09 23:36:31 | team | sess_38a8d5678370 | INFO | Task impl_translation completed
2026-08-09 23:36:31 | team | sess_38a8d5678370 | INFO | Unblocked 1 tasks
2026-08-09 23:36:37 | team | sess_38a8d5678370 | INFO | [executor2] processing 1 unread messages (steer=True)
2026-08-09 23:36:37 | team | sess_38a8d5678370 | INFO | Message 73158179-36b6-4e53-b66a-7cb8aaac808d marked as read by executor2
2026-08-09 23:37:00 | team | sess_38a8d5678370 | INFO | Message 8cb4eb71-cbe3-472c-bd4f-13d7c1291ec0 created
2026-08-09 23:37:05 | team | sess_38a8d5678370 | INFO | Message 948f4f64-486a-4342-84ab-9622a3c29d0d created
2026-08-09 23:37:17 | team | sess_38a8d5678370 | INFO | [executor2] processing 1 unread messages (steer=True)
2026-08-09 23:37:17 | team | sess_38a8d5678370 | INFO | Message bbd4d20c-c9b9-4b9e-993b-1d05d6a7954a marked as read by executor2
2026-08-09 23:37:26 | team | sess_38a8d5678370 | INFO | [executor2] processing 1 unread messages (steer=True)
2026-08-09 23:37:27 | team | sess_38a8d5678370 | INFO | Message 61e70ba6-2048-4aba-b446-6b4762c8d17f marked as read by executor2
2026-08-09 23:37:46 | team | sess_38a8d5678370 | INFO | task list drained for team jiuwen_team_sess_38a8d5678370: 5 terminal task(s)
2026-08-09 23:37:58 | team | sess_38a8d5678370 | INFO | [executor2] processing 1 unread messages (steer=True)
2026-08-09 23:37:58 | team | sess_38a8d5678370 | INFO | Message 47e4177b-6664-4003-980e-1e66c19f6fd1 marked as read by executor2
2026-08-09 23:38:37 | team | sess_38a8d5678370 | INFO | team jiuwen_team_sess_38a8d5678370 reported completed: 9 members, 5 tasks
2026-08-09 23:38:37 | team | sess_38a8d5678370 | INFO | [executor2] received TEAM_STANDBY, pausing polls
2026-08-09 23:38:37 | team | sess_38a8d5678370 | INFO | EventBus[teammate] pausing polls
