2026-08-09 23:33:02 | team | sess_38a8d5678370 | INFO | Team workspace directory ensured at /srv/jwteam_clone/shared/run_current
2026-08-09 23:33:02 | team | sess_38a8d5678370 | INFO | AgentTeam manager initialized for jiuwen_team_sess_38a8d5678370, member=team_leader
2026-08-09 23:33:02 | team | sess_38a8d5678370 | INFO | [team_leader] TeamPolicyRail static sections: section_names=['team_role', 'team_workflow', 'team_swarmflow', 'team_lifecycle', 'team_persona']
2026-08-09 23:33:02 | team | sess_38a8d5678370 | INFO | Session tables ready for session sess_38a8d5678370
2026-08-09 23:33:02 | team | sess_38a8d5678370 | INFO | Team database initialized
2026-08-09 23:33:02 | team | default_trace_id | INFO | Team workspace directory ensured at /srv/jwteam_clone/shared/run_current
2026-08-09 23:33:02 | team | default_trace_id | INFO | AgentTeam manager initialized for jiuwen_team_sess_38a8d5678370, member=planner2
2026-08-09 23:33:02 | team | default_trace_id | INFO | [planner2] TeamPolicyRail static sections: section_names=['team_role', 'team_persona']
2026-08-09 23:33:02 | team | sess_38a8d5678370 | INFO | [planner2] invoke start, role=teammate
2026-08-09 23:33:02 | team | sess_38a8d5678370 | INFO | [planner2] coordination starting
2026-08-09 23:33:02 | team | sess_38a8d5678370 | INFO | Session tables ready for session sess_38a8d5678370
2026-08-09 23:33:02 | team | sess_38a8d5678370 | INFO | Workspace /srv/jwteam_clone/shared/run_current initialized as plain shared directory (version_control disabled)
2026-08-09 23:33:02 | team | sess_38a8d5678370 | INFO | EventBus[teammate] starting
2026-08-09 23:33:29 | team | sess_38a8d5678370 | INFO | [planner2] HITT section refresh: human_agent_names=[]
2026-08-09 23:33:40 | team | sess_38a8d5678370 | INFO | [planner2] processing 1 unread messages (steer=True)
2026-08-09 23:33:40 | team | sess_38a8d5678370 | INFO | Message 80deac90-9bb8-4483-bdab-6163b3437c4c marked as read by planner2
2026-08-09 23:33:43 | team | sess_38a8d5678370 | INFO | Task plan_errors claimed by member planner2
2026-08-09 23:33:43 | team | sess_38a8d5678370 | INFO | Task plan_errors claimed by member planner2
2026-08-09 23:34:03 | team | sess_38a8d5678370 | INFO | Message 2a230789-536e-47a6-bc77-79b7945d4df5 created
2026-08-09 23:34:17 | team | sess_38a8d5678370 | INFO | [planner2] processing 1 unread messages (steer=True)
2026-08-09 23:34:17 | team | sess_38a8d5678370 | INFO | Message 5ea75dff-867f-4999-b6f5-27090c2e46f4 marked as read by planner2
2026-08-09 23:34:53 | team | sess_38a8d5678370 | INFO | Message ae3156b0-8e93-45ba-b5bb-0401012d55d8 created
2026-08-09 23:34:56 | team | sess_38a8d5678370 | INFO | Task plan_errors completed at 1786314896986
2026-08-09 23:34:56 | team | sess_38a8d5678370 | INFO | Resolved 1 dependencies for task plan_errors
2026-08-09 23:34:56 | team | sess_38a8d5678370 | INFO | Task impl_errors unblocked (all deps resolved)
2026-08-09 23:34:56 | team | sess_38a8d5678370 | INFO | Task plan_errors completed
2026-08-09 23:34:56 | team | sess_38a8d5678370 | INFO | Unblocked 1 tasks
2026-08-09 23:35:03 | team | sess_38a8d5678370 | INFO | Message 0afab7d2-5d49-4c9a-80f3-ea1dc3b928f2 created
2026-08-09 23:37:46 | team | sess_38a8d5678370 | INFO | task list drained for team jiuwen_team_sess_38a8d5678370: 5 terminal task(s)
2026-08-09 23:37:58 | team | sess_38a8d5678370 | INFO | [planner2] processing 1 unread messages (steer=True)
2026-08-09 23:37:58 | team | sess_38a8d5678370 | INFO | Message 47e4177b-6664-4003-980e-1e66c19f6fd1 marked as read by planner2
2026-08-09 23:38:37 | team | sess_38a8d5678370 | INFO | team jiuwen_team_sess_38a8d5678370 reported completed: 9 members, 5 tasks
2026-08-09 23:38:37 | team | sess_38a8d5678370 | INFO | [planner2] received TEAM_STANDBY, pausing polls
2026-08-09 23:38:37 | team | sess_38a8d5678370 | INFO | EventBus[teammate] pausing polls
