2026-08-08 08:18:14 | team | sess_472cbf419163 | INFO | Team workspace directory ensured at /srv/jwteam_clone/shared/run_current
2026-08-08 08:18:14 | team | sess_472cbf419163 | INFO | AgentTeam manager initialized for jiuwen_team_sess_472cbf419163, member=team_leader
2026-08-08 08:18:14 | team | sess_472cbf419163 | INFO | [team_leader] TeamPolicyRail static sections: section_names=['team_role', 'team_workflow', 'team_swarmflow', 'team_lifecycle', 'team_persona']
2026-08-08 08:18:14 | team | sess_472cbf419163 | INFO | Session tables ready for session sess_472cbf419163
2026-08-08 08:18:14 | team | sess_472cbf419163 | INFO | Team database initialized
2026-08-08 08:18:14 | team | default_trace_id | INFO | Team workspace directory ensured at /srv/jwteam_clone/shared/run_current
2026-08-08 08:18:14 | team | default_trace_id | INFO | AgentTeam manager initialized for jiuwen_team_sess_472cbf419163, member=executor2
2026-08-08 08:18:14 | team | default_trace_id | INFO | [executor2] TeamPolicyRail static sections: section_names=['team_role', 'team_persona']
2026-08-08 08:18:14 | team | sess_472cbf419163 | INFO | [executor2] invoke start, role=teammate
2026-08-08 08:18:14 | team | sess_472cbf419163 | INFO | [executor2] coordination starting
2026-08-08 08:18:14 | team | sess_472cbf419163 | INFO | Session tables ready for session sess_472cbf419163
2026-08-08 08:18:14 | team | sess_472cbf419163 | INFO | Workspace /srv/jwteam_clone/shared/run_current initialized as plain shared directory (version_control disabled)
2026-08-08 08:18:14 | team | sess_472cbf419163 | INFO | EventBus[teammate] starting
2026-08-08 08:18:56 | team | sess_472cbf419163 | INFO | [executor2] HITT section refresh: human_agent_names=[]
2026-08-08 08:19:08 | team | sess_472cbf419163 | INFO | [executor2] processing 1 unread messages (steer=True)
2026-08-08 08:19:08 | team | sess_472cbf419163 | INFO | Message 5653c6af-10d0-49f7-8a63-d5042bc26dd8 marked as read by executor2
2026-08-08 08:25:23 | team | sess_472cbf419163 | INFO | task list drained for team jiuwen_team_sess_472cbf419163: 3 terminal task(s)
2026-08-08 08:25:41 | team | sess_472cbf419163 | INFO | [executor2] processing 1 unread messages (steer=True)
2026-08-08 08:25:41 | team | sess_472cbf419163 | INFO | Message e891d5dd-937b-41e6-8094-69b331f3fd37 marked as read by executor2
2026-08-08 08:26:00 | team | sess_472cbf419163 | INFO | team jiuwen_team_sess_472cbf419163 reported completed: 9 members, 3 tasks
2026-08-08 08:26:00 | team | sess_472cbf419163 | INFO | [executor2] received TEAM_STANDBY, pausing polls
2026-08-08 08:26:00 | team | sess_472cbf419163 | INFO | EventBus[teammate] pausing polls
