2026-08-08 08:18:13 | team | sess_472cbf419163 | INFO | Team workspace directory ensured at /srv/jwteam_clone/shared/run_current
2026-08-08 08:18:13 | team | sess_472cbf419163 | INFO | AgentTeam manager initialized for jiuwen_team_sess_472cbf419163, member=team_leader
2026-08-08 08:18:13 | team | sess_472cbf419163 | INFO | [team_leader] TeamPolicyRail static sections: section_names=['team_role', 'team_workflow', 'team_swarmflow', 'team_lifecycle', 'team_persona']
2026-08-08 08:18:13 | team | sess_472cbf419163 | INFO | Session tables ready for session sess_472cbf419163
2026-08-08 08:18:13 | team | sess_472cbf419163 | INFO | Team database initialized
2026-08-08 08:18:13 | team | default_trace_id | INFO | Team workspace directory ensured at /srv/jwteam_clone/shared/run_current
2026-08-08 08:18:13 | team | default_trace_id | INFO | AgentTeam manager initialized for jiuwen_team_sess_472cbf419163, member=executor1
2026-08-08 08:18:13 | team | default_trace_id | INFO | [executor1] TeamPolicyRail static sections: section_names=['team_role', 'team_persona']
2026-08-08 08:18:13 | team | sess_472cbf419163 | INFO | [executor1] invoke start, role=teammate
2026-08-08 08:18:13 | team | sess_472cbf419163 | INFO | [executor1] coordination starting
2026-08-08 08:18:13 | team | sess_472cbf419163 | INFO | Session tables ready for session sess_472cbf419163
2026-08-08 08:18:13 | team | sess_472cbf419163 | INFO | Workspace /srv/jwteam_clone/shared/run_current initialized as plain shared directory (version_control disabled)
2026-08-08 08:18:13 | team | sess_472cbf419163 | INFO | EventBus[teammate] starting
2026-08-08 08:18:56 | team | sess_472cbf419163 | INFO | [executor1] HITT section refresh: human_agent_names=[]
2026-08-08 08:19:08 | team | sess_472cbf419163 | INFO | [executor1] processing 1 unread messages (steer=True)
2026-08-08 08:19:08 | team | sess_472cbf419163 | INFO | Message 5653c6af-10d0-49f7-8a63-d5042bc26dd8 marked as read by executor1
2026-08-08 08:21:11 | team | sess_472cbf419163 | INFO | [executor1] processing 1 unread messages (steer=True)
2026-08-08 08:21:11 | team | sess_472cbf419163 | INFO | Message 14d5a528-e700-4f68-9da4-98c4e79419bb marked as read by executor1
2026-08-08 08:21:20 | team | sess_472cbf419163 | INFO | [executor1] received TASK_CLAIMED for self, task_id=implement, human_agent=False
2026-08-08 08:23:06 | team | sess_472cbf419163 | INFO | Task implement completed at 1786173786496
2026-08-08 08:23:06 | team | sess_472cbf419163 | INFO | Resolved 1 dependencies for task implement
2026-08-08 08:23:06 | team | sess_472cbf419163 | INFO | Task verify unblocked (all deps resolved)
2026-08-08 08:23:06 | team | sess_472cbf419163 | INFO | Task implement completed
2026-08-08 08:23:06 | team | sess_472cbf419163 | INFO | Unblocked 1 tasks
2026-08-08 08:23:15 | team | sess_472cbf419163 | INFO | Message 8efa98c7-47a7-471a-ac06-62b49884d693 created
2026-08-08 08:23:15 | team | sess_472cbf419163 | INFO | Message 6b1e1200-8cdf-4eba-9679-bf6a545b4df2 created
2026-08-08 08:23:21 | team | sess_472cbf419163 | INFO | [executor1] processing 1 unread messages (steer=True)
2026-08-08 08:23:21 | team | sess_472cbf419163 | INFO | Message 86ac4b2c-050a-4d52-907a-96933bf136e3 marked as read by executor1
2026-08-08 08:25:23 | team | sess_472cbf419163 | INFO | task list drained for team jiuwen_team_sess_472cbf419163: 3 terminal task(s)
2026-08-08 08:25:41 | team | sess_472cbf419163 | INFO | [executor1] processing 1 unread messages (steer=True)
2026-08-08 08:25:41 | team | sess_472cbf419163 | INFO | Message e891d5dd-937b-41e6-8094-69b331f3fd37 marked as read by executor1
2026-08-08 08:26:00 | team | sess_472cbf419163 | INFO | team jiuwen_team_sess_472cbf419163 reported completed: 9 members, 3 tasks
2026-08-08 08:26:00 | team | sess_472cbf419163 | INFO | [executor1] received TEAM_STANDBY, pausing polls
2026-08-08 08:26:00 | team | sess_472cbf419163 | INFO | EventBus[teammate] pausing polls
