2026-08-10 09:37:48 | team | sess_d336caf16e9b | INFO | Team workspace directory ensured at /srv/jwteam_clone/shared/run_current
2026-08-10 09:37:48 | team | sess_d336caf16e9b | INFO | AgentTeam manager initialized for jiuwen_team_sess_d336caf16e9b, member=team_leader
2026-08-10 09:37:48 | team | sess_d336caf16e9b | INFO | [team_leader] TeamPolicyRail static sections: section_names=['team_role', 'team_workflow', 'team_swarmflow', 'team_lifecycle', 'team_persona']
2026-08-10 09:37:48 | team | sess_d336caf16e9b | INFO | Session tables ready for session sess_d336caf16e9b
2026-08-10 09:37:48 | team | sess_d336caf16e9b | INFO | Team database initialized
2026-08-10 09:37:48 | team | default_trace_id | INFO | Team workspace directory ensured at /srv/jwteam_clone/shared/run_current
2026-08-10 09:37:48 | team | default_trace_id | INFO | AgentTeam manager initialized for jiuwen_team_sess_d336caf16e9b, member=executor2
2026-08-10 09:37:48 | team | default_trace_id | INFO | [executor2] TeamPolicyRail static sections: section_names=['team_role', 'team_persona']
2026-08-10 09:37:48 | team | sess_d336caf16e9b | INFO | [executor2] invoke start, role=teammate
2026-08-10 09:37:48 | team | sess_d336caf16e9b | INFO | [executor2] coordination starting
2026-08-10 09:37:48 | team | sess_d336caf16e9b | INFO | Session tables ready for session sess_d336caf16e9b
2026-08-10 09:37:48 | team | sess_d336caf16e9b | INFO | Workspace /srv/jwteam_clone/shared/run_current initialized as plain shared directory (version_control disabled)
2026-08-10 09:37:48 | team | sess_d336caf16e9b | INFO | EventBus[teammate] starting
2026-08-10 09:38:50 | team | sess_d336caf16e9b | INFO | [executor2] HITT section refresh: human_agent_names=[]
2026-08-10 09:39:02 | team | sess_d336caf16e9b | INFO | [executor2] processing 1 unread messages (steer=True)
2026-08-10 09:39:02 | team | sess_d336caf16e9b | INFO | Message 49136cf2-aa4b-415b-aee6-9fb259beb01f marked as read by executor2
2026-08-10 09:39:47 | team | sess_d336caf16e9b | INFO | Message c466912b-39ed-4322-8fa1-c56a66d582f1 created
2026-08-10 09:40:00 | team | sess_d336caf16e9b | INFO | [executor2] processing 1 unread messages (steer=True)
2026-08-10 09:40:00 | team | sess_d336caf16e9b | INFO | Message 674a748e-5d8d-48f9-866c-577abff3ea44 marked as read by executor2
2026-08-10 09:40:01 | team | sess_d336caf16e9b | INFO | [executor2] processing 1 unread messages (steer=True)
2026-08-10 09:40:01 | team | sess_d336caf16e9b | INFO | Message 57f5079e-dd60-43be-b0e0-4db1e742dbb5 marked as read by executor2
2026-08-10 09:40:09 | team | sess_d336caf16e9b | INFO | [executor2] processing 1 unread messages (steer=True)
2026-08-10 09:40:09 | team | sess_d336caf16e9b | INFO | Message 257091a8-14c8-4bae-a803-b7a4c424e218 marked as read by executor2
2026-08-10 09:40:51 | team | sess_d336caf16e9b | INFO | Message 4e4b282a-e1c0-446f-8423-5aa33ed9c39d created
2026-08-10 09:40:55 | team | sess_d336caf16e9b | INFO | Task fix-kdf claimed by member executor2
2026-08-10 09:40:55 | team | sess_d336caf16e9b | INFO | Task fix-kdf claimed by member executor2
2026-08-10 09:40:58 | team | sess_d336caf16e9b | INFO | Task fix-kdf completed at 1786351258567
2026-08-10 09:40:58 | team | sess_d336caf16e9b | INFO | Resolved 2 dependencies for task fix-kdf
2026-08-10 09:40:58 | team | sess_d336caf16e9b | INFO | Task fix-kdf completed
2026-08-10 09:41:05 | team | sess_d336caf16e9b | INFO | [executor2] processing 1 unread messages (steer=True)
2026-08-10 09:41:05 | team | sess_d336caf16e9b | INFO | Message ed33602d-cde8-45b5-944d-32de15167a02 marked as read by executor2
2026-08-10 09:41:07 | team | sess_d336caf16e9b | INFO | Message ee662fe6-0319-4883-ad18-0c684a0d2c85 created
2026-08-10 09:41:16 | team | sess_d336caf16e9b | INFO | Message 00aba2fd-75b4-4740-b6b1-c7ec1137c2ad created
2026-08-10 09:41:18 | team | sess_d336caf16e9b | INFO | [executor2] processing 1 unread messages (steer=True)
2026-08-10 09:41:18 | team | sess_d336caf16e9b | INFO | Message f6e49a29-70b9-4154-9c6e-e74e1df4e552 marked as read by executor2
2026-08-10 09:41:25 | team | sess_d336caf16e9b | INFO | [executor2] processing 1 unread messages (steer=True)
2026-08-10 09:41:25 | team | sess_d336caf16e9b | INFO | Message 129a320a-dc81-4087-9996-93340b0cd7a2 marked as read by executor2
2026-08-10 09:42:11 | team | sess_d336caf16e9b | INFO | [executor2] processing 1 unread messages (steer=True)
2026-08-10 09:42:11 | team | sess_d336caf16e9b | INFO | Message f835f868-47cc-4633-a216-8c598512789d marked as read by executor2
2026-08-10 09:45:24 | team | sess_d336caf16e9b | INFO | task list drained for team jiuwen_team_sess_d336caf16e9b: 6 terminal task(s)
2026-08-10 09:45:45 | team | sess_d336caf16e9b | INFO | [executor2] processing 1 unread messages (steer=True)
2026-08-10 09:45:45 | team | sess_d336caf16e9b | INFO | Message cbee0547-d3bf-4481-a25d-8163969de09a marked as read by executor2
2026-08-10 09:46:00 | team | sess_d336caf16e9b | INFO | team jiuwen_team_sess_d336caf16e9b reported completed: 9 members, 6 tasks
2026-08-10 09:46:00 | team | sess_d336caf16e9b | INFO | [executor2] received TEAM_STANDBY, pausing polls
2026-08-10 09:46:00 | team | sess_d336caf16e9b | INFO | EventBus[teammate] pausing polls
