2026-08-10 09:37:45 | team | sess_d336caf16e9b | INFO | Team workspace directory ensured at /srv/jwteam_clone/shared/run_current
2026-08-10 09:37:45 | team | sess_d336caf16e9b | INFO | AgentTeam manager initialized for jiuwen_team_sess_d336caf16e9b, member=team_leader
2026-08-10 09:37:45 | team | sess_d336caf16e9b | INFO | [team_leader] TeamPolicyRail static sections: section_names=['team_role', 'team_workflow', 'team_swarmflow', 'team_lifecycle', 'team_persona']
2026-08-10 09:37:45 | team | sess_d336caf16e9b | INFO | Session tables ready for session sess_d336caf16e9b
2026-08-10 09:37:45 | team | sess_d336caf16e9b | INFO | Team database initialized
2026-08-10 09:37:45 | team | default_trace_id | INFO | Team workspace directory ensured at /srv/jwteam_clone/shared/run_current
2026-08-10 09:37:45 | team | default_trace_id | INFO | AgentTeam manager initialized for jiuwen_team_sess_d336caf16e9b, member=planner1
2026-08-10 09:37:45 | team | default_trace_id | INFO | [planner1] TeamPolicyRail static sections: section_names=['team_role', 'team_persona']
2026-08-10 09:37:45 | team | sess_d336caf16e9b | INFO | [planner1] invoke start, role=teammate
2026-08-10 09:37:45 | team | sess_d336caf16e9b | INFO | [planner1] coordination starting
2026-08-10 09:37:45 | team | sess_d336caf16e9b | INFO | Session tables ready for session sess_d336caf16e9b
2026-08-10 09:37:45 | team | sess_d336caf16e9b | INFO | Workspace /srv/jwteam_clone/shared/run_current initialized as plain shared directory (version_control disabled)
2026-08-10 09:37:45 | team | sess_d336caf16e9b | INFO | EventBus[teammate] starting
2026-08-10 09:38:50 | team | sess_d336caf16e9b | INFO | [planner1] HITT section refresh: human_agent_names=[]
2026-08-10 09:39:02 | team | sess_d336caf16e9b | INFO | [planner1] processing 1 unread messages (steer=True)
2026-08-10 09:39:02 | team | sess_d336caf16e9b | INFO | Message 49136cf2-aa4b-415b-aee6-9fb259beb01f marked as read by planner1
2026-08-10 09:39:12 | team | sess_d336caf16e9b | INFO | Message 995bf136-83e5-47b4-a62f-bdb1b0fc53b0 created
2026-08-10 09:39:31 | team | sess_d336caf16e9b | INFO | Message 6b9f388a-be63-43bc-bf49-8c4d9d2a6034 created
2026-08-10 09:39:36 | team | sess_d336caf16e9b | INFO | [planner1] processing 1 unread messages (steer=True)
2026-08-10 09:39:36 | team | sess_d336caf16e9b | INFO | Message 0a48f911-281e-43e1-bf16-d6ad9443cbce marked as read by planner1
2026-08-10 09:40:01 | team | sess_d336caf16e9b | INFO | Message 57f5079e-dd60-43be-b0e0-4db1e742dbb5 created
2026-08-10 09:40:01 | team | sess_d336caf16e9b | INFO | Message a72a3c7f-f532-4813-abe0-17db8c94dafb created
2026-08-10 09:40:01 | team | sess_d336caf16e9b | INFO | Message c73e8aa9-232a-4c5e-8a28-b7ed1820cadb created
2026-08-10 09:40:10 | team | sess_d336caf16e9b | INFO | Message 0b9dd80b-4312-4505-8184-fc6a48e38084 created
2026-08-10 09:40:18 | team | sess_d336caf16e9b | INFO | Message f7065c41-aeab-453d-b01a-5401a8c6b576 created
2026-08-10 09:40:27 | team | sess_d336caf16e9b | INFO | [planner1] processing 1 unread messages (steer=True)
2026-08-10 09:40:27 | team | sess_d336caf16e9b | INFO | Message b5c3dc9f-3a89-4feb-97af-e71356628705 marked as read by planner1
2026-08-10 09:40:39 | team | sess_d336caf16e9b | INFO | [planner1] processing 1 unread messages (steer=True)
2026-08-10 09:40:39 | team | sess_d336caf16e9b | INFO | Message bb04dfa6-b2fd-45f5-9740-b381187f77cb marked as read by planner1
2026-08-10 09:40:56 | team | sess_d336caf16e9b | INFO | Message cfd43943-b08d-42cc-a7b2-dcecc21cd814 created
2026-08-10 09:42:11 | team | sess_d336caf16e9b | INFO | [planner1] processing 1 unread messages (steer=True)
2026-08-10 09:42:11 | team | sess_d336caf16e9b | INFO | Message f835f868-47cc-4633-a216-8c598512789d marked as read by planner1
2026-08-10 09:45:24 | team | sess_d336caf16e9b | INFO | task list drained for team jiuwen_team_sess_d336caf16e9b: 6 terminal task(s)
2026-08-10 09:45:45 | team | sess_d336caf16e9b | INFO | [planner1] processing 1 unread messages (steer=True)
2026-08-10 09:45:45 | team | sess_d336caf16e9b | INFO | Message cbee0547-d3bf-4481-a25d-8163969de09a marked as read by planner1
2026-08-10 09:46:00 | team | sess_d336caf16e9b | INFO | team jiuwen_team_sess_d336caf16e9b reported completed: 9 members, 6 tasks
2026-08-10 09:46:00 | team | sess_d336caf16e9b | INFO | [planner1] received TEAM_STANDBY, pausing polls
2026-08-10 09:46:00 | team | sess_d336caf16e9b | INFO | EventBus[teammate] pausing polls
