2026-08-10 09:37:49 | team | sess_d336caf16e9b | INFO | Team workspace directory ensured at /srv/jwteam_clone/shared/run_current
2026-08-10 09:37:49 | team | sess_d336caf16e9b | INFO | AgentTeam manager initialized for jiuwen_team_sess_d336caf16e9b, member=team_leader
2026-08-10 09:37:49 | team | sess_d336caf16e9b | INFO | [team_leader] TeamPolicyRail static sections: section_names=['team_role', 'team_workflow', 'team_swarmflow', 'team_lifecycle', 'team_persona']
2026-08-10 09:37:49 | team | sess_d336caf16e9b | INFO | Session tables ready for session sess_d336caf16e9b
2026-08-10 09:37:49 | team | sess_d336caf16e9b | INFO | Team database initialized
2026-08-10 09:37:49 | team | default_trace_id | INFO | Team workspace directory ensured at /srv/jwteam_clone/shared/run_current
2026-08-10 09:37:49 | team | default_trace_id | INFO | AgentTeam manager initialized for jiuwen_team_sess_d336caf16e9b, member=executor3
2026-08-10 09:37:49 | team | default_trace_id | INFO | [executor3] TeamPolicyRail static sections: section_names=['team_role', 'team_persona']
2026-08-10 09:37:49 | team | sess_d336caf16e9b | INFO | [executor3] invoke start, role=teammate
2026-08-10 09:37:49 | team | sess_d336caf16e9b | INFO | [executor3] coordination starting
2026-08-10 09:37:49 | team | sess_d336caf16e9b | INFO | Session tables ready for session sess_d336caf16e9b
2026-08-10 09:37:49 | team | sess_d336caf16e9b | INFO | Workspace /srv/jwteam_clone/shared/run_current initialized as plain shared directory (version_control disabled)
2026-08-10 09:37:49 | team | sess_d336caf16e9b | INFO | EventBus[teammate] starting
2026-08-10 09:38:50 | team | sess_d336caf16e9b | INFO | [executor3] HITT section refresh: human_agent_names=[]
2026-08-10 09:39:02 | team | sess_d336caf16e9b | INFO | [executor3] processing 1 unread messages (steer=True)
2026-08-10 09:39:02 | team | sess_d336caf16e9b | INFO | Message 49136cf2-aa4b-415b-aee6-9fb259beb01f marked as read by executor3
2026-08-10 09:40:01 | team | sess_d336caf16e9b | INFO | [executor3] processing 1 unread messages (steer=True)
2026-08-10 09:40:01 | team | sess_d336caf16e9b | INFO | Message c73e8aa9-232a-4c5e-8a28-b7ed1820cadb marked as read by executor3
2026-08-10 09:40:09 | team | sess_d336caf16e9b | INFO | [executor3] processing 1 unread messages (steer=True)
2026-08-10 09:40:09 | team | sess_d336caf16e9b | INFO | Message 2308865b-7e66-499d-b1ab-e371d5e364be marked as read by executor3
2026-08-10 09:40:36 | team | sess_d336caf16e9b | INFO | Message 50b26610-cb96-421c-9e8e-2d67fa282ab7 created
2026-08-10 09:40:53 | team | sess_d336caf16e9b | INFO | Message e1f712d2-27ed-4e57-b6ff-030e45fbb063 created
2026-08-10 09:40:56 | team | sess_d336caf16e9b | INFO | Task fix-tag claimed by member executor3
2026-08-10 09:40:56 | team | sess_d336caf16e9b | INFO | Task fix-tag claimed by member executor3
2026-08-10 09:41:01 | team | sess_d336caf16e9b | INFO | [executor3] processing 1 unread messages (steer=True)
2026-08-10 09:41:01 | team | sess_d336caf16e9b | INFO | Message 41776fe3-b8e2-4c8a-966d-981dab098418 marked as read by executor3
2026-08-10 09:41:05 | team | sess_d336caf16e9b | INFO | [executor3] processing 1 unread messages (steer=True)
2026-08-10 09:41:05 | team | sess_d336caf16e9b | INFO | Message e4b0f089-584e-44ca-956b-84e2a4303c4f marked as read by executor3
2026-08-10 09:41:43 | team | sess_d336caf16e9b | INFO | [executor3] processing 1 unread messages (steer=True)
2026-08-10 09:41:43 | team | sess_d336caf16e9b | INFO | Message c6734093-120d-4792-bae2-9baf3625fcc4 marked as read by executor3
2026-08-10 09:41:51 | team | sess_d336caf16e9b | INFO | Task fix-tag completed at 1786351311672
2026-08-10 09:41:51 | team | sess_d336caf16e9b | INFO | Message 16208a2e-f224-437a-8ea1-585ea6aec6bd created
2026-08-10 09:41:51 | team | sess_d336caf16e9b | INFO | Resolved 2 dependencies for task fix-tag
2026-08-10 09:41:51 | team | sess_d336caf16e9b | INFO | Task fix-tag completed
2026-08-10 09:41:59 | team | sess_d336caf16e9b | INFO | Message 996dd598-4304-4833-b43a-49896604f344 created
2026-08-10 09:41:59 | team | sess_d336caf16e9b | INFO | Message 75beca46-e410-43b1-b8b5-637efeeb469d created
2026-08-10 09:42:11 | team | sess_d336caf16e9b | INFO | [executor3] processing 1 unread messages (steer=True)
2026-08-10 09:42:11 | team | sess_d336caf16e9b | INFO | Message f835f868-47cc-4633-a216-8c598512789d marked as read by executor3
2026-08-10 09:42:14 | team | sess_d336caf16e9b | INFO | [executor3] processing 1 unread messages (steer=True)
2026-08-10 09:42:14 | team | sess_d336caf16e9b | INFO | Message 546ecdc6-ca98-484b-a460-00f754449231 marked as read by executor3
2026-08-10 09:42:20 | team | sess_d336caf16e9b | INFO | [executor3] processing 1 unread messages (steer=True)
2026-08-10 09:42:20 | team | sess_d336caf16e9b | INFO | Message 34b6b79f-5fe1-45c4-a815-8fb2d561d946 marked as read by executor3
2026-08-10 09:42:22 | team | sess_d336caf16e9b | INFO | Message 73009883-b8e4-4164-9a79-f5f9680a271d created
2026-08-10 09:42:37 | team | sess_d336caf16e9b | INFO | [executor3] processing 1 unread messages (steer=True)
2026-08-10 09:42:37 | team | sess_d336caf16e9b | INFO | Message 043dc81e-9687-495b-a34f-df6a6ee159c4 marked as read by executor3
2026-08-10 09:42:43 | team | sess_d336caf16e9b | INFO | Message 28a006be-dc59-4c57-84a3-ea69e5777486 created
2026-08-10 09:45:24 | team | sess_d336caf16e9b | INFO | task list drained for team jiuwen_team_sess_d336caf16e9b: 6 terminal task(s)
2026-08-10 09:45:45 | team | sess_d336caf16e9b | INFO | [executor3] processing 1 unread messages (steer=True)
2026-08-10 09:45:45 | team | sess_d336caf16e9b | INFO | Message cbee0547-d3bf-4481-a25d-8163969de09a marked as read by executor3
2026-08-10 09:46:00 | team | sess_d336caf16e9b | INFO | team jiuwen_team_sess_d336caf16e9b reported completed: 9 members, 6 tasks
2026-08-10 09:46:00 | team | sess_d336caf16e9b | INFO | [executor3] received TEAM_STANDBY, pausing polls
2026-08-10 09:46:00 | team | sess_d336caf16e9b | INFO | EventBus[teammate] pausing polls
