2026-08-10 09:37:53 | team | sess_d336caf16e9b | INFO | Team workspace directory ensured at /srv/jwteam_clone/shared/run_current
2026-08-10 09:37:53 | team | sess_d336caf16e9b | INFO | AgentTeam manager initialized for jiuwen_team_sess_d336caf16e9b, member=team_leader
2026-08-10 09:37:53 | team | sess_d336caf16e9b | INFO | [team_leader] TeamPolicyRail static sections: section_names=['team_role', 'team_workflow', 'team_swarmflow', 'team_lifecycle', 'team_persona']
2026-08-10 09:37:53 | team | sess_d336caf16e9b | INFO | Session tables ready for session sess_d336caf16e9b
2026-08-10 09:37:53 | team | sess_d336caf16e9b | INFO | Team database initialized
2026-08-10 09:37:53 | team | default_trace_id | INFO | Team workspace directory ensured at /srv/jwteam_clone/shared/run_current
2026-08-10 09:37:53 | team | default_trace_id | INFO | AgentTeam manager initialized for jiuwen_team_sess_d336caf16e9b, member=fullstack1
2026-08-10 09:37:53 | team | default_trace_id | INFO | [fullstack1] TeamPolicyRail static sections: section_names=['team_role', 'team_persona']
2026-08-10 09:37:53 | team | sess_d336caf16e9b | INFO | [fullstack1] invoke start, role=teammate
2026-08-10 09:37:53 | team | sess_d336caf16e9b | INFO | [fullstack1] coordination starting
2026-08-10 09:37:53 | team | sess_d336caf16e9b | INFO | Session tables ready for session sess_d336caf16e9b
2026-08-10 09:37:53 | team | sess_d336caf16e9b | INFO | Workspace /srv/jwteam_clone/shared/run_current initialized as plain shared directory (version_control disabled)
2026-08-10 09:37:53 | team | sess_d336caf16e9b | INFO | EventBus[teammate] starting
2026-08-10 09:38:50 | team | sess_d336caf16e9b | INFO | [fullstack1] HITT section refresh: human_agent_names=[]
2026-08-10 09:38:59 | team | sess_d336caf16e9b | INFO | Task plan claimed by member fullstack1
2026-08-10 09:38:59 | team | sess_d336caf16e9b | INFO | Task plan claimed by member fullstack1
2026-08-10 09:39:02 | team | sess_d336caf16e9b | INFO | [fullstack1] processing 1 unread messages (steer=True)
2026-08-10 09:39:02 | team | sess_d336caf16e9b | INFO | Message 49136cf2-aa4b-415b-aee6-9fb259beb01f marked as read by fullstack1
2026-08-10 09:39:12 | team | sess_d336caf16e9b | INFO | [fullstack1] processing 1 unread messages (steer=True)
2026-08-10 09:39:12 | team | sess_d336caf16e9b | INFO | Message 995bf136-83e5-47b4-a62f-bdb1b0fc53b0 marked as read by fullstack1
2026-08-10 09:39:13 | team | sess_d336caf16e9b | INFO | [fullstack1] processing 1 unread messages (steer=True)
2026-08-10 09:39:13 | team | sess_d336caf16e9b | INFO | Message 2746c82a-017f-43ef-aab4-566fd34d91aa marked as read by fullstack1
2026-08-10 09:39:31 | team | sess_d336caf16e9b | INFO | [fullstack1] processing 1 unread messages (steer=True)
2026-08-10 09:39:31 | team | sess_d336caf16e9b | INFO | Message 6b9f388a-be63-43bc-bf49-8c4d9d2a6034 marked as read by fullstack1
2026-08-10 09:39:36 | team | sess_d336caf16e9b | INFO | Message 0a48f911-281e-43e1-bf16-d6ad9443cbce created
2026-08-10 09:39:36 | team | sess_d336caf16e9b | INFO | Message 4365e83d-a03c-4a58-81e9-19b042068771 created
2026-08-10 09:40:00 | team | sess_d336caf16e9b | INFO | [fullstack1] processing 1 unread messages (steer=True)
2026-08-10 09:40:00 | team | sess_d336caf16e9b | INFO | Message 99f04aa3-05a4-42e7-8627-6bab58b392b5 marked as read by fullstack1
2026-08-10 09:40:07 | team | sess_d336caf16e9b | INFO | [fullstack1] processing 1 unread messages (steer=True)
2026-08-10 09:40:07 | team | sess_d336caf16e9b | INFO | Message 3d498e51-1755-4d8f-808c-b2609bd9dfc0 marked as read by fullstack1
2026-08-10 09:40:09 | team | sess_d336caf16e9b | INFO | Message 257091a8-14c8-4bae-a803-b7a4c424e218 created
2026-08-10 09:40:09 | team | sess_d336caf16e9b | INFO | Message 2308865b-7e66-499d-b1ab-e371d5e364be created
2026-08-10 09:40:09 | team | sess_d336caf16e9b | INFO | Message b17f8de6-0242-4859-875f-9e33a12035b1 created
2026-08-10 09:40:10 | team | sess_d336caf16e9b | INFO | [fullstack1] processing 1 unread messages (steer=True)
2026-08-10 09:40:10 | team | sess_d336caf16e9b | INFO | Message 0b9dd80b-4312-4505-8184-fc6a48e38084 marked as read by fullstack1
2026-08-10 09:40:27 | team | sess_d336caf16e9b | INFO | Message e655d4cd-1e52-4249-b994-0c2a67280329 created
2026-08-10 09:40:27 | team | sess_d336caf16e9b | INFO | Message b5c3dc9f-3a89-4feb-97af-e71356628705 created
2026-08-10 09:40:27 | team | sess_d336caf16e9b | INFO | Message 6548a8ff-a107-42bc-be77-1c9b437b9494 created
2026-08-10 09:40:30 | team | sess_d336caf16e9b | INFO | [fullstack1] processing 1 unread messages (steer=True)
2026-08-10 09:40:30 | team | sess_d336caf16e9b | INFO | Message 3e81be54-98a7-4074-9442-e5430833f597 marked as read by fullstack1
2026-08-10 09:40:30 | team | sess_d336caf16e9b | INFO | [fullstack1] processing 1 unread messages (steer=True)
2026-08-10 09:40:30 | team | sess_d336caf16e9b | INFO | Message d3c8ec78-0938-4ca2-bfa0-b47ff0403865 marked as read by fullstack1
2026-08-10 09:40:36 | team | sess_d336caf16e9b | INFO | [fullstack1] processing 1 unread messages (steer=True)
2026-08-10 09:40:36 | team | sess_d336caf16e9b | INFO | Message 50b26610-cb96-421c-9e8e-2d67fa282ab7 marked as read by fullstack1
2026-08-10 09:40:39 | team | sess_d336caf16e9b | INFO | [fullstack1] processing 1 unread messages (steer=True)
2026-08-10 09:40:39 | team | sess_d336caf16e9b | INFO | Message 03320b81-8bf5-439e-9964-eef1f81ac765 marked as read by fullstack1
2026-08-10 09:41:01 | team | sess_d336caf16e9b | INFO | Message 41776fe3-b8e2-4c8a-966d-981dab098418 created
2026-08-10 09:41:01 | team | sess_d336caf16e9b | INFO | Message e9616ba3-eff1-44cc-a27f-143772edb8f6 created
2026-08-10 09:41:01 | team | sess_d336caf16e9b | INFO | Message 10f2f879-81cb-40df-834b-985319e299f7 created
2026-08-10 09:41:16 | team | sess_d336caf16e9b | INFO | [fullstack1] processing 1 unread messages (steer=True)
2026-08-10 09:41:16 | team | sess_d336caf16e9b | INFO | Message 32370bb3-4eaa-48de-a219-4951022d3d05 marked as read by fullstack1
2026-08-10 09:41:17 | team | sess_d336caf16e9b | INFO | Message ec5ea554-9e98-460a-9c0e-7ffed5484164 created
2026-08-10 09:41:17 | team | sess_d336caf16e9b | INFO | Message bf4990ee-bdc6-4ddd-9224-2236a478a91c created
2026-08-10 09:41:23 | team | sess_d336caf16e9b | INFO | Message e1e8fad7-40a4-45b3-9e61-a4da85f4a341 created
2026-08-10 09:41:29 | team | sess_d336caf16e9b | INFO | [fullstack1] processing 1 unread messages (steer=True)
2026-08-10 09:41:29 | team | sess_d336caf16e9b | INFO | Message 08f397c1-7507-4c59-bc2d-838607efbe95 marked as read by fullstack1
2026-08-10 09:41:30 | team | sess_d336caf16e9b | INFO | [fullstack1] processing 1 unread messages (steer=True)
2026-08-10 09:41:30 | team | sess_d336caf16e9b | INFO | Message b7abb7a2-4cea-4c9f-b921-09a107fbee31 marked as read by fullstack1
2026-08-10 09:41:39 | team | sess_d336caf16e9b | INFO | Message c8da320a-ee88-4b79-9a4f-b52539a90767 created
2026-08-10 09:42:11 | team | sess_d336caf16e9b | INFO | [fullstack1] processing 1 unread messages (steer=True)
2026-08-10 09:42:11 | team | sess_d336caf16e9b | INFO | Message f835f868-47cc-4633-a216-8c598512789d marked as read by fullstack1
2026-08-10 09:42:16 | team | sess_d336caf16e9b | INFO | Message 03458bc1-8f3d-48cd-8b15-dbb5336a74d1 created
2026-08-10 09:42:16 | team | sess_d336caf16e9b | INFO | Message e2d3efee-1f4a-4a93-b6df-f4a709ca21bc created
2026-08-10 09:42:33 | team | sess_d336caf16e9b | INFO | [fullstack1] processing 1 unread messages (steer=True)
2026-08-10 09:42:33 | team | sess_d336caf16e9b | INFO | Message 2ebfe071-5ea1-433a-8318-f3c16740a6da marked as read by fullstack1
2026-08-10 09:42:34 | team | sess_d336caf16e9b | INFO | [fullstack1] processing 1 unread messages (steer=True)
2026-08-10 09:42:34 | team | sess_d336caf16e9b | INFO | Message 0040ff9b-1d00-4380-9cde-79ab912fe008 marked as read by fullstack1
2026-08-10 09:44:03 | team | sess_d336caf16e9b | INFO | Message 389a4570-735a-426c-94f9-182de01f505b created
2026-08-10 09:44:03 | team | sess_d336caf16e9b | INFO | Message 39335a4e-dc5f-4edd-99f3-60e6ccba37ea created
2026-08-10 09:44:03 | team | sess_d336caf16e9b | INFO | Message fe9e373b-82c2-4ceb-9e9b-02db8688b019 created
2026-08-10 09:45:04 | team | sess_d336caf16e9b | INFO | [fullstack1] processing 1 unread messages (steer=True)
2026-08-10 09:45:04 | team | sess_d336caf16e9b | INFO | Message 0b840be3-23d3-4d50-830e-29fbbdf7e99a marked as read by fullstack1
2026-08-10 09:45:11 | team | sess_d336caf16e9b | INFO | Message ac19a2b7-16e7-48e0-bf4f-22ab512c0be9 created
2026-08-10 09:45:18 | team | sess_d336caf16e9b | INFO | [fullstack1] processing 1 unread messages (steer=True)
2026-08-10 09:45:18 | team | sess_d336caf16e9b | INFO | Message decd615d-d4f8-4dd9-af91-30da6c504438 marked as read by fullstack1
2026-08-10 09:45:24 | team | sess_d336caf16e9b | INFO | task list drained for team jiuwen_team_sess_d336caf16e9b: 6 terminal task(s)
2026-08-10 09:45:45 | team | sess_d336caf16e9b | INFO | [fullstack1] processing 1 unread messages (steer=True)
2026-08-10 09:45:45 | team | sess_d336caf16e9b | INFO | Message cbee0547-d3bf-4481-a25d-8163969de09a marked as read by fullstack1
2026-08-10 09:45:52 | team | sess_d336caf16e9b | INFO | Message 4f2386f6-bd09-40a6-9bfc-d4e142fe04ae created
2026-08-10 09:46:00 | team | sess_d336caf16e9b | INFO | team jiuwen_team_sess_d336caf16e9b reported completed: 9 members, 6 tasks
2026-08-10 09:46:00 | team | sess_d336caf16e9b | INFO | [fullstack1] received TEAM_STANDBY, pausing polls
2026-08-10 09:46:00 | team | sess_d336caf16e9b | INFO | EventBus[teammate] pausing polls
