2026-08-10 09:37:46 | team | sess_d336caf16e9b | INFO | Team workspace directory ensured at /srv/jwteam_clone/shared/run_current
2026-08-10 09:37:46 | team | sess_d336caf16e9b | INFO | AgentTeam manager initialized for jiuwen_team_sess_d336caf16e9b, member=team_leader
2026-08-10 09:37:46 | team | sess_d336caf16e9b | INFO | [team_leader] TeamPolicyRail static sections: section_names=['team_role', 'team_workflow', 'team_swarmflow', 'team_lifecycle', 'team_persona']
2026-08-10 09:37:46 | team | sess_d336caf16e9b | INFO | Session tables ready for session sess_d336caf16e9b
2026-08-10 09:37:46 | team | sess_d336caf16e9b | INFO | Team database initialized
2026-08-10 09:37:46 | team | default_trace_id | INFO | Team workspace directory ensured at /srv/jwteam_clone/shared/run_current
2026-08-10 09:37:46 | team | default_trace_id | INFO | AgentTeam manager initialized for jiuwen_team_sess_d336caf16e9b, member=planner2
2026-08-10 09:37:46 | team | default_trace_id | INFO | [planner2] TeamPolicyRail static sections: section_names=['team_role', 'team_persona']
2026-08-10 09:37:46 | team | sess_d336caf16e9b | INFO | [planner2] invoke start, role=teammate
2026-08-10 09:37:46 | team | sess_d336caf16e9b | INFO | [planner2] coordination starting
2026-08-10 09:37:46 | team | sess_d336caf16e9b | INFO | Session tables ready for session sess_d336caf16e9b
2026-08-10 09:37:46 | team | sess_d336caf16e9b | INFO | Workspace /srv/jwteam_clone/shared/run_current initialized as plain shared directory (version_control disabled)
2026-08-10 09:37:46 | team | sess_d336caf16e9b | INFO | EventBus[teammate] starting
2026-08-10 09:38:50 | team | sess_d336caf16e9b | INFO | [planner2] HITT section refresh: human_agent_names=[]
2026-08-10 09:39:02 | team | sess_d336caf16e9b | INFO | [planner2] processing 1 unread messages (steer=True)
2026-08-10 09:39:02 | team | sess_d336caf16e9b | INFO | Message 49136cf2-aa4b-415b-aee6-9fb259beb01f marked as read by planner2
2026-08-10 09:39:13 | team | sess_d336caf16e9b | INFO | Message 2746c82a-017f-43ef-aab4-566fd34d91aa created
2026-08-10 09:39:29 | team | sess_d336caf16e9b | INFO | Message 2f1dfbd0-72af-4883-a94e-169c1ea2ee05 created
2026-08-10 09:39:36 | team | sess_d336caf16e9b | INFO | [planner2] processing 1 unread messages (steer=True)
2026-08-10 09:39:36 | team | sess_d336caf16e9b | INFO | Message 4365e83d-a03c-4a58-81e9-19b042068771 marked as read by planner2
2026-08-10 09:39:47 | team | sess_d336caf16e9b | INFO | [planner2] processing 1 unread messages (steer=True)
2026-08-10 09:39:47 | team | sess_d336caf16e9b | INFO | Message 34d08170-1d82-45a8-8313-e56b54f77205 marked as read by planner2
2026-08-10 09:40:07 | team | sess_d336caf16e9b | INFO | Message 3d498e51-1755-4d8f-808c-b2609bd9dfc0 created
2026-08-10 09:40:22 | team | sess_d336caf16e9b | INFO | Message eeacf99b-fcca-4ef0-b5e2-e56630a4b881 created
2026-08-10 09:40:27 | team | sess_d336caf16e9b | INFO | [planner2] processing 1 unread messages (steer=True)
2026-08-10 09:40:27 | team | sess_d336caf16e9b | INFO | Message e655d4cd-1e52-4249-b994-0c2a67280329 marked as read by planner2
2026-08-10 09:40:39 | team | sess_d336caf16e9b | INFO | [planner2] processing 1 unread messages (steer=True)
2026-08-10 09:40:39 | team | sess_d336caf16e9b | INFO | Message 130aa3b3-2c8c-4999-9eef-d72b15448ba5 marked as read by planner2
2026-08-10 09:40:39 | team | sess_d336caf16e9b | INFO | Message 03320b81-8bf5-439e-9964-eef1f81ac765 created
2026-08-10 09:40:39 | team | sess_d336caf16e9b | INFO | Task plan claimed by member planner2
2026-08-10 09:40:39 | team | sess_d336caf16e9b | INFO | Task plan claimed by member planner2
2026-08-10 09:40:45 | team | sess_d336caf16e9b | INFO | Task plan completed at 1786351245646
2026-08-10 09:40:45 | team | sess_d336caf16e9b | INFO | Message e9b377df-f4cf-4544-b45b-0ce79f09a3f6 created
2026-08-10 09:40:45 | team | sess_d336caf16e9b | INFO | Resolved 3 dependencies for task plan
2026-08-10 09:40:45 | team | sess_d336caf16e9b | INFO | Task fix-kdf unblocked (all deps resolved)
2026-08-10 09:40:45 | team | sess_d336caf16e9b | INFO | Task fix-nonce unblocked (all deps resolved)
2026-08-10 09:40:45 | team | sess_d336caf16e9b | INFO | Task fix-tag unblocked (all deps resolved)
2026-08-10 09:40:45 | team | sess_d336caf16e9b | INFO | Task plan completed
2026-08-10 09:40:45 | team | sess_d336caf16e9b | INFO | Unblocked 3 tasks
2026-08-10 09:40:50 | team | sess_d336caf16e9b | INFO | [planner2] processing 1 unread messages (steer=True)
2026-08-10 09:40:50 | team | sess_d336caf16e9b | INFO | Message 07c55526-49cc-47ca-a1ec-646ac8eef961 marked as read by planner2
2026-08-10 09:40:51 | team | sess_d336caf16e9b | INFO | [planner2] processing 1 unread messages (steer=True)
2026-08-10 09:40:51 | team | sess_d336caf16e9b | INFO | Message 4e4b282a-e1c0-446f-8423-5aa33ed9c39d marked as read by planner2
2026-08-10 09:40:53 | team | sess_d336caf16e9b | INFO | [planner2] processing 1 unread messages (steer=True)
2026-08-10 09:40:53 | team | sess_d336caf16e9b | INFO | Message e1f712d2-27ed-4e57-b6ff-030e45fbb063 marked as read by planner2
2026-08-10 09:40:56 | team | sess_d336caf16e9b | INFO | [planner2] processing 1 unread messages (steer=True)
2026-08-10 09:40:56 | team | sess_d336caf16e9b | INFO | Message 91a13a20-281d-4305-910e-2c1cf272ca62 marked as read by planner2
2026-08-10 09:41:01 | team | sess_d336caf16e9b | INFO | [planner2] processing 1 unread messages (steer=True)
2026-08-10 09:41:01 | team | sess_d336caf16e9b | INFO | Message e9616ba3-eff1-44cc-a27f-143772edb8f6 marked as read by planner2
2026-08-10 09:41:05 | team | sess_d336caf16e9b | INFO | Message d6d1b0c4-7037-4495-9d25-37228982d736 created
2026-08-10 09:41:05 | team | sess_d336caf16e9b | INFO | Message ed33602d-cde8-45b5-944d-32de15167a02 created
2026-08-10 09:41:05 | team | sess_d336caf16e9b | INFO | Message e4b0f089-584e-44ca-956b-84e2a4303c4f created
2026-08-10 09:41:16 | team | sess_d336caf16e9b | INFO | Message a7df78f1-6981-4165-bc87-cfa732d89517 created
2026-08-10 09:41:16 | team | sess_d336caf16e9b | INFO | Message 32370bb3-4eaa-48de-a219-4951022d3d05 created
2026-08-10 09:41:17 | team | sess_d336caf16e9b | INFO | [planner2] processing 1 unread messages (steer=True)
2026-08-10 09:41:17 | team | sess_d336caf16e9b | INFO | Message bf4990ee-bdc6-4ddd-9224-2236a478a91c marked as read by planner2
2026-08-10 09:41:23 | team | sess_d336caf16e9b | INFO | [planner2] processing 1 unread messages (steer=True)
2026-08-10 09:41:23 | team | sess_d336caf16e9b | INFO | Message e1e8fad7-40a4-45b3-9e61-a4da85f4a341 marked as read by planner2
2026-08-10 09:41:29 | team | sess_d336caf16e9b | INFO | Message 08f397c1-7507-4c59-bc2d-838607efbe95 created
2026-08-10 09:42:11 | team | sess_d336caf16e9b | INFO | [planner2] processing 1 unread messages (steer=True)
2026-08-10 09:42:11 | team | sess_d336caf16e9b | INFO | Message f835f868-47cc-4633-a216-8c598512789d marked as read by planner2
2026-08-10 09:42:53 | team | sess_d336caf16e9b | INFO | Message f7496b3c-d8b2-433d-8965-b73f893b1ddb created
2026-08-10 09:42:53 | team | sess_d336caf16e9b | INFO | Message 5878291c-c326-4a9a-82f9-f6ace7b3cfdd created
2026-08-10 09:43:09 | team | sess_d336caf16e9b | INFO | [planner2] processing 1 unread messages (steer=True)
2026-08-10 09:43:09 | team | sess_d336caf16e9b | INFO | Message 38853ea7-13a2-4a40-a2af-64cfc2e22363 marked as read by planner2
2026-08-10 09:43:16 | team | sess_d336caf16e9b | INFO | Message 2b164011-ca4f-438c-9b11-a8c66e1ac2fb created
2026-08-10 09:43:23 | team | sess_d336caf16e9b | INFO | [planner2] processing 1 unread messages (steer=True)
2026-08-10 09:43:23 | team | sess_d336caf16e9b | INFO | Message 2f85ca7a-1d89-4bde-9706-e35d4070ac7c marked as read by planner2
2026-08-10 09:43:29 | team | sess_d336caf16e9b | INFO | Message dd4fefa4-14ec-40de-b625-6a6b19dd91d8 created
2026-08-10 09:43:37 | team | sess_d336caf16e9b | INFO | [planner2] processing 1 unread messages (steer=True)
2026-08-10 09:43:37 | team | sess_d336caf16e9b | INFO | Message 3ca56cb1-196d-4a7d-aa81-7b57d0ce7d94 marked as read by planner2
2026-08-10 09:45:24 | team | sess_d336caf16e9b | INFO | task list drained for team jiuwen_team_sess_d336caf16e9b: 6 terminal task(s)
2026-08-10 09:45:45 | team | sess_d336caf16e9b | INFO | [planner2] processing 1 unread messages (steer=True)
2026-08-10 09:45:45 | team | sess_d336caf16e9b | INFO | Message cbee0547-d3bf-4481-a25d-8163969de09a marked as read by planner2
2026-08-10 09:46:00 | team | sess_d336caf16e9b | INFO | team jiuwen_team_sess_d336caf16e9b reported completed: 9 members, 6 tasks
2026-08-10 09:46:00 | team | sess_d336caf16e9b | INFO | [planner2] received TEAM_STANDBY, pausing polls
2026-08-10 09:46:00 | team | sess_d336caf16e9b | INFO | EventBus[teammate] pausing polls
