2026-08-10 09:37:51 | team | sess_d336caf16e9b | INFO | Team workspace directory ensured at /srv/jwteam_clone/shared/run_current
2026-08-10 09:37:51 | team | sess_d336caf16e9b | INFO | AgentTeam manager initialized for jiuwen_team_sess_d336caf16e9b, member=team_leader
2026-08-10 09:37:51 | team | sess_d336caf16e9b | INFO | [team_leader] TeamPolicyRail static sections: section_names=['team_role', 'team_workflow', 'team_swarmflow', 'team_lifecycle', 'team_persona']
2026-08-10 09:37:51 | team | sess_d336caf16e9b | INFO | Session tables ready for session sess_d336caf16e9b
2026-08-10 09:37:51 | team | sess_d336caf16e9b | INFO | Team database initialized
2026-08-10 09:37:51 | team | default_trace_id | INFO | Team workspace directory ensured at /srv/jwteam_clone/shared/run_current
2026-08-10 09:37:51 | team | default_trace_id | INFO | AgentTeam manager initialized for jiuwen_team_sess_d336caf16e9b, member=verifier2
2026-08-10 09:37:51 | team | default_trace_id | INFO | [verifier2] TeamPolicyRail static sections: section_names=['team_role', 'team_persona']
2026-08-10 09:37:51 | team | sess_d336caf16e9b | INFO | [verifier2] invoke start, role=teammate
2026-08-10 09:37:51 | team | sess_d336caf16e9b | INFO | [verifier2] coordination starting
2026-08-10 09:37:51 | team | sess_d336caf16e9b | INFO | Session tables ready for session sess_d336caf16e9b
2026-08-10 09:37:51 | team | sess_d336caf16e9b | INFO | Workspace /srv/jwteam_clone/shared/run_current initialized as plain shared directory (version_control disabled)
2026-08-10 09:37:51 | team | sess_d336caf16e9b | INFO | EventBus[teammate] starting
2026-08-10 09:38:50 | team | sess_d336caf16e9b | INFO | [verifier2] HITT section refresh: human_agent_names=[]
2026-08-10 09:39:02 | team | sess_d336caf16e9b | INFO | [verifier2] processing 1 unread messages (steer=True)
2026-08-10 09:39:02 | team | sess_d336caf16e9b | INFO | Message 49136cf2-aa4b-415b-aee6-9fb259beb01f marked as read by verifier2
2026-08-10 09:39:19 | team | sess_d336caf16e9b | INFO | Message 2798ec8d-dfaa-4972-880a-38070e1396ae created
2026-08-10 09:39:19 | team | sess_d336caf16e9b | INFO | Message c9b58c92-edcc-4795-ae01-3f53ee999de2 created
2026-08-10 09:39:32 | team | sess_d336caf16e9b | INFO | [verifier2] processing 1 unread messages (steer=True)
2026-08-10 09:39:32 | team | sess_d336caf16e9b | INFO | Message 87b0000a-fdab-4c5e-b03a-1465d4ffa133 marked as read by verifier2
2026-08-10 09:39:42 | team | sess_d336caf16e9b | INFO | [verifier2] processing 1 unread messages (steer=True)
2026-08-10 09:39:42 | team | sess_d336caf16e9b | INFO | Message 035e9fa6-9fdb-4241-b48b-b820cf6a0683 marked as read by verifier2
2026-08-10 09:39:56 | team | sess_d336caf16e9b | INFO | Message e1cc3722-5576-42c4-a183-0205954ab72e created
2026-08-10 09:41:16 | team | sess_d336caf16e9b | INFO | [verifier2] processing 1 unread messages (steer=True)
2026-08-10 09:41:16 | team | sess_d336caf16e9b | INFO | Message 00aba2fd-75b4-4740-b6b1-c7ec1137c2ad marked as read by verifier2
2026-08-10 09:41:25 | team | sess_d336caf16e9b | INFO | Message 129a320a-dc81-4087-9996-93340b0cd7a2 created
2026-08-10 09:41:54 | team | sess_d336caf16e9b | INFO | [verifier2] processing 1 unread messages (steer=True)
2026-08-10 09:41:54 | team | sess_d336caf16e9b | INFO | Message bfa23865-4a61-4e93-8dc1-11f30aa6a09e marked as read by verifier2
2026-08-10 09:41:59 | team | sess_d336caf16e9b | INFO | [verifier2] processing 1 unread messages (steer=True)
2026-08-10 09:41:59 | team | sess_d336caf16e9b | INFO | Message 75beca46-e410-43b1-b8b5-637efeeb469d marked as read by verifier2
2026-08-10 09:42:11 | team | sess_d336caf16e9b | INFO | [verifier2] processing 1 unread messages (steer=True)
2026-08-10 09:42:11 | team | sess_d336caf16e9b | INFO | Message f835f868-47cc-4633-a216-8c598512789d marked as read by verifier2
2026-08-10 09:42:16 | team | sess_d336caf16e9b | INFO | [verifier2] processing 1 unread messages (steer=True)
2026-08-10 09:42:16 | team | sess_d336caf16e9b | INFO | Message e2d3efee-1f4a-4a93-b6df-f4a709ca21bc marked as read by verifier2
2026-08-10 09:42:20 | team | sess_d336caf16e9b | INFO | Message 1159705c-f034-478f-bef1-c8222599d30b created
2026-08-10 09:42:20 | team | sess_d336caf16e9b | INFO | Message 34b6b79f-5fe1-45c4-a815-8fb2d561d946 created
2026-08-10 09:42:20 | team | sess_d336caf16e9b | INFO | Task verify claimed by member verifier2
2026-08-10 09:42:20 | team | sess_d336caf16e9b | INFO | Task verify claimed by member verifier2
2026-08-10 09:42:33 | team | sess_d336caf16e9b | INFO | Message 2ebfe071-5ea1-433a-8318-f3c16740a6da created
2026-08-10 09:42:33 | team | sess_d336caf16e9b | INFO | Message bb15a400-9196-4ed1-afd0-29fe67378ab6 created
2026-08-10 09:42:44 | team | sess_d336caf16e9b | INFO | [verifier2] processing 1 unread messages (steer=True)
2026-08-10 09:42:44 | team | sess_d336caf16e9b | INFO | Message 0202d669-f770-47d5-af58-090e23a9a59a marked as read by verifier2
2026-08-10 09:42:53 | team | sess_d336caf16e9b | INFO | [verifier2] processing 1 unread messages (steer=True)
2026-08-10 09:42:53 | team | sess_d336caf16e9b | INFO | Message f7496b3c-d8b2-433d-8965-b73f893b1ddb marked as read by verifier2
2026-08-10 09:43:09 | team | sess_d336caf16e9b | INFO | Message 38853ea7-13a2-4a40-a2af-64cfc2e22363 created
2026-08-10 09:43:16 | team | sess_d336caf16e9b | INFO | [verifier2] processing 1 unread messages (steer=True)
2026-08-10 09:43:16 | team | sess_d336caf16e9b | INFO | Message 2b164011-ca4f-438c-9b11-a8c66e1ac2fb marked as read by verifier2
2026-08-10 09:44:03 | team | sess_d336caf16e9b | INFO | [verifier2] processing 1 unread messages (steer=True)
2026-08-10 09:44:03 | team | sess_d336caf16e9b | INFO | Message 389a4570-735a-426c-94f9-182de01f505b marked as read by verifier2
2026-08-10 09:44:56 | team | sess_d336caf16e9b | INFO | Message 94916347-4314-4e8f-9521-454e01a07ad7 created
2026-08-10 09:45:04 | team | sess_d336caf16e9b | INFO | Message 0b840be3-23d3-4d50-830e-29fbbdf7e99a created
2026-08-10 09:45:11 | team | sess_d336caf16e9b | INFO | [verifier2] processing 1 unread messages (steer=True)
2026-08-10 09:45:11 | team | sess_d336caf16e9b | INFO | Message ac19a2b7-16e7-48e0-bf4f-22ab512c0be9 marked as read by verifier2
2026-08-10 09:45:11 | team | sess_d336caf16e9b | INFO | [verifier2] processing 1 unread messages (steer=True)
2026-08-10 09:45:11 | team | sess_d336caf16e9b | INFO | Message f3632a24-c646-4e8c-951d-8e96de3a476c marked as read by verifier2
2026-08-10 09:45:18 | team | sess_d336caf16e9b | INFO | Message decd615d-d4f8-4dd9-af91-30da6c504438 created
2026-08-10 09:45:24 | team | sess_d336caf16e9b | INFO | Task verify completed at 1786351524578
2026-08-10 09:45:24 | team | sess_d336caf16e9b | INFO | Message 98e954be-dae9-47e3-98c1-8c727d25c1ff created
2026-08-10 09:45:24 | team | sess_d336caf16e9b | INFO | Task verify completed
2026-08-10 09:45:32 | team | sess_d336caf16e9b | INFO | Message 8b596e2c-b190-4f70-b7af-06c78433c3a2 created
2026-08-10 09:45:45 | team | sess_d336caf16e9b | INFO | [verifier2] processing 1 unread messages (steer=True)
2026-08-10 09:45:45 | team | sess_d336caf16e9b | INFO | Message cbee0547-d3bf-4481-a25d-8163969de09a marked as read by verifier2
2026-08-10 09:46:00 | team | sess_d336caf16e9b | INFO | team jiuwen_team_sess_d336caf16e9b reported completed: 9 members, 6 tasks
2026-08-10 09:46:00 | team | sess_d336caf16e9b | INFO | [verifier2] received TEAM_STANDBY, pausing polls
2026-08-10 09:46:00 | team | sess_d336caf16e9b | INFO | EventBus[teammate] pausing polls
