2026-08-10 09:37:50 | team | sess_d336caf16e9b | INFO | Team workspace directory ensured at /srv/jwteam_clone/shared/run_current
2026-08-10 09:37:50 | team | sess_d336caf16e9b | INFO | AgentTeam manager initialized for jiuwen_team_sess_d336caf16e9b, member=team_leader
2026-08-10 09:37:50 | team | sess_d336caf16e9b | INFO | [team_leader] TeamPolicyRail static sections: section_names=['team_role', 'team_workflow', 'team_swarmflow', 'team_lifecycle', 'team_persona']
2026-08-10 09:37:50 | team | sess_d336caf16e9b | INFO | Session tables ready for session sess_d336caf16e9b
2026-08-10 09:37:50 | team | sess_d336caf16e9b | INFO | Team database initialized
2026-08-10 09:37:50 | team | default_trace_id | INFO | Team workspace directory ensured at /srv/jwteam_clone/shared/run_current
2026-08-10 09:37:50 | team | default_trace_id | INFO | AgentTeam manager initialized for jiuwen_team_sess_d336caf16e9b, member=verifier1
2026-08-10 09:37:50 | team | default_trace_id | INFO | [verifier1] TeamPolicyRail static sections: section_names=['team_role', 'team_persona']
2026-08-10 09:37:50 | team | sess_d336caf16e9b | INFO | [verifier1] invoke start, role=teammate
2026-08-10 09:37:50 | team | sess_d336caf16e9b | INFO | [verifier1] coordination starting
2026-08-10 09:37:50 | team | sess_d336caf16e9b | INFO | Session tables ready for session sess_d336caf16e9b
2026-08-10 09:37:50 | team | sess_d336caf16e9b | INFO | Workspace /srv/jwteam_clone/shared/run_current initialized as plain shared directory (version_control disabled)
2026-08-10 09:37:50 | team | sess_d336caf16e9b | INFO | EventBus[teammate] starting
2026-08-10 09:38:50 | team | sess_d336caf16e9b | INFO | [verifier1] HITT section refresh: human_agent_names=[]
2026-08-10 09:39:02 | team | sess_d336caf16e9b | INFO | [verifier1] processing 1 unread messages (steer=True)
2026-08-10 09:39:02 | team | sess_d336caf16e9b | INFO | Message 49136cf2-aa4b-415b-aee6-9fb259beb01f marked as read by verifier1
2026-08-10 09:39:19 | team | sess_d336caf16e9b | INFO | [verifier1] processing 1 unread messages (steer=True)
2026-08-10 09:39:19 | team | sess_d336caf16e9b | INFO | Message 2798ec8d-dfaa-4972-880a-38070e1396ae marked as read by verifier1
2026-08-10 09:39:42 | team | sess_d336caf16e9b | INFO | Message f67630a3-537c-4465-bf12-e412e81ce64b created
2026-08-10 09:39:42 | team | sess_d336caf16e9b | INFO | Message 035e9fa6-9fdb-4241-b48b-b820cf6a0683 created
2026-08-10 09:39:54 | team | sess_d336caf16e9b | INFO | [verifier1] processing 1 unread messages (steer=True)
2026-08-10 09:39:54 | team | sess_d336caf16e9b | INFO | Message f5a3fc0b-3201-4162-aab1-398f326e21b3 marked as read by verifier1
2026-08-10 09:39:56 | team | sess_d336caf16e9b | INFO | [verifier1] processing 1 unread messages (steer=True)
2026-08-10 09:39:56 | team | sess_d336caf16e9b | INFO | Message e1cc3722-5576-42c4-a183-0205954ab72e marked as read by verifier1
2026-08-10 09:41:07 | team | sess_d336caf16e9b | INFO | [verifier1] processing 1 unread messages (steer=True)
2026-08-10 09:41:07 | team | sess_d336caf16e9b | INFO | Message ee662fe6-0319-4883-ad18-0c684a0d2c85 marked as read by verifier1
2026-08-10 09:41:18 | team | sess_d336caf16e9b | INFO | Message f6e49a29-70b9-4154-9c6e-e74e1df4e552 created
2026-08-10 09:41:54 | team | sess_d336caf16e9b | INFO | [verifier1] processing 1 unread messages (steer=True)
2026-08-10 09:41:54 | team | sess_d336caf16e9b | INFO | Message 06ef28db-791e-4bec-a1fb-2f0063561214 marked as read by verifier1
2026-08-10 09:41:59 | team | sess_d336caf16e9b | INFO | [verifier1] processing 1 unread messages (steer=True)
2026-08-10 09:41:59 | team | sess_d336caf16e9b | INFO | Message 996dd598-4304-4833-b43a-49896604f344 marked as read by verifier1
2026-08-10 09:42:06 | team | sess_d336caf16e9b | INFO | Message 2af12e17-7a5a-4c25-b12f-002ed5638704 created
2026-08-10 09:42:11 | team | sess_d336caf16e9b | INFO | [verifier1] processing 1 unread messages (steer=True)
2026-08-10 09:42:11 | team | sess_d336caf16e9b | INFO | Message f835f868-47cc-4633-a216-8c598512789d marked as read by verifier1
2026-08-10 09:42:14 | team | sess_d336caf16e9b | INFO | Message 546ecdc6-ca98-484b-a460-00f754449231 created
2026-08-10 09:42:14 | team | sess_d336caf16e9b | INFO | Task audit claimed by member verifier1
2026-08-10 09:42:14 | team | sess_d336caf16e9b | INFO | Task audit claimed by member verifier1
2026-08-10 09:42:16 | team | sess_d336caf16e9b | INFO | [verifier1] processing 1 unread messages (steer=True)
2026-08-10 09:42:16 | team | sess_d336caf16e9b | INFO | Message 03458bc1-8f3d-48cd-8b15-dbb5336a74d1 marked as read by verifier1
2026-08-10 09:42:34 | team | sess_d336caf16e9b | INFO | Message 0040ff9b-1d00-4380-9cde-79ab912fe008 created
2026-08-10 09:42:53 | team | sess_d336caf16e9b | INFO | [verifier1] processing 1 unread messages (steer=True)
2026-08-10 09:42:53 | team | sess_d336caf16e9b | INFO | Message 5878291c-c326-4a9a-82f9-f6ace7b3cfdd marked as read by verifier1
2026-08-10 09:43:23 | team | sess_d336caf16e9b | INFO | Message 2f85ca7a-1d89-4bde-9706-e35d4070ac7c created
2026-08-10 09:43:29 | team | sess_d336caf16e9b | INFO | [verifier1] processing 1 unread messages (steer=True)
2026-08-10 09:43:29 | team | sess_d336caf16e9b | INFO | Message dd4fefa4-14ec-40de-b625-6a6b19dd91d8 marked as read by verifier1
2026-08-10 09:43:30 | team | sess_d336caf16e9b | INFO | Task audit completed at 1786351410803
2026-08-10 09:43:30 | team | sess_d336caf16e9b | INFO | Message 0a34f88c-695d-44f3-becf-609b58d02bb0 created
2026-08-10 09:43:30 | team | sess_d336caf16e9b | INFO | Task audit completed
2026-08-10 09:43:36 | team | sess_d336caf16e9b | INFO | [verifier1] processing 1 unread messages (steer=True)
2026-08-10 09:43:36 | team | sess_d336caf16e9b | INFO | Message 810c307a-a21d-4917-9179-525a97a64b31 marked as read by verifier1
2026-08-10 09:43:37 | team | sess_d336caf16e9b | INFO | Message 3ca56cb1-196d-4a7d-aa81-7b57d0ce7d94 created
2026-08-10 09:44:03 | team | sess_d336caf16e9b | INFO | [verifier1] processing 1 unread messages (steer=True)
2026-08-10 09:44:03 | team | sess_d336caf16e9b | INFO | Message fe9e373b-82c2-4ceb-9e9b-02db8688b019 marked as read by verifier1
2026-08-10 09:44:56 | team | sess_d336caf16e9b | INFO | [verifier1] processing 1 unread messages (steer=True)
2026-08-10 09:44:57 | team | sess_d336caf16e9b | INFO | Message 94916347-4314-4e8f-9521-454e01a07ad7 marked as read by verifier1
2026-08-10 09:45:11 | team | sess_d336caf16e9b | INFO | Message f3632a24-c646-4e8c-951d-8e96de3a476c created
2026-08-10 09:45:24 | team | sess_d336caf16e9b | INFO | [verifier1] processing 1 unread messages (steer=True)
2026-08-10 09:45:24 | team | sess_d336caf16e9b | INFO | Message 98e954be-dae9-47e3-98c1-8c727d25c1ff marked as read by verifier1
2026-08-10 09:45:24 | team | sess_d336caf16e9b | INFO | task list drained for team jiuwen_team_sess_d336caf16e9b: 6 terminal task(s)
2026-08-10 09:45:45 | team | sess_d336caf16e9b | INFO | [verifier1] processing 1 unread messages (steer=True)
2026-08-10 09:45:45 | team | sess_d336caf16e9b | INFO | Message cbee0547-d3bf-4481-a25d-8163969de09a marked as read by verifier1
2026-08-10 09:46:00 | team | sess_d336caf16e9b | INFO | team jiuwen_team_sess_d336caf16e9b reported completed: 9 members, 6 tasks
2026-08-10 09:46:00 | team | sess_d336caf16e9b | INFO | [verifier1] received TEAM_STANDBY, pausing polls
2026-08-10 09:46:00 | team | sess_d336caf16e9b | INFO | EventBus[teammate] pausing polls
