2026-08-10 09:37:47 | team | sess_d336caf16e9b | INFO | Team workspace directory ensured at /srv/jwteam_clone/shared/run_current
2026-08-10 09:37:47 | team | sess_d336caf16e9b | INFO | AgentTeam manager initialized for jiuwen_team_sess_d336caf16e9b, member=team_leader
2026-08-10 09:37:47 | team | sess_d336caf16e9b | INFO | [team_leader] TeamPolicyRail static sections: section_names=['team_role', 'team_workflow', 'team_swarmflow', 'team_lifecycle', 'team_persona']
2026-08-10 09:37:47 | team | sess_d336caf16e9b | INFO | Session tables ready for session sess_d336caf16e9b
2026-08-10 09:37:47 | team | sess_d336caf16e9b | INFO | Team database initialized
2026-08-10 09:37:47 | team | default_trace_id | INFO | Team workspace directory ensured at /srv/jwteam_clone/shared/run_current
2026-08-10 09:37:47 | team | default_trace_id | INFO | AgentTeam manager initialized for jiuwen_team_sess_d336caf16e9b, member=executor1
2026-08-10 09:37:47 | team | default_trace_id | INFO | [executor1] TeamPolicyRail static sections: section_names=['team_role', 'team_persona']
2026-08-10 09:37:47 | team | sess_d336caf16e9b | INFO | [executor1] invoke start, role=teammate
2026-08-10 09:37:47 | team | sess_d336caf16e9b | INFO | [executor1] coordination starting
2026-08-10 09:37:47 | team | sess_d336caf16e9b | INFO | Session tables ready for session sess_d336caf16e9b
2026-08-10 09:37:47 | team | sess_d336caf16e9b | INFO | Workspace /srv/jwteam_clone/shared/run_current initialized as plain shared directory (version_control disabled)
2026-08-10 09:37:47 | team | sess_d336caf16e9b | INFO | EventBus[teammate] starting
2026-08-10 09:38:50 | team | sess_d336caf16e9b | INFO | [executor1] HITT section refresh: human_agent_names=[]
2026-08-10 09:39:02 | team | sess_d336caf16e9b | INFO | [executor1] processing 1 unread messages (steer=True)
2026-08-10 09:39:02 | team | sess_d336caf16e9b | INFO | Message 49136cf2-aa4b-415b-aee6-9fb259beb01f marked as read by executor1
2026-08-10 09:40:00 | team | sess_d336caf16e9b | INFO | Message 99f04aa3-05a4-42e7-8627-6bab58b392b5 created
2026-08-10 09:40:01 | team | sess_d336caf16e9b | INFO | [executor1] processing 1 unread messages (steer=True)
2026-08-10 09:40:01 | team | sess_d336caf16e9b | INFO | Message a72a3c7f-f532-4813-abe0-17db8c94dafb marked as read by executor1
2026-08-10 09:40:09 | team | sess_d336caf16e9b | INFO | [executor1] processing 1 unread messages (steer=True)
2026-08-10 09:40:09 | team | sess_d336caf16e9b | INFO | Message b17f8de6-0242-4859-875f-9e33a12035b1 marked as read by executor1
2026-08-10 09:40:27 | team | sess_d336caf16e9b | INFO | [executor1] processing 1 unread messages (steer=True)
2026-08-10 09:40:27 | team | sess_d336caf16e9b | INFO | Message 6548a8ff-a107-42bc-be77-1c9b437b9494 marked as read by executor1
2026-08-10 09:40:30 | team | sess_d336caf16e9b | INFO | Message d3c8ec78-0938-4ca2-bfa0-b47ff0403865 created
2026-08-10 09:40:50 | team | sess_d336caf16e9b | INFO | Message 07c55526-49cc-47ca-a1ec-646ac8eef961 created
2026-08-10 09:40:57 | team | sess_d336caf16e9b | INFO | Task fix-nonce claimed by member executor1
2026-08-10 09:40:57 | team | sess_d336caf16e9b | INFO | Task fix-nonce claimed by member executor1
2026-08-10 09:41:01 | team | sess_d336caf16e9b | INFO | [executor1] processing 1 unread messages (steer=True)
2026-08-10 09:41:01 | team | sess_d336caf16e9b | INFO | Message 10f2f879-81cb-40df-834b-985319e299f7 marked as read by executor1
2026-08-10 09:41:05 | team | sess_d336caf16e9b | INFO | [executor1] processing 1 unread messages (steer=True)
2026-08-10 09:41:05 | team | sess_d336caf16e9b | INFO | Message d6d1b0c4-7037-4495-9d25-37228982d736 marked as read by executor1
2026-08-10 09:41:43 | team | sess_d336caf16e9b | INFO | Message c6734093-120d-4792-bae2-9baf3625fcc4 created
2026-08-10 09:41:51 | team | sess_d336caf16e9b | INFO | [executor1] processing 1 unread messages (steer=True)
2026-08-10 09:41:51 | team | sess_d336caf16e9b | INFO | Message 16208a2e-f224-437a-8ea1-585ea6aec6bd marked as read by executor1
2026-08-10 09:41:54 | team | sess_d336caf16e9b | INFO | Message bfa23865-4a61-4e93-8dc1-11f30aa6a09e created
2026-08-10 09:41:54 | team | sess_d336caf16e9b | INFO | Message 06ef28db-791e-4bec-a1fb-2f0063561214 created
2026-08-10 09:42:01 | team | sess_d336caf16e9b | INFO | Task fix-nonce completed at 1786351321114
2026-08-10 09:42:01 | team | sess_d336caf16e9b | INFO | Resolved 2 dependencies for task fix-nonce
2026-08-10 09:42:01 | team | sess_d336caf16e9b | INFO | Task audit unblocked (all deps resolved)
2026-08-10 09:42:01 | team | sess_d336caf16e9b | INFO | Task verify unblocked (all deps resolved)
2026-08-10 09:42:01 | team | sess_d336caf16e9b | INFO | Task fix-nonce completed
2026-08-10 09:42:01 | team | sess_d336caf16e9b | INFO | Unblocked 2 tasks
2026-08-10 09:42:06 | team | sess_d336caf16e9b | INFO | [executor1] processing 1 unread messages (steer=True)
2026-08-10 09:42:06 | team | sess_d336caf16e9b | INFO | Message 2af12e17-7a5a-4c25-b12f-002ed5638704 marked as read by executor1
2026-08-10 09:42:08 | team | sess_d336caf16e9b | INFO | Message cc30a3f2-a068-4f3f-bb0f-d33e29e49a57 created
2026-08-10 09:42:11 | team | sess_d336caf16e9b | INFO | [executor1] processing 1 unread messages (steer=True)
2026-08-10 09:42:11 | team | sess_d336caf16e9b | INFO | Message f835f868-47cc-4633-a216-8c598512789d marked as read by executor1
2026-08-10 09:42:20 | team | sess_d336caf16e9b | INFO | [executor1] processing 1 unread messages (steer=True)
2026-08-10 09:42:20 | team | sess_d336caf16e9b | INFO | Message 1159705c-f034-478f-bef1-c8222599d30b marked as read by executor1
2026-08-10 09:42:20 | team | sess_d336caf16e9b | INFO | [executor1] processing 1 unread messages (steer=True)
2026-08-10 09:42:20 | team | sess_d336caf16e9b | INFO | Message 53574703-ea67-491d-91f1-53c74e69acd7 marked as read by executor1
2026-08-10 09:45:24 | team | sess_d336caf16e9b | INFO | task list drained for team jiuwen_team_sess_d336caf16e9b: 6 terminal task(s)
2026-08-10 09:45:45 | team | sess_d336caf16e9b | INFO | [executor1] processing 1 unread messages (steer=True)
2026-08-10 09:45:45 | team | sess_d336caf16e9b | INFO | Message cbee0547-d3bf-4481-a25d-8163969de09a marked as read by executor1
2026-08-10 09:46:00 | team | sess_d336caf16e9b | INFO | team jiuwen_team_sess_d336caf16e9b reported completed: 9 members, 6 tasks
2026-08-10 09:46:00 | team | sess_d336caf16e9b | INFO | [executor1] received TEAM_STANDBY, pausing polls
2026-08-10 09:46:00 | team | sess_d336caf16e9b | INFO | EventBus[teammate] pausing polls
