2026-08-09 22:28:24 | team | sess_1047f870cb1c | INFO | Team workspace directory ensured at /srv/jwteam_clone/shared/run_current
2026-08-09 22:28:24 | team | sess_1047f870cb1c | INFO | AgentTeam manager initialized for jiuwen_team_sess_1047f870cb1c, member=team_leader
2026-08-09 22:28:24 | team | sess_1047f870cb1c | INFO | [team_leader] TeamPolicyRail static sections: section_names=['team_role', 'team_workflow', 'team_swarmflow', 'team_lifecycle', 'team_persona']
2026-08-09 22:28:25 | team | sess_1047f870cb1c | INFO | Session tables ready for session sess_1047f870cb1c
2026-08-09 22:28:25 | team | sess_1047f870cb1c | INFO | Team database initialized
2026-08-09 22:28:25 | team | default_trace_id | INFO | Team workspace directory ensured at /srv/jwteam_clone/shared/run_current
2026-08-09 22:28:25 | team | default_trace_id | INFO | AgentTeam manager initialized for jiuwen_team_sess_1047f870cb1c, member=verifier2
2026-08-09 22:28:25 | team | default_trace_id | INFO | [verifier2] TeamPolicyRail static sections: section_names=['team_role', 'team_persona']
2026-08-09 22:28:25 | team | sess_1047f870cb1c | INFO | [verifier2] invoke start, role=teammate
2026-08-09 22:28:25 | team | sess_1047f870cb1c | INFO | [verifier2] coordination starting
2026-08-09 22:28:25 | team | sess_1047f870cb1c | INFO | Session tables ready for session sess_1047f870cb1c
2026-08-09 22:28:25 | team | sess_1047f870cb1c | INFO | Workspace /srv/jwteam_clone/shared/run_current initialized as plain shared directory (version_control disabled)
2026-08-09 22:28:25 | team | sess_1047f870cb1c | INFO | EventBus[teammate] starting
2026-08-09 22:28:49 | team | sess_1047f870cb1c | INFO | [verifier2] HITT section refresh: human_agent_names=[]
2026-08-09 22:29:02 | team | sess_1047f870cb1c | INFO | [verifier2] processing 1 unread messages (steer=True)
2026-08-09 22:29:02 | team | sess_1047f870cb1c | INFO | Message 98f19d3c-503f-488e-9654-9fe33943ab73 marked as read by verifier2
2026-08-09 22:30:05 | team | sess_1047f870cb1c | INFO | Message e5e63e13-8668-4d8a-939b-5f1f91452a90 created
2026-08-09 22:30:39 | team | sess_1047f870cb1c | INFO | [verifier2] processing 1 unread messages (steer=True)
2026-08-09 22:30:39 | team | sess_1047f870cb1c | INFO | Message 09b66b53-d349-4975-aa54-2c4eba0aa331 marked as read by verifier2
2026-08-09 22:31:03 | team | sess_1047f870cb1c | INFO | Message 7aa93ae7-0b30-4f69-b7ea-e4f03502ecf7 created
2026-08-09 22:31:03 | team | sess_1047f870cb1c | INFO | Message 0344549b-efbe-4fb7-b805-715028192229 created
2026-08-09 22:31:10 | team | sess_1047f870cb1c | INFO | Message b960679c-90ef-408e-b4c2-f78498d422e3 created
2026-08-09 22:31:13 | team | sess_1047f870cb1c | INFO | [verifier2] processing 1 unread messages (steer=True)
2026-08-09 22:31:13 | team | sess_1047f870cb1c | INFO | Message 0b60f33c-a975-4d33-94da-300ea865c6e0 marked as read by verifier2
2026-08-09 22:31:14 | team | sess_1047f870cb1c | INFO | [verifier2] processing 1 unread messages (steer=True)
2026-08-09 22:31:14 | team | sess_1047f870cb1c | INFO | Message 7a511eb6-0bf9-450f-9403-ad37d9b36d5e marked as read by verifier2
2026-08-09 22:31:21 | team | sess_1047f870cb1c | INFO | Message 9a1ba2c5-7bcd-4c30-ad73-548ff6f6f200 created
2026-08-09 22:31:21 | team | sess_1047f870cb1c | INFO | Message 03b9c61d-0d7f-4759-96ae-3b4202094eed created
2026-08-09 22:33:09 | team | sess_1047f870cb1c | INFO | [verifier2] processing 1 unread messages (steer=True)
2026-08-09 22:33:09 | team | sess_1047f870cb1c | INFO | Message 9844869d-1f2c-4ed4-ad7e-35706ce22245 marked as read by verifier2
2026-08-09 22:33:28 | team | sess_1047f870cb1c | INFO | Message 1a44d566-6daf-4353-b5e7-3af937be5f3e created
2026-08-09 22:33:44 | team | sess_1047f870cb1c | INFO | [verifier2] processing 1 unread messages (steer=True)
2026-08-09 22:33:44 | team | sess_1047f870cb1c | INFO | Message fb62189b-6d23-4f7e-b978-21cd8c8f9d75 marked as read by verifier2
