2026-08-09 22:28:23 | team | sess_1047f870cb1c | INFO | Team workspace directory ensured at /srv/jwteam_clone/shared/run_current
2026-08-09 22:28:23 | team | sess_1047f870cb1c | INFO | AgentTeam manager initialized for jiuwen_team_sess_1047f870cb1c, member=team_leader
2026-08-09 22:28:23 | team | sess_1047f870cb1c | INFO | [team_leader] TeamPolicyRail static sections: section_names=['team_role', 'team_workflow', 'team_swarmflow', 'team_lifecycle', 'team_persona']
2026-08-09 22:28:23 | team | sess_1047f870cb1c | INFO | Session tables ready for session sess_1047f870cb1c
2026-08-09 22:28:23 | team | sess_1047f870cb1c | INFO | Team database initialized
2026-08-09 22:28:23 | team | default_trace_id | INFO | Team workspace directory ensured at /srv/jwteam_clone/shared/run_current
2026-08-09 22:28:23 | team | default_trace_id | INFO | AgentTeam manager initialized for jiuwen_team_sess_1047f870cb1c, member=executor3
2026-08-09 22:28:23 | team | default_trace_id | INFO | [executor3] TeamPolicyRail static sections: section_names=['team_role', 'team_persona']
2026-08-09 22:28:23 | team | sess_1047f870cb1c | INFO | [executor3] invoke start, role=teammate
2026-08-09 22:28:23 | team | sess_1047f870cb1c | INFO | [executor3] coordination starting
2026-08-09 22:28:23 | team | sess_1047f870cb1c | INFO | Session tables ready for session sess_1047f870cb1c
2026-08-09 22:28:23 | team | sess_1047f870cb1c | INFO | Workspace /srv/jwteam_clone/shared/run_current initialized as plain shared directory (version_control disabled)
2026-08-09 22:28:23 | team | sess_1047f870cb1c | INFO | EventBus[teammate] starting
2026-08-09 22:28:49 | team | sess_1047f870cb1c | INFO | [executor3] HITT section refresh: human_agent_names=[]
2026-08-09 22:29:02 | team | sess_1047f870cb1c | INFO | [executor3] processing 1 unread messages (steer=True)
2026-08-09 22:29:02 | team | sess_1047f870cb1c | INFO | Message 98f19d3c-503f-488e-9654-9fe33943ab73 marked as read by executor3
2026-08-09 22:29:49 | team | sess_1047f870cb1c | INFO | Message 9882d965-ad59-456a-9b84-fb9c584cd706 created
2026-08-09 22:31:03 | team | sess_1047f870cb1c | INFO | [executor3] processing 1 unread messages (steer=True)
2026-08-09 22:31:03 | team | sess_1047f870cb1c | INFO | Message 7aa93ae7-0b30-4f69-b7ea-e4f03502ecf7 marked as read by executor3
2026-08-09 22:31:14 | team | sess_1047f870cb1c | INFO | Message 7a511eb6-0bf9-450f-9403-ad37d9b36d5e created
2026-08-09 22:31:21 | team | sess_1047f870cb1c | INFO | [executor3] processing 1 unread messages (steer=True)
2026-08-09 22:31:21 | team | sess_1047f870cb1c | INFO | Message 9a1ba2c5-7bcd-4c30-ad73-548ff6f6f200 marked as read by executor3
2026-08-09 22:32:28 | team | sess_1047f870cb1c | INFO | [executor3] processing 1 unread messages (steer=True)
2026-08-09 22:32:28 | team | sess_1047f870cb1c | INFO | Message 38e90acb-dd87-478c-a40f-bebf7262d993 marked as read by executor3
2026-08-09 22:33:19 | team | sess_1047f870cb1c | INFO | [executor3] processing 1 unread messages (steer=True)
2026-08-09 22:33:19 | team | sess_1047f870cb1c | INFO | Message 1ab5530c-78d2-44c1-afbf-57641f99f836 marked as read by executor3
2026-08-09 22:33:35 | team | sess_1047f870cb1c | INFO | Message f23e99db-1421-4c45-b6cd-43ddb1cb69b2 created
2026-08-09 22:33:35 | team | sess_1047f870cb1c | INFO | Message a4ed3bcc-4b2b-4eaa-887e-8083a317b092 created
