2026-08-09 22:28:20 | team | sess_1047f870cb1c | INFO | Team workspace directory ensured at /srv/jwteam_clone/shared/run_current
2026-08-09 22:28:20 | team | sess_1047f870cb1c | INFO | AgentTeam manager initialized for jiuwen_team_sess_1047f870cb1c, member=team_leader
2026-08-09 22:28:20 | team | sess_1047f870cb1c | INFO | [team_leader] TeamPolicyRail static sections: section_names=['team_role', 'team_workflow', 'team_swarmflow', 'team_lifecycle', 'team_persona']
2026-08-09 22:28:20 | team | sess_1047f870cb1c | INFO | Session tables ready for session sess_1047f870cb1c
2026-08-09 22:28:20 | team | sess_1047f870cb1c | INFO | Team database initialized
2026-08-09 22:28:21 | team | default_trace_id | INFO | Team workspace directory ensured at /srv/jwteam_clone/shared/run_current
2026-08-09 22:28:21 | team | default_trace_id | INFO | AgentTeam manager initialized for jiuwen_team_sess_1047f870cb1c, member=planner1
2026-08-09 22:28:21 | team | default_trace_id | INFO | [planner1] TeamPolicyRail static sections: section_names=['team_role', 'team_persona']
2026-08-09 22:28:21 | team | sess_1047f870cb1c | INFO | [planner1] invoke start, role=teammate
2026-08-09 22:28:21 | team | sess_1047f870cb1c | INFO | [planner1] coordination starting
2026-08-09 22:28:21 | team | sess_1047f870cb1c | INFO | Session tables ready for session sess_1047f870cb1c
2026-08-09 22:28:21 | team | sess_1047f870cb1c | INFO | Workspace /srv/jwteam_clone/shared/run_current initialized as plain shared directory (version_control disabled)
2026-08-09 22:28:21 | team | sess_1047f870cb1c | INFO | EventBus[teammate] starting
2026-08-09 22:28:49 | team | sess_1047f870cb1c | INFO | [planner1] HITT section refresh: human_agent_names=[]
2026-08-09 22:28:59 | team | sess_1047f870cb1c | INFO | Task plan claimed by member planner1
2026-08-09 22:28:59 | team | sess_1047f870cb1c | INFO | Task plan claimed by member planner1
2026-08-09 22:29:02 | team | sess_1047f870cb1c | INFO | [planner1] processing 1 unread messages (steer=True)
2026-08-09 22:29:02 | team | sess_1047f870cb1c | INFO | Message 98f19d3c-503f-488e-9654-9fe33943ab73 marked as read by planner1
2026-08-09 22:29:30 | team | sess_1047f870cb1c | INFO | [planner1] processing 1 unread messages (steer=True)
2026-08-09 22:29:30 | team | sess_1047f870cb1c | INFO | Message c68d0514-6160-43a1-a3db-2e4d5fe228a9 marked as read by planner1
2026-08-09 22:29:50 | team | sess_1047f870cb1c | INFO | [planner1] processing 1 unread messages (steer=True)
2026-08-09 22:29:50 | team | sess_1047f870cb1c | INFO | Message d41bc00c-c10c-481e-bcb7-f60c73c0cfca marked as read by planner1
2026-08-09 22:29:56 | team | sess_1047f870cb1c | INFO | Message 76c2cbb6-e673-47f2-b825-8efbd593d307 created
2026-08-09 22:30:13 | team | sess_1047f870cb1c | INFO | [planner1] processing 1 unread messages (steer=True)
2026-08-09 22:30:13 | team | sess_1047f870cb1c | INFO | Message 0782dec4-dac5-4d7f-9a8a-b966c26100c6 marked as read by planner1
2026-08-09 22:30:23 | team | sess_1047f870cb1c | INFO | [planner1] processing 1 unread messages (steer=True)
2026-08-09 22:30:23 | team | sess_1047f870cb1c | INFO | Message d88e14de-23cd-44eb-b391-cc792b18d7f8 marked as read by planner1
2026-08-09 22:30:41 | team | sess_1047f870cb1c | INFO | Message e5a9632c-2a38-4fa9-864d-6edfee2e06af created
2026-08-09 22:30:54 | team | sess_1047f870cb1c | INFO | [planner1] processing 1 unread messages (steer=True)
2026-08-09 22:30:54 | team | sess_1047f870cb1c | INFO | Message 75be178f-831d-4cd9-9a27-4b736c2de63c marked as read by planner1
2026-08-09 22:31:06 | team | sess_1047f870cb1c | INFO | Message 3db3eca0-47c0-459c-b125-0633a1376b6c created
2026-08-09 22:31:18 | team | sess_1047f870cb1c | INFO | Message 757d15c7-b0cf-42ba-a523-a0ce0ee6f4e2 created
2026-08-09 22:31:57 | team | sess_1047f870cb1c | INFO | [planner1] processing 1 unread messages (steer=True)
2026-08-09 22:31:57 | team | sess_1047f870cb1c | INFO | Message 0348f006-7818-4b23-bb7f-c23c760ca6bb marked as read by planner1
