2026-08-09 22:28:25 | team | sess_1047f870cb1c | INFO | Team workspace directory ensured at /srv/jwteam_clone/shared/run_current
2026-08-09 22:28:25 | team | sess_1047f870cb1c | INFO | AgentTeam manager initialized for jiuwen_team_sess_1047f870cb1c, member=team_leader
2026-08-09 22:28:25 | team | sess_1047f870cb1c | INFO | [team_leader] TeamPolicyRail static sections: section_names=['team_role', 'team_workflow', 'team_swarmflow', 'team_lifecycle', 'team_persona']
2026-08-09 22:28:25 | team | sess_1047f870cb1c | INFO | Session tables ready for session sess_1047f870cb1c
2026-08-09 22:28:25 | team | sess_1047f870cb1c | INFO | Team database initialized
2026-08-09 22:28:25 | team | default_trace_id | INFO | Team workspace directory ensured at /srv/jwteam_clone/shared/run_current
2026-08-09 22:28:25 | team | default_trace_id | INFO | AgentTeam manager initialized for jiuwen_team_sess_1047f870cb1c, member=fullstack1
2026-08-09 22:28:25 | team | default_trace_id | INFO | [fullstack1] TeamPolicyRail static sections: section_names=['team_role', 'team_persona']
2026-08-09 22:28:25 | team | sess_1047f870cb1c | INFO | [fullstack1] invoke start, role=teammate
2026-08-09 22:28:25 | team | sess_1047f870cb1c | INFO | [fullstack1] coordination starting
2026-08-09 22:28:25 | team | sess_1047f870cb1c | INFO | Session tables ready for session sess_1047f870cb1c
2026-08-09 22:28:25 | team | sess_1047f870cb1c | INFO | Workspace /srv/jwteam_clone/shared/run_current initialized as plain shared directory (version_control disabled)
2026-08-09 22:28:25 | team | sess_1047f870cb1c | INFO | EventBus[teammate] starting
2026-08-09 22:28:49 | team | sess_1047f870cb1c | INFO | [fullstack1] HITT section refresh: human_agent_names=[]
2026-08-09 22:29:02 | team | sess_1047f870cb1c | INFO | [fullstack1] processing 1 unread messages (steer=True)
2026-08-09 22:29:02 | team | sess_1047f870cb1c | INFO | Message 98f19d3c-503f-488e-9654-9fe33943ab73 marked as read by fullstack1
2026-08-09 22:32:39 | team | sess_1047f870cb1c | INFO | Task implement_zone_b claimed by member fullstack1
2026-08-09 22:32:39 | team | sess_1047f870cb1c | INFO | Task implement_zone_b claimed by member fullstack1
2026-08-09 22:33:05 | team | sess_1047f870cb1c | INFO | [fullstack1] processing 1 unread messages (steer=True)
2026-08-09 22:33:05 | team | sess_1047f870cb1c | INFO | Message 82b29ee2-9d06-46ac-bcdc-e76b98c1c33f marked as read by fullstack1
2026-08-09 22:33:19 | team | sess_1047f870cb1c | INFO | Message 1ab5530c-78d2-44c1-afbf-57641f99f836 created
2026-08-09 22:33:24 | team | sess_1047f870cb1c | INFO | [fullstack1] processing 1 unread messages (steer=True)
2026-08-09 22:33:24 | team | sess_1047f870cb1c | INFO | Message d5abbda5-f345-4f97-bdb8-a33645584223 marked as read by fullstack1
2026-08-09 22:33:35 | team | sess_1047f870cb1c | INFO | [fullstack1] processing 1 unread messages (steer=True)
2026-08-09 22:33:35 | team | sess_1047f870cb1c | INFO | Message f23e99db-1421-4c45-b6cd-43ddb1cb69b2 marked as read by fullstack1
2026-08-09 22:34:45 | team | sess_1047f870cb1c | INFO | Message 5abeba6c-8fa9-4301-9a7e-0f25d367a4b7 created
2026-08-09 22:35:00 | team | sess_1047f870cb1c | INFO | Message 48ac727e-d549-482d-8230-fa0b09e7bb25 created
2026-08-09 22:35:08 | team | sess_1047f870cb1c | INFO | [fullstack1] processing 1 unread messages (steer=True)
2026-08-09 22:35:08 | team | sess_1047f870cb1c | INFO | Message 95df56f8-163e-4dfc-a806-52623e7173f8 marked as read by fullstack1
2026-08-09 22:35:30 | team | sess_1047f870cb1c | INFO | Message b634bbe5-5619-4e60-9bbc-eb0a839e7f32 created
2026-08-09 22:35:34 | team | sess_1047f870cb1c | INFO | Task implement_zone_b completed at 1786311334460
2026-08-09 22:35:34 | team | sess_1047f870cb1c | INFO | Resolved 1 dependencies for task implement_zone_b
2026-08-09 22:35:34 | team | sess_1047f870cb1c | INFO | Task implement_zone_b completed
2026-08-09 22:35:39 | team | sess_1047f870cb1c | INFO | [fullstack1] processing 1 unread messages (steer=True)
2026-08-09 22:35:39 | team | sess_1047f870cb1c | INFO | Message 763e9c9b-db93-4969-a9ce-24deaf3879df marked as read by fullstack1
2026-08-09 22:35:43 | team | sess_1047f870cb1c | INFO | Message e04d999d-c3ad-4a53-917e-70f8213f7c01 created
