2026-08-09 22:28:22 | team | sess_1047f870cb1c | INFO | Team workspace directory ensured at /srv/jwteam_clone/shared/run_current
2026-08-09 22:28:22 | team | sess_1047f870cb1c | INFO | AgentTeam manager initialized for jiuwen_team_sess_1047f870cb1c, member=team_leader
2026-08-09 22:28:22 | team | sess_1047f870cb1c | INFO | [team_leader] TeamPolicyRail static sections: section_names=['team_role', 'team_workflow', 'team_swarmflow', 'team_lifecycle', 'team_persona']
2026-08-09 22:28:23 | team | sess_1047f870cb1c | INFO | Session tables ready for session sess_1047f870cb1c
2026-08-09 22:28:23 | team | sess_1047f870cb1c | INFO | Team database initialized
2026-08-09 22:28:23 | team | default_trace_id | INFO | Team workspace directory ensured at /srv/jwteam_clone/shared/run_current
2026-08-09 22:28:23 | team | default_trace_id | INFO | AgentTeam manager initialized for jiuwen_team_sess_1047f870cb1c, member=executor2
2026-08-09 22:28:23 | team | default_trace_id | INFO | [executor2] TeamPolicyRail static sections: section_names=['team_role', 'team_persona']
2026-08-09 22:28:23 | team | sess_1047f870cb1c | INFO | [executor2] invoke start, role=teammate
2026-08-09 22:28:23 | team | sess_1047f870cb1c | INFO | [executor2] coordination starting
2026-08-09 22:28:23 | team | sess_1047f870cb1c | INFO | Session tables ready for session sess_1047f870cb1c
2026-08-09 22:28:23 | team | sess_1047f870cb1c | INFO | Workspace /srv/jwteam_clone/shared/run_current initialized as plain shared directory (version_control disabled)
2026-08-09 22:28:23 | team | sess_1047f870cb1c | INFO | EventBus[teammate] starting
2026-08-09 22:28:49 | team | sess_1047f870cb1c | INFO | [executor2] HITT section refresh: human_agent_names=[]
2026-08-09 22:29:02 | team | sess_1047f870cb1c | INFO | [executor2] processing 1 unread messages (steer=True)
2026-08-09 22:29:02 | team | sess_1047f870cb1c | INFO | Message 98f19d3c-503f-488e-9654-9fe33943ab73 marked as read by executor2
2026-08-09 22:33:03 | team | sess_1047f870cb1c | INFO | Message 1903313a-cc7d-4656-8fb6-3232e5186944 created
2026-08-09 22:33:38 | team | sess_1047f870cb1c | INFO | [executor2] processing 1 unread messages (steer=True)
2026-08-09 22:33:38 | team | sess_1047f870cb1c | INFO | Message 67106081-6230-4f6b-8770-c2a96404de0d marked as read by executor2
2026-08-09 22:33:48 | team | sess_1047f870cb1c | INFO | Message 54f5a1b3-723b-4bfc-8a0a-52a66d8b5f0b created
