2026-08-09 22:28:22 | team | sess_1047f870cb1c | INFO | Team workspace directory ensured at /srv/jwteam_clone/shared/run_current
2026-08-09 22:28:22 | team | sess_1047f870cb1c | INFO | AgentTeam manager initialized for jiuwen_team_sess_1047f870cb1c, member=team_leader
2026-08-09 22:28:22 | team | sess_1047f870cb1c | INFO | [team_leader] TeamPolicyRail static sections: section_names=['team_role', 'team_workflow', 'team_swarmflow', 'team_lifecycle', 'team_persona']
2026-08-09 22:28:22 | team | sess_1047f870cb1c | INFO | Session tables ready for session sess_1047f870cb1c
2026-08-09 22:28:22 | team | sess_1047f870cb1c | INFO | Team database initialized
2026-08-09 22:28:22 | team | default_trace_id | INFO | Team workspace directory ensured at /srv/jwteam_clone/shared/run_current
2026-08-09 22:28:22 | team | default_trace_id | INFO | AgentTeam manager initialized for jiuwen_team_sess_1047f870cb1c, member=executor1
2026-08-09 22:28:22 | team | default_trace_id | INFO | [executor1] TeamPolicyRail static sections: section_names=['team_role', 'team_persona']
2026-08-09 22:28:22 | team | sess_1047f870cb1c | INFO | [executor1] invoke start, role=teammate
2026-08-09 22:28:22 | team | sess_1047f870cb1c | INFO | [executor1] coordination starting
2026-08-09 22:28:22 | team | sess_1047f870cb1c | INFO | Session tables ready for session sess_1047f870cb1c
2026-08-09 22:28:22 | team | sess_1047f870cb1c | INFO | Workspace /srv/jwteam_clone/shared/run_current initialized as plain shared directory (version_control disabled)
2026-08-09 22:28:22 | team | sess_1047f870cb1c | INFO | EventBus[teammate] starting
2026-08-09 22:28:49 | team | sess_1047f870cb1c | INFO | [executor1] HITT section refresh: human_agent_names=[]
2026-08-09 22:29:02 | team | sess_1047f870cb1c | INFO | [executor1] processing 1 unread messages (steer=True)
2026-08-09 22:29:02 | team | sess_1047f870cb1c | INFO | Message 98f19d3c-503f-488e-9654-9fe33943ab73 marked as read by executor1
2026-08-09 22:31:03 | team | sess_1047f870cb1c | INFO | [executor1] processing 1 unread messages (steer=True)
2026-08-09 22:31:03 | team | sess_1047f870cb1c | INFO | Message 0344549b-efbe-4fb7-b805-715028192229 marked as read by executor1
2026-08-09 22:31:13 | team | sess_1047f870cb1c | INFO | Message 0b60f33c-a975-4d33-94da-300ea865c6e0 created
2026-08-09 22:31:21 | team | sess_1047f870cb1c | INFO | [executor1] processing 1 unread messages (steer=True)
2026-08-09 22:31:21 | team | sess_1047f870cb1c | INFO | Message 03b9c61d-0d7f-4759-96ae-3b4202094eed marked as read by executor1
2026-08-09 22:31:49 | team | sess_1047f870cb1c | INFO | [executor1] processing 1 unread messages (steer=True)
2026-08-09 22:31:49 | team | sess_1047f870cb1c | INFO | Message 44b55678-e564-4528-a11d-8b5e270b629b marked as read by executor1
2026-08-09 22:32:35 | team | sess_1047f870cb1c | INFO | Message de25d380-5ee2-48b8-9b8f-a620de0cbbdd created
2026-08-09 22:32:42 | team | sess_1047f870cb1c | INFO | Task implement_zone_a claimed by member executor1
2026-08-09 22:32:42 | team | sess_1047f870cb1c | INFO | Task implement_zone_a claimed by member executor1
2026-08-09 22:33:03 | team | sess_1047f870cb1c | INFO | [executor1] processing 1 unread messages (steer=True)
2026-08-09 22:33:03 | team | sess_1047f870cb1c | INFO | Message 1903313a-cc7d-4656-8fb6-3232e5186944 marked as read by executor1
2026-08-09 22:33:09 | team | sess_1047f870cb1c | INFO | [executor1] processing 1 unread messages (steer=True)
2026-08-09 22:33:09 | team | sess_1047f870cb1c | INFO | Message 6a07dca8-d2cf-4caa-ba89-5e011ad4f3d2 marked as read by executor1
2026-08-09 22:33:38 | team | sess_1047f870cb1c | INFO | Message 67106081-6230-4f6b-8770-c2a96404de0d created
2026-08-09 22:33:38 | team | sess_1047f870cb1c | INFO | Message cb48a2a5-6833-4064-9b99-7bb6462c3866 created
2026-08-09 22:33:44 | team | sess_1047f870cb1c | INFO | [executor1] processing 1 unread messages (steer=True)
2026-08-09 22:33:44 | team | sess_1047f870cb1c | INFO | Message f9be5113-883e-4f6c-a396-cef39bb09b07 marked as read by executor1
2026-08-09 22:33:48 | team | sess_1047f870cb1c | INFO | [executor1] processing 1 unread messages (steer=True)
2026-08-09 22:33:48 | team | sess_1047f870cb1c | INFO | Message 54f5a1b3-723b-4bfc-8a0a-52a66d8b5f0b marked as read by executor1
2026-08-09 22:33:52 | team | sess_1047f870cb1c | INFO | [executor1] processing 1 unread messages (steer=True)
2026-08-09 22:33:52 | team | sess_1047f870cb1c | INFO | Message cf843eb6-0274-4a60-95f6-d2fa49eb1cf3 marked as read by executor1
2026-08-09 22:34:45 | team | sess_1047f870cb1c | INFO | [executor1] processing 1 unread messages (steer=True)
2026-08-09 22:34:45 | team | sess_1047f870cb1c | INFO | Message 5abeba6c-8fa9-4301-9a7e-0f25d367a4b7 marked as read by executor1
