2026-08-09 22:28:21 | team | sess_1047f870cb1c | INFO | Team workspace directory ensured at /srv/jwteam_clone/shared/run_current
2026-08-09 22:28:21 | team | sess_1047f870cb1c | INFO | AgentTeam manager initialized for jiuwen_team_sess_1047f870cb1c, member=team_leader
2026-08-09 22:28:21 | team | sess_1047f870cb1c | INFO | [team_leader] TeamPolicyRail static sections: section_names=['team_role', 'team_workflow', 'team_swarmflow', 'team_lifecycle', 'team_persona']
2026-08-09 22:28:21 | team | sess_1047f870cb1c | INFO | Session tables ready for session sess_1047f870cb1c
2026-08-09 22:28:21 | team | sess_1047f870cb1c | INFO | Team database initialized
2026-08-09 22:28:21 | team | default_trace_id | INFO | Team workspace directory ensured at /srv/jwteam_clone/shared/run_current
2026-08-09 22:28:21 | team | default_trace_id | INFO | AgentTeam manager initialized for jiuwen_team_sess_1047f870cb1c, member=planner2
2026-08-09 22:28:21 | team | default_trace_id | INFO | [planner2] TeamPolicyRail static sections: section_names=['team_role', 'team_persona']
2026-08-09 22:28:21 | team | sess_1047f870cb1c | INFO | [planner2] invoke start, role=teammate
2026-08-09 22:28:21 | team | sess_1047f870cb1c | INFO | [planner2] coordination starting
2026-08-09 22:28:21 | team | sess_1047f870cb1c | INFO | Session tables ready for session sess_1047f870cb1c
2026-08-09 22:28:21 | team | sess_1047f870cb1c | INFO | Workspace /srv/jwteam_clone/shared/run_current initialized as plain shared directory (version_control disabled)
2026-08-09 22:28:21 | team | sess_1047f870cb1c | INFO | EventBus[teammate] starting
2026-08-09 22:28:49 | team | sess_1047f870cb1c | INFO | [planner2] HITT section refresh: human_agent_names=[]
2026-08-09 22:29:02 | team | sess_1047f870cb1c | INFO | [planner2] processing 1 unread messages (steer=True)
2026-08-09 22:29:02 | team | sess_1047f870cb1c | INFO | Message 98f19d3c-503f-488e-9654-9fe33943ab73 marked as read by planner2
2026-08-09 22:29:30 | team | sess_1047f870cb1c | INFO | Message c68d0514-6160-43a1-a3db-2e4d5fe228a9 created
2026-08-09 22:29:50 | team | sess_1047f870cb1c | INFO | Message d41bc00c-c10c-481e-bcb7-f60c73c0cfca created
2026-08-09 22:29:56 | team | sess_1047f870cb1c | INFO | Message 5403ff26-51b8-449a-991b-c8d0e75e749e created
2026-08-09 22:29:56 | team | sess_1047f870cb1c | INFO | [planner2] processing 1 unread messages (steer=True)
2026-08-09 22:29:56 | team | sess_1047f870cb1c | INFO | Message 76c2cbb6-e673-47f2-b825-8efbd593d307 marked as read by planner2
2026-08-09 22:30:23 | team | sess_1047f870cb1c | INFO | Message d88e14de-23cd-44eb-b391-cc792b18d7f8 created
2026-08-09 22:30:28 | team | sess_1047f870cb1c | INFO | Task plan claimed by member planner2
2026-08-09 22:30:28 | team | sess_1047f870cb1c | INFO | Task plan claimed by member planner2
2026-08-09 22:30:39 | team | sess_1047f870cb1c | INFO | [planner2] processing 1 unread messages (steer=True)
2026-08-09 22:30:39 | team | sess_1047f870cb1c | INFO | Message 690ea2f4-c5c5-49fa-a952-8fd8268b63e7 marked as read by planner2
2026-08-09 22:30:41 | team | sess_1047f870cb1c | INFO | [planner2] processing 1 unread messages (steer=True)
2026-08-09 22:30:41 | team | sess_1047f870cb1c | INFO | Message e5a9632c-2a38-4fa9-864d-6edfee2e06af marked as read by planner2
2026-08-09 22:30:54 | team | sess_1047f870cb1c | INFO | Message 75be178f-831d-4cd9-9a27-4b736c2de63c created
2026-08-09 22:30:54 | team | sess_1047f870cb1c | INFO | Message 27562ecd-d0ab-47ce-b715-8d79fbbc3ac3 created
2026-08-09 22:31:06 | team | sess_1047f870cb1c | INFO | [planner2] processing 1 unread messages (steer=True)
2026-08-09 22:31:06 | team | sess_1047f870cb1c | INFO | Message 3db3eca0-47c0-459c-b125-0633a1376b6c marked as read by planner2
2026-08-09 22:31:49 | team | sess_1047f870cb1c | INFO | Message 44b55678-e564-4528-a11d-8b5e270b629b created
2026-08-09 22:31:56 | team | sess_1047f870cb1c | INFO | Message 0348f006-7818-4b23-bb7f-c23c760ca6bb created
2026-08-09 22:32:28 | team | sess_1047f870cb1c | INFO | Message 38e90acb-dd87-478c-a40f-bebf7262d993 created
2026-08-09 22:32:33 | team | sess_1047f870cb1c | INFO | Task plan completed at 1786311153591
2026-08-09 22:32:33 | team | sess_1047f870cb1c | INFO | Resolved 2 dependencies for task plan
2026-08-09 22:32:33 | team | sess_1047f870cb1c | INFO | Task implement_zone_a unblocked (all deps resolved)
2026-08-09 22:32:33 | team | sess_1047f870cb1c | INFO | Task implement_zone_b unblocked (all deps resolved)
2026-08-09 22:32:33 | team | sess_1047f870cb1c | INFO | Task plan completed
2026-08-09 22:32:33 | team | sess_1047f870cb1c | INFO | Unblocked 2 tasks
2026-08-09 22:32:35 | team | sess_1047f870cb1c | INFO | [planner2] processing 1 unread messages (steer=True)
2026-08-09 22:32:35 | team | sess_1047f870cb1c | INFO | Message de25d380-5ee2-48b8-9b8f-a620de0cbbdd marked as read by planner2
2026-08-09 22:32:42 | team | sess_1047f870cb1c | INFO | Message ea7f8acb-59fa-44e1-bc71-335b9a63a9e6 created
2026-08-09 22:33:05 | team | sess_1047f870cb1c | INFO | [planner2] processing 1 unread messages (steer=True)
2026-08-09 22:33:05 | team | sess_1047f870cb1c | INFO | Message 70f8246c-b1ab-4ea9-bc2f-8a6811c6460b marked as read by planner2
2026-08-09 22:33:09 | team | sess_1047f870cb1c | INFO | Message 9844869d-1f2c-4ed4-ad7e-35706ce22245 created
2026-08-09 22:33:09 | team | sess_1047f870cb1c | INFO | Message 6a07dca8-d2cf-4caa-ba89-5e011ad4f3d2 created
2026-08-09 22:33:24 | team | sess_1047f870cb1c | INFO | Message d5abbda5-f345-4f97-bdb8-a33645584223 created
2026-08-09 22:33:24 | team | sess_1047f870cb1c | INFO | Message 63f9774e-8b38-45eb-b063-c2086f3682a2 created
2026-08-09 22:33:28 | team | sess_1047f870cb1c | INFO | [planner2] processing 1 unread messages (steer=True)
2026-08-09 22:33:28 | team | sess_1047f870cb1c | INFO | Message 1a44d566-6daf-4353-b5e7-3af937be5f3e marked as read by planner2
2026-08-09 22:33:38 | team | sess_1047f870cb1c | INFO | [planner2] processing 1 unread messages (steer=True)
2026-08-09 22:33:38 | team | sess_1047f870cb1c | INFO | Message cb48a2a5-6833-4064-9b99-7bb6462c3866 marked as read by planner2
2026-08-09 22:33:44 | team | sess_1047f870cb1c | INFO | Message fb62189b-6d23-4f7e-b978-21cd8c8f9d75 created
2026-08-09 22:33:44 | team | sess_1047f870cb1c | INFO | Message f9be5113-883e-4f6c-a396-cef39bb09b07 created
2026-08-09 22:33:52 | team | sess_1047f870cb1c | INFO | Message cf843eb6-0274-4a60-95f6-d2fa49eb1cf3 created
2026-08-09 22:35:00 | team | sess_1047f870cb1c | INFO | [planner2] processing 1 unread messages (steer=True)
2026-08-09 22:35:00 | team | sess_1047f870cb1c | INFO | Message 48ac727e-d549-482d-8230-fa0b09e7bb25 marked as read by planner2
2026-08-09 22:35:08 | team | sess_1047f870cb1c | INFO | Message 95df56f8-163e-4dfc-a806-52623e7173f8 created
