2026-08-08 12:05:12 | team | sess_364f51821427 | INFO | Team workspace directory ensured at /srv/jwteam_clone/shared/run_current
2026-08-08 12:05:12 | team | sess_364f51821427 | INFO | AgentTeam manager initialized for jiuwen_team_sess_364f51821427, member=team_leader
2026-08-08 12:05:12 | team | sess_364f51821427 | INFO | [team_leader] TeamPolicyRail static sections: section_names=['team_role', 'team_workflow', 'team_swarmflow', 'team_lifecycle', 'team_persona']
2026-08-08 12:05:12 | team | sess_364f51821427 | INFO | Session tables ready for session sess_364f51821427
2026-08-08 12:05:12 | team | sess_364f51821427 | INFO | Team database initialized
2026-08-08 12:05:12 | team | default_trace_id | INFO | Team workspace directory ensured at /srv/jwteam_clone/shared/run_current
2026-08-08 12:05:12 | team | default_trace_id | INFO | AgentTeam manager initialized for jiuwen_team_sess_364f51821427, member=executor1
2026-08-08 12:05:12 | team | default_trace_id | INFO | [executor1] TeamPolicyRail static sections: section_names=['team_role', 'team_persona']
2026-08-08 12:05:12 | team | sess_364f51821427 | INFO | [executor1] invoke start, role=teammate
2026-08-08 12:05:12 | team | sess_364f51821427 | INFO | [executor1] coordination starting
2026-08-08 12:05:12 | team | sess_364f51821427 | INFO | Session tables ready for session sess_364f51821427
2026-08-08 12:05:12 | team | sess_364f51821427 | INFO | Workspace /srv/jwteam_clone/shared/run_current initialized as plain shared directory (version_control disabled)
2026-08-08 12:05:12 | team | sess_364f51821427 | INFO | EventBus[teammate] starting
2026-08-08 12:05:39 | team | sess_364f51821427 | INFO | [executor1] HITT section refresh: human_agent_names=[]
2026-08-08 12:05:49 | team | sess_364f51821427 | INFO | [executor1] processing 1 unread messages (steer=True)
2026-08-08 12:05:49 | team | sess_364f51821427 | INFO | Message cfdcda3c-a65b-4d37-8e6e-e92f1c2569d4 marked as read by executor1
2026-08-08 12:06:35 | team | sess_364f51821427 | INFO | [executor1] processing 1 unread messages (steer=True)
2026-08-08 12:06:35 | team | sess_364f51821427 | INFO | Message d839959f-1eb9-4f79-9e78-19907c67f5e9 marked as read by executor1
2026-08-08 12:07:15 | team | sess_364f51821427 | INFO | Message 542ce509-e48b-40ab-b95e-073f8c60c78d created
2026-08-08 12:07:23 | team | sess_364f51821427 | INFO | Message 17dbad0e-dbaa-4a8b-9a66-1c127776d9d9 created
2026-08-08 12:07:29 | team | sess_364f51821427 | INFO | [executor1] processing 1 unread messages (steer=True)
2026-08-08 12:07:29 | team | sess_364f51821427 | INFO | Message 379955fc-b55f-4298-a898-43a8a9203c09 marked as read by executor1
2026-08-08 12:09:49 | team | sess_364f51821427 | INFO | task list drained for team jiuwen_team_sess_364f51821427: 3 terminal task(s)
2026-08-08 12:10:03 | team | sess_364f51821427 | INFO | [executor1] processing 1 unread messages (steer=True)
2026-08-08 12:10:03 | team | sess_364f51821427 | INFO | Message c2ed219a-a0d2-40d9-8ac4-22845a4ae810 marked as read by executor1
2026-08-08 12:10:18 | team | sess_364f51821427 | INFO | team jiuwen_team_sess_364f51821427 reported completed: 9 members, 3 tasks
2026-08-08 12:10:18 | team | sess_364f51821427 | INFO | [executor1] received TEAM_STANDBY, pausing polls
2026-08-08 12:10:18 | team | sess_364f51821427 | INFO | EventBus[teammate] pausing polls
