2026-08-08 12:05:13 | team | sess_364f51821427 | INFO | Team workspace directory ensured at /srv/jwteam_clone/shared/run_current
2026-08-08 12:05:13 | team | sess_364f51821427 | INFO | AgentTeam manager initialized for jiuwen_team_sess_364f51821427, member=team_leader
2026-08-08 12:05:13 | team | sess_364f51821427 | INFO | [team_leader] TeamPolicyRail static sections: section_names=['team_role', 'team_workflow', 'team_swarmflow', 'team_lifecycle', 'team_persona']
2026-08-08 12:05:13 | team | sess_364f51821427 | INFO | Session tables ready for session sess_364f51821427
2026-08-08 12:05:13 | team | sess_364f51821427 | INFO | Team database initialized
2026-08-08 12:05:13 | team | default_trace_id | INFO | Team workspace directory ensured at /srv/jwteam_clone/shared/run_current
2026-08-08 12:05:13 | team | default_trace_id | INFO | AgentTeam manager initialized for jiuwen_team_sess_364f51821427, member=executor2
2026-08-08 12:05:13 | team | default_trace_id | INFO | [executor2] TeamPolicyRail static sections: section_names=['team_role', 'team_persona']
2026-08-08 12:05:13 | team | sess_364f51821427 | INFO | [executor2] invoke start, role=teammate
2026-08-08 12:05:13 | team | sess_364f51821427 | INFO | [executor2] coordination starting
2026-08-08 12:05:13 | team | sess_364f51821427 | INFO | Session tables ready for session sess_364f51821427
2026-08-08 12:05:13 | team | sess_364f51821427 | INFO | Workspace /srv/jwteam_clone/shared/run_current initialized as plain shared directory (version_control disabled)
2026-08-08 12:05:13 | team | sess_364f51821427 | INFO | EventBus[teammate] starting
2026-08-08 12:05:39 | team | sess_364f51821427 | INFO | [executor2] HITT section refresh: human_agent_names=[]
2026-08-08 12:05:49 | team | sess_364f51821427 | INFO | [executor2] processing 1 unread messages (steer=True)
2026-08-08 12:05:49 | team | sess_364f51821427 | INFO | Message cfdcda3c-a65b-4d37-8e6e-e92f1c2569d4 marked as read by executor2
2026-08-08 12:06:52 | team | sess_364f51821427 | INFO | Task implement claimed by member executor2
2026-08-08 12:06:52 | team | sess_364f51821427 | INFO | Task implement claimed by member executor2
2026-08-08 12:07:15 | team | sess_364f51821427 | INFO | [executor2] processing 1 unread messages (steer=True)
2026-08-08 12:07:15 | team | sess_364f51821427 | INFO | Message 542ce509-e48b-40ab-b95e-073f8c60c78d marked as read by executor2
2026-08-08 12:08:26 | team | sess_364f51821427 | INFO | Message 07e29319-c517-485b-b0e9-abafc5cfc665 created
2026-08-08 12:08:30 | team | sess_364f51821427 | INFO | Task implement completed at 1786187310307
2026-08-08 12:08:30 | team | sess_364f51821427 | INFO | Resolved 1 dependencies for task implement
2026-08-08 12:08:30 | team | sess_364f51821427 | INFO | Task verify unblocked (all deps resolved)
2026-08-08 12:08:30 | team | sess_364f51821427 | INFO | Task implement completed
2026-08-08 12:08:30 | team | sess_364f51821427 | INFO | Unblocked 1 tasks
2026-08-08 12:09:49 | team | sess_364f51821427 | INFO | task list drained for team jiuwen_team_sess_364f51821427: 3 terminal task(s)
2026-08-08 12:10:03 | team | sess_364f51821427 | INFO | [executor2] processing 1 unread messages (steer=True)
2026-08-08 12:10:03 | team | sess_364f51821427 | INFO | Message c2ed219a-a0d2-40d9-8ac4-22845a4ae810 marked as read by executor2
2026-08-08 12:10:18 | team | sess_364f51821427 | INFO | team jiuwen_team_sess_364f51821427 reported completed: 9 members, 3 tasks
2026-08-08 12:10:18 | team | sess_364f51821427 | INFO | [executor2] received TEAM_STANDBY, pausing polls
2026-08-08 12:10:18 | team | sess_364f51821427 | INFO | EventBus[teammate] pausing polls
