2026-08-08 12:05:11 | team | sess_364f51821427 | INFO | Team workspace directory ensured at /srv/jwteam_clone/shared/run_current
2026-08-08 12:05:11 | team | sess_364f51821427 | INFO | AgentTeam manager initialized for jiuwen_team_sess_364f51821427, member=team_leader
2026-08-08 12:05:11 | team | sess_364f51821427 | INFO | [team_leader] TeamPolicyRail static sections: section_names=['team_role', 'team_workflow', 'team_swarmflow', 'team_lifecycle', 'team_persona']
2026-08-08 12:05:11 | team | sess_364f51821427 | INFO | Session tables ready for session sess_364f51821427
2026-08-08 12:05:11 | team | sess_364f51821427 | INFO | Team database initialized
2026-08-08 12:05:11 | team | default_trace_id | INFO | Team workspace directory ensured at /srv/jwteam_clone/shared/run_current
2026-08-08 12:05:11 | team | default_trace_id | INFO | AgentTeam manager initialized for jiuwen_team_sess_364f51821427, member=planner2
2026-08-08 12:05:11 | team | default_trace_id | INFO | [planner2] TeamPolicyRail static sections: section_names=['team_role', 'team_persona']
2026-08-08 12:05:11 | team | sess_364f51821427 | INFO | [planner2] invoke start, role=teammate
2026-08-08 12:05:11 | team | sess_364f51821427 | INFO | [planner2] coordination starting
2026-08-08 12:05:11 | team | sess_364f51821427 | INFO | Session tables ready for session sess_364f51821427
2026-08-08 12:05:11 | team | sess_364f51821427 | INFO | Workspace /srv/jwteam_clone/shared/run_current initialized as plain shared directory (version_control disabled)
2026-08-08 12:05:11 | team | sess_364f51821427 | INFO | EventBus[teammate] starting
2026-08-08 12:05:39 | team | sess_364f51821427 | INFO | [planner2] HITT section refresh: human_agent_names=[]
2026-08-08 12:05:49 | team | sess_364f51821427 | INFO | [planner2] processing 1 unread messages (steer=True)
2026-08-08 12:05:49 | team | sess_364f51821427 | INFO | Message cfdcda3c-a65b-4d37-8e6e-e92f1c2569d4 marked as read by planner2
2026-08-08 12:05:50 | team | sess_364f51821427 | INFO | Task plan claimed by member planner2
2026-08-08 12:05:50 | team | sess_364f51821427 | INFO | Task plan claimed by member planner2
2026-08-08 12:06:35 | team | sess_364f51821427 | INFO | Message d839959f-1eb9-4f79-9e78-19907c67f5e9 created
2026-08-08 12:06:43 | team | sess_364f51821427 | INFO | Task plan completed at 1786187203151
2026-08-08 12:06:43 | team | sess_364f51821427 | INFO | Message 605abe65-436b-47b2-b0e2-f3a69693d7d2 created
2026-08-08 12:06:43 | team | sess_364f51821427 | INFO | Resolved 1 dependencies for task plan
2026-08-08 12:06:43 | team | sess_364f51821427 | INFO | Task implement unblocked (all deps resolved)
2026-08-08 12:06:43 | team | sess_364f51821427 | INFO | Task plan completed
2026-08-08 12:06:43 | team | sess_364f51821427 | INFO | Unblocked 1 tasks
2026-08-08 12:06:48 | team | sess_364f51821427 | INFO | [planner2] processing 1 unread messages (steer=True)
2026-08-08 12:06:48 | team | sess_364f51821427 | INFO | Message aaa17c4e-54fb-4aa9-bbf7-a4a5ba4610d2 marked as read by planner2
2026-08-08 12:09:49 | team | sess_364f51821427 | INFO | task list drained for team jiuwen_team_sess_364f51821427: 3 terminal task(s)
2026-08-08 12:10:03 | team | sess_364f51821427 | INFO | [planner2] processing 1 unread messages (steer=True)
2026-08-08 12:10:03 | team | sess_364f51821427 | INFO | Message c2ed219a-a0d2-40d9-8ac4-22845a4ae810 marked as read by planner2
2026-08-08 12:10:18 | team | sess_364f51821427 | INFO | team jiuwen_team_sess_364f51821427 reported completed: 9 members, 3 tasks
2026-08-08 12:10:18 | team | sess_364f51821427 | INFO | [planner2] received TEAM_STANDBY, pausing polls
2026-08-08 12:10:18 | team | sess_364f51821427 | INFO | EventBus[teammate] pausing polls
