2026-08-08 12:05:16 | team | sess_364f51821427 | INFO | Team workspace directory ensured at /srv/jwteam_clone/shared/run_current
2026-08-08 12:05:16 | team | sess_364f51821427 | INFO | AgentTeam manager initialized for jiuwen_team_sess_364f51821427, member=team_leader
2026-08-08 12:05:16 | team | sess_364f51821427 | INFO | [team_leader] TeamPolicyRail static sections: section_names=['team_role', 'team_workflow', 'team_swarmflow', 'team_lifecycle', 'team_persona']
2026-08-08 12:05:16 | team | sess_364f51821427 | INFO | Session tables ready for session sess_364f51821427
2026-08-08 12:05:16 | team | sess_364f51821427 | INFO | Team database initialized
2026-08-08 12:05:16 | team | default_trace_id | INFO | Team workspace directory ensured at /srv/jwteam_clone/shared/run_current
2026-08-08 12:05:16 | team | default_trace_id | INFO | AgentTeam manager initialized for jiuwen_team_sess_364f51821427, member=verifier2
2026-08-08 12:05:16 | team | default_trace_id | INFO | [verifier2] TeamPolicyRail static sections: section_names=['team_role', 'team_persona']
2026-08-08 12:05:16 | team | sess_364f51821427 | INFO | [verifier2] invoke start, role=teammate
2026-08-08 12:05:16 | team | sess_364f51821427 | INFO | [verifier2] coordination starting
2026-08-08 12:05:16 | team | sess_364f51821427 | INFO | Session tables ready for session sess_364f51821427
2026-08-08 12:05:16 | team | sess_364f51821427 | INFO | Workspace /srv/jwteam_clone/shared/run_current initialized as plain shared directory (version_control disabled)
2026-08-08 12:05:16 | team | sess_364f51821427 | INFO | EventBus[teammate] starting
2026-08-08 12:05:39 | team | sess_364f51821427 | INFO | [verifier2] HITT section refresh: human_agent_names=[]
2026-08-08 12:05:49 | team | sess_364f51821427 | INFO | [verifier2] processing 1 unread messages (steer=True)
2026-08-08 12:05:49 | team | sess_364f51821427 | INFO | Message cfdcda3c-a65b-4d37-8e6e-e92f1c2569d4 marked as read by verifier2
2026-08-08 12:06:07 | team | sess_364f51821427 | INFO | Message 6ef917eb-8d1d-41c7-a0eb-1308a300013f created
2026-08-08 12:06:15 | team | sess_364f51821427 | INFO | [verifier2] processing 1 unread messages (steer=True)
2026-08-08 12:06:15 | team | sess_364f51821427 | INFO | Message fba0cc21-50ce-4c35-a8cb-952cf2b4ad9f marked as read by verifier2
2026-08-08 12:06:24 | team | sess_364f51821427 | INFO | Message f6bd0442-ac49-405f-be23-d13a62b44032 created
2026-08-08 12:08:44 | team | sess_364f51821427 | INFO | Message eeda0f44-fb70-4153-a862-52c1652e175a created
2026-08-08 12:09:04 | team | sess_364f51821427 | INFO | [verifier2] processing 1 unread messages (steer=True)
2026-08-08 12:09:04 | team | sess_364f51821427 | INFO | Message bb21da59-439f-4fde-af3d-3d1ec1a43b2d marked as read by verifier2
2026-08-08 12:09:49 | team | sess_364f51821427 | INFO | task list drained for team jiuwen_team_sess_364f51821427: 3 terminal task(s)
2026-08-08 12:10:03 | team | sess_364f51821427 | INFO | [verifier2] processing 1 unread messages (steer=True)
2026-08-08 12:10:03 | team | sess_364f51821427 | INFO | Message c2ed219a-a0d2-40d9-8ac4-22845a4ae810 marked as read by verifier2
2026-08-08 12:10:11 | team | sess_364f51821427 | INFO | Message 05f389d5-ce3c-40ab-b3dc-e9d1fbcacdc6 created
2026-08-08 12:10:18 | team | sess_364f51821427 | INFO | team jiuwen_team_sess_364f51821427 reported completed: 9 members, 3 tasks
2026-08-08 12:10:18 | team | sess_364f51821427 | INFO | [verifier2] received TEAM_STANDBY, pausing polls
2026-08-08 12:10:18 | team | sess_364f51821427 | INFO | EventBus[teammate] pausing polls
