2026-08-08 12:05:15 | team | sess_364f51821427 | INFO | Team workspace directory ensured at /srv/jwteam_clone/shared/run_current
2026-08-08 12:05:15 | team | sess_364f51821427 | INFO | AgentTeam manager initialized for jiuwen_team_sess_364f51821427, member=team_leader
2026-08-08 12:05:15 | team | sess_364f51821427 | INFO | [team_leader] TeamPolicyRail static sections: section_names=['team_role', 'team_workflow', 'team_swarmflow', 'team_lifecycle', 'team_persona']
2026-08-08 12:05:15 | team | sess_364f51821427 | INFO | Session tables ready for session sess_364f51821427
2026-08-08 12:05:15 | team | sess_364f51821427 | INFO | Team database initialized
2026-08-08 12:05:15 | team | default_trace_id | INFO | Team workspace directory ensured at /srv/jwteam_clone/shared/run_current
2026-08-08 12:05:15 | team | default_trace_id | INFO | AgentTeam manager initialized for jiuwen_team_sess_364f51821427, member=verifier1
2026-08-08 12:05:15 | team | default_trace_id | INFO | [verifier1] TeamPolicyRail static sections: section_names=['team_role', 'team_persona']
2026-08-08 12:05:15 | team | sess_364f51821427 | INFO | [verifier1] invoke start, role=teammate
2026-08-08 12:05:15 | team | sess_364f51821427 | INFO | [verifier1] coordination starting
2026-08-08 12:05:15 | team | sess_364f51821427 | INFO | Session tables ready for session sess_364f51821427
2026-08-08 12:05:15 | team | sess_364f51821427 | INFO | Workspace /srv/jwteam_clone/shared/run_current initialized as plain shared directory (version_control disabled)
2026-08-08 12:05:15 | team | sess_364f51821427 | INFO | EventBus[teammate] starting
2026-08-08 12:05:39 | team | sess_364f51821427 | INFO | [verifier1] HITT section refresh: human_agent_names=[]
2026-08-08 12:05:49 | team | sess_364f51821427 | INFO | [verifier1] processing 1 unread messages (steer=True)
2026-08-08 12:05:49 | team | sess_364f51821427 | INFO | Message cfdcda3c-a65b-4d37-8e6e-e92f1c2569d4 marked as read by verifier1
2026-08-08 12:08:26 | team | sess_364f51821427 | INFO | [verifier1] processing 1 unread messages (steer=True)
2026-08-08 12:08:26 | team | sess_364f51821427 | INFO | Message 07e29319-c517-485b-b0e9-abafc5cfc665 marked as read by verifier1
2026-08-08 12:08:32 | team | sess_364f51821427 | INFO | Task verify claimed by member verifier1
2026-08-08 12:08:32 | team | sess_364f51821427 | INFO | Task verify claimed by member verifier1
2026-08-08 12:08:44 | team | sess_364f51821427 | INFO | [verifier1] processing 1 unread messages (steer=True)
2026-08-08 12:08:44 | team | sess_364f51821427 | INFO | Message eeda0f44-fb70-4153-a862-52c1652e175a marked as read by verifier1
2026-08-08 12:09:04 | team | sess_364f51821427 | INFO | Message bb21da59-439f-4fde-af3d-3d1ec1a43b2d created
2026-08-08 12:09:49 | team | sess_364f51821427 | INFO | Task verify completed at 1786187389455
2026-08-08 12:09:49 | team | sess_364f51821427 | INFO | Task verify completed
2026-08-08 12:09:56 | team | sess_364f51821427 | INFO | Message df2e99c7-6133-451a-9ab1-d86411be350c created
2026-08-08 12:10:03 | team | sess_364f51821427 | INFO | [verifier1] processing 1 unread messages (steer=True)
2026-08-08 12:10:03 | team | sess_364f51821427 | INFO | Message c2ed219a-a0d2-40d9-8ac4-22845a4ae810 marked as read by verifier1
2026-08-08 12:10:18 | team | sess_364f51821427 | INFO | team jiuwen_team_sess_364f51821427 reported completed: 9 members, 3 tasks
2026-08-08 12:10:18 | team | sess_364f51821427 | INFO | [verifier1] received TEAM_STANDBY, pausing polls
2026-08-08 12:10:18 | team | sess_364f51821427 | INFO | EventBus[teammate] pausing polls
