2026-08-10 02:05:16 | team | sess_c3b11c077b30 | INFO | Team workspace directory ensured at /srv/jwteam_clone/shared/run_current
2026-08-10 02:05:16 | team | sess_c3b11c077b30 | INFO | AgentTeam manager initialized for jiuwen_team_sess_c3b11c077b30, member=team_leader
2026-08-10 02:05:16 | team | sess_c3b11c077b30 | INFO | [team_leader] TeamPolicyRail static sections: section_names=['team_role', 'team_workflow', 'team_swarmflow', 'team_lifecycle', 'team_persona']
2026-08-10 02:05:16 | team | sess_c3b11c077b30 | INFO | Session tables ready for session sess_c3b11c077b30
2026-08-10 02:05:16 | team | sess_c3b11c077b30 | INFO | Team database initialized
2026-08-10 02:05:16 | team | default_trace_id | INFO | Team workspace directory ensured at /srv/jwteam_clone/shared/run_current
2026-08-10 02:05:16 | team | default_trace_id | INFO | AgentTeam manager initialized for jiuwen_team_sess_c3b11c077b30, member=executor3
2026-08-10 02:05:16 | team | default_trace_id | INFO | [executor3] TeamPolicyRail static sections: section_names=['team_role', 'team_persona']
2026-08-10 02:05:16 | team | sess_c3b11c077b30 | INFO | [executor3] invoke start, role=teammate
2026-08-10 02:05:16 | team | sess_c3b11c077b30 | INFO | [executor3] coordination starting
2026-08-10 02:05:16 | team | sess_c3b11c077b30 | INFO | Session tables ready for session sess_c3b11c077b30
2026-08-10 02:05:16 | team | sess_c3b11c077b30 | INFO | Workspace /srv/jwteam_clone/shared/run_current initialized as plain shared directory (version_control disabled)
2026-08-10 02:05:16 | team | sess_c3b11c077b30 | INFO | EventBus[teammate] starting
2026-08-10 02:05:38 | team | sess_c3b11c077b30 | INFO | [executor3] HITT section refresh: human_agent_names=[]
2026-08-10 02:05:48 | team | sess_c3b11c077b30 | INFO | [executor3] processing 1 unread messages (steer=True)
2026-08-10 02:05:48 | team | sess_c3b11c077b30 | INFO | Message 357734f9-be13-40c5-ad12-23a170d7e55b marked as read by executor3
2026-08-10 02:06:59 | team | sess_c3b11c077b30 | INFO | [executor3] processing 1 unread messages (steer=True)
2026-08-10 02:06:59 | team | sess_c3b11c077b30 | INFO | Message fdf9f8af-b7a8-445f-9c81-3602f5e9901f marked as read by executor3
2026-08-10 02:07:15 | team | sess_c3b11c077b30 | INFO | [executor3] processing 1 unread messages (steer=True)
2026-08-10 02:07:15 | team | sess_c3b11c077b30 | INFO | Message ef4ac389-acf3-4275-90f7-800ae1ecfc51 marked as read by executor3
2026-08-10 02:07:21 | team | sess_c3b11c077b30 | INFO | Message 54fbeb22-93bd-4a93-b7aa-a8566657dc87 created
2026-08-10 02:07:25 | team | sess_c3b11c077b30 | INFO | [executor3] processing 1 unread messages (steer=True)
2026-08-10 02:07:25 | team | sess_c3b11c077b30 | INFO | Message 1640684d-4f1a-4c47-ad11-d122210e53a3 marked as read by executor3
2026-08-10 02:07:26 | team | sess_c3b11c077b30 | INFO | Message 7f910ec2-138c-4a5a-abfb-e4bcefc1aaed created
2026-08-10 02:07:26 | team | sess_c3b11c077b30 | INFO | [executor3] processing 1 unread messages (steer=True)
2026-08-10 02:07:26 | team | sess_c3b11c077b30 | INFO | Message 7e595d5f-5439-4966-8517-92c70bcf2334 marked as read by executor3
2026-08-10 02:07:34 | team | sess_c3b11c077b30 | INFO | Message c8672a70-025f-4e3a-bd69-4ca596737e07 created
2026-08-10 02:07:40 | team | sess_c3b11c077b30 | INFO | Message 3dea3dc8-d950-4c0a-86a5-0b8ff7e895a4 created
2026-08-10 02:07:53 | team | sess_c3b11c077b30 | INFO | Task implement-imports claimed by member executor3
2026-08-10 02:07:53 | team | sess_c3b11c077b30 | INFO | Task implement-imports claimed by member executor3
2026-08-10 02:07:54 | team | sess_c3b11c077b30 | INFO | [executor3] processing 1 unread messages (steer=True)
2026-08-10 02:07:54 | team | sess_c3b11c077b30 | INFO | Message 9a5cf5c1-61bb-42c3-9ea8-d4a89bbfa4cf marked as read by executor3
2026-08-10 02:09:05 | team | sess_c3b11c077b30 | INFO | Task implement-imports completed at 1786324145071
2026-08-10 02:09:05 | team | sess_c3b11c077b30 | INFO | Resolved 1 dependencies for task implement-imports
2026-08-10 02:09:05 | team | sess_c3b11c077b30 | INFO | Task verify unblocked (all deps resolved)
2026-08-10 02:09:05 | team | sess_c3b11c077b30 | INFO | Task implement-imports completed
2026-08-10 02:09:05 | team | sess_c3b11c077b30 | INFO | Unblocked 1 tasks
2026-08-10 02:09:13 | team | sess_c3b11c077b30 | INFO | Message cc82203e-2c76-4523-9db7-62755c92a9c9 created
2026-08-10 02:09:28 | team | sess_c3b11c077b30 | INFO | [executor3] processing 1 unread messages (steer=True)
2026-08-10 02:09:28 | team | sess_c3b11c077b30 | INFO | Message 7c2c78cd-feb8-43d9-b5ec-43ce0a34e589 marked as read by executor3
2026-08-10 02:09:35 | team | sess_c3b11c077b30 | INFO | Message bd66b151-1966-4d40-9036-87879fed85cb created
2026-08-10 02:10:02 | team | sess_c3b11c077b30 | INFO | [executor3] processing 1 unread messages (steer=True)
2026-08-10 02:10:02 | team | sess_c3b11c077b30 | INFO | Message e9581d49-aada-4024-bfcb-49dc0cb301d3 marked as read by executor3
2026-08-10 02:10:06 | team | sess_c3b11c077b30 | INFO | [executor3] processing 1 unread messages (steer=True)
2026-08-10 02:10:06 | team | sess_c3b11c077b30 | INFO | Message 4db89130-8272-454c-8f95-be802f6c31d0 marked as read by executor3
2026-08-10 02:10:20 | team | sess_c3b11c077b30 | INFO | Message e3d2daa9-f22b-4284-8eb6-27ad5de7901a created
2026-08-10 02:11:13 | team | sess_c3b11c077b30 | INFO | [executor3] processing 1 unread messages (steer=True)
2026-08-10 02:11:13 | team | sess_c3b11c077b30 | INFO | Message 0cbbbd42-27ff-4046-a9be-96a944962e64 marked as read by executor3
2026-08-10 02:11:33 | team | sess_c3b11c077b30 | INFO | Message 2dd89fca-9578-4373-a0ba-5c92a4864717 created
2026-08-10 02:14:55 | team | sess_c3b11c077b30 | INFO | task list drained for team jiuwen_team_sess_c3b11c077b30: 4 terminal task(s)
2026-08-10 02:15:01 | team | sess_c3b11c077b30 | INFO | [executor3] processing 1 unread messages (steer=True)
2026-08-10 02:15:01 | team | sess_c3b11c077b30 | INFO | Message f59267e7-a51c-43bd-bd89-a6d10586271b marked as read by executor3
2026-08-10 02:15:08 | team | sess_c3b11c077b30 | INFO | [executor3] processing 1 unread messages (steer=True)
2026-08-10 02:15:08 | team | sess_c3b11c077b30 | INFO | Message d45c6171-389e-4b7c-ac95-43da940e2c07 marked as read by executor3
2026-08-10 02:15:09 | team | sess_c3b11c077b30 | INFO | Message 9e23d44a-110b-4760-832a-6925ffa10b25 created
2026-08-10 02:15:22 | team | sess_c3b11c077b30 | INFO | [executor3] processing 1 unread messages (steer=True)
2026-08-10 02:15:22 | team | sess_c3b11c077b30 | INFO | Message 9a941af9-e18b-4ec7-a08d-433d82c8bd5c marked as read by executor3
2026-08-10 02:15:27 | team | sess_c3b11c077b30 | INFO | Message fbeec320-e4c1-4361-a083-15e6db693f26 created
2026-08-10 02:16:01 | team | sess_c3b11c077b30 | INFO | team jiuwen_team_sess_c3b11c077b30 reported completed: 9 members, 4 tasks
2026-08-10 02:16:01 | team | sess_c3b11c077b30 | INFO | [executor3] received TEAM_STANDBY, pausing polls
2026-08-10 02:16:01 | team | sess_c3b11c077b30 | INFO | EventBus[teammate] pausing polls
