2026-08-10 02:05:13 | team | sess_c3b11c077b30 | INFO | Team workspace directory ensured at /srv/jwteam_clone/shared/run_current
2026-08-10 02:05:13 | team | sess_c3b11c077b30 | INFO | AgentTeam manager initialized for jiuwen_team_sess_c3b11c077b30, member=team_leader
2026-08-10 02:05:13 | team | sess_c3b11c077b30 | INFO | [team_leader] TeamPolicyRail static sections: section_names=['team_role', 'team_workflow', 'team_swarmflow', 'team_lifecycle', 'team_persona']
2026-08-10 02:05:13 | team | sess_c3b11c077b30 | INFO | Session tables ready for session sess_c3b11c077b30
2026-08-10 02:05:13 | team | sess_c3b11c077b30 | INFO | Team database initialized
2026-08-10 02:05:13 | team | default_trace_id | INFO | Team workspace directory ensured at /srv/jwteam_clone/shared/run_current
2026-08-10 02:05:13 | team | default_trace_id | INFO | AgentTeam manager initialized for jiuwen_team_sess_c3b11c077b30, member=executor1
2026-08-10 02:05:13 | team | default_trace_id | INFO | [executor1] TeamPolicyRail static sections: section_names=['team_role', 'team_persona']
2026-08-10 02:05:13 | team | sess_c3b11c077b30 | INFO | [executor1] invoke start, role=teammate
2026-08-10 02:05:13 | team | sess_c3b11c077b30 | INFO | [executor1] coordination starting
2026-08-10 02:05:13 | team | sess_c3b11c077b30 | INFO | Session tables ready for session sess_c3b11c077b30
2026-08-10 02:05:13 | team | sess_c3b11c077b30 | INFO | Workspace /srv/jwteam_clone/shared/run_current initialized as plain shared directory (version_control disabled)
2026-08-10 02:05:13 | team | sess_c3b11c077b30 | INFO | EventBus[teammate] starting
2026-08-10 02:05:38 | team | sess_c3b11c077b30 | INFO | [executor1] HITT section refresh: human_agent_names=[]
2026-08-10 02:05:48 | team | sess_c3b11c077b30 | INFO | [executor1] processing 1 unread messages (steer=True)
2026-08-10 02:05:48 | team | sess_c3b11c077b30 | INFO | Message 357734f9-be13-40c5-ad12-23a170d7e55b marked as read by executor1
2026-08-10 02:06:13 | team | sess_c3b11c077b30 | INFO | Message 200437ba-e37f-423f-a731-b03f0b4c2ba4 created
2026-08-10 02:06:28 | team | sess_c3b11c077b30 | INFO | [executor1] processing 1 unread messages (steer=True)
2026-08-10 02:06:28 | team | sess_c3b11c077b30 | INFO | Message 1c98a52b-2b33-48ae-bb07-117d165322a3 marked as read by executor1
2026-08-10 02:06:59 | team | sess_c3b11c077b30 | INFO | [executor1] processing 1 unread messages (steer=True)
2026-08-10 02:06:59 | team | sess_c3b11c077b30 | INFO | Message a986b111-3b41-48d4-baa4-780c1336daf1 marked as read by executor1
2026-08-10 02:07:15 | team | sess_c3b11c077b30 | INFO | [executor1] processing 1 unread messages (steer=True)
2026-08-10 02:07:15 | team | sess_c3b11c077b30 | INFO | Message 7ce6c7b6-d83b-46fa-baaf-d2cd887112bd marked as read by executor1
2026-08-10 02:07:22 | team | sess_c3b11c077b30 | INFO | Message 21afa1d1-f42a-4a32-a4c8-32948de4a179 created
2026-08-10 02:07:25 | team | sess_c3b11c077b30 | INFO | [executor1] processing 1 unread messages (steer=True)
2026-08-10 02:07:25 | team | sess_c3b11c077b30 | INFO | Message 4cbb5962-d60e-44ae-98e8-9b23fa3c1e7a marked as read by executor1
2026-08-10 02:07:26 | team | sess_c3b11c077b30 | INFO | [executor1] processing 1 unread messages (steer=True)
2026-08-10 02:07:26 | team | sess_c3b11c077b30 | INFO | Message 386bbab9-0719-4a04-bf08-be4e7299a6dd marked as read by executor1
2026-08-10 02:07:27 | team | sess_c3b11c077b30 | INFO | Message 22a207b9-7a17-492d-963b-2903d532e134 created
2026-08-10 02:07:48 | team | sess_c3b11c077b30 | INFO | Task implement-config claimed by member executor1
2026-08-10 02:07:48 | team | sess_c3b11c077b30 | INFO | Task implement-config claimed by member executor1
2026-08-10 02:08:14 | team | sess_c3b11c077b30 | INFO | Task implement-config completed at 1786324094100
2026-08-10 02:08:14 | team | sess_c3b11c077b30 | INFO | Resolved 1 dependencies for task implement-config
2026-08-10 02:08:14 | team | sess_c3b11c077b30 | INFO | Task implement-config completed
2026-08-10 02:08:27 | team | sess_c3b11c077b30 | INFO | Message b1122d0b-fdbb-4df7-9f45-ea5338a59829 created
2026-08-10 02:08:34 | team | sess_c3b11c077b30 | INFO | [executor1] processing 1 unread messages (steer=True)
2026-08-10 02:08:34 | team | sess_c3b11c077b30 | INFO | Message 8d84e218-9e8b-4c49-9a09-960c28bdc710 marked as read by executor1
2026-08-10 02:09:40 | team | sess_c3b11c077b30 | INFO | [executor1] processing 1 unread messages (steer=True)
2026-08-10 02:09:40 | team | sess_c3b11c077b30 | INFO | Message ed14a4bb-220a-4e92-acbb-6cacc10dd0c6 marked as read by executor1
2026-08-10 02:10:02 | team | sess_c3b11c077b30 | INFO | [executor1] processing 1 unread messages (steer=True)
2026-08-10 02:10:02 | team | sess_c3b11c077b30 | INFO | Message c60a94dd-bb90-46c0-b75f-f07c0f45cc8f marked as read by executor1
2026-08-10 02:10:02 | team | sess_c3b11c077b30 | INFO | Message d363ac9d-9725-4132-a7a6-750c8a333afc created
2026-08-10 02:10:06 | team | sess_c3b11c077b30 | INFO | [executor1] processing 1 unread messages (steer=True)
2026-08-10 02:10:06 | team | sess_c3b11c077b30 | INFO | Message eff236b0-67c3-43d7-bf9a-e91b8496021c marked as read by executor1
2026-08-10 02:10:09 | team | sess_c3b11c077b30 | INFO | Message 6bf07dff-d705-4ed9-a368-c54edea196de created
2026-08-10 02:10:17 | team | sess_c3b11c077b30 | INFO | Message e611c82b-881a-4b37-b43a-fff777f0443c created
2026-08-10 02:10:26 | team | sess_c3b11c077b30 | INFO | [executor1] processing 1 unread messages (steer=True)
2026-08-10 02:10:26 | team | sess_c3b11c077b30 | INFO | Message 62c00d0d-359f-49a4-bd75-b229c3ed6057 marked as read by executor1
2026-08-10 02:10:28 | team | sess_c3b11c077b30 | INFO | [executor1] processing 1 unread messages (steer=True)
2026-08-10 02:10:28 | team | sess_c3b11c077b30 | INFO | Message 8ebfb58e-3ff0-4059-a3ec-e237d7802eae marked as read by executor1
2026-08-10 02:10:51 | team | sess_c3b11c077b30 | INFO | Message 8b30735c-ab13-4708-9f67-60465cd186c2 created
2026-08-10 02:11:21 | team | sess_c3b11c077b30 | INFO | [executor1] processing 1 unread messages (steer=True)
2026-08-10 02:11:21 | team | sess_c3b11c077b30 | INFO | Message 111d46df-16e1-4790-8970-e2a78cf466bf marked as read by executor1
2026-08-10 02:13:44 | team | sess_c3b11c077b30 | INFO | [executor1] processing 1 unread messages (steer=True)
2026-08-10 02:13:44 | team | sess_c3b11c077b30 | INFO | Message 10796481-c0b5-4830-970d-dda461af01a2 marked as read by executor1
2026-08-10 02:14:17 | team | sess_c3b11c077b30 | INFO | Message c659a273-c4ea-4b8e-9d6e-461b113a138a created
2026-08-10 02:14:25 | team | sess_c3b11c077b30 | INFO | Message 58b74729-a346-48ab-82d4-8e094a107c9a created
2026-08-10 02:14:55 | team | sess_c3b11c077b30 | INFO | task list drained for team jiuwen_team_sess_c3b11c077b30: 4 terminal task(s)
2026-08-10 02:15:01 | team | sess_c3b11c077b30 | INFO | [executor1] processing 1 unread messages (steer=True)
2026-08-10 02:15:02 | team | sess_c3b11c077b30 | INFO | Message f59267e7-a51c-43bd-bd89-a6d10586271b marked as read by executor1
2026-08-10 02:15:08 | team | sess_c3b11c077b30 | INFO | [executor1] processing 1 unread messages (steer=True)
2026-08-10 02:15:08 | team | sess_c3b11c077b30 | INFO | Message d45c6171-389e-4b7c-ac95-43da940e2c07 marked as read by executor1
2026-08-10 02:16:01 | team | sess_c3b11c077b30 | INFO | team jiuwen_team_sess_c3b11c077b30 reported completed: 9 members, 4 tasks
2026-08-10 02:16:01 | team | sess_c3b11c077b30 | INFO | [executor1] received TEAM_STANDBY, pausing polls
2026-08-10 02:16:01 | team | sess_c3b11c077b30 | INFO | EventBus[teammate] pausing polls
