2026-08-10 02:05:13 | team | sess_c3b11c077b30 | INFO | Team workspace directory ensured at /srv/jwteam_clone/shared/run_current
2026-08-10 02:05:13 | team | sess_c3b11c077b30 | INFO | AgentTeam manager initialized for jiuwen_team_sess_c3b11c077b30, member=team_leader
2026-08-10 02:05:13 | team | sess_c3b11c077b30 | INFO | [team_leader] TeamPolicyRail static sections: section_names=['team_role', 'team_workflow', 'team_swarmflow', 'team_lifecycle', 'team_persona']
2026-08-10 02:05:13 | team | sess_c3b11c077b30 | INFO | Session tables ready for session sess_c3b11c077b30
2026-08-10 02:05:13 | team | sess_c3b11c077b30 | INFO | Team database initialized
2026-08-10 02:05:13 | team | default_trace_id | INFO | Team workspace directory ensured at /srv/jwteam_clone/shared/run_current
2026-08-10 02:05:13 | team | default_trace_id | INFO | AgentTeam manager initialized for jiuwen_team_sess_c3b11c077b30, member=planner2
2026-08-10 02:05:13 | team | default_trace_id | INFO | [planner2] TeamPolicyRail static sections: section_names=['team_role', 'team_persona']
2026-08-10 02:05:13 | team | sess_c3b11c077b30 | INFO | [planner2] invoke start, role=teammate
2026-08-10 02:05:13 | team | sess_c3b11c077b30 | INFO | [planner2] coordination starting
2026-08-10 02:05:13 | team | sess_c3b11c077b30 | INFO | Session tables ready for session sess_c3b11c077b30
2026-08-10 02:05:13 | team | sess_c3b11c077b30 | INFO | Workspace /srv/jwteam_clone/shared/run_current initialized as plain shared directory (version_control disabled)
2026-08-10 02:05:13 | team | sess_c3b11c077b30 | INFO | EventBus[teammate] starting
2026-08-10 02:05:38 | team | sess_c3b11c077b30 | INFO | [planner2] HITT section refresh: human_agent_names=[]
2026-08-10 02:05:48 | team | sess_c3b11c077b30 | INFO | [planner2] processing 1 unread messages (steer=True)
2026-08-10 02:05:48 | team | sess_c3b11c077b30 | INFO | Message 357734f9-be13-40c5-ad12-23a170d7e55b marked as read by planner2
2026-08-10 02:06:15 | team | sess_c3b11c077b30 | INFO | Message dc0a1259-3512-40e9-b569-c8e31a95df92 created
2026-08-10 02:06:15 | team | sess_c3b11c077b30 | INFO | Message a725dccb-bed9-43ec-a5a6-e72d72efc74e created
2026-08-10 02:06:28 | team | sess_c3b11c077b30 | INFO | [planner2] processing 1 unread messages (steer=True)
2026-08-10 02:06:28 | team | sess_c3b11c077b30 | INFO | Message d3e44e9c-cb3d-4ea4-9347-c9b119bfb4cf marked as read by planner2
2026-08-10 02:06:44 | team | sess_c3b11c077b30 | INFO | [planner2] processing 1 unread messages (steer=True)
2026-08-10 02:06:44 | team | sess_c3b11c077b30 | INFO | Message 79d2c83f-9098-4eea-8e3a-72b5e74555eb marked as read by planner2
2026-08-10 02:06:59 | team | sess_c3b11c077b30 | INFO | Message fdf9f8af-b7a8-445f-9c81-3602f5e9901f created
2026-08-10 02:06:59 | team | sess_c3b11c077b30 | INFO | Message a986b111-3b41-48d4-baa4-780c1336daf1 created
2026-08-10 02:07:15 | team | sess_c3b11c077b30 | INFO | Message e9078165-9e16-4bbe-a56a-8762e8b693ee created
2026-08-10 02:07:15 | team | sess_c3b11c077b30 | INFO | Message 7ce6c7b6-d83b-46fa-baaf-d2cd887112bd created
2026-08-10 02:07:15 | team | sess_c3b11c077b30 | INFO | Message ef4ac389-acf3-4275-90f7-800ae1ecfc51 created
2026-08-10 02:07:15 | team | sess_c3b11c077b30 | INFO | Message 8a3411a1-748c-4ea9-b837-569bd0d34b1d created
2026-08-10 02:07:21 | team | sess_c3b11c077b30 | INFO | [planner2] processing 1 unread messages (steer=True)
2026-08-10 02:07:21 | team | sess_c3b11c077b30 | INFO | Message 54fbeb22-93bd-4a93-b7aa-a8566657dc87 marked as read by planner2
2026-08-10 02:07:23 | team | sess_c3b11c077b30 | INFO | [planner2] processing 1 unread messages (steer=True)
2026-08-10 02:07:23 | team | sess_c3b11c077b30 | INFO | Message 21afa1d1-f42a-4a32-a4c8-32948de4a179 marked as read by planner2
2026-08-10 02:07:26 | team | sess_c3b11c077b30 | INFO | [planner2] processing 1 unread messages (steer=True)
2026-08-10 02:07:26 | team | sess_c3b11c077b30 | INFO | Message 7f910ec2-138c-4a5a-abfb-e4bcefc1aaed marked as read by planner2
2026-08-10 02:07:26 | team | sess_c3b11c077b30 | INFO | [planner2] processing 1 unread messages (steer=True)
2026-08-10 02:07:26 | team | sess_c3b11c077b30 | INFO | Message 8fa9f95b-64c9-42b7-ab5b-513d2ebc50f1 marked as read by planner2
2026-08-10 02:07:27 | team | sess_c3b11c077b30 | INFO | [planner2] processing 1 unread messages (steer=True)
2026-08-10 02:07:27 | team | sess_c3b11c077b30 | INFO | Message 22a207b9-7a17-492d-963b-2903d532e134 marked as read by planner2
2026-08-10 02:07:37 | team | sess_c3b11c077b30 | INFO | Message 2f040566-abc2-42e2-8ce9-6e7bb4c2b54b created
2026-08-10 02:07:37 | team | sess_c3b11c077b30 | INFO | [planner2] processing 1 unread messages (steer=True)
2026-08-10 02:07:37 | team | sess_c3b11c077b30 | INFO | Message 8ae8b300-d346-4a4b-a052-9f23226a81a2 marked as read by planner2
2026-08-10 02:14:55 | team | sess_c3b11c077b30 | INFO | task list drained for team jiuwen_team_sess_c3b11c077b30: 4 terminal task(s)
2026-08-10 02:15:01 | team | sess_c3b11c077b30 | INFO | [planner2] processing 1 unread messages (steer=True)
2026-08-10 02:15:01 | team | sess_c3b11c077b30 | INFO | Message f59267e7-a51c-43bd-bd89-a6d10586271b marked as read by planner2
2026-08-10 02:15:08 | team | sess_c3b11c077b30 | INFO | [planner2] processing 1 unread messages (steer=True)
2026-08-10 02:15:08 | team | sess_c3b11c077b30 | INFO | Message d45c6171-389e-4b7c-ac95-43da940e2c07 marked as read by planner2
2026-08-10 02:16:01 | team | sess_c3b11c077b30 | INFO | team jiuwen_team_sess_c3b11c077b30 reported completed: 9 members, 4 tasks
2026-08-10 02:16:01 | team | sess_c3b11c077b30 | INFO | [planner2] received TEAM_STANDBY, pausing polls
2026-08-10 02:16:01 | team | sess_c3b11c077b30 | INFO | EventBus[teammate] pausing polls
