2026-08-10 02:05:18 | team | sess_c3b11c077b30 | INFO | Team workspace directory ensured at /srv/jwteam_clone/shared/run_current
2026-08-10 02:05:18 | team | sess_c3b11c077b30 | INFO | AgentTeam manager initialized for jiuwen_team_sess_c3b11c077b30, member=team_leader
2026-08-10 02:05:18 | team | sess_c3b11c077b30 | INFO | [team_leader] TeamPolicyRail static sections: section_names=['team_role', 'team_workflow', 'team_swarmflow', 'team_lifecycle', 'team_persona']
2026-08-10 02:05:18 | team | sess_c3b11c077b30 | INFO | Session tables ready for session sess_c3b11c077b30
2026-08-10 02:05:18 | team | sess_c3b11c077b30 | INFO | Team database initialized
2026-08-10 02:05:18 | team | default_trace_id | INFO | Team workspace directory ensured at /srv/jwteam_clone/shared/run_current
2026-08-10 02:05:18 | team | default_trace_id | INFO | AgentTeam manager initialized for jiuwen_team_sess_c3b11c077b30, member=verifier2
2026-08-10 02:05:18 | team | default_trace_id | INFO | [verifier2] TeamPolicyRail static sections: section_names=['team_role', 'team_persona']
2026-08-10 02:05:18 | team | sess_c3b11c077b30 | INFO | [verifier2] invoke start, role=teammate
2026-08-10 02:05:18 | team | sess_c3b11c077b30 | INFO | [verifier2] coordination starting
2026-08-10 02:05:18 | team | sess_c3b11c077b30 | INFO | Session tables ready for session sess_c3b11c077b30
2026-08-10 02:05:18 | team | sess_c3b11c077b30 | INFO | Workspace /srv/jwteam_clone/shared/run_current initialized as plain shared directory (version_control disabled)
2026-08-10 02:05:18 | team | sess_c3b11c077b30 | INFO | EventBus[teammate] starting
2026-08-10 02:05:38 | team | sess_c3b11c077b30 | INFO | [verifier2] HITT section refresh: human_agent_names=[]
2026-08-10 02:05:48 | team | sess_c3b11c077b30 | INFO | [verifier2] processing 1 unread messages (steer=True)
2026-08-10 02:05:48 | team | sess_c3b11c077b30 | INFO | Message 357734f9-be13-40c5-ad12-23a170d7e55b marked as read by verifier2
2026-08-10 02:06:17 | team | sess_c3b11c077b30 | INFO | [verifier2] processing 1 unread messages (steer=True)
2026-08-10 02:06:17 | team | sess_c3b11c077b30 | INFO | Message 7dfaf7ca-7aee-49bc-88ac-71fe5aba2053 marked as read by verifier2
2026-08-10 02:06:23 | team | sess_c3b11c077b30 | INFO | Message 9a48e9cb-b675-47c0-afb6-04d1a01d8a4d created
2026-08-10 02:06:34 | team | sess_c3b11c077b30 | INFO | Message 0e68648e-0cd9-4b25-9d11-3a818838d8ca created
2026-08-10 02:06:50 | team | sess_c3b11c077b30 | INFO | [verifier2] processing 1 unread messages (steer=True)
2026-08-10 02:06:50 | team | sess_c3b11c077b30 | INFO | Message 7d3f1e42-6e9f-488a-a08f-e85e84900d59 marked as read by verifier2
2026-08-10 02:07:00 | team | sess_c3b11c077b30 | INFO | Message ce622b9f-5402-4418-9b86-af6141f6612c created
2026-08-10 02:07:00 | team | sess_c3b11c077b30 | INFO | [verifier2] processing 1 unread messages (steer=True)
2026-08-10 02:07:00 | team | sess_c3b11c077b30 | INFO | Message 95168415-5934-4949-93ff-922b3efaffa0 marked as read by verifier2
2026-08-10 02:07:20 | team | sess_c3b11c077b30 | INFO | Message cd2beaf8-79a7-4f9b-b83e-d02879615c03 created
2026-08-10 02:07:20 | team | sess_c3b11c077b30 | INFO | Message 2827ae11-d7a1-4b1c-b95f-9be97ad4d3b0 created
2026-08-10 02:08:27 | team | sess_c3b11c077b30 | INFO | [verifier2] processing 1 unread messages (steer=True)
2026-08-10 02:08:27 | team | sess_c3b11c077b30 | INFO | Message b1122d0b-fdbb-4df7-9f45-ea5338a59829 marked as read by verifier2
2026-08-10 02:08:34 | team | sess_c3b11c077b30 | INFO | Message 8d84e218-9e8b-4c49-9a09-960c28bdc710 created
2026-08-10 02:09:13 | team | sess_c3b11c077b30 | INFO | [verifier2] processing 1 unread messages (steer=True)
2026-08-10 02:09:13 | team | sess_c3b11c077b30 | INFO | Message cc82203e-2c76-4523-9db7-62755c92a9c9 marked as read by verifier2
2026-08-10 02:09:28 | team | sess_c3b11c077b30 | INFO | Message 7c2c78cd-feb8-43d9-b5ec-43ce0a34e589 created
2026-08-10 02:09:28 | team | sess_c3b11c077b30 | INFO | Message 709ec1bb-d14b-433b-98f5-bd437de4ccb2 created
2026-08-10 02:09:35 | team | sess_c3b11c077b30 | INFO | [verifier2] processing 1 unread messages (steer=True)
2026-08-10 02:09:35 | team | sess_c3b11c077b30 | INFO | Message bd66b151-1966-4d40-9036-87879fed85cb marked as read by verifier2
2026-08-10 02:09:50 | team | sess_c3b11c077b30 | INFO | [verifier2] processing 1 unread messages (steer=True)
2026-08-10 02:09:50 | team | sess_c3b11c077b30 | INFO | Message d3830f2d-52c1-4d17-879b-3037aa69a602 marked as read by verifier2
2026-08-10 02:09:58 | team | sess_c3b11c077b30 | INFO | [verifier2] processing 1 unread messages (steer=True)
2026-08-10 02:09:58 | team | sess_c3b11c077b30 | INFO | Message 335dac0a-6758-4c8b-ae9a-826a47a209a2 marked as read by verifier2
2026-08-10 02:10:02 | team | sess_c3b11c077b30 | INFO | Message e9581d49-aada-4024-bfcb-49dc0cb301d3 created
2026-08-10 02:10:02 | team | sess_c3b11c077b30 | INFO | Message c60a94dd-bb90-46c0-b75f-f07c0f45cc8f created
2026-08-10 02:10:02 | team | sess_c3b11c077b30 | INFO | Message caf8f1bd-a1a2-4b28-aaab-c4f92840e025 created
2026-08-10 02:10:09 | team | sess_c3b11c077b30 | INFO | [verifier2] processing 1 unread messages (steer=True)
2026-08-10 02:10:09 | team | sess_c3b11c077b30 | INFO | Message 6bf07dff-d705-4ed9-a368-c54edea196de marked as read by verifier2
2026-08-10 02:10:15 | team | sess_c3b11c077b30 | INFO | Message e50fc120-851b-4c05-aeb7-f63f7c60f2b4 created
2026-08-10 02:10:15 | team | sess_c3b11c077b30 | INFO | Message 6ce8ff6a-fd6f-4560-bace-1f5d532ce770 created
2026-08-10 02:10:26 | team | sess_c3b11c077b30 | INFO | Message e8fdc01e-e722-42dc-856e-c296e5798319 created
2026-08-10 02:10:26 | team | sess_c3b11c077b30 | INFO | Message 62c00d0d-359f-49a4-bd75-b229c3ed6057 created
2026-08-10 02:10:28 | team | sess_c3b11c077b30 | INFO | [verifier2] processing 1 unread messages (steer=True)
2026-08-10 02:10:28 | team | sess_c3b11c077b30 | INFO | Message efc45b61-80fa-42ff-8fa0-38409f234e2e marked as read by verifier2
2026-08-10 02:10:31 | team | sess_c3b11c077b30 | INFO | Message 1c76f200-1418-4d4d-a00b-5cfe4f7c5a27 created
2026-08-10 02:10:38 | team | sess_c3b11c077b30 | INFO | [verifier2] processing 1 unread messages (steer=True)
2026-08-10 02:10:38 | team | sess_c3b11c077b30 | INFO | Message 759757c8-faf3-439b-a22a-3f3a267fd9fb marked as read by verifier2
2026-08-10 02:10:39 | team | sess_c3b11c077b30 | INFO | Message 204d69d8-2fc5-45a6-848e-481789fa4764 created
2026-08-10 02:10:51 | team | sess_c3b11c077b30 | INFO | Message 590b25b5-6bdf-40f0-ad91-cab3648d55b3 created
2026-08-10 02:10:59 | team | sess_c3b11c077b30 | INFO | Message 0cbf6757-adab-40ad-9297-8ed72e0d5dec created
2026-08-10 02:11:02 | team | sess_c3b11c077b30 | INFO | [verifier2] processing 1 unread messages (steer=True)
2026-08-10 02:11:02 | team | sess_c3b11c077b30 | INFO | Message cda58edb-48e0-4db0-965c-3de50b50f00b marked as read by verifier2
2026-08-10 02:11:13 | team | sess_c3b11c077b30 | INFO | Message 0cbbbd42-27ff-4046-a9be-96a944962e64 created
2026-08-10 02:11:13 | team | sess_c3b11c077b30 | INFO | Message 62f8e855-ff5d-41be-af99-2ba084701bfe created
2026-08-10 02:11:19 | team | sess_c3b11c077b30 | INFO | Message afce6103-047a-4687-81bc-e307c8423652 created
2026-08-10 02:11:21 | team | sess_c3b11c077b30 | INFO | [verifier2] processing 1 unread messages (steer=True)
2026-08-10 02:11:21 | team | sess_c3b11c077b30 | INFO | Message 323fd9af-b341-4a55-9a97-e85ba4c5529f marked as read by verifier2
2026-08-10 02:11:33 | team | sess_c3b11c077b30 | INFO | [verifier2] processing 1 unread messages (steer=True)
2026-08-10 02:11:33 | team | sess_c3b11c077b30 | INFO | Message 2dd89fca-9578-4373-a0ba-5c92a4864717 marked as read by verifier2
2026-08-10 02:11:33 | team | sess_c3b11c077b30 | INFO | [verifier2] processing 1 unread messages (steer=True)
2026-08-10 02:11:33 | team | sess_c3b11c077b30 | INFO | Message 13a181d7-6170-449a-a90f-d123bbb67f7d marked as read by verifier2
2026-08-10 02:11:36 | team | sess_c3b11c077b30 | INFO | [verifier2] processing 1 unread messages (steer=True)
2026-08-10 02:11:36 | team | sess_c3b11c077b30 | INFO | Message 4f5f02af-bf24-4218-b4e8-bd814686997a marked as read by verifier2
2026-08-10 02:11:40 | team | sess_c3b11c077b30 | INFO | Message 9c0a653f-e293-43b8-98fa-bfa491d81caf created
2026-08-10 02:11:40 | team | sess_c3b11c077b30 | INFO | Message e465f280-747c-4450-81d6-16c7642cabee created
2026-08-10 02:11:50 | team | sess_c3b11c077b30 | INFO | [verifier2] processing 1 unread messages (steer=True)
2026-08-10 02:11:50 | team | sess_c3b11c077b30 | INFO | Message 5573dd0b-b0cf-4d52-8d7d-fb806d812865 marked as read by verifier2
2026-08-10 02:11:56 | team | sess_c3b11c077b30 | INFO | [verifier2] processing 1 unread messages (steer=True)
2026-08-10 02:11:56 | team | sess_c3b11c077b30 | INFO | Message ed5c6622-694a-4b36-9df2-6829419605a1 marked as read by verifier2
2026-08-10 02:12:48 | team | sess_c3b11c077b30 | INFO | [verifier2] processing 1 unread messages (steer=True)
2026-08-10 02:12:48 | team | sess_c3b11c077b30 | INFO | Message b824d942-76c6-4f9f-8587-289231fded64 marked as read by verifier2
2026-08-10 02:12:59 | team | sess_c3b11c077b30 | INFO | Message f210dfa6-93a4-495e-8662-47ad734666ba created
2026-08-10 02:13:50 | team | sess_c3b11c077b30 | INFO | [verifier2] processing 1 unread messages (steer=True)
2026-08-10 02:13:51 | team | sess_c3b11c077b30 | INFO | Message b6540e86-5238-4e38-a716-f3498c51228e marked as read by verifier2
2026-08-10 02:14:08 | team | sess_c3b11c077b30 | INFO | Message 561ae92b-7bdd-404b-87cf-32a33b1cc915 created
2026-08-10 02:14:15 | team | sess_c3b11c077b30 | INFO | Message dd7e0945-c903-406b-9772-6c268c758b0a created
2026-08-10 02:14:16 | team | sess_c3b11c077b30 | INFO | [verifier2] processing 1 unread messages (steer=True)
2026-08-10 02:14:16 | team | sess_c3b11c077b30 | INFO | Message 4b8df95e-52e1-4085-9e64-42e72ac19c7e marked as read by verifier2
2026-08-10 02:14:21 | team | sess_c3b11c077b30 | INFO | [verifier2] processing 1 unread messages (steer=True)
2026-08-10 02:14:21 | team | sess_c3b11c077b30 | INFO | Message e6095671-e7be-461d-a43d-d12335778fd6 marked as read by verifier2
2026-08-10 02:14:26 | team | sess_c3b11c077b30 | INFO | Message 24e4912a-8da9-4cee-80ea-5ce6496e42b9 created
2026-08-10 02:14:36 | team | sess_c3b11c077b30 | INFO | [verifier2] processing 1 unread messages (steer=True)
2026-08-10 02:14:36 | team | sess_c3b11c077b30 | INFO | Message 0f5deedd-4c36-47ef-ba80-4dd3c3366238 marked as read by verifier2
2026-08-10 02:14:44 | team | sess_c3b11c077b30 | INFO | Message e0cd06fa-fe53-486f-9758-5b9ddc140b11 created
2026-08-10 02:14:44 | team | sess_c3b11c077b30 | INFO | Message 6df54000-7440-43e5-95f2-c3e8451c7edc created
2026-08-10 02:14:49 | team | sess_c3b11c077b30 | INFO | [verifier2] processing 1 unread messages (steer=True)
2026-08-10 02:14:49 | team | sess_c3b11c077b30 | INFO | Message 414ac87d-c433-4473-a8c0-701ae834c917 marked as read by verifier2
2026-08-10 02:14:55 | team | sess_c3b11c077b30 | INFO | task list drained for team jiuwen_team_sess_c3b11c077b30: 4 terminal task(s)
2026-08-10 02:14:58 | team | sess_c3b11c077b30 | INFO | Message 8ef0e5f9-01bd-4f76-8f0a-295fae6f241d created
2026-08-10 02:15:01 | team | sess_c3b11c077b30 | INFO | [verifier2] processing 1 unread messages (steer=True)
2026-08-10 02:15:02 | team | sess_c3b11c077b30 | INFO | Message f59267e7-a51c-43bd-bd89-a6d10586271b marked as read by verifier2
2026-08-10 02:15:08 | team | sess_c3b11c077b30 | INFO | [verifier2] processing 1 unread messages (steer=True)
2026-08-10 02:15:08 | team | sess_c3b11c077b30 | INFO | Message d45c6171-389e-4b7c-ac95-43da940e2c07 marked as read by verifier2
2026-08-10 02:15:16 | team | sess_c3b11c077b30 | INFO | Message 2ccca185-3eba-4558-8631-8f1b4492c5af created
2026-08-10 02:16:01 | team | sess_c3b11c077b30 | INFO | team jiuwen_team_sess_c3b11c077b30 reported completed: 9 members, 4 tasks
2026-08-10 02:16:01 | team | sess_c3b11c077b30 | INFO | [verifier2] received TEAM_STANDBY, pausing polls
2026-08-10 02:16:01 | team | sess_c3b11c077b30 | INFO | EventBus[teammate] pausing polls
