2026-08-10 02:05:19 | team | sess_c3b11c077b30 | INFO | Team workspace directory ensured at /srv/jwteam_clone/shared/run_current
2026-08-10 02:05:19 | team | sess_c3b11c077b30 | INFO | AgentTeam manager initialized for jiuwen_team_sess_c3b11c077b30, member=team_leader
2026-08-10 02:05:19 | team | sess_c3b11c077b30 | INFO | [team_leader] TeamPolicyRail static sections: section_names=['team_role', 'team_workflow', 'team_swarmflow', 'team_lifecycle', 'team_persona']
2026-08-10 02:05:19 | team | sess_c3b11c077b30 | INFO | Session tables ready for session sess_c3b11c077b30
2026-08-10 02:05:19 | team | sess_c3b11c077b30 | INFO | Team database initialized
2026-08-10 02:05:19 | team | default_trace_id | INFO | Team workspace directory ensured at /srv/jwteam_clone/shared/run_current
2026-08-10 02:05:19 | team | default_trace_id | INFO | AgentTeam manager initialized for jiuwen_team_sess_c3b11c077b30, member=fullstack1
2026-08-10 02:05:19 | team | default_trace_id | INFO | [fullstack1] TeamPolicyRail static sections: section_names=['team_role', 'team_persona']
2026-08-10 02:05:19 | team | sess_c3b11c077b30 | INFO | [fullstack1] invoke start, role=teammate
2026-08-10 02:05:19 | team | sess_c3b11c077b30 | INFO | [fullstack1] coordination starting
2026-08-10 02:05:19 | team | sess_c3b11c077b30 | INFO | Session tables ready for session sess_c3b11c077b30
2026-08-10 02:05:19 | team | sess_c3b11c077b30 | INFO | Workspace /srv/jwteam_clone/shared/run_current initialized as plain shared directory (version_control disabled)
2026-08-10 02:05:19 | team | sess_c3b11c077b30 | INFO | EventBus[teammate] starting
2026-08-10 02:05:38 | team | sess_c3b11c077b30 | INFO | [fullstack1] HITT section refresh: human_agent_names=[]
2026-08-10 02:05:48 | team | sess_c3b11c077b30 | INFO | [fullstack1] processing 1 unread messages (steer=True)
2026-08-10 02:05:48 | team | sess_c3b11c077b30 | INFO | Message 357734f9-be13-40c5-ad12-23a170d7e55b marked as read by fullstack1
2026-08-10 02:06:06 | team | sess_c3b11c077b30 | INFO | Message 40ffe80f-6990-4108-bc2a-32ee13221d77 created
2026-08-10 02:06:17 | team | sess_c3b11c077b30 | INFO | [fullstack1] processing 1 unread messages (steer=True)
2026-08-10 02:06:17 | team | sess_c3b11c077b30 | INFO | Message 294461b1-0278-44e3-91a3-2ca07bb1cae4 marked as read by fullstack1
2026-08-10 02:06:24 | team | sess_c3b11c077b30 | INFO | Message 9b2ff820-327d-4099-a15b-9d595e4627ed created
2026-08-10 02:09:14 | team | sess_c3b11c077b30 | INFO | Task verify claimed by member fullstack1
2026-08-10 02:09:14 | team | sess_c3b11c077b30 | INFO | Task verify claimed by member fullstack1
2026-08-10 02:09:28 | team | sess_c3b11c077b30 | INFO | [fullstack1] processing 1 unread messages (steer=True)
2026-08-10 02:09:28 | team | sess_c3b11c077b30 | INFO | Message 709ec1bb-d14b-433b-98f5-bd437de4ccb2 marked as read by fullstack1
2026-08-10 02:09:40 | team | sess_c3b11c077b30 | INFO | [fullstack1] processing 1 unread messages (steer=True)
2026-08-10 02:09:40 | team | sess_c3b11c077b30 | INFO | Message 9fc1da27-1a27-4415-84fe-edd8166e7895 marked as read by fullstack1
2026-08-10 02:09:58 | team | sess_c3b11c077b30 | INFO | Message 5def8e3e-e5b6-4d1f-a6c2-bf1f11e8b960 created
2026-08-10 02:09:58 | team | sess_c3b11c077b30 | INFO | Message 335dac0a-6758-4c8b-ae9a-826a47a209a2 created
2026-08-10 02:10:06 | team | sess_c3b11c077b30 | INFO | Message 4db89130-8272-454c-8f95-be802f6c31d0 created
2026-08-10 02:10:06 | team | sess_c3b11c077b30 | INFO | Message eff236b0-67c3-43d7-bf9a-e91b8496021c created
2026-08-10 02:10:15 | team | sess_c3b11c077b30 | INFO | [fullstack1] processing 1 unread messages (steer=True)
2026-08-10 02:10:15 | team | sess_c3b11c077b30 | INFO | Message 6ce8ff6a-fd6f-4560-bace-1f5d532ce770 marked as read by fullstack1
2026-08-10 02:10:17 | team | sess_c3b11c077b30 | INFO | [fullstack1] processing 1 unread messages (steer=True)
2026-08-10 02:10:17 | team | sess_c3b11c077b30 | INFO | Message e611c82b-881a-4b37-b43a-fff777f0443c marked as read by fullstack1
2026-08-10 02:10:20 | team | sess_c3b11c077b30 | INFO | [fullstack1] processing 1 unread messages (steer=True)
2026-08-10 02:10:20 | team | sess_c3b11c077b30 | INFO | Message e3d2daa9-f22b-4284-8eb6-27ad5de7901a marked as read by fullstack1
2026-08-10 02:10:31 | team | sess_c3b11c077b30 | INFO | [fullstack1] processing 1 unread messages (steer=True)
2026-08-10 02:10:31 | team | sess_c3b11c077b30 | INFO | Message 1c76f200-1418-4d4d-a00b-5cfe4f7c5a27 marked as read by fullstack1
2026-08-10 02:10:45 | team | sess_c3b11c077b30 | INFO | [fullstack1] processing 1 unread messages (steer=True)
2026-08-10 02:10:45 | team | sess_c3b11c077b30 | INFO | Message 5dc848af-91f2-4cdd-b90d-596df753ddda marked as read by fullstack1
2026-08-10 02:10:59 | team | sess_c3b11c077b30 | INFO | [fullstack1] processing 1 unread messages (steer=True)
2026-08-10 02:10:59 | team | sess_c3b11c077b30 | INFO | Message 0cbf6757-adab-40ad-9297-8ed72e0d5dec marked as read by fullstack1
2026-08-10 02:11:19 | team | sess_c3b11c077b30 | INFO | [fullstack1] processing 1 unread messages (steer=True)
2026-08-10 02:11:19 | team | sess_c3b11c077b30 | INFO | Message afce6103-047a-4687-81bc-e307c8423652 marked as read by fullstack1
2026-08-10 02:11:33 | team | sess_c3b11c077b30 | INFO | [fullstack1] processing 1 unread messages (steer=True)
2026-08-10 02:11:33 | team | sess_c3b11c077b30 | INFO | Message 672628ab-170a-4c42-bebc-7ab594ea60d8 marked as read by fullstack1
2026-08-10 02:11:36 | team | sess_c3b11c077b30 | INFO | Message a04bb802-df54-42cd-a1b0-f04d5440a902 created
2026-08-10 02:11:36 | team | sess_c3b11c077b30 | INFO | Message 4f5f02af-bf24-4218-b4e8-bd814686997a created
2026-08-10 02:11:40 | team | sess_c3b11c077b30 | INFO | [fullstack1] processing 1 unread messages (steer=True)
2026-08-10 02:11:40 | team | sess_c3b11c077b30 | INFO | Message e465f280-747c-4450-81d6-16c7642cabee marked as read by fullstack1
2026-08-10 02:11:50 | team | sess_c3b11c077b30 | INFO | [fullstack1] processing 1 unread messages (steer=True)
2026-08-10 02:11:50 | team | sess_c3b11c077b30 | INFO | Message 030ed273-5a72-4e29-8bcc-2314cba26022 marked as read by fullstack1
2026-08-10 02:11:50 | team | sess_c3b11c077b30 | INFO | Message 5573dd0b-b0cf-4d52-8d7d-fb806d812865 created
2026-08-10 02:12:48 | team | sess_c3b11c077b30 | INFO | Message b824d942-76c6-4f9f-8587-289231fded64 created
2026-08-10 02:12:53 | team | sess_c3b11c077b30 | INFO | Message b5aa0fc1-2b6c-4bc2-bb7e-c44088f5924b created
2026-08-10 02:12:59 | team | sess_c3b11c077b30 | INFO | [fullstack1] processing 1 unread messages (steer=True)
2026-08-10 02:12:59 | team | sess_c3b11c077b30 | INFO | Message f210dfa6-93a4-495e-8662-47ad734666ba marked as read by fullstack1
2026-08-10 02:13:01 | team | sess_c3b11c077b30 | INFO | [fullstack1] processing 1 unread messages (steer=True)
2026-08-10 02:13:01 | team | sess_c3b11c077b30 | INFO | Message d3015393-6eac-4c8b-8567-d5c63231315b marked as read by fullstack1
2026-08-10 02:13:44 | team | sess_c3b11c077b30 | INFO | Message 10796481-c0b5-4830-970d-dda461af01a2 created
2026-08-10 02:13:50 | team | sess_c3b11c077b30 | INFO | Message b6540e86-5238-4e38-a716-f3498c51228e created
2026-08-10 02:14:08 | team | sess_c3b11c077b30 | INFO | [fullstack1] processing 1 unread messages (steer=True)
2026-08-10 02:14:08 | team | sess_c3b11c077b30 | INFO | Message 561ae92b-7bdd-404b-87cf-32a33b1cc915 marked as read by fullstack1
2026-08-10 02:14:16 | team | sess_c3b11c077b30 | INFO | Message 4b8df95e-52e1-4085-9e64-42e72ac19c7e created
2026-08-10 02:14:17 | team | sess_c3b11c077b30 | INFO | [fullstack1] processing 1 unread messages (steer=True)
2026-08-10 02:14:17 | team | sess_c3b11c077b30 | INFO | Message c659a273-c4ea-4b8e-9d6e-461b113a138a marked as read by fullstack1
2026-08-10 02:14:26 | team | sess_c3b11c077b30 | INFO | [fullstack1] processing 1 unread messages (steer=True)
2026-08-10 02:14:26 | team | sess_c3b11c077b30 | INFO | Message 24e4912a-8da9-4cee-80ea-5ce6496e42b9 marked as read by fullstack1
2026-08-10 02:14:30 | team | sess_c3b11c077b30 | INFO | Message c61c12f2-11b2-4fc0-bf4e-1c2ec459d9e6 created
2026-08-10 02:14:36 | team | sess_c3b11c077b30 | INFO | Message 0f5deedd-4c36-47ef-ba80-4dd3c3366238 created
2026-08-10 02:14:44 | team | sess_c3b11c077b30 | INFO | [fullstack1] processing 1 unread messages (steer=True)
2026-08-10 02:14:44 | team | sess_c3b11c077b30 | INFO | Message 6df54000-7440-43e5-95f2-c3e8451c7edc marked as read by fullstack1
2026-08-10 02:14:49 | team | sess_c3b11c077b30 | INFO | [fullstack1] processing 1 unread messages (steer=True)
2026-08-10 02:14:49 | team | sess_c3b11c077b30 | INFO | Message 58c39df9-b466-4fb2-a797-dc81438a32d9 marked as read by fullstack1
2026-08-10 02:14:55 | team | sess_c3b11c077b30 | INFO | Task verify completed at 1786324495808
2026-08-10 02:14:55 | team | sess_c3b11c077b30 | INFO | Task verify completed
2026-08-10 02:15:01 | team | sess_c3b11c077b30 | INFO | Message f59267e7-a51c-43bd-bd89-a6d10586271b created
2026-08-10 02:15:08 | team | sess_c3b11c077b30 | INFO | [fullstack1] processing 1 unread messages (steer=True)
2026-08-10 02:15:08 | team | sess_c3b11c077b30 | INFO | Message d45c6171-389e-4b7c-ac95-43da940e2c07 marked as read by fullstack1
2026-08-10 02:15:09 | team | sess_c3b11c077b30 | INFO | [fullstack1] processing 1 unread messages (steer=True)
2026-08-10 02:15:09 | team | sess_c3b11c077b30 | INFO | Message 9e23d44a-110b-4760-832a-6925ffa10b25 marked as read by fullstack1
2026-08-10 02:15:21 | team | sess_c3b11c077b30 | INFO | Message 9a941af9-e18b-4ec7-a08d-433d82c8bd5c created
2026-08-10 02:15:27 | team | sess_c3b11c077b30 | INFO | [fullstack1] processing 1 unread messages (steer=True)
2026-08-10 02:15:27 | team | sess_c3b11c077b30 | INFO | Message fbeec320-e4c1-4361-a083-15e6db693f26 marked as read by fullstack1
2026-08-10 02:16:01 | team | sess_c3b11c077b30 | INFO | team jiuwen_team_sess_c3b11c077b30 reported completed: 9 members, 4 tasks
2026-08-10 02:16:01 | team | sess_c3b11c077b30 | INFO | [fullstack1] received TEAM_STANDBY, pausing polls
2026-08-10 02:16:01 | team | sess_c3b11c077b30 | INFO | EventBus[teammate] pausing polls
