2026-08-10 02:05:17 | team | sess_c3b11c077b30 | INFO | Team workspace directory ensured at /srv/jwteam_clone/shared/run_current
2026-08-10 02:05:17 | team | sess_c3b11c077b30 | INFO | AgentTeam manager initialized for jiuwen_team_sess_c3b11c077b30, member=team_leader
2026-08-10 02:05:17 | team | sess_c3b11c077b30 | INFO | [team_leader] TeamPolicyRail static sections: section_names=['team_role', 'team_workflow', 'team_swarmflow', 'team_lifecycle', 'team_persona']
2026-08-10 02:05:17 | team | sess_c3b11c077b30 | INFO | Session tables ready for session sess_c3b11c077b30
2026-08-10 02:05:17 | team | sess_c3b11c077b30 | INFO | Team database initialized
2026-08-10 02:05:17 | team | default_trace_id | INFO | Team workspace directory ensured at /srv/jwteam_clone/shared/run_current
2026-08-10 02:05:17 | team | default_trace_id | INFO | AgentTeam manager initialized for jiuwen_team_sess_c3b11c077b30, member=verifier1
2026-08-10 02:05:17 | team | default_trace_id | INFO | [verifier1] TeamPolicyRail static sections: section_names=['team_role', 'team_persona']
2026-08-10 02:05:17 | team | sess_c3b11c077b30 | INFO | [verifier1] invoke start, role=teammate
2026-08-10 02:05:17 | team | sess_c3b11c077b30 | INFO | [verifier1] coordination starting
2026-08-10 02:05:17 | team | sess_c3b11c077b30 | INFO | Session tables ready for session sess_c3b11c077b30
2026-08-10 02:05:17 | team | sess_c3b11c077b30 | INFO | Workspace /srv/jwteam_clone/shared/run_current initialized as plain shared directory (version_control disabled)
2026-08-10 02:05:17 | team | sess_c3b11c077b30 | INFO | EventBus[teammate] starting
2026-08-10 02:05:38 | team | sess_c3b11c077b30 | INFO | [verifier1] HITT section refresh: human_agent_names=[]
2026-08-10 02:05:48 | team | sess_c3b11c077b30 | INFO | [verifier1] processing 1 unread messages (steer=True)
2026-08-10 02:05:48 | team | sess_c3b11c077b30 | INFO | Message 357734f9-be13-40c5-ad12-23a170d7e55b marked as read by verifier1
2026-08-10 02:06:17 | team | sess_c3b11c077b30 | INFO | Message 7dfaf7ca-7aee-49bc-88ac-71fe5aba2053 created
2026-08-10 02:06:34 | team | sess_c3b11c077b30 | INFO | [verifier1] processing 1 unread messages (steer=True)
2026-08-10 02:06:34 | team | sess_c3b11c077b30 | INFO | Message 0e68648e-0cd9-4b25-9d11-3a818838d8ca marked as read by verifier1
2026-08-10 02:06:50 | team | sess_c3b11c077b30 | INFO | Message 7d3f1e42-6e9f-488a-a08f-e85e84900d59 created
2026-08-10 02:07:00 | team | sess_c3b11c077b30 | INFO | [verifier1] processing 1 unread messages (steer=True)
2026-08-10 02:07:00 | team | sess_c3b11c077b30 | INFO | Message ce622b9f-5402-4418-9b86-af6141f6612c marked as read by verifier1
2026-08-10 02:07:20 | team | sess_c3b11c077b30 | INFO | [verifier1] processing 1 unread messages (steer=True)
2026-08-10 02:07:20 | team | sess_c3b11c077b30 | INFO | Message 2827ae11-d7a1-4b1c-b95f-9be97ad4d3b0 marked as read by verifier1
2026-08-10 02:09:40 | team | sess_c3b11c077b30 | INFO | Message 9fc1da27-1a27-4415-84fe-edd8166e7895 created
2026-08-10 02:09:40 | team | sess_c3b11c077b30 | INFO | Message ed14a4bb-220a-4e92-acbb-6cacc10dd0c6 created
2026-08-10 02:09:50 | team | sess_c3b11c077b30 | INFO | Message d3830f2d-52c1-4d17-879b-3037aa69a602 created
2026-08-10 02:09:58 | team | sess_c3b11c077b30 | INFO | [verifier1] processing 1 unread messages (steer=True)
2026-08-10 02:09:58 | team | sess_c3b11c077b30 | INFO | Message 5def8e3e-e5b6-4d1f-a6c2-bf1f11e8b960 marked as read by verifier1
2026-08-10 02:10:02 | team | sess_c3b11c077b30 | INFO | [verifier1] processing 1 unread messages (steer=True)
2026-08-10 02:10:02 | team | sess_c3b11c077b30 | INFO | Message caf8f1bd-a1a2-4b28-aaab-c4f92840e025 marked as read by verifier1
2026-08-10 02:10:02 | team | sess_c3b11c077b30 | INFO | [verifier1] processing 1 unread messages (steer=True)
2026-08-10 02:10:02 | team | sess_c3b11c077b30 | INFO | Message d363ac9d-9725-4132-a7a6-750c8a333afc marked as read by verifier1
2026-08-10 02:10:15 | team | sess_c3b11c077b30 | INFO | [verifier1] processing 1 unread messages (steer=True)
2026-08-10 02:10:15 | team | sess_c3b11c077b30 | INFO | Message e50fc120-851b-4c05-aeb7-f63f7c60f2b4 marked as read by verifier1
2026-08-10 02:10:26 | team | sess_c3b11c077b30 | INFO | [verifier1] processing 1 unread messages (steer=True)
2026-08-10 02:10:26 | team | sess_c3b11c077b30 | INFO | Message e8fdc01e-e722-42dc-856e-c296e5798319 marked as read by verifier1
2026-08-10 02:10:28 | team | sess_c3b11c077b30 | INFO | Message 8ebfb58e-3ff0-4059-a3ec-e237d7802eae created
2026-08-10 02:10:28 | team | sess_c3b11c077b30 | INFO | Message efc45b61-80fa-42ff-8fa0-38409f234e2e created
2026-08-10 02:10:38 | team | sess_c3b11c077b30 | INFO | Message 759757c8-faf3-439b-a22a-3f3a267fd9fb created
2026-08-10 02:10:39 | team | sess_c3b11c077b30 | INFO | [verifier1] processing 1 unread messages (steer=True)
2026-08-10 02:10:39 | team | sess_c3b11c077b30 | INFO | Message 204d69d8-2fc5-45a6-848e-481789fa4764 marked as read by verifier1
2026-08-10 02:10:45 | team | sess_c3b11c077b30 | INFO | Message 5dc848af-91f2-4cdd-b90d-596df753ddda created
2026-08-10 02:10:51 | team | sess_c3b11c077b30 | INFO | [verifier1] processing 1 unread messages (steer=True)
2026-08-10 02:10:51 | team | sess_c3b11c077b30 | INFO | Message 590b25b5-6bdf-40f0-ad91-cab3648d55b3 marked as read by verifier1
2026-08-10 02:10:51 | team | sess_c3b11c077b30 | INFO | [verifier1] processing 1 unread messages (steer=True)
2026-08-10 02:10:51 | team | sess_c3b11c077b30 | INFO | Message 8b30735c-ab13-4708-9f67-60465cd186c2 marked as read by verifier1
2026-08-10 02:11:02 | team | sess_c3b11c077b30 | INFO | Message cda58edb-48e0-4db0-965c-3de50b50f00b created
2026-08-10 02:11:13 | team | sess_c3b11c077b30 | INFO | [verifier1] processing 1 unread messages (steer=True)
2026-08-10 02:11:13 | team | sess_c3b11c077b30 | INFO | Message 62f8e855-ff5d-41be-af99-2ba084701bfe marked as read by verifier1
2026-08-10 02:11:21 | team | sess_c3b11c077b30 | INFO | Message 111d46df-16e1-4790-8970-e2a78cf466bf created
2026-08-10 02:11:21 | team | sess_c3b11c077b30 | INFO | Message 323fd9af-b341-4a55-9a97-e85ba4c5529f created
2026-08-10 02:11:33 | team | sess_c3b11c077b30 | INFO | Message 672628ab-170a-4c42-bebc-7ab594ea60d8 created
2026-08-10 02:11:33 | team | sess_c3b11c077b30 | INFO | Message 13a181d7-6170-449a-a90f-d123bbb67f7d created
2026-08-10 02:11:36 | team | sess_c3b11c077b30 | INFO | [verifier1] processing 1 unread messages (steer=True)
2026-08-10 02:11:36 | team | sess_c3b11c077b30 | INFO | Message a04bb802-df54-42cd-a1b0-f04d5440a902 marked as read by verifier1
2026-08-10 02:11:40 | team | sess_c3b11c077b30 | INFO | [verifier1] processing 1 unread messages (steer=True)
2026-08-10 02:11:40 | team | sess_c3b11c077b30 | INFO | Message 9c0a653f-e293-43b8-98fa-bfa491d81caf marked as read by verifier1
2026-08-10 02:11:50 | team | sess_c3b11c077b30 | INFO | Message 030ed273-5a72-4e29-8bcc-2314cba26022 created
2026-08-10 02:11:56 | team | sess_c3b11c077b30 | INFO | Message ed5c6622-694a-4b36-9df2-6829419605a1 created
2026-08-10 02:12:53 | team | sess_c3b11c077b30 | INFO | [verifier1] processing 1 unread messages (steer=True)
2026-08-10 02:12:53 | team | sess_c3b11c077b30 | INFO | Message b5aa0fc1-2b6c-4bc2-bb7e-c44088f5924b marked as read by verifier1
2026-08-10 02:13:01 | team | sess_c3b11c077b30 | INFO | Message d3015393-6eac-4c8b-8567-d5c63231315b created
2026-08-10 02:14:15 | team | sess_c3b11c077b30 | INFO | [verifier1] processing 1 unread messages (steer=True)
2026-08-10 02:14:15 | team | sess_c3b11c077b30 | INFO | Message dd7e0945-c903-406b-9772-6c268c758b0a marked as read by verifier1
2026-08-10 02:14:21 | team | sess_c3b11c077b30 | INFO | Message e6095671-e7be-461d-a43d-d12335778fd6 created
2026-08-10 02:14:44 | team | sess_c3b11c077b30 | INFO | [verifier1] processing 1 unread messages (steer=True)
2026-08-10 02:14:44 | team | sess_c3b11c077b30 | INFO | Message e0cd06fa-fe53-486f-9758-5b9ddc140b11 marked as read by verifier1
2026-08-10 02:14:49 | team | sess_c3b11c077b30 | INFO | Message 414ac87d-c433-4473-a8c0-701ae834c917 created
2026-08-10 02:14:55 | team | sess_c3b11c077b30 | INFO | task list drained for team jiuwen_team_sess_c3b11c077b30: 4 terminal task(s)
2026-08-10 02:14:58 | team | sess_c3b11c077b30 | INFO | [verifier1] processing 1 unread messages (steer=True)
2026-08-10 02:14:58 | team | sess_c3b11c077b30 | INFO | Message 8ef0e5f9-01bd-4f76-8f0a-295fae6f241d marked as read by verifier1
2026-08-10 02:15:01 | team | sess_c3b11c077b30 | INFO | [verifier1] processing 1 unread messages (steer=True)
2026-08-10 02:15:02 | team | sess_c3b11c077b30 | INFO | Message f59267e7-a51c-43bd-bd89-a6d10586271b marked as read by verifier1
2026-08-10 02:15:08 | team | sess_c3b11c077b30 | INFO | [verifier1] processing 1 unread messages (steer=True)
2026-08-10 02:15:08 | team | sess_c3b11c077b30 | INFO | Message d45c6171-389e-4b7c-ac95-43da940e2c07 marked as read by verifier1
2026-08-10 02:16:01 | team | sess_c3b11c077b30 | INFO | team jiuwen_team_sess_c3b11c077b30 reported completed: 9 members, 4 tasks
2026-08-10 02:16:01 | team | sess_c3b11c077b30 | INFO | [verifier1] received TEAM_STANDBY, pausing polls
2026-08-10 02:16:01 | team | sess_c3b11c077b30 | INFO | EventBus[teammate] pausing polls
