2026-08-10 02:05:12 | team | sess_c3b11c077b30 | INFO | Team workspace directory ensured at /srv/jwteam_clone/shared/run_current
2026-08-10 02:05:12 | team | sess_c3b11c077b30 | INFO | AgentTeam manager initialized for jiuwen_team_sess_c3b11c077b30, member=team_leader
2026-08-10 02:05:12 | team | sess_c3b11c077b30 | INFO | [team_leader] TeamPolicyRail static sections: section_names=['team_role', 'team_workflow', 'team_swarmflow', 'team_lifecycle', 'team_persona']
2026-08-10 02:05:12 | team | sess_c3b11c077b30 | INFO | Session tables ready for session sess_c3b11c077b30
2026-08-10 02:05:12 | team | sess_c3b11c077b30 | INFO | Team database initialized
2026-08-10 02:05:12 | team | default_trace_id | INFO | Team workspace directory ensured at /srv/jwteam_clone/shared/run_current
2026-08-10 02:05:12 | team | default_trace_id | INFO | AgentTeam manager initialized for jiuwen_team_sess_c3b11c077b30, member=planner1
2026-08-10 02:05:12 | team | default_trace_id | INFO | [planner1] TeamPolicyRail static sections: section_names=['team_role', 'team_persona']
2026-08-10 02:05:12 | team | sess_c3b11c077b30 | INFO | [planner1] invoke start, role=teammate
2026-08-10 02:05:12 | team | sess_c3b11c077b30 | INFO | [planner1] coordination starting
2026-08-10 02:05:12 | team | sess_c3b11c077b30 | INFO | Session tables ready for session sess_c3b11c077b30
2026-08-10 02:05:12 | team | sess_c3b11c077b30 | INFO | Workspace /srv/jwteam_clone/shared/run_current initialized as plain shared directory (version_control disabled)
2026-08-10 02:05:12 | team | sess_c3b11c077b30 | INFO | EventBus[teammate] starting
2026-08-10 02:05:38 | team | sess_c3b11c077b30 | INFO | [planner1] HITT section refresh: human_agent_names=[]
2026-08-10 02:05:46 | team | sess_c3b11c077b30 | INFO | Task plan claimed by member planner1
2026-08-10 02:05:46 | team | sess_c3b11c077b30 | INFO | Task plan claimed by member planner1
2026-08-10 02:05:48 | team | sess_c3b11c077b30 | INFO | [planner1] processing 1 unread messages (steer=True)
2026-08-10 02:05:48 | team | sess_c3b11c077b30 | INFO | Message 357734f9-be13-40c5-ad12-23a170d7e55b marked as read by planner1
2026-08-10 02:06:15 | team | sess_c3b11c077b30 | INFO | [planner1] processing 1 unread messages (steer=True)
2026-08-10 02:06:15 | team | sess_c3b11c077b30 | INFO | Message a725dccb-bed9-43ec-a5a6-e72d72efc74e marked as read by planner1
2026-08-10 02:06:23 | team | sess_c3b11c077b30 | INFO | [planner1] processing 1 unread messages (steer=True)
2026-08-10 02:06:23 | team | sess_c3b11c077b30 | INFO | Message 9a48e9cb-b675-47c0-afb6-04d1a01d8a4d marked as read by planner1
2026-08-10 02:06:44 | team | sess_c3b11c077b30 | INFO | Message 79d2c83f-9098-4eea-8e3a-72b5e74555eb created
2026-08-10 02:07:00 | team | sess_c3b11c077b30 | INFO | Message 95168415-5934-4949-93ff-922b3efaffa0 created
2026-08-10 02:07:15 | team | sess_c3b11c077b30 | INFO | [planner1] processing 1 unread messages (steer=True)
2026-08-10 02:07:15 | team | sess_c3b11c077b30 | INFO | Message 8a3411a1-748c-4ea9-b837-569bd0d34b1d marked as read by planner1
2026-08-10 02:07:20 | team | sess_c3b11c077b30 | INFO | [planner1] processing 1 unread messages (steer=True)
2026-08-10 02:07:20 | team | sess_c3b11c077b30 | INFO | Message cd2beaf8-79a7-4f9b-b83e-d02879615c03 marked as read by planner1
2026-08-10 02:07:25 | team | sess_c3b11c077b30 | INFO | Message 1640684d-4f1a-4c47-ad11-d122210e53a3 created
2026-08-10 02:07:25 | team | sess_c3b11c077b30 | INFO | Message 4cbb5962-d60e-44ae-98e8-9b23fa3c1e7a created
2026-08-10 02:07:34 | team | sess_c3b11c077b30 | INFO | [planner1] processing 1 unread messages (steer=True)
2026-08-10 02:07:34 | team | sess_c3b11c077b30 | INFO | Message c8672a70-025f-4e3a-bd69-4ca596737e07 marked as read by planner1
2026-08-10 02:07:37 | team | sess_c3b11c077b30 | INFO | Message 8ae8b300-d346-4a4b-a052-9f23226a81a2 created
2026-08-10 02:07:44 | team | sess_c3b11c077b30 | INFO | Task plan completed at 1786324064310
2026-08-10 02:07:44 | team | sess_c3b11c077b30 | INFO | Resolved 2 dependencies for task plan
2026-08-10 02:07:44 | team | sess_c3b11c077b30 | INFO | Task implement-config unblocked (all deps resolved)
2026-08-10 02:07:44 | team | sess_c3b11c077b30 | INFO | Task implement-imports unblocked (all deps resolved)
2026-08-10 02:07:44 | team | sess_c3b11c077b30 | INFO | Task plan completed
2026-08-10 02:07:44 | team | sess_c3b11c077b30 | INFO | Unblocked 2 tasks
2026-08-10 02:07:54 | team | sess_c3b11c077b30 | INFO | Message 9a5cf5c1-61bb-42c3-9ea8-d4a89bbfa4cf created
2026-08-10 02:07:54 | team | sess_c3b11c077b30 | INFO | Message 8ee63b3b-8d74-4c57-b052-daceeab7ab2a created
2026-08-10 02:14:55 | team | sess_c3b11c077b30 | INFO | task list drained for team jiuwen_team_sess_c3b11c077b30: 4 terminal task(s)
2026-08-10 02:15:01 | team | sess_c3b11c077b30 | INFO | [planner1] processing 1 unread messages (steer=True)
2026-08-10 02:15:01 | team | sess_c3b11c077b30 | INFO | Message f59267e7-a51c-43bd-bd89-a6d10586271b marked as read by planner1
2026-08-10 02:15:08 | team | sess_c3b11c077b30 | INFO | [planner1] processing 1 unread messages (steer=True)
2026-08-10 02:15:08 | team | sess_c3b11c077b30 | INFO | Message d45c6171-389e-4b7c-ac95-43da940e2c07 marked as read by planner1
2026-08-10 02:16:01 | team | sess_c3b11c077b30 | INFO | team jiuwen_team_sess_c3b11c077b30 reported completed: 9 members, 4 tasks
2026-08-10 02:16:01 | team | sess_c3b11c077b30 | INFO | [planner1] received TEAM_STANDBY, pausing polls
2026-08-10 02:16:01 | team | sess_c3b11c077b30 | INFO | EventBus[teammate] pausing polls
