2026-08-10 02:05:14 | team | sess_c3b11c077b30 | INFO | Team workspace directory ensured at /srv/jwteam_clone/shared/run_current
2026-08-10 02:05:14 | team | sess_c3b11c077b30 | INFO | AgentTeam manager initialized for jiuwen_team_sess_c3b11c077b30, member=team_leader
2026-08-10 02:05:14 | team | sess_c3b11c077b30 | INFO | [team_leader] TeamPolicyRail static sections: section_names=['team_role', 'team_workflow', 'team_swarmflow', 'team_lifecycle', 'team_persona']
2026-08-10 02:05:15 | team | sess_c3b11c077b30 | INFO | Session tables ready for session sess_c3b11c077b30
2026-08-10 02:05:15 | team | sess_c3b11c077b30 | INFO | Team database initialized
2026-08-10 02:05:15 | team | default_trace_id | INFO | Team workspace directory ensured at /srv/jwteam_clone/shared/run_current
2026-08-10 02:05:15 | team | default_trace_id | INFO | AgentTeam manager initialized for jiuwen_team_sess_c3b11c077b30, member=executor2
2026-08-10 02:05:15 | team | default_trace_id | INFO | [executor2] TeamPolicyRail static sections: section_names=['team_role', 'team_persona']
2026-08-10 02:05:15 | team | sess_c3b11c077b30 | INFO | [executor2] invoke start, role=teammate
2026-08-10 02:05:15 | team | sess_c3b11c077b30 | INFO | [executor2] coordination starting
2026-08-10 02:05:15 | team | sess_c3b11c077b30 | INFO | Session tables ready for session sess_c3b11c077b30
2026-08-10 02:05:15 | team | sess_c3b11c077b30 | INFO | Workspace /srv/jwteam_clone/shared/run_current initialized as plain shared directory (version_control disabled)
2026-08-10 02:05:15 | team | sess_c3b11c077b30 | INFO | EventBus[teammate] starting
2026-08-10 02:05:38 | team | sess_c3b11c077b30 | INFO | [executor2] HITT section refresh: human_agent_names=[]
2026-08-10 02:05:48 | team | sess_c3b11c077b30 | INFO | [executor2] processing 1 unread messages (steer=True)
2026-08-10 02:05:48 | team | sess_c3b11c077b30 | INFO | Message 357734f9-be13-40c5-ad12-23a170d7e55b marked as read by executor2
2026-08-10 02:14:55 | team | sess_c3b11c077b30 | INFO | task list drained for team jiuwen_team_sess_c3b11c077b30: 4 terminal task(s)
2026-08-10 02:15:01 | team | sess_c3b11c077b30 | INFO | [executor2] processing 1 unread messages (steer=True)
2026-08-10 02:15:01 | team | sess_c3b11c077b30 | INFO | Message f59267e7-a51c-43bd-bd89-a6d10586271b marked as read by executor2
2026-08-10 02:15:08 | team | sess_c3b11c077b30 | INFO | [executor2] processing 1 unread messages (steer=True)
2026-08-10 02:15:08 | team | sess_c3b11c077b30 | INFO | Message d45c6171-389e-4b7c-ac95-43da940e2c07 marked as read by executor2
2026-08-10 02:16:01 | team | sess_c3b11c077b30 | INFO | team jiuwen_team_sess_c3b11c077b30 reported completed: 9 members, 4 tasks
2026-08-10 02:16:01 | team | sess_c3b11c077b30 | INFO | [executor2] received TEAM_STANDBY, pausing polls
2026-08-10 02:16:01 | team | sess_c3b11c077b30 | INFO | EventBus[teammate] pausing polls
