2026-08-08 21:20:26 | team | sess_9f1b20aa4c51 | INFO | Team workspace directory ensured at /srv/jwteam_clone/shared/run_current
2026-08-08 21:20:26 | team | sess_9f1b20aa4c51 | INFO | AgentTeam manager initialized for jiuwen_team_sess_9f1b20aa4c51, member=team_leader
2026-08-08 21:20:26 | team | sess_9f1b20aa4c51 | INFO | [team_leader] TeamPolicyRail static sections: section_names=['team_role', 'team_workflow', 'team_swarmflow', 'team_lifecycle', 'team_persona']
2026-08-08 21:20:27 | team | sess_9f1b20aa4c51 | INFO | Session tables ready for session sess_9f1b20aa4c51
2026-08-08 21:20:27 | team | sess_9f1b20aa4c51 | INFO | Team database initialized
2026-08-08 21:20:27 | team | default_trace_id | INFO | Team workspace directory ensured at /srv/jwteam_clone/shared/run_current
2026-08-08 21:20:27 | team | default_trace_id | INFO | AgentTeam manager initialized for jiuwen_team_sess_9f1b20aa4c51, member=fullstack1
2026-08-08 21:20:27 | team | default_trace_id | INFO | [fullstack1] TeamPolicyRail static sections: section_names=['team_role', 'team_persona']
2026-08-08 21:20:27 | team | sess_9f1b20aa4c51 | INFO | [fullstack1] invoke start, role=teammate
2026-08-08 21:20:27 | team | sess_9f1b20aa4c51 | INFO | [fullstack1] coordination starting
2026-08-08 21:20:27 | team | sess_9f1b20aa4c51 | INFO | Session tables ready for session sess_9f1b20aa4c51
2026-08-08 21:20:27 | team | sess_9f1b20aa4c51 | INFO | Workspace /srv/jwteam_clone/shared/run_current initialized as plain shared directory (version_control disabled)
2026-08-08 21:20:27 | team | sess_9f1b20aa4c51 | INFO | EventBus[teammate] starting
2026-08-08 21:21:19 | team | sess_9f1b20aa4c51 | INFO | [fullstack1] HITT section refresh: human_agent_names=[]
2026-08-08 21:21:31 | team | sess_9f1b20aa4c51 | INFO | [fullstack1] processing 1 unread messages (steer=True)
2026-08-08 21:21:31 | team | sess_9f1b20aa4c51 | INFO | Message 4928102d-7bb2-4860-a2b0-ee4a8c8691c8 marked as read by fullstack1
2026-08-08 21:21:46 | team | sess_9f1b20aa4c51 | INFO | Message b560a6ed-f750-451e-b043-babfcdc2393a created
2026-08-08 21:22:35 | team | sess_9f1b20aa4c51 | INFO | Message 72cad10c-c2e6-4136-a27c-ae2a96b4504c created
2026-08-08 21:22:35 | team | sess_9f1b20aa4c51 | INFO | Message 0e1ab805-743e-4501-97cd-31219f4c1a0e created
2026-08-08 21:22:43 | team | sess_9f1b20aa4c51 | INFO | Task implement-circular claimed by member fullstack1
2026-08-08 21:22:43 | team | sess_9f1b20aa4c51 | INFO | Task implement-circular claimed by member fullstack1
2026-08-08 21:22:56 | team | sess_9f1b20aa4c51 | INFO | [fullstack1] processing 1 unread messages (steer=True)
2026-08-08 21:22:56 | team | sess_9f1b20aa4c51 | INFO | Message 4983e6fc-18a9-4366-8404-546c4dc3e316 marked as read by fullstack1
2026-08-08 21:23:05 | team | sess_9f1b20aa4c51 | INFO | [fullstack1] processing 1 unread messages (steer=True)
2026-08-08 21:23:05 | team | sess_9f1b20aa4c51 | INFO | Message 8819aa8c-562d-412c-9211-cdbb7da85abd marked as read by fullstack1
2026-08-08 21:23:23 | team | sess_9f1b20aa4c51 | INFO | [fullstack1] processing 1 unread messages (steer=True)
2026-08-08 21:23:23 | team | sess_9f1b20aa4c51 | INFO | Message 89c39f09-ed78-477f-9552-f74fef114389 marked as read by fullstack1
2026-08-08 21:23:34 | team | sess_9f1b20aa4c51 | INFO | Task implement-circular completed at 1786220614518
2026-08-08 21:23:34 | team | sess_9f1b20aa4c51 | INFO | Message 17afd572-f262-4036-ae35-5302b97d2dff created
2026-08-08 21:23:34 | team | sess_9f1b20aa4c51 | INFO | Resolved 2 dependencies for task implement-circular
2026-08-08 21:23:34 | team | sess_9f1b20aa4c51 | INFO | Task verify-1 unblocked (all deps resolved)
2026-08-08 21:23:34 | team | sess_9f1b20aa4c51 | INFO | Task verify-2 unblocked (all deps resolved)
2026-08-08 21:23:34 | team | sess_9f1b20aa4c51 | INFO | Task implement-circular completed
2026-08-08 21:23:34 | team | sess_9f1b20aa4c51 | INFO | Unblocked 2 tasks
2026-08-08 21:23:38 | team | sess_9f1b20aa4c51 | INFO | Message dbd46e4e-42a3-4fdf-8a47-ddee675ef97d created
2026-08-08 21:23:38 | team | sess_9f1b20aa4c51 | INFO | Message a0d0b836-4ebe-4d9b-bf8c-d1f5838c2bf5 created
2026-08-08 21:23:48 | team | sess_9f1b20aa4c51 | INFO | Message 49ca456c-f000-4f86-9cfb-63d6aa5611ce created
2026-08-08 21:24:03 | team | sess_9f1b20aa4c51 | INFO | [fullstack1] processing 1 unread messages (steer=True)
2026-08-08 21:24:03 | team | sess_9f1b20aa4c51 | INFO | Message 7a08acbf-e7a0-4e0a-a95e-02784e91866e marked as read by fullstack1
2026-08-08 21:24:23 | team | sess_9f1b20aa4c51 | INFO | Message 6a94a302-77df-45b4-9c6d-9d9acbbf61a5 created
2026-08-08 21:24:35 | team | sess_9f1b20aa4c51 | INFO | [fullstack1] processing 1 unread messages (steer=True)
2026-08-08 21:24:35 | team | sess_9f1b20aa4c51 | INFO | Message e33f0a3c-bca1-4bfb-881d-d73e5bee73b0 marked as read by fullstack1
2026-08-08 21:24:56 | team | sess_9f1b20aa4c51 | INFO | Message 90f92334-7e64-4077-93f3-a01761aff549 created
2026-08-08 21:25:22 | team | sess_9f1b20aa4c51 | INFO | [fullstack1] processing 1 unread messages (steer=True)
2026-08-08 21:25:22 | team | sess_9f1b20aa4c51 | INFO | Message 801abe54-ff25-4841-8640-95ff9670a863 marked as read by fullstack1
2026-08-08 21:26:39 | team | sess_9f1b20aa4c51 | INFO | task list drained for team jiuwen_team_sess_9f1b20aa4c51: 5 terminal task(s)
2026-08-08 21:26:49 | team | sess_9f1b20aa4c51 | INFO | [fullstack1] processing 1 unread messages (steer=True)
2026-08-08 21:26:49 | team | sess_9f1b20aa4c51 | INFO | Message 1b6bd675-4bbd-490f-a00f-fa092f5fccbf marked as read by fullstack1
2026-08-08 21:26:54 | team | sess_9f1b20aa4c51 | INFO | [fullstack1] processing 1 unread messages (steer=True)
2026-08-08 21:26:54 | team | sess_9f1b20aa4c51 | INFO | Message 08eb329c-adbf-424a-b361-c21994667f08 marked as read by fullstack1
2026-08-08 21:27:32 | team | sess_9f1b20aa4c51 | INFO | team jiuwen_team_sess_9f1b20aa4c51 reported completed: 9 members, 5 tasks
2026-08-08 21:27:32 | team | sess_9f1b20aa4c51 | INFO | [fullstack1] received TEAM_STANDBY, pausing polls
2026-08-08 21:27:32 | team | sess_9f1b20aa4c51 | INFO | EventBus[teammate] pausing polls
