2026-08-08 21:20:24 | team | sess_9f1b20aa4c51 | INFO | Team workspace directory ensured at /srv/jwteam_clone/shared/run_current
2026-08-08 21:20:24 | team | sess_9f1b20aa4c51 | INFO | AgentTeam manager initialized for jiuwen_team_sess_9f1b20aa4c51, member=team_leader
2026-08-08 21:20:24 | team | sess_9f1b20aa4c51 | INFO | [team_leader] TeamPolicyRail static sections: section_names=['team_role', 'team_workflow', 'team_swarmflow', 'team_lifecycle', 'team_persona']
2026-08-08 21:20:24 | team | sess_9f1b20aa4c51 | INFO | Session tables ready for session sess_9f1b20aa4c51
2026-08-08 21:20:24 | team | sess_9f1b20aa4c51 | INFO | Team database initialized
2026-08-08 21:20:24 | team | default_trace_id | INFO | Team workspace directory ensured at /srv/jwteam_clone/shared/run_current
2026-08-08 21:20:24 | team | default_trace_id | INFO | AgentTeam manager initialized for jiuwen_team_sess_9f1b20aa4c51, member=verifier1
2026-08-08 21:20:24 | team | default_trace_id | INFO | [verifier1] TeamPolicyRail static sections: section_names=['team_role', 'team_persona']
2026-08-08 21:20:24 | team | sess_9f1b20aa4c51 | INFO | [verifier1] invoke start, role=teammate
2026-08-08 21:20:24 | team | sess_9f1b20aa4c51 | INFO | [verifier1] coordination starting
2026-08-08 21:20:24 | team | sess_9f1b20aa4c51 | INFO | Session tables ready for session sess_9f1b20aa4c51
2026-08-08 21:20:24 | team | sess_9f1b20aa4c51 | INFO | Workspace /srv/jwteam_clone/shared/run_current initialized as plain shared directory (version_control disabled)
2026-08-08 21:20:24 | team | sess_9f1b20aa4c51 | INFO | EventBus[teammate] starting
2026-08-08 21:21:19 | team | sess_9f1b20aa4c51 | INFO | [verifier1] HITT section refresh: human_agent_names=[]
2026-08-08 21:21:31 | team | sess_9f1b20aa4c51 | INFO | [verifier1] processing 1 unread messages (steer=True)
2026-08-08 21:21:31 | team | sess_9f1b20aa4c51 | INFO | Message 4928102d-7bb2-4860-a2b0-ee4a8c8691c8 marked as read by verifier1
2026-08-08 21:21:56 | team | sess_9f1b20aa4c51 | INFO | Message 72d5f00a-76bc-45f6-a1da-684b18d2bd4a created
2026-08-08 21:22:49 | team | sess_9f1b20aa4c51 | INFO | Message d467d086-0468-470a-a13c-775bc7687847 created
2026-08-08 21:23:01 | team | sess_9f1b20aa4c51 | INFO | [verifier1] processing 1 unread messages (steer=True)
2026-08-08 21:23:01 | team | sess_9f1b20aa4c51 | INFO | Message b677a16b-d5fc-43f9-9e31-280dfc4452e0 marked as read by verifier1
2026-08-08 21:23:08 | team | sess_9f1b20aa4c51 | INFO | [verifier1] processing 1 unread messages (steer=True)
2026-08-08 21:23:08 | team | sess_9f1b20aa4c51 | INFO | Message cc76f646-1467-4719-918c-c5d392093094 marked as read by verifier1
2026-08-08 21:23:10 | team | sess_9f1b20aa4c51 | INFO | Message d6db7b24-dddd-41fa-917d-3ba8f36ccdfa created
2026-08-08 21:23:12 | team | sess_9f1b20aa4c51 | INFO | [verifier1] processing 1 unread messages (steer=True)
2026-08-08 21:23:12 | team | sess_9f1b20aa4c51 | INFO | Message 96520d73-554f-4a71-a2bc-d1f8d0f32148 marked as read by verifier1
2026-08-08 21:23:21 | team | sess_9f1b20aa4c51 | INFO | Message 30fb7222-6bf3-47a5-aac9-a28ab2702a1f created
2026-08-08 21:23:23 | team | sess_9f1b20aa4c51 | INFO | [verifier1] processing 1 unread messages (steer=True)
2026-08-08 21:23:23 | team | sess_9f1b20aa4c51 | INFO | Message e8b2d28f-0460-4482-a5e2-c680de4a6697 marked as read by verifier1
2026-08-08 21:23:35 | team | sess_9f1b20aa4c51 | INFO | Task verify-1 claimed by member verifier1
2026-08-08 21:23:35 | team | sess_9f1b20aa4c51 | INFO | Task verify-1 claimed by member verifier1
2026-08-08 21:23:38 | team | sess_9f1b20aa4c51 | INFO | [verifier1] processing 1 unread messages (steer=True)
2026-08-08 21:23:38 | team | sess_9f1b20aa4c51 | INFO | Message dbd46e4e-42a3-4fdf-8a47-ddee675ef97d marked as read by verifier1
2026-08-08 21:24:03 | team | sess_9f1b20aa4c51 | INFO | Message 7a08acbf-e7a0-4e0a-a95e-02784e91866e created
2026-08-08 21:24:03 | team | sess_9f1b20aa4c51 | INFO | Message 8c200f6c-8593-4654-bb12-fcf1e093f929 created
2026-08-08 21:24:18 | team | sess_9f1b20aa4c51 | INFO | [verifier1] processing 1 unread messages (steer=True)
2026-08-08 21:24:18 | team | sess_9f1b20aa4c51 | INFO | Message ddc0d094-b1df-46bb-9c8d-79812b3d91a6 marked as read by verifier1
2026-08-08 21:24:23 | team | sess_9f1b20aa4c51 | INFO | [verifier1] processing 1 unread messages (steer=True)
2026-08-08 21:24:23 | team | sess_9f1b20aa4c51 | INFO | Message 6a94a302-77df-45b4-9c6d-9d9acbbf61a5 marked as read by verifier1
2026-08-08 21:24:26 | team | sess_9f1b20aa4c51 | INFO | [verifier1] processing 1 unread messages (steer=True)
2026-08-08 21:24:26 | team | sess_9f1b20aa4c51 | INFO | Message 12e84285-847d-43b8-9d46-bce231b02b42 marked as read by verifier1
2026-08-08 21:24:28 | team | sess_9f1b20aa4c51 | INFO | Message a4912057-cb82-418d-87d6-36cf509bc1cd created
2026-08-08 21:25:18 | team | sess_9f1b20aa4c51 | INFO | Message 92374702-ab1d-4be1-b3a9-7a38d384f0dd created
2026-08-08 21:25:22 | team | sess_9f1b20aa4c51 | INFO | Task verify-1 completed at 1786220722640
2026-08-08 21:25:22 | team | sess_9f1b20aa4c51 | INFO | Message 56371aa6-cd09-4d50-b492-99da3f221cde created
2026-08-08 21:25:22 | team | sess_9f1b20aa4c51 | INFO | Message 801abe54-ff25-4841-8640-95ff9670a863 created
2026-08-08 21:25:22 | team | sess_9f1b20aa4c51 | INFO | Task verify-1 completed
2026-08-08 21:26:17 | team | sess_9f1b20aa4c51 | INFO | [verifier1] processing 1 unread messages (steer=True)
2026-08-08 21:26:17 | team | sess_9f1b20aa4c51 | INFO | Message 7d138469-c690-4284-8766-47063d45a22c marked as read by verifier1
2026-08-08 21:26:39 | team | sess_9f1b20aa4c51 | INFO | task list drained for team jiuwen_team_sess_9f1b20aa4c51: 5 terminal task(s)
2026-08-08 21:26:54 | team | sess_9f1b20aa4c51 | INFO | [verifier1] processing 1 unread messages (steer=True)
2026-08-08 21:26:54 | team | sess_9f1b20aa4c51 | INFO | Message 08eb329c-adbf-424a-b361-c21994667f08 marked as read by verifier1
2026-08-08 21:27:32 | team | sess_9f1b20aa4c51 | INFO | team jiuwen_team_sess_9f1b20aa4c51 reported completed: 9 members, 5 tasks
2026-08-08 21:27:32 | team | sess_9f1b20aa4c51 | INFO | [verifier1] received TEAM_STANDBY, pausing polls
2026-08-08 21:27:32 | team | sess_9f1b20aa4c51 | INFO | EventBus[teammate] pausing polls
