2026-08-08 21:20:21 | team | sess_9f1b20aa4c51 | INFO | Team workspace directory ensured at /srv/jwteam_clone/shared/run_current
2026-08-08 21:20:21 | team | sess_9f1b20aa4c51 | INFO | AgentTeam manager initialized for jiuwen_team_sess_9f1b20aa4c51, member=team_leader
2026-08-08 21:20:21 | team | sess_9f1b20aa4c51 | INFO | [team_leader] TeamPolicyRail static sections: section_names=['team_role', 'team_workflow', 'team_swarmflow', 'team_lifecycle', 'team_persona']
2026-08-08 21:20:21 | team | sess_9f1b20aa4c51 | INFO | Session tables ready for session sess_9f1b20aa4c51
2026-08-08 21:20:21 | team | sess_9f1b20aa4c51 | INFO | Team database initialized
2026-08-08 21:20:21 | team | default_trace_id | INFO | Team workspace directory ensured at /srv/jwteam_clone/shared/run_current
2026-08-08 21:20:21 | team | default_trace_id | INFO | AgentTeam manager initialized for jiuwen_team_sess_9f1b20aa4c51, member=executor1
2026-08-08 21:20:21 | team | default_trace_id | INFO | [executor1] TeamPolicyRail static sections: section_names=['team_role', 'team_persona']
2026-08-08 21:20:21 | team | sess_9f1b20aa4c51 | INFO | [executor1] invoke start, role=teammate
2026-08-08 21:20:21 | team | sess_9f1b20aa4c51 | INFO | [executor1] coordination starting
2026-08-08 21:20:21 | team | sess_9f1b20aa4c51 | INFO | Session tables ready for session sess_9f1b20aa4c51
2026-08-08 21:20:21 | team | sess_9f1b20aa4c51 | INFO | Workspace /srv/jwteam_clone/shared/run_current initialized as plain shared directory (version_control disabled)
2026-08-08 21:20:21 | team | sess_9f1b20aa4c51 | INFO | EventBus[teammate] starting
2026-08-08 21:21:19 | team | sess_9f1b20aa4c51 | INFO | [executor1] HITT section refresh: human_agent_names=[]
2026-08-08 21:21:31 | team | sess_9f1b20aa4c51 | INFO | [executor1] processing 1 unread messages (steer=True)
2026-08-08 21:21:31 | team | sess_9f1b20aa4c51 | INFO | Message 4928102d-7bb2-4860-a2b0-ee4a8c8691c8 marked as read by executor1
2026-08-08 21:21:41 | team | sess_9f1b20aa4c51 | INFO | Message 4d249976-2ea7-48f2-94b4-7f42b993bf08 created
2026-08-08 21:22:16 | team | sess_9f1b20aa4c51 | INFO | [executor1] processing 1 unread messages (steer=True)
2026-08-08 21:22:16 | team | sess_9f1b20aa4c51 | INFO | Message 74f4d1b0-8ca1-4cd4-9a85-b36b46805a40 marked as read by executor1
2026-08-08 21:22:35 | team | sess_9f1b20aa4c51 | INFO | [executor1] processing 1 unread messages (steer=True)
2026-08-08 21:22:35 | team | sess_9f1b20aa4c51 | INFO | Message 72cad10c-c2e6-4136-a27c-ae2a96b4504c marked as read by executor1
2026-08-08 21:23:05 | team | sess_9f1b20aa4c51 | INFO | Message 8819aa8c-562d-412c-9211-cdbb7da85abd created
2026-08-08 21:23:23 | team | sess_9f1b20aa4c51 | INFO | Message e8b2d28f-0460-4482-a5e2-c680de4a6697 created
2026-08-08 21:23:23 | team | sess_9f1b20aa4c51 | INFO | Message 89c39f09-ed78-477f-9552-f74fef114389 created
2026-08-08 21:23:23 | team | sess_9f1b20aa4c51 | INFO | Message bd3922b0-7309-447e-97ef-66085a6c07ea created
2026-08-08 21:23:34 | team | sess_9f1b20aa4c51 | INFO | [executor1] processing 1 unread messages (steer=True)
2026-08-08 21:23:34 | team | sess_9f1b20aa4c51 | INFO | Message 17afd572-f262-4036-ae35-5302b97d2dff marked as read by executor1
2026-08-08 21:23:35 | team | sess_9f1b20aa4c51 | INFO | [executor1] processing 1 unread messages (steer=True)
2026-08-08 21:23:35 | team | sess_9f1b20aa4c51 | INFO | Message 0ce9c433-3b65-417f-8ca8-3dea6a74e504 marked as read by executor1
2026-08-08 21:23:47 | team | sess_9f1b20aa4c51 | INFO | Message d0ec298c-85ac-4192-bacc-85a393f3f1da created
2026-08-08 21:26:39 | team | sess_9f1b20aa4c51 | INFO | task list drained for team jiuwen_team_sess_9f1b20aa4c51: 5 terminal task(s)
2026-08-08 21:26:54 | team | sess_9f1b20aa4c51 | INFO | [executor1] processing 1 unread messages (steer=True)
2026-08-08 21:26:54 | team | sess_9f1b20aa4c51 | INFO | Message 08eb329c-adbf-424a-b361-c21994667f08 marked as read by executor1
2026-08-08 21:27:32 | team | sess_9f1b20aa4c51 | INFO | team jiuwen_team_sess_9f1b20aa4c51 reported completed: 9 members, 5 tasks
2026-08-08 21:27:32 | team | sess_9f1b20aa4c51 | INFO | [executor1] received TEAM_STANDBY, pausing polls
2026-08-08 21:27:32 | team | sess_9f1b20aa4c51 | INFO | EventBus[teammate] pausing polls
