2026-08-08 21:20:19 | team | sess_9f1b20aa4c51 | INFO | Team workspace directory ensured at /srv/jwteam_clone/shared/run_current
2026-08-08 21:20:19 | team | sess_9f1b20aa4c51 | INFO | AgentTeam manager initialized for jiuwen_team_sess_9f1b20aa4c51, member=team_leader
2026-08-08 21:20:19 | team | sess_9f1b20aa4c51 | INFO | [team_leader] TeamPolicyRail static sections: section_names=['team_role', 'team_workflow', 'team_swarmflow', 'team_lifecycle', 'team_persona']
2026-08-08 21:20:19 | team | sess_9f1b20aa4c51 | INFO | Session tables ready for session sess_9f1b20aa4c51
2026-08-08 21:20:19 | team | sess_9f1b20aa4c51 | INFO | Team database initialized
2026-08-08 21:20:19 | team | default_trace_id | INFO | Team workspace directory ensured at /srv/jwteam_clone/shared/run_current
2026-08-08 21:20:19 | team | default_trace_id | INFO | AgentTeam manager initialized for jiuwen_team_sess_9f1b20aa4c51, member=planner1
2026-08-08 21:20:19 | team | default_trace_id | INFO | [planner1] TeamPolicyRail static sections: section_names=['team_role', 'team_persona']
2026-08-08 21:20:19 | team | sess_9f1b20aa4c51 | INFO | [planner1] invoke start, role=teammate
2026-08-08 21:20:19 | team | sess_9f1b20aa4c51 | INFO | [planner1] coordination starting
2026-08-08 21:20:19 | team | sess_9f1b20aa4c51 | INFO | Session tables ready for session sess_9f1b20aa4c51
2026-08-08 21:20:19 | team | sess_9f1b20aa4c51 | INFO | Workspace /srv/jwteam_clone/shared/run_current initialized as plain shared directory (version_control disabled)
2026-08-08 21:20:19 | team | sess_9f1b20aa4c51 | INFO | EventBus[teammate] starting
2026-08-08 21:21:19 | team | sess_9f1b20aa4c51 | INFO | [planner1] HITT section refresh: human_agent_names=[]
2026-08-08 21:21:26 | team | sess_9f1b20aa4c51 | INFO | Task plan-all claimed by member planner1
2026-08-08 21:21:26 | team | sess_9f1b20aa4c51 | INFO | Task plan-all claimed by member planner1
2026-08-08 21:21:31 | team | sess_9f1b20aa4c51 | INFO | [planner1] processing 1 unread messages (steer=True)
2026-08-08 21:21:31 | team | sess_9f1b20aa4c51 | INFO | Message 4928102d-7bb2-4860-a2b0-ee4a8c8691c8 marked as read by planner1
2026-08-08 21:22:16 | team | sess_9f1b20aa4c51 | INFO | Message 74f4d1b0-8ca1-4cd4-9a85-b36b46805a40 created
2026-08-08 21:22:16 | team | sess_9f1b20aa4c51 | INFO | Message 82bd24e1-db7f-4af1-8ed8-1c240cf0dc94 created
2026-08-08 21:22:23 | team | sess_9f1b20aa4c51 | INFO | Task plan-all completed at 1786220543707
2026-08-08 21:22:23 | team | sess_9f1b20aa4c51 | INFO | Message bef6bf57-002e-47cd-9e7e-14e843d5bb93 created
2026-08-08 21:22:23 | team | sess_9f1b20aa4c51 | INFO | Resolved 2 dependencies for task plan-all
2026-08-08 21:22:23 | team | sess_9f1b20aa4c51 | INFO | Task implement-circular unblocked (all deps resolved)
2026-08-08 21:22:23 | team | sess_9f1b20aa4c51 | INFO | Task implement-stale-and-moved unblocked (all deps resolved)
2026-08-08 21:22:23 | team | sess_9f1b20aa4c51 | INFO | Task plan-all completed
2026-08-08 21:22:23 | team | sess_9f1b20aa4c51 | INFO | Unblocked 2 tasks
2026-08-08 21:22:49 | team | sess_9f1b20aa4c51 | INFO | [planner1] processing 1 unread messages (steer=True)
2026-08-08 21:22:49 | team | sess_9f1b20aa4c51 | INFO | Message d467d086-0468-470a-a13c-775bc7687847 marked as read by planner1
2026-08-08 21:22:56 | team | sess_9f1b20aa4c51 | INFO | Message 4983e6fc-18a9-4366-8404-546c4dc3e316 created
2026-08-08 21:23:07 | team | sess_9f1b20aa4c51 | INFO | Message cc76f646-1467-4719-918c-c5d392093094 created
2026-08-08 21:23:21 | team | sess_9f1b20aa4c51 | INFO | [planner1] processing 1 unread messages (steer=True)
2026-08-08 21:23:21 | team | sess_9f1b20aa4c51 | INFO | Message 30fb7222-6bf3-47a5-aac9-a28ab2702a1f marked as read by planner1
2026-08-08 21:26:39 | team | sess_9f1b20aa4c51 | INFO | task list drained for team jiuwen_team_sess_9f1b20aa4c51: 5 terminal task(s)
2026-08-08 21:26:54 | team | sess_9f1b20aa4c51 | INFO | [planner1] processing 1 unread messages (steer=True)
2026-08-08 21:26:54 | team | sess_9f1b20aa4c51 | INFO | Message 08eb329c-adbf-424a-b361-c21994667f08 marked as read by planner1
2026-08-08 21:27:32 | team | sess_9f1b20aa4c51 | INFO | team jiuwen_team_sess_9f1b20aa4c51 reported completed: 9 members, 5 tasks
2026-08-08 21:27:32 | team | sess_9f1b20aa4c51 | INFO | [planner1] received TEAM_STANDBY, pausing polls
2026-08-08 21:27:32 | team | sess_9f1b20aa4c51 | INFO | EventBus[teammate] pausing polls
