2026-08-08 21:20:22 | team | sess_9f1b20aa4c51 | INFO | Team workspace directory ensured at /srv/jwteam_clone/shared/run_current
2026-08-08 21:20:22 | team | sess_9f1b20aa4c51 | INFO | AgentTeam manager initialized for jiuwen_team_sess_9f1b20aa4c51, member=team_leader
2026-08-08 21:20:22 | team | sess_9f1b20aa4c51 | INFO | [team_leader] TeamPolicyRail static sections: section_names=['team_role', 'team_workflow', 'team_swarmflow', 'team_lifecycle', 'team_persona']
2026-08-08 21:20:22 | team | sess_9f1b20aa4c51 | INFO | Session tables ready for session sess_9f1b20aa4c51
2026-08-08 21:20:22 | team | sess_9f1b20aa4c51 | INFO | Team database initialized
2026-08-08 21:20:22 | team | default_trace_id | INFO | Team workspace directory ensured at /srv/jwteam_clone/shared/run_current
2026-08-08 21:20:22 | team | default_trace_id | INFO | AgentTeam manager initialized for jiuwen_team_sess_9f1b20aa4c51, member=executor2
2026-08-08 21:20:22 | team | default_trace_id | INFO | [executor2] TeamPolicyRail static sections: section_names=['team_role', 'team_persona']
2026-08-08 21:20:22 | team | sess_9f1b20aa4c51 | INFO | [executor2] invoke start, role=teammate
2026-08-08 21:20:22 | team | sess_9f1b20aa4c51 | INFO | [executor2] coordination starting
2026-08-08 21:20:22 | team | sess_9f1b20aa4c51 | INFO | Session tables ready for session sess_9f1b20aa4c51
2026-08-08 21:20:22 | team | sess_9f1b20aa4c51 | INFO | Workspace /srv/jwteam_clone/shared/run_current initialized as plain shared directory (version_control disabled)
2026-08-08 21:20:22 | team | sess_9f1b20aa4c51 | INFO | EventBus[teammate] starting
2026-08-08 21:21:19 | team | sess_9f1b20aa4c51 | INFO | [executor2] HITT section refresh: human_agent_names=[]
2026-08-08 21:21:31 | team | sess_9f1b20aa4c51 | INFO | [executor2] processing 1 unread messages (steer=True)
2026-08-08 21:21:31 | team | sess_9f1b20aa4c51 | INFO | Message 4928102d-7bb2-4860-a2b0-ee4a8c8691c8 marked as read by executor2
2026-08-08 21:22:16 | team | sess_9f1b20aa4c51 | INFO | [executor2] processing 1 unread messages (steer=True)
2026-08-08 21:22:16 | team | sess_9f1b20aa4c51 | INFO | Message 82bd24e1-db7f-4af1-8ed8-1c240cf0dc94 marked as read by executor2
2026-08-08 21:22:29 | team | sess_9f1b20aa4c51 | INFO | Task implement-stale-and-moved claimed by member executor2
2026-08-08 21:22:29 | team | sess_9f1b20aa4c51 | INFO | Task implement-stale-and-moved claimed by member executor2
2026-08-08 21:22:35 | team | sess_9f1b20aa4c51 | INFO | [executor2] processing 1 unread messages (steer=True)
2026-08-08 21:22:35 | team | sess_9f1b20aa4c51 | INFO | Message 0e1ab805-743e-4501-97cd-31219f4c1a0e marked as read by executor2
2026-08-08 21:22:52 | team | sess_9f1b20aa4c51 | INFO | Task implement-stale-and-moved completed at 1786220572903
2026-08-08 21:22:52 | team | sess_9f1b20aa4c51 | INFO | Resolved 2 dependencies for task implement-stale-and-moved
2026-08-08 21:22:52 | team | sess_9f1b20aa4c51 | INFO | Task implement-stale-and-moved completed
2026-08-08 21:23:01 | team | sess_9f1b20aa4c51 | INFO | Message b677a16b-d5fc-43f9-9e31-280dfc4452e0 created
2026-08-08 21:23:01 | team | sess_9f1b20aa4c51 | INFO | Message 889be88a-8f65-4277-9292-39b2de35d452 created
2026-08-08 21:23:10 | team | sess_9f1b20aa4c51 | INFO | [executor2] processing 1 unread messages (steer=True)
2026-08-08 21:23:10 | team | sess_9f1b20aa4c51 | INFO | Message d6db7b24-dddd-41fa-917d-3ba8f36ccdfa marked as read by executor2
2026-08-08 21:23:35 | team | sess_9f1b20aa4c51 | INFO | [executor2] processing 1 unread messages (steer=True)
2026-08-08 21:23:35 | team | sess_9f1b20aa4c51 | INFO | Message affcd093-bac5-4396-8d69-fc365dc67f24 marked as read by executor2
2026-08-08 21:24:03 | team | sess_9f1b20aa4c51 | INFO | [executor2] processing 1 unread messages (steer=True)
2026-08-08 21:24:03 | team | sess_9f1b20aa4c51 | INFO | Message 8c200f6c-8593-4654-bb12-fcf1e093f929 marked as read by executor2
2026-08-08 21:24:26 | team | sess_9f1b20aa4c51 | INFO | Message 12e84285-847d-43b8-9d46-bce231b02b42 created
2026-08-08 21:24:35 | team | sess_9f1b20aa4c51 | INFO | [executor2] processing 1 unread messages (steer=True)
2026-08-08 21:24:35 | team | sess_9f1b20aa4c51 | INFO | Message 62444681-fe09-44e4-89cc-fde475435d03 marked as read by executor2
2026-08-08 21:24:44 | team | sess_9f1b20aa4c51 | INFO | Message 27722ce2-5f5a-4f53-a5f6-c0bdfed4bfa6 created
2026-08-08 21:25:22 | team | sess_9f1b20aa4c51 | INFO | [executor2] processing 1 unread messages (steer=True)
2026-08-08 21:25:22 | team | sess_9f1b20aa4c51 | INFO | Message 56371aa6-cd09-4d50-b492-99da3f221cde marked as read by executor2
2026-08-08 21:26:39 | team | sess_9f1b20aa4c51 | INFO | task list drained for team jiuwen_team_sess_9f1b20aa4c51: 5 terminal task(s)
2026-08-08 21:26:49 | team | sess_9f1b20aa4c51 | INFO | [executor2] processing 1 unread messages (steer=True)
2026-08-08 21:26:49 | team | sess_9f1b20aa4c51 | INFO | Message 0f50e137-58f0-4244-9465-cafcbd8514f7 marked as read by executor2
2026-08-08 21:26:54 | team | sess_9f1b20aa4c51 | INFO | [executor2] processing 1 unread messages (steer=True)
2026-08-08 21:26:54 | team | sess_9f1b20aa4c51 | INFO | Message 08eb329c-adbf-424a-b361-c21994667f08 marked as read by executor2
2026-08-08 21:27:32 | team | sess_9f1b20aa4c51 | INFO | team jiuwen_team_sess_9f1b20aa4c51 reported completed: 9 members, 5 tasks
2026-08-08 21:27:32 | team | sess_9f1b20aa4c51 | INFO | [executor2] received TEAM_STANDBY, pausing polls
2026-08-08 21:27:32 | team | sess_9f1b20aa4c51 | INFO | EventBus[teammate] pausing polls
