2026-08-08 21:20:26 | team | sess_9f1b20aa4c51 | INFO | Team workspace directory ensured at /srv/jwteam_clone/shared/run_current
2026-08-08 21:20:26 | team | sess_9f1b20aa4c51 | INFO | AgentTeam manager initialized for jiuwen_team_sess_9f1b20aa4c51, member=team_leader
2026-08-08 21:20:26 | team | sess_9f1b20aa4c51 | INFO | [team_leader] TeamPolicyRail static sections: section_names=['team_role', 'team_workflow', 'team_swarmflow', 'team_lifecycle', 'team_persona']
2026-08-08 21:20:26 | team | sess_9f1b20aa4c51 | INFO | Session tables ready for session sess_9f1b20aa4c51
2026-08-08 21:20:26 | team | sess_9f1b20aa4c51 | INFO | Team database initialized
2026-08-08 21:20:26 | team | default_trace_id | INFO | Team workspace directory ensured at /srv/jwteam_clone/shared/run_current
2026-08-08 21:20:26 | team | default_trace_id | INFO | AgentTeam manager initialized for jiuwen_team_sess_9f1b20aa4c51, member=verifier2
2026-08-08 21:20:26 | team | default_trace_id | INFO | [verifier2] TeamPolicyRail static sections: section_names=['team_role', 'team_persona']
2026-08-08 21:20:26 | team | sess_9f1b20aa4c51 | INFO | [verifier2] invoke start, role=teammate
2026-08-08 21:20:26 | team | sess_9f1b20aa4c51 | INFO | [verifier2] coordination starting
2026-08-08 21:20:26 | team | sess_9f1b20aa4c51 | INFO | Session tables ready for session sess_9f1b20aa4c51
2026-08-08 21:20:26 | team | sess_9f1b20aa4c51 | INFO | Workspace /srv/jwteam_clone/shared/run_current initialized as plain shared directory (version_control disabled)
2026-08-08 21:20:26 | team | sess_9f1b20aa4c51 | INFO | EventBus[teammate] starting
2026-08-08 21:21:19 | team | sess_9f1b20aa4c51 | INFO | [verifier2] HITT section refresh: human_agent_names=[]
2026-08-08 21:21:31 | team | sess_9f1b20aa4c51 | INFO | [verifier2] processing 1 unread messages (steer=True)
2026-08-08 21:21:31 | team | sess_9f1b20aa4c51 | INFO | Message 4928102d-7bb2-4860-a2b0-ee4a8c8691c8 marked as read by verifier2
2026-08-08 21:23:01 | team | sess_9f1b20aa4c51 | INFO | [verifier2] processing 1 unread messages (steer=True)
2026-08-08 21:23:01 | team | sess_9f1b20aa4c51 | INFO | Message 889be88a-8f65-4277-9292-39b2de35d452 marked as read by verifier2
2026-08-08 21:23:23 | team | sess_9f1b20aa4c51 | INFO | [verifier2] processing 1 unread messages (steer=True)
2026-08-08 21:23:23 | team | sess_9f1b20aa4c51 | INFO | Message bd3922b0-7309-447e-97ef-66085a6c07ea marked as read by verifier2
2026-08-08 21:23:35 | team | sess_9f1b20aa4c51 | INFO | Message affcd093-bac5-4396-8d69-fc365dc67f24 created
2026-08-08 21:23:35 | team | sess_9f1b20aa4c51 | INFO | Message 0ce9c433-3b65-417f-8ca8-3dea6a74e504 created
2026-08-08 21:23:38 | team | sess_9f1b20aa4c51 | INFO | [verifier2] processing 1 unread messages (steer=True)
2026-08-08 21:23:38 | team | sess_9f1b20aa4c51 | INFO | Message a0d0b836-4ebe-4d9b-bf8c-d1f5838c2bf5 marked as read by verifier2
2026-08-08 21:23:39 | team | sess_9f1b20aa4c51 | INFO | Task verify-2 claimed by member verifier2
2026-08-08 21:23:39 | team | sess_9f1b20aa4c51 | INFO | Task verify-2 claimed by member verifier2
2026-08-08 21:23:47 | team | sess_9f1b20aa4c51 | INFO | [verifier2] processing 1 unread messages (steer=True)
2026-08-08 21:23:47 | team | sess_9f1b20aa4c51 | INFO | Message d0ec298c-85ac-4192-bacc-85a393f3f1da marked as read by verifier2
2026-08-08 21:24:18 | team | sess_9f1b20aa4c51 | INFO | Message 49210513-cb9a-4200-8120-2b707c0d0749 created
2026-08-08 21:24:18 | team | sess_9f1b20aa4c51 | INFO | Message ddc0d094-b1df-46bb-9c8d-79812b3d91a6 created
2026-08-08 21:24:28 | team | sess_9f1b20aa4c51 | INFO | [verifier2] processing 1 unread messages (steer=True)
2026-08-08 21:24:28 | team | sess_9f1b20aa4c51 | INFO | Message a4912057-cb82-418d-87d6-36cf509bc1cd marked as read by verifier2
2026-08-08 21:24:35 | team | sess_9f1b20aa4c51 | INFO | Message 62444681-fe09-44e4-89cc-fde475435d03 created
2026-08-08 21:24:35 | team | sess_9f1b20aa4c51 | INFO | Message e33f0a3c-bca1-4bfb-881d-d73e5bee73b0 created
2026-08-08 21:24:42 | team | sess_9f1b20aa4c51 | INFO | [verifier2] processing 1 unread messages (steer=True)
2026-08-08 21:24:42 | team | sess_9f1b20aa4c51 | INFO | Message 9afa1303-4378-46e5-adf2-fb864f5c5743 marked as read by verifier2
2026-08-08 21:24:44 | team | sess_9f1b20aa4c51 | INFO | [verifier2] processing 1 unread messages (steer=True)
2026-08-08 21:24:44 | team | sess_9f1b20aa4c51 | INFO | Message 27722ce2-5f5a-4f53-a5f6-c0bdfed4bfa6 marked as read by verifier2
2026-08-08 21:24:56 | team | sess_9f1b20aa4c51 | INFO | [verifier2] processing 1 unread messages (steer=True)
2026-08-08 21:24:56 | team | sess_9f1b20aa4c51 | INFO | Message 90f92334-7e64-4077-93f3-a01761aff549 marked as read by verifier2
2026-08-08 21:26:39 | team | sess_9f1b20aa4c51 | INFO | Task verify-2 completed at 1786220799395
2026-08-08 21:26:39 | team | sess_9f1b20aa4c51 | INFO | Task verify-2 completed
2026-08-08 21:26:49 | team | sess_9f1b20aa4c51 | INFO | Message 3d7f6fc3-8bf5-4a6b-a6d2-a154b46dfbfa created
2026-08-08 21:26:49 | team | sess_9f1b20aa4c51 | INFO | Message 1b6bd675-4bbd-490f-a00f-fa092f5fccbf created
2026-08-08 21:26:49 | team | sess_9f1b20aa4c51 | INFO | Message 0f50e137-58f0-4244-9465-cafcbd8514f7 created
2026-08-08 21:26:54 | team | sess_9f1b20aa4c51 | INFO | [verifier2] processing 1 unread messages (steer=True)
2026-08-08 21:26:54 | team | sess_9f1b20aa4c51 | INFO | Message 08eb329c-adbf-424a-b361-c21994667f08 marked as read by verifier2
2026-08-08 21:27:23 | team | sess_9f1b20aa4c51 | INFO | [verifier2] processing 1 unread messages (steer=True)
2026-08-08 21:27:23 | team | sess_9f1b20aa4c51 | INFO | Message b00fa6b5-ae51-44f1-9ad3-4cfb6924bfb9 marked as read by verifier2
2026-08-08 21:27:32 | team | sess_9f1b20aa4c51 | INFO | team jiuwen_team_sess_9f1b20aa4c51 reported completed: 9 members, 5 tasks
2026-08-08 21:27:32 | team | sess_9f1b20aa4c51 | INFO | [verifier2] received TEAM_STANDBY, pausing polls
2026-08-08 21:27:32 | team | sess_9f1b20aa4c51 | INFO | EventBus[teammate] pausing polls
