2026-08-09 19:01:41 | team | sess_ef82c7bad61d | INFO | Team workspace directory ensured at /srv/jwteam_clone/shared/run_current
2026-08-09 19:01:41 | team | sess_ef82c7bad61d | INFO | AgentTeam manager initialized for jiuwen_team_sess_ef82c7bad61d, member=team_leader
2026-08-09 19:01:41 | team | sess_ef82c7bad61d | INFO | [team_leader] TeamPolicyRail static sections: section_names=['team_role', 'team_workflow', 'team_swarmflow', 'team_lifecycle', 'team_persona']
2026-08-09 19:01:41 | team | sess_ef82c7bad61d | INFO | Session tables ready for session sess_ef82c7bad61d
2026-08-09 19:01:41 | team | sess_ef82c7bad61d | INFO | Team database initialized
2026-08-09 19:01:41 | team | default_trace_id | INFO | Team workspace directory ensured at /srv/jwteam_clone/shared/run_current
2026-08-09 19:01:41 | team | default_trace_id | INFO | AgentTeam manager initialized for jiuwen_team_sess_ef82c7bad61d, member=executor3
2026-08-09 19:01:41 | team | default_trace_id | INFO | [executor3] TeamPolicyRail static sections: section_names=['team_role', 'team_persona']
2026-08-09 19:01:41 | team | sess_ef82c7bad61d | INFO | [executor3] invoke start, role=teammate
2026-08-09 19:01:41 | team | sess_ef82c7bad61d | INFO | [executor3] coordination starting
2026-08-09 19:01:41 | team | sess_ef82c7bad61d | INFO | Session tables ready for session sess_ef82c7bad61d
2026-08-09 19:01:41 | team | sess_ef82c7bad61d | INFO | Workspace /srv/jwteam_clone/shared/run_current initialized as plain shared directory (version_control disabled)
2026-08-09 19:01:41 | team | sess_ef82c7bad61d | INFO | EventBus[teammate] starting
2026-08-09 19:02:47 | team | sess_ef82c7bad61d | INFO | [executor3] HITT section refresh: human_agent_names=[]
2026-08-09 19:03:01 | team | sess_ef82c7bad61d | INFO | [executor3] processing 1 unread messages (steer=True)
2026-08-09 19:03:02 | team | sess_ef82c7bad61d | INFO | Message d7798ef9-43bc-4652-9c36-f33d1ef2dc10 marked as read by executor3
2026-08-09 19:03:16 | team | sess_ef82c7bad61d | INFO | Message bccba172-57ce-4bb1-971b-2af0cb1d12e2 created
2026-08-09 19:09:12 | team | sess_ef82c7bad61d | INFO | task list drained for team jiuwen_team_sess_ef82c7bad61d: 3 terminal task(s)
2026-08-09 19:09:40 | team | sess_ef82c7bad61d | INFO | [executor3] processing 1 unread messages (steer=True)
2026-08-09 19:09:40 | team | sess_ef82c7bad61d | INFO | Message 8a7add65-13fd-4976-95f4-194c742ffe87 marked as read by executor3
2026-08-09 19:11:41 | team | sess_ef82c7bad61d | INFO | [executor3] processing 1 unread messages (steer=True)
2026-08-09 19:11:41 | team | sess_ef82c7bad61d | INFO | Message 43701cf9-0923-4c5a-a095-ac5957579c3f marked as read by executor3
2026-08-09 19:11:56 | team | sess_ef82c7bad61d | INFO | team jiuwen_team_sess_ef82c7bad61d reported completed: 9 members, 3 tasks
2026-08-09 19:11:56 | team | sess_ef82c7bad61d | INFO | [executor3] received TEAM_STANDBY, pausing polls
2026-08-09 19:11:56 | team | sess_ef82c7bad61d | INFO | EventBus[teammate] pausing polls
