2026-08-09 19:01:37 | team | sess_ef82c7bad61d | INFO | Team workspace directory ensured at /srv/jwteam_clone/shared/run_current
2026-08-09 19:01:37 | team | sess_ef82c7bad61d | INFO | AgentTeam manager initialized for jiuwen_team_sess_ef82c7bad61d, member=team_leader
2026-08-09 19:01:37 | team | sess_ef82c7bad61d | INFO | [team_leader] TeamPolicyRail static sections: section_names=['team_role', 'team_workflow', 'team_swarmflow', 'team_lifecycle', 'team_persona']
2026-08-09 19:01:37 | team | sess_ef82c7bad61d | INFO | Session tables ready for session sess_ef82c7bad61d
2026-08-09 19:01:37 | team | sess_ef82c7bad61d | INFO | Team database initialized
2026-08-09 19:01:37 | team | default_trace_id | INFO | Team workspace directory ensured at /srv/jwteam_clone/shared/run_current
2026-08-09 19:01:37 | team | default_trace_id | INFO | AgentTeam manager initialized for jiuwen_team_sess_ef82c7bad61d, member=planner1
2026-08-09 19:01:37 | team | default_trace_id | INFO | [planner1] TeamPolicyRail static sections: section_names=['team_role', 'team_persona']
2026-08-09 19:01:37 | team | sess_ef82c7bad61d | INFO | [planner1] invoke start, role=teammate
2026-08-09 19:01:37 | team | sess_ef82c7bad61d | INFO | [planner1] coordination starting
2026-08-09 19:01:37 | team | sess_ef82c7bad61d | INFO | Session tables ready for session sess_ef82c7bad61d
2026-08-09 19:01:37 | team | sess_ef82c7bad61d | INFO | Workspace /srv/jwteam_clone/shared/run_current initialized as plain shared directory (version_control disabled)
2026-08-09 19:01:37 | team | sess_ef82c7bad61d | INFO | EventBus[teammate] starting
2026-08-09 19:02:47 | team | sess_ef82c7bad61d | INFO | [planner1] HITT section refresh: human_agent_names=[]
2026-08-09 19:02:57 | team | sess_ef82c7bad61d | INFO | Task plan claimed by member planner1
2026-08-09 19:02:57 | team | sess_ef82c7bad61d | INFO | Task plan claimed by member planner1
2026-08-09 19:03:01 | team | sess_ef82c7bad61d | INFO | [planner1] processing 1 unread messages (steer=True)
2026-08-09 19:03:01 | team | sess_ef82c7bad61d | INFO | Message d7798ef9-43bc-4652-9c36-f33d1ef2dc10 marked as read by planner1
2026-08-09 19:03:25 | team | sess_ef82c7bad61d | INFO | Message c3eb60fb-a724-4fbe-8739-616bccdfdf06 created
2026-08-09 19:03:46 | team | sess_ef82c7bad61d | INFO | [planner1] processing 1 unread messages (steer=True)
2026-08-09 19:03:46 | team | sess_ef82c7bad61d | INFO | Message 711d7148-edc5-40be-bb65-b01b6326c843 marked as read by planner1
2026-08-09 19:04:42 | team | sess_ef82c7bad61d | INFO | Message 2f864efb-0b06-41c1-a44b-9f3dfbfc0579 created
2026-08-09 19:05:34 | team | sess_ef82c7bad61d | INFO | [planner1] processing 1 unread messages (steer=True)
2026-08-09 19:05:34 | team | sess_ef82c7bad61d | INFO | Message 11a4bd51-f2ca-4e3d-993f-5ef133326a76 marked as read by planner1
2026-08-09 19:05:35 | team | sess_ef82c7bad61d | INFO | Message fcee20b9-398a-42bc-bf94-244e6e054c49 created
2026-08-09 19:05:41 | team | sess_ef82c7bad61d | INFO | Task plan completed at 1786298741486
2026-08-09 19:05:41 | team | sess_ef82c7bad61d | INFO | Resolved 1 dependencies for task plan
2026-08-09 19:05:41 | team | sess_ef82c7bad61d | INFO | Task implement unblocked (all deps resolved)
2026-08-09 19:05:41 | team | sess_ef82c7bad61d | INFO | Task plan completed
2026-08-09 19:05:41 | team | sess_ef82c7bad61d | INFO | Unblocked 1 tasks
2026-08-09 19:05:48 | team | sess_ef82c7bad61d | INFO | Message ffb6c29a-0fd3-45c0-ae4d-b5ba43589831 created
2026-08-09 19:09:12 | team | sess_ef82c7bad61d | INFO | task list drained for team jiuwen_team_sess_ef82c7bad61d: 3 terminal task(s)
2026-08-09 19:09:40 | team | sess_ef82c7bad61d | INFO | [planner1] processing 1 unread messages (steer=True)
2026-08-09 19:09:40 | team | sess_ef82c7bad61d | INFO | Message 8a7add65-13fd-4976-95f4-194c742ffe87 marked as read by planner1
2026-08-09 19:11:41 | team | sess_ef82c7bad61d | INFO | [planner1] processing 1 unread messages (steer=True)
2026-08-09 19:11:41 | team | sess_ef82c7bad61d | INFO | Message 43701cf9-0923-4c5a-a095-ac5957579c3f marked as read by planner1
2026-08-09 19:11:56 | team | sess_ef82c7bad61d | INFO | team jiuwen_team_sess_ef82c7bad61d reported completed: 9 members, 3 tasks
2026-08-09 19:11:56 | team | sess_ef82c7bad61d | INFO | [planner1] received TEAM_STANDBY, pausing polls
2026-08-09 19:11:56 | team | sess_ef82c7bad61d | INFO | EventBus[teammate] pausing polls
