2026-08-09 19:01:42 | team | sess_ef82c7bad61d | INFO | Team workspace directory ensured at /srv/jwteam_clone/shared/run_current
2026-08-09 19:01:42 | team | sess_ef82c7bad61d | INFO | AgentTeam manager initialized for jiuwen_team_sess_ef82c7bad61d, member=team_leader
2026-08-09 19:01:42 | team | sess_ef82c7bad61d | INFO | [team_leader] TeamPolicyRail static sections: section_names=['team_role', 'team_workflow', 'team_swarmflow', 'team_lifecycle', 'team_persona']
2026-08-09 19:01:42 | team | sess_ef82c7bad61d | INFO | Session tables ready for session sess_ef82c7bad61d
2026-08-09 19:01:42 | team | sess_ef82c7bad61d | INFO | Team database initialized
2026-08-09 19:01:43 | team | default_trace_id | INFO | Team workspace directory ensured at /srv/jwteam_clone/shared/run_current
2026-08-09 19:01:43 | team | default_trace_id | INFO | AgentTeam manager initialized for jiuwen_team_sess_ef82c7bad61d, member=verifier1
2026-08-09 19:01:43 | team | default_trace_id | INFO | [verifier1] TeamPolicyRail static sections: section_names=['team_role', 'team_persona']
2026-08-09 19:01:43 | team | sess_ef82c7bad61d | INFO | [verifier1] invoke start, role=teammate
2026-08-09 19:01:43 | team | sess_ef82c7bad61d | INFO | [verifier1] coordination starting
2026-08-09 19:01:43 | team | sess_ef82c7bad61d | INFO | Session tables ready for session sess_ef82c7bad61d
2026-08-09 19:01:43 | team | sess_ef82c7bad61d | INFO | Workspace /srv/jwteam_clone/shared/run_current initialized as plain shared directory (version_control disabled)
2026-08-09 19:01:43 | team | sess_ef82c7bad61d | INFO | EventBus[teammate] starting
2026-08-09 19:02:47 | team | sess_ef82c7bad61d | INFO | [verifier1] HITT section refresh: human_agent_names=[]
2026-08-09 19:03:01 | team | sess_ef82c7bad61d | INFO | [verifier1] processing 1 unread messages (steer=True)
2026-08-09 19:03:01 | team | sess_ef82c7bad61d | INFO | Message d7798ef9-43bc-4652-9c36-f33d1ef2dc10 marked as read by verifier1
2026-08-09 19:03:34 | team | sess_ef82c7bad61d | INFO | Message c6de28e1-dc8c-476e-8c2d-086916642106 created
2026-08-09 19:06:32 | team | sess_ef82c7bad61d | INFO | [verifier1] processing 1 unread messages (steer=True)
2026-08-09 19:06:33 | team | sess_ef82c7bad61d | INFO | Message 95da1042-90d8-4227-8e6c-d8c77f5f4c67 marked as read by verifier1
2026-08-09 19:06:39 | team | sess_ef82c7bad61d | INFO | Task verify claimed by member verifier1
2026-08-09 19:06:39 | team | sess_ef82c7bad61d | INFO | Task verify claimed by member verifier1
2026-08-09 19:07:45 | team | sess_ef82c7bad61d | INFO | [verifier1] processing 1 unread messages (steer=True)
2026-08-09 19:07:45 | team | sess_ef82c7bad61d | INFO | Message d60271dc-aa98-45e8-aa06-d245b063a3b5 marked as read by verifier1
2026-08-09 19:08:08 | team | sess_ef82c7bad61d | INFO | Message 7ed62553-968f-4dab-8fca-2b00f11993ec created
2026-08-09 19:08:18 | team | sess_ef82c7bad61d | INFO | [verifier1] processing 1 unread messages (steer=True)
2026-08-09 19:08:18 | team | sess_ef82c7bad61d | INFO | Message ca6a4db4-1e72-4154-aab2-db2fd7ca7e42 marked as read by verifier1
2026-08-09 19:09:12 | team | sess_ef82c7bad61d | INFO | Task verify completed at 1786298952513
2026-08-09 19:09:12 | team | sess_ef82c7bad61d | INFO | Task verify completed
2026-08-09 19:09:21 | team | sess_ef82c7bad61d | INFO | Message 12e01f72-7811-4204-8d6e-fa9dc60038cb created
2026-08-09 19:09:21 | team | sess_ef82c7bad61d | INFO | Message 18989e99-682f-41f7-ba0e-5b7db66a10b1 created
2026-08-09 19:09:40 | team | sess_ef82c7bad61d | INFO | [verifier1] processing 1 unread messages (steer=True)
2026-08-09 19:09:40 | team | sess_ef82c7bad61d | INFO | Message 8a7add65-13fd-4976-95f4-194c742ffe87 marked as read by verifier1
2026-08-09 19:10:17 | team | sess_ef82c7bad61d | INFO | [verifier1] processing 1 unread messages (steer=True)
2026-08-09 19:10:17 | team | sess_ef82c7bad61d | INFO | Message e9e036f6-a807-4531-afa0-fac9ddae1d48 marked as read by verifier1
2026-08-09 19:11:28 | team | sess_ef82c7bad61d | INFO | Message c176e7b7-03f5-4e00-a0da-385536491e7e created
2026-08-09 19:11:28 | team | sess_ef82c7bad61d | INFO | Message 1efdfe8d-d78b-4bdc-abd7-2d7c2a331057 created
2026-08-09 19:11:41 | team | sess_ef82c7bad61d | INFO | [verifier1] processing 1 unread messages (steer=True)
2026-08-09 19:11:42 | team | sess_ef82c7bad61d | INFO | Message 43701cf9-0923-4c5a-a095-ac5957579c3f marked as read by verifier1
2026-08-09 19:11:56 | team | sess_ef82c7bad61d | INFO | team jiuwen_team_sess_ef82c7bad61d reported completed: 9 members, 3 tasks
2026-08-09 19:11:56 | team | sess_ef82c7bad61d | INFO | [verifier1] received TEAM_STANDBY, pausing polls
2026-08-09 19:11:56 | team | sess_ef82c7bad61d | INFO | EventBus[teammate] pausing polls
