2026-08-08 21:06:00 | team | sess_ac98fd1d00df | INFO | Team workspace directory ensured at /srv/jwteam_clone/shared/run_current
2026-08-08 21:06:00 | team | sess_ac98fd1d00df | INFO | AgentTeam manager initialized for jiuwen_team_sess_ac98fd1d00df, member=team_leader
2026-08-08 21:06:00 | team | sess_ac98fd1d00df | INFO | [team_leader] TeamPolicyRail static sections: section_names=['team_role', 'team_workflow', 'team_swarmflow', 'team_lifecycle', 'team_persona']
2026-08-08 21:06:00 | team | sess_ac98fd1d00df | INFO | Session tables ready for session sess_ac98fd1d00df
2026-08-08 21:06:00 | team | sess_ac98fd1d00df | INFO | Team database initialized
2026-08-08 21:06:00 | team | default_trace_id | INFO | Team workspace directory ensured at /srv/jwteam_clone/shared/run_current
2026-08-08 21:06:00 | team | default_trace_id | INFO | AgentTeam manager initialized for jiuwen_team_sess_ac98fd1d00df, member=executor2
2026-08-08 21:06:00 | team | default_trace_id | INFO | [executor2] TeamPolicyRail static sections: section_names=['team_role', 'team_persona']
2026-08-08 21:06:00 | team | sess_ac98fd1d00df | INFO | [executor2] invoke start, role=teammate
2026-08-08 21:06:00 | team | sess_ac98fd1d00df | INFO | [executor2] coordination starting
2026-08-08 21:06:00 | team | sess_ac98fd1d00df | INFO | Session tables ready for session sess_ac98fd1d00df
2026-08-08 21:06:00 | team | sess_ac98fd1d00df | INFO | Workspace /srv/jwteam_clone/shared/run_current initialized as plain shared directory (version_control disabled)
2026-08-08 21:06:00 | team | sess_ac98fd1d00df | INFO | EventBus[teammate] starting
2026-08-08 21:06:38 | team | sess_ac98fd1d00df | INFO | [executor2] HITT section refresh: human_agent_names=[]
2026-08-08 21:06:47 | team | sess_ac98fd1d00df | INFO | [executor2] processing 1 unread messages (steer=True)
2026-08-08 21:06:47 | team | sess_ac98fd1d00df | INFO | Message 3ed9b566-f42a-49b9-8b59-bfbecccdf271 marked as read by executor2
2026-08-08 21:09:36 | team | sess_ac98fd1d00df | INFO | task list drained for team jiuwen_team_sess_ac98fd1d00df: 3 terminal task(s)
2026-08-08 21:09:44 | team | sess_ac98fd1d00df | INFO | [executor2] processing 1 unread messages (steer=True)
2026-08-08 21:09:44 | team | sess_ac98fd1d00df | INFO | Message 1e1ca1cc-a48f-43ef-94fa-67e7da8228ea marked as read by executor2
2026-08-08 21:10:00 | team | sess_ac98fd1d00df | INFO | Message 3a6ef733-f356-40fc-b2be-e97523f149ce created
2026-08-08 21:12:08 | team | sess_ac98fd1d00df | INFO | Task impl_v2 claimed by member executor2
2026-08-08 21:12:08 | team | sess_ac98fd1d00df | INFO | Task impl_v2 claimed by member executor2
2026-08-08 21:12:29 | team | sess_ac98fd1d00df | INFO | [executor2] processing 1 unread messages (steer=True)
2026-08-08 21:12:29 | team | sess_ac98fd1d00df | INFO | Message 0cac5f68-ac4b-4d2d-bd66-6fe498c43fbd marked as read by executor2
2026-08-08 21:12:56 | team | sess_ac98fd1d00df | INFO | Task impl_v2 completed at 1786219976991
2026-08-08 21:12:56 | team | sess_ac98fd1d00df | INFO | Message c4ef2ac0-ac1e-4477-bfc7-ef57c11da63c created
2026-08-08 21:12:57 | team | sess_ac98fd1d00df | INFO | Task impl_v2 completed
2026-08-08 21:13:02 | team | sess_ac98fd1d00df | INFO | Message ac54ef3a-c261-4b73-bbfc-2bea2b5903a2 created
2026-08-08 21:13:25 | team | sess_ac98fd1d00df | INFO | [executor2] processing 1 unread messages (steer=True)
2026-08-08 21:13:25 | team | sess_ac98fd1d00df | INFO | Message cb3ec70d-3ec8-446c-b4eb-f10d44361c4d marked as read by executor2
2026-08-08 21:13:49 | team | sess_ac98fd1d00df | INFO | task list drained for team jiuwen_team_sess_ac98fd1d00df: 7 terminal task(s)
2026-08-08 21:14:08 | team | sess_ac98fd1d00df | INFO | [executor2] processing 1 unread messages (steer=True)
2026-08-08 21:14:08 | team | sess_ac98fd1d00df | INFO | Message 71f03546-a166-4d7e-b30c-307f7f7c8f86 marked as read by executor2
2026-08-08 21:14:22 | team | sess_ac98fd1d00df | INFO | team jiuwen_team_sess_ac98fd1d00df reported completed: 9 members, 7 tasks
2026-08-08 21:14:22 | team | sess_ac98fd1d00df | INFO | [executor2] received TEAM_STANDBY, pausing polls
2026-08-08 21:14:22 | team | sess_ac98fd1d00df | INFO | EventBus[teammate] pausing polls
