2026-08-08 21:06:02 | team | sess_ac98fd1d00df | INFO | Team workspace directory ensured at /srv/jwteam_clone/shared/run_current
2026-08-08 21:06:02 | team | sess_ac98fd1d00df | INFO | AgentTeam manager initialized for jiuwen_team_sess_ac98fd1d00df, member=team_leader
2026-08-08 21:06:02 | team | sess_ac98fd1d00df | INFO | [team_leader] TeamPolicyRail static sections: section_names=['team_role', 'team_workflow', 'team_swarmflow', 'team_lifecycle', 'team_persona']
2026-08-08 21:06:02 | team | sess_ac98fd1d00df | INFO | Session tables ready for session sess_ac98fd1d00df
2026-08-08 21:06:02 | team | sess_ac98fd1d00df | INFO | Team database initialized
2026-08-08 21:06:02 | team | default_trace_id | INFO | Team workspace directory ensured at /srv/jwteam_clone/shared/run_current
2026-08-08 21:06:02 | team | default_trace_id | INFO | AgentTeam manager initialized for jiuwen_team_sess_ac98fd1d00df, member=verifier1
2026-08-08 21:06:02 | team | default_trace_id | INFO | [verifier1] TeamPolicyRail static sections: section_names=['team_role', 'team_persona']
2026-08-08 21:06:02 | team | sess_ac98fd1d00df | INFO | [verifier1] invoke start, role=teammate
2026-08-08 21:06:02 | team | sess_ac98fd1d00df | INFO | [verifier1] coordination starting
2026-08-08 21:06:02 | team | sess_ac98fd1d00df | INFO | Session tables ready for session sess_ac98fd1d00df
2026-08-08 21:06:03 | team | sess_ac98fd1d00df | INFO | Workspace /srv/jwteam_clone/shared/run_current initialized as plain shared directory (version_control disabled)
2026-08-08 21:06:03 | team | sess_ac98fd1d00df | INFO | EventBus[teammate] starting
2026-08-08 21:06:38 | team | sess_ac98fd1d00df | INFO | [verifier1] HITT section refresh: human_agent_names=[]
2026-08-08 21:06:47 | team | sess_ac98fd1d00df | INFO | [verifier1] processing 1 unread messages (steer=True)
2026-08-08 21:06:47 | team | sess_ac98fd1d00df | INFO | Message 3ed9b566-f42a-49b9-8b59-bfbecccdf271 marked as read by verifier1
2026-08-08 21:09:25 | team | sess_ac98fd1d00df | INFO | Task verify claimed by member verifier1
2026-08-08 21:09:25 | team | sess_ac98fd1d00df | INFO | Task verify claimed by member verifier1
2026-08-08 21:09:36 | team | sess_ac98fd1d00df | INFO | [verifier1] processing 1 unread messages (steer=True)
2026-08-08 21:09:36 | team | sess_ac98fd1d00df | INFO | Message 0f4a03b0-771c-47d1-bceb-cab612aa3f45 marked as read by verifier1
2026-08-08 21:09:36 | team | sess_ac98fd1d00df | INFO | task list drained for team jiuwen_team_sess_ac98fd1d00df: 3 terminal task(s)
2026-08-08 21:09:44 | team | sess_ac98fd1d00df | INFO | [verifier1] processing 1 unread messages (steer=True)
2026-08-08 21:09:44 | team | sess_ac98fd1d00df | INFO | Message 3811ab98-82b2-45f6-8d94-1cb9eadbc089 marked as read by verifier1
2026-08-08 21:09:52 | team | sess_ac98fd1d00df | INFO | Message 9482adac-6459-4549-ac85-a106d3c38fd9 created
2026-08-08 21:12:01 | team | sess_ac98fd1d00df | INFO | Task verify_final claimed by member verifier1
2026-08-08 21:12:01 | team | sess_ac98fd1d00df | INFO | Task verify_final claimed by member verifier1
2026-08-08 21:12:13 | team | sess_ac98fd1d00df | INFO | [verifier1] processing 1 unread messages (steer=True)
2026-08-08 21:12:13 | team | sess_ac98fd1d00df | INFO | Message 4828aba4-82a2-4b07-8325-6a9ecc7a9c05 marked as read by verifier1
2026-08-08 21:12:27 | team | sess_ac98fd1d00df | INFO | Message 1aef2cd3-d1c7-446c-9700-3c0cf6727cd9 created
2026-08-08 21:12:57 | team | sess_ac98fd1d00df | INFO | [verifier1] processing 1 unread messages (steer=True)
2026-08-08 21:12:57 | team | sess_ac98fd1d00df | INFO | Message c4ef2ac0-ac1e-4477-bfc7-ef57c11da63c marked as read by verifier1
2026-08-08 21:12:57 | team | sess_ac98fd1d00df | INFO | task list drained for team jiuwen_team_sess_ac98fd1d00df: 6 terminal task(s)
2026-08-08 21:12:58 | team | sess_ac98fd1d00df | INFO | [verifier1] processing 1 unread messages (steer=True)
2026-08-08 21:12:58 | team | sess_ac98fd1d00df | INFO | Message 7fe4e931-32ba-4fbf-b9e8-3af8cfa3b753 marked as read by verifier1
2026-08-08 21:13:49 | team | sess_ac98fd1d00df | INFO | task list drained for team jiuwen_team_sess_ac98fd1d00df: 7 terminal task(s)
2026-08-08 21:14:08 | team | sess_ac98fd1d00df | INFO | [verifier1] processing 1 unread messages (steer=True)
2026-08-08 21:14:08 | team | sess_ac98fd1d00df | INFO | Message 71f03546-a166-4d7e-b30c-307f7f7c8f86 marked as read by verifier1
2026-08-08 21:14:22 | team | sess_ac98fd1d00df | INFO | team jiuwen_team_sess_ac98fd1d00df reported completed: 9 members, 7 tasks
2026-08-08 21:14:22 | team | sess_ac98fd1d00df | INFO | [verifier1] received TEAM_STANDBY, pausing polls
2026-08-08 21:14:22 | team | sess_ac98fd1d00df | INFO | EventBus[teammate] pausing polls
