2026-08-08 21:06:03 | team | sess_ac98fd1d00df | INFO | Team workspace directory ensured at /srv/jwteam_clone/shared/run_current
2026-08-08 21:06:03 | team | sess_ac98fd1d00df | INFO | AgentTeam manager initialized for jiuwen_team_sess_ac98fd1d00df, member=team_leader
2026-08-08 21:06:03 | team | sess_ac98fd1d00df | INFO | [team_leader] TeamPolicyRail static sections: section_names=['team_role', 'team_workflow', 'team_swarmflow', 'team_lifecycle', 'team_persona']
2026-08-08 21:06:03 | team | sess_ac98fd1d00df | INFO | Session tables ready for session sess_ac98fd1d00df
2026-08-08 21:06:03 | team | sess_ac98fd1d00df | INFO | Team database initialized
2026-08-08 21:06:03 | team | default_trace_id | INFO | Team workspace directory ensured at /srv/jwteam_clone/shared/run_current
2026-08-08 21:06:03 | team | default_trace_id | INFO | AgentTeam manager initialized for jiuwen_team_sess_ac98fd1d00df, member=verifier2
2026-08-08 21:06:03 | team | default_trace_id | INFO | [verifier2] TeamPolicyRail static sections: section_names=['team_role', 'team_persona']
2026-08-08 21:06:03 | team | sess_ac98fd1d00df | INFO | [verifier2] invoke start, role=teammate
2026-08-08 21:06:03 | team | sess_ac98fd1d00df | INFO | [verifier2] coordination starting
2026-08-08 21:06:03 | team | sess_ac98fd1d00df | INFO | Session tables ready for session sess_ac98fd1d00df
2026-08-08 21:06:03 | team | sess_ac98fd1d00df | INFO | Workspace /srv/jwteam_clone/shared/run_current initialized as plain shared directory (version_control disabled)
2026-08-08 21:06:03 | team | sess_ac98fd1d00df | INFO | EventBus[teammate] starting
2026-08-08 21:06:37 | team | sess_ac98fd1d00df | INFO | [verifier2] HITT section refresh: human_agent_names=[]
2026-08-08 21:06:47 | team | sess_ac98fd1d00df | INFO | [verifier2] processing 1 unread messages (steer=True)
2026-08-08 21:06:47 | team | sess_ac98fd1d00df | INFO | Message 3ed9b566-f42a-49b9-8b59-bfbecccdf271 marked as read by verifier2
2026-08-08 21:09:36 | team | sess_ac98fd1d00df | INFO | task list drained for team jiuwen_team_sess_ac98fd1d00df: 3 terminal task(s)
2026-08-08 21:12:20 | team | sess_ac98fd1d00df | INFO | Task verify_final claimed by member verifier2
2026-08-08 21:12:20 | team | sess_ac98fd1d00df | INFO | Task verify_final claimed by member verifier2
2026-08-08 21:12:29 | team | sess_ac98fd1d00df | INFO | [verifier2] processing 1 unread messages (steer=True)
2026-08-08 21:12:29 | team | sess_ac98fd1d00df | INFO | Message fdff5932-3dce-420e-846f-2b6b4ab46e27 marked as read by verifier2
2026-08-08 21:12:57 | team | sess_ac98fd1d00df | INFO | task list drained for team jiuwen_team_sess_ac98fd1d00df: 6 terminal task(s)
2026-08-08 21:13:03 | team | sess_ac98fd1d00df | INFO | Task verify_v2 claimed by member verifier2
2026-08-08 21:13:03 | team | sess_ac98fd1d00df | INFO | Task verify_v2 claimed by member verifier2
2026-08-08 21:13:25 | team | sess_ac98fd1d00df | INFO | [verifier2] processing 1 unread messages (steer=True)
2026-08-08 21:13:25 | team | sess_ac98fd1d00df | INFO | Message e99f46ea-d38a-461d-a079-c61e53200521 marked as read by verifier2
2026-08-08 21:13:48 | team | sess_ac98fd1d00df | INFO | Task verify_v2 completed at 1786220028986
2026-08-08 21:13:48 | team | sess_ac98fd1d00df | INFO | Message 4036f03b-7635-48c9-b265-472903af7eb3 created
2026-08-08 21:13:48 | team | sess_ac98fd1d00df | INFO | Task verify_v2 completed
2026-08-08 21:14:08 | team | sess_ac98fd1d00df | INFO | [verifier2] processing 1 unread messages (steer=True)
2026-08-08 21:14:08 | team | sess_ac98fd1d00df | INFO | Message 71f03546-a166-4d7e-b30c-307f7f7c8f86 marked as read by verifier2
2026-08-08 21:14:22 | team | sess_ac98fd1d00df | INFO | team jiuwen_team_sess_ac98fd1d00df reported completed: 9 members, 7 tasks
2026-08-08 21:14:22 | team | sess_ac98fd1d00df | INFO | [verifier2] received TEAM_STANDBY, pausing polls
2026-08-08 21:14:22 | team | sess_ac98fd1d00df | INFO | EventBus[teammate] pausing polls
