2026-08-08 21:05:59 | team | sess_ac98fd1d00df | INFO | Team workspace directory ensured at /srv/jwteam_clone/shared/run_current
2026-08-08 21:05:59 | team | sess_ac98fd1d00df | INFO | AgentTeam manager initialized for jiuwen_team_sess_ac98fd1d00df, member=team_leader
2026-08-08 21:05:59 | team | sess_ac98fd1d00df | INFO | [team_leader] TeamPolicyRail static sections: section_names=['team_role', 'team_workflow', 'team_swarmflow', 'team_lifecycle', 'team_persona']
2026-08-08 21:05:59 | team | sess_ac98fd1d00df | INFO | Session tables ready for session sess_ac98fd1d00df
2026-08-08 21:05:59 | team | sess_ac98fd1d00df | INFO | Team database initialized
2026-08-08 21:05:59 | team | default_trace_id | INFO | Team workspace directory ensured at /srv/jwteam_clone/shared/run_current
2026-08-08 21:05:59 | team | default_trace_id | INFO | AgentTeam manager initialized for jiuwen_team_sess_ac98fd1d00df, member=executor1
2026-08-08 21:05:59 | team | default_trace_id | INFO | [executor1] TeamPolicyRail static sections: section_names=['team_role', 'team_persona']
2026-08-08 21:05:59 | team | sess_ac98fd1d00df | INFO | [executor1] invoke start, role=teammate
2026-08-08 21:05:59 | team | sess_ac98fd1d00df | INFO | [executor1] coordination starting
2026-08-08 21:05:59 | team | sess_ac98fd1d00df | INFO | Session tables ready for session sess_ac98fd1d00df
2026-08-08 21:05:59 | team | sess_ac98fd1d00df | INFO | Workspace /srv/jwteam_clone/shared/run_current initialized as plain shared directory (version_control disabled)
2026-08-08 21:05:59 | team | sess_ac98fd1d00df | INFO | EventBus[teammate] starting
2026-08-08 21:06:37 | team | sess_ac98fd1d00df | INFO | [executor1] HITT section refresh: human_agent_names=[]
2026-08-08 21:06:47 | team | sess_ac98fd1d00df | INFO | [executor1] processing 1 unread messages (steer=True)
2026-08-08 21:06:47 | team | sess_ac98fd1d00df | INFO | Message 3ed9b566-f42a-49b9-8b59-bfbecccdf271 marked as read by executor1
2026-08-08 21:07:19 | team | sess_ac98fd1d00df | INFO | Message 8e1484df-43a3-478f-98cb-e1fae6632af1 created
2026-08-08 21:07:51 | team | sess_ac98fd1d00df | INFO | [executor1] processing 1 unread messages (steer=True)
2026-08-08 21:07:51 | team | sess_ac98fd1d00df | INFO | Message 9d21a52d-6adc-4b51-960f-ffd24d3d4882 marked as read by executor1
2026-08-08 21:07:57 | team | sess_ac98fd1d00df | INFO | Message 96b8b3f2-3a5b-4a46-bd8f-3d9d70fbadef created
2026-08-08 21:07:57 | team | sess_ac98fd1d00df | INFO | Task implement claimed by member executor1
2026-08-08 21:07:57 | team | sess_ac98fd1d00df | INFO | Task implement claimed by member executor1
2026-08-08 21:08:52 | team | sess_ac98fd1d00df | INFO | Message d207836c-fad4-459b-93e9-2af1b0ab4539 created
2026-08-08 21:09:20 | team | sess_ac98fd1d00df | INFO | [executor1] processing 1 unread messages (steer=True)
2026-08-08 21:09:20 | team | sess_ac98fd1d00df | INFO | Message 6c2f9c8e-8c89-4abb-a799-170a78aee1f6 marked as read by executor1
2026-08-08 21:09:28 | team | sess_ac98fd1d00df | INFO | [executor1] processing 1 unread messages (steer=True)
2026-08-08 21:09:28 | team | sess_ac98fd1d00df | INFO | Message 2d9474b3-b1bf-4b83-b225-7ba703f0df7e marked as read by executor1
2026-08-08 21:09:36 | team | sess_ac98fd1d00df | INFO | task list drained for team jiuwen_team_sess_ac98fd1d00df: 3 terminal task(s)
2026-08-08 21:09:38 | team | sess_ac98fd1d00df | INFO | Message 0747a560-84cf-4a70-8749-7f9bc9741e14 created
2026-08-08 21:11:43 | team | sess_ac98fd1d00df | INFO | [executor1] processing 1 unread messages (steer=True)
2026-08-08 21:11:43 | team | sess_ac98fd1d00df | INFO | Message c5c5f04d-7531-4962-8ba2-0aba83d6e6cc marked as read by executor1
2026-08-08 21:11:57 | team | sess_ac98fd1d00df | INFO | Message 40acc466-acdf-4dbc-ad25-91a299a8b908 created
2026-08-08 21:12:10 | team | sess_ac98fd1d00df | INFO | [executor1] processing 1 unread messages (steer=True)
2026-08-08 21:12:10 | team | sess_ac98fd1d00df | INFO | Message d07de3a0-06af-49a1-a251-214574b8690d marked as read by executor1
2026-08-08 21:12:57 | team | sess_ac98fd1d00df | INFO | task list drained for team jiuwen_team_sess_ac98fd1d00df: 6 terminal task(s)
2026-08-08 21:13:49 | team | sess_ac98fd1d00df | INFO | task list drained for team jiuwen_team_sess_ac98fd1d00df: 7 terminal task(s)
2026-08-08 21:14:08 | team | sess_ac98fd1d00df | INFO | [executor1] processing 1 unread messages (steer=True)
2026-08-08 21:14:08 | team | sess_ac98fd1d00df | INFO | Message 71f03546-a166-4d7e-b30c-307f7f7c8f86 marked as read by executor1
2026-08-08 21:14:22 | team | sess_ac98fd1d00df | INFO | team jiuwen_team_sess_ac98fd1d00df reported completed: 9 members, 7 tasks
2026-08-08 21:14:22 | team | sess_ac98fd1d00df | INFO | [executor1] received TEAM_STANDBY, pausing polls
2026-08-08 21:14:22 | team | sess_ac98fd1d00df | INFO | EventBus[teammate] pausing polls
