2026-08-08 21:06:04 | team | sess_ac98fd1d00df | INFO | Team workspace directory ensured at /srv/jwteam_clone/shared/run_current
2026-08-08 21:06:04 | team | sess_ac98fd1d00df | INFO | AgentTeam manager initialized for jiuwen_team_sess_ac98fd1d00df, member=team_leader
2026-08-08 21:06:04 | team | sess_ac98fd1d00df | INFO | [team_leader] TeamPolicyRail static sections: section_names=['team_role', 'team_workflow', 'team_swarmflow', 'team_lifecycle', 'team_persona']
2026-08-08 21:06:04 | team | sess_ac98fd1d00df | INFO | Session tables ready for session sess_ac98fd1d00df
2026-08-08 21:06:04 | team | sess_ac98fd1d00df | INFO | Team database initialized
2026-08-08 21:06:04 | team | default_trace_id | INFO | Team workspace directory ensured at /srv/jwteam_clone/shared/run_current
2026-08-08 21:06:04 | team | default_trace_id | INFO | AgentTeam manager initialized for jiuwen_team_sess_ac98fd1d00df, member=fullstack1
2026-08-08 21:06:04 | team | default_trace_id | INFO | [fullstack1] TeamPolicyRail static sections: section_names=['team_role', 'team_persona']
2026-08-08 21:06:04 | team | sess_ac98fd1d00df | INFO | [fullstack1] invoke start, role=teammate
2026-08-08 21:06:04 | team | sess_ac98fd1d00df | INFO | [fullstack1] coordination starting
2026-08-08 21:06:04 | team | sess_ac98fd1d00df | INFO | Session tables ready for session sess_ac98fd1d00df
2026-08-08 21:06:04 | team | sess_ac98fd1d00df | INFO | Workspace /srv/jwteam_clone/shared/run_current initialized as plain shared directory (version_control disabled)
2026-08-08 21:06:04 | team | sess_ac98fd1d00df | INFO | EventBus[teammate] starting
2026-08-08 21:06:38 | team | sess_ac98fd1d00df | INFO | [fullstack1] HITT section refresh: human_agent_names=[]
2026-08-08 21:06:47 | team | sess_ac98fd1d00df | INFO | [fullstack1] processing 1 unread messages (steer=True)
2026-08-08 21:06:47 | team | sess_ac98fd1d00df | INFO | Message 3ed9b566-f42a-49b9-8b59-bfbecccdf271 marked as read by fullstack1
2026-08-08 21:09:36 | team | sess_ac98fd1d00df | INFO | task list drained for team jiuwen_team_sess_ac98fd1d00df: 3 terminal task(s)
2026-08-08 21:09:49 | team | sess_ac98fd1d00df | INFO | Task impl claimed by member fullstack1
2026-08-08 21:09:49 | team | sess_ac98fd1d00df | INFO | Task impl claimed by member fullstack1
2026-08-08 21:10:18 | team | sess_ac98fd1d00df | INFO | [fullstack1] processing 1 unread messages (steer=True)
2026-08-08 21:10:18 | team | sess_ac98fd1d00df | INFO | Message 097bcddb-b944-4ca2-af05-fee063a01cc9 marked as read by fullstack1
2026-08-08 21:10:48 | team | sess_ac98fd1d00df | INFO | Message 09758164-d915-4ce1-9497-e539de5b3b3d created
2026-08-08 21:11:35 | team | sess_ac98fd1d00df | INFO | Message b17f1713-1161-4160-9ff4-1ed7099e4d05 created
2026-08-08 21:11:42 | team | sess_ac98fd1d00df | INFO | [fullstack1] processing 1 unread messages (steer=True)
2026-08-08 21:11:42 | team | sess_ac98fd1d00df | INFO | Message 36241fdf-3434-475d-8731-e1dcd97732e0 marked as read by fullstack1
2026-08-08 21:11:43 | team | sess_ac98fd1d00df | INFO | Message c5c5f04d-7531-4962-8ba2-0aba83d6e6cc created
2026-08-08 21:11:55 | team | sess_ac98fd1d00df | INFO | [fullstack1] processing 1 unread messages (steer=True)
2026-08-08 21:11:55 | team | sess_ac98fd1d00df | INFO | Message 6aff424d-e998-4d35-8dd9-b11366c18575 marked as read by fullstack1
2026-08-08 21:11:57 | team | sess_ac98fd1d00df | INFO | [fullstack1] processing 1 unread messages (steer=True)
2026-08-08 21:11:57 | team | sess_ac98fd1d00df | INFO | Message 40acc466-acdf-4dbc-ad25-91a299a8b908 marked as read by fullstack1
2026-08-08 21:12:10 | team | sess_ac98fd1d00df | INFO | Message d07de3a0-06af-49a1-a251-214574b8690d created
2026-08-08 21:12:57 | team | sess_ac98fd1d00df | INFO | task list drained for team jiuwen_team_sess_ac98fd1d00df: 6 terminal task(s)
2026-08-08 21:13:49 | team | sess_ac98fd1d00df | INFO | task list drained for team jiuwen_team_sess_ac98fd1d00df: 7 terminal task(s)
2026-08-08 21:14:08 | team | sess_ac98fd1d00df | INFO | [fullstack1] processing 1 unread messages (steer=True)
2026-08-08 21:14:08 | team | sess_ac98fd1d00df | INFO | Message 71f03546-a166-4d7e-b30c-307f7f7c8f86 marked as read by fullstack1
2026-08-08 21:14:22 | team | sess_ac98fd1d00df | INFO | team jiuwen_team_sess_ac98fd1d00df reported completed: 9 members, 7 tasks
2026-08-08 21:14:22 | team | sess_ac98fd1d00df | INFO | [fullstack1] received TEAM_STANDBY, pausing polls
2026-08-08 21:14:22 | team | sess_ac98fd1d00df | INFO | EventBus[teammate] pausing polls
