2026-08-08 21:05:58 | team | sess_ac98fd1d00df | INFO | Team workspace directory ensured at /srv/jwteam_clone/shared/run_current
2026-08-08 21:05:58 | team | sess_ac98fd1d00df | INFO | AgentTeam manager initialized for jiuwen_team_sess_ac98fd1d00df, member=team_leader
2026-08-08 21:05:58 | team | sess_ac98fd1d00df | INFO | [team_leader] TeamPolicyRail static sections: section_names=['team_role', 'team_workflow', 'team_swarmflow', 'team_lifecycle', 'team_persona']
2026-08-08 21:05:58 | team | sess_ac98fd1d00df | INFO | Session tables ready for session sess_ac98fd1d00df
2026-08-08 21:05:58 | team | sess_ac98fd1d00df | INFO | Team database initialized
2026-08-08 21:05:58 | team | default_trace_id | INFO | Team workspace directory ensured at /srv/jwteam_clone/shared/run_current
2026-08-08 21:05:58 | team | default_trace_id | INFO | AgentTeam manager initialized for jiuwen_team_sess_ac98fd1d00df, member=planner2
2026-08-08 21:05:58 | team | default_trace_id | INFO | [planner2] TeamPolicyRail static sections: section_names=['team_role', 'team_persona']
2026-08-08 21:05:58 | team | sess_ac98fd1d00df | INFO | [planner2] invoke start, role=teammate
2026-08-08 21:05:58 | team | sess_ac98fd1d00df | INFO | [planner2] coordination starting
2026-08-08 21:05:58 | team | sess_ac98fd1d00df | INFO | Session tables ready for session sess_ac98fd1d00df
2026-08-08 21:05:58 | team | sess_ac98fd1d00df | INFO | Workspace /srv/jwteam_clone/shared/run_current initialized as plain shared directory (version_control disabled)
2026-08-08 21:05:58 | team | sess_ac98fd1d00df | INFO | EventBus[teammate] starting
2026-08-08 21:06:38 | team | sess_ac98fd1d00df | INFO | [planner2] HITT section refresh: human_agent_names=[]
2026-08-08 21:06:42 | team | sess_ac98fd1d00df | INFO | Task plan claimed by member planner2
2026-08-08 21:06:42 | team | sess_ac98fd1d00df | INFO | Task plan claimed by member planner2
2026-08-08 21:06:47 | team | sess_ac98fd1d00df | INFO | [planner2] processing 1 unread messages (steer=True)
2026-08-08 21:06:47 | team | sess_ac98fd1d00df | INFO | Message 3ed9b566-f42a-49b9-8b59-bfbecccdf271 marked as read by planner2
2026-08-08 21:06:56 | team | sess_ac98fd1d00df | INFO | [planner2] processing 1 unread messages (steer=True)
2026-08-08 21:06:56 | team | sess_ac98fd1d00df | INFO | Message 7fccdf3d-4588-4fa1-9c6e-b0f02ff22995 marked as read by planner2
2026-08-08 21:07:07 | team | sess_ac98fd1d00df | INFO | Message 9a551997-b260-4dd6-b0fc-4ed1aa9dcb4c created
2026-08-08 21:07:14 | team | sess_ac98fd1d00df | INFO | [planner2] processing 1 unread messages (steer=True)
2026-08-08 21:07:14 | team | sess_ac98fd1d00df | INFO | Message 395bba35-5f23-4e17-8324-d8bb708b0773 marked as read by planner2
2026-08-08 21:07:27 | team | sess_ac98fd1d00df | INFO | Message 332d9894-a10a-4806-b7d0-74361de01c48 created
2026-08-08 21:07:34 | team | sess_ac98fd1d00df | INFO | [planner2] processing 1 unread messages (steer=True)
2026-08-08 21:07:34 | team | sess_ac98fd1d00df | INFO | Message 7604a6de-6d17-420b-9361-5c850096ad30 marked as read by planner2
2026-08-08 21:07:51 | team | sess_ac98fd1d00df | INFO | Message 9d21a52d-6adc-4b51-960f-ffd24d3d4882 created
2026-08-08 21:07:55 | team | sess_ac98fd1d00df | INFO | Task plan completed at 1786219675943
2026-08-08 21:07:55 | team | sess_ac98fd1d00df | INFO | Resolved 1 dependencies for task plan
2026-08-08 21:07:55 | team | sess_ac98fd1d00df | INFO | Task implement unblocked (all deps resolved)
2026-08-08 21:07:55 | team | sess_ac98fd1d00df | INFO | Task plan completed
2026-08-08 21:07:55 | team | sess_ac98fd1d00df | INFO | Unblocked 1 tasks
2026-08-08 21:07:57 | team | sess_ac98fd1d00df | INFO | [planner2] processing 1 unread messages (steer=True)
2026-08-08 21:07:57 | team | sess_ac98fd1d00df | INFO | Message 96b8b3f2-3a5b-4a46-bd8f-3d9d70fbadef marked as read by planner2
2026-08-08 21:08:01 | team | sess_ac98fd1d00df | INFO | Message 930cb942-5946-463e-a10d-59cf9112b3c1 created
2026-08-08 21:09:28 | team | sess_ac98fd1d00df | INFO | [planner2] processing 1 unread messages (steer=True)
2026-08-08 21:09:28 | team | sess_ac98fd1d00df | INFO | Message e9e34798-e166-4563-9a1d-10d079eefb90 marked as read by planner2
2026-08-08 21:09:36 | team | sess_ac98fd1d00df | INFO | task list drained for team jiuwen_team_sess_ac98fd1d00df: 3 terminal task(s)
2026-08-08 21:09:44 | team | sess_ac98fd1d00df | INFO | Message 1e1ca1cc-a48f-43ef-94fa-67e7da8228ea created
2026-08-08 21:10:00 | team | sess_ac98fd1d00df | INFO | [planner2] processing 1 unread messages (steer=True)
2026-08-08 21:10:01 | team | sess_ac98fd1d00df | INFO | Message 3a6ef733-f356-40fc-b2be-e97523f149ce marked as read by planner2
2026-08-08 21:10:07 | team | sess_ac98fd1d00df | INFO | [planner2] processing 1 unread messages (steer=True)
2026-08-08 21:10:07 | team | sess_ac98fd1d00df | INFO | Message e5434928-0ac1-4bcc-a604-8ccfd6bc3ad5 marked as read by planner2
2026-08-08 21:10:18 | team | sess_ac98fd1d00df | INFO | Message 097bcddb-b944-4ca2-af05-fee063a01cc9 created
2026-08-08 21:12:57 | team | sess_ac98fd1d00df | INFO | task list drained for team jiuwen_team_sess_ac98fd1d00df: 6 terminal task(s)
2026-08-08 21:13:49 | team | sess_ac98fd1d00df | INFO | task list drained for team jiuwen_team_sess_ac98fd1d00df: 7 terminal task(s)
2026-08-08 21:14:08 | team | sess_ac98fd1d00df | INFO | [planner2] processing 1 unread messages (steer=True)
2026-08-08 21:14:08 | team | sess_ac98fd1d00df | INFO | Message 71f03546-a166-4d7e-b30c-307f7f7c8f86 marked as read by planner2
2026-08-08 21:14:22 | team | sess_ac98fd1d00df | INFO | team jiuwen_team_sess_ac98fd1d00df reported completed: 9 members, 7 tasks
2026-08-08 21:14:22 | team | sess_ac98fd1d00df | INFO | [planner2] received TEAM_STANDBY, pausing polls
2026-08-08 21:14:22 | team | sess_ac98fd1d00df | INFO | EventBus[teammate] pausing polls
