2026-08-08 11:34:33 | team | sess_fc7bdffd68d7 | INFO | Team workspace directory ensured at /srv/jwteam_clone/shared/run_current
2026-08-08 11:34:33 | team | sess_fc7bdffd68d7 | INFO | AgentTeam manager initialized for jiuwen_team_sess_fc7bdffd68d7, member=team_leader
2026-08-08 11:34:33 | team | sess_fc7bdffd68d7 | INFO | [team_leader] TeamPolicyRail static sections: section_names=['team_role', 'team_workflow', 'team_swarmflow', 'team_lifecycle', 'team_persona']
2026-08-08 11:34:34 | team | sess_fc7bdffd68d7 | INFO | Session tables ready for session sess_fc7bdffd68d7
2026-08-08 11:34:34 | team | sess_fc7bdffd68d7 | INFO | Team database initialized
2026-08-08 11:34:34 | team | default_trace_id | INFO | Team workspace directory ensured at /srv/jwteam_clone/shared/run_current
2026-08-08 11:34:34 | team | default_trace_id | INFO | AgentTeam manager initialized for jiuwen_team_sess_fc7bdffd68d7, member=executor3
2026-08-08 11:34:34 | team | default_trace_id | INFO | [executor3] TeamPolicyRail static sections: section_names=['team_role', 'team_persona']
2026-08-08 11:34:34 | team | sess_fc7bdffd68d7 | INFO | [executor3] invoke start, role=teammate
2026-08-08 11:34:34 | team | sess_fc7bdffd68d7 | INFO | [executor3] coordination starting
2026-08-08 11:34:34 | team | sess_fc7bdffd68d7 | INFO | Session tables ready for session sess_fc7bdffd68d7
2026-08-08 11:34:34 | team | sess_fc7bdffd68d7 | INFO | Workspace /srv/jwteam_clone/shared/run_current initialized as plain shared directory (version_control disabled)
2026-08-08 11:34:34 | team | sess_fc7bdffd68d7 | INFO | EventBus[teammate] starting
2026-08-08 11:35:14 | team | sess_fc7bdffd68d7 | INFO | [executor3] HITT section refresh: human_agent_names=[]
2026-08-08 11:35:28 | team | sess_fc7bdffd68d7 | INFO | [executor3] processing 1 unread messages (steer=True)
2026-08-08 11:35:29 | team | sess_fc7bdffd68d7 | INFO | Message 7160ce9d-e715-4610-8025-194aa3037df2 marked as read by executor3
2026-08-08 11:36:20 | team | sess_fc7bdffd68d7 | INFO | Task implement claimed by member executor3
2026-08-08 11:36:20 | team | sess_fc7bdffd68d7 | INFO | Task implement claimed by member executor3
2026-08-08 11:36:40 | team | sess_fc7bdffd68d7 | INFO | [executor3] processing 1 unread messages (steer=True)
2026-08-08 11:36:40 | team | sess_fc7bdffd68d7 | INFO | Message b15cf35f-0bfa-4d12-91d6-ed943625e027 marked as read by executor3
2026-08-08 11:36:46 | team | sess_fc7bdffd68d7 | INFO | [executor3] processing 1 unread messages (steer=True)
2026-08-08 11:36:46 | team | sess_fc7bdffd68d7 | INFO | Message 26885809-104a-4bef-aeba-5394d67596f3 marked as read by executor3
2026-08-08 11:37:09 | team | sess_fc7bdffd68d7 | INFO | Message 50082050-cbfe-4bcf-8814-1cb3a9ab70c9 created
2026-08-08 11:37:18 | team | sess_fc7bdffd68d7 | INFO | [executor3] processing 1 unread messages (steer=True)
2026-08-08 11:37:18 | team | sess_fc7bdffd68d7 | INFO | Message 39f10b63-cc6d-4977-8980-2f706307e980 marked as read by executor3
2026-08-08 11:37:50 | team | sess_fc7bdffd68d7 | INFO | Message 124112eb-7861-4e7c-9312-311845ef351a created
2026-08-08 11:40:40 | team | sess_fc7bdffd68d7 | INFO | Task implement completed
2026-08-08 11:40:40 | team | sess_fc7bdffd68d7 | INFO | Message cebd7d70-6e21-4b72-a261-c288c3b6708f created
2026-08-08 11:40:40 | team | sess_fc7bdffd68d7 | INFO | Message 3ab2cf71-ef38-43df-91a6-b9fd6e52c77b created
2026-08-08 11:42:09 | team | sess_fc7bdffd68d7 | INFO | task list drained for team jiuwen_team_sess_fc7bdffd68d7: 4 terminal task(s)
2026-08-08 11:42:23 | team | sess_fc7bdffd68d7 | INFO | [executor3] processing 1 unread messages (steer=True)
2026-08-08 11:42:23 | team | sess_fc7bdffd68d7 | INFO | Message 1c97870f-8693-437a-b467-75511f7aea28 marked as read by executor3
2026-08-08 11:42:51 | team | sess_fc7bdffd68d7 | INFO | team jiuwen_team_sess_fc7bdffd68d7 reported completed: 9 members, 4 tasks
2026-08-08 11:42:51 | team | sess_fc7bdffd68d7 | INFO | [executor3] received TEAM_STANDBY, pausing polls
2026-08-08 11:42:51 | team | sess_fc7bdffd68d7 | INFO | EventBus[teammate] pausing polls
