2026-08-08 11:34:29 | team | sess_fc7bdffd68d7 | INFO | Team workspace directory ensured at /srv/jwteam_clone/shared/run_current
2026-08-08 11:34:29 | team | sess_fc7bdffd68d7 | INFO | AgentTeam manager initialized for jiuwen_team_sess_fc7bdffd68d7, member=team_leader
2026-08-08 11:34:29 | team | sess_fc7bdffd68d7 | INFO | [team_leader] TeamPolicyRail static sections: section_names=['team_role', 'team_workflow', 'team_swarmflow', 'team_lifecycle', 'team_persona']
2026-08-08 11:34:29 | team | sess_fc7bdffd68d7 | INFO | Session tables ready for session sess_fc7bdffd68d7
2026-08-08 11:34:29 | team | sess_fc7bdffd68d7 | INFO | Team database initialized
2026-08-08 11:34:29 | team | default_trace_id | INFO | Team workspace directory ensured at /srv/jwteam_clone/shared/run_current
2026-08-08 11:34:29 | team | default_trace_id | INFO | AgentTeam manager initialized for jiuwen_team_sess_fc7bdffd68d7, member=planner1
2026-08-08 11:34:29 | team | default_trace_id | INFO | [planner1] TeamPolicyRail static sections: section_names=['team_role', 'team_persona']
2026-08-08 11:34:29 | team | sess_fc7bdffd68d7 | INFO | [planner1] invoke start, role=teammate
2026-08-08 11:34:29 | team | sess_fc7bdffd68d7 | INFO | [planner1] coordination starting
2026-08-08 11:34:29 | team | sess_fc7bdffd68d7 | INFO | Session tables ready for session sess_fc7bdffd68d7
2026-08-08 11:34:29 | team | sess_fc7bdffd68d7 | INFO | Workspace /srv/jwteam_clone/shared/run_current initialized as plain shared directory (version_control disabled)
2026-08-08 11:34:29 | team | sess_fc7bdffd68d7 | INFO | EventBus[teammate] starting
2026-08-08 11:35:14 | team | sess_fc7bdffd68d7 | INFO | [planner1] HITT section refresh: human_agent_names=[]
2026-08-08 11:35:29 | team | sess_fc7bdffd68d7 | INFO | [planner1] processing 1 unread messages (steer=True)
2026-08-08 11:35:29 | team | sess_fc7bdffd68d7 | INFO | Message 7160ce9d-e715-4610-8025-194aa3037df2 marked as read by planner1
2026-08-08 11:35:53 | team | sess_fc7bdffd68d7 | INFO | Message dee6142e-d842-43cd-a31f-9705eb10af5e created
2026-08-08 11:36:12 | team | sess_fc7bdffd68d7 | INFO | [planner1] processing 1 unread messages (steer=True)
2026-08-08 11:36:12 | team | sess_fc7bdffd68d7 | INFO | Message aca14938-7141-4ba7-9902-ce1df63a09e2 marked as read by planner1
2026-08-08 11:36:24 | team | sess_fc7bdffd68d7 | INFO | Message 17610b05-983c-44ae-8e15-e00d6dc02220 created
2026-08-08 11:36:46 | team | sess_fc7bdffd68d7 | INFO | Message 26885809-104a-4bef-aeba-5394d67596f3 created
2026-08-08 11:36:57 | team | sess_fc7bdffd68d7 | INFO | Message 536b605a-1e70-4250-863e-b7f60e07e920 created
2026-08-08 11:36:57 | team | sess_fc7bdffd68d7 | INFO | Message 519bd429-deee-453f-abb4-04cb35c87b1a created
2026-08-08 11:37:03 | team | sess_fc7bdffd68d7 | INFO | [planner1] processing 1 unread messages (steer=True)
2026-08-08 11:37:03 | team | sess_fc7bdffd68d7 | INFO | Message 5c0d5497-01a4-4bc7-9671-cce5841fbba2 marked as read by planner1
2026-08-08 11:42:09 | team | sess_fc7bdffd68d7 | INFO | task list drained for team jiuwen_team_sess_fc7bdffd68d7: 4 terminal task(s)
2026-08-08 11:42:23 | team | sess_fc7bdffd68d7 | INFO | [planner1] processing 1 unread messages (steer=True)
2026-08-08 11:42:23 | team | sess_fc7bdffd68d7 | INFO | Message 1c97870f-8693-437a-b467-75511f7aea28 marked as read by planner1
2026-08-08 11:42:51 | team | sess_fc7bdffd68d7 | INFO | team jiuwen_team_sess_fc7bdffd68d7 reported completed: 9 members, 4 tasks
2026-08-08 11:42:51 | team | sess_fc7bdffd68d7 | INFO | [planner1] received TEAM_STANDBY, pausing polls
2026-08-08 11:42:51 | team | sess_fc7bdffd68d7 | INFO | EventBus[teammate] pausing polls
