2026-08-08 11:34:31 | team | sess_fc7bdffd68d7 | INFO | Team workspace directory ensured at /srv/jwteam_clone/shared/run_current
2026-08-08 11:34:31 | team | sess_fc7bdffd68d7 | INFO | AgentTeam manager initialized for jiuwen_team_sess_fc7bdffd68d7, member=team_leader
2026-08-08 11:34:31 | team | sess_fc7bdffd68d7 | INFO | [team_leader] TeamPolicyRail static sections: section_names=['team_role', 'team_workflow', 'team_swarmflow', 'team_lifecycle', 'team_persona']
2026-08-08 11:34:31 | team | sess_fc7bdffd68d7 | INFO | Session tables ready for session sess_fc7bdffd68d7
2026-08-08 11:34:31 | team | sess_fc7bdffd68d7 | INFO | Team database initialized
2026-08-08 11:34:31 | team | default_trace_id | INFO | Team workspace directory ensured at /srv/jwteam_clone/shared/run_current
2026-08-08 11:34:31 | team | default_trace_id | INFO | AgentTeam manager initialized for jiuwen_team_sess_fc7bdffd68d7, member=executor1
2026-08-08 11:34:31 | team | default_trace_id | INFO | [executor1] TeamPolicyRail static sections: section_names=['team_role', 'team_persona']
2026-08-08 11:34:31 | team | sess_fc7bdffd68d7 | INFO | [executor1] invoke start, role=teammate
2026-08-08 11:34:31 | team | sess_fc7bdffd68d7 | INFO | [executor1] coordination starting
2026-08-08 11:34:31 | team | sess_fc7bdffd68d7 | INFO | Session tables ready for session sess_fc7bdffd68d7
2026-08-08 11:34:31 | team | sess_fc7bdffd68d7 | INFO | Workspace /srv/jwteam_clone/shared/run_current initialized as plain shared directory (version_control disabled)
2026-08-08 11:34:31 | team | sess_fc7bdffd68d7 | INFO | EventBus[teammate] starting
2026-08-08 11:35:14 | team | sess_fc7bdffd68d7 | INFO | [executor1] HITT section refresh: human_agent_names=[]
2026-08-08 11:35:29 | team | sess_fc7bdffd68d7 | INFO | [executor1] processing 1 unread messages (steer=True)
2026-08-08 11:35:29 | team | sess_fc7bdffd68d7 | INFO | Message 7160ce9d-e715-4610-8025-194aa3037df2 marked as read by executor1
2026-08-08 11:35:59 | team | sess_fc7bdffd68d7 | INFO | [executor1] processing 1 unread messages (steer=True)
2026-08-08 11:35:59 | team | sess_fc7bdffd68d7 | INFO | Message 59f96e35-a401-4b0a-9e51-6db00cb591a7 marked as read by executor1
2026-08-08 11:36:24 | team | sess_fc7bdffd68d7 | INFO | [executor1] processing 1 unread messages (steer=True)
2026-08-08 11:36:24 | team | sess_fc7bdffd68d7 | INFO | Message 17610b05-983c-44ae-8e15-e00d6dc02220 marked as read by executor1
2026-08-08 11:36:40 | team | sess_fc7bdffd68d7 | INFO | Message b15cf35f-0bfa-4d12-91d6-ed943625e027 created
2026-08-08 11:37:50 | team | sess_fc7bdffd68d7 | INFO | [executor1] processing 1 unread messages (steer=True)
2026-08-08 11:37:50 | team | sess_fc7bdffd68d7 | INFO | Message 124112eb-7861-4e7c-9312-311845ef351a marked as read by executor1
2026-08-08 11:40:25 | team | sess_fc7bdffd68d7 | INFO | Message 780c472e-ae99-4ffa-85e2-7aa0552b23c3 created
2026-08-08 11:40:25 | team | sess_fc7bdffd68d7 | INFO | Message 0e18e9f4-3942-4031-bddf-13a3df30bfeb created
2026-08-08 11:40:30 | team | sess_fc7bdffd68d7 | INFO | Task implement completed at 1786185630650
2026-08-08 11:40:30 | team | sess_fc7bdffd68d7 | INFO | Resolved 2 dependencies for task implement
2026-08-08 11:40:30 | team | sess_fc7bdffd68d7 | INFO | Task verify-1 unblocked (all deps resolved)
2026-08-08 11:40:30 | team | sess_fc7bdffd68d7 | INFO | Task verify-2 unblocked (all deps resolved)
2026-08-08 11:40:30 | team | sess_fc7bdffd68d7 | INFO | Task implement completed
2026-08-08 11:40:30 | team | sess_fc7bdffd68d7 | INFO | Unblocked 2 tasks
2026-08-08 11:40:39 | team | sess_fc7bdffd68d7 | INFO | Message c99ec9cb-9e11-4290-8f76-6ca12031aa15 created
2026-08-08 11:42:09 | team | sess_fc7bdffd68d7 | INFO | task list drained for team jiuwen_team_sess_fc7bdffd68d7: 4 terminal task(s)
2026-08-08 11:42:23 | team | sess_fc7bdffd68d7 | INFO | [executor1] processing 1 unread messages (steer=True)
2026-08-08 11:42:23 | team | sess_fc7bdffd68d7 | INFO | Message 1c97870f-8693-437a-b467-75511f7aea28 marked as read by executor1
2026-08-08 11:42:51 | team | sess_fc7bdffd68d7 | INFO | team jiuwen_team_sess_fc7bdffd68d7 reported completed: 9 members, 4 tasks
2026-08-08 11:42:51 | team | sess_fc7bdffd68d7 | INFO | [executor1] received TEAM_STANDBY, pausing polls
2026-08-08 11:42:51 | team | sess_fc7bdffd68d7 | INFO | EventBus[teammate] pausing polls
