2026-08-08 11:34:34 | team | sess_fc7bdffd68d7 | INFO | Team workspace directory ensured at /srv/jwteam_clone/shared/run_current
2026-08-08 11:34:34 | team | sess_fc7bdffd68d7 | INFO | AgentTeam manager initialized for jiuwen_team_sess_fc7bdffd68d7, member=team_leader
2026-08-08 11:34:34 | team | sess_fc7bdffd68d7 | INFO | [team_leader] TeamPolicyRail static sections: section_names=['team_role', 'team_workflow', 'team_swarmflow', 'team_lifecycle', 'team_persona']
2026-08-08 11:34:34 | team | sess_fc7bdffd68d7 | INFO | Session tables ready for session sess_fc7bdffd68d7
2026-08-08 11:34:34 | team | sess_fc7bdffd68d7 | INFO | Team database initialized
2026-08-08 11:34:34 | team | default_trace_id | INFO | Team workspace directory ensured at /srv/jwteam_clone/shared/run_current
2026-08-08 11:34:34 | team | default_trace_id | INFO | AgentTeam manager initialized for jiuwen_team_sess_fc7bdffd68d7, member=verifier1
2026-08-08 11:34:34 | team | default_trace_id | INFO | [verifier1] TeamPolicyRail static sections: section_names=['team_role', 'team_persona']
2026-08-08 11:34:34 | team | sess_fc7bdffd68d7 | INFO | [verifier1] invoke start, role=teammate
2026-08-08 11:34:34 | team | sess_fc7bdffd68d7 | INFO | [verifier1] coordination starting
2026-08-08 11:34:34 | team | sess_fc7bdffd68d7 | INFO | Session tables ready for session sess_fc7bdffd68d7
2026-08-08 11:34:34 | team | sess_fc7bdffd68d7 | INFO | Workspace /srv/jwteam_clone/shared/run_current initialized as plain shared directory (version_control disabled)
2026-08-08 11:34:34 | team | sess_fc7bdffd68d7 | INFO | EventBus[teammate] starting
2026-08-08 11:35:14 | team | sess_fc7bdffd68d7 | INFO | [verifier1] HITT section refresh: human_agent_names=[]
2026-08-08 11:35:29 | team | sess_fc7bdffd68d7 | INFO | [verifier1] processing 1 unread messages (steer=True)
2026-08-08 11:35:29 | team | sess_fc7bdffd68d7 | INFO | Message 7160ce9d-e715-4610-8025-194aa3037df2 marked as read by verifier1
2026-08-08 11:35:41 | team | sess_fc7bdffd68d7 | INFO | Message 643b4ccc-6e9f-42de-9dab-162d87d53cbc created
2026-08-08 11:40:25 | team | sess_fc7bdffd68d7 | INFO | [verifier1] processing 1 unread messages (steer=True)
2026-08-08 11:40:26 | team | sess_fc7bdffd68d7 | INFO | Message 0e18e9f4-3942-4031-bddf-13a3df30bfeb marked as read by verifier1
2026-08-08 11:40:32 | team | sess_fc7bdffd68d7 | INFO | Task verify-1 claimed by member verifier1
2026-08-08 11:40:32 | team | sess_fc7bdffd68d7 | INFO | Task verify-1 claimed by member verifier1
2026-08-08 11:40:40 | team | sess_fc7bdffd68d7 | INFO | [verifier1] processing 1 unread messages (steer=True)
2026-08-08 11:40:40 | team | sess_fc7bdffd68d7 | INFO | Message cebd7d70-6e21-4b72-a261-c288c3b6708f marked as read by verifier1
2026-08-08 11:41:38 | team | sess_fc7bdffd68d7 | INFO | Task verify-1 completed at 1786185698340
2026-08-08 11:41:38 | team | sess_fc7bdffd68d7 | INFO | Message 8f308e0b-fbb0-440f-9c80-d02623f3273b created
2026-08-08 11:41:38 | team | sess_fc7bdffd68d7 | INFO | Task verify-1 completed
2026-08-08 11:42:09 | team | sess_fc7bdffd68d7 | INFO | task list drained for team jiuwen_team_sess_fc7bdffd68d7: 4 terminal task(s)
2026-08-08 11:42:23 | team | sess_fc7bdffd68d7 | INFO | [verifier1] processing 1 unread messages (steer=True)
2026-08-08 11:42:23 | team | sess_fc7bdffd68d7 | INFO | Message 1c97870f-8693-437a-b467-75511f7aea28 marked as read by verifier1
2026-08-08 11:42:51 | team | sess_fc7bdffd68d7 | INFO | team jiuwen_team_sess_fc7bdffd68d7 reported completed: 9 members, 4 tasks
2026-08-08 11:42:51 | team | sess_fc7bdffd68d7 | INFO | [verifier1] received TEAM_STANDBY, pausing polls
2026-08-08 11:42:51 | team | sess_fc7bdffd68d7 | INFO | EventBus[teammate] pausing polls
