2026-08-08 11:34:32 | team | sess_fc7bdffd68d7 | INFO | Team workspace directory ensured at /srv/jwteam_clone/shared/run_current
2026-08-08 11:34:32 | team | sess_fc7bdffd68d7 | INFO | AgentTeam manager initialized for jiuwen_team_sess_fc7bdffd68d7, member=team_leader
2026-08-08 11:34:32 | team | sess_fc7bdffd68d7 | INFO | [team_leader] TeamPolicyRail static sections: section_names=['team_role', 'team_workflow', 'team_swarmflow', 'team_lifecycle', 'team_persona']
2026-08-08 11:34:33 | team | sess_fc7bdffd68d7 | INFO | Session tables ready for session sess_fc7bdffd68d7
2026-08-08 11:34:33 | team | sess_fc7bdffd68d7 | INFO | Team database initialized
2026-08-08 11:34:33 | team | default_trace_id | INFO | Team workspace directory ensured at /srv/jwteam_clone/shared/run_current
2026-08-08 11:34:33 | team | default_trace_id | INFO | AgentTeam manager initialized for jiuwen_team_sess_fc7bdffd68d7, member=executor2
2026-08-08 11:34:33 | team | default_trace_id | INFO | [executor2] TeamPolicyRail static sections: section_names=['team_role', 'team_persona']
2026-08-08 11:34:33 | team | sess_fc7bdffd68d7 | INFO | [executor2] invoke start, role=teammate
2026-08-08 11:34:33 | team | sess_fc7bdffd68d7 | INFO | [executor2] coordination starting
2026-08-08 11:34:33 | team | sess_fc7bdffd68d7 | INFO | Session tables ready for session sess_fc7bdffd68d7
2026-08-08 11:34:33 | team | sess_fc7bdffd68d7 | INFO | Workspace /srv/jwteam_clone/shared/run_current initialized as plain shared directory (version_control disabled)
2026-08-08 11:34:33 | team | sess_fc7bdffd68d7 | INFO | EventBus[teammate] starting
2026-08-08 11:35:14 | team | sess_fc7bdffd68d7 | INFO | [executor2] HITT section refresh: human_agent_names=[]
2026-08-08 11:35:29 | team | sess_fc7bdffd68d7 | INFO | [executor2] processing 1 unread messages (steer=True)
2026-08-08 11:35:29 | team | sess_fc7bdffd68d7 | INFO | Message 7160ce9d-e715-4610-8025-194aa3037df2 marked as read by executor2
2026-08-08 11:42:09 | team | sess_fc7bdffd68d7 | INFO | task list drained for team jiuwen_team_sess_fc7bdffd68d7: 4 terminal task(s)
2026-08-08 11:42:23 | team | sess_fc7bdffd68d7 | INFO | [executor2] processing 1 unread messages (steer=True)
2026-08-08 11:42:23 | team | sess_fc7bdffd68d7 | INFO | Message 1c97870f-8693-437a-b467-75511f7aea28 marked as read by executor2
2026-08-08 11:42:51 | team | sess_fc7bdffd68d7 | INFO | team jiuwen_team_sess_fc7bdffd68d7 reported completed: 9 members, 4 tasks
2026-08-08 11:42:51 | team | sess_fc7bdffd68d7 | INFO | [executor2] received TEAM_STANDBY, pausing polls
2026-08-08 11:42:51 | team | sess_fc7bdffd68d7 | INFO | EventBus[teammate] pausing polls
