2026-08-08 11:34:35 | team | sess_fc7bdffd68d7 | INFO | Team workspace directory ensured at /srv/jwteam_clone/shared/run_current
2026-08-08 11:34:35 | team | sess_fc7bdffd68d7 | INFO | AgentTeam manager initialized for jiuwen_team_sess_fc7bdffd68d7, member=team_leader
2026-08-08 11:34:35 | team | sess_fc7bdffd68d7 | INFO | [team_leader] TeamPolicyRail static sections: section_names=['team_role', 'team_workflow', 'team_swarmflow', 'team_lifecycle', 'team_persona']
2026-08-08 11:34:35 | team | sess_fc7bdffd68d7 | INFO | Session tables ready for session sess_fc7bdffd68d7
2026-08-08 11:34:35 | team | sess_fc7bdffd68d7 | INFO | Team database initialized
2026-08-08 11:34:35 | team | default_trace_id | INFO | Team workspace directory ensured at /srv/jwteam_clone/shared/run_current
2026-08-08 11:34:35 | team | default_trace_id | INFO | AgentTeam manager initialized for jiuwen_team_sess_fc7bdffd68d7, member=verifier2
2026-08-08 11:34:35 | team | default_trace_id | INFO | [verifier2] TeamPolicyRail static sections: section_names=['team_role', 'team_persona']
2026-08-08 11:34:36 | team | sess_fc7bdffd68d7 | INFO | [verifier2] invoke start, role=teammate
2026-08-08 11:34:36 | team | sess_fc7bdffd68d7 | INFO | [verifier2] coordination starting
2026-08-08 11:34:36 | team | sess_fc7bdffd68d7 | INFO | Session tables ready for session sess_fc7bdffd68d7
2026-08-08 11:34:36 | team | sess_fc7bdffd68d7 | INFO | Workspace /srv/jwteam_clone/shared/run_current initialized as plain shared directory (version_control disabled)
2026-08-08 11:34:36 | team | sess_fc7bdffd68d7 | INFO | EventBus[teammate] starting
2026-08-08 11:35:14 | team | sess_fc7bdffd68d7 | INFO | [verifier2] HITT section refresh: human_agent_names=[]
2026-08-08 11:35:29 | team | sess_fc7bdffd68d7 | INFO | [verifier2] processing 1 unread messages (steer=True)
2026-08-08 11:35:29 | team | sess_fc7bdffd68d7 | INFO | Message 7160ce9d-e715-4610-8025-194aa3037df2 marked as read by verifier2
2026-08-08 11:40:25 | team | sess_fc7bdffd68d7 | INFO | [verifier2] processing 1 unread messages (steer=True)
2026-08-08 11:40:26 | team | sess_fc7bdffd68d7 | INFO | Message 780c472e-ae99-4ffa-85e2-7aa0552b23c3 marked as read by verifier2
2026-08-08 11:40:39 | team | sess_fc7bdffd68d7 | INFO | Task verify-2 claimed by member verifier2
2026-08-08 11:40:39 | team | sess_fc7bdffd68d7 | INFO | Task verify-2 claimed by member verifier2
2026-08-08 11:40:40 | team | sess_fc7bdffd68d7 | INFO | [verifier2] processing 1 unread messages (steer=True)
2026-08-08 11:40:40 | team | sess_fc7bdffd68d7 | INFO | Message 3ab2cf71-ef38-43df-91a6-b9fd6e52c77b marked as read by verifier2
2026-08-08 11:42:09 | team | sess_fc7bdffd68d7 | INFO | Task verify-2 completed at 1786185729811
2026-08-08 11:42:09 | team | sess_fc7bdffd68d7 | INFO | Task verify-2 completed
2026-08-08 11:42:17 | team | sess_fc7bdffd68d7 | INFO | Message e9de4a01-a0ce-4c8e-8a2c-a6165b835091 created
2026-08-08 11:42:23 | team | sess_fc7bdffd68d7 | INFO | [verifier2] processing 1 unread messages (steer=True)
2026-08-08 11:42:23 | team | sess_fc7bdffd68d7 | INFO | Message 1c97870f-8693-437a-b467-75511f7aea28 marked as read by verifier2
2026-08-08 11:42:51 | team | sess_fc7bdffd68d7 | INFO | team jiuwen_team_sess_fc7bdffd68d7 reported completed: 9 members, 4 tasks
2026-08-08 11:42:51 | team | sess_fc7bdffd68d7 | INFO | [verifier2] received TEAM_STANDBY, pausing polls
2026-08-08 11:42:51 | team | sess_fc7bdffd68d7 | INFO | EventBus[teammate] pausing polls
