2026-08-08 20:32:50 | team | sess_9095da1c5aa9 | INFO | Team workspace directory ensured at /srv/jwteam_clone/shared/run_current
2026-08-08 20:32:50 | team | sess_9095da1c5aa9 | INFO | AgentTeam manager initialized for jiuwen_team_sess_9095da1c5aa9, member=team_leader
2026-08-08 20:32:50 | team | sess_9095da1c5aa9 | INFO | [team_leader] TeamPolicyRail static sections: section_names=['team_role', 'team_workflow', 'team_swarmflow', 'team_lifecycle', 'team_persona']
2026-08-08 20:32:50 | team | sess_9095da1c5aa9 | INFO | Session tables ready for session sess_9095da1c5aa9
2026-08-08 20:32:50 | team | sess_9095da1c5aa9 | INFO | Team database initialized
2026-08-08 20:32:50 | team | default_trace_id | INFO | Team workspace directory ensured at /srv/jwteam_clone/shared/run_current
2026-08-08 20:32:50 | team | default_trace_id | INFO | AgentTeam manager initialized for jiuwen_team_sess_9095da1c5aa9, member=executor1
2026-08-08 20:32:50 | team | default_trace_id | INFO | [executor1] TeamPolicyRail static sections: section_names=['team_role', 'team_persona']
2026-08-08 20:32:50 | team | sess_9095da1c5aa9 | INFO | [executor1] invoke start, role=teammate
2026-08-08 20:32:50 | team | sess_9095da1c5aa9 | INFO | [executor1] coordination starting
2026-08-08 20:32:50 | team | sess_9095da1c5aa9 | INFO | Session tables ready for session sess_9095da1c5aa9
2026-08-08 20:32:50 | team | sess_9095da1c5aa9 | INFO | Workspace /srv/jwteam_clone/shared/run_current initialized as plain shared directory (version_control disabled)
2026-08-08 20:32:50 | team | sess_9095da1c5aa9 | INFO | EventBus[teammate] starting
2026-08-08 20:33:07 | team | sess_9095da1c5aa9 | INFO | [executor1] HITT section refresh: human_agent_names=[]
2026-08-08 20:33:18 | team | sess_9095da1c5aa9 | INFO | [executor1] processing 1 unread messages (steer=True)
2026-08-08 20:33:18 | team | sess_9095da1c5aa9 | INFO | Message bfb37bb7-c15e-49ed-8566-63298f755d5f marked as read by executor1
2026-08-08 20:33:23 | team | sess_9095da1c5aa9 | INFO | Message 09a33dc0-3adc-4d35-9412-c9609e3420f3 created
2026-08-08 20:34:21 | team | sess_9095da1c5aa9 | INFO | [executor1] processing 1 unread messages (steer=True)
2026-08-08 20:34:21 | team | sess_9095da1c5aa9 | INFO | Message 5084fb42-ff23-4603-a043-2cb7b9012c4e marked as read by executor1
2026-08-08 20:34:39 | team | sess_9095da1c5aa9 | INFO | Task implement-audit-logging claimed by member executor1
2026-08-08 20:34:39 | team | sess_9095da1c5aa9 | INFO | Task implement-audit-logging claimed by member executor1
2026-08-08 20:36:09 | team | sess_9095da1c5aa9 | INFO | Message 4c29d8f7-c201-4ea8-9015-225e06ec8958 created
2026-08-08 20:36:33 | team | sess_9095da1c5aa9 | INFO | [executor1] processing 1 unread messages (steer=True)
2026-08-08 20:36:33 | team | sess_9095da1c5aa9 | INFO | Message 7df18b77-695b-4fe4-b5bb-035ff3396eb3 marked as read by executor1
2026-08-08 20:37:52 | team | sess_9095da1c5aa9 | INFO | [executor1] processing 1 unread messages (steer=True)
2026-08-08 20:37:52 | team | sess_9095da1c5aa9 | INFO | Message 56e75652-09cf-45a5-9bff-6e16469d2007 marked as read by executor1
2026-08-08 20:38:03 | team | sess_9095da1c5aa9 | INFO | Message 0a3f5db4-7a20-437a-a7e0-3aa921a5e822 created
