2026-08-08 20:32:51 | team | sess_9095da1c5aa9 | INFO | Team workspace directory ensured at /srv/jwteam_clone/shared/run_current
2026-08-08 20:32:51 | team | sess_9095da1c5aa9 | INFO | AgentTeam manager initialized for jiuwen_team_sess_9095da1c5aa9, member=team_leader
2026-08-08 20:32:51 | team | sess_9095da1c5aa9 | INFO | [team_leader] TeamPolicyRail static sections: section_names=['team_role', 'team_workflow', 'team_swarmflow', 'team_lifecycle', 'team_persona']
2026-08-08 20:32:52 | team | sess_9095da1c5aa9 | INFO | Session tables ready for session sess_9095da1c5aa9
2026-08-08 20:32:52 | team | sess_9095da1c5aa9 | INFO | Team database initialized
2026-08-08 20:32:52 | team | default_trace_id | INFO | Team workspace directory ensured at /srv/jwteam_clone/shared/run_current
2026-08-08 20:32:52 | team | default_trace_id | INFO | AgentTeam manager initialized for jiuwen_team_sess_9095da1c5aa9, member=executor2
2026-08-08 20:32:52 | team | default_trace_id | INFO | [executor2] TeamPolicyRail static sections: section_names=['team_role', 'team_persona']
2026-08-08 20:32:52 | team | sess_9095da1c5aa9 | INFO | [executor2] invoke start, role=teammate
2026-08-08 20:32:52 | team | sess_9095da1c5aa9 | INFO | [executor2] coordination starting
2026-08-08 20:32:52 | team | sess_9095da1c5aa9 | INFO | Session tables ready for session sess_9095da1c5aa9
2026-08-08 20:32:52 | team | sess_9095da1c5aa9 | INFO | Workspace /srv/jwteam_clone/shared/run_current initialized as plain shared directory (version_control disabled)
2026-08-08 20:32:52 | team | sess_9095da1c5aa9 | INFO | EventBus[teammate] starting
2026-08-08 20:33:07 | team | sess_9095da1c5aa9 | INFO | [executor2] HITT section refresh: human_agent_names=[]
2026-08-08 20:33:18 | team | sess_9095da1c5aa9 | INFO | [executor2] processing 1 unread messages (steer=True)
2026-08-08 20:33:18 | team | sess_9095da1c5aa9 | INFO | Message bfb37bb7-c15e-49ed-8566-63298f755d5f marked as read by executor2
2026-08-08 20:37:40 | team | sess_9095da1c5aa9 | INFO | [executor2] processing 1 unread messages (steer=True)
2026-08-08 20:37:40 | team | sess_9095da1c5aa9 | INFO | Message 3fbbccd0-ffd6-4a61-89be-37afdb90a4b4 marked as read by executor2
2026-08-08 20:38:13 | team | sess_9095da1c5aa9 | INFO | Message 30de9986-0899-4168-be8d-e90df0287442 created
2026-08-08 20:38:13 | team | sess_9095da1c5aa9 | INFO | Message 05890c4a-2e79-404f-a4c0-e40940fb78f4 created
2026-08-08 20:40:11 | team | sess_9095da1c5aa9 | INFO | Message 20326a75-7887-43a0-89c2-4ae9935c2f31 created
2026-08-08 20:40:55 | team | sess_9095da1c5aa9 | INFO | [executor2] processing 1 unread messages (steer=True)
2026-08-08 20:40:55 | team | sess_9095da1c5aa9 | INFO | Message 459c8632-04dd-4202-8bdd-04d71100b825 marked as read by executor2
2026-08-08 20:41:24 | team | sess_9095da1c5aa9 | INFO | Message a0e9768a-85fe-4b1c-99e1-8582ea7bbf1e created
