2026-08-08 20:32:48 | team | sess_9095da1c5aa9 | INFO | Team workspace directory ensured at /srv/jwteam_clone/shared/run_current
2026-08-08 20:32:48 | team | sess_9095da1c5aa9 | INFO | AgentTeam manager initialized for jiuwen_team_sess_9095da1c5aa9, member=team_leader
2026-08-08 20:32:48 | team | sess_9095da1c5aa9 | INFO | [team_leader] TeamPolicyRail static sections: section_names=['team_role', 'team_workflow', 'team_swarmflow', 'team_lifecycle', 'team_persona']
2026-08-08 20:32:48 | team | sess_9095da1c5aa9 | INFO | Session tables ready for session sess_9095da1c5aa9
2026-08-08 20:32:48 | team | sess_9095da1c5aa9 | INFO | Team database initialized
2026-08-08 20:32:48 | team | default_trace_id | INFO | Team workspace directory ensured at /srv/jwteam_clone/shared/run_current
2026-08-08 20:32:48 | team | default_trace_id | INFO | AgentTeam manager initialized for jiuwen_team_sess_9095da1c5aa9, member=planner1
2026-08-08 20:32:48 | team | default_trace_id | INFO | [planner1] TeamPolicyRail static sections: section_names=['team_role', 'team_persona']
2026-08-08 20:32:48 | team | sess_9095da1c5aa9 | INFO | [planner1] invoke start, role=teammate
2026-08-08 20:32:48 | team | sess_9095da1c5aa9 | INFO | [planner1] coordination starting
2026-08-08 20:32:48 | team | sess_9095da1c5aa9 | INFO | Session tables ready for session sess_9095da1c5aa9
2026-08-08 20:32:48 | team | sess_9095da1c5aa9 | INFO | Workspace /srv/jwteam_clone/shared/run_current initialized as plain shared directory (version_control disabled)
2026-08-08 20:32:48 | team | sess_9095da1c5aa9 | INFO | EventBus[teammate] starting
2026-08-08 20:33:07 | team | sess_9095da1c5aa9 | INFO | [planner1] HITT section refresh: human_agent_names=[]
2026-08-08 20:33:13 | team | sess_9095da1c5aa9 | INFO | Task plan-audit-logging claimed by member planner1
2026-08-08 20:33:13 | team | sess_9095da1c5aa9 | INFO | Task plan-audit-logging claimed by member planner1
2026-08-08 20:33:18 | team | sess_9095da1c5aa9 | INFO | [planner1] processing 1 unread messages (steer=True)
2026-08-08 20:33:18 | team | sess_9095da1c5aa9 | INFO | Message bfb37bb7-c15e-49ed-8566-63298f755d5f marked as read by planner1
2026-08-08 20:33:23 | team | sess_9095da1c5aa9 | INFO | [planner1] processing 1 unread messages (steer=True)
2026-08-08 20:33:23 | team | sess_9095da1c5aa9 | INFO | Message 09a33dc0-3adc-4d35-9412-c9609e3420f3 marked as read by planner1
2026-08-08 20:34:21 | team | sess_9095da1c5aa9 | INFO | Message 5084fb42-ff23-4603-a043-2cb7b9012c4e created
2026-08-08 20:34:27 | team | sess_9095da1c5aa9 | INFO | Task plan-audit-logging completed at 1786217667782
2026-08-08 20:34:27 | team | sess_9095da1c5aa9 | INFO | Message 2dd7dea5-ae4a-4678-815e-0c2c2a210279 created
2026-08-08 20:34:27 | team | sess_9095da1c5aa9 | INFO | Resolved 1 dependencies for task plan-audit-logging
2026-08-08 20:34:27 | team | sess_9095da1c5aa9 | INFO | Task implement-audit-logging unblocked (all deps resolved)
2026-08-08 20:34:27 | team | sess_9095da1c5aa9 | INFO | Task plan-audit-logging completed
2026-08-08 20:34:27 | team | sess_9095da1c5aa9 | INFO | Unblocked 1 tasks
2026-08-08 20:36:59 | team | sess_9095da1c5aa9 | INFO | [planner1] processing 1 unread messages (steer=True)
2026-08-08 20:36:59 | team | sess_9095da1c5aa9 | INFO | Message d043c94c-56e5-44f9-b06a-93fd05fc978e marked as read by planner1
2026-08-08 20:37:17 | team | sess_9095da1c5aa9 | INFO | [planner1] processing 1 unread messages (steer=True)
2026-08-08 20:37:17 | team | sess_9095da1c5aa9 | INFO | Message 969a4a02-9a4e-49b1-ae5f-d884b1106267 marked as read by planner1
2026-08-08 20:37:25 | team | sess_9095da1c5aa9 | INFO | [planner1] processing 1 unread messages (steer=True)
2026-08-08 20:37:25 | team | sess_9095da1c5aa9 | INFO | Message 7a486383-67fd-4c22-b0b1-b312874317bf marked as read by planner1
2026-08-08 20:37:40 | team | sess_9095da1c5aa9 | INFO | Message 3fbbccd0-ffd6-4a61-89be-37afdb90a4b4 created
2026-08-08 20:38:13 | team | sess_9095da1c5aa9 | INFO | [planner1] processing 1 unread messages (steer=True)
2026-08-08 20:38:13 | team | sess_9095da1c5aa9 | INFO | Message 30de9986-0899-4168-be8d-e90df0287442 marked as read by planner1
2026-08-08 20:38:15 | team | sess_9095da1c5aa9 | INFO | Message dc82793e-4b08-4c4f-9137-ffce098c11ac created
2026-08-08 20:39:10 | team | sess_9095da1c5aa9 | INFO | [planner1] processing 1 unread messages (steer=True)
2026-08-08 20:39:10 | team | sess_9095da1c5aa9 | INFO | Message 57795ba1-d39c-4877-b36a-4b5a81929e09 marked as read by planner1
2026-08-08 20:39:33 | team | sess_9095da1c5aa9 | INFO | [planner1] processing 1 unread messages (steer=True)
2026-08-08 20:39:33 | team | sess_9095da1c5aa9 | INFO | Message 00eca12e-fd0c-4cc9-9232-e866d0342e95 marked as read by planner1
2026-08-08 20:39:49 | team | sess_9095da1c5aa9 | INFO | [planner1] processing 1 unread messages (steer=True)
2026-08-08 20:39:49 | team | sess_9095da1c5aa9 | INFO | Message 95aeb5de-47e0-4970-97b3-b13a1bb9ebe5 marked as read by planner1
2026-08-08 20:40:55 | team | sess_9095da1c5aa9 | INFO | Message 459c8632-04dd-4202-8bdd-04d71100b825 created
2026-08-08 20:40:55 | team | sess_9095da1c5aa9 | INFO | Message f070bffc-c66d-4d06-ae9d-8a4a8d64f600 created
2026-08-08 20:41:24 | team | sess_9095da1c5aa9 | INFO | [planner1] processing 1 unread messages (steer=True)
2026-08-08 20:41:24 | team | sess_9095da1c5aa9 | INFO | Message a0e9768a-85fe-4b1c-99e1-8582ea7bbf1e marked as read by planner1
