2026-08-08 20:32:53 | team | sess_9095da1c5aa9 | INFO | Team workspace directory ensured at /srv/jwteam_clone/shared/run_current
2026-08-08 20:32:53 | team | sess_9095da1c5aa9 | INFO | AgentTeam manager initialized for jiuwen_team_sess_9095da1c5aa9, member=team_leader
2026-08-08 20:32:53 | team | sess_9095da1c5aa9 | INFO | [team_leader] TeamPolicyRail static sections: section_names=['team_role', 'team_workflow', 'team_swarmflow', 'team_lifecycle', 'team_persona']
2026-08-08 20:32:53 | team | sess_9095da1c5aa9 | INFO | Session tables ready for session sess_9095da1c5aa9
2026-08-08 20:32:53 | team | sess_9095da1c5aa9 | INFO | Team database initialized
2026-08-08 20:32:53 | team | default_trace_id | INFO | Team workspace directory ensured at /srv/jwteam_clone/shared/run_current
2026-08-08 20:32:53 | team | default_trace_id | INFO | AgentTeam manager initialized for jiuwen_team_sess_9095da1c5aa9, member=executor3
2026-08-08 20:32:53 | team | default_trace_id | INFO | [executor3] TeamPolicyRail static sections: section_names=['team_role', 'team_persona']
2026-08-08 20:32:53 | team | sess_9095da1c5aa9 | INFO | [executor3] invoke start, role=teammate
2026-08-08 20:32:53 | team | sess_9095da1c5aa9 | INFO | [executor3] coordination starting
2026-08-08 20:32:53 | team | sess_9095da1c5aa9 | INFO | Session tables ready for session sess_9095da1c5aa9
2026-08-08 20:32:53 | team | sess_9095da1c5aa9 | INFO | Workspace /srv/jwteam_clone/shared/run_current initialized as plain shared directory (version_control disabled)
2026-08-08 20:32:53 | team | sess_9095da1c5aa9 | INFO | EventBus[teammate] starting
2026-08-08 20:33:07 | team | sess_9095da1c5aa9 | INFO | [executor3] HITT section refresh: human_agent_names=[]
2026-08-08 20:33:18 | team | sess_9095da1c5aa9 | INFO | [executor3] processing 1 unread messages (steer=True)
2026-08-08 20:33:18 | team | sess_9095da1c5aa9 | INFO | Message bfb37bb7-c15e-49ed-8566-63298f755d5f marked as read by executor3
2026-08-08 20:37:05 | team | sess_9095da1c5aa9 | INFO | Task implement-audit-logging-v2 claimed by member executor3
2026-08-08 20:37:05 | team | sess_9095da1c5aa9 | INFO | Task implement-audit-logging-v2 claimed by member executor3
2026-08-08 20:37:17 | team | sess_9095da1c5aa9 | INFO | Message 969a4a02-9a4e-49b1-ae5f-d884b1106267 created
2026-08-08 20:37:58 | team | sess_9095da1c5aa9 | INFO | Message a17db535-a3c4-486a-b2dd-1fd661e0cf78 created
2026-08-08 20:38:13 | team | sess_9095da1c5aa9 | INFO | [executor3] processing 1 unread messages (steer=True)
2026-08-08 20:38:13 | team | sess_9095da1c5aa9 | INFO | Message 05890c4a-2e79-404f-a4c0-e40940fb78f4 marked as read by executor3
2026-08-08 20:38:15 | team | sess_9095da1c5aa9 | INFO | [executor3] processing 1 unread messages (steer=True)
2026-08-08 20:38:15 | team | sess_9095da1c5aa9 | INFO | Message dc82793e-4b08-4c4f-9137-ffce098c11ac marked as read by executor3
2026-08-08 20:38:24 | team | sess_9095da1c5aa9 | INFO | [executor3] processing 1 unread messages (steer=True)
2026-08-08 20:38:24 | team | sess_9095da1c5aa9 | INFO | Message fe258473-61f6-48ef-9ade-fcd63ca7822a marked as read by executor3
2026-08-08 20:39:10 | team | sess_9095da1c5aa9 | INFO | [executor3] processing 1 unread messages (steer=True)
2026-08-08 20:39:10 | team | sess_9095da1c5aa9 | INFO | Message 4d92df43-6801-47fc-8432-1666bc894ec9 marked as read by executor3
2026-08-08 20:42:44 | team | sess_9095da1c5aa9 | INFO | [executor3] processing 1 unread messages (steer=True)
2026-08-08 20:42:44 | team | sess_9095da1c5aa9 | INFO | Message 23483dff-f63f-42ac-a86a-55ddab7edb0e marked as read by executor3
2026-08-08 20:42:53 | team | sess_9095da1c5aa9 | INFO | Message 4e63cd35-23b6-477c-b7b0-9348f2de9423 created
