2026-08-08 20:32:55 | team | sess_9095da1c5aa9 | INFO | Team workspace directory ensured at /srv/jwteam_clone/shared/run_current
2026-08-08 20:32:55 | team | sess_9095da1c5aa9 | INFO | AgentTeam manager initialized for jiuwen_team_sess_9095da1c5aa9, member=team_leader
2026-08-08 20:32:55 | team | sess_9095da1c5aa9 | INFO | [team_leader] TeamPolicyRail static sections: section_names=['team_role', 'team_workflow', 'team_swarmflow', 'team_lifecycle', 'team_persona']
2026-08-08 20:32:55 | team | sess_9095da1c5aa9 | INFO | Session tables ready for session sess_9095da1c5aa9
2026-08-08 20:32:55 | team | sess_9095da1c5aa9 | INFO | Team database initialized
2026-08-08 20:32:55 | team | default_trace_id | INFO | Team workspace directory ensured at /srv/jwteam_clone/shared/run_current
2026-08-08 20:32:55 | team | default_trace_id | INFO | AgentTeam manager initialized for jiuwen_team_sess_9095da1c5aa9, member=fullstack1
2026-08-08 20:32:55 | team | default_trace_id | INFO | [fullstack1] TeamPolicyRail static sections: section_names=['team_role', 'team_persona']
2026-08-08 20:32:55 | team | sess_9095da1c5aa9 | INFO | [fullstack1] invoke start, role=teammate
2026-08-08 20:32:55 | team | sess_9095da1c5aa9 | INFO | [fullstack1] coordination starting
2026-08-08 20:32:55 | team | sess_9095da1c5aa9 | INFO | Session tables ready for session sess_9095da1c5aa9
2026-08-08 20:32:55 | team | sess_9095da1c5aa9 | INFO | Workspace /srv/jwteam_clone/shared/run_current initialized as plain shared directory (version_control disabled)
2026-08-08 20:32:55 | team | sess_9095da1c5aa9 | INFO | EventBus[teammate] starting
2026-08-08 20:33:07 | team | sess_9095da1c5aa9 | INFO | [fullstack1] HITT section refresh: human_agent_names=[]
2026-08-08 20:33:18 | team | sess_9095da1c5aa9 | INFO | [fullstack1] processing 1 unread messages (steer=True)
2026-08-08 20:33:18 | team | sess_9095da1c5aa9 | INFO | Message bfb37bb7-c15e-49ed-8566-63298f755d5f marked as read by fullstack1
2026-08-08 20:33:30 | team | sess_9095da1c5aa9 | INFO | Message 6bd49894-c50f-463c-b54b-9035341b6b5b created
2026-08-08 20:39:21 | team | sess_9095da1c5aa9 | INFO | Task implement-audit-logging-v3 claimed by member fullstack1
2026-08-08 20:39:21 | team | sess_9095da1c5aa9 | INFO | Task implement-audit-logging-v3 claimed by member fullstack1
2026-08-08 20:39:33 | team | sess_9095da1c5aa9 | INFO | Message 00eca12e-fd0c-4cc9-9232-e866d0342e95 created
2026-08-08 20:40:11 | team | sess_9095da1c5aa9 | INFO | [fullstack1] processing 1 unread messages (steer=True)
2026-08-08 20:40:11 | team | sess_9095da1c5aa9 | INFO | Message 20326a75-7887-43a0-89c2-4ae9935c2f31 marked as read by fullstack1
2026-08-08 20:40:55 | team | sess_9095da1c5aa9 | INFO | [fullstack1] processing 1 unread messages (steer=True)
2026-08-08 20:40:55 | team | sess_9095da1c5aa9 | INFO | Message f070bffc-c66d-4d06-ae9d-8a4a8d64f600 marked as read by fullstack1
2026-08-08 20:42:44 | team | sess_9095da1c5aa9 | INFO | Message 23483dff-f63f-42ac-a86a-55ddab7edb0e created
2026-08-08 20:42:44 | team | sess_9095da1c5aa9 | INFO | Message 70728e98-ff5d-4ace-a447-f0afe85a1c4b created
2026-08-08 20:42:53 | team | sess_9095da1c5aa9 | INFO | [fullstack1] processing 1 unread messages (steer=True)
2026-08-08 20:42:53 | team | sess_9095da1c5aa9 | INFO | Message 4e63cd35-23b6-477c-b7b0-9348f2de9423 marked as read by fullstack1
