2026-08-08 20:32:53 | team | sess_9095da1c5aa9 | INFO | Team workspace directory ensured at /srv/jwteam_clone/shared/run_current
2026-08-08 20:32:53 | team | sess_9095da1c5aa9 | INFO | AgentTeam manager initialized for jiuwen_team_sess_9095da1c5aa9, member=team_leader
2026-08-08 20:32:53 | team | sess_9095da1c5aa9 | INFO | [team_leader] TeamPolicyRail static sections: section_names=['team_role', 'team_workflow', 'team_swarmflow', 'team_lifecycle', 'team_persona']
2026-08-08 20:32:53 | team | sess_9095da1c5aa9 | INFO | Session tables ready for session sess_9095da1c5aa9
2026-08-08 20:32:53 | team | sess_9095da1c5aa9 | INFO | Team database initialized
2026-08-08 20:32:53 | team | default_trace_id | INFO | Team workspace directory ensured at /srv/jwteam_clone/shared/run_current
2026-08-08 20:32:53 | team | default_trace_id | INFO | AgentTeam manager initialized for jiuwen_team_sess_9095da1c5aa9, member=verifier1
2026-08-08 20:32:53 | team | default_trace_id | INFO | [verifier1] TeamPolicyRail static sections: section_names=['team_role', 'team_persona']
2026-08-08 20:32:53 | team | sess_9095da1c5aa9 | INFO | [verifier1] invoke start, role=teammate
2026-08-08 20:32:53 | team | sess_9095da1c5aa9 | INFO | [verifier1] coordination starting
2026-08-08 20:32:54 | team | sess_9095da1c5aa9 | INFO | Session tables ready for session sess_9095da1c5aa9
2026-08-08 20:32:54 | team | sess_9095da1c5aa9 | INFO | Workspace /srv/jwteam_clone/shared/run_current initialized as plain shared directory (version_control disabled)
2026-08-08 20:32:54 | team | sess_9095da1c5aa9 | INFO | EventBus[teammate] starting
2026-08-08 20:33:07 | team | sess_9095da1c5aa9 | INFO | [verifier1] HITT section refresh: human_agent_names=[]
2026-08-08 20:33:18 | team | sess_9095da1c5aa9 | INFO | [verifier1] processing 1 unread messages (steer=True)
2026-08-08 20:33:18 | team | sess_9095da1c5aa9 | INFO | Message bfb37bb7-c15e-49ed-8566-63298f755d5f marked as read by verifier1
2026-08-08 20:36:38 | team | sess_9095da1c5aa9 | INFO | Task verify-audit-logging claimed by member verifier1
2026-08-08 20:36:38 | team | sess_9095da1c5aa9 | INFO | Task verify-audit-logging claimed by member verifier1
2026-08-08 20:37:07 | team | sess_9095da1c5aa9 | INFO | [verifier1] processing 1 unread messages (steer=True)
2026-08-08 20:37:07 | team | sess_9095da1c5aa9 | INFO | Message 3aee833b-4e08-4190-ab01-ca7b4e8f5da8 marked as read by verifier1
