2026-08-09 09:37:02 | team | sess_31883d123e0b | INFO | Team workspace directory ensured at /srv/jwteam_clone/shared/run_current
2026-08-09 09:37:02 | team | sess_31883d123e0b | INFO | AgentTeam manager initialized for jiuwen_team_sess_31883d123e0b, member=team_leader
2026-08-09 09:37:02 | team | sess_31883d123e0b | INFO | [team_leader] TeamPolicyRail static sections: section_names=['team_role', 'team_workflow', 'team_swarmflow', 'team_lifecycle', 'team_persona']
2026-08-09 09:37:02 | team | sess_31883d123e0b | INFO | Session tables ready for session sess_31883d123e0b
2026-08-09 09:37:02 | team | sess_31883d123e0b | INFO | Team database initialized
2026-08-09 09:37:02 | team | default_trace_id | INFO | Team workspace directory ensured at /srv/jwteam_clone/shared/run_current
2026-08-09 09:37:02 | team | default_trace_id | INFO | AgentTeam manager initialized for jiuwen_team_sess_31883d123e0b, member=executor2
2026-08-09 09:37:02 | team | default_trace_id | INFO | [executor2] TeamPolicyRail static sections: section_names=['team_role', 'team_persona']
2026-08-09 09:37:02 | team | sess_31883d123e0b | INFO | [executor2] invoke start, role=teammate
2026-08-09 09:37:02 | team | sess_31883d123e0b | INFO | [executor2] coordination starting
2026-08-09 09:37:02 | team | sess_31883d123e0b | INFO | Session tables ready for session sess_31883d123e0b
2026-08-09 09:37:02 | team | sess_31883d123e0b | INFO | Workspace /srv/jwteam_clone/shared/run_current initialized as plain shared directory (version_control disabled)
2026-08-09 09:37:02 | team | sess_31883d123e0b | INFO | EventBus[teammate] starting
2026-08-09 09:37:22 | team | sess_31883d123e0b | INFO | [executor2] HITT section refresh: human_agent_names=[]
2026-08-09 09:37:33 | team | sess_31883d123e0b | INFO | [executor2] processing 1 unread messages (steer=True)
2026-08-09 09:37:33 | team | sess_31883d123e0b | INFO | Message 28ffac27-020c-4505-aa29-40b56fda665b marked as read by executor2
2026-08-09 09:40:36 | team | sess_31883d123e0b | INFO | task list drained for team jiuwen_team_sess_31883d123e0b: 3 terminal task(s)
2026-08-09 09:40:51 | team | sess_31883d123e0b | INFO | [executor2] processing 1 unread messages (steer=True)
2026-08-09 09:40:51 | team | sess_31883d123e0b | INFO | Message d8cdf7db-26c1-45fa-95b6-653dbeafad6d marked as read by executor2
2026-08-09 09:41:00 | team | sess_31883d123e0b | INFO | team jiuwen_team_sess_31883d123e0b reported completed: 9 members, 3 tasks
2026-08-09 09:41:00 | team | sess_31883d123e0b | INFO | [executor2] received TEAM_STANDBY, pausing polls
2026-08-09 09:41:00 | team | sess_31883d123e0b | INFO | EventBus[teammate] pausing polls
