2026-08-09 09:37:03 | team | sess_31883d123e0b | INFO | Team workspace directory ensured at /srv/jwteam_clone/shared/run_current
2026-08-09 09:37:03 | team | sess_31883d123e0b | INFO | AgentTeam manager initialized for jiuwen_team_sess_31883d123e0b, member=team_leader
2026-08-09 09:37:03 | team | sess_31883d123e0b | INFO | [team_leader] TeamPolicyRail static sections: section_names=['team_role', 'team_workflow', 'team_swarmflow', 'team_lifecycle', 'team_persona']
2026-08-09 09:37:04 | team | sess_31883d123e0b | INFO | Session tables ready for session sess_31883d123e0b
2026-08-09 09:37:04 | team | sess_31883d123e0b | INFO | Team database initialized
2026-08-09 09:37:04 | team | default_trace_id | INFO | Team workspace directory ensured at /srv/jwteam_clone/shared/run_current
2026-08-09 09:37:04 | team | default_trace_id | INFO | AgentTeam manager initialized for jiuwen_team_sess_31883d123e0b, member=verifier1
2026-08-09 09:37:04 | team | default_trace_id | INFO | [verifier1] TeamPolicyRail static sections: section_names=['team_role', 'team_persona']
2026-08-09 09:37:04 | team | sess_31883d123e0b | INFO | [verifier1] invoke start, role=teammate
2026-08-09 09:37:04 | team | sess_31883d123e0b | INFO | [verifier1] coordination starting
2026-08-09 09:37:04 | team | sess_31883d123e0b | INFO | Session tables ready for session sess_31883d123e0b
2026-08-09 09:37:04 | team | sess_31883d123e0b | INFO | Workspace /srv/jwteam_clone/shared/run_current initialized as plain shared directory (version_control disabled)
2026-08-09 09:37:04 | team | sess_31883d123e0b | INFO | EventBus[teammate] starting
2026-08-09 09:37:22 | team | sess_31883d123e0b | INFO | [verifier1] HITT section refresh: human_agent_names=[]
2026-08-09 09:37:33 | team | sess_31883d123e0b | INFO | [verifier1] processing 1 unread messages (steer=True)
2026-08-09 09:37:33 | team | sess_31883d123e0b | INFO | Message 28ffac27-020c-4505-aa29-40b56fda665b marked as read by verifier1
2026-08-09 09:37:54 | team | sess_31883d123e0b | INFO | Message 5b144f29-d41a-413b-acd1-fb9b5fedd3d9 created
2026-08-09 09:38:14 | team | sess_31883d123e0b | INFO | [verifier1] processing 1 unread messages (steer=True)
2026-08-09 09:38:14 | team | sess_31883d123e0b | INFO | Message a79f5044-87ca-499e-b69d-1ec3fb25d9a1 marked as read by verifier1
2026-08-09 09:39:15 | team | sess_31883d123e0b | INFO | [verifier1] processing 1 unread messages (steer=True)
2026-08-09 09:39:16 | team | sess_31883d123e0b | INFO | Message 796ba682-6046-433f-b375-f3472888402c marked as read by verifier1
2026-08-09 09:39:20 | team | sess_31883d123e0b | INFO | [verifier1] received TASK_CLAIMED for self, task_id=verify-compat, human_agent=False
2026-08-09 09:39:33 | team | sess_31883d123e0b | INFO | [verifier1] processing 1 unread messages (steer=True)
2026-08-09 09:39:33 | team | sess_31883d123e0b | INFO | Message 61062594-9724-4af2-ba9b-6bfb531c1eb1 marked as read by verifier1
2026-08-09 09:40:36 | team | sess_31883d123e0b | INFO | Task verify-compat completed at 1786264836915
2026-08-09 09:40:36 | team | sess_31883d123e0b | INFO | Message ba0d9c30-233f-430a-b6d9-fb06fb080014 created
2026-08-09 09:40:36 | team | sess_31883d123e0b | INFO | Task verify-compat completed
2026-08-09 09:40:51 | team | sess_31883d123e0b | INFO | [verifier1] processing 1 unread messages (steer=True)
2026-08-09 09:40:51 | team | sess_31883d123e0b | INFO | Message d8cdf7db-26c1-45fa-95b6-653dbeafad6d marked as read by verifier1
2026-08-09 09:41:00 | team | sess_31883d123e0b | INFO | team jiuwen_team_sess_31883d123e0b reported completed: 9 members, 3 tasks
2026-08-09 09:41:00 | team | sess_31883d123e0b | INFO | [verifier1] received TEAM_STANDBY, pausing polls
2026-08-09 09:41:00 | team | sess_31883d123e0b | INFO | EventBus[teammate] pausing polls
