2026-08-09 09:37:00 | team | sess_31883d123e0b | INFO | Team workspace directory ensured at /srv/jwteam_clone/shared/run_current
2026-08-09 09:37:00 | team | sess_31883d123e0b | INFO | AgentTeam manager initialized for jiuwen_team_sess_31883d123e0b, member=team_leader
2026-08-09 09:37:00 | team | sess_31883d123e0b | INFO | [team_leader] TeamPolicyRail static sections: section_names=['team_role', 'team_workflow', 'team_swarmflow', 'team_lifecycle', 'team_persona']
2026-08-09 09:37:00 | team | sess_31883d123e0b | INFO | Session tables ready for session sess_31883d123e0b
2026-08-09 09:37:00 | team | sess_31883d123e0b | INFO | Team database initialized
2026-08-09 09:37:00 | team | default_trace_id | INFO | Team workspace directory ensured at /srv/jwteam_clone/shared/run_current
2026-08-09 09:37:00 | team | default_trace_id | INFO | AgentTeam manager initialized for jiuwen_team_sess_31883d123e0b, member=planner2
2026-08-09 09:37:00 | team | default_trace_id | INFO | [planner2] TeamPolicyRail static sections: section_names=['team_role', 'team_persona']
2026-08-09 09:37:00 | team | sess_31883d123e0b | INFO | [planner2] invoke start, role=teammate
2026-08-09 09:37:00 | team | sess_31883d123e0b | INFO | [planner2] coordination starting
2026-08-09 09:37:00 | team | sess_31883d123e0b | INFO | Session tables ready for session sess_31883d123e0b
2026-08-09 09:37:00 | team | sess_31883d123e0b | INFO | Workspace /srv/jwteam_clone/shared/run_current initialized as plain shared directory (version_control disabled)
2026-08-09 09:37:00 | team | sess_31883d123e0b | INFO | EventBus[teammate] starting
2026-08-09 09:37:22 | team | sess_31883d123e0b | INFO | [planner2] HITT section refresh: human_agent_names=[]
2026-08-09 09:37:27 | team | sess_31883d123e0b | INFO | Task plan-v1-v2-compat claimed by member planner2
2026-08-09 09:37:27 | team | sess_31883d123e0b | INFO | Task plan-v1-v2-compat claimed by member planner2
2026-08-09 09:37:33 | team | sess_31883d123e0b | INFO | [planner2] processing 1 unread messages (steer=True)
2026-08-09 09:37:33 | team | sess_31883d123e0b | INFO | Message 28ffac27-020c-4505-aa29-40b56fda665b marked as read by planner2
2026-08-09 09:38:02 | team | sess_31883d123e0b | INFO | [planner2] processing 1 unread messages (steer=True)
2026-08-09 09:38:02 | team | sess_31883d123e0b | INFO | Message 0a49db9e-f909-4086-a38d-a0dd1338d72a marked as read by planner2
2026-08-09 09:38:15 | team | sess_31883d123e0b | INFO | Message cc1c731e-82ff-4659-a502-4c205bca1804 created
2026-08-09 09:38:28 | team | sess_31883d123e0b | INFO | Task plan-v1-v2-compat completed at 1786264708007
2026-08-09 09:38:28 | team | sess_31883d123e0b | INFO | Message 1460bbc1-1497-4399-9fd6-6662cb5f0f03 created
2026-08-09 09:38:28 | team | sess_31883d123e0b | INFO | Resolved 1 dependencies for task plan-v1-v2-compat
2026-08-09 09:38:28 | team | sess_31883d123e0b | INFO | Task implement-shims unblocked (all deps resolved)
2026-08-09 09:38:28 | team | sess_31883d123e0b | INFO | Task plan-v1-v2-compat completed
2026-08-09 09:38:28 | team | sess_31883d123e0b | INFO | Unblocked 1 tasks
2026-08-09 09:38:35 | team | sess_31883d123e0b | INFO | [planner2] processing 1 unread messages (steer=True)
2026-08-09 09:38:35 | team | sess_31883d123e0b | INFO | Message f16e2476-767f-4c3a-aec3-c3ff18ce6ff2 marked as read by planner2
2026-08-09 09:38:40 | team | sess_31883d123e0b | INFO | Message 53aa42c4-10a6-4504-89b4-925d4eaf34e8 created
2026-08-09 09:38:48 | team | sess_31883d123e0b | INFO | [planner2] processing 1 unread messages (steer=True)
2026-08-09 09:38:48 | team | sess_31883d123e0b | INFO | Message b60abaf2-58c0-4fb3-b9b8-b8a35e914fcd marked as read by planner2
2026-08-09 09:40:36 | team | sess_31883d123e0b | INFO | task list drained for team jiuwen_team_sess_31883d123e0b: 3 terminal task(s)
2026-08-09 09:40:51 | team | sess_31883d123e0b | INFO | [planner2] processing 1 unread messages (steer=True)
2026-08-09 09:40:51 | team | sess_31883d123e0b | INFO | Message d8cdf7db-26c1-45fa-95b6-653dbeafad6d marked as read by planner2
2026-08-09 09:41:00 | team | sess_31883d123e0b | INFO | team jiuwen_team_sess_31883d123e0b reported completed: 9 members, 3 tasks
2026-08-09 09:41:00 | team | sess_31883d123e0b | INFO | [planner2] received TEAM_STANDBY, pausing polls
2026-08-09 09:41:00 | team | sess_31883d123e0b | INFO | EventBus[teammate] pausing polls
