2026-08-08 00:04:20 | team | sess_bddedea989d0 | INFO | Team workspace directory ensured at /srv/jwteam_clone/shared/run_current
2026-08-08 00:04:20 | team | sess_bddedea989d0 | INFO | AgentTeam manager initialized for jiuwen_team_sess_bddedea989d0, member=team_leader
2026-08-08 00:04:20 | team | sess_bddedea989d0 | INFO | [team_leader] TeamPolicyRail static sections: section_names=['team_role', 'team_workflow', 'team_swarmflow', 'team_lifecycle', 'team_persona']
2026-08-08 00:04:21 | team | sess_bddedea989d0 | INFO | Session tables ready for session sess_bddedea989d0
2026-08-08 00:04:21 | team | sess_bddedea989d0 | INFO | Team database initialized
2026-08-08 00:04:21 | team | default_trace_id | INFO | Team workspace directory ensured at /srv/jwteam_clone/shared/run_current
2026-08-08 00:04:21 | team | default_trace_id | INFO | AgentTeam manager initialized for jiuwen_team_sess_bddedea989d0, member=planner2
2026-08-08 00:04:21 | team | default_trace_id | INFO | [planner2] TeamPolicyRail static sections: section_names=['team_role', 'team_persona']
2026-08-08 00:04:21 | team | sess_bddedea989d0 | INFO | [planner2] invoke start, role=teammate
2026-08-08 00:04:21 | team | sess_bddedea989d0 | INFO | [planner2] coordination starting
2026-08-08 00:04:21 | team | sess_bddedea989d0 | INFO | Session tables ready for session sess_bddedea989d0
2026-08-08 00:04:21 | team | sess_bddedea989d0 | INFO | Workspace /srv/jwteam_clone/shared/run_current initialized as plain shared directory (version_control disabled)
2026-08-08 00:04:21 | team | sess_bddedea989d0 | INFO | EventBus[teammate] starting
2026-08-08 00:04:35 | team | sess_bddedea989d0 | INFO | [planner2] HITT section refresh: human_agent_names=[]
2026-08-08 00:04:45 | team | sess_bddedea989d0 | INFO | [planner2] processing 1 unread messages (steer=True)
2026-08-08 00:04:45 | team | sess_bddedea989d0 | INFO | Message b04d7458-9138-475b-846a-3caf20c95381 marked as read by planner2
2026-08-08 00:04:55 | team | sess_bddedea989d0 | INFO | [planner2] processing 1 unread messages (steer=True)
2026-08-08 00:04:55 | team | sess_bddedea989d0 | INFO | Message 30a3da2d-667d-482f-9baa-78e3d3bfb850 marked as read by planner2
2026-08-08 00:04:56 | team | sess_bddedea989d0 | INFO | Task plan claimed by member planner2
2026-08-08 00:04:56 | team | sess_bddedea989d0 | INFO | Task plan claimed by member planner2
2026-08-08 00:05:43 | team | sess_bddedea989d0 | INFO | Message 938d5ffd-ba48-4554-8d2d-0b4c3e5c768c created
2026-08-08 00:05:44 | team | sess_bddedea989d0 | INFO | [planner2] processing 1 unread messages (steer=True)
2026-08-08 00:05:44 | team | sess_bddedea989d0 | INFO | Message d25c0abe-ac6a-42f4-862c-c0ebc12eba2a marked as read by planner2
2026-08-08 00:05:46 | team | sess_bddedea989d0 | INFO | Task plan completed at 1786143946136
2026-08-08 00:05:46 | team | sess_bddedea989d0 | INFO | Resolved 1 dependencies for task plan
2026-08-08 00:05:46 | team | sess_bddedea989d0 | INFO | Task implement unblocked (all deps resolved)
2026-08-08 00:05:46 | team | sess_bddedea989d0 | INFO | Task plan completed
2026-08-08 00:05:46 | team | sess_bddedea989d0 | INFO | Unblocked 1 tasks
2026-08-08 00:05:47 | team | sess_bddedea989d0 | INFO | [planner2] processing 1 unread messages (steer=True)
2026-08-08 00:05:47 | team | sess_bddedea989d0 | INFO | Message 69c88900-1dea-4ae1-bd57-92690b89c32b marked as read by planner2
2026-08-08 00:05:59 | team | sess_bddedea989d0 | INFO | Message d173ac88-8889-4044-974f-f3fef9fd8d4a created
2026-08-08 00:05:59 | team | sess_bddedea989d0 | INFO | Message d5cbe19a-97d3-4ff8-99fb-76b19dbb006c created
2026-08-08 00:06:00 | team | sess_bddedea989d0 | INFO | [planner2] processing 1 unread messages (steer=True)
2026-08-08 00:06:00 | team | sess_bddedea989d0 | INFO | Message 54fc3642-e67e-4b46-a408-88d7b8527cb6 marked as read by planner2
2026-08-08 00:06:05 | team | sess_bddedea989d0 | INFO | [planner2] processing 1 unread messages (steer=True)
2026-08-08 00:06:05 | team | sess_bddedea989d0 | INFO | Message fa245e49-07b8-4d1b-abb2-a7f0609c7410 marked as read by planner2
2026-08-08 00:06:12 | team | sess_bddedea989d0 | INFO | Message 76fcbba1-a5d5-4eb2-873a-1eabb709e101 created
2026-08-08 00:10:09 | team | sess_bddedea989d0 | INFO | task list drained for team jiuwen_team_sess_bddedea989d0: 3 terminal task(s)
2026-08-08 00:10:20 | team | sess_bddedea989d0 | INFO | [planner2] processing 1 unread messages (steer=True)
2026-08-08 00:10:20 | team | sess_bddedea989d0 | INFO | Message efbf2066-71bb-43df-b32d-a47ee170e2d3 marked as read by planner2
2026-08-08 00:10:34 | team | sess_bddedea989d0 | INFO | team jiuwen_team_sess_bddedea989d0 reported completed: 9 members, 3 tasks
2026-08-08 00:10:34 | team | sess_bddedea989d0 | INFO | [planner2] received TEAM_STANDBY, pausing polls
2026-08-08 00:10:34 | team | sess_bddedea989d0 | INFO | EventBus[teammate] pausing polls
