2026-08-08 00:04:24 | team | sess_bddedea989d0 | INFO | Team workspace directory ensured at /srv/jwteam_clone/shared/run_current
2026-08-08 00:04:24 | team | sess_bddedea989d0 | INFO | AgentTeam manager initialized for jiuwen_team_sess_bddedea989d0, member=team_leader
2026-08-08 00:04:24 | team | sess_bddedea989d0 | INFO | [team_leader] TeamPolicyRail static sections: section_names=['team_role', 'team_workflow', 'team_swarmflow', 'team_lifecycle', 'team_persona']
2026-08-08 00:04:24 | team | sess_bddedea989d0 | INFO | Session tables ready for session sess_bddedea989d0
2026-08-08 00:04:24 | team | sess_bddedea989d0 | INFO | Team database initialized
2026-08-08 00:04:24 | team | default_trace_id | INFO | Team workspace directory ensured at /srv/jwteam_clone/shared/run_current
2026-08-08 00:04:24 | team | default_trace_id | INFO | AgentTeam manager initialized for jiuwen_team_sess_bddedea989d0, member=verifier1
2026-08-08 00:04:24 | team | default_trace_id | INFO | [verifier1] TeamPolicyRail static sections: section_names=['team_role', 'team_persona']
2026-08-08 00:04:24 | team | sess_bddedea989d0 | INFO | [verifier1] invoke start, role=teammate
2026-08-08 00:04:24 | team | sess_bddedea989d0 | INFO | [verifier1] coordination starting
2026-08-08 00:04:24 | team | sess_bddedea989d0 | INFO | Session tables ready for session sess_bddedea989d0
2026-08-08 00:04:24 | team | sess_bddedea989d0 | INFO | Workspace /srv/jwteam_clone/shared/run_current initialized as plain shared directory (version_control disabled)
2026-08-08 00:04:24 | team | sess_bddedea989d0 | INFO | EventBus[teammate] starting
2026-08-08 00:04:35 | team | sess_bddedea989d0 | INFO | [verifier1] HITT section refresh: human_agent_names=[]
2026-08-08 00:04:45 | team | sess_bddedea989d0 | INFO | [verifier1] processing 1 unread messages (steer=True)
2026-08-08 00:04:45 | team | sess_bddedea989d0 | INFO | Message b04d7458-9138-475b-846a-3caf20c95381 marked as read by verifier1
2026-08-08 00:09:20 | team | sess_bddedea989d0 | INFO | Task verify claimed by member verifier1
2026-08-08 00:09:20 | team | sess_bddedea989d0 | INFO | Task verify claimed by member verifier1
2026-08-08 00:09:23 | team | sess_bddedea989d0 | INFO | [verifier1] processing 1 unread messages (steer=True)
2026-08-08 00:09:23 | team | sess_bddedea989d0 | INFO | Message 62ed10dd-16dd-4987-91fa-2c029dda5b65 marked as read by verifier1
2026-08-08 00:09:34 | team | sess_bddedea989d0 | INFO | [verifier1] processing 1 unread messages (steer=True)
2026-08-08 00:09:34 | team | sess_bddedea989d0 | INFO | Message 9f1205dc-0c89-48ad-809b-34551fba16dc marked as read by verifier1
2026-08-08 00:10:09 | team | sess_bddedea989d0 | INFO | Task verify completed at 1786144209649
2026-08-08 00:10:09 | team | sess_bddedea989d0 | INFO | Message e662461b-ea83-40e2-9495-9080ccfd6070 created
2026-08-08 00:10:09 | team | sess_bddedea989d0 | INFO | Task verify completed
2026-08-08 00:10:14 | team | sess_bddedea989d0 | INFO | Message fd99517e-1d8c-487c-ae77-9b1efa8eb63e created
2026-08-08 00:10:20 | team | sess_bddedea989d0 | INFO | [verifier1] processing 1 unread messages (steer=True)
2026-08-08 00:10:20 | team | sess_bddedea989d0 | INFO | Message efbf2066-71bb-43df-b32d-a47ee170e2d3 marked as read by verifier1
2026-08-08 00:10:20 | team | sess_bddedea989d0 | INFO | [verifier1] processing 1 unread messages (steer=True)
2026-08-08 00:10:20 | team | sess_bddedea989d0 | INFO | Message 503cf7d6-2248-444c-b641-73cc88a0dae7 marked as read by verifier1
2026-08-08 00:10:25 | team | sess_bddedea989d0 | INFO | Message 23885034-82b4-4a48-b6d3-19181c61868e created
2026-08-08 00:10:34 | team | sess_bddedea989d0 | INFO | team jiuwen_team_sess_bddedea989d0 reported completed: 9 members, 3 tasks
2026-08-08 00:10:34 | team | sess_bddedea989d0 | INFO | [verifier1] received TEAM_STANDBY, pausing polls
2026-08-08 00:10:34 | team | sess_bddedea989d0 | INFO | EventBus[teammate] pausing polls
