2026-08-08 00:04:26 | team | sess_bddedea989d0 | INFO | Team workspace directory ensured at /srv/jwteam_clone/shared/run_current
2026-08-08 00:04:26 | team | sess_bddedea989d0 | INFO | AgentTeam manager initialized for jiuwen_team_sess_bddedea989d0, member=team_leader
2026-08-08 00:04:26 | team | sess_bddedea989d0 | INFO | [team_leader] TeamPolicyRail static sections: section_names=['team_role', 'team_workflow', 'team_swarmflow', 'team_lifecycle', 'team_persona']
2026-08-08 00:04:26 | team | sess_bddedea989d0 | INFO | Session tables ready for session sess_bddedea989d0
2026-08-08 00:04:26 | team | sess_bddedea989d0 | INFO | Team database initialized
2026-08-08 00:04:26 | team | default_trace_id | INFO | Team workspace directory ensured at /srv/jwteam_clone/shared/run_current
2026-08-08 00:04:26 | team | default_trace_id | INFO | AgentTeam manager initialized for jiuwen_team_sess_bddedea989d0, member=fullstack1
2026-08-08 00:04:26 | team | default_trace_id | INFO | [fullstack1] TeamPolicyRail static sections: section_names=['team_role', 'team_persona']
2026-08-08 00:04:26 | team | sess_bddedea989d0 | INFO | [fullstack1] invoke start, role=teammate
2026-08-08 00:04:26 | team | sess_bddedea989d0 | INFO | [fullstack1] coordination starting
2026-08-08 00:04:26 | team | sess_bddedea989d0 | INFO | Session tables ready for session sess_bddedea989d0
2026-08-08 00:04:26 | team | sess_bddedea989d0 | INFO | Workspace /srv/jwteam_clone/shared/run_current initialized as plain shared directory (version_control disabled)
2026-08-08 00:04:26 | team | sess_bddedea989d0 | INFO | EventBus[teammate] starting
2026-08-08 00:04:35 | team | sess_bddedea989d0 | INFO | [fullstack1] HITT section refresh: human_agent_names=[]
2026-08-08 00:04:45 | team | sess_bddedea989d0 | INFO | [fullstack1] processing 1 unread messages (steer=True)
2026-08-08 00:04:45 | team | sess_bddedea989d0 | INFO | Message b04d7458-9138-475b-846a-3caf20c95381 marked as read by fullstack1
2026-08-08 00:06:00 | team | sess_bddedea989d0 | INFO | Message 54fc3642-e67e-4b46-a408-88d7b8527cb6 created
2026-08-08 00:06:05 | team | sess_bddedea989d0 | INFO | Message fa245e49-07b8-4d1b-abb2-a7f0609c7410 created
2026-08-08 00:06:12 | team | sess_bddedea989d0 | INFO | [fullstack1] processing 1 unread messages (steer=True)
2026-08-08 00:06:12 | team | sess_bddedea989d0 | INFO | Message 76fcbba1-a5d5-4eb2-873a-1eabb709e101 marked as read by fullstack1
2026-08-08 00:10:09 | team | sess_bddedea989d0 | INFO | task list drained for team jiuwen_team_sess_bddedea989d0: 3 terminal task(s)
2026-08-08 00:10:20 | team | sess_bddedea989d0 | INFO | [fullstack1] processing 1 unread messages (steer=True)
2026-08-08 00:10:20 | team | sess_bddedea989d0 | INFO | Message efbf2066-71bb-43df-b32d-a47ee170e2d3 marked as read by fullstack1
2026-08-08 00:10:34 | team | sess_bddedea989d0 | INFO | team jiuwen_team_sess_bddedea989d0 reported completed: 9 members, 3 tasks
2026-08-08 00:10:34 | team | sess_bddedea989d0 | INFO | [fullstack1] received TEAM_STANDBY, pausing polls
2026-08-08 00:10:34 | team | sess_bddedea989d0 | INFO | EventBus[teammate] pausing polls
