2026-08-08 00:04:25 | team | sess_bddedea989d0 | INFO | Team workspace directory ensured at /srv/jwteam_clone/shared/run_current
2026-08-08 00:04:25 | team | sess_bddedea989d0 | INFO | AgentTeam manager initialized for jiuwen_team_sess_bddedea989d0, member=team_leader
2026-08-08 00:04:25 | team | sess_bddedea989d0 | INFO | [team_leader] TeamPolicyRail static sections: section_names=['team_role', 'team_workflow', 'team_swarmflow', 'team_lifecycle', 'team_persona']
2026-08-08 00:04:26 | team | sess_bddedea989d0 | INFO | Session tables ready for session sess_bddedea989d0
2026-08-08 00:04:26 | team | sess_bddedea989d0 | INFO | Team database initialized
2026-08-08 00:04:26 | team | default_trace_id | INFO | Team workspace directory ensured at /srv/jwteam_clone/shared/run_current
2026-08-08 00:04:26 | team | default_trace_id | INFO | AgentTeam manager initialized for jiuwen_team_sess_bddedea989d0, member=verifier2
2026-08-08 00:04:26 | team | default_trace_id | INFO | [verifier2] TeamPolicyRail static sections: section_names=['team_role', 'team_persona']
2026-08-08 00:04:26 | team | sess_bddedea989d0 | INFO | [verifier2] invoke start, role=teammate
2026-08-08 00:04:26 | team | sess_bddedea989d0 | INFO | [verifier2] coordination starting
2026-08-08 00:04:26 | team | sess_bddedea989d0 | INFO | Session tables ready for session sess_bddedea989d0
2026-08-08 00:04:26 | team | sess_bddedea989d0 | INFO | Workspace /srv/jwteam_clone/shared/run_current initialized as plain shared directory (version_control disabled)
2026-08-08 00:04:26 | team | sess_bddedea989d0 | INFO | EventBus[teammate] starting
2026-08-08 00:04:35 | team | sess_bddedea989d0 | INFO | [verifier2] HITT section refresh: human_agent_names=[]
2026-08-08 00:04:45 | team | sess_bddedea989d0 | INFO | Message ee4f7c10-d301-4344-9b2d-bd1d74c64b74 created
2026-08-08 00:04:45 | team | sess_bddedea989d0 | INFO | [verifier2] processing 1 unread messages (steer=True)
2026-08-08 00:04:46 | team | sess_bddedea989d0 | INFO | Message b04d7458-9138-475b-846a-3caf20c95381 marked as read by verifier2
2026-08-08 00:09:33 | team | sess_bddedea989d0 | INFO | Message 9f1205dc-0c89-48ad-809b-34551fba16dc created
2026-08-08 00:10:09 | team | sess_bddedea989d0 | INFO | [verifier2] processing 1 unread messages (steer=True)
2026-08-08 00:10:09 | team | sess_bddedea989d0 | INFO | Message e662461b-ea83-40e2-9495-9080ccfd6070 marked as read by verifier2
2026-08-08 00:10:09 | team | sess_bddedea989d0 | INFO | task list drained for team jiuwen_team_sess_bddedea989d0: 3 terminal task(s)
2026-08-08 00:10:20 | team | sess_bddedea989d0 | INFO | [verifier2] processing 1 unread messages (steer=True)
2026-08-08 00:10:20 | team | sess_bddedea989d0 | INFO | Message efbf2066-71bb-43df-b32d-a47ee170e2d3 marked as read by verifier2
2026-08-08 00:10:20 | team | sess_bddedea989d0 | INFO | Message 503cf7d6-2248-444c-b641-73cc88a0dae7 created
2026-08-08 00:10:25 | team | sess_bddedea989d0 | INFO | [verifier2] processing 1 unread messages (steer=True)
2026-08-08 00:10:25 | team | sess_bddedea989d0 | INFO | Message 23885034-82b4-4a48-b6d3-19181c61868e marked as read by verifier2
2026-08-08 00:10:34 | team | sess_bddedea989d0 | INFO | team jiuwen_team_sess_bddedea989d0 reported completed: 9 members, 3 tasks
2026-08-08 00:10:34 | team | sess_bddedea989d0 | INFO | [verifier2] received TEAM_STANDBY, pausing polls
2026-08-08 00:10:34 | team | sess_bddedea989d0 | INFO | EventBus[teammate] pausing polls
