2026-08-08 00:04:21 | team | sess_bddedea989d0 | INFO | Team workspace directory ensured at /srv/jwteam_clone/shared/run_current
2026-08-08 00:04:21 | team | sess_bddedea989d0 | INFO | AgentTeam manager initialized for jiuwen_team_sess_bddedea989d0, member=team_leader
2026-08-08 00:04:21 | team | sess_bddedea989d0 | INFO | [team_leader] TeamPolicyRail static sections: section_names=['team_role', 'team_workflow', 'team_swarmflow', 'team_lifecycle', 'team_persona']
2026-08-08 00:04:21 | team | sess_bddedea989d0 | INFO | Session tables ready for session sess_bddedea989d0
2026-08-08 00:04:21 | team | sess_bddedea989d0 | INFO | Team database initialized
2026-08-08 00:04:21 | team | default_trace_id | INFO | Team workspace directory ensured at /srv/jwteam_clone/shared/run_current
2026-08-08 00:04:21 | team | default_trace_id | INFO | AgentTeam manager initialized for jiuwen_team_sess_bddedea989d0, member=executor1
2026-08-08 00:04:21 | team | default_trace_id | INFO | [executor1] TeamPolicyRail static sections: section_names=['team_role', 'team_persona']
2026-08-08 00:04:21 | team | sess_bddedea989d0 | INFO | [executor1] invoke start, role=teammate
2026-08-08 00:04:21 | team | sess_bddedea989d0 | INFO | [executor1] coordination starting
2026-08-08 00:04:21 | team | sess_bddedea989d0 | INFO | Session tables ready for session sess_bddedea989d0
2026-08-08 00:04:21 | team | sess_bddedea989d0 | INFO | Workspace /srv/jwteam_clone/shared/run_current initialized as plain shared directory (version_control disabled)
2026-08-08 00:04:21 | team | sess_bddedea989d0 | INFO | EventBus[teammate] starting
2026-08-08 00:04:35 | team | sess_bddedea989d0 | INFO | [executor1] HITT section refresh: human_agent_names=[]
2026-08-08 00:04:45 | team | sess_bddedea989d0 | INFO | [executor1] processing 1 unread messages (steer=True)
2026-08-08 00:04:45 | team | sess_bddedea989d0 | INFO | Message b04d7458-9138-475b-846a-3caf20c95381 marked as read by executor1
2026-08-08 00:04:55 | team | sess_bddedea989d0 | INFO | Message 30a3da2d-667d-482f-9baa-78e3d3bfb850 created
2026-08-08 00:04:55 | team | sess_bddedea989d0 | INFO | Message 0a56142b-8e0a-4030-b132-6c5dd696ec0e created
2026-08-08 00:05:31 | team | sess_bddedea989d0 | INFO | [executor1] processing 1 unread messages (steer=True)
2026-08-08 00:05:31 | team | sess_bddedea989d0 | INFO | Message 35b08847-3606-43ad-997c-5a02a25cbb4f marked as read by executor1
2026-08-08 00:05:43 | team | sess_bddedea989d0 | INFO | [executor1] processing 1 unread messages (steer=True)
2026-08-08 00:05:43 | team | sess_bddedea989d0 | INFO | Message 938d5ffd-ba48-4554-8d2d-0b4c3e5c768c marked as read by executor1
2026-08-08 00:05:44 | team | sess_bddedea989d0 | INFO | Message 7b16c571-8a80-4a84-8912-33fcd9a53403 created
2026-08-08 00:05:44 | team | sess_bddedea989d0 | INFO | Message d25c0abe-ac6a-42f4-862c-c0ebc12eba2a created
2026-08-08 00:05:49 | team | sess_bddedea989d0 | INFO | [executor1] processing 1 unread messages (steer=True)
2026-08-08 00:05:49 | team | sess_bddedea989d0 | INFO | Message e7824465-b1df-491f-8565-3293529ac4dd marked as read by executor1
2026-08-08 00:05:52 | team | sess_bddedea989d0 | INFO | [executor1] received TASK_CLAIMED for self, task_id=implement, human_agent=False
2026-08-08 00:05:59 | team | sess_bddedea989d0 | INFO | [executor1] processing 1 unread messages (steer=True)
2026-08-08 00:05:59 | team | sess_bddedea989d0 | INFO | Message d5cbe19a-97d3-4ff8-99fb-76b19dbb006c marked as read by executor1
2026-08-08 00:09:16 | team | sess_bddedea989d0 | INFO | Task implement completed at 1786144156058
2026-08-08 00:09:16 | team | sess_bddedea989d0 | INFO | Resolved 1 dependencies for task implement
2026-08-08 00:09:16 | team | sess_bddedea989d0 | INFO | Task verify unblocked (all deps resolved)
2026-08-08 00:09:16 | team | sess_bddedea989d0 | INFO | Task implement completed
2026-08-08 00:09:16 | team | sess_bddedea989d0 | INFO | Unblocked 1 tasks
2026-08-08 00:09:23 | team | sess_bddedea989d0 | INFO | Message 30017c16-aff5-409f-8648-3377763705f1 created
2026-08-08 00:09:23 | team | sess_bddedea989d0 | INFO | Message 62ed10dd-16dd-4987-91fa-2c029dda5b65 created
2026-08-08 00:10:09 | team | sess_bddedea989d0 | INFO | task list drained for team jiuwen_team_sess_bddedea989d0: 3 terminal task(s)
2026-08-08 00:10:20 | team | sess_bddedea989d0 | INFO | [executor1] processing 1 unread messages (steer=True)
2026-08-08 00:10:20 | team | sess_bddedea989d0 | INFO | Message efbf2066-71bb-43df-b32d-a47ee170e2d3 marked as read by executor1
2026-08-08 00:10:34 | team | sess_bddedea989d0 | INFO | team jiuwen_team_sess_bddedea989d0 reported completed: 9 members, 3 tasks
2026-08-08 00:10:34 | team | sess_bddedea989d0 | INFO | [executor1] received TEAM_STANDBY, pausing polls
2026-08-08 00:10:34 | team | sess_bddedea989d0 | INFO | EventBus[teammate] pausing polls
