2026-08-08 00:04:20 | team | sess_bddedea989d0 | INFO | Team workspace directory ensured at /srv/jwteam_clone/shared/run_current
2026-08-08 00:04:20 | team | sess_bddedea989d0 | INFO | AgentTeam manager initialized for jiuwen_team_sess_bddedea989d0, member=team_leader
2026-08-08 00:04:20 | team | sess_bddedea989d0 | INFO | [team_leader] TeamPolicyRail static sections: section_names=['team_role', 'team_workflow', 'team_swarmflow', 'team_lifecycle', 'team_persona']
2026-08-08 00:04:20 | team | sess_bddedea989d0 | INFO | Session tables ready for session sess_bddedea989d0
2026-08-08 00:04:20 | team | sess_bddedea989d0 | INFO | Team database initialized
2026-08-08 00:04:20 | team | default_trace_id | INFO | Team workspace directory ensured at /srv/jwteam_clone/shared/run_current
2026-08-08 00:04:20 | team | default_trace_id | INFO | AgentTeam manager initialized for jiuwen_team_sess_bddedea989d0, member=planner1
2026-08-08 00:04:20 | team | default_trace_id | INFO | [planner1] TeamPolicyRail static sections: section_names=['team_role', 'team_persona']
2026-08-08 00:04:20 | team | sess_bddedea989d0 | INFO | [planner1] invoke start, role=teammate
2026-08-08 00:04:20 | team | sess_bddedea989d0 | INFO | [planner1] coordination starting
2026-08-08 00:04:20 | team | sess_bddedea989d0 | INFO | Session tables ready for session sess_bddedea989d0
2026-08-08 00:04:20 | team | sess_bddedea989d0 | INFO | Workspace /srv/jwteam_clone/shared/run_current initialized as plain shared directory (version_control disabled)
2026-08-08 00:04:20 | team | sess_bddedea989d0 | INFO | EventBus[teammate] starting
2026-08-08 00:04:35 | team | sess_bddedea989d0 | INFO | [planner1] HITT section refresh: human_agent_names=[]
2026-08-08 00:04:45 | team | sess_bddedea989d0 | INFO | [planner1] processing 1 unread messages (steer=True)
2026-08-08 00:04:45 | team | sess_bddedea989d0 | INFO | Message b04d7458-9138-475b-846a-3caf20c95381 marked as read by planner1
2026-08-08 00:04:55 | team | sess_bddedea989d0 | INFO | [planner1] processing 1 unread messages (steer=True)
2026-08-08 00:04:55 | team | sess_bddedea989d0 | INFO | Message 0a56142b-8e0a-4030-b132-6c5dd696ec0e marked as read by planner1
2026-08-08 00:05:31 | team | sess_bddedea989d0 | INFO | Message 35b08847-3606-43ad-997c-5a02a25cbb4f created
2026-08-08 00:05:31 | team | sess_bddedea989d0 | INFO | Message d86c61cd-32bf-4e0d-a3e6-3159824d8ee0 created
2026-08-08 00:05:44 | team | sess_bddedea989d0 | INFO | [planner1] processing 1 unread messages (steer=True)
2026-08-08 00:05:44 | team | sess_bddedea989d0 | INFO | Message 7b16c571-8a80-4a84-8912-33fcd9a53403 marked as read by planner1
2026-08-08 00:05:47 | team | sess_bddedea989d0 | INFO | [planner1] processing 1 unread messages (steer=True)
2026-08-08 00:05:47 | team | sess_bddedea989d0 | INFO | Message f22184c8-6971-4e16-a624-5ca02d84ff55 marked as read by planner1
2026-08-08 00:05:49 | team | sess_bddedea989d0 | INFO | Message e7824465-b1df-491f-8565-3293529ac4dd created
2026-08-08 00:05:55 | team | sess_bddedea989d0 | INFO | Message 688b1260-61e7-4f40-b02d-d14f6b10599f created
2026-08-08 00:10:09 | team | sess_bddedea989d0 | INFO | task list drained for team jiuwen_team_sess_bddedea989d0: 3 terminal task(s)
2026-08-08 00:10:20 | team | sess_bddedea989d0 | INFO | [planner1] processing 1 unread messages (steer=True)
2026-08-08 00:10:20 | team | sess_bddedea989d0 | INFO | Message efbf2066-71bb-43df-b32d-a47ee170e2d3 marked as read by planner1
2026-08-08 00:10:34 | team | sess_bddedea989d0 | INFO | team jiuwen_team_sess_bddedea989d0 reported completed: 9 members, 3 tasks
2026-08-08 00:10:34 | team | sess_bddedea989d0 | INFO | [planner1] received TEAM_STANDBY, pausing polls
2026-08-08 00:10:34 | team | sess_bddedea989d0 | INFO | EventBus[teammate] pausing polls
