2026-08-09 09:23:02 | team | sess_d0f2df68ccd9 | INFO | Team workspace directory ensured at /srv/jwteam_clone/shared/run_current
2026-08-09 09:23:02 | team | sess_d0f2df68ccd9 | INFO | AgentTeam manager initialized for jiuwen_team_sess_d0f2df68ccd9, member=team_leader
2026-08-09 09:23:02 | team | sess_d0f2df68ccd9 | INFO | [team_leader] TeamPolicyRail static sections: section_names=['team_role', 'team_workflow', 'team_swarmflow', 'team_lifecycle', 'team_persona']
2026-08-09 09:23:03 | team | sess_d0f2df68ccd9 | INFO | Session tables ready for session sess_d0f2df68ccd9
2026-08-09 09:23:03 | team | sess_d0f2df68ccd9 | INFO | Team database initialized
2026-08-09 09:23:03 | team | default_trace_id | INFO | Team workspace directory ensured at /srv/jwteam_clone/shared/run_current
2026-08-09 09:23:03 | team | default_trace_id | INFO | AgentTeam manager initialized for jiuwen_team_sess_d0f2df68ccd9, member=verifier2
2026-08-09 09:23:03 | team | default_trace_id | INFO | [verifier2] TeamPolicyRail static sections: section_names=['team_role', 'team_persona']
2026-08-09 09:23:03 | team | sess_d0f2df68ccd9 | INFO | [verifier2] invoke start, role=teammate
2026-08-09 09:23:03 | team | sess_d0f2df68ccd9 | INFO | [verifier2] coordination starting
2026-08-09 09:23:03 | team | sess_d0f2df68ccd9 | INFO | Session tables ready for session sess_d0f2df68ccd9
2026-08-09 09:23:03 | team | sess_d0f2df68ccd9 | INFO | Workspace /srv/jwteam_clone/shared/run_current initialized as plain shared directory (version_control disabled)
2026-08-09 09:23:03 | team | sess_d0f2df68ccd9 | INFO | EventBus[teammate] starting
2026-08-09 09:23:30 | team | sess_d0f2df68ccd9 | INFO | [verifier2] HITT section refresh: human_agent_names=[]
2026-08-09 09:23:39 | team | sess_d0f2df68ccd9 | INFO | [verifier2] processing 1 unread messages (steer=True)
2026-08-09 09:23:39 | team | sess_d0f2df68ccd9 | INFO | Message a30e6cd1-4bf7-4c42-a7e1-7050df700112 marked as read by verifier2
2026-08-09 09:23:55 | team | sess_d0f2df68ccd9 | INFO | Message ef11a5cc-16ca-42cb-914f-0322e1dffc07 created
2026-08-09 09:24:08 | team | sess_d0f2df68ccd9 | INFO | [verifier2] processing 1 unread messages (steer=True)
2026-08-09 09:24:08 | team | sess_d0f2df68ccd9 | INFO | Message f7e7d2e8-1bb8-405e-9a93-60ef30570983 marked as read by verifier2
2026-08-09 09:25:43 | team | sess_d0f2df68ccd9 | INFO | Task verify claimed by member verifier2
2026-08-09 09:25:43 | team | sess_d0f2df68ccd9 | INFO | Task verify claimed by member verifier2
2026-08-09 09:25:44 | team | sess_d0f2df68ccd9 | INFO | [verifier2] processing 1 unread messages (steer=True)
2026-08-09 09:25:44 | team | sess_d0f2df68ccd9 | INFO | Message 1da26bbb-b983-4a1c-ae0f-3ea5a478a2b5 marked as read by verifier2
