2026-08-09 09:22:59 | team | sess_d0f2df68ccd9 | INFO | Team workspace directory ensured at /srv/jwteam_clone/shared/run_current
2026-08-09 09:22:59 | team | sess_d0f2df68ccd9 | INFO | AgentTeam manager initialized for jiuwen_team_sess_d0f2df68ccd9, member=team_leader
2026-08-09 09:22:59 | team | sess_d0f2df68ccd9 | INFO | [team_leader] TeamPolicyRail static sections: section_names=['team_role', 'team_workflow', 'team_swarmflow', 'team_lifecycle', 'team_persona']
2026-08-09 09:22:59 | team | sess_d0f2df68ccd9 | INFO | Session tables ready for session sess_d0f2df68ccd9
2026-08-09 09:22:59 | team | sess_d0f2df68ccd9 | INFO | Team database initialized
2026-08-09 09:22:59 | team | default_trace_id | INFO | Team workspace directory ensured at /srv/jwteam_clone/shared/run_current
2026-08-09 09:22:59 | team | default_trace_id | INFO | AgentTeam manager initialized for jiuwen_team_sess_d0f2df68ccd9, member=executor1
2026-08-09 09:22:59 | team | default_trace_id | INFO | [executor1] TeamPolicyRail static sections: section_names=['team_role', 'team_persona']
2026-08-09 09:22:59 | team | sess_d0f2df68ccd9 | INFO | [executor1] invoke start, role=teammate
2026-08-09 09:22:59 | team | sess_d0f2df68ccd9 | INFO | [executor1] coordination starting
2026-08-09 09:22:59 | team | sess_d0f2df68ccd9 | INFO | Session tables ready for session sess_d0f2df68ccd9
2026-08-09 09:22:59 | team | sess_d0f2df68ccd9 | INFO | Workspace /srv/jwteam_clone/shared/run_current initialized as plain shared directory (version_control disabled)
2026-08-09 09:22:59 | team | sess_d0f2df68ccd9 | INFO | EventBus[teammate] starting
2026-08-09 09:23:30 | team | sess_d0f2df68ccd9 | INFO | [executor1] HITT section refresh: human_agent_names=[]
2026-08-09 09:23:39 | team | sess_d0f2df68ccd9 | INFO | [executor1] processing 1 unread messages (steer=True)
2026-08-09 09:23:39 | team | sess_d0f2df68ccd9 | INFO | Message a30e6cd1-4bf7-4c42-a7e1-7050df700112 marked as read by executor1
2026-08-09 09:24:06 | team | sess_d0f2df68ccd9 | INFO | [executor1] processing 1 unread messages (steer=True)
2026-08-09 09:24:06 | team | sess_d0f2df68ccd9 | INFO | Message 0931036a-4f8c-4f9d-96a6-d0f80bfee890 marked as read by executor1
2026-08-09 09:24:15 | team | sess_d0f2df68ccd9 | INFO | Message ce2c446a-5ea7-4e7b-afd6-d0468e39d635 created
2026-08-09 09:24:39 | team | sess_d0f2df68ccd9 | INFO | [executor1] processing 1 unread messages (steer=True)
2026-08-09 09:24:39 | team | sess_d0f2df68ccd9 | INFO | Message c6c115b0-0641-4379-9e76-c19dc99cb36e marked as read by executor1
2026-08-09 09:24:55 | team | sess_d0f2df68ccd9 | INFO | Message 82cc7fef-4b3f-472d-a00c-177696c42563 created
2026-08-09 09:25:09 | team | sess_d0f2df68ccd9 | INFO | [executor1] processing 1 unread messages (steer=True)
2026-08-09 09:25:09 | team | sess_d0f2df68ccd9 | INFO | Message f2ffbf24-4284-489f-b926-827178772279 marked as read by executor1
2026-08-09 09:25:10 | team | sess_d0f2df68ccd9 | INFO | [executor1] processing 1 unread messages (steer=True)
2026-08-09 09:25:10 | team | sess_d0f2df68ccd9 | INFO | Message 3b1fe725-a091-404a-9b7c-883ab7afa149 marked as read by executor1
2026-08-09 09:25:16 | team | sess_d0f2df68ccd9 | INFO | Task implement_a claimed by member executor1
2026-08-09 09:25:16 | team | sess_d0f2df68ccd9 | INFO | Task implement_a claimed by member executor1
2026-08-09 09:25:39 | team | sess_d0f2df68ccd9 | INFO | Task implement_a completed at 1786263939440
2026-08-09 09:25:39 | team | sess_d0f2df68ccd9 | INFO | Message 7ea3c693-7864-48c4-b500-7338bea827fd created
2026-08-09 09:25:39 | team | sess_d0f2df68ccd9 | INFO | Resolved 1 dependencies for task implement_a
2026-08-09 09:25:39 | team | sess_d0f2df68ccd9 | INFO | Task verify unblocked (all deps resolved)
2026-08-09 09:25:39 | team | sess_d0f2df68ccd9 | INFO | Task implement_a completed
2026-08-09 09:25:39 | team | sess_d0f2df68ccd9 | INFO | Unblocked 1 tasks
2026-08-09 09:26:34 | team | sess_d0f2df68ccd9 | INFO | [executor1] processing 1 unread messages (steer=True)
2026-08-09 09:26:34 | team | sess_d0f2df68ccd9 | INFO | Message ea6833b0-acce-45f3-a078-41ccd2ab688a marked as read by executor1
