2026-08-09 09:23:04 | team | sess_d0f2df68ccd9 | INFO | Team workspace directory ensured at /srv/jwteam_clone/shared/run_current
2026-08-09 09:23:04 | team | sess_d0f2df68ccd9 | INFO | AgentTeam manager initialized for jiuwen_team_sess_d0f2df68ccd9, member=team_leader
2026-08-09 09:23:04 | team | sess_d0f2df68ccd9 | INFO | [team_leader] TeamPolicyRail static sections: section_names=['team_role', 'team_workflow', 'team_swarmflow', 'team_lifecycle', 'team_persona']
2026-08-09 09:23:04 | team | sess_d0f2df68ccd9 | INFO | Session tables ready for session sess_d0f2df68ccd9
2026-08-09 09:23:04 | team | sess_d0f2df68ccd9 | INFO | Team database initialized
2026-08-09 09:23:04 | team | default_trace_id | INFO | Team workspace directory ensured at /srv/jwteam_clone/shared/run_current
2026-08-09 09:23:04 | team | default_trace_id | INFO | AgentTeam manager initialized for jiuwen_team_sess_d0f2df68ccd9, member=fullstack1
2026-08-09 09:23:04 | team | default_trace_id | INFO | [fullstack1] TeamPolicyRail static sections: section_names=['team_role', 'team_persona']
2026-08-09 09:23:04 | team | sess_d0f2df68ccd9 | INFO | [fullstack1] invoke start, role=teammate
2026-08-09 09:23:04 | team | sess_d0f2df68ccd9 | INFO | [fullstack1] coordination starting
2026-08-09 09:23:04 | team | sess_d0f2df68ccd9 | INFO | Session tables ready for session sess_d0f2df68ccd9
2026-08-09 09:23:04 | team | sess_d0f2df68ccd9 | INFO | Workspace /srv/jwteam_clone/shared/run_current initialized as plain shared directory (version_control disabled)
2026-08-09 09:23:04 | team | sess_d0f2df68ccd9 | INFO | EventBus[teammate] starting
2026-08-09 09:23:30 | team | sess_d0f2df68ccd9 | INFO | [fullstack1] HITT section refresh: human_agent_names=[]
2026-08-09 09:23:39 | team | sess_d0f2df68ccd9 | INFO | [fullstack1] processing 1 unread messages (steer=True)
2026-08-09 09:23:39 | team | sess_d0f2df68ccd9 | INFO | Message a30e6cd1-4bf7-4c42-a7e1-7050df700112 marked as read by fullstack1
2026-08-09 09:24:10 | team | sess_d0f2df68ccd9 | INFO | Message 356ddb2b-c7fd-4aeb-8e9c-2e93b72c5ca7 created
2026-08-09 09:24:18 | team | sess_d0f2df68ccd9 | INFO | [fullstack1] processing 1 unread messages (steer=True)
2026-08-09 09:24:18 | team | sess_d0f2df68ccd9 | INFO | Message 86daf3fa-8814-4ef9-855b-134eec29a0be marked as read by fullstack1
2026-08-09 09:24:23 | team | sess_d0f2df68ccd9 | INFO | Message 2879900b-6ff6-4940-8cda-8e0b30d213e3 created
2026-08-09 09:24:49 | team | sess_d0f2df68ccd9 | INFO | [fullstack1] processing 1 unread messages (steer=True)
2026-08-09 09:24:49 | team | sess_d0f2df68ccd9 | INFO | Message cde5e95b-5f74-45f3-b1d5-cbd1724b8ee7 marked as read by fullstack1
2026-08-09 09:24:57 | team | sess_d0f2df68ccd9 | INFO | Task extract_b claimed by member fullstack1
2026-08-09 09:24:57 | team | sess_d0f2df68ccd9 | INFO | Task extract_b claimed by member fullstack1
2026-08-09 09:24:58 | team | sess_d0f2df68ccd9 | INFO | [fullstack1] processing 1 unread messages (steer=True)
2026-08-09 09:24:58 | team | sess_d0f2df68ccd9 | INFO | Message 888661be-44b4-4dd6-9124-2695b62431b7 marked as read by fullstack1
2026-08-09 09:25:11 | team | sess_d0f2df68ccd9 | INFO | Message 3b3ca349-a20a-4e9e-9a00-4e4240fbad0e created
2026-08-09 09:25:19 | team | sess_d0f2df68ccd9 | INFO | [fullstack1] processing 1 unread messages (steer=True)
2026-08-09 09:25:19 | team | sess_d0f2df68ccd9 | INFO | Message 788920f8-2266-434e-9cd2-4fd1fde51adc marked as read by fullstack1
2026-08-09 09:25:29 | team | sess_d0f2df68ccd9 | INFO | Message 2b703e96-bd5c-49d0-bf67-df9b909b8a66 created
