2026-08-09 09:22:58 | team | sess_d0f2df68ccd9 | INFO | Team workspace directory ensured at /srv/jwteam_clone/shared/run_current
2026-08-09 09:22:58 | team | sess_d0f2df68ccd9 | INFO | AgentTeam manager initialized for jiuwen_team_sess_d0f2df68ccd9, member=team_leader
2026-08-09 09:22:58 | team | sess_d0f2df68ccd9 | INFO | [team_leader] TeamPolicyRail static sections: section_names=['team_role', 'team_workflow', 'team_swarmflow', 'team_lifecycle', 'team_persona']
2026-08-09 09:22:58 | team | sess_d0f2df68ccd9 | INFO | Session tables ready for session sess_d0f2df68ccd9
2026-08-09 09:22:58 | team | sess_d0f2df68ccd9 | INFO | Team database initialized
2026-08-09 09:22:58 | team | default_trace_id | INFO | Team workspace directory ensured at /srv/jwteam_clone/shared/run_current
2026-08-09 09:22:58 | team | default_trace_id | INFO | AgentTeam manager initialized for jiuwen_team_sess_d0f2df68ccd9, member=planner2
2026-08-09 09:22:58 | team | default_trace_id | INFO | [planner2] TeamPolicyRail static sections: section_names=['team_role', 'team_persona']
2026-08-09 09:22:58 | team | sess_d0f2df68ccd9 | INFO | [planner2] invoke start, role=teammate
2026-08-09 09:22:58 | team | sess_d0f2df68ccd9 | INFO | [planner2] coordination starting
2026-08-09 09:22:58 | team | sess_d0f2df68ccd9 | INFO | Session tables ready for session sess_d0f2df68ccd9
2026-08-09 09:22:58 | team | sess_d0f2df68ccd9 | INFO | Workspace /srv/jwteam_clone/shared/run_current initialized as plain shared directory (version_control disabled)
2026-08-09 09:22:58 | team | sess_d0f2df68ccd9 | INFO | EventBus[teammate] starting
2026-08-09 09:23:30 | team | sess_d0f2df68ccd9 | INFO | [planner2] HITT section refresh: human_agent_names=[]
2026-08-09 09:23:39 | team | sess_d0f2df68ccd9 | INFO | [planner2] processing 1 unread messages (steer=True)
2026-08-09 09:23:39 | team | sess_d0f2df68ccd9 | INFO | Message a30e6cd1-4bf7-4c42-a7e1-7050df700112 marked as read by planner2
2026-08-09 09:23:42 | team | sess_d0f2df68ccd9 | INFO | Task plan claimed by member planner2
2026-08-09 09:23:42 | team | sess_d0f2df68ccd9 | INFO | Task plan claimed by member planner2
2026-08-09 09:24:06 | team | sess_d0f2df68ccd9 | INFO | Message 0931036a-4f8c-4f9d-96a6-d0f80bfee890 created
2026-08-09 09:24:06 | team | sess_d0f2df68ccd9 | INFO | Message 76da0f53-0bdb-4f17-9644-8101b803f7bf created
2026-08-09 09:24:10 | team | sess_d0f2df68ccd9 | INFO | [planner2] processing 1 unread messages (steer=True)
2026-08-09 09:24:10 | team | sess_d0f2df68ccd9 | INFO | Message 356ddb2b-c7fd-4aeb-8e9c-2e93b72c5ca7 marked as read by planner2
2026-08-09 09:24:13 | team | sess_d0f2df68ccd9 | INFO | [planner2] processing 1 unread messages (steer=True)
2026-08-09 09:24:13 | team | sess_d0f2df68ccd9 | INFO | Message 65a68b10-c917-425f-b597-15cc94d452fa marked as read by planner2
2026-08-09 09:24:15 | team | sess_d0f2df68ccd9 | INFO | [planner2] processing 1 unread messages (steer=True)
2026-08-09 09:24:15 | team | sess_d0f2df68ccd9 | INFO | Message ce2c446a-5ea7-4e7b-afd6-d0468e39d635 marked as read by planner2
2026-08-09 09:24:18 | team | sess_d0f2df68ccd9 | INFO | Message 86daf3fa-8814-4ef9-855b-134eec29a0be created
2026-08-09 09:24:20 | team | sess_d0f2df68ccd9 | INFO | [planner2] processing 1 unread messages (steer=True)
2026-08-09 09:24:20 | team | sess_d0f2df68ccd9 | INFO | Message b136aece-2275-4996-8da4-9f808bd4a249 marked as read by planner2
2026-08-09 09:24:23 | team | sess_d0f2df68ccd9 | INFO | [planner2] processing 1 unread messages (steer=True)
2026-08-09 09:24:23 | team | sess_d0f2df68ccd9 | INFO | Message 2879900b-6ff6-4940-8cda-8e0b30d213e3 marked as read by planner2
2026-08-09 09:24:39 | team | sess_d0f2df68ccd9 | INFO | Message c6c115b0-0641-4379-9e76-c19dc99cb36e created
2026-08-09 09:24:39 | team | sess_d0f2df68ccd9 | INFO | Message b5411302-9c82-46b5-b10f-41002b6a96e6 created
2026-08-09 09:24:49 | team | sess_d0f2df68ccd9 | INFO | Message cde5e95b-5f74-45f3-b1d5-cbd1724b8ee7 created
2026-08-09 09:24:49 | team | sess_d0f2df68ccd9 | INFO | Message e1f86653-5655-4782-87c7-da4310f869ce created
2026-08-09 09:24:53 | team | sess_d0f2df68ccd9 | INFO | Task plan completed at 1786263893419
2026-08-09 09:24:53 | team | sess_d0f2df68ccd9 | INFO | Resolved 2 dependencies for task plan
2026-08-09 09:24:53 | team | sess_d0f2df68ccd9 | INFO | Task extract_b unblocked (all deps resolved)
2026-08-09 09:24:53 | team | sess_d0f2df68ccd9 | INFO | Task plan completed
2026-08-09 09:24:53 | team | sess_d0f2df68ccd9 | INFO | Unblocked 1 tasks
2026-08-09 09:24:54 | team | sess_d0f2df68ccd9 | INFO | [planner2] processing 1 unread messages (steer=True)
2026-08-09 09:24:54 | team | sess_d0f2df68ccd9 | INFO | Message 4f1a1bf1-c44c-428b-9036-0984943a1ba3 marked as read by planner2
2026-08-09 09:24:55 | team | sess_d0f2df68ccd9 | INFO | [planner2] processing 1 unread messages (steer=True)
2026-08-09 09:24:55 | team | sess_d0f2df68ccd9 | INFO | Message 82cc7fef-4b3f-472d-a00c-177696c42563 marked as read by planner2
2026-08-09 09:25:00 | team | sess_d0f2df68ccd9 | INFO | Message c8b52f65-9b50-4cd5-a526-236fcb737c27 created
2026-08-09 09:25:00 | team | sess_d0f2df68ccd9 | INFO | [planner2] processing 1 unread messages (steer=True)
2026-08-09 09:25:00 | team | sess_d0f2df68ccd9 | INFO | Message 056d9278-5e9c-4503-9bdd-5d4f75487847 marked as read by planner2
2026-08-09 09:25:10 | team | sess_d0f2df68ccd9 | INFO | Message 3b1fe725-a091-404a-9b7c-883ab7afa149 created
2026-08-09 09:25:10 | team | sess_d0f2df68ccd9 | INFO | Message 1729d475-1e3d-4c33-8cf2-c52109cf7d44 created
2026-08-09 09:25:14 | team | sess_d0f2df68ccd9 | INFO | Message ee534768-bdcf-4858-95b8-a6451a9adedc created
2026-08-09 09:25:17 | team | sess_d0f2df68ccd9 | INFO | [planner2] processing 1 unread messages (steer=True)
2026-08-09 09:25:17 | team | sess_d0f2df68ccd9 | INFO | Message e83c0da7-fe31-4184-9364-725fbd8aef06 marked as read by planner2
2026-08-09 09:25:25 | team | sess_d0f2df68ccd9 | INFO | [planner2] processing 1 unread messages (steer=True)
2026-08-09 09:25:25 | team | sess_d0f2df68ccd9 | INFO | Message 6bdba1fb-a8cd-4249-bbea-89d9ffb54933 marked as read by planner2
2026-08-09 09:25:27 | team | sess_d0f2df68ccd9 | INFO | Message 617d7b75-2642-4311-bf95-f9a39574843d created
2026-08-09 09:25:34 | team | sess_d0f2df68ccd9 | INFO | Message f338f74b-c5b4-426e-a9a7-48a7591a4d93 created
