2026-08-09 09:23:01 | team | sess_d0f2df68ccd9 | INFO | Team workspace directory ensured at /srv/jwteam_clone/shared/run_current
2026-08-09 09:23:01 | team | sess_d0f2df68ccd9 | INFO | AgentTeam manager initialized for jiuwen_team_sess_d0f2df68ccd9, member=team_leader
2026-08-09 09:23:01 | team | sess_d0f2df68ccd9 | INFO | [team_leader] TeamPolicyRail static sections: section_names=['team_role', 'team_workflow', 'team_swarmflow', 'team_lifecycle', 'team_persona']
2026-08-09 09:23:01 | team | sess_d0f2df68ccd9 | INFO | Session tables ready for session sess_d0f2df68ccd9
2026-08-09 09:23:01 | team | sess_d0f2df68ccd9 | INFO | Team database initialized
2026-08-09 09:23:01 | team | default_trace_id | INFO | Team workspace directory ensured at /srv/jwteam_clone/shared/run_current
2026-08-09 09:23:01 | team | default_trace_id | INFO | AgentTeam manager initialized for jiuwen_team_sess_d0f2df68ccd9, member=executor3
2026-08-09 09:23:01 | team | default_trace_id | INFO | [executor3] TeamPolicyRail static sections: section_names=['team_role', 'team_persona']
2026-08-09 09:23:01 | team | sess_d0f2df68ccd9 | INFO | [executor3] invoke start, role=teammate
2026-08-09 09:23:01 | team | sess_d0f2df68ccd9 | INFO | [executor3] coordination starting
2026-08-09 09:23:01 | team | sess_d0f2df68ccd9 | INFO | Session tables ready for session sess_d0f2df68ccd9
2026-08-09 09:23:01 | team | sess_d0f2df68ccd9 | INFO | Workspace /srv/jwteam_clone/shared/run_current initialized as plain shared directory (version_control disabled)
2026-08-09 09:23:01 | team | sess_d0f2df68ccd9 | INFO | EventBus[teammate] starting
2026-08-09 09:23:30 | team | sess_d0f2df68ccd9 | INFO | [executor3] HITT section refresh: human_agent_names=[]
2026-08-09 09:23:39 | team | sess_d0f2df68ccd9 | INFO | [executor3] processing 1 unread messages (steer=True)
2026-08-09 09:23:39 | team | sess_d0f2df68ccd9 | INFO | Message a30e6cd1-4bf7-4c42-a7e1-7050df700112 marked as read by executor3
2026-08-09 09:23:54 | team | sess_d0f2df68ccd9 | INFO | Message 779feaf9-2f39-466e-ab56-eb3f215148f3 created
2026-08-09 09:24:06 | team | sess_d0f2df68ccd9 | INFO | [executor3] processing 1 unread messages (steer=True)
2026-08-09 09:24:06 | team | sess_d0f2df68ccd9 | INFO | Message 76da0f53-0bdb-4f17-9644-8101b803f7bf marked as read by executor3
2026-08-09 09:24:08 | team | sess_d0f2df68ccd9 | INFO | [executor3] processing 1 unread messages (steer=True)
2026-08-09 09:24:08 | team | sess_d0f2df68ccd9 | INFO | Message d27a5284-9a6d-430e-b2c1-c6fd610c982d marked as read by executor3
2026-08-09 09:24:13 | team | sess_d0f2df68ccd9 | INFO | Message 65a68b10-c917-425f-b597-15cc94d452fa created
2026-08-09 09:24:39 | team | sess_d0f2df68ccd9 | INFO | [executor3] processing 1 unread messages (steer=True)
2026-08-09 09:24:39 | team | sess_d0f2df68ccd9 | INFO | Message b5411302-9c82-46b5-b10f-41002b6a96e6 marked as read by executor3
2026-08-09 09:24:54 | team | sess_d0f2df68ccd9 | INFO | Message 4f1a1bf1-c44c-428b-9036-0984943a1ba3 created
2026-08-09 09:24:58 | team | sess_d0f2df68ccd9 | INFO | Task extract_b claimed by member executor3
2026-08-09 09:24:58 | team | sess_d0f2df68ccd9 | INFO | Task extract_b claimed by member executor3
2026-08-09 09:24:58 | team | sess_d0f2df68ccd9 | INFO | [executor3] received TASK_CLAIMED for self, task_id=extract_b, human_agent=False
2026-08-09 09:25:09 | team | sess_d0f2df68ccd9 | INFO | Message f2ffbf24-4284-489f-b926-827178772279 created
2026-08-09 09:25:10 | team | sess_d0f2df68ccd9 | INFO | [executor3] processing 1 unread messages (steer=True)
2026-08-09 09:25:10 | team | sess_d0f2df68ccd9 | INFO | Message 1729d475-1e3d-4c33-8cf2-c52109cf7d44 marked as read by executor3
2026-08-09 09:25:11 | team | sess_d0f2df68ccd9 | INFO | Task extract_b completed at 1786263911647
2026-08-09 09:25:11 | team | sess_d0f2df68ccd9 | INFO | Resolved 1 dependencies for task extract_b
2026-08-09 09:25:11 | team | sess_d0f2df68ccd9 | INFO | Task implement_a unblocked (all deps resolved)
2026-08-09 09:25:11 | team | sess_d0f2df68ccd9 | INFO | Task extract_b completed
2026-08-09 09:25:11 | team | sess_d0f2df68ccd9 | INFO | Unblocked 1 tasks
2026-08-09 09:25:17 | team | sess_d0f2df68ccd9 | INFO | Message e83c0da7-fe31-4184-9364-725fbd8aef06 created
2026-08-09 09:25:27 | team | sess_d0f2df68ccd9 | INFO | [executor3] processing 1 unread messages (steer=True)
2026-08-09 09:25:27 | team | sess_d0f2df68ccd9 | INFO | Message 617d7b75-2642-4311-bf95-f9a39574843d marked as read by executor3
