2026-08-09 09:22:57 | team | sess_d0f2df68ccd9 | INFO | Team workspace directory ensured at /srv/jwteam_clone/shared/run_current
2026-08-09 09:22:57 | team | sess_d0f2df68ccd9 | INFO | AgentTeam manager initialized for jiuwen_team_sess_d0f2df68ccd9, member=team_leader
2026-08-09 09:22:57 | team | sess_d0f2df68ccd9 | INFO | [team_leader] TeamPolicyRail static sections: section_names=['team_role', 'team_workflow', 'team_swarmflow', 'team_lifecycle', 'team_persona']
2026-08-09 09:22:57 | team | sess_d0f2df68ccd9 | INFO | Session tables ready for session sess_d0f2df68ccd9
2026-08-09 09:22:57 | team | sess_d0f2df68ccd9 | INFO | Team database initialized
2026-08-09 09:22:57 | team | default_trace_id | INFO | Team workspace directory ensured at /srv/jwteam_clone/shared/run_current
2026-08-09 09:22:57 | team | default_trace_id | INFO | AgentTeam manager initialized for jiuwen_team_sess_d0f2df68ccd9, member=planner1
2026-08-09 09:22:57 | team | default_trace_id | INFO | [planner1] TeamPolicyRail static sections: section_names=['team_role', 'team_persona']
2026-08-09 09:22:57 | team | sess_d0f2df68ccd9 | INFO | [planner1] invoke start, role=teammate
2026-08-09 09:22:57 | team | sess_d0f2df68ccd9 | INFO | [planner1] coordination starting
2026-08-09 09:22:57 | team | sess_d0f2df68ccd9 | INFO | Session tables ready for session sess_d0f2df68ccd9
2026-08-09 09:22:57 | team | sess_d0f2df68ccd9 | INFO | Workspace /srv/jwteam_clone/shared/run_current initialized as plain shared directory (version_control disabled)
2026-08-09 09:22:57 | team | sess_d0f2df68ccd9 | INFO | EventBus[teammate] starting
2026-08-09 09:23:30 | team | sess_d0f2df68ccd9 | INFO | [planner1] HITT section refresh: human_agent_names=[]
2026-08-09 09:23:39 | team | sess_d0f2df68ccd9 | INFO | [planner1] processing 1 unread messages (steer=True)
2026-08-09 09:23:39 | team | sess_d0f2df68ccd9 | INFO | Message a30e6cd1-4bf7-4c42-a7e1-7050df700112 marked as read by planner1
2026-08-09 09:24:20 | team | sess_d0f2df68ccd9 | INFO | Message b136aece-2275-4996-8da4-9f808bd4a249 created
2026-08-09 09:24:49 | team | sess_d0f2df68ccd9 | INFO | [planner1] processing 1 unread messages (steer=True)
2026-08-09 09:24:49 | team | sess_d0f2df68ccd9 | INFO | Message e1f86653-5655-4782-87c7-da4310f869ce marked as read by planner1
2026-08-09 09:25:00 | team | sess_d0f2df68ccd9 | INFO | Message 056d9278-5e9c-4503-9bdd-5d4f75487847 created
2026-08-09 09:25:14 | team | sess_d0f2df68ccd9 | INFO | [planner1] processing 1 unread messages (steer=True)
2026-08-09 09:25:14 | team | sess_d0f2df68ccd9 | INFO | Message ee534768-bdcf-4858-95b8-a6451a9adedc marked as read by planner1
2026-08-09 09:25:25 | team | sess_d0f2df68ccd9 | INFO | Message 6bdba1fb-a8cd-4249-bbea-89d9ffb54933 created
2026-08-09 09:25:34 | team | sess_d0f2df68ccd9 | INFO | [planner1] processing 1 unread messages (steer=True)
2026-08-09 09:25:34 | team | sess_d0f2df68ccd9 | INFO | Message f338f74b-c5b4-426e-a9a7-48a7591a4d93 marked as read by planner1
