2026-08-08 00:30:56 | team | sess_4a2da6204be4 | INFO | Team workspace directory ensured at /srv/jwteam_clone/shared/run_current
2026-08-08 00:30:56 | team | sess_4a2da6204be4 | INFO | AgentTeam manager initialized for jiuwen_team_sess_4a2da6204be4, member=team_leader
2026-08-08 00:30:56 | team | sess_4a2da6204be4 | INFO | [team_leader] TeamPolicyRail static sections: section_names=['team_role', 'team_workflow', 'team_swarmflow', 'team_lifecycle', 'team_persona']
2026-08-08 00:30:56 | team | sess_4a2da6204be4 | INFO | Session tables ready for session sess_4a2da6204be4
2026-08-08 00:30:56 | team | sess_4a2da6204be4 | INFO | Team database initialized
2026-08-08 00:30:56 | team | default_trace_id | INFO | Team workspace directory ensured at /srv/jwteam_clone/shared/run_current
2026-08-08 00:30:56 | team | default_trace_id | INFO | AgentTeam manager initialized for jiuwen_team_sess_4a2da6204be4, member=planner1
2026-08-08 00:30:56 | team | default_trace_id | INFO | [planner1] TeamPolicyRail static sections: section_names=['team_role', 'team_persona']
2026-08-08 00:30:56 | team | sess_4a2da6204be4 | INFO | [planner1] invoke start, role=teammate
2026-08-08 00:30:56 | team | sess_4a2da6204be4 | INFO | [planner1] coordination starting
2026-08-08 00:30:56 | team | sess_4a2da6204be4 | INFO | Session tables ready for session sess_4a2da6204be4
2026-08-08 00:30:56 | team | sess_4a2da6204be4 | INFO | Workspace /srv/jwteam_clone/shared/run_current initialized as plain shared directory (version_control disabled)
2026-08-08 00:30:56 | team | sess_4a2da6204be4 | INFO | EventBus[teammate] starting
2026-08-08 00:31:19 | team | sess_4a2da6204be4 | INFO | [planner1] HITT section refresh: human_agent_names=[]
2026-08-08 00:31:28 | team | sess_4a2da6204be4 | INFO | [planner1] processing 1 unread messages (steer=True)
2026-08-08 00:31:28 | team | sess_4a2da6204be4 | INFO | Message 66773b4d-1e03-46bc-b373-41592b8dc824 marked as read by planner1
2026-08-08 00:31:35 | team | sess_4a2da6204be4 | INFO | Message 323b6f9b-e449-475c-9ebd-0e37472ce3c6 created
2026-08-08 00:31:57 | team | sess_4a2da6204be4 | INFO | Message d57f2dbe-e7de-4412-84d7-9d65d8d79d49 created
2026-08-08 00:32:03 | team | sess_4a2da6204be4 | INFO | [planner1] processing 1 unread messages (steer=True)
2026-08-08 00:32:03 | team | sess_4a2da6204be4 | INFO | Message 6ce70c44-eb69-4fa5-baab-79edaed7fc40 marked as read by planner1
2026-08-08 00:32:03 | team | sess_4a2da6204be4 | INFO | Message 6115b669-d430-4140-bc07-96e94ccea901 created
2026-08-08 00:32:12 | team | sess_4a2da6204be4 | INFO | Message ee4aa738-49d1-4bce-ad20-d43b5fb08575 created
2026-08-08 00:33:35 | team | sess_4a2da6204be4 | INFO | task list drained for team jiuwen_team_sess_4a2da6204be4: 3 terminal task(s)
2026-08-08 00:33:49 | team | sess_4a2da6204be4 | INFO | [planner1] processing 1 unread messages (steer=True)
2026-08-08 00:33:49 | team | sess_4a2da6204be4 | INFO | Message 748401b9-1476-45ad-a715-0edb53491ea8 marked as read by planner1
2026-08-08 00:34:00 | team | sess_4a2da6204be4 | INFO | team jiuwen_team_sess_4a2da6204be4 reported completed: 9 members, 3 tasks
2026-08-08 00:34:01 | team | sess_4a2da6204be4 | INFO | [planner1] received TEAM_STANDBY, pausing polls
2026-08-08 00:34:01 | team | sess_4a2da6204be4 | INFO | EventBus[teammate] pausing polls
