2026-08-08 00:31:01 | team | sess_4a2da6204be4 | INFO | Team workspace directory ensured at /srv/jwteam_clone/shared/run_current
2026-08-08 00:31:01 | team | sess_4a2da6204be4 | INFO | AgentTeam manager initialized for jiuwen_team_sess_4a2da6204be4, member=team_leader
2026-08-08 00:31:01 | team | sess_4a2da6204be4 | INFO | [team_leader] TeamPolicyRail static sections: section_names=['team_role', 'team_workflow', 'team_swarmflow', 'team_lifecycle', 'team_persona']
2026-08-08 00:31:01 | team | sess_4a2da6204be4 | INFO | Session tables ready for session sess_4a2da6204be4
2026-08-08 00:31:01 | team | sess_4a2da6204be4 | INFO | Team database initialized
2026-08-08 00:31:01 | team | default_trace_id | INFO | Team workspace directory ensured at /srv/jwteam_clone/shared/run_current
2026-08-08 00:31:01 | team | default_trace_id | INFO | AgentTeam manager initialized for jiuwen_team_sess_4a2da6204be4, member=verifier1
2026-08-08 00:31:01 | team | default_trace_id | INFO | [verifier1] TeamPolicyRail static sections: section_names=['team_role', 'team_persona']
2026-08-08 00:31:01 | team | sess_4a2da6204be4 | INFO | [verifier1] invoke start, role=teammate
2026-08-08 00:31:01 | team | sess_4a2da6204be4 | INFO | [verifier1] coordination starting
2026-08-08 00:31:01 | team | sess_4a2da6204be4 | INFO | Session tables ready for session sess_4a2da6204be4
2026-08-08 00:31:01 | team | sess_4a2da6204be4 | INFO | Workspace /srv/jwteam_clone/shared/run_current initialized as plain shared directory (version_control disabled)
2026-08-08 00:31:01 | team | sess_4a2da6204be4 | INFO | EventBus[teammate] starting
2026-08-08 00:31:19 | team | sess_4a2da6204be4 | INFO | [verifier1] HITT section refresh: human_agent_names=[]
2026-08-08 00:31:28 | team | sess_4a2da6204be4 | INFO | [verifier1] processing 1 unread messages (steer=True)
2026-08-08 00:31:28 | team | sess_4a2da6204be4 | INFO | Message 66773b4d-1e03-46bc-b373-41592b8dc824 marked as read by verifier1
2026-08-08 00:32:52 | team | sess_4a2da6204be4 | INFO | [verifier1] processing 1 unread messages (steer=True)
2026-08-08 00:32:52 | team | sess_4a2da6204be4 | INFO | Message 6f56c0e7-4f4d-4cbd-893a-85c4fe055b29 marked as read by verifier1
2026-08-08 00:32:57 | team | sess_4a2da6204be4 | INFO | Task verify claimed by member verifier1
2026-08-08 00:32:57 | team | sess_4a2da6204be4 | INFO | Task verify claimed by member verifier1
2026-08-08 00:33:03 | team | sess_4a2da6204be4 | INFO | [verifier1] processing 1 unread messages (steer=True)
2026-08-08 00:33:03 | team | sess_4a2da6204be4 | INFO | Message ac4d646c-1dd4-410c-93d7-8e5f8aba9b4d marked as read by verifier1
2026-08-08 00:33:05 | team | sess_4a2da6204be4 | INFO | [verifier1] processing 1 unread messages (steer=True)
2026-08-08 00:33:05 | team | sess_4a2da6204be4 | INFO | Message c55ecaed-c452-4951-80be-ae13ec1d2c80 marked as read by verifier1
2026-08-08 00:33:35 | team | sess_4a2da6204be4 | INFO | Task verify completed at 1786145615236
2026-08-08 00:33:35 | team | sess_4a2da6204be4 | INFO | Message 72a67a2d-6257-44a0-bbb3-8eae66638211 created
2026-08-08 00:33:35 | team | sess_4a2da6204be4 | INFO | Task verify completed
2026-08-08 00:33:49 | team | sess_4a2da6204be4 | INFO | [verifier1] processing 1 unread messages (steer=True)
2026-08-08 00:33:49 | team | sess_4a2da6204be4 | INFO | Message 748401b9-1476-45ad-a715-0edb53491ea8 marked as read by verifier1
2026-08-08 00:34:00 | team | sess_4a2da6204be4 | INFO | team jiuwen_team_sess_4a2da6204be4 reported completed: 9 members, 3 tasks
2026-08-08 00:34:01 | team | sess_4a2da6204be4 | INFO | [verifier1] received TEAM_STANDBY, pausing polls
2026-08-08 00:34:01 | team | sess_4a2da6204be4 | INFO | EventBus[teammate] pausing polls
